Archive member included to satisfy reference by file (symbol)

.\CortexM3\ARM_GCC_541\Debug\ComparacionDiferencial.a(TIA_p.o)
                              .\CortexM3\ARM_GCC_541\Debug\main.o (TIA_p_Start)
.\CortexM3\ARM_GCC_541\Debug\ComparacionDiferencial.a(TIA_n.o)
                              .\CortexM3\ARM_GCC_541\Debug\main.o (TIA_n_Start)
.\CortexM3\ARM_GCC_541\Debug\ComparacionDiferencial.a(Filter.o)
                              .\CortexM3\ARM_GCC_541\Debug\main.o (Filter_Start)
.\CortexM3\ARM_GCC_541\Debug\ComparacionDiferencial.a(Filter_PVT.o)
                              .\CortexM3\ARM_GCC_541\Debug\ComparacionDiferencial.a(Filter.o) (Filter_SetInterruptMode)
.\CortexM3\ARM_GCC_541\Debug\ComparacionDiferencial.a(Filter_RAM_Data.o)
                              .\CortexM3\ARM_GCC_541\Debug\ComparacionDiferencial.a(Filter.o) (Filter_cfsm)
.\CortexM3\ARM_GCC_541\Debug\ComparacionDiferencial.a(CyLib.o)
                              .\CortexM3\ARM_GCC_541\Debug\Cm3Start.o (CyHalt)
.\CortexM3\ARM_GCC_541\Debug\ComparacionDiferencial.a(cyPm.o)
                              .\CortexM3\ARM_GCC_541\Debug\ComparacionDiferencial.a(CyLib.o) (CyPmReadStatus)
.\CortexM3\ARM_GCC_541\Debug\ComparacionDiferencial.a(ADC_DelSig.o)
                              .\CortexM3\ARM_GCC_541\Debug\main.o (ADC_DelSig_Start)
.\CortexM3\ARM_GCC_541\Debug\ComparacionDiferencial.a(ADC_DelSig_INT.o)
                              .\CortexM3\ARM_GCC_541\Debug\ComparacionDiferencial.a(ADC_DelSig.o) (ADC_DelSig_ISR1)
.\CortexM3\ARM_GCC_541\Debug\ComparacionDiferencial.a(isr_DelSig.o)
                              .\CortexM3\ARM_GCC_541\Debug\main.o (isr_DelSig_StartEx)
.\CortexM3\ARM_GCC_541\Debug\ComparacionDiferencial.a(ADC_DelSig_Ext_CP_Clk.o)
                              .\CortexM3\ARM_GCC_541\Debug\ComparacionDiferencial.a(ADC_DelSig.o) (ADC_DelSig_Ext_CP_Clk_SetModeRegister)
.\CortexM3\ARM_GCC_541\Debug\ComparacionDiferencial.a(ADC_DelSig_theACLK.o)
                              .\CortexM3\ARM_GCC_541\Debug\ComparacionDiferencial.a(ADC_DelSig.o) (ADC_DelSig_theACLK_SetModeRegister)
.\CortexM3\ARM_GCC_541\Debug\ComparacionDiferencial.a(UART_PC.o)
                              .\CortexM3\ARM_GCC_541\Debug\main.o (UART_PC_Start)
.\CortexM3\ARM_GCC_541\Debug\ComparacionDiferencial.a(UART_PC_IntClock.o)
                              .\CortexM3\ARM_GCC_541\Debug\ComparacionDiferencial.a(UART_PC.o) (UART_PC_IntClock_Start)
.\CortexM3\ARM_GCC_541\Debug\ComparacionDiferencial.a(isr_Filter.o)
                              .\CortexM3\ARM_GCC_541\Debug\main.o (isr_Filter_StartEx)
.\CortexM3\ARM_GCC_541\Debug\ComparacionDiferencial.a(PGA_p.o)
                              .\CortexM3\ARM_GCC_541\Debug\main.o (PGA_p_Start)
.\CortexM3\ARM_GCC_541\Debug\ComparacionDiferencial.a(PGA_n.o)
                              .\CortexM3\ARM_GCC_541\Debug\main.o (PGA_n_Start)
.\CortexM3\ARM_GCC_541\Debug\ComparacionDiferencial.a(OpaDiff_p.o)
                              .\CortexM3\ARM_GCC_541\Debug\main.o (OpaDiff_p_Start)
.\CortexM3\ARM_GCC_541\Debug\ComparacionDiferencial.a(OpaDiff_n.o)
                              .\CortexM3\ARM_GCC_541\Debug\main.o (OpaDiff_n_Start)
.\CortexM3\ARM_GCC_541\Debug\ComparacionDiferencial.a(OpaBuffer_p.o)
                              .\CortexM3\ARM_GCC_541\Debug\main.o (OpaBuffer_p_Start)
.\CortexM3\ARM_GCC_541\Debug\ComparacionDiferencial.a(OpaBuffer_n.o)
                              .\CortexM3\ARM_GCC_541\Debug\main.o (OpaBuffer_n_Start)
.\CortexM3\ARM_GCC_541\Debug\ComparacionDiferencial.a(CyBootAsmGnu.o)
                              .\CortexM3\ARM_GCC_541\Debug\cyfitter_cfg.o (CyDelayCycles)
.\CortexM3\ARM_GCC_541\Debug\ComparacionDiferencial.a(CyFlash.o)
                              .\CortexM3\ARM_GCC_541\Debug\ComparacionDiferencial.a(cyPm.o) (CyFlash_SetWaitCycles)
.\CortexM3\ARM_GCC_541\Debug\ComparacionDiferencial.a(CySpc.o)
                              .\CortexM3\ARM_GCC_541\Debug\ComparacionDiferencial.a(CyFlash.o) (CySpcStart)
c:/program files (x86)/cypress/psoc creator/4.4/psoc creator/import/gnu/arm/5.4.1/bin/../lib/gcc/arm-none-eabi/5.4.1/armv7-m\libgcc.a(_arm_addsubdf3.o)
                              .\CortexM3\ARM_GCC_541\Debug\ComparacionDiferencial.a(ADC_DelSig.o) (__aeabi_f2d)
c:/program files (x86)/cypress/psoc creator/4.4/psoc creator/import/gnu/arm/5.4.1/bin/../lib/gcc/arm-none-eabi/5.4.1/armv7-m\libgcc.a(_arm_cmpdf2.o)
                              .\CortexM3\ARM_GCC_541\Debug\ComparacionDiferencial.a(ADC_DelSig.o) (__aeabi_dcmpgt)
c:/program files (x86)/cypress/psoc creator/4.4/psoc creator/import/gnu/arm/5.4.1/bin/../lib/gcc/arm-none-eabi/5.4.1/armv7-m\libgcc.a(_arm_addsubsf3.o)
                              .\CortexM3\ARM_GCC_541\Debug\ComparacionDiferencial.a(ADC_DelSig.o) (__aeabi_ui2f)
c:/program files (x86)/cypress/psoc creator/4.4/psoc creator/import/gnu/arm/5.4.1/bin/../lib/gcc/arm-none-eabi/5.4.1/armv7-m\libgcc.a(_arm_muldivsf3.o)
[...]
Memory Configuration

Name             Origin             Length             Attributes
rom              0x00000000         0x00040000         xr
ram              0x1fff8000         0x00010000         xrw
*default*        0x00000000         0xffffffff

Linker script and memory map

LOAD c:/program files (x86)/cypress/psoc creator/4.4/psoc creator/import/gnu/arm/5.4.1/bin/../lib/gcc/arm-none-eabi/5.4.1/armv7-m/crti.o
LOAD c:/program files (x86)/cypress/psoc creator/4.4/psoc creator/import/gnu/arm/5.4.1/bin/../lib/gcc/arm-none-eabi/5.4.1/armv7-m/crtbegin.o
LOAD c:/program files (x86)/cypress/psoc creator/4.4/psoc creator/import/gnu/arm/5.4.1/bin/../lib/gcc/arm-none-eabi/5.4.1/../../../../arm-none-eabi/lib/armv7-m/crt0.o
START GROUP
LOAD .\CortexM3\ARM_GCC_541\Debug\main.o
LOAD .\CortexM3\ARM_GCC_541\Debug\AnalogToDigital.o
LOAD .\CortexM3\ARM_GCC_541\Debug\buffers.o
LOAD .\CortexM3\ARM_GCC_541\Debug\Communication.o
LOAD .\CortexM3\ARM_GCC_541\Debug\isr_handlers.o
LOAD .\CortexM3\ARM_GCC_541\Debug\tb_buffers.o
LOAD .\CortexM3\ARM_GCC_541\Debug\TestBench.o
LOAD .\CortexM3\ARM_GCC_541\Debug\debug.o
LOAD .\CortexM3\ARM_GCC_541\Debug\cyfitter_cfg.o
LOAD .\CortexM3\ARM_GCC_541\Debug\cymetadata.o
LOAD .\CortexM3\ARM_GCC_541\Debug\Cm3Start.o
LOAD .\CortexM3\ARM_GCC_541\Debug\ComparacionDiferencial.a
LOAD C:\Program Files (x86)\Cypress\PSoC Creator\4.4\PSoC Creator\psoc\content\cycomponentlibrary\CyComponentLibrary.cylib\CortexM3\ARM_GCC_541\Debug\CyComponentLibrary.a
END GROUP
START GROUP
LOAD c:/program files (x86)/cypress/psoc creator/4.4/psoc creator/import/gnu/arm/5.4.1/bin/../lib/gcc/arm-none-eabi/5.4.1/armv7-m\libgcc.a
LOAD c:/program files (x86)/cypress/psoc creator/4.4/psoc creator/import/gnu/arm/5.4.1/bin/../lib/gcc/arm-none-eabi/5.4.1/../../../../arm-none-eabi/lib/armv7-m\libg_nano.a
LOAD c:/program files (x86)/cypress/psoc creator/4.4/psoc creator/import/gnu/arm/5.4.1/bin/../lib/gcc/arm-none-eabi/5.4.1/../../../../arm-none-eabi/lib/armv7-m\libc_nano.a
END GROUP
START GROUP
LOAD c:/program files (x86)/cypress/psoc creator/4.4/psoc creator/import/gnu/arm/5.4.1/bin/../lib/gcc/arm-none-eabi/5.4.1/armv7-m\libgcc.a
LOAD c:/program files (x86)/cypress/psoc creator/4.4/psoc creator/import/gnu/arm/5.4.1/bin/../lib/gcc/arm-none-eabi/5.4.1/../../../../arm-none-eabi/lib/armv7-m\libc_nano.a
END GROUP
LOAD c:/program files (x86)/cypress/psoc creator/4.4/psoc creator/import/gnu/arm/5.4.1/bin/../lib/gcc/arm-none-eabi/5.4.1/armv7-m/crtend.o
LOAD c:/program files (x86)/cypress/psoc creator/4.4/psoc creator/import/gnu/arm/5.4.1/bin/../lib/gcc/arm-none-eabi/5.4.1/armv7-m/crtn.o
START GROUP
LOAD c:/program files (x86)/cypress/psoc creator/4.4/psoc creator/import/gnu/arm/5.4.1/bin/../lib/gcc/arm-none-eabi/5.4.1/armv7-m\libgcc.a
LOAD c:/program files (x86)/cypress/psoc creator/4.4/psoc creator/import/gnu/arm/5.4.1/bin/../lib/gcc/arm-none-eabi/5.4.1/../../../../arm-none-eabi/lib/armv7-m\libc.a
LOAD c:/program files (x86)/cypress/psoc creator/4.4/psoc creator/import/gnu/arm/5.4.1/bin/../lib/gcc/arm-none-eabi/5.4.1/../../../../arm-none-eabi/lib/armv7-m\libnosys.a
END GROUP
                0x00000000                CY_APPL_ORIGIN = 0x0
                0x00000100                CY_FLASH_ROW_SIZE = 0x100
                0x00000020                CY_ECC_ROW_SIZE = 0x20
                0x00000000                CY_EE_IN_BTLDR = 0x0
                0x00000000                CY_APPL_LOADABLE = 0x0
                0x00000800                CY_EE_SIZE = 0x800
                0x00000001                CY_APPL_NUM = 0x1
                0x00000001                CY_APPL_MAX = 0x1
                0x00000040                CY_METADATA_SIZE = 0x40
                0x00000000                CY_APPL_LOADABLE = 0x0
                0x00000000                CY_CHECKSUM_EXCLUDE_SIZE = ALIGN (0x0, CY_FLASH_ROW_SIZE)
                [!provide]                PROVIDE (__cy_heap_start, _end)
                0x00000001                PROVIDE (__cy_region_num, ((__cy_regions_end - __cy_regions) / 0x10))
                0x20008000                PROVIDE (__cy_stack, (ORIGIN (ram) + LENGTH (ram)))
                [!provide]                PROVIDE (__cy_heap_end, (__cy_stack - 0x800))

.cybootloader   0x00000000        0x0
 *(.cybootloader)
                0x00000000                appl1_start = CY_APPL_ORIGIN?CY_APPL_ORIGIN:ALIGN (CY_FLASH_ROW_SIZE)
                0x0001ff00                appl2_start = (appl1_start + ALIGN ((((LENGTH (rom) - appl1_start) - (0x2 * CY_FLASH_ROW_SIZE)) / 0x2), CY_FLASH_ROW_SIZE))
                0x00000000                appl_start = (CY_APPL_NUM == 0x1)?appl1_start:appl2_start
                0x00000000                ecc_offset = ((appl_start / CY_FLASH_ROW_SIZE) * CY_ECC_ROW_SIZE)
                0x00000000                ee_offset = (CY_APPL_LOADABLE && ! (CY_EE_IN_BTLDR))?((CY_EE_SIZE / CY_APPL_MAX) * (CY_APPL_NUM - 0x1)):0x0
                0x00000800                ee_size = (CY_APPL_LOADABLE && ! (CY_EE_IN_BTLDR))?(CY_EE_SIZE / CY_APPL_MAX):CY_EE_SIZE
                [!provide]                PROVIDE (CY_ECC_OFFSET, ecc_offset)

.text           0x00000000     0x15be
 CREATE_OBJECT_SYMBOLS
                0x00000000                PROVIDE (__cy_interrupt_vector, RomVectors)
 *(.romvectors)
 .romvectors    0x00000000       0x10 .\CortexM3\ARM_GCC_541\Debug\Cm3Start.o
                0x00000000                RomVectors
                0x00000001                ASSERT ((. != __cy_interrupt_vector), No interrupt vector)
                0x00000001                ASSERT (CY_APPL_ORIGIN?(SIZEOF (.cybootloader) <= CY_APPL_ORIGIN):0x1, Wrong image location)
                0x00000010                PROVIDE (__cy_reset, Reset)
 *(.text.Reset)
 .text.Reset    0x00000010       0x18 .\CortexM3\ARM_GCC_541\Debug\Cm3Start.o
                0x00000010                Reset
                0x00000001                ASSERT ((. != __cy_reset), No reset code)
 *(.dma_init)
                0x00000001                ASSERT ((((appl_start + .) <= 0x10000) || 0x1), DMA Init must be within the first 64k of flash)
 *(.text .text.* .gnu.linkonce.t.*)
 .text          0x00000028       0x5c c:/program files (x86)/cypress/psoc creator/4.4/psoc creator/import/gnu/arm/5.4.1/bin/../lib/gcc/arm-none-eabi/5.4.1/armv7-m/crtbegin.o
 .text.isr_DelSigReady
                0x00000084       0x18 .\CortexM3\ARM_GCC_541\Debug\main.o
                0x00000084                isr_DelSigReady
 .text.isr_FilterReady
                0x0000009c       0x20 .\CortexM3\ARM_GCC_541\Debug\main.o
                0x0000009c                isr_FilterReady
 .text.main     0x000000bc       0xe4 .\CortexM3\ARM_GCC_541\Debug\main.o
                0x000000bc                main
 .text.CyClockStartupError
                0x000001a0        0x4 .\CortexM3\ARM_GCC_541\Debug\cyfitter_cfg.o
 .text.cfg_write_bytes32
                0x000001a4       0x34 .\CortexM3\ARM_GCC_541\Debug\cyfitter_cfg.o
 .text.AnalogSetDefault
                0x000001d8       0xe4 .\CortexM3\ARM_GCC_541\Debug\cyfitter_cfg.o
 .text.CYMEMZERO
                0x000002bc        0xc .\CortexM3\ARM_GCC_541\Debug\cyfitter_cfg.o
 .text.CYCONFIGCPY
                0x000002c8        0x8 .\CortexM3\ARM_GCC_541\Debug\cyfitter_cfg.o
 .text.ClockSetup
                0x000002d0       0xe8 .\CortexM3\ARM_GCC_541\Debug\cyfitter_cfg.o
 .text.cyfitter_cfg
                0x000003b8      0x11c .\CortexM3\ARM_GCC_541\Debug\cyfitter_cfg.o
                0x000003b8                cyfitter_cfg
 .text.IntDefaultHandler
                0x000004d4       0x10 .\CortexM3\ARM_GCC_541\Debug\Cm3Start.o
                0x000004d4                IntDefaultHandler
 .text.Start_c  0x000004e4       0x4c .\CortexM3\ARM_GCC_541\Debug\Cm3Start.o
                0x000004e4                Start_c
 .text.initialize_psoc
                0x00000530       0x68 .\CortexM3\ARM_GCC_541\Debug\Cm3Start.o
                0x00000530                initialize_psoc
 .text.TIA_p_Enable
                0x00000598       0x28 .\CortexM3\ARM_GCC_541\Debug\ComparacionDiferencial.a(TIA_p.o)
                0x00000598                TIA_p_Enable
 .text.TIA_p_SetPower
                0x000005c0       0x18 .\CortexM3\ARM_GCC_541\Debug\ComparacionDiferencial.a(TIA_p.o)
                0x000005c0                TIA_p_SetPower
 .text.TIA_p_SetResFB
                0x000005d8       0x20 .\CortexM3\ARM_GCC_541\Debug\ComparacionDiferencial.a(TIA_p.o)
                0x000005d8                TIA_p_SetResFB
 .text.TIA_p_SetCapFB
                0x000005f8       0x20 .\CortexM3\ARM_GCC_541\Debug\ComparacionDiferencial.a(TIA_p.o)
                0x000005f8                TIA_p_SetCapFB
 .text.TIA_p_Init
                0x00000618       0x2c .\CortexM3\ARM_GCC_541\Debug\ComparacionDiferencial.a(TIA_p.o)
                0x00000618                TIA_p_Init
 .text.TIA_p_Start
                0x00000644       0x1c .\CortexM3\ARM_GCC_541\Debug\ComparacionDiferencial.a(TIA_p.o)
                0x00000644                TIA_p_Start
 .text.TIA_n_Enable
                0x00000660       0x28 .\CortexM3\ARM_GCC_541\Debug\ComparacionDiferencial.a(TIA_n.o)
                0x00000660                TIA_n_Enable
 .text.TIA_n_SetPower
                0x00000688       0x18 .\CortexM3\ARM_GCC_541\Debug\ComparacionDiferencial.a(TIA_n.o)
                0x00000688                TIA_n_SetPower
 .text.TIA_n_SetResFB
                0x000006a0       0x20 .\CortexM3\ARM_GCC_541\Debug\ComparacionDiferencial.a(TIA_n.o)
                0x000006a0                TIA_n_SetResFB
 .text.TIA_n_SetCapFB
                0x000006c0       0x20 .\CortexM3\ARM_GCC_541\Debug\ComparacionDiferencial.a(TIA_n.o)
                0x000006c0                TIA_n_SetCapFB
 .text.TIA_n_Init
                0x000006e0       0x2c .\CortexM3\ARM_GCC_541\Debug\ComparacionDiferencial.a(TIA_n.o)
                0x000006e0                TIA_n_Init
 .text.TIA_n_Start
                0x0000070c       0x1c .\CortexM3\ARM_GCC_541\Debug\ComparacionDiferencial.a(TIA_n.o)
                0x0000070c                TIA_n_Start
 .text.Filter_Init
                0x00000728       0xd0 .\CortexM3\ARM_GCC_541\Debug\ComparacionDiferencial.a(Filter.o)
                0x00000728                Filter_Init
 .text.Filter_Enable
                0x000007f8       0x28 .\CortexM3\ARM_GCC_541\Debug\ComparacionDiferencial.a(Filter.o)
                0x000007f8                Filter_Enable
 .text.Filter_Start
                0x00000820       0x1c .\CortexM3\ARM_GCC_541\Debug\ComparacionDiferencial.a(Filter.o)
                0x00000820                Filter_Start
 .text.Filter_Read24
                0x0000083c       0x20 .\CortexM3\ARM_GCC_541\Debug\ComparacionDiferencial.a(Filter.o)
                0x0000083c                Filter_Read24
 .text.Filter_Write24
                0x0000085c       0x1c .\CortexM3\ARM_GCC_541\Debug\ComparacionDiferencial.a(Filter.o)
                0x0000085c                Filter_Write24
 .text.Filter_SetCoherency
                0x00000878       0x48 .\CortexM3\ARM_GCC_541\Debug\ComparacionDiferencial.a(Filter.o)
                0x00000878                Filter_SetCoherency
 .text.Filter_SetDalign
                0x000008c0       0x20 .\CortexM3\ARM_GCC_541\Debug\ComparacionDiferencial.a(Filter.o)
                0x000008c0                Filter_SetDalign
 .text.Filter_SetInterruptMode
                0x000008e0       0x10 .\CortexM3\ARM_GCC_541\Debug\ComparacionDiferencial.a(Filter_PVT.o)
                0x000008e0                Filter_SetInterruptMode
 .text.Filter_SetDMAMode
                0x000008f0       0x10 .\CortexM3\ARM_GCC_541\Debug\ComparacionDiferencial.a(Filter_PVT.o)
                0x000008f0                Filter_SetDMAMode
 .text.CyHalt   0x00000900        0x4 .\CortexM3\ARM_GCC_541\Debug\ComparacionDiferencial.a(CyLib.o)
                0x00000900                CyHalt
 .text.CyDelayUs
                0x00000904       0x14 .\CortexM3\ARM_GCC_541\Debug\ComparacionDiferencial.a(CyLib.o)
                0x00000904                CyDelayUs
 .text.CyIntSetVector
                0x00000918       0x28 .\CortexM3\ARM_GCC_541\Debug\ComparacionDiferencial.a(CyLib.o)
                0x00000918                CyIntSetVector
 .text.CyIntSetPriority
                0x00000940       0x30 .\CortexM3\ARM_GCC_541\Debug\ComparacionDiferencial.a(CyLib.o)
                0x00000940                CyIntSetPriority
 .text.ADC_DelSig_GainCompensation
                0x00000970       0xdc .\CortexM3\ARM_GCC_541\Debug\ComparacionDiferencial.a(ADC_DelSig.o)
 .text.ADC_DelSig_SetDSMRef0Reg
                0x00000a4c       0x4c .\CortexM3\ARM_GCC_541\Debug\ComparacionDiferencial.a(ADC_DelSig.o)
 .text.ADC_DelSig_InitConfig
                0x00000a98       0xec .\CortexM3\ARM_GCC_541\Debug\ComparacionDiferencial.a(ADC_DelSig.o)
 .text.ADC_DelSig_Init
                0x00000b84       0xc4 .\CortexM3\ARM_GCC_541\Debug\ComparacionDiferencial.a(ADC_DelSig.o)
                0x00000b84                ADC_DelSig_Init
 .text.ADC_DelSig_Enable
                0x00000c48       0xd8 .\CortexM3\ARM_GCC_541\Debug\ComparacionDiferencial.a(ADC_DelSig.o)
                0x00000c48                ADC_DelSig_Enable
 .text.ADC_DelSig_Start
                0x00000d20       0x28 .\CortexM3\ARM_GCC_541\Debug\ComparacionDiferencial.a(ADC_DelSig.o)
                0x00000d20                ADC_DelSig_Start
 .text.ADC_DelSig_StartConvert
                0x00000d48       0x10 .\CortexM3\ARM_GCC_541\Debug\ComparacionDiferencial.a(ADC_DelSig.o)
                0x00000d48                ADC_DelSig_StartConvert
 .text.ADC_DelSig_GetResult32
                0x00000d58       0x6c .\CortexM3\ARM_GCC_541\Debug\ComparacionDiferencial.a(ADC_DelSig.o)
                0x00000d58                ADC_DelSig_GetResult32
 .text.ADC_DelSig_ISR1
                0x00000dc4        0x4 .\CortexM3\ARM_GCC_541\Debug\ComparacionDiferencial.a(ADC_DelSig_INT.o)
                0x00000dc4                ADC_DelSig_ISR1
 .text.isr_DelSig_SetVector
                0x00000dc8        0xc .\CortexM3\ARM_GCC_541\Debug\ComparacionDiferencial.a(isr_DelSig.o)
                0x00000dc8                isr_DelSig_SetVector
 .text.isr_DelSig_SetPriority
                0x00000dd4       0x10 .\CortexM3\ARM_GCC_541\Debug\ComparacionDiferencial.a(isr_DelSig.o)
                0x00000dd4                isr_DelSig_SetPriority
 .text.isr_DelSig_Enable
                0x00000de4        0xc .\CortexM3\ARM_GCC_541\Debug\ComparacionDiferencial.a(isr_DelSig.o)
                0x00000de4                isr_DelSig_Enable
 .text.isr_DelSig_Disable
                0x00000df0        0xc .\CortexM3\ARM_GCC_541\Debug\ComparacionDiferencial.a(isr_DelSig.o)
                0x00000df0                isr_DelSig_Disable
 .text.isr_DelSig_StartEx
                0x00000dfc       0x1c .\CortexM3\ARM_GCC_541\Debug\ComparacionDiferencial.a(isr_DelSig.o)
                0x00000dfc                isr_DelSig_StartEx
 .text.ADC_DelSig_Ext_CP_Clk_GetDividerRegister
                0x00000e18        0xc .\CortexM3\ARM_GCC_541\Debug\ComparacionDiferencial.a(ADC_DelSig_Ext_CP_Clk.o)
                0x00000e18                ADC_DelSig_Ext_CP_Clk_GetDividerRegister
 .text.ADC_DelSig_Ext_CP_Clk_SetModeRegister
                0x00000e24       0x14 .\CortexM3\ARM_GCC_541\Debug\ComparacionDiferencial.a(ADC_DelSig_Ext_CP_Clk.o)
                0x00000e24                ADC_DelSig_Ext_CP_Clk_SetModeRegister
 .text.ADC_DelSig_Ext_CP_Clk_GetSourceRegister
                0x00000e38       0x10 .\CortexM3\ARM_GCC_541\Debug\ComparacionDiferencial.a(ADC_DelSig_Ext_CP_Clk.o)
                0x00000e38                ADC_DelSig_Ext_CP_Clk_GetSourceRegister
 .text.ADC_DelSig_Ext_CP_Clk_SetDividerRegister
                0x00000e48       0xd8 .\CortexM3\ARM_GCC_541\Debug\ComparacionDiferencial.a(ADC_DelSig_Ext_CP_Clk.o)
                0x00000e48                ADC_DelSig_Ext_CP_Clk_SetDividerRegister
 .text.ADC_DelSig_theACLK_GetDividerRegister
                0x00000f20        0xc .\CortexM3\ARM_GCC_541\Debug\ComparacionDiferencial.a(ADC_DelSig_theACLK.o)
                0x00000f20                ADC_DelSig_theACLK_GetDividerRegister
 .text.ADC_DelSig_theACLK_SetModeRegister
                0x00000f2c       0x14 .\CortexM3\ARM_GCC_541\Debug\ComparacionDiferencial.a(ADC_DelSig_theACLK.o)
                0x00000f2c                ADC_DelSig_theACLK_SetModeRegister
 .text.ADC_DelSig_theACLK_GetSourceRegister
                0x00000f40       0x10 .\CortexM3\ARM_GCC_541\Debug\ComparacionDiferencial.a(ADC_DelSig_theACLK.o)
                0x00000f40                ADC_DelSig_theACLK_GetSourceRegister
 .text.ADC_DelSig_theACLK_SetDividerRegister
                0x00000f50       0xd8 .\CortexM3\ARM_GCC_541\Debug\ComparacionDiferencial.a(ADC_DelSig_theACLK.o)
                0x00000f50                ADC_DelSig_theACLK_SetDividerRegister
 .text.UART_PC_Init
                0x00001028       0x28 .\CortexM3\ARM_GCC_541\Debug\ComparacionDiferencial.a(UART_PC.o)
                0x00001028                UART_PC_Init
 .text.UART_PC_Enable
                0x00001050       0x38 .\CortexM3\ARM_GCC_541\Debug\ComparacionDiferencial.a(UART_PC.o)
                0x00001050                UART_PC_Enable
 .text.UART_PC_Start
                0x00001088       0x1c .\CortexM3\ARM_GCC_541\Debug\ComparacionDiferencial.a(UART_PC.o)
                0x00001088                UART_PC_Start
 .text.UART_PC_PutChar
                0x000010a4       0x18 .\CortexM3\ARM_GCC_541\Debug\ComparacionDiferencial.a(UART_PC.o)
                0x000010a4                UART_PC_PutChar
 .text.UART_PC_PutArray
                0x000010bc       0x28 .\CortexM3\ARM_GCC_541\Debug\ComparacionDiferencial.a(UART_PC.o)
                0x000010bc                UART_PC_PutArray
 .text.UART_PC_IntClock_Start
                0x000010e4       0x1c .\CortexM3\ARM_GCC_541\Debug\ComparacionDiferencial.a(UART_PC_IntClock.o)
                0x000010e4                UART_PC_IntClock_Start
 .text.isr_Filter_SetVector
                0x00001100       0x10 .\CortexM3\ARM_GCC_541\Debug\ComparacionDiferencial.a(isr_Filter.o)
                0x00001100                isr_Filter_SetVector
 .text.isr_Filter_SetPriority
                0x00001110       0x10 .\CortexM3\ARM_GCC_541\Debug\ComparacionDiferencial.a(isr_Filter.o)
                0x00001110                isr_Filter_SetPriority
 .text.isr_Filter_Enable
                0x00001120       0x10 .\CortexM3\ARM_GCC_541\Debug\ComparacionDiferencial.a(isr_Filter.o)
                0x00001120                isr_Filter_Enable
 .text.isr_Filter_Disable
                0x00001130       0x10 .\CortexM3\ARM_GCC_541\Debug\ComparacionDiferencial.a(isr_Filter.o)
                0x00001130                isr_Filter_Disable
 .text.isr_Filter_StartEx
                0x00001140       0x1c .\CortexM3\ARM_GCC_541\Debug\ComparacionDiferencial.a(isr_Filter.o)
                0x00001140                isr_Filter_StartEx
 .text.PGA_p_Enable
                0x0000115c       0x28 .\CortexM3\ARM_GCC_541\Debug\ComparacionDiferencial.a(PGA_p.o)
                0x0000115c                PGA_p_Enable
 .text.PGA_p_SetPower
                0x00001184       0x18 .\CortexM3\ARM_GCC_541\Debug\ComparacionDiferencial.a(PGA_p.o)
                0x00001184                PGA_p_SetPower
 .text.PGA_p_SetGain
                0x0000119c       0x78 .\CortexM3\ARM_GCC_541\Debug\ComparacionDiferencial.a(PGA_p.o)
                0x0000119c                PGA_p_SetGain
 .text.PGA_p_Init
                0x00001214       0x34 .\CortexM3\ARM_GCC_541\Debug\ComparacionDiferencial.a(PGA_p.o)
                0x00001214                PGA_p_Init
 .text.PGA_p_Start
                0x00001248       0x1c .\CortexM3\ARM_GCC_541\Debug\ComparacionDiferencial.a(PGA_p.o)
                0x00001248                PGA_p_Start
 .text.PGA_n_Enable
                0x00001264       0x28 .\CortexM3\ARM_GCC_541\Debug\ComparacionDiferencial.a(PGA_n.o)
                0x00001264                PGA_n_Enable
 .text.PGA_n_SetPower
                0x0000128c       0x18 .\CortexM3\ARM_GCC_541\Debug\ComparacionDiferencial.a(PGA_n.o)
                0x0000128c                PGA_n_SetPower
 .text.PGA_n_SetGain
                0x000012a4       0x78 .\CortexM3\ARM_GCC_541\Debug\ComparacionDiferencial.a(PGA_n.o)
                0x000012a4                PGA_n_SetGain
 .text.PGA_n_Init
                0x0000131c       0x34 .\CortexM3\ARM_GCC_541\Debug\ComparacionDiferencial.a(PGA_n.o)
                0x0000131c                PGA_n_Init
 .text.PGA_n_Start
                0x00001350       0x1c .\CortexM3\ARM_GCC_541\Debug\ComparacionDiferencial.a(PGA_n.o)
                0x00001350                PGA_n_Start
 .text.OpaDiff_p_Enable
                0x0000136c       0x28 .\CortexM3\ARM_GCC_541\Debug\ComparacionDiferencial.a(OpaDiff_p.o)
                0x0000136c                OpaDiff_p_Enable
 .text.OpaDiff_p_SetPower
                0x00001394       0x1c .\CortexM3\ARM_GCC_541\Debug\ComparacionDiferencial.a(OpaDiff_p.o)
                0x00001394                OpaDiff_p_SetPower
 .text.OpaDiff_p_Init
                0x000013b0        0xc .\CortexM3\ARM_GCC_541\Debug\ComparacionDiferencial.a(OpaDiff_p.o)
                0x000013b0                OpaDiff_p_Init
 .text.OpaDiff_p_Start
                0x000013bc       0x1c .\CortexM3\ARM_GCC_541\Debug\ComparacionDiferencial.a(OpaDiff_p.o)
                0x000013bc                OpaDiff_p_Start
 .text.OpaDiff_n_Enable
                0x000013d8       0x28 .\CortexM3\ARM_GCC_541\Debug\ComparacionDiferencial.a(OpaDiff_n.o)
                0x000013d8                OpaDiff_n_Enable
 .text.OpaDiff_n_SetPower
                0x00001400       0x1c .\CortexM3\ARM_GCC_541\Debug\ComparacionDiferencial.a(OpaDiff_n.o)
                0x00001400                OpaDiff_n_SetPower
 .text.OpaDiff_n_Init
                0x0000141c        0xc .\CortexM3\ARM_GCC_541\Debug\ComparacionDiferencial.a(OpaDiff_n.o)
                0x0000141c                OpaDiff_n_Init
 .text.OpaDiff_n_Start
                0x00001428       0x1c .\CortexM3\ARM_GCC_541\Debug\ComparacionDiferencial.a(OpaDiff_n.o)
                0x00001428                OpaDiff_n_Start
 .text.OpaBuffer_p_Enable
                0x00001444       0x28 .\CortexM3\ARM_GCC_541\Debug\ComparacionDiferencial.a(OpaBuffer_p.o)
                0x00001444                OpaBuffer_p_Enable
 .text.OpaBuffer_p_SetPower
                0x0000146c       0x1c .\CortexM3\ARM_GCC_541\Debug\ComparacionDiferencial.a(OpaBuffer_p.o)
                0x0000146c                OpaBuffer_p_SetPower
 .text.OpaBuffer_p_Init
                0x00001488        0xc .\CortexM3\ARM_GCC_541\Debug\ComparacionDiferencial.a(OpaBuffer_p.o)
                0x00001488                OpaBuffer_p_Init
 .text.OpaBuffer_p_Start
                0x00001494       0x1c .\CortexM3\ARM_GCC_541\Debug\ComparacionDiferencial.a(OpaBuffer_p.o)
                0x00001494                OpaBuffer_p_Start
 .text.OpaBuffer_n_Enable
                0x000014b0       0x28 .\CortexM3\ARM_GCC_541\Debug\ComparacionDiferencial.a(OpaBuffer_n.o)
                0x000014b0                OpaBuffer_n_Enable
 .text.OpaBuffer_n_SetPower
                0x000014d8       0x1c .\CortexM3\ARM_GCC_541\Debug\ComparacionDiferencial.a(OpaBuffer_n.o)
                0x000014d8                OpaBuffer_n_SetPower
 .text.OpaBuffer_n_Init
                0x000014f4        0xc .\CortexM3\ARM_GCC_541\Debug\ComparacionDiferencial.a(OpaBuffer_n.o)
                0x000014f4                OpaBuffer_n_Init
 .text.OpaBuffer_n_Start
                0x00001500       0x1c .\CortexM3\ARM_GCC_541\Debug\ComparacionDiferencial.a(OpaBuffer_n.o)
                0x00001500                OpaBuffer_n_Start
 *fill*         0x0000151c        0x4 
 .text          0x00001520       0x20 .\CortexM3\ARM_GCC_541\Debug\ComparacionDiferencial.a(CyBootAsmGnu.o)
                0x00001520                CyDelayCycles
                0x00001530                CyEnterCriticalSection
                0x00001538                CyExitCriticalSection
 .text.__errno  0x00001540        0xc c:/program files (x86)/cypress/psoc creator/4.4/psoc creator/import/gnu/arm/5.4.1/bin/../lib/gcc/arm-none-eabi/5.4.1/../../../../arm-none-eabi/lib/armv7-m\libg_nano.a(lib_a-errno.o)
                0x00001540                __errno
 .text.__libc_init_array
                0x0000154c       0x4c c:/program files (x86)/cypress/psoc creator/4.4/psoc creator/import/gnu/arm/5.4.1/bin/../lib/gcc/arm-none-eabi/5.4.1/../../../../arm-none-eabi/lib/armv7-m\libg_nano.a(lib_a-init.o)
                0x0000154c                __libc_init_array
 .text.memcpy   0x00001598       0x16 c:/program files (x86)/cypress/psoc creator/4.4/psoc creator/import/gnu/arm/5.4.1/bin/../lib/gcc/arm-none-eabi/5.4.1/../../../../arm-none-eabi/lib/armv7-m\libg_nano.a(lib_a-memcpy-stub.o)
                0x00001598                memcpy
 .text.memset   0x000015ae       0x10 c:/program files (x86)/cypress/psoc creator/4.4/psoc creator/import/gnu/arm/5.4.1/bin/../lib/gcc/arm-none-eabi/5.4.1/../../../../arm-none-eabi/lib/armv7-m\libg_nano.a(lib_a-memset.o)
                0x000015ae                memset
 *(.plt)
 *(.gnu.warning)
 *(.glue_7t)
 .glue_7t       0x000015be        0x0 linker stubs
 *(.glue_7)
 .glue_7        0x000015be        0x0 linker stubs
 *(.vfp11_veneer)
 .vfp11_veneer  0x000015be        0x0 linker stubs
 *(.bootloader)
 *(.ARM.extab* .gnu.linkonce.armextab.*)
 *(.gcc_except_table)

.v4_bx          0x000015c0        0x0
 .v4_bx         0x000015c0        0x0 linker stubs

.iplt           0x000015c0        0x0
 .iplt          0x000015c0        0x0 c:/program files (x86)/cypress/psoc creator/4.4/psoc creator/import/gnu/arm/5.4.1/bin/../lib/gcc/arm-none-eabi/5.4.1/armv7-m/crtbegin.o

.eh_frame_hdr
 *(.eh_frame_hdr)

.eh_frame       0x000015c0        0x4
 *(.eh_frame)
 .eh_frame      0x000015c0        0x0 c:/program files (x86)/cypress/psoc creator/4.4/psoc creator/import/gnu/arm/5.4.1/bin/../lib/gcc/arm-none-eabi/5.4.1/armv7-m/crtbegin.o
 .eh_frame      0x000015c0        0x4 c:/program files (x86)/cypress/psoc creator/4.4/psoc creator/import/gnu/arm/5.4.1/bin/../lib/gcc/arm-none-eabi/5.4.1/armv7-m/crtend.o
                [!provide]                PROVIDE (__exidx_start, .)

.ARM.exidx
 *(.ARM.exidx* .gnu.linkonce.armexidx.*)
                0x000015c4                __exidx_end = .

.rodata         0x000015c4      0x6d4
 *(.rodata .rodata.* .gnu.linkonce.r.*)
 .rodata        0x000015c4       0x2a .\CortexM3\ARM_GCC_541\Debug\cyfitter_cfg.o
 *fill*         0x000015ee        0x2 
 .rodata        0x000015f0      0x640 .\CortexM3\ARM_GCC_541\Debug\ComparacionDiferencial.a(Filter_RAM_Data.o)
                0x000015f0                Filter_cfsm
                0x000016f0                Filter_acu
                0x00001730                Filter_data_b
                0x00001930                Filter_data_a
                0x00001b30                Filter_control
 .rodata        0x00001c30       0x15 .\CortexM3\ARM_GCC_541\Debug\ComparacionDiferencial.a(PGA_p.o)
 *fill*         0x00001c45        0x3 
 .rodata        0x00001c48       0x15 .\CortexM3\ARM_GCC_541\Debug\ComparacionDiferencial.a(PGA_n.o)
 .rodata.str1.1
                0x00001c5d        0x2 c:/program files (x86)/cypress/psoc creator/4.4/psoc creator/import/gnu/arm/5.4.1/bin/../lib/gcc/arm-none-eabi/5.4.1/../../../../arm-none-eabi/lib/armv7-m\libg_nano.a(lib_a-impure.o)
                0x00001c60                . = ALIGN (0x4)
 *fill*         0x00001c5f        0x1 
 *(.init)
 .init          0x00001c60        0x4 c:/program files (x86)/cypress/psoc creator/4.4/psoc creator/import/gnu/arm/5.4.1/bin/../lib/gcc/arm-none-eabi/5.4.1/armv7-m/crti.o
                0x00001c60                _init
 .init          0x00001c64        0x8 c:/program files (x86)/cypress/psoc creator/4.4/psoc creator/import/gnu/arm/5.4.1/bin/../lib/gcc/arm-none-eabi/5.4.1/armv7-m/crtn.o
                0x00001c6c                . = ALIGN (0x4)
                0x00001c6c                __preinit_array_start = .
 *(.preinit_array)
                0x00001c6c                __preinit_array_end = .
                0x00001c6c                . = ALIGN (0x4)
                0x00001c6c                __init_array_start = .
 *(SORT(.init_array.*))
 *(.init_array)
 .init_array    0x00001c6c        0x4 c:/program files (x86)/cypress/psoc creator/4.4/psoc creator/import/gnu/arm/5.4.1/bin/../lib/gcc/arm-none-eabi/5.4.1/armv7-m/crtbegin.o
 .init_array    0x00001c70        0x4 .\CortexM3\ARM_GCC_541\Debug\Cm3Start.o
                0x00001c74                __init_array_end = .
                0x00001c74                . = ALIGN (0x4)
 *(.fini)
 .fini          0x00001c74        0x4 c:/program files (x86)/cypress/psoc creator/4.4/psoc creator/import/gnu/arm/5.4.1/bin/../lib/gcc/arm-none-eabi/5.4.1/armv7-m/crti.o
                0x00001c74                _fini
 .fini          0x00001c78        0x8 c:/program files (x86)/cypress/psoc creator/4.4/psoc creator/import/gnu/arm/5.4.1/bin/../lib/gcc/arm-none-eabi/5.4.1/armv7-m/crtn.o
                0x00001c80                . = ALIGN (0x4)
                0x00001c80                __fini_array_start = .
 *(.fini_array)
 .fini_array    0x00001c80        0x4 c:/program files (x86)/cypress/psoc creator/4.4/psoc creator/import/gnu/arm/5.4.1/bin/../lib/gcc/arm-none-eabi/5.4.1/armv7-m/crtbegin.o
 *(SORT(.fini_array.*))
                0x00001c84                __fini_array_end = .
                0x00001c84                . = ALIGN (0x4)
 *crtbegin.o(.ctors)
 *(EXCLUDE_FILE(*crtend.o) .ctors)
 *(SORT(.ctors.*))
 *crtend.o(.ctors)
                0x00001c84                . = ALIGN (0x4)
 *crtbegin.o(.dtors)
 *(EXCLUDE_FILE(*crtend.o) .dtors)
 *(SORT(.dtors.*))
 *crtend.o(.dtors)
                0x00001c84                . = ALIGN (0x4)
                0x00001c84                __cy_regions = .
                0x00001c84        0x4 LONG 0x1c98 __cy_region_init_ram
                0x00001c88        0x4 LONG 0x1fff80c8 __cy_region_start_data
                0x00001c8c        0x4 LONG 0x80 __cy_region_init_size_ram
                0x00001c90        0x4 LONG 0x48 __cy_region_zero_size_ram
                0x00001c94                __cy_regions_end = .
                0x00001c98                . = ALIGN (0x8)
 *fill*         0x00001c94        0x4 
                0x00001c98                _etext = .

.cy_checksum_exclude
                0x00001c98        0x0
 *(.cy_checksum_exclude)

.ramvectors     0x1fff8000       0xc0
                0x1fff8000                __cy_region_start_ram = .
 *(.ramvectors)
 .ramvectors    0x1fff8000       0xc0 .\CortexM3\ARM_GCC_541\Debug\Cm3Start.o
                0x1fff8000                CyRamVectors

.noinit         0x1fff80c0        0x1
 *(.noinit)
 .noinit        0x1fff80c0        0x1 .\CortexM3\ARM_GCC_541\Debug\ComparacionDiferencial.a(CyLib.o)
                0x1fff80c0                CyResetStatus

.data           0x1fff80c8       0x80 load address 0x00001c98
                0x1fff80c8                __cy_region_start_data = .
 *(.jcr)
 .jcr           0x1fff80c8        0x0 c:/program files (x86)/cypress/psoc creator/4.4/psoc creator/import/gnu/arm/5.4.1/bin/../lib/gcc/arm-none-eabi/5.4.1/armv7-m/crtbegin.o
 .jcr           0x1fff80c8        0x4 c:/program files (x86)/cypress/psoc creator/4.4/psoc creator/import/gnu/arm/5.4.1/bin/../lib/gcc/arm-none-eabi/5.4.1/armv7-m/crtend.o
 *(.got.plt)
 *(.got)
 *(.shdata)
 *(.data .data.* .gnu.linkonce.d.*)
 .data          0x1fff80cc       0x10 .\CortexM3\ARM_GCC_541\Debug\ComparacionDiferencial.a(CyLib.o)
                0x1fff80cc                cydelay_32k_ms
                0x1fff80d0                cydelay_freq_khz
                0x1fff80d4                cydelay_freq_mhz
                0x1fff80d8                cydelay_freq_hz
 .data          0x1fff80dc        0x1 .\CortexM3\ARM_GCC_541\Debug\ComparacionDiferencial.a(ADC_DelSig.o)
                0x1fff80dc                ADC_DelSig_Config
 *fill*         0x1fff80dd        0x3 
 .data.impure_data
                0x1fff80e0       0x60 c:/program files (x86)/cypress/psoc creator/4.4/psoc creator/import/gnu/arm/5.4.1/bin/../lib/gcc/arm-none-eabi/5.4.1/../../../../arm-none-eabi/lib/armv7-m\libg_nano.a(lib_a-impure.o)
 .data._impure_ptr
                0x1fff8140        0x4 c:/program files (x86)/cypress/psoc creator/4.4/psoc creator/import/gnu/arm/5.4.1/bin/../lib/gcc/arm-none-eabi/5.4.1/../../../../arm-none-eabi/lib/armv7-m\libg_nano.a(lib_a-impure.o)
                0x1fff8140                _impure_ptr
                0x1fff8148                . = ALIGN (0x8)
 *fill*         0x1fff8144        0x4 
 *(.ram)
                0x1fff8148                _edata = .

.igot.plt       0x1fff8148        0x0 load address 0x00001d18
 .igot.plt      0x1fff8148        0x0 c:/program files (x86)/cypress/psoc creator/4.4/psoc creator/import/gnu/arm/5.4.1/bin/../lib/gcc/arm-none-eabi/5.4.1/armv7-m/crtbegin.o

.bss            0x1fff8148       0x48 load address 0x00001d18
                0x1fff8148                PROVIDE (__bss_start__, .)
 *(.shbss)
 *(.bss .bss.* .gnu.linkonce.b.*)
 .bss           0x1fff8148       0x1c c:/program files (x86)/cypress/psoc creator/4.4/psoc creator/import/gnu/arm/5.4.1/bin/../lib/gcc/arm-none-eabi/5.4.1/armv7-m/crtbegin.o
 .bss           0x1fff8164        0xc .\CortexM3\ARM_GCC_541\Debug\main.o
 .bss           0x1fff8170        0x1 .\CortexM3\ARM_GCC_541\Debug\ComparacionDiferencial.a(TIA_p.o)
                0x1fff8170                TIA_p_initVar
 .bss           0x1fff8171        0x1 .\CortexM3\ARM_GCC_541\Debug\ComparacionDiferencial.a(TIA_n.o)
                0x1fff8171                TIA_n_initVar
 .bss           0x1fff8172        0x1 .\CortexM3\ARM_GCC_541\Debug\ComparacionDiferencial.a(Filter.o)
                0x1fff8172                Filter_initVar
 *fill*         0x1fff8173        0x1 
 .bss           0x1fff8174        0xc .\CortexM3\ARM_GCC_541\Debug\ComparacionDiferencial.a(ADC_DelSig.o)
                0x1fff8178                ADC_DelSig_stopConversion
                0x1fff8179                ADC_DelSig_convDone
                0x1fff817a                ADC_DelSig_initVar
                0x1fff817b                ADC_DelSig_started
                0x1fff817c                ADC_DelSig_Offset
 .bss           0x1fff8180        0x2 .\CortexM3\ARM_GCC_541\Debug\ComparacionDiferencial.a(UART_PC.o)
                0x1fff8180                UART_PC_initVar
 .bss           0x1fff8182        0x1 .\CortexM3\ARM_GCC_541\Debug\ComparacionDiferencial.a(PGA_p.o)
                0x1fff8182                PGA_p_initVar
 .bss           0x1fff8183        0x1 .\CortexM3\ARM_GCC_541\Debug\ComparacionDiferencial.a(PGA_n.o)
                0x1fff8183                PGA_n_initVar
 .bss           0x1fff8184        0x1 .\CortexM3\ARM_GCC_541\Debug\ComparacionDiferencial.a(OpaDiff_p.o)
                0x1fff8184                OpaDiff_p_initVar
 .bss           0x1fff8185        0x1 .\CortexM3\ARM_GCC_541\Debug\ComparacionDiferencial.a(OpaDiff_n.o)
                0x1fff8185                OpaDiff_n_initVar
 .bss           0x1fff8186        0x1 .\CortexM3\ARM_GCC_541\Debug\ComparacionDiferencial.a(OpaBuffer_p.o)
                0x1fff8186                OpaBuffer_p_initVar
 .bss           0x1fff8187        0x1 .\CortexM3\ARM_GCC_541\Debug\ComparacionDiferencial.a(OpaBuffer_n.o)
                0x1fff8187                OpaBuffer_n_initVar
 *(COMMON)
 COMMON         0x1fff8188        0x4 .\CortexM3\ARM_GCC_541\Debug\ComparacionDiferencial.a(ADC_DelSig.o)
                0x1fff8188                ADC_DelSig_CountsPerVolt
                0x1fff8190                . = ALIGN (0x8)
 *fill*         0x1fff818c        0x4 
 *(.ram.b)
                0x1fff8190                _end = .
                0x1fff8190                __end = .
                0x1fff8190                PROVIDE (end, .)
                0x1fff8190                PROVIDE (__bss_end__, .)
                0x00001c98                __cy_region_init_ram = LOADADDR (.data)
                0x00000080                __cy_region_init_size_ram = (_edata - ADDR (.data))
                0x00000048                __cy_region_zero_size_ram = (_end - _edata)

.heap           0x1fff8190       0x80 load address 0x00001d18
                0x1fff8190                . = _end
                0x1fff8210                . = (. + 0x80)
 *fill*         0x1fff8190       0x80 
                0x1fff8210                __cy_heap_limit = .

.stack          0x20007800      0x800
                0x20007800                __cy_stack_limit = .
                0x20008000                . = (. + 0x800)
 *fill*         0x20007800      0x800 
                0x00000001                ASSERT ((__cy_stack_limit >= __cy_heap_limit), region RAM overflowed with stack)
                0x00000000                cy_checksum_exclude_size = (CY_APPL_LOADABLE == 0x1)?SIZEOF (.cy_checksum_exclude):0x0
                0x00000001                ASSERT ((cy_checksum_exclude_size <= CY_CHECKSUM_EXCLUDE_SIZE), CY_BOOT: Section .cy_checksum_exclude size exceedes specified limit.)

.cyloadermeta
 *(.cyloadermeta)

.cyloadablemeta
 *(.cyloadablemeta)

.cyconfigecc    0x80000000      0x430
 *(.cyconfigecc)
 .cyconfigecc   0x80000000      0x430 .\CortexM3\ARM_GCC_541\Debug\cymetadata.o
                0x80000000                cy_meta_configecc

.cycustnvl      0x90000000        0x4
 *(.cycustnvl)
 .cycustnvl     0x90000000        0x4 .\CortexM3\ARM_GCC_541\Debug\cymetadata.o
                0x90000000                cy_meta_custnvl

.cywolatch      0x90100000        0x4
 *(.cywolatch)
 .cywolatch     0x90100000        0x4 .\CortexM3\ARM_GCC_541\Debug\cymetadata.o
                0x90100000                cy_meta_wonvl

.cyeeprom       0x90200000        0x0
 *(.cyeeprom)
                0x00000001                ASSERT ((. <= ((0x90200000 + ee_offset) + ee_size)), .cyeeprom data will not fit in EEPROM)

.cyflashprotect
                0x90400000      0x100
 *(.cyflashprotect)
 .cyflashprotect
                0x90400000      0x100 .\CortexM3\ARM_GCC_541\Debug\cymetadata.o
                0x90400000                cy_meta_flashprotect

.cymeta         0x90500000        0xc
 *(.cymeta)
 .cymeta        0x90500000        0xc .\CortexM3\ARM_GCC_541\Debug\cymetadata.o
                0x90500000                cy_metadata

.rel.dyn        0x00001d18        0x0 load address 0x9050000c
 .rel.iplt      0x00001d18        0x0 c:/program files (x86)/cypress/psoc creator/4.4/psoc creator/import/gnu/arm/5.4.1/bin/../lib/gcc/arm-none-eabi/5.4.1/armv7-m/crtbegin.o

.stab
 *(.stab)

.stabstr
 *(.stabstr)

.debug
 *(.debug)

.line
 *(.line)

.debug_srcinfo
 *(.debug_srcinfo)

.debug_sfnames
 *(.debug_sfnames)

.debug_aranges  0x00000000      0xcf0
 *(.debug_aranges)
 .debug_aranges
                0x00000000       0x30 .\CortexM3\ARM_GCC_541\Debug\main.o
 .debug_aranges
                0x00000030       0x48 .\CortexM3\ARM_GCC_541\Debug\debug.o
 .debug_aranges
                0x00000078       0x58 .\CortexM3\ARM_GCC_541\Debug\cyfitter_cfg.o
 .debug_aranges
                0x000000d0       0x18 .\CortexM3\ARM_GCC_541\Debug\cymetadata.o
 .debug_aranges
                0x000000e8       0x48 .\CortexM3\ARM_GCC_541\Debug\Cm3Start.o
 .debug_aranges
                0x00000130       0x50 .\CortexM3\ARM_GCC_541\Debug\ComparacionDiferencial.a(TIA_p.o)
 .debug_aranges
                0x00000180       0x50 .\CortexM3\ARM_GCC_541\Debug\ComparacionDiferencial.a(TIA_n.o)
 .debug_aranges
                0x000001d0       0x80 .\CortexM3\ARM_GCC_541\Debug\ComparacionDiferencial.a(Filter.o)
 .debug_aranges
                0x00000250       0x28 .\CortexM3\ARM_GCC_541\Debug\ComparacionDiferencial.a(Filter_PVT.o)
 .debug_aranges
                0x00000278       0x18 .\CortexM3\ARM_GCC_541\Debug\ComparacionDiferencial.a(Filter_RAM_Data.o)
 .debug_aranges
                0x00000290      0x2a0 .\CortexM3\ARM_GCC_541\Debug\ComparacionDiferencial.a(CyLib.o)
 .debug_aranges
                0x00000530       0x98 .\CortexM3\ARM_GCC_541\Debug\ComparacionDiferencial.a(cyPm.o)
 .debug_aranges
                0x000005c8       0xe8 .\CortexM3\ARM_GCC_541\Debug\ComparacionDiferencial.a(ADC_DelSig.o)
 .debug_aranges
                0x000006b0       0x38 .\CortexM3\ARM_GCC_541\Debug\ComparacionDiferencial.a(ADC_DelSig_INT.o)
 .debug_aranges
                0x000006e8       0x80 .\CortexM3\ARM_GCC_541\Debug\ComparacionDiferencial.a(isr_DelSig.o)
 .debug_aranges
                0x00000768       0x70 .\CortexM3\ARM_GCC_541\Debug\ComparacionDiferencial.a(ADC_DelSig_Ext_CP_Clk.o)
 .debug_aranges
                0x000007d8       0x80 .\CortexM3\ARM_GCC_541\Debug\ComparacionDiferencial.a(ADC_DelSig_theACLK.o)
 .debug_aranges
                0x00000858       0xf0 .\CortexM3\ARM_GCC_541\Debug\ComparacionDiferencial.a(UART_PC.o)
 .debug_aranges
                0x00000948       0x70 .\CortexM3\ARM_GCC_541\Debug\ComparacionDiferencial.a(UART_PC_IntClock.o)
 .debug_aranges
                0x000009b8       0x80 .\CortexM3\ARM_GCC_541\Debug\ComparacionDiferencial.a(isr_Filter.o)
 .debug_aranges
                0x00000a38       0x48 .\CortexM3\ARM_GCC_541\Debug\ComparacionDiferencial.a(PGA_p.o)
 .debug_aranges
                0x00000a80       0x48 .\CortexM3\ARM_GCC_541\Debug\ComparacionDiferencial.a(PGA_n.o)
 .debug_aranges
                0x00000ac8       0x40 .\CortexM3\ARM_GCC_541\Debug\ComparacionDiferencial.a(OpaDiff_p.o)
 .debug_aranges
                0x00000b08       0x40 .\CortexM3\ARM_GCC_541\Debug\ComparacionDiferencial.a(OpaDiff_n.o)
 .debug_aranges
                0x00000b48       0x40 .\CortexM3\ARM_GCC_541\Debug\ComparacionDiferencial.a(OpaBuffer_p.o)
 .debug_aranges
                0x00000b88       0x40 .\CortexM3\ARM_GCC_541\Debug\ComparacionDiferencial.a(OpaBuffer_n.o)
 .debug_aranges
                0x00000bc8       0x20 .\CortexM3\ARM_GCC_541\Debug\ComparacionDiferencial.a(CyBootAsmGnu.o)
 .debug_aranges
                0x00000be8       0x88 .\CortexM3\ARM_GCC_541\Debug\ComparacionDiferencial.a(CyFlash.o)
 .debug_aranges
                0x00000c70       0x80 .\CortexM3\ARM_GCC_541\Debug\ComparacionDiferencial.a(CySpc.o)

.debug_pubnames
 *(.debug_pubnames)

.debug_info     0x00000000     0x6b99
 *(.debug_info .gnu.linkonce.wi.*)
 .debug_info    0x00000000      0x42a .\CortexM3\ARM_GCC_541\Debug\main.o
 .debug_info    0x0000042a      0x1ce .\CortexM3\ARM_GCC_541\Debug\debug.o
 .debug_info    0x000005f8      0x539 .\CortexM3\ARM_GCC_541\Debug\cyfitter_cfg.o
 .debug_info    0x00000b31      0x135 .\CortexM3\ARM_GCC_541\Debug\cymetadata.o
 .debug_info    0x00000c66      0x3bb .\CortexM3\ARM_GCC_541\Debug\Cm3Start.o
 .debug_info    0x00001021      0x1d4 .\CortexM3\ARM_GCC_541\Debug\ComparacionDiferencial.a(TIA_p.o)
 .debug_info    0x000011f5      0x1d4 .\CortexM3\ARM_GCC_541\Debug\ComparacionDiferencial.a(TIA_n.o)
 .debug_info    0x000013c9      0x4b4 .\CortexM3\ARM_GCC_541\Debug\ComparacionDiferencial.a(Filter.o)
 .debug_info    0x0000187d       0xf2 .\CortexM3\ARM_GCC_541\Debug\ComparacionDiferencial.a(Filter_PVT.o)
 .debug_info    0x0000196f      0x137 .\CortexM3\ARM_GCC_541\Debug\ComparacionDiferencial.a(Filter_RAM_Data.o)
 .debug_info    0x00001aa6     0x1374 .\CortexM3\ARM_GCC_541\Debug\ComparacionDiferencial.a(CyLib.o)
 .debug_info    0x00002e1a      0xa2a .\CortexM3\ARM_GCC_541\Debug\ComparacionDiferencial.a(cyPm.o)
 .debug_info    0x00003844      0x9fd .\CortexM3\ARM_GCC_541\Debug\ComparacionDiferencial.a(ADC_DelSig.o)
 .debug_info    0x00004241       0xd3 .\CortexM3\ARM_GCC_541\Debug\ComparacionDiferencial.a(ADC_DelSig_INT.o)
 .debug_info    0x00004314      0x2d2 .\CortexM3\ARM_GCC_541\Debug\ComparacionDiferencial.a(isr_DelSig.o)
 .debug_info    0x000045e6      0x283 .\CortexM3\ARM_GCC_541\Debug\ComparacionDiferencial.a(ADC_DelSig_Ext_CP_Clk.o)
 .debug_info    0x00004869      0x2c4 .\CortexM3\ARM_GCC_541\Debug\ComparacionDiferencial.a(ADC_DelSig_theACLK.o)
 .debug_info    0x00004b2d      0x60c .\CortexM3\ARM_GCC_541\Debug\ComparacionDiferencial.a(UART_PC.o)
 .debug_info    0x00005139      0x283 .\CortexM3\ARM_GCC_541\Debug\ComparacionDiferencial.a(UART_PC_IntClock.o)
 .debug_info    0x000053bc      0x2d2 .\CortexM3\ARM_GCC_541\Debug\ComparacionDiferencial.a(isr_Filter.o)
 .debug_info    0x0000568e      0x1d3 .\CortexM3\ARM_GCC_541\Debug\ComparacionDiferencial.a(PGA_p.o)
 .debug_info    0x00005861      0x1d3 .\CortexM3\ARM_GCC_541\Debug\ComparacionDiferencial.a(PGA_n.o)
 .debug_info    0x00005a34      0x151 .\CortexM3\ARM_GCC_541\Debug\ComparacionDiferencial.a(OpaDiff_p.o)
 .debug_info    0x00005b85      0x151 .\CortexM3\ARM_GCC_541\Debug\ComparacionDiferencial.a(OpaDiff_n.o)
 .debug_info    0x00005cd6      0x151 .\CortexM3\ARM_GCC_541\Debug\ComparacionDiferencial.a(OpaBuffer_p.o)
 .debug_info    0x00005e27      0x151 .\CortexM3\ARM_GCC_541\Debug\ComparacionDiferencial.a(OpaBuffer_n.o)
 .debug_info    0x00005f78       0x84 .\CortexM3\ARM_GCC_541\Debug\ComparacionDiferencial.a(CyBootAsmGnu.o)
 .debug_info    0x00005ffc      0x64d .\CortexM3\ARM_GCC_541\Debug\ComparacionDiferencial.a(CyFlash.o)
 .debug_info    0x00006649      0x550 .\CortexM3\ARM_GCC_541\Debug\ComparacionDiferencial.a(CySpc.o)

.debug_abbrev   0x00000000     0x2128
 *(.debug_abbrev)
 .debug_abbrev  0x00000000      0x14a .\CortexM3\ARM_GCC_541\Debug\main.o
 .debug_abbrev  0x0000014a      0x104 .\CortexM3\ARM_GCC_541\Debug\debug.o
 .debug_abbrev  0x0000024e      0x1fe .\CortexM3\ARM_GCC_541\Debug\cyfitter_cfg.o
 .debug_abbrev  0x0000044c       0x66 .\CortexM3\ARM_GCC_541\Debug\cymetadata.o
 .debug_abbrev  0x000004b2      0x1e8 .\CortexM3\ARM_GCC_541\Debug\Cm3Start.o
 .debug_abbrev  0x0000069a       0xf7 .\CortexM3\ARM_GCC_541\Debug\ComparacionDiferencial.a(TIA_p.o)
 .debug_abbrev  0x00000791       0xf7 .\CortexM3\ARM_GCC_541\Debug\ComparacionDiferencial.a(TIA_n.o)
 .debug_abbrev  0x00000888      0x1bc .\CortexM3\ARM_GCC_541\Debug\ComparacionDiferencial.a(Filter.o)
 .debug_abbrev  0x00000a44       0x7f .\CortexM3\ARM_GCC_541\Debug\ComparacionDiferencial.a(Filter_PVT.o)
 .debug_abbrev  0x00000ac3       0x66 .\CortexM3\ARM_GCC_541\Debug\ComparacionDiferencial.a(Filter_RAM_Data.o)
 .debug_abbrev  0x00000b29      0x254 .\CortexM3\ARM_GCC_541\Debug\ComparacionDiferencial.a(CyLib.o)
 .debug_abbrev  0x00000d7d      0x1ab .\CortexM3\ARM_GCC_541\Debug\ComparacionDiferencial.a(cyPm.o)
 .debug_abbrev  0x00000f28      0x1cd .\CortexM3\ARM_GCC_541\Debug\ComparacionDiferencial.a(ADC_DelSig.o)
 .debug_abbrev  0x000010f5       0x42 .\CortexM3\ARM_GCC_541\Debug\ComparacionDiferencial.a(ADC_DelSig_INT.o)
 .debug_abbrev  0x00001137      0x173 .\CortexM3\ARM_GCC_541\Debug\ComparacionDiferencial.a(isr_DelSig.o)
 .debug_abbrev  0x000012aa      0x139 .\CortexM3\ARM_GCC_541\Debug\ComparacionDiferencial.a(ADC_DelSig_Ext_CP_Clk.o)
 .debug_abbrev  0x000013e3      0x121 .\CortexM3\ARM_GCC_541\Debug\ComparacionDiferencial.a(ADC_DelSig_theACLK.o)
 .debug_abbrev  0x00001504      0x175 .\CortexM3\ARM_GCC_541\Debug\ComparacionDiferencial.a(UART_PC.o)
 .debug_abbrev  0x00001679      0x139 .\CortexM3\ARM_GCC_541\Debug\ComparacionDiferencial.a(UART_PC_IntClock.o)
 .debug_abbrev  0x000017b2      0x173 .\CortexM3\ARM_GCC_541\Debug\ComparacionDiferencial.a(isr_Filter.o)
 .debug_abbrev  0x00001925       0xf6 .\CortexM3\ARM_GCC_541\Debug\ComparacionDiferencial.a(PGA_p.o)
 .debug_abbrev  0x00001a1b       0xf6 .\CortexM3\ARM_GCC_541\Debug\ComparacionDiferencial.a(PGA_n.o)
 .debug_abbrev  0x00001b11       0xb2 .\CortexM3\ARM_GCC_541\Debug\ComparacionDiferencial.a(OpaDiff_p.o)
 .debug_abbrev  0x00001bc3       0xb2 .\CortexM3\ARM_GCC_541\Debug\ComparacionDiferencial.a(OpaDiff_n.o)
 .debug_abbrev  0x00001c75       0xb2 .\CortexM3\ARM_GCC_541\Debug\ComparacionDiferencial.a(OpaBuffer_p.o)
 .debug_abbrev  0x00001d27       0xb2 .\CortexM3\ARM_GCC_541\Debug\ComparacionDiferencial.a(OpaBuffer_n.o)
 .debug_abbrev  0x00001dd9       0x14 .\CortexM3\ARM_GCC_541\Debug\ComparacionDiferencial.a(CyBootAsmGnu.o)
 .debug_abbrev  0x00001ded      0x1a7 .\CortexM3\ARM_GCC_541\Debug\ComparacionDiferencial.a(CyFlash.o)
 .debug_abbrev  0x00001f94      0x194 .\CortexM3\ARM_GCC_541\Debug\ComparacionDiferencial.a(CySpc.o)

.debug_line     0x00000000     0x2f5f
 *(.debug_line)
 .debug_line    0x00000000      0x295 .\CortexM3\ARM_GCC_541\Debug\main.o
 .debug_line    0x00000295        0x0 .\CortexM3\ARM_GCC_541\Debug\AnalogToDigital.o
 .debug_line    0x00000295        0x0 .\CortexM3\ARM_GCC_541\Debug\buffers.o
 .debug_line    0x00000295        0x0 .\CortexM3\ARM_GCC_541\Debug\Communication.o
 .debug_line    0x00000295        0x0 .\CortexM3\ARM_GCC_541\Debug\isr_handlers.o
 .debug_line    0x00000295        0x0 .\CortexM3\ARM_GCC_541\Debug\tb_buffers.o
 .debug_line    0x00000295        0x0 .\CortexM3\ARM_GCC_541\Debug\TestBench.o
 .debug_line    0x00000295       0xf6 .\CortexM3\ARM_GCC_541\Debug\debug.o
 .debug_line    0x0000038b      0x1fb .\CortexM3\ARM_GCC_541\Debug\cyfitter_cfg.o
 .debug_line    0x00000586      0x141 .\CortexM3\ARM_GCC_541\Debug\cymetadata.o
 .debug_line    0x000006c7      0x234 .\CortexM3\ARM_GCC_541\Debug\Cm3Start.o
 .debug_line    0x000008fb       0xd7 .\CortexM3\ARM_GCC_541\Debug\ComparacionDiferencial.a(TIA_p.o)
 .debug_line    0x000009d2       0xd7 .\CortexM3\ARM_GCC_541\Debug\ComparacionDiferencial.a(TIA_n.o)
 .debug_line    0x00000aa9      0x172 .\CortexM3\ARM_GCC_541\Debug\ComparacionDiferencial.a(Filter.o)
 .debug_line    0x00000c1b       0x74 .\CortexM3\ARM_GCC_541\Debug\ComparacionDiferencial.a(Filter_PVT.o)
 .debug_line    0x00000c8f       0x56 .\CortexM3\ARM_GCC_541\Debug\ComparacionDiferencial.a(Filter_RAM_Data.o)
 .debug_line    0x00000ce5      0x816 .\CortexM3\ARM_GCC_541\Debug\ComparacionDiferencial.a(CyLib.o)
 .debug_line    0x000014fb      0x367 .\CortexM3\ARM_GCC_541\Debug\ComparacionDiferencial.a(cyPm.o)
 .debug_line    0x00001862      0x373 .\CortexM3\ARM_GCC_541\Debug\ComparacionDiferencial.a(ADC_DelSig.o)
 .debug_line    0x00001bd5       0x87 .\CortexM3\ARM_GCC_541\Debug\ComparacionDiferencial.a(ADC_DelSig_INT.o)
 .debug_line    0x00001c5c      0x137 .\CortexM3\ARM_GCC_541\Debug\ComparacionDiferencial.a(isr_DelSig.o)
 .debug_line    0x00001d93      0x184 .\CortexM3\ARM_GCC_541\Debug\ComparacionDiferencial.a(ADC_DelSig_Ext_CP_Clk.o)
 .debug_line    0x00001f17      0x1a4 .\CortexM3\ARM_GCC_541\Debug\ComparacionDiferencial.a(ADC_DelSig_theACLK.o)
 .debug_line    0x000020bb      0x2c2 .\CortexM3\ARM_GCC_541\Debug\ComparacionDiferencial.a(UART_PC.o)
 .debug_line    0x0000237d      0x17f .\CortexM3\ARM_GCC_541\Debug\ComparacionDiferencial.a(UART_PC_IntClock.o)
 .debug_line    0x000024fc      0x137 .\CortexM3\ARM_GCC_541\Debug\ComparacionDiferencial.a(isr_Filter.o)
 .debug_line    0x00002633       0xcc .\CortexM3\ARM_GCC_541\Debug\ComparacionDiferencial.a(PGA_p.o)
 .debug_line    0x000026ff       0xcc .\CortexM3\ARM_GCC_541\Debug\ComparacionDiferencial.a(PGA_n.o)
 .debug_line    0x000027cb       0xac .\CortexM3\ARM_GCC_541\Debug\ComparacionDiferencial.a(OpaDiff_p.o)
 .debug_line    0x00002877       0xac .\CortexM3\ARM_GCC_541\Debug\ComparacionDiferencial.a(OpaDiff_n.o)
 .debug_line    0x00002923       0xae .\CortexM3\ARM_GCC_541\Debug\ComparacionDiferencial.a(OpaBuffer_p.o)
 .debug_line    0x000029d1       0xae .\CortexM3\ARM_GCC_541\Debug\ComparacionDiferencial.a(OpaBuffer_n.o)
 .debug_line    0x00002a7f       0x66 .\CortexM3\ARM_GCC_541\Debug\ComparacionDiferencial.a(CyBootAsmGnu.o)
 .debug_line    0x00002ae5      0x21a .\CortexM3\ARM_GCC_541\Debug\ComparacionDiferencial.a(CyFlash.o)
 .debug_line    0x00002cff      0x260 .\CortexM3\ARM_GCC_541\Debug\ComparacionDiferencial.a(CySpc.o)

.debug_frame    0x00000000     0x1f0c
 *(.debug_frame)
 .debug_frame   0x00000000       0x68 .\CortexM3\ARM_GCC_541\Debug\main.o
 .debug_frame   0x00000068       0x8c .\CortexM3\ARM_GCC_541\Debug\debug.o
 .debug_frame   0x000000f4       0xf8 .\CortexM3\ARM_GCC_541\Debug\cyfitter_cfg.o
 .debug_frame   0x000001ec       0xb8 .\CortexM3\ARM_GCC_541\Debug\Cm3Start.o
 .debug_frame   0x000002a4       0x98 .\CortexM3\ARM_GCC_541\Debug\ComparacionDiferencial.a(TIA_p.o)
 .debug_frame   0x0000033c       0x98 .\CortexM3\ARM_GCC_541\Debug\ComparacionDiferencial.a(TIA_n.o)
 .debug_frame   0x000003d4      0x104 .\CortexM3\ARM_GCC_541\Debug\ComparacionDiferencial.a(Filter.o)
 .debug_frame   0x000004d8       0x30 .\CortexM3\ARM_GCC_541\Debug\ComparacionDiferencial.a(Filter_PVT.o)
 .debug_frame   0x00000508      0x738 .\CortexM3\ARM_GCC_541\Debug\ComparacionDiferencial.a(CyLib.o)
 .debug_frame   0x00000c40      0x1f8 .\CortexM3\ARM_GCC_541\Debug\ComparacionDiferencial.a(cyPm.o)
 .debug_frame   0x00000e38      0x284 .\CortexM3\ARM_GCC_541\Debug\ComparacionDiferencial.a(ADC_DelSig.o)
 .debug_frame   0x000010bc       0x50 .\CortexM3\ARM_GCC_541\Debug\ComparacionDiferencial.a(ADC_DelSig_INT.o)
 .debug_frame   0x0000110c      0x104 .\CortexM3\ARM_GCC_541\Debug\ComparacionDiferencial.a(isr_DelSig.o)
 .debug_frame   0x00001210       0xe0 .\CortexM3\ARM_GCC_541\Debug\ComparacionDiferencial.a(ADC_DelSig_Ext_CP_Clk.o)
 .debug_frame   0x000012f0      0x100 .\CortexM3\ARM_GCC_541\Debug\ComparacionDiferencial.a(ADC_DelSig_theACLK.o)
 .debug_frame   0x000013f0      0x250 .\CortexM3\ARM_GCC_541\Debug\ComparacionDiferencial.a(UART_PC.o)
 .debug_frame   0x00001640       0xe0 .\CortexM3\ARM_GCC_541\Debug\ComparacionDiferencial.a(UART_PC_IntClock.o)
 .debug_frame   0x00001720      0x104 .\CortexM3\ARM_GCC_541\Debug\ComparacionDiferencial.a(isr_Filter.o)
 .debug_frame   0x00001824       0x9c .\CortexM3\ARM_GCC_541\Debug\ComparacionDiferencial.a(PGA_p.o)
 .debug_frame   0x000018c0       0x9c .\CortexM3\ARM_GCC_541\Debug\ComparacionDiferencial.a(PGA_n.o)
 .debug_frame   0x0000195c       0x78 .\CortexM3\ARM_GCC_541\Debug\ComparacionDiferencial.a(OpaDiff_p.o)
 .debug_frame   0x000019d4       0x78 .\CortexM3\ARM_GCC_541\Debug\ComparacionDiferencial.a(OpaDiff_n.o)
 .debug_frame   0x00001a4c       0x78 .\CortexM3\ARM_GCC_541\Debug\ComparacionDiferencial.a(OpaBuffer_p.o)
 .debug_frame   0x00001ac4       0x78 .\CortexM3\ARM_GCC_541\Debug\ComparacionDiferencial.a(OpaBuffer_n.o)
 .debug_frame   0x00001b3c      0x194 .\CortexM3\ARM_GCC_541\Debug\ComparacionDiferencial.a(CyFlash.o)
 .debug_frame   0x00001cd0      0x180 .\CortexM3\ARM_GCC_541\Debug\ComparacionDiferencial.a(CySpc.o)
 .debug_frame   0x00001e50       0x20 c:/program files (x86)/cypress/psoc creator/4.4/psoc creator/import/gnu/arm/5.4.1/bin/../lib/gcc/arm-none-eabi/5.4.1/../../../../arm-none-eabi/lib/armv7-m\libg_nano.a(lib_a-errno.o)
 .debug_frame   0x00001e70       0x28 c:/program files (x86)/cypress/psoc creator/4.4/psoc creator/import/gnu/arm/5.4.1/bin/../lib/gcc/arm-none-eabi/5.4.1/../../../../arm-none-eabi/lib/armv7-m\libg_nano.a(lib_a-exit.o)
 .debug_frame   0x00001e98       0x2c c:/program files (x86)/cypress/psoc creator/4.4/psoc creator/import/gnu/arm/5.4.1/bin/../lib/gcc/arm-none-eabi/5.4.1/../../../../arm-none-eabi/lib/armv7-m\libg_nano.a(lib_a-init.o)
 .debug_frame   0x00001ec4       0x28 c:/program files (x86)/cypress/psoc creator/4.4/psoc creator/import/gnu/arm/5.4.1/bin/../lib/gcc/arm-none-eabi/5.4.1/../../../../arm-none-eabi/lib/armv7-m\libg_nano.a(lib_a-memcpy-stub.o)
 .debug_frame   0x00001eec       0x20 c:/program files (x86)/cypress/psoc creator/4.4/psoc creator/import/gnu/arm/5.4.1/bin/../lib/gcc/arm-none-eabi/5.4.1/../../../../arm-none-eabi/lib/armv7-m\libg_nano.a(lib_a-memset.o)

.debug_str      0x00000000     0x293b
 *(.debug_str)
 .debug_str     0x00000000      0x32a .\CortexM3\ARM_GCC_541\Debug\main.o
                                0x385 (size before relaxing)
 .debug_str     0x0000032a       0x12 .\CortexM3\ARM_GCC_541\Debug\AnalogToDigital.o
                                 0xd6 (size before relaxing)
 .debug_str     0x0000033c       0x12 .\CortexM3\ARM_GCC_541\Debug\buffers.o
                                 0xce (size before relaxing)
 .debug_str     0x0000033c       0x10 .\CortexM3\ARM_GCC_541\Debug\Communication.o
                                 0xd4 (size before relaxing)
 .debug_str     0x0000034c        0xf .\CortexM3\ARM_GCC_541\Debug\isr_handlers.o
                                 0xd3 (size before relaxing)
 .debug_str     0x0000035b        0xd .\CortexM3\ARM_GCC_541\Debug\tb_buffers.o
                                 0xd1 (size before relaxing)
 .debug_str     0x00000368        0xc .\CortexM3\ARM_GCC_541\Debug\TestBench.o
                                 0xd0 (size before relaxing)
 .debug_str     0x00000374       0xbc .\CortexM3\ARM_GCC_541\Debug\debug.o
                                0x21c (size before relaxing)
 .debug_str     0x00000430      0x165 .\CortexM3\ARM_GCC_541\Debug\cyfitter_cfg.o
                                0x303 (size before relaxing)
 .debug_str     0x00000595       0x7f .\CortexM3\ARM_GCC_541\Debug\cymetadata.o
                                0x1d8 (size before relaxing)
 .debug_str     0x00000614      0x144 .\CortexM3\ARM_GCC_541\Debug\Cm3Start.o
                                0x2fe (size before relaxing)
 .debug_str     0x00000758       0xa3 .\CortexM3\ARM_GCC_541\Debug\ComparacionDiferencial.a(TIA_p.o)
                                0x229 (size before relaxing)
 .debug_str     0x000007fb       0x7d .\CortexM3\ARM_GCC_541\Debug\ComparacionDiferencial.a(TIA_n.o)
                                0x229 (size before relaxing)
 .debug_str     0x00000878      0x11e .\CortexM3\ARM_GCC_541\Debug\ComparacionDiferencial.a(Filter.o)
                                0x330 (size before relaxing)
 .debug_str     0x00000996       0x2b .\CortexM3\ARM_GCC_541\Debug\ComparacionDiferencial.a(Filter_PVT.o)
                                0x1cf (size before relaxing)
 .debug_str     0x000009c1       0x29 .\CortexM3\ARM_GCC_541\Debug\ComparacionDiferencial.a(Filter_RAM_Data.o)
                                0x1e0 (size before relaxing)
 .debug_str     0x000009ea      0x821 .\CortexM3\ARM_GCC_541\Debug\ComparacionDiferencial.a(CyLib.o)
                                0xa3b (size before relaxing)
 .debug_str     0x0000120b      0x365 .\CortexM3\ARM_GCC_541\Debug\ComparacionDiferencial.a(cyPm.o)
                                0x727 (size before relaxing)
 .debug_str     0x00001570      0x44e .\CortexM3\ARM_GCC_541\Debug\ComparacionDiferencial.a(ADC_DelSig.o)
                                0x6c5 (size before relaxing)
 .debug_str     0x000019be       0x68 .\CortexM3\ARM_GCC_541\Debug\ComparacionDiferencial.a(ADC_DelSig_INT.o)
                                0x1d7 (size before relaxing)
 .debug_str     0x00001a26      0x119 .\CortexM3\ARM_GCC_541\Debug\ComparacionDiferencial.a(isr_DelSig.o)
                                0x2e0 (size before relaxing)
 .debug_str     0x00001b3f      0x1b3 .\CortexM3\ARM_GCC_541\Debug\ComparacionDiferencial.a(ADC_DelSig_Ext_CP_Clk.o)
                                0x38a (size before relaxing)
 .debug_str     0x00001cf2      0x1a3 .\CortexM3\ARM_GCC_541\Debug\ComparacionDiferencial.a(ADC_DelSig_theACLK.o)
                                0x3b7 (size before relaxing)
 .debug_str     0x00001e95      0x2c4 .\CortexM3\ARM_GCC_541\Debug\ComparacionDiferencial.a(UART_PC.o)
                                0x4c6 (size before relaxing)
 .debug_str     0x00002159      0x156 .\CortexM3\ARM_GCC_541\Debug\ComparacionDiferencial.a(UART_PC_IntClock.o)
                                0x34e (size before relaxing)
 .debug_str     0x000022af      0x119 .\CortexM3\ARM_GCC_541\Debug\ComparacionDiferencial.a(isr_Filter.o)
                                0x2e0 (size before relaxing)
 .debug_str     0x000023c8       0x8c .\CortexM3\ARM_GCC_541\Debug\ComparacionDiferencial.a(PGA_p.o)
                                0x223 (size before relaxing)
 .debug_str     0x00002454       0x8c .\CortexM3\ARM_GCC_541\Debug\ComparacionDiferencial.a(PGA_n.o)
                                0x223 (size before relaxing)
 .debug_str     0x000024e0       0x77 .\CortexM3\ARM_GCC_541\Debug\ComparacionDiferencial.a(OpaDiff_p.o)
                                0x207 (size before relaxing)
 .debug_str     0x00002557       0x77 .\CortexM3\ARM_GCC_541\Debug\ComparacionDiferencial.a(OpaDiff_n.o)
                                0x207 (size before relaxing)
 .debug_str     0x000025ce       0x83 .\CortexM3\ARM_GCC_541\Debug\ComparacionDiferencial.a(OpaBuffer_p.o)
                                0x215 (size before relaxing)
 .debug_str     0x00002651       0x83 .\CortexM3\ARM_GCC_541\Debug\ComparacionDiferencial.a(OpaBuffer_n.o)
                                0x215 (size before relaxing)
 .debug_str     0x000026d4      0x1bb .\CortexM3\ARM_GCC_541\Debug\ComparacionDiferencial.a(CyFlash.o)
                                0x3b4 (size before relaxing)
 .debug_str     0x0000288f       0xac .\CortexM3\ARM_GCC_541\Debug\ComparacionDiferencial.a(CySpc.o)
                                0x32c (size before relaxing)

.debug_loc      0x00000000     0x2caa
 *(.debug_loc)
 .debug_loc     0x00000000       0x26 .\CortexM3\ARM_GCC_541\Debug\main.o
 .debug_loc     0x00000026       0x81 .\CortexM3\ARM_GCC_541\Debug\debug.o
 .debug_loc     0x000000a7      0x1d7 .\CortexM3\ARM_GCC_541\Debug\cyfitter_cfg.o
 .debug_loc     0x0000027e      0x144 .\CortexM3\ARM_GCC_541\Debug\Cm3Start.o
 .debug_loc     0x000003c2       0x81 .\CortexM3\ARM_GCC_541\Debug\ComparacionDiferencial.a(TIA_p.o)
 .debug_loc     0x00000443       0x81 .\CortexM3\ARM_GCC_541\Debug\ComparacionDiferencial.a(TIA_n.o)
 .debug_loc     0x000004c4      0x24b .\CortexM3\ARM_GCC_541\Debug\ComparacionDiferencial.a(Filter.o)
 .debug_loc     0x0000070f       0x3c .\CortexM3\ARM_GCC_541\Debug\ComparacionDiferencial.a(Filter_PVT.o)
 .debug_loc     0x0000074b      0xa11 .\CortexM3\ARM_GCC_541\Debug\ComparacionDiferencial.a(CyLib.o)
 .debug_loc     0x0000115c      0x1e4 .\CortexM3\ARM_GCC_541\Debug\ComparacionDiferencial.a(cyPm.o)
 .debug_loc     0x00001340      0x6ca .\CortexM3\ARM_GCC_541\Debug\ComparacionDiferencial.a(ADC_DelSig.o)
 .debug_loc     0x00001a0a       0x56 .\CortexM3\ARM_GCC_541\Debug\ComparacionDiferencial.a(isr_DelSig.o)
 .debug_loc     0x00001a60      0x12c .\CortexM3\ARM_GCC_541\Debug\ComparacionDiferencial.a(ADC_DelSig_Ext_CP_Clk.o)
 .debug_loc     0x00001b8c      0x14d .\CortexM3\ARM_GCC_541\Debug\ComparacionDiferencial.a(ADC_DelSig_theACLK.o)
 .debug_loc     0x00001cd9      0x258 .\CortexM3\ARM_GCC_541\Debug\ComparacionDiferencial.a(UART_PC.o)
 .debug_loc     0x00001f31      0x128 .\CortexM3\ARM_GCC_541\Debug\ComparacionDiferencial.a(UART_PC_IntClock.o)
 .debug_loc     0x00002059       0x56 .\CortexM3\ARM_GCC_541\Debug\ComparacionDiferencial.a(isr_Filter.o)
 .debug_loc     0x000020af       0x60 .\CortexM3\ARM_GCC_541\Debug\ComparacionDiferencial.a(PGA_p.o)
 .debug_loc     0x0000210f       0x60 .\CortexM3\ARM_GCC_541\Debug\ComparacionDiferencial.a(PGA_n.o)
 .debug_loc     0x0000216f       0x21 .\CortexM3\ARM_GCC_541\Debug\ComparacionDiferencial.a(OpaDiff_p.o)
 .debug_loc     0x00002190       0x21 .\CortexM3\ARM_GCC_541\Debug\ComparacionDiferencial.a(OpaDiff_n.o)
 .debug_loc     0x000021b1       0x21 .\CortexM3\ARM_GCC_541\Debug\ComparacionDiferencial.a(OpaBuffer_p.o)
 .debug_loc     0x000021d2       0x21 .\CortexM3\ARM_GCC_541\Debug\ComparacionDiferencial.a(OpaBuffer_n.o)
 .debug_loc     0x000021f3      0x3b2 .\CortexM3\ARM_GCC_541\Debug\ComparacionDiferencial.a(CyFlash.o)
 .debug_loc     0x000025a5      0x705 .\CortexM3\ARM_GCC_541\Debug\ComparacionDiferencial.a(CySpc.o)

.debug_macinfo
 *(.debug_macinfo)

.debug_ranges   0x00000000      0xb00
 *(.debug_ranges)
 .debug_ranges  0x00000000       0x20 .\CortexM3\ARM_GCC_541\Debug\main.o
 .debug_ranges  0x00000020       0x38 .\CortexM3\ARM_GCC_541\Debug\debug.o
 .debug_ranges  0x00000058       0x48 .\CortexM3\ARM_GCC_541\Debug\cyfitter_cfg.o
 .debug_ranges  0x000000a0       0x38 .\CortexM3\ARM_GCC_541\Debug\Cm3Start.o
 .debug_ranges  0x000000d8       0x40 .\CortexM3\ARM_GCC_541\Debug\ComparacionDiferencial.a(TIA_p.o)
 .debug_ranges  0x00000118       0x40 .\CortexM3\ARM_GCC_541\Debug\ComparacionDiferencial.a(TIA_n.o)
 .debug_ranges  0x00000158       0x70 .\CortexM3\ARM_GCC_541\Debug\ComparacionDiferencial.a(Filter.o)
 .debug_ranges  0x000001c8       0x18 .\CortexM3\ARM_GCC_541\Debug\ComparacionDiferencial.a(Filter_PVT.o)
 .debug_ranges  0x000001e0      0x290 .\CortexM3\ARM_GCC_541\Debug\ComparacionDiferencial.a(CyLib.o)
 .debug_ranges  0x00000470       0x88 .\CortexM3\ARM_GCC_541\Debug\ComparacionDiferencial.a(cyPm.o)
 .debug_ranges  0x000004f8       0xd8 .\CortexM3\ARM_GCC_541\Debug\ComparacionDiferencial.a(ADC_DelSig.o)
 .debug_ranges  0x000005d0       0x28 .\CortexM3\ARM_GCC_541\Debug\ComparacionDiferencial.a(ADC_DelSig_INT.o)
 .debug_ranges  0x000005f8       0x70 .\CortexM3\ARM_GCC_541\Debug\ComparacionDiferencial.a(isr_DelSig.o)
 .debug_ranges  0x00000668       0x60 .\CortexM3\ARM_GCC_541\Debug\ComparacionDiferencial.a(ADC_DelSig_Ext_CP_Clk.o)
 .debug_ranges  0x000006c8       0x70 .\CortexM3\ARM_GCC_541\Debug\ComparacionDiferencial.a(ADC_DelSig_theACLK.o)
 .debug_ranges  0x00000738       0xe0 .\CortexM3\ARM_GCC_541\Debug\ComparacionDiferencial.a(UART_PC.o)
 .debug_ranges  0x00000818       0x60 .\CortexM3\ARM_GCC_541\Debug\ComparacionDiferencial.a(UART_PC_IntClock.o)
 .debug_ranges  0x00000878       0x70 .\CortexM3\ARM_GCC_541\Debug\ComparacionDiferencial.a(isr_Filter.o)
 .debug_ranges  0x000008e8       0x38 .\CortexM3\ARM_GCC_541\Debug\ComparacionDiferencial.a(PGA_p.o)
 .debug_ranges  0x00000920       0x38 .\CortexM3\ARM_GCC_541\Debug\ComparacionDiferencial.a(PGA_n.o)
 .debug_ranges  0x00000958       0x30 .\CortexM3\ARM_GCC_541\Debug\ComparacionDiferencial.a(OpaDiff_p.o)
 .debug_ranges  0x00000988       0x30 .\CortexM3\ARM_GCC_541\Debug\ComparacionDiferencial.a(OpaDiff_n.o)
 .debug_ranges  0x000009b8       0x30 .\CortexM3\ARM_GCC_541\Debug\ComparacionDiferencial.a(OpaBuffer_p.o)
 .debug_ranges  0x000009e8       0x30 .\CortexM3\ARM_GCC_541\Debug\ComparacionDiferencial.a(OpaBuffer_n.o)
 .debug_ranges  0x00000a18       0x78 .\CortexM3\ARM_GCC_541\Debug\ComparacionDiferencial.a(CyFlash.o)
 .debug_ranges  0x00000a90       0x70 .\CortexM3\ARM_GCC_541\Debug\ComparacionDiferencial.a(CySpc.o)

.comment        0x00000000       0x6e
 .comment       0x00000000       0x6e .\CortexM3\ARM_GCC_541\Debug\main.o
                                 0x6f (size before relaxing)
 .comment       0x0000006e       0x6f .\CortexM3\ARM_GCC_541\Debug\AnalogToDigital.o
 .comment       0x0000006e       0x6f .\CortexM3\ARM_GCC_541\Debug\buffers.o
 .comment       0x0000006e       0x6f .\CortexM3\ARM_GCC_541\Debug\Communication.o
 .comment       0x0000006e       0x6f .\CortexM3\ARM_GCC_541\Debug\isr_handlers.o
 .comment       0x0000006e       0x6f .\CortexM3\ARM_GCC_541\Debug\tb_buffers.o
 .comment       0x0000006e       0x6f .\CortexM3\ARM_GCC_541\Debug\TestBench.o
 .comment       0x0000006e       0x6f .\CortexM3\ARM_GCC_541\Debug\debug.o
 .comment       0x0000006e       0x6f .\CortexM3\ARM_GCC_541\Debug\cyfitter_cfg.o
 .comment       0x0000006e       0x6f .\CortexM3\ARM_GCC_541\Debug\cymetadata.o
 .comment       0x0000006e       0x6f .\CortexM3\ARM_GCC_541\Debug\Cm3Start.o
 .comment       0x0000006e       0x6f .\CortexM3\ARM_GCC_541\Debug\ComparacionDiferencial.a(TIA_p.o)
 .comment       0x0000006e       0x6f .\CortexM3\ARM_GCC_541\Debug\ComparacionDiferencial.a(TIA_n.o)
 .comment       0x0000006e       0x6f .\CortexM3\ARM_GCC_541\Debug\ComparacionDiferencial.a(Filter.o)
 .comment       0x0000006e       0x6f .\CortexM3\ARM_GCC_541\Debug\ComparacionDiferencial.a(Filter_PVT.o)
 .comment       0x0000006e       0x6f .\CortexM3\ARM_GCC_541\Debug\ComparacionDiferencial.a(Filter_RAM_Data.o)
 .comment       0x0000006e       0x6f .\CortexM3\ARM_GCC_541\Debug\ComparacionDiferencial.a(CyLib.o)
 .comment       0x0000006e       0x6f .\CortexM3\ARM_GCC_541\Debug\ComparacionDiferencial.a(cyPm.o)
 .comment       0x0000006e       0x6f .\CortexM3\ARM_GCC_541\Debug\ComparacionDiferencial.a(ADC_DelSig.o)
 .comment       0x0000006e       0x6f .\CortexM3\ARM_GCC_541\Debug\ComparacionDiferencial.a(ADC_DelSig_INT.o)
 .comment       0x0000006e       0x6f .\CortexM3\ARM_GCC_541\Debug\ComparacionDiferencial.a(isr_DelSig.o)
 .comment       0x0000006e       0x6f .\CortexM3\ARM_GCC_541\Debug\ComparacionDiferencial.a(ADC_DelSig_Ext_CP_Clk.o)
 .comment       0x0000006e       0x6f .\CortexM3\ARM_GCC_541\Debug\ComparacionDiferencial.a(ADC_DelSig_theACLK.o)
 .comment       0x0000006e       0x6f .\CortexM3\ARM_GCC_541\Debug\ComparacionDiferencial.a(UART_PC.o)
 .comment       0x0000006e       0x6f .\CortexM3\ARM_GCC_541\Debug\ComparacionDiferencial.a(UART_PC_IntClock.o)
 .comment       0x0000006e       0x6f .\CortexM3\ARM_GCC_541\Debug\ComparacionDiferencial.a(isr_Filter.o)
 .comment       0x0000006e       0x6f .\CortexM3\ARM_GCC_541\Debug\ComparacionDiferencial.a(PGA_p.o)
 .comment       0x0000006e       0x6f .\CortexM3\ARM_GCC_541\Debug\ComparacionDiferencial.a(PGA_n.o)
 .comment       0x0000006e       0x6f .\CortexM3\ARM_GCC_541\Debug\ComparacionDiferencial.a(OpaDiff_p.o)
 .comment       0x0000006e       0x6f .\CortexM3\ARM_GCC_541\Debug\ComparacionDiferencial.a(OpaDiff_n.o)
 .comment       0x0000006e       0x6f .\CortexM3\ARM_GCC_541\Debug\ComparacionDiferencial.a(OpaBuffer_p.o)
 .comment       0x0000006e       0x6f .\CortexM3\ARM_GCC_541\Debug\ComparacionDiferencial.a(OpaBuffer_n.o)
 .comment       0x0000006e       0x6f .\CortexM3\ARM_GCC_541\Debug\ComparacionDiferencial.a(CyFlash.o)
 .comment       0x0000006e       0x6f .\CortexM3\ARM_GCC_541\Debug\ComparacionDiferencial.a(CySpc.o)

.debug_weaknames
 *(.debug_weaknames)

.debug_funcnames
 *(.debug_funcnames)

.debug_typenames
 *(.debug_typenames)

.debug_varnames
 *(.debug_varnames)

.note.gnu.arm.ident
 *(.note.gnu.arm.ident)

.ARM.attributes
                0x00000000       0x29
 *(.ARM.attributes)
 .ARM.attributes
                0x00000000       0x1d c:/program files (x86)/cypress/psoc creator/4.4/psoc creator/import/gnu/arm/5.4.1/bin/../lib/gcc/arm-none-eabi/5.4.1/armv7-m/crti.o
 .ARM.attributes
                0x0000001d       0x2d c:/program files (x86)/cypress/psoc creator/4.4/psoc creator/import/gnu/arm/5.4.1/bin/../lib/gcc/arm-none-eabi/5.4.1/armv7-m/crtbegin.o
 .ARM.attributes
                0x0000004a       0x1b c:/program files (x86)/cypress/psoc creator/4.4/psoc creator/import/gnu/arm/5.4.1/bin/../lib/gcc/arm-none-eabi/5.4.1/../../../../arm-none-eabi/lib/armv7-m/crt0.o
 .ARM.attributes
                0x00000065       0x33 .\CortexM3\ARM_GCC_541\Debug\main.o
 .ARM.attributes
                0x00000098       0x33 .\CortexM3\ARM_GCC_541\Debug\AnalogToDigital.o
 .ARM.attributes
                0x000000cb       0x33 .\CortexM3\ARM_GCC_541\Debug\buffers.o
 .ARM.attributes
                0x000000fe       0x33 .\CortexM3\ARM_GCC_541\Debug\Communication.o
 .ARM.attributes
                0x00000131       0x33 .\CortexM3\ARM_GCC_541\Debug\isr_handlers.o
 .ARM.attributes
                0x00000164       0x33 .\CortexM3\ARM_GCC_541\Debug\tb_buffers.o
 .ARM.attributes
                0x00000197       0x33 .\CortexM3\ARM_GCC_541\Debug\TestBench.o
 .ARM.attributes
                0x000001ca       0x33 .\CortexM3\ARM_GCC_541\Debug\debug.o
 .ARM.attributes
                0x000001fd       0x33 .\CortexM3\ARM_GCC_541\Debug\cyfitter_cfg.o
 .ARM.attributes
                0x00000230       0x33 .\CortexM3\ARM_GCC_541\Debug\cymetadata.o
 .ARM.attributes
                0x00000263       0x33 .\CortexM3\ARM_GCC_541\Debug\Cm3Start.o
 .ARM.attributes
                0x00000296       0x33 .\CortexM3\ARM_GCC_541\Debug\ComparacionDiferencial.a(TIA_p.o)
 .ARM.attributes
                0x000002c9       0x33 .\CortexM3\ARM_GCC_541\Debug\ComparacionDiferencial.a(TIA_n.o)
 .ARM.attributes
                0x000002fc       0x33 .\CortexM3\ARM_GCC_541\Debug\ComparacionDiferencial.a(Filter.o)
 .ARM.attributes
                0x0000032f       0x33 .\CortexM3\ARM_GCC_541\Debug\ComparacionDiferencial.a(Filter_PVT.o)
 .ARM.attributes
                0x00000362       0x33 .\CortexM3\ARM_GCC_541\Debug\ComparacionDiferencial.a(Filter_RAM_Data.o)
 .ARM.attributes
                0x00000395       0x33 .\CortexM3\ARM_GCC_541\Debug\ComparacionDiferencial.a(CyLib.o)
 .ARM.attributes
                0x000003c8       0x33 .\CortexM3\ARM_GCC_541\Debug\ComparacionDiferencial.a(cyPm.o)
 .ARM.attributes
                0x000003fb       0x33 .\CortexM3\ARM_GCC_541\Debug\ComparacionDiferencial.a(ADC_DelSig.o)
 .ARM.attributes
                0x0000042e       0x33 .\CortexM3\ARM_GCC_541\Debug\ComparacionDiferencial.a(ADC_DelSig_INT.o)
 .ARM.attributes
                0x00000461       0x33 .\CortexM3\ARM_GCC_541\Debug\ComparacionDiferencial.a(isr_DelSig.o)
 .ARM.attributes
                0x00000494       0x33 .\CortexM3\ARM_GCC_541\Debug\ComparacionDiferencial.a(ADC_DelSig_Ext_CP_Clk.o)
 .ARM.attributes
                0x000004c7       0x33 .\CortexM3\ARM_GCC_541\Debug\ComparacionDiferencial.a(ADC_DelSig_theACLK.o)
 .ARM.attributes
                0x000004fa       0x33 .\CortexM3\ARM_GCC_541\Debug\ComparacionDiferencial.a(UART_PC.o)
 .ARM.attributes
                0x0000052d       0x33 .\CortexM3\ARM_GCC_541\Debug\ComparacionDiferencial.a(UART_PC_IntClock.o)
 .ARM.attributes
                0x00000560       0x33 .\CortexM3\ARM_GCC_541\Debug\ComparacionDiferencial.a(isr_Filter.o)
 .ARM.attributes
                0x00000593       0x33 .\CortexM3\ARM_GCC_541\Debug\ComparacionDiferencial.a(PGA_p.o)
 .ARM.attributes
                0x000005c6       0x33 .\CortexM3\ARM_GCC_541\Debug\ComparacionDiferencial.a(PGA_n.o)
 .ARM.attributes
                0x000005f9       0x33 .\CortexM3\ARM_GCC_541\Debug\ComparacionDiferencial.a(OpaDiff_p.o)
 .ARM.attributes
                0x0000062c       0x33 .\CortexM3\ARM_GCC_541\Debug\ComparacionDiferencial.a(OpaDiff_n.o)
 .ARM.attributes
                0x0000065f       0x33 .\CortexM3\ARM_GCC_541\Debug\ComparacionDiferencial.a(OpaBuffer_p.o)
 .ARM.attributes
                0x00000692       0x33 .\CortexM3\ARM_GCC_541\Debug\ComparacionDiferencial.a(OpaBuffer_n.o)
 .ARM.attributes
                0x000006c5       0x21 .\CortexM3\ARM_GCC_541\Debug\ComparacionDiferencial.a(CyBootAsmGnu.o)
 .ARM.attributes
                0x000006e6       0x33 .\CortexM3\ARM_GCC_541\Debug\ComparacionDiferencial.a(CyFlash.o)
 .ARM.attributes
                0x00000719       0x33 .\CortexM3\ARM_GCC_541\Debug\ComparacionDiferencial.a(CySpc.o)
 .ARM.attributes
                0x0000074c       0x1d c:/program files (x86)/cypress/psoc creator/4.4/psoc creator/import/gnu/arm/5.4.1/bin/../lib/gcc/arm-none-eabi/5.4.1/armv7-m\libgcc.a(_arm_addsubdf3.o)
 .ARM.attributes
                0x00000769       0x1d c:/program files (x86)/cypress/psoc creator/4.4/psoc creator/import/gnu/arm/5.4.1/bin/../lib/gcc/arm-none-eabi/5.4.1/armv7-m\libgcc.a(_arm_cmpdf2.o)
 .ARM.attributes
                0x00000786       0x1d c:/program files (x86)/cypress/psoc creator/4.4/psoc creator/import/gnu/arm/5.4.1/bin/../lib/gcc/arm-none-eabi/5.4.1/armv7-m\libgcc.a(_arm_addsubsf3.o)
 .ARM.attributes
                0x000007a3       0x1d c:/program files (x86)/cypress/psoc creator/4.4/psoc creator/import/gnu/arm/5.4.1/bin/../lib/gcc/arm-none-eabi/5.4.1/armv7-m\libgcc.a(_arm_muldivsf3.o)
 .ARM.attributes
                0x000007c0       0x1d c:/program files (x86)/cypress/psoc creator/4.4/psoc creator/import/gnu/arm/5.4.1/bin/../lib/gcc/arm-none-eabi/5.4.1/armv7-m\libgcc.a(_arm_fixunssfsi.o)
 .ARM.attributes
                0x000007dd       0x2d c:/program files (x86)/cypress/psoc creator/4.4/psoc creator/import/gnu/arm/5.4.1/bin/../lib/gcc/arm-none-eabi/5.4.1/../../../../arm-none-eabi/lib/armv7-m\libg_nano.a(lib_a-errno.o)
 .ARM.attributes
                0x0000080a       0x2d c:/program files (x86)/cypress/psoc creator/4.4/psoc creator/import/gnu/arm/5.4.1/bin/../lib/gcc/arm-none-eabi/5.4.1/../../../../arm-none-eabi/lib/armv7-m\libg_nano.a(lib_a-exit.o)
 .ARM.attributes
                0x00000837       0x2d c:/program files (x86)/cypress/psoc creator/4.4/psoc creator/import/gnu/arm/5.4.1/bin/../lib/gcc/arm-none-eabi/5.4.1/../../../../arm-none-eabi/lib/armv7-m\libg_nano.a(lib_a-impure.o)
 .ARM.attributes
                0x00000864       0x2d c:/program files (x86)/cypress/psoc creator/4.4/psoc creator/import/gnu/arm/5.4.1/bin/../lib/gcc/arm-none-eabi/5.4.1/../../../../arm-none-eabi/lib/armv7-m\libg_nano.a(lib_a-init.o)
 .ARM.attributes
                0x00000891       0x2d c:/program files (x86)/cypress/psoc creator/4.4/psoc creator/import/gnu/arm/5.4.1/bin/../lib/gcc/arm-none-eabi/5.4.1/../../../../arm-none-eabi/lib/armv7-m\libg_nano.a(lib_a-memcpy-stub.o)
 .ARM.attributes
                0x000008be       0x2d c:/program files (x86)/cypress/psoc creator/4.4/psoc creator/import/gnu/arm/5.4.1/bin/../lib/gcc/arm-none-eabi/5.4.1/../../../../arm-none-eabi/lib/armv7-m\libg_nano.a(lib_a-memset.o)
 .ARM.attributes
                0x000008eb       0x2d c:/program files (x86)/cypress/psoc creator/4.4/psoc creator/import/gnu/arm/5.4.1/bin/../lib/gcc/arm-none-eabi/5.4.1/armv7-m/crtend.o
 .ARM.attributes
                0x00000918       0x1d c:/program files (x86)/cypress/psoc creator/4.4/psoc creator/import/gnu/arm/5.4.1/bin/../lib/gcc/arm-none-eabi/5.4.1/armv7-m/crtn.o

/DISCARD/
 *(.note.GNU-stack)
OUTPUT(C:\Github\Tesis\src\psoc\ComparacionDiferencial.cydsn\CortexM3\ARM_GCC_541\Debug\ComparacionDiferencial.elf elf32-littlearm)
