Archive member included to satisfy reference by file (symbol)

.\CortexM3\ARM_GCC_541\Debug\ComparacionDiferencial.a(TIA_p.o)
                              .\CortexM3\ARM_GCC_541\Debug\main.o (TIA_p_Start)
.\CortexM3\ARM_GCC_541\Debug\ComparacionDiferencial.a(TIA_n.o)
                              .\CortexM3\ARM_GCC_541\Debug\main.o (TIA_n_Start)
.\CortexM3\ARM_GCC_541\Debug\ComparacionDiferencial.a(Filter.o)
                              .\CortexM3\ARM_GCC_541\Debug\main.o (Filter_Start)
.\CortexM3\ARM_GCC_541\Debug\ComparacionDiferencial.a(Filter_PVT.o)
                              .\CortexM3\ARM_GCC_541\Debug\ComparacionDiferencial.a(Filter.o) (Filter_SetInterruptMode)
.\CortexM3\ARM_GCC_541\Debug\ComparacionDiferencial.a(Filter_RAM_Data.o)
                              .\CortexM3\ARM_GCC_541\Debug\ComparacionDiferencial.a(Filter.o) (Filter_cfsm)
.\CortexM3\ARM_GCC_541\Debug\ComparacionDiferencial.a(CyLib.o)
                              .\CortexM3\ARM_GCC_541\Debug\Cm3Start.o (CyHalt)
.\CortexM3\ARM_GCC_541\Debug\ComparacionDiferencial.a(cyPm.o)
                              .\CortexM3\ARM_GCC_541\Debug\ComparacionDiferencial.a(CyLib.o) (CyPmReadStatus)
.\CortexM3\ARM_GCC_541\Debug\ComparacionDiferencial.a(ADC_DelSig.o)
                              .\CortexM3\ARM_GCC_541\Debug\main.o (ADC_DelSig_Start)
.\CortexM3\ARM_GCC_541\Debug\ComparacionDiferencial.a(ADC_DelSig_INT.o)
                              .\CortexM3\ARM_GCC_541\Debug\ComparacionDiferencial.a(ADC_DelSig.o) (ADC_DelSig_ISR1)
.\CortexM3\ARM_GCC_541\Debug\ComparacionDiferencial.a(isr_DelSig.o)
                              .\CortexM3\ARM_GCC_541\Debug\main.o (isr_DelSig_StartEx)
.\CortexM3\ARM_GCC_541\Debug\ComparacionDiferencial.a(ADC_DelSig_Ext_CP_Clk.o)
                              .\CortexM3\ARM_GCC_541\Debug\ComparacionDiferencial.a(ADC_DelSig.o) (ADC_DelSig_Ext_CP_Clk_SetModeRegister)
.\CortexM3\ARM_GCC_541\Debug\ComparacionDiferencial.a(ADC_DelSig_theACLK.o)
                              .\CortexM3\ARM_GCC_541\Debug\ComparacionDiferencial.a(ADC_DelSig.o) (ADC_DelSig_theACLK_SetModeRegister)
.\CortexM3\ARM_GCC_541\Debug\ComparacionDiferencial.a(UART_PC.o)
                              .\CortexM3\ARM_GCC_541\Debug\main.o (UART_PC_Start)
.\CortexM3\ARM_GCC_541\Debug\ComparacionDiferencial.a(UART_PC_IntClock.o)
                              .\CortexM3\ARM_GCC_541\Debug\ComparacionDiferencial.a(UART_PC.o) (UART_PC_IntClock_Start)
.\CortexM3\ARM_GCC_541\Debug\ComparacionDiferencial.a(isr_Filter.o)
                              .\CortexM3\ARM_GCC_541\Debug\main.o (isr_Filter_StartEx)
.\CortexM3\ARM_GCC_541\Debug\ComparacionDiferencial.a(PGA_p.o)
                              .\CortexM3\ARM_GCC_541\Debug\main.o (PGA_p_Start)
.\CortexM3\ARM_GCC_541\Debug\ComparacionDiferencial.a(PGA_n.o)
                              .\CortexM3\ARM_GCC_541\Debug\main.o (PGA_n_Start)
.\CortexM3\ARM_GCC_541\Debug\ComparacionDiferencial.a(OpaDiff_p.o)
                              .\CortexM3\ARM_GCC_541\Debug\main.o (OpaDiff_p_Start)
.\CortexM3\ARM_GCC_541\Debug\ComparacionDiferencial.a(OpaDiff_n.o)
                              .\CortexM3\ARM_GCC_541\Debug\main.o (OpaDiff_n_Start)
.\CortexM3\ARM_GCC_541\Debug\ComparacionDiferencial.a(OpaBuffer_p.o)
                              .\CortexM3\ARM_GCC_541\Debug\main.o (OpaBuffer_p_Start)
.\CortexM3\ARM_GCC_541\Debug\ComparacionDiferencial.a(OpaBuffer_n.o)
                              .\CortexM3\ARM_GCC_541\Debug\main.o (OpaBuffer_n_Start)
.\CortexM3\ARM_GCC_541\Debug\ComparacionDiferencial.a(CyBootAsmGnu.o)
                              .\CortexM3\ARM_GCC_541\Debug\cyfitter_cfg.o (CyDelayCycles)
.\CortexM3\ARM_GCC_541\Debug\ComparacionDiferencial.a(CyFlash.o)
                              .\CortexM3\ARM_GCC_541\Debug\ComparacionDiferencial.a(cyPm.o) (CyFlash_SetWaitCycles)
.\CortexM3\ARM_GCC_541\Debug\ComparacionDiferencial.a(CySpc.o)
                              .\CortexM3\ARM_GCC_541\Debug\ComparacionDiferencial.a(CyFlash.o) (CySpcStart)
c:/program files (x86)/cypress/psoc creator/4.4/psoc creator/import/gnu/arm/5.4.1/bin/../lib/gcc/arm-none-eabi/5.4.1/armv7-m\libgcc.a(_arm_addsubdf3.o)
                              .\CortexM3\ARM_GCC_541\Debug\main.o (__aeabi_dadd)
c:/program files (x86)/cypress/psoc creator/4.4/psoc creator/import/gnu/arm/5.4.1/bin/../lib/gcc/arm-none-eabi/5.4.1/armv7-m\libgcc.a(_arm_muldivdf3.o)
                              .\CortexM3\ARM_GCC_541\Debug\main.o (__aeabi_dmul)
c:/program files (x86)/cypress/psoc creator/4.4/psoc creator/import/gnu/arm/5.4.1/bin/../lib/gcc/arm-none-eabi/5.4.1/armv7-m\libgcc.a(_arm_cmpdf2.o)
                              .\CortexM3\ARM_GCC_541\Debug\ComparacionDiferencial.a(ADC_DelSig.o) (__aeabi_dcmpgt)
c:/program files (x86)/cypress/psoc creator/4.4/psoc creator/import/gnu/arm/5.4.1/bin/../lib/gcc/arm-none-eabi/5.4.1/armv7-m\libgcc.a(_arm_fixdfsi.o)
                              .\CortexM3\ARM_GCC_541\Debug\main.o (__aeabi_d2iz)
[...]
Memory Configuration

Name             Origin             Length             Attributes
rom              0x00000000         0x00040000         xr
ram              0x1fff8000         0x00010000         xrw
*default*        0x00000000         0xffffffff

Linker script and memory map

LOAD c:/program files (x86)/cypress/psoc creator/4.4/psoc creator/import/gnu/arm/5.4.1/bin/../lib/gcc/arm-none-eabi/5.4.1/armv7-m/crti.o
LOAD c:/program files (x86)/cypress/psoc creator/4.4/psoc creator/import/gnu/arm/5.4.1/bin/../lib/gcc/arm-none-eabi/5.4.1/armv7-m/crtbegin.o
LOAD c:/program files (x86)/cypress/psoc creator/4.4/psoc creator/import/gnu/arm/5.4.1/bin/../lib/gcc/arm-none-eabi/5.4.1/../../../../arm-none-eabi/lib/armv7-m/crt0.o
START GROUP
LOAD .\CortexM3\ARM_GCC_541\Debug\main.o
LOAD .\CortexM3\ARM_GCC_541\Debug\AnalogToDigital.o
LOAD .\CortexM3\ARM_GCC_541\Debug\buffers.o
LOAD .\CortexM3\ARM_GCC_541\Debug\Communication.o
LOAD .\CortexM3\ARM_GCC_541\Debug\isr_handlers.o
LOAD .\CortexM3\ARM_GCC_541\Debug\tb_buffers.o
LOAD .\CortexM3\ARM_GCC_541\Debug\TestBench.o
LOAD .\CortexM3\ARM_GCC_541\Debug\debug.o
LOAD .\CortexM3\ARM_GCC_541\Debug\cyfitter_cfg.o
LOAD .\CortexM3\ARM_GCC_541\Debug\cymetadata.o
LOAD .\CortexM3\ARM_GCC_541\Debug\Cm3Start.o
LOAD .\CortexM3\ARM_GCC_541\Debug\ComparacionDiferencial.a
LOAD C:\Program Files (x86)\Cypress\PSoC Creator\4.4\PSoC Creator\psoc\content\cycomponentlibrary\CyComponentLibrary.cylib\CortexM3\ARM_GCC_541\Debug\CyComponentLibrary.a
END GROUP
START GROUP
LOAD c:/program files (x86)/cypress/psoc creator/4.4/psoc creator/import/gnu/arm/5.4.1/bin/../lib/gcc/arm-none-eabi/5.4.1/armv7-m\libgcc.a
LOAD c:/program files (x86)/cypress/psoc creator/4.4/psoc creator/import/gnu/arm/5.4.1/bin/../lib/gcc/arm-none-eabi/5.4.1/../../../../arm-none-eabi/lib/armv7-m\libg_nano.a
LOAD c:/program files (x86)/cypress/psoc creator/4.4/psoc creator/import/gnu/arm/5.4.1/bin/../lib/gcc/arm-none-eabi/5.4.1/../../../../arm-none-eabi/lib/armv7-m\libc_nano.a
END GROUP
START GROUP
LOAD c:/program files (x86)/cypress/psoc creator/4.4/psoc creator/import/gnu/arm/5.4.1/bin/../lib/gcc/arm-none-eabi/5.4.1/armv7-m\libgcc.a
LOAD c:/program files (x86)/cypress/psoc creator/4.4/psoc creator/import/gnu/arm/5.4.1/bin/../lib/gcc/arm-none-eabi/5.4.1/../../../../arm-none-eabi/lib/armv7-m\libc_nano.a
END GROUP
LOAD c:/program files (x86)/cypress/psoc creator/4.4/psoc creator/import/gnu/arm/5.4.1/bin/../lib/gcc/arm-none-eabi/5.4.1/armv7-m/crtend.o
LOAD c:/program files (x86)/cypress/psoc creator/4.4/psoc creator/import/gnu/arm/5.4.1/bin/../lib/gcc/arm-none-eabi/5.4.1/armv7-m/crtn.o
START GROUP
LOAD c:/program files (x86)/cypress/psoc creator/4.4/psoc creator/import/gnu/arm/5.4.1/bin/../lib/gcc/arm-none-eabi/5.4.1/armv7-m\libgcc.a
LOAD c:/program files (x86)/cypress/psoc creator/4.4/psoc creator/import/gnu/arm/5.4.1/bin/../lib/gcc/arm-none-eabi/5.4.1/../../../../arm-none-eabi/lib/armv7-m\libc.a
LOAD c:/program files (x86)/cypress/psoc creator/4.4/psoc creator/import/gnu/arm/5.4.1/bin/../lib/gcc/arm-none-eabi/5.4.1/../../../../arm-none-eabi/lib/armv7-m\libnosys.a
END GROUP
                0x00000000                CY_APPL_ORIGIN = 0x0
                0x00000100                CY_FLASH_ROW_SIZE = 0x100
                0x00000020                CY_ECC_ROW_SIZE = 0x20
                0x00000000                CY_EE_IN_BTLDR = 0x0
                0x00000000                CY_APPL_LOADABLE = 0x0
                0x00000800                CY_EE_SIZE = 0x800
                0x00000001                CY_APPL_NUM = 0x1
                0x00000001                CY_APPL_MAX = 0x1
                0x00000040                CY_METADATA_SIZE = 0x40
                0x00000000                CY_APPL_LOADABLE = 0x0
                0x00000000                CY_CHECKSUM_EXCLUDE_SIZE = ALIGN (0x0, CY_FLASH_ROW_SIZE)
                [!provide]                PROVIDE (__cy_heap_start, _end)
                0x00000001                PROVIDE (__cy_region_num, ((__cy_regions_end - __cy_regions) / 0x10))
                0x20008000                PROVIDE (__cy_stack, (ORIGIN (ram) + LENGTH (ram)))
                [!provide]                PROVIDE (__cy_heap_end, (__cy_stack - 0x800))

.cybootloader   0x00000000        0x0
 *(.cybootloader)
                0x00000000                appl1_start = CY_APPL_ORIGIN?CY_APPL_ORIGIN:ALIGN (CY_FLASH_ROW_SIZE)
                0x0001ff00                appl2_start = (appl1_start + ALIGN ((((LENGTH (rom) - appl1_start) - (0x2 * CY_FLASH_ROW_SIZE)) / 0x2), CY_FLASH_ROW_SIZE))
                0x00000000                appl_start = (CY_APPL_NUM == 0x1)?appl1_start:appl2_start
                0x00000000                ecc_offset = ((appl_start / CY_FLASH_ROW_SIZE) * CY_ECC_ROW_SIZE)
                0x00000000                ee_offset = (CY_APPL_LOADABLE && ! (CY_EE_IN_BTLDR))?((CY_EE_SIZE / CY_APPL_MAX) * (CY_APPL_NUM - 0x1)):0x0
                0x00000800                ee_size = (CY_APPL_LOADABLE && ! (CY_EE_IN_BTLDR))?(CY_EE_SIZE / CY_APPL_MAX):CY_EE_SIZE
                [!provide]                PROVIDE (CY_ECC_OFFSET, ecc_offset)

.text           0x00000000     0x1e32
 CREATE_OBJECT_SYMBOLS
                0x00000000                PROVIDE (__cy_interrupt_vector, RomVectors)
 *(.romvectors)
 .romvectors    0x00000000       0x10 .\CortexM3\ARM_GCC_541\Debug\Cm3Start.o
                0x00000000                RomVectors
                0x00000001                ASSERT ((. != __cy_interrupt_vector), No interrupt vector)
                0x00000001                ASSERT (CY_APPL_ORIGIN?(SIZEOF (.cybootloader) <= CY_APPL_ORIGIN):0x1, Wrong image location)
                0x00000010                PROVIDE (__cy_reset, Reset)
 *(.text.Reset)
 .text.Reset    0x00000010       0x18 .\CortexM3\ARM_GCC_541\Debug\Cm3Start.o
                0x00000010                Reset
                0x00000001                ASSERT ((. != __cy_reset), No reset code)
 *(.dma_init)
                0x00000001                ASSERT ((((appl_start + .) <= 0x10000) || 0x1), DMA Init must be within the first 64k of flash)
 *(.text .text.* .gnu.linkonce.t.*)
 .text          0x00000028       0x5c c:/program files (x86)/cypress/psoc creator/4.4/psoc creator/import/gnu/arm/5.4.1/bin/../lib/gcc/arm-none-eabi/5.4.1/armv7-m/crtbegin.o
 .text.fir_notch
                0x00000084       0x84 .\CortexM3\ARM_GCC_541\Debug\main.o
 .text.isr_DelSigReady
                0x00000108       0x1c .\CortexM3\ARM_GCC_541\Debug\main.o
                0x00000108                isr_DelSigReady
 .text.isr_FilterReady
                0x00000124       0x24 .\CortexM3\ARM_GCC_541\Debug\main.o
                0x00000124                isr_FilterReady
 .text.main     0x00000148       0xf0 .\CortexM3\ARM_GCC_541\Debug\main.o
                0x00000148                main
 .text.CyClockStartupError
                0x00000238        0x4 .\CortexM3\ARM_GCC_541\Debug\cyfitter_cfg.o
 .text.cfg_write_bytes32
                0x0000023c       0x34 .\CortexM3\ARM_GCC_541\Debug\cyfitter_cfg.o
 .text.AnalogSetDefault
                0x00000270       0xe4 .\CortexM3\ARM_GCC_541\Debug\cyfitter_cfg.o
 .text.CYMEMZERO
                0x00000354        0xc .\CortexM3\ARM_GCC_541\Debug\cyfitter_cfg.o
 .text.CYCONFIGCPY
                0x00000360        0x8 .\CortexM3\ARM_GCC_541\Debug\cyfitter_cfg.o
 .text.ClockSetup
                0x00000368       0xe8 .\CortexM3\ARM_GCC_541\Debug\cyfitter_cfg.o
 .text.cyfitter_cfg
                0x00000450      0x11c .\CortexM3\ARM_GCC_541\Debug\cyfitter_cfg.o
                0x00000450                cyfitter_cfg
 .text.IntDefaultHandler
                0x0000056c       0x10 .\CortexM3\ARM_GCC_541\Debug\Cm3Start.o
                0x0000056c                IntDefaultHandler
 .text.Start_c  0x0000057c       0x4c .\CortexM3\ARM_GCC_541\Debug\Cm3Start.o
                0x0000057c                Start_c
 .text.initialize_psoc
                0x000005c8       0x68 .\CortexM3\ARM_GCC_541\Debug\Cm3Start.o
                0x000005c8                initialize_psoc
 .text.TIA_p_Enable
                0x00000630       0x28 .\CortexM3\ARM_GCC_541\Debug\ComparacionDiferencial.a(TIA_p.o)
                0x00000630                TIA_p_Enable
 .text.TIA_p_SetPower
                0x00000658       0x18 .\CortexM3\ARM_GCC_541\Debug\ComparacionDiferencial.a(TIA_p.o)
                0x00000658                TIA_p_SetPower
 .text.TIA_p_SetResFB
                0x00000670       0x20 .\CortexM3\ARM_GCC_541\Debug\ComparacionDiferencial.a(TIA_p.o)
                0x00000670                TIA_p_SetResFB
 .text.TIA_p_SetCapFB
                0x00000690       0x20 .\CortexM3\ARM_GCC_541\Debug\ComparacionDiferencial.a(TIA_p.o)
                0x00000690                TIA_p_SetCapFB
 .text.TIA_p_Init
                0x000006b0       0x2c .\CortexM3\ARM_GCC_541\Debug\ComparacionDiferencial.a(TIA_p.o)
                0x000006b0                TIA_p_Init
 .text.TIA_p_Start
                0x000006dc       0x1c .\CortexM3\ARM_GCC_541\Debug\ComparacionDiferencial.a(TIA_p.o)
                0x000006dc                TIA_p_Start
 .text.TIA_n_Enable
                0x000006f8       0x28 .\CortexM3\ARM_GCC_541\Debug\ComparacionDiferencial.a(TIA_n.o)
                0x000006f8                TIA_n_Enable
 .text.TIA_n_SetPower
                0x00000720       0x18 .\CortexM3\ARM_GCC_541\Debug\ComparacionDiferencial.a(TIA_n.o)
                0x00000720                TIA_n_SetPower
 .text.TIA_n_SetResFB
                0x00000738       0x20 .\CortexM3\ARM_GCC_541\Debug\ComparacionDiferencial.a(TIA_n.o)
                0x00000738                TIA_n_SetResFB
 .text.TIA_n_SetCapFB
                0x00000758       0x20 .\CortexM3\ARM_GCC_541\Debug\ComparacionDiferencial.a(TIA_n.o)
                0x00000758                TIA_n_SetCapFB
 .text.TIA_n_Init
                0x00000778       0x2c .\CortexM3\ARM_GCC_541\Debug\ComparacionDiferencial.a(TIA_n.o)
                0x00000778                TIA_n_Init
 .text.TIA_n_Start
                0x000007a4       0x1c .\CortexM3\ARM_GCC_541\Debug\ComparacionDiferencial.a(TIA_n.o)
                0x000007a4                TIA_n_Start
 .text.Filter_Init
                0x000007c0       0xd0 .\CortexM3\ARM_GCC_541\Debug\ComparacionDiferencial.a(Filter.o)
                0x000007c0                Filter_Init
 .text.Filter_Enable
                0x00000890       0x28 .\CortexM3\ARM_GCC_541\Debug\ComparacionDiferencial.a(Filter.o)
                0x00000890                Filter_Enable
 .text.Filter_Start
                0x000008b8       0x1c .\CortexM3\ARM_GCC_541\Debug\ComparacionDiferencial.a(Filter.o)
                0x000008b8                Filter_Start
 .text.Filter_Read24
                0x000008d4       0x20 .\CortexM3\ARM_GCC_541\Debug\ComparacionDiferencial.a(Filter.o)
                0x000008d4                Filter_Read24
 .text.Filter_Write24
                0x000008f4       0x1c .\CortexM3\ARM_GCC_541\Debug\ComparacionDiferencial.a(Filter.o)
                0x000008f4                Filter_Write24
 .text.Filter_SetCoherency
                0x00000910       0x48 .\CortexM3\ARM_GCC_541\Debug\ComparacionDiferencial.a(Filter.o)
                0x00000910                Filter_SetCoherency
 .text.Filter_SetDalign
                0x00000958       0x20 .\CortexM3\ARM_GCC_541\Debug\ComparacionDiferencial.a(Filter.o)
                0x00000958                Filter_SetDalign
 .text.Filter_SetInterruptMode
                0x00000978       0x10 .\CortexM3\ARM_GCC_541\Debug\ComparacionDiferencial.a(Filter_PVT.o)
                0x00000978                Filter_SetInterruptMode
 .text.Filter_SetDMAMode
                0x00000988       0x10 .\CortexM3\ARM_GCC_541\Debug\ComparacionDiferencial.a(Filter_PVT.o)
                0x00000988                Filter_SetDMAMode
 .text.CyHalt   0x00000998        0x4 .\CortexM3\ARM_GCC_541\Debug\ComparacionDiferencial.a(CyLib.o)
                0x00000998                CyHalt
 .text.CyDelayUs
                0x0000099c       0x14 .\CortexM3\ARM_GCC_541\Debug\ComparacionDiferencial.a(CyLib.o)
                0x0000099c                CyDelayUs
 .text.CyIntSetVector
                0x000009b0       0x28 .\CortexM3\ARM_GCC_541\Debug\ComparacionDiferencial.a(CyLib.o)
                0x000009b0                CyIntSetVector
 .text.CyIntSetPriority
                0x000009d8       0x30 .\CortexM3\ARM_GCC_541\Debug\ComparacionDiferencial.a(CyLib.o)
                0x000009d8                CyIntSetPriority
 .text.ADC_DelSig_GainCompensation
                0x00000a08       0xdc .\CortexM3\ARM_GCC_541\Debug\ComparacionDiferencial.a(ADC_DelSig.o)
 .text.ADC_DelSig_SetDSMRef0Reg
                0x00000ae4       0x4c .\CortexM3\ARM_GCC_541\Debug\ComparacionDiferencial.a(ADC_DelSig.o)
 .text.ADC_DelSig_InitConfig
                0x00000b30       0xe4 .\CortexM3\ARM_GCC_541\Debug\ComparacionDiferencial.a(ADC_DelSig.o)
 .text.ADC_DelSig_Init
                0x00000c14       0xc4 .\CortexM3\ARM_GCC_541\Debug\ComparacionDiferencial.a(ADC_DelSig.o)
                0x00000c14                ADC_DelSig_Init
 .text.ADC_DelSig_Enable
                0x00000cd8       0xd8 .\CortexM3\ARM_GCC_541\Debug\ComparacionDiferencial.a(ADC_DelSig.o)
                0x00000cd8                ADC_DelSig_Enable
 .text.ADC_DelSig_Start
                0x00000db0       0x28 .\CortexM3\ARM_GCC_541\Debug\ComparacionDiferencial.a(ADC_DelSig.o)
                0x00000db0                ADC_DelSig_Start
 .text.ADC_DelSig_StartConvert
                0x00000dd8       0x10 .\CortexM3\ARM_GCC_541\Debug\ComparacionDiferencial.a(ADC_DelSig.o)
                0x00000dd8                ADC_DelSig_StartConvert
 .text.ADC_DelSig_GetResult32
                0x00000de8       0x6c .\CortexM3\ARM_GCC_541\Debug\ComparacionDiferencial.a(ADC_DelSig.o)
                0x00000de8                ADC_DelSig_GetResult32
 .text.ADC_DelSig_ISR1
                0x00000e54        0x4 .\CortexM3\ARM_GCC_541\Debug\ComparacionDiferencial.a(ADC_DelSig_INT.o)
                0x00000e54                ADC_DelSig_ISR1
 .text.isr_DelSig_SetVector
                0x00000e58        0xc .\CortexM3\ARM_GCC_541\Debug\ComparacionDiferencial.a(isr_DelSig.o)
                0x00000e58                isr_DelSig_SetVector
 .text.isr_DelSig_SetPriority
                0x00000e64       0x10 .\CortexM3\ARM_GCC_541\Debug\ComparacionDiferencial.a(isr_DelSig.o)
                0x00000e64                isr_DelSig_SetPriority
 .text.isr_DelSig_Enable
                0x00000e74        0xc .\CortexM3\ARM_GCC_541\Debug\ComparacionDiferencial.a(isr_DelSig.o)
                0x00000e74                isr_DelSig_Enable
 .text.isr_DelSig_Disable
                0x00000e80        0xc .\CortexM3\ARM_GCC_541\Debug\ComparacionDiferencial.a(isr_DelSig.o)
                0x00000e80                isr_DelSig_Disable
 .text.isr_DelSig_StartEx
                0x00000e8c       0x1c .\CortexM3\ARM_GCC_541\Debug\ComparacionDiferencial.a(isr_DelSig.o)
                0x00000e8c                isr_DelSig_StartEx
 .text.ADC_DelSig_Ext_CP_Clk_GetDividerRegister
                0x00000ea8        0xc .\CortexM3\ARM_GCC_541\Debug\ComparacionDiferencial.a(ADC_DelSig_Ext_CP_Clk.o)
                0x00000ea8                ADC_DelSig_Ext_CP_Clk_GetDividerRegister
 .text.ADC_DelSig_Ext_CP_Clk_SetModeRegister
                0x00000eb4       0x14 .\CortexM3\ARM_GCC_541\Debug\ComparacionDiferencial.a(ADC_DelSig_Ext_CP_Clk.o)
                0x00000eb4                ADC_DelSig_Ext_CP_Clk_SetModeRegister
 .text.ADC_DelSig_Ext_CP_Clk_GetSourceRegister
                0x00000ec8       0x10 .\CortexM3\ARM_GCC_541\Debug\ComparacionDiferencial.a(ADC_DelSig_Ext_CP_Clk.o)
                0x00000ec8                ADC_DelSig_Ext_CP_Clk_GetSourceRegister
 .text.ADC_DelSig_Ext_CP_Clk_SetDividerRegister
                0x00000ed8       0xd8 .\CortexM3\ARM_GCC_541\Debug\ComparacionDiferencial.a(ADC_DelSig_Ext_CP_Clk.o)
                0x00000ed8                ADC_DelSig_Ext_CP_Clk_SetDividerRegister
 .text.ADC_DelSig_theACLK_GetDividerRegister
                0x00000fb0        0xc .\CortexM3\ARM_GCC_541\Debug\ComparacionDiferencial.a(ADC_DelSig_theACLK.o)
                0x00000fb0                ADC_DelSig_theACLK_GetDividerRegister
 .text.ADC_DelSig_theACLK_SetModeRegister
                0x00000fbc       0x14 .\CortexM3\ARM_GCC_541\Debug\ComparacionDiferencial.a(ADC_DelSig_theACLK.o)
                0x00000fbc                ADC_DelSig_theACLK_SetModeRegister
 .text.ADC_DelSig_theACLK_GetSourceRegister
                0x00000fd0       0x10 .\CortexM3\ARM_GCC_541\Debug\ComparacionDiferencial.a(ADC_DelSig_theACLK.o)
                0x00000fd0                ADC_DelSig_theACLK_GetSourceRegister
 .text.ADC_DelSig_theACLK_SetDividerRegister
                0x00000fe0       0xd8 .\CortexM3\ARM_GCC_541\Debug\ComparacionDiferencial.a(ADC_DelSig_theACLK.o)
                0x00000fe0                ADC_DelSig_theACLK_SetDividerRegister
 .text.UART_PC_Init
                0x000010b8       0x28 .\CortexM3\ARM_GCC_541\Debug\ComparacionDiferencial.a(UART_PC.o)
                0x000010b8                UART_PC_Init
 .text.UART_PC_Enable
                0x000010e0       0x38 .\CortexM3\ARM_GCC_541\Debug\ComparacionDiferencial.a(UART_PC.o)
                0x000010e0                UART_PC_Enable
 .text.UART_PC_Start
                0x00001118       0x1c .\CortexM3\ARM_GCC_541\Debug\ComparacionDiferencial.a(UART_PC.o)
                0x00001118                UART_PC_Start
 .text.UART_PC_PutChar
                0x00001134       0x18 .\CortexM3\ARM_GCC_541\Debug\ComparacionDiferencial.a(UART_PC.o)
                0x00001134                UART_PC_PutChar
 .text.UART_PC_PutArray
                0x0000114c       0x28 .\CortexM3\ARM_GCC_541\Debug\ComparacionDiferencial.a(UART_PC.o)
                0x0000114c                UART_PC_PutArray
 .text.UART_PC_IntClock_Start
                0x00001174       0x1c .\CortexM3\ARM_GCC_541\Debug\ComparacionDiferencial.a(UART_PC_IntClock.o)
                0x00001174                UART_PC_IntClock_Start
 .text.isr_Filter_SetVector
                0x00001190       0x10 .\CortexM3\ARM_GCC_541\Debug\ComparacionDiferencial.a(isr_Filter.o)
                0x00001190                isr_Filter_SetVector
 .text.isr_Filter_SetPriority
                0x000011a0       0x10 .\CortexM3\ARM_GCC_541\Debug\ComparacionDiferencial.a(isr_Filter.o)
                0x000011a0                isr_Filter_SetPriority
 .text.isr_Filter_Enable
                0x000011b0       0x10 .\CortexM3\ARM_GCC_541\Debug\ComparacionDiferencial.a(isr_Filter.o)
                0x000011b0                isr_Filter_Enable
 .text.isr_Filter_Disable
                0x000011c0       0x10 .\CortexM3\ARM_GCC_541\Debug\ComparacionDiferencial.a(isr_Filter.o)
                0x000011c0                isr_Filter_Disable
 .text.isr_Filter_StartEx
                0x000011d0       0x1c .\CortexM3\ARM_GCC_541\Debug\ComparacionDiferencial.a(isr_Filter.o)
                0x000011d0                isr_Filter_StartEx
 .text.PGA_p_Enable
                0x000011ec       0x28 .\CortexM3\ARM_GCC_541\Debug\ComparacionDiferencial.a(PGA_p.o)
                0x000011ec                PGA_p_Enable
 .text.PGA_p_SetPower
                0x00001214       0x18 .\CortexM3\ARM_GCC_541\Debug\ComparacionDiferencial.a(PGA_p.o)
                0x00001214                PGA_p_SetPower
 .text.PGA_p_SetGain
                0x0000122c       0x78 .\CortexM3\ARM_GCC_541\Debug\ComparacionDiferencial.a(PGA_p.o)
                0x0000122c                PGA_p_SetGain
 .text.PGA_p_Init
                0x000012a4       0x34 .\CortexM3\ARM_GCC_541\Debug\ComparacionDiferencial.a(PGA_p.o)
                0x000012a4                PGA_p_Init
 .text.PGA_p_Start
                0x000012d8       0x1c .\CortexM3\ARM_GCC_541\Debug\ComparacionDiferencial.a(PGA_p.o)
                0x000012d8                PGA_p_Start
 .text.PGA_n_Enable
                0x000012f4       0x28 .\CortexM3\ARM_GCC_541\Debug\ComparacionDiferencial.a(PGA_n.o)
                0x000012f4                PGA_n_Enable
 .text.PGA_n_SetPower
                0x0000131c       0x18 .\CortexM3\ARM_GCC_541\Debug\ComparacionDiferencial.a(PGA_n.o)
                0x0000131c                PGA_n_SetPower
 .text.PGA_n_SetGain
                0x00001334       0x78 .\CortexM3\ARM_GCC_541\Debug\ComparacionDiferencial.a(PGA_n.o)
                0x00001334                PGA_n_SetGain
 .text.PGA_n_Init
                0x000013ac       0x34 .\CortexM3\ARM_GCC_541\Debug\ComparacionDiferencial.a(PGA_n.o)
                0x000013ac                PGA_n_Init
 .text.PGA_n_Start
                0x000013e0       0x1c .\CortexM3\ARM_GCC_541\Debug\ComparacionDiferencial.a(PGA_n.o)
                0x000013e0                PGA_n_Start
 .text.OpaDiff_p_Enable
                0x000013fc       0x28 .\CortexM3\ARM_GCC_541\Debug\ComparacionDiferencial.a(OpaDiff_p.o)
                0x000013fc                OpaDiff_p_Enable
 .text.OpaDiff_p_SetPower
                0x00001424       0x1c .\CortexM3\ARM_GCC_541\Debug\ComparacionDiferencial.a(OpaDiff_p.o)
                0x00001424                OpaDiff_p_SetPower
 .text.OpaDiff_p_Init
                0x00001440        0xc .\CortexM3\ARM_GCC_541\Debug\ComparacionDiferencial.a(OpaDiff_p.o)
                0x00001440                OpaDiff_p_Init
 .text.OpaDiff_p_Start
                0x0000144c       0x1c .\CortexM3\ARM_GCC_541\Debug\ComparacionDiferencial.a(OpaDiff_p.o)
                0x0000144c                OpaDiff_p_Start
 .text.OpaDiff_n_Enable
                0x00001468       0x28 .\CortexM3\ARM_GCC_541\Debug\ComparacionDiferencial.a(OpaDiff_n.o)
                0x00001468                OpaDiff_n_Enable
 .text.OpaDiff_n_SetPower
                0x00001490       0x1c .\CortexM3\ARM_GCC_541\Debug\ComparacionDiferencial.a(OpaDiff_n.o)
                0x00001490                OpaDiff_n_SetPower
 .text.OpaDiff_n_Init
                0x000014ac        0xc .\CortexM3\ARM_GCC_541\Debug\ComparacionDiferencial.a(OpaDiff_n.o)
                0x000014ac                OpaDiff_n_Init
 .text.OpaDiff_n_Start
                0x000014b8       0x1c .\CortexM3\ARM_GCC_541\Debug\ComparacionDiferencial.a(OpaDiff_n.o)
                0x000014b8                OpaDiff_n_Start
 .text.OpaBuffer_p_Enable
                0x000014d4       0x28 .\CortexM3\ARM_GCC_541\Debug\ComparacionDiferencial.a(OpaBuffer_p.o)
                0x000014d4                OpaBuffer_p_Enable
 .text.OpaBuffer_p_SetPower
                0x000014fc       0x1c .\CortexM3\ARM_GCC_541\Debug\ComparacionDiferencial.a(OpaBuffer_p.o)
                0x000014fc                OpaBuffer_p_SetPower
 .text.OpaBuffer_p_Init
                0x00001518        0xc .\CortexM3\ARM_GCC_541\Debug\ComparacionDiferencial.a(OpaBuffer_p.o)
                0x00001518                OpaBuffer_p_Init
 .text.OpaBuffer_p_Start
                0x00001524       0x1c .\CortexM3\ARM_GCC_541\Debug\ComparacionDiferencial.a(OpaBuffer_p.o)
                0x00001524                OpaBuffer_p_Start
 .text.OpaBuffer_n_Enable
                0x00001540       0x28 .\CortexM3\ARM_GCC_541\Debug\ComparacionDiferencial.a(OpaBuffer_n.o)
                0x00001540                OpaBuffer_n_Enable
 .text.OpaBuffer_n_SetPower
                0x00001568       0x1c .\CortexM3\ARM_GCC_541\Debug\ComparacionDiferencial.a(OpaBuffer_n.o)
                0x00001568                OpaBuffer_n_SetPower
 .text.OpaBuffer_n_Init
                0x00001584        0xc .\CortexM3\ARM_GCC_541\Debug\ComparacionDiferencial.a(OpaBuffer_n.o)
                0x00001584                OpaBuffer_n_Init
 .text.OpaBuffer_n_Start
                0x00001590       0x1c .\CortexM3\ARM_GCC_541\Debug\ComparacionDiferencial.a(OpaBuffer_n.o)
                0x00001590                OpaBuffer_n_Start
 *fill*         0x000015ac        0x4 
 .text          0x000015b0       0x20 .\CortexM3\ARM_GCC_541\Debug\ComparacionDiferencial.a(CyBootAsmGnu.o)
                0x000015b0                CyDelayCycles
                0x000015c0                CyEnterCriticalSection
                0x000015c8                CyExitCriticalSection
 .text          0x000015d0      0x370 c:/program files (x86)/cypress/psoc creator/4.4/psoc creator/import/gnu/arm/5.4.1/bin/../lib/gcc/arm-none-eabi/5.4.1/armv7-m\libgcc.a(_arm_addsubdf3.o)
                0x000015d0                __aeabi_drsub
                0x000015d8                __aeabi_dsub
                0x000015d8                __subdf3
                0x000015dc                __aeabi_dadd
                0x000015dc                __adddf3
                0x00001854                __floatunsidf
                0x00001854                __aeabi_ui2d
                0x00001874                __floatsidf
                0x00001874                __aeabi_i2d
                0x00001898                __aeabi_f2d
                0x00001898                __extendsfdf2
                0x000018d4                __floatundidf
                0x000018d4                __aeabi_ul2d
                0x000018e4                __floatdidf
                0x000018e4                __aeabi_l2d
 .text          0x00001940      0x424 c:/program files (x86)/cypress/psoc creator/4.4/psoc creator/import/gnu/arm/5.4.1/bin/../lib/gcc/arm-none-eabi/5.4.1/armv7-m\libgcc.a(_arm_muldivdf3.o)
                0x00001940                __aeabi_dmul
                0x00001940                __muldf3
                0x00001b94                __divdf3
                0x00001b94                __aeabi_ddiv
 .text          0x00001d64       0x50 c:/program files (x86)/cypress/psoc creator/4.4/psoc creator/import/gnu/arm/5.4.1/bin/../lib/gcc/arm-none-eabi/5.4.1/armv7-m\libgcc.a(_arm_fixdfsi.o)
                0x00001d64                __aeabi_d2iz
                0x00001d64                __fixdfsi
 .text.__errno  0x00001db4        0xc c:/program files (x86)/cypress/psoc creator/4.4/psoc creator/import/gnu/arm/5.4.1/bin/../lib/gcc/arm-none-eabi/5.4.1/../../../../arm-none-eabi/lib/armv7-m\libg_nano.a(lib_a-errno.o)
                0x00001db4                __errno
 .text.__libc_init_array
                0x00001dc0       0x4c c:/program files (x86)/cypress/psoc creator/4.4/psoc creator/import/gnu/arm/5.4.1/bin/../lib/gcc/arm-none-eabi/5.4.1/../../../../arm-none-eabi/lib/armv7-m\libg_nano.a(lib_a-init.o)
                0x00001dc0                __libc_init_array
 .text.memcpy   0x00001e0c       0x16 c:/program files (x86)/cypress/psoc creator/4.4/psoc creator/import/gnu/arm/5.4.1/bin/../lib/gcc/arm-none-eabi/5.4.1/../../../../arm-none-eabi/lib/armv7-m\libg_nano.a(lib_a-memcpy-stub.o)
                0x00001e0c                memcpy
 .text.memset   0x00001e22       0x10 c:/program files (x86)/cypress/psoc creator/4.4/psoc creator/import/gnu/arm/5.4.1/bin/../lib/gcc/arm-none-eabi/5.4.1/../../../../arm-none-eabi/lib/armv7-m\libg_nano.a(lib_a-memset.o)
                0x00001e22                memset
 *(.plt)
 *(.gnu.warning)
 *(.glue_7t)
 .glue_7t       0x00001e32        0x0 linker stubs
 *(.glue_7)
 .glue_7        0x00001e32        0x0 linker stubs
 *(.vfp11_veneer)
 .vfp11_veneer  0x00001e32        0x0 linker stubs
 *(.bootloader)
 *(.ARM.extab* .gnu.linkonce.armextab.*)
 *(.gcc_except_table)

.v4_bx          0x00001e34        0x0
 .v4_bx         0x00001e34        0x0 linker stubs

.iplt           0x00001e34        0x0
 .iplt          0x00001e34        0x0 c:/program files (x86)/cypress/psoc creator/4.4/psoc creator/import/gnu/arm/5.4.1/bin/../lib/gcc/arm-none-eabi/5.4.1/armv7-m/crtbegin.o

.eh_frame_hdr
 *(.eh_frame_hdr)

.eh_frame       0x00001e34        0x4
 *(.eh_frame)
 .eh_frame      0x00001e34        0x0 c:/program files (x86)/cypress/psoc creator/4.4/psoc creator/import/gnu/arm/5.4.1/bin/../lib/gcc/arm-none-eabi/5.4.1/armv7-m/crtbegin.o
 .eh_frame      0x00001e34        0x4 c:/program files (x86)/cypress/psoc creator/4.4/psoc creator/import/gnu/arm/5.4.1/bin/../lib/gcc/arm-none-eabi/5.4.1/armv7-m/crtend.o
                [!provide]                PROVIDE (__exidx_start, .)

.ARM.exidx
 *(.ARM.exidx* .gnu.linkonce.armexidx.*)
                0x00001e38                __exidx_end = .

.rodata         0x00001e38      0x6d0
 *(.rodata .rodata.* .gnu.linkonce.r.*)
 .rodata        0x00001e38       0x2a .\CortexM3\ARM_GCC_541\Debug\cyfitter_cfg.o
 *fill*         0x00001e62        0x2 
 .rodata        0x00001e64      0x640 .\CortexM3\ARM_GCC_541\Debug\ComparacionDiferencial.a(Filter_RAM_Data.o)
                0x00001e64                Filter_cfsm
                0x00001f64                Filter_acu
                0x00001fa4                Filter_data_b
                0x000021a4                Filter_data_a
                0x000023a4                Filter_control
 .rodata        0x000024a4       0x15 .\CortexM3\ARM_GCC_541\Debug\ComparacionDiferencial.a(PGA_p.o)
 *fill*         0x000024b9        0x3 
 .rodata        0x000024bc       0x15 .\CortexM3\ARM_GCC_541\Debug\ComparacionDiferencial.a(PGA_n.o)
 .rodata.str1.1
                0x000024d1        0x2 c:/program files (x86)/cypress/psoc creator/4.4/psoc creator/import/gnu/arm/5.4.1/bin/../lib/gcc/arm-none-eabi/5.4.1/../../../../arm-none-eabi/lib/armv7-m\libg_nano.a(lib_a-impure.o)
                0x000024d4                . = ALIGN (0x4)
 *fill*         0x000024d3        0x1 
 *(.init)
 .init          0x000024d4        0x4 c:/program files (x86)/cypress/psoc creator/4.4/psoc creator/import/gnu/arm/5.4.1/bin/../lib/gcc/arm-none-eabi/5.4.1/armv7-m/crti.o
                0x000024d4                _init
 .init          0x000024d8        0x8 c:/program files (x86)/cypress/psoc creator/4.4/psoc creator/import/gnu/arm/5.4.1/bin/../lib/gcc/arm-none-eabi/5.4.1/armv7-m/crtn.o
                0x000024e0                . = ALIGN (0x4)
                0x000024e0                __preinit_array_start = .
 *(.preinit_array)
                0x000024e0                __preinit_array_end = .
                0x000024e0                . = ALIGN (0x4)
                0x000024e0                __init_array_start = .
 *(SORT(.init_array.*))
 *(.init_array)
 .init_array    0x000024e0        0x4 c:/program files (x86)/cypress/psoc creator/4.4/psoc creator/import/gnu/arm/5.4.1/bin/../lib/gcc/arm-none-eabi/5.4.1/armv7-m/crtbegin.o
 .init_array    0x000024e4        0x4 .\CortexM3\ARM_GCC_541\Debug\Cm3Start.o
                0x000024e8                __init_array_end = .
                0x000024e8                . = ALIGN (0x4)
 *(.fini)
 .fini          0x000024e8        0x4 c:/program files (x86)/cypress/psoc creator/4.4/psoc creator/import/gnu/arm/5.4.1/bin/../lib/gcc/arm-none-eabi/5.4.1/armv7-m/crti.o
                0x000024e8                _fini
 .fini          0x000024ec        0x8 c:/program files (x86)/cypress/psoc creator/4.4/psoc creator/import/gnu/arm/5.4.1/bin/../lib/gcc/arm-none-eabi/5.4.1/armv7-m/crtn.o
                0x000024f4                . = ALIGN (0x4)
                0x000024f4                __fini_array_start = .
 *(.fini_array)
 .fini_array    0x000024f4        0x4 c:/program files (x86)/cypress/psoc creator/4.4/psoc creator/import/gnu/arm/5.4.1/bin/../lib/gcc/arm-none-eabi/5.4.1/armv7-m/crtbegin.o
 *(SORT(.fini_array.*))
                0x000024f8                __fini_array_end = .
                0x000024f8                . = ALIGN (0x4)
 *crtbegin.o(.ctors)
 *(EXCLUDE_FILE(*crtend.o) .ctors)
 *(SORT(.ctors.*))
 *crtend.o(.ctors)
                0x000024f8                . = ALIGN (0x4)
 *crtbegin.o(.dtors)
 *(EXCLUDE_FILE(*crtend.o) .dtors)
 *(SORT(.dtors.*))
 *crtend.o(.dtors)
                0x000024f8                . = ALIGN (0x4)
                0x000024f8                __cy_regions = .
                0x000024f8        0x4 LONG 0x2508 __cy_region_init_ram
                0x000024fc        0x4 LONG 0x1fff80c8 __cy_region_start_data
                0x00002500        0x4 LONG 0xf08 __cy_region_init_size_ram
                0x00002504        0x4 LONG 0x790 __cy_region_zero_size_ram
                0x00002508                __cy_regions_end = .
                0x00002508                . = ALIGN (0x8)
                0x00002508                _etext = .

.cy_checksum_exclude
                0x00002508        0x0
 *(.cy_checksum_exclude)

.ramvectors     0x1fff8000       0xc0
                0x1fff8000                __cy_region_start_ram = .
 *(.ramvectors)
 .ramvectors    0x1fff8000       0xc0 .\CortexM3\ARM_GCC_541\Debug\Cm3Start.o
                0x1fff8000                CyRamVectors

.noinit         0x1fff80c0        0x1
 *(.noinit)
 .noinit        0x1fff80c0        0x1 .\CortexM3\ARM_GCC_541\Debug\ComparacionDiferencial.a(CyLib.o)
                0x1fff80c0                CyResetStatus

.data           0x1fff80c8      0xf08 load address 0x00002508
                0x1fff80c8                __cy_region_start_data = .
 *(.jcr)
 .jcr           0x1fff80c8        0x0 c:/program files (x86)/cypress/psoc creator/4.4/psoc creator/import/gnu/arm/5.4.1/bin/../lib/gcc/arm-none-eabi/5.4.1/armv7-m/crtbegin.o
 .jcr           0x1fff80c8        0x4 c:/program files (x86)/cypress/psoc creator/4.4/psoc creator/import/gnu/arm/5.4.1/bin/../lib/gcc/arm-none-eabi/5.4.1/armv7-m/crtend.o
 *(.got.plt)
 *(.got)
 *(.shdata)
 *(.data .data.* .gnu.linkonce.d.*)
 *fill*         0x1fff80cc        0x4 
 .data          0x1fff80d0      0xe88 .\CortexM3\ARM_GCC_541\Debug\main.o
                0x1fff80d0                filter_coeffs
 .data          0x1fff8f58       0x10 .\CortexM3\ARM_GCC_541\Debug\ComparacionDiferencial.a(CyLib.o)
                0x1fff8f58                cydelay_32k_ms
                0x1fff8f5c                cydelay_freq_khz
                0x1fff8f60                cydelay_freq_mhz
                0x1fff8f64                cydelay_freq_hz
 .data          0x1fff8f68        0x1 .\CortexM3\ARM_GCC_541\Debug\ComparacionDiferencial.a(ADC_DelSig.o)
                0x1fff8f68                ADC_DelSig_Config
 *fill*         0x1fff8f69        0x3 
 .data.impure_data
                0x1fff8f6c       0x60 c:/program files (x86)/cypress/psoc creator/4.4/psoc creator/import/gnu/arm/5.4.1/bin/../lib/gcc/arm-none-eabi/5.4.1/../../../../arm-none-eabi/lib/armv7-m\libg_nano.a(lib_a-impure.o)
 .data._impure_ptr
                0x1fff8fcc        0x4 c:/program files (x86)/cypress/psoc creator/4.4/psoc creator/import/gnu/arm/5.4.1/bin/../lib/gcc/arm-none-eabi/5.4.1/../../../../arm-none-eabi/lib/armv7-m\libg_nano.a(lib_a-impure.o)
                0x1fff8fcc                _impure_ptr
                0x1fff8fd0                . = ALIGN (0x8)
 *(.ram)
                0x1fff8fd0                _edata = .

.igot.plt       0x1fff8fd0        0x0 load address 0x00003410
 .igot.plt      0x1fff8fd0        0x0 c:/program files (x86)/cypress/psoc creator/4.4/psoc creator/import/gnu/arm/5.4.1/bin/../lib/gcc/arm-none-eabi/5.4.1/armv7-m/crtbegin.o

.bss            0x1fff8fd0      0x790 load address 0x00003410
                0x1fff8fd0                PROVIDE (__bss_start__, .)
 *(.shbss)
 *(.bss .bss.* .gnu.linkonce.b.*)
 .bss           0x1fff8fd0       0x1c c:/program files (x86)/cypress/psoc creator/4.4/psoc creator/import/gnu/arm/5.4.1/bin/../lib/gcc/arm-none-eabi/5.4.1/armv7-m/crtbegin.o
 .bss           0x1fff8fec      0x754 .\CortexM3\ARM_GCC_541\Debug\main.o
 .bss           0x1fff9740        0x1 .\CortexM3\ARM_GCC_541\Debug\ComparacionDiferencial.a(TIA_p.o)
                0x1fff9740                TIA_p_initVar
 .bss           0x1fff9741        0x1 .\CortexM3\ARM_GCC_541\Debug\ComparacionDiferencial.a(TIA_n.o)
                0x1fff9741                TIA_n_initVar
 .bss           0x1fff9742        0x1 .\CortexM3\ARM_GCC_541\Debug\ComparacionDiferencial.a(Filter.o)
                0x1fff9742                Filter_initVar
 *fill*         0x1fff9743        0x1 
 .bss           0x1fff9744        0xc .\CortexM3\ARM_GCC_541\Debug\ComparacionDiferencial.a(ADC_DelSig.o)
                0x1fff9748                ADC_DelSig_stopConversion
                0x1fff9749                ADC_DelSig_convDone
                0x1fff974a                ADC_DelSig_initVar
                0x1fff974b                ADC_DelSig_started
                0x1fff974c                ADC_DelSig_Offset
 .bss           0x1fff9750        0x2 .\CortexM3\ARM_GCC_541\Debug\ComparacionDiferencial.a(UART_PC.o)
                0x1fff9750                UART_PC_initVar
 .bss           0x1fff9752        0x1 .\CortexM3\ARM_GCC_541\Debug\ComparacionDiferencial.a(PGA_p.o)
                0x1fff9752                PGA_p_initVar
 .bss           0x1fff9753        0x1 .\CortexM3\ARM_GCC_541\Debug\ComparacionDiferencial.a(PGA_n.o)
                0x1fff9753                PGA_n_initVar
 .bss           0x1fff9754        0x1 .\CortexM3\ARM_GCC_541\Debug\ComparacionDiferencial.a(OpaDiff_p.o)
                0x1fff9754                OpaDiff_p_initVar
 .bss           0x1fff9755        0x1 .\CortexM3\ARM_GCC_541\Debug\ComparacionDiferencial.a(OpaDiff_n.o)
                0x1fff9755                OpaDiff_n_initVar
 .bss           0x1fff9756        0x1 .\CortexM3\ARM_GCC_541\Debug\ComparacionDiferencial.a(OpaBuffer_p.o)
                0x1fff9756                OpaBuffer_p_initVar
 .bss           0x1fff9757        0x1 .\CortexM3\ARM_GCC_541\Debug\ComparacionDiferencial.a(OpaBuffer_n.o)
                0x1fff9757                OpaBuffer_n_initVar
 *(COMMON)
 COMMON         0x1fff9758        0x4 .\CortexM3\ARM_GCC_541\Debug\ComparacionDiferencial.a(ADC_DelSig.o)
                0x1fff9758                ADC_DelSig_CountsPerVolt
                0x1fff9760                . = ALIGN (0x8)
 *fill*         0x1fff975c        0x4 
 *(.ram.b)
                0x1fff9760                _end = .
                0x1fff9760                __end = .
                0x1fff9760                PROVIDE (end, .)
                0x1fff9760                PROVIDE (__bss_end__, .)
                0x00002508                __cy_region_init_ram = LOADADDR (.data)
                0x00000f08                __cy_region_init_size_ram = (_edata - ADDR (.data))
                0x00000790                __cy_region_zero_size_ram = (_end - _edata)

.heap           0x1fff9760       0x80 load address 0x00003410
                0x1fff9760                . = _end
                0x1fff97e0                . = (. + 0x80)
 *fill*         0x1fff9760       0x80 
                0x1fff97e0                __cy_heap_limit = .

.stack          0x20007800      0x800
                0x20007800                __cy_stack_limit = .
                0x20008000                . = (. + 0x800)
 *fill*         0x20007800      0x800 
                0x00000001                ASSERT ((__cy_stack_limit >= __cy_heap_limit), region RAM overflowed with stack)
                0x00000000                cy_checksum_exclude_size = (CY_APPL_LOADABLE == 0x1)?SIZEOF (.cy_checksum_exclude):0x0
                0x00000001                ASSERT ((cy_checksum_exclude_size <= CY_CHECKSUM_EXCLUDE_SIZE), CY_BOOT: Section .cy_checksum_exclude size exceedes specified limit.)

.cyloadermeta
 *(.cyloadermeta)

.cyloadablemeta
 *(.cyloadablemeta)

.cyconfigecc    0x80000000      0x430
 *(.cyconfigecc)
 .cyconfigecc   0x80000000      0x430 .\CortexM3\ARM_GCC_541\Debug\cymetadata.o
                0x80000000                cy_meta_configecc

.cycustnvl      0x90000000        0x4
 *(.cycustnvl)
 .cycustnvl     0x90000000        0x4 .\CortexM3\ARM_GCC_541\Debug\cymetadata.o
                0x90000000                cy_meta_custnvl

.cywolatch      0x90100000        0x4
 *(.cywolatch)
 .cywolatch     0x90100000        0x4 .\CortexM3\ARM_GCC_541\Debug\cymetadata.o
                0x90100000                cy_meta_wonvl

.cyeeprom       0x90200000        0x0
 *(.cyeeprom)
                0x00000001                ASSERT ((. <= ((0x90200000 + ee_offset) + ee_size)), .cyeeprom data will not fit in EEPROM)

.cyflashprotect
                0x90400000      0x100
 *(.cyflashprotect)
 .cyflashprotect
                0x90400000      0x100 .\CortexM3\ARM_GCC_541\Debug\cymetadata.o
                0x90400000                cy_meta_flashprotect

.cymeta         0x90500000        0xc
 *(.cymeta)
 .cymeta        0x90500000        0xc .\CortexM3\ARM_GCC_541\Debug\cymetadata.o
                0x90500000                cy_metadata

.rel.dyn        0x00003410        0x0 load address 0x9050000c
 .rel.iplt      0x00003410        0x0 c:/program files (x86)/cypress/psoc creator/4.4/psoc creator/import/gnu/arm/5.4.1/bin/../lib/gcc/arm-none-eabi/5.4.1/armv7-m/crtbegin.o

.stab
 *(.stab)

.stabstr
 *(.stabstr)

.debug
 *(.debug)

.line
 *(.line)

.debug_srcinfo
 *(.debug_srcinfo)

.debug_sfnames
 *(.debug_sfnames)

.debug_aranges  0x00000000      0xcf8
 *(.debug_aranges)
 .debug_aranges
                0x00000000       0x38 .\CortexM3\ARM_GCC_541\Debug\main.o
 .debug_aranges
                0x00000038       0x48 .\CortexM3\ARM_GCC_541\Debug\debug.o
 .debug_aranges
                0x00000080       0x58 .\CortexM3\ARM_GCC_541\Debug\cyfitter_cfg.o
 .debug_aranges
                0x000000d8       0x18 .\CortexM3\ARM_GCC_541\Debug\cymetadata.o
 .debug_aranges
                0x000000f0       0x48 .\CortexM3\ARM_GCC_541\Debug\Cm3Start.o
 .debug_aranges
                0x00000138       0x50 .\CortexM3\ARM_GCC_541\Debug\ComparacionDiferencial.a(TIA_p.o)
 .debug_aranges
                0x00000188       0x50 .\CortexM3\ARM_GCC_541\Debug\ComparacionDiferencial.a(TIA_n.o)
 .debug_aranges
                0x000001d8       0x80 .\CortexM3\ARM_GCC_541\Debug\ComparacionDiferencial.a(Filter.o)
 .debug_aranges
                0x00000258       0x28 .\CortexM3\ARM_GCC_541\Debug\ComparacionDiferencial.a(Filter_PVT.o)
 .debug_aranges
                0x00000280       0x18 .\CortexM3\ARM_GCC_541\Debug\ComparacionDiferencial.a(Filter_RAM_Data.o)
 .debug_aranges
                0x00000298      0x2a0 .\CortexM3\ARM_GCC_541\Debug\ComparacionDiferencial.a(CyLib.o)
 .debug_aranges
                0x00000538       0x98 .\CortexM3\ARM_GCC_541\Debug\ComparacionDiferencial.a(cyPm.o)
 .debug_aranges
                0x000005d0       0xe8 .\CortexM3\ARM_GCC_541\Debug\ComparacionDiferencial.a(ADC_DelSig.o)
 .debug_aranges
                0x000006b8       0x38 .\CortexM3\ARM_GCC_541\Debug\ComparacionDiferencial.a(ADC_DelSig_INT.o)
 .debug_aranges
                0x000006f0       0x80 .\CortexM3\ARM_GCC_541\Debug\ComparacionDiferencial.a(isr_DelSig.o)
 .debug_aranges
                0x00000770       0x70 .\CortexM3\ARM_GCC_541\Debug\ComparacionDiferencial.a(ADC_DelSig_Ext_CP_Clk.o)
 .debug_aranges
                0x000007e0       0x80 .\CortexM3\ARM_GCC_541\Debug\ComparacionDiferencial.a(ADC_DelSig_theACLK.o)
 .debug_aranges
                0x00000860       0xf0 .\CortexM3\ARM_GCC_541\Debug\ComparacionDiferencial.a(UART_PC.o)
 .debug_aranges
                0x00000950       0x70 .\CortexM3\ARM_GCC_541\Debug\ComparacionDiferencial.a(UART_PC_IntClock.o)
 .debug_aranges
                0x000009c0       0x80 .\CortexM3\ARM_GCC_541\Debug\ComparacionDiferencial.a(isr_Filter.o)
 .debug_aranges
                0x00000a40       0x48 .\CortexM3\ARM_GCC_541\Debug\ComparacionDiferencial.a(PGA_p.o)
 .debug_aranges
                0x00000a88       0x48 .\CortexM3\ARM_GCC_541\Debug\ComparacionDiferencial.a(PGA_n.o)
 .debug_aranges
                0x00000ad0       0x40 .\CortexM3\ARM_GCC_541\Debug\ComparacionDiferencial.a(OpaDiff_p.o)
 .debug_aranges
                0x00000b10       0x40 .\CortexM3\ARM_GCC_541\Debug\ComparacionDiferencial.a(OpaDiff_n.o)
 .debug_aranges
                0x00000b50       0x40 .\CortexM3\ARM_GCC_541\Debug\ComparacionDiferencial.a(OpaBuffer_p.o)
 .debug_aranges
                0x00000b90       0x40 .\CortexM3\ARM_GCC_541\Debug\ComparacionDiferencial.a(OpaBuffer_n.o)
 .debug_aranges
                0x00000bd0       0x20 .\CortexM3\ARM_GCC_541\Debug\ComparacionDiferencial.a(CyBootAsmGnu.o)
 .debug_aranges
                0x00000bf0       0x88 .\CortexM3\ARM_GCC_541\Debug\ComparacionDiferencial.a(CyFlash.o)
 .debug_aranges
                0x00000c78       0x80 .\CortexM3\ARM_GCC_541\Debug\ComparacionDiferencial.a(CySpc.o)

.debug_pubnames
 *(.debug_pubnames)

.debug_info     0x00000000     0x6c37
 *(.debug_info .gnu.linkonce.wi.*)
 .debug_info    0x00000000      0x4c9 .\CortexM3\ARM_GCC_541\Debug\main.o
 .debug_info    0x000004c9      0x1ce .\CortexM3\ARM_GCC_541\Debug\debug.o
 .debug_info    0x00000697      0x539 .\CortexM3\ARM_GCC_541\Debug\cyfitter_cfg.o
 .debug_info    0x00000bd0      0x135 .\CortexM3\ARM_GCC_541\Debug\cymetadata.o
 .debug_info    0x00000d05      0x3bb .\CortexM3\ARM_GCC_541\Debug\Cm3Start.o
 .debug_info    0x000010c0      0x1d4 .\CortexM3\ARM_GCC_541\Debug\ComparacionDiferencial.a(TIA_p.o)
 .debug_info    0x00001294      0x1d4 .\CortexM3\ARM_GCC_541\Debug\ComparacionDiferencial.a(TIA_n.o)
 .debug_info    0x00001468      0x4b4 .\CortexM3\ARM_GCC_541\Debug\ComparacionDiferencial.a(Filter.o)
 .debug_info    0x0000191c       0xf2 .\CortexM3\ARM_GCC_541\Debug\ComparacionDiferencial.a(Filter_PVT.o)
 .debug_info    0x00001a0e      0x137 .\CortexM3\ARM_GCC_541\Debug\ComparacionDiferencial.a(Filter_RAM_Data.o)
 .debug_info    0x00001b45     0x1374 .\CortexM3\ARM_GCC_541\Debug\ComparacionDiferencial.a(CyLib.o)
 .debug_info    0x00002eb9      0xa2a .\CortexM3\ARM_GCC_541\Debug\ComparacionDiferencial.a(cyPm.o)
 .debug_info    0x000038e3      0x9fc .\CortexM3\ARM_GCC_541\Debug\ComparacionDiferencial.a(ADC_DelSig.o)
 .debug_info    0x000042df       0xd3 .\CortexM3\ARM_GCC_541\Debug\ComparacionDiferencial.a(ADC_DelSig_INT.o)
 .debug_info    0x000043b2      0x2d2 .\CortexM3\ARM_GCC_541\Debug\ComparacionDiferencial.a(isr_DelSig.o)
 .debug_info    0x00004684      0x283 .\CortexM3\ARM_GCC_541\Debug\ComparacionDiferencial.a(ADC_DelSig_Ext_CP_Clk.o)
 .debug_info    0x00004907      0x2c4 .\CortexM3\ARM_GCC_541\Debug\ComparacionDiferencial.a(ADC_DelSig_theACLK.o)
 .debug_info    0x00004bcb      0x60c .\CortexM3\ARM_GCC_541\Debug\ComparacionDiferencial.a(UART_PC.o)
 .debug_info    0x000051d7      0x283 .\CortexM3\ARM_GCC_541\Debug\ComparacionDiferencial.a(UART_PC_IntClock.o)
 .debug_info    0x0000545a      0x2d2 .\CortexM3\ARM_GCC_541\Debug\ComparacionDiferencial.a(isr_Filter.o)
 .debug_info    0x0000572c      0x1d3 .\CortexM3\ARM_GCC_541\Debug\ComparacionDiferencial.a(PGA_p.o)
 .debug_info    0x000058ff      0x1d3 .\CortexM3\ARM_GCC_541\Debug\ComparacionDiferencial.a(PGA_n.o)
 .debug_info    0x00005ad2      0x151 .\CortexM3\ARM_GCC_541\Debug\ComparacionDiferencial.a(OpaDiff_p.o)
 .debug_info    0x00005c23      0x151 .\CortexM3\ARM_GCC_541\Debug\ComparacionDiferencial.a(OpaDiff_n.o)
 .debug_info    0x00005d74      0x151 .\CortexM3\ARM_GCC_541\Debug\ComparacionDiferencial.a(OpaBuffer_p.o)
 .debug_info    0x00005ec5      0x151 .\CortexM3\ARM_GCC_541\Debug\ComparacionDiferencial.a(OpaBuffer_n.o)
 .debug_info    0x00006016       0x84 .\CortexM3\ARM_GCC_541\Debug\ComparacionDiferencial.a(CyBootAsmGnu.o)
 .debug_info    0x0000609a      0x64d .\CortexM3\ARM_GCC_541\Debug\ComparacionDiferencial.a(CyFlash.o)
 .debug_info    0x000066e7      0x550 .\CortexM3\ARM_GCC_541\Debug\ComparacionDiferencial.a(CySpc.o)

.debug_abbrev   0x00000000     0x2144
 *(.debug_abbrev)
 .debug_abbrev  0x00000000      0x166 .\CortexM3\ARM_GCC_541\Debug\main.o
 .debug_abbrev  0x00000166      0x104 .\CortexM3\ARM_GCC_541\Debug\debug.o
 .debug_abbrev  0x0000026a      0x1fe .\CortexM3\ARM_GCC_541\Debug\cyfitter_cfg.o
 .debug_abbrev  0x00000468       0x66 .\CortexM3\ARM_GCC_541\Debug\cymetadata.o
 .debug_abbrev  0x000004ce      0x1e8 .\CortexM3\ARM_GCC_541\Debug\Cm3Start.o
 .debug_abbrev  0x000006b6       0xf7 .\CortexM3\ARM_GCC_541\Debug\ComparacionDiferencial.a(TIA_p.o)
 .debug_abbrev  0x000007ad       0xf7 .\CortexM3\ARM_GCC_541\Debug\ComparacionDiferencial.a(TIA_n.o)
 .debug_abbrev  0x000008a4      0x1bc .\CortexM3\ARM_GCC_541\Debug\ComparacionDiferencial.a(Filter.o)
 .debug_abbrev  0x00000a60       0x7f .\CortexM3\ARM_GCC_541\Debug\ComparacionDiferencial.a(Filter_PVT.o)
 .debug_abbrev  0x00000adf       0x66 .\CortexM3\ARM_GCC_541\Debug\ComparacionDiferencial.a(Filter_RAM_Data.o)
 .debug_abbrev  0x00000b45      0x254 .\CortexM3\ARM_GCC_541\Debug\ComparacionDiferencial.a(CyLib.o)
 .debug_abbrev  0x00000d99      0x1ab .\CortexM3\ARM_GCC_541\Debug\ComparacionDiferencial.a(cyPm.o)
 .debug_abbrev  0x00000f44      0x1cd .\CortexM3\ARM_GCC_541\Debug\ComparacionDiferencial.a(ADC_DelSig.o)
 .debug_abbrev  0x00001111       0x42 .\CortexM3\ARM_GCC_541\Debug\ComparacionDiferencial.a(ADC_DelSig_INT.o)
 .debug_abbrev  0x00001153      0x173 .\CortexM3\ARM_GCC_541\Debug\ComparacionDiferencial.a(isr_DelSig.o)
 .debug_abbrev  0x000012c6      0x139 .\CortexM3\ARM_GCC_541\Debug\ComparacionDiferencial.a(ADC_DelSig_Ext_CP_Clk.o)
 .debug_abbrev  0x000013ff      0x121 .\CortexM3\ARM_GCC_541\Debug\ComparacionDiferencial.a(ADC_DelSig_theACLK.o)
 .debug_abbrev  0x00001520      0x175 .\CortexM3\ARM_GCC_541\Debug\ComparacionDiferencial.a(UART_PC.o)
 .debug_abbrev  0x00001695      0x139 .\CortexM3\ARM_GCC_541\Debug\ComparacionDiferencial.a(UART_PC_IntClock.o)
 .debug_abbrev  0x000017ce      0x173 .\CortexM3\ARM_GCC_541\Debug\ComparacionDiferencial.a(isr_Filter.o)
 .debug_abbrev  0x00001941       0xf6 .\CortexM3\ARM_GCC_541\Debug\ComparacionDiferencial.a(PGA_p.o)
 .debug_abbrev  0x00001a37       0xf6 .\CortexM3\ARM_GCC_541\Debug\ComparacionDiferencial.a(PGA_n.o)
 .debug_abbrev  0x00001b2d       0xb2 .\CortexM3\ARM_GCC_541\Debug\ComparacionDiferencial.a(OpaDiff_p.o)
 .debug_abbrev  0x00001bdf       0xb2 .\CortexM3\ARM_GCC_541\Debug\ComparacionDiferencial.a(OpaDiff_n.o)
 .debug_abbrev  0x00001c91       0xb2 .\CortexM3\ARM_GCC_541\Debug\ComparacionDiferencial.a(OpaBuffer_p.o)
 .debug_abbrev  0x00001d43       0xb2 .\CortexM3\ARM_GCC_541\Debug\ComparacionDiferencial.a(OpaBuffer_n.o)
 .debug_abbrev  0x00001df5       0x14 .\CortexM3\ARM_GCC_541\Debug\ComparacionDiferencial.a(CyBootAsmGnu.o)
 .debug_abbrev  0x00001e09      0x1a7 .\CortexM3\ARM_GCC_541\Debug\ComparacionDiferencial.a(CyFlash.o)
 .debug_abbrev  0x00001fb0      0x194 .\CortexM3\ARM_GCC_541\Debug\ComparacionDiferencial.a(CySpc.o)

.debug_line     0x00000000     0x2fa3
 *(.debug_line)
 .debug_line    0x00000000      0x2d9 .\CortexM3\ARM_GCC_541\Debug\main.o
 .debug_line    0x000002d9        0x0 .\CortexM3\ARM_GCC_541\Debug\AnalogToDigital.o
 .debug_line    0x000002d9        0x0 .\CortexM3\ARM_GCC_541\Debug\buffers.o
 .debug_line    0x000002d9        0x0 .\CortexM3\ARM_GCC_541\Debug\Communication.o
 .debug_line    0x000002d9        0x0 .\CortexM3\ARM_GCC_541\Debug\isr_handlers.o
 .debug_line    0x000002d9        0x0 .\CortexM3\ARM_GCC_541\Debug\tb_buffers.o
 .debug_line    0x000002d9        0x0 .\CortexM3\ARM_GCC_541\Debug\TestBench.o
 .debug_line    0x000002d9       0xf6 .\CortexM3\ARM_GCC_541\Debug\debug.o
 .debug_line    0x000003cf      0x1fb .\CortexM3\ARM_GCC_541\Debug\cyfitter_cfg.o
 .debug_line    0x000005ca      0x141 .\CortexM3\ARM_GCC_541\Debug\cymetadata.o
 .debug_line    0x0000070b      0x234 .\CortexM3\ARM_GCC_541\Debug\Cm3Start.o
 .debug_line    0x0000093f       0xd7 .\CortexM3\ARM_GCC_541\Debug\ComparacionDiferencial.a(TIA_p.o)
 .debug_line    0x00000a16       0xd7 .\CortexM3\ARM_GCC_541\Debug\ComparacionDiferencial.a(TIA_n.o)
 .debug_line    0x00000aed      0x172 .\CortexM3\ARM_GCC_541\Debug\ComparacionDiferencial.a(Filter.o)
 .debug_line    0x00000c5f       0x74 .\CortexM3\ARM_GCC_541\Debug\ComparacionDiferencial.a(Filter_PVT.o)
 .debug_line    0x00000cd3       0x56 .\CortexM3\ARM_GCC_541\Debug\ComparacionDiferencial.a(Filter_RAM_Data.o)
 .debug_line    0x00000d29      0x816 .\CortexM3\ARM_GCC_541\Debug\ComparacionDiferencial.a(CyLib.o)
 .debug_line    0x0000153f      0x367 .\CortexM3\ARM_GCC_541\Debug\ComparacionDiferencial.a(cyPm.o)
 .debug_line    0x000018a6      0x373 .\CortexM3\ARM_GCC_541\Debug\ComparacionDiferencial.a(ADC_DelSig.o)
 .debug_line    0x00001c19       0x87 .\CortexM3\ARM_GCC_541\Debug\ComparacionDiferencial.a(ADC_DelSig_INT.o)
 .debug_line    0x00001ca0      0x137 .\CortexM3\ARM_GCC_541\Debug\ComparacionDiferencial.a(isr_DelSig.o)
 .debug_line    0x00001dd7      0x184 .\CortexM3\ARM_GCC_541\Debug\ComparacionDiferencial.a(ADC_DelSig_Ext_CP_Clk.o)
 .debug_line    0x00001f5b      0x1a4 .\CortexM3\ARM_GCC_541\Debug\ComparacionDiferencial.a(ADC_DelSig_theACLK.o)
 .debug_line    0x000020ff      0x2c2 .\CortexM3\ARM_GCC_541\Debug\ComparacionDiferencial.a(UART_PC.o)
 .debug_line    0x000023c1      0x17f .\CortexM3\ARM_GCC_541\Debug\ComparacionDiferencial.a(UART_PC_IntClock.o)
 .debug_line    0x00002540      0x137 .\CortexM3\ARM_GCC_541\Debug\ComparacionDiferencial.a(isr_Filter.o)
 .debug_line    0x00002677       0xcc .\CortexM3\ARM_GCC_541\Debug\ComparacionDiferencial.a(PGA_p.o)
 .debug_line    0x00002743       0xcc .\CortexM3\ARM_GCC_541\Debug\ComparacionDiferencial.a(PGA_n.o)
 .debug_line    0x0000280f       0xac .\CortexM3\ARM_GCC_541\Debug\ComparacionDiferencial.a(OpaDiff_p.o)
 .debug_line    0x000028bb       0xac .\CortexM3\ARM_GCC_541\Debug\ComparacionDiferencial.a(OpaDiff_n.o)
 .debug_line    0x00002967       0xae .\CortexM3\ARM_GCC_541\Debug\ComparacionDiferencial.a(OpaBuffer_p.o)
 .debug_line    0x00002a15       0xae .\CortexM3\ARM_GCC_541\Debug\ComparacionDiferencial.a(OpaBuffer_n.o)
 .debug_line    0x00002ac3       0x66 .\CortexM3\ARM_GCC_541\Debug\ComparacionDiferencial.a(CyBootAsmGnu.o)
 .debug_line    0x00002b29      0x21a .\CortexM3\ARM_GCC_541\Debug\ComparacionDiferencial.a(CyFlash.o)
 .debug_line    0x00002d43      0x260 .\CortexM3\ARM_GCC_541\Debug\ComparacionDiferencial.a(CySpc.o)

.debug_frame    0x00000000     0x1f44
 *(.debug_frame)
 .debug_frame   0x00000000       0x94 .\CortexM3\ARM_GCC_541\Debug\main.o
 .debug_frame   0x00000094       0x8c .\CortexM3\ARM_GCC_541\Debug\debug.o
 .debug_frame   0x00000120       0xf8 .\CortexM3\ARM_GCC_541\Debug\cyfitter_cfg.o
 .debug_frame   0x00000218       0xb8 .\CortexM3\ARM_GCC_541\Debug\Cm3Start.o
 .debug_frame   0x000002d0       0x98 .\CortexM3\ARM_GCC_541\Debug\ComparacionDiferencial.a(TIA_p.o)
 .debug_frame   0x00000368       0x98 .\CortexM3\ARM_GCC_541\Debug\ComparacionDiferencial.a(TIA_n.o)
 .debug_frame   0x00000400      0x104 .\CortexM3\ARM_GCC_541\Debug\ComparacionDiferencial.a(Filter.o)
 .debug_frame   0x00000504       0x30 .\CortexM3\ARM_GCC_541\Debug\ComparacionDiferencial.a(Filter_PVT.o)
 .debug_frame   0x00000534      0x738 .\CortexM3\ARM_GCC_541\Debug\ComparacionDiferencial.a(CyLib.o)
 .debug_frame   0x00000c6c      0x1f8 .\CortexM3\ARM_GCC_541\Debug\ComparacionDiferencial.a(cyPm.o)
 .debug_frame   0x00000e64      0x290 .\CortexM3\ARM_GCC_541\Debug\ComparacionDiferencial.a(ADC_DelSig.o)
 .debug_frame   0x000010f4       0x50 .\CortexM3\ARM_GCC_541\Debug\ComparacionDiferencial.a(ADC_DelSig_INT.o)
 .debug_frame   0x00001144      0x104 .\CortexM3\ARM_GCC_541\Debug\ComparacionDiferencial.a(isr_DelSig.o)
 .debug_frame   0x00001248       0xe0 .\CortexM3\ARM_GCC_541\Debug\ComparacionDiferencial.a(ADC_DelSig_Ext_CP_Clk.o)
 .debug_frame   0x00001328      0x100 .\CortexM3\ARM_GCC_541\Debug\ComparacionDiferencial.a(ADC_DelSig_theACLK.o)
 .debug_frame   0x00001428      0x250 .\CortexM3\ARM_GCC_541\Debug\ComparacionDiferencial.a(UART_PC.o)
 .debug_frame   0x00001678       0xe0 .\CortexM3\ARM_GCC_541\Debug\ComparacionDiferencial.a(UART_PC_IntClock.o)
 .debug_frame   0x00001758      0x104 .\CortexM3\ARM_GCC_541\Debug\ComparacionDiferencial.a(isr_Filter.o)
 .debug_frame   0x0000185c       0x9c .\CortexM3\ARM_GCC_541\Debug\ComparacionDiferencial.a(PGA_p.o)
 .debug_frame   0x000018f8       0x9c .\CortexM3\ARM_GCC_541\Debug\ComparacionDiferencial.a(PGA_n.o)
 .debug_frame   0x00001994       0x78 .\CortexM3\ARM_GCC_541\Debug\ComparacionDiferencial.a(OpaDiff_p.o)
 .debug_frame   0x00001a0c       0x78 .\CortexM3\ARM_GCC_541\Debug\ComparacionDiferencial.a(OpaDiff_n.o)
 .debug_frame   0x00001a84       0x78 .\CortexM3\ARM_GCC_541\Debug\ComparacionDiferencial.a(OpaBuffer_p.o)
 .debug_frame   0x00001afc       0x78 .\CortexM3\ARM_GCC_541\Debug\ComparacionDiferencial.a(OpaBuffer_n.o)
 .debug_frame   0x00001b74      0x194 .\CortexM3\ARM_GCC_541\Debug\ComparacionDiferencial.a(CyFlash.o)
 .debug_frame   0x00001d08      0x180 .\CortexM3\ARM_GCC_541\Debug\ComparacionDiferencial.a(CySpc.o)
 .debug_frame   0x00001e88       0x20 c:/program files (x86)/cypress/psoc creator/4.4/psoc creator/import/gnu/arm/5.4.1/bin/../lib/gcc/arm-none-eabi/5.4.1/../../../../arm-none-eabi/lib/armv7-m\libg_nano.a(lib_a-errno.o)
 .debug_frame   0x00001ea8       0x28 c:/program files (x86)/cypress/psoc creator/4.4/psoc creator/import/gnu/arm/5.4.1/bin/../lib/gcc/arm-none-eabi/5.4.1/../../../../arm-none-eabi/lib/armv7-m\libg_nano.a(lib_a-exit.o)
 .debug_frame   0x00001ed0       0x2c c:/program files (x86)/cypress/psoc creator/4.4/psoc creator/import/gnu/arm/5.4.1/bin/../lib/gcc/arm-none-eabi/5.4.1/../../../../arm-none-eabi/lib/armv7-m\libg_nano.a(lib_a-init.o)
 .debug_frame   0x00001efc       0x28 c:/program files (x86)/cypress/psoc creator/4.4/psoc creator/import/gnu/arm/5.4.1/bin/../lib/gcc/arm-none-eabi/5.4.1/../../../../arm-none-eabi/lib/armv7-m\libg_nano.a(lib_a-memcpy-stub.o)
 .debug_frame   0x00001f24       0x20 c:/program files (x86)/cypress/psoc creator/4.4/psoc creator/import/gnu/arm/5.4.1/bin/../lib/gcc/arm-none-eabi/5.4.1/../../../../arm-none-eabi/lib/armv7-m\libg_nano.a(lib_a-memset.o)

.debug_str      0x00000000     0x295c
 *(.debug_str)
 .debug_str     0x00000000      0x34b .\CortexM3\ARM_GCC_541\Debug\main.o
                                0x3a6 (size before relaxing)
 .debug_str     0x0000034b       0x12 .\CortexM3\ARM_GCC_541\Debug\AnalogToDigital.o
                                 0xd6 (size before relaxing)
 .debug_str     0x0000035d       0x12 .\CortexM3\ARM_GCC_541\Debug\buffers.o
                                 0xce (size before relaxing)
 .debug_str     0x0000035d       0x10 .\CortexM3\ARM_GCC_541\Debug\Communication.o
                                 0xd4 (size before relaxing)
 .debug_str     0x0000036d        0xf .\CortexM3\ARM_GCC_541\Debug\isr_handlers.o
                                 0xd3 (size before relaxing)
 .debug_str     0x0000037c        0xd .\CortexM3\ARM_GCC_541\Debug\tb_buffers.o
                                 0xd1 (size before relaxing)
 .debug_str     0x00000389        0xc .\CortexM3\ARM_GCC_541\Debug\TestBench.o
                                 0xd0 (size before relaxing)
 .debug_str     0x00000395       0xbc .\CortexM3\ARM_GCC_541\Debug\debug.o
                                0x21c (size before relaxing)
 .debug_str     0x00000451      0x165 .\CortexM3\ARM_GCC_541\Debug\cyfitter_cfg.o
                                0x303 (size before relaxing)
 .debug_str     0x000005b6       0x7f .\CortexM3\ARM_GCC_541\Debug\cymetadata.o
                                0x1d8 (size before relaxing)
 .debug_str     0x00000635      0x144 .\CortexM3\ARM_GCC_541\Debug\Cm3Start.o
                                0x2fe (size before relaxing)
 .debug_str     0x00000779       0xa3 .\CortexM3\ARM_GCC_541\Debug\ComparacionDiferencial.a(TIA_p.o)
                                0x229 (size before relaxing)
 .debug_str     0x0000081c       0x7d .\CortexM3\ARM_GCC_541\Debug\ComparacionDiferencial.a(TIA_n.o)
                                0x229 (size before relaxing)
 .debug_str     0x00000899      0x11e .\CortexM3\ARM_GCC_541\Debug\ComparacionDiferencial.a(Filter.o)
                                0x330 (size before relaxing)
 .debug_str     0x000009b7       0x2b .\CortexM3\ARM_GCC_541\Debug\ComparacionDiferencial.a(Filter_PVT.o)
                                0x1cf (size before relaxing)
 .debug_str     0x000009e2       0x29 .\CortexM3\ARM_GCC_541\Debug\ComparacionDiferencial.a(Filter_RAM_Data.o)
                                0x1e0 (size before relaxing)
 .debug_str     0x00000a0b      0x821 .\CortexM3\ARM_GCC_541\Debug\ComparacionDiferencial.a(CyLib.o)
                                0xa3b (size before relaxing)
 .debug_str     0x0000122c      0x365 .\CortexM3\ARM_GCC_541\Debug\ComparacionDiferencial.a(cyPm.o)
                                0x727 (size before relaxing)
 .debug_str     0x00001591      0x44e .\CortexM3\ARM_GCC_541\Debug\ComparacionDiferencial.a(ADC_DelSig.o)
                                0x6c5 (size before relaxing)
 .debug_str     0x000019df       0x68 .\CortexM3\ARM_GCC_541\Debug\ComparacionDiferencial.a(ADC_DelSig_INT.o)
                                0x1d7 (size before relaxing)
 .debug_str     0x00001a47      0x119 .\CortexM3\ARM_GCC_541\Debug\ComparacionDiferencial.a(isr_DelSig.o)
                                0x2e0 (size before relaxing)
 .debug_str     0x00001b60      0x1b3 .\CortexM3\ARM_GCC_541\Debug\ComparacionDiferencial.a(ADC_DelSig_Ext_CP_Clk.o)
                                0x38a (size before relaxing)
 .debug_str     0x00001d13      0x1a3 .\CortexM3\ARM_GCC_541\Debug\ComparacionDiferencial.a(ADC_DelSig_theACLK.o)
                                0x3b7 (size before relaxing)
 .debug_str     0x00001eb6      0x2c4 .\CortexM3\ARM_GCC_541\Debug\ComparacionDiferencial.a(UART_PC.o)
                                0x4c6 (size before relaxing)
 .debug_str     0x0000217a      0x156 .\CortexM3\ARM_GCC_541\Debug\ComparacionDiferencial.a(UART_PC_IntClock.o)
                                0x34e (size before relaxing)
 .debug_str     0x000022d0      0x119 .\CortexM3\ARM_GCC_541\Debug\ComparacionDiferencial.a(isr_Filter.o)
                                0x2e0 (size before relaxing)
 .debug_str     0x000023e9       0x8c .\CortexM3\ARM_GCC_541\Debug\ComparacionDiferencial.a(PGA_p.o)
                                0x223 (size before relaxing)
 .debug_str     0x00002475       0x8c .\CortexM3\ARM_GCC_541\Debug\ComparacionDiferencial.a(PGA_n.o)
                                0x223 (size before relaxing)
 .debug_str     0x00002501       0x77 .\CortexM3\ARM_GCC_541\Debug\ComparacionDiferencial.a(OpaDiff_p.o)
                                0x207 (size before relaxing)
 .debug_str     0x00002578       0x77 .\CortexM3\ARM_GCC_541\Debug\ComparacionDiferencial.a(OpaDiff_n.o)
                                0x207 (size before relaxing)
 .debug_str     0x000025ef       0x83 .\CortexM3\ARM_GCC_541\Debug\ComparacionDiferencial.a(OpaBuffer_p.o)
                                0x215 (size before relaxing)
 .debug_str     0x00002672       0x83 .\CortexM3\ARM_GCC_541\Debug\ComparacionDiferencial.a(OpaBuffer_n.o)
                                0x215 (size before relaxing)
 .debug_str     0x000026f5      0x1bb .\CortexM3\ARM_GCC_541\Debug\ComparacionDiferencial.a(CyFlash.o)
                                0x3b4 (size before relaxing)
 .debug_str     0x000028b0       0xac .\CortexM3\ARM_GCC_541\Debug\ComparacionDiferencial.a(CySpc.o)
                                0x32c (size before relaxing)

.debug_loc      0x00000000     0x2d78
 *(.debug_loc)
 .debug_loc     0x00000000       0xe9 .\CortexM3\ARM_GCC_541\Debug\main.o
 .debug_loc     0x000000e9       0x81 .\CortexM3\ARM_GCC_541\Debug\debug.o
 .debug_loc     0x0000016a      0x1d7 .\CortexM3\ARM_GCC_541\Debug\cyfitter_cfg.o
 .debug_loc     0x00000341      0x144 .\CortexM3\ARM_GCC_541\Debug\Cm3Start.o
 .debug_loc     0x00000485       0x81 .\CortexM3\ARM_GCC_541\Debug\ComparacionDiferencial.a(TIA_p.o)
 .debug_loc     0x00000506       0x81 .\CortexM3\ARM_GCC_541\Debug\ComparacionDiferencial.a(TIA_n.o)
 .debug_loc     0x00000587      0x24b .\CortexM3\ARM_GCC_541\Debug\ComparacionDiferencial.a(Filter.o)
 .debug_loc     0x000007d2       0x3c .\CortexM3\ARM_GCC_541\Debug\ComparacionDiferencial.a(Filter_PVT.o)
 .debug_loc     0x0000080e      0xa11 .\CortexM3\ARM_GCC_541\Debug\ComparacionDiferencial.a(CyLib.o)
 .debug_loc     0x0000121f      0x1e4 .\CortexM3\ARM_GCC_541\Debug\ComparacionDiferencial.a(cyPm.o)
 .debug_loc     0x00001403      0x6d5 .\CortexM3\ARM_GCC_541\Debug\ComparacionDiferencial.a(ADC_DelSig.o)
 .debug_loc     0x00001ad8       0x56 .\CortexM3\ARM_GCC_541\Debug\ComparacionDiferencial.a(isr_DelSig.o)
 .debug_loc     0x00001b2e      0x12c .\CortexM3\ARM_GCC_541\Debug\ComparacionDiferencial.a(ADC_DelSig_Ext_CP_Clk.o)
 .debug_loc     0x00001c5a      0x14d .\CortexM3\ARM_GCC_541\Debug\ComparacionDiferencial.a(ADC_DelSig_theACLK.o)
 .debug_loc     0x00001da7      0x258 .\CortexM3\ARM_GCC_541\Debug\ComparacionDiferencial.a(UART_PC.o)
 .debug_loc     0x00001fff      0x128 .\CortexM3\ARM_GCC_541\Debug\ComparacionDiferencial.a(UART_PC_IntClock.o)
 .debug_loc     0x00002127       0x56 .\CortexM3\ARM_GCC_541\Debug\ComparacionDiferencial.a(isr_Filter.o)
 .debug_loc     0x0000217d       0x60 .\CortexM3\ARM_GCC_541\Debug\ComparacionDiferencial.a(PGA_p.o)
 .debug_loc     0x000021dd       0x60 .\CortexM3\ARM_GCC_541\Debug\ComparacionDiferencial.a(PGA_n.o)
 .debug_loc     0x0000223d       0x21 .\CortexM3\ARM_GCC_541\Debug\ComparacionDiferencial.a(OpaDiff_p.o)
 .debug_loc     0x0000225e       0x21 .\CortexM3\ARM_GCC_541\Debug\ComparacionDiferencial.a(OpaDiff_n.o)
 .debug_loc     0x0000227f       0x21 .\CortexM3\ARM_GCC_541\Debug\ComparacionDiferencial.a(OpaBuffer_p.o)
 .debug_loc     0x000022a0       0x21 .\CortexM3\ARM_GCC_541\Debug\ComparacionDiferencial.a(OpaBuffer_n.o)
 .debug_loc     0x000022c1      0x3b2 .\CortexM3\ARM_GCC_541\Debug\ComparacionDiferencial.a(CyFlash.o)
 .debug_loc     0x00002673      0x705 .\CortexM3\ARM_GCC_541\Debug\ComparacionDiferencial.a(CySpc.o)

.debug_macinfo
 *(.debug_macinfo)

.debug_ranges   0x00000000      0xb08
 *(.debug_ranges)
 .debug_ranges  0x00000000       0x28 .\CortexM3\ARM_GCC_541\Debug\main.o
 .debug_ranges  0x00000028       0x38 .\CortexM3\ARM_GCC_541\Debug\debug.o
 .debug_ranges  0x00000060       0x48 .\CortexM3\ARM_GCC_541\Debug\cyfitter_cfg.o
 .debug_ranges  0x000000a8       0x38 .\CortexM3\ARM_GCC_541\Debug\Cm3Start.o
 .debug_ranges  0x000000e0       0x40 .\CortexM3\ARM_GCC_541\Debug\ComparacionDiferencial.a(TIA_p.o)
 .debug_ranges  0x00000120       0x40 .\CortexM3\ARM_GCC_541\Debug\ComparacionDiferencial.a(TIA_n.o)
 .debug_ranges  0x00000160       0x70 .\CortexM3\ARM_GCC_541\Debug\ComparacionDiferencial.a(Filter.o)
 .debug_ranges  0x000001d0       0x18 .\CortexM3\ARM_GCC_541\Debug\ComparacionDiferencial.a(Filter_PVT.o)
 .debug_ranges  0x000001e8      0x290 .\CortexM3\ARM_GCC_541\Debug\ComparacionDiferencial.a(CyLib.o)
 .debug_ranges  0x00000478       0x88 .\CortexM3\ARM_GCC_541\Debug\ComparacionDiferencial.a(cyPm.o)
 .debug_ranges  0x00000500       0xd8 .\CortexM3\ARM_GCC_541\Debug\ComparacionDiferencial.a(ADC_DelSig.o)
 .debug_ranges  0x000005d8       0x28 .\CortexM3\ARM_GCC_541\Debug\ComparacionDiferencial.a(ADC_DelSig_INT.o)
 .debug_ranges  0x00000600       0x70 .\CortexM3\ARM_GCC_541\Debug\ComparacionDiferencial.a(isr_DelSig.o)
 .debug_ranges  0x00000670       0x60 .\CortexM3\ARM_GCC_541\Debug\ComparacionDiferencial.a(ADC_DelSig_Ext_CP_Clk.o)
 .debug_ranges  0x000006d0       0x70 .\CortexM3\ARM_GCC_541\Debug\ComparacionDiferencial.a(ADC_DelSig_theACLK.o)
 .debug_ranges  0x00000740       0xe0 .\CortexM3\ARM_GCC_541\Debug\ComparacionDiferencial.a(UART_PC.o)
 .debug_ranges  0x00000820       0x60 .\CortexM3\ARM_GCC_541\Debug\ComparacionDiferencial.a(UART_PC_IntClock.o)
 .debug_ranges  0x00000880       0x70 .\CortexM3\ARM_GCC_541\Debug\ComparacionDiferencial.a(isr_Filter.o)
 .debug_ranges  0x000008f0       0x38 .\CortexM3\ARM_GCC_541\Debug\ComparacionDiferencial.a(PGA_p.o)
 .debug_ranges  0x00000928       0x38 .\CortexM3\ARM_GCC_541\Debug\ComparacionDiferencial.a(PGA_n.o)
 .debug_ranges  0x00000960       0x30 .\CortexM3\ARM_GCC_541\Debug\ComparacionDiferencial.a(OpaDiff_p.o)
 .debug_ranges  0x00000990       0x30 .\CortexM3\ARM_GCC_541\Debug\ComparacionDiferencial.a(OpaDiff_n.o)
 .debug_ranges  0x000009c0       0x30 .\CortexM3\ARM_GCC_541\Debug\ComparacionDiferencial.a(OpaBuffer_p.o)
 .debug_ranges  0x000009f0       0x30 .\CortexM3\ARM_GCC_541\Debug\ComparacionDiferencial.a(OpaBuffer_n.o)
 .debug_ranges  0x00000a20       0x78 .\CortexM3\ARM_GCC_541\Debug\ComparacionDiferencial.a(CyFlash.o)
 .debug_ranges  0x00000a98       0x70 .\CortexM3\ARM_GCC_541\Debug\ComparacionDiferencial.a(CySpc.o)

.comment        0x00000000       0x6e
 .comment       0x00000000       0x6e .\CortexM3\ARM_GCC_541\Debug\main.o
                                 0x6f (size before relaxing)
 .comment       0x0000006e       0x6f .\CortexM3\ARM_GCC_541\Debug\AnalogToDigital.o
 .comment       0x0000006e       0x6f .\CortexM3\ARM_GCC_541\Debug\buffers.o
 .comment       0x0000006e       0x6f .\CortexM3\ARM_GCC_541\Debug\Communication.o
 .comment       0x0000006e       0x6f .\CortexM3\ARM_GCC_541\Debug\isr_handlers.o
 .comment       0x0000006e       0x6f .\CortexM3\ARM_GCC_541\Debug\tb_buffers.o
 .comment       0x0000006e       0x6f .\CortexM3\ARM_GCC_541\Debug\TestBench.o
 .comment       0x0000006e       0x6f .\CortexM3\ARM_GCC_541\Debug\debug.o
 .comment       0x0000006e       0x6f .\CortexM3\ARM_GCC_541\Debug\cyfitter_cfg.o
 .comment       0x0000006e       0x6f .\CortexM3\ARM_GCC_541\Debug\cymetadata.o
 .comment       0x0000006e       0x6f .\CortexM3\ARM_GCC_541\Debug\Cm3Start.o
 .comment       0x0000006e       0x6f .\CortexM3\ARM_GCC_541\Debug\ComparacionDiferencial.a(TIA_p.o)
 .comment       0x0000006e       0x6f .\CortexM3\ARM_GCC_541\Debug\ComparacionDiferencial.a(TIA_n.o)
 .comment       0x0000006e       0x6f .\CortexM3\ARM_GCC_541\Debug\ComparacionDiferencial.a(Filter.o)
 .comment       0x0000006e       0x6f .\CortexM3\ARM_GCC_541\Debug\ComparacionDiferencial.a(Filter_PVT.o)
 .comment       0x0000006e       0x6f .\CortexM3\ARM_GCC_541\Debug\ComparacionDiferencial.a(Filter_RAM_Data.o)
 .comment       0x0000006e       0x6f .\CortexM3\ARM_GCC_541\Debug\ComparacionDiferencial.a(CyLib.o)
 .comment       0x0000006e       0x6f .\CortexM3\ARM_GCC_541\Debug\ComparacionDiferencial.a(cyPm.o)
 .comment       0x0000006e       0x6f .\CortexM3\ARM_GCC_541\Debug\ComparacionDiferencial.a(ADC_DelSig.o)
 .comment       0x0000006e       0x6f .\CortexM3\ARM_GCC_541\Debug\ComparacionDiferencial.a(ADC_DelSig_INT.o)
 .comment       0x0000006e       0x6f .\CortexM3\ARM_GCC_541\Debug\ComparacionDiferencial.a(isr_DelSig.o)
 .comment       0x0000006e       0x6f .\CortexM3\ARM_GCC_541\Debug\ComparacionDiferencial.a(ADC_DelSig_Ext_CP_Clk.o)
 .comment       0x0000006e       0x6f .\CortexM3\ARM_GCC_541\Debug\ComparacionDiferencial.a(ADC_DelSig_theACLK.o)
 .comment       0x0000006e       0x6f .\CortexM3\ARM_GCC_541\Debug\ComparacionDiferencial.a(UART_PC.o)
 .comment       0x0000006e       0x6f .\CortexM3\ARM_GCC_541\Debug\ComparacionDiferencial.a(UART_PC_IntClock.o)
 .comment       0x0000006e       0x6f .\CortexM3\ARM_GCC_541\Debug\ComparacionDiferencial.a(isr_Filter.o)
 .comment       0x0000006e       0x6f .\CortexM3\ARM_GCC_541\Debug\ComparacionDiferencial.a(PGA_p.o)
 .comment       0x0000006e       0x6f .\CortexM3\ARM_GCC_541\Debug\ComparacionDiferencial.a(PGA_n.o)
 .comment       0x0000006e       0x6f .\CortexM3\ARM_GCC_541\Debug\ComparacionDiferencial.a(OpaDiff_p.o)
 .comment       0x0000006e       0x6f .\CortexM3\ARM_GCC_541\Debug\ComparacionDiferencial.a(OpaDiff_n.o)
 .comment       0x0000006e       0x6f .\CortexM3\ARM_GCC_541\Debug\ComparacionDiferencial.a(OpaBuffer_p.o)
 .comment       0x0000006e       0x6f .\CortexM3\ARM_GCC_541\Debug\ComparacionDiferencial.a(OpaBuffer_n.o)
 .comment       0x0000006e       0x6f .\CortexM3\ARM_GCC_541\Debug\ComparacionDiferencial.a(CyFlash.o)
 .comment       0x0000006e       0x6f .\CortexM3\ARM_GCC_541\Debug\ComparacionDiferencial.a(CySpc.o)

.debug_weaknames
 *(.debug_weaknames)

.debug_funcnames
 *(.debug_funcnames)

.debug_typenames
 *(.debug_typenames)

.debug_varnames
 *(.debug_varnames)

.note.gnu.arm.ident
 *(.note.gnu.arm.ident)

.ARM.attributes
                0x00000000       0x29
 *(.ARM.attributes)
 .ARM.attributes
                0x00000000       0x1d c:/program files (x86)/cypress/psoc creator/4.4/psoc creator/import/gnu/arm/5.4.1/bin/../lib/gcc/arm-none-eabi/5.4.1/armv7-m/crti.o
 .ARM.attributes
                0x0000001d       0x2d c:/program files (x86)/cypress/psoc creator/4.4/psoc creator/import/gnu/arm/5.4.1/bin/../lib/gcc/arm-none-eabi/5.4.1/armv7-m/crtbegin.o
 .ARM.attributes
                0x0000004a       0x1b c:/program files (x86)/cypress/psoc creator/4.4/psoc creator/import/gnu/arm/5.4.1/bin/../lib/gcc/arm-none-eabi/5.4.1/../../../../arm-none-eabi/lib/armv7-m/crt0.o
 .ARM.attributes
                0x00000065       0x33 .\CortexM3\ARM_GCC_541\Debug\main.o
 .ARM.attributes
                0x00000098       0x33 .\CortexM3\ARM_GCC_541\Debug\AnalogToDigital.o
 .ARM.attributes
                0x000000cb       0x33 .\CortexM3\ARM_GCC_541\Debug\buffers.o
 .ARM.attributes
                0x000000fe       0x33 .\CortexM3\ARM_GCC_541\Debug\Communication.o
 .ARM.attributes
                0x00000131       0x33 .\CortexM3\ARM_GCC_541\Debug\isr_handlers.o
 .ARM.attributes
                0x00000164       0x33 .\CortexM3\ARM_GCC_541\Debug\tb_buffers.o
 .ARM.attributes
                0x00000197       0x33 .\CortexM3\ARM_GCC_541\Debug\TestBench.o
 .ARM.attributes
                0x000001ca       0x33 .\CortexM3\ARM_GCC_541\Debug\debug.o
 .ARM.attributes
                0x000001fd       0x33 .\CortexM3\ARM_GCC_541\Debug\cyfitter_cfg.o
 .ARM.attributes
                0x00000230       0x33 .\CortexM3\ARM_GCC_541\Debug\cymetadata.o
 .ARM.attributes
                0x00000263       0x33 .\CortexM3\ARM_GCC_541\Debug\Cm3Start.o
 .ARM.attributes
                0x00000296       0x33 .\CortexM3\ARM_GCC_541\Debug\ComparacionDiferencial.a(TIA_p.o)
 .ARM.attributes
                0x000002c9       0x33 .\CortexM3\ARM_GCC_541\Debug\ComparacionDiferencial.a(TIA_n.o)
 .ARM.attributes
                0x000002fc       0x33 .\CortexM3\ARM_GCC_541\Debug\ComparacionDiferencial.a(Filter.o)
 .ARM.attributes
                0x0000032f       0x33 .\CortexM3\ARM_GCC_541\Debug\ComparacionDiferencial.a(Filter_PVT.o)
 .ARM.attributes
                0x00000362       0x33 .\CortexM3\ARM_GCC_541\Debug\ComparacionDiferencial.a(Filter_RAM_Data.o)
 .ARM.attributes
                0x00000395       0x33 .\CortexM3\ARM_GCC_541\Debug\ComparacionDiferencial.a(CyLib.o)
 .ARM.attributes
                0x000003c8       0x33 .\CortexM3\ARM_GCC_541\Debug\ComparacionDiferencial.a(cyPm.o)
 .ARM.attributes
                0x000003fb       0x33 .\CortexM3\ARM_GCC_541\Debug\ComparacionDiferencial.a(ADC_DelSig.o)
 .ARM.attributes
                0x0000042e       0x33 .\CortexM3\ARM_GCC_541\Debug\ComparacionDiferencial.a(ADC_DelSig_INT.o)
 .ARM.attributes
                0x00000461       0x33 .\CortexM3\ARM_GCC_541\Debug\ComparacionDiferencial.a(isr_DelSig.o)
 .ARM.attributes
                0x00000494       0x33 .\CortexM3\ARM_GCC_541\Debug\ComparacionDiferencial.a(ADC_DelSig_Ext_CP_Clk.o)
 .ARM.attributes
                0x000004c7       0x33 .\CortexM3\ARM_GCC_541\Debug\ComparacionDiferencial.a(ADC_DelSig_theACLK.o)
 .ARM.attributes
                0x000004fa       0x33 .\CortexM3\ARM_GCC_541\Debug\ComparacionDiferencial.a(UART_PC.o)
 .ARM.attributes
                0x0000052d       0x33 .\CortexM3\ARM_GCC_541\Debug\ComparacionDiferencial.a(UART_PC_IntClock.o)
 .ARM.attributes
                0x00000560       0x33 .\CortexM3\ARM_GCC_541\Debug\ComparacionDiferencial.a(isr_Filter.o)
 .ARM.attributes
                0x00000593       0x33 .\CortexM3\ARM_GCC_541\Debug\ComparacionDiferencial.a(PGA_p.o)
 .ARM.attributes
                0x000005c6       0x33 .\CortexM3\ARM_GCC_541\Debug\ComparacionDiferencial.a(PGA_n.o)
 .ARM.attributes
                0x000005f9       0x33 .\CortexM3\ARM_GCC_541\Debug\ComparacionDiferencial.a(OpaDiff_p.o)
 .ARM.attributes
                0x0000062c       0x33 .\CortexM3\ARM_GCC_541\Debug\ComparacionDiferencial.a(OpaDiff_n.o)
 .ARM.attributes
                0x0000065f       0x33 .\CortexM3\ARM_GCC_541\Debug\ComparacionDiferencial.a(OpaBuffer_p.o)
 .ARM.attributes
                0x00000692       0x33 .\CortexM3\ARM_GCC_541\Debug\ComparacionDiferencial.a(OpaBuffer_n.o)
 .ARM.attributes
                0x000006c5       0x21 .\CortexM3\ARM_GCC_541\Debug\ComparacionDiferencial.a(CyBootAsmGnu.o)
 .ARM.attributes
                0x000006e6       0x33 .\CortexM3\ARM_GCC_541\Debug\ComparacionDiferencial.a(CyFlash.o)
 .ARM.attributes
                0x00000719       0x33 .\CortexM3\ARM_GCC_541\Debug\ComparacionDiferencial.a(CySpc.o)
 .ARM.attributes
                0x0000074c       0x1d c:/program files (x86)/cypress/psoc creator/4.4/psoc creator/import/gnu/arm/5.4.1/bin/../lib/gcc/arm-none-eabi/5.4.1/armv7-m\libgcc.a(_arm_addsubdf3.o)
 .ARM.attributes
                0x00000769       0x1d c:/program files (x86)/cypress/psoc creator/4.4/psoc creator/import/gnu/arm/5.4.1/bin/../lib/gcc/arm-none-eabi/5.4.1/armv7-m\libgcc.a(_arm_muldivdf3.o)
 .ARM.attributes
                0x00000786       0x1d c:/program files (x86)/cypress/psoc creator/4.4/psoc creator/import/gnu/arm/5.4.1/bin/../lib/gcc/arm-none-eabi/5.4.1/armv7-m\libgcc.a(_arm_cmpdf2.o)
 .ARM.attributes
                0x000007a3       0x1d c:/program files (x86)/cypress/psoc creator/4.4/psoc creator/import/gnu/arm/5.4.1/bin/../lib/gcc/arm-none-eabi/5.4.1/armv7-m\libgcc.a(_arm_fixdfsi.o)
 .ARM.attributes
                0x000007c0       0x1d c:/program files (x86)/cypress/psoc creator/4.4/psoc creator/import/gnu/arm/5.4.1/bin/../lib/gcc/arm-none-eabi/5.4.1/armv7-m\libgcc.a(_arm_addsubsf3.o)
 .ARM.attributes
                0x000007dd       0x1d c:/program files (x86)/cypress/psoc creator/4.4/psoc creator/import/gnu/arm/5.4.1/bin/../lib/gcc/arm-none-eabi/5.4.1/armv7-m\libgcc.a(_arm_muldivsf3.o)
 .ARM.attributes
                0x000007fa       0x1d c:/program files (x86)/cypress/psoc creator/4.4/psoc creator/import/gnu/arm/5.4.1/bin/../lib/gcc/arm-none-eabi/5.4.1/armv7-m\libgcc.a(_arm_fixunssfsi.o)
 .ARM.attributes
                0x00000817       0x2d c:/program files (x86)/cypress/psoc creator/4.4/psoc creator/import/gnu/arm/5.4.1/bin/../lib/gcc/arm-none-eabi/5.4.1/../../../../arm-none-eabi/lib/armv7-m\libg_nano.a(lib_a-errno.o)
 .ARM.attributes
                0x00000844       0x2d c:/program files (x86)/cypress/psoc creator/4.4/psoc creator/import/gnu/arm/5.4.1/bin/../lib/gcc/arm-none-eabi/5.4.1/../../../../arm-none-eabi/lib/armv7-m\libg_nano.a(lib_a-exit.o)
 .ARM.attributes
                0x00000871       0x2d c:/program files (x86)/cypress/psoc creator/4.4/psoc creator/import/gnu/arm/5.4.1/bin/../lib/gcc/arm-none-eabi/5.4.1/../../../../arm-none-eabi/lib/armv7-m\libg_nano.a(lib_a-impure.o)
 .ARM.attributes
                0x0000089e       0x2d c:/program files (x86)/cypress/psoc creator/4.4/psoc creator/import/gnu/arm/5.4.1/bin/../lib/gcc/arm-none-eabi/5.4.1/../../../../arm-none-eabi/lib/armv7-m\libg_nano.a(lib_a-init.o)
 .ARM.attributes
                0x000008cb       0x2d c:/program files (x86)/cypress/psoc creator/4.4/psoc creator/import/gnu/arm/5.4.1/bin/../lib/gcc/arm-none-eabi/5.4.1/../../../../arm-none-eabi/lib/armv7-m\libg_nano.a(lib_a-memcpy-stub.o)
 .ARM.attributes
                0x000008f8       0x2d c:/program files (x86)/cypress/psoc creator/4.4/psoc creator/import/gnu/arm/5.4.1/bin/../lib/gcc/arm-none-eabi/5.4.1/../../../../arm-none-eabi/lib/armv7-m\libg_nano.a(lib_a-memset.o)
 .ARM.attributes
                0x00000925       0x2d c:/program files (x86)/cypress/psoc creator/4.4/psoc creator/import/gnu/arm/5.4.1/bin/../lib/gcc/arm-none-eabi/5.4.1/armv7-m/crtend.o
 .ARM.attributes
                0x00000952       0x1d c:/program files (x86)/cypress/psoc creator/4.4/psoc creator/import/gnu/arm/5.4.1/bin/../lib/gcc/arm-none-eabi/5.4.1/armv7-m/crtn.o

/DISCARD/
 *(.note.GNU-stack)
OUTPUT(C:\Github\Tesis\src\psoc\ComparacionDiferencial.cydsn\CortexM3\ARM_GCC_541\Debug\ComparacionDiferencial.elf elf32-littlearm)
