ARM GAS  C:\Users\elias\AppData\Local\Temp\cc6Fn21J.s 			page 1


   1              		.syntax unified
   2              		.cpu cortex-m3
   3              		.fpu softvfp
   4              		.eabi_attribute 20, 1
   5              		.eabi_attribute 21, 1
   6              		.eabi_attribute 23, 3
   7              		.eabi_attribute 24, 1
   8              		.eabi_attribute 25, 1
   9              		.eabi_attribute 26, 1
  10              		.eabi_attribute 30, 1
  11              		.eabi_attribute 34, 1
  12              		.eabi_attribute 18, 4
  13              		.thumb
  14              		.syntax unified
  15              		.file	"cymetadata.c"
  16              		.text
  17              	.Ltext0:
  18              		.cfi_sections	.debug_frame
  19              		.global	cy_metadata
  20              		.global	cy_meta_flashprotect
  21              		.global	cy_meta_wonvl
  22              		.global	cy_meta_custnvl
  23              		.global	cy_meta_configecc
  24              		.section	.cyconfigecc,"a",%progbits
  25              		.align	2
  26              		.type	cy_meta_configecc, %object
  27              		.size	cy_meta_configecc, 228
  28              	cy_meta_configecc:
  29 0000 01       		.byte	1
  30 0001 5A       		.byte	90
  31 0002 00       		.byte	0
  32 0003 40       		.byte	64
  33 0004 01       		.byte	1
  34 0005 03       		.byte	3
  35 0006 01       		.byte	1
  36 0007 40       		.byte	64
  37 0008 01       		.byte	1
  38 0009 0B       		.byte	11
  39 000a 01       		.byte	1
  40 000b 40       		.byte	64
  41 000c 0A       		.byte	10
  42 000d 0C       		.byte	12
  43 000e 01       		.byte	1
  44 000f 40       		.byte	64
  45 0010 05       		.byte	5
  46 0011 0D       		.byte	13
  47 0012 01       		.byte	1
  48 0013 40       		.byte	64
  49 0014 01       		.byte	1
  50 0015 15       		.byte	21
  51 0016 01       		.byte	1
  52 0017 40       		.byte	64
  53 0018 01       		.byte	1
  54 0019 1B       		.byte	27
  55 001a 01       		.byte	1
  56 001b 40       		.byte	64
  57 001c 04       		.byte	4
ARM GAS  C:\Users\elias\AppData\Local\Temp\cc6Fn21J.s 			page 2


  58 001d 40       		.byte	64
  59 001e 01       		.byte	1
  60 001f 40       		.byte	64
  61 0020 04       		.byte	4
  62 0021 41       		.byte	65
  63 0022 01       		.byte	1
  64 0023 40       		.byte	64
  65 0024 01       		.byte	1
  66 0025 42       		.byte	66
  67 0026 01       		.byte	1
  68 0027 40       		.byte	64
  69 0028 01       		.byte	1
  70 0029 43       		.byte	67
  71 002a 01       		.byte	1
  72 002b 40       		.byte	64
  73 002c 02       		.byte	2
  74 002d 44       		.byte	68
  75 002e 01       		.byte	1
  76 002f 40       		.byte	64
  77 0030 03       		.byte	3
  78 0031 45       		.byte	69
  79 0032 01       		.byte	1
  80 0033 40       		.byte	64
  81 0034 03       		.byte	3
  82 0035 46       		.byte	70
  83 0036 01       		.byte	1
  84 0037 40       		.byte	64
  85 0038 01       		.byte	1
  86 0039 47       		.byte	71
  87 003a 01       		.byte	1
  88 003b 40       		.byte	64
  89 003c 03       		.byte	3
  90 003d 48       		.byte	72
  91 003e 01       		.byte	1
  92 003f 40       		.byte	64
  93 0040 01       		.byte	1
  94 0041 49       		.byte	73
  95 0042 01       		.byte	1
  96 0043 40       		.byte	64
  97 0044 01       		.byte	1
  98 0045 4C       		.byte	76
  99 0046 01       		.byte	1
 100 0047 40       		.byte	64
 101 0048 02       		.byte	2
 102 0049 4D       		.byte	77
 103 004a 01       		.byte	1
 104 004b 40       		.byte	64
 105 004c 02       		.byte	2
 106 004d 50       		.byte	80
 107 004e 01       		.byte	1
 108 004f 40       		.byte	64
 109 0050 02       		.byte	2
 110 0051 51       		.byte	81
 111 0052 01       		.byte	1
 112 0053 40       		.byte	64
 113 0054 87       		.byte	-121
 114 0055 01       		.byte	1
ARM GAS  C:\Users\elias\AppData\Local\Temp\cc6Fn21J.s 			page 3


 115 0056 E6       		.byte	-26
 116 0057 02       		.byte	2
 117 0058 B4       		.byte	-76
 118 0059 01       		.byte	1
 119 005a 82       		.byte	-126
 120 005b 04       		.byte	4
 121 005c 8A       		.byte	-118
 122 005d 01       		.byte	1
 123 005e 8C       		.byte	-116
 124 005f 01       		.byte	1
 125 0060 8E       		.byte	-114
 126 0061 02       		.byte	2
 127 0062 B0       		.byte	-80
 128 0063 04       		.byte	4
 129 0064 B2       		.byte	-78
 130 0065 02       		.byte	2
 131 0066 B6       		.byte	-74
 132 0067 01       		.byte	1
 133 0068 D8       		.byte	-40
 134 0069 04       		.byte	4
 135 006a DC       		.byte	-36
 136 006b 01       		.byte	1
 137 006c DF       		.byte	-33
 138 006d 01       		.byte	1
 139 006e 00       		.byte	0
 140 006f 51       		.byte	81
 141 0070 18       		.byte	24
 142 0071 50       		.byte	80
 143 0072 1A       		.byte	26
 144 0073 02       		.byte	2
 145 0074 86       		.byte	-122
 146 0075 01       		.byte	1
 147 0076 C0       		.byte	-64
 148 0077 0B       		.byte	11
 149 0078 EC       		.byte	-20
 150 0079 10       		.byte	16
 151 007a EC       		.byte	-20
 152 007b 10       		.byte	16
 153 007c 30       		.byte	48
 154 007d 10       		.byte	16
 155 007e 3D       		.byte	61
 156 007f 80       		.byte	-128
 157 0080 CC       		.byte	-52
 158 0081 10       		.byte	16
 159 0082 CE       		.byte	-50
 160 0083 20       		.byte	32
 161 0084 84       		.byte	-124
 162 0085 10       		.byte	16
 163 0086 9C       		.byte	-100
 164 0087 10       		.byte	16
 165 0088 A5       		.byte	-91
 166 0089 40       		.byte	64
 167 008a E6       		.byte	-26
 168 008b 40       		.byte	64
 169 008c A5       		.byte	-91
 170 008d 40       		.byte	64
 171 008e A5       		.byte	-91
ARM GAS  C:\Users\elias\AppData\Local\Temp\cc6Fn21J.s 			page 4


 172 008f 40       		.byte	64
 173 0090 30       		.byte	48
 174 0091 20       		.byte	32
 175 0092 CC       		.byte	-52
 176 0093 08       		.byte	8
 177 0094 02       		.byte	2
 178 0095 04       		.byte	4
 179 0096 A4       		.byte	-92
 180 0097 20       		.byte	32
 181 0098 C0       		.byte	-64
 182 0099 02       		.byte	2
 183 009a A4       		.byte	-92
 184 009b 20       		.byte	32
 185 009c B6       		.byte	-74
 186 009d 04       		.byte	4
 187 009e EE       		.byte	-18
 188 009f 08       		.byte	8
 189 00a0 A4       		.byte	-92
 190 00a1 20       		.byte	32
 191 00a2 25       		.byte	37
 192 00a3 50       		.byte	80
 193 00a4 A5       		.byte	-91
 194 00a5 40       		.byte	64
 195 00a6 C8       		.byte	-56
 196 00a7 20       		.byte	32
 197 00a8 B5       		.byte	-75
 198 00a9 10       		.byte	16
 199 00aa A4       		.byte	-92
 200 00ab 20       		.byte	32
 201 00ac B4       		.byte	-76
 202 00ad 20       		.byte	32
 203 00ae EC       		.byte	-20
 204 00af 08       		.byte	8
 205 00b0 00       		.byte	0
 206 00b1 02       		.byte	2
 207 00b2 0E       		.byte	14
 208 00b3 02       		.byte	2
 209 00b4 00       		.byte	0
 210 00b5 03       		.byte	3
 211 00b6 10       		.byte	16
 212 00b7 02       		.byte	2
 213 00b8 00       		.byte	0
 214 00b9 00       		.byte	0
 215 00ba 00       		.byte	0
 216 00bb 00       		.byte	0
 217 00bc 00       		.byte	0
 218 00bd 00       		.byte	0
 219 00be 33       		.byte	51
 220 00bf 00       		.byte	0
 221 00c0 00       		.byte	0
 222 00c1 00       		.byte	0
 223 00c2 00       		.byte	0
 224 00c3 00       		.byte	0
 225 00c4 00       		.byte	0
 226 00c5 00       		.byte	0
 227 00c6 03       		.byte	3
 228 00c7 00       		.byte	0
ARM GAS  C:\Users\elias\AppData\Local\Temp\cc6Fn21J.s 			page 5


 229 00c8 00       		.byte	0
 230 00c9 0B       		.byte	11
 231 00ca 0B       		.byte	11
 232 00cb 00       		.byte	0
 233 00cc 00       		.byte	0
 234 00cd 00       		.byte	0
 235 00ce 00       		.byte	0
 236 00cf 00       		.byte	0
 237 00d0 04       		.byte	4
 238 00d1 00       		.byte	0
 239 00d2 00       		.byte	0
 240 00d3 04       		.byte	4
 241 00d4 00       		.byte	0
 242 00d5 00       		.byte	0
 243 00d6 00       		.byte	0
 244 00d7 00       		.byte	0
 245 00d8 DA       		.byte	-38
 246 00d9 00       		.byte	0
 247 00da 00       		.byte	0
 248 00db 00       		.byte	0
 249 00dc 00       		.byte	0
 250 00dd 00       		.byte	0
 251 00de 00       		.byte	0
 252 00df 00       		.byte	0
 253 00e0 00       		.byte	0
 254 00e1 00       		.byte	0
 255 00e2 FF       		.byte	-1
 256 00e3 00       		.byte	0
 257              		.section	.cywolatch,"a",%progbits
 258              		.align	2
 259              		.type	cy_meta_wonvl, %object
 260              		.size	cy_meta_wonvl, 4
 261              	cy_meta_wonvl:
 262 0000 BC       		.byte	-68
 263 0001 90       		.byte	-112
 264 0002 AC       		.byte	-84
 265 0003 AF       		.byte	-81
 266              		.section	.cycustnvl,"a",%progbits
 267              		.align	2
 268              		.type	cy_meta_custnvl, %object
 269              		.size	cy_meta_custnvl, 4
 270              	cy_meta_custnvl:
 271 0000 00       		.byte	0
 272 0001 00       		.byte	0
 273 0002 40       		.byte	64
 274 0003 05       		.byte	5
 275              		.section	.cymeta,"a",%progbits
 276              		.align	2
 277              		.type	cy_metadata, %object
 278              		.size	cy_metadata, 12
 279              	cy_metadata:
 280 0000 00       		.byte	0
 281 0001 01       		.byte	1
 282 0002 2E       		.byte	46
 283 0003 16       		.byte	22
 284 0004 10       		.byte	16
 285 0005 69       		.byte	105
ARM GAS  C:\Users\elias\AppData\Local\Temp\cc6Fn21J.s 			page 6


 286 0006 00       		.byte	0
 287 0007 01       		.byte	1
 288 0008 00       		.byte	0
 289 0009 00       		.byte	0
 290 000a 00       		.byte	0
 291 000b 00       		.byte	0
 292              		.section	.cyflashprotect,"a",%progbits
 293              		.align	2
 294              		.type	cy_meta_flashprotect, %object
 295              		.size	cy_meta_flashprotect, 256
 296              	cy_meta_flashprotect:
 297 0000 00000000 		.space	256
 297      00000000 
 297      00000000 
 297      00000000 
 297      00000000 
 298              		.text
 299              	.Letext0:
 300              		.file 1 "c:\\program files (x86)\\cypress\\psoc creator\\4.4\\psoc creator\\import\\gnu\\arm\\5.4.
 301              		.file 2 "c:\\program files (x86)\\cypress\\psoc creator\\4.4\\psoc creator\\import\\gnu\\arm\\5.4.
 302              		.file 3 "Generated_Source\\PSoC5\\cymetadata.c"
 303              		.section	.debug_info,"",%progbits
 304              	.Ldebug_info0:
 305 0000 30010000 		.4byte	0x130
 306 0004 0400     		.2byte	0x4
 307 0006 00000000 		.4byte	.Ldebug_abbrev0
 308 000a 04       		.byte	0x4
 309 000b 01       		.uleb128 0x1
 310 000c 2C000000 		.4byte	.LASF17
 311 0010 0C       		.byte	0xc
 312 0011 B4010000 		.4byte	.LASF18
 313 0015 25010000 		.4byte	.LASF19
 314 0019 00000000 		.4byte	.Ldebug_line0
 315 001d 02       		.uleb128 0x2
 316 001e 01       		.byte	0x1
 317 001f 06       		.byte	0x6
 318 0020 A8010000 		.4byte	.LASF0
 319 0024 03       		.uleb128 0x3
 320 0025 00000000 		.4byte	.LASF9
 321 0029 01       		.byte	0x1
 322 002a 1D       		.byte	0x1d
 323 002b 2F000000 		.4byte	0x2f
 324 002f 02       		.uleb128 0x2
 325 0030 01       		.byte	0x1
 326 0031 08       		.byte	0x8
 327 0032 1E000000 		.4byte	.LASF1
 328 0036 02       		.uleb128 0x2
 329 0037 02       		.byte	0x2
 330 0038 05       		.byte	0x5
 331 0039 95010000 		.4byte	.LASF2
 332 003d 02       		.uleb128 0x2
 333 003e 02       		.byte	0x2
 334 003f 07       		.byte	0x7
 335 0040 CC000000 		.4byte	.LASF3
 336 0044 02       		.uleb128 0x2
 337 0045 04       		.byte	0x4
 338 0046 05       		.byte	0x5
ARM GAS  C:\Users\elias\AppData\Local\Temp\cc6Fn21J.s 			page 7


 339 0047 9F010000 		.4byte	.LASF4
 340 004b 02       		.uleb128 0x2
 341 004c 04       		.byte	0x4
 342 004d 07       		.byte	0x7
 343 004e BA000000 		.4byte	.LASF5
 344 0052 02       		.uleb128 0x2
 345 0053 08       		.byte	0x8
 346 0054 05       		.byte	0x5
 347 0055 87010000 		.4byte	.LASF6
 348 0059 02       		.uleb128 0x2
 349 005a 08       		.byte	0x8
 350 005b 07       		.byte	0x7
 351 005c 0E010000 		.4byte	.LASF7
 352 0060 04       		.uleb128 0x4
 353 0061 04       		.byte	0x4
 354 0062 05       		.byte	0x5
 355 0063 696E7400 		.ascii	"int\000"
 356 0067 02       		.uleb128 0x2
 357 0068 04       		.byte	0x4
 358 0069 07       		.byte	0x7
 359 006a 01010000 		.4byte	.LASF8
 360 006e 03       		.uleb128 0x3
 361 006f 0A000000 		.4byte	.LASF10
 362 0073 02       		.byte	0x2
 363 0074 18       		.byte	0x18
 364 0075 24000000 		.4byte	0x24
 365 0079 05       		.uleb128 0x5
 366 007a 90000000 		.4byte	0x90
 367 007e 89000000 		.4byte	0x89
 368 0082 06       		.uleb128 0x6
 369 0083 89000000 		.4byte	0x89
 370 0087 E3       		.byte	0xe3
 371 0088 00       		.byte	0
 372 0089 02       		.uleb128 0x2
 373 008a 04       		.byte	0x4
 374 008b 07       		.byte	0x7
 375 008c 7E010000 		.4byte	.LASF11
 376 0090 07       		.uleb128 0x7
 377 0091 6E000000 		.4byte	0x6e
 378 0095 08       		.uleb128 0x8
 379 0096 EF000000 		.4byte	.LASF12
 380 009a 03       		.byte	0x3
 381 009b 1F       		.byte	0x1f
 382 009c A6000000 		.4byte	0xa6
 383 00a0 05       		.uleb128 0x5
 384 00a1 03       		.byte	0x3
 385 00a2 00000000 		.4byte	cy_meta_configecc
 386 00a6 07       		.uleb128 0x7
 387 00a7 79000000 		.4byte	0x79
 388 00ab 05       		.uleb128 0x5
 389 00ac 90000000 		.4byte	0x90
 390 00b0 BB000000 		.4byte	0xbb
 391 00b4 06       		.uleb128 0x6
 392 00b5 89000000 		.4byte	0x89
 393 00b9 03       		.byte	0x3
 394 00ba 00       		.byte	0
 395 00bb 08       		.uleb128 0x8
ARM GAS  C:\Users\elias\AppData\Local\Temp\cc6Fn21J.s 			page 8


 396 00bc DF000000 		.4byte	.LASF13
 397 00c0 03       		.byte	0x3
 398 00c1 49       		.byte	0x49
 399 00c2 CC000000 		.4byte	0xcc
 400 00c6 05       		.uleb128 0x5
 401 00c7 03       		.byte	0x3
 402 00c8 00000000 		.4byte	cy_meta_custnvl
 403 00cc 07       		.uleb128 0x7
 404 00cd AB000000 		.4byte	0xab
 405 00d1 08       		.uleb128 0x8
 406 00d2 70010000 		.4byte	.LASF14
 407 00d6 03       		.byte	0x3
 408 00d7 57       		.byte	0x57
 409 00d8 E2000000 		.4byte	0xe2
 410 00dc 05       		.uleb128 0x5
 411 00dd 03       		.byte	0x3
 412 00de 00000000 		.4byte	cy_meta_wonvl
 413 00e2 07       		.uleb128 0x7
 414 00e3 AB000000 		.4byte	0xab
 415 00e7 05       		.uleb128 0x5
 416 00e8 90000000 		.4byte	0x90
 417 00ec F7000000 		.4byte	0xf7
 418 00f0 06       		.uleb128 0x6
 419 00f1 89000000 		.4byte	0x89
 420 00f5 FF       		.byte	0xff
 421 00f6 00       		.byte	0
 422 00f7 08       		.uleb128 0x8
 423 00f8 5B010000 		.4byte	.LASF15
 424 00fc 03       		.byte	0x3
 425 00fd 65       		.byte	0x65
 426 00fe 08010000 		.4byte	0x108
 427 0102 05       		.uleb128 0x5
 428 0103 03       		.byte	0x3
 429 0104 00000000 		.4byte	cy_meta_flashprotect
 430 0108 07       		.uleb128 0x7
 431 0109 E7000000 		.4byte	0xe7
 432 010d 05       		.uleb128 0x5
 433 010e 90000000 		.4byte	0x90
 434 0112 1D010000 		.4byte	0x11d
 435 0116 06       		.uleb128 0x6
 436 0117 89000000 		.4byte	0x89
 437 011b 0B       		.byte	0xb
 438 011c 00       		.byte	0
 439 011d 08       		.uleb128 0x8
 440 011e 12000000 		.4byte	.LASF16
 441 0122 03       		.byte	0x3
 442 0123 92       		.byte	0x92
 443 0124 2E010000 		.4byte	0x12e
 444 0128 05       		.uleb128 0x5
 445 0129 03       		.byte	0x3
 446 012a 00000000 		.4byte	cy_metadata
 447 012e 07       		.uleb128 0x7
 448 012f 0D010000 		.4byte	0x10d
 449 0133 00       		.byte	0
 450              		.section	.debug_abbrev,"",%progbits
 451              	.Ldebug_abbrev0:
 452 0000 01       		.uleb128 0x1
ARM GAS  C:\Users\elias\AppData\Local\Temp\cc6Fn21J.s 			page 9


 453 0001 11       		.uleb128 0x11
 454 0002 01       		.byte	0x1
 455 0003 25       		.uleb128 0x25
 456 0004 0E       		.uleb128 0xe
 457 0005 13       		.uleb128 0x13
 458 0006 0B       		.uleb128 0xb
 459 0007 03       		.uleb128 0x3
 460 0008 0E       		.uleb128 0xe
 461 0009 1B       		.uleb128 0x1b
 462 000a 0E       		.uleb128 0xe
 463 000b 10       		.uleb128 0x10
 464 000c 17       		.uleb128 0x17
 465 000d 00       		.byte	0
 466 000e 00       		.byte	0
 467 000f 02       		.uleb128 0x2
 468 0010 24       		.uleb128 0x24
 469 0011 00       		.byte	0
 470 0012 0B       		.uleb128 0xb
 471 0013 0B       		.uleb128 0xb
 472 0014 3E       		.uleb128 0x3e
 473 0015 0B       		.uleb128 0xb
 474 0016 03       		.uleb128 0x3
 475 0017 0E       		.uleb128 0xe
 476 0018 00       		.byte	0
 477 0019 00       		.byte	0
 478 001a 03       		.uleb128 0x3
 479 001b 16       		.uleb128 0x16
 480 001c 00       		.byte	0
 481 001d 03       		.uleb128 0x3
 482 001e 0E       		.uleb128 0xe
 483 001f 3A       		.uleb128 0x3a
 484 0020 0B       		.uleb128 0xb
 485 0021 3B       		.uleb128 0x3b
 486 0022 0B       		.uleb128 0xb
 487 0023 49       		.uleb128 0x49
 488 0024 13       		.uleb128 0x13
 489 0025 00       		.byte	0
 490 0026 00       		.byte	0
 491 0027 04       		.uleb128 0x4
 492 0028 24       		.uleb128 0x24
 493 0029 00       		.byte	0
 494 002a 0B       		.uleb128 0xb
 495 002b 0B       		.uleb128 0xb
 496 002c 3E       		.uleb128 0x3e
 497 002d 0B       		.uleb128 0xb
 498 002e 03       		.uleb128 0x3
 499 002f 08       		.uleb128 0x8
 500 0030 00       		.byte	0
 501 0031 00       		.byte	0
 502 0032 05       		.uleb128 0x5
 503 0033 01       		.uleb128 0x1
 504 0034 01       		.byte	0x1
 505 0035 49       		.uleb128 0x49
 506 0036 13       		.uleb128 0x13
 507 0037 01       		.uleb128 0x1
 508 0038 13       		.uleb128 0x13
 509 0039 00       		.byte	0
ARM GAS  C:\Users\elias\AppData\Local\Temp\cc6Fn21J.s 			page 10


 510 003a 00       		.byte	0
 511 003b 06       		.uleb128 0x6
 512 003c 21       		.uleb128 0x21
 513 003d 00       		.byte	0
 514 003e 49       		.uleb128 0x49
 515 003f 13       		.uleb128 0x13
 516 0040 2F       		.uleb128 0x2f
 517 0041 0B       		.uleb128 0xb
 518 0042 00       		.byte	0
 519 0043 00       		.byte	0
 520 0044 07       		.uleb128 0x7
 521 0045 26       		.uleb128 0x26
 522 0046 00       		.byte	0
 523 0047 49       		.uleb128 0x49
 524 0048 13       		.uleb128 0x13
 525 0049 00       		.byte	0
 526 004a 00       		.byte	0
 527 004b 08       		.uleb128 0x8
 528 004c 34       		.uleb128 0x34
 529 004d 00       		.byte	0
 530 004e 03       		.uleb128 0x3
 531 004f 0E       		.uleb128 0xe
 532 0050 3A       		.uleb128 0x3a
 533 0051 0B       		.uleb128 0xb
 534 0052 3B       		.uleb128 0x3b
 535 0053 0B       		.uleb128 0xb
 536 0054 49       		.uleb128 0x49
 537 0055 13       		.uleb128 0x13
 538 0056 3F       		.uleb128 0x3f
 539 0057 19       		.uleb128 0x19
 540 0058 02       		.uleb128 0x2
 541 0059 18       		.uleb128 0x18
 542 005a 00       		.byte	0
 543 005b 00       		.byte	0
 544 005c 00       		.byte	0
 545              		.section	.debug_aranges,"",%progbits
 546 0000 14000000 		.4byte	0x14
 547 0004 0200     		.2byte	0x2
 548 0006 00000000 		.4byte	.Ldebug_info0
 549 000a 04       		.byte	0x4
 550 000b 00       		.byte	0
 551 000c 0000     		.2byte	0
 552 000e 0000     		.2byte	0
 553 0010 00000000 		.4byte	0
 554 0014 00000000 		.4byte	0
 555              		.section	.debug_line,"",%progbits
 556              	.Ldebug_line0:
 557 0000 3D010000 		.section	.debug_str,"MS",%progbits,1
 557      02003701 
 557      00000201 
 557      FB0E0D00 
 557      01010101 
 558              	.LASF9:
 559 0000 5F5F7569 		.ascii	"__uint8_t\000"
 559      6E74385F 
 559      7400
 560              	.LASF10:
ARM GAS  C:\Users\elias\AppData\Local\Temp\cc6Fn21J.s 			page 11


 561 000a 75696E74 		.ascii	"uint8_t\000"
 561      385F7400 
 562              	.LASF16:
 563 0012 63795F6D 		.ascii	"cy_metadata\000"
 563      65746164 
 563      61746100 
 564              	.LASF1:
 565 001e 756E7369 		.ascii	"unsigned char\000"
 565      676E6564 
 565      20636861 
 565      7200
 566              	.LASF17:
 567 002c 474E5520 		.ascii	"GNU C11 5.4.1 20160609 (release) [ARM/embedded-5-br"
 567      43313120 
 567      352E342E 
 567      31203230 
 567      31363036 
 568 005f 616E6368 		.ascii	"anch revision 237715] -mcpu=cortex-m3 -mthumb -g -O"
 568      20726576 
 568      6973696F 
 568      6E203233 
 568      37373135 
 569 0092 67202D66 		.ascii	"g -ffunction-sections -ffat-lto-objects\000"
 569      66756E63 
 569      74696F6E 
 569      2D736563 
 569      74696F6E 
 570              	.LASF5:
 571 00ba 6C6F6E67 		.ascii	"long unsigned int\000"
 571      20756E73 
 571      69676E65 
 571      6420696E 
 571      7400
 572              	.LASF3:
 573 00cc 73686F72 		.ascii	"short unsigned int\000"
 573      7420756E 
 573      7369676E 
 573      65642069 
 573      6E7400
 574              	.LASF13:
 575 00df 63795F6D 		.ascii	"cy_meta_custnvl\000"
 575      6574615F 
 575      63757374 
 575      6E766C00 
 576              	.LASF12:
 577 00ef 63795F6D 		.ascii	"cy_meta_configecc\000"
 577      6574615F 
 577      636F6E66 
 577      69676563 
 577      6300
 578              	.LASF8:
 579 0101 756E7369 		.ascii	"unsigned int\000"
 579      676E6564 
 579      20696E74 
 579      00
 580              	.LASF7:
 581 010e 6C6F6E67 		.ascii	"long long unsigned int\000"
ARM GAS  C:\Users\elias\AppData\Local\Temp\cc6Fn21J.s 			page 12


 581      206C6F6E 
 581      6720756E 
 581      7369676E 
 581      65642069 
 582              	.LASF19:
 583 0125 433A5C47 		.ascii	"C:\\Github\\Tesis\\src\\psoc\\ComparacionDiferencia"
 583      69746875 
 583      625C5465 
 583      7369735C 
 583      7372635C 
 584 0153 6C2E6379 		.ascii	"l.cydsn\000"
 584      64736E00 
 585              	.LASF15:
 586 015b 63795F6D 		.ascii	"cy_meta_flashprotect\000"
 586      6574615F 
 586      666C6173 
 586      6870726F 
 586      74656374 
 587              	.LASF14:
 588 0170 63795F6D 		.ascii	"cy_meta_wonvl\000"
 588      6574615F 
 588      776F6E76 
 588      6C00
 589              	.LASF11:
 590 017e 73697A65 		.ascii	"sizetype\000"
 590      74797065 
 590      00
 591              	.LASF6:
 592 0187 6C6F6E67 		.ascii	"long long int\000"
 592      206C6F6E 
 592      6720696E 
 592      7400
 593              	.LASF2:
 594 0195 73686F72 		.ascii	"short int\000"
 594      7420696E 
 594      7400
 595              	.LASF4:
 596 019f 6C6F6E67 		.ascii	"long int\000"
 596      20696E74 
 596      00
 597              	.LASF0:
 598 01a8 7369676E 		.ascii	"signed char\000"
 598      65642063 
 598      68617200 
 599              	.LASF18:
 600 01b4 47656E65 		.ascii	"Generated_Source\\PSoC5\\cymetadata.c\000"
 600      72617465 
 600      645F536F 
 600      75726365 
 600      5C50536F 
 601              		.ident	"GCC: (GNU Tools for ARM Embedded Processors) 5.4.1 20160609 (release) [ARM/embedded-5-bran
