Archive member included to satisfy reference by file (symbol)

.\CortexM3\ARM_GCC_541\Debug\AcondicionamientoAnalogico.a(Filter.o)
                              .\CortexM3\ARM_GCC_541\Debug\main.o (symbol from plugin) (Filter_Start)
.\CortexM3\ARM_GCC_541\Debug\AcondicionamientoAnalogico.a(Filter_PVT.o)
                              Filter.o (symbol from plugin) (Filter_SetInterruptMode)
.\CortexM3\ARM_GCC_541\Debug\AcondicionamientoAnalogico.a(Filter_RAM_Data.o)
                              Filter.o (symbol from plugin) (Filter_cfsm)
.\CortexM3\ARM_GCC_541\Debug\AcondicionamientoAnalogico.a(CyDmac.o)
                              .\CortexM3\ARM_GCC_541\Debug\Cm3Start.o (symbol from plugin) (CyDmacConfigure)
.\CortexM3\ARM_GCC_541\Debug\AcondicionamientoAnalogico.a(CyLib.o)
                              .\CortexM3\ARM_GCC_541\Debug\Cm3Start.o (symbol from plugin) (CyHalt)
.\CortexM3\ARM_GCC_541\Debug\AcondicionamientoAnalogico.a(cyPm.o)
                              CyLib.o (symbol from plugin) (CyPmReadStatus)
.\CortexM3\ARM_GCC_541\Debug\AcondicionamientoAnalogico.a(DMA_DelSig_Filter_dma.o)
                              .\CortexM3\ARM_GCC_541\Debug\main.o (symbol from plugin) (DMA_DelSig_Filter_DmaInitialize)
.\CortexM3\ARM_GCC_541\Debug\AcondicionamientoAnalogico.a(DMA_DelSig_RAM_dma.o)
                              .\CortexM3\ARM_GCC_541\Debug\main.o (symbol from plugin) (DMA_DelSig_RAM_DmaInitialize)
.\CortexM3\ARM_GCC_541\Debug\AcondicionamientoAnalogico.a(LED.o)
                              .\CortexM3\ARM_GCC_541\Debug\main.o (symbol from plugin) (LED_Write)
.\CortexM3\ARM_GCC_541\Debug\AcondicionamientoAnalogico.a(UART.o)
                              .\CortexM3\ARM_GCC_541\Debug\main.o (symbol from plugin) (UART_Start)
.\CortexM3\ARM_GCC_541\Debug\AcondicionamientoAnalogico.a(UART_INT.o)
                              UART.o (symbol from plugin) (UART_RXISR)
.\CortexM3\ARM_GCC_541\Debug\AcondicionamientoAnalogico.a(UART_IntClock.o)
                              UART.o (symbol from plugin) (UART_IntClock_Start)
.\CortexM3\ARM_GCC_541\Debug\AcondicionamientoAnalogico.a(ADC.o)
                              .\CortexM3\ARM_GCC_541\Debug\calibration.o (symbol from plugin) (ADC_Start)
.\CortexM3\ARM_GCC_541\Debug\AcondicionamientoAnalogico.a(ADC_INT.o)
                              ADC.o (symbol from plugin) (ADC_ISR1)
.\CortexM3\ARM_GCC_541\Debug\AcondicionamientoAnalogico.a(ADC_Ext_CP_Clk.o)
                              ADC.o (symbol from plugin) (ADC_Ext_CP_Clk_SetDividerRegister)
.\CortexM3\ARM_GCC_541\Debug\AcondicionamientoAnalogico.a(ADC_theACLK.o)
                              ADC.o (symbol from plugin) (ADC_theACLK_SetDividerRegister)
.\CortexM3\ARM_GCC_541\Debug\AcondicionamientoAnalogico.a(VDAC_PGA.o)
                              .\CortexM3\ARM_GCC_541\Debug\calibration.o (symbol from plugin) (VDAC_PGA_Start)
.\CortexM3\ARM_GCC_541\Debug\AcondicionamientoAnalogico.a(SYNC_IN.o)
                              .\CortexM3\ARM_GCC_541\Debug\main.o (symbol from plugin) (SYNC_IN_Read)
.\CortexM3\ARM_GCC_541\Debug\AcondicionamientoAnalogico.a(LPF_ADC.o)
                              .\CortexM3\ARM_GCC_541\Debug\psoc_hw.o (symbol from plugin) (LPF_ADC_Start)
.\CortexM3\ARM_GCC_541\Debug\AcondicionamientoAnalogico.a(PGA.o)
                              .\CortexM3\ARM_GCC_541\Debug\psoc_hw.o (symbol from plugin) (PGA_Start)
.\CortexM3\ARM_GCC_541\Debug\AcondicionamientoAnalogico.a(ADC_AMux.o)
                              ADC.o (symbol from plugin) (ADC_AMux_Select)
.\CortexM3\ARM_GCC_541\Debug\AcondicionamientoAnalogico.a(Opa_LP.o)
                              .\CortexM3\ARM_GCC_541\Debug\psoc_hw.o (symbol from plugin) (Opa_LP_Start)
.\CortexM3\ARM_GCC_541\Debug\AcondicionamientoAnalogico.a(VDAC_LP.o)
                              .\CortexM3\ARM_GCC_541\Debug\calibration.o (symbol from plugin) (VDAC_LP_Start)
.\CortexM3\ARM_GCC_541\Debug\AcondicionamientoAnalogico.a(AMux_ADC.o)
                              .\CortexM3\ARM_GCC_541\Debug\calibration.o (symbol from plugin) (AMux_ADC_Start)
.\CortexM3\ARM_GCC_541\Debug\AcondicionamientoAnalogico.a(Opa_ref_PGA.o)
                              .\CortexM3\ARM_GCC_541\Debug\psoc_hw.o (symbol from plugin) (Opa_ref_PGA_Start)
.\CortexM3\ARM_GCC_541\Debug\AcondicionamientoAnalogico.a(Clock_1.o)
                              .\CortexM3\ARM_GCC_541\Debug\main.o (symbol from plugin) (Clock_1_Start)
.\CortexM3\ARM_GCC_541\Debug\AcondicionamientoAnalogico.a(EEPROM.o)
                              .\CortexM3\ARM_GCC_541\Debug\main.o (symbol from plugin) (EEPROM_Start)
.\CortexM3\ARM_GCC_541\Debug\AcondicionamientoAnalogico.a(DMA_Filter_RAM_dma.o)
                              .\CortexM3\ARM_GCC_541\Debug\main.o (symbol from plugin) (DMA_Filter_RAM_DmaInitialize)
.\CortexM3\ARM_GCC_541\Debug\AcondicionamientoAnalogico.a(Opa_ref_1V.o)
                              .\CortexM3\ARM_GCC_541\Debug\psoc_hw.o (symbol from plugin) (Opa_ref_1V_Start)
.\CortexM3\ARM_GCC_541\Debug\AcondicionamientoAnalogico.a(isr_SuperMaquina.o)
                              .\CortexM3\ARM_GCC_541\Debug\main.o (symbol from plugin) (isr_SuperMaquina_StartEx)
.\CortexM3\ARM_GCC_541\Debug\AcondicionamientoAnalogico.a(state.o)
                              .\CortexM3\ARM_GCC_541\Debug\main.o (symbol from plugin) (state_Read)
.\CortexM3\ARM_GCC_541\Debug\AcondicionamientoAnalogico.a(error.o)
                              .\CortexM3\ARM_GCC_541\Debug\main.o (symbol from plugin) (error_Read)
.\CortexM3\ARM_GCC_541\Debug\AcondicionamientoAnalogico.a(status.o)
                              .\CortexM3\ARM_GCC_541\Debug\main.o (symbol from plugin) (status_Read)
.\CortexM3\ARM_GCC_541\Debug\AcondicionamientoAnalogico.a(reset.o)
                              .\CortexM3\ARM_GCC_541\Debug\main.o (symbol from plugin) (reset_Write)
.\CortexM3\ARM_GCC_541\Debug\AcondicionamientoAnalogico.a(cfg.o)
                              .\CortexM3\ARM_GCC_541\Debug\main.o (symbol from plugin) (cfg_Write)
.\CortexM3\ARM_GCC_541\Debug\AcondicionamientoAnalogico.a(ctrl.o)
                              .\CortexM3\ARM_GCC_541\Debug\main.o (symbol from plugin) (ctrl_Write)
.\CortexM3\ARM_GCC_541\Debug\AcondicionamientoAnalogico.a(Tmr_LedWait.o)
                              .\CortexM3\ARM_GCC_541\Debug\main.o (symbol from plugin) (Tmr_LedWait_Init)
.\CortexM3\ARM_GCC_541\Debug\AcondicionamientoAnalogico.a(Tmr_UartRxWatchdog.o)
                              .\CortexM3\ARM_GCC_541\Debug\main.o (symbol from plugin) (Tmr_UartRxWatchdog_Init)
.\CortexM3\ARM_GCC_541\Debug\AcondicionamientoAnalogico.a(Tmr_PingCalTick.o)
                              .\CortexM3\ARM_GCC_541\Debug\main.o (symbol from plugin) (Tmr_PingCalTick_Init)
.\CortexM3\ARM_GCC_541\Debug\AcondicionamientoAnalogico.a(Tmr_CaptureWatchdog.o)
                              .\CortexM3\ARM_GCC_541\Debug\main.o (symbol from plugin) (Tmr_CaptureWatchdog_Init)
.\CortexM3\ARM_GCC_541\Debug\AcondicionamientoAnalogico.a(CyBootAsmGnu.o)
                              .\CortexM3\ARM_GCC_541\Debug\cyfitter_cfg.o (symbol from plugin) (CyDelayCycles)
.\CortexM3\ARM_GCC_541\Debug\AcondicionamientoAnalogico.a(CyFlash.o)
                              EEPROM.o (symbol from plugin) (dieTemperature)
.\CortexM3\ARM_GCC_541\Debug\AcondicionamientoAnalogico.a(CySpc.o)
                              EEPROM.o (symbol from plugin) (CySpcStart)
c:/program files (x86)/cypress/psoc creator/4.4/psoc creator/import/gnu/arm/5.4.1/bin/../lib/gcc/arm-none-eabi/5.4.1/../../../../arm-none-eabi/lib/armv7-m\libg_nano.a(lib_a-errno.o)
                              .\CortexM3\ARM_GCC_541\Debug\Cm3Start.o (symbol from plugin) (__errno)
c:/program files (x86)/cypress/psoc creator/4.4/psoc creator/import/gnu/arm/5.4.1/bin/../lib/gcc/arm-none-eabi/5.4.1/../../../../arm-none-eabi/lib/armv7-m\libg_nano.a(lib_a-exit.o)
                              c:/program files (x86)/cypress/psoc creator/4.4/psoc creator/import/gnu/arm/5.4.1/bin/../lib/gcc/arm-none-eabi/5.4.1/../../../../arm-none-eabi/lib/armv7-m/crt0.o (exit)
c:/program files (x86)/cypress/psoc creator/4.4/psoc creator/import/gnu/arm/5.4.1/bin/../lib/gcc/arm-none-eabi/5.4.1/../../../../arm-none-eabi/lib/armv7-m\libg_nano.a(lib_a-impure.o)
                              c:/program files (x86)/cypress/psoc creator/4.4/psoc creator/import/gnu/arm/5.4.1/bin/../lib/gcc/arm-none-eabi/5.4.1/../../../../arm-none-eabi/lib/armv7-m\libg_nano.a(lib_a-exit.o) (_global_impure_ptr)
c:/program files (x86)/cypress/psoc creator/4.4/psoc creator/import/gnu/arm/5.4.1/bin/../lib/gcc/arm-none-eabi/5.4.1/../../../../arm-none-eabi/lib/armv7-m\libg_nano.a(lib_a-init.o)
                              c:/program files (x86)/cypress/psoc creator/4.4/psoc creator/import/gnu/arm/5.4.1/bin/../lib/gcc/arm-none-eabi/5.4.1/../../../../arm-none-eabi/lib/armv7-m/crt0.o (__libc_init_array)
c:/program files (x86)/cypress/psoc creator/4.4/psoc creator/import/gnu/arm/5.4.1/bin/../lib/gcc/arm-none-eabi/5.4.1/../../../../arm-none-eabi/lib/armv7-m\libg_nano.a(lib_a-memset.o)
                              c:/program files (x86)/cypress/psoc creator/4.4/psoc creator/import/gnu/arm/5.4.1/bin/../lib/gcc/arm-none-eabi/5.4.1/../../../../arm-none-eabi/lib/armv7-m/crt0.o (memset)
c:/program files (x86)/cypress/psoc creator/4.4/psoc creator/import/gnu/arm/5.4.1/bin/../lib/gcc/arm-none-eabi/5.4.1/../../../../arm-none-eabi/lib/armv7-m\libnosys.a(_exit.o)
                              c:/program files (x86)/cypress/psoc creator/4.4/psoc creator/import/gnu/arm/5.4.1/bin/../lib/gcc/arm-none-eabi/5.4.1/../../../../arm-none-eabi/lib/armv7-m\libg_nano.a(lib_a-exit.o) (_exit)
c:/program files (x86)/cypress/psoc creator/4.4/psoc creator/import/gnu/arm/5.4.1/bin/../lib/gcc/arm-none-eabi/5.4.1/armv7-m\libgcc.a(_aeabi_ldivmod.o)
                              C:\Users\elias\AppData\Local\Temp\ccS7sdb3.ltrans2.ltrans.o (__aeabi_ldivmod)
c:/program files (x86)/cypress/psoc creator/4.4/psoc creator/import/gnu/arm/5.4.1/bin/../lib/gcc/arm-none-eabi/5.4.1/armv7-m\libgcc.a(_udivmoddi4.o)
                              c:/program files (x86)/cypress/psoc creator/4.4/psoc creator/import/gnu/arm/5.4.1/bin/../lib/gcc/arm-none-eabi/5.4.1/armv7-m\libgcc.a(_aeabi_ldivmod.o) (__udivmoddi4)
c:/program files (x86)/cypress/psoc creator/4.4/psoc creator/import/gnu/arm/5.4.1/bin/../lib/gcc/arm-none-eabi/5.4.1/armv7-m\libgcc.a(_dvmd_tls.o)
                              c:/program files (x86)/cypress/psoc creator/4.4/psoc creator/import/gnu/arm/5.4.1/bin/../lib/gcc/arm-none-eabi/5.4.1/armv7-m\libgcc.a(_aeabi_ldivmod.o) (__aeabi_ldiv0)
c:/program files (x86)/cypress/psoc creator/4.4/psoc creator/import/gnu/arm/5.4.1/bin/../lib/gcc/arm-none-eabi/5.4.1/../../../../arm-none-eabi/lib/armv7-m\libg_nano.a(lib_a-memcpy-stub.o)
                              C:\Users\elias\AppData\Local\Temp\ccS7sdb3.ltrans0.ltrans.o (memcpy)

Allocating common symbols
Common symbol       size              file

ADC_CountsPerVolt   0x4               ADC.o (symbol from plugin)

Discarded input sections

 .text          0x00000000        0x0 c:/program files (x86)/cypress/psoc creator/4.4/psoc creator/import/gnu/arm/5.4.1/bin/../lib/gcc/arm-none-eabi/5.4.1/armv7-m/crti.o
 .data          0x00000000        0x0 c:/program files (x86)/cypress/psoc creator/4.4/psoc creator/import/gnu/arm/5.4.1/bin/../lib/gcc/arm-none-eabi/5.4.1/armv7-m/crti.o
 .bss           0x00000000        0x0 c:/program files (x86)/cypress/psoc creator/4.4/psoc creator/import/gnu/arm/5.4.1/bin/../lib/gcc/arm-none-eabi/5.4.1/armv7-m/crti.o
 .data          0x00000000        0x4 c:/program files (x86)/cypress/psoc creator/4.4/psoc creator/import/gnu/arm/5.4.1/bin/../lib/gcc/arm-none-eabi/5.4.1/armv7-m/crtbegin.o
 .text          0x00000000       0x74 c:/program files (x86)/cypress/psoc creator/4.4/psoc creator/import/gnu/arm/5.4.1/bin/../lib/gcc/arm-none-eabi/5.4.1/../../../../arm-none-eabi/lib/armv7-m/crt0.o
 .data          0x00000000        0x0 c:/program files (x86)/cypress/psoc creator/4.4/psoc creator/import/gnu/arm/5.4.1/bin/../lib/gcc/arm-none-eabi/5.4.1/../../../../arm-none-eabi/lib/armv7-m/crt0.o
 .bss           0x00000000        0x0 c:/program files (x86)/cypress/psoc creator/4.4/psoc creator/import/gnu/arm/5.4.1/bin/../lib/gcc/arm-none-eabi/5.4.1/../../../../arm-none-eabi/lib/armv7-m/crt0.o
 .ARM.extab     0x00000000        0x0 c:/program files (x86)/cypress/psoc creator/4.4/psoc creator/import/gnu/arm/5.4.1/bin/../lib/gcc/arm-none-eabi/5.4.1/../../../../arm-none-eabi/lib/armv7-m/crt0.o
 .ARM.exidx     0x00000000        0x8 c:/program files (x86)/cypress/psoc creator/4.4/psoc creator/import/gnu/arm/5.4.1/bin/../lib/gcc/arm-none-eabi/5.4.1/../../../../arm-none-eabi/lib/armv7-m/crt0.o
 .text          0x00000000        0x0 .\CortexM3\ARM_GCC_541\Debug\main.o (symbol from plugin)
 .text          0x00000000        0x0 C:\Users\elias\AppData\Local\Temp\ccS7sdb3.ltrans0.ltrans.o
 .text          0x00000000        0x0 C:\Users\elias\AppData\Local\Temp\ccS7sdb3.ltrans1.ltrans.o
 .text          0x00000000        0x0 C:\Users\elias\AppData\Local\Temp\ccS7sdb3.ltrans2.ltrans.o
 .text          0x00000000        0x0 C:\Users\elias\AppData\Local\Temp\ccS7sdb3.ltrans3.ltrans.o
 .text          0x00000000        0x0 C:\Users\elias\AppData\Local\Temp\ccS7sdb3.ltrans4.ltrans.o
 .data          0x00000000        0x0 C:\Users\elias\AppData\Local\Temp\ccS7sdb3.ltrans4.ltrans.o
 .text          0x00000000        0x0 C:\Users\elias\AppData\Local\Temp\ccS7sdb3.ltrans5.ltrans.o
 .text          0x00000000        0x0 C:\Users\elias\AppData\Local\Temp\ccS7sdb3.ltrans6.ltrans.o
 .text._exit    0x00000000        0x4 C:\Users\elias\AppData\Local\Temp\ccS7sdb3.ltrans6.ltrans.o
 .text          0x00000000        0x0 C:\Users\elias\AppData\Local\Temp\ccS7sdb3.ltrans7.ltrans.o
 .data          0x00000000        0x0 C:\Users\elias\AppData\Local\Temp\ccS7sdb3.ltrans7.ltrans.o
 .bss           0x00000000      0x114 C:\Users\elias\AppData\Local\Temp\ccS7sdb3.ltrans7.ltrans.o
 .text          0x00000000        0x0 C:\Users\elias\AppData\Local\Temp\ccS7sdb3.ltrans8.ltrans.o
 .text          0x00000000        0x0 .\CortexM3\ARM_GCC_541\Debug\calibration.o (symbol from plugin)
 .text          0x00000000        0x0 .\CortexM3\ARM_GCC_541\Debug\psoc_adc.o (symbol from plugin)
 .text          0x00000000        0x0 .\CortexM3\ARM_GCC_541\Debug\psoc_hw.o (symbol from plugin)
 .text          0x00000000        0x0 .\CortexM3\ARM_GCC_541\Debug\crc.o (symbol from plugin)
 .text          0x00000000        0x0 .\CortexM3\ARM_GCC_541\Debug\psoc_nv.o (symbol from plugin)
 .text          0x00000000        0x0 .\CortexM3\ARM_GCC_541\Debug\filter_coeffs.o (symbol from plugin)
 .text          0x00000000        0x0 .\CortexM3\ARM_GCC_541\Debug\FIR_adquisition.o (symbol from plugin)
 .text          0x00000000        0x0 .\CortexM3\ARM_GCC_541\Debug\FIR_calibration.o (symbol from plugin)
 .text          0x00000000        0x0 .\CortexM3\ARM_GCC_541\Debug\psoc_debug.o (symbol from plugin)
 .text          0x00000000        0x0 .\CortexM3\ARM_GCC_541\Debug\cyfitter_cfg.o (symbol from plugin)
 .text          0x00000000        0x0 .\CortexM3\ARM_GCC_541\Debug\cymetadata.o (symbol from plugin)
 .text          0x00000000        0x0 .\CortexM3\ARM_GCC_541\Debug\Cm3Start.o (symbol from plugin)
 .text          0x00000000        0x0 Filter.o (symbol from plugin)
 .text          0x00000000        0x0 Filter_PVT.o (symbol from plugin)
 .text          0x00000000        0x0 Filter_RAM_Data.o (symbol from plugin)
 .text          0x00000000        0x0 CyDmac.o (symbol from plugin)
 .text          0x00000000        0x0 CyLib.o (symbol from plugin)
 .text          0x00000000        0x0 cyPm.o (symbol from plugin)
 .text          0x00000000        0x0 DMA_DelSig_Filter_dma.o (symbol from plugin)
 .text          0x00000000        0x0 DMA_DelSig_RAM_dma.o (symbol from plugin)
 .text          0x00000000        0x0 LED.o (symbol from plugin)
 .text          0x00000000        0x0 UART.o (symbol from plugin)
 .text          0x00000000        0x0 UART_INT.o (symbol from plugin)
 .text          0x00000000        0x0 UART_IntClock.o (symbol from plugin)
 .text          0x00000000        0x0 ADC.o (symbol from plugin)
 .text          0x00000000        0x0 ADC_INT.o (symbol from plugin)
 .text          0x00000000        0x0 ADC_Ext_CP_Clk.o (symbol from plugin)
 .text          0x00000000        0x0 ADC_theACLK.o (symbol from plugin)
 .text          0x00000000        0x0 VDAC_PGA.o (symbol from plugin)
 .text          0x00000000        0x0 SYNC_IN.o (symbol from plugin)
 .text          0x00000000        0x0 LPF_ADC.o (symbol from plugin)
 .text          0x00000000        0x0 PGA.o (symbol from plugin)
 .text          0x00000000        0x0 ADC_AMux.o (symbol from plugin)
 .text          0x00000000        0x0 Opa_LP.o (symbol from plugin)
 .text          0x00000000        0x0 VDAC_LP.o (symbol from plugin)
 .text          0x00000000        0x0 AMux_ADC.o (symbol from plugin)
 .text          0x00000000        0x0 Opa_ref_PGA.o (symbol from plugin)
 .text          0x00000000        0x0 Clock_1.o (symbol from plugin)
 .text          0x00000000        0x0 EEPROM.o (symbol from plugin)
 .text          0x00000000        0x0 DMA_Filter_RAM_dma.o (symbol from plugin)
 .text          0x00000000        0x0 Opa_ref_1V.o (symbol from plugin)
 .text          0x00000000        0x0 isr_SuperMaquina.o (symbol from plugin)
 .text          0x00000000        0x0 state.o (symbol from plugin)
 .text          0x00000000        0x0 error.o (symbol from plugin)
 .text          0x00000000        0x0 status.o (symbol from plugin)
 .text          0x00000000        0x0 reset.o (symbol from plugin)
 .text          0x00000000        0x0 cfg.o (symbol from plugin)
 .text          0x00000000        0x0 ctrl.o (symbol from plugin)
 .text          0x00000000        0x0 Tmr_LedWait.o (symbol from plugin)
 .text          0x00000000        0x0 Tmr_UartRxWatchdog.o (symbol from plugin)
 .text          0x00000000        0x0 Tmr_PingCalTick.o (symbol from plugin)
 .text          0x00000000        0x0 Tmr_CaptureWatchdog.o (symbol from plugin)
 .data          0x00000000        0x0 .\CortexM3\ARM_GCC_541\Debug\AcondicionamientoAnalogico.a(CyBootAsmGnu.o)
 .bss           0x00000000        0x0 .\CortexM3\ARM_GCC_541\Debug\AcondicionamientoAnalogico.a(CyBootAsmGnu.o)
 .text          0x00000000        0x0 CyFlash.o (symbol from plugin)
 .text          0x00000000        0x0 CySpc.o (symbol from plugin)
 .text          0x00000000        0x0 c:/program files (x86)/cypress/psoc creator/4.4/psoc creator/import/gnu/arm/5.4.1/bin/../lib/gcc/arm-none-eabi/5.4.1/../../../../arm-none-eabi/lib/armv7-m\libg_nano.a(lib_a-errno.o)
 .data          0x00000000        0x0 c:/program files (x86)/cypress/psoc creator/4.4/psoc creator/import/gnu/arm/5.4.1/bin/../lib/gcc/arm-none-eabi/5.4.1/../../../../arm-none-eabi/lib/armv7-m\libg_nano.a(lib_a-errno.o)
 .bss           0x00000000        0x0 c:/program files (x86)/cypress/psoc creator/4.4/psoc creator/import/gnu/arm/5.4.1/bin/../lib/gcc/arm-none-eabi/5.4.1/../../../../arm-none-eabi/lib/armv7-m\libg_nano.a(lib_a-errno.o)
 .text          0x00000000        0x0 c:/program files (x86)/cypress/psoc creator/4.4/psoc creator/import/gnu/arm/5.4.1/bin/../lib/gcc/arm-none-eabi/5.4.1/../../../../arm-none-eabi/lib/armv7-m\libg_nano.a(lib_a-exit.o)
 .data          0x00000000        0x0 c:/program files (x86)/cypress/psoc creator/4.4/psoc creator/import/gnu/arm/5.4.1/bin/../lib/gcc/arm-none-eabi/5.4.1/../../../../arm-none-eabi/lib/armv7-m\libg_nano.a(lib_a-exit.o)
 .bss           0x00000000        0x0 c:/program files (x86)/cypress/psoc creator/4.4/psoc creator/import/gnu/arm/5.4.1/bin/../lib/gcc/arm-none-eabi/5.4.1/../../../../arm-none-eabi/lib/armv7-m\libg_nano.a(lib_a-exit.o)
 .text.exit     0x00000000       0x28 c:/program files (x86)/cypress/psoc creator/4.4/psoc creator/import/gnu/arm/5.4.1/bin/../lib/gcc/arm-none-eabi/5.4.1/../../../../arm-none-eabi/lib/armv7-m\libg_nano.a(lib_a-exit.o)
 .text          0x00000000        0x0 c:/program files (x86)/cypress/psoc creator/4.4/psoc creator/import/gnu/arm/5.4.1/bin/../lib/gcc/arm-none-eabi/5.4.1/../../../../arm-none-eabi/lib/armv7-m\libg_nano.a(lib_a-impure.o)
 .data          0x00000000        0x0 c:/program files (x86)/cypress/psoc creator/4.4/psoc creator/import/gnu/arm/5.4.1/bin/../lib/gcc/arm-none-eabi/5.4.1/../../../../arm-none-eabi/lib/armv7-m\libg_nano.a(lib_a-impure.o)
 .bss           0x00000000        0x0 c:/program files (x86)/cypress/psoc creator/4.4/psoc creator/import/gnu/arm/5.4.1/bin/../lib/gcc/arm-none-eabi/5.4.1/../../../../arm-none-eabi/lib/armv7-m\libg_nano.a(lib_a-impure.o)
 .rodata._global_impure_ptr
                0x00000000        0x4 c:/program files (x86)/cypress/psoc creator/4.4/psoc creator/import/gnu/arm/5.4.1/bin/../lib/gcc/arm-none-eabi/5.4.1/../../../../arm-none-eabi/lib/armv7-m\libg_nano.a(lib_a-impure.o)
 .text          0x00000000        0x0 c:/program files (x86)/cypress/psoc creator/4.4/psoc creator/import/gnu/arm/5.4.1/bin/../lib/gcc/arm-none-eabi/5.4.1/../../../../arm-none-eabi/lib/armv7-m\libg_nano.a(lib_a-init.o)
 .data          0x00000000        0x0 c:/program files (x86)/cypress/psoc creator/4.4/psoc creator/import/gnu/arm/5.4.1/bin/../lib/gcc/arm-none-eabi/5.4.1/../../../../arm-none-eabi/lib/armv7-m\libg_nano.a(lib_a-init.o)
 .bss           0x00000000        0x0 c:/program files (x86)/cypress/psoc creator/4.4/psoc creator/import/gnu/arm/5.4.1/bin/../lib/gcc/arm-none-eabi/5.4.1/../../../../arm-none-eabi/lib/armv7-m\libg_nano.a(lib_a-init.o)
 .text          0x00000000        0x0 c:/program files (x86)/cypress/psoc creator/4.4/psoc creator/import/gnu/arm/5.4.1/bin/../lib/gcc/arm-none-eabi/5.4.1/../../../../arm-none-eabi/lib/armv7-m\libg_nano.a(lib_a-memset.o)
 .data          0x00000000        0x0 c:/program files (x86)/cypress/psoc creator/4.4/psoc creator/import/gnu/arm/5.4.1/bin/../lib/gcc/arm-none-eabi/5.4.1/../../../../arm-none-eabi/lib/armv7-m\libg_nano.a(lib_a-memset.o)
 .bss           0x00000000        0x0 c:/program files (x86)/cypress/psoc creator/4.4/psoc creator/import/gnu/arm/5.4.1/bin/../lib/gcc/arm-none-eabi/5.4.1/../../../../arm-none-eabi/lib/armv7-m\libg_nano.a(lib_a-memset.o)
 .text          0x00000000        0x0 c:/program files (x86)/cypress/psoc creator/4.4/psoc creator/import/gnu/arm/5.4.1/bin/../lib/gcc/arm-none-eabi/5.4.1/armv7-m/crtend.o
 .data          0x00000000        0x0 c:/program files (x86)/cypress/psoc creator/4.4/psoc creator/import/gnu/arm/5.4.1/bin/../lib/gcc/arm-none-eabi/5.4.1/armv7-m/crtend.o
 .bss           0x00000000        0x0 c:/program files (x86)/cypress/psoc creator/4.4/psoc creator/import/gnu/arm/5.4.1/bin/../lib/gcc/arm-none-eabi/5.4.1/armv7-m/crtend.o
 .text          0x00000000        0x0 c:/program files (x86)/cypress/psoc creator/4.4/psoc creator/import/gnu/arm/5.4.1/bin/../lib/gcc/arm-none-eabi/5.4.1/armv7-m/crtn.o
 .data          0x00000000        0x0 c:/program files (x86)/cypress/psoc creator/4.4/psoc creator/import/gnu/arm/5.4.1/bin/../lib/gcc/arm-none-eabi/5.4.1/armv7-m/crtn.o
 .bss           0x00000000        0x0 c:/program files (x86)/cypress/psoc creator/4.4/psoc creator/import/gnu/arm/5.4.1/bin/../lib/gcc/arm-none-eabi/5.4.1/armv7-m/crtn.o
 .text          0x00000000        0x0 c:/program files (x86)/cypress/psoc creator/4.4/psoc creator/import/gnu/arm/5.4.1/bin/../lib/gcc/arm-none-eabi/5.4.1/../../../../arm-none-eabi/lib/armv7-m\libnosys.a(_exit.o)
 .data          0x00000000        0x0 c:/program files (x86)/cypress/psoc creator/4.4/psoc creator/import/gnu/arm/5.4.1/bin/../lib/gcc/arm-none-eabi/5.4.1/../../../../arm-none-eabi/lib/armv7-m\libnosys.a(_exit.o)
 .bss           0x00000000        0x0 c:/program files (x86)/cypress/psoc creator/4.4/psoc creator/import/gnu/arm/5.4.1/bin/../lib/gcc/arm-none-eabi/5.4.1/../../../../arm-none-eabi/lib/armv7-m\libnosys.a(_exit.o)
 .text._exit    0x00000000        0x4 c:/program files (x86)/cypress/psoc creator/4.4/psoc creator/import/gnu/arm/5.4.1/bin/../lib/gcc/arm-none-eabi/5.4.1/../../../../arm-none-eabi/lib/armv7-m\libnosys.a(_exit.o)
 .data          0x00000000        0x0 c:/program files (x86)/cypress/psoc creator/4.4/psoc creator/import/gnu/arm/5.4.1/bin/../lib/gcc/arm-none-eabi/5.4.1/armv7-m\libgcc.a(_aeabi_ldivmod.o)
 .bss           0x00000000        0x0 c:/program files (x86)/cypress/psoc creator/4.4/psoc creator/import/gnu/arm/5.4.1/bin/../lib/gcc/arm-none-eabi/5.4.1/armv7-m\libgcc.a(_aeabi_ldivmod.o)
 .data          0x00000000        0x0 c:/program files (x86)/cypress/psoc creator/4.4/psoc creator/import/gnu/arm/5.4.1/bin/../lib/gcc/arm-none-eabi/5.4.1/armv7-m\libgcc.a(_udivmoddi4.o)
 .bss           0x00000000        0x0 c:/program files (x86)/cypress/psoc creator/4.4/psoc creator/import/gnu/arm/5.4.1/bin/../lib/gcc/arm-none-eabi/5.4.1/armv7-m\libgcc.a(_udivmoddi4.o)
 .ARM.extab     0x00000000        0x0 c:/program files (x86)/cypress/psoc creator/4.4/psoc creator/import/gnu/arm/5.4.1/bin/../lib/gcc/arm-none-eabi/5.4.1/armv7-m\libgcc.a(_udivmoddi4.o)
 .data          0x00000000        0x0 c:/program files (x86)/cypress/psoc creator/4.4/psoc creator/import/gnu/arm/5.4.1/bin/../lib/gcc/arm-none-eabi/5.4.1/armv7-m\libgcc.a(_dvmd_tls.o)
 .bss           0x00000000        0x0 c:/program files (x86)/cypress/psoc creator/4.4/psoc creator/import/gnu/arm/5.4.1/bin/../lib/gcc/arm-none-eabi/5.4.1/armv7-m\libgcc.a(_dvmd_tls.o)
 .text          0x00000000        0x0 c:/program files (x86)/cypress/psoc creator/4.4/psoc creator/import/gnu/arm/5.4.1/bin/../lib/gcc/arm-none-eabi/5.4.1/../../../../arm-none-eabi/lib/armv7-m\libg_nano.a(lib_a-memcpy-stub.o)
 .data          0x00000000        0x0 c:/program files (x86)/cypress/psoc creator/4.4/psoc creator/import/gnu/arm/5.4.1/bin/../lib/gcc/arm-none-eabi/5.4.1/../../../../arm-none-eabi/lib/armv7-m\libg_nano.a(lib_a-memcpy-stub.o)
 .bss           0x00000000        0x0 c:/program files (x86)/cypress/psoc creator/4.4/psoc creator/import/gnu/arm/5.4.1/bin/../lib/gcc/arm-none-eabi/5.4.1/../../../../arm-none-eabi/lib/armv7-m\libg_nano.a(lib_a-memcpy-stub.o)

Memory Configuration

Name             Origin             Length             Attributes
rom              0x00000000         0x00040000         xr
ram              0x1fff8000         0x00010000         xrw
*default*        0x00000000         0xffffffff

Linker script and memory map

LOAD c:/program files (x86)/cypress/psoc creator/4.4/psoc creator/import/gnu/arm/5.4.1/bin/../lib/gcc/arm-none-eabi/5.4.1/armv7-m/crti.o
LOAD c:/program files (x86)/cypress/psoc creator/4.4/psoc creator/import/gnu/arm/5.4.1/bin/../lib/gcc/arm-none-eabi/5.4.1/armv7-m/crtbegin.o
LOAD c:/program files (x86)/cypress/psoc creator/4.4/psoc creator/import/gnu/arm/5.4.1/bin/../lib/gcc/arm-none-eabi/5.4.1/../../../../arm-none-eabi/lib/armv7-m/crt0.o
START GROUP
LOAD .\CortexM3\ARM_GCC_541\Debug\main.o
LOAD C:\Users\elias\AppData\Local\Temp\ccS7sdb3.ltrans0.ltrans.o
LOAD C:\Users\elias\AppData\Local\Temp\ccS7sdb3.ltrans1.ltrans.o
LOAD C:\Users\elias\AppData\Local\Temp\ccS7sdb3.ltrans2.ltrans.o
LOAD C:\Users\elias\AppData\Local\Temp\ccS7sdb3.ltrans3.ltrans.o
LOAD C:\Users\elias\AppData\Local\Temp\ccS7sdb3.ltrans4.ltrans.o
LOAD C:\Users\elias\AppData\Local\Temp\ccS7sdb3.ltrans5.ltrans.o
LOAD C:\Users\elias\AppData\Local\Temp\ccS7sdb3.ltrans6.ltrans.o
LOAD C:\Users\elias\AppData\Local\Temp\ccS7sdb3.ltrans7.ltrans.o
LOAD C:\Users\elias\AppData\Local\Temp\ccS7sdb3.ltrans8.ltrans.o
LOAD .\CortexM3\ARM_GCC_541\Debug\calibration.o
LOAD .\CortexM3\ARM_GCC_541\Debug\psoc_adc.o
LOAD .\CortexM3\ARM_GCC_541\Debug\psoc_hw.o
LOAD .\CortexM3\ARM_GCC_541\Debug\crc.o
LOAD .\CortexM3\ARM_GCC_541\Debug\psoc_nv.o
LOAD .\CortexM3\ARM_GCC_541\Debug\filter_coeffs.o
LOAD .\CortexM3\ARM_GCC_541\Debug\FIR_adquisition.o
LOAD .\CortexM3\ARM_GCC_541\Debug\FIR_calibration.o
LOAD .\CortexM3\ARM_GCC_541\Debug\psoc_debug.o
LOAD .\CortexM3\ARM_GCC_541\Debug\cyfitter_cfg.o
LOAD .\CortexM3\ARM_GCC_541\Debug\cymetadata.o
LOAD .\CortexM3\ARM_GCC_541\Debug\Cm3Start.o
LOAD .\CortexM3\ARM_GCC_541\Debug\AcondicionamientoAnalogico.a
LOAD C:\Program Files (x86)\Cypress\PSoC Creator\4.4\PSoC Creator\psoc\content\cycomponentlibrary\CyComponentLibrary.cylib\CortexM3\ARM_GCC_541\Debug\CyComponentLibrary.a
END GROUP
START GROUP
LOAD c:/program files (x86)/cypress/psoc creator/4.4/psoc creator/import/gnu/arm/5.4.1/bin/../lib/gcc/arm-none-eabi/5.4.1/armv7-m\libgcc.a
LOAD c:/program files (x86)/cypress/psoc creator/4.4/psoc creator/import/gnu/arm/5.4.1/bin/../lib/gcc/arm-none-eabi/5.4.1/../../../../arm-none-eabi/lib/armv7-m\libg_nano.a
LOAD c:/program files (x86)/cypress/psoc creator/4.4/psoc creator/import/gnu/arm/5.4.1/bin/../lib/gcc/arm-none-eabi/5.4.1/../../../../arm-none-eabi/lib/armv7-m\libc_nano.a
END GROUP
START GROUP
LOAD c:/program files (x86)/cypress/psoc creator/4.4/psoc creator/import/gnu/arm/5.4.1/bin/../lib/gcc/arm-none-eabi/5.4.1/armv7-m\libgcc.a
LOAD c:/program files (x86)/cypress/psoc creator/4.4/psoc creator/import/gnu/arm/5.4.1/bin/../lib/gcc/arm-none-eabi/5.4.1/../../../../arm-none-eabi/lib/armv7-m\libc_nano.a
END GROUP
LOAD c:/program files (x86)/cypress/psoc creator/4.4/psoc creator/import/gnu/arm/5.4.1/bin/../lib/gcc/arm-none-eabi/5.4.1/armv7-m/crtend.o
LOAD c:/program files (x86)/cypress/psoc creator/4.4/psoc creator/import/gnu/arm/5.4.1/bin/../lib/gcc/arm-none-eabi/5.4.1/armv7-m/crtn.o
START GROUP
LOAD c:/program files (x86)/cypress/psoc creator/4.4/psoc creator/import/gnu/arm/5.4.1/bin/../lib/gcc/arm-none-eabi/5.4.1/armv7-m\libgcc.a
LOAD c:/program files (x86)/cypress/psoc creator/4.4/psoc creator/import/gnu/arm/5.4.1/bin/../lib/gcc/arm-none-eabi/5.4.1/../../../../arm-none-eabi/lib/armv7-m\libc.a
LOAD c:/program files (x86)/cypress/psoc creator/4.4/psoc creator/import/gnu/arm/5.4.1/bin/../lib/gcc/arm-none-eabi/5.4.1/../../../../arm-none-eabi/lib/armv7-m\libnosys.a
END GROUP
                0x00000000                CY_APPL_ORIGIN = 0x0
                0x00000100                CY_FLASH_ROW_SIZE = 0x100
                0x00000020                CY_ECC_ROW_SIZE = 0x20
                0x00000000                CY_EE_IN_BTLDR = 0x0
                0x00000000                CY_APPL_LOADABLE = 0x0
                0x00000800                CY_EE_SIZE = 0x800
                0x00000001                CY_APPL_NUM = 0x1
                0x00000001                CY_APPL_MAX = 0x1
                0x00000040                CY_METADATA_SIZE = 0x40
                0x00000000                CY_APPL_LOADABLE = 0x0
                0x00000000                CY_CHECKSUM_EXCLUDE_SIZE = ALIGN (0x0, CY_FLASH_ROW_SIZE)
                [!provide]                PROVIDE (__cy_heap_start, _end)
                0x00000001                PROVIDE (__cy_region_num, ((__cy_regions_end - __cy_regions) / 0x10))
                0x20008000                PROVIDE (__cy_stack, (ORIGIN (ram) + LENGTH (ram)))
                [!provide]                PROVIDE (__cy_heap_end, (__cy_stack - 0x800))

.cybootloader   0x00000000        0x0
 *(.cybootloader)
                0x00000000                appl1_start = CY_APPL_ORIGIN?CY_APPL_ORIGIN:ALIGN (CY_FLASH_ROW_SIZE)
                0x0001ff00                appl2_start = (appl1_start + ALIGN ((((LENGTH (rom) - appl1_start) - (0x2 * CY_FLASH_ROW_SIZE)) / 0x2), CY_FLASH_ROW_SIZE))
                0x00000000                appl_start = (CY_APPL_NUM == 0x1)?appl1_start:appl2_start
                0x00000000                ecc_offset = ((appl_start / CY_FLASH_ROW_SIZE) * CY_ECC_ROW_SIZE)
                0x00000000                ee_offset = (CY_APPL_LOADABLE && ! (CY_EE_IN_BTLDR))?((CY_EE_SIZE / CY_APPL_MAX) * (CY_APPL_NUM - 0x1)):0x0
                0x00000800                ee_size = (CY_APPL_LOADABLE && ! (CY_EE_IN_BTLDR))?(CY_EE_SIZE / CY_APPL_MAX):CY_EE_SIZE
                [!provide]                PROVIDE (CY_ECC_OFFSET, ecc_offset)

.text           0x00000000     0x9ade
 CREATE_OBJECT_SYMBOLS
                0x00000000                PROVIDE (__cy_interrupt_vector, RomVectors)
 *(.romvectors)
 .romvectors    0x00000000       0x10 C:\Users\elias\AppData\Local\Temp\ccS7sdb3.ltrans6.ltrans.o
                0x00000000                RomVectors
                0x00000001                ASSERT ((. != __cy_interrupt_vector), No interrupt vector)
                0x00000001                ASSERT (CY_APPL_ORIGIN?(SIZEOF (.cybootloader) <= CY_APPL_ORIGIN):0x1, Wrong image location)
                0x00000010                PROVIDE (__cy_reset, Reset)
 *(.text.Reset)
 .text.Reset    0x00000010       0x64 C:\Users\elias\AppData\Local\Temp\ccS7sdb3.ltrans6.ltrans.o
                0x00000010                Reset
                0x00000001                ASSERT ((. != __cy_reset), No reset code)
 *(.dma_init)
                0x00000001                ASSERT ((((appl_start + .) <= 0x10000) || 0x1), DMA Init must be within the first 64k of flash)
 *(.text .text.* .gnu.linkonce.t.*)
 .text          0x00000074       0x5c c:/program files (x86)/cypress/psoc creator/4.4/psoc creator/import/gnu/arm/5.4.1/bin/../lib/gcc/arm-none-eabi/5.4.1/armv7-m/crtbegin.o
 .text.uart_service.lto_priv.148
                0x000000d0     0x2184 C:\Users\elias\AppData\Local\Temp\ccS7sdb3.ltrans0.ltrans.o
                0x000000d0                uart_service.lto_priv.148
 .text.startup.main
                0x00002254     0x1d24 C:\Users\elias\AppData\Local\Temp\ccS7sdb3.ltrans1.ltrans.o
                0x00002254                main
 .text.service_runtime.lto_priv.125
                0x00003f78     0x1a98 C:\Users\elias\AppData\Local\Temp\ccS7sdb3.ltrans2.ltrans.o
                0x00003f78                service_runtime.lto_priv.125
 .text.psoc_start_calibration_if_idle.part.4.lto_priv.126
                0x00005a10      0xb50 C:\Users\elias\AppData\Local\Temp\ccS7sdb3.ltrans3.ltrans.o
                0x00005a10                psoc_start_calibration_if_idle.part.4.lto_priv.126
 .text.isr_SuperMaquina_Handler
                0x00006560       0xdc C:\Users\elias\AppData\Local\Temp\ccS7sdb3.ltrans4.ltrans.o
                0x00006560                isr_SuperMaquina_Handler
 .text.sm_sample_capture_debug.lto_priv.138
                0x0000663c       0x4c C:\Users\elias\AppData\Local\Temp\ccS7sdb3.ltrans4.ltrans.o
                0x0000663c                sm_sample_capture_debug.lto_priv.138
 .text.sm_sample_capture_filt.lto_priv.139
                0x00006688       0xac C:\Users\elias\AppData\Local\Temp\ccS7sdb3.ltrans4.ltrans.o
                0x00006688                sm_sample_capture_filt.lto_priv.139
 .text.sm_sample_cal_filt.lto_priv.122
                0x00006734       0x44 C:\Users\elias\AppData\Local\Temp\ccS7sdb3.ltrans4.ltrans.o
                0x00006734                sm_sample_cal_filt.lto_priv.122
 .text.sm_sample_cal_raw.lto_priv.123
                0x00006778       0x60 C:\Users\elias\AppData\Local\Temp\ccS7sdb3.ltrans4.ltrans.o
                0x00006778                sm_sample_cal_raw.lto_priv.123
 .text.unexpected_irq_trap
                0x000067d8       0x34 C:\Users\elias\AppData\Local\Temp\ccS7sdb3.ltrans4.ltrans.o
                0x000067d8                unexpected_irq_trap
 .text.hardfault_trap
                0x0000680c       0x34 C:\Users\elias\AppData\Local\Temp\ccS7sdb3.ltrans4.ltrans.o
                0x0000680c                hardfault_trap
 .text.sm_sample_armed_wait.lto_priv.171
                0x00006840      0x190 C:\Users\elias\AppData\Local\Temp\ccS7sdb3.ltrans4.ltrans.o
                0x00006840                sm_sample_armed_wait.lto_priv.171
 .text.service_timer_events.lto_priv.149
                0x000069d0      0x310 C:\Users\elias\AppData\Local\Temp\ccS7sdb3.ltrans4.ltrans.o
                0x000069d0                service_timer_events.lto_priv.149
 .text.psoc_enter_sampling.lto_priv.174
                0x00006ce0      0x464 C:\Users\elias\AppData\Local\Temp\ccS7sdb3.ltrans4.ltrans.o
                0x00006ce0                psoc_enter_sampling.lto_priv.174
 .text.ADC_ISR4
                0x00007144        0x4 C:\Users\elias\AppData\Local\Temp\ccS7sdb3.ltrans5.ltrans.o
 .text.ADC_ISR3
                0x00007148        0x4 C:\Users\elias\AppData\Local\Temp\ccS7sdb3.ltrans5.ltrans.o
 .text.ADC_ISR2
                0x0000714c        0x4 C:\Users\elias\AppData\Local\Temp\ccS7sdb3.ltrans5.ltrans.o
 .text.ADC_ISR1
                0x00007150        0x4 C:\Users\elias\AppData\Local\Temp\ccS7sdb3.ltrans5.ltrans.o
 .text.UART_TXISR
                0x00007154       0x68 C:\Users\elias\AppData\Local\Temp\ccS7sdb3.ltrans5.ltrans.o
                0x00007154                UART_TXISR
 .text.UART_RXISR
                0x000071bc       0x68 C:\Users\elias\AppData\Local\Temp\ccS7sdb3.ltrans5.ltrans.o
                0x000071bc                UART_RXISR
 .text.CySetTempInt.lto_priv.127
                0x00007224      0x10c C:\Users\elias\AppData\Local\Temp\ccS7sdb3.ltrans5.ltrans.o
                0x00007224                CySetTempInt.lto_priv.127
 .text.PGA_SetGain
                0x00007330       0x78 C:\Users\elias\AppData\Local\Temp\ccS7sdb3.ltrans5.ltrans.o
                0x00007330                PGA_SetGain
 .text.ADC_InitConfig.lto_priv.106
                0x000073a8      0x544 C:\Users\elias\AppData\Local\Temp\ccS7sdb3.ltrans5.ltrans.o
                0x000073a8                ADC_InitConfig.lto_priv.106
 .text.ADC_Stop
                0x000078ec       0xfc C:\Users\elias\AppData\Local\Temp\ccS7sdb3.ltrans5.ltrans.o
                0x000078ec                ADC_Stop
 .text.ADC_Start
                0x000079e8      0x214 C:\Users\elias\AppData\Local\Temp\ccS7sdb3.ltrans5.ltrans.o
                0x000079e8                ADC_Start
 .text.CyDmaTdAllocate
                0x00007bfc       0x34 C:\Users\elias\AppData\Local\Temp\ccS7sdb3.ltrans5.ltrans.o
                0x00007bfc                CyDmaTdAllocate
 .text.cal_vdac_hammer_lp.lto_priv.74
                0x00007c30        0xc C:\Users\elias\AppData\Local\Temp\ccS7sdb3.ltrans6.ltrans.o
                0x00007c30                cal_vdac_hammer_lp.lto_priv.74
 .text.cal_vdac_hammer_pga.lto_priv.73
                0x00007c3c        0xc C:\Users\elias\AppData\Local\Temp\ccS7sdb3.ltrans6.ltrans.o
                0x00007c3c                cal_vdac_hammer_pga.lto_priv.73
 .text.IntDefaultHandler
                0x00007c48       0x10 C:\Users\elias\AppData\Local\Temp\ccS7sdb3.ltrans6.ltrans.o
                0x00007c48                IntDefaultHandler
 .text.startup.initialize_psoc
                0x00007c58      0x430 C:\Users\elias\AppData\Local\Temp\ccS7sdb3.ltrans6.ltrans.o
 .text.cal_async_complete.lto_priv.152
                0x00008088      0x2cc C:\Users\elias\AppData\Local\Temp\ccS7sdb3.ltrans6.ltrans.o
                0x00008088                cal_async_complete.lto_priv.152
 .text.cal_pi_finalize_stage.lto_priv.151
                0x00008354      0x188 C:\Users\elias\AppData\Local\Temp\ccS7sdb3.ltrans6.ltrans.o
                0x00008354                cal_pi_finalize_stage.lto_priv.151
 .text.cal_pi_finish_stage.lto_priv.144
                0x000084dc      0x160 C:\Users\elias\AppData\Local\Temp\ccS7sdb3.ltrans6.ltrans.o
                0x000084dc                cal_pi_finish_stage.lto_priv.144
 .text.cal_adc_read_direct_counts.lto_priv.107
                0x0000863c       0xe4 C:\Users\elias\AppData\Local\Temp\ccS7sdb3.ltrans6.ltrans.o
                0x0000863c                cal_adc_read_direct_counts.lto_priv.107
 .text.sm_sample_capture_raw.lto_priv.140
                0x00008720       0xb8 C:\Users\elias\AppData\Local\Temp\ccS7sdb3.ltrans7.ltrans.o
                0x00008720                sm_sample_capture_raw.lto_priv.140
 .text.sm_sample_noop.lto_priv.75
                0x000087d8        0x4 C:\Users\elias\AppData\Local\Temp\ccS7sdb3.ltrans7.ltrans.o
                0x000087d8                sm_sample_noop.lto_priv.75
 .text.uart_send_diag.lto_priv.72
                0x000087dc       0xe0 C:\Users\elias\AppData\Local\Temp\ccS7sdb3.ltrans7.ltrans.o
                0x000087dc                uart_send_diag.lto_priv.72
 .text.capture_watchdog_arm.lto_priv.150
                0x000088bc      0x178 C:\Users\elias\AppData\Local\Temp\ccS7sdb3.ltrans7.ltrans.o
                0x000088bc                capture_watchdog_arm.lto_priv.150
 .text.rx_watchdog_start.lto_priv.175
                0x00008a34       0xf8 C:\Users\elias\AppData\Local\Temp\ccS7sdb3.ltrans7.ltrans.o
                0x00008a34                rx_watchdog_start.lto_priv.175
 .text.timer2_start_next_chunk.lto_priv.120
                0x00008b2c      0x104 C:\Users\elias\AppData\Local\Temp\ccS7sdb3.ltrans7.ltrans.o
                0x00008b2c                timer2_start_next_chunk.lto_priv.120
 .text.timer1_stop_quiet.lto_priv.87
                0x00008c30       0x4c C:\Users\elias\AppData\Local\Temp\ccS7sdb3.ltrans7.ltrans.o
                0x00008c30                timer1_stop_quiet.lto_priv.87
 .text.timer1_start_next_chunk.lto_priv.71
                0x00008c7c      0x104 C:\Users\elias\AppData\Local\Temp\ccS7sdb3.ltrans7.ltrans.o
                0x00008c7c                timer1_start_next_chunk.lto_priv.71
 .text.psoc_prepare_capture_path.lto_priv.105
                0x00008d80      0x1b8 C:\Users\elias\AppData\Local\Temp\ccS7sdb3.ltrans7.ltrans.o
                0x00008d80                psoc_prepare_capture_path.lto_priv.105
 .text.capture_engine_refresh_status.lto_priv.90
                0x00008f38       0x34 C:\Users\elias\AppData\Local\Temp\ccS7sdb3.ltrans7.ltrans.o
                0x00008f38                capture_engine_refresh_status.lto_priv.90
 .text.uart_send_fs_report.lto_priv.173
                0x00008f6c       0xe4 C:\Users\elias\AppData\Local\Temp\ccS7sdb3.ltrans7.ltrans.o
                0x00008f6c                uart_send_fs_report.lto_priv.173
 .text.timer1_arm_ms.constprop.70
                0x00009050      0x134 C:\Users\elias\AppData\Local\Temp\ccS7sdb3.ltrans8.ltrans.o
                0x00009050                timer1_arm_ms.constprop.70
 .text.uart_send_diag.constprop.58
                0x00009184       0xc4 C:\Users\elias\AppData\Local\Temp\ccS7sdb3.ltrans8.ltrans.o
                0x00009184                uart_send_diag.constprop.58
 .text.psoc_seed_calibration_from_nv.constprop.52
                0x00009248      0x23c C:\Users\elias\AppData\Local\Temp\ccS7sdb3.ltrans8.ltrans.o
                0x00009248                psoc_seed_calibration_from_nv.constprop.52
 .text.ADC_theACLK_SetDividerRegister.constprop.49
                0x00009484       0xcc C:\Users\elias\AppData\Local\Temp\ccS7sdb3.ltrans8.ltrans.o
                0x00009484                ADC_theACLK_SetDividerRegister.constprop.49
 .text.ADC_Ext_CP_Clk_SetDividerRegister.constprop.48
                0x00009550       0xd0 C:\Users\elias\AppData\Local\Temp\ccS7sdb3.ltrans8.ltrans.o
                0x00009550                ADC_Ext_CP_Clk_SetDividerRegister.constprop.48
 .text.AMux_ADC_Unset.constprop.40
                0x00009620       0x48 C:\Users\elias\AppData\Local\Temp\ccS7sdb3.ltrans8.ltrans.o
                0x00009620                AMux_ADC_Unset.constprop.40
 .text.CyDmaChEnable.constprop.23
                0x00009668       0x24 C:\Users\elias\AppData\Local\Temp\ccS7sdb3.ltrans8.ltrans.o
                0x00009668                CyDmaChEnable.constprop.23
 .text.CyDmaChPriority.constprop.20
                0x0000968c       0x20 C:\Users\elias\AppData\Local\Temp\ccS7sdb3.ltrans8.ltrans.o
                0x0000968c                CyDmaChPriority.constprop.20
 *fill*         0x000096ac        0x4 
 .text          0x000096b0       0x20 .\CortexM3\ARM_GCC_541\Debug\AcondicionamientoAnalogico.a(CyBootAsmGnu.o)
                0x000096b0                CyDelayCycles
                0x000096c0                CyEnterCriticalSection
                0x000096c8                CyExitCriticalSection
 .text.__errno  0x000096d0        0xc c:/program files (x86)/cypress/psoc creator/4.4/psoc creator/import/gnu/arm/5.4.1/bin/../lib/gcc/arm-none-eabi/5.4.1/../../../../arm-none-eabi/lib/armv7-m\libg_nano.a(lib_a-errno.o)
                0x000096d0                __errno
 .text.__libc_init_array
                0x000096dc       0x4c c:/program files (x86)/cypress/psoc creator/4.4/psoc creator/import/gnu/arm/5.4.1/bin/../lib/gcc/arm-none-eabi/5.4.1/../../../../arm-none-eabi/lib/armv7-m\libg_nano.a(lib_a-init.o)
                0x000096dc                __libc_init_array
 .text.memset   0x00009728       0x10 c:/program files (x86)/cypress/psoc creator/4.4/psoc creator/import/gnu/arm/5.4.1/bin/../lib/gcc/arm-none-eabi/5.4.1/../../../../arm-none-eabi/lib/armv7-m\libg_nano.a(lib_a-memset.o)
                0x00009728                memset
 .text          0x00009738       0xa0 c:/program files (x86)/cypress/psoc creator/4.4/psoc creator/import/gnu/arm/5.4.1/bin/../lib/gcc/arm-none-eabi/5.4.1/armv7-m\libgcc.a(_aeabi_ldivmod.o)
                0x00009738                __aeabi_ldivmod
 .text          0x000097d8      0x2ec c:/program files (x86)/cypress/psoc creator/4.4/psoc creator/import/gnu/arm/5.4.1/bin/../lib/gcc/arm-none-eabi/5.4.1/armv7-m\libgcc.a(_udivmoddi4.o)
                0x000097d8                __udivmoddi4
 .text          0x00009ac4        0x4 c:/program files (x86)/cypress/psoc creator/4.4/psoc creator/import/gnu/arm/5.4.1/bin/../lib/gcc/arm-none-eabi/5.4.1/armv7-m\libgcc.a(_dvmd_tls.o)
                0x00009ac4                __aeabi_idiv0
                0x00009ac4                __aeabi_ldiv0
 .text.memcpy   0x00009ac8       0x16 c:/program files (x86)/cypress/psoc creator/4.4/psoc creator/import/gnu/arm/5.4.1/bin/../lib/gcc/arm-none-eabi/5.4.1/../../../../arm-none-eabi/lib/armv7-m\libg_nano.a(lib_a-memcpy-stub.o)
                0x00009ac8                memcpy
 *(.plt)
 *(.gnu.warning)
 *(.glue_7t)
 .glue_7t       0x00009ade        0x0 linker stubs
 *(.glue_7)
 .glue_7        0x00009ade        0x0 linker stubs
 *(.vfp11_veneer)
 .vfp11_veneer  0x00009ade        0x0 linker stubs
 *(.bootloader)
 *(.ARM.extab* .gnu.linkonce.armextab.*)
 *(.gcc_except_table)

.v4_bx          0x00009ae0        0x0
 .v4_bx         0x00009ae0        0x0 linker stubs

.iplt           0x00009ae0        0x0
 .iplt          0x00009ae0        0x0 c:/program files (x86)/cypress/psoc creator/4.4/psoc creator/import/gnu/arm/5.4.1/bin/../lib/gcc/arm-none-eabi/5.4.1/armv7-m/crtbegin.o

.eh_frame_hdr
 *(.eh_frame_hdr)

.eh_frame       0x00009ae0        0x4
 *(.eh_frame)
 .eh_frame      0x00009ae0        0x0 c:/program files (x86)/cypress/psoc creator/4.4/psoc creator/import/gnu/arm/5.4.1/bin/../lib/gcc/arm-none-eabi/5.4.1/armv7-m/crtbegin.o
 .eh_frame      0x00009ae0        0x4 c:/program files (x86)/cypress/psoc creator/4.4/psoc creator/import/gnu/arm/5.4.1/bin/../lib/gcc/arm-none-eabi/5.4.1/armv7-m/crtend.o
                [!provide]                PROVIDE (__exidx_start, .)

.ARM.exidx      0x00009ae4        0x8
 *(.ARM.exidx* .gnu.linkonce.armexidx.*)
 .ARM.exidx     0x00009ae4        0x8 c:/program files (x86)/cypress/psoc creator/4.4/psoc creator/import/gnu/arm/5.4.1/bin/../lib/gcc/arm-none-eabi/5.4.1/armv7-m\libgcc.a(_udivmoddi4.o)
                0x00009aec                __exidx_end = .

.rodata         0x00009aec      0x9c4
 *(.rodata .rodata.* .gnu.linkonce.r.*)
 .rodata        0x00009aec       0x15 C:\Users\elias\AppData\Local\Temp\ccS7sdb3.ltrans0.ltrans.o
 *fill*         0x00009b01        0x3 
 .rodata        0x00009b04      0x244 C:\Users\elias\AppData\Local\Temp\ccS7sdb3.ltrans1.ltrans.o
                0x00009d44                g_ping_frame.lto_priv.155
 .rodata        0x00009d48      0x200 C:\Users\elias\AppData\Local\Temp\ccS7sdb3.ltrans3.ltrans.o
                0x00009d48                g_fir_calibration_coeffs_q23
                0x00009d48                Filter_data_b
 .rodata        0x00009f48       0x16 C:\Users\elias\AppData\Local\Temp\ccS7sdb3.ltrans5.ltrans.o
                0x00009f5d                cydelay_freq_mhz
 *fill*         0x00009f5e        0x2 
 .rodata        0x00009f60      0x4b4 C:\Users\elias\AppData\Local\Temp\ccS7sdb3.ltrans6.ltrans.o
                0x00009fbc                Filter_data_a
                0x0000a1bc                g_fir_adquisition_coeffs_q23
                0x0000a3bc                g_cal_pi_cfg.lto_priv.97
                0x0000a3fc                CSWTCH.2.lto_priv.99
                0x0000a40c                cydelay_freq_khz
                0x0000a410                cydelay_32k_ms
 .rodata        0x0000a414       0x48 C:\Users\elias\AppData\Local\Temp\ccS7sdb3.ltrans8.ltrans.o
                0x0000a414                g_psoc_cal_stages.lto_priv.78
                0x0000a43c                AMux_ADC__innerMask.lto_priv.85
                0x0000a440                AMux_ADC__innerAddr.lto_priv.84
                0x0000a448                AMux_ADC__innerMap.lto_priv.82
                0x0000a44c                AMux_ADC__outerMask.lto_priv.81
                0x0000a450                AMux_ADC__outerAddr.lto_priv.80
 .rodata.str1.4
                0x0000a45c       0x18 C:\Users\elias\AppData\Local\Temp\ccS7sdb3.ltrans8.ltrans.o
                                 0x16 (size before relaxing)
 .rodata.str1.1
                0x0000a474        0x2 c:/program files (x86)/cypress/psoc creator/4.4/psoc creator/import/gnu/arm/5.4.1/bin/../lib/gcc/arm-none-eabi/5.4.1/../../../../arm-none-eabi/lib/armv7-m\libg_nano.a(lib_a-impure.o)
                0x0000a478                . = ALIGN (0x4)
 *fill*         0x0000a476        0x2 
 *(.init)
 .init          0x0000a478        0x4 c:/program files (x86)/cypress/psoc creator/4.4/psoc creator/import/gnu/arm/5.4.1/bin/../lib/gcc/arm-none-eabi/5.4.1/armv7-m/crti.o
                0x0000a478                _init
 .init          0x0000a47c        0x8 c:/program files (x86)/cypress/psoc creator/4.4/psoc creator/import/gnu/arm/5.4.1/bin/../lib/gcc/arm-none-eabi/5.4.1/armv7-m/crtn.o
                0x0000a484                . = ALIGN (0x4)
                0x0000a484                __preinit_array_start = .
 *(.preinit_array)
                0x0000a484                __preinit_array_end = .
                0x0000a484                . = ALIGN (0x4)
                0x0000a484                __init_array_start = .
 *(SORT(.init_array.*))
 *(.init_array)
 .init_array    0x0000a484        0x4 c:/program files (x86)/cypress/psoc creator/4.4/psoc creator/import/gnu/arm/5.4.1/bin/../lib/gcc/arm-none-eabi/5.4.1/armv7-m/crtbegin.o
 .init_array    0x0000a488        0x4 C:\Users\elias\AppData\Local\Temp\ccS7sdb3.ltrans6.ltrans.o
                0x0000a48c                __init_array_end = .
                0x0000a48c                . = ALIGN (0x4)
 *(.fini)
 .fini          0x0000a48c        0x4 c:/program files (x86)/cypress/psoc creator/4.4/psoc creator/import/gnu/arm/5.4.1/bin/../lib/gcc/arm-none-eabi/5.4.1/armv7-m/crti.o
                0x0000a48c                _fini
 .fini          0x0000a490        0x8 c:/program files (x86)/cypress/psoc creator/4.4/psoc creator/import/gnu/arm/5.4.1/bin/../lib/gcc/arm-none-eabi/5.4.1/armv7-m/crtn.o
                0x0000a498                . = ALIGN (0x4)
                0x0000a498                __fini_array_start = .
 *(.fini_array)
 .fini_array    0x0000a498        0x4 c:/program files (x86)/cypress/psoc creator/4.4/psoc creator/import/gnu/arm/5.4.1/bin/../lib/gcc/arm-none-eabi/5.4.1/armv7-m/crtbegin.o
 *(SORT(.fini_array.*))
                0x0000a49c                __fini_array_end = .
                0x0000a49c                . = ALIGN (0x4)
 *crtbegin.o(.ctors)
 *(EXCLUDE_FILE(*crtend.o) .ctors)
 *(SORT(.ctors.*))
 *crtend.o(.ctors)
                0x0000a49c                . = ALIGN (0x4)
 *crtbegin.o(.dtors)
 *(EXCLUDE_FILE(*crtend.o) .dtors)
 *(SORT(.dtors.*))
 *crtend.o(.dtors)
                0x0000a49c                . = ALIGN (0x4)
                0x0000a49c                __cy_regions = .
                0x0000a49c        0x4 LONG 0xa4b0 __cy_region_init_ram
                0x0000a4a0        0x4 LONG 0x1fff80c0 __cy_region_start_data
                0x0000a4a4        0x4 LONG 0x90 __cy_region_init_size_ram
                0x0000a4a8        0x4 LONG 0xb5f0 __cy_region_zero_size_ram
                0x0000a4ac                __cy_regions_end = .
                0x0000a4b0                . = ALIGN (0x8)
 *fill*         0x0000a4ac        0x4 
                0x0000a4b0                _etext = .

.cy_checksum_exclude
                0x0000a4b0        0x0
 *(.cy_checksum_exclude)

.ramvectors     0x1fff8000       0xc0
                0x1fff8000                __cy_region_start_ram = .
 *(.ramvectors)
 .ramvectors    0x1fff8000       0xc0 C:\Users\elias\AppData\Local\Temp\ccS7sdb3.ltrans6.ltrans.o
                0x1fff8000                CyRamVectors

.noinit
 *(.noinit)

.data           0x1fff80c0       0x90 load address 0x0000a4b0
                0x1fff80c0                __cy_region_start_data = .
 *(.jcr)
 .jcr           0x1fff80c0        0x0 c:/program files (x86)/cypress/psoc creator/4.4/psoc creator/import/gnu/arm/5.4.1/bin/../lib/gcc/arm-none-eabi/5.4.1/armv7-m/crtbegin.o
 .jcr           0x1fff80c0        0x4 c:/program files (x86)/cypress/psoc creator/4.4/psoc creator/import/gnu/arm/5.4.1/bin/../lib/gcc/arm-none-eabi/5.4.1/armv7-m/crtend.o
 *(.got.plt)
 *(.got)
 *(.shdata)
 *(.data .data.* .gnu.linkonce.d.*)
 .data          0x1fff80c4        0x1 C:\Users\elias\AppData\Local\Temp\ccS7sdb3.ltrans0.ltrans.o
                0x1fff80c4                g_psoc_adc_decimation.lto_priv.181
 *fill*         0x1fff80c5        0x3 
 .data          0x1fff80c8        0x8 C:\Users\elias\AppData\Local\Temp\ccS7sdb3.ltrans1.ltrans.o
                0x1fff80cb                g_ce_cfg_level.lto_priv.137
                0x1fff80cc                g_sm_sample_handler.lto_priv.132
 .data          0x1fff80d0       0x14 C:\Users\elias\AppData\Local\Temp\ccS7sdb3.ltrans2.ltrans.o
                0x1fff80d0                g_capture_wr.lto_priv.160
                0x1fff80d4                g_capture_align.lto_priv.167
                0x1fff80d5                g_capture_adc_raw.lto_priv.168
                0x1fff80d8                g_sm_capture_handler.lto_priv.170
                0x1fff80dc                g_capture_decim_factor.lto_priv.169
                0x1fff80e0                g_capture_end.lto_priv.162
 .data          0x1fff80e4        0x2 C:\Users\elias\AppData\Local\Temp\ccS7sdb3.ltrans3.ltrans.o
                0x1fff80e4                g_ce_status.lto_priv.141
                0x1fff80e5                g_psoc_adc_config.lto_priv.164
 .data          0x1fff80e6        0x3 C:\Users\elias\AppData\Local\Temp\ccS7sdb3.ltrans5.ltrans.o
                0x1fff80e6                ADC_Config
                0x1fff80e7                CyDmaTdCurrentNumber.lto_priv.77
                0x1fff80e8                CyDmaTdFreeIndex.lto_priv.76
 .data          0x1fff80e9        0x2 C:\Users\elias\AppData\Local\Temp\ccS7sdb3.ltrans6.ltrans.o
                0x1fff80e9                g_amux_active_channel.lto_priv.95
                0x1fff80ea                g_psoc_hw_pga_code.lto_priv.98
 .data          0x1fff80eb        0x1 C:\Users\elias\AppData\Local\Temp\ccS7sdb3.ltrans8.ltrans.o
                0x1fff80eb                g_pga_code.lto_priv.109
 .data.impure_data
                0x1fff80ec       0x60 c:/program files (x86)/cypress/psoc creator/4.4/psoc creator/import/gnu/arm/5.4.1/bin/../lib/gcc/arm-none-eabi/5.4.1/../../../../arm-none-eabi/lib/armv7-m\libg_nano.a(lib_a-impure.o)
 .data._impure_ptr
                0x1fff814c        0x4 c:/program files (x86)/cypress/psoc creator/4.4/psoc creator/import/gnu/arm/5.4.1/bin/../lib/gcc/arm-none-eabi/5.4.1/../../../../arm-none-eabi/lib/armv7-m\libg_nano.a(lib_a-impure.o)
                0x1fff814c                _impure_ptr
                0x1fff8150                . = ALIGN (0x8)
 *(.ram)
                0x1fff8150                _edata = .

.igot.plt       0x1fff8150        0x0 load address 0x0000a540
 .igot.plt      0x1fff8150        0x0 c:/program files (x86)/cypress/psoc creator/4.4/psoc creator/import/gnu/arm/5.4.1/bin/../lib/gcc/arm-none-eabi/5.4.1/armv7-m/crtbegin.o

.bss            0x1fff8150     0xb5f0 load address 0x0000a540
                0x1fff8150                PROVIDE (__bss_start__, .)
 *(.shbss)
 *(.bss .bss.* .gnu.linkonce.b.*)
 .bss           0x1fff8150       0x1c c:/program files (x86)/cypress/psoc creator/4.4/psoc creator/import/gnu/arm/5.4.1/bin/../lib/gcc/arm-none-eabi/5.4.1/armv7-m/crtbegin.o
 .bss           0x1fff816c       0x14 C:\Users\elias\AppData\Local\Temp\ccS7sdb3.ltrans0.ltrans.o
                0x1fff8170                g_n_batches.lto_priv.177
                0x1fff8174                g_dbg_cnt.lto_priv.178
                0x1fff8178                g_fir_discard.lto_priv.179
                0x1fff817c                g_decim_acc.lto_priv.180
 .bss           0x1fff8180       0x19 C:\Users\elias\AppData\Local\Temp\ccS7sdb3.ltrans1.ltrans.o
                0x1fff8188                g_dma_raw_buf.lto_priv.184
                0x1fff818c                g_dma_filt_buf.lto_priv.182
                0x1fff818f                g_debug_psoc.lto_priv.136
                0x1fff8190                g_timer_event_pending.lto_priv.147
                0x1fff8191                Tmr_UartRxWatchdog_initVar
                0x1fff8192                Tmr_LedWait_initVar
                0x1fff8193                Tmr_CaptureWatchdog_initVar
                0x1fff8194                g_boot_led_off_due.lto_priv.145
                0x1fff8195                g_cal_button_pressed.lto_priv.176
                0x1fff8196                g_esp_connected.lto_priv.154
                0x1fff8197                g_timer2_wait_done.lto_priv.146
                0x1fff8198                g_pgavdac_code.lto_priv.156
 *fill*         0x1fff8199        0x3 
 .bss           0x1fff819c     0xb418 C:\Users\elias\AppData\Local\Temp\ccS7sdb3.ltrans2.ltrans.o
                0x1fff819d                rx_state.lto_priv.153
                0x1fff819e                watchdog_rx.lto_priv.172
                0x1fff81a0                g_timer3_remaining_counts.lto_priv.166
                0x1fff81a4                g_psoc_adc_isr_filtered_ready.lto_priv.165
                0x1fff81a8                g_psoc_adc_isr_filtered_counts.lto_priv.183
                0x1fff81ac                g_capture_wd_due.lto_priv.157
                0x1fff81b0                g_capture_raw.lto_priv.161
                0x200035b0                g_stream_mode.lto_priv.163
                0x200035b1                g_decim_n.lto_priv.159
                0x200035b2                g_seq.lto_priv.158
 .bss           0x200035b4       0x1e C:\Users\elias\AppData\Local\Temp\ccS7sdb3.ltrans3.ltrans.o
                0x200035b4                g_batches_sent.lto_priv.113
                0x200035b6                g_batches_captured.lto_priv.114
                0x200035b8                g_capture_done.lto_priv.131
                0x200035b9                g_chain_active.lto_priv.135
                0x200035ba                g_total_target.lto_priv.133
                0x200035bc                g_total_sent.lto_priv.134
                0x200035be                g_last_calibration_ok.lto_priv.128
                0x200035bf                g_idle_ping_due.lto_priv.111
                0x200035c0                g_idle_ping_armed.lto_priv.112
                0x200035c1                g_timer2_mode.lto_priv.118
                0x200035c4                g_timer2_remaining_counts.lto_priv.119
                0x200035c8                g_comm_led_active.lto_priv.115
                0x200035c9                g_comm_blink_due.lto_priv.116
                0x200035ca                g_comm_blinks_remaining.lto_priv.117
                0x200035cc                g_ce_ctrl_level.lto_priv.110
                0x200035cd                g_ce_error.lto_priv.130
                0x200035ce                g_ce_state.lto_priv.142
                0x200035cf                g_psoc_adc_cal_force_2v5.lto_priv.143
                0x200035d0                g_boot_ping_due.lto_priv.121
                0x200035d1                g_cal_ack_pending.lto_priv.129
 *fill*         0x200035d2        0x2 
 .bss           0x200035d4        0x5 C:\Users\elias\AppData\Local\Temp\ccS7sdb3.ltrans4.ltrans.o
 *fill*         0x200035d9        0x3 
 .bss           0x200035dc       0x48 C:\Users\elias\AppData\Local\Temp\ccS7sdb3.ltrans5.ltrans.o
                0x200035dc                UART_errorStatus
                0x200035dd                UART_rxBufferWrite
                0x200035e0                UART_rxBuffer
                0x20003600                UART_rxBufferLoopDetect
                0x20003602                UART_rxBufferRead
                0x20003603                SpcLockState
                0x20003604                spcWaitPipeBypass.lto_priv.124
                0x20003608                dieTemperature
                0x2000360a                ADC_stopConversion
                0x20003610                ADC_initVar
                0x20003611                ADC_started
                0x20003612                ADC_convDone
                0x20003614                ADC_gcor.lto_priv.91
 .bss           0x20003624       0x4c C:\Users\elias\AppData\Local\Temp\ccS7sdb3.ltrans6.ltrans.o
                0x20003624                g_cal_timer_active.lto_priv.104
                0x20003625                g_cal_progress_due.lto_priv.100
                0x20003626                g_cal_watchdog_due.lto_priv.101
                0x20003628                g_cal_progress_period_ms.lto_priv.102
                0x2000362c                g_cal_watchdog_remaining_ms.lto_priv.103
                0x20003630                g_amux_cap_connected.lto_priv.96
                0x20003634                g_cal_async.lto_priv.92
                0x2000363c                g_cal_diag_hook.lto_priv.94
                0x20003640                g_cal_pi.lto_priv.93
 .bss           0x20003670       0xca C:\Users\elias\AppData\Local\Temp\ccS7sdb3.ltrans8.ltrans.o
                0x20003670                g_timer1_mode.lto_priv.86
                0x20003674                g_timer1_remaining_counts.lto_priv.88
                0x20003678                Tmr_PingCalTick_initVar
                0x20003679                g_state.lto_priv.89
                0x2000367a                UART_initVar
                0x2000367b                UART_txBufferWrite
                0x2000367c                UART_txBufferRead
                0x20003680                UART_txBuffer
                0x20003700                g_nv_ready.lto_priv.108
                0x20003704                g_psoc_cal_results
                0x20003734                g_psoc_cal_result_count
                0x20003735                AMux_ADC__armsEnabled.lto_priv.79
                0x20003738                AMux_ADC__refCnt.lto_priv.83
 *(COMMON)
                0x20003740                . = ALIGN (0x8)
 *fill*         0x2000373a        0x6 
 *(.ram.b)
                0x20003740                _end = .
                0x20003740                __end = .
                0x20003740                PROVIDE (end, .)
                0x20003740                PROVIDE (__bss_end__, .)
                0x0000a4b0                __cy_region_init_ram = LOADADDR (.data)
                0x00000090                __cy_region_init_size_ram = (_edata - ADDR (.data))
                0x0000b5f0                __cy_region_zero_size_ram = (_end - _edata)

.heap           0x20003740       0x80 load address 0x0000a540
                0x20003740                . = _end
                0x200037c0                . = (. + 0x80)
 *fill*         0x20003740       0x80 
                0x200037c0                __cy_heap_limit = .

.stack          0x20007800      0x800
                0x20007800                __cy_stack_limit = .
                0x20008000                . = (. + 0x800)
 *fill*         0x20007800      0x800 
                0x00000001                ASSERT ((__cy_stack_limit >= __cy_heap_limit), region RAM overflowed with stack)
                0x00000000                cy_checksum_exclude_size = (CY_APPL_LOADABLE == 0x1)?SIZEOF (.cy_checksum_exclude):0x0
                0x00000001                ASSERT ((cy_checksum_exclude_size <= CY_CHECKSUM_EXCLUDE_SIZE), CY_BOOT: Section .cy_checksum_exclude size exceedes specified limit.)

.cyloadermeta
 *(.cyloadermeta)

.cyloadablemeta
 *(.cyloadablemeta)

.cyconfigecc    0x80000000     0x12fc
 *(.cyconfigecc)
 .cyconfigecc   0x80000000     0x12fc C:\Users\elias\AppData\Local\Temp\ccS7sdb3.ltrans7.ltrans.o
                0x80000000                cy_meta_configecc

.cycustnvl      0x90000000        0x4
 *(.cycustnvl)
 .cycustnvl     0x90000000        0x4 C:\Users\elias\AppData\Local\Temp\ccS7sdb3.ltrans7.ltrans.o
                0x90000000                cy_meta_custnvl

.cywolatch      0x90100000        0x4
 *(.cywolatch)
 .cywolatch     0x90100000        0x4 C:\Users\elias\AppData\Local\Temp\ccS7sdb3.ltrans7.ltrans.o
                0x90100000                cy_meta_wonvl

.cyeeprom       0x90200000        0x0
 *(.cyeeprom)
                0x00000001                ASSERT ((. <= ((0x90200000 + ee_offset) + ee_size)), .cyeeprom data will not fit in EEPROM)

.cyflashprotect
                0x90400000      0x100
 *(.cyflashprotect)
 .cyflashprotect
                0x90400000      0x100 C:\Users\elias\AppData\Local\Temp\ccS7sdb3.ltrans7.ltrans.o
                0x90400000                cy_meta_flashprotect

.cymeta         0x90500000        0xc
 *(.cymeta)
 .cymeta        0x90500000        0xc C:\Users\elias\AppData\Local\Temp\ccS7sdb3.ltrans7.ltrans.o
                0x90500000                cy_metadata

.rel.dyn        0x0000a540        0x0 load address 0x9050000c
 .rel.iplt      0x0000a540        0x0 c:/program files (x86)/cypress/psoc creator/4.4/psoc creator/import/gnu/arm/5.4.1/bin/../lib/gcc/arm-none-eabi/5.4.1/armv7-m/crtbegin.o

.stab
 *(.stab)

.stabstr
 *(.stabstr)

.debug
 *(.debug)

.line
 *(.line)

.debug_srcinfo
 *(.debug_srcinfo)

.debug_sfnames
 *(.debug_sfnames)

.debug_aranges  0x00000000      0x290
 *(.debug_aranges)
 .debug_aranges
                0x00000000       0x20 C:\Users\elias\AppData\Local\Temp\ccS7sdb3.ltrans0.ltrans.o
 .debug_aranges
                0x00000020       0x20 C:\Users\elias\AppData\Local\Temp\ccS7sdb3.ltrans1.ltrans.o
 .debug_aranges
                0x00000040       0x20 C:\Users\elias\AppData\Local\Temp\ccS7sdb3.ltrans2.ltrans.o
 .debug_aranges
                0x00000060       0x20 C:\Users\elias\AppData\Local\Temp\ccS7sdb3.ltrans3.ltrans.o
 .debug_aranges
                0x00000080       0x68 C:\Users\elias\AppData\Local\Temp\ccS7sdb3.ltrans4.ltrans.o
 .debug_aranges
                0x000000e8       0x58 C:\Users\elias\AppData\Local\Temp\ccS7sdb3.ltrans5.ltrans.o
 .debug_aranges
                0x00000140       0x68 C:\Users\elias\AppData\Local\Temp\ccS7sdb3.ltrans6.ltrans.o
 .debug_aranges
                0x000001a8       0x70 C:\Users\elias\AppData\Local\Temp\ccS7sdb3.ltrans7.ltrans.o
 .debug_aranges
                0x00000218       0x58 C:\Users\elias\AppData\Local\Temp\ccS7sdb3.ltrans8.ltrans.o
 .debug_aranges
                0x00000270       0x20 .\CortexM3\ARM_GCC_541\Debug\AcondicionamientoAnalogico.a(CyBootAsmGnu.o)

.debug_pubnames
 *(.debug_pubnames)

.debug_info     0x00000000    0x11b21
 *(.debug_info .gnu.linkonce.wi.*)
 .debug_info    0x00000000     0x356b C:\Users\elias\AppData\Local\Temp\ccS7sdb3.ltrans0.ltrans.o
 .debug_info    0x0000356b     0x37c3 C:\Users\elias\AppData\Local\Temp\ccS7sdb3.ltrans1.ltrans.o
 .debug_info    0x00006d2e     0x2faa C:\Users\elias\AppData\Local\Temp\ccS7sdb3.ltrans2.ltrans.o
 .debug_info    0x00009cd8     0x1a9e C:\Users\elias\AppData\Local\Temp\ccS7sdb3.ltrans3.ltrans.o
 .debug_info    0x0000b776     0x16d7 C:\Users\elias\AppData\Local\Temp\ccS7sdb3.ltrans4.ltrans.o
 .debug_info    0x0000ce4d      0xd5d C:\Users\elias\AppData\Local\Temp\ccS7sdb3.ltrans5.ltrans.o
 .debug_info    0x0000dbaa     0x1a77 C:\Users\elias\AppData\Local\Temp\ccS7sdb3.ltrans6.ltrans.o
 .debug_info    0x0000f621     0x12f8 C:\Users\elias\AppData\Local\Temp\ccS7sdb3.ltrans7.ltrans.o
 .debug_info    0x00010919     0x1180 C:\Users\elias\AppData\Local\Temp\ccS7sdb3.ltrans8.ltrans.o
 .debug_info    0x00011a99       0x88 .\CortexM3\ARM_GCC_541\Debug\AcondicionamientoAnalogico.a(CyBootAsmGnu.o)

.debug_abbrev   0x00000000     0x22c8
 *(.debug_abbrev)
 .debug_abbrev  0x00000000      0x3b0 C:\Users\elias\AppData\Local\Temp\ccS7sdb3.ltrans0.ltrans.o
 .debug_abbrev  0x000003b0      0x3d3 C:\Users\elias\AppData\Local\Temp\ccS7sdb3.ltrans1.ltrans.o
 .debug_abbrev  0x00000783      0x40f C:\Users\elias\AppData\Local\Temp\ccS7sdb3.ltrans2.ltrans.o
 .debug_abbrev  0x00000b92      0x3dc C:\Users\elias\AppData\Local\Temp\ccS7sdb3.ltrans3.ltrans.o
 .debug_abbrev  0x00000f6e      0x3bb C:\Users\elias\AppData\Local\Temp\ccS7sdb3.ltrans4.ltrans.o
 .debug_abbrev  0x00001329      0x36a C:\Users\elias\AppData\Local\Temp\ccS7sdb3.ltrans5.ltrans.o
 .debug_abbrev  0x00001693      0x573 C:\Users\elias\AppData\Local\Temp\ccS7sdb3.ltrans6.ltrans.o
 .debug_abbrev  0x00001c06      0x36f C:\Users\elias\AppData\Local\Temp\ccS7sdb3.ltrans7.ltrans.o
 .debug_abbrev  0x00001f75      0x33f C:\Users\elias\AppData\Local\Temp\ccS7sdb3.ltrans8.ltrans.o
 .debug_abbrev  0x000022b4       0x14 .\CortexM3\ARM_GCC_541\Debug\AcondicionamientoAnalogico.a(CyBootAsmGnu.o)

.debug_line     0x00000000     0x5c40
 *(.debug_line)
 .debug_line    0x00000000     0x1277 C:\Users\elias\AppData\Local\Temp\ccS7sdb3.ltrans0.ltrans.o
 .debug_line    0x00001277     0x12ee C:\Users\elias\AppData\Local\Temp\ccS7sdb3.ltrans1.ltrans.o
 .debug_line    0x00002565      0xd20 C:\Users\elias\AppData\Local\Temp\ccS7sdb3.ltrans2.ltrans.o
 .debug_line    0x00003285      0x6ad C:\Users\elias\AppData\Local\Temp\ccS7sdb3.ltrans3.ltrans.o
 .debug_line    0x00003932      0x89f C:\Users\elias\AppData\Local\Temp\ccS7sdb3.ltrans4.ltrans.o
 .debug_line    0x000041d1      0x6ab C:\Users\elias\AppData\Local\Temp\ccS7sdb3.ltrans5.ltrans.o
 .debug_line    0x0000487c      0x734 C:\Users\elias\AppData\Local\Temp\ccS7sdb3.ltrans6.ltrans.o
 .debug_line    0x00004fb0      0x6e6 C:\Users\elias\AppData\Local\Temp\ccS7sdb3.ltrans7.ltrans.o
 .debug_line    0x00005696      0x544 C:\Users\elias\AppData\Local\Temp\ccS7sdb3.ltrans8.ltrans.o
 .debug_line    0x00005bda       0x66 .\CortexM3\ARM_GCC_541\Debug\AcondicionamientoAnalogico.a(CyBootAsmGnu.o)

.debug_frame    0x00000000      0x984
 *(.debug_frame)
 .debug_frame   0x00000000       0x40 C:\Users\elias\AppData\Local\Temp\ccS7sdb3.ltrans0.ltrans.o
 .debug_frame   0x00000040       0x2c C:\Users\elias\AppData\Local\Temp\ccS7sdb3.ltrans1.ltrans.o
 .debug_frame   0x0000006c       0x68 C:\Users\elias\AppData\Local\Temp\ccS7sdb3.ltrans2.ltrans.o
 .debug_frame   0x000000d4       0x50 C:\Users\elias\AppData\Local\Temp\ccS7sdb3.ltrans3.ltrans.o
 .debug_frame   0x00000124      0x160 C:\Users\elias\AppData\Local\Temp\ccS7sdb3.ltrans4.ltrans.o
 .debug_frame   0x00000284      0x174 C:\Users\elias\AppData\Local\Temp\ccS7sdb3.ltrans5.ltrans.o
 .debug_frame   0x000003f8      0x144 C:\Users\elias\AppData\Local\Temp\ccS7sdb3.ltrans6.ltrans.o
 .debug_frame   0x0000053c      0x1a8 C:\Users\elias\AppData\Local\Temp\ccS7sdb3.ltrans7.ltrans.o
 .debug_frame   0x000006e4      0x148 C:\Users\elias\AppData\Local\Temp\ccS7sdb3.ltrans8.ltrans.o
 .debug_frame   0x0000082c       0x20 c:/program files (x86)/cypress/psoc creator/4.4/psoc creator/import/gnu/arm/5.4.1/bin/../lib/gcc/arm-none-eabi/5.4.1/../../../../arm-none-eabi/lib/armv7-m\libg_nano.a(lib_a-errno.o)
 .debug_frame   0x0000084c       0x28 c:/program files (x86)/cypress/psoc creator/4.4/psoc creator/import/gnu/arm/5.4.1/bin/../lib/gcc/arm-none-eabi/5.4.1/../../../../arm-none-eabi/lib/armv7-m\libg_nano.a(lib_a-exit.o)
 .debug_frame   0x00000874       0x2c c:/program files (x86)/cypress/psoc creator/4.4/psoc creator/import/gnu/arm/5.4.1/bin/../lib/gcc/arm-none-eabi/5.4.1/../../../../arm-none-eabi/lib/armv7-m\libg_nano.a(lib_a-init.o)
 .debug_frame   0x000008a0       0x20 c:/program files (x86)/cypress/psoc creator/4.4/psoc creator/import/gnu/arm/5.4.1/bin/../lib/gcc/arm-none-eabi/5.4.1/../../../../arm-none-eabi/lib/armv7-m\libg_nano.a(lib_a-memset.o)
 .debug_frame   0x000008c0       0x20 c:/program files (x86)/cypress/psoc creator/4.4/psoc creator/import/gnu/arm/5.4.1/bin/../lib/gcc/arm-none-eabi/5.4.1/../../../../arm-none-eabi/lib/armv7-m\libnosys.a(_exit.o)
 .debug_frame   0x000008e0       0x44 c:/program files (x86)/cypress/psoc creator/4.4/psoc creator/import/gnu/arm/5.4.1/bin/../lib/gcc/arm-none-eabi/5.4.1/armv7-m\libgcc.a(_aeabi_ldivmod.o)
 .debug_frame   0x00000924       0x38 c:/program files (x86)/cypress/psoc creator/4.4/psoc creator/import/gnu/arm/5.4.1/bin/../lib/gcc/arm-none-eabi/5.4.1/armv7-m\libgcc.a(_udivmoddi4.o)
 .debug_frame   0x0000095c       0x28 c:/program files (x86)/cypress/psoc creator/4.4/psoc creator/import/gnu/arm/5.4.1/bin/../lib/gcc/arm-none-eabi/5.4.1/../../../../arm-none-eabi/lib/armv7-m\libg_nano.a(lib_a-memcpy-stub.o)

.debug_str      0x00000000     0x42fd
 *(.debug_str)
 .debug_str     0x00000000      0xe7f C:\Users\elias\AppData\Local\Temp\ccS7sdb3.ltrans0.ltrans.o
                                0xfb3 (size before relaxing)
 .debug_str     0x00000e7f      0xda3 C:\Users\elias\AppData\Local\Temp\ccS7sdb3.ltrans1.ltrans.o
                               0x1514 (size before relaxing)
 .debug_str     0x00001c22      0x940 C:\Users\elias\AppData\Local\Temp\ccS7sdb3.ltrans2.ltrans.o
                               0x1291 (size before relaxing)
 .debug_str     0x00002562      0x630 C:\Users\elias\AppData\Local\Temp\ccS7sdb3.ltrans3.ltrans.o
                                0xe55 (size before relaxing)
 .debug_str     0x00002b92      0x3ab C:\Users\elias\AppData\Local\Temp\ccS7sdb3.ltrans4.ltrans.o
                                0xba1 (size before relaxing)
 .debug_str     0x00002f3d      0x371 C:\Users\elias\AppData\Local\Temp\ccS7sdb3.ltrans5.ltrans.o
                                0x662 (size before relaxing)
 .debug_str     0x000032ae      0x77d C:\Users\elias\AppData\Local\Temp\ccS7sdb3.ltrans6.ltrans.o
                                0xe9b (size before relaxing)
 .debug_str     0x00003a2b      0x26d C:\Users\elias\AppData\Local\Temp\ccS7sdb3.ltrans7.ltrans.o
                                0xbbc (size before relaxing)
 .debug_str     0x00003c98      0x665 C:\Users\elias\AppData\Local\Temp\ccS7sdb3.ltrans8.ltrans.o
                                0xc84 (size before relaxing)

.debug_loc      0x00000000     0xa274
 *(.debug_loc)
 .debug_loc     0x00000000     0x2587 C:\Users\elias\AppData\Local\Temp\ccS7sdb3.ltrans0.ltrans.o
 .debug_loc     0x00002587     0x1c89 C:\Users\elias\AppData\Local\Temp\ccS7sdb3.ltrans1.ltrans.o
 .debug_loc     0x00004210     0x224e C:\Users\elias\AppData\Local\Temp\ccS7sdb3.ltrans2.ltrans.o
 .debug_loc     0x0000645e      0xef2 C:\Users\elias\AppData\Local\Temp\ccS7sdb3.ltrans3.ltrans.o
 .debug_loc     0x00007350      0x9c6 C:\Users\elias\AppData\Local\Temp\ccS7sdb3.ltrans4.ltrans.o
 .debug_loc     0x00007d16      0x5e7 C:\Users\elias\AppData\Local\Temp\ccS7sdb3.ltrans5.ltrans.o
 .debug_loc     0x000082fd     0x10b1 C:\Users\elias\AppData\Local\Temp\ccS7sdb3.ltrans6.ltrans.o
 .debug_loc     0x000093ae      0x7c7 C:\Users\elias\AppData\Local\Temp\ccS7sdb3.ltrans7.ltrans.o
 .debug_loc     0x00009b75      0x6ff C:\Users\elias\AppData\Local\Temp\ccS7sdb3.ltrans8.ltrans.o

.debug_macinfo
 *(.debug_macinfo)

.debug_ranges   0x00000000     0x69f8
 *(.debug_ranges)
 .debug_ranges  0x00000000     0x15c8 C:\Users\elias\AppData\Local\Temp\ccS7sdb3.ltrans0.ltrans.o
 .debug_ranges  0x000015c8     0x1ba0 C:\Users\elias\AppData\Local\Temp\ccS7sdb3.ltrans1.ltrans.o
 .debug_ranges  0x00003168     0x1108 C:\Users\elias\AppData\Local\Temp\ccS7sdb3.ltrans2.ltrans.o
 .debug_ranges  0x00004270      0x940 C:\Users\elias\AppData\Local\Temp\ccS7sdb3.ltrans3.ltrans.o
 .debug_ranges  0x00004bb0      0xaa8 C:\Users\elias\AppData\Local\Temp\ccS7sdb3.ltrans4.ltrans.o
 .debug_ranges  0x00005658      0x370 C:\Users\elias\AppData\Local\Temp\ccS7sdb3.ltrans5.ltrans.o
 .debug_ranges  0x000059c8      0x5d0 C:\Users\elias\AppData\Local\Temp\ccS7sdb3.ltrans6.ltrans.o
 .debug_ranges  0x00005f98      0x710 C:\Users\elias\AppData\Local\Temp\ccS7sdb3.ltrans7.ltrans.o
 .debug_ranges  0x000066a8      0x350 C:\Users\elias\AppData\Local\Temp\ccS7sdb3.ltrans8.ltrans.o

.comment        0x00000000       0x6e
 .comment       0x00000000       0x6e C:\Users\elias\AppData\Local\Temp\ccS7sdb3.ltrans0.ltrans.o
                                 0x6f (size before relaxing)
 .comment       0x0000006e       0x6f C:\Users\elias\AppData\Local\Temp\ccS7sdb3.ltrans1.ltrans.o
 .comment       0x0000006e       0x6f C:\Users\elias\AppData\Local\Temp\ccS7sdb3.ltrans2.ltrans.o
 .comment       0x0000006e       0x6f C:\Users\elias\AppData\Local\Temp\ccS7sdb3.ltrans3.ltrans.o
 .comment       0x0000006e       0x6f C:\Users\elias\AppData\Local\Temp\ccS7sdb3.ltrans4.ltrans.o
 .comment       0x0000006e       0x6f C:\Users\elias\AppData\Local\Temp\ccS7sdb3.ltrans5.ltrans.o
 .comment       0x0000006e       0x6f C:\Users\elias\AppData\Local\Temp\ccS7sdb3.ltrans6.ltrans.o
 .comment       0x0000006e       0x6f C:\Users\elias\AppData\Local\Temp\ccS7sdb3.ltrans7.ltrans.o
 .comment       0x0000006e       0x6f C:\Users\elias\AppData\Local\Temp\ccS7sdb3.ltrans8.ltrans.o

.debug_weaknames
 *(.debug_weaknames)

.debug_funcnames
 *(.debug_funcnames)

.debug_typenames
 *(.debug_typenames)

.debug_varnames
 *(.debug_varnames)

.note.gnu.arm.ident
 *(.note.gnu.arm.ident)

.ARM.attributes
                0x00000000       0x29
 *(.ARM.attributes)
 .ARM.attributes
                0x00000000       0x1d c:/program files (x86)/cypress/psoc creator/4.4/psoc creator/import/gnu/arm/5.4.1/bin/../lib/gcc/arm-none-eabi/5.4.1/armv7-m/crti.o
 .ARM.attributes
                0x0000001d       0x2d c:/program files (x86)/cypress/psoc creator/4.4/psoc creator/import/gnu/arm/5.4.1/bin/../lib/gcc/arm-none-eabi/5.4.1/armv7-m/crtbegin.o
 .ARM.attributes
                0x0000004a       0x1b c:/program files (x86)/cypress/psoc creator/4.4/psoc creator/import/gnu/arm/5.4.1/bin/../lib/gcc/arm-none-eabi/5.4.1/../../../../arm-none-eabi/lib/armv7-m/crt0.o
 .ARM.attributes
                0x00000065       0x31 C:\Users\elias\AppData\Local\Temp\ccS7sdb3.ltrans0.ltrans.o
 .ARM.attributes
                0x00000096       0x31 C:\Users\elias\AppData\Local\Temp\ccS7sdb3.ltrans1.ltrans.o
 .ARM.attributes
                0x000000c7       0x31 C:\Users\elias\AppData\Local\Temp\ccS7sdb3.ltrans2.ltrans.o
 .ARM.attributes
                0x000000f8       0x31 C:\Users\elias\AppData\Local\Temp\ccS7sdb3.ltrans3.ltrans.o
 .ARM.attributes
                0x00000129       0x31 C:\Users\elias\AppData\Local\Temp\ccS7sdb3.ltrans4.ltrans.o
 .ARM.attributes
                0x0000015a       0x31 C:\Users\elias\AppData\Local\Temp\ccS7sdb3.ltrans5.ltrans.o
 .ARM.attributes
                0x0000018b       0x31 C:\Users\elias\AppData\Local\Temp\ccS7sdb3.ltrans6.ltrans.o
 .ARM.attributes
                0x000001bc       0x31 C:\Users\elias\AppData\Local\Temp\ccS7sdb3.ltrans7.ltrans.o
 .ARM.attributes
                0x000001ed       0x31 C:\Users\elias\AppData\Local\Temp\ccS7sdb3.ltrans8.ltrans.o
 .ARM.attributes
                0x0000021e       0x21 .\CortexM3\ARM_GCC_541\Debug\AcondicionamientoAnalogico.a(CyBootAsmGnu.o)
 .ARM.attributes
                0x0000023f       0x2d c:/program files (x86)/cypress/psoc creator/4.4/psoc creator/import/gnu/arm/5.4.1/bin/../lib/gcc/arm-none-eabi/5.4.1/../../../../arm-none-eabi/lib/armv7-m\libg_nano.a(lib_a-errno.o)
 .ARM.attributes
                0x0000026c       0x2d c:/program files (x86)/cypress/psoc creator/4.4/psoc creator/import/gnu/arm/5.4.1/bin/../lib/gcc/arm-none-eabi/5.4.1/../../../../arm-none-eabi/lib/armv7-m\libg_nano.a(lib_a-exit.o)
 .ARM.attributes
                0x00000299       0x2d c:/program files (x86)/cypress/psoc creator/4.4/psoc creator/import/gnu/arm/5.4.1/bin/../lib/gcc/arm-none-eabi/5.4.1/../../../../arm-none-eabi/lib/armv7-m\libg_nano.a(lib_a-impure.o)
 .ARM.attributes
                0x000002c6       0x2d c:/program files (x86)/cypress/psoc creator/4.4/psoc creator/import/gnu/arm/5.4.1/bin/../lib/gcc/arm-none-eabi/5.4.1/../../../../arm-none-eabi/lib/armv7-m\libg_nano.a(lib_a-init.o)
 .ARM.attributes
                0x000002f3       0x2d c:/program files (x86)/cypress/psoc creator/4.4/psoc creator/import/gnu/arm/5.4.1/bin/../lib/gcc/arm-none-eabi/5.4.1/../../../../arm-none-eabi/lib/armv7-m\libg_nano.a(lib_a-memset.o)
 .ARM.attributes
                0x00000320       0x2d c:/program files (x86)/cypress/psoc creator/4.4/psoc creator/import/gnu/arm/5.4.1/bin/../lib/gcc/arm-none-eabi/5.4.1/armv7-m/crtend.o
 .ARM.attributes
                0x0000034d       0x1d c:/program files (x86)/cypress/psoc creator/4.4/psoc creator/import/gnu/arm/5.4.1/bin/../lib/gcc/arm-none-eabi/5.4.1/armv7-m/crtn.o
 .ARM.attributes
                0x0000036a       0x2d c:/program files (x86)/cypress/psoc creator/4.4/psoc creator/import/gnu/arm/5.4.1/bin/../lib/gcc/arm-none-eabi/5.4.1/../../../../arm-none-eabi/lib/armv7-m\libnosys.a(_exit.o)
 .ARM.attributes
                0x00000397       0x1d c:/program files (x86)/cypress/psoc creator/4.4/psoc creator/import/gnu/arm/5.4.1/bin/../lib/gcc/arm-none-eabi/5.4.1/armv7-m\libgcc.a(_aeabi_ldivmod.o)
 .ARM.attributes
                0x000003b4       0x2d c:/program files (x86)/cypress/psoc creator/4.4/psoc creator/import/gnu/arm/5.4.1/bin/../lib/gcc/arm-none-eabi/5.4.1/armv7-m\libgcc.a(_udivmoddi4.o)
 .ARM.attributes
                0x000003e1       0x1d c:/program files (x86)/cypress/psoc creator/4.4/psoc creator/import/gnu/arm/5.4.1/bin/../lib/gcc/arm-none-eabi/5.4.1/armv7-m\libgcc.a(_dvmd_tls.o)
 .ARM.attributes
                0x000003fe       0x2d c:/program files (x86)/cypress/psoc creator/4.4/psoc creator/import/gnu/arm/5.4.1/bin/../lib/gcc/arm-none-eabi/5.4.1/../../../../arm-none-eabi/lib/armv7-m\libg_nano.a(lib_a-memcpy-stub.o)

/DISCARD/
 *(.note.GNU-stack)
OUTPUT(C:\Github\Tesis\src\psoc\AcondicionamientoAnalogico.cydsn\CortexM3\ARM_GCC_541\Debug\AcondicionamientoAnalogico.elf elf32-littlearm)
