Archive member included to satisfy reference by file (symbol)

.\CortexM3\ARM_GCC_541\Debug\AcondicionamientoAnalogico.a(Filter.o)
                              .\CortexM3\ARM_GCC_541\Debug\main.o (symbol from plugin) (Filter_Start)
.\CortexM3\ARM_GCC_541\Debug\AcondicionamientoAnalogico.a(Filter_PVT.o)
                              Filter.o (symbol from plugin) (Filter_SetInterruptMode)
.\CortexM3\ARM_GCC_541\Debug\AcondicionamientoAnalogico.a(Filter_RAM_Data.o)
                              Filter.o (symbol from plugin) (Filter_cfsm)
.\CortexM3\ARM_GCC_541\Debug\AcondicionamientoAnalogico.a(CyDmac.o)
                              .\CortexM3\ARM_GCC_541\Debug\Cm3Start.o (symbol from plugin) (CyDmacConfigure)
.\CortexM3\ARM_GCC_541\Debug\AcondicionamientoAnalogico.a(CyLib.o)
                              .\CortexM3\ARM_GCC_541\Debug\Cm3Start.o (symbol from plugin) (CyHalt)
.\CortexM3\ARM_GCC_541\Debug\AcondicionamientoAnalogico.a(cyPm.o)
                              CyLib.o (symbol from plugin) (CyPmReadStatus)
.\CortexM3\ARM_GCC_541\Debug\AcondicionamientoAnalogico.a(DMA_DelSig_Filter_dma.o)
                              .\CortexM3\ARM_GCC_541\Debug\main.o (symbol from plugin) (DMA_DelSig_Filter_DmaInitialize)
.\CortexM3\ARM_GCC_541\Debug\AcondicionamientoAnalogico.a(isr_Timer.o)
                              .\CortexM3\ARM_GCC_541\Debug\main.o (symbol from plugin) (isr_Timer_StartEx)
.\CortexM3\ARM_GCC_541\Debug\AcondicionamientoAnalogico.a(Timer.o)
                              .\CortexM3\ARM_GCC_541\Debug\main.o (symbol from plugin) (Timer_Start)
.\CortexM3\ARM_GCC_541\Debug\AcondicionamientoAnalogico.a(LED.o)
                              .\CortexM3\ARM_GCC_541\Debug\main.o (symbol from plugin) (LED_Write)
.\CortexM3\ARM_GCC_541\Debug\AcondicionamientoAnalogico.a(UART.o)
                              .\CortexM3\ARM_GCC_541\Debug\main.o (symbol from plugin) (UART_Start)
.\CortexM3\ARM_GCC_541\Debug\AcondicionamientoAnalogico.a(UART_INT.o)
                              UART.o (symbol from plugin) (UART_RXISR)
.\CortexM3\ARM_GCC_541\Debug\AcondicionamientoAnalogico.a(UART_IntClock.o)
                              UART.o (symbol from plugin) (UART_IntClock_Start)
.\CortexM3\ARM_GCC_541\Debug\AcondicionamientoAnalogico.a(ADC.o)
                              .\CortexM3\ARM_GCC_541\Debug\calibration.o (symbol from plugin) (ADC_Start)
.\CortexM3\ARM_GCC_541\Debug\AcondicionamientoAnalogico.a(ADC_INT.o)
                              ADC.o (symbol from plugin) (ADC_ISR1)
.\CortexM3\ARM_GCC_541\Debug\AcondicionamientoAnalogico.a(ADC_Ext_CP_Clk.o)
                              ADC.o (symbol from plugin) (ADC_Ext_CP_Clk_SetDividerRegister)
.\CortexM3\ARM_GCC_541\Debug\AcondicionamientoAnalogico.a(ADC_theACLK.o)
                              ADC.o (symbol from plugin) (ADC_theACLK_SetDividerRegister)
.\CortexM3\ARM_GCC_541\Debug\AcondicionamientoAnalogico.a(VDAC_PGA.o)
                              .\CortexM3\ARM_GCC_541\Debug\calibration.o (symbol from plugin) (VDAC_PGA_Start)
.\CortexM3\ARM_GCC_541\Debug\AcondicionamientoAnalogico.a(SYNC_IN.o)
                              .\CortexM3\ARM_GCC_541\Debug\main.o (symbol from plugin) (SYNC_IN_Read)
.\CortexM3\ARM_GCC_541\Debug\AcondicionamientoAnalogico.a(isr_SyncIn.o)
                              .\CortexM3\ARM_GCC_541\Debug\main.o (symbol from plugin) (isr_SyncIn_StartEx)
.\CortexM3\ARM_GCC_541\Debug\AcondicionamientoAnalogico.a(LPF_ADC.o)
                              .\CortexM3\ARM_GCC_541\Debug\psoc_hw.o (symbol from plugin) (LPF_ADC_Start)
.\CortexM3\ARM_GCC_541\Debug\AcondicionamientoAnalogico.a(PGA.o)
                              .\CortexM3\ARM_GCC_541\Debug\psoc_hw.o (symbol from plugin) (PGA_Start)
.\CortexM3\ARM_GCC_541\Debug\AcondicionamientoAnalogico.a(LPF_ref.o)
                              .\CortexM3\ARM_GCC_541\Debug\psoc_hw.o (symbol from plugin) (LPF_ref_Start)
.\CortexM3\ARM_GCC_541\Debug\AcondicionamientoAnalogico.a(Opa_LP.o)
                              .\CortexM3\ARM_GCC_541\Debug\psoc_hw.o (symbol from plugin) (Opa_LP_Start)
.\CortexM3\ARM_GCC_541\Debug\AcondicionamientoAnalogico.a(VDAC_LP.o)
                              .\CortexM3\ARM_GCC_541\Debug\calibration.o (symbol from plugin) (VDAC_LP_Start)
.\CortexM3\ARM_GCC_541\Debug\AcondicionamientoAnalogico.a(AMux_ADC.o)
                              .\CortexM3\ARM_GCC_541\Debug\calibration.o (symbol from plugin) (AMux_ADC_Start)
.\CortexM3\ARM_GCC_541\Debug\AcondicionamientoAnalogico.a(Opa_ref_PGA.o)
                              .\CortexM3\ARM_GCC_541\Debug\psoc_hw.o (symbol from plugin) (Opa_ref_PGA_Start)
.\CortexM3\ARM_GCC_541\Debug\AcondicionamientoAnalogico.a(Opa_ref_IN.o)
                              .\CortexM3\ARM_GCC_541\Debug\psoc_hw.o (symbol from plugin) (Opa_ref_IN_Start)
.\CortexM3\ARM_GCC_541\Debug\AcondicionamientoAnalogico.a(VDAC_ref_IN.o)
                              .\CortexM3\ARM_GCC_541\Debug\calibration.o (symbol from plugin) (VDAC_ref_IN_Start)
.\CortexM3\ARM_GCC_541\Debug\AcondicionamientoAnalogico.a(Clock_1.o)
                              .\CortexM3\ARM_GCC_541\Debug\main.o (symbol from plugin) (Clock_1_Start)
.\CortexM3\ARM_GCC_541\Debug\AcondicionamientoAnalogico.a(isr_Button.o)
                              .\CortexM3\ARM_GCC_541\Debug\main.o (symbol from plugin) (isr_Button_StartEx)
.\CortexM3\ARM_GCC_541\Debug\AcondicionamientoAnalogico.a(EEPROM.o)
                              .\CortexM3\ARM_GCC_541\Debug\main.o (symbol from plugin) (EEPROM_Start)
.\CortexM3\ARM_GCC_541\Debug\AcondicionamientoAnalogico.a(isr_DMA_DelSig_RAM.o)
                              .\CortexM3\ARM_GCC_541\Debug\main.o (symbol from plugin) (isr_DMA_DelSig_RAM_StartEx)
.\CortexM3\ARM_GCC_541\Debug\AcondicionamientoAnalogico.a(isr_DMA_Filter_RAM.o)
                              .\CortexM3\ARM_GCC_541\Debug\main.o (symbol from plugin) (isr_DMA_Filter_RAM_StartEx)
.\CortexM3\ARM_GCC_541\Debug\AcondicionamientoAnalogico.a(DMA_Filter_RAM_Lote_dma.o)
                              .\CortexM3\ARM_GCC_541\Debug\main.o (symbol from plugin) (DMA_Filter_RAM_Lote_DmaInitialize)
.\CortexM3\ARM_GCC_541\Debug\AcondicionamientoAnalogico.a(DMA_Filter_RAM_Single_dma.o)
                              .\CortexM3\ARM_GCC_541\Debug\main.o (symbol from plugin) (DMA_Filter_RAM_Single_DmaInitialize)
.\CortexM3\ARM_GCC_541\Debug\AcondicionamientoAnalogico.a(DMA_DelSig_RAM_Single_dma.o)
                              .\CortexM3\ARM_GCC_541\Debug\main.o (symbol from plugin) (DMA_DelSig_RAM_Single_DmaInitialize)
.\CortexM3\ARM_GCC_541\Debug\AcondicionamientoAnalogico.a(DMA_DelSig_RAM_Lote_dma.o)
                              .\CortexM3\ARM_GCC_541\Debug\main.o (symbol from plugin) (DMA_DelSig_RAM_Lote_DmaInitialize)
.\CortexM3\ARM_GCC_541\Debug\AcondicionamientoAnalogico.a(Reg_Select.o)
                              .\CortexM3\ARM_GCC_541\Debug\main.o (symbol from plugin) (Reg_Select_Write)
.\CortexM3\ARM_GCC_541\Debug\AcondicionamientoAnalogico.a(CyBootAsmGnu.o)
                              .\CortexM3\ARM_GCC_541\Debug\cyfitter_cfg.o (symbol from plugin) (CyDelayCycles)
.\CortexM3\ARM_GCC_541\Debug\AcondicionamientoAnalogico.a(CyFlash.o)
                              EEPROM.o (symbol from plugin) (dieTemperature)
.\CortexM3\ARM_GCC_541\Debug\AcondicionamientoAnalogico.a(CySpc.o)
                              EEPROM.o (symbol from plugin) (CySpcStart)
c:/program files (x86)/cypress/psoc creator/4.4/psoc creator/import/gnu/arm/5.4.1/bin/../lib/gcc/arm-none-eabi/5.4.1/../../../../arm-none-eabi/lib/armv7-m\libg_nano.a(lib_a-errno.o)
                              .\CortexM3\ARM_GCC_541\Debug\Cm3Start.o (symbol from plugin) (__errno)
c:/program files (x86)/cypress/psoc creator/4.4/psoc creator/import/gnu/arm/5.4.1/bin/../lib/gcc/arm-none-eabi/5.4.1/../../../../arm-none-eabi/lib/armv7-m\libg_nano.a(lib_a-exit.o)
                              c:/program files (x86)/cypress/psoc creator/4.4/psoc creator/import/gnu/arm/5.4.1/bin/../lib/gcc/arm-none-eabi/5.4.1/../../../../arm-none-eabi/lib/armv7-m/crt0.o (exit)
c:/program files (x86)/cypress/psoc creator/4.4/psoc creator/import/gnu/arm/5.4.1/bin/../lib/gcc/arm-none-eabi/5.4.1/../../../../arm-none-eabi/lib/armv7-m\libg_nano.a(lib_a-impure.o)
                              c:/program files (x86)/cypress/psoc creator/4.4/psoc creator/import/gnu/arm/5.4.1/bin/../lib/gcc/arm-none-eabi/5.4.1/../../../../arm-none-eabi/lib/armv7-m\libg_nano.a(lib_a-exit.o) (_global_impure_ptr)
c:/program files (x86)/cypress/psoc creator/4.4/psoc creator/import/gnu/arm/5.4.1/bin/../lib/gcc/arm-none-eabi/5.4.1/../../../../arm-none-eabi/lib/armv7-m\libg_nano.a(lib_a-init.o)
                              c:/program files (x86)/cypress/psoc creator/4.4/psoc creator/import/gnu/arm/5.4.1/bin/../lib/gcc/arm-none-eabi/5.4.1/../../../../arm-none-eabi/lib/armv7-m/crt0.o (__libc_init_array)
c:/program files (x86)/cypress/psoc creator/4.4/psoc creator/import/gnu/arm/5.4.1/bin/../lib/gcc/arm-none-eabi/5.4.1/../../../../arm-none-eabi/lib/armv7-m\libg_nano.a(lib_a-memset.o)
                              c:/program files (x86)/cypress/psoc creator/4.4/psoc creator/import/gnu/arm/5.4.1/bin/../lib/gcc/arm-none-eabi/5.4.1/../../../../arm-none-eabi/lib/armv7-m/crt0.o (memset)
c:/program files (x86)/cypress/psoc creator/4.4/psoc creator/import/gnu/arm/5.4.1/bin/../lib/gcc/arm-none-eabi/5.4.1/../../../../arm-none-eabi/lib/armv7-m\libnosys.a(_exit.o)
                              c:/program files (x86)/cypress/psoc creator/4.4/psoc creator/import/gnu/arm/5.4.1/bin/../lib/gcc/arm-none-eabi/5.4.1/../../../../arm-none-eabi/lib/armv7-m\libg_nano.a(lib_a-exit.o) (_exit)
c:/program files (x86)/cypress/psoc creator/4.4/psoc creator/import/gnu/arm/5.4.1/bin/../lib/gcc/arm-none-eabi/5.4.1/../../../../arm-none-eabi/lib/armv7-m\libg_nano.a(lib_a-memcpy-stub.o)
                              C:\Users\elias\AppData\Local\Temp\cc32c83Z.ltrans0.ltrans.o (memcpy)

Allocating common symbols
Common symbol       size              file

ADC_CountsPerVolt   0x4               ADC.o (symbol from plugin)
dieTemperature      0x2               CyFlash.o (symbol from plugin)

Discarded input sections

 .text          0x00000000        0x0 c:/program files (x86)/cypress/psoc creator/4.4/psoc creator/import/gnu/arm/5.4.1/bin/../lib/gcc/arm-none-eabi/5.4.1/armv7-m/crti.o
 .data          0x00000000        0x0 c:/program files (x86)/cypress/psoc creator/4.4/psoc creator/import/gnu/arm/5.4.1/bin/../lib/gcc/arm-none-eabi/5.4.1/armv7-m/crti.o
 .bss           0x00000000        0x0 c:/program files (x86)/cypress/psoc creator/4.4/psoc creator/import/gnu/arm/5.4.1/bin/../lib/gcc/arm-none-eabi/5.4.1/armv7-m/crti.o
 .data          0x00000000        0x4 c:/program files (x86)/cypress/psoc creator/4.4/psoc creator/import/gnu/arm/5.4.1/bin/../lib/gcc/arm-none-eabi/5.4.1/armv7-m/crtbegin.o
 .text          0x00000000       0x74 c:/program files (x86)/cypress/psoc creator/4.4/psoc creator/import/gnu/arm/5.4.1/bin/../lib/gcc/arm-none-eabi/5.4.1/../../../../arm-none-eabi/lib/armv7-m/crt0.o
 .data          0x00000000        0x0 c:/program files (x86)/cypress/psoc creator/4.4/psoc creator/import/gnu/arm/5.4.1/bin/../lib/gcc/arm-none-eabi/5.4.1/../../../../arm-none-eabi/lib/armv7-m/crt0.o
 .bss           0x00000000        0x0 c:/program files (x86)/cypress/psoc creator/4.4/psoc creator/import/gnu/arm/5.4.1/bin/../lib/gcc/arm-none-eabi/5.4.1/../../../../arm-none-eabi/lib/armv7-m/crt0.o
 .ARM.extab     0x00000000        0x0 c:/program files (x86)/cypress/psoc creator/4.4/psoc creator/import/gnu/arm/5.4.1/bin/../lib/gcc/arm-none-eabi/5.4.1/../../../../arm-none-eabi/lib/armv7-m/crt0.o
 .ARM.exidx     0x00000000        0x8 c:/program files (x86)/cypress/psoc creator/4.4/psoc creator/import/gnu/arm/5.4.1/bin/../lib/gcc/arm-none-eabi/5.4.1/../../../../arm-none-eabi/lib/armv7-m/crt0.o
 .text          0x00000000        0x0 .\CortexM3\ARM_GCC_541\Debug\main.o (symbol from plugin)
 .text          0x00000000        0x0 C:\Users\elias\AppData\Local\Temp\cc32c83Z.ltrans0.ltrans.o
 .text          0x00000000        0x0 C:\Users\elias\AppData\Local\Temp\cc32c83Z.ltrans1.ltrans.o
 .data          0x00000000        0x0 C:\Users\elias\AppData\Local\Temp\cc32c83Z.ltrans1.ltrans.o
 .text          0x00000000        0x0 C:\Users\elias\AppData\Local\Temp\cc32c83Z.ltrans2.ltrans.o
 .data          0x00000000        0x0 C:\Users\elias\AppData\Local\Temp\cc32c83Z.ltrans2.ltrans.o
 .text          0x00000000        0x0 C:\Users\elias\AppData\Local\Temp\cc32c83Z.ltrans3.ltrans.o
 .text          0x00000000        0x0 C:\Users\elias\AppData\Local\Temp\cc32c83Z.ltrans4.ltrans.o
 .data          0x00000000        0x0 C:\Users\elias\AppData\Local\Temp\cc32c83Z.ltrans4.ltrans.o
 .text._exit    0x00000000        0x4 C:\Users\elias\AppData\Local\Temp\cc32c83Z.ltrans4.ltrans.o
 .text          0x00000000        0x0 C:\Users\elias\AppData\Local\Temp\cc32c83Z.ltrans5.ltrans.o
 .data          0x00000000        0x0 C:\Users\elias\AppData\Local\Temp\cc32c83Z.ltrans5.ltrans.o
 .text          0x00000000        0x0 C:\Users\elias\AppData\Local\Temp\cc32c83Z.ltrans6.ltrans.o
 .text          0x00000000        0x0 .\CortexM3\ARM_GCC_541\Debug\calibration.o (symbol from plugin)
 .text          0x00000000        0x0 .\CortexM3\ARM_GCC_541\Debug\psoc_adc.o (symbol from plugin)
 .text          0x00000000        0x0 .\CortexM3\ARM_GCC_541\Debug\psoc_hw.o (symbol from plugin)
 .text          0x00000000        0x0 .\CortexM3\ARM_GCC_541\Debug\crc.o (symbol from plugin)
 .text          0x00000000        0x0 .\CortexM3\ARM_GCC_541\Debug\psoc_nv.o (symbol from plugin)
 .text          0x00000000        0x0 .\CortexM3\ARM_GCC_541\Debug\cyfitter_cfg.o (symbol from plugin)
 .text          0x00000000        0x0 .\CortexM3\ARM_GCC_541\Debug\cymetadata.o (symbol from plugin)
 .text          0x00000000        0x0 .\CortexM3\ARM_GCC_541\Debug\Cm3Start.o (symbol from plugin)
 .text          0x00000000        0x0 Filter.o (symbol from plugin)
 .text          0x00000000        0x0 Filter_PVT.o (symbol from plugin)
 .text          0x00000000        0x0 Filter_RAM_Data.o (symbol from plugin)
 .text          0x00000000        0x0 CyDmac.o (symbol from plugin)
 .text          0x00000000        0x0 CyLib.o (symbol from plugin)
 .text          0x00000000        0x0 cyPm.o (symbol from plugin)
 .text          0x00000000        0x0 DMA_DelSig_Filter_dma.o (symbol from plugin)
 .text          0x00000000        0x0 isr_Timer.o (symbol from plugin)
 .text          0x00000000        0x0 Timer.o (symbol from plugin)
 .text          0x00000000        0x0 LED.o (symbol from plugin)
 .text          0x00000000        0x0 UART.o (symbol from plugin)
 .text          0x00000000        0x0 UART_INT.o (symbol from plugin)
 .text          0x00000000        0x0 UART_IntClock.o (symbol from plugin)
 .text          0x00000000        0x0 ADC.o (symbol from plugin)
 .text          0x00000000        0x0 ADC_INT.o (symbol from plugin)
 .text          0x00000000        0x0 ADC_Ext_CP_Clk.o (symbol from plugin)
 .text          0x00000000        0x0 ADC_theACLK.o (symbol from plugin)
 .text          0x00000000        0x0 VDAC_PGA.o (symbol from plugin)
 .text          0x00000000        0x0 SYNC_IN.o (symbol from plugin)
 .text          0x00000000        0x0 isr_SyncIn.o (symbol from plugin)
 .text          0x00000000        0x0 LPF_ADC.o (symbol from plugin)
 .text          0x00000000        0x0 PGA.o (symbol from plugin)
 .text          0x00000000        0x0 LPF_ref.o (symbol from plugin)
 .text          0x00000000        0x0 Opa_LP.o (symbol from plugin)
 .text          0x00000000        0x0 VDAC_LP.o (symbol from plugin)
 .text          0x00000000        0x0 AMux_ADC.o (symbol from plugin)
 .text          0x00000000        0x0 Opa_ref_PGA.o (symbol from plugin)
 .text          0x00000000        0x0 Opa_ref_IN.o (symbol from plugin)
 .text          0x00000000        0x0 VDAC_ref_IN.o (symbol from plugin)
 .text          0x00000000        0x0 Clock_1.o (symbol from plugin)
 .text          0x00000000        0x0 isr_Button.o (symbol from plugin)
 .text          0x00000000        0x0 EEPROM.o (symbol from plugin)
 .text          0x00000000        0x0 isr_DMA_DelSig_RAM.o (symbol from plugin)
 .text          0x00000000        0x0 isr_DMA_Filter_RAM.o (symbol from plugin)
 .text          0x00000000        0x0 DMA_Filter_RAM_Lote_dma.o (symbol from plugin)
 .text          0x00000000        0x0 DMA_Filter_RAM_Single_dma.o (symbol from plugin)
 .text          0x00000000        0x0 DMA_DelSig_RAM_Single_dma.o (symbol from plugin)
 .text          0x00000000        0x0 DMA_DelSig_RAM_Lote_dma.o (symbol from plugin)
 .text          0x00000000        0x0 Reg_Select.o (symbol from plugin)
 .data          0x00000000        0x0 .\CortexM3\ARM_GCC_541\Debug\AcondicionamientoAnalogico.a(CyBootAsmGnu.o)
 .bss           0x00000000        0x0 .\CortexM3\ARM_GCC_541\Debug\AcondicionamientoAnalogico.a(CyBootAsmGnu.o)
 .text          0x00000000        0x0 CyFlash.o (symbol from plugin)
 .text          0x00000000        0x0 CySpc.o (symbol from plugin)
 .text          0x00000000        0x0 c:/program files (x86)/cypress/psoc creator/4.4/psoc creator/import/gnu/arm/5.4.1/bin/../lib/gcc/arm-none-eabi/5.4.1/../../../../arm-none-eabi/lib/armv7-m\libg_nano.a(lib_a-errno.o)
 .data          0x00000000        0x0 c:/program files (x86)/cypress/psoc creator/4.4/psoc creator/import/gnu/arm/5.4.1/bin/../lib/gcc/arm-none-eabi/5.4.1/../../../../arm-none-eabi/lib/armv7-m\libg_nano.a(lib_a-errno.o)
 .bss           0x00000000        0x0 c:/program files (x86)/cypress/psoc creator/4.4/psoc creator/import/gnu/arm/5.4.1/bin/../lib/gcc/arm-none-eabi/5.4.1/../../../../arm-none-eabi/lib/armv7-m\libg_nano.a(lib_a-errno.o)
 .text          0x00000000        0x0 c:/program files (x86)/cypress/psoc creator/4.4/psoc creator/import/gnu/arm/5.4.1/bin/../lib/gcc/arm-none-eabi/5.4.1/../../../../arm-none-eabi/lib/armv7-m\libg_nano.a(lib_a-exit.o)
 .data          0x00000000        0x0 c:/program files (x86)/cypress/psoc creator/4.4/psoc creator/import/gnu/arm/5.4.1/bin/../lib/gcc/arm-none-eabi/5.4.1/../../../../arm-none-eabi/lib/armv7-m\libg_nano.a(lib_a-exit.o)
 .bss           0x00000000        0x0 c:/program files (x86)/cypress/psoc creator/4.4/psoc creator/import/gnu/arm/5.4.1/bin/../lib/gcc/arm-none-eabi/5.4.1/../../../../arm-none-eabi/lib/armv7-m\libg_nano.a(lib_a-exit.o)
 .text.exit     0x00000000       0x28 c:/program files (x86)/cypress/psoc creator/4.4/psoc creator/import/gnu/arm/5.4.1/bin/../lib/gcc/arm-none-eabi/5.4.1/../../../../arm-none-eabi/lib/armv7-m\libg_nano.a(lib_a-exit.o)
 .text          0x00000000        0x0 c:/program files (x86)/cypress/psoc creator/4.4/psoc creator/import/gnu/arm/5.4.1/bin/../lib/gcc/arm-none-eabi/5.4.1/../../../../arm-none-eabi/lib/armv7-m\libg_nano.a(lib_a-impure.o)
 .data          0x00000000        0x0 c:/program files (x86)/cypress/psoc creator/4.4/psoc creator/import/gnu/arm/5.4.1/bin/../lib/gcc/arm-none-eabi/5.4.1/../../../../arm-none-eabi/lib/armv7-m\libg_nano.a(lib_a-impure.o)
 .bss           0x00000000        0x0 c:/program files (x86)/cypress/psoc creator/4.4/psoc creator/import/gnu/arm/5.4.1/bin/../lib/gcc/arm-none-eabi/5.4.1/../../../../arm-none-eabi/lib/armv7-m\libg_nano.a(lib_a-impure.o)
 .rodata._global_impure_ptr
                0x00000000        0x4 c:/program files (x86)/cypress/psoc creator/4.4/psoc creator/import/gnu/arm/5.4.1/bin/../lib/gcc/arm-none-eabi/5.4.1/../../../../arm-none-eabi/lib/armv7-m\libg_nano.a(lib_a-impure.o)
 .text          0x00000000        0x0 c:/program files (x86)/cypress/psoc creator/4.4/psoc creator/import/gnu/arm/5.4.1/bin/../lib/gcc/arm-none-eabi/5.4.1/../../../../arm-none-eabi/lib/armv7-m\libg_nano.a(lib_a-init.o)
 .data          0x00000000        0x0 c:/program files (x86)/cypress/psoc creator/4.4/psoc creator/import/gnu/arm/5.4.1/bin/../lib/gcc/arm-none-eabi/5.4.1/../../../../arm-none-eabi/lib/armv7-m\libg_nano.a(lib_a-init.o)
 .bss           0x00000000        0x0 c:/program files (x86)/cypress/psoc creator/4.4/psoc creator/import/gnu/arm/5.4.1/bin/../lib/gcc/arm-none-eabi/5.4.1/../../../../arm-none-eabi/lib/armv7-m\libg_nano.a(lib_a-init.o)
 .text          0x00000000        0x0 c:/program files (x86)/cypress/psoc creator/4.4/psoc creator/import/gnu/arm/5.4.1/bin/../lib/gcc/arm-none-eabi/5.4.1/../../../../arm-none-eabi/lib/armv7-m\libg_nano.a(lib_a-memset.o)
 .data          0x00000000        0x0 c:/program files (x86)/cypress/psoc creator/4.4/psoc creator/import/gnu/arm/5.4.1/bin/../lib/gcc/arm-none-eabi/5.4.1/../../../../arm-none-eabi/lib/armv7-m\libg_nano.a(lib_a-memset.o)
 .bss           0x00000000        0x0 c:/program files (x86)/cypress/psoc creator/4.4/psoc creator/import/gnu/arm/5.4.1/bin/../lib/gcc/arm-none-eabi/5.4.1/../../../../arm-none-eabi/lib/armv7-m\libg_nano.a(lib_a-memset.o)
 .text          0x00000000        0x0 c:/program files (x86)/cypress/psoc creator/4.4/psoc creator/import/gnu/arm/5.4.1/bin/../lib/gcc/arm-none-eabi/5.4.1/armv7-m/crtend.o
 .data          0x00000000        0x0 c:/program files (x86)/cypress/psoc creator/4.4/psoc creator/import/gnu/arm/5.4.1/bin/../lib/gcc/arm-none-eabi/5.4.1/armv7-m/crtend.o
 .bss           0x00000000        0x0 c:/program files (x86)/cypress/psoc creator/4.4/psoc creator/import/gnu/arm/5.4.1/bin/../lib/gcc/arm-none-eabi/5.4.1/armv7-m/crtend.o
 .text          0x00000000        0x0 c:/program files (x86)/cypress/psoc creator/4.4/psoc creator/import/gnu/arm/5.4.1/bin/../lib/gcc/arm-none-eabi/5.4.1/armv7-m/crtn.o
 .data          0x00000000        0x0 c:/program files (x86)/cypress/psoc creator/4.4/psoc creator/import/gnu/arm/5.4.1/bin/../lib/gcc/arm-none-eabi/5.4.1/armv7-m/crtn.o
 .bss           0x00000000        0x0 c:/program files (x86)/cypress/psoc creator/4.4/psoc creator/import/gnu/arm/5.4.1/bin/../lib/gcc/arm-none-eabi/5.4.1/armv7-m/crtn.o
 .text          0x00000000        0x0 c:/program files (x86)/cypress/psoc creator/4.4/psoc creator/import/gnu/arm/5.4.1/bin/../lib/gcc/arm-none-eabi/5.4.1/../../../../arm-none-eabi/lib/armv7-m\libnosys.a(_exit.o)
 .data          0x00000000        0x0 c:/program files (x86)/cypress/psoc creator/4.4/psoc creator/import/gnu/arm/5.4.1/bin/../lib/gcc/arm-none-eabi/5.4.1/../../../../arm-none-eabi/lib/armv7-m\libnosys.a(_exit.o)
 .bss           0x00000000        0x0 c:/program files (x86)/cypress/psoc creator/4.4/psoc creator/import/gnu/arm/5.4.1/bin/../lib/gcc/arm-none-eabi/5.4.1/../../../../arm-none-eabi/lib/armv7-m\libnosys.a(_exit.o)
 .text._exit    0x00000000        0x4 c:/program files (x86)/cypress/psoc creator/4.4/psoc creator/import/gnu/arm/5.4.1/bin/../lib/gcc/arm-none-eabi/5.4.1/../../../../arm-none-eabi/lib/armv7-m\libnosys.a(_exit.o)
 .text          0x00000000        0x0 c:/program files (x86)/cypress/psoc creator/4.4/psoc creator/import/gnu/arm/5.4.1/bin/../lib/gcc/arm-none-eabi/5.4.1/../../../../arm-none-eabi/lib/armv7-m\libg_nano.a(lib_a-memcpy-stub.o)
 .data          0x00000000        0x0 c:/program files (x86)/cypress/psoc creator/4.4/psoc creator/import/gnu/arm/5.4.1/bin/../lib/gcc/arm-none-eabi/5.4.1/../../../../arm-none-eabi/lib/armv7-m\libg_nano.a(lib_a-memcpy-stub.o)
 .bss           0x00000000        0x0 c:/program files (x86)/cypress/psoc creator/4.4/psoc creator/import/gnu/arm/5.4.1/bin/../lib/gcc/arm-none-eabi/5.4.1/../../../../arm-none-eabi/lib/armv7-m\libg_nano.a(lib_a-memcpy-stub.o)

Memory Configuration

Name             Origin             Length             Attributes
rom              0x00000000         0x00040000         xr
ram              0x1fff8000         0x00010000         xrw
*default*        0x00000000         0xffffffff

Linker script and memory map

LOAD c:/program files (x86)/cypress/psoc creator/4.4/psoc creator/import/gnu/arm/5.4.1/bin/../lib/gcc/arm-none-eabi/5.4.1/armv7-m/crti.o
LOAD c:/program files (x86)/cypress/psoc creator/4.4/psoc creator/import/gnu/arm/5.4.1/bin/../lib/gcc/arm-none-eabi/5.4.1/armv7-m/crtbegin.o
LOAD c:/program files (x86)/cypress/psoc creator/4.4/psoc creator/import/gnu/arm/5.4.1/bin/../lib/gcc/arm-none-eabi/5.4.1/../../../../arm-none-eabi/lib/armv7-m/crt0.o
START GROUP
LOAD .\CortexM3\ARM_GCC_541\Debug\main.o
LOAD C:\Users\elias\AppData\Local\Temp\cc32c83Z.ltrans0.ltrans.o
LOAD C:\Users\elias\AppData\Local\Temp\cc32c83Z.ltrans1.ltrans.o
LOAD C:\Users\elias\AppData\Local\Temp\cc32c83Z.ltrans2.ltrans.o
LOAD C:\Users\elias\AppData\Local\Temp\cc32c83Z.ltrans3.ltrans.o
LOAD C:\Users\elias\AppData\Local\Temp\cc32c83Z.ltrans4.ltrans.o
LOAD C:\Users\elias\AppData\Local\Temp\cc32c83Z.ltrans5.ltrans.o
LOAD C:\Users\elias\AppData\Local\Temp\cc32c83Z.ltrans6.ltrans.o
LOAD .\CortexM3\ARM_GCC_541\Debug\calibration.o
LOAD .\CortexM3\ARM_GCC_541\Debug\psoc_adc.o
LOAD .\CortexM3\ARM_GCC_541\Debug\psoc_hw.o
LOAD .\CortexM3\ARM_GCC_541\Debug\crc.o
LOAD .\CortexM3\ARM_GCC_541\Debug\psoc_nv.o
LOAD .\CortexM3\ARM_GCC_541\Debug\cyfitter_cfg.o
LOAD .\CortexM3\ARM_GCC_541\Debug\cymetadata.o
LOAD .\CortexM3\ARM_GCC_541\Debug\Cm3Start.o
LOAD .\CortexM3\ARM_GCC_541\Debug\AcondicionamientoAnalogico.a
LOAD C:\Program Files (x86)\Cypress\PSoC Creator\4.4\PSoC Creator\psoc\content\cycomponentlibrary\CyComponentLibrary.cylib\CortexM3\ARM_GCC_541\Debug\CyComponentLibrary.a
END GROUP
START GROUP
LOAD c:/program files (x86)/cypress/psoc creator/4.4/psoc creator/import/gnu/arm/5.4.1/bin/../lib/gcc/arm-none-eabi/5.4.1/armv7-m\libgcc.a
LOAD c:/program files (x86)/cypress/psoc creator/4.4/psoc creator/import/gnu/arm/5.4.1/bin/../lib/gcc/arm-none-eabi/5.4.1/../../../../arm-none-eabi/lib/armv7-m\libg_nano.a
LOAD c:/program files (x86)/cypress/psoc creator/4.4/psoc creator/import/gnu/arm/5.4.1/bin/../lib/gcc/arm-none-eabi/5.4.1/../../../../arm-none-eabi/lib/armv7-m\libc_nano.a
END GROUP
START GROUP
LOAD c:/program files (x86)/cypress/psoc creator/4.4/psoc creator/import/gnu/arm/5.4.1/bin/../lib/gcc/arm-none-eabi/5.4.1/armv7-m\libgcc.a
LOAD c:/program files (x86)/cypress/psoc creator/4.4/psoc creator/import/gnu/arm/5.4.1/bin/../lib/gcc/arm-none-eabi/5.4.1/../../../../arm-none-eabi/lib/armv7-m\libc_nano.a
END GROUP
LOAD c:/program files (x86)/cypress/psoc creator/4.4/psoc creator/import/gnu/arm/5.4.1/bin/../lib/gcc/arm-none-eabi/5.4.1/armv7-m/crtend.o
LOAD c:/program files (x86)/cypress/psoc creator/4.4/psoc creator/import/gnu/arm/5.4.1/bin/../lib/gcc/arm-none-eabi/5.4.1/armv7-m/crtn.o
START GROUP
LOAD c:/program files (x86)/cypress/psoc creator/4.4/psoc creator/import/gnu/arm/5.4.1/bin/../lib/gcc/arm-none-eabi/5.4.1/armv7-m\libgcc.a
LOAD c:/program files (x86)/cypress/psoc creator/4.4/psoc creator/import/gnu/arm/5.4.1/bin/../lib/gcc/arm-none-eabi/5.4.1/../../../../arm-none-eabi/lib/armv7-m\libc.a
LOAD c:/program files (x86)/cypress/psoc creator/4.4/psoc creator/import/gnu/arm/5.4.1/bin/../lib/gcc/arm-none-eabi/5.4.1/../../../../arm-none-eabi/lib/armv7-m\libnosys.a
END GROUP
                0x00000000                CY_APPL_ORIGIN = 0x0
                0x00000100                CY_FLASH_ROW_SIZE = 0x100
                0x00000020                CY_ECC_ROW_SIZE = 0x20
                0x00000000                CY_EE_IN_BTLDR = 0x0
                0x00000000                CY_APPL_LOADABLE = 0x0
                0x00000800                CY_EE_SIZE = 0x800
                0x00000001                CY_APPL_NUM = 0x1
                0x00000001                CY_APPL_MAX = 0x1
                0x00000040                CY_METADATA_SIZE = 0x40
                0x00000000                CY_APPL_LOADABLE = 0x0
                0x00000000                CY_CHECKSUM_EXCLUDE_SIZE = ALIGN (0x0, CY_FLASH_ROW_SIZE)
                [!provide]                PROVIDE (__cy_heap_start, _end)
                0x00000001                PROVIDE (__cy_region_num, ((__cy_regions_end - __cy_regions) / 0x10))
                0x20008000                PROVIDE (__cy_stack, (ORIGIN (ram) + LENGTH (ram)))
                [!provide]                PROVIDE (__cy_heap_end, (__cy_stack - 0x800))

.cybootloader   0x00000000        0x0
 *(.cybootloader)
                0x00000000                appl1_start = CY_APPL_ORIGIN?CY_APPL_ORIGIN:ALIGN (CY_FLASH_ROW_SIZE)
                0x0001ff00                appl2_start = (appl1_start + ALIGN ((((LENGTH (rom) - appl1_start) - (0x2 * CY_FLASH_ROW_SIZE)) / 0x2), CY_FLASH_ROW_SIZE))
                0x00000000                appl_start = (CY_APPL_NUM == 0x1)?appl1_start:appl2_start
                0x00000000                ecc_offset = ((appl_start / CY_FLASH_ROW_SIZE) * CY_ECC_ROW_SIZE)
                0x00000000                ee_offset = (CY_APPL_LOADABLE && ! (CY_EE_IN_BTLDR))?((CY_EE_SIZE / CY_APPL_MAX) * (CY_APPL_NUM - 0x1)):0x0
                0x00000800                ee_size = (CY_APPL_LOADABLE && ! (CY_EE_IN_BTLDR))?(CY_EE_SIZE / CY_APPL_MAX):CY_EE_SIZE
                [!provide]                PROVIDE (CY_ECC_OFFSET, ecc_offset)

.text           0x00000000     0x6a6e
 CREATE_OBJECT_SYMBOLS
                0x00000000                PROVIDE (__cy_interrupt_vector, RomVectors)
 *(.romvectors)
 .romvectors    0x00000000       0x10 C:\Users\elias\AppData\Local\Temp\cc32c83Z.ltrans4.ltrans.o
                0x00000000                RomVectors
                0x00000001                ASSERT ((. != __cy_interrupt_vector), No interrupt vector)
                0x00000001                ASSERT (CY_APPL_ORIGIN?(SIZEOF (.cybootloader) <= CY_APPL_ORIGIN):0x1, Wrong image location)
                0x00000010                PROVIDE (__cy_reset, Reset)
 *(.text.Reset)
 .text.Reset    0x00000010       0x64 C:\Users\elias\AppData\Local\Temp\cc32c83Z.ltrans4.ltrans.o
                0x00000010                Reset
                0x00000001                ASSERT ((. != __cy_reset), No reset code)
 *(.dma_init)
                0x00000001                ASSERT ((((appl_start + .) <= 0x10000) || 0x1), DMA Init must be within the first 64k of flash)
 *(.text .text.* .gnu.linkonce.t.*)
 .text          0x00000074       0x5c c:/program files (x86)/cypress/psoc creator/4.4/psoc creator/import/gnu/arm/5.4.1/bin/../lib/gcc/arm-none-eabi/5.4.1/armv7-m/crtbegin.o
 .text.startup.main
                0x000000d0     0x1598 C:\Users\elias\AppData\Local\Temp\cc32c83Z.ltrans0.ltrans.o
                0x000000d0                main
 .text.uart_service.lto_priv.86
                0x00001668     0x156c C:\Users\elias\AppData\Local\Temp\cc32c83Z.ltrans1.ltrans.o
                0x00001668                uart_service.lto_priv.86
 .text.service_runtime.lto_priv.76
                0x00002bd4     0x17e0 C:\Users\elias\AppData\Local\Temp\cc32c83Z.ltrans2.ltrans.o
                0x00002bd4                service_runtime.lto_priv.76
 .text.ADC_ISR1
                0x000043b4        0x4 C:\Users\elias\AppData\Local\Temp\cc32c83Z.ltrans3.ltrans.o
 .text.UART_TXISR
                0x000043b8       0x58 C:\Users\elias\AppData\Local\Temp\cc32c83Z.ltrans3.ltrans.o
                0x000043b8                UART_TXISR
 .text.UART_RXISR
                0x00004410       0x78 C:\Users\elias\AppData\Local\Temp\cc32c83Z.ltrans3.ltrans.o
                0x00004410                UART_RXISR
 .text.CyDmaChEnable.constprop.48
                0x00004488       0x24 C:\Users\elias\AppData\Local\Temp\cc32c83Z.ltrans3.ltrans.o
                0x00004488                CyDmaChEnable.constprop.48
 .text.CyDmaChPriority.constprop.46
                0x000044ac       0x20 C:\Users\elias\AppData\Local\Temp\cc32c83Z.ltrans3.ltrans.o
                0x000044ac                CyDmaChPriority.constprop.46
 .text.CyDmaChSetExtendedAddress.constprop.45
                0x000044cc       0x2c C:\Users\elias\AppData\Local\Temp\cc32c83Z.ltrans3.ltrans.o
                0x000044cc                CyDmaChSetExtendedAddress.constprop.45
 .text.CySpcUnlock
                0x000044f8       0x3c C:\Users\elias\AppData\Local\Temp\cc32c83Z.ltrans3.ltrans.o
                0x000044f8                CySpcUnlock
 .text.CySpcLock
                0x00004534       0x44 C:\Users\elias\AppData\Local\Temp\cc32c83Z.ltrans3.ltrans.o
                0x00004534                CySpcLock
 .text.CySetTempInt.lto_priv.80
                0x00004578      0x118 C:\Users\elias\AppData\Local\Temp\cc32c83Z.ltrans3.ltrans.o
                0x00004578                CySetTempInt.lto_priv.80
 .text.unlikely.EEPROM_Write.part.1.lto_priv.101
                0x00004690       0xe0 C:\Users\elias\AppData\Local\Temp\cc32c83Z.ltrans3.ltrans.o
                0x00004690                EEPROM_Write.part.1.lto_priv.101
 .text.EEPROM_ReadByte
                0x00004770       0x3c C:\Users\elias\AppData\Local\Temp\cc32c83Z.ltrans3.ltrans.o
                0x00004770                EEPROM_ReadByte
 .text.PGA_SetGain
                0x000047ac       0x78 C:\Users\elias\AppData\Local\Temp\cc32c83Z.ltrans3.ltrans.o
                0x000047ac                PGA_SetGain
 .text.ADC_Stop
                0x00004824       0xfc C:\Users\elias\AppData\Local\Temp\cc32c83Z.ltrans3.ltrans.o
                0x00004824                ADC_Stop
 .text.ADC_Start
                0x00004920      0x4f4 C:\Users\elias\AppData\Local\Temp\cc32c83Z.ltrans3.ltrans.o
                0x00004920                ADC_Start
 .text.CyDmaTdSetAddress
                0x00004e14       0x1c C:\Users\elias\AppData\Local\Temp\cc32c83Z.ltrans3.ltrans.o
                0x00004e14                CyDmaTdSetAddress
 .text.CyDmaTdAllocate
                0x00004e30       0x34 C:\Users\elias\AppData\Local\Temp\cc32c83Z.ltrans3.ltrans.o
                0x00004e30                CyDmaTdAllocate
 .text.CyDmaChSetInitialTd
                0x00004e64       0x18 C:\Users\elias\AppData\Local\Temp\cc32c83Z.ltrans3.ltrans.o
                0x00004e64                CyDmaChSetInitialTd
 .text.IntDefaultHandler
                0x00004e7c       0x10 C:\Users\elias\AppData\Local\Temp\cc32c83Z.ltrans4.ltrans.o
 .text.startup.initialize_psoc
                0x00004e8c      0x3f8 C:\Users\elias\AppData\Local\Temp\cc32c83Z.ltrans4.ltrans.o
 .text.cal_async_finish_realcheck_stage.lto_priv.89
                0x00005284       0xf4 C:\Users\elias\AppData\Local\Temp\cc32c83Z.ltrans4.ltrans.o
                0x00005284                cal_async_finish_realcheck_stage.lto_priv.89
 .text.cal_async_plan_realcheck_nudge.lto_priv.90
                0x00005378      0x1e4 C:\Users\elias\AppData\Local\Temp\cc32c83Z.ltrans4.ltrans.o
                0x00005378                cal_async_plan_realcheck_nudge.lto_priv.90
 .text.async_finish_stage.lto_priv.88
                0x0000555c      0x230 C:\Users\elias\AppData\Local\Temp\cc32c83Z.ltrans4.ltrans.o
                0x0000555c                async_finish_stage.lto_priv.88
 .text.psoc_calibration_servo_abort
                0x0000578c       0x7c C:\Users\elias\AppData\Local\Temp\cc32c83Z.ltrans4.ltrans.o
                0x0000578c                psoc_calibration_servo_abort
 .text.cal_servo_apply_measurement.lto_priv.78
                0x00005808      0x3d8 C:\Users\elias\AppData\Local\Temp\cc32c83Z.ltrans4.ltrans.o
                0x00005808                cal_servo_apply_measurement.lto_priv.78
 .text.isr_Button_Handler
                0x00005be0       0x18 C:\Users\elias\AppData\Local\Temp\cc32c83Z.ltrans5.ltrans.o
                0x00005be0                isr_Button_Handler
 .text.isr_DMA_Filter_RAM_Handler
                0x00005bf8      0x120 C:\Users\elias\AppData\Local\Temp\cc32c83Z.ltrans5.ltrans.o
                0x00005bf8                isr_DMA_Filter_RAM_Handler
 .text.isr_DMA_DelSig_RAM_Handler
                0x00005d18      0x1cc C:\Users\elias\AppData\Local\Temp\cc32c83Z.ltrans5.ltrans.o
                0x00005d18                isr_DMA_DelSig_RAM_Handler
 .text.uart_send_diag.lto_priv.69
                0x00005ee4       0xe0 C:\Users\elias\AppData\Local\Temp\cc32c83Z.ltrans5.ltrans.o
                0x00005ee4                uart_send_diag.lto_priv.69
 .text.isr_SyncIn
                0x00005fc4      0x1b0 C:\Users\elias\AppData\Local\Temp\cc32c83Z.ltrans5.ltrans.o
                0x00005fc4                isr_SyncIn
 .text.isr_Timer
                0x00006174       0xc4 C:\Users\elias\AppData\Local\Temp\cc32c83Z.ltrans5.ltrans.o
                0x00006174                isr_Timer
 .text.psoc_prepare_capture_path.lto_priv.77
                0x00006238       0xcc C:\Users\elias\AppData\Local\Temp\cc32c83Z.ltrans5.ltrans.o
                0x00006238                psoc_prepare_capture_path.lto_priv.77
 .text.cal_vdac_hammer_lp.lto_priv.63
                0x00006304        0xc C:\Users\elias\AppData\Local\Temp\cc32c83Z.ltrans6.ltrans.o
                0x00006304                cal_vdac_hammer_lp.lto_priv.63
 .text.cal_vdac_hammer_pga.lto_priv.62
                0x00006310        0xc C:\Users\elias\AppData\Local\Temp\cc32c83Z.ltrans6.ltrans.o
                0x00006310                cal_vdac_hammer_pga.lto_priv.62
 .text.cal_vdac_hammer_in.lto_priv.61
                0x0000631c        0xc C:\Users\elias\AppData\Local\Temp\cc32c83Z.ltrans6.ltrans.o
                0x0000631c                cal_vdac_hammer_in.lto_priv.61
 .text.cal_async_record_measurement.lto_priv.87
                0x00006328      0x398 C:\Users\elias\AppData\Local\Temp\cc32c83Z.ltrans6.ltrans.o
                0x00006328                cal_async_record_measurement.lto_priv.87
 .text.cal_diag_realcheck_point.lto_priv.85
                0x000066c0       0x48 C:\Users\elias\AppData\Local\Temp\cc32c83Z.ltrans6.ltrans.o
                0x000066c0                cal_diag_realcheck_point.lto_priv.85
 .text.cal_diag_point.lto_priv.91
                0x00006708       0x80 C:\Users\elias\AppData\Local\Temp\cc32c83Z.ltrans6.ltrans.o
                0x00006708                cal_diag_point.lto_priv.91
 .text.psoc_start_calibration_if_idle.part.3.lto_priv.79
                0x00006788      0x248 C:\Users\elias\AppData\Local\Temp\cc32c83Z.ltrans6.ltrans.o
                0x00006788                psoc_start_calibration_if_idle.part.3.lto_priv.79
 .text          0x000069d0       0x20 .\CortexM3\ARM_GCC_541\Debug\AcondicionamientoAnalogico.a(CyBootAsmGnu.o)
                0x000069d0                CyDelayCycles
                0x000069e0                CyEnterCriticalSection
                0x000069e8                CyExitCriticalSection
 .text.__errno  0x000069f0        0xc c:/program files (x86)/cypress/psoc creator/4.4/psoc creator/import/gnu/arm/5.4.1/bin/../lib/gcc/arm-none-eabi/5.4.1/../../../../arm-none-eabi/lib/armv7-m\libg_nano.a(lib_a-errno.o)
                0x000069f0                __errno
 .text.__libc_init_array
                0x000069fc       0x4c c:/program files (x86)/cypress/psoc creator/4.4/psoc creator/import/gnu/arm/5.4.1/bin/../lib/gcc/arm-none-eabi/5.4.1/../../../../arm-none-eabi/lib/armv7-m\libg_nano.a(lib_a-init.o)
                0x000069fc                __libc_init_array
 .text.memset   0x00006a48       0x10 c:/program files (x86)/cypress/psoc creator/4.4/psoc creator/import/gnu/arm/5.4.1/bin/../lib/gcc/arm-none-eabi/5.4.1/../../../../arm-none-eabi/lib/armv7-m\libg_nano.a(lib_a-memset.o)
                0x00006a48                memset
 .text.memcpy   0x00006a58       0x16 c:/program files (x86)/cypress/psoc creator/4.4/psoc creator/import/gnu/arm/5.4.1/bin/../lib/gcc/arm-none-eabi/5.4.1/../../../../arm-none-eabi/lib/armv7-m\libg_nano.a(lib_a-memcpy-stub.o)
                0x00006a58                memcpy
 *(.plt)
 *(.gnu.warning)
 *(.glue_7t)
 .glue_7t       0x00006a6e        0x0 linker stubs
 *(.glue_7)
 .glue_7        0x00006a6e        0x0 linker stubs
 *(.vfp11_veneer)
 .vfp11_veneer  0x00006a6e        0x0 linker stubs
 *(.bootloader)
 *(.ARM.extab* .gnu.linkonce.armextab.*)
 *(.gcc_except_table)

.v4_bx          0x00006a70        0x0
 .v4_bx         0x00006a70        0x0 linker stubs

.iplt           0x00006a70        0x0
 .iplt          0x00006a70        0x0 c:/program files (x86)/cypress/psoc creator/4.4/psoc creator/import/gnu/arm/5.4.1/bin/../lib/gcc/arm-none-eabi/5.4.1/armv7-m/crtbegin.o

.eh_frame_hdr
 *(.eh_frame_hdr)

.eh_frame       0x00006a70        0x4
 *(.eh_frame)
 .eh_frame      0x00006a70        0x0 c:/program files (x86)/cypress/psoc creator/4.4/psoc creator/import/gnu/arm/5.4.1/bin/../lib/gcc/arm-none-eabi/5.4.1/armv7-m/crtbegin.o
 .eh_frame      0x00006a70        0x4 c:/program files (x86)/cypress/psoc creator/4.4/psoc creator/import/gnu/arm/5.4.1/bin/../lib/gcc/arm-none-eabi/5.4.1/armv7-m/crtend.o
                [!provide]                PROVIDE (__exidx_start, .)

.ARM.exidx
 *(.ARM.exidx* .gnu.linkonce.armexidx.*)
                0x00006a74                __exidx_end = .

.rodata         0x00006a74      0x874
 *(.rodata .rodata.* .gnu.linkonce.r.*)
 .rodata        0x00006a74      0x644 C:\Users\elias\AppData\Local\Temp\cc32c83Z.ltrans0.ltrans.o
                0x000070b4                g_ping_frame.lto_priv.95
 .rodata        0x000070b8       0x15 C:\Users\elias\AppData\Local\Temp\cc32c83Z.ltrans1.ltrans.o
 *fill*         0x000070cd        0x3 
 .rodata        0x000070d0       0x16 C:\Users\elias\AppData\Local\Temp\cc32c83Z.ltrans3.ltrans.o
                0x000070e5                cydelay_freq_mhz
 *fill*         0x000070e6        0x2 
 .rodata        0x000070e8      0x1a0 C:\Users\elias\AppData\Local\Temp\cc32c83Z.ltrans4.ltrans.o
                0x00007118                g_psoc_cal_stages.lto_priv.73
                0x00007268                AMux_ADC__maskTable
                0x00007270                AMux_ADC__addrTable
 .rodata.str1.4
                0x00007288       0x24 C:\Users\elias\AppData\Local\Temp\cc32c83Z.ltrans4.ltrans.o
                                 0x22 (size before relaxing)
 .rodata.str1.1
                0x000072ac        0x2 c:/program files (x86)/cypress/psoc creator/4.4/psoc creator/import/gnu/arm/5.4.1/bin/../lib/gcc/arm-none-eabi/5.4.1/../../../../arm-none-eabi/lib/armv7-m\libg_nano.a(lib_a-impure.o)
                0x000072b0                . = ALIGN (0x4)
 *fill*         0x000072ae        0x2 
 *(.init)
 .init          0x000072b0        0x4 c:/program files (x86)/cypress/psoc creator/4.4/psoc creator/import/gnu/arm/5.4.1/bin/../lib/gcc/arm-none-eabi/5.4.1/armv7-m/crti.o
                0x000072b0                _init
 .init          0x000072b4        0x8 c:/program files (x86)/cypress/psoc creator/4.4/psoc creator/import/gnu/arm/5.4.1/bin/../lib/gcc/arm-none-eabi/5.4.1/armv7-m/crtn.o
                0x000072bc                . = ALIGN (0x4)
                0x000072bc                __preinit_array_start = .
 *(.preinit_array)
                0x000072bc                __preinit_array_end = .
                0x000072bc                . = ALIGN (0x4)
                0x000072bc                __init_array_start = .
 *(SORT(.init_array.*))
 *(.init_array)
 .init_array    0x000072bc        0x4 c:/program files (x86)/cypress/psoc creator/4.4/psoc creator/import/gnu/arm/5.4.1/bin/../lib/gcc/arm-none-eabi/5.4.1/armv7-m/crtbegin.o
 .init_array    0x000072c0        0x4 C:\Users\elias\AppData\Local\Temp\cc32c83Z.ltrans4.ltrans.o
                0x000072c4                __init_array_end = .
                0x000072c4                . = ALIGN (0x4)
 *(.fini)
 .fini          0x000072c4        0x4 c:/program files (x86)/cypress/psoc creator/4.4/psoc creator/import/gnu/arm/5.4.1/bin/../lib/gcc/arm-none-eabi/5.4.1/armv7-m/crti.o
                0x000072c4                _fini
 .fini          0x000072c8        0x8 c:/program files (x86)/cypress/psoc creator/4.4/psoc creator/import/gnu/arm/5.4.1/bin/../lib/gcc/arm-none-eabi/5.4.1/armv7-m/crtn.o
                0x000072d0                . = ALIGN (0x4)
                0x000072d0                __fini_array_start = .
 *(.fini_array)
 .fini_array    0x000072d0        0x4 c:/program files (x86)/cypress/psoc creator/4.4/psoc creator/import/gnu/arm/5.4.1/bin/../lib/gcc/arm-none-eabi/5.4.1/armv7-m/crtbegin.o
 *(SORT(.fini_array.*))
                0x000072d4                __fini_array_end = .
                0x000072d4                . = ALIGN (0x4)
 *crtbegin.o(.ctors)
 *(EXCLUDE_FILE(*crtend.o) .ctors)
 *(SORT(.ctors.*))
 *crtend.o(.ctors)
                0x000072d4                . = ALIGN (0x4)
 *crtbegin.o(.dtors)
 *(EXCLUDE_FILE(*crtend.o) .dtors)
 *(SORT(.dtors.*))
 *crtend.o(.dtors)
                0x000072d4                . = ALIGN (0x4)
                0x000072d4                __cy_regions = .
                0x000072d4        0x4 LONG 0x72e8 __cy_region_init_ram
                0x000072d8        0x4 LONG 0x1fff80c0 __cy_region_start_data
                0x000072dc        0x4 LONG 0x78 __cy_region_init_size_ram
                0x000072e0        0x4 LONG 0xb910 __cy_region_zero_size_ram
                0x000072e4                __cy_regions_end = .
                0x000072e8                . = ALIGN (0x8)
 *fill*         0x000072e4        0x4 
                0x000072e8                _etext = .

.cy_checksum_exclude
                0x000072e8        0x0
 *(.cy_checksum_exclude)

.ramvectors     0x1fff8000       0xc0
                0x1fff8000                __cy_region_start_ram = .
 *(.ramvectors)
 .ramvectors    0x1fff8000       0xc0 C:\Users\elias\AppData\Local\Temp\cc32c83Z.ltrans4.ltrans.o
                0x1fff8000                CyRamVectors

.noinit
 *(.noinit)

.data           0x1fff80c0       0x78 load address 0x000072e8
                0x1fff80c0                __cy_region_start_data = .
 *(.jcr)
 .jcr           0x1fff80c0        0x0 c:/program files (x86)/cypress/psoc creator/4.4/psoc creator/import/gnu/arm/5.4.1/bin/../lib/gcc/arm-none-eabi/5.4.1/armv7-m/crtbegin.o
 .jcr           0x1fff80c0        0x4 c:/program files (x86)/cypress/psoc creator/4.4/psoc creator/import/gnu/arm/5.4.1/bin/../lib/gcc/arm-none-eabi/5.4.1/armv7-m/crtend.o
 *(.got.plt)
 *(.got)
 *(.shdata)
 *(.data .data.* .gnu.linkonce.d.*)
 .data          0x1fff80c4        0x5 C:\Users\elias\AppData\Local\Temp\cc32c83Z.ltrans0.ltrans.o
                0x1fff80c4                g_pga_code.lto_priv.96
 .data          0x1fff80c9        0x3 C:\Users\elias\AppData\Local\Temp\cc32c83Z.ltrans3.ltrans.o
                0x1fff80c9                ADC_Config
                0x1fff80ca                CyDmaTdCurrentNumber.lto_priv.60
                0x1fff80cb                CyDmaTdFreeIndex.lto_priv.59
 .data          0x1fff80cc        0x1 C:\Users\elias\AppData\Local\Temp\cc32c83Z.ltrans6.ltrans.o
                0x1fff80cc                DMA_DelSig_RAM_Lote_DmaHandle
 *fill*         0x1fff80cd        0x3 
 .data.impure_data
                0x1fff80d0       0x60 c:/program files (x86)/cypress/psoc creator/4.4/psoc creator/import/gnu/arm/5.4.1/bin/../lib/gcc/arm-none-eabi/5.4.1/../../../../arm-none-eabi/lib/armv7-m\libg_nano.a(lib_a-impure.o)
 .data._impure_ptr
                0x1fff8130        0x4 c:/program files (x86)/cypress/psoc creator/4.4/psoc creator/import/gnu/arm/5.4.1/bin/../lib/gcc/arm-none-eabi/5.4.1/../../../../arm-none-eabi/lib/armv7-m\libg_nano.a(lib_a-impure.o)
                0x1fff8130                _impure_ptr
                0x1fff8138                . = ALIGN (0x8)
 *fill*         0x1fff8134        0x4 
 *(.ram)
                0x1fff8138                _edata = .

.igot.plt       0x1fff8138        0x0 load address 0x00007360
 .igot.plt      0x1fff8138        0x0 c:/program files (x86)/cypress/psoc creator/4.4/psoc creator/import/gnu/arm/5.4.1/bin/../lib/gcc/arm-none-eabi/5.4.1/armv7-m/crtbegin.o

.bss            0x1fff8138     0xb910 load address 0x00007360
                0x1fff8138                PROVIDE (__bss_start__, .)
 *(.shbss)
 *(.bss .bss.* .gnu.linkonce.b.*)
 .bss           0x1fff8138       0x1c c:/program files (x86)/cypress/psoc creator/4.4/psoc creator/import/gnu/arm/5.4.1/bin/../lib/gcc/arm-none-eabi/5.4.1/armv7-m/crtbegin.o
 .bss           0x1fff8154      0x1ad C:\Users\elias\AppData\Local\Temp\cc32c83Z.ltrans0.ltrans.o
                0x1fff8160                g_dma_raw_buf.lto_priv.113
                0x1fff8164                g_dma_raw_lote_buf.lto_priv.112
                0x1fff8224                g_dma_filt_buf.lto_priv.110
                0x1fff82e8                Timer_initVar
                0x1fff82e9                g_cal_button_pressed.lto_priv.102
                0x1fff82ea                g_esp_connected.lto_priv.94
                0x1fff82eb                g_psoc_adc_isr_ready.lto_priv.115
                0x1fff82ec                g_psoc_adc_isr_counts.lto_priv.114
                0x1fff82f8                g_comm_countdown.lto_priv.83
                0x1fff8300                g_pgavdac_code.lto_priv.97
 *fill*         0x1fff8301        0x3 
 .bss           0x1fff8304       0x14 C:\Users\elias\AppData\Local\Temp\cc32c83Z.ltrans1.ltrans.o
                0x1fff8304                g_rx_watch_ticks.lto_priv.109
                0x1fff8308                g_n_batches.lto_priv.107
                0x1fff830a                g_batch_fill.lto_priv.103
                0x1fff830c                g_batch_ready.lto_priv.104
                0x1fff8310                g_dbg_cnt.lto_priv.108
                0x1fff8314                g_debug_psoc.lto_priv.106
                0x1fff8316                g_fir_discard.lto_priv.105
 .bss           0x1fff8318     0xb40a C:\Users\elias\AppData\Local\Temp\cc32c83Z.ltrans2.ltrans.o
                0x1fff8318                g_psoc_adc_isr_window_sum.lto_priv.116
                0x1fff831c                g_psoc_adc_isr_window_n.lto_priv.117
                0x1fff831d                g_stream_mode.lto_priv.98
                0x1fff831e                g_seq.lto_priv.100
                0x1fff8320                g_capture_raw.lto_priv.111
                0x20003720                watchdog_rx.lto_priv.93
                0x20003721                rx_state.lto_priv.92
 *fill*         0x20003722        0x2 
 .bss           0x20003724       0xc4 C:\Users\elias\AppData\Local\Temp\cc32c83Z.ltrans3.ltrans.o
                0x20003724                UART_txBufferRead
                0x20003725                UART_txBufferWrite
                0x20003728                UART_txBuffer
                0x200037a8                UART_errorStatus
                0x200037a9                UART_rxBufferWrite
                0x200037ac                UART_rxBuffer
                0x200037cc                UART_rxBufferLoopDetect
                0x200037ce                UART_rxBufferRead
                0x200037cf                SpcLockState
                0x200037d0                spcWaitPipeBypass.lto_priv.99
 .bss           0x200037e8      0x246 C:\Users\elias\AppData\Local\Temp\cc32c83Z.ltrans4.ltrans.o
                0x200037e8                g_cal_async.lto_priv.64
                0x20003980                g_psoc_cal_results
                0x200039b0                g_cal_diag_hook.lto_priv.65
                0x200039b4                g_psoc_adc_isr_window_ready.lto_priv.84
                0x200039b8                g_cal_servo.lto_priv.66
                0x20003a28                g_timer_ticks.lto_priv.68
                0x20003a2c                g_psoc_cal_result_count
                0x20003a2d                AMux_ADC_lastChannel.lto_priv.67
 *fill*         0x20003a2e        0x2 
 .bss           0x20003a30        0x8 C:\Users\elias\AppData\Local\Temp\cc32c83Z.ltrans5.ltrans.o
 .bss           0x20003a38        0xa C:\Users\elias\AppData\Local\Temp\cc32c83Z.ltrans6.ltrans.o
                0x20003a38                g_batches_sent.lto_priv.71
                0x20003a3a                g_batches_captured.lto_priv.72
                0x20003a3c                g_capture_done.lto_priv.82
                0x20003a3d                g_td_raw_lote.lto_priv.74
                0x20003a3e                g_raw_route_lote.lto_priv.75
                0x20003a3f                g_cal_ack_pending.lto_priv.81
                0x20003a40                g_state.lto_priv.70
                0x20003a41                UART_initVar
 *(COMMON)
                0x20003a48                . = ALIGN (0x8)
 *fill*         0x20003a42        0x6 
 *(.ram.b)
                0x20003a48                _end = .
                0x20003a48                __end = .
                0x20003a48                PROVIDE (end, .)
                0x20003a48                PROVIDE (__bss_end__, .)
                0x000072e8                __cy_region_init_ram = LOADADDR (.data)
                0x00000078                __cy_region_init_size_ram = (_edata - ADDR (.data))
                0x0000b910                __cy_region_zero_size_ram = (_end - _edata)

.heap           0x20003a48       0x80 load address 0x00007360
                0x20003a48                . = _end
                0x20003ac8                . = (. + 0x80)
 *fill*         0x20003a48       0x80 
                0x20003ac8                __cy_heap_limit = .

.stack          0x20007800      0x800
                0x20007800                __cy_stack_limit = .
                0x20008000                . = (. + 0x800)
 *fill*         0x20007800      0x800 
                0x00000001                ASSERT ((__cy_stack_limit >= __cy_heap_limit), region RAM overflowed with stack)
                0x00000000                cy_checksum_exclude_size = (CY_APPL_LOADABLE == 0x1)?SIZEOF (.cy_checksum_exclude):0x0
                0x00000001                ASSERT ((cy_checksum_exclude_size <= CY_CHECKSUM_EXCLUDE_SIZE), CY_BOOT: Section .cy_checksum_exclude size exceedes specified limit.)

.cyloadermeta
 *(.cyloadermeta)

.cyloadablemeta
 *(.cyloadablemeta)

.cyconfigecc    0x80000000      0x7c4
 *(.cyconfigecc)
 .cyconfigecc   0x80000000      0x7c4 C:\Users\elias\AppData\Local\Temp\cc32c83Z.ltrans5.ltrans.o
                0x80000000                cy_meta_configecc

.cycustnvl      0x90000000        0x4
 *(.cycustnvl)
 .cycustnvl     0x90000000        0x4 C:\Users\elias\AppData\Local\Temp\cc32c83Z.ltrans5.ltrans.o
                0x90000000                cy_meta_custnvl

.cywolatch      0x90100000        0x4
 *(.cywolatch)
 .cywolatch     0x90100000        0x4 C:\Users\elias\AppData\Local\Temp\cc32c83Z.ltrans5.ltrans.o
                0x90100000                cy_meta_wonvl

.cyeeprom       0x90200000        0x0
 *(.cyeeprom)
                0x00000001                ASSERT ((. <= ((0x90200000 + ee_offset) + ee_size)), .cyeeprom data will not fit in EEPROM)

.cyflashprotect
                0x90400000      0x100
 *(.cyflashprotect)
 .cyflashprotect
                0x90400000      0x100 C:\Users\elias\AppData\Local\Temp\cc32c83Z.ltrans5.ltrans.o
                0x90400000                cy_meta_flashprotect

.cymeta         0x90500000        0xc
 *(.cymeta)
 .cymeta        0x90500000        0xc C:\Users\elias\AppData\Local\Temp\cc32c83Z.ltrans5.ltrans.o
                0x90500000                cy_metadata

.rel.dyn        0x00007360        0x0 load address 0x9050000c
 .rel.iplt      0x00007360        0x0 c:/program files (x86)/cypress/psoc creator/4.4/psoc creator/import/gnu/arm/5.4.1/bin/../lib/gcc/arm-none-eabi/5.4.1/armv7-m/crtbegin.o

.stab
 *(.stab)

.stabstr
 *(.stabstr)

.debug
 *(.debug)

.line
 *(.line)

.debug_srcinfo
 *(.debug_srcinfo)

.debug_sfnames
 *(.debug_sfnames)

.debug_aranges  0x00000000      0x220
 *(.debug_aranges)
 .debug_aranges
                0x00000000       0x20 C:\Users\elias\AppData\Local\Temp\cc32c83Z.ltrans0.ltrans.o
 .debug_aranges
                0x00000020       0x20 C:\Users\elias\AppData\Local\Temp\cc32c83Z.ltrans1.ltrans.o
 .debug_aranges
                0x00000040       0x20 C:\Users\elias\AppData\Local\Temp\cc32c83Z.ltrans2.ltrans.o
 .debug_aranges
                0x00000060       0xa0 C:\Users\elias\AppData\Local\Temp\cc32c83Z.ltrans3.ltrans.o
 .debug_aranges
                0x00000100       0x60 C:\Users\elias\AppData\Local\Temp\cc32c83Z.ltrans4.ltrans.o
 .debug_aranges
                0x00000160       0x50 C:\Users\elias\AppData\Local\Temp\cc32c83Z.ltrans5.ltrans.o
 .debug_aranges
                0x000001b0       0x50 C:\Users\elias\AppData\Local\Temp\cc32c83Z.ltrans6.ltrans.o
 .debug_aranges
                0x00000200       0x20 .\CortexM3\ARM_GCC_541\Debug\AcondicionamientoAnalogico.a(CyBootAsmGnu.o)

.debug_pubnames
 *(.debug_pubnames)

.debug_info     0x00000000     0xd8d0
 *(.debug_info .gnu.linkonce.wi.*)
 .debug_info    0x00000000     0x3be6 C:\Users\elias\AppData\Local\Temp\cc32c83Z.ltrans0.ltrans.o
 .debug_info    0x00003be6     0x2298 C:\Users\elias\AppData\Local\Temp\cc32c83Z.ltrans1.ltrans.o
 .debug_info    0x00005e7e     0x25bd C:\Users\elias\AppData\Local\Temp\cc32c83Z.ltrans2.ltrans.o
 .debug_info    0x0000843b     0x11ec C:\Users\elias\AppData\Local\Temp\cc32c83Z.ltrans3.ltrans.o
 .debug_info    0x00009627     0x210f C:\Users\elias\AppData\Local\Temp\cc32c83Z.ltrans4.ltrans.o
 .debug_info    0x0000b736      0xda9 C:\Users\elias\AppData\Local\Temp\cc32c83Z.ltrans5.ltrans.o
 .debug_info    0x0000c4df     0x1369 C:\Users\elias\AppData\Local\Temp\cc32c83Z.ltrans6.ltrans.o
 .debug_info    0x0000d848       0x88 .\CortexM3\ARM_GCC_541\Debug\AcondicionamientoAnalogico.a(CyBootAsmGnu.o)

.debug_abbrev   0x00000000     0x1c6d
 *(.debug_abbrev)
 .debug_abbrev  0x00000000      0x3e9 C:\Users\elias\AppData\Local\Temp\cc32c83Z.ltrans0.ltrans.o
 .debug_abbrev  0x000003e9      0x38e C:\Users\elias\AppData\Local\Temp\cc32c83Z.ltrans1.ltrans.o
 .debug_abbrev  0x00000777      0x3e5 C:\Users\elias\AppData\Local\Temp\cc32c83Z.ltrans2.ltrans.o
 .debug_abbrev  0x00000b5c      0x428 C:\Users\elias\AppData\Local\Temp\cc32c83Z.ltrans3.ltrans.o
 .debug_abbrev  0x00000f84      0x53d C:\Users\elias\AppData\Local\Temp\cc32c83Z.ltrans4.ltrans.o
 .debug_abbrev  0x000014c1      0x37e C:\Users\elias\AppData\Local\Temp\cc32c83Z.ltrans5.ltrans.o
 .debug_abbrev  0x0000183f      0x41a C:\Users\elias\AppData\Local\Temp\cc32c83Z.ltrans6.ltrans.o
 .debug_abbrev  0x00001c59       0x14 .\CortexM3\ARM_GCC_541\Debug\AcondicionamientoAnalogico.a(CyBootAsmGnu.o)

.debug_line     0x00000000     0x4050
 *(.debug_line)
 .debug_line    0x00000000     0x108a C:\Users\elias\AppData\Local\Temp\cc32c83Z.ltrans0.ltrans.o
 .debug_line    0x0000108a      0xc1b C:\Users\elias\AppData\Local\Temp\cc32c83Z.ltrans1.ltrans.o
 .debug_line    0x00001ca5      0xb77 C:\Users\elias\AppData\Local\Temp\cc32c83Z.ltrans2.ltrans.o
 .debug_line    0x0000281c      0x6ca C:\Users\elias\AppData\Local\Temp\cc32c83Z.ltrans3.ltrans.o
 .debug_line    0x00002ee6      0x6f8 C:\Users\elias\AppData\Local\Temp\cc32c83Z.ltrans4.ltrans.o
 .debug_line    0x000035de      0x56a C:\Users\elias\AppData\Local\Temp\cc32c83Z.ltrans5.ltrans.o
 .debug_line    0x00003b48      0x4a2 C:\Users\elias\AppData\Local\Temp\cc32c83Z.ltrans6.ltrans.o
 .debug_line    0x00003fea       0x66 .\CortexM3\ARM_GCC_541\Debug\AcondicionamientoAnalogico.a(CyBootAsmGnu.o)

.debug_frame    0x00000000      0x6bc
 *(.debug_frame)
 .debug_frame   0x00000000       0x2c C:\Users\elias\AppData\Local\Temp\cc32c83Z.ltrans0.ltrans.o
 .debug_frame   0x0000002c       0x40 C:\Users\elias\AppData\Local\Temp\cc32c83Z.ltrans1.ltrans.o
 .debug_frame   0x0000006c       0x64 C:\Users\elias\AppData\Local\Temp\cc32c83Z.ltrans2.ltrans.o
 .debug_frame   0x000000d0      0x1e0 C:\Users\elias\AppData\Local\Temp\cc32c83Z.ltrans3.ltrans.o
 .debug_frame   0x000002b0      0x144 C:\Users\elias\AppData\Local\Temp\cc32c83Z.ltrans4.ltrans.o
 .debug_frame   0x000003f4       0xfc C:\Users\elias\AppData\Local\Temp\cc32c83Z.ltrans5.ltrans.o
 .debug_frame   0x000004f0       0xf0 C:\Users\elias\AppData\Local\Temp\cc32c83Z.ltrans6.ltrans.o
 .debug_frame   0x000005e0       0x20 c:/program files (x86)/cypress/psoc creator/4.4/psoc creator/import/gnu/arm/5.4.1/bin/../lib/gcc/arm-none-eabi/5.4.1/../../../../arm-none-eabi/lib/armv7-m\libg_nano.a(lib_a-errno.o)
 .debug_frame   0x00000600       0x28 c:/program files (x86)/cypress/psoc creator/4.4/psoc creator/import/gnu/arm/5.4.1/bin/../lib/gcc/arm-none-eabi/5.4.1/../../../../arm-none-eabi/lib/armv7-m\libg_nano.a(lib_a-exit.o)
 .debug_frame   0x00000628       0x2c c:/program files (x86)/cypress/psoc creator/4.4/psoc creator/import/gnu/arm/5.4.1/bin/../lib/gcc/arm-none-eabi/5.4.1/../../../../arm-none-eabi/lib/armv7-m\libg_nano.a(lib_a-init.o)
 .debug_frame   0x00000654       0x20 c:/program files (x86)/cypress/psoc creator/4.4/psoc creator/import/gnu/arm/5.4.1/bin/../lib/gcc/arm-none-eabi/5.4.1/../../../../arm-none-eabi/lib/armv7-m\libg_nano.a(lib_a-memset.o)
 .debug_frame   0x00000674       0x20 c:/program files (x86)/cypress/psoc creator/4.4/psoc creator/import/gnu/arm/5.4.1/bin/../lib/gcc/arm-none-eabi/5.4.1/../../../../arm-none-eabi/lib/armv7-m\libnosys.a(_exit.o)
 .debug_frame   0x00000694       0x28 c:/program files (x86)/cypress/psoc creator/4.4/psoc creator/import/gnu/arm/5.4.1/bin/../lib/gcc/arm-none-eabi/5.4.1/../../../../arm-none-eabi/lib/armv7-m\libg_nano.a(lib_a-memcpy-stub.o)

.debug_str      0x00000000     0x3271
 *(.debug_str)
 .debug_str     0x00000000     0x1586 C:\Users\elias\AppData\Local\Temp\cc32c83Z.ltrans0.ltrans.o
                               0x16f3 (size before relaxing)
 .debug_str     0x00001586      0x50c C:\Users\elias\AppData\Local\Temp\cc32c83Z.ltrans1.ltrans.o
                                0xae6 (size before relaxing)
 .debug_str     0x00001a92      0x59c C:\Users\elias\AppData\Local\Temp\cc32c83Z.ltrans2.ltrans.o
                                0xc7a (size before relaxing)
 .debug_str     0x0000202e      0x59b C:\Users\elias\AppData\Local\Temp\cc32c83Z.ltrans3.ltrans.o
                                0x930 (size before relaxing)
 .debug_str     0x000025c9      0x815 C:\Users\elias\AppData\Local\Temp\cc32c83Z.ltrans4.ltrans.o
                                0xfd5 (size before relaxing)
 .debug_str     0x00002dde      0x1c0 C:\Users\elias\AppData\Local\Temp\cc32c83Z.ltrans5.ltrans.o
                                0x6ec (size before relaxing)
 .debug_str     0x00002f9e      0x2d3 C:\Users\elias\AppData\Local\Temp\cc32c83Z.ltrans6.ltrans.o
                                0xa87 (size before relaxing)

.debug_loc      0x00000000     0xa5e0
 *(.debug_loc)
 .debug_loc     0x00000000     0x1b6e C:\Users\elias\AppData\Local\Temp\cc32c83Z.ltrans0.ltrans.o
 .debug_loc     0x00001b6e     0x1563 C:\Users\elias\AppData\Local\Temp\cc32c83Z.ltrans1.ltrans.o
 .debug_loc     0x000030d1     0x1f70 C:\Users\elias\AppData\Local\Temp\cc32c83Z.ltrans2.ltrans.o
 .debug_loc     0x00005041      0xbd3 C:\Users\elias\AppData\Local\Temp\cc32c83Z.ltrans3.ltrans.o
 .debug_loc     0x00005c14     0x367a C:\Users\elias\AppData\Local\Temp\cc32c83Z.ltrans4.ltrans.o
 .debug_loc     0x0000928e      0x37a C:\Users\elias\AppData\Local\Temp\cc32c83Z.ltrans5.ltrans.o
 .debug_loc     0x00009608      0xfd8 C:\Users\elias\AppData\Local\Temp\cc32c83Z.ltrans6.ltrans.o

.debug_macinfo
 *(.debug_macinfo)

.debug_ranges   0x00000000     0x5190
 *(.debug_ranges)
 .debug_ranges  0x00000000     0x1600 C:\Users\elias\AppData\Local\Temp\cc32c83Z.ltrans0.ltrans.o
 .debug_ranges  0x00001600      0xe70 C:\Users\elias\AppData\Local\Temp\cc32c83Z.ltrans1.ltrans.o
 .debug_ranges  0x00002470     0x14f0 C:\Users\elias\AppData\Local\Temp\cc32c83Z.ltrans2.ltrans.o
 .debug_ranges  0x00003960      0x350 C:\Users\elias\AppData\Local\Temp\cc32c83Z.ltrans3.ltrans.o
 .debug_ranges  0x00003cb0      0x880 C:\Users\elias\AppData\Local\Temp\cc32c83Z.ltrans4.ltrans.o
 .debug_ranges  0x00004530      0x758 C:\Users\elias\AppData\Local\Temp\cc32c83Z.ltrans5.ltrans.o
 .debug_ranges  0x00004c88      0x508 C:\Users\elias\AppData\Local\Temp\cc32c83Z.ltrans6.ltrans.o

.comment        0x00000000       0x6e
 .comment       0x00000000       0x6e C:\Users\elias\AppData\Local\Temp\cc32c83Z.ltrans0.ltrans.o
                                 0x6f (size before relaxing)
 .comment       0x0000006e       0x6f C:\Users\elias\AppData\Local\Temp\cc32c83Z.ltrans1.ltrans.o
 .comment       0x0000006e       0x6f C:\Users\elias\AppData\Local\Temp\cc32c83Z.ltrans2.ltrans.o
 .comment       0x0000006e       0x6f C:\Users\elias\AppData\Local\Temp\cc32c83Z.ltrans3.ltrans.o
 .comment       0x0000006e       0x6f C:\Users\elias\AppData\Local\Temp\cc32c83Z.ltrans4.ltrans.o
 .comment       0x0000006e       0x6f C:\Users\elias\AppData\Local\Temp\cc32c83Z.ltrans5.ltrans.o
 .comment       0x0000006e       0x6f C:\Users\elias\AppData\Local\Temp\cc32c83Z.ltrans6.ltrans.o

.debug_weaknames
 *(.debug_weaknames)

.debug_funcnames
 *(.debug_funcnames)

.debug_typenames
 *(.debug_typenames)

.debug_varnames
 *(.debug_varnames)

.note.gnu.arm.ident
 *(.note.gnu.arm.ident)

.ARM.attributes
                0x00000000       0x29
 *(.ARM.attributes)
 .ARM.attributes
                0x00000000       0x1d c:/program files (x86)/cypress/psoc creator/4.4/psoc creator/import/gnu/arm/5.4.1/bin/../lib/gcc/arm-none-eabi/5.4.1/armv7-m/crti.o
 .ARM.attributes
                0x0000001d       0x2d c:/program files (x86)/cypress/psoc creator/4.4/psoc creator/import/gnu/arm/5.4.1/bin/../lib/gcc/arm-none-eabi/5.4.1/armv7-m/crtbegin.o
 .ARM.attributes
                0x0000004a       0x1b c:/program files (x86)/cypress/psoc creator/4.4/psoc creator/import/gnu/arm/5.4.1/bin/../lib/gcc/arm-none-eabi/5.4.1/../../../../arm-none-eabi/lib/armv7-m/crt0.o
 .ARM.attributes
                0x00000065       0x31 C:\Users\elias\AppData\Local\Temp\cc32c83Z.ltrans0.ltrans.o
 .ARM.attributes
                0x00000096       0x31 C:\Users\elias\AppData\Local\Temp\cc32c83Z.ltrans1.ltrans.o
 .ARM.attributes
                0x000000c7       0x31 C:\Users\elias\AppData\Local\Temp\cc32c83Z.ltrans2.ltrans.o
 .ARM.attributes
                0x000000f8       0x31 C:\Users\elias\AppData\Local\Temp\cc32c83Z.ltrans3.ltrans.o
 .ARM.attributes
                0x00000129       0x31 C:\Users\elias\AppData\Local\Temp\cc32c83Z.ltrans4.ltrans.o
 .ARM.attributes
                0x0000015a       0x31 C:\Users\elias\AppData\Local\Temp\cc32c83Z.ltrans5.ltrans.o
 .ARM.attributes
                0x0000018b       0x31 C:\Users\elias\AppData\Local\Temp\cc32c83Z.ltrans6.ltrans.o
 .ARM.attributes
                0x000001bc       0x21 .\CortexM3\ARM_GCC_541\Debug\AcondicionamientoAnalogico.a(CyBootAsmGnu.o)
 .ARM.attributes
                0x000001dd       0x2d c:/program files (x86)/cypress/psoc creator/4.4/psoc creator/import/gnu/arm/5.4.1/bin/../lib/gcc/arm-none-eabi/5.4.1/../../../../arm-none-eabi/lib/armv7-m\libg_nano.a(lib_a-errno.o)
 .ARM.attributes
                0x0000020a       0x2d c:/program files (x86)/cypress/psoc creator/4.4/psoc creator/import/gnu/arm/5.4.1/bin/../lib/gcc/arm-none-eabi/5.4.1/../../../../arm-none-eabi/lib/armv7-m\libg_nano.a(lib_a-exit.o)
 .ARM.attributes
                0x00000237       0x2d c:/program files (x86)/cypress/psoc creator/4.4/psoc creator/import/gnu/arm/5.4.1/bin/../lib/gcc/arm-none-eabi/5.4.1/../../../../arm-none-eabi/lib/armv7-m\libg_nano.a(lib_a-impure.o)
 .ARM.attributes
                0x00000264       0x2d c:/program files (x86)/cypress/psoc creator/4.4/psoc creator/import/gnu/arm/5.4.1/bin/../lib/gcc/arm-none-eabi/5.4.1/../../../../arm-none-eabi/lib/armv7-m\libg_nano.a(lib_a-init.o)
 .ARM.attributes
                0x00000291       0x2d c:/program files (x86)/cypress/psoc creator/4.4/psoc creator/import/gnu/arm/5.4.1/bin/../lib/gcc/arm-none-eabi/5.4.1/../../../../arm-none-eabi/lib/armv7-m\libg_nano.a(lib_a-memset.o)
 .ARM.attributes
                0x000002be       0x2d c:/program files (x86)/cypress/psoc creator/4.4/psoc creator/import/gnu/arm/5.4.1/bin/../lib/gcc/arm-none-eabi/5.4.1/armv7-m/crtend.o
 .ARM.attributes
                0x000002eb       0x1d c:/program files (x86)/cypress/psoc creator/4.4/psoc creator/import/gnu/arm/5.4.1/bin/../lib/gcc/arm-none-eabi/5.4.1/armv7-m/crtn.o
 .ARM.attributes
                0x00000308       0x2d c:/program files (x86)/cypress/psoc creator/4.4/psoc creator/import/gnu/arm/5.4.1/bin/../lib/gcc/arm-none-eabi/5.4.1/../../../../arm-none-eabi/lib/armv7-m\libnosys.a(_exit.o)
 .ARM.attributes
                0x00000335       0x2d c:/program files (x86)/cypress/psoc creator/4.4/psoc creator/import/gnu/arm/5.4.1/bin/../lib/gcc/arm-none-eabi/5.4.1/../../../../arm-none-eabi/lib/armv7-m\libg_nano.a(lib_a-memcpy-stub.o)

/DISCARD/
 *(.note.GNU-stack)
OUTPUT(C:\Github\Tesis\src\psoc\AcondicionamientoAnalogico.cydsn\CortexM3\ARM_GCC_541\Debug\AcondicionamientoAnalogico.elf elf32-littlearm)
