Archive member included to satisfy reference by file (symbol)

.\CortexM3\ARM_GCC_541\Debug\AcondicionamientoAnalogico.a(CyLib.o)
                              .\CortexM3\ARM_GCC_541\Debug\Cm3Start.o (CyHalt)
.\CortexM3\ARM_GCC_541\Debug\AcondicionamientoAnalogico.a(cyPm.o)
                              .\CortexM3\ARM_GCC_541\Debug\AcondicionamientoAnalogico.a(CyLib.o) (CyPmReadStatus)
.\CortexM3\ARM_GCC_541\Debug\AcondicionamientoAnalogico.a(isr_DelSig.o)
                              .\CortexM3\ARM_GCC_541\Debug\main.o (isr_DelSig_StartEx)
.\CortexM3\ARM_GCC_541\Debug\AcondicionamientoAnalogico.a(isr_Timer.o)
                              .\CortexM3\ARM_GCC_541\Debug\main.o (isr_Timer_StartEx)
.\CortexM3\ARM_GCC_541\Debug\AcondicionamientoAnalogico.a(Timer.o)
                              .\CortexM3\ARM_GCC_541\Debug\main.o (Timer_Stop)
.\CortexM3\ARM_GCC_541\Debug\AcondicionamientoAnalogico.a(Opa_ref.o)
                              .\CortexM3\ARM_GCC_541\Debug\main.o (Opa_ref_Start)
.\CortexM3\ARM_GCC_541\Debug\AcondicionamientoAnalogico.a(UART.o)
                              .\CortexM3\ARM_GCC_541\Debug\main.o (UART_Start)
.\CortexM3\ARM_GCC_541\Debug\AcondicionamientoAnalogico.a(UART_INT.o)
                              .\CortexM3\ARM_GCC_541\Debug\AcondicionamientoAnalogico.a(UART.o) (UART_RXISR)
.\CortexM3\ARM_GCC_541\Debug\AcondicionamientoAnalogico.a(UART_IntClock.o)
                              .\CortexM3\ARM_GCC_541\Debug\AcondicionamientoAnalogico.a(UART.o) (UART_IntClock_Start)
.\CortexM3\ARM_GCC_541\Debug\AcondicionamientoAnalogico.a(PGA_ref.o)
                              .\CortexM3\ARM_GCC_541\Debug\main.o (PGA_ref_SetGain)
.\CortexM3\ARM_GCC_541\Debug\AcondicionamientoAnalogico.a(VDAC.o)
                              .\CortexM3\ARM_GCC_541\Debug\main.o (VDAC_SetValue)
.\CortexM3\ARM_GCC_541\Debug\AcondicionamientoAnalogico.a(ADC.o)
                              .\CortexM3\ARM_GCC_541\Debug\main.o (ADC_Start)
.\CortexM3\ARM_GCC_541\Debug\AcondicionamientoAnalogico.a(ADC_INT.o)
                              .\CortexM3\ARM_GCC_541\Debug\AcondicionamientoAnalogico.a(ADC.o) (ADC_ISR1)
.\CortexM3\ARM_GCC_541\Debug\AcondicionamientoAnalogico.a(ADC_Ext_CP_Clk.o)
                              .\CortexM3\ARM_GCC_541\Debug\AcondicionamientoAnalogico.a(ADC.o) (ADC_Ext_CP_Clk_SetModeRegister)
.\CortexM3\ARM_GCC_541\Debug\AcondicionamientoAnalogico.a(ADC_theACLK.o)
                              .\CortexM3\ARM_GCC_541\Debug\AcondicionamientoAnalogico.a(ADC.o) (ADC_theACLK_SetModeRegister)
.\CortexM3\ARM_GCC_541\Debug\AcondicionamientoAnalogico.a(SYNC_IN.o)
                              .\CortexM3\ARM_GCC_541\Debug\main.o (SYNC_IN_Read)
.\CortexM3\ARM_GCC_541\Debug\AcondicionamientoAnalogico.a(isr_SyncIn.o)
                              .\CortexM3\ARM_GCC_541\Debug\main.o (isr_SyncIn_StartEx)
.\CortexM3\ARM_GCC_541\Debug\AcondicionamientoAnalogico.a(LPF_ADC.o)
                              .\CortexM3\ARM_GCC_541\Debug\main.o (LPF_ADC_Start)
.\CortexM3\ARM_GCC_541\Debug\AcondicionamientoAnalogico.a(PGA.o)
                              .\CortexM3\ARM_GCC_541\Debug\main.o (PGA_SetGain)
.\CortexM3\ARM_GCC_541\Debug\AcondicionamientoAnalogico.a(LPF_ref.o)
                              .\CortexM3\ARM_GCC_541\Debug\main.o (LPF_ref_Start)
.\CortexM3\ARM_GCC_541\Debug\AcondicionamientoAnalogico.a(ADC_AMux.o)
                              .\CortexM3\ARM_GCC_541\Debug\AcondicionamientoAnalogico.a(ADC.o) (ADC_AMux_Select)
.\CortexM3\ARM_GCC_541\Debug\AcondicionamientoAnalogico.a(CyBootAsmGnu.o)
                              .\CortexM3\ARM_GCC_541\Debug\cyfitter_cfg.o (CyDelayCycles)
.\CortexM3\ARM_GCC_541\Debug\AcondicionamientoAnalogico.a(CyFlash.o)
                              .\CortexM3\ARM_GCC_541\Debug\AcondicionamientoAnalogico.a(cyPm.o) (CyFlash_SetWaitCycles)
.\CortexM3\ARM_GCC_541\Debug\AcondicionamientoAnalogico.a(CySpc.o)
                              .\CortexM3\ARM_GCC_541\Debug\AcondicionamientoAnalogico.a(CyFlash.o) (CySpcStart)
c:/program files (x86)/cypress/psoc creator/4.4/psoc creator/import/gnu/arm/5.4.1/bin/../lib/gcc/arm-none-eabi/5.4.1/armv7-m\libgcc.a(_arm_addsubdf3.o)
                              .\CortexM3\ARM_GCC_541\Debug\AcondicionamientoAnalogico.a(ADC.o) (__aeabi_f2d)
c:/program files (x86)/cypress/psoc creator/4.4/psoc creator/import/gnu/arm/5.4.1/bin/../lib/gcc/arm-none-eabi/5.4.1/armv7-m\libgcc.a(_arm_cmpdf2.o)
                              .\CortexM3\ARM_GCC_541\Debug\AcondicionamientoAnalogico.a(ADC.o) (__aeabi_dcmpgt)
c:/program files (x86)/cypress/psoc creator/4.4/psoc creator/import/gnu/arm/5.4.1/bin/../lib/gcc/arm-none-eabi/5.4.1/armv7-m\libgcc.a(_arm_addsubsf3.o)
                              .\CortexM3\ARM_GCC_541\Debug\AcondicionamientoAnalogico.a(ADC.o) (__aeabi_ui2f)
c:/program files (x86)/cypress/psoc creator/4.4/psoc creator/import/gnu/arm/5.4.1/bin/../lib/gcc/arm-none-eabi/5.4.1/armv7-m\libgcc.a(_arm_muldivsf3.o)
[...]
Memory Configuration

Name             Origin             Length             Attributes
rom              0x00000000         0x00040000         xr
ram              0x1fff8000         0x00010000         xrw
*default*        0x00000000         0xffffffff

Linker script and memory map

LOAD c:/program files (x86)/cypress/psoc creator/4.4/psoc creator/import/gnu/arm/5.4.1/bin/../lib/gcc/arm-none-eabi/5.4.1/armv7-m/crti.o
LOAD c:/program files (x86)/cypress/psoc creator/4.4/psoc creator/import/gnu/arm/5.4.1/bin/../lib/gcc/arm-none-eabi/5.4.1/armv7-m/crtbegin.o
LOAD c:/program files (x86)/cypress/psoc creator/4.4/psoc creator/import/gnu/arm/5.4.1/bin/../lib/gcc/arm-none-eabi/5.4.1/../../../../arm-none-eabi/lib/armv7-m/crt0.o
START GROUP
LOAD .\CortexM3\ARM_GCC_541\Debug\main.o
LOAD .\CortexM3\ARM_GCC_541\Debug\cyfitter_cfg.o
LOAD .\CortexM3\ARM_GCC_541\Debug\cymetadata.o
LOAD .\CortexM3\ARM_GCC_541\Debug\Cm3Start.o
LOAD .\CortexM3\ARM_GCC_541\Debug\AcondicionamientoAnalogico.a
LOAD C:\Program Files (x86)\Cypress\PSoC Creator\4.4\PSoC Creator\psoc\content\cycomponentlibrary\CyComponentLibrary.cylib\CortexM3\ARM_GCC_541\Debug\CyComponentLibrary.a
END GROUP
START GROUP
LOAD c:/program files (x86)/cypress/psoc creator/4.4/psoc creator/import/gnu/arm/5.4.1/bin/../lib/gcc/arm-none-eabi/5.4.1/armv7-m\libgcc.a
LOAD c:/program files (x86)/cypress/psoc creator/4.4/psoc creator/import/gnu/arm/5.4.1/bin/../lib/gcc/arm-none-eabi/5.4.1/../../../../arm-none-eabi/lib/armv7-m\libg_nano.a
LOAD c:/program files (x86)/cypress/psoc creator/4.4/psoc creator/import/gnu/arm/5.4.1/bin/../lib/gcc/arm-none-eabi/5.4.1/../../../../arm-none-eabi/lib/armv7-m\libc_nano.a
END GROUP
START GROUP
LOAD c:/program files (x86)/cypress/psoc creator/4.4/psoc creator/import/gnu/arm/5.4.1/bin/../lib/gcc/arm-none-eabi/5.4.1/armv7-m\libgcc.a
LOAD c:/program files (x86)/cypress/psoc creator/4.4/psoc creator/import/gnu/arm/5.4.1/bin/../lib/gcc/arm-none-eabi/5.4.1/../../../../arm-none-eabi/lib/armv7-m\libc_nano.a
END GROUP
LOAD c:/program files (x86)/cypress/psoc creator/4.4/psoc creator/import/gnu/arm/5.4.1/bin/../lib/gcc/arm-none-eabi/5.4.1/armv7-m/crtend.o
LOAD c:/program files (x86)/cypress/psoc creator/4.4/psoc creator/import/gnu/arm/5.4.1/bin/../lib/gcc/arm-none-eabi/5.4.1/armv7-m/crtn.o
START GROUP
LOAD c:/program files (x86)/cypress/psoc creator/4.4/psoc creator/import/gnu/arm/5.4.1/bin/../lib/gcc/arm-none-eabi/5.4.1/armv7-m\libgcc.a
LOAD c:/program files (x86)/cypress/psoc creator/4.4/psoc creator/import/gnu/arm/5.4.1/bin/../lib/gcc/arm-none-eabi/5.4.1/../../../../arm-none-eabi/lib/armv7-m\libc.a
LOAD c:/program files (x86)/cypress/psoc creator/4.4/psoc creator/import/gnu/arm/5.4.1/bin/../lib/gcc/arm-none-eabi/5.4.1/../../../../arm-none-eabi/lib/armv7-m\libnosys.a
END GROUP
                0x00000000                CY_APPL_ORIGIN = 0x0
                0x00000100                CY_FLASH_ROW_SIZE = 0x100
                0x00000020                CY_ECC_ROW_SIZE = 0x20
                0x00000000                CY_EE_IN_BTLDR = 0x0
                0x00000000                CY_APPL_LOADABLE = 0x0
                0x00000800                CY_EE_SIZE = 0x800
                0x00000001                CY_APPL_NUM = 0x1
                0x00000001                CY_APPL_MAX = 0x1
                0x00000040                CY_METADATA_SIZE = 0x40
                0x00000000                CY_APPL_LOADABLE = 0x0
                0x00000000                CY_CHECKSUM_EXCLUDE_SIZE = ALIGN (0x0, CY_FLASH_ROW_SIZE)
                [!provide]                PROVIDE (__cy_heap_start, _end)
                0x00000001                PROVIDE (__cy_region_num, ((__cy_regions_end - __cy_regions) / 0x10))
                0x20008000                PROVIDE (__cy_stack, (ORIGIN (ram) + LENGTH (ram)))
                [!provide]                PROVIDE (__cy_heap_end, (__cy_stack - 0x800))

.cybootloader   0x00000000        0x0
 *(.cybootloader)
                0x00000000                appl1_start = CY_APPL_ORIGIN?CY_APPL_ORIGIN:ALIGN (CY_FLASH_ROW_SIZE)
                0x0001ff00                appl2_start = (appl1_start + ALIGN ((((LENGTH (rom) - appl1_start) - (0x2 * CY_FLASH_ROW_SIZE)) / 0x2), CY_FLASH_ROW_SIZE))
                0x00000000                appl_start = (CY_APPL_NUM == 0x1)?appl1_start:appl2_start
                0x00000000                ecc_offset = ((appl_start / CY_FLASH_ROW_SIZE) * CY_ECC_ROW_SIZE)
                0x00000000                ee_offset = (CY_APPL_LOADABLE && ! (CY_EE_IN_BTLDR))?((CY_EE_SIZE / CY_APPL_MAX) * (CY_APPL_NUM - 0x1)):0x0
                0x00000800                ee_size = (CY_APPL_LOADABLE && ! (CY_EE_IN_BTLDR))?(CY_EE_SIZE / CY_APPL_MAX):CY_EE_SIZE
                [!provide]                PROVIDE (CY_ECC_OFFSET, ecc_offset)

.text           0x00000000     0x1c8e
 CREATE_OBJECT_SYMBOLS
                0x00000000                PROVIDE (__cy_interrupt_vector, RomVectors)
 *(.romvectors)
 .romvectors    0x00000000       0x10 .\CortexM3\ARM_GCC_541\Debug\Cm3Start.o
                0x00000000                RomVectors
                0x00000001                ASSERT ((. != __cy_interrupt_vector), No interrupt vector)
                0x00000001                ASSERT (CY_APPL_ORIGIN?(SIZEOF (.cybootloader) <= CY_APPL_ORIGIN):0x1, Wrong image location)
                0x00000010                PROVIDE (__cy_reset, Reset)
 *(.text.Reset)
 .text.Reset    0x00000010       0x18 .\CortexM3\ARM_GCC_541\Debug\Cm3Start.o
                0x00000010                Reset
                0x00000001                ASSERT ((. != __cy_reset), No reset code)
 *(.dma_init)
                0x00000001                ASSERT ((((appl_start + .) <= 0x10000) || 0x1), DMA Init must be within the first 64k of flash)
 *(.text .text.* .gnu.linkonce.t.*)
 .text          0x00000028       0x5c c:/program files (x86)/cypress/psoc creator/4.4/psoc creator/import/gnu/arm/5.4.1/bin/../lib/gcc/arm-none-eabi/5.4.1/armv7-m/crtbegin.o
 .text.adc_counts_right_aligned
                0x00000084       0x1c .\CortexM3\ARM_GCC_541\Debug\main.o
 .text.capture_target_batches
                0x000000a0       0x18 .\CortexM3\ARM_GCC_541\Debug\main.o
 .text.capture_dump_pending
                0x000000b8       0x1c .\CortexM3\ARM_GCC_541\Debug\main.o
 .text.capture_reset_locked
                0x000000d4       0x18 .\CortexM3\ARM_GCC_541\Debug\main.o
 .text.rx_watchdog_start
                0x000000ec       0x10 .\CortexM3\ARM_GCC_541\Debug\main.o
 .text.rx_watchdog_stop
                0x000000fc       0x10 .\CortexM3\ARM_GCC_541\Debug\main.o
 .text.ticks_due
                0x0000010c       0x10 .\CortexM3\ARM_GCC_541\Debug\main.o
 .text.service_comm_led
                0x0000011c       0x5c .\CortexM3\ARM_GCC_541\Debug\main.o
 .text.isr_DelSigReady
                0x00000178       0xd4 .\CortexM3\ARM_GCC_541\Debug\main.o
                0x00000178                isr_DelSigReady
 .text.isr_Timer
                0x0000024c       0x5c .\CortexM3\ARM_GCC_541\Debug\main.o
                0x0000024c                isr_Timer
 .text.timer_start_runtime
                0x000002a8       0x18 .\CortexM3\ARM_GCC_541\Debug\main.o
 .text.psoc_arm
                0x000002c0       0x24 .\CortexM3\ARM_GCC_541\Debug\main.o
 .text.timer_now_ticks
                0x000002e4       0x18 .\CortexM3\ARM_GCC_541\Debug\main.o
 .text.timer_stop_quiet
                0x000002fc       0x10 .\CortexM3\ARM_GCC_541\Debug\main.o
 .text.psoc_enter_sampling
                0x0000030c       0x38 .\CortexM3\ARM_GCC_541\Debug\main.o
 .text.isr_SyncIn
                0x00000344       0x44 .\CortexM3\ARM_GCC_541\Debug\main.o
                0x00000344                isr_SyncIn
 .text.psoc_start_now
                0x00000388        0xc .\CortexM3\ARM_GCC_541\Debug\main.o
 .text.PGAvdac_Set
                0x00000394       0x18 .\CortexM3\ARM_GCC_541\Debug\main.o
 .text.PGAgain_Set
                0x000003ac       0x18 .\CortexM3\ARM_GCC_541\Debug\main.o
 .text.uart_send_capture_batch
                0x000003c4       0x90 .\CortexM3\ARM_GCC_541\Debug\main.o
 .text.uart_send_cfg_ack
                0x00000454       0x30 .\CortexM3\ARM_GCC_541\Debug\main.o
 .text.uart_send_ping
                0x00000484       0x10 .\CortexM3\ARM_GCC_541\Debug\main.o
 .text.uart_service
                0x00000494      0x1e0 .\CortexM3\ARM_GCC_541\Debug\main.o
 .text.service_runtime
                0x00000674       0x68 .\CortexM3\ARM_GCC_541\Debug\main.o
 .text.wait_for_esp
                0x000006dc       0x34 .\CortexM3\ARM_GCC_541\Debug\main.o
 .text.wait_ticks
                0x00000710       0x20 .\CortexM3\ARM_GCC_541\Debug\main.o
 .text.main     0x00000730      0x104 .\CortexM3\ARM_GCC_541\Debug\main.o
                0x00000730                main
 .text.CyClockStartupError
                0x00000834        0x4 .\CortexM3\ARM_GCC_541\Debug\cyfitter_cfg.o
 .text.cfg_write_bytes32
                0x00000838       0x34 .\CortexM3\ARM_GCC_541\Debug\cyfitter_cfg.o
 .text.AnalogSetDefault
                0x0000086c       0x9c .\CortexM3\ARM_GCC_541\Debug\cyfitter_cfg.o
 .text.CYMEMZERO
                0x00000908        0xc .\CortexM3\ARM_GCC_541\Debug\cyfitter_cfg.o
 .text.CYCONFIGCPY
                0x00000914        0x8 .\CortexM3\ARM_GCC_541\Debug\cyfitter_cfg.o
 .text.ClockSetup
                0x0000091c       0xe8 .\CortexM3\ARM_GCC_541\Debug\cyfitter_cfg.o
 .text.ADC_AMux_Set
                0x00000a04       0x1c .\CortexM3\ARM_GCC_541\Debug\cyfitter_cfg.o
                0x00000a04                ADC_AMux_Set
 .text.ADC_AMux_Unset
                0x00000a20       0x1c .\CortexM3\ARM_GCC_541\Debug\cyfitter_cfg.o
                0x00000a20                ADC_AMux_Unset
 .text.cyfitter_cfg
                0x00000a3c      0x124 .\CortexM3\ARM_GCC_541\Debug\cyfitter_cfg.o
                0x00000a3c                cyfitter_cfg
 .text.IntDefaultHandler
                0x00000b60       0x10 .\CortexM3\ARM_GCC_541\Debug\Cm3Start.o
                0x00000b60                IntDefaultHandler
 .text.Start_c  0x00000b70       0x4c .\CortexM3\ARM_GCC_541\Debug\Cm3Start.o
                0x00000b70                Start_c
 .text.initialize_psoc
                0x00000bbc       0x68 .\CortexM3\ARM_GCC_541\Debug\Cm3Start.o
                0x00000bbc                initialize_psoc
 .text.CyHalt   0x00000c24        0x4 .\CortexM3\ARM_GCC_541\Debug\AcondicionamientoAnalogico.a(CyLib.o)
                0x00000c24                CyHalt
 .text.CyDelayUs
                0x00000c28       0x14 .\CortexM3\ARM_GCC_541\Debug\AcondicionamientoAnalogico.a(CyLib.o)
                0x00000c28                CyDelayUs
 .text.CyIntSetVector
                0x00000c3c       0x28 .\CortexM3\ARM_GCC_541\Debug\AcondicionamientoAnalogico.a(CyLib.o)
                0x00000c3c                CyIntSetVector
 .text.CyIntSetPriority
                0x00000c64       0x30 .\CortexM3\ARM_GCC_541\Debug\AcondicionamientoAnalogico.a(CyLib.o)
                0x00000c64                CyIntSetPriority
 .text.isr_DelSig_SetVector
                0x00000c94        0xc .\CortexM3\ARM_GCC_541\Debug\AcondicionamientoAnalogico.a(isr_DelSig.o)
                0x00000c94                isr_DelSig_SetVector
 .text.isr_DelSig_SetPriority
                0x00000ca0       0x10 .\CortexM3\ARM_GCC_541\Debug\AcondicionamientoAnalogico.a(isr_DelSig.o)
                0x00000ca0                isr_DelSig_SetPriority
 .text.isr_DelSig_Enable
                0x00000cb0        0xc .\CortexM3\ARM_GCC_541\Debug\AcondicionamientoAnalogico.a(isr_DelSig.o)
                0x00000cb0                isr_DelSig_Enable
 .text.isr_DelSig_Disable
                0x00000cbc        0xc .\CortexM3\ARM_GCC_541\Debug\AcondicionamientoAnalogico.a(isr_DelSig.o)
                0x00000cbc                isr_DelSig_Disable
 .text.isr_DelSig_StartEx
                0x00000cc8       0x1c .\CortexM3\ARM_GCC_541\Debug\AcondicionamientoAnalogico.a(isr_DelSig.o)
                0x00000cc8                isr_DelSig_StartEx
 .text.isr_Timer_SetVector
                0x00000ce4        0xc .\CortexM3\ARM_GCC_541\Debug\AcondicionamientoAnalogico.a(isr_Timer.o)
                0x00000ce4                isr_Timer_SetVector
 .text.isr_Timer_SetPriority
                0x00000cf0       0x10 .\CortexM3\ARM_GCC_541\Debug\AcondicionamientoAnalogico.a(isr_Timer.o)
                0x00000cf0                isr_Timer_SetPriority
 .text.isr_Timer_Enable
                0x00000d00        0xc .\CortexM3\ARM_GCC_541\Debug\AcondicionamientoAnalogico.a(isr_Timer.o)
                0x00000d00                isr_Timer_Enable
 .text.isr_Timer_Disable
                0x00000d0c        0xc .\CortexM3\ARM_GCC_541\Debug\AcondicionamientoAnalogico.a(isr_Timer.o)
                0x00000d0c                isr_Timer_Disable
 .text.isr_Timer_StartEx
                0x00000d18       0x1c .\CortexM3\ARM_GCC_541\Debug\AcondicionamientoAnalogico.a(isr_Timer.o)
                0x00000d18                isr_Timer_StartEx
 .text.isr_Timer_ClearPending
                0x00000d34        0xc .\CortexM3\ARM_GCC_541\Debug\AcondicionamientoAnalogico.a(isr_Timer.o)
                0x00000d34                isr_Timer_ClearPending
 .text.Timer_Enable
                0x00000d40       0x10 .\CortexM3\ARM_GCC_541\Debug\AcondicionamientoAnalogico.a(Timer.o)
                0x00000d40                Timer_Enable
 .text.Timer_Stop
                0x00000d50       0x10 .\CortexM3\ARM_GCC_541\Debug\AcondicionamientoAnalogico.a(Timer.o)
                0x00000d50                Timer_Stop
 .text.Timer_SetInterruptMode
                0x00000d60        0xc .\CortexM3\ARM_GCC_541\Debug\AcondicionamientoAnalogico.a(Timer.o)
                0x00000d60                Timer_SetInterruptMode
 .text.Timer_ReadStatusRegister
                0x00000d6c        0xc .\CortexM3\ARM_GCC_541\Debug\AcondicionamientoAnalogico.a(Timer.o)
                0x00000d6c                Timer_ReadStatusRegister
 .text.Timer_WritePeriod
                0x00000d78        0xc .\CortexM3\ARM_GCC_541\Debug\AcondicionamientoAnalogico.a(Timer.o)
                0x00000d78                Timer_WritePeriod
 .text.Timer_ReadCapture
                0x00000d84        0xc .\CortexM3\ARM_GCC_541\Debug\AcondicionamientoAnalogico.a(Timer.o)
                0x00000d84                Timer_ReadCapture
 .text.Timer_WriteCounter
                0x00000d90        0xc .\CortexM3\ARM_GCC_541\Debug\AcondicionamientoAnalogico.a(Timer.o)
                0x00000d90                Timer_WriteCounter
 .text.Timer_ClearFIFO
                0x00000d9c       0x14 .\CortexM3\ARM_GCC_541\Debug\AcondicionamientoAnalogico.a(Timer.o)
                0x00000d9c                Timer_ClearFIFO
 .text.Timer_Init
                0x00000db0       0x30 .\CortexM3\ARM_GCC_541\Debug\AcondicionamientoAnalogico.a(Timer.o)
                0x00000db0                Timer_Init
 .text.Timer_Start
                0x00000de0       0x1c .\CortexM3\ARM_GCC_541\Debug\AcondicionamientoAnalogico.a(Timer.o)
                0x00000de0                Timer_Start
 .text.Opa_ref_Enable
                0x00000dfc       0x28 .\CortexM3\ARM_GCC_541\Debug\AcondicionamientoAnalogico.a(Opa_ref.o)
                0x00000dfc                Opa_ref_Enable
 .text.Opa_ref_SetPower
                0x00000e24       0x1c .\CortexM3\ARM_GCC_541\Debug\AcondicionamientoAnalogico.a(Opa_ref.o)
                0x00000e24                Opa_ref_SetPower
 .text.Opa_ref_Init
                0x00000e40        0xc .\CortexM3\ARM_GCC_541\Debug\AcondicionamientoAnalogico.a(Opa_ref.o)
                0x00000e40                Opa_ref_Init
 .text.Opa_ref_Start
                0x00000e4c       0x1c .\CortexM3\ARM_GCC_541\Debug\AcondicionamientoAnalogico.a(Opa_ref.o)
                0x00000e4c                Opa_ref_Start
 .text.UART_Init
                0x00000e68       0x5c .\CortexM3\ARM_GCC_541\Debug\AcondicionamientoAnalogico.a(UART.o)
                0x00000e68                UART_Init
 .text.UART_Enable
                0x00000ec4       0x50 .\CortexM3\ARM_GCC_541\Debug\AcondicionamientoAnalogico.a(UART.o)
                0x00000ec4                UART_Enable
 .text.UART_Start
                0x00000f14       0x1c .\CortexM3\ARM_GCC_541\Debug\AcondicionamientoAnalogico.a(UART.o)
                0x00000f14                UART_Start
 .text.UART_ReadRxData
                0x00000f30       0x64 .\CortexM3\ARM_GCC_541\Debug\AcondicionamientoAnalogico.a(UART.o)
                0x00000f30                UART_ReadRxData
 .text.UART_GetRxBufferSize
                0x00000f94       0x60 .\CortexM3\ARM_GCC_541\Debug\AcondicionamientoAnalogico.a(UART.o)
                0x00000f94                UART_GetRxBufferSize
 .text.UART_PutChar
                0x00000ff4       0x74 .\CortexM3\ARM_GCC_541\Debug\AcondicionamientoAnalogico.a(UART.o)
                0x00000ff4                UART_PutChar
 .text.UART_PutArray
                0x00001068       0x28 .\CortexM3\ARM_GCC_541\Debug\AcondicionamientoAnalogico.a(UART.o)
                0x00001068                UART_PutArray
 .text.UART_RXISR
                0x00001090       0x98 .\CortexM3\ARM_GCC_541\Debug\AcondicionamientoAnalogico.a(UART_INT.o)
                0x00001090                UART_RXISR
 .text.UART_TXISR
                0x00001128       0x58 .\CortexM3\ARM_GCC_541\Debug\AcondicionamientoAnalogico.a(UART_INT.o)
                0x00001128                UART_TXISR
 .text.UART_IntClock_Start
                0x00001180       0x1c .\CortexM3\ARM_GCC_541\Debug\AcondicionamientoAnalogico.a(UART_IntClock.o)
                0x00001180                UART_IntClock_Start
 .text.PGA_ref_Enable
                0x0000119c       0x28 .\CortexM3\ARM_GCC_541\Debug\AcondicionamientoAnalogico.a(PGA_ref.o)
                0x0000119c                PGA_ref_Enable
 .text.PGA_ref_SetPower
                0x000011c4       0x18 .\CortexM3\ARM_GCC_541\Debug\AcondicionamientoAnalogico.a(PGA_ref.o)
                0x000011c4                PGA_ref_SetPower
 .text.PGA_ref_SetGain
                0x000011dc       0x78 .\CortexM3\ARM_GCC_541\Debug\AcondicionamientoAnalogico.a(PGA_ref.o)
                0x000011dc                PGA_ref_SetGain
 .text.PGA_ref_Init
                0x00001254       0x34 .\CortexM3\ARM_GCC_541\Debug\AcondicionamientoAnalogico.a(PGA_ref.o)
                0x00001254                PGA_ref_Init
 .text.PGA_ref_Start
                0x00001288       0x1c .\CortexM3\ARM_GCC_541\Debug\AcondicionamientoAnalogico.a(PGA_ref.o)
                0x00001288                PGA_ref_Start
 .text.VDAC_Enable
                0x000012a4       0x1c .\CortexM3\ARM_GCC_541\Debug\AcondicionamientoAnalogico.a(VDAC.o)
                0x000012a4                VDAC_Enable
 .text.VDAC_SetSpeed
                0x000012c0       0x1c .\CortexM3\ARM_GCC_541\Debug\AcondicionamientoAnalogico.a(VDAC.o)
                0x000012c0                VDAC_SetSpeed
 .text.VDAC_SetValue
                0x000012dc        0xc .\CortexM3\ARM_GCC_541\Debug\AcondicionamientoAnalogico.a(VDAC.o)
                0x000012dc                VDAC_SetValue
 .text.VDAC_DacTrim
                0x000012e8       0x24 .\CortexM3\ARM_GCC_541\Debug\AcondicionamientoAnalogico.a(VDAC.o)
                0x000012e8                VDAC_DacTrim
 .text.VDAC_SetRange
                0x0000130c       0x20 .\CortexM3\ARM_GCC_541\Debug\AcondicionamientoAnalogico.a(VDAC.o)
                0x0000130c                VDAC_SetRange
 .text.VDAC_Init
                0x0000132c       0x20 .\CortexM3\ARM_GCC_541\Debug\AcondicionamientoAnalogico.a(VDAC.o)
                0x0000132c                VDAC_Init
 .text.VDAC_Start
                0x0000134c       0x24 .\CortexM3\ARM_GCC_541\Debug\AcondicionamientoAnalogico.a(VDAC.o)
                0x0000134c                VDAC_Start
 .text.ADC_GainCompensation
                0x00001370       0xdc .\CortexM3\ARM_GCC_541\Debug\AcondicionamientoAnalogico.a(ADC.o)
 .text.ADC_SetDSMRef0Reg
                0x0000144c       0x4c .\CortexM3\ARM_GCC_541\Debug\AcondicionamientoAnalogico.a(ADC.o)
 .text.ADC_InitConfig
                0x00001498       0xe8 .\CortexM3\ARM_GCC_541\Debug\AcondicionamientoAnalogico.a(ADC.o)
 .text.ADC_Init
                0x00001580       0xc4 .\CortexM3\ARM_GCC_541\Debug\AcondicionamientoAnalogico.a(ADC.o)
                0x00001580                ADC_Init
 .text.ADC_Enable
                0x00001644       0xd8 .\CortexM3\ARM_GCC_541\Debug\AcondicionamientoAnalogico.a(ADC.o)
                0x00001644                ADC_Enable
 .text.ADC_Start
                0x0000171c       0x28 .\CortexM3\ARM_GCC_541\Debug\AcondicionamientoAnalogico.a(ADC.o)
                0x0000171c                ADC_Start
 .text.ADC_StartConvert
                0x00001744       0x10 .\CortexM3\ARM_GCC_541\Debug\AcondicionamientoAnalogico.a(ADC.o)
                0x00001744                ADC_StartConvert
 .text.ADC_StopConvert
                0x00001754       0x10 .\CortexM3\ARM_GCC_541\Debug\AcondicionamientoAnalogico.a(ADC.o)
                0x00001754                ADC_StopConvert
 .text.ADC_GetResult32
                0x00001764       0x6c .\CortexM3\ARM_GCC_541\Debug\AcondicionamientoAnalogico.a(ADC.o)
                0x00001764                ADC_GetResult32
 .text.ADC_ISR1
                0x000017d0        0x4 .\CortexM3\ARM_GCC_541\Debug\AcondicionamientoAnalogico.a(ADC_INT.o)
                0x000017d0                ADC_ISR1
 .text.ADC_Ext_CP_Clk_GetDividerRegister
                0x000017d4        0xc .\CortexM3\ARM_GCC_541\Debug\AcondicionamientoAnalogico.a(ADC_Ext_CP_Clk.o)
                0x000017d4                ADC_Ext_CP_Clk_GetDividerRegister
 .text.ADC_Ext_CP_Clk_SetModeRegister
                0x000017e0       0x14 .\CortexM3\ARM_GCC_541\Debug\AcondicionamientoAnalogico.a(ADC_Ext_CP_Clk.o)
                0x000017e0                ADC_Ext_CP_Clk_SetModeRegister
 .text.ADC_Ext_CP_Clk_GetSourceRegister
                0x000017f4       0x10 .\CortexM3\ARM_GCC_541\Debug\AcondicionamientoAnalogico.a(ADC_Ext_CP_Clk.o)
                0x000017f4                ADC_Ext_CP_Clk_GetSourceRegister
 .text.ADC_Ext_CP_Clk_SetDividerRegister
                0x00001804       0xd8 .\CortexM3\ARM_GCC_541\Debug\AcondicionamientoAnalogico.a(ADC_Ext_CP_Clk.o)
                0x00001804                ADC_Ext_CP_Clk_SetDividerRegister
 .text.ADC_theACLK_GetDividerRegister
                0x000018dc        0xc .\CortexM3\ARM_GCC_541\Debug\AcondicionamientoAnalogico.a(ADC_theACLK.o)
                0x000018dc                ADC_theACLK_GetDividerRegister
 .text.ADC_theACLK_SetModeRegister
                0x000018e8       0x14 .\CortexM3\ARM_GCC_541\Debug\AcondicionamientoAnalogico.a(ADC_theACLK.o)
                0x000018e8                ADC_theACLK_SetModeRegister
 .text.ADC_theACLK_GetSourceRegister
                0x000018fc       0x10 .\CortexM3\ARM_GCC_541\Debug\AcondicionamientoAnalogico.a(ADC_theACLK.o)
                0x000018fc                ADC_theACLK_GetSourceRegister
 .text.ADC_theACLK_SetDividerRegister
                0x0000190c       0xd8 .\CortexM3\ARM_GCC_541\Debug\AcondicionamientoAnalogico.a(ADC_theACLK.o)
                0x0000190c                ADC_theACLK_SetDividerRegister
 .text.SYNC_IN_Read
                0x000019e4       0x10 .\CortexM3\ARM_GCC_541\Debug\AcondicionamientoAnalogico.a(SYNC_IN.o)
                0x000019e4                SYNC_IN_Read
 .text.isr_SyncIn_SetVector
                0x000019f4        0xc .\CortexM3\ARM_GCC_541\Debug\AcondicionamientoAnalogico.a(isr_SyncIn.o)
                0x000019f4                isr_SyncIn_SetVector
 .text.isr_SyncIn_SetPriority
                0x00001a00       0x10 .\CortexM3\ARM_GCC_541\Debug\AcondicionamientoAnalogico.a(isr_SyncIn.o)
                0x00001a00                isr_SyncIn_SetPriority
 .text.isr_SyncIn_Enable
                0x00001a10        0xc .\CortexM3\ARM_GCC_541\Debug\AcondicionamientoAnalogico.a(isr_SyncIn.o)
                0x00001a10                isr_SyncIn_Enable
 .text.isr_SyncIn_Disable
                0x00001a1c        0xc .\CortexM3\ARM_GCC_541\Debug\AcondicionamientoAnalogico.a(isr_SyncIn.o)
                0x00001a1c                isr_SyncIn_Disable
 .text.isr_SyncIn_StartEx
                0x00001a28       0x1c .\CortexM3\ARM_GCC_541\Debug\AcondicionamientoAnalogico.a(isr_SyncIn.o)
                0x00001a28                isr_SyncIn_StartEx
 .text.LPF_ADC_SetCutoffFreq
                0x00001a44       0x18 .\CortexM3\ARM_GCC_541\Debug\AcondicionamientoAnalogico.a(LPF_ADC.o)
                0x00001a44                LPF_ADC_SetCutoffFreq
 .text.LPF_ADC_Start
                0x00001a5c       0x1c .\CortexM3\ARM_GCC_541\Debug\AcondicionamientoAnalogico.a(LPF_ADC.o)
                0x00001a5c                LPF_ADC_Start
 .text.PGA_Enable
                0x00001a78       0x28 .\CortexM3\ARM_GCC_541\Debug\AcondicionamientoAnalogico.a(PGA.o)
                0x00001a78                PGA_Enable
 .text.PGA_SetPower
                0x00001aa0       0x18 .\CortexM3\ARM_GCC_541\Debug\AcondicionamientoAnalogico.a(PGA.o)
                0x00001aa0                PGA_SetPower
 .text.PGA_SetGain
                0x00001ab8       0x78 .\CortexM3\ARM_GCC_541\Debug\AcondicionamientoAnalogico.a(PGA.o)
                0x00001ab8                PGA_SetGain
 .text.PGA_Init
                0x00001b30       0x34 .\CortexM3\ARM_GCC_541\Debug\AcondicionamientoAnalogico.a(PGA.o)
                0x00001b30                PGA_Init
 .text.PGA_Start
                0x00001b64       0x1c .\CortexM3\ARM_GCC_541\Debug\AcondicionamientoAnalogico.a(PGA.o)
                0x00001b64                PGA_Start
 .text.LPF_ref_SetCutoffFreq
                0x00001b80       0x18 .\CortexM3\ARM_GCC_541\Debug\AcondicionamientoAnalogico.a(LPF_ref.o)
                0x00001b80                LPF_ref_SetCutoffFreq
 .text.LPF_ref_Start
                0x00001b98       0x1c .\CortexM3\ARM_GCC_541\Debug\AcondicionamientoAnalogico.a(LPF_ref.o)
                0x00001b98                LPF_ref_Start
 .text.ADC_AMux_Start
                0x00001bb4       0x20 .\CortexM3\ARM_GCC_541\Debug\AcondicionamientoAnalogico.a(ADC_AMux.o)
                0x00001bb4                ADC_AMux_Start
 .text.ADC_AMux_Select
                0x00001bd4       0x18 .\CortexM3\ARM_GCC_541\Debug\AcondicionamientoAnalogico.a(ADC_AMux.o)
                0x00001bd4                ADC_AMux_Select
 *fill*         0x00001bec        0x4 
 .text          0x00001bf0       0x20 .\CortexM3\ARM_GCC_541\Debug\AcondicionamientoAnalogico.a(CyBootAsmGnu.o)
                0x00001bf0                CyDelayCycles
                0x00001c00                CyEnterCriticalSection
                0x00001c08                CyExitCriticalSection
 .text.__errno  0x00001c10        0xc c:/program files (x86)/cypress/psoc creator/4.4/psoc creator/import/gnu/arm/5.4.1/bin/../lib/gcc/arm-none-eabi/5.4.1/../../../../arm-none-eabi/lib/armv7-m\libg_nano.a(lib_a-errno.o)
                0x00001c10                __errno
 .text.__libc_init_array
                0x00001c1c       0x4c c:/program files (x86)/cypress/psoc creator/4.4/psoc creator/import/gnu/arm/5.4.1/bin/../lib/gcc/arm-none-eabi/5.4.1/../../../../arm-none-eabi/lib/armv7-m\libg_nano.a(lib_a-init.o)
                0x00001c1c                __libc_init_array
 .text.memcpy   0x00001c68       0x16 c:/program files (x86)/cypress/psoc creator/4.4/psoc creator/import/gnu/arm/5.4.1/bin/../lib/gcc/arm-none-eabi/5.4.1/../../../../arm-none-eabi/lib/armv7-m\libg_nano.a(lib_a-memcpy-stub.o)
                0x00001c68                memcpy
 .text.memset   0x00001c7e       0x10 c:/program files (x86)/cypress/psoc creator/4.4/psoc creator/import/gnu/arm/5.4.1/bin/../lib/gcc/arm-none-eabi/5.4.1/../../../../arm-none-eabi/lib/armv7-m\libg_nano.a(lib_a-memset.o)
                0x00001c7e                memset
 *(.plt)
 *(.gnu.warning)
 *(.glue_7t)
 .glue_7t       0x00001c8e        0x0 linker stubs
 *(.glue_7)
 .glue_7        0x00001c8e        0x0 linker stubs
 *(.vfp11_veneer)
 .vfp11_veneer  0x00001c8e        0x0 linker stubs
 *(.bootloader)
 *(.ARM.extab* .gnu.linkonce.armextab.*)
 *(.gcc_except_table)

.v4_bx          0x00001c90        0x0
 .v4_bx         0x00001c90        0x0 linker stubs

.iplt           0x00001c90        0x0
 .iplt          0x00001c90        0x0 c:/program files (x86)/cypress/psoc creator/4.4/psoc creator/import/gnu/arm/5.4.1/bin/../lib/gcc/arm-none-eabi/5.4.1/armv7-m/crtbegin.o

.eh_frame_hdr
 *(.eh_frame_hdr)

.eh_frame       0x00001c90        0x4
 *(.eh_frame)
 .eh_frame      0x00001c90        0x0 c:/program files (x86)/cypress/psoc creator/4.4/psoc creator/import/gnu/arm/5.4.1/bin/../lib/gcc/arm-none-eabi/5.4.1/armv7-m/crtbegin.o
 .eh_frame      0x00001c90        0x4 c:/program files (x86)/cypress/psoc creator/4.4/psoc creator/import/gnu/arm/5.4.1/bin/../lib/gcc/arm-none-eabi/5.4.1/armv7-m/crtend.o
                [!provide]                PROVIDE (__exidx_start, .)

.ARM.exidx
 *(.ARM.exidx* .gnu.linkonce.armexidx.*)
                0x00001c94                __exidx_end = .

.rodata         0x00001c94       0xa4
 *(.rodata .rodata.* .gnu.linkonce.r.*)
 .rodata        0x00001c94        0x4 .\CortexM3\ARM_GCC_541\Debug\main.o
 .rodata        0x00001c98       0x36 .\CortexM3\ARM_GCC_541\Debug\cyfitter_cfg.o
                0x00001c98                ADC_AMux__addrTable
                0x00001ca0                ADC_AMux__maskTable
 *fill*         0x00001cce        0x2 
 .rodata        0x00001cd0       0x15 .\CortexM3\ARM_GCC_541\Debug\AcondicionamientoAnalogico.a(PGA_ref.o)
 *fill*         0x00001ce5        0x3 
 .rodata        0x00001ce8       0x15 .\CortexM3\ARM_GCC_541\Debug\AcondicionamientoAnalogico.a(PGA.o)
 .rodata.str1.1
                0x00001cfd        0x2 c:/program files (x86)/cypress/psoc creator/4.4/psoc creator/import/gnu/arm/5.4.1/bin/../lib/gcc/arm-none-eabi/5.4.1/../../../../arm-none-eabi/lib/armv7-m\libg_nano.a(lib_a-impure.o)
                0x00001d00                . = ALIGN (0x4)
 *fill*         0x00001cff        0x1 
 *(.init)
 .init          0x00001d00        0x4 c:/program files (x86)/cypress/psoc creator/4.4/psoc creator/import/gnu/arm/5.4.1/bin/../lib/gcc/arm-none-eabi/5.4.1/armv7-m/crti.o
                0x00001d00                _init
 .init          0x00001d04        0x8 c:/program files (x86)/cypress/psoc creator/4.4/psoc creator/import/gnu/arm/5.4.1/bin/../lib/gcc/arm-none-eabi/5.4.1/armv7-m/crtn.o
                0x00001d0c                . = ALIGN (0x4)
                0x00001d0c                __preinit_array_start = .
 *(.preinit_array)
                0x00001d0c                __preinit_array_end = .
                0x00001d0c                . = ALIGN (0x4)
                0x00001d0c                __init_array_start = .
 *(SORT(.init_array.*))
 *(.init_array)
 .init_array    0x00001d0c        0x4 c:/program files (x86)/cypress/psoc creator/4.4/psoc creator/import/gnu/arm/5.4.1/bin/../lib/gcc/arm-none-eabi/5.4.1/armv7-m/crtbegin.o
 .init_array    0x00001d10        0x4 .\CortexM3\ARM_GCC_541\Debug\Cm3Start.o
                0x00001d14                __init_array_end = .
                0x00001d14                . = ALIGN (0x4)
 *(.fini)
 .fini          0x00001d14        0x4 c:/program files (x86)/cypress/psoc creator/4.4/psoc creator/import/gnu/arm/5.4.1/bin/../lib/gcc/arm-none-eabi/5.4.1/armv7-m/crti.o
                0x00001d14                _fini
 .fini          0x00001d18        0x8 c:/program files (x86)/cypress/psoc creator/4.4/psoc creator/import/gnu/arm/5.4.1/bin/../lib/gcc/arm-none-eabi/5.4.1/armv7-m/crtn.o
                0x00001d20                . = ALIGN (0x4)
                0x00001d20                __fini_array_start = .
 *(.fini_array)
 .fini_array    0x00001d20        0x4 c:/program files (x86)/cypress/psoc creator/4.4/psoc creator/import/gnu/arm/5.4.1/bin/../lib/gcc/arm-none-eabi/5.4.1/armv7-m/crtbegin.o
 *(SORT(.fini_array.*))
                0x00001d24                __fini_array_end = .
                0x00001d24                . = ALIGN (0x4)
 *crtbegin.o(.ctors)
 *(EXCLUDE_FILE(*crtend.o) .ctors)
 *(SORT(.ctors.*))
 *crtend.o(.ctors)
                0x00001d24                . = ALIGN (0x4)
 *crtbegin.o(.dtors)
 *(EXCLUDE_FILE(*crtend.o) .dtors)
 *(SORT(.dtors.*))
 *crtend.o(.dtors)
                0x00001d24                . = ALIGN (0x4)
                0x00001d24                __cy_regions = .
                0x00001d24        0x4 LONG 0x1d38 __cy_region_init_ram
                0x00001d28        0x4 LONG 0x1fff80c8 __cy_region_start_data
                0x00001d2c        0x4 LONG 0x80 __cy_region_init_size_ram
                0x00001d30        0x4 LONG 0xb520 __cy_region_zero_size_ram
                0x00001d34                __cy_regions_end = .
                0x00001d38                . = ALIGN (0x8)
 *fill*         0x00001d34        0x4 
                0x00001d38                _etext = .

.cy_checksum_exclude
                0x00001d38        0x0
 *(.cy_checksum_exclude)

.ramvectors     0x1fff8000       0xc0
                0x1fff8000                __cy_region_start_ram = .
 *(.ramvectors)
 .ramvectors    0x1fff8000       0xc0 .\CortexM3\ARM_GCC_541\Debug\Cm3Start.o
                0x1fff8000                CyRamVectors

.noinit         0x1fff80c0        0x1
 *(.noinit)
 .noinit        0x1fff80c0        0x1 .\CortexM3\ARM_GCC_541\Debug\AcondicionamientoAnalogico.a(CyLib.o)
                0x1fff80c0                CyResetStatus

.data           0x1fff80c8       0x80 load address 0x00001d38
                0x1fff80c8                __cy_region_start_data = .
 *(.jcr)
 .jcr           0x1fff80c8        0x0 c:/program files (x86)/cypress/psoc creator/4.4/psoc creator/import/gnu/arm/5.4.1/bin/../lib/gcc/arm-none-eabi/5.4.1/armv7-m/crtbegin.o
 .jcr           0x1fff80c8        0x4 c:/program files (x86)/cypress/psoc creator/4.4/psoc creator/import/gnu/arm/5.4.1/bin/../lib/gcc/arm-none-eabi/5.4.1/armv7-m/crtend.o
 *(.got.plt)
 *(.got)
 *(.shdata)
 *(.data .data.* .gnu.linkonce.d.*)
 .data          0x1fff80cc        0x1 .\CortexM3\ARM_GCC_541\Debug\main.o
 *fill*         0x1fff80cd        0x3 
 .data          0x1fff80d0       0x10 .\CortexM3\ARM_GCC_541\Debug\AcondicionamientoAnalogico.a(CyLib.o)
                0x1fff80d0                cydelay_32k_ms
                0x1fff80d4                cydelay_freq_khz
                0x1fff80d8                cydelay_freq_mhz
                0x1fff80dc                cydelay_freq_hz
 .data          0x1fff80e0        0x1 .\CortexM3\ARM_GCC_541\Debug\AcondicionamientoAnalogico.a(ADC.o)
                0x1fff80e0                ADC_Config
 .data          0x1fff80e1        0x1 .\CortexM3\ARM_GCC_541\Debug\AcondicionamientoAnalogico.a(ADC_AMux.o)
 *fill*         0x1fff80e2        0x2 
 .data.impure_data
                0x1fff80e4       0x60 c:/program files (x86)/cypress/psoc creator/4.4/psoc creator/import/gnu/arm/5.4.1/bin/../lib/gcc/arm-none-eabi/5.4.1/../../../../arm-none-eabi/lib/armv7-m\libg_nano.a(lib_a-impure.o)
 .data._impure_ptr
                0x1fff8144        0x4 c:/program files (x86)/cypress/psoc creator/4.4/psoc creator/import/gnu/arm/5.4.1/bin/../lib/gcc/arm-none-eabi/5.4.1/../../../../arm-none-eabi/lib/armv7-m\libg_nano.a(lib_a-impure.o)
                0x1fff8144                _impure_ptr
                0x1fff8148                . = ALIGN (0x8)
 *(.ram)
                0x1fff8148                _edata = .

.igot.plt       0x1fff8148        0x0 load address 0x00001db8
 .igot.plt      0x1fff8148        0x0 c:/program files (x86)/cypress/psoc creator/4.4/psoc creator/import/gnu/arm/5.4.1/bin/../lib/gcc/arm-none-eabi/5.4.1/armv7-m/crtbegin.o

.bss            0x1fff8148     0xb520 load address 0x00001db8
                0x1fff8148                PROVIDE (__bss_start__, .)
 *(.shbss)
 *(.bss .bss.* .gnu.linkonce.b.*)
 .bss           0x1fff8148       0x1c c:/program files (x86)/cypress/psoc creator/4.4/psoc creator/import/gnu/arm/5.4.1/bin/../lib/gcc/arm-none-eabi/5.4.1/armv7-m/crtbegin.o
 .bss           0x1fff8164     0xb43c .\CortexM3\ARM_GCC_541\Debug\main.o
 .bss           0x200035a0        0x1 .\CortexM3\ARM_GCC_541\Debug\AcondicionamientoAnalogico.a(Timer.o)
                0x200035a0                Timer_initVar
 .bss           0x200035a1        0x1 .\CortexM3\ARM_GCC_541\Debug\AcondicionamientoAnalogico.a(Opa_ref.o)
                0x200035a1                Opa_ref_initVar
 .bss           0x200035a2        0x9 .\CortexM3\ARM_GCC_541\Debug\AcondicionamientoAnalogico.a(UART.o)
                0x200035a2                UART_errorStatus
                0x200035a3                UART_initVar
                0x200035a4                UART_rxBufferRead
                0x200035a5                UART_rxBufferWrite
                0x200035a6                UART_rxBufferLoopDetect
                0x200035a7                UART_rxBufferOverflow
                0x200035a8                UART_txBufferRead
                0x200035a9                UART_txBufferWrite
 .bss           0x200035ab        0x1 .\CortexM3\ARM_GCC_541\Debug\AcondicionamientoAnalogico.a(PGA_ref.o)
                0x200035ab                PGA_ref_initVar
 .bss           0x200035ac        0x1 .\CortexM3\ARM_GCC_541\Debug\AcondicionamientoAnalogico.a(VDAC.o)
                0x200035ac                VDAC_initVar
 *fill*         0x200035ad        0x3 
 .bss           0x200035b0        0xc .\CortexM3\ARM_GCC_541\Debug\AcondicionamientoAnalogico.a(ADC.o)
                0x200035b4                ADC_stopConversion
                0x200035b5                ADC_convDone
                0x200035b6                ADC_initVar
                0x200035b7                ADC_started
                0x200035b8                ADC_Offset
 .bss           0x200035bc        0x1 .\CortexM3\ARM_GCC_541\Debug\AcondicionamientoAnalogico.a(LPF_ADC.o)
                0x200035bc                LPF_ADC_initVar
 .bss           0x200035bd        0x1 .\CortexM3\ARM_GCC_541\Debug\AcondicionamientoAnalogico.a(PGA.o)
                0x200035bd                PGA_initVar
 .bss           0x200035be        0x1 .\CortexM3\ARM_GCC_541\Debug\AcondicionamientoAnalogico.a(LPF_ref.o)
                0x200035be                LPF_ref_initVar
 *(COMMON)
 *fill*         0x200035bf        0x1 
 COMMON         0x200035c0       0xa0 .\CortexM3\ARM_GCC_541\Debug\AcondicionamientoAnalogico.a(UART.o)
                0x200035c0                UART_rxBuffer
                0x200035e0                UART_txBuffer
 COMMON         0x20003660        0x4 .\CortexM3\ARM_GCC_541\Debug\AcondicionamientoAnalogico.a(ADC.o)
                0x20003660                ADC_CountsPerVolt
                0x20003668                . = ALIGN (0x8)
 *fill*         0x20003664        0x4 
 *(.ram.b)
                0x20003668                _end = .
                0x20003668                __end = .
                0x20003668                PROVIDE (end, .)
                0x20003668                PROVIDE (__bss_end__, .)
                0x00001d38                __cy_region_init_ram = LOADADDR (.data)
                0x00000080                __cy_region_init_size_ram = (_edata - ADDR (.data))
                0x0000b520                __cy_region_zero_size_ram = (_end - _edata)

.heap           0x20003668       0x80 load address 0x00001db8
                0x20003668                . = _end
                0x200036e8                . = (. + 0x80)
 *fill*         0x20003668       0x80 
                0x200036e8                __cy_heap_limit = .

.stack          0x20007800      0x800
                0x20007800                __cy_stack_limit = .
                0x20008000                . = (. + 0x800)
 *fill*         0x20007800      0x800 
                0x00000001                ASSERT ((__cy_stack_limit >= __cy_heap_limit), region RAM overflowed with stack)
                0x00000000                cy_checksum_exclude_size = (CY_APPL_LOADABLE == 0x1)?SIZEOF (.cy_checksum_exclude):0x0
                0x00000001                ASSERT ((cy_checksum_exclude_size <= CY_CHECKSUM_EXCLUDE_SIZE), CY_BOOT: Section .cy_checksum_exclude size exceedes specified limit.)

.cyloadermeta
 *(.cyloadermeta)

.cyloadablemeta
 *(.cyloadablemeta)

.cyconfigecc    0x80000000      0x61c
 *(.cyconfigecc)
 .cyconfigecc   0x80000000      0x61c .\CortexM3\ARM_GCC_541\Debug\cymetadata.o
                0x80000000                cy_meta_configecc

.cycustnvl      0x90000000        0x4
 *(.cycustnvl)
 .cycustnvl     0x90000000        0x4 .\CortexM3\ARM_GCC_541\Debug\cymetadata.o
                0x90000000                cy_meta_custnvl

.cywolatch      0x90100000        0x4
 *(.cywolatch)
 .cywolatch     0x90100000        0x4 .\CortexM3\ARM_GCC_541\Debug\cymetadata.o
                0x90100000                cy_meta_wonvl

.cyeeprom       0x90200000        0x0
 *(.cyeeprom)
                0x00000001                ASSERT ((. <= ((0x90200000 + ee_offset) + ee_size)), .cyeeprom data will not fit in EEPROM)

.cyflashprotect
                0x90400000      0x100
 *(.cyflashprotect)
 .cyflashprotect
                0x90400000      0x100 .\CortexM3\ARM_GCC_541\Debug\cymetadata.o
                0x90400000                cy_meta_flashprotect

.cymeta         0x90500000        0xc
 *(.cymeta)
 .cymeta        0x90500000        0xc .\CortexM3\ARM_GCC_541\Debug\cymetadata.o
                0x90500000                cy_metadata

.rel.dyn        0x00001db8        0x0 load address 0x9050000c
 .rel.iplt      0x00001db8        0x0 c:/program files (x86)/cypress/psoc creator/4.4/psoc creator/import/gnu/arm/5.4.1/bin/../lib/gcc/arm-none-eabi/5.4.1/armv7-m/crtbegin.o

.stab
 *(.stab)

.stabstr
 *(.stabstr)

.debug
 *(.debug)

.line
 *(.line)

.debug_srcinfo
 *(.debug_srcinfo)

.debug_sfnames
 *(.debug_sfnames)

.debug_aranges  0x00000000      0xdb0
 *(.debug_aranges)
 .debug_aranges
                0x00000000       0xf0 .\CortexM3\ARM_GCC_541\Debug\main.o
 .debug_aranges
                0x000000f0       0x68 .\CortexM3\ARM_GCC_541\Debug\cyfitter_cfg.o
 .debug_aranges
                0x00000158       0x18 .\CortexM3\ARM_GCC_541\Debug\cymetadata.o
 .debug_aranges
                0x00000170       0x48 .\CortexM3\ARM_GCC_541\Debug\Cm3Start.o
 .debug_aranges
                0x000001b8      0x2a0 .\CortexM3\ARM_GCC_541\Debug\AcondicionamientoAnalogico.a(CyLib.o)
 .debug_aranges
                0x00000458       0x98 .\CortexM3\ARM_GCC_541\Debug\AcondicionamientoAnalogico.a(cyPm.o)
 .debug_aranges
                0x000004f0       0x80 .\CortexM3\ARM_GCC_541\Debug\AcondicionamientoAnalogico.a(isr_DelSig.o)
 .debug_aranges
                0x00000570       0x80 .\CortexM3\ARM_GCC_541\Debug\AcondicionamientoAnalogico.a(isr_Timer.o)
 .debug_aranges
                0x000005f0       0x90 .\CortexM3\ARM_GCC_541\Debug\AcondicionamientoAnalogico.a(Timer.o)
 .debug_aranges
                0x00000680       0x40 .\CortexM3\ARM_GCC_541\Debug\AcondicionamientoAnalogico.a(Opa_ref.o)
 .debug_aranges
                0x000006c0       0xf0 .\CortexM3\ARM_GCC_541\Debug\AcondicionamientoAnalogico.a(UART.o)
 .debug_aranges
                0x000007b0       0x28 .\CortexM3\ARM_GCC_541\Debug\AcondicionamientoAnalogico.a(UART_INT.o)
 .debug_aranges
                0x000007d8       0x70 .\CortexM3\ARM_GCC_541\Debug\AcondicionamientoAnalogico.a(UART_IntClock.o)
 .debug_aranges
                0x00000848       0x48 .\CortexM3\ARM_GCC_541\Debug\AcondicionamientoAnalogico.a(PGA_ref.o)
 .debug_aranges
                0x00000890       0x58 .\CortexM3\ARM_GCC_541\Debug\AcondicionamientoAnalogico.a(VDAC.o)
 .debug_aranges
                0x000008e8       0xe8 .\CortexM3\ARM_GCC_541\Debug\AcondicionamientoAnalogico.a(ADC.o)
 .debug_aranges
                0x000009d0       0x38 .\CortexM3\ARM_GCC_541\Debug\AcondicionamientoAnalogico.a(ADC_INT.o)
 .debug_aranges
                0x00000a08       0x70 .\CortexM3\ARM_GCC_541\Debug\AcondicionamientoAnalogico.a(ADC_Ext_CP_Clk.o)
 .debug_aranges
                0x00000a78       0x80 .\CortexM3\ARM_GCC_541\Debug\AcondicionamientoAnalogico.a(ADC_theACLK.o)
 .debug_aranges
                0x00000af8       0x38 .\CortexM3\ARM_GCC_541\Debug\AcondicionamientoAnalogico.a(SYNC_IN.o)
 .debug_aranges
                0x00000b30       0x80 .\CortexM3\ARM_GCC_541\Debug\AcondicionamientoAnalogico.a(isr_SyncIn.o)
 .debug_aranges
                0x00000bb0       0x30 .\CortexM3\ARM_GCC_541\Debug\AcondicionamientoAnalogico.a(LPF_ADC.o)
 .debug_aranges
                0x00000be0       0x48 .\CortexM3\ARM_GCC_541\Debug\AcondicionamientoAnalogico.a(PGA.o)
 .debug_aranges
                0x00000c28       0x30 .\CortexM3\ARM_GCC_541\Debug\AcondicionamientoAnalogico.a(LPF_ref.o)
 .debug_aranges
                0x00000c58       0x30 .\CortexM3\ARM_GCC_541\Debug\AcondicionamientoAnalogico.a(ADC_AMux.o)
 .debug_aranges
                0x00000c88       0x20 .\CortexM3\ARM_GCC_541\Debug\AcondicionamientoAnalogico.a(CyBootAsmGnu.o)
 .debug_aranges
                0x00000ca8       0x88 .\CortexM3\ARM_GCC_541\Debug\AcondicionamientoAnalogico.a(CyFlash.o)
 .debug_aranges
                0x00000d30       0x80 .\CortexM3\ARM_GCC_541\Debug\AcondicionamientoAnalogico.a(CySpc.o)

.debug_pubnames
 *(.debug_pubnames)

.debug_info     0x00000000     0x751d
 *(.debug_info .gnu.linkonce.wi.*)
 .debug_info    0x00000000      0xd86 .\CortexM3\ARM_GCC_541\Debug\main.o
 .debug_info    0x00000d86      0x5e6 .\CortexM3\ARM_GCC_541\Debug\cyfitter_cfg.o
 .debug_info    0x0000136c      0x137 .\CortexM3\ARM_GCC_541\Debug\cymetadata.o
 .debug_info    0x000014a3      0x3bb .\CortexM3\ARM_GCC_541\Debug\Cm3Start.o
 .debug_info    0x0000185e     0x1374 .\CortexM3\ARM_GCC_541\Debug\AcondicionamientoAnalogico.a(CyLib.o)
 .debug_info    0x00002bd2      0xa2a .\CortexM3\ARM_GCC_541\Debug\AcondicionamientoAnalogico.a(cyPm.o)
 .debug_info    0x000035fc      0x2d2 .\CortexM3\ARM_GCC_541\Debug\AcondicionamientoAnalogico.a(isr_DelSig.o)
 .debug_info    0x000038ce      0x2d2 .\CortexM3\ARM_GCC_541\Debug\AcondicionamientoAnalogico.a(isr_Timer.o)
 .debug_info    0x00003ba0      0x2ee .\CortexM3\ARM_GCC_541\Debug\AcondicionamientoAnalogico.a(Timer.o)
 .debug_info    0x00003e8e      0x151 .\CortexM3\ARM_GCC_541\Debug\AcondicionamientoAnalogico.a(Opa_ref.o)
 .debug_info    0x00003fdf      0x7be .\CortexM3\ARM_GCC_541\Debug\AcondicionamientoAnalogico.a(UART.o)
 .debug_info    0x0000479d      0x196 .\CortexM3\ARM_GCC_541\Debug\AcondicionamientoAnalogico.a(UART_INT.o)
 .debug_info    0x00004933      0x283 .\CortexM3\ARM_GCC_541\Debug\AcondicionamientoAnalogico.a(UART_IntClock.o)
 .debug_info    0x00004bb6      0x1d3 .\CortexM3\ARM_GCC_541\Debug\AcondicionamientoAnalogico.a(PGA_ref.o)
 .debug_info    0x00004d89      0x1e0 .\CortexM3\ARM_GCC_541\Debug\AcondicionamientoAnalogico.a(VDAC.o)
 .debug_info    0x00004f69      0xa1c .\CortexM3\ARM_GCC_541\Debug\AcondicionamientoAnalogico.a(ADC.o)
 .debug_info    0x00005985       0xd3 .\CortexM3\ARM_GCC_541\Debug\AcondicionamientoAnalogico.a(ADC_INT.o)
 .debug_info    0x00005a58      0x283 .\CortexM3\ARM_GCC_541\Debug\AcondicionamientoAnalogico.a(ADC_Ext_CP_Clk.o)
 .debug_info    0x00005cdb      0x2c4 .\CortexM3\ARM_GCC_541\Debug\AcondicionamientoAnalogico.a(ADC_theACLK.o)
 .debug_info    0x00005f9f      0x11f .\CortexM3\ARM_GCC_541\Debug\AcondicionamientoAnalogico.a(SYNC_IN.o)
 .debug_info    0x000060be      0x2d2 .\CortexM3\ARM_GCC_541\Debug\AcondicionamientoAnalogico.a(isr_SyncIn.o)
 .debug_info    0x00006390      0x118 .\CortexM3\ARM_GCC_541\Debug\AcondicionamientoAnalogico.a(LPF_ADC.o)
 .debug_info    0x000064a8      0x1d3 .\CortexM3\ARM_GCC_541\Debug\AcondicionamientoAnalogico.a(PGA.o)
 .debug_info    0x0000667b      0x118 .\CortexM3\ARM_GCC_541\Debug\AcondicionamientoAnalogico.a(LPF_ref.o)
 .debug_info    0x00006793      0x165 .\CortexM3\ARM_GCC_541\Debug\AcondicionamientoAnalogico.a(ADC_AMux.o)
 .debug_info    0x000068f8       0x88 .\CortexM3\ARM_GCC_541\Debug\AcondicionamientoAnalogico.a(CyBootAsmGnu.o)
 .debug_info    0x00006980      0x64d .\CortexM3\ARM_GCC_541\Debug\AcondicionamientoAnalogico.a(CyFlash.o)
 .debug_info    0x00006fcd      0x550 .\CortexM3\ARM_GCC_541\Debug\AcondicionamientoAnalogico.a(CySpc.o)

.debug_abbrev   0x00000000     0x21f2
 *(.debug_abbrev)
 .debug_abbrev  0x00000000      0x2ae .\CortexM3\ARM_GCC_541\Debug\main.o
 .debug_abbrev  0x000002ae      0x21e .\CortexM3\ARM_GCC_541\Debug\cyfitter_cfg.o
 .debug_abbrev  0x000004cc       0x77 .\CortexM3\ARM_GCC_541\Debug\cymetadata.o
 .debug_abbrev  0x00000543      0x1e8 .\CortexM3\ARM_GCC_541\Debug\Cm3Start.o
 .debug_abbrev  0x0000072b      0x254 .\CortexM3\ARM_GCC_541\Debug\AcondicionamientoAnalogico.a(CyLib.o)
 .debug_abbrev  0x0000097f      0x1ab .\CortexM3\ARM_GCC_541\Debug\AcondicionamientoAnalogico.a(cyPm.o)
 .debug_abbrev  0x00000b2a      0x173 .\CortexM3\ARM_GCC_541\Debug\AcondicionamientoAnalogico.a(isr_DelSig.o)
 .debug_abbrev  0x00000c9d      0x173 .\CortexM3\ARM_GCC_541\Debug\AcondicionamientoAnalogico.a(isr_Timer.o)
 .debug_abbrev  0x00000e10      0x12b .\CortexM3\ARM_GCC_541\Debug\AcondicionamientoAnalogico.a(Timer.o)
 .debug_abbrev  0x00000f3b       0xb2 .\CortexM3\ARM_GCC_541\Debug\AcondicionamientoAnalogico.a(Opa_ref.o)
 .debug_abbrev  0x00000fed      0x16f .\CortexM3\ARM_GCC_541\Debug\AcondicionamientoAnalogico.a(UART.o)
 .debug_abbrev  0x0000115c       0xa2 .\CortexM3\ARM_GCC_541\Debug\AcondicionamientoAnalogico.a(UART_INT.o)
 .debug_abbrev  0x000011fe      0x139 .\CortexM3\ARM_GCC_541\Debug\AcondicionamientoAnalogico.a(UART_IntClock.o)
 .debug_abbrev  0x00001337       0xf6 .\CortexM3\ARM_GCC_541\Debug\AcondicionamientoAnalogico.a(PGA_ref.o)
 .debug_abbrev  0x0000142d       0xf7 .\CortexM3\ARM_GCC_541\Debug\AcondicionamientoAnalogico.a(VDAC.o)
 .debug_abbrev  0x00001524      0x1cd .\CortexM3\ARM_GCC_541\Debug\AcondicionamientoAnalogico.a(ADC.o)
 .debug_abbrev  0x000016f1       0x42 .\CortexM3\ARM_GCC_541\Debug\AcondicionamientoAnalogico.a(ADC_INT.o)
 .debug_abbrev  0x00001733      0x139 .\CortexM3\ARM_GCC_541\Debug\AcondicionamientoAnalogico.a(ADC_Ext_CP_Clk.o)
 .debug_abbrev  0x0000186c      0x121 .\CortexM3\ARM_GCC_541\Debug\AcondicionamientoAnalogico.a(ADC_theACLK.o)
 .debug_abbrev  0x0000198d       0x90 .\CortexM3\ARM_GCC_541\Debug\AcondicionamientoAnalogico.a(SYNC_IN.o)
 .debug_abbrev  0x00001a1d      0x173 .\CortexM3\ARM_GCC_541\Debug\AcondicionamientoAnalogico.a(isr_SyncIn.o)
 .debug_abbrev  0x00001b90       0xb6 .\CortexM3\ARM_GCC_541\Debug\AcondicionamientoAnalogico.a(LPF_ADC.o)
 .debug_abbrev  0x00001c46       0xf6 .\CortexM3\ARM_GCC_541\Debug\AcondicionamientoAnalogico.a(PGA.o)
 .debug_abbrev  0x00001d3c       0xb6 .\CortexM3\ARM_GCC_541\Debug\AcondicionamientoAnalogico.a(LPF_ref.o)
 .debug_abbrev  0x00001df2       0xb1 .\CortexM3\ARM_GCC_541\Debug\AcondicionamientoAnalogico.a(ADC_AMux.o)
 .debug_abbrev  0x00001ea3       0x14 .\CortexM3\ARM_GCC_541\Debug\AcondicionamientoAnalogico.a(CyBootAsmGnu.o)
 .debug_abbrev  0x00001eb7      0x1a7 .\CortexM3\ARM_GCC_541\Debug\AcondicionamientoAnalogico.a(CyFlash.o)
 .debug_abbrev  0x0000205e      0x194 .\CortexM3\ARM_GCC_541\Debug\AcondicionamientoAnalogico.a(CySpc.o)

.debug_line     0x00000000     0x321f
 *(.debug_line)
 .debug_line    0x00000000      0x55a .\CortexM3\ARM_GCC_541\Debug\main.o
 .debug_line    0x0000055a      0x216 .\CortexM3\ARM_GCC_541\Debug\cyfitter_cfg.o
 .debug_line    0x00000770      0x141 .\CortexM3\ARM_GCC_541\Debug\cymetadata.o
 .debug_line    0x000008b1      0x234 .\CortexM3\ARM_GCC_541\Debug\Cm3Start.o
 .debug_line    0x00000ae5      0x816 .\CortexM3\ARM_GCC_541\Debug\AcondicionamientoAnalogico.a(CyLib.o)
 .debug_line    0x000012fb      0x367 .\CortexM3\ARM_GCC_541\Debug\AcondicionamientoAnalogico.a(cyPm.o)
 .debug_line    0x00001662      0x137 .\CortexM3\ARM_GCC_541\Debug\AcondicionamientoAnalogico.a(isr_DelSig.o)
 .debug_line    0x00001799      0x136 .\CortexM3\ARM_GCC_541\Debug\AcondicionamientoAnalogico.a(isr_Timer.o)
 .debug_line    0x000018cf      0x170 .\CortexM3\ARM_GCC_541\Debug\AcondicionamientoAnalogico.a(Timer.o)
 .debug_line    0x00001a3f       0xaa .\CortexM3\ARM_GCC_541\Debug\AcondicionamientoAnalogico.a(Opa_ref.o)
 .debug_line    0x00001ae9      0x33c .\CortexM3\ARM_GCC_541\Debug\AcondicionamientoAnalogico.a(UART.o)
 .debug_line    0x00001e25       0xa5 .\CortexM3\ARM_GCC_541\Debug\AcondicionamientoAnalogico.a(UART_INT.o)
 .debug_line    0x00001eca      0x17c .\CortexM3\ARM_GCC_541\Debug\AcondicionamientoAnalogico.a(UART_IntClock.o)
 .debug_line    0x00002046       0xce .\CortexM3\ARM_GCC_541\Debug\AcondicionamientoAnalogico.a(PGA_ref.o)
 .debug_line    0x00002114       0xe1 .\CortexM3\ARM_GCC_541\Debug\AcondicionamientoAnalogico.a(VDAC.o)
 .debug_line    0x000021f5      0x369 .\CortexM3\ARM_GCC_541\Debug\AcondicionamientoAnalogico.a(ADC.o)
 .debug_line    0x0000255e       0x80 .\CortexM3\ARM_GCC_541\Debug\AcondicionamientoAnalogico.a(ADC_INT.o)
 .debug_line    0x000025de      0x17d .\CortexM3\ARM_GCC_541\Debug\AcondicionamientoAnalogico.a(ADC_Ext_CP_Clk.o)
 .debug_line    0x0000275b      0x19d .\CortexM3\ARM_GCC_541\Debug\AcondicionamientoAnalogico.a(ADC_theACLK.o)
 .debug_line    0x000028f8       0x94 .\CortexM3\ARM_GCC_541\Debug\AcondicionamientoAnalogico.a(SYNC_IN.o)
 .debug_line    0x0000298c      0x137 .\CortexM3\ARM_GCC_541\Debug\AcondicionamientoAnalogico.a(isr_SyncIn.o)
 .debug_line    0x00002ac3       0x83 .\CortexM3\ARM_GCC_541\Debug\AcondicionamientoAnalogico.a(LPF_ADC.o)
 .debug_line    0x00002b46       0xca .\CortexM3\ARM_GCC_541\Debug\AcondicionamientoAnalogico.a(PGA.o)
 .debug_line    0x00002c10       0x83 .\CortexM3\ARM_GCC_541\Debug\AcondicionamientoAnalogico.a(LPF_ref.o)
 .debug_line    0x00002c93       0xac .\CortexM3\ARM_GCC_541\Debug\AcondicionamientoAnalogico.a(ADC_AMux.o)
 .debug_line    0x00002d3f       0x66 .\CortexM3\ARM_GCC_541\Debug\AcondicionamientoAnalogico.a(CyBootAsmGnu.o)
 .debug_line    0x00002da5      0x21a .\CortexM3\ARM_GCC_541\Debug\AcondicionamientoAnalogico.a(CyFlash.o)
 .debug_line    0x00002fbf      0x260 .\CortexM3\ARM_GCC_541\Debug\AcondicionamientoAnalogico.a(CySpc.o)

.debug_frame    0x00000000     0x218c
 *(.debug_frame)
 .debug_frame   0x00000000      0x2c4 .\CortexM3\ARM_GCC_541\Debug\main.o
 .debug_frame   0x000002c4      0x104 .\CortexM3\ARM_GCC_541\Debug\cyfitter_cfg.o
 .debug_frame   0x000003c8       0xb8 .\CortexM3\ARM_GCC_541\Debug\Cm3Start.o
 .debug_frame   0x00000480      0x738 .\CortexM3\ARM_GCC_541\Debug\AcondicionamientoAnalogico.a(CyLib.o)
 .debug_frame   0x00000bb8      0x1f8 .\CortexM3\ARM_GCC_541\Debug\AcondicionamientoAnalogico.a(cyPm.o)
 .debug_frame   0x00000db0      0x104 .\CortexM3\ARM_GCC_541\Debug\AcondicionamientoAnalogico.a(isr_DelSig.o)
 .debug_frame   0x00000eb4      0x104 .\CortexM3\ARM_GCC_541\Debug\AcondicionamientoAnalogico.a(isr_Timer.o)
 .debug_frame   0x00000fb8      0x124 .\CortexM3\ARM_GCC_541\Debug\AcondicionamientoAnalogico.a(Timer.o)
 .debug_frame   0x000010dc       0x78 .\CortexM3\ARM_GCC_541\Debug\AcondicionamientoAnalogico.a(Opa_ref.o)
 .debug_frame   0x00001154      0x25c .\CortexM3\ARM_GCC_541\Debug\AcondicionamientoAnalogico.a(UART.o)
 .debug_frame   0x000013b0       0x30 .\CortexM3\ARM_GCC_541\Debug\AcondicionamientoAnalogico.a(UART_INT.o)
 .debug_frame   0x000013e0       0xe0 .\CortexM3\ARM_GCC_541\Debug\AcondicionamientoAnalogico.a(UART_IntClock.o)
 .debug_frame   0x000014c0       0x9c .\CortexM3\ARM_GCC_541\Debug\AcondicionamientoAnalogico.a(PGA_ref.o)
 .debug_frame   0x0000155c       0xb4 .\CortexM3\ARM_GCC_541\Debug\AcondicionamientoAnalogico.a(VDAC.o)
 .debug_frame   0x00001610      0x290 .\CortexM3\ARM_GCC_541\Debug\AcondicionamientoAnalogico.a(ADC.o)
 .debug_frame   0x000018a0       0x50 .\CortexM3\ARM_GCC_541\Debug\AcondicionamientoAnalogico.a(ADC_INT.o)
 .debug_frame   0x000018f0       0xe0 .\CortexM3\ARM_GCC_541\Debug\AcondicionamientoAnalogico.a(ADC_Ext_CP_Clk.o)
 .debug_frame   0x000019d0      0x100 .\CortexM3\ARM_GCC_541\Debug\AcondicionamientoAnalogico.a(ADC_theACLK.o)
 .debug_frame   0x00001ad0       0x50 .\CortexM3\ARM_GCC_541\Debug\AcondicionamientoAnalogico.a(SYNC_IN.o)
 .debug_frame   0x00001b20      0x104 .\CortexM3\ARM_GCC_541\Debug\AcondicionamientoAnalogico.a(isr_SyncIn.o)
 .debug_frame   0x00001c24       0x4c .\CortexM3\ARM_GCC_541\Debug\AcondicionamientoAnalogico.a(LPF_ADC.o)
 .debug_frame   0x00001c70       0x9c .\CortexM3\ARM_GCC_541\Debug\AcondicionamientoAnalogico.a(PGA.o)
 .debug_frame   0x00001d0c       0x4c .\CortexM3\ARM_GCC_541\Debug\AcondicionamientoAnalogico.a(LPF_ref.o)
 .debug_frame   0x00001d58       0x64 .\CortexM3\ARM_GCC_541\Debug\AcondicionamientoAnalogico.a(ADC_AMux.o)
 .debug_frame   0x00001dbc      0x194 .\CortexM3\ARM_GCC_541\Debug\AcondicionamientoAnalogico.a(CyFlash.o)
 .debug_frame   0x00001f50      0x180 .\CortexM3\ARM_GCC_541\Debug\AcondicionamientoAnalogico.a(CySpc.o)
 .debug_frame   0x000020d0       0x20 c:/program files (x86)/cypress/psoc creator/4.4/psoc creator/import/gnu/arm/5.4.1/bin/../lib/gcc/arm-none-eabi/5.4.1/../../../../arm-none-eabi/lib/armv7-m\libg_nano.a(lib_a-errno.o)
 .debug_frame   0x000020f0       0x28 c:/program files (x86)/cypress/psoc creator/4.4/psoc creator/import/gnu/arm/5.4.1/bin/../lib/gcc/arm-none-eabi/5.4.1/../../../../arm-none-eabi/lib/armv7-m\libg_nano.a(lib_a-exit.o)
 .debug_frame   0x00002118       0x2c c:/program files (x86)/cypress/psoc creator/4.4/psoc creator/import/gnu/arm/5.4.1/bin/../lib/gcc/arm-none-eabi/5.4.1/../../../../arm-none-eabi/lib/armv7-m\libg_nano.a(lib_a-init.o)
 .debug_frame   0x00002144       0x28 c:/program files (x86)/cypress/psoc creator/4.4/psoc creator/import/gnu/arm/5.4.1/bin/../lib/gcc/arm-none-eabi/5.4.1/../../../../arm-none-eabi/lib/armv7-m\libg_nano.a(lib_a-memcpy-stub.o)
 .debug_frame   0x0000216c       0x20 c:/program files (x86)/cypress/psoc creator/4.4/psoc creator/import/gnu/arm/5.4.1/bin/../lib/gcc/arm-none-eabi/5.4.1/../../../../arm-none-eabi/lib/armv7-m\libg_nano.a(lib_a-memset.o)

.debug_str      0x00000000     0x2a49
 *(.debug_str)
 .debug_str     0x00000000      0x642 .\CortexM3\ARM_GCC_541\Debug\main.o
                                0x6c2 (size before relaxing)
 .debug_str     0x00000642      0x1bf .\CortexM3\ARM_GCC_541\Debug\cyfitter_cfg.o
                                0x353 (size before relaxing)
 .debug_str     0x00000801       0x7f .\CortexM3\ARM_GCC_541\Debug\cymetadata.o
                                0x1dc (size before relaxing)
 .debug_str     0x00000880      0x144 .\CortexM3\ARM_GCC_541\Debug\Cm3Start.o
                                0x302 (size before relaxing)
 .debug_str     0x000009c4      0x80c .\CortexM3\ARM_GCC_541\Debug\AcondicionamientoAnalogico.a(CyLib.o)
                                0xa3f (size before relaxing)
 .debug_str     0x000011d0      0x365 .\CortexM3\ARM_GCC_541\Debug\AcondicionamientoAnalogico.a(cyPm.o)
                                0x72b (size before relaxing)
 .debug_str     0x00001535      0x119 .\CortexM3\ARM_GCC_541\Debug\AcondicionamientoAnalogico.a(isr_DelSig.o)
                                0x2e4 (size before relaxing)
 .debug_str     0x0000164e       0xf5 .\CortexM3\ARM_GCC_541\Debug\AcondicionamientoAnalogico.a(isr_Timer.o)
                                0x2d6 (size before relaxing)
 .debug_str     0x00001743      0x12c .\CortexM3\ARM_GCC_541\Debug\AcondicionamientoAnalogico.a(Timer.o)
                                0x333 (size before relaxing)
 .debug_str     0x0000186f       0x71 .\CortexM3\ARM_GCC_541\Debug\AcondicionamientoAnalogico.a(Opa_ref.o)
                                0x1fd (size before relaxing)
 .debug_str     0x000018e0      0x357 .\CortexM3\ARM_GCC_541\Debug\AcondicionamientoAnalogico.a(UART.o)
                                0x590 (size before relaxing)
 .debug_str     0x00001c37       0x5e .\CortexM3\ARM_GCC_541\Debug\AcondicionamientoAnalogico.a(UART_INT.o)
                                0x281 (size before relaxing)
 .debug_str     0x00001c95      0x183 .\CortexM3\ARM_GCC_541\Debug\AcondicionamientoAnalogico.a(UART_IntClock.o)
                                0x32e (size before relaxing)
 .debug_str     0x00001e18       0x99 .\CortexM3\ARM_GCC_541\Debug\AcondicionamientoAnalogico.a(PGA_ref.o)
                                0x23b (size before relaxing)
 .debug_str     0x00001eb1       0x80 .\CortexM3\ARM_GCC_541\Debug\AcondicionamientoAnalogico.a(VDAC.o)
                                0x20d (size before relaxing)
 .debug_str     0x00001f31      0x2fb .\CortexM3\ARM_GCC_541\Debug\AcondicionamientoAnalogico.a(ADC.o)
                                0x5c1 (size before relaxing)
 .debug_str     0x0000222c       0x45 .\CortexM3\ARM_GCC_541\Debug\AcondicionamientoAnalogico.a(ADC_INT.o)
                                0x1b8 (size before relaxing)
 .debug_str     0x00002271      0x12a .\CortexM3\ARM_GCC_541\Debug\AcondicionamientoAnalogico.a(ADC_Ext_CP_Clk.o)
                                0x33a (size before relaxing)
 .debug_str     0x0000239b      0x14f .\CortexM3\ARM_GCC_541\Debug\AcondicionamientoAnalogico.a(ADC_theACLK.o)
                                0x359 (size before relaxing)
 .debug_str     0x000024ea       0x63 .\CortexM3\ARM_GCC_541\Debug\AcondicionamientoAnalogico.a(SYNC_IN.o)
                                0x1e4 (size before relaxing)
 .debug_str     0x0000254d      0x119 .\CortexM3\ARM_GCC_541\Debug\AcondicionamientoAnalogico.a(isr_SyncIn.o)
                                0x2e4 (size before relaxing)
 .debug_str     0x00002666       0x5b .\CortexM3\ARM_GCC_541\Debug\AcondicionamientoAnalogico.a(LPF_ADC.o)
                                0x1d8 (size before relaxing)
 .debug_str     0x000026c1       0x6e .\CortexM3\ARM_GCC_541\Debug\AcondicionamientoAnalogico.a(PGA.o)
                                0x213 (size before relaxing)
 .debug_str     0x0000272f       0x54 .\CortexM3\ARM_GCC_541\Debug\AcondicionamientoAnalogico.a(LPF_ref.o)
                                0x1d8 (size before relaxing)
 .debug_str     0x00002783       0x5f .\CortexM3\ARM_GCC_541\Debug\AcondicionamientoAnalogico.a(ADC_AMux.o)
                                0x1f7 (size before relaxing)
 .debug_str     0x000027e2      0x1bb .\CortexM3\ARM_GCC_541\Debug\AcondicionamientoAnalogico.a(CyFlash.o)
                                0x3b8 (size before relaxing)
 .debug_str     0x0000299d       0xac .\CortexM3\ARM_GCC_541\Debug\AcondicionamientoAnalogico.a(CySpc.o)
                                0x330 (size before relaxing)

.debug_loc      0x00000000     0x2fd3
 *(.debug_loc)
 .debug_loc     0x00000000      0x444 .\CortexM3\ARM_GCC_541\Debug\main.o
 .debug_loc     0x00000444      0x219 .\CortexM3\ARM_GCC_541\Debug\cyfitter_cfg.o
 .debug_loc     0x0000065d      0x144 .\CortexM3\ARM_GCC_541\Debug\Cm3Start.o
 .debug_loc     0x000007a1      0xa11 .\CortexM3\ARM_GCC_541\Debug\AcondicionamientoAnalogico.a(CyLib.o)
 .debug_loc     0x000011b2      0x1e4 .\CortexM3\ARM_GCC_541\Debug\AcondicionamientoAnalogico.a(cyPm.o)
 .debug_loc     0x00001396       0x56 .\CortexM3\ARM_GCC_541\Debug\AcondicionamientoAnalogico.a(isr_DelSig.o)
 .debug_loc     0x000013ec       0x56 .\CortexM3\ARM_GCC_541\Debug\AcondicionamientoAnalogico.a(isr_Timer.o)
 .debug_loc     0x00001442       0x13 .\CortexM3\ARM_GCC_541\Debug\AcondicionamientoAnalogico.a(Timer.o)
 .debug_loc     0x00001455       0x21 .\CortexM3\ARM_GCC_541\Debug\AcondicionamientoAnalogico.a(Opa_ref.o)
 .debug_loc     0x00001476      0x36c .\CortexM3\ARM_GCC_541\Debug\AcondicionamientoAnalogico.a(UART.o)
 .debug_loc     0x000017e2       0x45 .\CortexM3\ARM_GCC_541\Debug\AcondicionamientoAnalogico.a(UART_INT.o)
 .debug_loc     0x00001827      0x128 .\CortexM3\ARM_GCC_541\Debug\AcondicionamientoAnalogico.a(UART_IntClock.o)
 .debug_loc     0x0000194f       0x60 .\CortexM3\ARM_GCC_541\Debug\AcondicionamientoAnalogico.a(PGA_ref.o)
 .debug_loc     0x000019af       0x79 .\CortexM3\ARM_GCC_541\Debug\AcondicionamientoAnalogico.a(VDAC.o)
 .debug_loc     0x00001a28      0x6d5 .\CortexM3\ARM_GCC_541\Debug\AcondicionamientoAnalogico.a(ADC.o)
 .debug_loc     0x000020fd      0x12c .\CortexM3\ARM_GCC_541\Debug\AcondicionamientoAnalogico.a(ADC_Ext_CP_Clk.o)
 .debug_loc     0x00002229      0x14d .\CortexM3\ARM_GCC_541\Debug\AcondicionamientoAnalogico.a(ADC_theACLK.o)
 .debug_loc     0x00002376       0x42 .\CortexM3\ARM_GCC_541\Debug\AcondicionamientoAnalogico.a(SYNC_IN.o)
 .debug_loc     0x000023b8       0x56 .\CortexM3\ARM_GCC_541\Debug\AcondicionamientoAnalogico.a(isr_SyncIn.o)
 .debug_loc     0x0000240e       0x21 .\CortexM3\ARM_GCC_541\Debug\AcondicionamientoAnalogico.a(LPF_ADC.o)
 .debug_loc     0x0000242f       0x60 .\CortexM3\ARM_GCC_541\Debug\AcondicionamientoAnalogico.a(PGA.o)
 .debug_loc     0x0000248f       0x21 .\CortexM3\ARM_GCC_541\Debug\AcondicionamientoAnalogico.a(LPF_ref.o)
 .debug_loc     0x000024b0       0x6c .\CortexM3\ARM_GCC_541\Debug\AcondicionamientoAnalogico.a(ADC_AMux.o)
 .debug_loc     0x0000251c      0x3b2 .\CortexM3\ARM_GCC_541\Debug\AcondicionamientoAnalogico.a(CyFlash.o)
 .debug_loc     0x000028ce      0x705 .\CortexM3\ARM_GCC_541\Debug\AcondicionamientoAnalogico.a(CySpc.o)

.debug_macinfo
 *(.debug_macinfo)

.debug_ranges   0x00000000      0xbd8
 *(.debug_ranges)
 .debug_ranges  0x00000000       0xe0 .\CortexM3\ARM_GCC_541\Debug\main.o
 .debug_ranges  0x000000e0       0x58 .\CortexM3\ARM_GCC_541\Debug\cyfitter_cfg.o
 .debug_ranges  0x00000138       0x38 .\CortexM3\ARM_GCC_541\Debug\Cm3Start.o
 .debug_ranges  0x00000170      0x290 .\CortexM3\ARM_GCC_541\Debug\AcondicionamientoAnalogico.a(CyLib.o)
 .debug_ranges  0x00000400       0x88 .\CortexM3\ARM_GCC_541\Debug\AcondicionamientoAnalogico.a(cyPm.o)
 .debug_ranges  0x00000488       0x70 .\CortexM3\ARM_GCC_541\Debug\AcondicionamientoAnalogico.a(isr_DelSig.o)
 .debug_ranges  0x000004f8       0x70 .\CortexM3\ARM_GCC_541\Debug\AcondicionamientoAnalogico.a(isr_Timer.o)
 .debug_ranges  0x00000568       0x80 .\CortexM3\ARM_GCC_541\Debug\AcondicionamientoAnalogico.a(Timer.o)
 .debug_ranges  0x000005e8       0x30 .\CortexM3\ARM_GCC_541\Debug\AcondicionamientoAnalogico.a(Opa_ref.o)
 .debug_ranges  0x00000618       0xe0 .\CortexM3\ARM_GCC_541\Debug\AcondicionamientoAnalogico.a(UART.o)
 .debug_ranges  0x000006f8       0x18 .\CortexM3\ARM_GCC_541\Debug\AcondicionamientoAnalogico.a(UART_INT.o)
 .debug_ranges  0x00000710       0x60 .\CortexM3\ARM_GCC_541\Debug\AcondicionamientoAnalogico.a(UART_IntClock.o)
 .debug_ranges  0x00000770       0x38 .\CortexM3\ARM_GCC_541\Debug\AcondicionamientoAnalogico.a(PGA_ref.o)
 .debug_ranges  0x000007a8       0x48 .\CortexM3\ARM_GCC_541\Debug\AcondicionamientoAnalogico.a(VDAC.o)
 .debug_ranges  0x000007f0       0xd8 .\CortexM3\ARM_GCC_541\Debug\AcondicionamientoAnalogico.a(ADC.o)
 .debug_ranges  0x000008c8       0x28 .\CortexM3\ARM_GCC_541\Debug\AcondicionamientoAnalogico.a(ADC_INT.o)
 .debug_ranges  0x000008f0       0x60 .\CortexM3\ARM_GCC_541\Debug\AcondicionamientoAnalogico.a(ADC_Ext_CP_Clk.o)
 .debug_ranges  0x00000950       0x70 .\CortexM3\ARM_GCC_541\Debug\AcondicionamientoAnalogico.a(ADC_theACLK.o)
 .debug_ranges  0x000009c0       0x28 .\CortexM3\ARM_GCC_541\Debug\AcondicionamientoAnalogico.a(SYNC_IN.o)
 .debug_ranges  0x000009e8       0x70 .\CortexM3\ARM_GCC_541\Debug\AcondicionamientoAnalogico.a(isr_SyncIn.o)
 .debug_ranges  0x00000a58       0x20 .\CortexM3\ARM_GCC_541\Debug\AcondicionamientoAnalogico.a(LPF_ADC.o)
 .debug_ranges  0x00000a78       0x38 .\CortexM3\ARM_GCC_541\Debug\AcondicionamientoAnalogico.a(PGA.o)
 .debug_ranges  0x00000ab0       0x20 .\CortexM3\ARM_GCC_541\Debug\AcondicionamientoAnalogico.a(LPF_ref.o)
 .debug_ranges  0x00000ad0       0x20 .\CortexM3\ARM_GCC_541\Debug\AcondicionamientoAnalogico.a(ADC_AMux.o)
 .debug_ranges  0x00000af0       0x78 .\CortexM3\ARM_GCC_541\Debug\AcondicionamientoAnalogico.a(CyFlash.o)
 .debug_ranges  0x00000b68       0x70 .\CortexM3\ARM_GCC_541\Debug\AcondicionamientoAnalogico.a(CySpc.o)

.comment        0x00000000       0x6e
 .comment       0x00000000       0x6e .\CortexM3\ARM_GCC_541\Debug\main.o
                                 0x6f (size before relaxing)
 .comment       0x0000006e       0x6f .\CortexM3\ARM_GCC_541\Debug\cyfitter_cfg.o
 .comment       0x0000006e       0x6f .\CortexM3\ARM_GCC_541\Debug\cymetadata.o
 .comment       0x0000006e       0x6f .\CortexM3\ARM_GCC_541\Debug\Cm3Start.o
 .comment       0x0000006e       0x6f .\CortexM3\ARM_GCC_541\Debug\AcondicionamientoAnalogico.a(CyLib.o)
 .comment       0x0000006e       0x6f .\CortexM3\ARM_GCC_541\Debug\AcondicionamientoAnalogico.a(cyPm.o)
 .comment       0x0000006e       0x6f .\CortexM3\ARM_GCC_541\Debug\AcondicionamientoAnalogico.a(isr_DelSig.o)
 .comment       0x0000006e       0x6f .\CortexM3\ARM_GCC_541\Debug\AcondicionamientoAnalogico.a(isr_Timer.o)
 .comment       0x0000006e       0x6f .\CortexM3\ARM_GCC_541\Debug\AcondicionamientoAnalogico.a(Timer.o)
 .comment       0x0000006e       0x6f .\CortexM3\ARM_GCC_541\Debug\AcondicionamientoAnalogico.a(Opa_ref.o)
 .comment       0x0000006e       0x6f .\CortexM3\ARM_GCC_541\Debug\AcondicionamientoAnalogico.a(UART.o)
 .comment       0x0000006e       0x6f .\CortexM3\ARM_GCC_541\Debug\AcondicionamientoAnalogico.a(UART_INT.o)
 .comment       0x0000006e       0x6f .\CortexM3\ARM_GCC_541\Debug\AcondicionamientoAnalogico.a(UART_IntClock.o)
 .comment       0x0000006e       0x6f .\CortexM3\ARM_GCC_541\Debug\AcondicionamientoAnalogico.a(PGA_ref.o)
 .comment       0x0000006e       0x6f .\CortexM3\ARM_GCC_541\Debug\AcondicionamientoAnalogico.a(VDAC.o)
 .comment       0x0000006e       0x6f .\CortexM3\ARM_GCC_541\Debug\AcondicionamientoAnalogico.a(ADC.o)
 .comment       0x0000006e       0x6f .\CortexM3\ARM_GCC_541\Debug\AcondicionamientoAnalogico.a(ADC_INT.o)
 .comment       0x0000006e       0x6f .\CortexM3\ARM_GCC_541\Debug\AcondicionamientoAnalogico.a(ADC_Ext_CP_Clk.o)
 .comment       0x0000006e       0x6f .\CortexM3\ARM_GCC_541\Debug\AcondicionamientoAnalogico.a(ADC_theACLK.o)
 .comment       0x0000006e       0x6f .\CortexM3\ARM_GCC_541\Debug\AcondicionamientoAnalogico.a(SYNC_IN.o)
 .comment       0x0000006e       0x6f .\CortexM3\ARM_GCC_541\Debug\AcondicionamientoAnalogico.a(isr_SyncIn.o)
 .comment       0x0000006e       0x6f .\CortexM3\ARM_GCC_541\Debug\AcondicionamientoAnalogico.a(LPF_ADC.o)
 .comment       0x0000006e       0x6f .\CortexM3\ARM_GCC_541\Debug\AcondicionamientoAnalogico.a(PGA.o)
 .comment       0x0000006e       0x6f .\CortexM3\ARM_GCC_541\Debug\AcondicionamientoAnalogico.a(LPF_ref.o)
 .comment       0x0000006e       0x6f .\CortexM3\ARM_GCC_541\Debug\AcondicionamientoAnalogico.a(ADC_AMux.o)
 .comment       0x0000006e       0x6f .\CortexM3\ARM_GCC_541\Debug\AcondicionamientoAnalogico.a(CyFlash.o)
 .comment       0x0000006e       0x6f .\CortexM3\ARM_GCC_541\Debug\AcondicionamientoAnalogico.a(CySpc.o)

.debug_weaknames
 *(.debug_weaknames)

.debug_funcnames
 *(.debug_funcnames)

.debug_typenames
 *(.debug_typenames)

.debug_varnames
 *(.debug_varnames)

.note.gnu.arm.ident
 *(.note.gnu.arm.ident)

.ARM.attributes
                0x00000000       0x29
 *(.ARM.attributes)
 .ARM.attributes
                0x00000000       0x1d c:/program files (x86)/cypress/psoc creator/4.4/psoc creator/import/gnu/arm/5.4.1/bin/../lib/gcc/arm-none-eabi/5.4.1/armv7-m/crti.o
 .ARM.attributes
                0x0000001d       0x2d c:/program files (x86)/cypress/psoc creator/4.4/psoc creator/import/gnu/arm/5.4.1/bin/../lib/gcc/arm-none-eabi/5.4.1/armv7-m/crtbegin.o
 .ARM.attributes
                0x0000004a       0x1b c:/program files (x86)/cypress/psoc creator/4.4/psoc creator/import/gnu/arm/5.4.1/bin/../lib/gcc/arm-none-eabi/5.4.1/../../../../arm-none-eabi/lib/armv7-m/crt0.o
 .ARM.attributes
                0x00000065       0x33 .\CortexM3\ARM_GCC_541\Debug\main.o
 .ARM.attributes
                0x00000098       0x33 .\CortexM3\ARM_GCC_541\Debug\cyfitter_cfg.o
 .ARM.attributes
                0x000000cb       0x33 .\CortexM3\ARM_GCC_541\Debug\cymetadata.o
 .ARM.attributes
                0x000000fe       0x33 .\CortexM3\ARM_GCC_541\Debug\Cm3Start.o
 .ARM.attributes
                0x00000131       0x33 .\CortexM3\ARM_GCC_541\Debug\AcondicionamientoAnalogico.a(CyLib.o)
 .ARM.attributes
                0x00000164       0x33 .\CortexM3\ARM_GCC_541\Debug\AcondicionamientoAnalogico.a(cyPm.o)
 .ARM.attributes
                0x00000197       0x33 .\CortexM3\ARM_GCC_541\Debug\AcondicionamientoAnalogico.a(isr_DelSig.o)
 .ARM.attributes
                0x000001ca       0x33 .\CortexM3\ARM_GCC_541\Debug\AcondicionamientoAnalogico.a(isr_Timer.o)
 .ARM.attributes
                0x000001fd       0x33 .\CortexM3\ARM_GCC_541\Debug\AcondicionamientoAnalogico.a(Timer.o)
 .ARM.attributes
                0x00000230       0x33 .\CortexM3\ARM_GCC_541\Debug\AcondicionamientoAnalogico.a(Opa_ref.o)
 .ARM.attributes
                0x00000263       0x33 .\CortexM3\ARM_GCC_541\Debug\AcondicionamientoAnalogico.a(UART.o)
 .ARM.attributes
                0x00000296       0x33 .\CortexM3\ARM_GCC_541\Debug\AcondicionamientoAnalogico.a(UART_INT.o)
 .ARM.attributes
                0x000002c9       0x33 .\CortexM3\ARM_GCC_541\Debug\AcondicionamientoAnalogico.a(UART_IntClock.o)
 .ARM.attributes
                0x000002fc       0x33 .\CortexM3\ARM_GCC_541\Debug\AcondicionamientoAnalogico.a(PGA_ref.o)
 .ARM.attributes
                0x0000032f       0x33 .\CortexM3\ARM_GCC_541\Debug\AcondicionamientoAnalogico.a(VDAC.o)
 .ARM.attributes
                0x00000362       0x33 .\CortexM3\ARM_GCC_541\Debug\AcondicionamientoAnalogico.a(ADC.o)
 .ARM.attributes
                0x00000395       0x33 .\CortexM3\ARM_GCC_541\Debug\AcondicionamientoAnalogico.a(ADC_INT.o)
 .ARM.attributes
                0x000003c8       0x33 .\CortexM3\ARM_GCC_541\Debug\AcondicionamientoAnalogico.a(ADC_Ext_CP_Clk.o)
 .ARM.attributes
                0x000003fb       0x33 .\CortexM3\ARM_GCC_541\Debug\AcondicionamientoAnalogico.a(ADC_theACLK.o)
 .ARM.attributes
                0x0000042e       0x33 .\CortexM3\ARM_GCC_541\Debug\AcondicionamientoAnalogico.a(SYNC_IN.o)
 .ARM.attributes
                0x00000461       0x33 .\CortexM3\ARM_GCC_541\Debug\AcondicionamientoAnalogico.a(isr_SyncIn.o)
 .ARM.attributes
                0x00000494       0x33 .\CortexM3\ARM_GCC_541\Debug\AcondicionamientoAnalogico.a(LPF_ADC.o)
 .ARM.attributes
                0x000004c7       0x33 .\CortexM3\ARM_GCC_541\Debug\AcondicionamientoAnalogico.a(PGA.o)
 .ARM.attributes
                0x000004fa       0x33 .\CortexM3\ARM_GCC_541\Debug\AcondicionamientoAnalogico.a(LPF_ref.o)
 .ARM.attributes
                0x0000052d       0x33 .\CortexM3\ARM_GCC_541\Debug\AcondicionamientoAnalogico.a(ADC_AMux.o)
 .ARM.attributes
                0x00000560       0x21 .\CortexM3\ARM_GCC_541\Debug\AcondicionamientoAnalogico.a(CyBootAsmGnu.o)
 .ARM.attributes
                0x00000581       0x33 .\CortexM3\ARM_GCC_541\Debug\AcondicionamientoAnalogico.a(CyFlash.o)
 .ARM.attributes
                0x000005b4       0x33 .\CortexM3\ARM_GCC_541\Debug\AcondicionamientoAnalogico.a(CySpc.o)
 .ARM.attributes
                0x000005e7       0x1d c:/program files (x86)/cypress/psoc creator/4.4/psoc creator/import/gnu/arm/5.4.1/bin/../lib/gcc/arm-none-eabi/5.4.1/armv7-m\libgcc.a(_arm_addsubdf3.o)
 .ARM.attributes
                0x00000604       0x1d c:/program files (x86)/cypress/psoc creator/4.4/psoc creator/import/gnu/arm/5.4.1/bin/../lib/gcc/arm-none-eabi/5.4.1/armv7-m\libgcc.a(_arm_cmpdf2.o)
 .ARM.attributes
                0x00000621       0x1d c:/program files (x86)/cypress/psoc creator/4.4/psoc creator/import/gnu/arm/5.4.1/bin/../lib/gcc/arm-none-eabi/5.4.1/armv7-m\libgcc.a(_arm_addsubsf3.o)
 .ARM.attributes
                0x0000063e       0x1d c:/program files (x86)/cypress/psoc creator/4.4/psoc creator/import/gnu/arm/5.4.1/bin/../lib/gcc/arm-none-eabi/5.4.1/armv7-m\libgcc.a(_arm_muldivsf3.o)
 .ARM.attributes
                0x0000065b       0x1d c:/program files (x86)/cypress/psoc creator/4.4/psoc creator/import/gnu/arm/5.4.1/bin/../lib/gcc/arm-none-eabi/5.4.1/armv7-m\libgcc.a(_arm_fixunssfsi.o)
 .ARM.attributes
                0x00000678       0x2d c:/program files (x86)/cypress/psoc creator/4.4/psoc creator/import/gnu/arm/5.4.1/bin/../lib/gcc/arm-none-eabi/5.4.1/../../../../arm-none-eabi/lib/armv7-m\libg_nano.a(lib_a-errno.o)
 .ARM.attributes
                0x000006a5       0x2d c:/program files (x86)/cypress/psoc creator/4.4/psoc creator/import/gnu/arm/5.4.1/bin/../lib/gcc/arm-none-eabi/5.4.1/../../../../arm-none-eabi/lib/armv7-m\libg_nano.a(lib_a-exit.o)
 .ARM.attributes
                0x000006d2       0x2d c:/program files (x86)/cypress/psoc creator/4.4/psoc creator/import/gnu/arm/5.4.1/bin/../lib/gcc/arm-none-eabi/5.4.1/../../../../arm-none-eabi/lib/armv7-m\libg_nano.a(lib_a-impure.o)
 .ARM.attributes
                0x000006ff       0x2d c:/program files (x86)/cypress/psoc creator/4.4/psoc creator/import/gnu/arm/5.4.1/bin/../lib/gcc/arm-none-eabi/5.4.1/../../../../arm-none-eabi/lib/armv7-m\libg_nano.a(lib_a-init.o)
 .ARM.attributes
                0x0000072c       0x2d c:/program files (x86)/cypress/psoc creator/4.4/psoc creator/import/gnu/arm/5.4.1/bin/../lib/gcc/arm-none-eabi/5.4.1/../../../../arm-none-eabi/lib/armv7-m\libg_nano.a(lib_a-memcpy-stub.o)
 .ARM.attributes
                0x00000759       0x2d c:/program files (x86)/cypress/psoc creator/4.4/psoc creator/import/gnu/arm/5.4.1/bin/../lib/gcc/arm-none-eabi/5.4.1/../../../../arm-none-eabi/lib/armv7-m\libg_nano.a(lib_a-memset.o)
 .ARM.attributes
                0x00000786       0x2d c:/program files (x86)/cypress/psoc creator/4.4/psoc creator/import/gnu/arm/5.4.1/bin/../lib/gcc/arm-none-eabi/5.4.1/armv7-m/crtend.o
 .ARM.attributes
                0x000007b3       0x1d c:/program files (x86)/cypress/psoc creator/4.4/psoc creator/import/gnu/arm/5.4.1/bin/../lib/gcc/arm-none-eabi/5.4.1/armv7-m/crtn.o

/DISCARD/
 *(.note.GNU-stack)
OUTPUT(C:\Github\Tesis\src\psoc\AcondicionamientoAnalogico.cydsn\CortexM3\ARM_GCC_541\Debug\AcondicionamientoAnalogico.elf elf32-littlearm)
