Archive member included to satisfy reference by file (symbol)

.\CortexM3\ARM_GCC_541\Debug\AcondicionamientoAnalogico.a(CyLib.o)
                              .\CortexM3\ARM_GCC_541\Debug\Cm3Start.o (symbol from plugin) (CyHalt)
.\CortexM3\ARM_GCC_541\Debug\AcondicionamientoAnalogico.a(cyPm.o)
                              CyLib.o (symbol from plugin) (CyPmReadStatus)
.\CortexM3\ARM_GCC_541\Debug\AcondicionamientoAnalogico.a(isr_DelSig.o)
                              .\CortexM3\ARM_GCC_541\Debug\main.o (symbol from plugin) (isr_DelSig_StartEx)
.\CortexM3\ARM_GCC_541\Debug\AcondicionamientoAnalogico.a(isr_Timer.o)
                              .\CortexM3\ARM_GCC_541\Debug\main.o (symbol from plugin) (isr_Timer_StartEx)
.\CortexM3\ARM_GCC_541\Debug\AcondicionamientoAnalogico.a(Timer.o)
                              .\CortexM3\ARM_GCC_541\Debug\main.o (symbol from plugin) (Timer_Start)
.\CortexM3\ARM_GCC_541\Debug\AcondicionamientoAnalogico.a(LED.o)
                              .\CortexM3\ARM_GCC_541\Debug\main.o (symbol from plugin) (LED_Write)
.\CortexM3\ARM_GCC_541\Debug\AcondicionamientoAnalogico.a(UART.o)
                              .\CortexM3\ARM_GCC_541\Debug\main.o (symbol from plugin) (UART_Start)
.\CortexM3\ARM_GCC_541\Debug\AcondicionamientoAnalogico.a(UART_INT.o)
                              UART.o (symbol from plugin) (UART_RXISR)
.\CortexM3\ARM_GCC_541\Debug\AcondicionamientoAnalogico.a(UART_IntClock.o)
                              UART.o (symbol from plugin) (UART_IntClock_Start)
.\CortexM3\ARM_GCC_541\Debug\AcondicionamientoAnalogico.a(OPAbp.o)
                              .\CortexM3\ARM_GCC_541\Debug\psoc_hw.o (symbol from plugin) (OPAbp_Start)
.\CortexM3\ARM_GCC_541\Debug\AcondicionamientoAnalogico.a(OPAlp.o)
                              .\CortexM3\ARM_GCC_541\Debug\psoc_hw.o (symbol from plugin) (OPAlp_Start)
.\CortexM3\ARM_GCC_541\Debug\AcondicionamientoAnalogico.a(OPAadder.o)
                              .\CortexM3\ARM_GCC_541\Debug\psoc_hw.o (symbol from plugin) (OPAadder_Start)
.\CortexM3\ARM_GCC_541\Debug\AcondicionamientoAnalogico.a(ADC.o)
                              .\CortexM3\ARM_GCC_541\Debug\calibration.o (symbol from plugin) (ADC_Start)
.\CortexM3\ARM_GCC_541\Debug\AcondicionamientoAnalogico.a(ADC_INT.o)
                              ADC.o (symbol from plugin) (ADC_ISR1)
.\CortexM3\ARM_GCC_541\Debug\AcondicionamientoAnalogico.a(PGAgain.o)
                              .\CortexM3\ARM_GCC_541\Debug\psoc_hw.o (symbol from plugin) (PGAgain_Start)
.\CortexM3\ARM_GCC_541\Debug\AcondicionamientoAnalogico.a(PGAn.o)
                              .\CortexM3\ARM_GCC_541\Debug\psoc_hw.o (symbol from plugin) (PGAn_Start)
.\CortexM3\ARM_GCC_541\Debug\AcondicionamientoAnalogico.a(PGAp.o)
                              .\CortexM3\ARM_GCC_541\Debug\psoc_hw.o (symbol from plugin) (PGAp_Start)
.\CortexM3\ARM_GCC_541\Debug\AcondicionamientoAnalogico.a(ADC_Ext_CP_Clk.o)
                              ADC.o (symbol from plugin) (ADC_Ext_CP_Clk_SetDividerRegister)
.\CortexM3\ARM_GCC_541\Debug\AcondicionamientoAnalogico.a(ADC_theACLK.o)
                              ADC.o (symbol from plugin) (ADC_theACLK_SetDividerRegister)
.\CortexM3\ARM_GCC_541\Debug\AcondicionamientoAnalogico.a(OPAref.o)
                              .\CortexM3\ARM_GCC_541\Debug\psoc_hw.o (symbol from plugin) (OPAref_Start)
.\CortexM3\ARM_GCC_541\Debug\AcondicionamientoAnalogico.a(LPF_1.o)
                              .\CortexM3\ARM_GCC_541\Debug\psoc_hw.o (symbol from plugin) (LPF_1_Start)
.\CortexM3\ARM_GCC_541\Debug\AcondicionamientoAnalogico.a(LPF_2.o)
                              .\CortexM3\ARM_GCC_541\Debug\psoc_hw.o (symbol from plugin) (LPF_2_Start)
.\CortexM3\ARM_GCC_541\Debug\AcondicionamientoAnalogico.a(SYNC_IN.o)
                              .\CortexM3\ARM_GCC_541\Debug\main.o (symbol from plugin) (SYNC_IN_Read)
.\CortexM3\ARM_GCC_541\Debug\AcondicionamientoAnalogico.a(isr_SyncIn.o)
                              .\CortexM3\ARM_GCC_541\Debug\main.o (symbol from plugin) (isr_SyncIn_StartEx)
.\CortexM3\ARM_GCC_541\Debug\AcondicionamientoAnalogico.a(VDAC_ref_LP.o)
                              .\CortexM3\ARM_GCC_541\Debug\calibration.o (symbol from plugin) (VDAC_ref_LP_Start)
.\CortexM3\ARM_GCC_541\Debug\AcondicionamientoAnalogico.a(VDAC_ref_BP.o)
                              .\CortexM3\ARM_GCC_541\Debug\calibration.o (symbol from plugin) (VDAC_ref_BP_Start)
.\CortexM3\ARM_GCC_541\Debug\AcondicionamientoAnalogico.a(VDAC_ref_PGA.o)
                              .\CortexM3\ARM_GCC_541\Debug\calibration.o (symbol from plugin) (VDAC_ref_PGA_Start)
.\CortexM3\ARM_GCC_541\Debug\AcondicionamientoAnalogico.a(VDAC_Ref_Adder.o)
                              .\CortexM3\ARM_GCC_541\Debug\calibration.o (symbol from plugin) (VDAC_Ref_Adder_Start)
.\CortexM3\ARM_GCC_541\Debug\AcondicionamientoAnalogico.a(AMux_ADC.o)
                              .\CortexM3\ARM_GCC_541\Debug\calibration.o (symbol from plugin) (AMux_ADC_Start)
.\CortexM3\ARM_GCC_541\Debug\AcondicionamientoAnalogico.a(PGAshield.o)
                              .\CortexM3\ARM_GCC_541\Debug\psoc_hw.o (symbol from plugin) (PGAshield_Start)
.\CortexM3\ARM_GCC_541\Debug\AcondicionamientoAnalogico.a(Clock_1.o)
                              .\CortexM3\ARM_GCC_541\Debug\main.o (symbol from plugin) (Clock_1_Start)
.\CortexM3\ARM_GCC_541\Debug\AcondicionamientoAnalogico.a(isr_Button.o)
                              .\CortexM3\ARM_GCC_541\Debug\main.o (symbol from plugin) (isr_Button_StartEx)
.\CortexM3\ARM_GCC_541\Debug\AcondicionamientoAnalogico.a(CyBootAsmGnu.o)
                              .\CortexM3\ARM_GCC_541\Debug\cyfitter_cfg.o (symbol from plugin) (CyDelayCycles)
.\CortexM3\ARM_GCC_541\Debug\AcondicionamientoAnalogico.a(CyFlash.o)
                              cyPm.o (symbol from plugin) (CyFlash_SetWaitCycles)
.\CortexM3\ARM_GCC_541\Debug\AcondicionamientoAnalogico.a(CySpc.o)
                              CyFlash.o (symbol from plugin) (CySpcStart)
c:/program files (x86)/cypress/psoc creator/4.4/psoc creator/import/gnu/arm/5.4.1/bin/../lib/gcc/arm-none-eabi/5.4.1/../../../../arm-none-eabi/lib/armv7-m\libg_nano.a(lib_a-errno.o)
                              .\CortexM3\ARM_GCC_541\Debug\Cm3Start.o (symbol from plugin) (__errno)
c:/program files (x86)/cypress/psoc creator/4.4/psoc creator/import/gnu/arm/5.4.1/bin/../lib/gcc/arm-none-eabi/5.4.1/../../../../arm-none-eabi/lib/armv7-m\libg_nano.a(lib_a-exit.o)
                              c:/program files (x86)/cypress/psoc creator/4.4/psoc creator/import/gnu/arm/5.4.1/bin/../lib/gcc/arm-none-eabi/5.4.1/../../../../arm-none-eabi/lib/armv7-m/crt0.o (exit)
c:/program files (x86)/cypress/psoc creator/4.4/psoc creator/import/gnu/arm/5.4.1/bin/../lib/gcc/arm-none-eabi/5.4.1/../../../../arm-none-eabi/lib/armv7-m\libg_nano.a(lib_a-impure.o)
                              c:/program files (x86)/cypress/psoc creator/4.4/psoc creator/import/gnu/arm/5.4.1/bin/../lib/gcc/arm-none-eabi/5.4.1/../../../../arm-none-eabi/lib/armv7-m\libg_nano.a(lib_a-exit.o) (_global_impure_ptr)
c:/program files (x86)/cypress/psoc creator/4.4/psoc creator/import/gnu/arm/5.4.1/bin/../lib/gcc/arm-none-eabi/5.4.1/../../../../arm-none-eabi/lib/armv7-m\libg_nano.a(lib_a-init.o)
                              c:/program files (x86)/cypress/psoc creator/4.4/psoc creator/import/gnu/arm/5.4.1/bin/../lib/gcc/arm-none-eabi/5.4.1/../../../../arm-none-eabi/lib/armv7-m/crt0.o (__libc_init_array)
c:/program files (x86)/cypress/psoc creator/4.4/psoc creator/import/gnu/arm/5.4.1/bin/../lib/gcc/arm-none-eabi/5.4.1/../../../../arm-none-eabi/lib/armv7-m\libg_nano.a(lib_a-memset.o)
                              c:/program files (x86)/cypress/psoc creator/4.4/psoc creator/import/gnu/arm/5.4.1/bin/../lib/gcc/arm-none-eabi/5.4.1/../../../../arm-none-eabi/lib/armv7-m/crt0.o (memset)
c:/program files (x86)/cypress/psoc creator/4.4/psoc creator/import/gnu/arm/5.4.1/bin/../lib/gcc/arm-none-eabi/5.4.1/../../../../arm-none-eabi/lib/armv7-m\libnosys.a(_exit.o)
                              c:/program files (x86)/cypress/psoc creator/4.4/psoc creator/import/gnu/arm/5.4.1/bin/../lib/gcc/arm-none-eabi/5.4.1/../../../../arm-none-eabi/lib/armv7-m\libg_nano.a(lib_a-exit.o) (_exit)

Allocating common symbols
Common symbol       size              file

ADC_CountsPerVolt   0x4               ADC.o (symbol from plugin)
dieTemperature      0x2               CyFlash.o (symbol from plugin)

Discarded input sections

 .text          0x00000000        0x0 c:/program files (x86)/cypress/psoc creator/4.4/psoc creator/import/gnu/arm/5.4.1/bin/../lib/gcc/arm-none-eabi/5.4.1/armv7-m/crti.o
 .data          0x00000000        0x0 c:/program files (x86)/cypress/psoc creator/4.4/psoc creator/import/gnu/arm/5.4.1/bin/../lib/gcc/arm-none-eabi/5.4.1/armv7-m/crti.o
 .bss           0x00000000        0x0 c:/program files (x86)/cypress/psoc creator/4.4/psoc creator/import/gnu/arm/5.4.1/bin/../lib/gcc/arm-none-eabi/5.4.1/armv7-m/crti.o
 .data          0x00000000        0x4 c:/program files (x86)/cypress/psoc creator/4.4/psoc creator/import/gnu/arm/5.4.1/bin/../lib/gcc/arm-none-eabi/5.4.1/armv7-m/crtbegin.o
 .text          0x00000000       0x74 c:/program files (x86)/cypress/psoc creator/4.4/psoc creator/import/gnu/arm/5.4.1/bin/../lib/gcc/arm-none-eabi/5.4.1/../../../../arm-none-eabi/lib/armv7-m/crt0.o
 .data          0x00000000        0x0 c:/program files (x86)/cypress/psoc creator/4.4/psoc creator/import/gnu/arm/5.4.1/bin/../lib/gcc/arm-none-eabi/5.4.1/../../../../arm-none-eabi/lib/armv7-m/crt0.o
 .bss           0x00000000        0x0 c:/program files (x86)/cypress/psoc creator/4.4/psoc creator/import/gnu/arm/5.4.1/bin/../lib/gcc/arm-none-eabi/5.4.1/../../../../arm-none-eabi/lib/armv7-m/crt0.o
 .ARM.extab     0x00000000        0x0 c:/program files (x86)/cypress/psoc creator/4.4/psoc creator/import/gnu/arm/5.4.1/bin/../lib/gcc/arm-none-eabi/5.4.1/../../../../arm-none-eabi/lib/armv7-m/crt0.o
 .ARM.exidx     0x00000000        0x8 c:/program files (x86)/cypress/psoc creator/4.4/psoc creator/import/gnu/arm/5.4.1/bin/../lib/gcc/arm-none-eabi/5.4.1/../../../../arm-none-eabi/lib/armv7-m/crt0.o
 .text          0x00000000        0x0 .\CortexM3\ARM_GCC_541\Debug\main.o (symbol from plugin)
 .text          0x00000000        0x0 C:\Users\elias\AppData\Local\Temp\cc1cY9Ea.ltrans0.ltrans.o
 .text          0x00000000        0x0 C:\Users\elias\AppData\Local\Temp\cc1cY9Ea.ltrans1.ltrans.o
 .data          0x00000000        0x0 C:\Users\elias\AppData\Local\Temp\cc1cY9Ea.ltrans1.ltrans.o
 .text          0x00000000        0x0 C:\Users\elias\AppData\Local\Temp\cc1cY9Ea.ltrans2.ltrans.o
 .data          0x00000000        0x0 C:\Users\elias\AppData\Local\Temp\cc1cY9Ea.ltrans2.ltrans.o
 .text          0x00000000        0x0 C:\Users\elias\AppData\Local\Temp\cc1cY9Ea.ltrans3.ltrans.o
 .text._exit    0x00000000        0x4 C:\Users\elias\AppData\Local\Temp\cc1cY9Ea.ltrans3.ltrans.o
 .text          0x00000000        0x0 C:\Users\elias\AppData\Local\Temp\cc1cY9Ea.ltrans4.ltrans.o
 .data          0x00000000        0x0 C:\Users\elias\AppData\Local\Temp\cc1cY9Ea.ltrans4.ltrans.o
 .text          0x00000000        0x0 C:\Users\elias\AppData\Local\Temp\cc1cY9Ea.ltrans5.ltrans.o
 .data          0x00000000        0x0 C:\Users\elias\AppData\Local\Temp\cc1cY9Ea.ltrans5.ltrans.o
 .text          0x00000000        0x0 C:\Users\elias\AppData\Local\Temp\cc1cY9Ea.ltrans6.ltrans.o
 .data          0x00000000        0x0 C:\Users\elias\AppData\Local\Temp\cc1cY9Ea.ltrans6.ltrans.o
 .bss           0x00000000        0x0 C:\Users\elias\AppData\Local\Temp\cc1cY9Ea.ltrans6.ltrans.o
 .text          0x00000000        0x0 .\CortexM3\ARM_GCC_541\Debug\calibration.o (symbol from plugin)
 .text          0x00000000        0x0 .\CortexM3\ARM_GCC_541\Debug\psoc_adc.o (symbol from plugin)
 .text          0x00000000        0x0 .\CortexM3\ARM_GCC_541\Debug\psoc_hw.o (symbol from plugin)
 .text          0x00000000        0x0 .\CortexM3\ARM_GCC_541\Debug\cyfitter_cfg.o (symbol from plugin)
 .text          0x00000000        0x0 .\CortexM3\ARM_GCC_541\Debug\cymetadata.o (symbol from plugin)
 .text          0x00000000        0x0 .\CortexM3\ARM_GCC_541\Debug\Cm3Start.o (symbol from plugin)
 .text          0x00000000        0x0 CyLib.o (symbol from plugin)
 .text          0x00000000        0x0 cyPm.o (symbol from plugin)
 .text          0x00000000        0x0 isr_DelSig.o (symbol from plugin)
 .text          0x00000000        0x0 isr_Timer.o (symbol from plugin)
 .text          0x00000000        0x0 Timer.o (symbol from plugin)
 .text          0x00000000        0x0 LED.o (symbol from plugin)
 .text          0x00000000        0x0 UART.o (symbol from plugin)
 .text          0x00000000        0x0 UART_INT.o (symbol from plugin)
 .text          0x00000000        0x0 UART_IntClock.o (symbol from plugin)
 .text          0x00000000        0x0 OPAbp.o (symbol from plugin)
 .text          0x00000000        0x0 OPAlp.o (symbol from plugin)
 .text          0x00000000        0x0 OPAadder.o (symbol from plugin)
 .text          0x00000000        0x0 ADC.o (symbol from plugin)
 .text          0x00000000        0x0 ADC_INT.o (symbol from plugin)
 .text          0x00000000        0x0 PGAgain.o (symbol from plugin)
 .text          0x00000000        0x0 PGAn.o (symbol from plugin)
 .text          0x00000000        0x0 PGAp.o (symbol from plugin)
 .text          0x00000000        0x0 ADC_Ext_CP_Clk.o (symbol from plugin)
 .text          0x00000000        0x0 ADC_theACLK.o (symbol from plugin)
 .text          0x00000000        0x0 OPAref.o (symbol from plugin)
 .text          0x00000000        0x0 LPF_1.o (symbol from plugin)
 .text          0x00000000        0x0 LPF_2.o (symbol from plugin)
 .text          0x00000000        0x0 SYNC_IN.o (symbol from plugin)
 .text          0x00000000        0x0 isr_SyncIn.o (symbol from plugin)
 .text          0x00000000        0x0 VDAC_ref_LP.o (symbol from plugin)
 .text          0x00000000        0x0 VDAC_ref_BP.o (symbol from plugin)
 .text          0x00000000        0x0 VDAC_ref_PGA.o (symbol from plugin)
 .text          0x00000000        0x0 VDAC_Ref_Adder.o (symbol from plugin)
 .text          0x00000000        0x0 AMux_ADC.o (symbol from plugin)
 .text          0x00000000        0x0 PGAshield.o (symbol from plugin)
 .text          0x00000000        0x0 Clock_1.o (symbol from plugin)
 .text          0x00000000        0x0 isr_Button.o (symbol from plugin)
 .data          0x00000000        0x0 .\CortexM3\ARM_GCC_541\Debug\AcondicionamientoAnalogico.a(CyBootAsmGnu.o)
 .bss           0x00000000        0x0 .\CortexM3\ARM_GCC_541\Debug\AcondicionamientoAnalogico.a(CyBootAsmGnu.o)
 .text          0x00000000        0x0 CyFlash.o (symbol from plugin)
 .text          0x00000000        0x0 CySpc.o (symbol from plugin)
 .text          0x00000000        0x0 c:/program files (x86)/cypress/psoc creator/4.4/psoc creator/import/gnu/arm/5.4.1/bin/../lib/gcc/arm-none-eabi/5.4.1/../../../../arm-none-eabi/lib/armv7-m\libg_nano.a(lib_a-errno.o)
 .data          0x00000000        0x0 c:/program files (x86)/cypress/psoc creator/4.4/psoc creator/import/gnu/arm/5.4.1/bin/../lib/gcc/arm-none-eabi/5.4.1/../../../../arm-none-eabi/lib/armv7-m\libg_nano.a(lib_a-errno.o)
 .bss           0x00000000        0x0 c:/program files (x86)/cypress/psoc creator/4.4/psoc creator/import/gnu/arm/5.4.1/bin/../lib/gcc/arm-none-eabi/5.4.1/../../../../arm-none-eabi/lib/armv7-m\libg_nano.a(lib_a-errno.o)
 .text          0x00000000        0x0 c:/program files (x86)/cypress/psoc creator/4.4/psoc creator/import/gnu/arm/5.4.1/bin/../lib/gcc/arm-none-eabi/5.4.1/../../../../arm-none-eabi/lib/armv7-m\libg_nano.a(lib_a-exit.o)
 .data          0x00000000        0x0 c:/program files (x86)/cypress/psoc creator/4.4/psoc creator/import/gnu/arm/5.4.1/bin/../lib/gcc/arm-none-eabi/5.4.1/../../../../arm-none-eabi/lib/armv7-m\libg_nano.a(lib_a-exit.o)
 .bss           0x00000000        0x0 c:/program files (x86)/cypress/psoc creator/4.4/psoc creator/import/gnu/arm/5.4.1/bin/../lib/gcc/arm-none-eabi/5.4.1/../../../../arm-none-eabi/lib/armv7-m\libg_nano.a(lib_a-exit.o)
 .text.exit     0x00000000       0x28 c:/program files (x86)/cypress/psoc creator/4.4/psoc creator/import/gnu/arm/5.4.1/bin/../lib/gcc/arm-none-eabi/5.4.1/../../../../arm-none-eabi/lib/armv7-m\libg_nano.a(lib_a-exit.o)
 .text          0x00000000        0x0 c:/program files (x86)/cypress/psoc creator/4.4/psoc creator/import/gnu/arm/5.4.1/bin/../lib/gcc/arm-none-eabi/5.4.1/../../../../arm-none-eabi/lib/armv7-m\libg_nano.a(lib_a-impure.o)
 .data          0x00000000        0x0 c:/program files (x86)/cypress/psoc creator/4.4/psoc creator/import/gnu/arm/5.4.1/bin/../lib/gcc/arm-none-eabi/5.4.1/../../../../arm-none-eabi/lib/armv7-m\libg_nano.a(lib_a-impure.o)
 .bss           0x00000000        0x0 c:/program files (x86)/cypress/psoc creator/4.4/psoc creator/import/gnu/arm/5.4.1/bin/../lib/gcc/arm-none-eabi/5.4.1/../../../../arm-none-eabi/lib/armv7-m\libg_nano.a(lib_a-impure.o)
 .rodata._global_impure_ptr
                0x00000000        0x4 c:/program files (x86)/cypress/psoc creator/4.4/psoc creator/import/gnu/arm/5.4.1/bin/../lib/gcc/arm-none-eabi/5.4.1/../../../../arm-none-eabi/lib/armv7-m\libg_nano.a(lib_a-impure.o)
 .text          0x00000000        0x0 c:/program files (x86)/cypress/psoc creator/4.4/psoc creator/import/gnu/arm/5.4.1/bin/../lib/gcc/arm-none-eabi/5.4.1/../../../../arm-none-eabi/lib/armv7-m\libg_nano.a(lib_a-init.o)
 .data          0x00000000        0x0 c:/program files (x86)/cypress/psoc creator/4.4/psoc creator/import/gnu/arm/5.4.1/bin/../lib/gcc/arm-none-eabi/5.4.1/../../../../arm-none-eabi/lib/armv7-m\libg_nano.a(lib_a-init.o)
 .bss           0x00000000        0x0 c:/program files (x86)/cypress/psoc creator/4.4/psoc creator/import/gnu/arm/5.4.1/bin/../lib/gcc/arm-none-eabi/5.4.1/../../../../arm-none-eabi/lib/armv7-m\libg_nano.a(lib_a-init.o)
 .text          0x00000000        0x0 c:/program files (x86)/cypress/psoc creator/4.4/psoc creator/import/gnu/arm/5.4.1/bin/../lib/gcc/arm-none-eabi/5.4.1/../../../../arm-none-eabi/lib/armv7-m\libg_nano.a(lib_a-memset.o)
 .data          0x00000000        0x0 c:/program files (x86)/cypress/psoc creator/4.4/psoc creator/import/gnu/arm/5.4.1/bin/../lib/gcc/arm-none-eabi/5.4.1/../../../../arm-none-eabi/lib/armv7-m\libg_nano.a(lib_a-memset.o)
 .bss           0x00000000        0x0 c:/program files (x86)/cypress/psoc creator/4.4/psoc creator/import/gnu/arm/5.4.1/bin/../lib/gcc/arm-none-eabi/5.4.1/../../../../arm-none-eabi/lib/armv7-m\libg_nano.a(lib_a-memset.o)
 .text          0x00000000        0x0 c:/program files (x86)/cypress/psoc creator/4.4/psoc creator/import/gnu/arm/5.4.1/bin/../lib/gcc/arm-none-eabi/5.4.1/armv7-m/crtend.o
 .data          0x00000000        0x0 c:/program files (x86)/cypress/psoc creator/4.4/psoc creator/import/gnu/arm/5.4.1/bin/../lib/gcc/arm-none-eabi/5.4.1/armv7-m/crtend.o
 .bss           0x00000000        0x0 c:/program files (x86)/cypress/psoc creator/4.4/psoc creator/import/gnu/arm/5.4.1/bin/../lib/gcc/arm-none-eabi/5.4.1/armv7-m/crtend.o
 .text          0x00000000        0x0 c:/program files (x86)/cypress/psoc creator/4.4/psoc creator/import/gnu/arm/5.4.1/bin/../lib/gcc/arm-none-eabi/5.4.1/armv7-m/crtn.o
 .data          0x00000000        0x0 c:/program files (x86)/cypress/psoc creator/4.4/psoc creator/import/gnu/arm/5.4.1/bin/../lib/gcc/arm-none-eabi/5.4.1/armv7-m/crtn.o
 .bss           0x00000000        0x0 c:/program files (x86)/cypress/psoc creator/4.4/psoc creator/import/gnu/arm/5.4.1/bin/../lib/gcc/arm-none-eabi/5.4.1/armv7-m/crtn.o
 .text          0x00000000        0x0 c:/program files (x86)/cypress/psoc creator/4.4/psoc creator/import/gnu/arm/5.4.1/bin/../lib/gcc/arm-none-eabi/5.4.1/../../../../arm-none-eabi/lib/armv7-m\libnosys.a(_exit.o)
 .data          0x00000000        0x0 c:/program files (x86)/cypress/psoc creator/4.4/psoc creator/import/gnu/arm/5.4.1/bin/../lib/gcc/arm-none-eabi/5.4.1/../../../../arm-none-eabi/lib/armv7-m\libnosys.a(_exit.o)
 .bss           0x00000000        0x0 c:/program files (x86)/cypress/psoc creator/4.4/psoc creator/import/gnu/arm/5.4.1/bin/../lib/gcc/arm-none-eabi/5.4.1/../../../../arm-none-eabi/lib/armv7-m\libnosys.a(_exit.o)
 .text._exit    0x00000000        0x4 c:/program files (x86)/cypress/psoc creator/4.4/psoc creator/import/gnu/arm/5.4.1/bin/../lib/gcc/arm-none-eabi/5.4.1/../../../../arm-none-eabi/lib/armv7-m\libnosys.a(_exit.o)

Memory Configuration

Name             Origin             Length             Attributes
rom              0x00000000         0x00040000         xr
ram              0x1fff8000         0x00010000         xrw
*default*        0x00000000         0xffffffff

Linker script and memory map

LOAD c:/program files (x86)/cypress/psoc creator/4.4/psoc creator/import/gnu/arm/5.4.1/bin/../lib/gcc/arm-none-eabi/5.4.1/armv7-m/crti.o
LOAD c:/program files (x86)/cypress/psoc creator/4.4/psoc creator/import/gnu/arm/5.4.1/bin/../lib/gcc/arm-none-eabi/5.4.1/armv7-m/crtbegin.o
LOAD c:/program files (x86)/cypress/psoc creator/4.4/psoc creator/import/gnu/arm/5.4.1/bin/../lib/gcc/arm-none-eabi/5.4.1/../../../../arm-none-eabi/lib/armv7-m/crt0.o
START GROUP
LOAD .\CortexM3\ARM_GCC_541\Debug\main.o
LOAD C:\Users\elias\AppData\Local\Temp\cc1cY9Ea.ltrans0.ltrans.o
LOAD C:\Users\elias\AppData\Local\Temp\cc1cY9Ea.ltrans1.ltrans.o
LOAD C:\Users\elias\AppData\Local\Temp\cc1cY9Ea.ltrans2.ltrans.o
LOAD C:\Users\elias\AppData\Local\Temp\cc1cY9Ea.ltrans3.ltrans.o
LOAD C:\Users\elias\AppData\Local\Temp\cc1cY9Ea.ltrans4.ltrans.o
LOAD C:\Users\elias\AppData\Local\Temp\cc1cY9Ea.ltrans5.ltrans.o
LOAD C:\Users\elias\AppData\Local\Temp\cc1cY9Ea.ltrans6.ltrans.o
LOAD .\CortexM3\ARM_GCC_541\Debug\calibration.o
LOAD .\CortexM3\ARM_GCC_541\Debug\psoc_adc.o
LOAD .\CortexM3\ARM_GCC_541\Debug\psoc_hw.o
LOAD .\CortexM3\ARM_GCC_541\Debug\cyfitter_cfg.o
LOAD .\CortexM3\ARM_GCC_541\Debug\cymetadata.o
LOAD .\CortexM3\ARM_GCC_541\Debug\Cm3Start.o
LOAD .\CortexM3\ARM_GCC_541\Debug\AcondicionamientoAnalogico.a
LOAD C:\Program Files (x86)\Cypress\PSoC Creator\4.4\PSoC Creator\psoc\content\cycomponentlibrary\CyComponentLibrary.cylib\CortexM3\ARM_GCC_541\Debug\CyComponentLibrary.a
END GROUP
START GROUP
LOAD c:/program files (x86)/cypress/psoc creator/4.4/psoc creator/import/gnu/arm/5.4.1/bin/../lib/gcc/arm-none-eabi/5.4.1/armv7-m\libgcc.a
LOAD c:/program files (x86)/cypress/psoc creator/4.4/psoc creator/import/gnu/arm/5.4.1/bin/../lib/gcc/arm-none-eabi/5.4.1/../../../../arm-none-eabi/lib/armv7-m\libg_nano.a
LOAD c:/program files (x86)/cypress/psoc creator/4.4/psoc creator/import/gnu/arm/5.4.1/bin/../lib/gcc/arm-none-eabi/5.4.1/../../../../arm-none-eabi/lib/armv7-m\libc_nano.a
END GROUP
START GROUP
LOAD c:/program files (x86)/cypress/psoc creator/4.4/psoc creator/import/gnu/arm/5.4.1/bin/../lib/gcc/arm-none-eabi/5.4.1/armv7-m\libgcc.a
LOAD c:/program files (x86)/cypress/psoc creator/4.4/psoc creator/import/gnu/arm/5.4.1/bin/../lib/gcc/arm-none-eabi/5.4.1/../../../../arm-none-eabi/lib/armv7-m\libc_nano.a
END GROUP
LOAD c:/program files (x86)/cypress/psoc creator/4.4/psoc creator/import/gnu/arm/5.4.1/bin/../lib/gcc/arm-none-eabi/5.4.1/armv7-m/crtend.o
LOAD c:/program files (x86)/cypress/psoc creator/4.4/psoc creator/import/gnu/arm/5.4.1/bin/../lib/gcc/arm-none-eabi/5.4.1/armv7-m/crtn.o
START GROUP
LOAD c:/program files (x86)/cypress/psoc creator/4.4/psoc creator/import/gnu/arm/5.4.1/bin/../lib/gcc/arm-none-eabi/5.4.1/armv7-m\libgcc.a
LOAD c:/program files (x86)/cypress/psoc creator/4.4/psoc creator/import/gnu/arm/5.4.1/bin/../lib/gcc/arm-none-eabi/5.4.1/../../../../arm-none-eabi/lib/armv7-m\libc.a
LOAD c:/program files (x86)/cypress/psoc creator/4.4/psoc creator/import/gnu/arm/5.4.1/bin/../lib/gcc/arm-none-eabi/5.4.1/../../../../arm-none-eabi/lib/armv7-m\libnosys.a
END GROUP
                0x00000000                CY_APPL_ORIGIN = 0x0
                0x00000100                CY_FLASH_ROW_SIZE = 0x100
                0x00000020                CY_ECC_ROW_SIZE = 0x20
                0x00000000                CY_EE_IN_BTLDR = 0x0
                0x00000000                CY_APPL_LOADABLE = 0x0
                0x00000800                CY_EE_SIZE = 0x800
                0x00000001                CY_APPL_NUM = 0x1
                0x00000001                CY_APPL_MAX = 0x1
                0x00000040                CY_METADATA_SIZE = 0x40
                0x00000000                CY_APPL_LOADABLE = 0x0
                0x00000000                CY_CHECKSUM_EXCLUDE_SIZE = ALIGN (0x0, CY_FLASH_ROW_SIZE)
                [!provide]                PROVIDE (__cy_heap_start, _end)
                0x00000001                PROVIDE (__cy_region_num, ((__cy_regions_end - __cy_regions) / 0x10))
                0x20008000                PROVIDE (__cy_stack, (ORIGIN (ram) + LENGTH (ram)))
                [!provide]                PROVIDE (__cy_heap_end, (__cy_stack - 0x800))

.cybootloader   0x00000000        0x0
 *(.cybootloader)
                0x00000000                appl1_start = CY_APPL_ORIGIN?CY_APPL_ORIGIN:ALIGN (CY_FLASH_ROW_SIZE)
                0x0001ff00                appl2_start = (appl1_start + ALIGN ((((LENGTH (rom) - appl1_start) - (0x2 * CY_FLASH_ROW_SIZE)) / 0x2), CY_FLASH_ROW_SIZE))
                0x00000000                appl_start = (CY_APPL_NUM == 0x1)?appl1_start:appl2_start
                0x00000000                ecc_offset = ((appl_start / CY_FLASH_ROW_SIZE) * CY_ECC_ROW_SIZE)
                0x00000000                ee_offset = (CY_APPL_LOADABLE && ! (CY_EE_IN_BTLDR))?((CY_EE_SIZE / CY_APPL_MAX) * (CY_APPL_NUM - 0x1)):0x0
                0x00000800                ee_size = (CY_APPL_LOADABLE && ! (CY_EE_IN_BTLDR))?(CY_EE_SIZE / CY_APPL_MAX):CY_EE_SIZE
                [!provide]                PROVIDE (CY_ECC_OFFSET, ecc_offset)

.text           0x00000000     0x5e18
 CREATE_OBJECT_SYMBOLS
                0x00000000                PROVIDE (__cy_interrupt_vector, RomVectors)
 *(.romvectors)
 .romvectors    0x00000000       0x10 C:\Users\elias\AppData\Local\Temp\cc1cY9Ea.ltrans3.ltrans.o
                0x00000000                RomVectors
                0x00000001                ASSERT ((. != __cy_interrupt_vector), No interrupt vector)
                0x00000001                ASSERT (CY_APPL_ORIGIN?(SIZEOF (.cybootloader) <= CY_APPL_ORIGIN):0x1, Wrong image location)
                0x00000010                PROVIDE (__cy_reset, Reset)
 *(.text.Reset)
 .text.Reset    0x00000010       0x64 C:\Users\elias\AppData\Local\Temp\cc1cY9Ea.ltrans3.ltrans.o
                0x00000010                Reset
                0x00000001                ASSERT ((. != __cy_reset), No reset code)
 *(.dma_init)
                0x00000001                ASSERT ((((appl_start + .) <= 0x10000) || 0x1), DMA Init must be within the first 64k of flash)
 *(.text .text.* .gnu.linkonce.t.*)
 .text          0x00000074       0x5c c:/program files (x86)/cypress/psoc creator/4.4/psoc creator/import/gnu/arm/5.4.1/bin/../lib/gcc/arm-none-eabi/5.4.1/armv7-m/crtbegin.o
 .text.startup.main
                0x000000d0     0x1380 C:\Users\elias\AppData\Local\Temp\cc1cY9Ea.ltrans0.ltrans.o
                0x000000d0                main
 .text.service_runtime.lto_priv.57
                0x00001450     0x1734 C:\Users\elias\AppData\Local\Temp\cc1cY9Ea.ltrans1.ltrans.o
                0x00001450                service_runtime.lto_priv.57
 .text.uart_service.lto_priv.67
                0x00002b84      0xdc4 C:\Users\elias\AppData\Local\Temp\cc1cY9Ea.ltrans2.ltrans.o
                0x00002b84                uart_service.lto_priv.67
 .text.ADC_ISR1
                0x00003948        0x4 C:\Users\elias\AppData\Local\Temp\cc1cY9Ea.ltrans3.ltrans.o
 .text.UART_TXISR
                0x0000394c       0x58 C:\Users\elias\AppData\Local\Temp\cc1cY9Ea.ltrans3.ltrans.o
                0x0000394c                UART_TXISR
 .text.UART_RXISR
                0x000039a4       0x78 C:\Users\elias\AppData\Local\Temp\cc1cY9Ea.ltrans3.ltrans.o
                0x000039a4                UART_RXISR
 .text.IntDefaultHandler
                0x00003a1c       0x10 C:\Users\elias\AppData\Local\Temp\cc1cY9Ea.ltrans3.ltrans.o
 .text.PGAn_SetGain.constprop.3
                0x00003a2c       0x30 C:\Users\elias\AppData\Local\Temp\cc1cY9Ea.ltrans3.ltrans.o
                0x00003a2c                PGAn_SetGain.constprop.3
 .text.PGAp_SetGain.constprop.2
                0x00003a5c       0x30 C:\Users\elias\AppData\Local\Temp\cc1cY9Ea.ltrans3.ltrans.o
                0x00003a5c                PGAp_SetGain.constprop.2
 .text.AMux_ADC_FastSelect
                0x00003a8c       0xb4 C:\Users\elias\AppData\Local\Temp\cc1cY9Ea.ltrans3.ltrans.o
                0x00003a8c                AMux_ADC_FastSelect
 .text.PGAgain_SetGain
                0x00003b40       0x78 C:\Users\elias\AppData\Local\Temp\cc1cY9Ea.ltrans3.ltrans.o
                0x00003b40                PGAgain_SetGain
 .text.ADC_Stop
                0x00003bb8       0xfc C:\Users\elias\AppData\Local\Temp\cc1cY9Ea.ltrans3.ltrans.o
                0x00003bb8                ADC_Stop
 .text.ADC_Start
                0x00003cb4      0x4f0 C:\Users\elias\AppData\Local\Temp\cc1cY9Ea.ltrans3.ltrans.o
                0x00003cb4                ADC_Start
 .text.startup.initialize_psoc
                0x000041a4      0x3dc C:\Users\elias\AppData\Local\Temp\cc1cY9Ea.ltrans3.ltrans.o
 .text.cal_async_plan_realcheck_nudge.lto_priv.70
                0x00004580      0x1f0 C:\Users\elias\AppData\Local\Temp\cc1cY9Ea.ltrans3.ltrans.o
                0x00004580                cal_async_plan_realcheck_nudge.lto_priv.70
 .text.isr_Button_Handler
                0x00004770       0x18 C:\Users\elias\AppData\Local\Temp\cc1cY9Ea.ltrans4.ltrans.o
                0x00004770                isr_Button_Handler
 .text.isr_DelSigReady
                0x00004788      0x1a4 C:\Users\elias\AppData\Local\Temp\cc1cY9Ea.ltrans4.ltrans.o
                0x00004788                isr_DelSigReady
 .text.uart_send_diag.lto_priv.53
                0x0000492c       0xe0 C:\Users\elias\AppData\Local\Temp\cc1cY9Ea.ltrans4.ltrans.o
                0x0000492c                uart_send_diag.lto_priv.53
 .text.isr_SyncIn
                0x00004a0c      0x188 C:\Users\elias\AppData\Local\Temp\cc1cY9Ea.ltrans4.ltrans.o
                0x00004a0c                isr_SyncIn
 .text.isr_Timer
                0x00004b94       0xc4 C:\Users\elias\AppData\Local\Temp\cc1cY9Ea.ltrans4.ltrans.o
                0x00004b94                isr_Timer
 .text.psoc_start_calibration_if_idle.lto_priv.60
                0x00004c58      0x298 C:\Users\elias\AppData\Local\Temp\cc1cY9Ea.ltrans4.ltrans.o
                0x00004c58                psoc_start_calibration_if_idle.lto_priv.60
 .text.psoc_prepare_capture_path.lto_priv.58
                0x00004ef0      0x1a8 C:\Users\elias\AppData\Local\Temp\cc1cY9Ea.ltrans4.ltrans.o
                0x00004ef0                psoc_prepare_capture_path.lto_priv.58
 .text.cal_async_finish_realcheck_stage.lto_priv.43
                0x00005098       0xe8 C:\Users\elias\AppData\Local\Temp\cc1cY9Ea.ltrans5.ltrans.o
                0x00005098                cal_async_finish_realcheck_stage.lto_priv.43
 .text.async_finish_stage.lto_priv.69
                0x00005180      0x224 C:\Users\elias\AppData\Local\Temp\cc1cY9Ea.ltrans5.ltrans.o
                0x00005180                async_finish_stage.lto_priv.69
 .text.psoc_calibration_servo_abort
                0x000053a4       0xe0 C:\Users\elias\AppData\Local\Temp\cc1cY9Ea.ltrans5.ltrans.o
                0x000053a4                psoc_calibration_servo_abort
 .text.psoc_calibration_restore_capture_path
                0x00005484       0xb4 C:\Users\elias\AppData\Local\Temp\cc1cY9Ea.ltrans5.ltrans.o
                0x00005484                psoc_calibration_restore_capture_path
 .text.cal_servo_apply_measurement.lto_priv.59
                0x00005538      0x3c4 C:\Users\elias\AppData\Local\Temp\cc1cY9Ea.ltrans5.ltrans.o
                0x00005538                cal_servo_apply_measurement.lto_priv.59
 .text.cal_async_record_measurement.lto_priv.68
                0x000058fc      0x398 C:\Users\elias\AppData\Local\Temp\cc1cY9Ea.ltrans5.ltrans.o
                0x000058fc                cal_async_record_measurement.lto_priv.68
 .text.cal_vdac_geo_lp.lto_priv.42
                0x00005c94        0xc C:\Users\elias\AppData\Local\Temp\cc1cY9Ea.ltrans6.ltrans.o
                0x00005c94                cal_vdac_geo_lp.lto_priv.42
 .text.cal_vdac_geo_adder.lto_priv.41
                0x00005ca0        0xc C:\Users\elias\AppData\Local\Temp\cc1cY9Ea.ltrans6.ltrans.o
                0x00005ca0                cal_vdac_geo_adder.lto_priv.41
 .text.cal_vdac_geo_bp.lto_priv.40
                0x00005cac        0xc C:\Users\elias\AppData\Local\Temp\cc1cY9Ea.ltrans6.ltrans.o
                0x00005cac                cal_vdac_geo_bp.lto_priv.40
 .text.cal_vdac_geo_pga.lto_priv.39
                0x00005cb8        0xc C:\Users\elias\AppData\Local\Temp\cc1cY9Ea.ltrans6.ltrans.o
                0x00005cb8                cal_vdac_geo_pga.lto_priv.39
 .text.cal_diag_realcheck_point.lto_priv.65
                0x00005cc4       0x48 C:\Users\elias\AppData\Local\Temp\cc1cY9Ea.ltrans6.ltrans.o
                0x00005cc4                cal_diag_realcheck_point.lto_priv.65
 .text.cal_diag_point.lto_priv.71
                0x00005d0c       0x80 C:\Users\elias\AppData\Local\Temp\cc1cY9Ea.ltrans6.ltrans.o
                0x00005d0c                cal_diag_point.lto_priv.71
 *fill*         0x00005d8c        0x4 
 .text          0x00005d90       0x20 .\CortexM3\ARM_GCC_541\Debug\AcondicionamientoAnalogico.a(CyBootAsmGnu.o)
                0x00005d90                CyDelayCycles
                0x00005da0                CyEnterCriticalSection
                0x00005da8                CyExitCriticalSection
 .text.__errno  0x00005db0        0xc c:/program files (x86)/cypress/psoc creator/4.4/psoc creator/import/gnu/arm/5.4.1/bin/../lib/gcc/arm-none-eabi/5.4.1/../../../../arm-none-eabi/lib/armv7-m\libg_nano.a(lib_a-errno.o)
                0x00005db0                __errno
 .text.__libc_init_array
                0x00005dbc       0x4c c:/program files (x86)/cypress/psoc creator/4.4/psoc creator/import/gnu/arm/5.4.1/bin/../lib/gcc/arm-none-eabi/5.4.1/../../../../arm-none-eabi/lib/armv7-m\libg_nano.a(lib_a-init.o)
                0x00005dbc                __libc_init_array
 .text.memset   0x00005e08       0x10 c:/program files (x86)/cypress/psoc creator/4.4/psoc creator/import/gnu/arm/5.4.1/bin/../lib/gcc/arm-none-eabi/5.4.1/../../../../arm-none-eabi/lib/armv7-m\libg_nano.a(lib_a-memset.o)
                0x00005e08                memset
 *(.plt)
 *(.gnu.warning)
 *(.glue_7t)
 .glue_7t       0x00005e18        0x0 linker stubs
 *(.glue_7)
 .glue_7        0x00005e18        0x0 linker stubs
 *(.vfp11_veneer)
 .vfp11_veneer  0x00005e18        0x0 linker stubs
 *(.bootloader)
 *(.ARM.extab* .gnu.linkonce.armextab.*)
 *(.gcc_except_table)

.v4_bx          0x00005e18        0x0
 .v4_bx         0x00005e18        0x0 linker stubs

.iplt           0x00005e18        0x0
 .iplt          0x00005e18        0x0 c:/program files (x86)/cypress/psoc creator/4.4/psoc creator/import/gnu/arm/5.4.1/bin/../lib/gcc/arm-none-eabi/5.4.1/armv7-m/crtbegin.o

.eh_frame_hdr
 *(.eh_frame_hdr)

.eh_frame       0x00005e18        0x4
 *(.eh_frame)
 .eh_frame      0x00005e18        0x0 c:/program files (x86)/cypress/psoc creator/4.4/psoc creator/import/gnu/arm/5.4.1/bin/../lib/gcc/arm-none-eabi/5.4.1/armv7-m/crtbegin.o
 .eh_frame      0x00005e18        0x4 c:/program files (x86)/cypress/psoc creator/4.4/psoc creator/import/gnu/arm/5.4.1/bin/../lib/gcc/arm-none-eabi/5.4.1/armv7-m/crtend.o
                [!provide]                PROVIDE (__exidx_start, .)

.ARM.exidx
 *(.ARM.exidx* .gnu.linkonce.armexidx.*)
                0x00005e1c                __exidx_end = .

.rodata         0x00005e1c      0x294
 *(.rodata .rodata.* .gnu.linkonce.r.*)
 .rodata        0x00005e1c        0xc C:\Users\elias\AppData\Local\Temp\cc1cY9Ea.ltrans0.ltrans.o
                0x00005e24                g_ping_frame.lto_priv.75
 .rodata        0x00005e28       0x15 C:\Users\elias\AppData\Local\Temp\cc1cY9Ea.ltrans2.ltrans.o
 *fill*         0x00005e3d        0x3 
 .rodata        0x00005e40      0x1c4 C:\Users\elias\AppData\Local\Temp\cc1cY9Ea.ltrans3.ltrans.o
                0x00005e40                AMux_ADC__outerAddr.lto_priv.48
                0x00005e50                AMux_ADC__outerMask.lto_priv.49
                0x00005e54                AMux_ADC__innerMap.lto_priv.50
                0x00005e94                g_psoc_cal_stages.lto_priv.45
 .rodata.str1.4
                0x00006004       0x24 C:\Users\elias\AppData\Local\Temp\cc1cY9Ea.ltrans3.ltrans.o
                                 0x23 (size before relaxing)
 .rodata        0x00006028       0x50 C:\Users\elias\AppData\Local\Temp\cc1cY9Ea.ltrans5.ltrans.o
 .rodata.str1.1
                0x00006078        0x2 c:/program files (x86)/cypress/psoc creator/4.4/psoc creator/import/gnu/arm/5.4.1/bin/../lib/gcc/arm-none-eabi/5.4.1/../../../../arm-none-eabi/lib/armv7-m\libg_nano.a(lib_a-impure.o)
                0x0000607c                . = ALIGN (0x4)
 *fill*         0x0000607a        0x2 
 *(.init)
 .init          0x0000607c        0x4 c:/program files (x86)/cypress/psoc creator/4.4/psoc creator/import/gnu/arm/5.4.1/bin/../lib/gcc/arm-none-eabi/5.4.1/armv7-m/crti.o
                0x0000607c                _init
 .init          0x00006080        0x8 c:/program files (x86)/cypress/psoc creator/4.4/psoc creator/import/gnu/arm/5.4.1/bin/../lib/gcc/arm-none-eabi/5.4.1/armv7-m/crtn.o
                0x00006088                . = ALIGN (0x4)
                0x00006088                __preinit_array_start = .
 *(.preinit_array)
                0x00006088                __preinit_array_end = .
                0x00006088                . = ALIGN (0x4)
                0x00006088                __init_array_start = .
 *(SORT(.init_array.*))
 *(.init_array)
 .init_array    0x00006088        0x4 c:/program files (x86)/cypress/psoc creator/4.4/psoc creator/import/gnu/arm/5.4.1/bin/../lib/gcc/arm-none-eabi/5.4.1/armv7-m/crtbegin.o
 .init_array    0x0000608c        0x4 C:\Users\elias\AppData\Local\Temp\cc1cY9Ea.ltrans3.ltrans.o
                0x00006090                __init_array_end = .
                0x00006090                . = ALIGN (0x4)
 *(.fini)
 .fini          0x00006090        0x4 c:/program files (x86)/cypress/psoc creator/4.4/psoc creator/import/gnu/arm/5.4.1/bin/../lib/gcc/arm-none-eabi/5.4.1/armv7-m/crti.o
                0x00006090                _fini
 .fini          0x00006094        0x8 c:/program files (x86)/cypress/psoc creator/4.4/psoc creator/import/gnu/arm/5.4.1/bin/../lib/gcc/arm-none-eabi/5.4.1/armv7-m/crtn.o
                0x0000609c                . = ALIGN (0x4)
                0x0000609c                __fini_array_start = .
 *(.fini_array)
 .fini_array    0x0000609c        0x4 c:/program files (x86)/cypress/psoc creator/4.4/psoc creator/import/gnu/arm/5.4.1/bin/../lib/gcc/arm-none-eabi/5.4.1/armv7-m/crtbegin.o
 *(SORT(.fini_array.*))
                0x000060a0                __fini_array_end = .
                0x000060a0                . = ALIGN (0x4)
 *crtbegin.o(.ctors)
 *(EXCLUDE_FILE(*crtend.o) .ctors)
 *(SORT(.ctors.*))
 *crtend.o(.ctors)
                0x000060a0                . = ALIGN (0x4)
 *crtbegin.o(.dtors)
 *(EXCLUDE_FILE(*crtend.o) .dtors)
 *(SORT(.dtors.*))
 *crtend.o(.dtors)
                0x000060a0                . = ALIGN (0x4)
                0x000060a0                __cy_regions = .
                0x000060a0        0x4 LONG 0x60b0 __cy_region_init_ram
                0x000060a4        0x4 LONG 0x1fff80c0 __cy_region_start_data
                0x000060a8        0x4 LONG 0x70 __cy_region_init_size_ram
                0x000060ac        0x4 LONG 0xb778 __cy_region_zero_size_ram
                0x000060b0                __cy_regions_end = .
                0x000060b0                . = ALIGN (0x8)
                0x000060b0                _etext = .

.cy_checksum_exclude
                0x000060b0        0x0
 *(.cy_checksum_exclude)

.ramvectors     0x1fff8000       0xc0
                0x1fff8000                __cy_region_start_ram = .
 *(.ramvectors)
 .ramvectors    0x1fff8000       0xc0 C:\Users\elias\AppData\Local\Temp\cc1cY9Ea.ltrans3.ltrans.o
                0x1fff8000                CyRamVectors

.noinit
 *(.noinit)

.data           0x1fff80c0       0x70 load address 0x000060b0
                0x1fff80c0                __cy_region_start_data = .
 *(.jcr)
 .jcr           0x1fff80c0        0x0 c:/program files (x86)/cypress/psoc creator/4.4/psoc creator/import/gnu/arm/5.4.1/bin/../lib/gcc/arm-none-eabi/5.4.1/armv7-m/crtbegin.o
 .jcr           0x1fff80c0        0x4 c:/program files (x86)/cypress/psoc creator/4.4/psoc creator/import/gnu/arm/5.4.1/bin/../lib/gcc/arm-none-eabi/5.4.1/armv7-m/crtend.o
 *(.got.plt)
 *(.got)
 *(.shdata)
 *(.data .data.* .gnu.linkonce.d.*)
 .data          0x1fff80c4        0x1 C:\Users\elias\AppData\Local\Temp\cc1cY9Ea.ltrans0.ltrans.o
                0x1fff80c4                g_pga_code.lto_priv.76
 .data          0x1fff80c5        0x2 C:\Users\elias\AppData\Local\Temp\cc1cY9Ea.ltrans3.ltrans.o
                0x1fff80c5                AMux_ADC_lastChannel.lto_priv.46
                0x1fff80c6                ADC_Config
 *fill*         0x1fff80c7        0x1 
 .data.impure_data
                0x1fff80c8       0x60 c:/program files (x86)/cypress/psoc creator/4.4/psoc creator/import/gnu/arm/5.4.1/bin/../lib/gcc/arm-none-eabi/5.4.1/../../../../arm-none-eabi/lib/armv7-m\libg_nano.a(lib_a-impure.o)
 .data._impure_ptr
                0x1fff8128        0x4 c:/program files (x86)/cypress/psoc creator/4.4/psoc creator/import/gnu/arm/5.4.1/bin/../lib/gcc/arm-none-eabi/5.4.1/../../../../arm-none-eabi/lib/armv7-m\libg_nano.a(lib_a-impure.o)
                0x1fff8128                _impure_ptr
                0x1fff8130                . = ALIGN (0x8)
 *fill*         0x1fff812c        0x4 
 *(.ram)
                0x1fff8130                _edata = .

.igot.plt       0x1fff8130        0x0 load address 0x00006120
 .igot.plt      0x1fff8130        0x0 c:/program files (x86)/cypress/psoc creator/4.4/psoc creator/import/gnu/arm/5.4.1/bin/../lib/gcc/arm-none-eabi/5.4.1/armv7-m/crtbegin.o

.bss            0x1fff8130     0xb778 load address 0x00006120
                0x1fff8130                PROVIDE (__bss_start__, .)
 *(.shbss)
 *(.bss .bss.* .gnu.linkonce.b.*)
 .bss           0x1fff8130       0x1c c:/program files (x86)/cypress/psoc creator/4.4/psoc creator/import/gnu/arm/5.4.1/bin/../lib/gcc/arm-none-eabi/5.4.1/armv7-m/crtbegin.o
 .bss           0x1fff814c       0x2d C:\Users\elias\AppData\Local\Temp\cc1cY9Ea.ltrans0.ltrans.o
                0x1fff814c                UART_initVar
                0x1fff815b                Timer_initVar
                0x1fff815c                g_cal_button_pressed.lto_priv.81
                0x1fff815d                g_state.lto_priv.61
                0x1fff815e                g_esp_connected.lto_priv.74
                0x1fff8160                g_batches_sent.lto_priv.63
                0x1fff8162                g_batches_captured.lto_priv.62
                0x1fff8164                g_psoc_adc_isr_counts.lto_priv.66
                0x1fff8170                g_comm_countdown.lto_priv.64
                0x1fff8178                g_pgavdac_code.lto_priv.77
 *fill*         0x1fff8179        0x3 
 .bss           0x1fff817c     0xb406 C:\Users\elias\AppData\Local\Temp\cc1cY9Ea.ltrans1.ltrans.o
                0x1fff817c                g_cal_ack_pending.lto_priv.80
                0x1fff817d                g_capture_done.lto_priv.78
                0x1fff817e                g_seq.lto_priv.79
                0x1fff8180                g_capture_raw.lto_priv.88
                0x20003580                watchdog_rx.lto_priv.73
                0x20003581                rx_state.lto_priv.72
 *fill*         0x20003582        0x2 
 .bss           0x20003584       0x11 C:\Users\elias\AppData\Local\Temp\cc1cY9Ea.ltrans2.ltrans.o
                0x20003584                g_rx_watch_ticks.lto_priv.87
                0x20003588                g_n_batches.lto_priv.85
                0x2000358a                g_batch_fill.lto_priv.82
                0x2000358c                g_batch_ready.lto_priv.83
                0x20003590                g_dbg_cnt.lto_priv.86
                0x20003594                g_debug_psoc.lto_priv.84
 *fill*         0x20003595        0x3 
 .bss           0x20003598      0x255 C:\Users\elias\AppData\Local\Temp\cc1cY9Ea.ltrans3.ltrans.o
                0x20003598                UART_txBufferRead
                0x20003599                UART_txBufferWrite
                0x2000359c                UART_txBuffer
                0x2000361c                UART_errorStatus
                0x2000361d                UART_rxBufferWrite
                0x20003620                UART_rxBuffer
                0x20003640                UART_rxBufferLoopDetect
                0x20003642                UART_rxBufferRead
                0x20003643                AMux_ADC__armsEnabled.lto_priv.47
                0x20003644                AMux_ADC__refCnt.lto_priv.51
                0x20003647                ADC_convDone
                0x2000364c                ADC_stopConversion
                0x20003654                g_cal_async.lto_priv.44
                0x200037ec                g_psoc_adc_isr_ready.lto_priv.56
 *fill*         0x200037ed        0x3 
 .bss           0x200037f0        0x8 C:\Users\elias\AppData\Local\Temp\cc1cY9Ea.ltrans4.ltrans.o
 .bss           0x200037f8       0xa9 C:\Users\elias\AppData\Local\Temp\cc1cY9Ea.ltrans5.ltrans.o
                0x200037f8                g_psoc_cal_results
                0x20003828                g_cal_diag_hook.lto_priv.52
                0x2000382c                g_cal_servo.lto_priv.55
                0x2000389c                g_timer_ticks.lto_priv.54
                0x200038a0                g_psoc_cal_result_count
 *(COMMON)
                0x200038a8                . = ALIGN (0x8)
 *fill*         0x200038a1        0x7 
 *(.ram.b)
                0x200038a8                _end = .
                0x200038a8                __end = .
                0x200038a8                PROVIDE (end, .)
                0x200038a8                PROVIDE (__bss_end__, .)
                0x000060b0                __cy_region_init_ram = LOADADDR (.data)
                0x00000070                __cy_region_init_size_ram = (_edata - ADDR (.data))
                0x0000b778                __cy_region_zero_size_ram = (_end - _edata)

.heap           0x200038a8       0x80 load address 0x00006120
                0x200038a8                . = _end
                0x20003928                . = (. + 0x80)
 *fill*         0x200038a8       0x80 
                0x20003928                __cy_heap_limit = .

.stack          0x20007800      0x800
                0x20007800                __cy_stack_limit = .
                0x20008000                . = (. + 0x800)
 *fill*         0x20007800      0x800 
                0x00000001                ASSERT ((__cy_stack_limit >= __cy_heap_limit), region RAM overflowed with stack)
                0x00000000                cy_checksum_exclude_size = (CY_APPL_LOADABLE == 0x1)?SIZEOF (.cy_checksum_exclude):0x0
                0x00000001                ASSERT ((cy_checksum_exclude_size <= CY_CHECKSUM_EXCLUDE_SIZE), CY_BOOT: Section .cy_checksum_exclude size exceedes specified limit.)

.cyloadermeta
 *(.cyloadermeta)

.cyloadablemeta
 *(.cyloadablemeta)

.cyconfigecc    0x80000000      0x614
 *(.cyconfigecc)
 .cyconfigecc   0x80000000      0x614 C:\Users\elias\AppData\Local\Temp\cc1cY9Ea.ltrans4.ltrans.o
                0x80000000                cy_meta_configecc

.cycustnvl      0x90000000        0x4
 *(.cycustnvl)
 .cycustnvl     0x90000000        0x4 C:\Users\elias\AppData\Local\Temp\cc1cY9Ea.ltrans4.ltrans.o
                0x90000000                cy_meta_custnvl

.cywolatch      0x90100000        0x4
 *(.cywolatch)
 .cywolatch     0x90100000        0x4 C:\Users\elias\AppData\Local\Temp\cc1cY9Ea.ltrans4.ltrans.o
                0x90100000                cy_meta_wonvl

.cyeeprom       0x90200000        0x0
 *(.cyeeprom)
                0x00000001                ASSERT ((. <= ((0x90200000 + ee_offset) + ee_size)), .cyeeprom data will not fit in EEPROM)

.cyflashprotect
                0x90400000      0x100
 *(.cyflashprotect)
 .cyflashprotect
                0x90400000      0x100 C:\Users\elias\AppData\Local\Temp\cc1cY9Ea.ltrans4.ltrans.o
                0x90400000                cy_meta_flashprotect

.cymeta         0x90500000        0xc
 *(.cymeta)
 .cymeta        0x90500000        0xc C:\Users\elias\AppData\Local\Temp\cc1cY9Ea.ltrans4.ltrans.o
                0x90500000                cy_metadata

.rel.dyn        0x00006120        0x0 load address 0x9050000c
 .rel.iplt      0x00006120        0x0 c:/program files (x86)/cypress/psoc creator/4.4/psoc creator/import/gnu/arm/5.4.1/bin/../lib/gcc/arm-none-eabi/5.4.1/armv7-m/crtbegin.o

.stab
 *(.stab)

.stabstr
 *(.stabstr)

.debug
 *(.debug)

.line
 *(.line)

.debug_srcinfo
 *(.debug_srcinfo)

.debug_sfnames
 *(.debug_sfnames)

.debug_aranges  0x00000000      0x1e8
 *(.debug_aranges)
 .debug_aranges
                0x00000000       0x20 C:\Users\elias\AppData\Local\Temp\cc1cY9Ea.ltrans0.ltrans.o
 .debug_aranges
                0x00000020       0x20 C:\Users\elias\AppData\Local\Temp\cc1cY9Ea.ltrans1.ltrans.o
 .debug_aranges
                0x00000040       0x20 C:\Users\elias\AppData\Local\Temp\cc1cY9Ea.ltrans2.ltrans.o
 .debug_aranges
                0x00000060       0x88 C:\Users\elias\AppData\Local\Temp\cc1cY9Ea.ltrans3.ltrans.o
 .debug_aranges
                0x000000e8       0x50 C:\Users\elias\AppData\Local\Temp\cc1cY9Ea.ltrans4.ltrans.o
 .debug_aranges
                0x00000138       0x48 C:\Users\elias\AppData\Local\Temp\cc1cY9Ea.ltrans5.ltrans.o
 .debug_aranges
                0x00000180       0x48 C:\Users\elias\AppData\Local\Temp\cc1cY9Ea.ltrans6.ltrans.o
 .debug_aranges
                0x000001c8       0x20 .\CortexM3\ARM_GCC_541\Debug\AcondicionamientoAnalogico.a(CyBootAsmGnu.o)

.debug_pubnames
 *(.debug_pubnames)

.debug_info     0x00000000     0xa894
 *(.debug_info .gnu.linkonce.wi.*)
 .debug_info    0x00000000     0x2b38 C:\Users\elias\AppData\Local\Temp\cc1cY9Ea.ltrans0.ltrans.o
 .debug_info    0x00002b38     0x2433 C:\Users\elias\AppData\Local\Temp\cc1cY9Ea.ltrans1.ltrans.o
 .debug_info    0x00004f6b     0x12de C:\Users\elias\AppData\Local\Temp\cc1cY9Ea.ltrans2.ltrans.o
 .debug_info    0x00006249     0x18a4 C:\Users\elias\AppData\Local\Temp\cc1cY9Ea.ltrans3.ltrans.o
 .debug_info    0x00007aed      0xffe C:\Users\elias\AppData\Local\Temp\cc1cY9Ea.ltrans4.ltrans.o
 .debug_info    0x00008aeb     0x177f C:\Users\elias\AppData\Local\Temp\cc1cY9Ea.ltrans5.ltrans.o
 .debug_info    0x0000a26a      0x5a2 C:\Users\elias\AppData\Local\Temp\cc1cY9Ea.ltrans6.ltrans.o
 .debug_info    0x0000a80c       0x88 .\CortexM3\ARM_GCC_541\Debug\AcondicionamientoAnalogico.a(CyBootAsmGnu.o)

.debug_abbrev   0x00000000     0x1969
 *(.debug_abbrev)
 .debug_abbrev  0x00000000      0x3d7 C:\Users\elias\AppData\Local\Temp\cc1cY9Ea.ltrans0.ltrans.o
 .debug_abbrev  0x000003d7      0x418 C:\Users\elias\AppData\Local\Temp\cc1cY9Ea.ltrans1.ltrans.o
 .debug_abbrev  0x000007ef      0x2ed C:\Users\elias\AppData\Local\Temp\cc1cY9Ea.ltrans2.ltrans.o
 .debug_abbrev  0x00000adc      0x51c C:\Users\elias\AppData\Local\Temp\cc1cY9Ea.ltrans3.ltrans.o
 .debug_abbrev  0x00000ff8      0x3db C:\Users\elias\AppData\Local\Temp\cc1cY9Ea.ltrans4.ltrans.o
 .debug_abbrev  0x000013d3      0x3f3 C:\Users\elias\AppData\Local\Temp\cc1cY9Ea.ltrans5.ltrans.o
 .debug_abbrev  0x000017c6      0x18f C:\Users\elias\AppData\Local\Temp\cc1cY9Ea.ltrans6.ltrans.o
 .debug_abbrev  0x00001955       0x14 .\CortexM3\ARM_GCC_541\Debug\AcondicionamientoAnalogico.a(CyBootAsmGnu.o)

.debug_line     0x00000000     0x340f
 *(.debug_line)
 .debug_line    0x00000000      0xc31 C:\Users\elias\AppData\Local\Temp\cc1cY9Ea.ltrans0.ltrans.o
 .debug_line    0x00000c31      0xa7e C:\Users\elias\AppData\Local\Temp\cc1cY9Ea.ltrans1.ltrans.o
 .debug_line    0x000016af      0x6c5 C:\Users\elias\AppData\Local\Temp\cc1cY9Ea.ltrans2.ltrans.o
 .debug_line    0x00001d74      0x823 C:\Users\elias\AppData\Local\Temp\cc1cY9Ea.ltrans3.ltrans.o
 .debug_line    0x00002597      0x7a7 C:\Users\elias\AppData\Local\Temp\cc1cY9Ea.ltrans4.ltrans.o
 .debug_line    0x00002d3e      0x4e6 C:\Users\elias\AppData\Local\Temp\cc1cY9Ea.ltrans5.ltrans.o
 .debug_line    0x00003224      0x185 C:\Users\elias\AppData\Local\Temp\cc1cY9Ea.ltrans6.ltrans.o
 .debug_line    0x000033a9       0x66 .\CortexM3\ARM_GCC_541\Debug\AcondicionamientoAnalogico.a(CyBootAsmGnu.o)

.debug_frame    0x00000000      0x5f8
 *(.debug_frame)
 .debug_frame   0x00000000       0x2c C:\Users\elias\AppData\Local\Temp\cc1cY9Ea.ltrans0.ltrans.o
 .debug_frame   0x0000002c       0x64 C:\Users\elias\AppData\Local\Temp\cc1cY9Ea.ltrans1.ltrans.o
 .debug_frame   0x00000090       0x40 C:\Users\elias\AppData\Local\Temp\cc1cY9Ea.ltrans2.ltrans.o
 .debug_frame   0x000000d0      0x1cc C:\Users\elias\AppData\Local\Temp\cc1cY9Ea.ltrans3.ltrans.o
 .debug_frame   0x0000029c      0x110 C:\Users\elias\AppData\Local\Temp\cc1cY9Ea.ltrans4.ltrans.o
 .debug_frame   0x000003ac       0xf8 C:\Users\elias\AppData\Local\Temp\cc1cY9Ea.ltrans5.ltrans.o
 .debug_frame   0x000004a4       0xa0 C:\Users\elias\AppData\Local\Temp\cc1cY9Ea.ltrans6.ltrans.o
 .debug_frame   0x00000544       0x20 c:/program files (x86)/cypress/psoc creator/4.4/psoc creator/import/gnu/arm/5.4.1/bin/../lib/gcc/arm-none-eabi/5.4.1/../../../../arm-none-eabi/lib/armv7-m\libg_nano.a(lib_a-errno.o)
 .debug_frame   0x00000564       0x28 c:/program files (x86)/cypress/psoc creator/4.4/psoc creator/import/gnu/arm/5.4.1/bin/../lib/gcc/arm-none-eabi/5.4.1/../../../../arm-none-eabi/lib/armv7-m\libg_nano.a(lib_a-exit.o)
 .debug_frame   0x0000058c       0x2c c:/program files (x86)/cypress/psoc creator/4.4/psoc creator/import/gnu/arm/5.4.1/bin/../lib/gcc/arm-none-eabi/5.4.1/../../../../arm-none-eabi/lib/armv7-m\libg_nano.a(lib_a-init.o)
 .debug_frame   0x000005b8       0x20 c:/program files (x86)/cypress/psoc creator/4.4/psoc creator/import/gnu/arm/5.4.1/bin/../lib/gcc/arm-none-eabi/5.4.1/../../../../arm-none-eabi/lib/armv7-m\libg_nano.a(lib_a-memset.o)
 .debug_frame   0x000005d8       0x20 c:/program files (x86)/cypress/psoc creator/4.4/psoc creator/import/gnu/arm/5.4.1/bin/../lib/gcc/arm-none-eabi/5.4.1/../../../../arm-none-eabi/lib/armv7-m\libnosys.a(_exit.o)

.debug_str      0x00000000     0x2a6f
 *(.debug_str)
 .debug_str     0x00000000     0x11ba C:\Users\elias\AppData\Local\Temp\cc1cY9Ea.ltrans0.ltrans.o
                               0x12a0 (size before relaxing)
 .debug_str     0x000011ba      0x575 C:\Users\elias\AppData\Local\Temp\cc1cY9Ea.ltrans1.ltrans.o
                                0xc02 (size before relaxing)
 .debug_str     0x0000172f      0x2fe C:\Users\elias\AppData\Local\Temp\cc1cY9Ea.ltrans2.ltrans.o
                                0x6b0 (size before relaxing)
 .debug_str     0x00001a2d      0x97b C:\Users\elias\AppData\Local\Temp\cc1cY9Ea.ltrans3.ltrans.o
                               0x1055 (size before relaxing)
 .debug_str     0x000023a8      0x23b C:\Users\elias\AppData\Local\Temp\cc1cY9Ea.ltrans4.ltrans.o
                                0x763 (size before relaxing)
 .debug_str     0x000025e3      0x3aa C:\Users\elias\AppData\Local\Temp\cc1cY9Ea.ltrans5.ltrans.o
                                0x9bd (size before relaxing)
 .debug_str     0x0000298d       0xe2 C:\Users\elias\AppData\Local\Temp\cc1cY9Ea.ltrans6.ltrans.o
                                0x361 (size before relaxing)

.debug_loc      0x00000000     0x6e02
 *(.debug_loc)
 .debug_loc     0x00000000     0x16ad C:\Users\elias\AppData\Local\Temp\cc1cY9Ea.ltrans0.ltrans.o
 .debug_loc     0x000016ad     0x1c59 C:\Users\elias\AppData\Local\Temp\cc1cY9Ea.ltrans1.ltrans.o
 .debug_loc     0x00003306      0xb0c C:\Users\elias\AppData\Local\Temp\cc1cY9Ea.ltrans2.ltrans.o
 .debug_loc     0x00003e12      0xd6a C:\Users\elias\AppData\Local\Temp\cc1cY9Ea.ltrans3.ltrans.o
 .debug_loc     0x00004b7c      0x705 C:\Users\elias\AppData\Local\Temp\cc1cY9Ea.ltrans4.ltrans.o
 .debug_loc     0x00005281     0x16fd C:\Users\elias\AppData\Local\Temp\cc1cY9Ea.ltrans5.ltrans.o
 .debug_loc     0x0000697e      0x484 C:\Users\elias\AppData\Local\Temp\cc1cY9Ea.ltrans6.ltrans.o

.debug_macinfo
 *(.debug_macinfo)

.debug_ranges   0x00000000     0x41d8
 *(.debug_ranges)
 .debug_ranges  0x00000000     0x1210 C:\Users\elias\AppData\Local\Temp\cc1cY9Ea.ltrans0.ltrans.o
 .debug_ranges  0x00001210     0x12b0 C:\Users\elias\AppData\Local\Temp\cc1cY9Ea.ltrans1.ltrans.o
 .debug_ranges  0x000024c0      0x8e0 C:\Users\elias\AppData\Local\Temp\cc1cY9Ea.ltrans2.ltrans.o
 .debug_ranges  0x00002da0      0x4e0 C:\Users\elias\AppData\Local\Temp\cc1cY9Ea.ltrans3.ltrans.o
 .debug_ranges  0x00003280      0x7c0 C:\Users\elias\AppData\Local\Temp\cc1cY9Ea.ltrans4.ltrans.o
 .debug_ranges  0x00003a40      0x660 C:\Users\elias\AppData\Local\Temp\cc1cY9Ea.ltrans5.ltrans.o
 .debug_ranges  0x000040a0      0x138 C:\Users\elias\AppData\Local\Temp\cc1cY9Ea.ltrans6.ltrans.o

.comment        0x00000000       0x6e
 .comment       0x00000000       0x6e C:\Users\elias\AppData\Local\Temp\cc1cY9Ea.ltrans0.ltrans.o
                                 0x6f (size before relaxing)
 .comment       0x0000006e       0x6f C:\Users\elias\AppData\Local\Temp\cc1cY9Ea.ltrans1.ltrans.o
 .comment       0x0000006e       0x6f C:\Users\elias\AppData\Local\Temp\cc1cY9Ea.ltrans2.ltrans.o
 .comment       0x0000006e       0x6f C:\Users\elias\AppData\Local\Temp\cc1cY9Ea.ltrans3.ltrans.o
 .comment       0x0000006e       0x6f C:\Users\elias\AppData\Local\Temp\cc1cY9Ea.ltrans4.ltrans.o
 .comment       0x0000006e       0x6f C:\Users\elias\AppData\Local\Temp\cc1cY9Ea.ltrans5.ltrans.o
 .comment       0x0000006e       0x6f C:\Users\elias\AppData\Local\Temp\cc1cY9Ea.ltrans6.ltrans.o

.debug_weaknames
 *(.debug_weaknames)

.debug_funcnames
 *(.debug_funcnames)

.debug_typenames
 *(.debug_typenames)

.debug_varnames
 *(.debug_varnames)

.note.gnu.arm.ident
 *(.note.gnu.arm.ident)

.ARM.attributes
                0x00000000       0x29
 *(.ARM.attributes)
 .ARM.attributes
                0x00000000       0x1d c:/program files (x86)/cypress/psoc creator/4.4/psoc creator/import/gnu/arm/5.4.1/bin/../lib/gcc/arm-none-eabi/5.4.1/armv7-m/crti.o
 .ARM.attributes
                0x0000001d       0x2d c:/program files (x86)/cypress/psoc creator/4.4/psoc creator/import/gnu/arm/5.4.1/bin/../lib/gcc/arm-none-eabi/5.4.1/armv7-m/crtbegin.o
 .ARM.attributes
                0x0000004a       0x1b c:/program files (x86)/cypress/psoc creator/4.4/psoc creator/import/gnu/arm/5.4.1/bin/../lib/gcc/arm-none-eabi/5.4.1/../../../../arm-none-eabi/lib/armv7-m/crt0.o
 .ARM.attributes
                0x00000065       0x31 C:\Users\elias\AppData\Local\Temp\cc1cY9Ea.ltrans0.ltrans.o
 .ARM.attributes
                0x00000096       0x31 C:\Users\elias\AppData\Local\Temp\cc1cY9Ea.ltrans1.ltrans.o
 .ARM.attributes
                0x000000c7       0x31 C:\Users\elias\AppData\Local\Temp\cc1cY9Ea.ltrans2.ltrans.o
 .ARM.attributes
                0x000000f8       0x31 C:\Users\elias\AppData\Local\Temp\cc1cY9Ea.ltrans3.ltrans.o
 .ARM.attributes
                0x00000129       0x31 C:\Users\elias\AppData\Local\Temp\cc1cY9Ea.ltrans4.ltrans.o
 .ARM.attributes
                0x0000015a       0x31 C:\Users\elias\AppData\Local\Temp\cc1cY9Ea.ltrans5.ltrans.o
 .ARM.attributes
                0x0000018b       0x31 C:\Users\elias\AppData\Local\Temp\cc1cY9Ea.ltrans6.ltrans.o
 .ARM.attributes
                0x000001bc       0x21 .\CortexM3\ARM_GCC_541\Debug\AcondicionamientoAnalogico.a(CyBootAsmGnu.o)
 .ARM.attributes
                0x000001dd       0x2d c:/program files (x86)/cypress/psoc creator/4.4/psoc creator/import/gnu/arm/5.4.1/bin/../lib/gcc/arm-none-eabi/5.4.1/../../../../arm-none-eabi/lib/armv7-m\libg_nano.a(lib_a-errno.o)
 .ARM.attributes
                0x0000020a       0x2d c:/program files (x86)/cypress/psoc creator/4.4/psoc creator/import/gnu/arm/5.4.1/bin/../lib/gcc/arm-none-eabi/5.4.1/../../../../arm-none-eabi/lib/armv7-m\libg_nano.a(lib_a-exit.o)
 .ARM.attributes
                0x00000237       0x2d c:/program files (x86)/cypress/psoc creator/4.4/psoc creator/import/gnu/arm/5.4.1/bin/../lib/gcc/arm-none-eabi/5.4.1/../../../../arm-none-eabi/lib/armv7-m\libg_nano.a(lib_a-impure.o)
 .ARM.attributes
                0x00000264       0x2d c:/program files (x86)/cypress/psoc creator/4.4/psoc creator/import/gnu/arm/5.4.1/bin/../lib/gcc/arm-none-eabi/5.4.1/../../../../arm-none-eabi/lib/armv7-m\libg_nano.a(lib_a-init.o)
 .ARM.attributes
                0x00000291       0x2d c:/program files (x86)/cypress/psoc creator/4.4/psoc creator/import/gnu/arm/5.4.1/bin/../lib/gcc/arm-none-eabi/5.4.1/../../../../arm-none-eabi/lib/armv7-m\libg_nano.a(lib_a-memset.o)
 .ARM.attributes
                0x000002be       0x2d c:/program files (x86)/cypress/psoc creator/4.4/psoc creator/import/gnu/arm/5.4.1/bin/../lib/gcc/arm-none-eabi/5.4.1/armv7-m/crtend.o
 .ARM.attributes
                0x000002eb       0x1d c:/program files (x86)/cypress/psoc creator/4.4/psoc creator/import/gnu/arm/5.4.1/bin/../lib/gcc/arm-none-eabi/5.4.1/armv7-m/crtn.o
 .ARM.attributes
                0x00000308       0x2d c:/program files (x86)/cypress/psoc creator/4.4/psoc creator/import/gnu/arm/5.4.1/bin/../lib/gcc/arm-none-eabi/5.4.1/../../../../arm-none-eabi/lib/armv7-m\libnosys.a(_exit.o)

/DISCARD/
 *(.note.GNU-stack)
OUTPUT(C:\Github\Tesis\src\psoc\AcondicionamientoAnalogico.cydsn\CortexM3\ARM_GCC_541\Debug\AcondicionamientoAnalogico.elf elf32-littlearm)
