Archive member included to satisfy reference by file (symbol)

.\CortexM3\ARM_GCC_541\Debug\AcondicionamientoAnalogico.a(Filter.o)
                              .\CortexM3\ARM_GCC_541\Debug\main.o (symbol from plugin) (Filter_Start)
.\CortexM3\ARM_GCC_541\Debug\AcondicionamientoAnalogico.a(Filter_PVT.o)
                              Filter.o (symbol from plugin) (Filter_SetInterruptMode)
.\CortexM3\ARM_GCC_541\Debug\AcondicionamientoAnalogico.a(Filter_RAM_Data.o)
                              Filter.o (symbol from plugin) (Filter_cfsm)
.\CortexM3\ARM_GCC_541\Debug\AcondicionamientoAnalogico.a(CyDmac.o)
                              .\CortexM3\ARM_GCC_541\Debug\Cm3Start.o (symbol from plugin) (CyDmacConfigure)
.\CortexM3\ARM_GCC_541\Debug\AcondicionamientoAnalogico.a(CyLib.o)
                              .\CortexM3\ARM_GCC_541\Debug\Cm3Start.o (symbol from plugin) (CyHalt)
.\CortexM3\ARM_GCC_541\Debug\AcondicionamientoAnalogico.a(cyPm.o)
                              CyLib.o (symbol from plugin) (CyPmReadStatus)
.\CortexM3\ARM_GCC_541\Debug\AcondicionamientoAnalogico.a(DMA_DelSig_Filter_dma.o)
                              .\CortexM3\ARM_GCC_541\Debug\main.o (symbol from plugin) (DMA_DelSig_Filter_DmaInitialize)
.\CortexM3\ARM_GCC_541\Debug\AcondicionamientoAnalogico.a(DMA_DelSig_RAM_dma.o)
                              .\CortexM3\ARM_GCC_541\Debug\main.o (symbol from plugin) (DMA_DelSig_RAM_DmaInitialize)
.\CortexM3\ARM_GCC_541\Debug\AcondicionamientoAnalogico.a(isr_Timer.o)
                              .\CortexM3\ARM_GCC_541\Debug\main.o (symbol from plugin) (isr_Timer_StartEx)
.\CortexM3\ARM_GCC_541\Debug\AcondicionamientoAnalogico.a(Timer.o)
                              .\CortexM3\ARM_GCC_541\Debug\main.o (symbol from plugin) (Timer_Start)
.\CortexM3\ARM_GCC_541\Debug\AcondicionamientoAnalogico.a(LED.o)
                              .\CortexM3\ARM_GCC_541\Debug\main.o (symbol from plugin) (LED_Write)
.\CortexM3\ARM_GCC_541\Debug\AcondicionamientoAnalogico.a(UART.o)
                              .\CortexM3\ARM_GCC_541\Debug\main.o (symbol from plugin) (UART_Start)
.\CortexM3\ARM_GCC_541\Debug\AcondicionamientoAnalogico.a(UART_INT.o)
                              UART.o (symbol from plugin) (UART_RXISR)
.\CortexM3\ARM_GCC_541\Debug\AcondicionamientoAnalogico.a(UART_IntClock.o)
                              UART.o (symbol from plugin) (UART_IntClock_Start)
.\CortexM3\ARM_GCC_541\Debug\AcondicionamientoAnalogico.a(OPAbp.o)
                              .\CortexM3\ARM_GCC_541\Debug\psoc_hw.o (symbol from plugin) (OPAbp_Start)
.\CortexM3\ARM_GCC_541\Debug\AcondicionamientoAnalogico.a(OPAlp.o)
                              .\CortexM3\ARM_GCC_541\Debug\psoc_hw.o (symbol from plugin) (OPAlp_Start)
.\CortexM3\ARM_GCC_541\Debug\AcondicionamientoAnalogico.a(OPAadder.o)
                              .\CortexM3\ARM_GCC_541\Debug\psoc_hw.o (symbol from plugin) (OPAadder_Start)
.\CortexM3\ARM_GCC_541\Debug\AcondicionamientoAnalogico.a(ADC.o)
                              .\CortexM3\ARM_GCC_541\Debug\calibration.o (symbol from plugin) (ADC_Start)
.\CortexM3\ARM_GCC_541\Debug\AcondicionamientoAnalogico.a(ADC_INT.o)
                              ADC.o (symbol from plugin) (ADC_ISR1)
.\CortexM3\ARM_GCC_541\Debug\AcondicionamientoAnalogico.a(PGAgain.o)
                              .\CortexM3\ARM_GCC_541\Debug\psoc_hw.o (symbol from plugin) (PGAgain_Start)
.\CortexM3\ARM_GCC_541\Debug\AcondicionamientoAnalogico.a(PGAn.o)
                              .\CortexM3\ARM_GCC_541\Debug\psoc_hw.o (symbol from plugin) (PGAn_Start)
.\CortexM3\ARM_GCC_541\Debug\AcondicionamientoAnalogico.a(PGAp.o)
                              .\CortexM3\ARM_GCC_541\Debug\psoc_hw.o (symbol from plugin) (PGAp_Start)
.\CortexM3\ARM_GCC_541\Debug\AcondicionamientoAnalogico.a(ADC_Ext_CP_Clk.o)
                              ADC.o (symbol from plugin) (ADC_Ext_CP_Clk_SetDividerRegister)
.\CortexM3\ARM_GCC_541\Debug\AcondicionamientoAnalogico.a(ADC_theACLK.o)
                              ADC.o (symbol from plugin) (ADC_theACLK_SetDividerRegister)
.\CortexM3\ARM_GCC_541\Debug\AcondicionamientoAnalogico.a(OPAref.o)
                              .\CortexM3\ARM_GCC_541\Debug\psoc_hw.o (symbol from plugin) (OPAref_Start)
.\CortexM3\ARM_GCC_541\Debug\AcondicionamientoAnalogico.a(LPF_1.o)
                              .\CortexM3\ARM_GCC_541\Debug\psoc_hw.o (symbol from plugin) (LPF_1_Start)
.\CortexM3\ARM_GCC_541\Debug\AcondicionamientoAnalogico.a(LPF_2.o)
                              .\CortexM3\ARM_GCC_541\Debug\psoc_hw.o (symbol from plugin) (LPF_2_Start)
.\CortexM3\ARM_GCC_541\Debug\AcondicionamientoAnalogico.a(SYNC_IN.o)
                              .\CortexM3\ARM_GCC_541\Debug\main.o (symbol from plugin) (SYNC_IN_Read)
.\CortexM3\ARM_GCC_541\Debug\AcondicionamientoAnalogico.a(isr_SyncIn.o)
                              .\CortexM3\ARM_GCC_541\Debug\main.o (symbol from plugin) (isr_SyncIn_StartEx)
.\CortexM3\ARM_GCC_541\Debug\AcondicionamientoAnalogico.a(VDAC_ref_LP.o)
                              .\CortexM3\ARM_GCC_541\Debug\calibration.o (symbol from plugin) (VDAC_ref_LP_Start)
.\CortexM3\ARM_GCC_541\Debug\AcondicionamientoAnalogico.a(VDAC_ref_BP.o)
                              .\CortexM3\ARM_GCC_541\Debug\calibration.o (symbol from plugin) (VDAC_ref_BP_Start)
.\CortexM3\ARM_GCC_541\Debug\AcondicionamientoAnalogico.a(VDAC_ref_PGA.o)
                              .\CortexM3\ARM_GCC_541\Debug\calibration.o (symbol from plugin) (VDAC_ref_PGA_Start)
.\CortexM3\ARM_GCC_541\Debug\AcondicionamientoAnalogico.a(VDAC_Ref_Adder.o)
                              .\CortexM3\ARM_GCC_541\Debug\calibration.o (symbol from plugin) (VDAC_Ref_Adder_Start)
.\CortexM3\ARM_GCC_541\Debug\AcondicionamientoAnalogico.a(AMux_ADC.o)
                              .\CortexM3\ARM_GCC_541\Debug\calibration.o (symbol from plugin) (AMux_ADC_Start)
.\CortexM3\ARM_GCC_541\Debug\AcondicionamientoAnalogico.a(PGAshield.o)
                              .\CortexM3\ARM_GCC_541\Debug\psoc_hw.o (symbol from plugin) (PGAshield_Start)
.\CortexM3\ARM_GCC_541\Debug\AcondicionamientoAnalogico.a(Clock_1.o)
                              .\CortexM3\ARM_GCC_541\Debug\main.o (symbol from plugin) (Clock_1_Start)
.\CortexM3\ARM_GCC_541\Debug\AcondicionamientoAnalogico.a(isr_Button.o)
                              .\CortexM3\ARM_GCC_541\Debug\main.o (symbol from plugin) (isr_Button_StartEx)
.\CortexM3\ARM_GCC_541\Debug\AcondicionamientoAnalogico.a(EEPROM.o)
                              .\CortexM3\ARM_GCC_541\Debug\main.o (symbol from plugin) (EEPROM_Start)
.\CortexM3\ARM_GCC_541\Debug\AcondicionamientoAnalogico.a(DMA_Filter_RAM_dma.o)
                              .\CortexM3\ARM_GCC_541\Debug\main.o (symbol from plugin) (DMA_Filter_RAM_DmaInitialize)
.\CortexM3\ARM_GCC_541\Debug\AcondicionamientoAnalogico.a(isr_DMA_DelSig_RAM.o)
                              .\CortexM3\ARM_GCC_541\Debug\main.o (symbol from plugin) (isr_DMA_DelSig_RAM_StartEx)
.\CortexM3\ARM_GCC_541\Debug\AcondicionamientoAnalogico.a(isr_DMA_Filter_RAM.o)
                              .\CortexM3\ARM_GCC_541\Debug\main.o (symbol from plugin) (isr_DMA_Filter_RAM_StartEx)
.\CortexM3\ARM_GCC_541\Debug\AcondicionamientoAnalogico.a(Reg_Select.o)
                              .\CortexM3\ARM_GCC_541\Debug\main.o (symbol from plugin) (Reg_Select_Write)
.\CortexM3\ARM_GCC_541\Debug\AcondicionamientoAnalogico.a(CyBootAsmGnu.o)
                              .\CortexM3\ARM_GCC_541\Debug\cyfitter_cfg.o (symbol from plugin) (CyDelayCycles)
.\CortexM3\ARM_GCC_541\Debug\AcondicionamientoAnalogico.a(CyFlash.o)
                              EEPROM.o (symbol from plugin) (dieTemperature)
.\CortexM3\ARM_GCC_541\Debug\AcondicionamientoAnalogico.a(CySpc.o)
                              EEPROM.o (symbol from plugin) (CySpcStart)
c:/program files (x86)/cypress/psoc creator/4.4/psoc creator/import/gnu/arm/5.4.1/bin/../lib/gcc/arm-none-eabi/5.4.1/../../../../arm-none-eabi/lib/armv7-m\libg_nano.a(lib_a-errno.o)
                              .\CortexM3\ARM_GCC_541\Debug\Cm3Start.o (symbol from plugin) (__errno)
c:/program files (x86)/cypress/psoc creator/4.4/psoc creator/import/gnu/arm/5.4.1/bin/../lib/gcc/arm-none-eabi/5.4.1/../../../../arm-none-eabi/lib/armv7-m\libg_nano.a(lib_a-exit.o)
                              c:/program files (x86)/cypress/psoc creator/4.4/psoc creator/import/gnu/arm/5.4.1/bin/../lib/gcc/arm-none-eabi/5.4.1/../../../../arm-none-eabi/lib/armv7-m/crt0.o (exit)
c:/program files (x86)/cypress/psoc creator/4.4/psoc creator/import/gnu/arm/5.4.1/bin/../lib/gcc/arm-none-eabi/5.4.1/../../../../arm-none-eabi/lib/armv7-m\libg_nano.a(lib_a-impure.o)
                              c:/program files (x86)/cypress/psoc creator/4.4/psoc creator/import/gnu/arm/5.4.1/bin/../lib/gcc/arm-none-eabi/5.4.1/../../../../arm-none-eabi/lib/armv7-m\libg_nano.a(lib_a-exit.o) (_global_impure_ptr)
c:/program files (x86)/cypress/psoc creator/4.4/psoc creator/import/gnu/arm/5.4.1/bin/../lib/gcc/arm-none-eabi/5.4.1/../../../../arm-none-eabi/lib/armv7-m\libg_nano.a(lib_a-init.o)
                              c:/program files (x86)/cypress/psoc creator/4.4/psoc creator/import/gnu/arm/5.4.1/bin/../lib/gcc/arm-none-eabi/5.4.1/../../../../arm-none-eabi/lib/armv7-m/crt0.o (__libc_init_array)
c:/program files (x86)/cypress/psoc creator/4.4/psoc creator/import/gnu/arm/5.4.1/bin/../lib/gcc/arm-none-eabi/5.4.1/../../../../arm-none-eabi/lib/armv7-m\libg_nano.a(lib_a-memset.o)
                              c:/program files (x86)/cypress/psoc creator/4.4/psoc creator/import/gnu/arm/5.4.1/bin/../lib/gcc/arm-none-eabi/5.4.1/../../../../arm-none-eabi/lib/armv7-m/crt0.o (memset)
c:/program files (x86)/cypress/psoc creator/4.4/psoc creator/import/gnu/arm/5.4.1/bin/../lib/gcc/arm-none-eabi/5.4.1/../../../../arm-none-eabi/lib/armv7-m\libnosys.a(_exit.o)
                              c:/program files (x86)/cypress/psoc creator/4.4/psoc creator/import/gnu/arm/5.4.1/bin/../lib/gcc/arm-none-eabi/5.4.1/../../../../arm-none-eabi/lib/armv7-m\libg_nano.a(lib_a-exit.o) (_exit)
c:/program files (x86)/cypress/psoc creator/4.4/psoc creator/import/gnu/arm/5.4.1/bin/../lib/gcc/arm-none-eabi/5.4.1/armv7-m\libgcc.a(_aeabi_ldivmod.o)
                              C:\Users\elias\AppData\Local\Temp\ccfPbPMl.ltrans2.ltrans.o (__aeabi_ldivmod)
c:/program files (x86)/cypress/psoc creator/4.4/psoc creator/import/gnu/arm/5.4.1/bin/../lib/gcc/arm-none-eabi/5.4.1/armv7-m\libgcc.a(_udivmoddi4.o)
                              c:/program files (x86)/cypress/psoc creator/4.4/psoc creator/import/gnu/arm/5.4.1/bin/../lib/gcc/arm-none-eabi/5.4.1/armv7-m\libgcc.a(_aeabi_ldivmod.o) (__udivmoddi4)
c:/program files (x86)/cypress/psoc creator/4.4/psoc creator/import/gnu/arm/5.4.1/bin/../lib/gcc/arm-none-eabi/5.4.1/armv7-m\libgcc.a(_dvmd_tls.o)
                              c:/program files (x86)/cypress/psoc creator/4.4/psoc creator/import/gnu/arm/5.4.1/bin/../lib/gcc/arm-none-eabi/5.4.1/armv7-m\libgcc.a(_aeabi_ldivmod.o) (__aeabi_ldiv0)
c:/program files (x86)/cypress/psoc creator/4.4/psoc creator/import/gnu/arm/5.4.1/bin/../lib/gcc/arm-none-eabi/5.4.1/../../../../arm-none-eabi/lib/armv7-m\libg_nano.a(lib_a-memcpy-stub.o)
                              C:\Users\elias\AppData\Local\Temp\ccfPbPMl.ltrans1.ltrans.o (memcpy)

Allocating common symbols
Common symbol       size              file

ADC_CountsPerVolt   0x4               ADC.o (symbol from plugin)
dieTemperature      0x2               CyFlash.o (symbol from plugin)

Discarded input sections

 .text          0x00000000        0x0 c:/program files (x86)/cypress/psoc creator/4.4/psoc creator/import/gnu/arm/5.4.1/bin/../lib/gcc/arm-none-eabi/5.4.1/armv7-m/crti.o
 .data          0x00000000        0x0 c:/program files (x86)/cypress/psoc creator/4.4/psoc creator/import/gnu/arm/5.4.1/bin/../lib/gcc/arm-none-eabi/5.4.1/armv7-m/crti.o
 .bss           0x00000000        0x0 c:/program files (x86)/cypress/psoc creator/4.4/psoc creator/import/gnu/arm/5.4.1/bin/../lib/gcc/arm-none-eabi/5.4.1/armv7-m/crti.o
 .data          0x00000000        0x4 c:/program files (x86)/cypress/psoc creator/4.4/psoc creator/import/gnu/arm/5.4.1/bin/../lib/gcc/arm-none-eabi/5.4.1/armv7-m/crtbegin.o
 .text          0x00000000       0x74 c:/program files (x86)/cypress/psoc creator/4.4/psoc creator/import/gnu/arm/5.4.1/bin/../lib/gcc/arm-none-eabi/5.4.1/../../../../arm-none-eabi/lib/armv7-m/crt0.o
 .data          0x00000000        0x0 c:/program files (x86)/cypress/psoc creator/4.4/psoc creator/import/gnu/arm/5.4.1/bin/../lib/gcc/arm-none-eabi/5.4.1/../../../../arm-none-eabi/lib/armv7-m/crt0.o
 .bss           0x00000000        0x0 c:/program files (x86)/cypress/psoc creator/4.4/psoc creator/import/gnu/arm/5.4.1/bin/../lib/gcc/arm-none-eabi/5.4.1/../../../../arm-none-eabi/lib/armv7-m/crt0.o
 .ARM.extab     0x00000000        0x0 c:/program files (x86)/cypress/psoc creator/4.4/psoc creator/import/gnu/arm/5.4.1/bin/../lib/gcc/arm-none-eabi/5.4.1/../../../../arm-none-eabi/lib/armv7-m/crt0.o
 .ARM.exidx     0x00000000        0x8 c:/program files (x86)/cypress/psoc creator/4.4/psoc creator/import/gnu/arm/5.4.1/bin/../lib/gcc/arm-none-eabi/5.4.1/../../../../arm-none-eabi/lib/armv7-m/crt0.o
 .text          0x00000000        0x0 .\CortexM3\ARM_GCC_541\Debug\main.o (symbol from plugin)
 .text          0x00000000        0x0 C:\Users\elias\AppData\Local\Temp\ccfPbPMl.ltrans0.ltrans.o
 .data          0x00000000        0x0 C:\Users\elias\AppData\Local\Temp\ccfPbPMl.ltrans0.ltrans.o
 .text          0x00000000        0x0 C:\Users\elias\AppData\Local\Temp\ccfPbPMl.ltrans1.ltrans.o
 .text          0x00000000        0x0 C:\Users\elias\AppData\Local\Temp\ccfPbPMl.ltrans2.ltrans.o
 .data          0x00000000        0x0 C:\Users\elias\AppData\Local\Temp\ccfPbPMl.ltrans2.ltrans.o
 .text          0x00000000        0x0 C:\Users\elias\AppData\Local\Temp\ccfPbPMl.ltrans3.ltrans.o
 .text._exit    0x00000000        0x4 C:\Users\elias\AppData\Local\Temp\ccfPbPMl.ltrans3.ltrans.o
 .text          0x00000000        0x0 C:\Users\elias\AppData\Local\Temp\ccfPbPMl.ltrans4.ltrans.o
 .data          0x00000000        0x0 C:\Users\elias\AppData\Local\Temp\ccfPbPMl.ltrans4.ltrans.o
 .text          0x00000000        0x0 C:\Users\elias\AppData\Local\Temp\ccfPbPMl.ltrans5.ltrans.o
 .data          0x00000000        0x0 C:\Users\elias\AppData\Local\Temp\ccfPbPMl.ltrans5.ltrans.o
 .text          0x00000000        0x0 .\CortexM3\ARM_GCC_541\Debug\calibration.o (symbol from plugin)
 .text          0x00000000        0x0 .\CortexM3\ARM_GCC_541\Debug\psoc_adc.o (symbol from plugin)
 .text          0x00000000        0x0 .\CortexM3\ARM_GCC_541\Debug\psoc_hw.o (symbol from plugin)
 .text          0x00000000        0x0 .\CortexM3\ARM_GCC_541\Debug\crc.o (symbol from plugin)
 .text          0x00000000        0x0 .\CortexM3\ARM_GCC_541\Debug\psoc_nv.o (symbol from plugin)
 .text          0x00000000        0x0 .\CortexM3\ARM_GCC_541\Debug\filter_coeffs.o (symbol from plugin)
 .text          0x00000000        0x0 .\CortexM3\ARM_GCC_541\Debug\FIR_adquisition.o (symbol from plugin)
 .text          0x00000000        0x0 .\CortexM3\ARM_GCC_541\Debug\FIR_calibration.o (symbol from plugin)
 .text          0x00000000        0x0 .\CortexM3\ARM_GCC_541\Debug\psoc_debug.o (symbol from plugin)
 .text          0x00000000        0x0 .\CortexM3\ARM_GCC_541\Debug\cyfitter_cfg.o (symbol from plugin)
 .text          0x00000000        0x0 .\CortexM3\ARM_GCC_541\Debug\cymetadata.o (symbol from plugin)
 .text          0x00000000        0x0 .\CortexM3\ARM_GCC_541\Debug\Cm3Start.o (symbol from plugin)
 .text          0x00000000        0x0 Filter.o (symbol from plugin)
 .text          0x00000000        0x0 Filter_PVT.o (symbol from plugin)
 .text          0x00000000        0x0 Filter_RAM_Data.o (symbol from plugin)
 .text          0x00000000        0x0 CyDmac.o (symbol from plugin)
 .text          0x00000000        0x0 CyLib.o (symbol from plugin)
 .text          0x00000000        0x0 cyPm.o (symbol from plugin)
 .text          0x00000000        0x0 DMA_DelSig_Filter_dma.o (symbol from plugin)
 .text          0x00000000        0x0 DMA_DelSig_RAM_dma.o (symbol from plugin)
 .text          0x00000000        0x0 isr_Timer.o (symbol from plugin)
 .text          0x00000000        0x0 Timer.o (symbol from plugin)
 .text          0x00000000        0x0 LED.o (symbol from plugin)
 .text          0x00000000        0x0 UART.o (symbol from plugin)
 .text          0x00000000        0x0 UART_INT.o (symbol from plugin)
 .text          0x00000000        0x0 UART_IntClock.o (symbol from plugin)
 .text          0x00000000        0x0 OPAbp.o (symbol from plugin)
 .text          0x00000000        0x0 OPAlp.o (symbol from plugin)
 .text          0x00000000        0x0 OPAadder.o (symbol from plugin)
 .text          0x00000000        0x0 ADC.o (symbol from plugin)
 .text          0x00000000        0x0 ADC_INT.o (symbol from plugin)
 .text          0x00000000        0x0 PGAgain.o (symbol from plugin)
 .text          0x00000000        0x0 PGAn.o (symbol from plugin)
 .text          0x00000000        0x0 PGAp.o (symbol from plugin)
 .text          0x00000000        0x0 ADC_Ext_CP_Clk.o (symbol from plugin)
 .text          0x00000000        0x0 ADC_theACLK.o (symbol from plugin)
 .text          0x00000000        0x0 OPAref.o (symbol from plugin)
 .text          0x00000000        0x0 LPF_1.o (symbol from plugin)
 .text          0x00000000        0x0 LPF_2.o (symbol from plugin)
 .text          0x00000000        0x0 SYNC_IN.o (symbol from plugin)
 .text          0x00000000        0x0 isr_SyncIn.o (symbol from plugin)
 .text          0x00000000        0x0 VDAC_ref_LP.o (symbol from plugin)
 .text          0x00000000        0x0 VDAC_ref_BP.o (symbol from plugin)
 .text          0x00000000        0x0 VDAC_ref_PGA.o (symbol from plugin)
 .text          0x00000000        0x0 VDAC_Ref_Adder.o (symbol from plugin)
 .text          0x00000000        0x0 AMux_ADC.o (symbol from plugin)
 .text          0x00000000        0x0 PGAshield.o (symbol from plugin)
 .text          0x00000000        0x0 Clock_1.o (symbol from plugin)
 .text          0x00000000        0x0 isr_Button.o (symbol from plugin)
 .text          0x00000000        0x0 EEPROM.o (symbol from plugin)
 .text          0x00000000        0x0 DMA_Filter_RAM_dma.o (symbol from plugin)
 .text          0x00000000        0x0 isr_DMA_DelSig_RAM.o (symbol from plugin)
 .text          0x00000000        0x0 isr_DMA_Filter_RAM.o (symbol from plugin)
 .text          0x00000000        0x0 Reg_Select.o (symbol from plugin)
 .data          0x00000000        0x0 .\CortexM3\ARM_GCC_541\Debug\AcondicionamientoAnalogico.a(CyBootAsmGnu.o)
 .bss           0x00000000        0x0 .\CortexM3\ARM_GCC_541\Debug\AcondicionamientoAnalogico.a(CyBootAsmGnu.o)
 .text          0x00000000        0x0 CyFlash.o (symbol from plugin)
 .text          0x00000000        0x0 CySpc.o (symbol from plugin)
 .text          0x00000000        0x0 c:/program files (x86)/cypress/psoc creator/4.4/psoc creator/import/gnu/arm/5.4.1/bin/../lib/gcc/arm-none-eabi/5.4.1/../../../../arm-none-eabi/lib/armv7-m\libg_nano.a(lib_a-errno.o)
 .data          0x00000000        0x0 c:/program files (x86)/cypress/psoc creator/4.4/psoc creator/import/gnu/arm/5.4.1/bin/../lib/gcc/arm-none-eabi/5.4.1/../../../../arm-none-eabi/lib/armv7-m\libg_nano.a(lib_a-errno.o)
 .bss           0x00000000        0x0 c:/program files (x86)/cypress/psoc creator/4.4/psoc creator/import/gnu/arm/5.4.1/bin/../lib/gcc/arm-none-eabi/5.4.1/../../../../arm-none-eabi/lib/armv7-m\libg_nano.a(lib_a-errno.o)
 .text          0x00000000        0x0 c:/program files (x86)/cypress/psoc creator/4.4/psoc creator/import/gnu/arm/5.4.1/bin/../lib/gcc/arm-none-eabi/5.4.1/../../../../arm-none-eabi/lib/armv7-m\libg_nano.a(lib_a-exit.o)
 .data          0x00000000        0x0 c:/program files (x86)/cypress/psoc creator/4.4/psoc creator/import/gnu/arm/5.4.1/bin/../lib/gcc/arm-none-eabi/5.4.1/../../../../arm-none-eabi/lib/armv7-m\libg_nano.a(lib_a-exit.o)
 .bss           0x00000000        0x0 c:/program files (x86)/cypress/psoc creator/4.4/psoc creator/import/gnu/arm/5.4.1/bin/../lib/gcc/arm-none-eabi/5.4.1/../../../../arm-none-eabi/lib/armv7-m\libg_nano.a(lib_a-exit.o)
 .text.exit     0x00000000       0x28 c:/program files (x86)/cypress/psoc creator/4.4/psoc creator/import/gnu/arm/5.4.1/bin/../lib/gcc/arm-none-eabi/5.4.1/../../../../arm-none-eabi/lib/armv7-m\libg_nano.a(lib_a-exit.o)
 .text          0x00000000        0x0 c:/program files (x86)/cypress/psoc creator/4.4/psoc creator/import/gnu/arm/5.4.1/bin/../lib/gcc/arm-none-eabi/5.4.1/../../../../arm-none-eabi/lib/armv7-m\libg_nano.a(lib_a-impure.o)
 .data          0x00000000        0x0 c:/program files (x86)/cypress/psoc creator/4.4/psoc creator/import/gnu/arm/5.4.1/bin/../lib/gcc/arm-none-eabi/5.4.1/../../../../arm-none-eabi/lib/armv7-m\libg_nano.a(lib_a-impure.o)
 .bss           0x00000000        0x0 c:/program files (x86)/cypress/psoc creator/4.4/psoc creator/import/gnu/arm/5.4.1/bin/../lib/gcc/arm-none-eabi/5.4.1/../../../../arm-none-eabi/lib/armv7-m\libg_nano.a(lib_a-impure.o)
 .rodata._global_impure_ptr
                0x00000000        0x4 c:/program files (x86)/cypress/psoc creator/4.4/psoc creator/import/gnu/arm/5.4.1/bin/../lib/gcc/arm-none-eabi/5.4.1/../../../../arm-none-eabi/lib/armv7-m\libg_nano.a(lib_a-impure.o)
 .text          0x00000000        0x0 c:/program files (x86)/cypress/psoc creator/4.4/psoc creator/import/gnu/arm/5.4.1/bin/../lib/gcc/arm-none-eabi/5.4.1/../../../../arm-none-eabi/lib/armv7-m\libg_nano.a(lib_a-init.o)
 .data          0x00000000        0x0 c:/program files (x86)/cypress/psoc creator/4.4/psoc creator/import/gnu/arm/5.4.1/bin/../lib/gcc/arm-none-eabi/5.4.1/../../../../arm-none-eabi/lib/armv7-m\libg_nano.a(lib_a-init.o)
 .bss           0x00000000        0x0 c:/program files (x86)/cypress/psoc creator/4.4/psoc creator/import/gnu/arm/5.4.1/bin/../lib/gcc/arm-none-eabi/5.4.1/../../../../arm-none-eabi/lib/armv7-m\libg_nano.a(lib_a-init.o)
 .text          0x00000000        0x0 c:/program files (x86)/cypress/psoc creator/4.4/psoc creator/import/gnu/arm/5.4.1/bin/../lib/gcc/arm-none-eabi/5.4.1/../../../../arm-none-eabi/lib/armv7-m\libg_nano.a(lib_a-memset.o)
 .data          0x00000000        0x0 c:/program files (x86)/cypress/psoc creator/4.4/psoc creator/import/gnu/arm/5.4.1/bin/../lib/gcc/arm-none-eabi/5.4.1/../../../../arm-none-eabi/lib/armv7-m\libg_nano.a(lib_a-memset.o)
 .bss           0x00000000        0x0 c:/program files (x86)/cypress/psoc creator/4.4/psoc creator/import/gnu/arm/5.4.1/bin/../lib/gcc/arm-none-eabi/5.4.1/../../../../arm-none-eabi/lib/armv7-m\libg_nano.a(lib_a-memset.o)
 .text          0x00000000        0x0 c:/program files (x86)/cypress/psoc creator/4.4/psoc creator/import/gnu/arm/5.4.1/bin/../lib/gcc/arm-none-eabi/5.4.1/armv7-m/crtend.o
 .data          0x00000000        0x0 c:/program files (x86)/cypress/psoc creator/4.4/psoc creator/import/gnu/arm/5.4.1/bin/../lib/gcc/arm-none-eabi/5.4.1/armv7-m/crtend.o
 .bss           0x00000000        0x0 c:/program files (x86)/cypress/psoc creator/4.4/psoc creator/import/gnu/arm/5.4.1/bin/../lib/gcc/arm-none-eabi/5.4.1/armv7-m/crtend.o
 .text          0x00000000        0x0 c:/program files (x86)/cypress/psoc creator/4.4/psoc creator/import/gnu/arm/5.4.1/bin/../lib/gcc/arm-none-eabi/5.4.1/armv7-m/crtn.o
 .data          0x00000000        0x0 c:/program files (x86)/cypress/psoc creator/4.4/psoc creator/import/gnu/arm/5.4.1/bin/../lib/gcc/arm-none-eabi/5.4.1/armv7-m/crtn.o
 .bss           0x00000000        0x0 c:/program files (x86)/cypress/psoc creator/4.4/psoc creator/import/gnu/arm/5.4.1/bin/../lib/gcc/arm-none-eabi/5.4.1/armv7-m/crtn.o
 .text          0x00000000        0x0 c:/program files (x86)/cypress/psoc creator/4.4/psoc creator/import/gnu/arm/5.4.1/bin/../lib/gcc/arm-none-eabi/5.4.1/../../../../arm-none-eabi/lib/armv7-m\libnosys.a(_exit.o)
 .data          0x00000000        0x0 c:/program files (x86)/cypress/psoc creator/4.4/psoc creator/import/gnu/arm/5.4.1/bin/../lib/gcc/arm-none-eabi/5.4.1/../../../../arm-none-eabi/lib/armv7-m\libnosys.a(_exit.o)
 .bss           0x00000000        0x0 c:/program files (x86)/cypress/psoc creator/4.4/psoc creator/import/gnu/arm/5.4.1/bin/../lib/gcc/arm-none-eabi/5.4.1/../../../../arm-none-eabi/lib/armv7-m\libnosys.a(_exit.o)
 .text._exit    0x00000000        0x4 c:/program files (x86)/cypress/psoc creator/4.4/psoc creator/import/gnu/arm/5.4.1/bin/../lib/gcc/arm-none-eabi/5.4.1/../../../../arm-none-eabi/lib/armv7-m\libnosys.a(_exit.o)
 .data          0x00000000        0x0 c:/program files (x86)/cypress/psoc creator/4.4/psoc creator/import/gnu/arm/5.4.1/bin/../lib/gcc/arm-none-eabi/5.4.1/armv7-m\libgcc.a(_aeabi_ldivmod.o)
 .bss           0x00000000        0x0 c:/program files (x86)/cypress/psoc creator/4.4/psoc creator/import/gnu/arm/5.4.1/bin/../lib/gcc/arm-none-eabi/5.4.1/armv7-m\libgcc.a(_aeabi_ldivmod.o)
 .data          0x00000000        0x0 c:/program files (x86)/cypress/psoc creator/4.4/psoc creator/import/gnu/arm/5.4.1/bin/../lib/gcc/arm-none-eabi/5.4.1/armv7-m\libgcc.a(_udivmoddi4.o)
 .bss           0x00000000        0x0 c:/program files (x86)/cypress/psoc creator/4.4/psoc creator/import/gnu/arm/5.4.1/bin/../lib/gcc/arm-none-eabi/5.4.1/armv7-m\libgcc.a(_udivmoddi4.o)
 .ARM.extab     0x00000000        0x0 c:/program files (x86)/cypress/psoc creator/4.4/psoc creator/import/gnu/arm/5.4.1/bin/../lib/gcc/arm-none-eabi/5.4.1/armv7-m\libgcc.a(_udivmoddi4.o)
 .data          0x00000000        0x0 c:/program files (x86)/cypress/psoc creator/4.4/psoc creator/import/gnu/arm/5.4.1/bin/../lib/gcc/arm-none-eabi/5.4.1/armv7-m\libgcc.a(_dvmd_tls.o)
 .bss           0x00000000        0x0 c:/program files (x86)/cypress/psoc creator/4.4/psoc creator/import/gnu/arm/5.4.1/bin/../lib/gcc/arm-none-eabi/5.4.1/armv7-m\libgcc.a(_dvmd_tls.o)
 .text          0x00000000        0x0 c:/program files (x86)/cypress/psoc creator/4.4/psoc creator/import/gnu/arm/5.4.1/bin/../lib/gcc/arm-none-eabi/5.4.1/../../../../arm-none-eabi/lib/armv7-m\libg_nano.a(lib_a-memcpy-stub.o)
 .data          0x00000000        0x0 c:/program files (x86)/cypress/psoc creator/4.4/psoc creator/import/gnu/arm/5.4.1/bin/../lib/gcc/arm-none-eabi/5.4.1/../../../../arm-none-eabi/lib/armv7-m\libg_nano.a(lib_a-memcpy-stub.o)
 .bss           0x00000000        0x0 c:/program files (x86)/cypress/psoc creator/4.4/psoc creator/import/gnu/arm/5.4.1/bin/../lib/gcc/arm-none-eabi/5.4.1/../../../../arm-none-eabi/lib/armv7-m\libg_nano.a(lib_a-memcpy-stub.o)

Memory Configuration

Name             Origin             Length             Attributes
rom              0x00000000         0x00040000         xr
ram              0x1fff8000         0x00010000         xrw
*default*        0x00000000         0xffffffff

Linker script and memory map

LOAD c:/program files (x86)/cypress/psoc creator/4.4/psoc creator/import/gnu/arm/5.4.1/bin/../lib/gcc/arm-none-eabi/5.4.1/armv7-m/crti.o
LOAD c:/program files (x86)/cypress/psoc creator/4.4/psoc creator/import/gnu/arm/5.4.1/bin/../lib/gcc/arm-none-eabi/5.4.1/armv7-m/crtbegin.o
LOAD c:/program files (x86)/cypress/psoc creator/4.4/psoc creator/import/gnu/arm/5.4.1/bin/../lib/gcc/arm-none-eabi/5.4.1/../../../../arm-none-eabi/lib/armv7-m/crt0.o
START GROUP
LOAD .\CortexM3\ARM_GCC_541\Debug\main.o
LOAD C:\Users\elias\AppData\Local\Temp\ccfPbPMl.ltrans0.ltrans.o
LOAD C:\Users\elias\AppData\Local\Temp\ccfPbPMl.ltrans1.ltrans.o
LOAD C:\Users\elias\AppData\Local\Temp\ccfPbPMl.ltrans2.ltrans.o
LOAD C:\Users\elias\AppData\Local\Temp\ccfPbPMl.ltrans3.ltrans.o
LOAD C:\Users\elias\AppData\Local\Temp\ccfPbPMl.ltrans4.ltrans.o
LOAD C:\Users\elias\AppData\Local\Temp\ccfPbPMl.ltrans5.ltrans.o
LOAD .\CortexM3\ARM_GCC_541\Debug\calibration.o
LOAD .\CortexM3\ARM_GCC_541\Debug\psoc_adc.o
LOAD .\CortexM3\ARM_GCC_541\Debug\psoc_hw.o
LOAD .\CortexM3\ARM_GCC_541\Debug\crc.o
LOAD .\CortexM3\ARM_GCC_541\Debug\psoc_nv.o
LOAD .\CortexM3\ARM_GCC_541\Debug\filter_coeffs.o
LOAD .\CortexM3\ARM_GCC_541\Debug\FIR_adquisition.o
LOAD .\CortexM3\ARM_GCC_541\Debug\FIR_calibration.o
LOAD .\CortexM3\ARM_GCC_541\Debug\psoc_debug.o
LOAD .\CortexM3\ARM_GCC_541\Debug\cyfitter_cfg.o
LOAD .\CortexM3\ARM_GCC_541\Debug\cymetadata.o
LOAD .\CortexM3\ARM_GCC_541\Debug\Cm3Start.o
LOAD .\CortexM3\ARM_GCC_541\Debug\AcondicionamientoAnalogico.a
LOAD C:\Program Files (x86)\Cypress\PSoC Creator\4.4\PSoC Creator\psoc\content\cycomponentlibrary\CyComponentLibrary.cylib\CortexM3\ARM_GCC_541\Debug\CyComponentLibrary.a
END GROUP
START GROUP
LOAD c:/program files (x86)/cypress/psoc creator/4.4/psoc creator/import/gnu/arm/5.4.1/bin/../lib/gcc/arm-none-eabi/5.4.1/armv7-m\libgcc.a
LOAD c:/program files (x86)/cypress/psoc creator/4.4/psoc creator/import/gnu/arm/5.4.1/bin/../lib/gcc/arm-none-eabi/5.4.1/../../../../arm-none-eabi/lib/armv7-m\libg_nano.a
LOAD c:/program files (x86)/cypress/psoc creator/4.4/psoc creator/import/gnu/arm/5.4.1/bin/../lib/gcc/arm-none-eabi/5.4.1/../../../../arm-none-eabi/lib/armv7-m\libc_nano.a
END GROUP
START GROUP
LOAD c:/program files (x86)/cypress/psoc creator/4.4/psoc creator/import/gnu/arm/5.4.1/bin/../lib/gcc/arm-none-eabi/5.4.1/armv7-m\libgcc.a
LOAD c:/program files (x86)/cypress/psoc creator/4.4/psoc creator/import/gnu/arm/5.4.1/bin/../lib/gcc/arm-none-eabi/5.4.1/../../../../arm-none-eabi/lib/armv7-m\libc_nano.a
END GROUP
LOAD c:/program files (x86)/cypress/psoc creator/4.4/psoc creator/import/gnu/arm/5.4.1/bin/../lib/gcc/arm-none-eabi/5.4.1/armv7-m/crtend.o
LOAD c:/program files (x86)/cypress/psoc creator/4.4/psoc creator/import/gnu/arm/5.4.1/bin/../lib/gcc/arm-none-eabi/5.4.1/armv7-m/crtn.o
START GROUP
LOAD c:/program files (x86)/cypress/psoc creator/4.4/psoc creator/import/gnu/arm/5.4.1/bin/../lib/gcc/arm-none-eabi/5.4.1/armv7-m\libgcc.a
LOAD c:/program files (x86)/cypress/psoc creator/4.4/psoc creator/import/gnu/arm/5.4.1/bin/../lib/gcc/arm-none-eabi/5.4.1/../../../../arm-none-eabi/lib/armv7-m\libc.a
LOAD c:/program files (x86)/cypress/psoc creator/4.4/psoc creator/import/gnu/arm/5.4.1/bin/../lib/gcc/arm-none-eabi/5.4.1/../../../../arm-none-eabi/lib/armv7-m\libnosys.a
END GROUP
                0x00000000                CY_APPL_ORIGIN = 0x0
                0x00000100                CY_FLASH_ROW_SIZE = 0x100
                0x00000020                CY_ECC_ROW_SIZE = 0x20
                0x00000000                CY_EE_IN_BTLDR = 0x0
                0x00000000                CY_APPL_LOADABLE = 0x0
                0x00000800                CY_EE_SIZE = 0x800
                0x00000001                CY_APPL_NUM = 0x1
                0x00000001                CY_APPL_MAX = 0x1
                0x00000040                CY_METADATA_SIZE = 0x40
                0x00000000                CY_APPL_LOADABLE = 0x0
                0x00000000                CY_CHECKSUM_EXCLUDE_SIZE = ALIGN (0x0, CY_FLASH_ROW_SIZE)
                [!provide]                PROVIDE (__cy_heap_start, _end)
                0x00000001                PROVIDE (__cy_region_num, ((__cy_regions_end - __cy_regions) / 0x10))
                0x20008000                PROVIDE (__cy_stack, (ORIGIN (ram) + LENGTH (ram)))
                [!provide]                PROVIDE (__cy_heap_end, (__cy_stack - 0x800))

.cybootloader   0x00000000        0x0
 *(.cybootloader)
                0x00000000                appl1_start = CY_APPL_ORIGIN?CY_APPL_ORIGIN:ALIGN (CY_FLASH_ROW_SIZE)
                0x0001ff00                appl2_start = (appl1_start + ALIGN ((((LENGTH (rom) - appl1_start) - (0x2 * CY_FLASH_ROW_SIZE)) / 0x2), CY_FLASH_ROW_SIZE))
                0x00000000                appl_start = (CY_APPL_NUM == 0x1)?appl1_start:appl2_start
                0x00000000                ecc_offset = ((appl_start / CY_FLASH_ROW_SIZE) * CY_ECC_ROW_SIZE)
                0x00000000                ee_offset = (CY_APPL_LOADABLE && ! (CY_EE_IN_BTLDR))?((CY_EE_SIZE / CY_APPL_MAX) * (CY_APPL_NUM - 0x1)):0x0
                0x00000800                ee_size = (CY_APPL_LOADABLE && ! (CY_EE_IN_BTLDR))?(CY_EE_SIZE / CY_APPL_MAX):CY_EE_SIZE
                [!provide]                PROVIDE (CY_ECC_OFFSET, ecc_offset)

.text           0x00000000     0x5e6e
 CREATE_OBJECT_SYMBOLS
                0x00000000                PROVIDE (__cy_interrupt_vector, RomVectors)
 *(.romvectors)
 .romvectors    0x00000000       0x10 C:\Users\elias\AppData\Local\Temp\ccfPbPMl.ltrans3.ltrans.o
                0x00000000                RomVectors
                0x00000001                ASSERT ((. != __cy_interrupt_vector), No interrupt vector)
                0x00000001                ASSERT (CY_APPL_ORIGIN?(SIZEOF (.cybootloader) <= CY_APPL_ORIGIN):0x1, Wrong image location)
                0x00000010                PROVIDE (__cy_reset, Reset)
 *(.text.Reset)
 .text.Reset    0x00000010       0x64 C:\Users\elias\AppData\Local\Temp\ccfPbPMl.ltrans3.ltrans.o
                0x00000010                Reset
                0x00000001                ASSERT ((. != __cy_reset), No reset code)
 *(.dma_init)
                0x00000001                ASSERT ((((appl_start + .) <= 0x10000) || 0x1), DMA Init must be within the first 64k of flash)
 *(.text .text.* .gnu.linkonce.t.*)
 .text          0x00000074       0x5c c:/program files (x86)/cypress/psoc creator/4.4/psoc creator/import/gnu/arm/5.4.1/bin/../lib/gcc/arm-none-eabi/5.4.1/armv7-m/crtbegin.o
 .text.uart_service.lto_priv.100
                0x000000d0     0x1a50 C:\Users\elias\AppData\Local\Temp\ccfPbPMl.ltrans0.ltrans.o
                0x000000d0                uart_service.lto_priv.100
 .text.startup.main
                0x00001b20     0x1330 C:\Users\elias\AppData\Local\Temp\ccfPbPMl.ltrans1.ltrans.o
                0x00001b20                main
 .text.service_runtime.lto_priv.88
                0x00002e50      0xd54 C:\Users\elias\AppData\Local\Temp\ccfPbPMl.ltrans2.ltrans.o
                0x00002e50                service_runtime.lto_priv.88
 .text.UART_TXISR
                0x00003ba4       0x68 C:\Users\elias\AppData\Local\Temp\ccfPbPMl.ltrans3.ltrans.o
                0x00003ba4                UART_TXISR
 .text.UART_RXISR
                0x00003c0c       0x68 C:\Users\elias\AppData\Local\Temp\ccfPbPMl.ltrans3.ltrans.o
                0x00003c0c                UART_RXISR
 .text.cal_vdac_geo_lp.lto_priv.87
                0x00003c74        0xc C:\Users\elias\AppData\Local\Temp\ccfPbPMl.ltrans3.ltrans.o
                0x00003c74                cal_vdac_geo_lp.lto_priv.87
 .text.cal_vdac_geo_adder.lto_priv.86
                0x00003c80        0xc C:\Users\elias\AppData\Local\Temp\ccfPbPMl.ltrans3.ltrans.o
                0x00003c80                cal_vdac_geo_adder.lto_priv.86
 .text.cal_vdac_geo_bp.lto_priv.85
                0x00003c8c        0xc C:\Users\elias\AppData\Local\Temp\ccfPbPMl.ltrans3.ltrans.o
                0x00003c8c                cal_vdac_geo_bp.lto_priv.85
 .text.cal_vdac_geo_pga.lto_priv.84
                0x00003c98        0xc C:\Users\elias\AppData\Local\Temp\ccfPbPMl.ltrans3.ltrans.o
                0x00003c98                cal_vdac_geo_pga.lto_priv.84
 .text.IntDefaultHandler
                0x00003ca4       0x10 C:\Users\elias\AppData\Local\Temp\ccfPbPMl.ltrans3.ltrans.o
 .text.ADC_Start
                0x00003cb4      0x4e8 C:\Users\elias\AppData\Local\Temp\ccfPbPMl.ltrans3.ltrans.o
                0x00003cb4                ADC_Start
 .text.CyDmaTdAllocate
                0x0000419c       0x34 C:\Users\elias\AppData\Local\Temp\ccfPbPMl.ltrans3.ltrans.o
                0x0000419c                CyDmaTdAllocate
 .text.startup.initialize_psoc
                0x000041d0      0x434 C:\Users\elias\AppData\Local\Temp\ccfPbPMl.ltrans3.ltrans.o
 .text.unlikely.cal_pi_gain_scaled_term.lto_priv.103
                0x00004604       0x84 C:\Users\elias\AppData\Local\Temp\ccfPbPMl.ltrans3.ltrans.o
                0x00004604                cal_pi_gain_scaled_term.lto_priv.103
 .text.cal_async_complete.lto_priv.101
                0x00004688      0x1e0 C:\Users\elias\AppData\Local\Temp\ccfPbPMl.ltrans3.ltrans.o
                0x00004688                cal_async_complete.lto_priv.101
 .text.cal_pi_finish_stage.lto_priv.102
                0x00004868      0x140 C:\Users\elias\AppData\Local\Temp\ccfPbPMl.ltrans3.ltrans.o
                0x00004868                cal_pi_finish_stage.lto_priv.102
 .text.cal_adc_read_direct_counts.lto_priv.114
                0x000049a8       0xcc C:\Users\elias\AppData\Local\Temp\ccfPbPMl.ltrans3.ltrans.o
                0x000049a8                cal_adc_read_direct_counts.lto_priv.114
 .text.isr_Button_Handler
                0x00004a74       0x18 C:\Users\elias\AppData\Local\Temp\ccfPbPMl.ltrans4.ltrans.o
                0x00004a74                isr_Button_Handler
 .text.isr_DMA_Filter_RAM_Handler
                0x00004a8c      0x134 C:\Users\elias\AppData\Local\Temp\ccfPbPMl.ltrans4.ltrans.o
                0x00004a8c                isr_DMA_Filter_RAM_Handler
 .text.isr_DMA_DelSig_RAM_Handler
                0x00004bc0      0x150 C:\Users\elias\AppData\Local\Temp\ccfPbPMl.ltrans4.ltrans.o
                0x00004bc0                isr_DMA_DelSig_RAM_Handler
 .text.uart_send_diag.lto_priv.68
                0x00004d10       0xe0 C:\Users\elias\AppData\Local\Temp\ccfPbPMl.ltrans4.ltrans.o
                0x00004d10                uart_send_diag.lto_priv.68
 .text.isr_SyncIn
                0x00004df0      0x1b0 C:\Users\elias\AppData\Local\Temp\ccfPbPMl.ltrans4.ltrans.o
                0x00004df0                isr_SyncIn
 .text.isr_Timer
                0x00004fa0       0xc4 C:\Users\elias\AppData\Local\Temp\ccfPbPMl.ltrans4.ltrans.o
                0x00004fa0                isr_Timer
 .text.psoc_start_calibration_if_idle.lto_priv.90
                0x00005064      0x2e0 C:\Users\elias\AppData\Local\Temp\ccfPbPMl.ltrans4.ltrans.o
                0x00005064                psoc_start_calibration_if_idle.lto_priv.90
 .text.psoc_prepare_capture_path.lto_priv.89
                0x00005344      0x120 C:\Users\elias\AppData\Local\Temp\ccfPbPMl.ltrans4.ltrans.o
                0x00005344                psoc_prepare_capture_path.lto_priv.89
 .text.uart_send_diag.constprop.57
                0x00005464       0xc4 C:\Users\elias\AppData\Local\Temp\ccfPbPMl.ltrans5.ltrans.o
                0x00005464                uart_send_diag.constprop.57
 .text.CyDmaChEnable.constprop.55
                0x00005528       0x24 C:\Users\elias\AppData\Local\Temp\ccfPbPMl.ltrans5.ltrans.o
                0x00005528                CyDmaChEnable.constprop.55
 .text.CyDmaChPriority.constprop.52
                0x0000554c       0x20 C:\Users\elias\AppData\Local\Temp\ccfPbPMl.ltrans5.ltrans.o
                0x0000554c                CyDmaChPriority.constprop.52
 .text.AMux_ADC_Unset.constprop.36
                0x0000556c       0x48 C:\Users\elias\AppData\Local\Temp\ccfPbPMl.ltrans5.ltrans.o
                0x0000556c                AMux_ADC_Unset.constprop.36
 .text.PGAn_SetGain.constprop.4
                0x000055b4       0x30 C:\Users\elias\AppData\Local\Temp\ccfPbPMl.ltrans5.ltrans.o
                0x000055b4                PGAn_SetGain.constprop.4
 .text.PGAp_SetGain.constprop.3
                0x000055e4       0x30 C:\Users\elias\AppData\Local\Temp\ccfPbPMl.ltrans5.ltrans.o
                0x000055e4                PGAp_SetGain.constprop.3
 .text.CySpcUnlock
                0x00005614       0x3c C:\Users\elias\AppData\Local\Temp\ccfPbPMl.ltrans5.ltrans.o
                0x00005614                CySpcUnlock
 .text.CySpcLock
                0x00005650       0x44 C:\Users\elias\AppData\Local\Temp\ccfPbPMl.ltrans5.ltrans.o
                0x00005650                CySpcLock
 .text.CySetTempInt.lto_priv.91
                0x00005694      0x118 C:\Users\elias\AppData\Local\Temp\ccfPbPMl.ltrans5.ltrans.o
                0x00005694                CySetTempInt.lto_priv.91
 .text.unlikely.EEPROM_Write.part.1.lto_priv.115
                0x000057ac       0xe0 C:\Users\elias\AppData\Local\Temp\ccfPbPMl.ltrans5.ltrans.o
                0x000057ac                EEPROM_Write.part.1.lto_priv.115
 .text.EEPROM_ReadByte
                0x0000588c       0x3c C:\Users\elias\AppData\Local\Temp\ccfPbPMl.ltrans5.ltrans.o
                0x0000588c                EEPROM_ReadByte
 .text.PGAgain_SetGain
                0x000058c8       0x78 C:\Users\elias\AppData\Local\Temp\ccfPbPMl.ltrans5.ltrans.o
                0x000058c8                PGAgain_SetGain
 .text.psoc_calibration_servo_abort
                0x00005940        0x4 C:\Users\elias\AppData\Local\Temp\ccfPbPMl.ltrans5.ltrans.o
                0x00005940                psoc_calibration_servo_abort
                0x00005940                ADC_ISR1
 .text.ADC_Stop
                0x00005944       0xfc C:\Users\elias\AppData\Local\Temp\ccfPbPMl.ltrans5.ltrans.o
                0x00005944                ADC_Stop
 .text          0x00005a40       0x20 .\CortexM3\ARM_GCC_541\Debug\AcondicionamientoAnalogico.a(CyBootAsmGnu.o)
                0x00005a40                CyDelayCycles
                0x00005a50                CyEnterCriticalSection
                0x00005a58                CyExitCriticalSection
 .text.__errno  0x00005a60        0xc c:/program files (x86)/cypress/psoc creator/4.4/psoc creator/import/gnu/arm/5.4.1/bin/../lib/gcc/arm-none-eabi/5.4.1/../../../../arm-none-eabi/lib/armv7-m\libg_nano.a(lib_a-errno.o)
                0x00005a60                __errno
 .text.__libc_init_array
                0x00005a6c       0x4c c:/program files (x86)/cypress/psoc creator/4.4/psoc creator/import/gnu/arm/5.4.1/bin/../lib/gcc/arm-none-eabi/5.4.1/../../../../arm-none-eabi/lib/armv7-m\libg_nano.a(lib_a-init.o)
                0x00005a6c                __libc_init_array
 .text.memset   0x00005ab8       0x10 c:/program files (x86)/cypress/psoc creator/4.4/psoc creator/import/gnu/arm/5.4.1/bin/../lib/gcc/arm-none-eabi/5.4.1/../../../../arm-none-eabi/lib/armv7-m\libg_nano.a(lib_a-memset.o)
                0x00005ab8                memset
 .text          0x00005ac8       0xa0 c:/program files (x86)/cypress/psoc creator/4.4/psoc creator/import/gnu/arm/5.4.1/bin/../lib/gcc/arm-none-eabi/5.4.1/armv7-m\libgcc.a(_aeabi_ldivmod.o)
                0x00005ac8                __aeabi_ldivmod
 .text          0x00005b68      0x2ec c:/program files (x86)/cypress/psoc creator/4.4/psoc creator/import/gnu/arm/5.4.1/bin/../lib/gcc/arm-none-eabi/5.4.1/armv7-m\libgcc.a(_udivmoddi4.o)
                0x00005b68                __udivmoddi4
 .text          0x00005e54        0x4 c:/program files (x86)/cypress/psoc creator/4.4/psoc creator/import/gnu/arm/5.4.1/bin/../lib/gcc/arm-none-eabi/5.4.1/armv7-m\libgcc.a(_dvmd_tls.o)
                0x00005e54                __aeabi_idiv0
                0x00005e54                __aeabi_ldiv0
 .text.memcpy   0x00005e58       0x16 c:/program files (x86)/cypress/psoc creator/4.4/psoc creator/import/gnu/arm/5.4.1/bin/../lib/gcc/arm-none-eabi/5.4.1/../../../../arm-none-eabi/lib/armv7-m\libg_nano.a(lib_a-memcpy-stub.o)
                0x00005e58                memcpy
 *(.plt)
 *(.gnu.warning)
 *(.glue_7t)
 .glue_7t       0x00005e6e        0x0 linker stubs
 *(.glue_7)
 .glue_7        0x00005e6e        0x0 linker stubs
 *(.vfp11_veneer)
 .vfp11_veneer  0x00005e6e        0x0 linker stubs
 *(.bootloader)
 *(.ARM.extab* .gnu.linkonce.armextab.*)
 *(.gcc_except_table)

.v4_bx          0x00005e70        0x0
 .v4_bx         0x00005e70        0x0 linker stubs

.iplt           0x00005e70        0x0
 .iplt          0x00005e70        0x0 c:/program files (x86)/cypress/psoc creator/4.4/psoc creator/import/gnu/arm/5.4.1/bin/../lib/gcc/arm-none-eabi/5.4.1/armv7-m/crtbegin.o

.eh_frame_hdr
 *(.eh_frame_hdr)

.eh_frame       0x00005e70        0x4
 *(.eh_frame)
 .eh_frame      0x00005e70        0x0 c:/program files (x86)/cypress/psoc creator/4.4/psoc creator/import/gnu/arm/5.4.1/bin/../lib/gcc/arm-none-eabi/5.4.1/armv7-m/crtbegin.o
 .eh_frame      0x00005e70        0x4 c:/program files (x86)/cypress/psoc creator/4.4/psoc creator/import/gnu/arm/5.4.1/bin/../lib/gcc/arm-none-eabi/5.4.1/armv7-m/crtend.o
                [!provide]                PROVIDE (__exidx_start, .)

.ARM.exidx      0x00005e74        0x8
 *(.ARM.exidx* .gnu.linkonce.armexidx.*)
 .ARM.exidx     0x00005e74        0x8 c:/program files (x86)/cypress/psoc creator/4.4/psoc creator/import/gnu/arm/5.4.1/bin/../lib/gcc/arm-none-eabi/5.4.1/armv7-m\libgcc.a(_udivmoddi4.o)
                0x00005e7c                __exidx_end = .

.rodata         0x00005e7c      0xcfc
 *(.rodata .rodata.* .gnu.linkonce.r.*)
 .rodata        0x00005e7c       0x1b C:\Users\elias\AppData\Local\Temp\ccfPbPMl.ltrans0.ltrans.o
 *fill*         0x00005e97        0x1 
 .rodata        0x00005e98      0x5b4 C:\Users\elias\AppData\Local\Temp\ccfPbPMl.ltrans1.ltrans.o
                0x00005e98                g_psoc_cal_stages.lto_priv.97
                0x00006448                g_ping_frame.lto_priv.107
 .rodata.str1.4
                0x0000644c       0x24 C:\Users\elias\AppData\Local\Temp\ccfPbPMl.ltrans1.ltrans.o
                                 0x23 (size before relaxing)
 .rodata        0x00006470       0x70 C:\Users\elias\AppData\Local\Temp\ccfPbPMl.ltrans2.ltrans.o
 .rodata        0x000064e0      0x424 C:\Users\elias\AppData\Local\Temp\ccfPbPMl.ltrans3.ltrans.o
                0x00006504                Filter_data_a
                0x00006704                g_fir_adquisition_coeffs_q23
 .rodata        0x00006904      0x200 C:\Users\elias\AppData\Local\Temp\ccfPbPMl.ltrans4.ltrans.o
 .rodata        0x00006b04       0x3c C:\Users\elias\AppData\Local\Temp\ccfPbPMl.ltrans5.ltrans.o
                0x00006b19                cydelay_freq_mhz
                0x00006b1c                AMux_ADC__innerMap.lto_priv.78
                0x00006b24                AMux_ADC__outerMask.lto_priv.77
                0x00006b2c                AMux_ADC__outerAddr.lto_priv.76
 .rodata.str1.1
                0x00006b40        0x2 c:/program files (x86)/cypress/psoc creator/4.4/psoc creator/import/gnu/arm/5.4.1/bin/../lib/gcc/arm-none-eabi/5.4.1/../../../../arm-none-eabi/lib/armv7-m\libg_nano.a(lib_a-impure.o)
                0x00006b44                . = ALIGN (0x4)
 *fill*         0x00006b42        0x2 
 *(.init)
 .init          0x00006b44        0x4 c:/program files (x86)/cypress/psoc creator/4.4/psoc creator/import/gnu/arm/5.4.1/bin/../lib/gcc/arm-none-eabi/5.4.1/armv7-m/crti.o
                0x00006b44                _init
 .init          0x00006b48        0x8 c:/program files (x86)/cypress/psoc creator/4.4/psoc creator/import/gnu/arm/5.4.1/bin/../lib/gcc/arm-none-eabi/5.4.1/armv7-m/crtn.o
                0x00006b50                . = ALIGN (0x4)
                0x00006b50                __preinit_array_start = .
 *(.preinit_array)
                0x00006b50                __preinit_array_end = .
                0x00006b50                . = ALIGN (0x4)
                0x00006b50                __init_array_start = .
 *(SORT(.init_array.*))
 *(.init_array)
 .init_array    0x00006b50        0x4 c:/program files (x86)/cypress/psoc creator/4.4/psoc creator/import/gnu/arm/5.4.1/bin/../lib/gcc/arm-none-eabi/5.4.1/armv7-m/crtbegin.o
 .init_array    0x00006b54        0x4 C:\Users\elias\AppData\Local\Temp\ccfPbPMl.ltrans3.ltrans.o
                0x00006b58                __init_array_end = .
                0x00006b58                . = ALIGN (0x4)
 *(.fini)
 .fini          0x00006b58        0x4 c:/program files (x86)/cypress/psoc creator/4.4/psoc creator/import/gnu/arm/5.4.1/bin/../lib/gcc/arm-none-eabi/5.4.1/armv7-m/crti.o
                0x00006b58                _fini
 .fini          0x00006b5c        0x8 c:/program files (x86)/cypress/psoc creator/4.4/psoc creator/import/gnu/arm/5.4.1/bin/../lib/gcc/arm-none-eabi/5.4.1/armv7-m/crtn.o
                0x00006b64                . = ALIGN (0x4)
                0x00006b64                __fini_array_start = .
 *(.fini_array)
 .fini_array    0x00006b64        0x4 c:/program files (x86)/cypress/psoc creator/4.4/psoc creator/import/gnu/arm/5.4.1/bin/../lib/gcc/arm-none-eabi/5.4.1/armv7-m/crtbegin.o
 *(SORT(.fini_array.*))
                0x00006b68                __fini_array_end = .
                0x00006b68                . = ALIGN (0x4)
 *crtbegin.o(.ctors)
 *(EXCLUDE_FILE(*crtend.o) .ctors)
 *(SORT(.ctors.*))
 *crtend.o(.ctors)
                0x00006b68                . = ALIGN (0x4)
 *crtbegin.o(.dtors)
 *(EXCLUDE_FILE(*crtend.o) .dtors)
 *(SORT(.dtors.*))
 *crtend.o(.dtors)
                0x00006b68                . = ALIGN (0x4)
                0x00006b68                __cy_regions = .
                0x00006b68        0x4 LONG 0x6b78 __cy_region_init_ram
                0x00006b6c        0x4 LONG 0x1fff80c0 __cy_region_start_data
                0x00006b70        0x4 LONG 0x70 __cy_region_init_size_ram
                0x00006b74        0x4 LONG 0xb858 __cy_region_zero_size_ram
                0x00006b78                __cy_regions_end = .
                0x00006b78                . = ALIGN (0x8)
                0x00006b78                _etext = .

.cy_checksum_exclude
                0x00006b78        0x0
 *(.cy_checksum_exclude)

.ramvectors     0x1fff8000       0xc0
                0x1fff8000                __cy_region_start_ram = .
 *(.ramvectors)
 .ramvectors    0x1fff8000       0xc0 C:\Users\elias\AppData\Local\Temp\ccfPbPMl.ltrans3.ltrans.o
                0x1fff8000                CyRamVectors

.noinit
 *(.noinit)

.data           0x1fff80c0       0x70 load address 0x00006b78
                0x1fff80c0                __cy_region_start_data = .
 *(.jcr)
 .jcr           0x1fff80c0        0x0 c:/program files (x86)/cypress/psoc creator/4.4/psoc creator/import/gnu/arm/5.4.1/bin/../lib/gcc/arm-none-eabi/5.4.1/armv7-m/crtbegin.o
 .jcr           0x1fff80c0        0x4 c:/program files (x86)/cypress/psoc creator/4.4/psoc creator/import/gnu/arm/5.4.1/bin/../lib/gcc/arm-none-eabi/5.4.1/armv7-m/crtend.o
 *(.got.plt)
 *(.got)
 *(.shdata)
 *(.data .data.* .gnu.linkonce.d.*)
 .data          0x1fff80c4        0x3 C:\Users\elias\AppData\Local\Temp\ccfPbPMl.ltrans1.ltrans.o
 .data          0x1fff80c7        0x4 C:\Users\elias\AppData\Local\Temp\ccfPbPMl.ltrans3.ltrans.o
                0x1fff80c7                ADC_Config
                0x1fff80ca                g_amux_active_channel.lto_priv.81
 *fill*         0x1fff80cb        0x1 
 .data.impure_data
                0x1fff80cc       0x60 c:/program files (x86)/cypress/psoc creator/4.4/psoc creator/import/gnu/arm/5.4.1/bin/../lib/gcc/arm-none-eabi/5.4.1/../../../../arm-none-eabi/lib/armv7-m\libg_nano.a(lib_a-impure.o)
 .data._impure_ptr
                0x1fff812c        0x4 c:/program files (x86)/cypress/psoc creator/4.4/psoc creator/import/gnu/arm/5.4.1/bin/../lib/gcc/arm-none-eabi/5.4.1/../../../../arm-none-eabi/lib/armv7-m\libg_nano.a(lib_a-impure.o)
                0x1fff812c                _impure_ptr
                0x1fff8130                . = ALIGN (0x8)
 *(.ram)
                0x1fff8130                _edata = .

.igot.plt       0x1fff8130        0x0 load address 0x00006be8
 .igot.plt      0x1fff8130        0x0 c:/program files (x86)/cypress/psoc creator/4.4/psoc creator/import/gnu/arm/5.4.1/bin/../lib/gcc/arm-none-eabi/5.4.1/armv7-m/crtbegin.o

.bss            0x1fff8130     0xb858 load address 0x00006be8
                0x1fff8130                PROVIDE (__bss_start__, .)
 *(.shbss)
 *(.bss .bss.* .gnu.linkonce.b.*)
 .bss           0x1fff8130       0x1c c:/program files (x86)/cypress/psoc creator/4.4/psoc creator/import/gnu/arm/5.4.1/bin/../lib/gcc/arm-none-eabi/5.4.1/armv7-m/crtbegin.o
 .bss           0x1fff814c       0x14 C:\Users\elias\AppData\Local\Temp\ccfPbPMl.ltrans0.ltrans.o
                0x1fff814c                g_rx_watch_ticks.lto_priv.124
                0x1fff8150                g_n_batches.lto_priv.122
                0x1fff8152                g_batch_fill.lto_priv.118
                0x1fff8154                g_batch_ready.lto_priv.119
                0x1fff8158                g_dbg_cnt.lto_priv.123
                0x1fff815c                g_debug_psoc.lto_priv.121
                0x1fff815e                g_fir_discard.lto_priv.120
 .bss           0x1fff8160       0x39 C:\Users\elias\AppData\Local\Temp\ccfPbPMl.ltrans1.ltrans.o
                0x1fff8160                g_pga_code.lto_priv.108
                0x1fff8168                g_psoc_hw_pga_code.lto_priv.99
                0x1fff8170                g_psoc_cal_result_count
                0x1fff8174                g_dma_raw_buf.lto_priv.129
                0x1fff8178                g_dma_filt_buf.lto_priv.125
                0x1fff817b                Timer_initVar
                0x1fff817c                g_timer_ticks.lto_priv.96
                0x1fff8180                g_cal_button_pressed.lto_priv.117
                0x1fff8181                g_esp_connected.lto_priv.106
                0x1fff8182                g_batches_sent.lto_priv.93
                0x1fff8184                g_batches_captured.lto_priv.92
                0x1fff8190                g_comm_countdown.lto_priv.94
                0x1fff8198                g_pgavdac_code.lto_priv.109
 *fill*         0x1fff8199        0x3 
 .bss           0x1fff819c     0xb412 C:\Users\elias\AppData\Local\Temp\ccfPbPMl.ltrans2.ltrans.o
                0x1fff819c                g_psoc_adc_isr_filtered_ready.lto_priv.128
                0x1fff81a0                g_psoc_adc_isr_filtered_counts.lto_priv.127
                0x1fff81a4                g_stream_mode.lto_priv.111
                0x1fff81a5                g_cal_ack_pending.lto_priv.116
                0x1fff81a6                g_capture_done.lto_priv.110
                0x1fff81a8                g_seq.lto_priv.113
                0x1fff81ac                g_capture_raw.lto_priv.126
                0x200035ac                watchdog_rx.lto_priv.105
                0x200035ad                rx_state.lto_priv.104
 *fill*         0x200035ae        0x2 
 .bss           0x200035b0      0x228 C:\Users\elias\AppData\Local\Temp\ccfPbPMl.ltrans3.ltrans.o
                0x200035b0                UART_errorStatus
                0x200035b1                UART_rxBufferWrite
                0x200035b4                UART_rxBuffer
                0x200035d4                UART_rxBufferLoopDetect
                0x200035d6                UART_rxBufferRead
                0x200035e8                g_amux_cap_connected.lto_priv.82
                0x200035ec                g_cal_async.lto_priv.95
                0x20003784                g_cal_pi.lto_priv.98
                0x200037a4                g_psoc_cal_results
                0x200037d4                g_cal_diag_hook.lto_priv.83
 .bss           0x200037d8      0x11c C:\Users\elias\AppData\Local\Temp\ccfPbPMl.ltrans4.ltrans.o
 .bss           0x200038f4       0x92 C:\Users\elias\AppData\Local\Temp\ccfPbPMl.ltrans5.ltrans.o
                0x200038f4                g_state.lto_priv.80
                0x200038f5                UART_initVar
                0x200038f6                UART_txBufferWrite
                0x200038f7                UART_txBufferRead
                0x200038f8                UART_txBuffer
                0x20003978                AMux_ADC__armsEnabled.lto_priv.75
                0x2000397c                AMux_ADC__refCnt.lto_priv.79
                0x2000397d                SpcLockState
                0x20003980                spcWaitPipeBypass.lto_priv.112
 *(COMMON)
                0x20003988                . = ALIGN (0x8)
 *fill*         0x20003986        0x2 
 *(.ram.b)
                0x20003988                _end = .
                0x20003988                __end = .
                0x20003988                PROVIDE (end, .)
                0x20003988                PROVIDE (__bss_end__, .)
                0x00006b78                __cy_region_init_ram = LOADADDR (.data)
                0x00000070                __cy_region_init_size_ram = (_edata - ADDR (.data))
                0x0000b858                __cy_region_zero_size_ram = (_end - _edata)

.heap           0x20003988       0x80 load address 0x00006be8
                0x20003988                . = _end
                0x20003a08                . = (. + 0x80)
 *fill*         0x20003988       0x80 
                0x20003a08                __cy_heap_limit = .

.stack          0x20007800      0x800
                0x20007800                __cy_stack_limit = .
                0x20008000                . = (. + 0x800)
 *fill*         0x20007800      0x800 
                0x00000001                ASSERT ((__cy_stack_limit >= __cy_heap_limit), region RAM overflowed with stack)
                0x00000000                cy_checksum_exclude_size = (CY_APPL_LOADABLE == 0x1)?SIZEOF (.cy_checksum_exclude):0x0
                0x00000001                ASSERT ((cy_checksum_exclude_size <= CY_CHECKSUM_EXCLUDE_SIZE), CY_BOOT: Section .cy_checksum_exclude size exceedes specified limit.)

.cyloadermeta
 *(.cyloadermeta)

.cyloadablemeta
 *(.cyloadablemeta)

.cyconfigecc    0x80000000      0x698
 *(.cyconfigecc)
 .cyconfigecc   0x80000000      0x698 C:\Users\elias\AppData\Local\Temp\ccfPbPMl.ltrans4.ltrans.o
                0x80000000                cy_meta_configecc

.cycustnvl      0x90000000        0x4
 *(.cycustnvl)
 .cycustnvl     0x90000000        0x4 C:\Users\elias\AppData\Local\Temp\ccfPbPMl.ltrans4.ltrans.o
                0x90000000                cy_meta_custnvl

.cywolatch      0x90100000        0x4
 *(.cywolatch)
 .cywolatch     0x90100000        0x4 C:\Users\elias\AppData\Local\Temp\ccfPbPMl.ltrans4.ltrans.o
                0x90100000                cy_meta_wonvl

.cyeeprom       0x90200000        0x0
 *(.cyeeprom)
                0x00000001                ASSERT ((. <= ((0x90200000 + ee_offset) + ee_size)), .cyeeprom data will not fit in EEPROM)

.cyflashprotect
                0x90400000      0x100
 *(.cyflashprotect)
 .cyflashprotect
                0x90400000      0x100 C:\Users\elias\AppData\Local\Temp\ccfPbPMl.ltrans4.ltrans.o
                0x90400000                cy_meta_flashprotect

.cymeta         0x90500000        0xc
 *(.cymeta)
 .cymeta        0x90500000        0xc C:\Users\elias\AppData\Local\Temp\ccfPbPMl.ltrans4.ltrans.o
                0x90500000                cy_metadata

.rel.dyn        0x00006be8        0x0 load address 0x9050000c
 .rel.iplt      0x00006be8        0x0 c:/program files (x86)/cypress/psoc creator/4.4/psoc creator/import/gnu/arm/5.4.1/bin/../lib/gcc/arm-none-eabi/5.4.1/armv7-m/crtbegin.o

.stab
 *(.stab)

.stabstr
 *(.stabstr)

.debug
 *(.debug)

.line
 *(.line)

.debug_srcinfo
 *(.debug_srcinfo)

.debug_sfnames
 *(.debug_sfnames)

.debug_aranges  0x00000000      0x1f8
 *(.debug_aranges)
 .debug_aranges
                0x00000000       0x20 C:\Users\elias\AppData\Local\Temp\ccfPbPMl.ltrans0.ltrans.o
 .debug_aranges
                0x00000020       0x20 C:\Users\elias\AppData\Local\Temp\ccfPbPMl.ltrans1.ltrans.o
 .debug_aranges
                0x00000040       0x20 C:\Users\elias\AppData\Local\Temp\ccfPbPMl.ltrans2.ltrans.o
 .debug_aranges
                0x00000060       0x98 C:\Users\elias\AppData\Local\Temp\ccfPbPMl.ltrans3.ltrans.o
 .debug_aranges
                0x000000f8       0x58 C:\Users\elias\AppData\Local\Temp\ccfPbPMl.ltrans4.ltrans.o
 .debug_aranges
                0x00000150       0x88 C:\Users\elias\AppData\Local\Temp\ccfPbPMl.ltrans5.ltrans.o
 .debug_aranges
                0x000001d8       0x20 .\CortexM3\ARM_GCC_541\Debug\AcondicionamientoAnalogico.a(CyBootAsmGnu.o)

.debug_pubnames
 *(.debug_pubnames)

.debug_info     0x00000000     0xb9fd
 *(.debug_info .gnu.linkonce.wi.*)
 .debug_info    0x00000000     0x2b4c C:\Users\elias\AppData\Local\Temp\ccfPbPMl.ltrans0.ltrans.o
 .debug_info    0x00002b4c     0x3486 C:\Users\elias\AppData\Local\Temp\ccfPbPMl.ltrans1.ltrans.o
 .debug_info    0x00005fd2     0x1d2a C:\Users\elias\AppData\Local\Temp\ccfPbPMl.ltrans2.ltrans.o
 .debug_info    0x00007cfc     0x1cc0 C:\Users\elias\AppData\Local\Temp\ccfPbPMl.ltrans3.ltrans.o
 .debug_info    0x000099bc     0x11dc C:\Users\elias\AppData\Local\Temp\ccfPbPMl.ltrans4.ltrans.o
 .debug_info    0x0000ab98      0xddd C:\Users\elias\AppData\Local\Temp\ccfPbPMl.ltrans5.ltrans.o
 .debug_info    0x0000b975       0x88 .\CortexM3\ARM_GCC_541\Debug\AcondicionamientoAnalogico.a(CyBootAsmGnu.o)

.debug_abbrev   0x00000000     0x18ea
 *(.debug_abbrev)
 .debug_abbrev  0x00000000      0x3b8 C:\Users\elias\AppData\Local\Temp\ccfPbPMl.ltrans0.ltrans.o
 .debug_abbrev  0x000003b8      0x436 C:\Users\elias\AppData\Local\Temp\ccfPbPMl.ltrans1.ltrans.o
 .debug_abbrev  0x000007ee      0x3d0 C:\Users\elias\AppData\Local\Temp\ccfPbPMl.ltrans2.ltrans.o
 .debug_abbrev  0x00000bbe      0x5ad C:\Users\elias\AppData\Local\Temp\ccfPbPMl.ltrans3.ltrans.o
 .debug_abbrev  0x0000116b      0x3cf C:\Users\elias\AppData\Local\Temp\ccfPbPMl.ltrans4.ltrans.o
 .debug_abbrev  0x0000153a      0x39c C:\Users\elias\AppData\Local\Temp\ccfPbPMl.ltrans5.ltrans.o
 .debug_abbrev  0x000018d6       0x14 .\CortexM3\ARM_GCC_541\Debug\AcondicionamientoAnalogico.a(CyBootAsmGnu.o)

.debug_line     0x00000000     0x38b6
 *(.debug_line)
 .debug_line    0x00000000      0xd67 C:\Users\elias\AppData\Local\Temp\ccfPbPMl.ltrans0.ltrans.o
 .debug_line    0x00000d67      0xf8d C:\Users\elias\AppData\Local\Temp\ccfPbPMl.ltrans1.ltrans.o
 .debug_line    0x00001cf4      0x702 C:\Users\elias\AppData\Local\Temp\ccfPbPMl.ltrans2.ltrans.o
 .debug_line    0x000023f6      0x906 C:\Users\elias\AppData\Local\Temp\ccfPbPMl.ltrans3.ltrans.o
 .debug_line    0x00002cfc      0x6c5 C:\Users\elias\AppData\Local\Temp\ccfPbPMl.ltrans4.ltrans.o
 .debug_line    0x000033c1      0x48f C:\Users\elias\AppData\Local\Temp\ccfPbPMl.ltrans5.ltrans.o
 .debug_line    0x00003850       0x66 .\CortexM3\ARM_GCC_541\Debug\AcondicionamientoAnalogico.a(CyBootAsmGnu.o)

.debug_frame    0x00000000      0x6b8
 *(.debug_frame)
 .debug_frame   0x00000000       0x40 C:\Users\elias\AppData\Local\Temp\ccfPbPMl.ltrans0.ltrans.o
 .debug_frame   0x00000040       0x2c C:\Users\elias\AppData\Local\Temp\ccfPbPMl.ltrans1.ltrans.o
 .debug_frame   0x0000006c       0x64 C:\Users\elias\AppData\Local\Temp\ccfPbPMl.ltrans2.ltrans.o
 .debug_frame   0x000000d0      0x1d4 C:\Users\elias\AppData\Local\Temp\ccfPbPMl.ltrans3.ltrans.o
 .debug_frame   0x000002a4      0x134 C:\Users\elias\AppData\Local\Temp\ccfPbPMl.ltrans4.ltrans.o
 .debug_frame   0x000003d8      0x188 C:\Users\elias\AppData\Local\Temp\ccfPbPMl.ltrans5.ltrans.o
 .debug_frame   0x00000560       0x20 c:/program files (x86)/cypress/psoc creator/4.4/psoc creator/import/gnu/arm/5.4.1/bin/../lib/gcc/arm-none-eabi/5.4.1/../../../../arm-none-eabi/lib/armv7-m\libg_nano.a(lib_a-errno.o)
 .debug_frame   0x00000580       0x28 c:/program files (x86)/cypress/psoc creator/4.4/psoc creator/import/gnu/arm/5.4.1/bin/../lib/gcc/arm-none-eabi/5.4.1/../../../../arm-none-eabi/lib/armv7-m\libg_nano.a(lib_a-exit.o)
 .debug_frame   0x000005a8       0x2c c:/program files (x86)/cypress/psoc creator/4.4/psoc creator/import/gnu/arm/5.4.1/bin/../lib/gcc/arm-none-eabi/5.4.1/../../../../arm-none-eabi/lib/armv7-m\libg_nano.a(lib_a-init.o)
 .debug_frame   0x000005d4       0x20 c:/program files (x86)/cypress/psoc creator/4.4/psoc creator/import/gnu/arm/5.4.1/bin/../lib/gcc/arm-none-eabi/5.4.1/../../../../arm-none-eabi/lib/armv7-m\libg_nano.a(lib_a-memset.o)
 .debug_frame   0x000005f4       0x20 c:/program files (x86)/cypress/psoc creator/4.4/psoc creator/import/gnu/arm/5.4.1/bin/../lib/gcc/arm-none-eabi/5.4.1/../../../../arm-none-eabi/lib/armv7-m\libnosys.a(_exit.o)
 .debug_frame   0x00000614       0x44 c:/program files (x86)/cypress/psoc creator/4.4/psoc creator/import/gnu/arm/5.4.1/bin/../lib/gcc/arm-none-eabi/5.4.1/armv7-m\libgcc.a(_aeabi_ldivmod.o)
 .debug_frame   0x00000658       0x38 c:/program files (x86)/cypress/psoc creator/4.4/psoc creator/import/gnu/arm/5.4.1/bin/../lib/gcc/arm-none-eabi/5.4.1/armv7-m\libgcc.a(_udivmoddi4.o)
 .debug_frame   0x00000690       0x28 c:/program files (x86)/cypress/psoc creator/4.4/psoc creator/import/gnu/arm/5.4.1/bin/../lib/gcc/arm-none-eabi/5.4.1/../../../../arm-none-eabi/lib/armv7-m\libg_nano.a(lib_a-memcpy-stub.o)

.debug_str      0x00000000     0x34fb
 *(.debug_str)
 .debug_str     0x00000000      0xb5a C:\Users\elias\AppData\Local\Temp\ccfPbPMl.ltrans0.ltrans.o
                                0xc37 (size before relaxing)
 .debug_str     0x00000b5a     0x107e C:\Users\elias\AppData\Local\Temp\ccfPbPMl.ltrans1.ltrans.o
                               0x183b (size before relaxing)
 .debug_str     0x00001bd8      0x5bc C:\Users\elias\AppData\Local\Temp\ccfPbPMl.ltrans2.ltrans.o
                                0xc70 (size before relaxing)
 .debug_str     0x00002194      0xc14 C:\Users\elias\AppData\Local\Temp\ccfPbPMl.ltrans3.ltrans.o
                               0x1184 (size before relaxing)
 .debug_str     0x00002da8      0x337 C:\Users\elias\AppData\Local\Temp\ccfPbPMl.ltrans4.ltrans.o
                                0x91e (size before relaxing)
 .debug_str     0x000030df      0x41c C:\Users\elias\AppData\Local\Temp\ccfPbPMl.ltrans5.ltrans.o
                                0x7f1 (size before relaxing)

.debug_loc      0x00000000     0x681d
 *(.debug_loc)
 .debug_loc     0x00000000     0x1de1 C:\Users\elias\AppData\Local\Temp\ccfPbPMl.ltrans0.ltrans.o
 .debug_loc     0x00001de1     0x1785 C:\Users\elias\AppData\Local\Temp\ccfPbPMl.ltrans1.ltrans.o
 .debug_loc     0x00003566     0x155b C:\Users\elias\AppData\Local\Temp\ccfPbPMl.ltrans2.ltrans.o
 .debug_loc     0x00004ac1      0xf86 C:\Users\elias\AppData\Local\Temp\ccfPbPMl.ltrans3.ltrans.o
 .debug_loc     0x00005a47      0x612 C:\Users\elias\AppData\Local\Temp\ccfPbPMl.ltrans4.ltrans.o
 .debug_loc     0x00006059      0x7c4 C:\Users\elias\AppData\Local\Temp\ccfPbPMl.ltrans5.ltrans.o

.debug_macinfo
 *(.debug_macinfo)

.debug_ranges   0x00000000     0x3e08
 *(.debug_ranges)
 .debug_ranges  0x00000000     0x10a8 C:\Users\elias\AppData\Local\Temp\ccfPbPMl.ltrans0.ltrans.o
 .debug_ranges  0x000010a8     0x1338 C:\Users\elias\AppData\Local\Temp\ccfPbPMl.ltrans1.ltrans.o
 .debug_ranges  0x000023e0      0x9f8 C:\Users\elias\AppData\Local\Temp\ccfPbPMl.ltrans2.ltrans.o
 .debug_ranges  0x00002dd8      0x6e8 C:\Users\elias\AppData\Local\Temp\ccfPbPMl.ltrans3.ltrans.o
 .debug_ranges  0x000034c0      0x770 C:\Users\elias\AppData\Local\Temp\ccfPbPMl.ltrans4.ltrans.o
 .debug_ranges  0x00003c30      0x1d8 C:\Users\elias\AppData\Local\Temp\ccfPbPMl.ltrans5.ltrans.o

.comment        0x00000000       0x6e
 .comment       0x00000000       0x6e C:\Users\elias\AppData\Local\Temp\ccfPbPMl.ltrans0.ltrans.o
                                 0x6f (size before relaxing)
 .comment       0x0000006e       0x6f C:\Users\elias\AppData\Local\Temp\ccfPbPMl.ltrans1.ltrans.o
 .comment       0x0000006e       0x6f C:\Users\elias\AppData\Local\Temp\ccfPbPMl.ltrans2.ltrans.o
 .comment       0x0000006e       0x6f C:\Users\elias\AppData\Local\Temp\ccfPbPMl.ltrans3.ltrans.o
 .comment       0x0000006e       0x6f C:\Users\elias\AppData\Local\Temp\ccfPbPMl.ltrans4.ltrans.o
 .comment       0x0000006e       0x6f C:\Users\elias\AppData\Local\Temp\ccfPbPMl.ltrans5.ltrans.o

.debug_weaknames
 *(.debug_weaknames)

.debug_funcnames
 *(.debug_funcnames)

.debug_typenames
 *(.debug_typenames)

.debug_varnames
 *(.debug_varnames)

.note.gnu.arm.ident
 *(.note.gnu.arm.ident)

.ARM.attributes
                0x00000000       0x29
 *(.ARM.attributes)
 .ARM.attributes
                0x00000000       0x1d c:/program files (x86)/cypress/psoc creator/4.4/psoc creator/import/gnu/arm/5.4.1/bin/../lib/gcc/arm-none-eabi/5.4.1/armv7-m/crti.o
 .ARM.attributes
                0x0000001d       0x2d c:/program files (x86)/cypress/psoc creator/4.4/psoc creator/import/gnu/arm/5.4.1/bin/../lib/gcc/arm-none-eabi/5.4.1/armv7-m/crtbegin.o
 .ARM.attributes
                0x0000004a       0x1b c:/program files (x86)/cypress/psoc creator/4.4/psoc creator/import/gnu/arm/5.4.1/bin/../lib/gcc/arm-none-eabi/5.4.1/../../../../arm-none-eabi/lib/armv7-m/crt0.o
 .ARM.attributes
                0x00000065       0x31 C:\Users\elias\AppData\Local\Temp\ccfPbPMl.ltrans0.ltrans.o
 .ARM.attributes
                0x00000096       0x31 C:\Users\elias\AppData\Local\Temp\ccfPbPMl.ltrans1.ltrans.o
 .ARM.attributes
                0x000000c7       0x31 C:\Users\elias\AppData\Local\Temp\ccfPbPMl.ltrans2.ltrans.o
 .ARM.attributes
                0x000000f8       0x31 C:\Users\elias\AppData\Local\Temp\ccfPbPMl.ltrans3.ltrans.o
 .ARM.attributes
                0x00000129       0x31 C:\Users\elias\AppData\Local\Temp\ccfPbPMl.ltrans4.ltrans.o
 .ARM.attributes
                0x0000015a       0x31 C:\Users\elias\AppData\Local\Temp\ccfPbPMl.ltrans5.ltrans.o
 .ARM.attributes
                0x0000018b       0x21 .\CortexM3\ARM_GCC_541\Debug\AcondicionamientoAnalogico.a(CyBootAsmGnu.o)
 .ARM.attributes
                0x000001ac       0x2d c:/program files (x86)/cypress/psoc creator/4.4/psoc creator/import/gnu/arm/5.4.1/bin/../lib/gcc/arm-none-eabi/5.4.1/../../../../arm-none-eabi/lib/armv7-m\libg_nano.a(lib_a-errno.o)
 .ARM.attributes
                0x000001d9       0x2d c:/program files (x86)/cypress/psoc creator/4.4/psoc creator/import/gnu/arm/5.4.1/bin/../lib/gcc/arm-none-eabi/5.4.1/../../../../arm-none-eabi/lib/armv7-m\libg_nano.a(lib_a-exit.o)
 .ARM.attributes
                0x00000206       0x2d c:/program files (x86)/cypress/psoc creator/4.4/psoc creator/import/gnu/arm/5.4.1/bin/../lib/gcc/arm-none-eabi/5.4.1/../../../../arm-none-eabi/lib/armv7-m\libg_nano.a(lib_a-impure.o)
 .ARM.attributes
                0x00000233       0x2d c:/program files (x86)/cypress/psoc creator/4.4/psoc creator/import/gnu/arm/5.4.1/bin/../lib/gcc/arm-none-eabi/5.4.1/../../../../arm-none-eabi/lib/armv7-m\libg_nano.a(lib_a-init.o)
 .ARM.attributes
                0x00000260       0x2d c:/program files (x86)/cypress/psoc creator/4.4/psoc creator/import/gnu/arm/5.4.1/bin/../lib/gcc/arm-none-eabi/5.4.1/../../../../arm-none-eabi/lib/armv7-m\libg_nano.a(lib_a-memset.o)
 .ARM.attributes
                0x0000028d       0x2d c:/program files (x86)/cypress/psoc creator/4.4/psoc creator/import/gnu/arm/5.4.1/bin/../lib/gcc/arm-none-eabi/5.4.1/armv7-m/crtend.o
 .ARM.attributes
                0x000002ba       0x1d c:/program files (x86)/cypress/psoc creator/4.4/psoc creator/import/gnu/arm/5.4.1/bin/../lib/gcc/arm-none-eabi/5.4.1/armv7-m/crtn.o
 .ARM.attributes
                0x000002d7       0x2d c:/program files (x86)/cypress/psoc creator/4.4/psoc creator/import/gnu/arm/5.4.1/bin/../lib/gcc/arm-none-eabi/5.4.1/../../../../arm-none-eabi/lib/armv7-m\libnosys.a(_exit.o)
 .ARM.attributes
                0x00000304       0x1d c:/program files (x86)/cypress/psoc creator/4.4/psoc creator/import/gnu/arm/5.4.1/bin/../lib/gcc/arm-none-eabi/5.4.1/armv7-m\libgcc.a(_aeabi_ldivmod.o)
 .ARM.attributes
                0x00000321       0x2d c:/program files (x86)/cypress/psoc creator/4.4/psoc creator/import/gnu/arm/5.4.1/bin/../lib/gcc/arm-none-eabi/5.4.1/armv7-m\libgcc.a(_udivmoddi4.o)
 .ARM.attributes
                0x0000034e       0x1d c:/program files (x86)/cypress/psoc creator/4.4/psoc creator/import/gnu/arm/5.4.1/bin/../lib/gcc/arm-none-eabi/5.4.1/armv7-m\libgcc.a(_dvmd_tls.o)
 .ARM.attributes
                0x0000036b       0x2d c:/program files (x86)/cypress/psoc creator/4.4/psoc creator/import/gnu/arm/5.4.1/bin/../lib/gcc/arm-none-eabi/5.4.1/../../../../arm-none-eabi/lib/armv7-m\libg_nano.a(lib_a-memcpy-stub.o)

/DISCARD/
 *(.note.GNU-stack)
OUTPUT(C:\Github\Tesis\src\psoc\AcondicionamientoAnalogico.cydsn\CortexM3\ARM_GCC_541\Debug\AcondicionamientoAnalogico.elf elf32-littlearm)
