Archive member included to satisfy reference by file (symbol)

.\CortexM3\ARM_GCC_541\Debug\AcondicionamientoAnalogico.a(Filter.o)
                              .\CortexM3\ARM_GCC_541\Debug\main.o (symbol from plugin) (Filter_Start)
.\CortexM3\ARM_GCC_541\Debug\AcondicionamientoAnalogico.a(Filter_PVT.o)
                              Filter.o (symbol from plugin) (Filter_SetInterruptMode)
.\CortexM3\ARM_GCC_541\Debug\AcondicionamientoAnalogico.a(Filter_RAM_Data.o)
                              Filter.o (symbol from plugin) (Filter_cfsm)
.\CortexM3\ARM_GCC_541\Debug\AcondicionamientoAnalogico.a(CyDmac.o)
                              .\CortexM3\ARM_GCC_541\Debug\Cm3Start.o (symbol from plugin) (CyDmacConfigure)
.\CortexM3\ARM_GCC_541\Debug\AcondicionamientoAnalogico.a(CyLib.o)
                              .\CortexM3\ARM_GCC_541\Debug\Cm3Start.o (symbol from plugin) (CyHalt)
.\CortexM3\ARM_GCC_541\Debug\AcondicionamientoAnalogico.a(cyPm.o)
                              CyLib.o (symbol from plugin) (CyPmReadStatus)
.\CortexM3\ARM_GCC_541\Debug\AcondicionamientoAnalogico.a(DMA_DelSig_Filter_dma.o)
                              .\CortexM3\ARM_GCC_541\Debug\main.o (symbol from plugin) (DMA_DelSig_Filter_DmaInitialize)
.\CortexM3\ARM_GCC_541\Debug\AcondicionamientoAnalogico.a(DMA_DelSig_RAM_dma.o)
                              .\CortexM3\ARM_GCC_541\Debug\main.o (symbol from plugin) (DMA_DelSig_RAM_DmaInitialize)
.\CortexM3\ARM_GCC_541\Debug\AcondicionamientoAnalogico.a(LED.o)
                              .\CortexM3\ARM_GCC_541\Debug\main.o (symbol from plugin) (LED_Write)
.\CortexM3\ARM_GCC_541\Debug\AcondicionamientoAnalogico.a(UART.o)
                              .\CortexM3\ARM_GCC_541\Debug\main.o (symbol from plugin) (UART_Start)
.\CortexM3\ARM_GCC_541\Debug\AcondicionamientoAnalogico.a(UART_INT.o)
                              UART.o (symbol from plugin) (UART_RXISR)
.\CortexM3\ARM_GCC_541\Debug\AcondicionamientoAnalogico.a(UART_IntClock.o)
                              UART.o (symbol from plugin) (UART_IntClock_Start)
.\CortexM3\ARM_GCC_541\Debug\AcondicionamientoAnalogico.a(ADC.o)
                              .\CortexM3\ARM_GCC_541\Debug\calibration.o (symbol from plugin) (ADC_Start)
.\CortexM3\ARM_GCC_541\Debug\AcondicionamientoAnalogico.a(ADC_INT.o)
                              ADC.o (symbol from plugin) (ADC_ISR1)
.\CortexM3\ARM_GCC_541\Debug\AcondicionamientoAnalogico.a(ADC_Ext_CP_Clk.o)
                              ADC.o (symbol from plugin) (ADC_Ext_CP_Clk_SetDividerRegister)
.\CortexM3\ARM_GCC_541\Debug\AcondicionamientoAnalogico.a(ADC_theACLK.o)
                              ADC.o (symbol from plugin) (ADC_theACLK_SetDividerRegister)
.\CortexM3\ARM_GCC_541\Debug\AcondicionamientoAnalogico.a(VDAC_PGA.o)
                              .\CortexM3\ARM_GCC_541\Debug\calibration.o (symbol from plugin) (VDAC_PGA_Start)
.\CortexM3\ARM_GCC_541\Debug\AcondicionamientoAnalogico.a(SYNC_IN.o)
                              .\CortexM3\ARM_GCC_541\Debug\main.o (symbol from plugin) (SYNC_IN_Read)
.\CortexM3\ARM_GCC_541\Debug\AcondicionamientoAnalogico.a(LPF_ADC.o)
                              .\CortexM3\ARM_GCC_541\Debug\psoc_hw.o (symbol from plugin) (LPF_ADC_Start)
.\CortexM3\ARM_GCC_541\Debug\AcondicionamientoAnalogico.a(PGA.o)
                              .\CortexM3\ARM_GCC_541\Debug\psoc_hw.o (symbol from plugin) (PGA_Start)
.\CortexM3\ARM_GCC_541\Debug\AcondicionamientoAnalogico.a(ADC_AMux.o)
                              ADC.o (symbol from plugin) (ADC_AMux_Select)
.\CortexM3\ARM_GCC_541\Debug\AcondicionamientoAnalogico.a(Opa_LP.o)
                              .\CortexM3\ARM_GCC_541\Debug\psoc_hw.o (symbol from plugin) (Opa_LP_Start)
.\CortexM3\ARM_GCC_541\Debug\AcondicionamientoAnalogico.a(VDAC_LP.o)
                              .\CortexM3\ARM_GCC_541\Debug\calibration.o (symbol from plugin) (VDAC_LP_Start)
.\CortexM3\ARM_GCC_541\Debug\AcondicionamientoAnalogico.a(AMux_ADC.o)
                              .\CortexM3\ARM_GCC_541\Debug\calibration.o (symbol from plugin) (AMux_ADC_Start)
.\CortexM3\ARM_GCC_541\Debug\AcondicionamientoAnalogico.a(Opa_ref_PGA.o)
                              .\CortexM3\ARM_GCC_541\Debug\psoc_hw.o (symbol from plugin) (Opa_ref_PGA_Start)
.\CortexM3\ARM_GCC_541\Debug\AcondicionamientoAnalogico.a(Clock_1.o)
                              .\CortexM3\ARM_GCC_541\Debug\main.o (symbol from plugin) (Clock_1_Start)
.\CortexM3\ARM_GCC_541\Debug\AcondicionamientoAnalogico.a(EEPROM.o)
                              .\CortexM3\ARM_GCC_541\Debug\main.o (symbol from plugin) (EEPROM_Start)
.\CortexM3\ARM_GCC_541\Debug\AcondicionamientoAnalogico.a(DMA_Filter_RAM_dma.o)
                              .\CortexM3\ARM_GCC_541\Debug\main.o (symbol from plugin) (DMA_Filter_RAM_DmaInitialize)
.\CortexM3\ARM_GCC_541\Debug\AcondicionamientoAnalogico.a(Opa_ref_1V.o)
                              .\CortexM3\ARM_GCC_541\Debug\psoc_hw.o (symbol from plugin) (Opa_ref_1V_Start)
.\CortexM3\ARM_GCC_541\Debug\AcondicionamientoAnalogico.a(isr_SuperMaquina.o)
                              .\CortexM3\ARM_GCC_541\Debug\main.o (symbol from plugin) (isr_SuperMaquina_StartEx)
.\CortexM3\ARM_GCC_541\Debug\AcondicionamientoAnalogico.a(state.o)
                              .\CortexM3\ARM_GCC_541\Debug\main.o (symbol from plugin) (state_Read)
.\CortexM3\ARM_GCC_541\Debug\AcondicionamientoAnalogico.a(error.o)
                              .\CortexM3\ARM_GCC_541\Debug\main.o (symbol from plugin) (error_Read)
.\CortexM3\ARM_GCC_541\Debug\AcondicionamientoAnalogico.a(status.o)
                              .\CortexM3\ARM_GCC_541\Debug\main.o (symbol from plugin) (status_Read)
.\CortexM3\ARM_GCC_541\Debug\AcondicionamientoAnalogico.a(reset.o)
                              .\CortexM3\ARM_GCC_541\Debug\main.o (symbol from plugin) (reset_Write)
.\CortexM3\ARM_GCC_541\Debug\AcondicionamientoAnalogico.a(cfg.o)
                              .\CortexM3\ARM_GCC_541\Debug\main.o (symbol from plugin) (cfg_Write)
.\CortexM3\ARM_GCC_541\Debug\AcondicionamientoAnalogico.a(ctrl.o)
                              .\CortexM3\ARM_GCC_541\Debug\main.o (symbol from plugin) (ctrl_Write)
.\CortexM3\ARM_GCC_541\Debug\AcondicionamientoAnalogico.a(Tmr_LedWait.o)
                              .\CortexM3\ARM_GCC_541\Debug\main.o (symbol from plugin) (Tmr_LedWait_Init)
.\CortexM3\ARM_GCC_541\Debug\AcondicionamientoAnalogico.a(Tmr_UartRxWatchdog.o)
                              .\CortexM3\ARM_GCC_541\Debug\main.o (symbol from plugin) (Tmr_UartRxWatchdog_Init)
.\CortexM3\ARM_GCC_541\Debug\AcondicionamientoAnalogico.a(Tmr_PingCalTick.o)
                              .\CortexM3\ARM_GCC_541\Debug\main.o (symbol from plugin) (Tmr_PingCalTick_Init)
.\CortexM3\ARM_GCC_541\Debug\AcondicionamientoAnalogico.a(Tmr_CaptureWatchdog.o)
                              .\CortexM3\ARM_GCC_541\Debug\main.o (symbol from plugin) (Tmr_CaptureWatchdog_Init)
.\CortexM3\ARM_GCC_541\Debug\AcondicionamientoAnalogico.a(CyBootAsmGnu.o)
                              .\CortexM3\ARM_GCC_541\Debug\cyfitter_cfg.o (symbol from plugin) (CyDelayCycles)
.\CortexM3\ARM_GCC_541\Debug\AcondicionamientoAnalogico.a(CyFlash.o)
                              EEPROM.o (symbol from plugin) (dieTemperature)
.\CortexM3\ARM_GCC_541\Debug\AcondicionamientoAnalogico.a(CySpc.o)
                              EEPROM.o (symbol from plugin) (CySpcStart)
c:/program files (x86)/cypress/psoc creator/4.4/psoc creator/import/gnu/arm/5.4.1/bin/../lib/gcc/arm-none-eabi/5.4.1/../../../../arm-none-eabi/lib/armv7-m\libg_nano.a(lib_a-errno.o)
                              .\CortexM3\ARM_GCC_541\Debug\Cm3Start.o (symbol from plugin) (__errno)
c:/program files (x86)/cypress/psoc creator/4.4/psoc creator/import/gnu/arm/5.4.1/bin/../lib/gcc/arm-none-eabi/5.4.1/../../../../arm-none-eabi/lib/armv7-m\libg_nano.a(lib_a-exit.o)
                              c:/program files (x86)/cypress/psoc creator/4.4/psoc creator/import/gnu/arm/5.4.1/bin/../lib/gcc/arm-none-eabi/5.4.1/../../../../arm-none-eabi/lib/armv7-m/crt0.o (exit)
c:/program files (x86)/cypress/psoc creator/4.4/psoc creator/import/gnu/arm/5.4.1/bin/../lib/gcc/arm-none-eabi/5.4.1/../../../../arm-none-eabi/lib/armv7-m\libg_nano.a(lib_a-impure.o)
                              c:/program files (x86)/cypress/psoc creator/4.4/psoc creator/import/gnu/arm/5.4.1/bin/../lib/gcc/arm-none-eabi/5.4.1/../../../../arm-none-eabi/lib/armv7-m\libg_nano.a(lib_a-exit.o) (_global_impure_ptr)
c:/program files (x86)/cypress/psoc creator/4.4/psoc creator/import/gnu/arm/5.4.1/bin/../lib/gcc/arm-none-eabi/5.4.1/../../../../arm-none-eabi/lib/armv7-m\libg_nano.a(lib_a-init.o)
                              c:/program files (x86)/cypress/psoc creator/4.4/psoc creator/import/gnu/arm/5.4.1/bin/../lib/gcc/arm-none-eabi/5.4.1/../../../../arm-none-eabi/lib/armv7-m/crt0.o (__libc_init_array)
c:/program files (x86)/cypress/psoc creator/4.4/psoc creator/import/gnu/arm/5.4.1/bin/../lib/gcc/arm-none-eabi/5.4.1/../../../../arm-none-eabi/lib/armv7-m\libg_nano.a(lib_a-memset.o)
                              c:/program files (x86)/cypress/psoc creator/4.4/psoc creator/import/gnu/arm/5.4.1/bin/../lib/gcc/arm-none-eabi/5.4.1/../../../../arm-none-eabi/lib/armv7-m/crt0.o (memset)
c:/program files (x86)/cypress/psoc creator/4.4/psoc creator/import/gnu/arm/5.4.1/bin/../lib/gcc/arm-none-eabi/5.4.1/../../../../arm-none-eabi/lib/armv7-m\libnosys.a(_exit.o)
                              c:/program files (x86)/cypress/psoc creator/4.4/psoc creator/import/gnu/arm/5.4.1/bin/../lib/gcc/arm-none-eabi/5.4.1/../../../../arm-none-eabi/lib/armv7-m\libg_nano.a(lib_a-exit.o) (_exit)
c:/program files (x86)/cypress/psoc creator/4.4/psoc creator/import/gnu/arm/5.4.1/bin/../lib/gcc/arm-none-eabi/5.4.1/armv7-m\libgcc.a(_aeabi_ldivmod.o)
                              C:\Users\elias\AppData\Local\Temp\ccH3vprU.ltrans2.ltrans.o (__aeabi_ldivmod)
c:/program files (x86)/cypress/psoc creator/4.4/psoc creator/import/gnu/arm/5.4.1/bin/../lib/gcc/arm-none-eabi/5.4.1/armv7-m\libgcc.a(_udivmoddi4.o)
                              c:/program files (x86)/cypress/psoc creator/4.4/psoc creator/import/gnu/arm/5.4.1/bin/../lib/gcc/arm-none-eabi/5.4.1/armv7-m\libgcc.a(_aeabi_ldivmod.o) (__udivmoddi4)
c:/program files (x86)/cypress/psoc creator/4.4/psoc creator/import/gnu/arm/5.4.1/bin/../lib/gcc/arm-none-eabi/5.4.1/armv7-m\libgcc.a(_dvmd_tls.o)
                              c:/program files (x86)/cypress/psoc creator/4.4/psoc creator/import/gnu/arm/5.4.1/bin/../lib/gcc/arm-none-eabi/5.4.1/armv7-m\libgcc.a(_aeabi_ldivmod.o) (__aeabi_ldiv0)
c:/program files (x86)/cypress/psoc creator/4.4/psoc creator/import/gnu/arm/5.4.1/bin/../lib/gcc/arm-none-eabi/5.4.1/../../../../arm-none-eabi/lib/armv7-m\libg_nano.a(lib_a-memcpy-stub.o)
                              C:\Users\elias\AppData\Local\Temp\ccH3vprU.ltrans0.ltrans.o (memcpy)

Allocating common symbols
Common symbol       size              file

ADC_CountsPerVolt   0x4               ADC.o (symbol from plugin)

Discarded input sections

 .text          0x00000000        0x0 c:/program files (x86)/cypress/psoc creator/4.4/psoc creator/import/gnu/arm/5.4.1/bin/../lib/gcc/arm-none-eabi/5.4.1/armv7-m/crti.o
 .data          0x00000000        0x0 c:/program files (x86)/cypress/psoc creator/4.4/psoc creator/import/gnu/arm/5.4.1/bin/../lib/gcc/arm-none-eabi/5.4.1/armv7-m/crti.o
 .bss           0x00000000        0x0 c:/program files (x86)/cypress/psoc creator/4.4/psoc creator/import/gnu/arm/5.4.1/bin/../lib/gcc/arm-none-eabi/5.4.1/armv7-m/crti.o
 .data          0x00000000        0x4 c:/program files (x86)/cypress/psoc creator/4.4/psoc creator/import/gnu/arm/5.4.1/bin/../lib/gcc/arm-none-eabi/5.4.1/armv7-m/crtbegin.o
 .text          0x00000000       0x74 c:/program files (x86)/cypress/psoc creator/4.4/psoc creator/import/gnu/arm/5.4.1/bin/../lib/gcc/arm-none-eabi/5.4.1/../../../../arm-none-eabi/lib/armv7-m/crt0.o
 .data          0x00000000        0x0 c:/program files (x86)/cypress/psoc creator/4.4/psoc creator/import/gnu/arm/5.4.1/bin/../lib/gcc/arm-none-eabi/5.4.1/../../../../arm-none-eabi/lib/armv7-m/crt0.o
 .bss           0x00000000        0x0 c:/program files (x86)/cypress/psoc creator/4.4/psoc creator/import/gnu/arm/5.4.1/bin/../lib/gcc/arm-none-eabi/5.4.1/../../../../arm-none-eabi/lib/armv7-m/crt0.o
 .ARM.extab     0x00000000        0x0 c:/program files (x86)/cypress/psoc creator/4.4/psoc creator/import/gnu/arm/5.4.1/bin/../lib/gcc/arm-none-eabi/5.4.1/../../../../arm-none-eabi/lib/armv7-m/crt0.o
 .ARM.exidx     0x00000000        0x8 c:/program files (x86)/cypress/psoc creator/4.4/psoc creator/import/gnu/arm/5.4.1/bin/../lib/gcc/arm-none-eabi/5.4.1/../../../../arm-none-eabi/lib/armv7-m/crt0.o
 .text          0x00000000        0x0 .\CortexM3\ARM_GCC_541\Debug\main.o (symbol from plugin)
 .text          0x00000000        0x0 C:\Users\elias\AppData\Local\Temp\ccH3vprU.ltrans0.ltrans.o
 .text          0x00000000        0x0 C:\Users\elias\AppData\Local\Temp\ccH3vprU.ltrans1.ltrans.o
 .text          0x00000000        0x0 C:\Users\elias\AppData\Local\Temp\ccH3vprU.ltrans2.ltrans.o
 .text          0x00000000        0x0 C:\Users\elias\AppData\Local\Temp\ccH3vprU.ltrans3.ltrans.o
 .data          0x00000000        0x0 C:\Users\elias\AppData\Local\Temp\ccH3vprU.ltrans3.ltrans.o
 .text          0x00000000        0x0 C:\Users\elias\AppData\Local\Temp\ccH3vprU.ltrans4.ltrans.o
 .text          0x00000000        0x0 C:\Users\elias\AppData\Local\Temp\ccH3vprU.ltrans5.ltrans.o
 .text          0x00000000        0x0 C:\Users\elias\AppData\Local\Temp\ccH3vprU.ltrans6.ltrans.o
 .text._exit    0x00000000        0x4 C:\Users\elias\AppData\Local\Temp\ccH3vprU.ltrans6.ltrans.o
 .text          0x00000000        0x0 C:\Users\elias\AppData\Local\Temp\ccH3vprU.ltrans7.ltrans.o
 .text          0x00000000        0x0 .\CortexM3\ARM_GCC_541\Debug\calibration.o (symbol from plugin)
 .text          0x00000000        0x0 .\CortexM3\ARM_GCC_541\Debug\psoc_adc.o (symbol from plugin)
 .text          0x00000000        0x0 .\CortexM3\ARM_GCC_541\Debug\psoc_hw.o (symbol from plugin)
 .text          0x00000000        0x0 .\CortexM3\ARM_GCC_541\Debug\crc.o (symbol from plugin)
 .text          0x00000000        0x0 .\CortexM3\ARM_GCC_541\Debug\psoc_nv.o (symbol from plugin)
 .text          0x00000000        0x0 .\CortexM3\ARM_GCC_541\Debug\filter_coeffs.o (symbol from plugin)
 .text          0x00000000        0x0 .\CortexM3\ARM_GCC_541\Debug\FIR_adquisition.o (symbol from plugin)
 .text          0x00000000        0x0 .\CortexM3\ARM_GCC_541\Debug\FIR_calibration.o (symbol from plugin)
 .text          0x00000000        0x0 .\CortexM3\ARM_GCC_541\Debug\psoc_debug.o (symbol from plugin)
 .text          0x00000000        0x0 .\CortexM3\ARM_GCC_541\Debug\cyfitter_cfg.o (symbol from plugin)
 .text          0x00000000        0x0 .\CortexM3\ARM_GCC_541\Debug\cymetadata.o (symbol from plugin)
 .text          0x00000000        0x0 .\CortexM3\ARM_GCC_541\Debug\Cm3Start.o (symbol from plugin)
 .text          0x00000000        0x0 Filter.o (symbol from plugin)
 .text          0x00000000        0x0 Filter_PVT.o (symbol from plugin)
 .text          0x00000000        0x0 Filter_RAM_Data.o (symbol from plugin)
 .text          0x00000000        0x0 CyDmac.o (symbol from plugin)
 .text          0x00000000        0x0 CyLib.o (symbol from plugin)
 .text          0x00000000        0x0 cyPm.o (symbol from plugin)
 .text          0x00000000        0x0 DMA_DelSig_Filter_dma.o (symbol from plugin)
 .text          0x00000000        0x0 DMA_DelSig_RAM_dma.o (symbol from plugin)
 .text          0x00000000        0x0 LED.o (symbol from plugin)
 .text          0x00000000        0x0 UART.o (symbol from plugin)
 .text          0x00000000        0x0 UART_INT.o (symbol from plugin)
 .text          0x00000000        0x0 UART_IntClock.o (symbol from plugin)
 .text          0x00000000        0x0 ADC.o (symbol from plugin)
 .text          0x00000000        0x0 ADC_INT.o (symbol from plugin)
 .text          0x00000000        0x0 ADC_Ext_CP_Clk.o (symbol from plugin)
 .text          0x00000000        0x0 ADC_theACLK.o (symbol from plugin)
 .text          0x00000000        0x0 VDAC_PGA.o (symbol from plugin)
 .text          0x00000000        0x0 SYNC_IN.o (symbol from plugin)
 .text          0x00000000        0x0 LPF_ADC.o (symbol from plugin)
 .text          0x00000000        0x0 PGA.o (symbol from plugin)
 .text          0x00000000        0x0 ADC_AMux.o (symbol from plugin)
 .text          0x00000000        0x0 Opa_LP.o (symbol from plugin)
 .text          0x00000000        0x0 VDAC_LP.o (symbol from plugin)
 .text          0x00000000        0x0 AMux_ADC.o (symbol from plugin)
 .text          0x00000000        0x0 Opa_ref_PGA.o (symbol from plugin)
 .text          0x00000000        0x0 Clock_1.o (symbol from plugin)
 .text          0x00000000        0x0 EEPROM.o (symbol from plugin)
 .text          0x00000000        0x0 DMA_Filter_RAM_dma.o (symbol from plugin)
 .text          0x00000000        0x0 Opa_ref_1V.o (symbol from plugin)
 .text          0x00000000        0x0 isr_SuperMaquina.o (symbol from plugin)
 .text          0x00000000        0x0 state.o (symbol from plugin)
 .text          0x00000000        0x0 error.o (symbol from plugin)
 .text          0x00000000        0x0 status.o (symbol from plugin)
 .text          0x00000000        0x0 reset.o (symbol from plugin)
 .text          0x00000000        0x0 cfg.o (symbol from plugin)
 .text          0x00000000        0x0 ctrl.o (symbol from plugin)
 .text          0x00000000        0x0 Tmr_LedWait.o (symbol from plugin)
 .text          0x00000000        0x0 Tmr_UartRxWatchdog.o (symbol from plugin)
 .text          0x00000000        0x0 Tmr_PingCalTick.o (symbol from plugin)
 .text          0x00000000        0x0 Tmr_CaptureWatchdog.o (symbol from plugin)
 .data          0x00000000        0x0 .\CortexM3\ARM_GCC_541\Debug\AcondicionamientoAnalogico.a(CyBootAsmGnu.o)
 .bss           0x00000000        0x0 .\CortexM3\ARM_GCC_541\Debug\AcondicionamientoAnalogico.a(CyBootAsmGnu.o)
 .text          0x00000000        0x0 CyFlash.o (symbol from plugin)
 .text          0x00000000        0x0 CySpc.o (symbol from plugin)
 .text          0x00000000        0x0 c:/program files (x86)/cypress/psoc creator/4.4/psoc creator/import/gnu/arm/5.4.1/bin/../lib/gcc/arm-none-eabi/5.4.1/../../../../arm-none-eabi/lib/armv7-m\libg_nano.a(lib_a-errno.o)
 .data          0x00000000        0x0 c:/program files (x86)/cypress/psoc creator/4.4/psoc creator/import/gnu/arm/5.4.1/bin/../lib/gcc/arm-none-eabi/5.4.1/../../../../arm-none-eabi/lib/armv7-m\libg_nano.a(lib_a-errno.o)
 .bss           0x00000000        0x0 c:/program files (x86)/cypress/psoc creator/4.4/psoc creator/import/gnu/arm/5.4.1/bin/../lib/gcc/arm-none-eabi/5.4.1/../../../../arm-none-eabi/lib/armv7-m\libg_nano.a(lib_a-errno.o)
 .text          0x00000000        0x0 c:/program files (x86)/cypress/psoc creator/4.4/psoc creator/import/gnu/arm/5.4.1/bin/../lib/gcc/arm-none-eabi/5.4.1/../../../../arm-none-eabi/lib/armv7-m\libg_nano.a(lib_a-exit.o)
 .data          0x00000000        0x0 c:/program files (x86)/cypress/psoc creator/4.4/psoc creator/import/gnu/arm/5.4.1/bin/../lib/gcc/arm-none-eabi/5.4.1/../../../../arm-none-eabi/lib/armv7-m\libg_nano.a(lib_a-exit.o)
 .bss           0x00000000        0x0 c:/program files (x86)/cypress/psoc creator/4.4/psoc creator/import/gnu/arm/5.4.1/bin/../lib/gcc/arm-none-eabi/5.4.1/../../../../arm-none-eabi/lib/armv7-m\libg_nano.a(lib_a-exit.o)
 .text.exit     0x00000000       0x28 c:/program files (x86)/cypress/psoc creator/4.4/psoc creator/import/gnu/arm/5.4.1/bin/../lib/gcc/arm-none-eabi/5.4.1/../../../../arm-none-eabi/lib/armv7-m\libg_nano.a(lib_a-exit.o)
 .text          0x00000000        0x0 c:/program files (x86)/cypress/psoc creator/4.4/psoc creator/import/gnu/arm/5.4.1/bin/../lib/gcc/arm-none-eabi/5.4.1/../../../../arm-none-eabi/lib/armv7-m\libg_nano.a(lib_a-impure.o)
 .data          0x00000000        0x0 c:/program files (x86)/cypress/psoc creator/4.4/psoc creator/import/gnu/arm/5.4.1/bin/../lib/gcc/arm-none-eabi/5.4.1/../../../../arm-none-eabi/lib/armv7-m\libg_nano.a(lib_a-impure.o)
 .bss           0x00000000        0x0 c:/program files (x86)/cypress/psoc creator/4.4/psoc creator/import/gnu/arm/5.4.1/bin/../lib/gcc/arm-none-eabi/5.4.1/../../../../arm-none-eabi/lib/armv7-m\libg_nano.a(lib_a-impure.o)
 .rodata._global_impure_ptr
                0x00000000        0x4 c:/program files (x86)/cypress/psoc creator/4.4/psoc creator/import/gnu/arm/5.4.1/bin/../lib/gcc/arm-none-eabi/5.4.1/../../../../arm-none-eabi/lib/armv7-m\libg_nano.a(lib_a-impure.o)
 .text          0x00000000        0x0 c:/program files (x86)/cypress/psoc creator/4.4/psoc creator/import/gnu/arm/5.4.1/bin/../lib/gcc/arm-none-eabi/5.4.1/../../../../arm-none-eabi/lib/armv7-m\libg_nano.a(lib_a-init.o)
 .data          0x00000000        0x0 c:/program files (x86)/cypress/psoc creator/4.4/psoc creator/import/gnu/arm/5.4.1/bin/../lib/gcc/arm-none-eabi/5.4.1/../../../../arm-none-eabi/lib/armv7-m\libg_nano.a(lib_a-init.o)
 .bss           0x00000000        0x0 c:/program files (x86)/cypress/psoc creator/4.4/psoc creator/import/gnu/arm/5.4.1/bin/../lib/gcc/arm-none-eabi/5.4.1/../../../../arm-none-eabi/lib/armv7-m\libg_nano.a(lib_a-init.o)
 .text          0x00000000        0x0 c:/program files (x86)/cypress/psoc creator/4.4/psoc creator/import/gnu/arm/5.4.1/bin/../lib/gcc/arm-none-eabi/5.4.1/../../../../arm-none-eabi/lib/armv7-m\libg_nano.a(lib_a-memset.o)
 .data          0x00000000        0x0 c:/program files (x86)/cypress/psoc creator/4.4/psoc creator/import/gnu/arm/5.4.1/bin/../lib/gcc/arm-none-eabi/5.4.1/../../../../arm-none-eabi/lib/armv7-m\libg_nano.a(lib_a-memset.o)
 .bss           0x00000000        0x0 c:/program files (x86)/cypress/psoc creator/4.4/psoc creator/import/gnu/arm/5.4.1/bin/../lib/gcc/arm-none-eabi/5.4.1/../../../../arm-none-eabi/lib/armv7-m\libg_nano.a(lib_a-memset.o)
 .text          0x00000000        0x0 c:/program files (x86)/cypress/psoc creator/4.4/psoc creator/import/gnu/arm/5.4.1/bin/../lib/gcc/arm-none-eabi/5.4.1/armv7-m/crtend.o
 .data          0x00000000        0x0 c:/program files (x86)/cypress/psoc creator/4.4/psoc creator/import/gnu/arm/5.4.1/bin/../lib/gcc/arm-none-eabi/5.4.1/armv7-m/crtend.o
 .bss           0x00000000        0x0 c:/program files (x86)/cypress/psoc creator/4.4/psoc creator/import/gnu/arm/5.4.1/bin/../lib/gcc/arm-none-eabi/5.4.1/armv7-m/crtend.o
 .text          0x00000000        0x0 c:/program files (x86)/cypress/psoc creator/4.4/psoc creator/import/gnu/arm/5.4.1/bin/../lib/gcc/arm-none-eabi/5.4.1/armv7-m/crtn.o
 .data          0x00000000        0x0 c:/program files (x86)/cypress/psoc creator/4.4/psoc creator/import/gnu/arm/5.4.1/bin/../lib/gcc/arm-none-eabi/5.4.1/armv7-m/crtn.o
 .bss           0x00000000        0x0 c:/program files (x86)/cypress/psoc creator/4.4/psoc creator/import/gnu/arm/5.4.1/bin/../lib/gcc/arm-none-eabi/5.4.1/armv7-m/crtn.o
 .text          0x00000000        0x0 c:/program files (x86)/cypress/psoc creator/4.4/psoc creator/import/gnu/arm/5.4.1/bin/../lib/gcc/arm-none-eabi/5.4.1/../../../../arm-none-eabi/lib/armv7-m\libnosys.a(_exit.o)
 .data          0x00000000        0x0 c:/program files (x86)/cypress/psoc creator/4.4/psoc creator/import/gnu/arm/5.4.1/bin/../lib/gcc/arm-none-eabi/5.4.1/../../../../arm-none-eabi/lib/armv7-m\libnosys.a(_exit.o)
 .bss           0x00000000        0x0 c:/program files (x86)/cypress/psoc creator/4.4/psoc creator/import/gnu/arm/5.4.1/bin/../lib/gcc/arm-none-eabi/5.4.1/../../../../arm-none-eabi/lib/armv7-m\libnosys.a(_exit.o)
 .text._exit    0x00000000        0x4 c:/program files (x86)/cypress/psoc creator/4.4/psoc creator/import/gnu/arm/5.4.1/bin/../lib/gcc/arm-none-eabi/5.4.1/../../../../arm-none-eabi/lib/armv7-m\libnosys.a(_exit.o)
 .data          0x00000000        0x0 c:/program files (x86)/cypress/psoc creator/4.4/psoc creator/import/gnu/arm/5.4.1/bin/../lib/gcc/arm-none-eabi/5.4.1/armv7-m\libgcc.a(_aeabi_ldivmod.o)
 .bss           0x00000000        0x0 c:/program files (x86)/cypress/psoc creator/4.4/psoc creator/import/gnu/arm/5.4.1/bin/../lib/gcc/arm-none-eabi/5.4.1/armv7-m\libgcc.a(_aeabi_ldivmod.o)
 .data          0x00000000        0x0 c:/program files (x86)/cypress/psoc creator/4.4/psoc creator/import/gnu/arm/5.4.1/bin/../lib/gcc/arm-none-eabi/5.4.1/armv7-m\libgcc.a(_udivmoddi4.o)
 .bss           0x00000000        0x0 c:/program files (x86)/cypress/psoc creator/4.4/psoc creator/import/gnu/arm/5.4.1/bin/../lib/gcc/arm-none-eabi/5.4.1/armv7-m\libgcc.a(_udivmoddi4.o)
 .ARM.extab     0x00000000        0x0 c:/program files (x86)/cypress/psoc creator/4.4/psoc creator/import/gnu/arm/5.4.1/bin/../lib/gcc/arm-none-eabi/5.4.1/armv7-m\libgcc.a(_udivmoddi4.o)
 .data          0x00000000        0x0 c:/program files (x86)/cypress/psoc creator/4.4/psoc creator/import/gnu/arm/5.4.1/bin/../lib/gcc/arm-none-eabi/5.4.1/armv7-m\libgcc.a(_dvmd_tls.o)
 .bss           0x00000000        0x0 c:/program files (x86)/cypress/psoc creator/4.4/psoc creator/import/gnu/arm/5.4.1/bin/../lib/gcc/arm-none-eabi/5.4.1/armv7-m\libgcc.a(_dvmd_tls.o)
 .text          0x00000000        0x0 c:/program files (x86)/cypress/psoc creator/4.4/psoc creator/import/gnu/arm/5.4.1/bin/../lib/gcc/arm-none-eabi/5.4.1/../../../../arm-none-eabi/lib/armv7-m\libg_nano.a(lib_a-memcpy-stub.o)
 .data          0x00000000        0x0 c:/program files (x86)/cypress/psoc creator/4.4/psoc creator/import/gnu/arm/5.4.1/bin/../lib/gcc/arm-none-eabi/5.4.1/../../../../arm-none-eabi/lib/armv7-m\libg_nano.a(lib_a-memcpy-stub.o)
 .bss           0x00000000        0x0 c:/program files (x86)/cypress/psoc creator/4.4/psoc creator/import/gnu/arm/5.4.1/bin/../lib/gcc/arm-none-eabi/5.4.1/../../../../arm-none-eabi/lib/armv7-m\libg_nano.a(lib_a-memcpy-stub.o)

Memory Configuration

Name             Origin             Length             Attributes
rom              0x00000000         0x00040000         xr
ram              0x1fff8000         0x00010000         xrw
*default*        0x00000000         0xffffffff

Linker script and memory map

LOAD c:/program files (x86)/cypress/psoc creator/4.4/psoc creator/import/gnu/arm/5.4.1/bin/../lib/gcc/arm-none-eabi/5.4.1/armv7-m/crti.o
LOAD c:/program files (x86)/cypress/psoc creator/4.4/psoc creator/import/gnu/arm/5.4.1/bin/../lib/gcc/arm-none-eabi/5.4.1/armv7-m/crtbegin.o
LOAD c:/program files (x86)/cypress/psoc creator/4.4/psoc creator/import/gnu/arm/5.4.1/bin/../lib/gcc/arm-none-eabi/5.4.1/../../../../arm-none-eabi/lib/armv7-m/crt0.o
START GROUP
LOAD .\CortexM3\ARM_GCC_541\Debug\main.o
LOAD C:\Users\elias\AppData\Local\Temp\ccH3vprU.ltrans0.ltrans.o
LOAD C:\Users\elias\AppData\Local\Temp\ccH3vprU.ltrans1.ltrans.o
LOAD C:\Users\elias\AppData\Local\Temp\ccH3vprU.ltrans2.ltrans.o
LOAD C:\Users\elias\AppData\Local\Temp\ccH3vprU.ltrans3.ltrans.o
LOAD C:\Users\elias\AppData\Local\Temp\ccH3vprU.ltrans4.ltrans.o
LOAD C:\Users\elias\AppData\Local\Temp\ccH3vprU.ltrans5.ltrans.o
LOAD C:\Users\elias\AppData\Local\Temp\ccH3vprU.ltrans6.ltrans.o
LOAD C:\Users\elias\AppData\Local\Temp\ccH3vprU.ltrans7.ltrans.o
LOAD .\CortexM3\ARM_GCC_541\Debug\calibration.o
LOAD .\CortexM3\ARM_GCC_541\Debug\psoc_adc.o
LOAD .\CortexM3\ARM_GCC_541\Debug\psoc_hw.o
LOAD .\CortexM3\ARM_GCC_541\Debug\crc.o
LOAD .\CortexM3\ARM_GCC_541\Debug\psoc_nv.o
LOAD .\CortexM3\ARM_GCC_541\Debug\filter_coeffs.o
LOAD .\CortexM3\ARM_GCC_541\Debug\FIR_adquisition.o
LOAD .\CortexM3\ARM_GCC_541\Debug\FIR_calibration.o
LOAD .\CortexM3\ARM_GCC_541\Debug\psoc_debug.o
LOAD .\CortexM3\ARM_GCC_541\Debug\cyfitter_cfg.o
LOAD .\CortexM3\ARM_GCC_541\Debug\cymetadata.o
LOAD .\CortexM3\ARM_GCC_541\Debug\Cm3Start.o
LOAD .\CortexM3\ARM_GCC_541\Debug\AcondicionamientoAnalogico.a
LOAD C:\Program Files (x86)\Cypress\PSoC Creator\4.4\PSoC Creator\psoc\content\cycomponentlibrary\CyComponentLibrary.cylib\CortexM3\ARM_GCC_541\Debug\CyComponentLibrary.a
END GROUP
START GROUP
LOAD c:/program files (x86)/cypress/psoc creator/4.4/psoc creator/import/gnu/arm/5.4.1/bin/../lib/gcc/arm-none-eabi/5.4.1/armv7-m\libgcc.a
LOAD c:/program files (x86)/cypress/psoc creator/4.4/psoc creator/import/gnu/arm/5.4.1/bin/../lib/gcc/arm-none-eabi/5.4.1/../../../../arm-none-eabi/lib/armv7-m\libg_nano.a
LOAD c:/program files (x86)/cypress/psoc creator/4.4/psoc creator/import/gnu/arm/5.4.1/bin/../lib/gcc/arm-none-eabi/5.4.1/../../../../arm-none-eabi/lib/armv7-m\libc_nano.a
END GROUP
START GROUP
LOAD c:/program files (x86)/cypress/psoc creator/4.4/psoc creator/import/gnu/arm/5.4.1/bin/../lib/gcc/arm-none-eabi/5.4.1/armv7-m\libgcc.a
LOAD c:/program files (x86)/cypress/psoc creator/4.4/psoc creator/import/gnu/arm/5.4.1/bin/../lib/gcc/arm-none-eabi/5.4.1/../../../../arm-none-eabi/lib/armv7-m\libc_nano.a
END GROUP
LOAD c:/program files (x86)/cypress/psoc creator/4.4/psoc creator/import/gnu/arm/5.4.1/bin/../lib/gcc/arm-none-eabi/5.4.1/armv7-m/crtend.o
LOAD c:/program files (x86)/cypress/psoc creator/4.4/psoc creator/import/gnu/arm/5.4.1/bin/../lib/gcc/arm-none-eabi/5.4.1/armv7-m/crtn.o
START GROUP
LOAD c:/program files (x86)/cypress/psoc creator/4.4/psoc creator/import/gnu/arm/5.4.1/bin/../lib/gcc/arm-none-eabi/5.4.1/armv7-m\libgcc.a
LOAD c:/program files (x86)/cypress/psoc creator/4.4/psoc creator/import/gnu/arm/5.4.1/bin/../lib/gcc/arm-none-eabi/5.4.1/../../../../arm-none-eabi/lib/armv7-m\libc.a
LOAD c:/program files (x86)/cypress/psoc creator/4.4/psoc creator/import/gnu/arm/5.4.1/bin/../lib/gcc/arm-none-eabi/5.4.1/../../../../arm-none-eabi/lib/armv7-m\libnosys.a
END GROUP
                0x00000000                CY_APPL_ORIGIN = 0x0
                0x00000100                CY_FLASH_ROW_SIZE = 0x100
                0x00000020                CY_ECC_ROW_SIZE = 0x20
                0x00000000                CY_EE_IN_BTLDR = 0x0
                0x00000000                CY_APPL_LOADABLE = 0x0
                0x00000800                CY_EE_SIZE = 0x800
                0x00000001                CY_APPL_NUM = 0x1
                0x00000001                CY_APPL_MAX = 0x1
                0x00000040                CY_METADATA_SIZE = 0x40
                0x00000000                CY_APPL_LOADABLE = 0x0
                0x00000000                CY_CHECKSUM_EXCLUDE_SIZE = ALIGN (0x0, CY_FLASH_ROW_SIZE)
                [!provide]                PROVIDE (__cy_heap_start, _end)
                0x00000001                PROVIDE (__cy_region_num, ((__cy_regions_end - __cy_regions) / 0x10))
                0x20008000                PROVIDE (__cy_stack, (ORIGIN (ram) + LENGTH (ram)))
                [!provide]                PROVIDE (__cy_heap_end, (__cy_stack - 0x800))

.cybootloader   0x00000000        0x0
 *(.cybootloader)
                0x00000000                appl1_start = CY_APPL_ORIGIN?CY_APPL_ORIGIN:ALIGN (CY_FLASH_ROW_SIZE)
                0x0001ff00                appl2_start = (appl1_start + ALIGN ((((LENGTH (rom) - appl1_start) - (0x2 * CY_FLASH_ROW_SIZE)) / 0x2), CY_FLASH_ROW_SIZE))
                0x00000000                appl_start = (CY_APPL_NUM == 0x1)?appl1_start:appl2_start
                0x00000000                ecc_offset = ((appl_start / CY_FLASH_ROW_SIZE) * CY_ECC_ROW_SIZE)
                0x00000000                ee_offset = (CY_APPL_LOADABLE && ! (CY_EE_IN_BTLDR))?((CY_EE_SIZE / CY_APPL_MAX) * (CY_APPL_NUM - 0x1)):0x0
                0x00000800                ee_size = (CY_APPL_LOADABLE && ! (CY_EE_IN_BTLDR))?(CY_EE_SIZE / CY_APPL_MAX):CY_EE_SIZE
                [!provide]                PROVIDE (CY_ECC_OFFSET, ecc_offset)

.text           0x00000000     0x941e
 CREATE_OBJECT_SYMBOLS
                0x00000000                PROVIDE (__cy_interrupt_vector, RomVectors)
 *(.romvectors)
 .romvectors    0x00000000       0x10 C:\Users\elias\AppData\Local\Temp\ccH3vprU.ltrans6.ltrans.o
                0x00000000                RomVectors
                0x00000001                ASSERT ((. != __cy_interrupt_vector), No interrupt vector)
                0x00000001                ASSERT (CY_APPL_ORIGIN?(SIZEOF (.cybootloader) <= CY_APPL_ORIGIN):0x1, Wrong image location)
                0x00000010                PROVIDE (__cy_reset, Reset)
 *(.text.Reset)
 .text.Reset    0x00000010       0x64 C:\Users\elias\AppData\Local\Temp\ccH3vprU.ltrans6.ltrans.o
                0x00000010                Reset
                0x00000001                ASSERT ((. != __cy_reset), No reset code)
 *(.dma_init)
                0x00000001                ASSERT ((((appl_start + .) <= 0x10000) || 0x1), DMA Init must be within the first 64k of flash)
 *(.text .text.* .gnu.linkonce.t.*)
 .text          0x00000074       0x5c c:/program files (x86)/cypress/psoc creator/4.4/psoc creator/import/gnu/arm/5.4.1/bin/../lib/gcc/arm-none-eabi/5.4.1/armv7-m/crtbegin.o
 .text.uart_service.lto_priv.141
                0x000000d0     0x1fac C:\Users\elias\AppData\Local\Temp\ccH3vprU.ltrans0.ltrans.o
                0x000000d0                uart_service.lto_priv.141
 .text.startup.main
                0x0000207c     0x1d6c C:\Users\elias\AppData\Local\Temp\ccH3vprU.ltrans1.ltrans.o
                0x0000207c                main
 .text.service_runtime.lto_priv.127
                0x00003de8     0x17b8 C:\Users\elias\AppData\Local\Temp\ccH3vprU.ltrans2.ltrans.o
                0x00003de8                service_runtime.lto_priv.127
 .text.sm_sample_noop.lto_priv.75
                0x000055a0        0x4 C:\Users\elias\AppData\Local\Temp\ccH3vprU.ltrans3.ltrans.o
                0x000055a0                sm_sample_noop.lto_priv.75
 .text.isr_SuperMaquina_Handler
                0x000055a4       0xdc C:\Users\elias\AppData\Local\Temp\ccH3vprU.ltrans3.ltrans.o
                0x000055a4                isr_SuperMaquina_Handler
 .text.sm_sample_capture_debug.lto_priv.161
                0x00005680       0x4c C:\Users\elias\AppData\Local\Temp\ccH3vprU.ltrans3.ltrans.o
                0x00005680                sm_sample_capture_debug.lto_priv.161
 .text.sm_sample_capture_raw.lto_priv.163
                0x000056cc       0x48 C:\Users\elias\AppData\Local\Temp\ccH3vprU.ltrans3.ltrans.o
                0x000056cc                sm_sample_capture_raw.lto_priv.163
 .text.sm_sample_cal_filt.lto_priv.121
                0x00005714       0x44 C:\Users\elias\AppData\Local\Temp\ccH3vprU.ltrans3.ltrans.o
                0x00005714                sm_sample_cal_filt.lto_priv.121
 .text.sm_sample_cal_raw.lto_priv.122
                0x00005758       0x60 C:\Users\elias\AppData\Local\Temp\ccH3vprU.ltrans3.ltrans.o
                0x00005758                sm_sample_cal_raw.lto_priv.122
 .text.sm_sample_capture_filt.lto_priv.162
                0x000057b8       0x5c C:\Users\elias\AppData\Local\Temp\ccH3vprU.ltrans3.ltrans.o
                0x000057b8                sm_sample_capture_filt.lto_priv.162
 .text.uart_send_diag.lto_priv.72
                0x00005814       0xe0 C:\Users\elias\AppData\Local\Temp\ccH3vprU.ltrans3.ltrans.o
                0x00005814                uart_send_diag.lto_priv.72
 .text.unexpected_irq_trap
                0x000058f4       0x34 C:\Users\elias\AppData\Local\Temp\ccH3vprU.ltrans3.ltrans.o
                0x000058f4                unexpected_irq_trap
 .text.hardfault_trap
                0x00005928       0x34 C:\Users\elias\AppData\Local\Temp\ccH3vprU.ltrans3.ltrans.o
                0x00005928                hardfault_trap
 .text.sm_sample_armed_wait.lto_priv.160
                0x0000595c      0x18c C:\Users\elias\AppData\Local\Temp\ccH3vprU.ltrans3.ltrans.o
                0x0000595c                sm_sample_armed_wait.lto_priv.160
 .text.timer1_stop_quiet.lto_priv.87
                0x00005ae8       0x4c C:\Users\elias\AppData\Local\Temp\ccH3vprU.ltrans3.ltrans.o
                0x00005ae8                timer1_stop_quiet.lto_priv.87
 .text.capture_watchdog_arm.lto_priv.145
                0x00005b34      0x174 C:\Users\elias\AppData\Local\Temp\ccH3vprU.ltrans3.ltrans.o
                0x00005b34                capture_watchdog_arm.lto_priv.145
 .text.psoc_enter_sampling.lto_priv.166
                0x00005ca8      0x358 C:\Users\elias\AppData\Local\Temp\ccH3vprU.ltrans3.ltrans.o
                0x00005ca8                psoc_enter_sampling.lto_priv.166
 .text.rx_watchdog_start.lto_priv.167
                0x00006000       0xf8 C:\Users\elias\AppData\Local\Temp\ccH3vprU.ltrans3.ltrans.o
                0x00006000                rx_watchdog_start.lto_priv.167
 .text.timer2_start_next_chunk.lto_priv.119
                0x000060f8      0x104 C:\Users\elias\AppData\Local\Temp\ccH3vprU.ltrans3.ltrans.o
                0x000060f8                timer2_start_next_chunk.lto_priv.119
 .text.timer1_start_next_chunk.lto_priv.71
                0x000061fc      0x104 C:\Users\elias\AppData\Local\Temp\ccH3vprU.ltrans3.ltrans.o
                0x000061fc                timer1_start_next_chunk.lto_priv.71
 .text.service_timer_events.lto_priv.142
                0x00006300      0x310 C:\Users\elias\AppData\Local\Temp\ccH3vprU.ltrans3.ltrans.o
                0x00006300                service_timer_events.lto_priv.142
 .text.psoc_prepare_capture_path.lto_priv.104
                0x00006610      0x1b8 C:\Users\elias\AppData\Local\Temp\ccH3vprU.ltrans3.ltrans.o
                0x00006610                psoc_prepare_capture_path.lto_priv.104
 .text.uart_send_fs_report.lto_priv.165
                0x000067c8       0xd0 C:\Users\elias\AppData\Local\Temp\ccH3vprU.ltrans3.ltrans.o
                0x000067c8                uart_send_fs_report.lto_priv.165
 .text.psoc_start_calibration_if_idle.part.4.lto_priv.128
                0x00006898      0xb4c C:\Users\elias\AppData\Local\Temp\ccH3vprU.ltrans4.ltrans.o
                0x00006898                psoc_start_calibration_if_idle.part.4.lto_priv.128
 .text.ADC_ISR4
                0x000073e4        0x4 C:\Users\elias\AppData\Local\Temp\ccH3vprU.ltrans5.ltrans.o
 .text.ADC_ISR3
                0x000073e8        0x4 C:\Users\elias\AppData\Local\Temp\ccH3vprU.ltrans5.ltrans.o
 .text.ADC_ISR2
                0x000073ec        0x4 C:\Users\elias\AppData\Local\Temp\ccH3vprU.ltrans5.ltrans.o
 .text.ADC_ISR1
                0x000073f0        0x4 C:\Users\elias\AppData\Local\Temp\ccH3vprU.ltrans5.ltrans.o
 .text.UART_TXISR
                0x000073f4       0x68 C:\Users\elias\AppData\Local\Temp\ccH3vprU.ltrans5.ltrans.o
                0x000073f4                UART_TXISR
 .text.UART_RXISR
                0x0000745c       0x68 C:\Users\elias\AppData\Local\Temp\ccH3vprU.ltrans5.ltrans.o
                0x0000745c                UART_RXISR
 .text.CySetTempInt.lto_priv.129
                0x000074c4      0x10c C:\Users\elias\AppData\Local\Temp\ccH3vprU.ltrans5.ltrans.o
                0x000074c4                CySetTempInt.lto_priv.129
 .text.PGA_SetGain
                0x000075d0       0x78 C:\Users\elias\AppData\Local\Temp\ccH3vprU.ltrans5.ltrans.o
                0x000075d0                PGA_SetGain
 .text.ADC_InitConfig.lto_priv.105
                0x00007648      0x544 C:\Users\elias\AppData\Local\Temp\ccH3vprU.ltrans5.ltrans.o
                0x00007648                ADC_InitConfig.lto_priv.105
 .text.ADC_Stop
                0x00007b8c       0xfc C:\Users\elias\AppData\Local\Temp\ccH3vprU.ltrans5.ltrans.o
                0x00007b8c                ADC_Stop
 .text.ADC_Start
                0x00007c88      0x214 C:\Users\elias\AppData\Local\Temp\ccH3vprU.ltrans5.ltrans.o
                0x00007c88                ADC_Start
 .text.CyDmaTdAllocate
                0x00007e9c       0x34 C:\Users\elias\AppData\Local\Temp\ccH3vprU.ltrans5.ltrans.o
                0x00007e9c                CyDmaTdAllocate
 .text.cal_vdac_hammer_lp.lto_priv.74
                0x00007ed0        0xc C:\Users\elias\AppData\Local\Temp\ccH3vprU.ltrans6.ltrans.o
                0x00007ed0                cal_vdac_hammer_lp.lto_priv.74
 .text.cal_vdac_hammer_pga.lto_priv.73
                0x00007edc        0xc C:\Users\elias\AppData\Local\Temp\ccH3vprU.ltrans6.ltrans.o
                0x00007edc                cal_vdac_hammer_pga.lto_priv.73
 .text.IntDefaultHandler
                0x00007ee8       0x10 C:\Users\elias\AppData\Local\Temp\ccH3vprU.ltrans6.ltrans.o
                0x00007ee8                IntDefaultHandler
 .text.startup.initialize_psoc
                0x00007ef8      0x404 C:\Users\elias\AppData\Local\Temp\ccH3vprU.ltrans6.ltrans.o
 .text.cal_async_complete.lto_priv.144
                0x000082fc      0x2cc C:\Users\elias\AppData\Local\Temp\ccH3vprU.ltrans6.ltrans.o
                0x000082fc                cal_async_complete.lto_priv.144
 .text.cal_pi_finalize_stage.lto_priv.143
                0x000085c8      0x188 C:\Users\elias\AppData\Local\Temp\ccH3vprU.ltrans6.ltrans.o
                0x000085c8                cal_pi_finalize_stage.lto_priv.143
 .text.cal_pi_finish_stage.lto_priv.135
                0x00008750      0x160 C:\Users\elias\AppData\Local\Temp\ccH3vprU.ltrans6.ltrans.o
                0x00008750                cal_pi_finish_stage.lto_priv.135
 .text.cal_adc_read_direct_counts.lto_priv.106
                0x000088b0       0xe4 C:\Users\elias\AppData\Local\Temp\ccH3vprU.ltrans6.ltrans.o
                0x000088b0                cal_adc_read_direct_counts.lto_priv.106
 .text.timer1_arm_ms.constprop.70
                0x00008994      0x134 C:\Users\elias\AppData\Local\Temp\ccH3vprU.ltrans7.ltrans.o
                0x00008994                timer1_arm_ms.constprop.70
 .text.uart_send_diag.constprop.58
                0x00008ac8       0xc4 C:\Users\elias\AppData\Local\Temp\ccH3vprU.ltrans7.ltrans.o
                0x00008ac8                uart_send_diag.constprop.58
 .text.psoc_seed_calibration_from_nv.constprop.52
                0x00008b8c      0x23c C:\Users\elias\AppData\Local\Temp\ccH3vprU.ltrans7.ltrans.o
                0x00008b8c                psoc_seed_calibration_from_nv.constprop.52
 .text.ADC_theACLK_SetDividerRegister.constprop.49
                0x00008dc8       0xcc C:\Users\elias\AppData\Local\Temp\ccH3vprU.ltrans7.ltrans.o
                0x00008dc8                ADC_theACLK_SetDividerRegister.constprop.49
 .text.ADC_Ext_CP_Clk_SetDividerRegister.constprop.48
                0x00008e94       0xd0 C:\Users\elias\AppData\Local\Temp\ccH3vprU.ltrans7.ltrans.o
                0x00008e94                ADC_Ext_CP_Clk_SetDividerRegister.constprop.48
 .text.AMux_ADC_Unset.constprop.40
                0x00008f64       0x48 C:\Users\elias\AppData\Local\Temp\ccH3vprU.ltrans7.ltrans.o
                0x00008f64                AMux_ADC_Unset.constprop.40
 .text.CyDmaChEnable.constprop.23
                0x00008fac       0x24 C:\Users\elias\AppData\Local\Temp\ccH3vprU.ltrans7.ltrans.o
                0x00008fac                CyDmaChEnable.constprop.23
 .text.CyDmaChPriority.constprop.20
                0x00008fd0       0x20 C:\Users\elias\AppData\Local\Temp\ccH3vprU.ltrans7.ltrans.o
                0x00008fd0                CyDmaChPriority.constprop.20
 .text          0x00008ff0       0x20 .\CortexM3\ARM_GCC_541\Debug\AcondicionamientoAnalogico.a(CyBootAsmGnu.o)
                0x00008ff0                CyDelayCycles
                0x00009000                CyEnterCriticalSection
                0x00009008                CyExitCriticalSection
 .text.__errno  0x00009010        0xc c:/program files (x86)/cypress/psoc creator/4.4/psoc creator/import/gnu/arm/5.4.1/bin/../lib/gcc/arm-none-eabi/5.4.1/../../../../arm-none-eabi/lib/armv7-m\libg_nano.a(lib_a-errno.o)
                0x00009010                __errno
 .text.__libc_init_array
                0x0000901c       0x4c c:/program files (x86)/cypress/psoc creator/4.4/psoc creator/import/gnu/arm/5.4.1/bin/../lib/gcc/arm-none-eabi/5.4.1/../../../../arm-none-eabi/lib/armv7-m\libg_nano.a(lib_a-init.o)
                0x0000901c                __libc_init_array
 .text.memset   0x00009068       0x10 c:/program files (x86)/cypress/psoc creator/4.4/psoc creator/import/gnu/arm/5.4.1/bin/../lib/gcc/arm-none-eabi/5.4.1/../../../../arm-none-eabi/lib/armv7-m\libg_nano.a(lib_a-memset.o)
                0x00009068                memset
 .text          0x00009078       0xa0 c:/program files (x86)/cypress/psoc creator/4.4/psoc creator/import/gnu/arm/5.4.1/bin/../lib/gcc/arm-none-eabi/5.4.1/armv7-m\libgcc.a(_aeabi_ldivmod.o)
                0x00009078                __aeabi_ldivmod
 .text          0x00009118      0x2ec c:/program files (x86)/cypress/psoc creator/4.4/psoc creator/import/gnu/arm/5.4.1/bin/../lib/gcc/arm-none-eabi/5.4.1/armv7-m\libgcc.a(_udivmoddi4.o)
                0x00009118                __udivmoddi4
 .text          0x00009404        0x4 c:/program files (x86)/cypress/psoc creator/4.4/psoc creator/import/gnu/arm/5.4.1/bin/../lib/gcc/arm-none-eabi/5.4.1/armv7-m\libgcc.a(_dvmd_tls.o)
                0x00009404                __aeabi_idiv0
                0x00009404                __aeabi_ldiv0
 .text.memcpy   0x00009408       0x16 c:/program files (x86)/cypress/psoc creator/4.4/psoc creator/import/gnu/arm/5.4.1/bin/../lib/gcc/arm-none-eabi/5.4.1/../../../../arm-none-eabi/lib/armv7-m\libg_nano.a(lib_a-memcpy-stub.o)
                0x00009408                memcpy
 *(.plt)
 *(.gnu.warning)
 *(.glue_7t)
 .glue_7t       0x0000941e        0x0 linker stubs
 *(.glue_7)
 .glue_7        0x0000941e        0x0 linker stubs
 *(.vfp11_veneer)
 .vfp11_veneer  0x0000941e        0x0 linker stubs
 *(.bootloader)
 *(.ARM.extab* .gnu.linkonce.armextab.*)
 *(.gcc_except_table)

.v4_bx          0x00009420        0x0
 .v4_bx         0x00009420        0x0 linker stubs

.iplt           0x00009420        0x0
 .iplt          0x00009420        0x0 c:/program files (x86)/cypress/psoc creator/4.4/psoc creator/import/gnu/arm/5.4.1/bin/../lib/gcc/arm-none-eabi/5.4.1/armv7-m/crtbegin.o

.eh_frame_hdr
 *(.eh_frame_hdr)

.eh_frame       0x00009420        0x4
 *(.eh_frame)
 .eh_frame      0x00009420        0x0 c:/program files (x86)/cypress/psoc creator/4.4/psoc creator/import/gnu/arm/5.4.1/bin/../lib/gcc/arm-none-eabi/5.4.1/armv7-m/crtbegin.o
 .eh_frame      0x00009420        0x4 c:/program files (x86)/cypress/psoc creator/4.4/psoc creator/import/gnu/arm/5.4.1/bin/../lib/gcc/arm-none-eabi/5.4.1/armv7-m/crtend.o
                [!provide]                PROVIDE (__exidx_start, .)

.ARM.exidx      0x00009424        0x8
 *(.ARM.exidx* .gnu.linkonce.armexidx.*)
 .ARM.exidx     0x00009424        0x8 c:/program files (x86)/cypress/psoc creator/4.4/psoc creator/import/gnu/arm/5.4.1/bin/../lib/gcc/arm-none-eabi/5.4.1/armv7-m\libgcc.a(_udivmoddi4.o)
                0x0000942c                __exidx_end = .

.rodata         0x0000942c      0x99c
 *(.rodata .rodata.* .gnu.linkonce.r.*)
 .rodata        0x0000942c       0x15 C:\Users\elias\AppData\Local\Temp\ccH3vprU.ltrans0.ltrans.o
 *fill*         0x00009441        0x3 
 .rodata        0x00009444      0x244 C:\Users\elias\AppData\Local\Temp\ccH3vprU.ltrans1.ltrans.o
                0x00009684                g_ping_frame.lto_priv.148
 .rodata        0x00009688      0x200 C:\Users\elias\AppData\Local\Temp\ccH3vprU.ltrans4.ltrans.o
                0x00009688                g_fir_calibration_coeffs_q23
                0x00009688                Filter_data_b
 .rodata        0x00009888       0x16 C:\Users\elias\AppData\Local\Temp\ccH3vprU.ltrans5.ltrans.o
                0x0000989d                cydelay_freq_mhz
 *fill*         0x0000989e        0x2 
 .rodata        0x000098a0      0x490 C:\Users\elias\AppData\Local\Temp\ccH3vprU.ltrans6.ltrans.o
                0x000098d8                Filter_data_a
                0x00009ad8                g_fir_adquisition_coeffs_q23
                0x00009cd8                g_cal_pi_cfg.lto_priv.96
                0x00009d18                CSWTCH.2.lto_priv.98
                0x00009d28                cydelay_freq_khz
                0x00009d2c                cydelay_32k_ms
 .rodata        0x00009d30       0x48 C:\Users\elias\AppData\Local\Temp\ccH3vprU.ltrans7.ltrans.o
                0x00009d30                g_psoc_cal_stages.lto_priv.78
                0x00009d58                AMux_ADC__innerMask.lto_priv.85
                0x00009d5c                AMux_ADC__innerAddr.lto_priv.84
                0x00009d64                AMux_ADC__innerMap.lto_priv.82
                0x00009d68                AMux_ADC__outerMask.lto_priv.81
                0x00009d6c                AMux_ADC__outerAddr.lto_priv.80
 .rodata.str1.4
                0x00009d78       0x18 C:\Users\elias\AppData\Local\Temp\ccH3vprU.ltrans7.ltrans.o
                                 0x16 (size before relaxing)
 .rodata.str1.1
                0x00009d90        0x2 c:/program files (x86)/cypress/psoc creator/4.4/psoc creator/import/gnu/arm/5.4.1/bin/../lib/gcc/arm-none-eabi/5.4.1/../../../../arm-none-eabi/lib/armv7-m\libg_nano.a(lib_a-impure.o)
                0x00009d94                . = ALIGN (0x4)
 *fill*         0x00009d92        0x2 
 *(.init)
 .init          0x00009d94        0x4 c:/program files (x86)/cypress/psoc creator/4.4/psoc creator/import/gnu/arm/5.4.1/bin/../lib/gcc/arm-none-eabi/5.4.1/armv7-m/crti.o
                0x00009d94                _init
 .init          0x00009d98        0x8 c:/program files (x86)/cypress/psoc creator/4.4/psoc creator/import/gnu/arm/5.4.1/bin/../lib/gcc/arm-none-eabi/5.4.1/armv7-m/crtn.o
                0x00009da0                . = ALIGN (0x4)
                0x00009da0                __preinit_array_start = .
 *(.preinit_array)
                0x00009da0                __preinit_array_end = .
                0x00009da0                . = ALIGN (0x4)
                0x00009da0                __init_array_start = .
 *(SORT(.init_array.*))
 *(.init_array)
 .init_array    0x00009da0        0x4 c:/program files (x86)/cypress/psoc creator/4.4/psoc creator/import/gnu/arm/5.4.1/bin/../lib/gcc/arm-none-eabi/5.4.1/armv7-m/crtbegin.o
 .init_array    0x00009da4        0x4 C:\Users\elias\AppData\Local\Temp\ccH3vprU.ltrans6.ltrans.o
                0x00009da8                __init_array_end = .
                0x00009da8                . = ALIGN (0x4)
 *(.fini)
 .fini          0x00009da8        0x4 c:/program files (x86)/cypress/psoc creator/4.4/psoc creator/import/gnu/arm/5.4.1/bin/../lib/gcc/arm-none-eabi/5.4.1/armv7-m/crti.o
                0x00009da8                _fini
 .fini          0x00009dac        0x8 c:/program files (x86)/cypress/psoc creator/4.4/psoc creator/import/gnu/arm/5.4.1/bin/../lib/gcc/arm-none-eabi/5.4.1/armv7-m/crtn.o
                0x00009db4                . = ALIGN (0x4)
                0x00009db4                __fini_array_start = .
 *(.fini_array)
 .fini_array    0x00009db4        0x4 c:/program files (x86)/cypress/psoc creator/4.4/psoc creator/import/gnu/arm/5.4.1/bin/../lib/gcc/arm-none-eabi/5.4.1/armv7-m/crtbegin.o
 *(SORT(.fini_array.*))
                0x00009db8                __fini_array_end = .
                0x00009db8                . = ALIGN (0x4)
 *crtbegin.o(.ctors)
 *(EXCLUDE_FILE(*crtend.o) .ctors)
 *(SORT(.ctors.*))
 *crtend.o(.ctors)
                0x00009db8                . = ALIGN (0x4)
 *crtbegin.o(.dtors)
 *(EXCLUDE_FILE(*crtend.o) .dtors)
 *(SORT(.dtors.*))
 *crtend.o(.dtors)
                0x00009db8                . = ALIGN (0x4)
                0x00009db8                __cy_regions = .
                0x00009db8        0x4 LONG 0x9dc8 __cy_region_init_ram
                0x00009dbc        0x4 LONG 0x1fff80c0 __cy_region_start_data
                0x00009dc0        0x4 LONG 0x88 __cy_region_init_size_ram
                0x00009dc4        0x4 LONG 0xb6f8 __cy_region_zero_size_ram
                0x00009dc8                __cy_regions_end = .
                0x00009dc8                . = ALIGN (0x8)
                0x00009dc8                _etext = .

.cy_checksum_exclude
                0x00009dc8        0x0
 *(.cy_checksum_exclude)

.ramvectors     0x1fff8000       0xc0
                0x1fff8000                __cy_region_start_ram = .
 *(.ramvectors)
 .ramvectors    0x1fff8000       0xc0 C:\Users\elias\AppData\Local\Temp\ccH3vprU.ltrans6.ltrans.o
                0x1fff8000                CyRamVectors

.noinit
 *(.noinit)

.data           0x1fff80c0       0x88 load address 0x00009dc8
                0x1fff80c0                __cy_region_start_data = .
 *(.jcr)
 .jcr           0x1fff80c0        0x0 c:/program files (x86)/cypress/psoc creator/4.4/psoc creator/import/gnu/arm/5.4.1/bin/../lib/gcc/arm-none-eabi/5.4.1/armv7-m/crtbegin.o
 .jcr           0x1fff80c0        0x4 c:/program files (x86)/cypress/psoc creator/4.4/psoc creator/import/gnu/arm/5.4.1/bin/../lib/gcc/arm-none-eabi/5.4.1/armv7-m/crtend.o
 *(.got.plt)
 *(.got)
 *(.shdata)
 *(.data .data.* .gnu.linkonce.d.*)
 .data          0x1fff80c4        0x4 C:\Users\elias\AppData\Local\Temp\ccH3vprU.ltrans0.ltrans.o
                0x1fff80c4                g_sm_capture_handler.lto_priv.173
 .data          0x1fff80c8        0x8 C:\Users\elias\AppData\Local\Temp\ccH3vprU.ltrans1.ltrans.o
                0x1fff80cb                g_ce_cfg_level.lto_priv.137
                0x1fff80cc                g_sm_sample_handler.lto_priv.133
 .data          0x1fff80d0        0xc C:\Users\elias\AppData\Local\Temp\ccH3vprU.ltrans2.ltrans.o
                0x1fff80d0                g_capture_wr.lto_priv.152
                0x1fff80d4                g_capture_align.lto_priv.158
                0x1fff80d5                g_capture_adc_raw.lto_priv.159
                0x1fff80d8                g_capture_end.lto_priv.154
 .data          0x1fff80dc        0x2 C:\Users\elias\AppData\Local\Temp\ccH3vprU.ltrans4.ltrans.o
                0x1fff80dc                g_ce_status.lto_priv.123
                0x1fff80dd                g_psoc_adc_config.lto_priv.155
 .data          0x1fff80de        0x3 C:\Users\elias\AppData\Local\Temp\ccH3vprU.ltrans5.ltrans.o
                0x1fff80de                ADC_Config
                0x1fff80df                CyDmaTdCurrentNumber.lto_priv.77
                0x1fff80e0                CyDmaTdFreeIndex.lto_priv.76
 .data          0x1fff80e1        0x2 C:\Users\elias\AppData\Local\Temp\ccH3vprU.ltrans6.ltrans.o
                0x1fff80e1                g_amux_active_channel.lto_priv.94
                0x1fff80e2                g_psoc_hw_pga_code.lto_priv.97
 .data          0x1fff80e3        0x1 C:\Users\elias\AppData\Local\Temp\ccH3vprU.ltrans7.ltrans.o
                0x1fff80e3                g_pga_code.lto_priv.108
 .data.impure_data
                0x1fff80e4       0x60 c:/program files (x86)/cypress/psoc creator/4.4/psoc creator/import/gnu/arm/5.4.1/bin/../lib/gcc/arm-none-eabi/5.4.1/../../../../arm-none-eabi/lib/armv7-m\libg_nano.a(lib_a-impure.o)
 .data._impure_ptr
                0x1fff8144        0x4 c:/program files (x86)/cypress/psoc creator/4.4/psoc creator/import/gnu/arm/5.4.1/bin/../lib/gcc/arm-none-eabi/5.4.1/../../../../arm-none-eabi/lib/armv7-m\libg_nano.a(lib_a-impure.o)
                0x1fff8144                _impure_ptr
                0x1fff8148                . = ALIGN (0x8)
 *(.ram)
                0x1fff8148                _edata = .

.igot.plt       0x1fff8148        0x0 load address 0x00009e50
 .igot.plt      0x1fff8148        0x0 c:/program files (x86)/cypress/psoc creator/4.4/psoc creator/import/gnu/arm/5.4.1/bin/../lib/gcc/arm-none-eabi/5.4.1/armv7-m/crtbegin.o

.bss            0x1fff8148     0xb6f8 load address 0x00009e50
                0x1fff8148                PROVIDE (__bss_start__, .)
 *(.shbss)
 *(.bss .bss.* .gnu.linkonce.b.*)
 .bss           0x1fff8148       0x1c c:/program files (x86)/cypress/psoc creator/4.4/psoc creator/import/gnu/arm/5.4.1/bin/../lib/gcc/arm-none-eabi/5.4.1/armv7-m/crtbegin.o
 .bss           0x1fff8164        0xe C:\Users\elias\AppData\Local\Temp\ccH3vprU.ltrans0.ltrans.o
                0x1fff8168                g_n_batches.lto_priv.169
                0x1fff816a                g_stream_mode.lto_priv.172
                0x1fff816c                g_dbg_cnt.lto_priv.170
                0x1fff8170                g_fir_discard.lto_priv.171
 *fill*         0x1fff8172        0x2 
 .bss           0x1fff8174       0x19 C:\Users\elias\AppData\Local\Temp\ccH3vprU.ltrans1.ltrans.o
                0x1fff817c                g_dma_raw_buf.lto_priv.176
                0x1fff8180                g_dma_filt_buf.lto_priv.174
                0x1fff8183                g_debug_psoc.lto_priv.136
                0x1fff8184                g_timer_event_pending.lto_priv.140
                0x1fff8185                Tmr_UartRxWatchdog_initVar
                0x1fff8186                Tmr_LedWait_initVar
                0x1fff8187                Tmr_CaptureWatchdog_initVar
                0x1fff8188                g_boot_led_off_due.lto_priv.138
                0x1fff8189                g_cal_button_pressed.lto_priv.168
                0x1fff818a                g_esp_connected.lto_priv.147
                0x1fff818b                g_timer2_wait_done.lto_priv.139
                0x1fff818c                g_pgavdac_code.lto_priv.149
 *fill*         0x1fff818d        0x3 
 .bss           0x1fff8190     0xb416 C:\Users\elias\AppData\Local\Temp\ccH3vprU.ltrans2.ltrans.o
                0x1fff8191                rx_state.lto_priv.146
                0x1fff8192                watchdog_rx.lto_priv.164
                0x1fff8194                g_timer3_remaining_counts.lto_priv.157
                0x1fff8198                g_psoc_adc_isr_filtered_ready.lto_priv.156
                0x1fff819c                g_psoc_adc_isr_filtered_counts.lto_priv.175
                0x1fff81a0                g_capture_wd_due.lto_priv.150
                0x1fff81a4                g_capture_raw.lto_priv.153
                0x200035a4                g_seq.lto_priv.151
 *fill*         0x200035a6        0x2 
 .bss           0x200035a8      0x11c C:\Users\elias\AppData\Local\Temp\ccH3vprU.ltrans3.ltrans.o
 .bss           0x200036c4       0x1a C:\Users\elias\AppData\Local\Temp\ccH3vprU.ltrans4.ltrans.o
                0x200036c4                g_batches_sent.lto_priv.112
                0x200036c6                g_batches_captured.lto_priv.113
                0x200036c8                g_capture_done.lto_priv.132
                0x200036c9                g_last_calibration_ok.lto_priv.130
                0x200036ca                g_idle_ping_due.lto_priv.110
                0x200036cb                g_idle_ping_armed.lto_priv.111
                0x200036cc                g_timer2_mode.lto_priv.117
                0x200036d0                g_timer2_remaining_counts.lto_priv.118
                0x200036d4                g_comm_led_active.lto_priv.114
                0x200036d5                g_comm_blink_due.lto_priv.115
                0x200036d6                g_comm_blinks_remaining.lto_priv.116
                0x200036d8                g_ce_ctrl_level.lto_priv.109
                0x200036d9                g_ce_error.lto_priv.124
                0x200036da                g_ce_state.lto_priv.125
                0x200036db                g_psoc_adc_cal_force_2v5.lto_priv.134
                0x200036dc                g_boot_ping_due.lto_priv.120
                0x200036dd                g_cal_ack_pending.lto_priv.131
 *fill*         0x200036de        0x2 
 .bss           0x200036e0       0x48 C:\Users\elias\AppData\Local\Temp\ccH3vprU.ltrans5.ltrans.o
                0x200036e0                UART_errorStatus
                0x200036e1                UART_rxBufferWrite
                0x200036e4                UART_rxBuffer
                0x20003704                UART_rxBufferLoopDetect
                0x20003706                UART_rxBufferRead
                0x20003707                SpcLockState
                0x20003708                spcWaitPipeBypass.lto_priv.126
                0x2000370c                dieTemperature
                0x2000370e                ADC_stopConversion
                0x20003714                ADC_initVar
                0x20003715                ADC_started
                0x20003716                ADC_convDone
                0x20003718                ADC_gcor.lto_priv.90
 .bss           0x20003728       0x4c C:\Users\elias\AppData\Local\Temp\ccH3vprU.ltrans6.ltrans.o
                0x20003728                g_cal_timer_active.lto_priv.103
                0x20003729                g_cal_progress_due.lto_priv.99
                0x2000372a                g_cal_watchdog_due.lto_priv.100
                0x2000372c                g_cal_progress_period_ms.lto_priv.101
                0x20003730                g_cal_watchdog_remaining_ms.lto_priv.102
                0x20003734                g_amux_cap_connected.lto_priv.95
                0x20003738                g_cal_async.lto_priv.91
                0x20003740                g_cal_diag_hook.lto_priv.93
                0x20003744                g_cal_pi.lto_priv.92
 .bss           0x20003774       0xca C:\Users\elias\AppData\Local\Temp\ccH3vprU.ltrans7.ltrans.o
                0x20003774                g_timer1_mode.lto_priv.86
                0x20003778                g_timer1_remaining_counts.lto_priv.88
                0x2000377c                Tmr_PingCalTick_initVar
                0x2000377d                g_state.lto_priv.89
                0x2000377e                UART_initVar
                0x2000377f                UART_txBufferWrite
                0x20003780                UART_txBufferRead
                0x20003784                UART_txBuffer
                0x20003804                g_nv_ready.lto_priv.107
                0x20003808                g_psoc_cal_results
                0x20003838                g_psoc_cal_result_count
                0x20003839                AMux_ADC__armsEnabled.lto_priv.79
                0x2000383c                AMux_ADC__refCnt.lto_priv.83
 *(COMMON)
                0x20003840                . = ALIGN (0x8)
 *fill*         0x2000383e        0x2 
 *(.ram.b)
                0x20003840                _end = .
                0x20003840                __end = .
                0x20003840                PROVIDE (end, .)
                0x20003840                PROVIDE (__bss_end__, .)
                0x00009dc8                __cy_region_init_ram = LOADADDR (.data)
                0x00000088                __cy_region_init_size_ram = (_edata - ADDR (.data))
                0x0000b6f8                __cy_region_zero_size_ram = (_end - _edata)

.heap           0x20003840       0x80 load address 0x00009e50
                0x20003840                . = _end
                0x200038c0                . = (. + 0x80)
 *fill*         0x20003840       0x80 
                0x200038c0                __cy_heap_limit = .

.stack          0x20007800      0x800
                0x20007800                __cy_stack_limit = .
                0x20008000                . = (. + 0x800)
 *fill*         0x20007800      0x800 
                0x00000001                ASSERT ((__cy_stack_limit >= __cy_heap_limit), region RAM overflowed with stack)
                0x00000000                cy_checksum_exclude_size = (CY_APPL_LOADABLE == 0x1)?SIZEOF (.cy_checksum_exclude):0x0
                0x00000001                ASSERT ((cy_checksum_exclude_size <= CY_CHECKSUM_EXCLUDE_SIZE), CY_BOOT: Section .cy_checksum_exclude size exceedes specified limit.)

.cyloadermeta
 *(.cyloadermeta)

.cyloadablemeta
 *(.cyloadablemeta)

.cyconfigecc    0x80000000     0x11d0
 *(.cyconfigecc)
 .cyconfigecc   0x80000000     0x11d0 C:\Users\elias\AppData\Local\Temp\ccH3vprU.ltrans3.ltrans.o
                0x80000000                cy_meta_configecc

.cycustnvl      0x90000000        0x4
 *(.cycustnvl)
 .cycustnvl     0x90000000        0x4 C:\Users\elias\AppData\Local\Temp\ccH3vprU.ltrans3.ltrans.o
                0x90000000                cy_meta_custnvl

.cywolatch      0x90100000        0x4
 *(.cywolatch)
 .cywolatch     0x90100000        0x4 C:\Users\elias\AppData\Local\Temp\ccH3vprU.ltrans3.ltrans.o
                0x90100000                cy_meta_wonvl

.cyeeprom       0x90200000        0x0
 *(.cyeeprom)
                0x00000001                ASSERT ((. <= ((0x90200000 + ee_offset) + ee_size)), .cyeeprom data will not fit in EEPROM)

.cyflashprotect
                0x90400000      0x100
 *(.cyflashprotect)
 .cyflashprotect
                0x90400000      0x100 C:\Users\elias\AppData\Local\Temp\ccH3vprU.ltrans3.ltrans.o
                0x90400000                cy_meta_flashprotect

.cymeta         0x90500000        0xc
 *(.cymeta)
 .cymeta        0x90500000        0xc C:\Users\elias\AppData\Local\Temp\ccH3vprU.ltrans3.ltrans.o
                0x90500000                cy_metadata

.rel.dyn        0x00009e50        0x0 load address 0x9050000c
 .rel.iplt      0x00009e50        0x0 c:/program files (x86)/cypress/psoc creator/4.4/psoc creator/import/gnu/arm/5.4.1/bin/../lib/gcc/arm-none-eabi/5.4.1/armv7-m/crtbegin.o

.stab
 *(.stab)

.stabstr
 *(.stabstr)

.debug
 *(.debug)

.line
 *(.line)

.debug_srcinfo
 *(.debug_srcinfo)

.debug_sfnames
 *(.debug_sfnames)

.debug_aranges  0x00000000      0x270
 *(.debug_aranges)
 .debug_aranges
                0x00000000       0x20 C:\Users\elias\AppData\Local\Temp\ccH3vprU.ltrans0.ltrans.o
 .debug_aranges
                0x00000020       0x20 C:\Users\elias\AppData\Local\Temp\ccH3vprU.ltrans1.ltrans.o
 .debug_aranges
                0x00000040       0x20 C:\Users\elias\AppData\Local\Temp\ccH3vprU.ltrans2.ltrans.o
 .debug_aranges
                0x00000060       0xb8 C:\Users\elias\AppData\Local\Temp\ccH3vprU.ltrans3.ltrans.o
 .debug_aranges
                0x00000118       0x20 C:\Users\elias\AppData\Local\Temp\ccH3vprU.ltrans4.ltrans.o
 .debug_aranges
                0x00000138       0x58 C:\Users\elias\AppData\Local\Temp\ccH3vprU.ltrans5.ltrans.o
 .debug_aranges
                0x00000190       0x68 C:\Users\elias\AppData\Local\Temp\ccH3vprU.ltrans6.ltrans.o
 .debug_aranges
                0x000001f8       0x58 C:\Users\elias\AppData\Local\Temp\ccH3vprU.ltrans7.ltrans.o
 .debug_aranges
                0x00000250       0x20 .\CortexM3\ARM_GCC_541\Debug\AcondicionamientoAnalogico.a(CyBootAsmGnu.o)

.debug_pubnames
 *(.debug_pubnames)

.debug_info     0x00000000    0x10bb3
 *(.debug_info .gnu.linkonce.wi.*)
 .debug_info    0x00000000     0x329b C:\Users\elias\AppData\Local\Temp\ccH3vprU.ltrans0.ltrans.o
 .debug_info    0x0000329b     0x381b C:\Users\elias\AppData\Local\Temp\ccH3vprU.ltrans1.ltrans.o
 .debug_info    0x00006ab6     0x29d2 C:\Users\elias\AppData\Local\Temp\ccH3vprU.ltrans2.ltrans.o
 .debug_info    0x00009488     0x22ee C:\Users\elias\AppData\Local\Temp\ccH3vprU.ltrans3.ltrans.o
 .debug_info    0x0000b776     0x1a56 C:\Users\elias\AppData\Local\Temp\ccH3vprU.ltrans4.ltrans.o
 .debug_info    0x0000d1cc      0xd58 C:\Users\elias\AppData\Local\Temp\ccH3vprU.ltrans5.ltrans.o
 .debug_info    0x0000df24     0x1a88 C:\Users\elias\AppData\Local\Temp\ccH3vprU.ltrans6.ltrans.o
 .debug_info    0x0000f9ac     0x117f C:\Users\elias\AppData\Local\Temp\ccH3vprU.ltrans7.ltrans.o
 .debug_info    0x00010b2b       0x88 .\CortexM3\ARM_GCC_541\Debug\AcondicionamientoAnalogico.a(CyBootAsmGnu.o)

.debug_abbrev   0x00000000     0x1fdb
 *(.debug_abbrev)
 .debug_abbrev  0x00000000      0x3b0 C:\Users\elias\AppData\Local\Temp\ccH3vprU.ltrans0.ltrans.o
 .debug_abbrev  0x000003b0      0x3d3 C:\Users\elias\AppData\Local\Temp\ccH3vprU.ltrans1.ltrans.o
 .debug_abbrev  0x00000783      0x3f5 C:\Users\elias\AppData\Local\Temp\ccH3vprU.ltrans2.ltrans.o
 .debug_abbrev  0x00000b78      0x45e C:\Users\elias\AppData\Local\Temp\ccH3vprU.ltrans3.ltrans.o
 .debug_abbrev  0x00000fd6      0x3dc C:\Users\elias\AppData\Local\Temp\ccH3vprU.ltrans4.ltrans.o
 .debug_abbrev  0x000013b2      0x36a C:\Users\elias\AppData\Local\Temp\ccH3vprU.ltrans5.ltrans.o
 .debug_abbrev  0x0000171c      0x56c C:\Users\elias\AppData\Local\Temp\ccH3vprU.ltrans6.ltrans.o
 .debug_abbrev  0x00001c88      0x33f C:\Users\elias\AppData\Local\Temp\ccH3vprU.ltrans7.ltrans.o
 .debug_abbrev  0x00001fc7       0x14 .\CortexM3\ARM_GCC_541\Debug\AcondicionamientoAnalogico.a(CyBootAsmGnu.o)

.debug_line     0x00000000     0x5758
 *(.debug_line)
 .debug_line    0x00000000     0x114e C:\Users\elias\AppData\Local\Temp\ccH3vprU.ltrans0.ltrans.o
 .debug_line    0x0000114e     0x134a C:\Users\elias\AppData\Local\Temp\ccH3vprU.ltrans1.ltrans.o
 .debug_line    0x00002498      0xbbf C:\Users\elias\AppData\Local\Temp\ccH3vprU.ltrans2.ltrans.o
 .debug_line    0x00003057      0xcf5 C:\Users\elias\AppData\Local\Temp\ccH3vprU.ltrans3.ltrans.o
 .debug_line    0x00003d4c      0x6a7 C:\Users\elias\AppData\Local\Temp\ccH3vprU.ltrans4.ltrans.o
 .debug_line    0x000043f3      0x6ab C:\Users\elias\AppData\Local\Temp\ccH3vprU.ltrans5.ltrans.o
 .debug_line    0x00004a9e      0x710 C:\Users\elias\AppData\Local\Temp\ccH3vprU.ltrans6.ltrans.o
 .debug_line    0x000051ae      0x544 C:\Users\elias\AppData\Local\Temp\ccH3vprU.ltrans7.ltrans.o
 .debug_line    0x000056f2       0x66 .\CortexM3\ARM_GCC_541\Debug\AcondicionamientoAnalogico.a(CyBootAsmGnu.o)

.debug_frame    0x00000000      0x954
 *(.debug_frame)
 .debug_frame   0x00000000       0x40 C:\Users\elias\AppData\Local\Temp\ccH3vprU.ltrans0.ltrans.o
 .debug_frame   0x00000040       0x2c C:\Users\elias\AppData\Local\Temp\ccH3vprU.ltrans1.ltrans.o
 .debug_frame   0x0000006c       0x68 C:\Users\elias\AppData\Local\Temp\ccH3vprU.ltrans2.ltrans.o
 .debug_frame   0x000000d4      0x2d8 C:\Users\elias\AppData\Local\Temp\ccH3vprU.ltrans3.ltrans.o
 .debug_frame   0x000003ac       0x50 C:\Users\elias\AppData\Local\Temp\ccH3vprU.ltrans4.ltrans.o
 .debug_frame   0x000003fc      0x174 C:\Users\elias\AppData\Local\Temp\ccH3vprU.ltrans5.ltrans.o
 .debug_frame   0x00000570      0x144 C:\Users\elias\AppData\Local\Temp\ccH3vprU.ltrans6.ltrans.o
 .debug_frame   0x000006b4      0x148 C:\Users\elias\AppData\Local\Temp\ccH3vprU.ltrans7.ltrans.o
 .debug_frame   0x000007fc       0x20 c:/program files (x86)/cypress/psoc creator/4.4/psoc creator/import/gnu/arm/5.4.1/bin/../lib/gcc/arm-none-eabi/5.4.1/../../../../arm-none-eabi/lib/armv7-m\libg_nano.a(lib_a-errno.o)
 .debug_frame   0x0000081c       0x28 c:/program files (x86)/cypress/psoc creator/4.4/psoc creator/import/gnu/arm/5.4.1/bin/../lib/gcc/arm-none-eabi/5.4.1/../../../../arm-none-eabi/lib/armv7-m\libg_nano.a(lib_a-exit.o)
 .debug_frame   0x00000844       0x2c c:/program files (x86)/cypress/psoc creator/4.4/psoc creator/import/gnu/arm/5.4.1/bin/../lib/gcc/arm-none-eabi/5.4.1/../../../../arm-none-eabi/lib/armv7-m\libg_nano.a(lib_a-init.o)
 .debug_frame   0x00000870       0x20 c:/program files (x86)/cypress/psoc creator/4.4/psoc creator/import/gnu/arm/5.4.1/bin/../lib/gcc/arm-none-eabi/5.4.1/../../../../arm-none-eabi/lib/armv7-m\libg_nano.a(lib_a-memset.o)
 .debug_frame   0x00000890       0x20 c:/program files (x86)/cypress/psoc creator/4.4/psoc creator/import/gnu/arm/5.4.1/bin/../lib/gcc/arm-none-eabi/5.4.1/../../../../arm-none-eabi/lib/armv7-m\libnosys.a(_exit.o)
 .debug_frame   0x000008b0       0x44 c:/program files (x86)/cypress/psoc creator/4.4/psoc creator/import/gnu/arm/5.4.1/bin/../lib/gcc/arm-none-eabi/5.4.1/armv7-m\libgcc.a(_aeabi_ldivmod.o)
 .debug_frame   0x000008f4       0x38 c:/program files (x86)/cypress/psoc creator/4.4/psoc creator/import/gnu/arm/5.4.1/bin/../lib/gcc/arm-none-eabi/5.4.1/armv7-m\libgcc.a(_udivmoddi4.o)
 .debug_frame   0x0000092c       0x28 c:/program files (x86)/cypress/psoc creator/4.4/psoc creator/import/gnu/arm/5.4.1/bin/../lib/gcc/arm-none-eabi/5.4.1/../../../../arm-none-eabi/lib/armv7-m\libg_nano.a(lib_a-memcpy-stub.o)

.debug_str      0x00000000     0x407d
 *(.debug_str)
 .debug_str     0x00000000      0xda5 C:\Users\elias\AppData\Local\Temp\ccH3vprU.ltrans0.ltrans.o
                                0xe86 (size before relaxing)
 .debug_str     0x00000da5      0xda3 C:\Users\elias\AppData\Local\Temp\ccH3vprU.ltrans1.ltrans.o
                               0x1554 (size before relaxing)
 .debug_str     0x00001b48      0x824 C:\Users\elias\AppData\Local\Temp\ccH3vprU.ltrans2.ltrans.o
                               0x1005 (size before relaxing)
 .debug_str     0x0000236c      0x67b C:\Users\elias\AppData\Local\Temp\ccH3vprU.ltrans3.ltrans.o
                               0x10e7 (size before relaxing)
 .debug_str     0x000029e7      0x544 C:\Users\elias\AppData\Local\Temp\ccH3vprU.ltrans4.ltrans.o
                                0xdae (size before relaxing)
 .debug_str     0x00002f2b      0x371 C:\Users\elias\AppData\Local\Temp\ccH3vprU.ltrans5.ltrans.o
                                0x662 (size before relaxing)
 .debug_str     0x0000329c      0x77c C:\Users\elias\AppData\Local\Temp\ccH3vprU.ltrans6.ltrans.o
                                0xe9a (size before relaxing)
 .debug_str     0x00003a18      0x665 C:\Users\elias\AppData\Local\Temp\ccH3vprU.ltrans7.ltrans.o
                                0xc84 (size before relaxing)

.debug_loc      0x00000000     0x9572
 *(.debug_loc)
 .debug_loc     0x00000000     0x21a0 C:\Users\elias\AppData\Local\Temp\ccH3vprU.ltrans0.ltrans.o
 .debug_loc     0x000021a0     0x1c62 C:\Users\elias\AppData\Local\Temp\ccH3vprU.ltrans1.ltrans.o
 .debug_loc     0x00003e02     0x1cca C:\Users\elias\AppData\Local\Temp\ccH3vprU.ltrans2.ltrans.o
 .debug_loc     0x00005acc      0xe1b C:\Users\elias\AppData\Local\Temp\ccH3vprU.ltrans3.ltrans.o
 .debug_loc     0x000068e7      0xef2 C:\Users\elias\AppData\Local\Temp\ccH3vprU.ltrans4.ltrans.o
 .debug_loc     0x000077d9      0x5e7 C:\Users\elias\AppData\Local\Temp\ccH3vprU.ltrans5.ltrans.o
 .debug_loc     0x00007dc0     0x10b3 C:\Users\elias\AppData\Local\Temp\ccH3vprU.ltrans6.ltrans.o
 .debug_loc     0x00008e73      0x6ff C:\Users\elias\AppData\Local\Temp\ccH3vprU.ltrans7.ltrans.o

.debug_macinfo
 *(.debug_macinfo)

.debug_ranges   0x00000000     0x6480
 *(.debug_ranges)
 .debug_ranges  0x00000000     0x1448 C:\Users\elias\AppData\Local\Temp\ccH3vprU.ltrans0.ltrans.o
 .debug_ranges  0x00001448     0x1c20 C:\Users\elias\AppData\Local\Temp\ccH3vprU.ltrans1.ltrans.o
 .debug_ranges  0x00003068      0xf10 C:\Users\elias\AppData\Local\Temp\ccH3vprU.ltrans2.ltrans.o
 .debug_ranges  0x00003f78      0xf28 C:\Users\elias\AppData\Local\Temp\ccH3vprU.ltrans3.ltrans.o
 .debug_ranges  0x00004ea0      0x938 C:\Users\elias\AppData\Local\Temp\ccH3vprU.ltrans4.ltrans.o
 .debug_ranges  0x000057d8      0x370 C:\Users\elias\AppData\Local\Temp\ccH3vprU.ltrans5.ltrans.o
 .debug_ranges  0x00005b48      0x5e8 C:\Users\elias\AppData\Local\Temp\ccH3vprU.ltrans6.ltrans.o
 .debug_ranges  0x00006130      0x350 C:\Users\elias\AppData\Local\Temp\ccH3vprU.ltrans7.ltrans.o

.comment        0x00000000       0x6e
 .comment       0x00000000       0x6e C:\Users\elias\AppData\Local\Temp\ccH3vprU.ltrans0.ltrans.o
                                 0x6f (size before relaxing)
 .comment       0x0000006e       0x6f C:\Users\elias\AppData\Local\Temp\ccH3vprU.ltrans1.ltrans.o
 .comment       0x0000006e       0x6f C:\Users\elias\AppData\Local\Temp\ccH3vprU.ltrans2.ltrans.o
 .comment       0x0000006e       0x6f C:\Users\elias\AppData\Local\Temp\ccH3vprU.ltrans3.ltrans.o
 .comment       0x0000006e       0x6f C:\Users\elias\AppData\Local\Temp\ccH3vprU.ltrans4.ltrans.o
 .comment       0x0000006e       0x6f C:\Users\elias\AppData\Local\Temp\ccH3vprU.ltrans5.ltrans.o
 .comment       0x0000006e       0x6f C:\Users\elias\AppData\Local\Temp\ccH3vprU.ltrans6.ltrans.o
 .comment       0x0000006e       0x6f C:\Users\elias\AppData\Local\Temp\ccH3vprU.ltrans7.ltrans.o

.debug_weaknames
 *(.debug_weaknames)

.debug_funcnames
 *(.debug_funcnames)

.debug_typenames
 *(.debug_typenames)

.debug_varnames
 *(.debug_varnames)

.note.gnu.arm.ident
 *(.note.gnu.arm.ident)

.ARM.attributes
                0x00000000       0x29
 *(.ARM.attributes)
 .ARM.attributes
                0x00000000       0x1d c:/program files (x86)/cypress/psoc creator/4.4/psoc creator/import/gnu/arm/5.4.1/bin/../lib/gcc/arm-none-eabi/5.4.1/armv7-m/crti.o
 .ARM.attributes
                0x0000001d       0x2d c:/program files (x86)/cypress/psoc creator/4.4/psoc creator/import/gnu/arm/5.4.1/bin/../lib/gcc/arm-none-eabi/5.4.1/armv7-m/crtbegin.o
 .ARM.attributes
                0x0000004a       0x1b c:/program files (x86)/cypress/psoc creator/4.4/psoc creator/import/gnu/arm/5.4.1/bin/../lib/gcc/arm-none-eabi/5.4.1/../../../../arm-none-eabi/lib/armv7-m/crt0.o
 .ARM.attributes
                0x00000065       0x31 C:\Users\elias\AppData\Local\Temp\ccH3vprU.ltrans0.ltrans.o
 .ARM.attributes
                0x00000096       0x31 C:\Users\elias\AppData\Local\Temp\ccH3vprU.ltrans1.ltrans.o
 .ARM.attributes
                0x000000c7       0x31 C:\Users\elias\AppData\Local\Temp\ccH3vprU.ltrans2.ltrans.o
 .ARM.attributes
                0x000000f8       0x31 C:\Users\elias\AppData\Local\Temp\ccH3vprU.ltrans3.ltrans.o
 .ARM.attributes
                0x00000129       0x31 C:\Users\elias\AppData\Local\Temp\ccH3vprU.ltrans4.ltrans.o
 .ARM.attributes
                0x0000015a       0x31 C:\Users\elias\AppData\Local\Temp\ccH3vprU.ltrans5.ltrans.o
 .ARM.attributes
                0x0000018b       0x31 C:\Users\elias\AppData\Local\Temp\ccH3vprU.ltrans6.ltrans.o
 .ARM.attributes
                0x000001bc       0x31 C:\Users\elias\AppData\Local\Temp\ccH3vprU.ltrans7.ltrans.o
 .ARM.attributes
                0x000001ed       0x21 .\CortexM3\ARM_GCC_541\Debug\AcondicionamientoAnalogico.a(CyBootAsmGnu.o)
 .ARM.attributes
                0x0000020e       0x2d c:/program files (x86)/cypress/psoc creator/4.4/psoc creator/import/gnu/arm/5.4.1/bin/../lib/gcc/arm-none-eabi/5.4.1/../../../../arm-none-eabi/lib/armv7-m\libg_nano.a(lib_a-errno.o)
 .ARM.attributes
                0x0000023b       0x2d c:/program files (x86)/cypress/psoc creator/4.4/psoc creator/import/gnu/arm/5.4.1/bin/../lib/gcc/arm-none-eabi/5.4.1/../../../../arm-none-eabi/lib/armv7-m\libg_nano.a(lib_a-exit.o)
 .ARM.attributes
                0x00000268       0x2d c:/program files (x86)/cypress/psoc creator/4.4/psoc creator/import/gnu/arm/5.4.1/bin/../lib/gcc/arm-none-eabi/5.4.1/../../../../arm-none-eabi/lib/armv7-m\libg_nano.a(lib_a-impure.o)
 .ARM.attributes
                0x00000295       0x2d c:/program files (x86)/cypress/psoc creator/4.4/psoc creator/import/gnu/arm/5.4.1/bin/../lib/gcc/arm-none-eabi/5.4.1/../../../../arm-none-eabi/lib/armv7-m\libg_nano.a(lib_a-init.o)
 .ARM.attributes
                0x000002c2       0x2d c:/program files (x86)/cypress/psoc creator/4.4/psoc creator/import/gnu/arm/5.4.1/bin/../lib/gcc/arm-none-eabi/5.4.1/../../../../arm-none-eabi/lib/armv7-m\libg_nano.a(lib_a-memset.o)
 .ARM.attributes
                0x000002ef       0x2d c:/program files (x86)/cypress/psoc creator/4.4/psoc creator/import/gnu/arm/5.4.1/bin/../lib/gcc/arm-none-eabi/5.4.1/armv7-m/crtend.o
 .ARM.attributes
                0x0000031c       0x1d c:/program files (x86)/cypress/psoc creator/4.4/psoc creator/import/gnu/arm/5.4.1/bin/../lib/gcc/arm-none-eabi/5.4.1/armv7-m/crtn.o
 .ARM.attributes
                0x00000339       0x2d c:/program files (x86)/cypress/psoc creator/4.4/psoc creator/import/gnu/arm/5.4.1/bin/../lib/gcc/arm-none-eabi/5.4.1/../../../../arm-none-eabi/lib/armv7-m\libnosys.a(_exit.o)
 .ARM.attributes
                0x00000366       0x1d c:/program files (x86)/cypress/psoc creator/4.4/psoc creator/import/gnu/arm/5.4.1/bin/../lib/gcc/arm-none-eabi/5.4.1/armv7-m\libgcc.a(_aeabi_ldivmod.o)
 .ARM.attributes
                0x00000383       0x2d c:/program files (x86)/cypress/psoc creator/4.4/psoc creator/import/gnu/arm/5.4.1/bin/../lib/gcc/arm-none-eabi/5.4.1/armv7-m\libgcc.a(_udivmoddi4.o)
 .ARM.attributes
                0x000003b0       0x1d c:/program files (x86)/cypress/psoc creator/4.4/psoc creator/import/gnu/arm/5.4.1/bin/../lib/gcc/arm-none-eabi/5.4.1/armv7-m\libgcc.a(_dvmd_tls.o)
 .ARM.attributes
                0x000003cd       0x2d c:/program files (x86)/cypress/psoc creator/4.4/psoc creator/import/gnu/arm/5.4.1/bin/../lib/gcc/arm-none-eabi/5.4.1/../../../../arm-none-eabi/lib/armv7-m\libg_nano.a(lib_a-memcpy-stub.o)

/DISCARD/
 *(.note.GNU-stack)
OUTPUT(C:\Github\Tesis\src\psoc\AcondicionamientoAnalogico.cydsn\CortexM3\ARM_GCC_541\Debug\AcondicionamientoAnalogico.elf elf32-littlearm)
