Archive member included to satisfy reference by file (symbol)

.\CortexM3\ARM_GCC_541\Debug\AcondicionamientoAnalogico.a(Filter.o)
                              .\CortexM3\ARM_GCC_541\Debug\main.o (symbol from plugin) (Filter_Start)
.\CortexM3\ARM_GCC_541\Debug\AcondicionamientoAnalogico.a(Filter_PVT.o)
                              Filter.o (symbol from plugin) (Filter_SetInterruptMode)
.\CortexM3\ARM_GCC_541\Debug\AcondicionamientoAnalogico.a(Filter_RAM_Data.o)
                              Filter.o (symbol from plugin) (Filter_cfsm)
.\CortexM3\ARM_GCC_541\Debug\AcondicionamientoAnalogico.a(CyDmac.o)
                              .\CortexM3\ARM_GCC_541\Debug\Cm3Start.o (symbol from plugin) (CyDmacConfigure)
.\CortexM3\ARM_GCC_541\Debug\AcondicionamientoAnalogico.a(CyLib.o)
                              .\CortexM3\ARM_GCC_541\Debug\Cm3Start.o (symbol from plugin) (CyHalt)
.\CortexM3\ARM_GCC_541\Debug\AcondicionamientoAnalogico.a(cyPm.o)
                              CyLib.o (symbol from plugin) (CyPmReadStatus)
.\CortexM3\ARM_GCC_541\Debug\AcondicionamientoAnalogico.a(DMA_DelSig_Filter_dma.o)
                              .\CortexM3\ARM_GCC_541\Debug\main.o (symbol from plugin) (DMA_DelSig_Filter_DmaInitialize)
.\CortexM3\ARM_GCC_541\Debug\AcondicionamientoAnalogico.a(DMA_DelSig_RAM_dma.o)
                              .\CortexM3\ARM_GCC_541\Debug\main.o (symbol from plugin) (DMA_DelSig_RAM_DmaInitialize)
.\CortexM3\ARM_GCC_541\Debug\AcondicionamientoAnalogico.a(isr_Timer.o)
                              .\CortexM3\ARM_GCC_541\Debug\main.o (symbol from plugin) (isr_Timer_StartEx)
.\CortexM3\ARM_GCC_541\Debug\AcondicionamientoAnalogico.a(Timer.o)
                              .\CortexM3\ARM_GCC_541\Debug\main.o (symbol from plugin) (Timer_Start)
.\CortexM3\ARM_GCC_541\Debug\AcondicionamientoAnalogico.a(LED.o)
                              .\CortexM3\ARM_GCC_541\Debug\main.o (symbol from plugin) (LED_Write)
.\CortexM3\ARM_GCC_541\Debug\AcondicionamientoAnalogico.a(UART.o)
                              .\CortexM3\ARM_GCC_541\Debug\main.o (symbol from plugin) (UART_Start)
.\CortexM3\ARM_GCC_541\Debug\AcondicionamientoAnalogico.a(UART_INT.o)
                              UART.o (symbol from plugin) (UART_RXISR)
.\CortexM3\ARM_GCC_541\Debug\AcondicionamientoAnalogico.a(UART_IntClock.o)
                              UART.o (symbol from plugin) (UART_IntClock_Start)
.\CortexM3\ARM_GCC_541\Debug\AcondicionamientoAnalogico.a(ADC.o)
                              .\CortexM3\ARM_GCC_541\Debug\calibration.o (symbol from plugin) (ADC_Start)
.\CortexM3\ARM_GCC_541\Debug\AcondicionamientoAnalogico.a(ADC_INT.o)
                              ADC.o (symbol from plugin) (ADC_ISR1)
.\CortexM3\ARM_GCC_541\Debug\AcondicionamientoAnalogico.a(ADC_Ext_CP_Clk.o)
                              ADC.o (symbol from plugin) (ADC_Ext_CP_Clk_SetDividerRegister)
.\CortexM3\ARM_GCC_541\Debug\AcondicionamientoAnalogico.a(ADC_theACLK.o)
                              ADC.o (symbol from plugin) (ADC_theACLK_SetDividerRegister)
.\CortexM3\ARM_GCC_541\Debug\AcondicionamientoAnalogico.a(VDAC_PGA.o)
                              .\CortexM3\ARM_GCC_541\Debug\calibration.o (symbol from plugin) (VDAC_PGA_Start)
.\CortexM3\ARM_GCC_541\Debug\AcondicionamientoAnalogico.a(SYNC_IN.o)
                              .\CortexM3\ARM_GCC_541\Debug\main.o (symbol from plugin) (SYNC_IN_Read)
.\CortexM3\ARM_GCC_541\Debug\AcondicionamientoAnalogico.a(isr_SyncIn.o)
                              .\CortexM3\ARM_GCC_541\Debug\main.o (symbol from plugin) (isr_SyncIn_StartEx)
.\CortexM3\ARM_GCC_541\Debug\AcondicionamientoAnalogico.a(LPF_ADC.o)
                              .\CortexM3\ARM_GCC_541\Debug\psoc_hw.o (symbol from plugin) (LPF_ADC_Start)
.\CortexM3\ARM_GCC_541\Debug\AcondicionamientoAnalogico.a(PGA.o)
                              .\CortexM3\ARM_GCC_541\Debug\psoc_hw.o (symbol from plugin) (PGA_Start)
.\CortexM3\ARM_GCC_541\Debug\AcondicionamientoAnalogico.a(ADC_AMux.o)
                              ADC.o (symbol from plugin) (ADC_AMux_Select)
.\CortexM3\ARM_GCC_541\Debug\AcondicionamientoAnalogico.a(Opa_LP.o)
                              .\CortexM3\ARM_GCC_541\Debug\psoc_hw.o (symbol from plugin) (Opa_LP_Start)
.\CortexM3\ARM_GCC_541\Debug\AcondicionamientoAnalogico.a(VDAC_LP.o)
                              .\CortexM3\ARM_GCC_541\Debug\calibration.o (symbol from plugin) (VDAC_LP_Start)
.\CortexM3\ARM_GCC_541\Debug\AcondicionamientoAnalogico.a(AMux_ADC.o)
                              .\CortexM3\ARM_GCC_541\Debug\calibration.o (symbol from plugin) (AMux_ADC_Start)
.\CortexM3\ARM_GCC_541\Debug\AcondicionamientoAnalogico.a(Opa_ref_PGA.o)
                              .\CortexM3\ARM_GCC_541\Debug\psoc_hw.o (symbol from plugin) (Opa_ref_PGA_Start)
.\CortexM3\ARM_GCC_541\Debug\AcondicionamientoAnalogico.a(Clock_1.o)
                              .\CortexM3\ARM_GCC_541\Debug\main.o (symbol from plugin) (Clock_1_Start)
.\CortexM3\ARM_GCC_541\Debug\AcondicionamientoAnalogico.a(isr_Button.o)
                              .\CortexM3\ARM_GCC_541\Debug\main.o (symbol from plugin) (isr_Button_StartEx)
.\CortexM3\ARM_GCC_541\Debug\AcondicionamientoAnalogico.a(EEPROM.o)
                              .\CortexM3\ARM_GCC_541\Debug\main.o (symbol from plugin) (EEPROM_Start)
.\CortexM3\ARM_GCC_541\Debug\AcondicionamientoAnalogico.a(DMA_Filter_RAM_dma.o)
                              .\CortexM3\ARM_GCC_541\Debug\main.o (symbol from plugin) (DMA_Filter_RAM_DmaInitialize)
.\CortexM3\ARM_GCC_541\Debug\AcondicionamientoAnalogico.a(isr_DMA_DelSig_RAM.o)
                              .\CortexM3\ARM_GCC_541\Debug\main.o (symbol from plugin) (isr_DMA_DelSig_RAM_StartEx)
.\CortexM3\ARM_GCC_541\Debug\AcondicionamientoAnalogico.a(isr_DMA_Filter_RAM.o)
                              .\CortexM3\ARM_GCC_541\Debug\main.o (symbol from plugin) (isr_DMA_Filter_RAM_StartEx)
.\CortexM3\ARM_GCC_541\Debug\AcondicionamientoAnalogico.a(Reg_Select.o)
                              .\CortexM3\ARM_GCC_541\Debug\main.o (symbol from plugin) (Reg_Select_Write)
.\CortexM3\ARM_GCC_541\Debug\AcondicionamientoAnalogico.a(Opa_ref_1V.o)
                              .\CortexM3\ARM_GCC_541\Debug\psoc_hw.o (symbol from plugin) (Opa_ref_1V_Start)
.\CortexM3\ARM_GCC_541\Debug\AcondicionamientoAnalogico.a(CyBootAsmGnu.o)
                              .\CortexM3\ARM_GCC_541\Debug\cyfitter_cfg.o (symbol from plugin) (CyDelayCycles)
.\CortexM3\ARM_GCC_541\Debug\AcondicionamientoAnalogico.a(CyFlash.o)
                              EEPROM.o (symbol from plugin) (dieTemperature)
.\CortexM3\ARM_GCC_541\Debug\AcondicionamientoAnalogico.a(CySpc.o)
                              EEPROM.o (symbol from plugin) (CySpcStart)
c:/program files (x86)/cypress/psoc creator/4.4/psoc creator/import/gnu/arm/5.4.1/bin/../lib/gcc/arm-none-eabi/5.4.1/../../../../arm-none-eabi/lib/armv7-m\libg_nano.a(lib_a-errno.o)
                              .\CortexM3\ARM_GCC_541\Debug\Cm3Start.o (symbol from plugin) (__errno)
c:/program files (x86)/cypress/psoc creator/4.4/psoc creator/import/gnu/arm/5.4.1/bin/../lib/gcc/arm-none-eabi/5.4.1/../../../../arm-none-eabi/lib/armv7-m\libg_nano.a(lib_a-exit.o)
                              c:/program files (x86)/cypress/psoc creator/4.4/psoc creator/import/gnu/arm/5.4.1/bin/../lib/gcc/arm-none-eabi/5.4.1/../../../../arm-none-eabi/lib/armv7-m/crt0.o (exit)
c:/program files (x86)/cypress/psoc creator/4.4/psoc creator/import/gnu/arm/5.4.1/bin/../lib/gcc/arm-none-eabi/5.4.1/../../../../arm-none-eabi/lib/armv7-m\libg_nano.a(lib_a-impure.o)
                              c:/program files (x86)/cypress/psoc creator/4.4/psoc creator/import/gnu/arm/5.4.1/bin/../lib/gcc/arm-none-eabi/5.4.1/../../../../arm-none-eabi/lib/armv7-m\libg_nano.a(lib_a-exit.o) (_global_impure_ptr)
c:/program files (x86)/cypress/psoc creator/4.4/psoc creator/import/gnu/arm/5.4.1/bin/../lib/gcc/arm-none-eabi/5.4.1/../../../../arm-none-eabi/lib/armv7-m\libg_nano.a(lib_a-init.o)
                              c:/program files (x86)/cypress/psoc creator/4.4/psoc creator/import/gnu/arm/5.4.1/bin/../lib/gcc/arm-none-eabi/5.4.1/../../../../arm-none-eabi/lib/armv7-m/crt0.o (__libc_init_array)
c:/program files (x86)/cypress/psoc creator/4.4/psoc creator/import/gnu/arm/5.4.1/bin/../lib/gcc/arm-none-eabi/5.4.1/../../../../arm-none-eabi/lib/armv7-m\libg_nano.a(lib_a-memset.o)
                              c:/program files (x86)/cypress/psoc creator/4.4/psoc creator/import/gnu/arm/5.4.1/bin/../lib/gcc/arm-none-eabi/5.4.1/../../../../arm-none-eabi/lib/armv7-m/crt0.o (memset)
c:/program files (x86)/cypress/psoc creator/4.4/psoc creator/import/gnu/arm/5.4.1/bin/../lib/gcc/arm-none-eabi/5.4.1/../../../../arm-none-eabi/lib/armv7-m\libnosys.a(_exit.o)
                              c:/program files (x86)/cypress/psoc creator/4.4/psoc creator/import/gnu/arm/5.4.1/bin/../lib/gcc/arm-none-eabi/5.4.1/../../../../arm-none-eabi/lib/armv7-m\libg_nano.a(lib_a-exit.o) (_exit)
c:/program files (x86)/cypress/psoc creator/4.4/psoc creator/import/gnu/arm/5.4.1/bin/../lib/gcc/arm-none-eabi/5.4.1/armv7-m\libgcc.a(_aeabi_ldivmod.o)
                              C:\Users\elias\AppData\Local\Temp\ccXq5O6Q.ltrans1.ltrans.o (__aeabi_ldivmod)
c:/program files (x86)/cypress/psoc creator/4.4/psoc creator/import/gnu/arm/5.4.1/bin/../lib/gcc/arm-none-eabi/5.4.1/armv7-m\libgcc.a(_udivmoddi4.o)
                              c:/program files (x86)/cypress/psoc creator/4.4/psoc creator/import/gnu/arm/5.4.1/bin/../lib/gcc/arm-none-eabi/5.4.1/armv7-m\libgcc.a(_aeabi_ldivmod.o) (__udivmoddi4)
c:/program files (x86)/cypress/psoc creator/4.4/psoc creator/import/gnu/arm/5.4.1/bin/../lib/gcc/arm-none-eabi/5.4.1/armv7-m\libgcc.a(_dvmd_tls.o)
                              c:/program files (x86)/cypress/psoc creator/4.4/psoc creator/import/gnu/arm/5.4.1/bin/../lib/gcc/arm-none-eabi/5.4.1/armv7-m\libgcc.a(_aeabi_ldivmod.o) (__aeabi_ldiv0)
c:/program files (x86)/cypress/psoc creator/4.4/psoc creator/import/gnu/arm/5.4.1/bin/../lib/gcc/arm-none-eabi/5.4.1/../../../../arm-none-eabi/lib/armv7-m\libg_nano.a(lib_a-memcpy-stub.o)
                              C:\Users\elias\AppData\Local\Temp\ccXq5O6Q.ltrans0.ltrans.o (memcpy)

Allocating common symbols
Common symbol       size              file

ADC_CountsPerVolt   0x4               ADC.o (symbol from plugin)

Discarded input sections

 .text          0x00000000        0x0 c:/program files (x86)/cypress/psoc creator/4.4/psoc creator/import/gnu/arm/5.4.1/bin/../lib/gcc/arm-none-eabi/5.4.1/armv7-m/crti.o
 .data          0x00000000        0x0 c:/program files (x86)/cypress/psoc creator/4.4/psoc creator/import/gnu/arm/5.4.1/bin/../lib/gcc/arm-none-eabi/5.4.1/armv7-m/crti.o
 .bss           0x00000000        0x0 c:/program files (x86)/cypress/psoc creator/4.4/psoc creator/import/gnu/arm/5.4.1/bin/../lib/gcc/arm-none-eabi/5.4.1/armv7-m/crti.o
 .data          0x00000000        0x4 c:/program files (x86)/cypress/psoc creator/4.4/psoc creator/import/gnu/arm/5.4.1/bin/../lib/gcc/arm-none-eabi/5.4.1/armv7-m/crtbegin.o
 .text          0x00000000       0x74 c:/program files (x86)/cypress/psoc creator/4.4/psoc creator/import/gnu/arm/5.4.1/bin/../lib/gcc/arm-none-eabi/5.4.1/../../../../arm-none-eabi/lib/armv7-m/crt0.o
 .data          0x00000000        0x0 c:/program files (x86)/cypress/psoc creator/4.4/psoc creator/import/gnu/arm/5.4.1/bin/../lib/gcc/arm-none-eabi/5.4.1/../../../../arm-none-eabi/lib/armv7-m/crt0.o
 .bss           0x00000000        0x0 c:/program files (x86)/cypress/psoc creator/4.4/psoc creator/import/gnu/arm/5.4.1/bin/../lib/gcc/arm-none-eabi/5.4.1/../../../../arm-none-eabi/lib/armv7-m/crt0.o
 .ARM.extab     0x00000000        0x0 c:/program files (x86)/cypress/psoc creator/4.4/psoc creator/import/gnu/arm/5.4.1/bin/../lib/gcc/arm-none-eabi/5.4.1/../../../../arm-none-eabi/lib/armv7-m/crt0.o
 .ARM.exidx     0x00000000        0x8 c:/program files (x86)/cypress/psoc creator/4.4/psoc creator/import/gnu/arm/5.4.1/bin/../lib/gcc/arm-none-eabi/5.4.1/../../../../arm-none-eabi/lib/armv7-m/crt0.o
 .text          0x00000000        0x0 .\CortexM3\ARM_GCC_541\Debug\main.o (symbol from plugin)
 .text          0x00000000        0x0 C:\Users\elias\AppData\Local\Temp\ccXq5O6Q.ltrans0.ltrans.o
 .data          0x00000000        0x0 C:\Users\elias\AppData\Local\Temp\ccXq5O6Q.ltrans0.ltrans.o
 .text          0x00000000        0x0 C:\Users\elias\AppData\Local\Temp\ccXq5O6Q.ltrans1.ltrans.o
 .data          0x00000000        0x0 C:\Users\elias\AppData\Local\Temp\ccXq5O6Q.ltrans1.ltrans.o
 .text          0x00000000        0x0 C:\Users\elias\AppData\Local\Temp\ccXq5O6Q.ltrans2.ltrans.o
 .text          0x00000000        0x0 C:\Users\elias\AppData\Local\Temp\ccXq5O6Q.ltrans3.ltrans.o
 .data          0x00000000        0x0 C:\Users\elias\AppData\Local\Temp\ccXq5O6Q.ltrans3.ltrans.o
 .text          0x00000000        0x0 C:\Users\elias\AppData\Local\Temp\ccXq5O6Q.ltrans4.ltrans.o
 .text._exit    0x00000000        0x4 C:\Users\elias\AppData\Local\Temp\ccXq5O6Q.ltrans4.ltrans.o
 .text          0x00000000        0x0 C:\Users\elias\AppData\Local\Temp\ccXq5O6Q.ltrans5.ltrans.o
 .text          0x00000000        0x0 C:\Users\elias\AppData\Local\Temp\ccXq5O6Q.ltrans6.ltrans.o
 .text          0x00000000        0x0 C:\Users\elias\AppData\Local\Temp\ccXq5O6Q.ltrans7.ltrans.o
 .data          0x00000000        0x0 C:\Users\elias\AppData\Local\Temp\ccXq5O6Q.ltrans7.ltrans.o
 .bss           0x00000000        0x0 C:\Users\elias\AppData\Local\Temp\ccXq5O6Q.ltrans7.ltrans.o
 .text          0x00000000        0x0 .\CortexM3\ARM_GCC_541\Debug\calibration.o (symbol from plugin)
 .text          0x00000000        0x0 .\CortexM3\ARM_GCC_541\Debug\psoc_adc.o (symbol from plugin)
 .text          0x00000000        0x0 .\CortexM3\ARM_GCC_541\Debug\psoc_hw.o (symbol from plugin)
 .text          0x00000000        0x0 .\CortexM3\ARM_GCC_541\Debug\crc.o (symbol from plugin)
 .text          0x00000000        0x0 .\CortexM3\ARM_GCC_541\Debug\psoc_nv.o (symbol from plugin)
 .text          0x00000000        0x0 .\CortexM3\ARM_GCC_541\Debug\filter_coeffs.o (symbol from plugin)
 .text          0x00000000        0x0 .\CortexM3\ARM_GCC_541\Debug\FIR_adquisition.o (symbol from plugin)
 .text          0x00000000        0x0 .\CortexM3\ARM_GCC_541\Debug\FIR_calibration.o (symbol from plugin)
 .text          0x00000000        0x0 .\CortexM3\ARM_GCC_541\Debug\psoc_debug.o (symbol from plugin)
 .text          0x00000000        0x0 .\CortexM3\ARM_GCC_541\Debug\cyfitter_cfg.o (symbol from plugin)
 .text          0x00000000        0x0 .\CortexM3\ARM_GCC_541\Debug\cymetadata.o (symbol from plugin)
 .text          0x00000000        0x0 .\CortexM3\ARM_GCC_541\Debug\Cm3Start.o (symbol from plugin)
 .text          0x00000000        0x0 Filter.o (symbol from plugin)
 .text          0x00000000        0x0 Filter_PVT.o (symbol from plugin)
 .text          0x00000000        0x0 Filter_RAM_Data.o (symbol from plugin)
 .text          0x00000000        0x0 CyDmac.o (symbol from plugin)
 .text          0x00000000        0x0 CyLib.o (symbol from plugin)
 .text          0x00000000        0x0 cyPm.o (symbol from plugin)
 .text          0x00000000        0x0 DMA_DelSig_Filter_dma.o (symbol from plugin)
 .text          0x00000000        0x0 DMA_DelSig_RAM_dma.o (symbol from plugin)
 .text          0x00000000        0x0 isr_Timer.o (symbol from plugin)
 .text          0x00000000        0x0 Timer.o (symbol from plugin)
 .text          0x00000000        0x0 LED.o (symbol from plugin)
 .text          0x00000000        0x0 UART.o (symbol from plugin)
 .text          0x00000000        0x0 UART_INT.o (symbol from plugin)
 .text          0x00000000        0x0 UART_IntClock.o (symbol from plugin)
 .text          0x00000000        0x0 ADC.o (symbol from plugin)
 .text          0x00000000        0x0 ADC_INT.o (symbol from plugin)
 .text          0x00000000        0x0 ADC_Ext_CP_Clk.o (symbol from plugin)
 .text          0x00000000        0x0 ADC_theACLK.o (symbol from plugin)
 .text          0x00000000        0x0 VDAC_PGA.o (symbol from plugin)
 .text          0x00000000        0x0 SYNC_IN.o (symbol from plugin)
 .text          0x00000000        0x0 isr_SyncIn.o (symbol from plugin)
 .text          0x00000000        0x0 LPF_ADC.o (symbol from plugin)
 .text          0x00000000        0x0 PGA.o (symbol from plugin)
 .text          0x00000000        0x0 ADC_AMux.o (symbol from plugin)
 .text          0x00000000        0x0 Opa_LP.o (symbol from plugin)
 .text          0x00000000        0x0 VDAC_LP.o (symbol from plugin)
 .text          0x00000000        0x0 AMux_ADC.o (symbol from plugin)
 .text          0x00000000        0x0 Opa_ref_PGA.o (symbol from plugin)
 .text          0x00000000        0x0 Clock_1.o (symbol from plugin)
 .text          0x00000000        0x0 isr_Button.o (symbol from plugin)
 .text          0x00000000        0x0 EEPROM.o (symbol from plugin)
 .text          0x00000000        0x0 DMA_Filter_RAM_dma.o (symbol from plugin)
 .text          0x00000000        0x0 isr_DMA_DelSig_RAM.o (symbol from plugin)
 .text          0x00000000        0x0 isr_DMA_Filter_RAM.o (symbol from plugin)
 .text          0x00000000        0x0 Reg_Select.o (symbol from plugin)
 .text          0x00000000        0x0 Opa_ref_1V.o (symbol from plugin)
 .data          0x00000000        0x0 .\CortexM3\ARM_GCC_541\Debug\AcondicionamientoAnalogico.a(CyBootAsmGnu.o)
 .bss           0x00000000        0x0 .\CortexM3\ARM_GCC_541\Debug\AcondicionamientoAnalogico.a(CyBootAsmGnu.o)
 .text          0x00000000        0x0 CyFlash.o (symbol from plugin)
 .text          0x00000000        0x0 CySpc.o (symbol from plugin)
 .text          0x00000000        0x0 c:/program files (x86)/cypress/psoc creator/4.4/psoc creator/import/gnu/arm/5.4.1/bin/../lib/gcc/arm-none-eabi/5.4.1/../../../../arm-none-eabi/lib/armv7-m\libg_nano.a(lib_a-errno.o)
 .data          0x00000000        0x0 c:/program files (x86)/cypress/psoc creator/4.4/psoc creator/import/gnu/arm/5.4.1/bin/../lib/gcc/arm-none-eabi/5.4.1/../../../../arm-none-eabi/lib/armv7-m\libg_nano.a(lib_a-errno.o)
 .bss           0x00000000        0x0 c:/program files (x86)/cypress/psoc creator/4.4/psoc creator/import/gnu/arm/5.4.1/bin/../lib/gcc/arm-none-eabi/5.4.1/../../../../arm-none-eabi/lib/armv7-m\libg_nano.a(lib_a-errno.o)
 .text          0x00000000        0x0 c:/program files (x86)/cypress/psoc creator/4.4/psoc creator/import/gnu/arm/5.4.1/bin/../lib/gcc/arm-none-eabi/5.4.1/../../../../arm-none-eabi/lib/armv7-m\libg_nano.a(lib_a-exit.o)
 .data          0x00000000        0x0 c:/program files (x86)/cypress/psoc creator/4.4/psoc creator/import/gnu/arm/5.4.1/bin/../lib/gcc/arm-none-eabi/5.4.1/../../../../arm-none-eabi/lib/armv7-m\libg_nano.a(lib_a-exit.o)
 .bss           0x00000000        0x0 c:/program files (x86)/cypress/psoc creator/4.4/psoc creator/import/gnu/arm/5.4.1/bin/../lib/gcc/arm-none-eabi/5.4.1/../../../../arm-none-eabi/lib/armv7-m\libg_nano.a(lib_a-exit.o)
 .text.exit     0x00000000       0x28 c:/program files (x86)/cypress/psoc creator/4.4/psoc creator/import/gnu/arm/5.4.1/bin/../lib/gcc/arm-none-eabi/5.4.1/../../../../arm-none-eabi/lib/armv7-m\libg_nano.a(lib_a-exit.o)
 .text          0x00000000        0x0 c:/program files (x86)/cypress/psoc creator/4.4/psoc creator/import/gnu/arm/5.4.1/bin/../lib/gcc/arm-none-eabi/5.4.1/../../../../arm-none-eabi/lib/armv7-m\libg_nano.a(lib_a-impure.o)
 .data          0x00000000        0x0 c:/program files (x86)/cypress/psoc creator/4.4/psoc creator/import/gnu/arm/5.4.1/bin/../lib/gcc/arm-none-eabi/5.4.1/../../../../arm-none-eabi/lib/armv7-m\libg_nano.a(lib_a-impure.o)
 .bss           0x00000000        0x0 c:/program files (x86)/cypress/psoc creator/4.4/psoc creator/import/gnu/arm/5.4.1/bin/../lib/gcc/arm-none-eabi/5.4.1/../../../../arm-none-eabi/lib/armv7-m\libg_nano.a(lib_a-impure.o)
 .rodata._global_impure_ptr
                0x00000000        0x4 c:/program files (x86)/cypress/psoc creator/4.4/psoc creator/import/gnu/arm/5.4.1/bin/../lib/gcc/arm-none-eabi/5.4.1/../../../../arm-none-eabi/lib/armv7-m\libg_nano.a(lib_a-impure.o)
 .text          0x00000000        0x0 c:/program files (x86)/cypress/psoc creator/4.4/psoc creator/import/gnu/arm/5.4.1/bin/../lib/gcc/arm-none-eabi/5.4.1/../../../../arm-none-eabi/lib/armv7-m\libg_nano.a(lib_a-init.o)
 .data          0x00000000        0x0 c:/program files (x86)/cypress/psoc creator/4.4/psoc creator/import/gnu/arm/5.4.1/bin/../lib/gcc/arm-none-eabi/5.4.1/../../../../arm-none-eabi/lib/armv7-m\libg_nano.a(lib_a-init.o)
 .bss           0x00000000        0x0 c:/program files (x86)/cypress/psoc creator/4.4/psoc creator/import/gnu/arm/5.4.1/bin/../lib/gcc/arm-none-eabi/5.4.1/../../../../arm-none-eabi/lib/armv7-m\libg_nano.a(lib_a-init.o)
 .text          0x00000000        0x0 c:/program files (x86)/cypress/psoc creator/4.4/psoc creator/import/gnu/arm/5.4.1/bin/../lib/gcc/arm-none-eabi/5.4.1/../../../../arm-none-eabi/lib/armv7-m\libg_nano.a(lib_a-memset.o)
 .data          0x00000000        0x0 c:/program files (x86)/cypress/psoc creator/4.4/psoc creator/import/gnu/arm/5.4.1/bin/../lib/gcc/arm-none-eabi/5.4.1/../../../../arm-none-eabi/lib/armv7-m\libg_nano.a(lib_a-memset.o)
 .bss           0x00000000        0x0 c:/program files (x86)/cypress/psoc creator/4.4/psoc creator/import/gnu/arm/5.4.1/bin/../lib/gcc/arm-none-eabi/5.4.1/../../../../arm-none-eabi/lib/armv7-m\libg_nano.a(lib_a-memset.o)
 .text          0x00000000        0x0 c:/program files (x86)/cypress/psoc creator/4.4/psoc creator/import/gnu/arm/5.4.1/bin/../lib/gcc/arm-none-eabi/5.4.1/armv7-m/crtend.o
 .data          0x00000000        0x0 c:/program files (x86)/cypress/psoc creator/4.4/psoc creator/import/gnu/arm/5.4.1/bin/../lib/gcc/arm-none-eabi/5.4.1/armv7-m/crtend.o
 .bss           0x00000000        0x0 c:/program files (x86)/cypress/psoc creator/4.4/psoc creator/import/gnu/arm/5.4.1/bin/../lib/gcc/arm-none-eabi/5.4.1/armv7-m/crtend.o
 .text          0x00000000        0x0 c:/program files (x86)/cypress/psoc creator/4.4/psoc creator/import/gnu/arm/5.4.1/bin/../lib/gcc/arm-none-eabi/5.4.1/armv7-m/crtn.o
 .data          0x00000000        0x0 c:/program files (x86)/cypress/psoc creator/4.4/psoc creator/import/gnu/arm/5.4.1/bin/../lib/gcc/arm-none-eabi/5.4.1/armv7-m/crtn.o
 .bss           0x00000000        0x0 c:/program files (x86)/cypress/psoc creator/4.4/psoc creator/import/gnu/arm/5.4.1/bin/../lib/gcc/arm-none-eabi/5.4.1/armv7-m/crtn.o
 .text          0x00000000        0x0 c:/program files (x86)/cypress/psoc creator/4.4/psoc creator/import/gnu/arm/5.4.1/bin/../lib/gcc/arm-none-eabi/5.4.1/../../../../arm-none-eabi/lib/armv7-m\libnosys.a(_exit.o)
 .data          0x00000000        0x0 c:/program files (x86)/cypress/psoc creator/4.4/psoc creator/import/gnu/arm/5.4.1/bin/../lib/gcc/arm-none-eabi/5.4.1/../../../../arm-none-eabi/lib/armv7-m\libnosys.a(_exit.o)
 .bss           0x00000000        0x0 c:/program files (x86)/cypress/psoc creator/4.4/psoc creator/import/gnu/arm/5.4.1/bin/../lib/gcc/arm-none-eabi/5.4.1/../../../../arm-none-eabi/lib/armv7-m\libnosys.a(_exit.o)
 .text._exit    0x00000000        0x4 c:/program files (x86)/cypress/psoc creator/4.4/psoc creator/import/gnu/arm/5.4.1/bin/../lib/gcc/arm-none-eabi/5.4.1/../../../../arm-none-eabi/lib/armv7-m\libnosys.a(_exit.o)
 .data          0x00000000        0x0 c:/program files (x86)/cypress/psoc creator/4.4/psoc creator/import/gnu/arm/5.4.1/bin/../lib/gcc/arm-none-eabi/5.4.1/armv7-m\libgcc.a(_aeabi_ldivmod.o)
 .bss           0x00000000        0x0 c:/program files (x86)/cypress/psoc creator/4.4/psoc creator/import/gnu/arm/5.4.1/bin/../lib/gcc/arm-none-eabi/5.4.1/armv7-m\libgcc.a(_aeabi_ldivmod.o)
 .data          0x00000000        0x0 c:/program files (x86)/cypress/psoc creator/4.4/psoc creator/import/gnu/arm/5.4.1/bin/../lib/gcc/arm-none-eabi/5.4.1/armv7-m\libgcc.a(_udivmoddi4.o)
 .bss           0x00000000        0x0 c:/program files (x86)/cypress/psoc creator/4.4/psoc creator/import/gnu/arm/5.4.1/bin/../lib/gcc/arm-none-eabi/5.4.1/armv7-m\libgcc.a(_udivmoddi4.o)
 .ARM.extab     0x00000000        0x0 c:/program files (x86)/cypress/psoc creator/4.4/psoc creator/import/gnu/arm/5.4.1/bin/../lib/gcc/arm-none-eabi/5.4.1/armv7-m\libgcc.a(_udivmoddi4.o)
 .data          0x00000000        0x0 c:/program files (x86)/cypress/psoc creator/4.4/psoc creator/import/gnu/arm/5.4.1/bin/../lib/gcc/arm-none-eabi/5.4.1/armv7-m\libgcc.a(_dvmd_tls.o)
 .bss           0x00000000        0x0 c:/program files (x86)/cypress/psoc creator/4.4/psoc creator/import/gnu/arm/5.4.1/bin/../lib/gcc/arm-none-eabi/5.4.1/armv7-m\libgcc.a(_dvmd_tls.o)
 .text          0x00000000        0x0 c:/program files (x86)/cypress/psoc creator/4.4/psoc creator/import/gnu/arm/5.4.1/bin/../lib/gcc/arm-none-eabi/5.4.1/../../../../arm-none-eabi/lib/armv7-m\libg_nano.a(lib_a-memcpy-stub.o)
 .data          0x00000000        0x0 c:/program files (x86)/cypress/psoc creator/4.4/psoc creator/import/gnu/arm/5.4.1/bin/../lib/gcc/arm-none-eabi/5.4.1/../../../../arm-none-eabi/lib/armv7-m\libg_nano.a(lib_a-memcpy-stub.o)
 .bss           0x00000000        0x0 c:/program files (x86)/cypress/psoc creator/4.4/psoc creator/import/gnu/arm/5.4.1/bin/../lib/gcc/arm-none-eabi/5.4.1/../../../../arm-none-eabi/lib/armv7-m\libg_nano.a(lib_a-memcpy-stub.o)

Memory Configuration

Name             Origin             Length             Attributes
rom              0x00000000         0x00040000         xr
ram              0x1fff8000         0x00010000         xrw
*default*        0x00000000         0xffffffff

Linker script and memory map

LOAD c:/program files (x86)/cypress/psoc creator/4.4/psoc creator/import/gnu/arm/5.4.1/bin/../lib/gcc/arm-none-eabi/5.4.1/armv7-m/crti.o
LOAD c:/program files (x86)/cypress/psoc creator/4.4/psoc creator/import/gnu/arm/5.4.1/bin/../lib/gcc/arm-none-eabi/5.4.1/armv7-m/crtbegin.o
LOAD c:/program files (x86)/cypress/psoc creator/4.4/psoc creator/import/gnu/arm/5.4.1/bin/../lib/gcc/arm-none-eabi/5.4.1/../../../../arm-none-eabi/lib/armv7-m/crt0.o
START GROUP
LOAD .\CortexM3\ARM_GCC_541\Debug\main.o
LOAD C:\Users\elias\AppData\Local\Temp\ccXq5O6Q.ltrans0.ltrans.o
LOAD C:\Users\elias\AppData\Local\Temp\ccXq5O6Q.ltrans1.ltrans.o
LOAD C:\Users\elias\AppData\Local\Temp\ccXq5O6Q.ltrans2.ltrans.o
LOAD C:\Users\elias\AppData\Local\Temp\ccXq5O6Q.ltrans3.ltrans.o
LOAD C:\Users\elias\AppData\Local\Temp\ccXq5O6Q.ltrans4.ltrans.o
LOAD C:\Users\elias\AppData\Local\Temp\ccXq5O6Q.ltrans5.ltrans.o
LOAD C:\Users\elias\AppData\Local\Temp\ccXq5O6Q.ltrans6.ltrans.o
LOAD C:\Users\elias\AppData\Local\Temp\ccXq5O6Q.ltrans7.ltrans.o
LOAD .\CortexM3\ARM_GCC_541\Debug\calibration.o
LOAD .\CortexM3\ARM_GCC_541\Debug\psoc_adc.o
LOAD .\CortexM3\ARM_GCC_541\Debug\psoc_hw.o
LOAD .\CortexM3\ARM_GCC_541\Debug\crc.o
LOAD .\CortexM3\ARM_GCC_541\Debug\psoc_nv.o
LOAD .\CortexM3\ARM_GCC_541\Debug\filter_coeffs.o
LOAD .\CortexM3\ARM_GCC_541\Debug\FIR_adquisition.o
LOAD .\CortexM3\ARM_GCC_541\Debug\FIR_calibration.o
LOAD .\CortexM3\ARM_GCC_541\Debug\psoc_debug.o
LOAD .\CortexM3\ARM_GCC_541\Debug\cyfitter_cfg.o
LOAD .\CortexM3\ARM_GCC_541\Debug\cymetadata.o
LOAD .\CortexM3\ARM_GCC_541\Debug\Cm3Start.o
LOAD .\CortexM3\ARM_GCC_541\Debug\AcondicionamientoAnalogico.a
LOAD C:\Program Files (x86)\Cypress\PSoC Creator\4.4\PSoC Creator\psoc\content\cycomponentlibrary\CyComponentLibrary.cylib\CortexM3\ARM_GCC_541\Debug\CyComponentLibrary.a
END GROUP
START GROUP
LOAD c:/program files (x86)/cypress/psoc creator/4.4/psoc creator/import/gnu/arm/5.4.1/bin/../lib/gcc/arm-none-eabi/5.4.1/armv7-m\libgcc.a
LOAD c:/program files (x86)/cypress/psoc creator/4.4/psoc creator/import/gnu/arm/5.4.1/bin/../lib/gcc/arm-none-eabi/5.4.1/../../../../arm-none-eabi/lib/armv7-m\libg_nano.a
LOAD c:/program files (x86)/cypress/psoc creator/4.4/psoc creator/import/gnu/arm/5.4.1/bin/../lib/gcc/arm-none-eabi/5.4.1/../../../../arm-none-eabi/lib/armv7-m\libc_nano.a
END GROUP
START GROUP
LOAD c:/program files (x86)/cypress/psoc creator/4.4/psoc creator/import/gnu/arm/5.4.1/bin/../lib/gcc/arm-none-eabi/5.4.1/armv7-m\libgcc.a
LOAD c:/program files (x86)/cypress/psoc creator/4.4/psoc creator/import/gnu/arm/5.4.1/bin/../lib/gcc/arm-none-eabi/5.4.1/../../../../arm-none-eabi/lib/armv7-m\libc_nano.a
END GROUP
LOAD c:/program files (x86)/cypress/psoc creator/4.4/psoc creator/import/gnu/arm/5.4.1/bin/../lib/gcc/arm-none-eabi/5.4.1/armv7-m/crtend.o
LOAD c:/program files (x86)/cypress/psoc creator/4.4/psoc creator/import/gnu/arm/5.4.1/bin/../lib/gcc/arm-none-eabi/5.4.1/armv7-m/crtn.o
START GROUP
LOAD c:/program files (x86)/cypress/psoc creator/4.4/psoc creator/import/gnu/arm/5.4.1/bin/../lib/gcc/arm-none-eabi/5.4.1/armv7-m\libgcc.a
LOAD c:/program files (x86)/cypress/psoc creator/4.4/psoc creator/import/gnu/arm/5.4.1/bin/../lib/gcc/arm-none-eabi/5.4.1/../../../../arm-none-eabi/lib/armv7-m\libc.a
LOAD c:/program files (x86)/cypress/psoc creator/4.4/psoc creator/import/gnu/arm/5.4.1/bin/../lib/gcc/arm-none-eabi/5.4.1/../../../../arm-none-eabi/lib/armv7-m\libnosys.a
END GROUP
                0x00000000                CY_APPL_ORIGIN = 0x0
                0x00000100                CY_FLASH_ROW_SIZE = 0x100
                0x00000020                CY_ECC_ROW_SIZE = 0x20
                0x00000000                CY_EE_IN_BTLDR = 0x0
                0x00000000                CY_APPL_LOADABLE = 0x0
                0x00000800                CY_EE_SIZE = 0x800
                0x00000001                CY_APPL_NUM = 0x1
                0x00000001                CY_APPL_MAX = 0x1
                0x00000040                CY_METADATA_SIZE = 0x40
                0x00000000                CY_APPL_LOADABLE = 0x0
                0x00000000                CY_CHECKSUM_EXCLUDE_SIZE = ALIGN (0x0, CY_FLASH_ROW_SIZE)
                [!provide]                PROVIDE (__cy_heap_start, _end)
                0x00000001                PROVIDE (__cy_region_num, ((__cy_regions_end - __cy_regions) / 0x10))
                0x20008000                PROVIDE (__cy_stack, (ORIGIN (ram) + LENGTH (ram)))
                [!provide]                PROVIDE (__cy_heap_end, (__cy_stack - 0x800))

.cybootloader   0x00000000        0x0
 *(.cybootloader)
                0x00000000                appl1_start = CY_APPL_ORIGIN?CY_APPL_ORIGIN:ALIGN (CY_FLASH_ROW_SIZE)
                0x0001ff00                appl2_start = (appl1_start + ALIGN ((((LENGTH (rom) - appl1_start) - (0x2 * CY_FLASH_ROW_SIZE)) / 0x2), CY_FLASH_ROW_SIZE))
                0x00000000                appl_start = (CY_APPL_NUM == 0x1)?appl1_start:appl2_start
                0x00000000                ecc_offset = ((appl_start / CY_FLASH_ROW_SIZE) * CY_ECC_ROW_SIZE)
                0x00000000                ee_offset = (CY_APPL_LOADABLE && ! (CY_EE_IN_BTLDR))?((CY_EE_SIZE / CY_APPL_MAX) * (CY_APPL_NUM - 0x1)):0x0
                0x00000800                ee_size = (CY_APPL_LOADABLE && ! (CY_EE_IN_BTLDR))?(CY_EE_SIZE / CY_APPL_MAX):CY_EE_SIZE
                [!provide]                PROVIDE (CY_ECC_OFFSET, ecc_offset)

.text           0x00000000     0x6976
 CREATE_OBJECT_SYMBOLS
                0x00000000                PROVIDE (__cy_interrupt_vector, RomVectors)
 *(.romvectors)
 .romvectors    0x00000000       0x10 C:\Users\elias\AppData\Local\Temp\ccXq5O6Q.ltrans5.ltrans.o
                0x00000000                RomVectors
                0x00000001                ASSERT ((. != __cy_interrupt_vector), No interrupt vector)
                0x00000001                ASSERT (CY_APPL_ORIGIN?(SIZEOF (.cybootloader) <= CY_APPL_ORIGIN):0x1, Wrong image location)
                0x00000010                PROVIDE (__cy_reset, Reset)
 *(.text.Reset)
 .text.Reset    0x00000010       0x64 C:\Users\elias\AppData\Local\Temp\ccXq5O6Q.ltrans5.ltrans.o
                0x00000010                Reset
                0x00000001                ASSERT ((. != __cy_reset), No reset code)
 *(.dma_init)
                0x00000001                ASSERT ((((appl_start + .) <= 0x10000) || 0x1), DMA Init must be within the first 64k of flash)
 *(.text .text.* .gnu.linkonce.t.*)
 .text          0x00000074       0x5c c:/program files (x86)/cypress/psoc creator/4.4/psoc creator/import/gnu/arm/5.4.1/bin/../lib/gcc/arm-none-eabi/5.4.1/armv7-m/crtbegin.o
 .text.uart_service.lto_priv.98
                0x000000d0     0x1ca8 C:\Users\elias\AppData\Local\Temp\ccXq5O6Q.ltrans0.ltrans.o
                0x000000d0                uart_service.lto_priv.98
 .text.service_runtime.lto_priv.89
                0x00001d78     0x124c C:\Users\elias\AppData\Local\Temp\ccXq5O6Q.ltrans1.ltrans.o
                0x00001d78                service_runtime.lto_priv.89
 .text.startup.main
                0x00002fc4      0xdcc C:\Users\elias\AppData\Local\Temp\ccXq5O6Q.ltrans2.ltrans.o
                0x00002fc4                main
 .text.isr_Button_Handler
                0x00003d90       0x18 C:\Users\elias\AppData\Local\Temp\ccXq5O6Q.ltrans3.ltrans.o
                0x00003d90                isr_Button_Handler
 .text.isr_Timer
                0x00003da8      0x11c C:\Users\elias\AppData\Local\Temp\ccXq5O6Q.ltrans3.ltrans.o
                0x00003da8                isr_Timer
 .text.isr_DMA_Filter_RAM_Handler
                0x00003ec4      0x148 C:\Users\elias\AppData\Local\Temp\ccXq5O6Q.ltrans3.ltrans.o
                0x00003ec4                isr_DMA_Filter_RAM_Handler
 .text.isr_DMA_DelSig_RAM_Handler
                0x0000400c      0x150 C:\Users\elias\AppData\Local\Temp\ccXq5O6Q.ltrans3.ltrans.o
                0x0000400c                isr_DMA_DelSig_RAM_Handler
 .text.uart_send_diag.lto_priv.65
                0x0000415c       0xe0 C:\Users\elias\AppData\Local\Temp\ccXq5O6Q.ltrans3.ltrans.o
                0x0000415c                uart_send_diag.lto_priv.65
 .text.service_button_calibration.lto_priv.90
                0x0000423c      0x18c C:\Users\elias\AppData\Local\Temp\ccXq5O6Q.ltrans3.ltrans.o
                0x0000423c                service_button_calibration.lto_priv.90
 .text.psoc_enter_sampling.lto_priv.112
                0x000043c8       0xe8 C:\Users\elias\AppData\Local\Temp\ccXq5O6Q.ltrans3.ltrans.o
                0x000043c8                psoc_enter_sampling.lto_priv.112
 .text.isr_SyncIn
                0x000044b0      0x164 C:\Users\elias\AppData\Local\Temp\ccXq5O6Q.ltrans3.ltrans.o
                0x000044b0                isr_SyncIn
 .text.psoc_prepare_capture_path.lto_priv.91
                0x00004614      0x12c C:\Users\elias\AppData\Local\Temp\ccXq5O6Q.ltrans3.ltrans.o
                0x00004614                psoc_prepare_capture_path.lto_priv.91
 .text.IntDefaultHandler
                0x00004740       0x10 C:\Users\elias\AppData\Local\Temp\ccXq5O6Q.ltrans4.ltrans.o
                0x00004740                IntDefaultHandler
 .text.psoc_calibration_start_async.part.8.lto_priv.113
                0x00004750      0x668 C:\Users\elias\AppData\Local\Temp\ccXq5O6Q.ltrans4.ltrans.o
                0x00004750                psoc_calibration_start_async.part.8.lto_priv.113
 .text.cal_pi_finish_stage.lto_priv.96
                0x00004db8      0x15c C:\Users\elias\AppData\Local\Temp\ccXq5O6Q.ltrans4.ltrans.o
                0x00004db8                cal_pi_finish_stage.lto_priv.96
 .text.UART_TXISR
                0x00004f14       0x68 C:\Users\elias\AppData\Local\Temp\ccXq5O6Q.ltrans5.ltrans.o
                0x00004f14                UART_TXISR
 .text.UART_RXISR
                0x00004f7c       0x68 C:\Users\elias\AppData\Local\Temp\ccXq5O6Q.ltrans5.ltrans.o
                0x00004f7c                UART_RXISR
 .text.ADC_Start
                0x00004fe4      0x51c C:\Users\elias\AppData\Local\Temp\ccXq5O6Q.ltrans5.ltrans.o
                0x00004fe4                ADC_Start
 .text.Timer_Stop
                0x00005500       0x2c C:\Users\elias\AppData\Local\Temp\ccXq5O6Q.ltrans5.ltrans.o
                0x00005500                Timer_Stop
 .text.Timer_Start
                0x0000552c       0xb4 C:\Users\elias\AppData\Local\Temp\ccXq5O6Q.ltrans5.ltrans.o
                0x0000552c                Timer_Start
 .text.CyDmaTdAllocate
                0x000055e0       0x34 C:\Users\elias\AppData\Local\Temp\ccXq5O6Q.ltrans5.ltrans.o
                0x000055e0                CyDmaTdAllocate
 .text.startup.initialize_psoc
                0x00005614      0x37c C:\Users\elias\AppData\Local\Temp\ccXq5O6Q.ltrans5.ltrans.o
 .text.unlikely.UART_PutArray.constprop.59
                0x00005990       0x8c C:\Users\elias\AppData\Local\Temp\ccXq5O6Q.ltrans6.ltrans.o
                0x00005990                UART_PutArray.constprop.59
 .text.uart_send_diag.constprop.54
                0x00005a1c       0xc8 C:\Users\elias\AppData\Local\Temp\ccXq5O6Q.ltrans6.ltrans.o
                0x00005a1c                uart_send_diag.constprop.54
 .text.psoc_seed_calibration_from_nv.constprop.51
                0x00005ae4      0x23c C:\Users\elias\AppData\Local\Temp\ccXq5O6Q.ltrans6.ltrans.o
                0x00005ae4                psoc_seed_calibration_from_nv.constprop.51
 .text.CyDmaChEnable.constprop.49
                0x00005d20       0x24 C:\Users\elias\AppData\Local\Temp\ccXq5O6Q.ltrans6.ltrans.o
                0x00005d20                CyDmaChEnable.constprop.49
 .text.CyDmaChPriority.constprop.46
                0x00005d44       0x20 C:\Users\elias\AppData\Local\Temp\ccXq5O6Q.ltrans6.ltrans.o
                0x00005d44                CyDmaChPriority.constprop.46
 .text.AMux_ADC_Unset.constprop.27
                0x00005d64       0x48 C:\Users\elias\AppData\Local\Temp\ccXq5O6Q.ltrans6.ltrans.o
                0x00005d64                AMux_ADC_Unset.constprop.27
 .text.CySetTempInt.lto_priv.92
                0x00005dac      0x110 C:\Users\elias\AppData\Local\Temp\ccXq5O6Q.ltrans6.ltrans.o
                0x00005dac                CySetTempInt.lto_priv.92
 .text.PGA_SetGain
                0x00005ebc       0x78 C:\Users\elias\AppData\Local\Temp\ccXq5O6Q.ltrans6.ltrans.o
                0x00005ebc                PGA_SetGain
 .text.psoc_calibration_servo_abort
                0x00005f34        0x4 C:\Users\elias\AppData\Local\Temp\ccXq5O6Q.ltrans6.ltrans.o
                0x00005f34                psoc_calibration_servo_abort
                0x00005f34                ADC_ISR1
 .text.ADC_Stop
                0x00005f38       0xfc C:\Users\elias\AppData\Local\Temp\ccXq5O6Q.ltrans6.ltrans.o
                0x00005f38                ADC_Stop
 .text.cal_vdac_hammer_lp.lto_priv.67
                0x00006034        0xc C:\Users\elias\AppData\Local\Temp\ccXq5O6Q.ltrans7.ltrans.o
                0x00006034                cal_vdac_hammer_lp.lto_priv.67
 .text.cal_vdac_hammer_pga.lto_priv.66
                0x00006040        0xc C:\Users\elias\AppData\Local\Temp\ccXq5O6Q.ltrans7.ltrans.o
                0x00006040                cal_vdac_hammer_pga.lto_priv.66
 .text.cal_async_complete.lto_priv.99
                0x0000604c      0x27c C:\Users\elias\AppData\Local\Temp\ccXq5O6Q.ltrans7.ltrans.o
                0x0000604c                cal_async_complete.lto_priv.99
 .text.cal_pi_finalize_stage.lto_priv.77
                0x000062c8      0x19c C:\Users\elias\AppData\Local\Temp\ccXq5O6Q.ltrans7.ltrans.o
                0x000062c8                cal_pi_finalize_stage.lto_priv.77
 .text.cal_adc_read_direct_counts.lto_priv.76
                0x00006464       0xe4 C:\Users\elias\AppData\Local\Temp\ccXq5O6Q.ltrans7.ltrans.o
                0x00006464                cal_adc_read_direct_counts.lto_priv.76
 .text          0x00006548       0x20 .\CortexM3\ARM_GCC_541\Debug\AcondicionamientoAnalogico.a(CyBootAsmGnu.o)
                0x00006548                CyDelayCycles
                0x00006558                CyEnterCriticalSection
                0x00006560                CyExitCriticalSection
 .text.__errno  0x00006568        0xc c:/program files (x86)/cypress/psoc creator/4.4/psoc creator/import/gnu/arm/5.4.1/bin/../lib/gcc/arm-none-eabi/5.4.1/../../../../arm-none-eabi/lib/armv7-m\libg_nano.a(lib_a-errno.o)
                0x00006568                __errno
 .text.__libc_init_array
                0x00006574       0x4c c:/program files (x86)/cypress/psoc creator/4.4/psoc creator/import/gnu/arm/5.4.1/bin/../lib/gcc/arm-none-eabi/5.4.1/../../../../arm-none-eabi/lib/armv7-m\libg_nano.a(lib_a-init.o)
                0x00006574                __libc_init_array
 .text.memset   0x000065c0       0x10 c:/program files (x86)/cypress/psoc creator/4.4/psoc creator/import/gnu/arm/5.4.1/bin/../lib/gcc/arm-none-eabi/5.4.1/../../../../arm-none-eabi/lib/armv7-m\libg_nano.a(lib_a-memset.o)
                0x000065c0                memset
 .text          0x000065d0       0xa0 c:/program files (x86)/cypress/psoc creator/4.4/psoc creator/import/gnu/arm/5.4.1/bin/../lib/gcc/arm-none-eabi/5.4.1/armv7-m\libgcc.a(_aeabi_ldivmod.o)
                0x000065d0                __aeabi_ldivmod
 .text          0x00006670      0x2ec c:/program files (x86)/cypress/psoc creator/4.4/psoc creator/import/gnu/arm/5.4.1/bin/../lib/gcc/arm-none-eabi/5.4.1/armv7-m\libgcc.a(_udivmoddi4.o)
                0x00006670                __udivmoddi4
 .text          0x0000695c        0x4 c:/program files (x86)/cypress/psoc creator/4.4/psoc creator/import/gnu/arm/5.4.1/bin/../lib/gcc/arm-none-eabi/5.4.1/armv7-m\libgcc.a(_dvmd_tls.o)
                0x0000695c                __aeabi_idiv0
                0x0000695c                __aeabi_ldiv0
 .text.memcpy   0x00006960       0x16 c:/program files (x86)/cypress/psoc creator/4.4/psoc creator/import/gnu/arm/5.4.1/bin/../lib/gcc/arm-none-eabi/5.4.1/../../../../arm-none-eabi/lib/armv7-m\libg_nano.a(lib_a-memcpy-stub.o)
                0x00006960                memcpy
 *(.plt)
 *(.gnu.warning)
 *(.glue_7t)
 .glue_7t       0x00006976        0x0 linker stubs
 *(.glue_7)
 .glue_7        0x00006976        0x0 linker stubs
 *(.vfp11_veneer)
 .vfp11_veneer  0x00006976        0x0 linker stubs
 *(.bootloader)
 *(.ARM.extab* .gnu.linkonce.armextab.*)
 *(.gcc_except_table)

.v4_bx          0x00006978        0x0
 .v4_bx         0x00006978        0x0 linker stubs

.iplt           0x00006978        0x0
 .iplt          0x00006978        0x0 c:/program files (x86)/cypress/psoc creator/4.4/psoc creator/import/gnu/arm/5.4.1/bin/../lib/gcc/arm-none-eabi/5.4.1/armv7-m/crtbegin.o

.eh_frame_hdr
 *(.eh_frame_hdr)

.eh_frame       0x00006978        0x4
 *(.eh_frame)
 .eh_frame      0x00006978        0x0 c:/program files (x86)/cypress/psoc creator/4.4/psoc creator/import/gnu/arm/5.4.1/bin/../lib/gcc/arm-none-eabi/5.4.1/armv7-m/crtbegin.o
 .eh_frame      0x00006978        0x4 c:/program files (x86)/cypress/psoc creator/4.4/psoc creator/import/gnu/arm/5.4.1/bin/../lib/gcc/arm-none-eabi/5.4.1/armv7-m/crtend.o
                [!provide]                PROVIDE (__exidx_start, .)

.ARM.exidx      0x0000697c        0x8
 *(.ARM.exidx* .gnu.linkonce.armexidx.*)
 .ARM.exidx     0x0000697c        0x8 c:/program files (x86)/cypress/psoc creator/4.4/psoc creator/import/gnu/arm/5.4.1/bin/../lib/gcc/arm-none-eabi/5.4.1/armv7-m\libgcc.a(_udivmoddi4.o)
                0x00006984                __exidx_end = .

.rodata         0x00006984      0x99c
 *(.rodata .rodata.* .gnu.linkonce.r.*)
 .rodata        0x00006984       0x15 C:\Users\elias\AppData\Local\Temp\ccXq5O6Q.ltrans0.ltrans.o
 *fill*         0x00006999        0x3 
 .rodata        0x0000699c      0x244 C:\Users\elias\AppData\Local\Temp\ccXq5O6Q.ltrans2.ltrans.o
                0x00006bdc                g_ping_frame.lto_priv.103
 .rodata        0x00006be0      0x458 C:\Users\elias\AppData\Local\Temp\ccXq5O6Q.ltrans4.ltrans.o
                0x00006be0                g_cal_pi_cfg.lto_priv.95
                0x00006c20                CSWTCH.2.lto_priv.97
                0x00006c30                Filter_data_a
                0x00006e30                Filter_data_b
                0x00006e30                g_fir_calibration_coeffs_q23
                0x00007030                cydelay_freq_khz
                0x00007034                cydelay_32k_ms
 .rodata        0x00007038       0x36 C:\Users\elias\AppData\Local\Temp\ccXq5O6Q.ltrans5.ltrans.o
 *fill*         0x0000706e        0x2 
 .rodata        0x00007070       0x60 C:\Users\elias\AppData\Local\Temp\ccXq5O6Q.ltrans6.ltrans.o
                0x00007070                g_psoc_cal_stages.lto_priv.68
                0x000070ad                cydelay_freq_mhz
                0x000070b0                AMux_ADC__innerMask.lto_priv.75
                0x000070b4                AMux_ADC__innerAddr.lto_priv.74
                0x000070bc                AMux_ADC__innerMap.lto_priv.72
                0x000070c0                AMux_ADC__outerMask.lto_priv.71
                0x000070c4                AMux_ADC__outerAddr.lto_priv.70
 .rodata.str1.4
                0x000070d0       0x18 C:\Users\elias\AppData\Local\Temp\ccXq5O6Q.ltrans6.ltrans.o
                                 0x16 (size before relaxing)
 .rodata        0x000070e8      0x200 C:\Users\elias\AppData\Local\Temp\ccXq5O6Q.ltrans7.ltrans.o
                0x000070e8                g_fir_adquisition_coeffs_q23
 .rodata.str1.1
                0x000072e8        0x2 c:/program files (x86)/cypress/psoc creator/4.4/psoc creator/import/gnu/arm/5.4.1/bin/../lib/gcc/arm-none-eabi/5.4.1/../../../../arm-none-eabi/lib/armv7-m\libg_nano.a(lib_a-impure.o)
                0x000072ec                . = ALIGN (0x4)
 *fill*         0x000072ea        0x2 
 *(.init)
 .init          0x000072ec        0x4 c:/program files (x86)/cypress/psoc creator/4.4/psoc creator/import/gnu/arm/5.4.1/bin/../lib/gcc/arm-none-eabi/5.4.1/armv7-m/crti.o
                0x000072ec                _init
 .init          0x000072f0        0x8 c:/program files (x86)/cypress/psoc creator/4.4/psoc creator/import/gnu/arm/5.4.1/bin/../lib/gcc/arm-none-eabi/5.4.1/armv7-m/crtn.o
                0x000072f8                . = ALIGN (0x4)
                0x000072f8                __preinit_array_start = .
 *(.preinit_array)
                0x000072f8                __preinit_array_end = .
                0x000072f8                . = ALIGN (0x4)
                0x000072f8                __init_array_start = .
 *(SORT(.init_array.*))
 *(.init_array)
 .init_array    0x000072f8        0x4 c:/program files (x86)/cypress/psoc creator/4.4/psoc creator/import/gnu/arm/5.4.1/bin/../lib/gcc/arm-none-eabi/5.4.1/armv7-m/crtbegin.o
 .init_array    0x000072fc        0x4 C:\Users\elias\AppData\Local\Temp\ccXq5O6Q.ltrans5.ltrans.o
                0x00007300                __init_array_end = .
                0x00007300                . = ALIGN (0x4)
 *(.fini)
 .fini          0x00007300        0x4 c:/program files (x86)/cypress/psoc creator/4.4/psoc creator/import/gnu/arm/5.4.1/bin/../lib/gcc/arm-none-eabi/5.4.1/armv7-m/crti.o
                0x00007300                _fini
 .fini          0x00007304        0x8 c:/program files (x86)/cypress/psoc creator/4.4/psoc creator/import/gnu/arm/5.4.1/bin/../lib/gcc/arm-none-eabi/5.4.1/armv7-m/crtn.o
                0x0000730c                . = ALIGN (0x4)
                0x0000730c                __fini_array_start = .
 *(.fini_array)
 .fini_array    0x0000730c        0x4 c:/program files (x86)/cypress/psoc creator/4.4/psoc creator/import/gnu/arm/5.4.1/bin/../lib/gcc/arm-none-eabi/5.4.1/armv7-m/crtbegin.o
 *(SORT(.fini_array.*))
                0x00007310                __fini_array_end = .
                0x00007310                . = ALIGN (0x4)
 *crtbegin.o(.ctors)
 *(EXCLUDE_FILE(*crtend.o) .ctors)
 *(SORT(.ctors.*))
 *crtend.o(.ctors)
                0x00007310                . = ALIGN (0x4)
 *crtbegin.o(.dtors)
 *(EXCLUDE_FILE(*crtend.o) .dtors)
 *(SORT(.dtors.*))
 *crtend.o(.dtors)
                0x00007310                . = ALIGN (0x4)
                0x00007310                __cy_regions = .
                0x00007310        0x4 LONG 0x7320 __cy_region_init_ram
                0x00007314        0x4 LONG 0x1fff80c0 __cy_region_start_data
                0x00007318        0x4 LONG 0x78 __cy_region_init_size_ram
                0x0000731c        0x4 LONG 0xb6e0 __cy_region_zero_size_ram
                0x00007320                __cy_regions_end = .
                0x00007320                . = ALIGN (0x8)
                0x00007320                _etext = .

.cy_checksum_exclude
                0x00007320        0x0
 *(.cy_checksum_exclude)

.ramvectors     0x1fff8000       0xc0
                0x1fff8000                __cy_region_start_ram = .
 *(.ramvectors)
 .ramvectors    0x1fff8000       0xc0 C:\Users\elias\AppData\Local\Temp\ccXq5O6Q.ltrans5.ltrans.o
                0x1fff8000                CyRamVectors

.noinit
 *(.noinit)

.data           0x1fff80c0       0x78 load address 0x00007320
                0x1fff80c0                __cy_region_start_data = .
 *(.jcr)
 .jcr           0x1fff80c0        0x0 c:/program files (x86)/cypress/psoc creator/4.4/psoc creator/import/gnu/arm/5.4.1/bin/../lib/gcc/arm-none-eabi/5.4.1/armv7-m/crtbegin.o
 .jcr           0x1fff80c0        0x4 c:/program files (x86)/cypress/psoc creator/4.4/psoc creator/import/gnu/arm/5.4.1/bin/../lib/gcc/arm-none-eabi/5.4.1/armv7-m/crtend.o
 *(.got.plt)
 *(.got)
 *(.shdata)
 *(.data .data.* .gnu.linkonce.d.*)
 .data          0x1fff80c4        0x3 C:\Users\elias\AppData\Local\Temp\ccXq5O6Q.ltrans2.ltrans.o
 .data          0x1fff80c7        0x2 C:\Users\elias\AppData\Local\Temp\ccXq5O6Q.ltrans4.ltrans.o
                0x1fff80c7                g_amux_active_channel.lto_priv.82
                0x1fff80c8                g_psoc_hw_pga_code.lto_priv.87
 .data          0x1fff80c9        0x3 C:\Users\elias\AppData\Local\Temp\ccXq5O6Q.ltrans5.ltrans.o
                0x1fff80c9                ADC_Config
 .data          0x1fff80cc        0x1 C:\Users\elias\AppData\Local\Temp\ccXq5O6Q.ltrans6.ltrans.o
                0x1fff80cc                g_pga_code.lto_priv.84
 *fill*         0x1fff80cd        0x3 
 .data.impure_data
                0x1fff80d0       0x60 c:/program files (x86)/cypress/psoc creator/4.4/psoc creator/import/gnu/arm/5.4.1/bin/../lib/gcc/arm-none-eabi/5.4.1/../../../../arm-none-eabi/lib/armv7-m\libg_nano.a(lib_a-impure.o)
 .data._impure_ptr
                0x1fff8130        0x4 c:/program files (x86)/cypress/psoc creator/4.4/psoc creator/import/gnu/arm/5.4.1/bin/../lib/gcc/arm-none-eabi/5.4.1/../../../../arm-none-eabi/lib/armv7-m\libg_nano.a(lib_a-impure.o)
                0x1fff8130                _impure_ptr
                0x1fff8138                . = ALIGN (0x8)
 *fill*         0x1fff8134        0x4 
 *(.ram)
                0x1fff8138                _edata = .

.igot.plt       0x1fff8138        0x0 load address 0x00007398
 .igot.plt      0x1fff8138        0x0 c:/program files (x86)/cypress/psoc creator/4.4/psoc creator/import/gnu/arm/5.4.1/bin/../lib/gcc/arm-none-eabi/5.4.1/armv7-m/crtbegin.o

.bss            0x1fff8138     0xb6e0 load address 0x00007398
                0x1fff8138                PROVIDE (__bss_start__, .)
 *(.shbss)
 *(.bss .bss.* .gnu.linkonce.b.*)
 .bss           0x1fff8138       0x1c c:/program files (x86)/cypress/psoc creator/4.4/psoc creator/import/gnu/arm/5.4.1/bin/../lib/gcc/arm-none-eabi/5.4.1/armv7-m/crtbegin.o
 .bss           0x1fff8154       0x14 C:\Users\elias\AppData\Local\Temp\ccXq5O6Q.ltrans0.ltrans.o
                0x1fff8154                g_rx_watch_ticks.lto_priv.118
                0x1fff8158                g_n_batches.lto_priv.120
                0x1fff815a                g_batch_fill.lto_priv.114
                0x1fff815c                g_batch_ready.lto_priv.115
                0x1fff8160                g_dbg_cnt.lto_priv.124
                0x1fff8164                g_debug_psoc.lto_priv.117
                0x1fff8166                g_fir_discard.lto_priv.116
 .bss           0x1fff8168     0xb412 C:\Users\elias\AppData\Local\Temp\ccXq5O6Q.ltrans1.ltrans.o
                0x1fff8168                g_psoc_adc_isr_filtered_ready.lto_priv.109
                0x1fff816c                g_psoc_adc_isr_filtered_counts.lto_priv.122
                0x1fff8170                g_last_calibration_ok.lto_priv.106
                0x1fff8171                g_stream_mode.lto_priv.107
                0x1fff8172                g_cal_ack_pending.lto_priv.110
                0x1fff8173                g_capture_done.lto_priv.105
                0x1fff8174                g_seq.lto_priv.111
                0x1fff8178                g_capture_raw.lto_priv.121
                0x20003578                watchdog_rx.lto_priv.101
                0x20003579                rx_state.lto_priv.100
 *fill*         0x2000357a        0x2 
 .bss           0x2000357c       0x25 C:\Users\elias\AppData\Local\Temp\ccXq5O6Q.ltrans2.ltrans.o
                0x20003584                g_dma_raw_buf.lto_priv.123
                0x20003588                g_dma_filt_buf.lto_priv.119
                0x2000358b                g_esp_connected.lto_priv.102
                0x2000358c                g_batches_sent.lto_priv.94
                0x2000358e                g_batches_captured.lto_priv.93
                0x20003598                g_comm_countdown.lto_priv.108
                0x200035a0                g_pgavdac_code.lto_priv.104
 *fill*         0x200035a1        0x3 
 .bss           0x200035a4      0x120 C:\Users\elias\AppData\Local\Temp\ccXq5O6Q.ltrans3.ltrans.o
 .bss           0x200036c4       0x4c C:\Users\elias\AppData\Local\Temp\ccXq5O6Q.ltrans4.ltrans.o
                0x200036c4                g_cal_diag_hook.lto_priv.79
                0x200036c8                g_amux_cap_connected.lto_priv.81
                0x200036cc                g_cal_async.lto_priv.78
                0x200036dc                g_timer_ticks.lto_priv.86
                0x200036e0                g_cal_pi.lto_priv.80
 .bss           0x20003710       0x39 C:\Users\elias\AppData\Local\Temp\ccXq5O6Q.ltrans5.ltrans.o
                0x20003710                UART_errorStatus
                0x20003711                UART_rxBufferWrite
                0x20003714                UART_rxBuffer
                0x20003734                UART_rxBufferLoopDetect
                0x20003736                UART_rxBufferRead
                0x20003739                ADC_convDone
                0x20003740                ADC_stopConversion
                0x20003748                Timer_initVar
 *fill*         0x20003749        0x3 
 .bss           0x2000374c       0xc6 C:\Users\elias\AppData\Local\Temp\ccXq5O6Q.ltrans6.ltrans.o
                0x2000374c                UART_initVar
                0x2000374d                UART_txBufferWrite
                0x2000374e                UART_txBufferRead
                0x20003750                UART_txBuffer
                0x200037d0                g_state.lto_priv.85
                0x200037d1                g_nv_ready.lto_priv.83
                0x200037d4                g_psoc_cal_results
                0x20003804                g_psoc_cal_result_count
                0x20003805                AMux_ADC__armsEnabled.lto_priv.69
                0x20003808                AMux_ADC__refCnt.lto_priv.73
                0x2000380a                SpcLockState
                0x2000380c                spcWaitPipeBypass.lto_priv.88
                0x20003810                dieTemperature
 *(COMMON)
                0x20003818                . = ALIGN (0x8)
 *fill*         0x20003812        0x6 
 *(.ram.b)
                0x20003818                _end = .
                0x20003818                __end = .
                0x20003818                PROVIDE (end, .)
                0x20003818                PROVIDE (__bss_end__, .)
                0x00007320                __cy_region_init_ram = LOADADDR (.data)
                0x00000078                __cy_region_init_size_ram = (_edata - ADDR (.data))
                0x0000b6e0                __cy_region_zero_size_ram = (_end - _edata)

.heap           0x20003818       0x80 load address 0x00007398
                0x20003818                . = _end
                0x20003898                . = (. + 0x80)
 *fill*         0x20003818       0x80 
                0x20003898                __cy_heap_limit = .

.stack          0x20007800      0x800
                0x20007800                __cy_stack_limit = .
                0x20008000                . = (. + 0x800)
 *fill*         0x20007800      0x800 
                0x00000001                ASSERT ((__cy_stack_limit >= __cy_heap_limit), region RAM overflowed with stack)
                0x00000000                cy_checksum_exclude_size = (CY_APPL_LOADABLE == 0x1)?SIZEOF (.cy_checksum_exclude):0x0
                0x00000001                ASSERT ((cy_checksum_exclude_size <= CY_CHECKSUM_EXCLUDE_SIZE), CY_BOOT: Section .cy_checksum_exclude size exceedes specified limit.)

.cyloadermeta
 *(.cyloadermeta)

.cyloadablemeta
 *(.cyloadablemeta)

.cyconfigecc    0x80000000      0x538
 *(.cyconfigecc)
 .cyconfigecc   0x80000000      0x538 C:\Users\elias\AppData\Local\Temp\ccXq5O6Q.ltrans3.ltrans.o
                0x80000000                cy_meta_configecc

.cycustnvl      0x90000000        0x4
 *(.cycustnvl)
 .cycustnvl     0x90000000        0x4 C:\Users\elias\AppData\Local\Temp\ccXq5O6Q.ltrans3.ltrans.o
                0x90000000                cy_meta_custnvl

.cywolatch      0x90100000        0x4
 *(.cywolatch)
 .cywolatch     0x90100000        0x4 C:\Users\elias\AppData\Local\Temp\ccXq5O6Q.ltrans3.ltrans.o
                0x90100000                cy_meta_wonvl

.cyeeprom       0x90200000        0x0
 *(.cyeeprom)
                0x00000001                ASSERT ((. <= ((0x90200000 + ee_offset) + ee_size)), .cyeeprom data will not fit in EEPROM)

.cyflashprotect
                0x90400000      0x100
 *(.cyflashprotect)
 .cyflashprotect
                0x90400000      0x100 C:\Users\elias\AppData\Local\Temp\ccXq5O6Q.ltrans3.ltrans.o
                0x90400000                cy_meta_flashprotect

.cymeta         0x90500000        0xc
 *(.cymeta)
 .cymeta        0x90500000        0xc C:\Users\elias\AppData\Local\Temp\ccXq5O6Q.ltrans3.ltrans.o
                0x90500000                cy_metadata

.rel.dyn        0x00007398        0x0 load address 0x9050000c
 .rel.iplt      0x00007398        0x0 c:/program files (x86)/cypress/psoc creator/4.4/psoc creator/import/gnu/arm/5.4.1/bin/../lib/gcc/arm-none-eabi/5.4.1/armv7-m/crtbegin.o

.stab
 *(.stab)

.stabstr
 *(.stabstr)

.debug
 *(.debug)

.line
 *(.line)

.debug_srcinfo
 *(.debug_srcinfo)

.debug_sfnames
 *(.debug_sfnames)

.debug_aranges  0x00000000      0x218
 *(.debug_aranges)
 .debug_aranges
                0x00000000       0x20 C:\Users\elias\AppData\Local\Temp\ccXq5O6Q.ltrans0.ltrans.o
 .debug_aranges
                0x00000020       0x20 C:\Users\elias\AppData\Local\Temp\ccXq5O6Q.ltrans1.ltrans.o
 .debug_aranges
                0x00000040       0x20 C:\Users\elias\AppData\Local\Temp\ccXq5O6Q.ltrans2.ltrans.o
 .debug_aranges
                0x00000060       0x60 C:\Users\elias\AppData\Local\Temp\ccXq5O6Q.ltrans3.ltrans.o
 .debug_aranges
                0x000000c0       0x38 C:\Users\elias\AppData\Local\Temp\ccXq5O6Q.ltrans4.ltrans.o
 .debug_aranges
                0x000000f8       0x58 C:\Users\elias\AppData\Local\Temp\ccXq5O6Q.ltrans5.ltrans.o
 .debug_aranges
                0x00000150       0x68 C:\Users\elias\AppData\Local\Temp\ccXq5O6Q.ltrans6.ltrans.o
 .debug_aranges
                0x000001b8       0x40 C:\Users\elias\AppData\Local\Temp\ccXq5O6Q.ltrans7.ltrans.o
 .debug_aranges
                0x000001f8       0x20 .\CortexM3\ARM_GCC_541\Debug\AcondicionamientoAnalogico.a(CyBootAsmGnu.o)

.debug_pubnames
 *(.debug_pubnames)

.debug_info     0x00000000     0xc6b7
 *(.debug_info .gnu.linkonce.wi.*)
 .debug_info    0x00000000     0x2c18 C:\Users\elias\AppData\Local\Temp\ccXq5O6Q.ltrans0.ltrans.o
 .debug_info    0x00002c18     0x2021 C:\Users\elias\AppData\Local\Temp\ccXq5O6Q.ltrans1.ltrans.o
 .debug_info    0x00004c39     0x2743 C:\Users\elias\AppData\Local\Temp\ccXq5O6Q.ltrans2.ltrans.o
 .debug_info    0x0000737c      0xf74 C:\Users\elias\AppData\Local\Temp\ccXq5O6Q.ltrans3.ltrans.o
 .debug_info    0x000082f0     0x16a3 C:\Users\elias\AppData\Local\Temp\ccXq5O6Q.ltrans4.ltrans.o
 .debug_info    0x00009993      0xef8 C:\Users\elias\AppData\Local\Temp\ccXq5O6Q.ltrans5.ltrans.o
 .debug_info    0x0000a88b     0x11b3 C:\Users\elias\AppData\Local\Temp\ccXq5O6Q.ltrans6.ltrans.o
 .debug_info    0x0000ba3e      0xbf1 C:\Users\elias\AppData\Local\Temp\ccXq5O6Q.ltrans7.ltrans.o
 .debug_info    0x0000c62f       0x88 .\CortexM3\ARM_GCC_541\Debug\AcondicionamientoAnalogico.a(CyBootAsmGnu.o)

.debug_abbrev   0x00000000     0x1edf
 *(.debug_abbrev)
 .debug_abbrev  0x00000000      0x3d6 C:\Users\elias\AppData\Local\Temp\ccXq5O6Q.ltrans0.ltrans.o
 .debug_abbrev  0x000003d6      0x3e5 C:\Users\elias\AppData\Local\Temp\ccXq5O6Q.ltrans1.ltrans.o
 .debug_abbrev  0x000007bb      0x39c C:\Users\elias\AppData\Local\Temp\ccXq5O6Q.ltrans2.ltrans.o
 .debug_abbrev  0x00000b57      0x408 C:\Users\elias\AppData\Local\Temp\ccXq5O6Q.ltrans3.ltrans.o
 .debug_abbrev  0x00000f5f      0x43e C:\Users\elias\AppData\Local\Temp\ccXq5O6Q.ltrans4.ltrans.o
 .debug_abbrev  0x0000139d      0x3f4 C:\Users\elias\AppData\Local\Temp\ccXq5O6Q.ltrans5.ltrans.o
 .debug_abbrev  0x00001791      0x39e C:\Users\elias\AppData\Local\Temp\ccXq5O6Q.ltrans6.ltrans.o
 .debug_abbrev  0x00001b2f      0x39c C:\Users\elias\AppData\Local\Temp\ccXq5O6Q.ltrans7.ltrans.o
 .debug_abbrev  0x00001ecb       0x14 .\CortexM3\ARM_GCC_541\Debug\AcondicionamientoAnalogico.a(CyBootAsmGnu.o)

.debug_line     0x00000000     0x3be0
 *(.debug_line)
 .debug_line    0x00000000      0xddc C:\Users\elias\AppData\Local\Temp\ccXq5O6Q.ltrans0.ltrans.o
 .debug_line    0x00000ddc      0x893 C:\Users\elias\AppData\Local\Temp\ccXq5O6Q.ltrans1.ltrans.o
 .debug_line    0x0000166f      0xb23 C:\Users\elias\AppData\Local\Temp\ccXq5O6Q.ltrans2.ltrans.o
 .debug_line    0x00002192      0x667 C:\Users\elias\AppData\Local\Temp\ccXq5O6Q.ltrans3.ltrans.o
 .debug_line    0x000027f9      0x43a C:\Users\elias\AppData\Local\Temp\ccXq5O6Q.ltrans4.ltrans.o
 .debug_line    0x00002c33      0x646 C:\Users\elias\AppData\Local\Temp\ccXq5O6Q.ltrans5.ltrans.o
 .debug_line    0x00003279      0x55e C:\Users\elias\AppData\Local\Temp\ccXq5O6Q.ltrans6.ltrans.o
 .debug_line    0x000037d7      0x3a3 C:\Users\elias\AppData\Local\Temp\ccXq5O6Q.ltrans7.ltrans.o
 .debug_line    0x00003b7a       0x66 .\CortexM3\ARM_GCC_541\Debug\AcondicionamientoAnalogico.a(CyBootAsmGnu.o)

.debug_frame    0x00000000      0x748
 *(.debug_frame)
 .debug_frame   0x00000000       0x40 C:\Users\elias\AppData\Local\Temp\ccXq5O6Q.ltrans0.ltrans.o
 .debug_frame   0x00000040       0x64 C:\Users\elias\AppData\Local\Temp\ccXq5O6Q.ltrans1.ltrans.o
 .debug_frame   0x000000a4       0x2c C:\Users\elias\AppData\Local\Temp\ccXq5O6Q.ltrans2.ltrans.o
 .debug_frame   0x000000d0      0x158 C:\Users\elias\AppData\Local\Temp\ccXq5O6Q.ltrans3.ltrans.o
 .debug_frame   0x00000228       0xb8 C:\Users\elias\AppData\Local\Temp\ccXq5O6Q.ltrans4.ltrans.o
 .debug_frame   0x000002e0      0x118 C:\Users\elias\AppData\Local\Temp\ccXq5O6Q.ltrans5.ltrans.o
 .debug_frame   0x000003f8      0x158 C:\Users\elias\AppData\Local\Temp\ccXq5O6Q.ltrans6.ltrans.o
 .debug_frame   0x00000550       0xa0 C:\Users\elias\AppData\Local\Temp\ccXq5O6Q.ltrans7.ltrans.o
 .debug_frame   0x000005f0       0x20 c:/program files (x86)/cypress/psoc creator/4.4/psoc creator/import/gnu/arm/5.4.1/bin/../lib/gcc/arm-none-eabi/5.4.1/../../../../arm-none-eabi/lib/armv7-m\libg_nano.a(lib_a-errno.o)
 .debug_frame   0x00000610       0x28 c:/program files (x86)/cypress/psoc creator/4.4/psoc creator/import/gnu/arm/5.4.1/bin/../lib/gcc/arm-none-eabi/5.4.1/../../../../arm-none-eabi/lib/armv7-m\libg_nano.a(lib_a-exit.o)
 .debug_frame   0x00000638       0x2c c:/program files (x86)/cypress/psoc creator/4.4/psoc creator/import/gnu/arm/5.4.1/bin/../lib/gcc/arm-none-eabi/5.4.1/../../../../arm-none-eabi/lib/armv7-m\libg_nano.a(lib_a-init.o)
 .debug_frame   0x00000664       0x20 c:/program files (x86)/cypress/psoc creator/4.4/psoc creator/import/gnu/arm/5.4.1/bin/../lib/gcc/arm-none-eabi/5.4.1/../../../../arm-none-eabi/lib/armv7-m\libg_nano.a(lib_a-memset.o)
 .debug_frame   0x00000684       0x20 c:/program files (x86)/cypress/psoc creator/4.4/psoc creator/import/gnu/arm/5.4.1/bin/../lib/gcc/arm-none-eabi/5.4.1/../../../../arm-none-eabi/lib/armv7-m\libnosys.a(_exit.o)
 .debug_frame   0x000006a4       0x44 c:/program files (x86)/cypress/psoc creator/4.4/psoc creator/import/gnu/arm/5.4.1/bin/../lib/gcc/arm-none-eabi/5.4.1/armv7-m\libgcc.a(_aeabi_ldivmod.o)
 .debug_frame   0x000006e8       0x38 c:/program files (x86)/cypress/psoc creator/4.4/psoc creator/import/gnu/arm/5.4.1/bin/../lib/gcc/arm-none-eabi/5.4.1/armv7-m\libgcc.a(_udivmoddi4.o)
 .debug_frame   0x00000720       0x28 c:/program files (x86)/cypress/psoc creator/4.4/psoc creator/import/gnu/arm/5.4.1/bin/../lib/gcc/arm-none-eabi/5.4.1/../../../../arm-none-eabi/lib/armv7-m\libg_nano.a(lib_a-memcpy-stub.o)

.debug_str      0x00000000     0x3138
 *(.debug_str)
 .debug_str     0x00000000      0xbd0 C:\Users\elias\AppData\Local\Temp\ccXq5O6Q.ltrans0.ltrans.o
                                0xc9b (size before relaxing)
 .debug_str     0x00000bd0      0x689 C:\Users\elias\AppData\Local\Temp\ccXq5O6Q.ltrans1.ltrans.o
                                0xc60 (size before relaxing)
 .debug_str     0x00001259      0xab2 C:\Users\elias\AppData\Local\Temp\ccXq5O6Q.ltrans2.ltrans.o
                               0x107c (size before relaxing)
 .debug_str     0x00001d0b      0x38c C:\Users\elias\AppData\Local\Temp\ccXq5O6Q.ltrans3.ltrans.o
                                0x885 (size before relaxing)
 .debug_str     0x00002097      0x4a1 C:\Users\elias\AppData\Local\Temp\ccXq5O6Q.ltrans4.ltrans.o
                                0xbbb (size before relaxing)
 .debug_str     0x00002538      0x4a6 C:\Users\elias\AppData\Local\Temp\ccXq5O6Q.ltrans5.ltrans.o
                                0x7b5 (size before relaxing)
 .debug_str     0x000029de      0x56f C:\Users\elias\AppData\Local\Temp\ccXq5O6Q.ltrans6.ltrans.o
                                0xac1 (size before relaxing)
 .debug_str     0x00002f4d      0x1eb C:\Users\elias\AppData\Local\Temp\ccXq5O6Q.ltrans7.ltrans.o
                                0x657 (size before relaxing)

.debug_loc      0x00000000     0x77ef
 *(.debug_loc)
 .debug_loc     0x00000000     0x20b6 C:\Users\elias\AppData\Local\Temp\ccXq5O6Q.ltrans0.ltrans.o
 .debug_loc     0x000020b6     0x1990 C:\Users\elias\AppData\Local\Temp\ccXq5O6Q.ltrans1.ltrans.o
 .debug_loc     0x00003a46     0x1279 C:\Users\elias\AppData\Local\Temp\ccXq5O6Q.ltrans2.ltrans.o
 .debug_loc     0x00004cbf      0x489 C:\Users\elias\AppData\Local\Temp\ccXq5O6Q.ltrans3.ltrans.o
 .debug_loc     0x00005148      0xf03 C:\Users\elias\AppData\Local\Temp\ccXq5O6Q.ltrans4.ltrans.o
 .debug_loc     0x0000604b      0x90f C:\Users\elias\AppData\Local\Temp\ccXq5O6Q.ltrans5.ltrans.o
 .debug_loc     0x0000695a      0x7dd C:\Users\elias\AppData\Local\Temp\ccXq5O6Q.ltrans6.ltrans.o
 .debug_loc     0x00007137      0x6b8 C:\Users\elias\AppData\Local\Temp\ccXq5O6Q.ltrans7.ltrans.o

.debug_macinfo
 *(.debug_macinfo)

.debug_ranges   0x00000000     0x4050
 *(.debug_ranges)
 .debug_ranges  0x00000000      0xf70 C:\Users\elias\AppData\Local\Temp\ccXq5O6Q.ltrans0.ltrans.o
 .debug_ranges  0x00000f70      0xd18 C:\Users\elias\AppData\Local\Temp\ccXq5O6Q.ltrans1.ltrans.o
 .debug_ranges  0x00001c88      0xdb0 C:\Users\elias\AppData\Local\Temp\ccXq5O6Q.ltrans2.ltrans.o
 .debug_ranges  0x00002a38      0x6a8 C:\Users\elias\AppData\Local\Temp\ccXq5O6Q.ltrans3.ltrans.o
 .debug_ranges  0x000030e0      0x488 C:\Users\elias\AppData\Local\Temp\ccXq5O6Q.ltrans4.ltrans.o
 .debug_ranges  0x00003568      0x4f8 C:\Users\elias\AppData\Local\Temp\ccXq5O6Q.ltrans5.ltrans.o
 .debug_ranges  0x00003a60      0x2b8 C:\Users\elias\AppData\Local\Temp\ccXq5O6Q.ltrans6.ltrans.o
 .debug_ranges  0x00003d18      0x338 C:\Users\elias\AppData\Local\Temp\ccXq5O6Q.ltrans7.ltrans.o

.comment        0x00000000       0x6e
 .comment       0x00000000       0x6e C:\Users\elias\AppData\Local\Temp\ccXq5O6Q.ltrans0.ltrans.o
                                 0x6f (size before relaxing)
 .comment       0x0000006e       0x6f C:\Users\elias\AppData\Local\Temp\ccXq5O6Q.ltrans1.ltrans.o
 .comment       0x0000006e       0x6f C:\Users\elias\AppData\Local\Temp\ccXq5O6Q.ltrans2.ltrans.o
 .comment       0x0000006e       0x6f C:\Users\elias\AppData\Local\Temp\ccXq5O6Q.ltrans3.ltrans.o
 .comment       0x0000006e       0x6f C:\Users\elias\AppData\Local\Temp\ccXq5O6Q.ltrans4.ltrans.o
 .comment       0x0000006e       0x6f C:\Users\elias\AppData\Local\Temp\ccXq5O6Q.ltrans5.ltrans.o
 .comment       0x0000006e       0x6f C:\Users\elias\AppData\Local\Temp\ccXq5O6Q.ltrans6.ltrans.o
 .comment       0x0000006e       0x6f C:\Users\elias\AppData\Local\Temp\ccXq5O6Q.ltrans7.ltrans.o

.debug_weaknames
 *(.debug_weaknames)

.debug_funcnames
 *(.debug_funcnames)

.debug_typenames
 *(.debug_typenames)

.debug_varnames
 *(.debug_varnames)

.note.gnu.arm.ident
 *(.note.gnu.arm.ident)

.ARM.attributes
                0x00000000       0x29
 *(.ARM.attributes)
 .ARM.attributes
                0x00000000       0x1d c:/program files (x86)/cypress/psoc creator/4.4/psoc creator/import/gnu/arm/5.4.1/bin/../lib/gcc/arm-none-eabi/5.4.1/armv7-m/crti.o
 .ARM.attributes
                0x0000001d       0x2d c:/program files (x86)/cypress/psoc creator/4.4/psoc creator/import/gnu/arm/5.4.1/bin/../lib/gcc/arm-none-eabi/5.4.1/armv7-m/crtbegin.o
 .ARM.attributes
                0x0000004a       0x1b c:/program files (x86)/cypress/psoc creator/4.4/psoc creator/import/gnu/arm/5.4.1/bin/../lib/gcc/arm-none-eabi/5.4.1/../../../../arm-none-eabi/lib/armv7-m/crt0.o
 .ARM.attributes
                0x00000065       0x31 C:\Users\elias\AppData\Local\Temp\ccXq5O6Q.ltrans0.ltrans.o
 .ARM.attributes
                0x00000096       0x31 C:\Users\elias\AppData\Local\Temp\ccXq5O6Q.ltrans1.ltrans.o
 .ARM.attributes
                0x000000c7       0x31 C:\Users\elias\AppData\Local\Temp\ccXq5O6Q.ltrans2.ltrans.o
 .ARM.attributes
                0x000000f8       0x31 C:\Users\elias\AppData\Local\Temp\ccXq5O6Q.ltrans3.ltrans.o
 .ARM.attributes
                0x00000129       0x31 C:\Users\elias\AppData\Local\Temp\ccXq5O6Q.ltrans4.ltrans.o
 .ARM.attributes
                0x0000015a       0x31 C:\Users\elias\AppData\Local\Temp\ccXq5O6Q.ltrans5.ltrans.o
 .ARM.attributes
                0x0000018b       0x31 C:\Users\elias\AppData\Local\Temp\ccXq5O6Q.ltrans6.ltrans.o
 .ARM.attributes
                0x000001bc       0x31 C:\Users\elias\AppData\Local\Temp\ccXq5O6Q.ltrans7.ltrans.o
 .ARM.attributes
                0x000001ed       0x21 .\CortexM3\ARM_GCC_541\Debug\AcondicionamientoAnalogico.a(CyBootAsmGnu.o)
 .ARM.attributes
                0x0000020e       0x2d c:/program files (x86)/cypress/psoc creator/4.4/psoc creator/import/gnu/arm/5.4.1/bin/../lib/gcc/arm-none-eabi/5.4.1/../../../../arm-none-eabi/lib/armv7-m\libg_nano.a(lib_a-errno.o)
 .ARM.attributes
                0x0000023b       0x2d c:/program files (x86)/cypress/psoc creator/4.4/psoc creator/import/gnu/arm/5.4.1/bin/../lib/gcc/arm-none-eabi/5.4.1/../../../../arm-none-eabi/lib/armv7-m\libg_nano.a(lib_a-exit.o)
 .ARM.attributes
                0x00000268       0x2d c:/program files (x86)/cypress/psoc creator/4.4/psoc creator/import/gnu/arm/5.4.1/bin/../lib/gcc/arm-none-eabi/5.4.1/../../../../arm-none-eabi/lib/armv7-m\libg_nano.a(lib_a-impure.o)
 .ARM.attributes
                0x00000295       0x2d c:/program files (x86)/cypress/psoc creator/4.4/psoc creator/import/gnu/arm/5.4.1/bin/../lib/gcc/arm-none-eabi/5.4.1/../../../../arm-none-eabi/lib/armv7-m\libg_nano.a(lib_a-init.o)
 .ARM.attributes
                0x000002c2       0x2d c:/program files (x86)/cypress/psoc creator/4.4/psoc creator/import/gnu/arm/5.4.1/bin/../lib/gcc/arm-none-eabi/5.4.1/../../../../arm-none-eabi/lib/armv7-m\libg_nano.a(lib_a-memset.o)
 .ARM.attributes
                0x000002ef       0x2d c:/program files (x86)/cypress/psoc creator/4.4/psoc creator/import/gnu/arm/5.4.1/bin/../lib/gcc/arm-none-eabi/5.4.1/armv7-m/crtend.o
 .ARM.attributes
                0x0000031c       0x1d c:/program files (x86)/cypress/psoc creator/4.4/psoc creator/import/gnu/arm/5.4.1/bin/../lib/gcc/arm-none-eabi/5.4.1/armv7-m/crtn.o
 .ARM.attributes
                0x00000339       0x2d c:/program files (x86)/cypress/psoc creator/4.4/psoc creator/import/gnu/arm/5.4.1/bin/../lib/gcc/arm-none-eabi/5.4.1/../../../../arm-none-eabi/lib/armv7-m\libnosys.a(_exit.o)
 .ARM.attributes
                0x00000366       0x1d c:/program files (x86)/cypress/psoc creator/4.4/psoc creator/import/gnu/arm/5.4.1/bin/../lib/gcc/arm-none-eabi/5.4.1/armv7-m\libgcc.a(_aeabi_ldivmod.o)
 .ARM.attributes
                0x00000383       0x2d c:/program files (x86)/cypress/psoc creator/4.4/psoc creator/import/gnu/arm/5.4.1/bin/../lib/gcc/arm-none-eabi/5.4.1/armv7-m\libgcc.a(_udivmoddi4.o)
 .ARM.attributes
                0x000003b0       0x1d c:/program files (x86)/cypress/psoc creator/4.4/psoc creator/import/gnu/arm/5.4.1/bin/../lib/gcc/arm-none-eabi/5.4.1/armv7-m\libgcc.a(_dvmd_tls.o)
 .ARM.attributes
                0x000003cd       0x2d c:/program files (x86)/cypress/psoc creator/4.4/psoc creator/import/gnu/arm/5.4.1/bin/../lib/gcc/arm-none-eabi/5.4.1/../../../../arm-none-eabi/lib/armv7-m\libg_nano.a(lib_a-memcpy-stub.o)

/DISCARD/
 *(.note.GNU-stack)
OUTPUT(C:\Github\Tesis\src\psoc\AcondicionamientoAnalogico.cydsn\CortexM3\ARM_GCC_541\Debug\AcondicionamientoAnalogico.elf elf32-littlearm)
