Archive member included to satisfy reference by file (symbol)

.\CortexM3\ARM_GCC_541\Debug\AcondicionamientoAnalogico.a(Filter.o)
                              .\CortexM3\ARM_GCC_541\Debug\main.o (symbol from plugin) (Filter_Start)
.\CortexM3\ARM_GCC_541\Debug\AcondicionamientoAnalogico.a(Filter_PVT.o)
                              Filter.o (symbol from plugin) (Filter_SetInterruptMode)
.\CortexM3\ARM_GCC_541\Debug\AcondicionamientoAnalogico.a(Filter_RAM_Data.o)
                              Filter.o (symbol from plugin) (Filter_cfsm)
.\CortexM3\ARM_GCC_541\Debug\AcondicionamientoAnalogico.a(CyDmac.o)
                              .\CortexM3\ARM_GCC_541\Debug\Cm3Start.o (symbol from plugin) (CyDmacConfigure)
.\CortexM3\ARM_GCC_541\Debug\AcondicionamientoAnalogico.a(CyLib.o)
                              .\CortexM3\ARM_GCC_541\Debug\Cm3Start.o (symbol from plugin) (CyHalt)
.\CortexM3\ARM_GCC_541\Debug\AcondicionamientoAnalogico.a(cyPm.o)
                              CyLib.o (symbol from plugin) (CyPmReadStatus)
.\CortexM3\ARM_GCC_541\Debug\AcondicionamientoAnalogico.a(DMA_DelSig_Filter_dma.o)
                              .\CortexM3\ARM_GCC_541\Debug\main.o (symbol from plugin) (DMA_DelSig_Filter_DmaInitialize)
.\CortexM3\ARM_GCC_541\Debug\AcondicionamientoAnalogico.a(DMA_DelSig_RAM_dma.o)
                              .\CortexM3\ARM_GCC_541\Debug\main.o (symbol from plugin) (DMA_DelSig_RAM_DmaInitialize)
.\CortexM3\ARM_GCC_541\Debug\AcondicionamientoAnalogico.a(isr_Timer.o)
                              .\CortexM3\ARM_GCC_541\Debug\main.o (symbol from plugin) (isr_Timer_StartEx)
.\CortexM3\ARM_GCC_541\Debug\AcondicionamientoAnalogico.a(Timer.o)
                              .\CortexM3\ARM_GCC_541\Debug\main.o (symbol from plugin) (Timer_Start)
.\CortexM3\ARM_GCC_541\Debug\AcondicionamientoAnalogico.a(LED.o)
                              .\CortexM3\ARM_GCC_541\Debug\main.o (symbol from plugin) (LED_Write)
.\CortexM3\ARM_GCC_541\Debug\AcondicionamientoAnalogico.a(UART.o)
                              .\CortexM3\ARM_GCC_541\Debug\main.o (symbol from plugin) (UART_Start)
.\CortexM3\ARM_GCC_541\Debug\AcondicionamientoAnalogico.a(UART_INT.o)
                              UART.o (symbol from plugin) (UART_RXISR)
.\CortexM3\ARM_GCC_541\Debug\AcondicionamientoAnalogico.a(UART_IntClock.o)
                              UART.o (symbol from plugin) (UART_IntClock_Start)
.\CortexM3\ARM_GCC_541\Debug\AcondicionamientoAnalogico.a(ADC.o)
                              .\CortexM3\ARM_GCC_541\Debug\calibration.o (symbol from plugin) (ADC_Start)
.\CortexM3\ARM_GCC_541\Debug\AcondicionamientoAnalogico.a(ADC_INT.o)
                              ADC.o (symbol from plugin) (ADC_ISR1)
.\CortexM3\ARM_GCC_541\Debug\AcondicionamientoAnalogico.a(ADC_Ext_CP_Clk.o)
                              ADC.o (symbol from plugin) (ADC_Ext_CP_Clk_SetDividerRegister)
.\CortexM3\ARM_GCC_541\Debug\AcondicionamientoAnalogico.a(ADC_theACLK.o)
                              ADC.o (symbol from plugin) (ADC_theACLK_SetDividerRegister)
.\CortexM3\ARM_GCC_541\Debug\AcondicionamientoAnalogico.a(VDAC_PGA.o)
                              .\CortexM3\ARM_GCC_541\Debug\calibration.o (symbol from plugin) (VDAC_PGA_Start)
.\CortexM3\ARM_GCC_541\Debug\AcondicionamientoAnalogico.a(SYNC_IN.o)
                              .\CortexM3\ARM_GCC_541\Debug\main.o (symbol from plugin) (SYNC_IN_Read)
.\CortexM3\ARM_GCC_541\Debug\AcondicionamientoAnalogico.a(isr_SyncIn.o)
                              .\CortexM3\ARM_GCC_541\Debug\main.o (symbol from plugin) (isr_SyncIn_StartEx)
.\CortexM3\ARM_GCC_541\Debug\AcondicionamientoAnalogico.a(LPF_ADC.o)
                              .\CortexM3\ARM_GCC_541\Debug\psoc_hw.o (symbol from plugin) (LPF_ADC_Start)
.\CortexM3\ARM_GCC_541\Debug\AcondicionamientoAnalogico.a(PGA.o)
                              .\CortexM3\ARM_GCC_541\Debug\psoc_hw.o (symbol from plugin) (PGA_Start)
.\CortexM3\ARM_GCC_541\Debug\AcondicionamientoAnalogico.a(ADC_AMux.o)
                              ADC.o (symbol from plugin) (ADC_AMux_Select)
.\CortexM3\ARM_GCC_541\Debug\AcondicionamientoAnalogico.a(Opa_LP.o)
                              .\CortexM3\ARM_GCC_541\Debug\psoc_hw.o (symbol from plugin) (Opa_LP_Start)
.\CortexM3\ARM_GCC_541\Debug\AcondicionamientoAnalogico.a(VDAC_LP.o)
                              .\CortexM3\ARM_GCC_541\Debug\calibration.o (symbol from plugin) (VDAC_LP_Start)
.\CortexM3\ARM_GCC_541\Debug\AcondicionamientoAnalogico.a(AMux_ADC.o)
                              .\CortexM3\ARM_GCC_541\Debug\calibration.o (symbol from plugin) (AMux_ADC_Start)
.\CortexM3\ARM_GCC_541\Debug\AcondicionamientoAnalogico.a(Opa_ref_PGA.o)
                              .\CortexM3\ARM_GCC_541\Debug\psoc_hw.o (symbol from plugin) (Opa_ref_PGA_Start)
.\CortexM3\ARM_GCC_541\Debug\AcondicionamientoAnalogico.a(Clock_1.o)
                              .\CortexM3\ARM_GCC_541\Debug\main.o (symbol from plugin) (Clock_1_Start)
.\CortexM3\ARM_GCC_541\Debug\AcondicionamientoAnalogico.a(isr_Button.o)
                              .\CortexM3\ARM_GCC_541\Debug\main.o (symbol from plugin) (isr_Button_StartEx)
.\CortexM3\ARM_GCC_541\Debug\AcondicionamientoAnalogico.a(EEPROM.o)
                              .\CortexM3\ARM_GCC_541\Debug\main.o (symbol from plugin) (EEPROM_Start)
.\CortexM3\ARM_GCC_541\Debug\AcondicionamientoAnalogico.a(DMA_Filter_RAM_dma.o)
                              .\CortexM3\ARM_GCC_541\Debug\main.o (symbol from plugin) (DMA_Filter_RAM_DmaInitialize)
.\CortexM3\ARM_GCC_541\Debug\AcondicionamientoAnalogico.a(isr_DMA_DelSig_RAM.o)
                              .\CortexM3\ARM_GCC_541\Debug\main.o (symbol from plugin) (isr_DMA_DelSig_RAM_StartEx)
.\CortexM3\ARM_GCC_541\Debug\AcondicionamientoAnalogico.a(isr_DMA_Filter_RAM.o)
                              .\CortexM3\ARM_GCC_541\Debug\main.o (symbol from plugin) (isr_DMA_Filter_RAM_StartEx)
.\CortexM3\ARM_GCC_541\Debug\AcondicionamientoAnalogico.a(Reg_Select.o)
                              .\CortexM3\ARM_GCC_541\Debug\main.o (symbol from plugin) (Reg_Select_Write)
.\CortexM3\ARM_GCC_541\Debug\AcondicionamientoAnalogico.a(Opa_ref_1V.o)
                              .\CortexM3\ARM_GCC_541\Debug\psoc_hw.o (symbol from plugin) (Opa_ref_1V_Start)
.\CortexM3\ARM_GCC_541\Debug\AcondicionamientoAnalogico.a(PC.o)
                              .\CortexM3\ARM_GCC_541\Debug\psoc_debug.o (symbol from plugin) (PC_Start)
.\CortexM3\ARM_GCC_541\Debug\AcondicionamientoAnalogico.a(PC_IntClock.o)
                              PC.o (symbol from plugin) (PC_IntClock_Start)
.\CortexM3\ARM_GCC_541\Debug\AcondicionamientoAnalogico.a(CyBootAsmGnu.o)
                              .\CortexM3\ARM_GCC_541\Debug\cyfitter_cfg.o (symbol from plugin) (CyDelayCycles)
.\CortexM3\ARM_GCC_541\Debug\AcondicionamientoAnalogico.a(CyFlash.o)
                              EEPROM.o (symbol from plugin) (dieTemperature)
.\CortexM3\ARM_GCC_541\Debug\AcondicionamientoAnalogico.a(CySpc.o)
                              EEPROM.o (symbol from plugin) (CySpcStart)
c:/program files (x86)/cypress/psoc creator/4.4/psoc creator/import/gnu/arm/5.4.1/bin/../lib/gcc/arm-none-eabi/5.4.1/../../../../arm-none-eabi/lib/armv7-m\libg_nano.a(lib_a-errno.o)
                              .\CortexM3\ARM_GCC_541\Debug\Cm3Start.o (symbol from plugin) (__errno)
c:/program files (x86)/cypress/psoc creator/4.4/psoc creator/import/gnu/arm/5.4.1/bin/../lib/gcc/arm-none-eabi/5.4.1/../../../../arm-none-eabi/lib/armv7-m\libg_nano.a(lib_a-exit.o)
                              c:/program files (x86)/cypress/psoc creator/4.4/psoc creator/import/gnu/arm/5.4.1/bin/../lib/gcc/arm-none-eabi/5.4.1/../../../../arm-none-eabi/lib/armv7-m/crt0.o (exit)
c:/program files (x86)/cypress/psoc creator/4.4/psoc creator/import/gnu/arm/5.4.1/bin/../lib/gcc/arm-none-eabi/5.4.1/../../../../arm-none-eabi/lib/armv7-m\libg_nano.a(lib_a-impure.o)
                              c:/program files (x86)/cypress/psoc creator/4.4/psoc creator/import/gnu/arm/5.4.1/bin/../lib/gcc/arm-none-eabi/5.4.1/../../../../arm-none-eabi/lib/armv7-m\libg_nano.a(lib_a-exit.o) (_global_impure_ptr)
c:/program files (x86)/cypress/psoc creator/4.4/psoc creator/import/gnu/arm/5.4.1/bin/../lib/gcc/arm-none-eabi/5.4.1/../../../../arm-none-eabi/lib/armv7-m\libg_nano.a(lib_a-init.o)
                              c:/program files (x86)/cypress/psoc creator/4.4/psoc creator/import/gnu/arm/5.4.1/bin/../lib/gcc/arm-none-eabi/5.4.1/../../../../arm-none-eabi/lib/armv7-m/crt0.o (__libc_init_array)
c:/program files (x86)/cypress/psoc creator/4.4/psoc creator/import/gnu/arm/5.4.1/bin/../lib/gcc/arm-none-eabi/5.4.1/../../../../arm-none-eabi/lib/armv7-m\libg_nano.a(lib_a-memset.o)
                              c:/program files (x86)/cypress/psoc creator/4.4/psoc creator/import/gnu/arm/5.4.1/bin/../lib/gcc/arm-none-eabi/5.4.1/../../../../arm-none-eabi/lib/armv7-m/crt0.o (memset)
c:/program files (x86)/cypress/psoc creator/4.4/psoc creator/import/gnu/arm/5.4.1/bin/../lib/gcc/arm-none-eabi/5.4.1/../../../../arm-none-eabi/lib/armv7-m\libnosys.a(_exit.o)
                              c:/program files (x86)/cypress/psoc creator/4.4/psoc creator/import/gnu/arm/5.4.1/bin/../lib/gcc/arm-none-eabi/5.4.1/../../../../arm-none-eabi/lib/armv7-m\libg_nano.a(lib_a-exit.o) (_exit)
c:/program files (x86)/cypress/psoc creator/4.4/psoc creator/import/gnu/arm/5.4.1/bin/../lib/gcc/arm-none-eabi/5.4.1/../../../../arm-none-eabi/lib/armv7-m\libg_nano.a(lib_a-memcpy-stub.o)
                              C:\Users\elias\AppData\Local\Temp\ccDsTXm2.ltrans1.ltrans.o (memcpy)

Allocating common symbols
Common symbol       size              file

ADC_CountsPerVolt   0x4               ADC.o (symbol from plugin)
dieTemperature      0x2               CyFlash.o (symbol from plugin)

Discarded input sections

 .text          0x00000000        0x0 c:/program files (x86)/cypress/psoc creator/4.4/psoc creator/import/gnu/arm/5.4.1/bin/../lib/gcc/arm-none-eabi/5.4.1/armv7-m/crti.o
 .data          0x00000000        0x0 c:/program files (x86)/cypress/psoc creator/4.4/psoc creator/import/gnu/arm/5.4.1/bin/../lib/gcc/arm-none-eabi/5.4.1/armv7-m/crti.o
 .bss           0x00000000        0x0 c:/program files (x86)/cypress/psoc creator/4.4/psoc creator/import/gnu/arm/5.4.1/bin/../lib/gcc/arm-none-eabi/5.4.1/armv7-m/crti.o
 .data          0x00000000        0x4 c:/program files (x86)/cypress/psoc creator/4.4/psoc creator/import/gnu/arm/5.4.1/bin/../lib/gcc/arm-none-eabi/5.4.1/armv7-m/crtbegin.o
 .text          0x00000000       0x74 c:/program files (x86)/cypress/psoc creator/4.4/psoc creator/import/gnu/arm/5.4.1/bin/../lib/gcc/arm-none-eabi/5.4.1/../../../../arm-none-eabi/lib/armv7-m/crt0.o
 .data          0x00000000        0x0 c:/program files (x86)/cypress/psoc creator/4.4/psoc creator/import/gnu/arm/5.4.1/bin/../lib/gcc/arm-none-eabi/5.4.1/../../../../arm-none-eabi/lib/armv7-m/crt0.o
 .bss           0x00000000        0x0 c:/program files (x86)/cypress/psoc creator/4.4/psoc creator/import/gnu/arm/5.4.1/bin/../lib/gcc/arm-none-eabi/5.4.1/../../../../arm-none-eabi/lib/armv7-m/crt0.o
 .ARM.extab     0x00000000        0x0 c:/program files (x86)/cypress/psoc creator/4.4/psoc creator/import/gnu/arm/5.4.1/bin/../lib/gcc/arm-none-eabi/5.4.1/../../../../arm-none-eabi/lib/armv7-m/crt0.o
 .ARM.exidx     0x00000000        0x8 c:/program files (x86)/cypress/psoc creator/4.4/psoc creator/import/gnu/arm/5.4.1/bin/../lib/gcc/arm-none-eabi/5.4.1/../../../../arm-none-eabi/lib/armv7-m/crt0.o
 .text          0x00000000        0x0 .\CortexM3\ARM_GCC_541\Debug\main.o (symbol from plugin)
 .text          0x00000000        0x0 C:\Users\elias\AppData\Local\Temp\ccDsTXm2.ltrans0.ltrans.o
 .data          0x00000000        0x0 C:\Users\elias\AppData\Local\Temp\ccDsTXm2.ltrans0.ltrans.o
 .text          0x00000000        0x0 C:\Users\elias\AppData\Local\Temp\ccDsTXm2.ltrans1.ltrans.o
 .text          0x00000000        0x0 C:\Users\elias\AppData\Local\Temp\ccDsTXm2.ltrans2.ltrans.o
 .data          0x00000000        0x0 C:\Users\elias\AppData\Local\Temp\ccDsTXm2.ltrans2.ltrans.o
 .text          0x00000000        0x0 C:\Users\elias\AppData\Local\Temp\ccDsTXm2.ltrans3.ltrans.o
 .text          0x00000000        0x0 C:\Users\elias\AppData\Local\Temp\ccDsTXm2.ltrans4.ltrans.o
 .data          0x00000000        0x0 C:\Users\elias\AppData\Local\Temp\ccDsTXm2.ltrans4.ltrans.o
 .text          0x00000000        0x0 C:\Users\elias\AppData\Local\Temp\ccDsTXm2.ltrans5.ltrans.o
 .data          0x00000000        0x0 C:\Users\elias\AppData\Local\Temp\ccDsTXm2.ltrans5.ltrans.o
 .text._exit    0x00000000        0x4 C:\Users\elias\AppData\Local\Temp\ccDsTXm2.ltrans5.ltrans.o
 .text          0x00000000        0x0 C:\Users\elias\AppData\Local\Temp\ccDsTXm2.ltrans6.ltrans.o
 .data          0x00000000        0x0 C:\Users\elias\AppData\Local\Temp\ccDsTXm2.ltrans6.ltrans.o
 .bss           0x00000000        0x0 C:\Users\elias\AppData\Local\Temp\ccDsTXm2.ltrans6.ltrans.o
 .text          0x00000000        0x0 .\CortexM3\ARM_GCC_541\Debug\calibration.o (symbol from plugin)
 .text          0x00000000        0x0 .\CortexM3\ARM_GCC_541\Debug\psoc_adc.o (symbol from plugin)
 .text          0x00000000        0x0 .\CortexM3\ARM_GCC_541\Debug\psoc_hw.o (symbol from plugin)
 .text          0x00000000        0x0 .\CortexM3\ARM_GCC_541\Debug\crc.o (symbol from plugin)
 .text          0x00000000        0x0 .\CortexM3\ARM_GCC_541\Debug\psoc_nv.o (symbol from plugin)
 .text          0x00000000        0x0 .\CortexM3\ARM_GCC_541\Debug\filter_coeffs.o (symbol from plugin)
 .text          0x00000000        0x0 .\CortexM3\ARM_GCC_541\Debug\FIR_adquisition.o (symbol from plugin)
 .text          0x00000000        0x0 .\CortexM3\ARM_GCC_541\Debug\FIR_calibration.o (symbol from plugin)
 .text          0x00000000        0x0 .\CortexM3\ARM_GCC_541\Debug\psoc_debug.o (symbol from plugin)
 .text          0x00000000        0x0 .\CortexM3\ARM_GCC_541\Debug\cyfitter_cfg.o (symbol from plugin)
 .text          0x00000000        0x0 .\CortexM3\ARM_GCC_541\Debug\cymetadata.o (symbol from plugin)
 .text          0x00000000        0x0 .\CortexM3\ARM_GCC_541\Debug\Cm3Start.o (symbol from plugin)
 .text          0x00000000        0x0 Filter.o (symbol from plugin)
 .text          0x00000000        0x0 Filter_PVT.o (symbol from plugin)
 .text          0x00000000        0x0 Filter_RAM_Data.o (symbol from plugin)
 .text          0x00000000        0x0 CyDmac.o (symbol from plugin)
 .text          0x00000000        0x0 CyLib.o (symbol from plugin)
 .text          0x00000000        0x0 cyPm.o (symbol from plugin)
 .text          0x00000000        0x0 DMA_DelSig_Filter_dma.o (symbol from plugin)
 .text          0x00000000        0x0 DMA_DelSig_RAM_dma.o (symbol from plugin)
 .text          0x00000000        0x0 isr_Timer.o (symbol from plugin)
 .text          0x00000000        0x0 Timer.o (symbol from plugin)
 .text          0x00000000        0x0 LED.o (symbol from plugin)
 .text          0x00000000        0x0 UART.o (symbol from plugin)
 .text          0x00000000        0x0 UART_INT.o (symbol from plugin)
 .text          0x00000000        0x0 UART_IntClock.o (symbol from plugin)
 .text          0x00000000        0x0 ADC.o (symbol from plugin)
 .text          0x00000000        0x0 ADC_INT.o (symbol from plugin)
 .text          0x00000000        0x0 ADC_Ext_CP_Clk.o (symbol from plugin)
 .text          0x00000000        0x0 ADC_theACLK.o (symbol from plugin)
 .text          0x00000000        0x0 VDAC_PGA.o (symbol from plugin)
 .text          0x00000000        0x0 SYNC_IN.o (symbol from plugin)
 .text          0x00000000        0x0 isr_SyncIn.o (symbol from plugin)
 .text          0x00000000        0x0 LPF_ADC.o (symbol from plugin)
 .text          0x00000000        0x0 PGA.o (symbol from plugin)
 .text          0x00000000        0x0 ADC_AMux.o (symbol from plugin)
 .text          0x00000000        0x0 Opa_LP.o (symbol from plugin)
 .text          0x00000000        0x0 VDAC_LP.o (symbol from plugin)
 .text          0x00000000        0x0 AMux_ADC.o (symbol from plugin)
 .text          0x00000000        0x0 Opa_ref_PGA.o (symbol from plugin)
 .text          0x00000000        0x0 Clock_1.o (symbol from plugin)
 .text          0x00000000        0x0 isr_Button.o (symbol from plugin)
 .text          0x00000000        0x0 EEPROM.o (symbol from plugin)
 .text          0x00000000        0x0 DMA_Filter_RAM_dma.o (symbol from plugin)
 .text          0x00000000        0x0 isr_DMA_DelSig_RAM.o (symbol from plugin)
 .text          0x00000000        0x0 isr_DMA_Filter_RAM.o (symbol from plugin)
 .text          0x00000000        0x0 Reg_Select.o (symbol from plugin)
 .text          0x00000000        0x0 Opa_ref_1V.o (symbol from plugin)
 .text          0x00000000        0x0 PC.o (symbol from plugin)
 .text          0x00000000        0x0 PC_IntClock.o (symbol from plugin)
 .data          0x00000000        0x0 .\CortexM3\ARM_GCC_541\Debug\AcondicionamientoAnalogico.a(CyBootAsmGnu.o)
 .bss           0x00000000        0x0 .\CortexM3\ARM_GCC_541\Debug\AcondicionamientoAnalogico.a(CyBootAsmGnu.o)
 .text          0x00000000        0x0 CyFlash.o (symbol from plugin)
 .text          0x00000000        0x0 CySpc.o (symbol from plugin)
 .text          0x00000000        0x0 c:/program files (x86)/cypress/psoc creator/4.4/psoc creator/import/gnu/arm/5.4.1/bin/../lib/gcc/arm-none-eabi/5.4.1/../../../../arm-none-eabi/lib/armv7-m\libg_nano.a(lib_a-errno.o)
 .data          0x00000000        0x0 c:/program files (x86)/cypress/psoc creator/4.4/psoc creator/import/gnu/arm/5.4.1/bin/../lib/gcc/arm-none-eabi/5.4.1/../../../../arm-none-eabi/lib/armv7-m\libg_nano.a(lib_a-errno.o)
 .bss           0x00000000        0x0 c:/program files (x86)/cypress/psoc creator/4.4/psoc creator/import/gnu/arm/5.4.1/bin/../lib/gcc/arm-none-eabi/5.4.1/../../../../arm-none-eabi/lib/armv7-m\libg_nano.a(lib_a-errno.o)
 .text          0x00000000        0x0 c:/program files (x86)/cypress/psoc creator/4.4/psoc creator/import/gnu/arm/5.4.1/bin/../lib/gcc/arm-none-eabi/5.4.1/../../../../arm-none-eabi/lib/armv7-m\libg_nano.a(lib_a-exit.o)
 .data          0x00000000        0x0 c:/program files (x86)/cypress/psoc creator/4.4/psoc creator/import/gnu/arm/5.4.1/bin/../lib/gcc/arm-none-eabi/5.4.1/../../../../arm-none-eabi/lib/armv7-m\libg_nano.a(lib_a-exit.o)
 .bss           0x00000000        0x0 c:/program files (x86)/cypress/psoc creator/4.4/psoc creator/import/gnu/arm/5.4.1/bin/../lib/gcc/arm-none-eabi/5.4.1/../../../../arm-none-eabi/lib/armv7-m\libg_nano.a(lib_a-exit.o)
 .text.exit     0x00000000       0x28 c:/program files (x86)/cypress/psoc creator/4.4/psoc creator/import/gnu/arm/5.4.1/bin/../lib/gcc/arm-none-eabi/5.4.1/../../../../arm-none-eabi/lib/armv7-m\libg_nano.a(lib_a-exit.o)
 .text          0x00000000        0x0 c:/program files (x86)/cypress/psoc creator/4.4/psoc creator/import/gnu/arm/5.4.1/bin/../lib/gcc/arm-none-eabi/5.4.1/../../../../arm-none-eabi/lib/armv7-m\libg_nano.a(lib_a-impure.o)
 .data          0x00000000        0x0 c:/program files (x86)/cypress/psoc creator/4.4/psoc creator/import/gnu/arm/5.4.1/bin/../lib/gcc/arm-none-eabi/5.4.1/../../../../arm-none-eabi/lib/armv7-m\libg_nano.a(lib_a-impure.o)
 .bss           0x00000000        0x0 c:/program files (x86)/cypress/psoc creator/4.4/psoc creator/import/gnu/arm/5.4.1/bin/../lib/gcc/arm-none-eabi/5.4.1/../../../../arm-none-eabi/lib/armv7-m\libg_nano.a(lib_a-impure.o)
 .rodata._global_impure_ptr
                0x00000000        0x4 c:/program files (x86)/cypress/psoc creator/4.4/psoc creator/import/gnu/arm/5.4.1/bin/../lib/gcc/arm-none-eabi/5.4.1/../../../../arm-none-eabi/lib/armv7-m\libg_nano.a(lib_a-impure.o)
 .text          0x00000000        0x0 c:/program files (x86)/cypress/psoc creator/4.4/psoc creator/import/gnu/arm/5.4.1/bin/../lib/gcc/arm-none-eabi/5.4.1/../../../../arm-none-eabi/lib/armv7-m\libg_nano.a(lib_a-init.o)
 .data          0x00000000        0x0 c:/program files (x86)/cypress/psoc creator/4.4/psoc creator/import/gnu/arm/5.4.1/bin/../lib/gcc/arm-none-eabi/5.4.1/../../../../arm-none-eabi/lib/armv7-m\libg_nano.a(lib_a-init.o)
 .bss           0x00000000        0x0 c:/program files (x86)/cypress/psoc creator/4.4/psoc creator/import/gnu/arm/5.4.1/bin/../lib/gcc/arm-none-eabi/5.4.1/../../../../arm-none-eabi/lib/armv7-m\libg_nano.a(lib_a-init.o)
 .text          0x00000000        0x0 c:/program files (x86)/cypress/psoc creator/4.4/psoc creator/import/gnu/arm/5.4.1/bin/../lib/gcc/arm-none-eabi/5.4.1/../../../../arm-none-eabi/lib/armv7-m\libg_nano.a(lib_a-memset.o)
 .data          0x00000000        0x0 c:/program files (x86)/cypress/psoc creator/4.4/psoc creator/import/gnu/arm/5.4.1/bin/../lib/gcc/arm-none-eabi/5.4.1/../../../../arm-none-eabi/lib/armv7-m\libg_nano.a(lib_a-memset.o)
 .bss           0x00000000        0x0 c:/program files (x86)/cypress/psoc creator/4.4/psoc creator/import/gnu/arm/5.4.1/bin/../lib/gcc/arm-none-eabi/5.4.1/../../../../arm-none-eabi/lib/armv7-m\libg_nano.a(lib_a-memset.o)
 .text          0x00000000        0x0 c:/program files (x86)/cypress/psoc creator/4.4/psoc creator/import/gnu/arm/5.4.1/bin/../lib/gcc/arm-none-eabi/5.4.1/armv7-m/crtend.o
 .data          0x00000000        0x0 c:/program files (x86)/cypress/psoc creator/4.4/psoc creator/import/gnu/arm/5.4.1/bin/../lib/gcc/arm-none-eabi/5.4.1/armv7-m/crtend.o
 .bss           0x00000000        0x0 c:/program files (x86)/cypress/psoc creator/4.4/psoc creator/import/gnu/arm/5.4.1/bin/../lib/gcc/arm-none-eabi/5.4.1/armv7-m/crtend.o
 .text          0x00000000        0x0 c:/program files (x86)/cypress/psoc creator/4.4/psoc creator/import/gnu/arm/5.4.1/bin/../lib/gcc/arm-none-eabi/5.4.1/armv7-m/crtn.o
 .data          0x00000000        0x0 c:/program files (x86)/cypress/psoc creator/4.4/psoc creator/import/gnu/arm/5.4.1/bin/../lib/gcc/arm-none-eabi/5.4.1/armv7-m/crtn.o
 .bss           0x00000000        0x0 c:/program files (x86)/cypress/psoc creator/4.4/psoc creator/import/gnu/arm/5.4.1/bin/../lib/gcc/arm-none-eabi/5.4.1/armv7-m/crtn.o
 .text          0x00000000        0x0 c:/program files (x86)/cypress/psoc creator/4.4/psoc creator/import/gnu/arm/5.4.1/bin/../lib/gcc/arm-none-eabi/5.4.1/../../../../arm-none-eabi/lib/armv7-m\libnosys.a(_exit.o)
 .data          0x00000000        0x0 c:/program files (x86)/cypress/psoc creator/4.4/psoc creator/import/gnu/arm/5.4.1/bin/../lib/gcc/arm-none-eabi/5.4.1/../../../../arm-none-eabi/lib/armv7-m\libnosys.a(_exit.o)
 .bss           0x00000000        0x0 c:/program files (x86)/cypress/psoc creator/4.4/psoc creator/import/gnu/arm/5.4.1/bin/../lib/gcc/arm-none-eabi/5.4.1/../../../../arm-none-eabi/lib/armv7-m\libnosys.a(_exit.o)
 .text._exit    0x00000000        0x4 c:/program files (x86)/cypress/psoc creator/4.4/psoc creator/import/gnu/arm/5.4.1/bin/../lib/gcc/arm-none-eabi/5.4.1/../../../../arm-none-eabi/lib/armv7-m\libnosys.a(_exit.o)
 .text          0x00000000        0x0 c:/program files (x86)/cypress/psoc creator/4.4/psoc creator/import/gnu/arm/5.4.1/bin/../lib/gcc/arm-none-eabi/5.4.1/../../../../arm-none-eabi/lib/armv7-m\libg_nano.a(lib_a-memcpy-stub.o)
 .data          0x00000000        0x0 c:/program files (x86)/cypress/psoc creator/4.4/psoc creator/import/gnu/arm/5.4.1/bin/../lib/gcc/arm-none-eabi/5.4.1/../../../../arm-none-eabi/lib/armv7-m\libg_nano.a(lib_a-memcpy-stub.o)
 .bss           0x00000000        0x0 c:/program files (x86)/cypress/psoc creator/4.4/psoc creator/import/gnu/arm/5.4.1/bin/../lib/gcc/arm-none-eabi/5.4.1/../../../../arm-none-eabi/lib/armv7-m\libg_nano.a(lib_a-memcpy-stub.o)

Memory Configuration

Name             Origin             Length             Attributes
rom              0x00000000         0x00040000         xr
ram              0x1fff8000         0x00010000         xrw
*default*        0x00000000         0xffffffff

Linker script and memory map

LOAD c:/program files (x86)/cypress/psoc creator/4.4/psoc creator/import/gnu/arm/5.4.1/bin/../lib/gcc/arm-none-eabi/5.4.1/armv7-m/crti.o
LOAD c:/program files (x86)/cypress/psoc creator/4.4/psoc creator/import/gnu/arm/5.4.1/bin/../lib/gcc/arm-none-eabi/5.4.1/armv7-m/crtbegin.o
LOAD c:/program files (x86)/cypress/psoc creator/4.4/psoc creator/import/gnu/arm/5.4.1/bin/../lib/gcc/arm-none-eabi/5.4.1/../../../../arm-none-eabi/lib/armv7-m/crt0.o
START GROUP
LOAD .\CortexM3\ARM_GCC_541\Debug\main.o
LOAD C:\Users\elias\AppData\Local\Temp\ccDsTXm2.ltrans0.ltrans.o
LOAD C:\Users\elias\AppData\Local\Temp\ccDsTXm2.ltrans1.ltrans.o
LOAD C:\Users\elias\AppData\Local\Temp\ccDsTXm2.ltrans2.ltrans.o
LOAD C:\Users\elias\AppData\Local\Temp\ccDsTXm2.ltrans3.ltrans.o
LOAD C:\Users\elias\AppData\Local\Temp\ccDsTXm2.ltrans4.ltrans.o
LOAD C:\Users\elias\AppData\Local\Temp\ccDsTXm2.ltrans5.ltrans.o
LOAD C:\Users\elias\AppData\Local\Temp\ccDsTXm2.ltrans6.ltrans.o
LOAD .\CortexM3\ARM_GCC_541\Debug\calibration.o
LOAD .\CortexM3\ARM_GCC_541\Debug\psoc_adc.o
LOAD .\CortexM3\ARM_GCC_541\Debug\psoc_hw.o
LOAD .\CortexM3\ARM_GCC_541\Debug\crc.o
LOAD .\CortexM3\ARM_GCC_541\Debug\psoc_nv.o
LOAD .\CortexM3\ARM_GCC_541\Debug\filter_coeffs.o
LOAD .\CortexM3\ARM_GCC_541\Debug\FIR_adquisition.o
LOAD .\CortexM3\ARM_GCC_541\Debug\FIR_calibration.o
LOAD .\CortexM3\ARM_GCC_541\Debug\psoc_debug.o
LOAD .\CortexM3\ARM_GCC_541\Debug\cyfitter_cfg.o
LOAD .\CortexM3\ARM_GCC_541\Debug\cymetadata.o
LOAD .\CortexM3\ARM_GCC_541\Debug\Cm3Start.o
LOAD .\CortexM3\ARM_GCC_541\Debug\AcondicionamientoAnalogico.a
LOAD C:\Program Files (x86)\Cypress\PSoC Creator\4.4\PSoC Creator\psoc\content\cycomponentlibrary\CyComponentLibrary.cylib\CortexM3\ARM_GCC_541\Debug\CyComponentLibrary.a
END GROUP
START GROUP
LOAD c:/program files (x86)/cypress/psoc creator/4.4/psoc creator/import/gnu/arm/5.4.1/bin/../lib/gcc/arm-none-eabi/5.4.1/armv7-m\libgcc.a
LOAD c:/program files (x86)/cypress/psoc creator/4.4/psoc creator/import/gnu/arm/5.4.1/bin/../lib/gcc/arm-none-eabi/5.4.1/../../../../arm-none-eabi/lib/armv7-m\libg_nano.a
LOAD c:/program files (x86)/cypress/psoc creator/4.4/psoc creator/import/gnu/arm/5.4.1/bin/../lib/gcc/arm-none-eabi/5.4.1/../../../../arm-none-eabi/lib/armv7-m\libc_nano.a
END GROUP
START GROUP
LOAD c:/program files (x86)/cypress/psoc creator/4.4/psoc creator/import/gnu/arm/5.4.1/bin/../lib/gcc/arm-none-eabi/5.4.1/armv7-m\libgcc.a
LOAD c:/program files (x86)/cypress/psoc creator/4.4/psoc creator/import/gnu/arm/5.4.1/bin/../lib/gcc/arm-none-eabi/5.4.1/../../../../arm-none-eabi/lib/armv7-m\libc_nano.a
END GROUP
LOAD c:/program files (x86)/cypress/psoc creator/4.4/psoc creator/import/gnu/arm/5.4.1/bin/../lib/gcc/arm-none-eabi/5.4.1/armv7-m/crtend.o
LOAD c:/program files (x86)/cypress/psoc creator/4.4/psoc creator/import/gnu/arm/5.4.1/bin/../lib/gcc/arm-none-eabi/5.4.1/armv7-m/crtn.o
START GROUP
LOAD c:/program files (x86)/cypress/psoc creator/4.4/psoc creator/import/gnu/arm/5.4.1/bin/../lib/gcc/arm-none-eabi/5.4.1/armv7-m\libgcc.a
LOAD c:/program files (x86)/cypress/psoc creator/4.4/psoc creator/import/gnu/arm/5.4.1/bin/../lib/gcc/arm-none-eabi/5.4.1/../../../../arm-none-eabi/lib/armv7-m\libc.a
LOAD c:/program files (x86)/cypress/psoc creator/4.4/psoc creator/import/gnu/arm/5.4.1/bin/../lib/gcc/arm-none-eabi/5.4.1/../../../../arm-none-eabi/lib/armv7-m\libnosys.a
END GROUP
                0x00000000                CY_APPL_ORIGIN = 0x0
                0x00000100                CY_FLASH_ROW_SIZE = 0x100
                0x00000020                CY_ECC_ROW_SIZE = 0x20
                0x00000000                CY_EE_IN_BTLDR = 0x0
                0x00000000                CY_APPL_LOADABLE = 0x0
                0x00000800                CY_EE_SIZE = 0x800
                0x00000001                CY_APPL_NUM = 0x1
                0x00000001                CY_APPL_MAX = 0x1
                0x00000040                CY_METADATA_SIZE = 0x40
                0x00000000                CY_APPL_LOADABLE = 0x0
                0x00000000                CY_CHECKSUM_EXCLUDE_SIZE = ALIGN (0x0, CY_FLASH_ROW_SIZE)
                [!provide]                PROVIDE (__cy_heap_start, _end)
                0x00000001                PROVIDE (__cy_region_num, ((__cy_regions_end - __cy_regions) / 0x10))
                0x20008000                PROVIDE (__cy_stack, (ORIGIN (ram) + LENGTH (ram)))
                [!provide]                PROVIDE (__cy_heap_end, (__cy_stack - 0x800))

.cybootloader   0x00000000        0x0
 *(.cybootloader)
                0x00000000                appl1_start = CY_APPL_ORIGIN?CY_APPL_ORIGIN:ALIGN (CY_FLASH_ROW_SIZE)
                0x0001ff00                appl2_start = (appl1_start + ALIGN ((((LENGTH (rom) - appl1_start) - (0x2 * CY_FLASH_ROW_SIZE)) / 0x2), CY_FLASH_ROW_SIZE))
                0x00000000                appl_start = (CY_APPL_NUM == 0x1)?appl1_start:appl2_start
                0x00000000                ecc_offset = ((appl_start / CY_FLASH_ROW_SIZE) * CY_ECC_ROW_SIZE)
                0x00000000                ee_offset = (CY_APPL_LOADABLE && ! (CY_EE_IN_BTLDR))?((CY_EE_SIZE / CY_APPL_MAX) * (CY_APPL_NUM - 0x1)):0x0
                0x00000800                ee_size = (CY_APPL_LOADABLE && ! (CY_EE_IN_BTLDR))?(CY_EE_SIZE / CY_APPL_MAX):CY_EE_SIZE
                [!provide]                PROVIDE (CY_ECC_OFFSET, ecc_offset)

.text           0x00000000     0x597e
 CREATE_OBJECT_SYMBOLS
                0x00000000                PROVIDE (__cy_interrupt_vector, RomVectors)
 *(.romvectors)
 .romvectors    0x00000000       0x10 C:\Users\elias\AppData\Local\Temp\ccDsTXm2.ltrans5.ltrans.o
                0x00000000                RomVectors
                0x00000001                ASSERT ((. != __cy_interrupt_vector), No interrupt vector)
                0x00000001                ASSERT (CY_APPL_ORIGIN?(SIZEOF (.cybootloader) <= CY_APPL_ORIGIN):0x1, Wrong image location)
                0x00000010                PROVIDE (__cy_reset, Reset)
 *(.text.Reset)
 .text.Reset    0x00000010       0x64 C:\Users\elias\AppData\Local\Temp\ccDsTXm2.ltrans5.ltrans.o
                0x00000010                Reset
                0x00000001                ASSERT ((. != __cy_reset), No reset code)
 *(.dma_init)
                0x00000001                ASSERT ((((appl_start + .) <= 0x10000) || 0x1), DMA Init must be within the first 64k of flash)
 *(.text .text.* .gnu.linkonce.t.*)
 .text          0x00000074       0x5c c:/program files (x86)/cypress/psoc creator/4.4/psoc creator/import/gnu/arm/5.4.1/bin/../lib/gcc/arm-none-eabi/5.4.1/armv7-m/crtbegin.o
 .text.uart_service.lto_priv.97
                0x000000d0     0x1a10 C:\Users\elias\AppData\Local\Temp\ccDsTXm2.ltrans0.ltrans.o
                0x000000d0                uart_service.lto_priv.97
 .text.startup.main
                0x00001ae0      0xfd8 C:\Users\elias\AppData\Local\Temp\ccDsTXm2.ltrans1.ltrans.o
                0x00001ae0                main
 .text.isr_Button_Handler
                0x00002ab8       0x18 C:\Users\elias\AppData\Local\Temp\ccDsTXm2.ltrans2.ltrans.o
                0x00002ab8                isr_Button_Handler
 .text.isr_DMA_Filter_RAM_Handler
                0x00002ad0      0x12c C:\Users\elias\AppData\Local\Temp\ccDsTXm2.ltrans2.ltrans.o
                0x00002ad0                isr_DMA_Filter_RAM_Handler
 .text.isr_DMA_DelSig_RAM_Handler
                0x00002bfc      0x150 C:\Users\elias\AppData\Local\Temp\ccDsTXm2.ltrans2.ltrans.o
                0x00002bfc                isr_DMA_DelSig_RAM_Handler
 .text.uart_send_diag.lto_priv.82
                0x00002d4c      0x374 C:\Users\elias\AppData\Local\Temp\ccDsTXm2.ltrans2.ltrans.o
                0x00002d4c                uart_send_diag.lto_priv.82
 .text.isr_SyncIn
                0x000030c0      0x1b0 C:\Users\elias\AppData\Local\Temp\ccDsTXm2.ltrans2.ltrans.o
                0x000030c0                isr_SyncIn
 .text.isr_Timer
                0x00003270       0xc4 C:\Users\elias\AppData\Local\Temp\ccDsTXm2.ltrans2.ltrans.o
                0x00003270                isr_Timer
 .text.psoc_start_calibration_if_idle.lto_priv.87
                0x00003334      0x314 C:\Users\elias\AppData\Local\Temp\ccDsTXm2.ltrans2.ltrans.o
                0x00003334                psoc_start_calibration_if_idle.lto_priv.87
 .text.psoc_prepare_capture_path.lto_priv.86
                0x00003648       0xf8 C:\Users\elias\AppData\Local\Temp\ccDsTXm2.ltrans2.ltrans.o
                0x00003648                psoc_prepare_capture_path.lto_priv.86
 .text.psoc_calibration_servo_abort
                0x00003740        0x4 C:\Users\elias\AppData\Local\Temp\ccDsTXm2.ltrans3.ltrans.o
                0x00003740                psoc_calibration_servo_abort
 .text.UART_TXISR
                0x00003744       0x58 C:\Users\elias\AppData\Local\Temp\ccDsTXm2.ltrans3.ltrans.o
                0x00003744                UART_TXISR
 .text.UART_RXISR
                0x0000379c       0x78 C:\Users\elias\AppData\Local\Temp\ccDsTXm2.ltrans3.ltrans.o
                0x0000379c                UART_RXISR
 .text.CyDmaChEnable.constprop.57
                0x00003814       0x24 C:\Users\elias\AppData\Local\Temp\ccDsTXm2.ltrans3.ltrans.o
                0x00003814                CyDmaChEnable.constprop.57
 .text.CyDmaChPriority.constprop.54
                0x00003838       0x20 C:\Users\elias\AppData\Local\Temp\ccDsTXm2.ltrans3.ltrans.o
                0x00003838                CyDmaChPriority.constprop.54
 .text.psoc_amux_select_exclusive.constprop.31
                0x00003858       0xc0 C:\Users\elias\AppData\Local\Temp\ccDsTXm2.ltrans3.ltrans.o
                0x00003858                psoc_amux_select_exclusive.constprop.31
 .text.CySpcUnlock
                0x00003918       0x3c C:\Users\elias\AppData\Local\Temp\ccDsTXm2.ltrans3.ltrans.o
                0x00003918                CySpcUnlock
 .text.CySpcLock
                0x00003954       0x44 C:\Users\elias\AppData\Local\Temp\ccDsTXm2.ltrans3.ltrans.o
                0x00003954                CySpcLock
 .text.CySetTempInt.lto_priv.88
                0x00003998      0x118 C:\Users\elias\AppData\Local\Temp\ccDsTXm2.ltrans3.ltrans.o
                0x00003998                CySetTempInt.lto_priv.88
 .text.PC_PutString
                0x00003ab0       0x38 C:\Users\elias\AppData\Local\Temp\ccDsTXm2.ltrans3.ltrans.o
                0x00003ab0                PC_PutString
 .text.unlikely.EEPROM_Write.part.1.lto_priv.110
                0x00003ae8       0xe0 C:\Users\elias\AppData\Local\Temp\ccDsTXm2.ltrans3.ltrans.o
                0x00003ae8                EEPROM_Write.part.1.lto_priv.110
 .text.EEPROM_ReadByte
                0x00003bc8       0x3c C:\Users\elias\AppData\Local\Temp\ccDsTXm2.ltrans3.ltrans.o
                0x00003bc8                EEPROM_ReadByte
 .text.PGA_SetGain
                0x00003c04       0x78 C:\Users\elias\AppData\Local\Temp\ccDsTXm2.ltrans3.ltrans.o
                0x00003c04                PGA_SetGain
 .text.ADC_Stop
                0x00003c7c       0xfc C:\Users\elias\AppData\Local\Temp\ccDsTXm2.ltrans3.ltrans.o
                0x00003c7c                ADC_Stop
 .text.ADC_Start
                0x00003d78      0x520 C:\Users\elias\AppData\Local\Temp\ccDsTXm2.ltrans3.ltrans.o
                0x00003d78                ADC_Start
 .text.CyDmaTdAllocate
                0x00004298       0x34 C:\Users\elias\AppData\Local\Temp\ccDsTXm2.ltrans3.ltrans.o
                0x00004298                CyDmaTdAllocate
 .text.service_runtime.lto_priv.85
                0x000042cc      0xb58 C:\Users\elias\AppData\Local\Temp\ccDsTXm2.ltrans4.ltrans.o
                0x000042cc                service_runtime.lto_priv.85
 .text.IntDefaultHandler
                0x00004e24       0x10 C:\Users\elias\AppData\Local\Temp\ccDsTXm2.ltrans5.ltrans.o
 .text.startup.initialize_psoc
                0x00004e34      0x378 C:\Users\elias\AppData\Local\Temp\ccDsTXm2.ltrans5.ltrans.o
 .text.psoc_debug_print_u32
                0x000051ac      0x1d8 C:\Users\elias\AppData\Local\Temp\ccDsTXm2.ltrans5.ltrans.o
                0x000051ac                psoc_debug_print_u32
 .text.cal_pi_finish_stage.lto_priv.98
                0x00005384      0x47c C:\Users\elias\AppData\Local\Temp\ccDsTXm2.ltrans5.ltrans.o
                0x00005384                cal_pi_finish_stage.lto_priv.98
 .text.cal_vdac_hammer_lp.lto_priv.80
                0x00005800        0xc C:\Users\elias\AppData\Local\Temp\ccDsTXm2.ltrans6.ltrans.o
                0x00005800                cal_vdac_hammer_lp.lto_priv.80
 .text.cal_vdac_hammer_pga.lto_priv.79
                0x0000580c        0xc C:\Users\elias\AppData\Local\Temp\ccDsTXm2.ltrans6.ltrans.o
                0x0000580c                cal_vdac_hammer_pga.lto_priv.79
 .text.cal_adc_read_direct_counts.lto_priv.81
                0x00005818       0xc8 C:\Users\elias\AppData\Local\Temp\ccDsTXm2.ltrans6.ltrans.o
                0x00005818                cal_adc_read_direct_counts.lto_priv.81
 .text          0x000058e0       0x20 .\CortexM3\ARM_GCC_541\Debug\AcondicionamientoAnalogico.a(CyBootAsmGnu.o)
                0x000058e0                CyDelayCycles
                0x000058f0                CyEnterCriticalSection
                0x000058f8                CyExitCriticalSection
 .text.__errno  0x00005900        0xc c:/program files (x86)/cypress/psoc creator/4.4/psoc creator/import/gnu/arm/5.4.1/bin/../lib/gcc/arm-none-eabi/5.4.1/../../../../arm-none-eabi/lib/armv7-m\libg_nano.a(lib_a-errno.o)
                0x00005900                __errno
 .text.__libc_init_array
                0x0000590c       0x4c c:/program files (x86)/cypress/psoc creator/4.4/psoc creator/import/gnu/arm/5.4.1/bin/../lib/gcc/arm-none-eabi/5.4.1/../../../../arm-none-eabi/lib/armv7-m\libg_nano.a(lib_a-init.o)
                0x0000590c                __libc_init_array
 .text.memset   0x00005958       0x10 c:/program files (x86)/cypress/psoc creator/4.4/psoc creator/import/gnu/arm/5.4.1/bin/../lib/gcc/arm-none-eabi/5.4.1/../../../../arm-none-eabi/lib/armv7-m\libg_nano.a(lib_a-memset.o)
                0x00005958                memset
 .text.memcpy   0x00005968       0x16 c:/program files (x86)/cypress/psoc creator/4.4/psoc creator/import/gnu/arm/5.4.1/bin/../lib/gcc/arm-none-eabi/5.4.1/../../../../arm-none-eabi/lib/armv7-m\libg_nano.a(lib_a-memcpy-stub.o)
                0x00005968                memcpy
 *(.plt)
 *(.gnu.warning)
 *(.glue_7t)
 .glue_7t       0x0000597e        0x0 linker stubs
 *(.glue_7)
 .glue_7        0x0000597e        0x0 linker stubs
 *(.vfp11_veneer)
 .vfp11_veneer  0x0000597e        0x0 linker stubs
 *(.bootloader)
 *(.ARM.extab* .gnu.linkonce.armextab.*)
 *(.gcc_except_table)

.v4_bx          0x00005980        0x0
 .v4_bx         0x00005980        0x0 linker stubs

.iplt           0x00005980        0x0
 .iplt          0x00005980        0x0 c:/program files (x86)/cypress/psoc creator/4.4/psoc creator/import/gnu/arm/5.4.1/bin/../lib/gcc/arm-none-eabi/5.4.1/armv7-m/crtbegin.o

.eh_frame_hdr
 *(.eh_frame_hdr)

.eh_frame       0x00005980        0x4
 *(.eh_frame)
 .eh_frame      0x00005980        0x0 c:/program files (x86)/cypress/psoc creator/4.4/psoc creator/import/gnu/arm/5.4.1/bin/../lib/gcc/arm-none-eabi/5.4.1/armv7-m/crtbegin.o
 .eh_frame      0x00005980        0x4 c:/program files (x86)/cypress/psoc creator/4.4/psoc creator/import/gnu/arm/5.4.1/bin/../lib/gcc/arm-none-eabi/5.4.1/armv7-m/crtend.o
                [!provide]                PROVIDE (__exidx_start, .)

.ARM.exidx
 *(.ARM.exidx* .gnu.linkonce.armexidx.*)
                0x00005984                __exidx_end = .

.rodata         0x00005984      0xc74
 *(.rodata .rodata.* .gnu.linkonce.r.*)
 .rodata        0x00005984       0x15 C:\Users\elias\AppData\Local\Temp\ccDsTXm2.ltrans0.ltrans.o
 *fill*         0x00005999        0x3 
 .rodata        0x0000599c      0x444 C:\Users\elias\AppData\Local\Temp\ccDsTXm2.ltrans1.ltrans.o
                0x00005ddc                g_ping_frame.lto_priv.102
 .rodata.str1.4
                0x00005de0       0x3f C:\Users\elias\AppData\Local\Temp\ccDsTXm2.ltrans1.ltrans.o
 *fill*         0x00005e1f        0x1 
 .rodata        0x00005e20      0x210 C:\Users\elias\AppData\Local\Temp\ccDsTXm2.ltrans2.ltrans.o
 .rodata.str1.4
                0x00006030       0x1b C:\Users\elias\AppData\Local\Temp\ccDsTXm2.ltrans2.ltrans.o
 *fill*         0x0000604b        0x1 
 .rodata        0x0000604c       0x36 C:\Users\elias\AppData\Local\Temp\ccDsTXm2.ltrans3.ltrans.o
                0x0000604c                AMux_ADC__outerAddr.lto_priv.73
                0x00006058                AMux_ADC__outerMask.lto_priv.74
                0x0000605c                AMux_ADC__innerMap.lto_priv.75
                0x00006060                AMux_ADC__innerAddr.lto_priv.77
                0x00006068                AMux_ADC__innerMask.lto_priv.78
                0x00006081                cydelay_freq_mhz
 *fill*         0x00006082        0x2 
 .rodata        0x00006084        0x3 C:\Users\elias\AppData\Local\Temp\ccDsTXm2.ltrans4.ltrans.o
                0x00006084                sweep_dac.6669.lto_priv.107
 *fill*         0x00006087        0x1 
 .rodata        0x00006088      0x520 C:\Users\elias\AppData\Local\Temp\ccDsTXm2.ltrans5.ltrans.o
                0x000060b8                g_psoc_cal_stages.lto_priv.83
                0x00006170                g_cal_pi_cfg.lto_priv.96
                0x000061a0                Filter_data_a
                0x000063a0                g_fir_adquisition_coeffs_q23
                0x000065a0                cydelay_freq_khz
                0x000065a4                cydelay_32k_ms
 .rodata.str1.4
                0x000065a8       0x18 C:\Users\elias\AppData\Local\Temp\ccDsTXm2.ltrans5.ltrans.o
                                 0x1a (size before relaxing)
 .rodata.str1.1
                0x000065c0        0x2 c:/program files (x86)/cypress/psoc creator/4.4/psoc creator/import/gnu/arm/5.4.1/bin/../lib/gcc/arm-none-eabi/5.4.1/../../../../arm-none-eabi/lib/armv7-m\libg_nano.a(lib_a-impure.o)
                0x000065c4                . = ALIGN (0x4)
 *fill*         0x000065c2        0x2 
 *(.init)
 .init          0x000065c4        0x4 c:/program files (x86)/cypress/psoc creator/4.4/psoc creator/import/gnu/arm/5.4.1/bin/../lib/gcc/arm-none-eabi/5.4.1/armv7-m/crti.o
                0x000065c4                _init
 .init          0x000065c8        0x8 c:/program files (x86)/cypress/psoc creator/4.4/psoc creator/import/gnu/arm/5.4.1/bin/../lib/gcc/arm-none-eabi/5.4.1/armv7-m/crtn.o
                0x000065d0                . = ALIGN (0x4)
                0x000065d0                __preinit_array_start = .
 *(.preinit_array)
                0x000065d0                __preinit_array_end = .
                0x000065d0                . = ALIGN (0x4)
                0x000065d0                __init_array_start = .
 *(SORT(.init_array.*))
 *(.init_array)
 .init_array    0x000065d0        0x4 c:/program files (x86)/cypress/psoc creator/4.4/psoc creator/import/gnu/arm/5.4.1/bin/../lib/gcc/arm-none-eabi/5.4.1/armv7-m/crtbegin.o
 .init_array    0x000065d4        0x4 C:\Users\elias\AppData\Local\Temp\ccDsTXm2.ltrans5.ltrans.o
                0x000065d8                __init_array_end = .
                0x000065d8                . = ALIGN (0x4)
 *(.fini)
 .fini          0x000065d8        0x4 c:/program files (x86)/cypress/psoc creator/4.4/psoc creator/import/gnu/arm/5.4.1/bin/../lib/gcc/arm-none-eabi/5.4.1/armv7-m/crti.o
                0x000065d8                _fini
 .fini          0x000065dc        0x8 c:/program files (x86)/cypress/psoc creator/4.4/psoc creator/import/gnu/arm/5.4.1/bin/../lib/gcc/arm-none-eabi/5.4.1/armv7-m/crtn.o
                0x000065e4                . = ALIGN (0x4)
                0x000065e4                __fini_array_start = .
 *(.fini_array)
 .fini_array    0x000065e4        0x4 c:/program files (x86)/cypress/psoc creator/4.4/psoc creator/import/gnu/arm/5.4.1/bin/../lib/gcc/arm-none-eabi/5.4.1/armv7-m/crtbegin.o
 *(SORT(.fini_array.*))
                0x000065e8                __fini_array_end = .
                0x000065e8                . = ALIGN (0x4)
 *crtbegin.o(.ctors)
 *(EXCLUDE_FILE(*crtend.o) .ctors)
 *(SORT(.ctors.*))
 *crtend.o(.ctors)
                0x000065e8                . = ALIGN (0x4)
 *crtbegin.o(.dtors)
 *(EXCLUDE_FILE(*crtend.o) .dtors)
 *(SORT(.dtors.*))
 *crtend.o(.dtors)
                0x000065e8                . = ALIGN (0x4)
                0x000065e8                __cy_regions = .
                0x000065e8        0x4 LONG 0x65f8 __cy_region_init_ram
                0x000065ec        0x4 LONG 0x1fff80c0 __cy_region_start_data
                0x000065f0        0x4 LONG 0x70 __cy_region_init_size_ram
                0x000065f4        0x4 LONG 0xb8c0 __cy_region_zero_size_ram
                0x000065f8                __cy_regions_end = .
                0x000065f8                . = ALIGN (0x8)
                0x000065f8                _etext = .

.cy_checksum_exclude
                0x000065f8        0x0
 *(.cy_checksum_exclude)

.ramvectors     0x1fff8000       0xc0
                0x1fff8000                __cy_region_start_ram = .
 *(.ramvectors)
 .ramvectors    0x1fff8000       0xc0 C:\Users\elias\AppData\Local\Temp\ccDsTXm2.ltrans5.ltrans.o
                0x1fff8000                CyRamVectors

.noinit
 *(.noinit)

.data           0x1fff80c0       0x70 load address 0x000065f8
                0x1fff80c0                __cy_region_start_data = .
 *(.jcr)
 .jcr           0x1fff80c0        0x0 c:/program files (x86)/cypress/psoc creator/4.4/psoc creator/import/gnu/arm/5.4.1/bin/../lib/gcc/arm-none-eabi/5.4.1/armv7-m/crtbegin.o
 .jcr           0x1fff80c0        0x4 c:/program files (x86)/cypress/psoc creator/4.4/psoc creator/import/gnu/arm/5.4.1/bin/../lib/gcc/arm-none-eabi/5.4.1/armv7-m/crtend.o
 *(.got.plt)
 *(.got)
 *(.shdata)
 *(.data .data.* .gnu.linkonce.d.*)
 .data          0x1fff80c4        0x4 C:\Users\elias\AppData\Local\Temp\ccDsTXm2.ltrans1.ltrans.o
                0x1fff80c4                g_pga_code.lto_priv.103
 .data          0x1fff80c8        0x4 C:\Users\elias\AppData\Local\Temp\ccDsTXm2.ltrans3.ltrans.o
                0x1fff80c8                g_amux_active_channel.lto_priv.70
                0x1fff80c9                ADC_Config
                0x1fff80ca                CyDmaTdCurrentNumber.lto_priv.69
                0x1fff80cb                CyDmaTdFreeIndex.lto_priv.68
 .data.impure_data
                0x1fff80cc       0x60 c:/program files (x86)/cypress/psoc creator/4.4/psoc creator/import/gnu/arm/5.4.1/bin/../lib/gcc/arm-none-eabi/5.4.1/../../../../arm-none-eabi/lib/armv7-m\libg_nano.a(lib_a-impure.o)
 .data._impure_ptr
                0x1fff812c        0x4 c:/program files (x86)/cypress/psoc creator/4.4/psoc creator/import/gnu/arm/5.4.1/bin/../lib/gcc/arm-none-eabi/5.4.1/../../../../arm-none-eabi/lib/armv7-m\libg_nano.a(lib_a-impure.o)
                0x1fff812c                _impure_ptr
                0x1fff8130                . = ALIGN (0x8)
 *(.ram)
                0x1fff8130                _edata = .

.igot.plt       0x1fff8130        0x0 load address 0x00006668
 .igot.plt      0x1fff8130        0x0 c:/program files (x86)/cypress/psoc creator/4.4/psoc creator/import/gnu/arm/5.4.1/bin/../lib/gcc/arm-none-eabi/5.4.1/armv7-m/crtbegin.o

.bss            0x1fff8130     0xb8c0 load address 0x00006668
                0x1fff8130                PROVIDE (__bss_start__, .)
 *(.shbss)
 *(.bss .bss.* .gnu.linkonce.b.*)
 .bss           0x1fff8130       0x1c c:/program files (x86)/cypress/psoc creator/4.4/psoc creator/import/gnu/arm/5.4.1/bin/../lib/gcc/arm-none-eabi/5.4.1/armv7-m/crtbegin.o
 .bss           0x1fff814c       0x14 C:\Users\elias\AppData\Local\Temp\ccDsTXm2.ltrans0.ltrans.o
                0x1fff814c                g_rx_watch_ticks.lto_priv.119
                0x1fff8150                g_n_batches.lto_priv.117
                0x1fff8152                g_batch_fill.lto_priv.113
                0x1fff8154                g_batch_ready.lto_priv.114
                0x1fff8158                g_dbg_cnt.lto_priv.118
                0x1fff815c                g_debug_psoc.lto_priv.116
                0x1fff815e                g_fir_discard.lto_priv.115
 .bss           0x1fff8160       0x31 C:\Users\elias\AppData\Local\Temp\ccDsTXm2.ltrans1.ltrans.o
                0x1fff8160                UART_initVar
                0x1fff8168                g_psoc_cal_result_count
                0x1fff816c                g_dma_raw_buf.lto_priv.122
                0x1fff8170                g_dma_filt_buf.lto_priv.120
                0x1fff8173                Timer_initVar
                0x1fff8174                g_timer_ticks.lto_priv.94
                0x1fff8178                g_cal_button_pressed.lto_priv.112
                0x1fff8179                g_state.lto_priv.89
                0x1fff817a                g_esp_connected.lto_priv.101
                0x1fff817c                g_batches_sent.lto_priv.91
                0x1fff817e                g_batches_captured.lto_priv.90
                0x1fff8188                g_comm_countdown.lto_priv.92
                0x1fff8190                g_pgavdac_code.lto_priv.104
 *fill*         0x1fff8191        0x3 
 .bss           0x1fff8194      0x124 C:\Users\elias\AppData\Local\Temp\ccDsTXm2.ltrans2.ltrans.o
 .bss           0x1fff82b8       0xc8 C:\Users\elias\AppData\Local\Temp\ccDsTXm2.ltrans3.ltrans.o
                0x1fff82b8                UART_txBufferRead
                0x1fff82b9                UART_txBufferWrite
                0x1fff82bc                UART_txBuffer
                0x1fff833c                UART_errorStatus
                0x1fff833d                UART_rxBufferWrite
                0x1fff8340                UART_rxBuffer
                0x1fff8360                UART_rxBufferLoopDetect
                0x1fff8362                UART_rxBufferRead
                0x1fff8363                AMux_ADC__armsEnabled.lto_priv.72
                0x1fff8364                AMux_ADC__refCnt.lto_priv.76
                0x1fff8366                g_amux_cap_connected.lto_priv.71
                0x1fff8367                SpcLockState
                0x1fff8368                spcWaitPipeBypass.lto_priv.108
                0x1fff836e                PC_initVar
                0x1fff8371                ADC_convDone
                0x1fff8378                ADC_stopConversion
 .bss           0x1fff8380     0xb40a C:\Users\elias\AppData\Local\Temp\ccDsTXm2.ltrans4.ltrans.o
                0x1fff8380                g_stream_mode.lto_priv.106
                0x1fff8381                g_cal_ack_pending.lto_priv.111
                0x1fff8382                g_capture_done.lto_priv.105
                0x1fff8384                g_seq.lto_priv.109
                0x1fff8388                g_capture_raw.lto_priv.121
                0x20003788                watchdog_rx.lto_priv.100
                0x20003789                rx_state.lto_priv.99
 *fill*         0x2000378a        0x2 
 .bss           0x2000378c      0x264 C:\Users\elias\AppData\Local\Temp\ccDsTXm2.ltrans5.ltrans.o
                0x2000378c                g_cal_async.lto_priv.93
                0x20003924                g_cal_pi.lto_priv.95
                0x200039bc                g_cal_diag_hook.lto_priv.84
                0x200039c0                g_psoc_cal_results
 *(COMMON)
                0x200039f0                . = ALIGN (0x8)
 *(.ram.b)
                0x200039f0                _end = .
                0x200039f0                __end = .
                0x200039f0                PROVIDE (end, .)
                0x200039f0                PROVIDE (__bss_end__, .)
                0x000065f8                __cy_region_init_ram = LOADADDR (.data)
                0x00000070                __cy_region_init_size_ram = (_edata - ADDR (.data))
                0x0000b8c0                __cy_region_zero_size_ram = (_end - _edata)

.heap           0x200039f0       0x80 load address 0x00006668
                0x200039f0                . = _end
                0x20003a70                . = (. + 0x80)
 *fill*         0x200039f0       0x80 
                0x20003a70                __cy_heap_limit = .

.stack          0x20007800      0x800
                0x20007800                __cy_stack_limit = .
                0x20008000                . = (. + 0x800)
 *fill*         0x20007800      0x800 
                0x00000001                ASSERT ((__cy_stack_limit >= __cy_heap_limit), region RAM overflowed with stack)
                0x00000000                cy_checksum_exclude_size = (CY_APPL_LOADABLE == 0x1)?SIZEOF (.cy_checksum_exclude):0x0
                0x00000001                ASSERT ((cy_checksum_exclude_size <= CY_CHECKSUM_EXCLUDE_SIZE), CY_BOOT: Section .cy_checksum_exclude size exceedes specified limit.)

.cyloadermeta
 *(.cyloadermeta)

.cyloadablemeta
 *(.cyloadablemeta)

.cyconfigecc    0x80000000      0x9a8
 *(.cyconfigecc)
 .cyconfigecc   0x80000000      0x9a8 C:\Users\elias\AppData\Local\Temp\ccDsTXm2.ltrans2.ltrans.o
                0x80000000                cy_meta_configecc

.cycustnvl      0x90000000        0x4
 *(.cycustnvl)
 .cycustnvl     0x90000000        0x4 C:\Users\elias\AppData\Local\Temp\ccDsTXm2.ltrans2.ltrans.o
                0x90000000                cy_meta_custnvl

.cywolatch      0x90100000        0x4
 *(.cywolatch)
 .cywolatch     0x90100000        0x4 C:\Users\elias\AppData\Local\Temp\ccDsTXm2.ltrans2.ltrans.o
                0x90100000                cy_meta_wonvl

.cyeeprom       0x90200000        0x0
 *(.cyeeprom)
                0x00000001                ASSERT ((. <= ((0x90200000 + ee_offset) + ee_size)), .cyeeprom data will not fit in EEPROM)

.cyflashprotect
                0x90400000      0x100
 *(.cyflashprotect)
 .cyflashprotect
                0x90400000      0x100 C:\Users\elias\AppData\Local\Temp\ccDsTXm2.ltrans2.ltrans.o
                0x90400000                cy_meta_flashprotect

.cymeta         0x90500000        0xc
 *(.cymeta)
 .cymeta        0x90500000        0xc C:\Users\elias\AppData\Local\Temp\ccDsTXm2.ltrans2.ltrans.o
                0x90500000                cy_metadata

.rel.dyn        0x00006668        0x0 load address 0x9050000c
 .rel.iplt      0x00006668        0x0 c:/program files (x86)/cypress/psoc creator/4.4/psoc creator/import/gnu/arm/5.4.1/bin/../lib/gcc/arm-none-eabi/5.4.1/armv7-m/crtbegin.o

.stab
 *(.stab)

.stabstr
 *(.stabstr)

.debug
 *(.debug)

.line
 *(.line)

.debug_srcinfo
 *(.debug_srcinfo)

.debug_sfnames
 *(.debug_sfnames)

.debug_aranges  0x00000000      0x1e8
 *(.debug_aranges)
 .debug_aranges
                0x00000000       0x20 C:\Users\elias\AppData\Local\Temp\ccDsTXm2.ltrans0.ltrans.o
 .debug_aranges
                0x00000020       0x20 C:\Users\elias\AppData\Local\Temp\ccDsTXm2.ltrans1.ltrans.o
 .debug_aranges
                0x00000040       0x58 C:\Users\elias\AppData\Local\Temp\ccDsTXm2.ltrans2.ltrans.o
 .debug_aranges
                0x00000098       0x98 C:\Users\elias\AppData\Local\Temp\ccDsTXm2.ltrans3.ltrans.o
 .debug_aranges
                0x00000130       0x20 C:\Users\elias\AppData\Local\Temp\ccDsTXm2.ltrans4.ltrans.o
 .debug_aranges
                0x00000150       0x48 C:\Users\elias\AppData\Local\Temp\ccDsTXm2.ltrans5.ltrans.o
 .debug_aranges
                0x00000198       0x30 C:\Users\elias\AppData\Local\Temp\ccDsTXm2.ltrans6.ltrans.o
 .debug_aranges
                0x000001c8       0x20 .\CortexM3\ARM_GCC_541\Debug\AcondicionamientoAnalogico.a(CyBootAsmGnu.o)

.debug_pubnames
 *(.debug_pubnames)

.debug_info     0x00000000     0xb709
 *(.debug_info .gnu.linkonce.wi.*)
 .debug_info    0x00000000     0x2a6a C:\Users\elias\AppData\Local\Temp\ccDsTXm2.ltrans0.ltrans.o
 .debug_info    0x00002a6a     0x2d10 C:\Users\elias\AppData\Local\Temp\ccDsTXm2.ltrans1.ltrans.o
 .debug_info    0x0000577a     0x1642 C:\Users\elias\AppData\Local\Temp\ccDsTXm2.ltrans2.ltrans.o
 .debug_info    0x00006dbc     0x1441 C:\Users\elias\AppData\Local\Temp\ccDsTXm2.ltrans3.ltrans.o
 .debug_info    0x000081fd     0x184c C:\Users\elias\AppData\Local\Temp\ccDsTXm2.ltrans4.ltrans.o
 .debug_info    0x00009a49     0x19dd C:\Users\elias\AppData\Local\Temp\ccDsTXm2.ltrans5.ltrans.o
 .debug_info    0x0000b426      0x25b C:\Users\elias\AppData\Local\Temp\ccDsTXm2.ltrans6.ltrans.o
 .debug_info    0x0000b681       0x88 .\CortexM3\ARM_GCC_541\Debug\AcondicionamientoAnalogico.a(CyBootAsmGnu.o)

.debug_abbrev   0x00000000     0x19ce
 *(.debug_abbrev)
 .debug_abbrev  0x00000000      0x3b8 C:\Users\elias\AppData\Local\Temp\ccDsTXm2.ltrans0.ltrans.o
 .debug_abbrev  0x000003b8      0x3e7 C:\Users\elias\AppData\Local\Temp\ccDsTXm2.ltrans1.ltrans.o
 .debug_abbrev  0x0000079f      0x3dd C:\Users\elias\AppData\Local\Temp\ccDsTXm2.ltrans2.ltrans.o
 .debug_abbrev  0x00000b7c      0x44e C:\Users\elias\AppData\Local\Temp\ccDsTXm2.ltrans3.ltrans.o
 .debug_abbrev  0x00000fca      0x3b0 C:\Users\elias\AppData\Local\Temp\ccDsTXm2.ltrans4.ltrans.o
 .debug_abbrev  0x0000137a      0x4f3 C:\Users\elias\AppData\Local\Temp\ccDsTXm2.ltrans5.ltrans.o
 .debug_abbrev  0x0000186d      0x14d C:\Users\elias\AppData\Local\Temp\ccDsTXm2.ltrans6.ltrans.o
 .debug_abbrev  0x000019ba       0x14 .\CortexM3\ARM_GCC_541\Debug\AcondicionamientoAnalogico.a(CyBootAsmGnu.o)

.debug_line     0x00000000     0x372d
 *(.debug_line)
 .debug_line    0x00000000      0xd22 C:\Users\elias\AppData\Local\Temp\ccDsTXm2.ltrans0.ltrans.o
 .debug_line    0x00000d22      0xd90 C:\Users\elias\AppData\Local\Temp\ccDsTXm2.ltrans1.ltrans.o
 .debug_line    0x00001ab2      0x7c5 C:\Users\elias\AppData\Local\Temp\ccDsTXm2.ltrans2.ltrans.o
 .debug_line    0x00002277      0x716 C:\Users\elias\AppData\Local\Temp\ccDsTXm2.ltrans3.ltrans.o
 .debug_line    0x0000298d      0x648 C:\Users\elias\AppData\Local\Temp\ccDsTXm2.ltrans4.ltrans.o
 .debug_line    0x00002fd5      0x5af C:\Users\elias\AppData\Local\Temp\ccDsTXm2.ltrans5.ltrans.o
 .debug_line    0x00003584      0x143 C:\Users\elias\AppData\Local\Temp\ccDsTXm2.ltrans6.ltrans.o
 .debug_line    0x000036c7       0x66 .\CortexM3\ARM_GCC_541\Debug\AcondicionamientoAnalogico.a(CyBootAsmGnu.o)

.debug_frame    0x00000000      0x5f8
 *(.debug_frame)
 .debug_frame   0x00000000       0x40 C:\Users\elias\AppData\Local\Temp\ccDsTXm2.ltrans0.ltrans.o
 .debug_frame   0x00000040       0x2c C:\Users\elias\AppData\Local\Temp\ccDsTXm2.ltrans1.ltrans.o
 .debug_frame   0x0000006c      0x134 C:\Users\elias\AppData\Local\Temp\ccDsTXm2.ltrans2.ltrans.o
 .debug_frame   0x000001a0      0x1f4 C:\Users\elias\AppData\Local\Temp\ccDsTXm2.ltrans3.ltrans.o
 .debug_frame   0x00000394       0x64 C:\Users\elias\AppData\Local\Temp\ccDsTXm2.ltrans4.ltrans.o
 .debug_frame   0x000003f8       0xd8 C:\Users\elias\AppData\Local\Temp\ccDsTXm2.ltrans5.ltrans.o
 .debug_frame   0x000004d0       0x4c C:\Users\elias\AppData\Local\Temp\ccDsTXm2.ltrans6.ltrans.o
 .debug_frame   0x0000051c       0x20 c:/program files (x86)/cypress/psoc creator/4.4/psoc creator/import/gnu/arm/5.4.1/bin/../lib/gcc/arm-none-eabi/5.4.1/../../../../arm-none-eabi/lib/armv7-m\libg_nano.a(lib_a-errno.o)
 .debug_frame   0x0000053c       0x28 c:/program files (x86)/cypress/psoc creator/4.4/psoc creator/import/gnu/arm/5.4.1/bin/../lib/gcc/arm-none-eabi/5.4.1/../../../../arm-none-eabi/lib/armv7-m\libg_nano.a(lib_a-exit.o)
 .debug_frame   0x00000564       0x2c c:/program files (x86)/cypress/psoc creator/4.4/psoc creator/import/gnu/arm/5.4.1/bin/../lib/gcc/arm-none-eabi/5.4.1/../../../../arm-none-eabi/lib/armv7-m\libg_nano.a(lib_a-init.o)
 .debug_frame   0x00000590       0x20 c:/program files (x86)/cypress/psoc creator/4.4/psoc creator/import/gnu/arm/5.4.1/bin/../lib/gcc/arm-none-eabi/5.4.1/../../../../arm-none-eabi/lib/armv7-m\libg_nano.a(lib_a-memset.o)
 .debug_frame   0x000005b0       0x20 c:/program files (x86)/cypress/psoc creator/4.4/psoc creator/import/gnu/arm/5.4.1/bin/../lib/gcc/arm-none-eabi/5.4.1/../../../../arm-none-eabi/lib/armv7-m\libnosys.a(_exit.o)
 .debug_frame   0x000005d0       0x28 c:/program files (x86)/cypress/psoc creator/4.4/psoc creator/import/gnu/arm/5.4.1/bin/../lib/gcc/arm-none-eabi/5.4.1/../../../../arm-none-eabi/lib/armv7-m\libg_nano.a(lib_a-memcpy-stub.o)

.debug_str      0x00000000     0x3064
 *(.debug_str)
 .debug_str     0x00000000      0xb62 C:\Users\elias\AppData\Local\Temp\ccDsTXm2.ltrans0.ltrans.o
                                0xc31 (size before relaxing)
 .debug_str     0x00000b62      0xd25 C:\Users\elias\AppData\Local\Temp\ccDsTXm2.ltrans1.ltrans.o
                               0x132d (size before relaxing)
 .debug_str     0x00001887      0x41d C:\Users\elias\AppData\Local\Temp\ccDsTXm2.ltrans2.ltrans.o
                                0x9b9 (size before relaxing)
 .debug_str     0x00001ca4      0x7bb C:\Users\elias\AppData\Local\Temp\ccDsTXm2.ltrans3.ltrans.o
                                0xba6 (size before relaxing)
 .debug_str     0x0000245f      0x333 C:\Users\elias\AppData\Local\Temp\ccDsTXm2.ltrans4.ltrans.o
                                0xa7b (size before relaxing)
 .debug_str     0x00002792      0x7f4 C:\Users\elias\AppData\Local\Temp\ccDsTXm2.ltrans5.ltrans.o
                                0xe0c (size before relaxing)
 .debug_str     0x00002f86       0xde C:\Users\elias\AppData\Local\Temp\ccDsTXm2.ltrans6.ltrans.o
                                0x310 (size before relaxing)

.debug_loc      0x00000000     0x6b1a
 *(.debug_loc)
 .debug_loc     0x00000000     0x1d86 C:\Users\elias\AppData\Local\Temp\ccDsTXm2.ltrans0.ltrans.o
 .debug_loc     0x00001d86     0x134b C:\Users\elias\AppData\Local\Temp\ccDsTXm2.ltrans1.ltrans.o
 .debug_loc     0x000030d1      0xced C:\Users\elias\AppData\Local\Temp\ccDsTXm2.ltrans2.ltrans.o
 .debug_loc     0x00003dbe      0xafb C:\Users\elias\AppData\Local\Temp\ccDsTXm2.ltrans3.ltrans.o
 .debug_loc     0x000048b9      0xc47 C:\Users\elias\AppData\Local\Temp\ccDsTXm2.ltrans4.ltrans.o
 .debug_loc     0x00005500     0x154c C:\Users\elias\AppData\Local\Temp\ccDsTXm2.ltrans5.ltrans.o
 .debug_loc     0x00006a4c       0xce C:\Users\elias\AppData\Local\Temp\ccDsTXm2.ltrans6.ltrans.o

.debug_macinfo
 *(.debug_macinfo)

.debug_ranges   0x00000000     0x3d10
 *(.debug_ranges)
 .debug_ranges  0x00000000     0x1088 C:\Users\elias\AppData\Local\Temp\ccDsTXm2.ltrans0.ltrans.o
 .debug_ranges  0x00001088      0xfd8 C:\Users\elias\AppData\Local\Temp\ccDsTXm2.ltrans1.ltrans.o
 .debug_ranges  0x00002060      0x9f0 C:\Users\elias\AppData\Local\Temp\ccDsTXm2.ltrans2.ltrans.o
 .debug_ranges  0x00002a50      0x3d8 C:\Users\elias\AppData\Local\Temp\ccDsTXm2.ltrans3.ltrans.o
 .debug_ranges  0x00002e28      0x968 C:\Users\elias\AppData\Local\Temp\ccDsTXm2.ltrans4.ltrans.o
 .debug_ranges  0x00003790      0x4b8 C:\Users\elias\AppData\Local\Temp\ccDsTXm2.ltrans5.ltrans.o
 .debug_ranges  0x00003c48       0xc8 C:\Users\elias\AppData\Local\Temp\ccDsTXm2.ltrans6.ltrans.o

.comment        0x00000000       0x6e
 .comment       0x00000000       0x6e C:\Users\elias\AppData\Local\Temp\ccDsTXm2.ltrans0.ltrans.o
                                 0x6f (size before relaxing)
 .comment       0x0000006e       0x6f C:\Users\elias\AppData\Local\Temp\ccDsTXm2.ltrans1.ltrans.o
 .comment       0x0000006e       0x6f C:\Users\elias\AppData\Local\Temp\ccDsTXm2.ltrans2.ltrans.o
 .comment       0x0000006e       0x6f C:\Users\elias\AppData\Local\Temp\ccDsTXm2.ltrans3.ltrans.o
 .comment       0x0000006e       0x6f C:\Users\elias\AppData\Local\Temp\ccDsTXm2.ltrans4.ltrans.o
 .comment       0x0000006e       0x6f C:\Users\elias\AppData\Local\Temp\ccDsTXm2.ltrans5.ltrans.o
 .comment       0x0000006e       0x6f C:\Users\elias\AppData\Local\Temp\ccDsTXm2.ltrans6.ltrans.o

.debug_weaknames
 *(.debug_weaknames)

.debug_funcnames
 *(.debug_funcnames)

.debug_typenames
 *(.debug_typenames)

.debug_varnames
 *(.debug_varnames)

.note.gnu.arm.ident
 *(.note.gnu.arm.ident)

.ARM.attributes
                0x00000000       0x29
 *(.ARM.attributes)
 .ARM.attributes
                0x00000000       0x1d c:/program files (x86)/cypress/psoc creator/4.4/psoc creator/import/gnu/arm/5.4.1/bin/../lib/gcc/arm-none-eabi/5.4.1/armv7-m/crti.o
 .ARM.attributes
                0x0000001d       0x2d c:/program files (x86)/cypress/psoc creator/4.4/psoc creator/import/gnu/arm/5.4.1/bin/../lib/gcc/arm-none-eabi/5.4.1/armv7-m/crtbegin.o
 .ARM.attributes
                0x0000004a       0x1b c:/program files (x86)/cypress/psoc creator/4.4/psoc creator/import/gnu/arm/5.4.1/bin/../lib/gcc/arm-none-eabi/5.4.1/../../../../arm-none-eabi/lib/armv7-m/crt0.o
 .ARM.attributes
                0x00000065       0x31 C:\Users\elias\AppData\Local\Temp\ccDsTXm2.ltrans0.ltrans.o
 .ARM.attributes
                0x00000096       0x31 C:\Users\elias\AppData\Local\Temp\ccDsTXm2.ltrans1.ltrans.o
 .ARM.attributes
                0x000000c7       0x31 C:\Users\elias\AppData\Local\Temp\ccDsTXm2.ltrans2.ltrans.o
 .ARM.attributes
                0x000000f8       0x31 C:\Users\elias\AppData\Local\Temp\ccDsTXm2.ltrans3.ltrans.o
 .ARM.attributes
                0x00000129       0x31 C:\Users\elias\AppData\Local\Temp\ccDsTXm2.ltrans4.ltrans.o
 .ARM.attributes
                0x0000015a       0x31 C:\Users\elias\AppData\Local\Temp\ccDsTXm2.ltrans5.ltrans.o
 .ARM.attributes
                0x0000018b       0x31 C:\Users\elias\AppData\Local\Temp\ccDsTXm2.ltrans6.ltrans.o
 .ARM.attributes
                0x000001bc       0x21 .\CortexM3\ARM_GCC_541\Debug\AcondicionamientoAnalogico.a(CyBootAsmGnu.o)
 .ARM.attributes
                0x000001dd       0x2d c:/program files (x86)/cypress/psoc creator/4.4/psoc creator/import/gnu/arm/5.4.1/bin/../lib/gcc/arm-none-eabi/5.4.1/../../../../arm-none-eabi/lib/armv7-m\libg_nano.a(lib_a-errno.o)
 .ARM.attributes
                0x0000020a       0x2d c:/program files (x86)/cypress/psoc creator/4.4/psoc creator/import/gnu/arm/5.4.1/bin/../lib/gcc/arm-none-eabi/5.4.1/../../../../arm-none-eabi/lib/armv7-m\libg_nano.a(lib_a-exit.o)
 .ARM.attributes
                0x00000237       0x2d c:/program files (x86)/cypress/psoc creator/4.4/psoc creator/import/gnu/arm/5.4.1/bin/../lib/gcc/arm-none-eabi/5.4.1/../../../../arm-none-eabi/lib/armv7-m\libg_nano.a(lib_a-impure.o)
 .ARM.attributes
                0x00000264       0x2d c:/program files (x86)/cypress/psoc creator/4.4/psoc creator/import/gnu/arm/5.4.1/bin/../lib/gcc/arm-none-eabi/5.4.1/../../../../arm-none-eabi/lib/armv7-m\libg_nano.a(lib_a-init.o)
 .ARM.attributes
                0x00000291       0x2d c:/program files (x86)/cypress/psoc creator/4.4/psoc creator/import/gnu/arm/5.4.1/bin/../lib/gcc/arm-none-eabi/5.4.1/../../../../arm-none-eabi/lib/armv7-m\libg_nano.a(lib_a-memset.o)
 .ARM.attributes
                0x000002be       0x2d c:/program files (x86)/cypress/psoc creator/4.4/psoc creator/import/gnu/arm/5.4.1/bin/../lib/gcc/arm-none-eabi/5.4.1/armv7-m/crtend.o
 .ARM.attributes
                0x000002eb       0x1d c:/program files (x86)/cypress/psoc creator/4.4/psoc creator/import/gnu/arm/5.4.1/bin/../lib/gcc/arm-none-eabi/5.4.1/armv7-m/crtn.o
 .ARM.attributes
                0x00000308       0x2d c:/program files (x86)/cypress/psoc creator/4.4/psoc creator/import/gnu/arm/5.4.1/bin/../lib/gcc/arm-none-eabi/5.4.1/../../../../arm-none-eabi/lib/armv7-m\libnosys.a(_exit.o)
 .ARM.attributes
                0x00000335       0x2d c:/program files (x86)/cypress/psoc creator/4.4/psoc creator/import/gnu/arm/5.4.1/bin/../lib/gcc/arm-none-eabi/5.4.1/../../../../arm-none-eabi/lib/armv7-m\libg_nano.a(lib_a-memcpy-stub.o)

/DISCARD/
 *(.note.GNU-stack)
OUTPUT(C:\Github\Tesis\src\psoc\AcondicionamientoAnalogico.cydsn\CortexM3\ARM_GCC_541\Debug\AcondicionamientoAnalogico.elf elf32-littlearm)
