Archive member included to satisfy reference by file (symbol)

.\CortexM3\ARM_GCC_541\Debug\AcondicionamientoAnalogico.a(Filter.o)
                              .\CortexM3\ARM_GCC_541\Debug\main.o (symbol from plugin) (Filter_Start)
.\CortexM3\ARM_GCC_541\Debug\AcondicionamientoAnalogico.a(Filter_PVT.o)
                              Filter.o (symbol from plugin) (Filter_SetInterruptMode)
.\CortexM3\ARM_GCC_541\Debug\AcondicionamientoAnalogico.a(Filter_RAM_Data.o)
                              Filter.o (symbol from plugin) (Filter_cfsm)
.\CortexM3\ARM_GCC_541\Debug\AcondicionamientoAnalogico.a(CyDmac.o)
                              .\CortexM3\ARM_GCC_541\Debug\Cm3Start.o (symbol from plugin) (CyDmacConfigure)
.\CortexM3\ARM_GCC_541\Debug\AcondicionamientoAnalogico.a(CyLib.o)
                              .\CortexM3\ARM_GCC_541\Debug\Cm3Start.o (symbol from plugin) (CyHalt)
.\CortexM3\ARM_GCC_541\Debug\AcondicionamientoAnalogico.a(cyPm.o)
                              CyLib.o (symbol from plugin) (CyPmReadStatus)
.\CortexM3\ARM_GCC_541\Debug\AcondicionamientoAnalogico.a(DMA_DelSig_Filter_dma.o)
                              .\CortexM3\ARM_GCC_541\Debug\main.o (symbol from plugin) (DMA_DelSig_Filter_DmaInitialize)
.\CortexM3\ARM_GCC_541\Debug\AcondicionamientoAnalogico.a(DMA_DelSig_RAM_dma.o)
                              .\CortexM3\ARM_GCC_541\Debug\main.o (symbol from plugin) (DMA_DelSig_RAM_DmaInitialize)
.\CortexM3\ARM_GCC_541\Debug\AcondicionamientoAnalogico.a(isr_Timer.o)
                              .\CortexM3\ARM_GCC_541\Debug\main.o (symbol from plugin) (isr_Timer_StartEx)
.\CortexM3\ARM_GCC_541\Debug\AcondicionamientoAnalogico.a(Timer.o)
                              .\CortexM3\ARM_GCC_541\Debug\main.o (symbol from plugin) (Timer_Init)
.\CortexM3\ARM_GCC_541\Debug\AcondicionamientoAnalogico.a(LED.o)
                              .\CortexM3\ARM_GCC_541\Debug\main.o (symbol from plugin) (LED_Write)
.\CortexM3\ARM_GCC_541\Debug\AcondicionamientoAnalogico.a(UART.o)
                              .\CortexM3\ARM_GCC_541\Debug\main.o (symbol from plugin) (UART_Start)
.\CortexM3\ARM_GCC_541\Debug\AcondicionamientoAnalogico.a(UART_INT.o)
                              UART.o (symbol from plugin) (UART_RXISR)
.\CortexM3\ARM_GCC_541\Debug\AcondicionamientoAnalogico.a(UART_IntClock.o)
                              UART.o (symbol from plugin) (UART_IntClock_Start)
.\CortexM3\ARM_GCC_541\Debug\AcondicionamientoAnalogico.a(ADC.o)
                              .\CortexM3\ARM_GCC_541\Debug\calibration.o (symbol from plugin) (ADC_Start)
.\CortexM3\ARM_GCC_541\Debug\AcondicionamientoAnalogico.a(ADC_INT.o)
                              ADC.o (symbol from plugin) (ADC_ISR1)
.\CortexM3\ARM_GCC_541\Debug\AcondicionamientoAnalogico.a(ADC_Ext_CP_Clk.o)
                              ADC.o (symbol from plugin) (ADC_Ext_CP_Clk_SetDividerRegister)
.\CortexM3\ARM_GCC_541\Debug\AcondicionamientoAnalogico.a(ADC_theACLK.o)
                              ADC.o (symbol from plugin) (ADC_theACLK_SetDividerRegister)
.\CortexM3\ARM_GCC_541\Debug\AcondicionamientoAnalogico.a(VDAC_PGA.o)
                              .\CortexM3\ARM_GCC_541\Debug\calibration.o (symbol from plugin) (VDAC_PGA_Start)
.\CortexM3\ARM_GCC_541\Debug\AcondicionamientoAnalogico.a(SYNC_IN.o)
                              .\CortexM3\ARM_GCC_541\Debug\main.o (symbol from plugin) (SYNC_IN_Read)
.\CortexM3\ARM_GCC_541\Debug\AcondicionamientoAnalogico.a(LPF_ADC.o)
                              .\CortexM3\ARM_GCC_541\Debug\psoc_hw.o (symbol from plugin) (LPF_ADC_Start)
.\CortexM3\ARM_GCC_541\Debug\AcondicionamientoAnalogico.a(PGA.o)
                              .\CortexM3\ARM_GCC_541\Debug\psoc_hw.o (symbol from plugin) (PGA_Start)
.\CortexM3\ARM_GCC_541\Debug\AcondicionamientoAnalogico.a(ADC_AMux.o)
                              ADC.o (symbol from plugin) (ADC_AMux_Select)
.\CortexM3\ARM_GCC_541\Debug\AcondicionamientoAnalogico.a(Opa_LP.o)
                              .\CortexM3\ARM_GCC_541\Debug\psoc_hw.o (symbol from plugin) (Opa_LP_Start)
.\CortexM3\ARM_GCC_541\Debug\AcondicionamientoAnalogico.a(VDAC_LP.o)
                              .\CortexM3\ARM_GCC_541\Debug\calibration.o (symbol from plugin) (VDAC_LP_Start)
.\CortexM3\ARM_GCC_541\Debug\AcondicionamientoAnalogico.a(AMux_ADC.o)
                              .\CortexM3\ARM_GCC_541\Debug\calibration.o (symbol from plugin) (AMux_ADC_Start)
.\CortexM3\ARM_GCC_541\Debug\AcondicionamientoAnalogico.a(Opa_ref_PGA.o)
                              .\CortexM3\ARM_GCC_541\Debug\psoc_hw.o (symbol from plugin) (Opa_ref_PGA_Start)
.\CortexM3\ARM_GCC_541\Debug\AcondicionamientoAnalogico.a(Clock_1.o)
                              .\CortexM3\ARM_GCC_541\Debug\main.o (symbol from plugin) (Clock_1_Start)
.\CortexM3\ARM_GCC_541\Debug\AcondicionamientoAnalogico.a(EEPROM.o)
                              .\CortexM3\ARM_GCC_541\Debug\main.o (symbol from plugin) (EEPROM_Start)
.\CortexM3\ARM_GCC_541\Debug\AcondicionamientoAnalogico.a(DMA_Filter_RAM_dma.o)
                              .\CortexM3\ARM_GCC_541\Debug\main.o (symbol from plugin) (DMA_Filter_RAM_DmaInitialize)
.\CortexM3\ARM_GCC_541\Debug\AcondicionamientoAnalogico.a(Opa_ref_1V.o)
                              .\CortexM3\ARM_GCC_541\Debug\psoc_hw.o (symbol from plugin) (Opa_ref_1V_Start)
.\CortexM3\ARM_GCC_541\Debug\AcondicionamientoAnalogico.a(isr_SuperMaquina.o)
                              .\CortexM3\ARM_GCC_541\Debug\main.o (symbol from plugin) (isr_SuperMaquina_StartEx)
.\CortexM3\ARM_GCC_541\Debug\AcondicionamientoAnalogico.a(state.o)
                              .\CortexM3\ARM_GCC_541\Debug\main.o (symbol from plugin) (state_Read)
.\CortexM3\ARM_GCC_541\Debug\AcondicionamientoAnalogico.a(error.o)
                              .\CortexM3\ARM_GCC_541\Debug\main.o (symbol from plugin) (error_Read)
.\CortexM3\ARM_GCC_541\Debug\AcondicionamientoAnalogico.a(status.o)
                              .\CortexM3\ARM_GCC_541\Debug\main.o (symbol from plugin) (status_Read)
.\CortexM3\ARM_GCC_541\Debug\AcondicionamientoAnalogico.a(reset.o)
                              .\CortexM3\ARM_GCC_541\Debug\main.o (symbol from plugin) (reset_Write)
.\CortexM3\ARM_GCC_541\Debug\AcondicionamientoAnalogico.a(cfg.o)
                              .\CortexM3\ARM_GCC_541\Debug\main.o (symbol from plugin) (cfg_Write)
.\CortexM3\ARM_GCC_541\Debug\AcondicionamientoAnalogico.a(ctrl.o)
                              .\CortexM3\ARM_GCC_541\Debug\main.o (symbol from plugin) (ctrl_Write)
.\CortexM3\ARM_GCC_541\Debug\AcondicionamientoAnalogico.a(Timer_2.o)
                              .\CortexM3\ARM_GCC_541\Debug\main.o (symbol from plugin) (Timer_2_Init)
.\CortexM3\ARM_GCC_541\Debug\AcondicionamientoAnalogico.a(isr_Timer_2.o)
                              .\CortexM3\ARM_GCC_541\Debug\main.o (symbol from plugin) (isr_Timer_2_StartEx)
.\CortexM3\ARM_GCC_541\Debug\AcondicionamientoAnalogico.a(isr_Timer_1.o)
                              .\CortexM3\ARM_GCC_541\Debug\main.o (symbol from plugin) (isr_Timer_1_StartEx)
.\CortexM3\ARM_GCC_541\Debug\AcondicionamientoAnalogico.a(Timer_1.o)
                              .\CortexM3\ARM_GCC_541\Debug\main.o (symbol from plugin) (Timer_1_Init)
.\CortexM3\ARM_GCC_541\Debug\AcondicionamientoAnalogico.a(CyBootAsmGnu.o)
                              .\CortexM3\ARM_GCC_541\Debug\cyfitter_cfg.o (symbol from plugin) (CyDelayCycles)
.\CortexM3\ARM_GCC_541\Debug\AcondicionamientoAnalogico.a(CyFlash.o)
                              EEPROM.o (symbol from plugin) (dieTemperature)
.\CortexM3\ARM_GCC_541\Debug\AcondicionamientoAnalogico.a(CySpc.o)
                              EEPROM.o (symbol from plugin) (CySpcStart)
c:/program files (x86)/cypress/psoc creator/4.4/psoc creator/import/gnu/arm/5.4.1/bin/../lib/gcc/arm-none-eabi/5.4.1/../../../../arm-none-eabi/lib/armv7-m\libg_nano.a(lib_a-errno.o)
                              .\CortexM3\ARM_GCC_541\Debug\Cm3Start.o (symbol from plugin) (__errno)
c:/program files (x86)/cypress/psoc creator/4.4/psoc creator/import/gnu/arm/5.4.1/bin/../lib/gcc/arm-none-eabi/5.4.1/../../../../arm-none-eabi/lib/armv7-m\libg_nano.a(lib_a-exit.o)
                              c:/program files (x86)/cypress/psoc creator/4.4/psoc creator/import/gnu/arm/5.4.1/bin/../lib/gcc/arm-none-eabi/5.4.1/../../../../arm-none-eabi/lib/armv7-m/crt0.o (exit)
c:/program files (x86)/cypress/psoc creator/4.4/psoc creator/import/gnu/arm/5.4.1/bin/../lib/gcc/arm-none-eabi/5.4.1/../../../../arm-none-eabi/lib/armv7-m\libg_nano.a(lib_a-impure.o)
                              c:/program files (x86)/cypress/psoc creator/4.4/psoc creator/import/gnu/arm/5.4.1/bin/../lib/gcc/arm-none-eabi/5.4.1/../../../../arm-none-eabi/lib/armv7-m\libg_nano.a(lib_a-exit.o) (_global_impure_ptr)
c:/program files (x86)/cypress/psoc creator/4.4/psoc creator/import/gnu/arm/5.4.1/bin/../lib/gcc/arm-none-eabi/5.4.1/../../../../arm-none-eabi/lib/armv7-m\libg_nano.a(lib_a-init.o)
                              c:/program files (x86)/cypress/psoc creator/4.4/psoc creator/import/gnu/arm/5.4.1/bin/../lib/gcc/arm-none-eabi/5.4.1/../../../../arm-none-eabi/lib/armv7-m/crt0.o (__libc_init_array)
c:/program files (x86)/cypress/psoc creator/4.4/psoc creator/import/gnu/arm/5.4.1/bin/../lib/gcc/arm-none-eabi/5.4.1/../../../../arm-none-eabi/lib/armv7-m\libg_nano.a(lib_a-memset.o)
                              c:/program files (x86)/cypress/psoc creator/4.4/psoc creator/import/gnu/arm/5.4.1/bin/../lib/gcc/arm-none-eabi/5.4.1/../../../../arm-none-eabi/lib/armv7-m/crt0.o (memset)
c:/program files (x86)/cypress/psoc creator/4.4/psoc creator/import/gnu/arm/5.4.1/bin/../lib/gcc/arm-none-eabi/5.4.1/../../../../arm-none-eabi/lib/armv7-m\libnosys.a(_exit.o)
                              c:/program files (x86)/cypress/psoc creator/4.4/psoc creator/import/gnu/arm/5.4.1/bin/../lib/gcc/arm-none-eabi/5.4.1/../../../../arm-none-eabi/lib/armv7-m\libg_nano.a(lib_a-exit.o) (_exit)
c:/program files (x86)/cypress/psoc creator/4.4/psoc creator/import/gnu/arm/5.4.1/bin/../lib/gcc/arm-none-eabi/5.4.1/armv7-m\libgcc.a(_aeabi_ldivmod.o)
                              C:\Users\elias\AppData\Local\Temp\ccVMp8W0.ltrans2.ltrans.o (__aeabi_ldivmod)
c:/program files (x86)/cypress/psoc creator/4.4/psoc creator/import/gnu/arm/5.4.1/bin/../lib/gcc/arm-none-eabi/5.4.1/armv7-m\libgcc.a(_udivmoddi4.o)
                              c:/program files (x86)/cypress/psoc creator/4.4/psoc creator/import/gnu/arm/5.4.1/bin/../lib/gcc/arm-none-eabi/5.4.1/armv7-m\libgcc.a(_aeabi_ldivmod.o) (__udivmoddi4)
c:/program files (x86)/cypress/psoc creator/4.4/psoc creator/import/gnu/arm/5.4.1/bin/../lib/gcc/arm-none-eabi/5.4.1/armv7-m\libgcc.a(_dvmd_tls.o)
                              c:/program files (x86)/cypress/psoc creator/4.4/psoc creator/import/gnu/arm/5.4.1/bin/../lib/gcc/arm-none-eabi/5.4.1/armv7-m\libgcc.a(_aeabi_ldivmod.o) (__aeabi_ldiv0)
c:/program files (x86)/cypress/psoc creator/4.4/psoc creator/import/gnu/arm/5.4.1/bin/../lib/gcc/arm-none-eabi/5.4.1/../../../../arm-none-eabi/lib/armv7-m\libg_nano.a(lib_a-memcpy-stub.o)
                              C:\Users\elias\AppData\Local\Temp\ccVMp8W0.ltrans0.ltrans.o (memcpy)

Allocating common symbols
Common symbol       size              file

ADC_CountsPerVolt   0x4               ADC.o (symbol from plugin)

Discarded input sections

 .text          0x00000000        0x0 c:/program files (x86)/cypress/psoc creator/4.4/psoc creator/import/gnu/arm/5.4.1/bin/../lib/gcc/arm-none-eabi/5.4.1/armv7-m/crti.o
 .data          0x00000000        0x0 c:/program files (x86)/cypress/psoc creator/4.4/psoc creator/import/gnu/arm/5.4.1/bin/../lib/gcc/arm-none-eabi/5.4.1/armv7-m/crti.o
 .bss           0x00000000        0x0 c:/program files (x86)/cypress/psoc creator/4.4/psoc creator/import/gnu/arm/5.4.1/bin/../lib/gcc/arm-none-eabi/5.4.1/armv7-m/crti.o
 .data          0x00000000        0x4 c:/program files (x86)/cypress/psoc creator/4.4/psoc creator/import/gnu/arm/5.4.1/bin/../lib/gcc/arm-none-eabi/5.4.1/armv7-m/crtbegin.o
 .text          0x00000000       0x74 c:/program files (x86)/cypress/psoc creator/4.4/psoc creator/import/gnu/arm/5.4.1/bin/../lib/gcc/arm-none-eabi/5.4.1/../../../../arm-none-eabi/lib/armv7-m/crt0.o
 .data          0x00000000        0x0 c:/program files (x86)/cypress/psoc creator/4.4/psoc creator/import/gnu/arm/5.4.1/bin/../lib/gcc/arm-none-eabi/5.4.1/../../../../arm-none-eabi/lib/armv7-m/crt0.o
 .bss           0x00000000        0x0 c:/program files (x86)/cypress/psoc creator/4.4/psoc creator/import/gnu/arm/5.4.1/bin/../lib/gcc/arm-none-eabi/5.4.1/../../../../arm-none-eabi/lib/armv7-m/crt0.o
 .ARM.extab     0x00000000        0x0 c:/program files (x86)/cypress/psoc creator/4.4/psoc creator/import/gnu/arm/5.4.1/bin/../lib/gcc/arm-none-eabi/5.4.1/../../../../arm-none-eabi/lib/armv7-m/crt0.o
 .ARM.exidx     0x00000000        0x8 c:/program files (x86)/cypress/psoc creator/4.4/psoc creator/import/gnu/arm/5.4.1/bin/../lib/gcc/arm-none-eabi/5.4.1/../../../../arm-none-eabi/lib/armv7-m/crt0.o
 .text          0x00000000        0x0 .\CortexM3\ARM_GCC_541\Debug\main.o (symbol from plugin)
 .text          0x00000000        0x0 C:\Users\elias\AppData\Local\Temp\ccVMp8W0.ltrans0.ltrans.o
 .text          0x00000000        0x0 C:\Users\elias\AppData\Local\Temp\ccVMp8W0.ltrans1.ltrans.o
 .text          0x00000000        0x0 C:\Users\elias\AppData\Local\Temp\ccVMp8W0.ltrans2.ltrans.o
 .text          0x00000000        0x0 C:\Users\elias\AppData\Local\Temp\ccVMp8W0.ltrans3.ltrans.o
 .data          0x00000000        0x0 C:\Users\elias\AppData\Local\Temp\ccVMp8W0.ltrans3.ltrans.o
 .text          0x00000000        0x0 C:\Users\elias\AppData\Local\Temp\ccVMp8W0.ltrans4.ltrans.o
 .text          0x00000000        0x0 C:\Users\elias\AppData\Local\Temp\ccVMp8W0.ltrans5.ltrans.o
 .text._exit    0x00000000        0x4 C:\Users\elias\AppData\Local\Temp\ccVMp8W0.ltrans5.ltrans.o
 .text          0x00000000        0x0 C:\Users\elias\AppData\Local\Temp\ccVMp8W0.ltrans6.ltrans.o
 .text          0x00000000        0x0 C:\Users\elias\AppData\Local\Temp\ccVMp8W0.ltrans7.ltrans.o
 .text          0x00000000        0x0 .\CortexM3\ARM_GCC_541\Debug\calibration.o (symbol from plugin)
 .text          0x00000000        0x0 .\CortexM3\ARM_GCC_541\Debug\psoc_adc.o (symbol from plugin)
 .text          0x00000000        0x0 .\CortexM3\ARM_GCC_541\Debug\psoc_hw.o (symbol from plugin)
 .text          0x00000000        0x0 .\CortexM3\ARM_GCC_541\Debug\crc.o (symbol from plugin)
 .text          0x00000000        0x0 .\CortexM3\ARM_GCC_541\Debug\psoc_nv.o (symbol from plugin)
 .text          0x00000000        0x0 .\CortexM3\ARM_GCC_541\Debug\filter_coeffs.o (symbol from plugin)
 .text          0x00000000        0x0 .\CortexM3\ARM_GCC_541\Debug\FIR_adquisition.o (symbol from plugin)
 .text          0x00000000        0x0 .\CortexM3\ARM_GCC_541\Debug\FIR_calibration.o (symbol from plugin)
 .text          0x00000000        0x0 .\CortexM3\ARM_GCC_541\Debug\psoc_debug.o (symbol from plugin)
 .text          0x00000000        0x0 .\CortexM3\ARM_GCC_541\Debug\cyfitter_cfg.o (symbol from plugin)
 .text          0x00000000        0x0 .\CortexM3\ARM_GCC_541\Debug\cymetadata.o (symbol from plugin)
 .text          0x00000000        0x0 .\CortexM3\ARM_GCC_541\Debug\Cm3Start.o (symbol from plugin)
 .text          0x00000000        0x0 Filter.o (symbol from plugin)
 .text          0x00000000        0x0 Filter_PVT.o (symbol from plugin)
 .text          0x00000000        0x0 Filter_RAM_Data.o (symbol from plugin)
 .text          0x00000000        0x0 CyDmac.o (symbol from plugin)
 .text          0x00000000        0x0 CyLib.o (symbol from plugin)
 .text          0x00000000        0x0 cyPm.o (symbol from plugin)
 .text          0x00000000        0x0 DMA_DelSig_Filter_dma.o (symbol from plugin)
 .text          0x00000000        0x0 DMA_DelSig_RAM_dma.o (symbol from plugin)
 .text          0x00000000        0x0 isr_Timer.o (symbol from plugin)
 .text          0x00000000        0x0 Timer.o (symbol from plugin)
 .text          0x00000000        0x0 LED.o (symbol from plugin)
 .text          0x00000000        0x0 UART.o (symbol from plugin)
 .text          0x00000000        0x0 UART_INT.o (symbol from plugin)
 .text          0x00000000        0x0 UART_IntClock.o (symbol from plugin)
 .text          0x00000000        0x0 ADC.o (symbol from plugin)
 .text          0x00000000        0x0 ADC_INT.o (symbol from plugin)
 .text          0x00000000        0x0 ADC_Ext_CP_Clk.o (symbol from plugin)
 .text          0x00000000        0x0 ADC_theACLK.o (symbol from plugin)
 .text          0x00000000        0x0 VDAC_PGA.o (symbol from plugin)
 .text          0x00000000        0x0 SYNC_IN.o (symbol from plugin)
 .text          0x00000000        0x0 LPF_ADC.o (symbol from plugin)
 .text          0x00000000        0x0 PGA.o (symbol from plugin)
 .text          0x00000000        0x0 ADC_AMux.o (symbol from plugin)
 .text          0x00000000        0x0 Opa_LP.o (symbol from plugin)
 .text          0x00000000        0x0 VDAC_LP.o (symbol from plugin)
 .text          0x00000000        0x0 AMux_ADC.o (symbol from plugin)
 .text          0x00000000        0x0 Opa_ref_PGA.o (symbol from plugin)
 .text          0x00000000        0x0 Clock_1.o (symbol from plugin)
 .text          0x00000000        0x0 EEPROM.o (symbol from plugin)
 .text          0x00000000        0x0 DMA_Filter_RAM_dma.o (symbol from plugin)
 .text          0x00000000        0x0 Opa_ref_1V.o (symbol from plugin)
 .text          0x00000000        0x0 isr_SuperMaquina.o (symbol from plugin)
 .text          0x00000000        0x0 state.o (symbol from plugin)
 .text          0x00000000        0x0 error.o (symbol from plugin)
 .text          0x00000000        0x0 status.o (symbol from plugin)
 .text          0x00000000        0x0 reset.o (symbol from plugin)
 .text          0x00000000        0x0 cfg.o (symbol from plugin)
 .text          0x00000000        0x0 ctrl.o (symbol from plugin)
 .text          0x00000000        0x0 Timer_2.o (symbol from plugin)
 .text          0x00000000        0x0 isr_Timer_2.o (symbol from plugin)
 .text          0x00000000        0x0 isr_Timer_1.o (symbol from plugin)
 .text          0x00000000        0x0 Timer_1.o (symbol from plugin)
 .data          0x00000000        0x0 .\CortexM3\ARM_GCC_541\Debug\AcondicionamientoAnalogico.a(CyBootAsmGnu.o)
 .bss           0x00000000        0x0 .\CortexM3\ARM_GCC_541\Debug\AcondicionamientoAnalogico.a(CyBootAsmGnu.o)
 .text          0x00000000        0x0 CyFlash.o (symbol from plugin)
 .text          0x00000000        0x0 CySpc.o (symbol from plugin)
 .text          0x00000000        0x0 c:/program files (x86)/cypress/psoc creator/4.4/psoc creator/import/gnu/arm/5.4.1/bin/../lib/gcc/arm-none-eabi/5.4.1/../../../../arm-none-eabi/lib/armv7-m\libg_nano.a(lib_a-errno.o)
 .data          0x00000000        0x0 c:/program files (x86)/cypress/psoc creator/4.4/psoc creator/import/gnu/arm/5.4.1/bin/../lib/gcc/arm-none-eabi/5.4.1/../../../../arm-none-eabi/lib/armv7-m\libg_nano.a(lib_a-errno.o)
 .bss           0x00000000        0x0 c:/program files (x86)/cypress/psoc creator/4.4/psoc creator/import/gnu/arm/5.4.1/bin/../lib/gcc/arm-none-eabi/5.4.1/../../../../arm-none-eabi/lib/armv7-m\libg_nano.a(lib_a-errno.o)
 .text          0x00000000        0x0 c:/program files (x86)/cypress/psoc creator/4.4/psoc creator/import/gnu/arm/5.4.1/bin/../lib/gcc/arm-none-eabi/5.4.1/../../../../arm-none-eabi/lib/armv7-m\libg_nano.a(lib_a-exit.o)
 .data          0x00000000        0x0 c:/program files (x86)/cypress/psoc creator/4.4/psoc creator/import/gnu/arm/5.4.1/bin/../lib/gcc/arm-none-eabi/5.4.1/../../../../arm-none-eabi/lib/armv7-m\libg_nano.a(lib_a-exit.o)
 .bss           0x00000000        0x0 c:/program files (x86)/cypress/psoc creator/4.4/psoc creator/import/gnu/arm/5.4.1/bin/../lib/gcc/arm-none-eabi/5.4.1/../../../../arm-none-eabi/lib/armv7-m\libg_nano.a(lib_a-exit.o)
 .text.exit     0x00000000       0x28 c:/program files (x86)/cypress/psoc creator/4.4/psoc creator/import/gnu/arm/5.4.1/bin/../lib/gcc/arm-none-eabi/5.4.1/../../../../arm-none-eabi/lib/armv7-m\libg_nano.a(lib_a-exit.o)
 .text          0x00000000        0x0 c:/program files (x86)/cypress/psoc creator/4.4/psoc creator/import/gnu/arm/5.4.1/bin/../lib/gcc/arm-none-eabi/5.4.1/../../../../arm-none-eabi/lib/armv7-m\libg_nano.a(lib_a-impure.o)
 .data          0x00000000        0x0 c:/program files (x86)/cypress/psoc creator/4.4/psoc creator/import/gnu/arm/5.4.1/bin/../lib/gcc/arm-none-eabi/5.4.1/../../../../arm-none-eabi/lib/armv7-m\libg_nano.a(lib_a-impure.o)
 .bss           0x00000000        0x0 c:/program files (x86)/cypress/psoc creator/4.4/psoc creator/import/gnu/arm/5.4.1/bin/../lib/gcc/arm-none-eabi/5.4.1/../../../../arm-none-eabi/lib/armv7-m\libg_nano.a(lib_a-impure.o)
 .rodata._global_impure_ptr
                0x00000000        0x4 c:/program files (x86)/cypress/psoc creator/4.4/psoc creator/import/gnu/arm/5.4.1/bin/../lib/gcc/arm-none-eabi/5.4.1/../../../../arm-none-eabi/lib/armv7-m\libg_nano.a(lib_a-impure.o)
 .text          0x00000000        0x0 c:/program files (x86)/cypress/psoc creator/4.4/psoc creator/import/gnu/arm/5.4.1/bin/../lib/gcc/arm-none-eabi/5.4.1/../../../../arm-none-eabi/lib/armv7-m\libg_nano.a(lib_a-init.o)
 .data          0x00000000        0x0 c:/program files (x86)/cypress/psoc creator/4.4/psoc creator/import/gnu/arm/5.4.1/bin/../lib/gcc/arm-none-eabi/5.4.1/../../../../arm-none-eabi/lib/armv7-m\libg_nano.a(lib_a-init.o)
 .bss           0x00000000        0x0 c:/program files (x86)/cypress/psoc creator/4.4/psoc creator/import/gnu/arm/5.4.1/bin/../lib/gcc/arm-none-eabi/5.4.1/../../../../arm-none-eabi/lib/armv7-m\libg_nano.a(lib_a-init.o)
 .text          0x00000000        0x0 c:/program files (x86)/cypress/psoc creator/4.4/psoc creator/import/gnu/arm/5.4.1/bin/../lib/gcc/arm-none-eabi/5.4.1/../../../../arm-none-eabi/lib/armv7-m\libg_nano.a(lib_a-memset.o)
 .data          0x00000000        0x0 c:/program files (x86)/cypress/psoc creator/4.4/psoc creator/import/gnu/arm/5.4.1/bin/../lib/gcc/arm-none-eabi/5.4.1/../../../../arm-none-eabi/lib/armv7-m\libg_nano.a(lib_a-memset.o)
 .bss           0x00000000        0x0 c:/program files (x86)/cypress/psoc creator/4.4/psoc creator/import/gnu/arm/5.4.1/bin/../lib/gcc/arm-none-eabi/5.4.1/../../../../arm-none-eabi/lib/armv7-m\libg_nano.a(lib_a-memset.o)
 .text          0x00000000        0x0 c:/program files (x86)/cypress/psoc creator/4.4/psoc creator/import/gnu/arm/5.4.1/bin/../lib/gcc/arm-none-eabi/5.4.1/armv7-m/crtend.o
 .data          0x00000000        0x0 c:/program files (x86)/cypress/psoc creator/4.4/psoc creator/import/gnu/arm/5.4.1/bin/../lib/gcc/arm-none-eabi/5.4.1/armv7-m/crtend.o
 .bss           0x00000000        0x0 c:/program files (x86)/cypress/psoc creator/4.4/psoc creator/import/gnu/arm/5.4.1/bin/../lib/gcc/arm-none-eabi/5.4.1/armv7-m/crtend.o
 .text          0x00000000        0x0 c:/program files (x86)/cypress/psoc creator/4.4/psoc creator/import/gnu/arm/5.4.1/bin/../lib/gcc/arm-none-eabi/5.4.1/armv7-m/crtn.o
 .data          0x00000000        0x0 c:/program files (x86)/cypress/psoc creator/4.4/psoc creator/import/gnu/arm/5.4.1/bin/../lib/gcc/arm-none-eabi/5.4.1/armv7-m/crtn.o
 .bss           0x00000000        0x0 c:/program files (x86)/cypress/psoc creator/4.4/psoc creator/import/gnu/arm/5.4.1/bin/../lib/gcc/arm-none-eabi/5.4.1/armv7-m/crtn.o
 .text          0x00000000        0x0 c:/program files (x86)/cypress/psoc creator/4.4/psoc creator/import/gnu/arm/5.4.1/bin/../lib/gcc/arm-none-eabi/5.4.1/../../../../arm-none-eabi/lib/armv7-m\libnosys.a(_exit.o)
 .data          0x00000000        0x0 c:/program files (x86)/cypress/psoc creator/4.4/psoc creator/import/gnu/arm/5.4.1/bin/../lib/gcc/arm-none-eabi/5.4.1/../../../../arm-none-eabi/lib/armv7-m\libnosys.a(_exit.o)
 .bss           0x00000000        0x0 c:/program files (x86)/cypress/psoc creator/4.4/psoc creator/import/gnu/arm/5.4.1/bin/../lib/gcc/arm-none-eabi/5.4.1/../../../../arm-none-eabi/lib/armv7-m\libnosys.a(_exit.o)
 .text._exit    0x00000000        0x4 c:/program files (x86)/cypress/psoc creator/4.4/psoc creator/import/gnu/arm/5.4.1/bin/../lib/gcc/arm-none-eabi/5.4.1/../../../../arm-none-eabi/lib/armv7-m\libnosys.a(_exit.o)
 .data          0x00000000        0x0 c:/program files (x86)/cypress/psoc creator/4.4/psoc creator/import/gnu/arm/5.4.1/bin/../lib/gcc/arm-none-eabi/5.4.1/armv7-m\libgcc.a(_aeabi_ldivmod.o)
 .bss           0x00000000        0x0 c:/program files (x86)/cypress/psoc creator/4.4/psoc creator/import/gnu/arm/5.4.1/bin/../lib/gcc/arm-none-eabi/5.4.1/armv7-m\libgcc.a(_aeabi_ldivmod.o)
 .data          0x00000000        0x0 c:/program files (x86)/cypress/psoc creator/4.4/psoc creator/import/gnu/arm/5.4.1/bin/../lib/gcc/arm-none-eabi/5.4.1/armv7-m\libgcc.a(_udivmoddi4.o)
 .bss           0x00000000        0x0 c:/program files (x86)/cypress/psoc creator/4.4/psoc creator/import/gnu/arm/5.4.1/bin/../lib/gcc/arm-none-eabi/5.4.1/armv7-m\libgcc.a(_udivmoddi4.o)
 .ARM.extab     0x00000000        0x0 c:/program files (x86)/cypress/psoc creator/4.4/psoc creator/import/gnu/arm/5.4.1/bin/../lib/gcc/arm-none-eabi/5.4.1/armv7-m\libgcc.a(_udivmoddi4.o)
 .data          0x00000000        0x0 c:/program files (x86)/cypress/psoc creator/4.4/psoc creator/import/gnu/arm/5.4.1/bin/../lib/gcc/arm-none-eabi/5.4.1/armv7-m\libgcc.a(_dvmd_tls.o)
 .bss           0x00000000        0x0 c:/program files (x86)/cypress/psoc creator/4.4/psoc creator/import/gnu/arm/5.4.1/bin/../lib/gcc/arm-none-eabi/5.4.1/armv7-m\libgcc.a(_dvmd_tls.o)
 .text          0x00000000        0x0 c:/program files (x86)/cypress/psoc creator/4.4/psoc creator/import/gnu/arm/5.4.1/bin/../lib/gcc/arm-none-eabi/5.4.1/../../../../arm-none-eabi/lib/armv7-m\libg_nano.a(lib_a-memcpy-stub.o)
 .data          0x00000000        0x0 c:/program files (x86)/cypress/psoc creator/4.4/psoc creator/import/gnu/arm/5.4.1/bin/../lib/gcc/arm-none-eabi/5.4.1/../../../../arm-none-eabi/lib/armv7-m\libg_nano.a(lib_a-memcpy-stub.o)
 .bss           0x00000000        0x0 c:/program files (x86)/cypress/psoc creator/4.4/psoc creator/import/gnu/arm/5.4.1/bin/../lib/gcc/arm-none-eabi/5.4.1/../../../../arm-none-eabi/lib/armv7-m\libg_nano.a(lib_a-memcpy-stub.o)

Memory Configuration

Name             Origin             Length             Attributes
rom              0x00000000         0x00040000         xr
ram              0x1fff8000         0x00010000         xrw
*default*        0x00000000         0xffffffff

Linker script and memory map

LOAD c:/program files (x86)/cypress/psoc creator/4.4/psoc creator/import/gnu/arm/5.4.1/bin/../lib/gcc/arm-none-eabi/5.4.1/armv7-m/crti.o
LOAD c:/program files (x86)/cypress/psoc creator/4.4/psoc creator/import/gnu/arm/5.4.1/bin/../lib/gcc/arm-none-eabi/5.4.1/armv7-m/crtbegin.o
LOAD c:/program files (x86)/cypress/psoc creator/4.4/psoc creator/import/gnu/arm/5.4.1/bin/../lib/gcc/arm-none-eabi/5.4.1/../../../../arm-none-eabi/lib/armv7-m/crt0.o
START GROUP
LOAD .\CortexM3\ARM_GCC_541\Debug\main.o
LOAD C:\Users\elias\AppData\Local\Temp\ccVMp8W0.ltrans0.ltrans.o
LOAD C:\Users\elias\AppData\Local\Temp\ccVMp8W0.ltrans1.ltrans.o
LOAD C:\Users\elias\AppData\Local\Temp\ccVMp8W0.ltrans2.ltrans.o
LOAD C:\Users\elias\AppData\Local\Temp\ccVMp8W0.ltrans3.ltrans.o
LOAD C:\Users\elias\AppData\Local\Temp\ccVMp8W0.ltrans4.ltrans.o
LOAD C:\Users\elias\AppData\Local\Temp\ccVMp8W0.ltrans5.ltrans.o
LOAD C:\Users\elias\AppData\Local\Temp\ccVMp8W0.ltrans6.ltrans.o
LOAD C:\Users\elias\AppData\Local\Temp\ccVMp8W0.ltrans7.ltrans.o
LOAD .\CortexM3\ARM_GCC_541\Debug\calibration.o
LOAD .\CortexM3\ARM_GCC_541\Debug\psoc_adc.o
LOAD .\CortexM3\ARM_GCC_541\Debug\psoc_hw.o
LOAD .\CortexM3\ARM_GCC_541\Debug\crc.o
LOAD .\CortexM3\ARM_GCC_541\Debug\psoc_nv.o
LOAD .\CortexM3\ARM_GCC_541\Debug\filter_coeffs.o
LOAD .\CortexM3\ARM_GCC_541\Debug\FIR_adquisition.o
LOAD .\CortexM3\ARM_GCC_541\Debug\FIR_calibration.o
LOAD .\CortexM3\ARM_GCC_541\Debug\psoc_debug.o
LOAD .\CortexM3\ARM_GCC_541\Debug\cyfitter_cfg.o
LOAD .\CortexM3\ARM_GCC_541\Debug\cymetadata.o
LOAD .\CortexM3\ARM_GCC_541\Debug\Cm3Start.o
LOAD .\CortexM3\ARM_GCC_541\Debug\AcondicionamientoAnalogico.a
LOAD C:\Program Files (x86)\Cypress\PSoC Creator\4.4\PSoC Creator\psoc\content\cycomponentlibrary\CyComponentLibrary.cylib\CortexM3\ARM_GCC_541\Debug\CyComponentLibrary.a
END GROUP
START GROUP
LOAD c:/program files (x86)/cypress/psoc creator/4.4/psoc creator/import/gnu/arm/5.4.1/bin/../lib/gcc/arm-none-eabi/5.4.1/armv7-m\libgcc.a
LOAD c:/program files (x86)/cypress/psoc creator/4.4/psoc creator/import/gnu/arm/5.4.1/bin/../lib/gcc/arm-none-eabi/5.4.1/../../../../arm-none-eabi/lib/armv7-m\libg_nano.a
LOAD c:/program files (x86)/cypress/psoc creator/4.4/psoc creator/import/gnu/arm/5.4.1/bin/../lib/gcc/arm-none-eabi/5.4.1/../../../../arm-none-eabi/lib/armv7-m\libc_nano.a
END GROUP
START GROUP
LOAD c:/program files (x86)/cypress/psoc creator/4.4/psoc creator/import/gnu/arm/5.4.1/bin/../lib/gcc/arm-none-eabi/5.4.1/armv7-m\libgcc.a
LOAD c:/program files (x86)/cypress/psoc creator/4.4/psoc creator/import/gnu/arm/5.4.1/bin/../lib/gcc/arm-none-eabi/5.4.1/../../../../arm-none-eabi/lib/armv7-m\libc_nano.a
END GROUP
LOAD c:/program files (x86)/cypress/psoc creator/4.4/psoc creator/import/gnu/arm/5.4.1/bin/../lib/gcc/arm-none-eabi/5.4.1/armv7-m/crtend.o
LOAD c:/program files (x86)/cypress/psoc creator/4.4/psoc creator/import/gnu/arm/5.4.1/bin/../lib/gcc/arm-none-eabi/5.4.1/armv7-m/crtn.o
START GROUP
LOAD c:/program files (x86)/cypress/psoc creator/4.4/psoc creator/import/gnu/arm/5.4.1/bin/../lib/gcc/arm-none-eabi/5.4.1/armv7-m\libgcc.a
LOAD c:/program files (x86)/cypress/psoc creator/4.4/psoc creator/import/gnu/arm/5.4.1/bin/../lib/gcc/arm-none-eabi/5.4.1/../../../../arm-none-eabi/lib/armv7-m\libc.a
LOAD c:/program files (x86)/cypress/psoc creator/4.4/psoc creator/import/gnu/arm/5.4.1/bin/../lib/gcc/arm-none-eabi/5.4.1/../../../../arm-none-eabi/lib/armv7-m\libnosys.a
END GROUP
                0x00000000                CY_APPL_ORIGIN = 0x0
                0x00000100                CY_FLASH_ROW_SIZE = 0x100
                0x00000020                CY_ECC_ROW_SIZE = 0x20
                0x00000000                CY_EE_IN_BTLDR = 0x0
                0x00000000                CY_APPL_LOADABLE = 0x0
                0x00000800                CY_EE_SIZE = 0x800
                0x00000001                CY_APPL_NUM = 0x1
                0x00000001                CY_APPL_MAX = 0x1
                0x00000040                CY_METADATA_SIZE = 0x40
                0x00000000                CY_APPL_LOADABLE = 0x0
                0x00000000                CY_CHECKSUM_EXCLUDE_SIZE = ALIGN (0x0, CY_FLASH_ROW_SIZE)
                [!provide]                PROVIDE (__cy_heap_start, _end)
                0x00000001                PROVIDE (__cy_region_num, ((__cy_regions_end - __cy_regions) / 0x10))
                0x20008000                PROVIDE (__cy_stack, (ORIGIN (ram) + LENGTH (ram)))
                [!provide]                PROVIDE (__cy_heap_end, (__cy_stack - 0x800))

.cybootloader   0x00000000        0x0
 *(.cybootloader)
                0x00000000                appl1_start = CY_APPL_ORIGIN?CY_APPL_ORIGIN:ALIGN (CY_FLASH_ROW_SIZE)
                0x0001ff00                appl2_start = (appl1_start + ALIGN ((((LENGTH (rom) - appl1_start) - (0x2 * CY_FLASH_ROW_SIZE)) / 0x2), CY_FLASH_ROW_SIZE))
                0x00000000                appl_start = (CY_APPL_NUM == 0x1)?appl1_start:appl2_start
                0x00000000                ecc_offset = ((appl_start / CY_FLASH_ROW_SIZE) * CY_ECC_ROW_SIZE)
                0x00000000                ee_offset = (CY_APPL_LOADABLE && ! (CY_EE_IN_BTLDR))?((CY_EE_SIZE / CY_APPL_MAX) * (CY_APPL_NUM - 0x1)):0x0
                0x00000800                ee_size = (CY_APPL_LOADABLE && ! (CY_EE_IN_BTLDR))?(CY_EE_SIZE / CY_APPL_MAX):CY_EE_SIZE
                [!provide]                PROVIDE (CY_ECC_OFFSET, ecc_offset)

.text           0x00000000     0x8ad6
 CREATE_OBJECT_SYMBOLS
                0x00000000                PROVIDE (__cy_interrupt_vector, RomVectors)
 *(.romvectors)
 .romvectors    0x00000000       0x10 C:\Users\elias\AppData\Local\Temp\ccVMp8W0.ltrans5.ltrans.o
                0x00000000                RomVectors
                0x00000001                ASSERT ((. != __cy_interrupt_vector), No interrupt vector)
                0x00000001                ASSERT (CY_APPL_ORIGIN?(SIZEOF (.cybootloader) <= CY_APPL_ORIGIN):0x1, Wrong image location)
                0x00000010                PROVIDE (__cy_reset, Reset)
 *(.text.Reset)
 .text.Reset    0x00000010       0x64 C:\Users\elias\AppData\Local\Temp\ccVMp8W0.ltrans5.ltrans.o
                0x00000010                Reset
                0x00000001                ASSERT ((. != __cy_reset), No reset code)
 *(.dma_init)
                0x00000001                ASSERT ((((appl_start + .) <= 0x10000) || 0x1), DMA Init must be within the first 64k of flash)
 *(.text .text.* .gnu.linkonce.t.*)
 .text          0x00000074       0x5c c:/program files (x86)/cypress/psoc creator/4.4/psoc creator/import/gnu/arm/5.4.1/bin/../lib/gcc/arm-none-eabi/5.4.1/armv7-m/crtbegin.o
 .text.uart_service.lto_priv.132
                0x000000d0     0x1fe4 C:\Users\elias\AppData\Local\Temp\ccVMp8W0.ltrans0.ltrans.o
                0x000000d0                uart_service.lto_priv.132
 .text.startup.main
                0x000020b4     0x1c50 C:\Users\elias\AppData\Local\Temp\ccVMp8W0.ltrans1.ltrans.o
                0x000020b4                main
 .text.service_runtime.lto_priv.123
                0x00003d04     0x1410 C:\Users\elias\AppData\Local\Temp\ccVMp8W0.ltrans2.ltrans.o
                0x00003d04                service_runtime.lto_priv.123
 .text.sm_sample_noop.lto_priv.70
                0x00005114        0x4 C:\Users\elias\AppData\Local\Temp\ccVMp8W0.ltrans3.ltrans.o
                0x00005114                sm_sample_noop.lto_priv.70
 .text.isr_Timer
                0x00005118       0x48 C:\Users\elias\AppData\Local\Temp\ccVMp8W0.ltrans3.ltrans.o
                0x00005118                isr_Timer
 .text.sm_sample_capture_debug.lto_priv.146
                0x00005160       0x4c C:\Users\elias\AppData\Local\Temp\ccVMp8W0.ltrans3.ltrans.o
                0x00005160                sm_sample_capture_debug.lto_priv.146
 .text.sm_sample_capture_raw.lto_priv.148
                0x000051ac       0x48 C:\Users\elias\AppData\Local\Temp\ccVMp8W0.ltrans3.ltrans.o
                0x000051ac                sm_sample_capture_raw.lto_priv.148
 .text.sm_sample_cal_filt.lto_priv.99
                0x000051f4       0x44 C:\Users\elias\AppData\Local\Temp\ccVMp8W0.ltrans3.ltrans.o
                0x000051f4                sm_sample_cal_filt.lto_priv.99
 .text.sm_sample_cal_raw.lto_priv.100
                0x00005238       0x40 C:\Users\elias\AppData\Local\Temp\ccVMp8W0.ltrans3.ltrans.o
                0x00005238                sm_sample_cal_raw.lto_priv.100
 .text.sm_sample_capture_filt.lto_priv.147
                0x00005278       0x5c C:\Users\elias\AppData\Local\Temp\ccVMp8W0.ltrans3.ltrans.o
                0x00005278                sm_sample_capture_filt.lto_priv.147
 .text.uart_send_diag.lto_priv.69
                0x000052d4       0xe0 C:\Users\elias\AppData\Local\Temp\ccVMp8W0.ltrans3.ltrans.o
                0x000052d4                uart_send_diag.lto_priv.69
 .text.isr_SuperMaquina_Handler
                0x000053b4       0xec C:\Users\elias\AppData\Local\Temp\ccVMp8W0.ltrans3.ltrans.o
                0x000053b4                isr_SuperMaquina_Handler
 .text.sm_sample_armed_wait.lto_priv.145
                0x000054a0      0x2bc C:\Users\elias\AppData\Local\Temp\ccVMp8W0.ltrans3.ltrans.o
                0x000054a0                sm_sample_armed_wait.lto_priv.145
 .text.psoc_enter_sampling.lto_priv.150
                0x0000575c      0x548 C:\Users\elias\AppData\Local\Temp\ccVMp8W0.ltrans3.ltrans.o
                0x0000575c                psoc_enter_sampling.lto_priv.150
 .text.timer2_start_next_chunk.lto_priv.114
                0x00005ca4      0x10c C:\Users\elias\AppData\Local\Temp\ccVMp8W0.ltrans3.ltrans.o
                0x00005ca4                timer2_start_next_chunk.lto_priv.114
 .text.isr_Timer_2
                0x00005db0       0xa0 C:\Users\elias\AppData\Local\Temp\ccVMp8W0.ltrans3.ltrans.o
                0x00005db0                isr_Timer_2
 .text.timer2_stop_quiet.lto_priv.87
                0x00005e50       0x5c C:\Users\elias\AppData\Local\Temp\ccVMp8W0.ltrans3.ltrans.o
                0x00005e50                timer2_stop_quiet.lto_priv.87
 .text.rx_watchdog_start.lto_priv.151
                0x00005eac      0x104 C:\Users\elias\AppData\Local\Temp\ccVMp8W0.ltrans3.ltrans.o
                0x00005eac                rx_watchdog_start.lto_priv.151
 .text.timer1_start_next_chunk.lto_priv.68
                0x00005fb0      0x10c C:\Users\elias\AppData\Local\Temp\ccVMp8W0.ltrans3.ltrans.o
                0x00005fb0                timer1_start_next_chunk.lto_priv.68
 .text.isr_Timer_1
                0x000060bc       0xe4 C:\Users\elias\AppData\Local\Temp\ccVMp8W0.ltrans3.ltrans.o
                0x000060bc                isr_Timer_1
 .text.psoc_prepare_capture_path.lto_priv.124
                0x000061a0      0x12c C:\Users\elias\AppData\Local\Temp\ccVMp8W0.ltrans3.ltrans.o
                0x000061a0                psoc_prepare_capture_path.lto_priv.124
 .text.psoc_start_calibration_if_idle.part.4.lto_priv.125
                0x000062cc      0xb70 C:\Users\elias\AppData\Local\Temp\ccVMp8W0.ltrans4.ltrans.o
                0x000062cc                psoc_start_calibration_if_idle.part.4.lto_priv.125
 .text.UART_TXISR
                0x00006e3c       0x68 C:\Users\elias\AppData\Local\Temp\ccVMp8W0.ltrans5.ltrans.o
                0x00006e3c                UART_TXISR
 .text.UART_RXISR
                0x00006ea4       0x68 C:\Users\elias\AppData\Local\Temp\ccVMp8W0.ltrans5.ltrans.o
                0x00006ea4                UART_RXISR
 .text.IntDefaultHandler
                0x00006f0c       0x10 C:\Users\elias\AppData\Local\Temp\ccVMp8W0.ltrans5.ltrans.o
 .text.ADC_Stop
                0x00006f1c       0xfc C:\Users\elias\AppData\Local\Temp\ccVMp8W0.ltrans5.ltrans.o
                0x00006f1c                ADC_Stop
 .text.ADC_Start
                0x00007018      0x524 C:\Users\elias\AppData\Local\Temp\ccVMp8W0.ltrans5.ltrans.o
                0x00007018                ADC_Start
 .text.CyDmaTdAllocate
                0x0000753c       0x34 C:\Users\elias\AppData\Local\Temp\ccVMp8W0.ltrans5.ltrans.o
                0x0000753c                CyDmaTdAllocate
 .text.startup.initialize_psoc
                0x00007570      0x3fc C:\Users\elias\AppData\Local\Temp\ccVMp8W0.ltrans5.ltrans.o
 .text.cal_pi_finish_stage.lto_priv.131
                0x0000796c      0x164 C:\Users\elias\AppData\Local\Temp\ccVMp8W0.ltrans5.ltrans.o
                0x0000796c                cal_pi_finish_stage.lto_priv.131
 .text.ADC_ISR1
                0x00007ad0        0x4 C:\Users\elias\AppData\Local\Temp\ccVMp8W0.ltrans6.ltrans.o
                0x00007ad0                ADC_ISR1
 .text.timer1_arm_ms.constprop.67
                0x00007ad4      0x144 C:\Users\elias\AppData\Local\Temp\ccVMp8W0.ltrans6.ltrans.o
                0x00007ad4                timer1_arm_ms.constprop.67
 .text.uart_send_diag.constprop.55
                0x00007c18       0xc4 C:\Users\elias\AppData\Local\Temp\ccVMp8W0.ltrans6.ltrans.o
                0x00007c18                uart_send_diag.constprop.55
 .text.psoc_seed_calibration_from_nv.constprop.52
                0x00007cdc      0x23c C:\Users\elias\AppData\Local\Temp\ccVMp8W0.ltrans6.ltrans.o
                0x00007cdc                psoc_seed_calibration_from_nv.constprop.52
 .text.AMux_ADC_Unset.constprop.39
                0x00007f18       0x48 C:\Users\elias\AppData\Local\Temp\ccVMp8W0.ltrans6.ltrans.o
                0x00007f18                AMux_ADC_Unset.constprop.39
 .text.CyDmaChEnable.constprop.28
                0x00007f60       0x24 C:\Users\elias\AppData\Local\Temp\ccVMp8W0.ltrans6.ltrans.o
                0x00007f60                CyDmaChEnable.constprop.28
 .text.CyDmaChPriority.constprop.25
                0x00007f84       0x20 C:\Users\elias\AppData\Local\Temp\ccVMp8W0.ltrans6.ltrans.o
                0x00007f84                CyDmaChPriority.constprop.25
 .text.CySetTempInt.lto_priv.126
                0x00007fa4      0x110 C:\Users\elias\AppData\Local\Temp\ccVMp8W0.ltrans6.ltrans.o
                0x00007fa4                CySetTempInt.lto_priv.126
 .text.PGA_SetGain
                0x000080b4       0x78 C:\Users\elias\AppData\Local\Temp\ccVMp8W0.ltrans6.ltrans.o
                0x000080b4                PGA_SetGain
 .text.cal_vdac_hammer_lp.lto_priv.72
                0x0000812c        0xc C:\Users\elias\AppData\Local\Temp\ccVMp8W0.ltrans7.ltrans.o
                0x0000812c                cal_vdac_hammer_lp.lto_priv.72
 .text.cal_vdac_hammer_pga.lto_priv.71
                0x00008138        0xc C:\Users\elias\AppData\Local\Temp\ccVMp8W0.ltrans7.ltrans.o
                0x00008138                cal_vdac_hammer_pga.lto_priv.71
 .text.cal_async_complete.lto_priv.133
                0x00008144      0x2e4 C:\Users\elias\AppData\Local\Temp\ccVMp8W0.ltrans7.ltrans.o
                0x00008144                cal_async_complete.lto_priv.133
 .text.cal_pi_finalize_stage.lto_priv.74
                0x00008428      0x19c C:\Users\elias\AppData\Local\Temp\ccVMp8W0.ltrans7.ltrans.o
                0x00008428                cal_pi_finalize_stage.lto_priv.74
 .text.cal_adc_read_direct_counts.lto_priv.101
                0x000085c4       0xe4 C:\Users\elias\AppData\Local\Temp\ccVMp8W0.ltrans7.ltrans.o
                0x000085c4                cal_adc_read_direct_counts.lto_priv.101
 .text          0x000086a8       0x20 .\CortexM3\ARM_GCC_541\Debug\AcondicionamientoAnalogico.a(CyBootAsmGnu.o)
                0x000086a8                CyDelayCycles
                0x000086b8                CyEnterCriticalSection
                0x000086c0                CyExitCriticalSection
 .text.__errno  0x000086c8        0xc c:/program files (x86)/cypress/psoc creator/4.4/psoc creator/import/gnu/arm/5.4.1/bin/../lib/gcc/arm-none-eabi/5.4.1/../../../../arm-none-eabi/lib/armv7-m\libg_nano.a(lib_a-errno.o)
                0x000086c8                __errno
 .text.__libc_init_array
                0x000086d4       0x4c c:/program files (x86)/cypress/psoc creator/4.4/psoc creator/import/gnu/arm/5.4.1/bin/../lib/gcc/arm-none-eabi/5.4.1/../../../../arm-none-eabi/lib/armv7-m\libg_nano.a(lib_a-init.o)
                0x000086d4                __libc_init_array
 .text.memset   0x00008720       0x10 c:/program files (x86)/cypress/psoc creator/4.4/psoc creator/import/gnu/arm/5.4.1/bin/../lib/gcc/arm-none-eabi/5.4.1/../../../../arm-none-eabi/lib/armv7-m\libg_nano.a(lib_a-memset.o)
                0x00008720                memset
 .text          0x00008730       0xa0 c:/program files (x86)/cypress/psoc creator/4.4/psoc creator/import/gnu/arm/5.4.1/bin/../lib/gcc/arm-none-eabi/5.4.1/armv7-m\libgcc.a(_aeabi_ldivmod.o)
                0x00008730                __aeabi_ldivmod
 .text          0x000087d0      0x2ec c:/program files (x86)/cypress/psoc creator/4.4/psoc creator/import/gnu/arm/5.4.1/bin/../lib/gcc/arm-none-eabi/5.4.1/armv7-m\libgcc.a(_udivmoddi4.o)
                0x000087d0                __udivmoddi4
 .text          0x00008abc        0x4 c:/program files (x86)/cypress/psoc creator/4.4/psoc creator/import/gnu/arm/5.4.1/bin/../lib/gcc/arm-none-eabi/5.4.1/armv7-m\libgcc.a(_dvmd_tls.o)
                0x00008abc                __aeabi_idiv0
                0x00008abc                __aeabi_ldiv0
 .text.memcpy   0x00008ac0       0x16 c:/program files (x86)/cypress/psoc creator/4.4/psoc creator/import/gnu/arm/5.4.1/bin/../lib/gcc/arm-none-eabi/5.4.1/../../../../arm-none-eabi/lib/armv7-m\libg_nano.a(lib_a-memcpy-stub.o)
                0x00008ac0                memcpy
 *(.plt)
 *(.gnu.warning)
 *(.glue_7t)
 .glue_7t       0x00008ad6        0x0 linker stubs
 *(.glue_7)
 .glue_7        0x00008ad6        0x0 linker stubs
 *(.vfp11_veneer)
 .vfp11_veneer  0x00008ad6        0x0 linker stubs
 *(.bootloader)
 *(.ARM.extab* .gnu.linkonce.armextab.*)
 *(.gcc_except_table)

.v4_bx          0x00008ad8        0x0
 .v4_bx         0x00008ad8        0x0 linker stubs

.iplt           0x00008ad8        0x0
 .iplt          0x00008ad8        0x0 c:/program files (x86)/cypress/psoc creator/4.4/psoc creator/import/gnu/arm/5.4.1/bin/../lib/gcc/arm-none-eabi/5.4.1/armv7-m/crtbegin.o

.eh_frame_hdr
 *(.eh_frame_hdr)

.eh_frame       0x00008ad8        0x4
 *(.eh_frame)
 .eh_frame      0x00008ad8        0x0 c:/program files (x86)/cypress/psoc creator/4.4/psoc creator/import/gnu/arm/5.4.1/bin/../lib/gcc/arm-none-eabi/5.4.1/armv7-m/crtbegin.o
 .eh_frame      0x00008ad8        0x4 c:/program files (x86)/cypress/psoc creator/4.4/psoc creator/import/gnu/arm/5.4.1/bin/../lib/gcc/arm-none-eabi/5.4.1/armv7-m/crtend.o
                [!provide]                PROVIDE (__exidx_start, .)

.ARM.exidx      0x00008adc        0x8
 *(.ARM.exidx* .gnu.linkonce.armexidx.*)
 .ARM.exidx     0x00008adc        0x8 c:/program files (x86)/cypress/psoc creator/4.4/psoc creator/import/gnu/arm/5.4.1/bin/../lib/gcc/arm-none-eabi/5.4.1/armv7-m\libgcc.a(_udivmoddi4.o)
                0x00008ae4                __exidx_end = .

.rodata         0x00008ae4      0x994
 *(.rodata .rodata.* .gnu.linkonce.r.*)
 .rodata        0x00008ae4       0x15 C:\Users\elias\AppData\Local\Temp\ccVMp8W0.ltrans0.ltrans.o
 *fill*         0x00008af9        0x3 
 .rodata        0x00008afc      0x244 C:\Users\elias\AppData\Local\Temp\ccVMp8W0.ltrans1.ltrans.o
                0x00008d3c                g_ping_frame.lto_priv.136
 .rodata        0x00008d40      0x200 C:\Users\elias\AppData\Local\Temp\ccVMp8W0.ltrans4.ltrans.o
                0x00008d40                g_fir_calibration_coeffs_q23
                0x00008d40                Filter_data_b
 .rodata        0x00008f40       0x80 C:\Users\elias\AppData\Local\Temp\ccVMp8W0.ltrans5.ltrans.o
                0x00008f70                g_cal_pi_cfg.lto_priv.91
                0x00008fb0                CSWTCH.2.lto_priv.93
 .rodata        0x00008fc0       0x60 C:\Users\elias\AppData\Local\Temp\ccVMp8W0.ltrans6.ltrans.o
                0x00008fc0                g_psoc_cal_stages.lto_priv.73
                0x00008ffd                cydelay_freq_mhz
                0x00009000                AMux_ADC__innerMask.lto_priv.83
                0x00009004                AMux_ADC__innerAddr.lto_priv.82
                0x0000900c                AMux_ADC__innerMap.lto_priv.80
                0x00009010                AMux_ADC__outerMask.lto_priv.79
                0x00009014                AMux_ADC__outerAddr.lto_priv.78
 .rodata.str1.4
                0x00009020       0x18 C:\Users\elias\AppData\Local\Temp\ccVMp8W0.ltrans6.ltrans.o
                                 0x16 (size before relaxing)
 .rodata        0x00009038      0x408 C:\Users\elias\AppData\Local\Temp\ccVMp8W0.ltrans7.ltrans.o
                0x00009038                Filter_data_a
                0x00009238                g_fir_adquisition_coeffs_q23
                0x00009438                cydelay_freq_khz
                0x0000943c                cydelay_32k_ms
 .rodata.str1.1
                0x00009440        0x2 c:/program files (x86)/cypress/psoc creator/4.4/psoc creator/import/gnu/arm/5.4.1/bin/../lib/gcc/arm-none-eabi/5.4.1/../../../../arm-none-eabi/lib/armv7-m\libg_nano.a(lib_a-impure.o)
                0x00009444                . = ALIGN (0x4)
 *fill*         0x00009442        0x2 
 *(.init)
 .init          0x00009444        0x4 c:/program files (x86)/cypress/psoc creator/4.4/psoc creator/import/gnu/arm/5.4.1/bin/../lib/gcc/arm-none-eabi/5.4.1/armv7-m/crti.o
                0x00009444                _init
 .init          0x00009448        0x8 c:/program files (x86)/cypress/psoc creator/4.4/psoc creator/import/gnu/arm/5.4.1/bin/../lib/gcc/arm-none-eabi/5.4.1/armv7-m/crtn.o
                0x00009450                . = ALIGN (0x4)
                0x00009450                __preinit_array_start = .
 *(.preinit_array)
                0x00009450                __preinit_array_end = .
                0x00009450                . = ALIGN (0x4)
                0x00009450                __init_array_start = .
 *(SORT(.init_array.*))
 *(.init_array)
 .init_array    0x00009450        0x4 c:/program files (x86)/cypress/psoc creator/4.4/psoc creator/import/gnu/arm/5.4.1/bin/../lib/gcc/arm-none-eabi/5.4.1/armv7-m/crtbegin.o
 .init_array    0x00009454        0x4 C:\Users\elias\AppData\Local\Temp\ccVMp8W0.ltrans5.ltrans.o
                0x00009458                __init_array_end = .
                0x00009458                . = ALIGN (0x4)
 *(.fini)
 .fini          0x00009458        0x4 c:/program files (x86)/cypress/psoc creator/4.4/psoc creator/import/gnu/arm/5.4.1/bin/../lib/gcc/arm-none-eabi/5.4.1/armv7-m/crti.o
                0x00009458                _fini
 .fini          0x0000945c        0x8 c:/program files (x86)/cypress/psoc creator/4.4/psoc creator/import/gnu/arm/5.4.1/bin/../lib/gcc/arm-none-eabi/5.4.1/armv7-m/crtn.o
                0x00009464                . = ALIGN (0x4)
                0x00009464                __fini_array_start = .
 *(.fini_array)
 .fini_array    0x00009464        0x4 c:/program files (x86)/cypress/psoc creator/4.4/psoc creator/import/gnu/arm/5.4.1/bin/../lib/gcc/arm-none-eabi/5.4.1/armv7-m/crtbegin.o
 *(SORT(.fini_array.*))
                0x00009468                __fini_array_end = .
                0x00009468                . = ALIGN (0x4)
 *crtbegin.o(.ctors)
 *(EXCLUDE_FILE(*crtend.o) .ctors)
 *(SORT(.ctors.*))
 *crtend.o(.ctors)
                0x00009468                . = ALIGN (0x4)
 *crtbegin.o(.dtors)
 *(EXCLUDE_FILE(*crtend.o) .dtors)
 *(SORT(.dtors.*))
 *crtend.o(.dtors)
                0x00009468                . = ALIGN (0x4)
                0x00009468                __cy_regions = .
                0x00009468        0x4 LONG 0x9478 __cy_region_init_ram
                0x0000946c        0x4 LONG 0x1fff80c0 __cy_region_start_data
                0x00009470        0x4 LONG 0x90 __cy_region_init_size_ram
                0x00009474        0x4 LONG 0xb6e0 __cy_region_zero_size_ram
                0x00009478                __cy_regions_end = .
                0x00009478                . = ALIGN (0x8)
                0x00009478                _etext = .

.cy_checksum_exclude
                0x00009478        0x0
 *(.cy_checksum_exclude)

.ramvectors     0x1fff8000       0xc0
                0x1fff8000                __cy_region_start_ram = .
 *(.ramvectors)
 .ramvectors    0x1fff8000       0xc0 C:\Users\elias\AppData\Local\Temp\ccVMp8W0.ltrans5.ltrans.o
                0x1fff8000                CyRamVectors

.noinit
 *(.noinit)

.data           0x1fff80c0       0x90 load address 0x00009478
                0x1fff80c0                __cy_region_start_data = .
 *(.jcr)
 .jcr           0x1fff80c0        0x0 c:/program files (x86)/cypress/psoc creator/4.4/psoc creator/import/gnu/arm/5.4.1/bin/../lib/gcc/arm-none-eabi/5.4.1/armv7-m/crtbegin.o
 .jcr           0x1fff80c0        0x4 c:/program files (x86)/cypress/psoc creator/4.4/psoc creator/import/gnu/arm/5.4.1/bin/../lib/gcc/arm-none-eabi/5.4.1/armv7-m/crtend.o
 *(.got.plt)
 *(.got)
 *(.shdata)
 *(.data .data.* .gnu.linkonce.d.*)
 .data          0x1fff80c4        0x4 C:\Users\elias\AppData\Local\Temp\ccVMp8W0.ltrans0.ltrans.o
                0x1fff80c4                g_sm_capture_handler.lto_priv.158
 .data          0x1fff80c8        0x3 C:\Users\elias\AppData\Local\Temp\ccVMp8W0.ltrans1.ltrans.o
 *fill*         0x1fff80cb        0x1 
 .data          0x1fff80cc        0xc C:\Users\elias\AppData\Local\Temp\ccVMp8W0.ltrans2.ltrans.o
                0x1fff80cc                g_capture_wr.lto_priv.140
                0x1fff80d0                g_capture_align.lto_priv.144
                0x1fff80d4                g_capture_end.lto_priv.142
 .data          0x1fff80d8        0x8 C:\Users\elias\AppData\Local\Temp\ccVMp8W0.ltrans4.ltrans.o
                0x1fff80d8                g_ce_status.lto_priv.119
                0x1fff80d9                g_ce_cfg_level.lto_priv.117
                0x1fff80dc                g_sm_sample_handler.lto_priv.118
 .data          0x1fff80e0        0x4 C:\Users\elias\AppData\Local\Temp\ccVMp8W0.ltrans5.ltrans.o
                0x1fff80e0                ADC_Config
                0x1fff80e3                g_psoc_hw_pga_code.lto_priv.92
 .data          0x1fff80e4        0x1 C:\Users\elias\AppData\Local\Temp\ccVMp8W0.ltrans6.ltrans.o
                0x1fff80e4                g_pga_code.lto_priv.103
 .data          0x1fff80e5        0x1 C:\Users\elias\AppData\Local\Temp\ccVMp8W0.ltrans7.ltrans.o
                0x1fff80e5                g_amux_active_channel.lto_priv.89
 *fill*         0x1fff80e6        0x2 
 .data.impure_data
                0x1fff80e8       0x60 c:/program files (x86)/cypress/psoc creator/4.4/psoc creator/import/gnu/arm/5.4.1/bin/../lib/gcc/arm-none-eabi/5.4.1/../../../../arm-none-eabi/lib/armv7-m\libg_nano.a(lib_a-impure.o)
 .data._impure_ptr
                0x1fff8148        0x4 c:/program files (x86)/cypress/psoc creator/4.4/psoc creator/import/gnu/arm/5.4.1/bin/../lib/gcc/arm-none-eabi/5.4.1/../../../../arm-none-eabi/lib/armv7-m\libg_nano.a(lib_a-impure.o)
                0x1fff8148                _impure_ptr
                0x1fff8150                . = ALIGN (0x8)
 *fill*         0x1fff814c        0x4 
 *(.ram)
                0x1fff8150                _edata = .

.igot.plt       0x1fff8150        0x0 load address 0x00009508
 .igot.plt      0x1fff8150        0x0 c:/program files (x86)/cypress/psoc creator/4.4/psoc creator/import/gnu/arm/5.4.1/bin/../lib/gcc/arm-none-eabi/5.4.1/armv7-m/crtbegin.o

.bss            0x1fff8150     0xb6e0 load address 0x00009508
                0x1fff8150                PROVIDE (__bss_start__, .)
 *(.shbss)
 *(.bss .bss.* .gnu.linkonce.b.*)
 .bss           0x1fff8150       0x1c c:/program files (x86)/cypress/psoc creator/4.4/psoc creator/import/gnu/arm/5.4.1/bin/../lib/gcc/arm-none-eabi/5.4.1/armv7-m/crtbegin.o
 .bss           0x1fff816c        0xe C:\Users\elias\AppData\Local\Temp\ccVMp8W0.ltrans0.ltrans.o
                0x1fff8170                g_n_batches.lto_priv.155
                0x1fff8174                g_dbg_cnt.lto_priv.156
                0x1fff8178                g_fir_discard.lto_priv.157
 *fill*         0x1fff817a        0x2 
 .bss           0x1fff817c       0x16 C:\Users\elias\AppData\Local\Temp\ccVMp8W0.ltrans1.ltrans.o
                0x1fff8184                g_dma_raw_buf.lto_priv.161
                0x1fff8188                g_dma_filt_buf.lto_priv.159
                0x1fff818b                Timer_initVar
                0x1fff818c                Timer_2_initVar
                0x1fff818d                g_boot_led_off_due.lto_priv.153
                0x1fff818e                g_cal_button_pressed.lto_priv.152
                0x1fff818f                g_esp_connected.lto_priv.135
                0x1fff8190                g_timer2_wait_done.lto_priv.154
                0x1fff8191                g_pgavdac_code.lto_priv.137
 *fill*         0x1fff8192        0x2 
 .bss           0x1fff8194     0xb410 C:\Users\elias\AppData\Local\Temp\ccVMp8W0.ltrans2.ltrans.o
                0x1fff8194                g_psoc_adc_isr_filtered_ready.lto_priv.143
                0x1fff8198                g_psoc_adc_isr_filtered_counts.lto_priv.160
                0x1fff819c                g_capture_wd_due.lto_priv.138
                0x1fff81a0                g_capture_raw.lto_priv.141
                0x200035a0                g_seq.lto_priv.139
                0x200035a2                watchdog_rx.lto_priv.149
                0x200035a3                rx_state.lto_priv.134
 .bss           0x200035a4      0x118 C:\Users\elias\AppData\Local\Temp\ccVMp8W0.ltrans3.ltrans.o
 .bss           0x200036bc       0x1b C:\Users\elias\AppData\Local\Temp\ccVMp8W0.ltrans4.ltrans.o
                0x200036bc                g_batches_sent.lto_priv.107
                0x200036be                g_batches_captured.lto_priv.108
                0x200036c0                g_capture_done.lto_priv.130
                0x200036c1                g_last_calibration_ok.lto_priv.127
                0x200036c2                g_idle_ping_due.lto_priv.105
                0x200036c3                g_idle_ping_armed.lto_priv.106
                0x200036c4                g_timer2_mode.lto_priv.112
                0x200036c8                g_timer2_remaining_counts.lto_priv.113
                0x200036cc                g_comm_led_active.lto_priv.109
                0x200036cd                g_comm_blink_due.lto_priv.110
                0x200036ce                g_comm_blinks_remaining.lto_priv.111
                0x200036d0                g_ce_ctrl_level.lto_priv.104
                0x200036d1                g_ce_error.lto_priv.120
                0x200036d2                g_ce_state.lto_priv.121
                0x200036d3                g_stream_mode.lto_priv.128
                0x200036d4                g_debug_psoc.lto_priv.116
                0x200036d5                g_boot_ping_due.lto_priv.115
                0x200036d6                g_cal_ack_pending.lto_priv.129
 *fill*         0x200036d7        0x1 
 .bss           0x200036d8       0x70 C:\Users\elias\AppData\Local\Temp\ccVMp8W0.ltrans5.ltrans.o
                0x200036d8                UART_errorStatus
                0x200036d9                UART_rxBufferWrite
                0x200036dc                UART_rxBuffer
                0x200036fc                UART_rxBufferLoopDetect
                0x200036fe                UART_rxBufferRead
                0x20003701                ADC_convDone
                0x20003708                ADC_stopConversion
                0x20003710                g_cal_async.lto_priv.75
                0x20003718                g_cal_pi.lto_priv.76
 .bss           0x20003748       0xd2 C:\Users\elias\AppData\Local\Temp\ccVMp8W0.ltrans6.ltrans.o
                0x20003748                g_timer1_mode.lto_priv.84
                0x2000374c                g_timer1_remaining_counts.lto_priv.85
                0x20003750                Timer_1_initVar
                0x20003751                g_state.lto_priv.86
                0x20003752                UART_initVar
                0x20003753                UART_txBufferWrite
                0x20003754                UART_txBufferRead
                0x20003758                UART_txBuffer
                0x200037d8                g_nv_ready.lto_priv.102
                0x200037dc                g_psoc_cal_results
                0x2000380c                g_psoc_cal_result_count
                0x2000380d                AMux_ADC__armsEnabled.lto_priv.77
                0x20003810                AMux_ADC__refCnt.lto_priv.81
                0x20003812                SpcLockState
                0x20003814                spcWaitPipeBypass.lto_priv.122
                0x20003818                dieTemperature
 *fill*         0x2000381a        0x2 
 .bss           0x2000381c       0x14 C:\Users\elias\AppData\Local\Temp\ccVMp8W0.ltrans7.ltrans.o
                0x2000381c                g_cal_timer_active.lto_priv.98
                0x2000381d                g_cal_progress_due.lto_priv.94
                0x2000381e                g_cal_watchdog_due.lto_priv.95
                0x20003820                g_cal_progress_period_ms.lto_priv.96
                0x20003824                g_cal_watchdog_remaining_ms.lto_priv.97
                0x20003828                g_amux_cap_connected.lto_priv.90
                0x2000382c                g_cal_diag_hook.lto_priv.88
 *(COMMON)
                0x20003830                . = ALIGN (0x8)
 *(.ram.b)
                0x20003830                _end = .
                0x20003830                __end = .
                0x20003830                PROVIDE (end, .)
                0x20003830                PROVIDE (__bss_end__, .)
                0x00009478                __cy_region_init_ram = LOADADDR (.data)
                0x00000090                __cy_region_init_size_ram = (_edata - ADDR (.data))
                0x0000b6e0                __cy_region_zero_size_ram = (_end - _edata)

.heap           0x20003830       0x80 load address 0x00009508
                0x20003830                . = _end
                0x200038b0                . = (. + 0x80)
 *fill*         0x20003830       0x80 
                0x200038b0                __cy_heap_limit = .

.stack          0x20007800      0x800
                0x20007800                __cy_stack_limit = .
                0x20008000                . = (. + 0x800)
 *fill*         0x20007800      0x800 
                0x00000001                ASSERT ((__cy_stack_limit >= __cy_heap_limit), region RAM overflowed with stack)
                0x00000000                cy_checksum_exclude_size = (CY_APPL_LOADABLE == 0x1)?SIZEOF (.cy_checksum_exclude):0x0
                0x00000001                ASSERT ((cy_checksum_exclude_size <= CY_CHECKSUM_EXCLUDE_SIZE), CY_BOOT: Section .cy_checksum_exclude size exceedes specified limit.)

.cyloadermeta
 *(.cyloadermeta)

.cyloadablemeta
 *(.cyloadablemeta)

.cyconfigecc    0x80000000     0x115c
 *(.cyconfigecc)
 .cyconfigecc   0x80000000     0x115c C:\Users\elias\AppData\Local\Temp\ccVMp8W0.ltrans3.ltrans.o
                0x80000000                cy_meta_configecc

.cycustnvl      0x90000000        0x4
 *(.cycustnvl)
 .cycustnvl     0x90000000        0x4 C:\Users\elias\AppData\Local\Temp\ccVMp8W0.ltrans3.ltrans.o
                0x90000000                cy_meta_custnvl

.cywolatch      0x90100000        0x4
 *(.cywolatch)
 .cywolatch     0x90100000        0x4 C:\Users\elias\AppData\Local\Temp\ccVMp8W0.ltrans3.ltrans.o
                0x90100000                cy_meta_wonvl

.cyeeprom       0x90200000        0x0
 *(.cyeeprom)
                0x00000001                ASSERT ((. <= ((0x90200000 + ee_offset) + ee_size)), .cyeeprom data will not fit in EEPROM)

.cyflashprotect
                0x90400000      0x100
 *(.cyflashprotect)
 .cyflashprotect
                0x90400000      0x100 C:\Users\elias\AppData\Local\Temp\ccVMp8W0.ltrans3.ltrans.o
                0x90400000                cy_meta_flashprotect

.cymeta         0x90500000        0xc
 *(.cymeta)
 .cymeta        0x90500000        0xc C:\Users\elias\AppData\Local\Temp\ccVMp8W0.ltrans3.ltrans.o
                0x90500000                cy_metadata

.rel.dyn        0x00009508        0x0 load address 0x9050000c
 .rel.iplt      0x00009508        0x0 c:/program files (x86)/cypress/psoc creator/4.4/psoc creator/import/gnu/arm/5.4.1/bin/../lib/gcc/arm-none-eabi/5.4.1/armv7-m/crtbegin.o

.stab
 *(.stab)

.stabstr
 *(.stabstr)

.debug
 *(.debug)

.line
 *(.line)

.debug_srcinfo
 *(.debug_srcinfo)

.debug_sfnames
 *(.debug_sfnames)

.debug_aranges  0x00000000      0x248
 *(.debug_aranges)
 .debug_aranges
                0x00000000       0x20 C:\Users\elias\AppData\Local\Temp\ccVMp8W0.ltrans0.ltrans.o
 .debug_aranges
                0x00000020       0x20 C:\Users\elias\AppData\Local\Temp\ccVMp8W0.ltrans1.ltrans.o
 .debug_aranges
                0x00000040       0x20 C:\Users\elias\AppData\Local\Temp\ccVMp8W0.ltrans2.ltrans.o
 .debug_aranges
                0x00000060       0xa8 C:\Users\elias\AppData\Local\Temp\ccVMp8W0.ltrans3.ltrans.o
 .debug_aranges
                0x00000108       0x20 C:\Users\elias\AppData\Local\Temp\ccVMp8W0.ltrans4.ltrans.o
 .debug_aranges
                0x00000128       0x68 C:\Users\elias\AppData\Local\Temp\ccVMp8W0.ltrans5.ltrans.o
 .debug_aranges
                0x00000190       0x58 C:\Users\elias\AppData\Local\Temp\ccVMp8W0.ltrans6.ltrans.o
 .debug_aranges
                0x000001e8       0x40 C:\Users\elias\AppData\Local\Temp\ccVMp8W0.ltrans7.ltrans.o
 .debug_aranges
                0x00000228       0x20 .\CortexM3\ARM_GCC_541\Debug\AcondicionamientoAnalogico.a(CyBootAsmGnu.o)

.debug_pubnames
 *(.debug_pubnames)

.debug_info     0x00000000     0xfb4c
 *(.debug_info .gnu.linkonce.wi.*)
 .debug_info    0x00000000     0x322c C:\Users\elias\AppData\Local\Temp\ccVMp8W0.ltrans0.ltrans.o
 .debug_info    0x0000322c     0x37b4 C:\Users\elias\AppData\Local\Temp\ccVMp8W0.ltrans1.ltrans.o
 .debug_info    0x000069e0     0x231a C:\Users\elias\AppData\Local\Temp\ccVMp8W0.ltrans2.ltrans.o
 .debug_info    0x00008cfa     0x1c84 C:\Users\elias\AppData\Local\Temp\ccVMp8W0.ltrans3.ltrans.o
 .debug_info    0x0000a97e     0x1a6d C:\Users\elias\AppData\Local\Temp\ccVMp8W0.ltrans4.ltrans.o
 .debug_info    0x0000c3eb     0x15a1 C:\Users\elias\AppData\Local\Temp\ccVMp8W0.ltrans5.ltrans.o
 .debug_info    0x0000d98c     0x1375 C:\Users\elias\AppData\Local\Temp\ccVMp8W0.ltrans6.ltrans.o
 .debug_info    0x0000ed01      0xdc3 C:\Users\elias\AppData\Local\Temp\ccVMp8W0.ltrans7.ltrans.o
 .debug_info    0x0000fac4       0x88 .\CortexM3\ARM_GCC_541\Debug\AcondicionamientoAnalogico.a(CyBootAsmGnu.o)

.debug_abbrev   0x00000000     0x1f84
 *(.debug_abbrev)
 .debug_abbrev  0x00000000      0x3cc C:\Users\elias\AppData\Local\Temp\ccVMp8W0.ltrans0.ltrans.o
 .debug_abbrev  0x000003cc      0x3d3 C:\Users\elias\AppData\Local\Temp\ccVMp8W0.ltrans1.ltrans.o
 .debug_abbrev  0x0000079f      0x3e9 C:\Users\elias\AppData\Local\Temp\ccVMp8W0.ltrans2.ltrans.o
 .debug_abbrev  0x00000b88      0x3d0 C:\Users\elias\AppData\Local\Temp\ccVMp8W0.ltrans3.ltrans.o
 .debug_abbrev  0x00000f58      0x3d4 C:\Users\elias\AppData\Local\Temp\ccVMp8W0.ltrans4.ltrans.o
 .debug_abbrev  0x0000132c      0x4f5 C:\Users\elias\AppData\Local\Temp\ccVMp8W0.ltrans5.ltrans.o
 .debug_abbrev  0x00001821      0x391 C:\Users\elias\AppData\Local\Temp\ccVMp8W0.ltrans6.ltrans.o
 .debug_abbrev  0x00001bb2      0x3be C:\Users\elias\AppData\Local\Temp\ccVMp8W0.ltrans7.ltrans.o
 .debug_abbrev  0x00001f70       0x14 .\CortexM3\ARM_GCC_541\Debug\AcondicionamientoAnalogico.a(CyBootAsmGnu.o)

.debug_line     0x00000000     0x541a
 *(.debug_line)
 .debug_line    0x00000000     0x1169 C:\Users\elias\AppData\Local\Temp\ccVMp8W0.ltrans0.ltrans.o
 .debug_line    0x00001169     0x13a7 C:\Users\elias\AppData\Local\Temp\ccVMp8W0.ltrans1.ltrans.o
 .debug_line    0x00002510      0x9bb C:\Users\elias\AppData\Local\Temp\ccVMp8W0.ltrans2.ltrans.o
 .debug_line    0x00002ecb      0xd16 C:\Users\elias\AppData\Local\Temp\ccVMp8W0.ltrans3.ltrans.o
 .debug_line    0x00003be1      0x6e6 C:\Users\elias\AppData\Local\Temp\ccVMp8W0.ltrans4.ltrans.o
 .debug_line    0x000042c7      0x749 C:\Users\elias\AppData\Local\Temp\ccVMp8W0.ltrans5.ltrans.o
 .debug_line    0x00004a10      0x594 C:\Users\elias\AppData\Local\Temp\ccVMp8W0.ltrans6.ltrans.o
 .debug_line    0x00004fa4      0x410 C:\Users\elias\AppData\Local\Temp\ccVMp8W0.ltrans7.ltrans.o
 .debug_line    0x000053b4       0x66 .\CortexM3\ARM_GCC_541\Debug\AcondicionamientoAnalogico.a(CyBootAsmGnu.o)

.debug_frame    0x00000000      0x84c
 *(.debug_frame)
 .debug_frame   0x00000000       0x40 C:\Users\elias\AppData\Local\Temp\ccVMp8W0.ltrans0.ltrans.o
 .debug_frame   0x00000040       0x2c C:\Users\elias\AppData\Local\Temp\ccVMp8W0.ltrans1.ltrans.o
 .debug_frame   0x0000006c       0x64 C:\Users\elias\AppData\Local\Temp\ccVMp8W0.ltrans2.ltrans.o
 .debug_frame   0x000000d0      0x288 C:\Users\elias\AppData\Local\Temp\ccVMp8W0.ltrans3.ltrans.o
 .debug_frame   0x00000358       0x50 C:\Users\elias\AppData\Local\Temp\ccVMp8W0.ltrans4.ltrans.o
 .debug_frame   0x000003a8      0x180 C:\Users\elias\AppData\Local\Temp\ccVMp8W0.ltrans5.ltrans.o
 .debug_frame   0x00000528      0x12c C:\Users\elias\AppData\Local\Temp\ccVMp8W0.ltrans6.ltrans.o
 .debug_frame   0x00000654       0xa0 C:\Users\elias\AppData\Local\Temp\ccVMp8W0.ltrans7.ltrans.o
 .debug_frame   0x000006f4       0x20 c:/program files (x86)/cypress/psoc creator/4.4/psoc creator/import/gnu/arm/5.4.1/bin/../lib/gcc/arm-none-eabi/5.4.1/../../../../arm-none-eabi/lib/armv7-m\libg_nano.a(lib_a-errno.o)
 .debug_frame   0x00000714       0x28 c:/program files (x86)/cypress/psoc creator/4.4/psoc creator/import/gnu/arm/5.4.1/bin/../lib/gcc/arm-none-eabi/5.4.1/../../../../arm-none-eabi/lib/armv7-m\libg_nano.a(lib_a-exit.o)
 .debug_frame   0x0000073c       0x2c c:/program files (x86)/cypress/psoc creator/4.4/psoc creator/import/gnu/arm/5.4.1/bin/../lib/gcc/arm-none-eabi/5.4.1/../../../../arm-none-eabi/lib/armv7-m\libg_nano.a(lib_a-init.o)
 .debug_frame   0x00000768       0x20 c:/program files (x86)/cypress/psoc creator/4.4/psoc creator/import/gnu/arm/5.4.1/bin/../lib/gcc/arm-none-eabi/5.4.1/../../../../arm-none-eabi/lib/armv7-m\libg_nano.a(lib_a-memset.o)
 .debug_frame   0x00000788       0x20 c:/program files (x86)/cypress/psoc creator/4.4/psoc creator/import/gnu/arm/5.4.1/bin/../lib/gcc/arm-none-eabi/5.4.1/../../../../arm-none-eabi/lib/armv7-m\libnosys.a(_exit.o)
 .debug_frame   0x000007a8       0x44 c:/program files (x86)/cypress/psoc creator/4.4/psoc creator/import/gnu/arm/5.4.1/bin/../lib/gcc/arm-none-eabi/5.4.1/armv7-m\libgcc.a(_aeabi_ldivmod.o)
 .debug_frame   0x000007ec       0x38 c:/program files (x86)/cypress/psoc creator/4.4/psoc creator/import/gnu/arm/5.4.1/bin/../lib/gcc/arm-none-eabi/5.4.1/armv7-m\libgcc.a(_udivmoddi4.o)
 .debug_frame   0x00000824       0x28 c:/program files (x86)/cypress/psoc creator/4.4/psoc creator/import/gnu/arm/5.4.1/bin/../lib/gcc/arm-none-eabi/5.4.1/../../../../arm-none-eabi/lib/armv7-m\libg_nano.a(lib_a-memcpy-stub.o)

.debug_str      0x00000000     0x3a93
 *(.debug_str)
 .debug_str     0x00000000      0xca9 C:\Users\elias\AppData\Local\Temp\ccVMp8W0.ltrans0.ltrans.o
                                0xd80 (size before relaxing)
 .debug_str     0x00000ca9      0xd00 C:\Users\elias\AppData\Local\Temp\ccVMp8W0.ltrans1.ltrans.o
                               0x142d (size before relaxing)
 .debug_str     0x000019a9      0x6ae C:\Users\elias\AppData\Local\Temp\ccVMp8W0.ltrans2.ltrans.o
                                0xdaf (size before relaxing)
 .debug_str     0x00002057      0x424 C:\Users\elias\AppData\Local\Temp\ccVMp8W0.ltrans3.ltrans.o
                                0xce1 (size before relaxing)
 .debug_str     0x0000247b      0x561 C:\Users\elias\AppData\Local\Temp\ccVMp8W0.ltrans4.ltrans.o
                                0xde4 (size before relaxing)
 .debug_str     0x000029dc      0x70c C:\Users\elias\AppData\Local\Temp\ccVMp8W0.ltrans5.ltrans.o
                                0xc59 (size before relaxing)
 .debug_str     0x000030e8      0x5e2 C:\Users\elias\AppData\Local\Temp\ccVMp8W0.ltrans6.ltrans.o
                                0xc3a (size before relaxing)
 .debug_str     0x000036ca      0x3c9 C:\Users\elias\AppData\Local\Temp\ccVMp8W0.ltrans7.ltrans.o
                                0x88c (size before relaxing)

.debug_loc      0x00000000     0x8d09
 *(.debug_loc)
 .debug_loc     0x00000000     0x23f6 C:\Users\elias\AppData\Local\Temp\ccVMp8W0.ltrans0.ltrans.o
 .debug_loc     0x000023f6     0x1a84 C:\Users\elias\AppData\Local\Temp\ccVMp8W0.ltrans1.ltrans.o
 .debug_loc     0x00003e7a     0x18c1 C:\Users\elias\AppData\Local\Temp\ccVMp8W0.ltrans2.ltrans.o
 .debug_loc     0x0000573b      0xaa3 C:\Users\elias\AppData\Local\Temp\ccVMp8W0.ltrans3.ltrans.o
 .debug_loc     0x000061de      0xf7c C:\Users\elias\AppData\Local\Temp\ccVMp8W0.ltrans4.ltrans.o
 .debug_loc     0x0000715a      0xcba C:\Users\elias\AppData\Local\Temp\ccVMp8W0.ltrans5.ltrans.o
 .debug_loc     0x00007e14      0x80c C:\Users\elias\AppData\Local\Temp\ccVMp8W0.ltrans6.ltrans.o
 .debug_loc     0x00008620      0x6e9 C:\Users\elias\AppData\Local\Temp\ccVMp8W0.ltrans7.ltrans.o

.debug_macinfo
 *(.debug_macinfo)

.debug_ranges   0x00000000     0x6698
 *(.debug_ranges)
 .debug_ranges  0x00000000     0x1568 C:\Users\elias\AppData\Local\Temp\ccVMp8W0.ltrans0.ltrans.o
 .debug_ranges  0x00001568     0x1d68 C:\Users\elias\AppData\Local\Temp\ccVMp8W0.ltrans1.ltrans.o
 .debug_ranges  0x000032d0      0xe88 C:\Users\elias\AppData\Local\Temp\ccVMp8W0.ltrans2.ltrans.o
 .debug_ranges  0x00004158      0xfe0 C:\Users\elias\AppData\Local\Temp\ccVMp8W0.ltrans3.ltrans.o
 .debug_ranges  0x00005138      0x938 C:\Users\elias\AppData\Local\Temp\ccVMp8W0.ltrans4.ltrans.o
 .debug_ranges  0x00005a70      0x518 C:\Users\elias\AppData\Local\Temp\ccVMp8W0.ltrans5.ltrans.o
 .debug_ranges  0x00005f88      0x3a8 C:\Users\elias\AppData\Local\Temp\ccVMp8W0.ltrans6.ltrans.o
 .debug_ranges  0x00006330      0x368 C:\Users\elias\AppData\Local\Temp\ccVMp8W0.ltrans7.ltrans.o

.comment        0x00000000       0x6e
 .comment       0x00000000       0x6e C:\Users\elias\AppData\Local\Temp\ccVMp8W0.ltrans0.ltrans.o
                                 0x6f (size before relaxing)
 .comment       0x0000006e       0x6f C:\Users\elias\AppData\Local\Temp\ccVMp8W0.ltrans1.ltrans.o
 .comment       0x0000006e       0x6f C:\Users\elias\AppData\Local\Temp\ccVMp8W0.ltrans2.ltrans.o
 .comment       0x0000006e       0x6f C:\Users\elias\AppData\Local\Temp\ccVMp8W0.ltrans3.ltrans.o
 .comment       0x0000006e       0x6f C:\Users\elias\AppData\Local\Temp\ccVMp8W0.ltrans4.ltrans.o
 .comment       0x0000006e       0x6f C:\Users\elias\AppData\Local\Temp\ccVMp8W0.ltrans5.ltrans.o
 .comment       0x0000006e       0x6f C:\Users\elias\AppData\Local\Temp\ccVMp8W0.ltrans6.ltrans.o
 .comment       0x0000006e       0x6f C:\Users\elias\AppData\Local\Temp\ccVMp8W0.ltrans7.ltrans.o

.debug_weaknames
 *(.debug_weaknames)

.debug_funcnames
 *(.debug_funcnames)

.debug_typenames
 *(.debug_typenames)

.debug_varnames
 *(.debug_varnames)

.note.gnu.arm.ident
 *(.note.gnu.arm.ident)

.ARM.attributes
                0x00000000       0x29
 *(.ARM.attributes)
 .ARM.attributes
                0x00000000       0x1d c:/program files (x86)/cypress/psoc creator/4.4/psoc creator/import/gnu/arm/5.4.1/bin/../lib/gcc/arm-none-eabi/5.4.1/armv7-m/crti.o
 .ARM.attributes
                0x0000001d       0x2d c:/program files (x86)/cypress/psoc creator/4.4/psoc creator/import/gnu/arm/5.4.1/bin/../lib/gcc/arm-none-eabi/5.4.1/armv7-m/crtbegin.o
 .ARM.attributes
                0x0000004a       0x1b c:/program files (x86)/cypress/psoc creator/4.4/psoc creator/import/gnu/arm/5.4.1/bin/../lib/gcc/arm-none-eabi/5.4.1/../../../../arm-none-eabi/lib/armv7-m/crt0.o
 .ARM.attributes
                0x00000065       0x31 C:\Users\elias\AppData\Local\Temp\ccVMp8W0.ltrans0.ltrans.o
 .ARM.attributes
                0x00000096       0x31 C:\Users\elias\AppData\Local\Temp\ccVMp8W0.ltrans1.ltrans.o
 .ARM.attributes
                0x000000c7       0x31 C:\Users\elias\AppData\Local\Temp\ccVMp8W0.ltrans2.ltrans.o
 .ARM.attributes
                0x000000f8       0x31 C:\Users\elias\AppData\Local\Temp\ccVMp8W0.ltrans3.ltrans.o
 .ARM.attributes
                0x00000129       0x31 C:\Users\elias\AppData\Local\Temp\ccVMp8W0.ltrans4.ltrans.o
 .ARM.attributes
                0x0000015a       0x31 C:\Users\elias\AppData\Local\Temp\ccVMp8W0.ltrans5.ltrans.o
 .ARM.attributes
                0x0000018b       0x31 C:\Users\elias\AppData\Local\Temp\ccVMp8W0.ltrans6.ltrans.o
 .ARM.attributes
                0x000001bc       0x31 C:\Users\elias\AppData\Local\Temp\ccVMp8W0.ltrans7.ltrans.o
 .ARM.attributes
                0x000001ed       0x21 .\CortexM3\ARM_GCC_541\Debug\AcondicionamientoAnalogico.a(CyBootAsmGnu.o)
 .ARM.attributes
                0x0000020e       0x2d c:/program files (x86)/cypress/psoc creator/4.4/psoc creator/import/gnu/arm/5.4.1/bin/../lib/gcc/arm-none-eabi/5.4.1/../../../../arm-none-eabi/lib/armv7-m\libg_nano.a(lib_a-errno.o)
 .ARM.attributes
                0x0000023b       0x2d c:/program files (x86)/cypress/psoc creator/4.4/psoc creator/import/gnu/arm/5.4.1/bin/../lib/gcc/arm-none-eabi/5.4.1/../../../../arm-none-eabi/lib/armv7-m\libg_nano.a(lib_a-exit.o)
 .ARM.attributes
                0x00000268       0x2d c:/program files (x86)/cypress/psoc creator/4.4/psoc creator/import/gnu/arm/5.4.1/bin/../lib/gcc/arm-none-eabi/5.4.1/../../../../arm-none-eabi/lib/armv7-m\libg_nano.a(lib_a-impure.o)
 .ARM.attributes
                0x00000295       0x2d c:/program files (x86)/cypress/psoc creator/4.4/psoc creator/import/gnu/arm/5.4.1/bin/../lib/gcc/arm-none-eabi/5.4.1/../../../../arm-none-eabi/lib/armv7-m\libg_nano.a(lib_a-init.o)
 .ARM.attributes
                0x000002c2       0x2d c:/program files (x86)/cypress/psoc creator/4.4/psoc creator/import/gnu/arm/5.4.1/bin/../lib/gcc/arm-none-eabi/5.4.1/../../../../arm-none-eabi/lib/armv7-m\libg_nano.a(lib_a-memset.o)
 .ARM.attributes
                0x000002ef       0x2d c:/program files (x86)/cypress/psoc creator/4.4/psoc creator/import/gnu/arm/5.4.1/bin/../lib/gcc/arm-none-eabi/5.4.1/armv7-m/crtend.o
 .ARM.attributes
                0x0000031c       0x1d c:/program files (x86)/cypress/psoc creator/4.4/psoc creator/import/gnu/arm/5.4.1/bin/../lib/gcc/arm-none-eabi/5.4.1/armv7-m/crtn.o
 .ARM.attributes
                0x00000339       0x2d c:/program files (x86)/cypress/psoc creator/4.4/psoc creator/import/gnu/arm/5.4.1/bin/../lib/gcc/arm-none-eabi/5.4.1/../../../../arm-none-eabi/lib/armv7-m\libnosys.a(_exit.o)
 .ARM.attributes
                0x00000366       0x1d c:/program files (x86)/cypress/psoc creator/4.4/psoc creator/import/gnu/arm/5.4.1/bin/../lib/gcc/arm-none-eabi/5.4.1/armv7-m\libgcc.a(_aeabi_ldivmod.o)
 .ARM.attributes
                0x00000383       0x2d c:/program files (x86)/cypress/psoc creator/4.4/psoc creator/import/gnu/arm/5.4.1/bin/../lib/gcc/arm-none-eabi/5.4.1/armv7-m\libgcc.a(_udivmoddi4.o)
 .ARM.attributes
                0x000003b0       0x1d c:/program files (x86)/cypress/psoc creator/4.4/psoc creator/import/gnu/arm/5.4.1/bin/../lib/gcc/arm-none-eabi/5.4.1/armv7-m\libgcc.a(_dvmd_tls.o)
 .ARM.attributes
                0x000003cd       0x2d c:/program files (x86)/cypress/psoc creator/4.4/psoc creator/import/gnu/arm/5.4.1/bin/../lib/gcc/arm-none-eabi/5.4.1/../../../../arm-none-eabi/lib/armv7-m\libg_nano.a(lib_a-memcpy-stub.o)

/DISCARD/
 *(.note.GNU-stack)
OUTPUT(C:\Github\Tesis\src\psoc\AcondicionamientoAnalogico.cydsn\CortexM3\ARM_GCC_541\Debug\AcondicionamientoAnalogico.elf elf32-littlearm)
