Archive member included to satisfy reference by file (symbol)

.\CortexM3\ARM_GCC_541\Debug\AcondicionamientoAnalogico.a(Filter.o)
                              .\CortexM3\ARM_GCC_541\Debug\main.o (symbol from plugin) (Filter_Start)
.\CortexM3\ARM_GCC_541\Debug\AcondicionamientoAnalogico.a(Filter_PVT.o)
                              Filter.o (symbol from plugin) (Filter_SetInterruptMode)
.\CortexM3\ARM_GCC_541\Debug\AcondicionamientoAnalogico.a(Filter_RAM_Data.o)
                              Filter.o (symbol from plugin) (Filter_cfsm)
.\CortexM3\ARM_GCC_541\Debug\AcondicionamientoAnalogico.a(CyDmac.o)
                              .\CortexM3\ARM_GCC_541\Debug\Cm3Start.o (symbol from plugin) (CyDmacConfigure)
.\CortexM3\ARM_GCC_541\Debug\AcondicionamientoAnalogico.a(CyLib.o)
                              .\CortexM3\ARM_GCC_541\Debug\Cm3Start.o (symbol from plugin) (CyHalt)
.\CortexM3\ARM_GCC_541\Debug\AcondicionamientoAnalogico.a(cyPm.o)
                              CyLib.o (symbol from plugin) (CyPmReadStatus)
.\CortexM3\ARM_GCC_541\Debug\AcondicionamientoAnalogico.a(DMA_DelSig_Filter_dma.o)
                              .\CortexM3\ARM_GCC_541\Debug\main.o (symbol from plugin) (DMA_DelSig_Filter_DmaInitialize)
.\CortexM3\ARM_GCC_541\Debug\AcondicionamientoAnalogico.a(DMA_DelSig_RAM_dma.o)
                              .\CortexM3\ARM_GCC_541\Debug\main.o (symbol from plugin) (DMA_DelSig_RAM_DmaInitialize)
.\CortexM3\ARM_GCC_541\Debug\AcondicionamientoAnalogico.a(isr_Timer.o)
                              .\CortexM3\ARM_GCC_541\Debug\main.o (symbol from plugin) (isr_Timer_StartEx)
.\CortexM3\ARM_GCC_541\Debug\AcondicionamientoAnalogico.a(Timer.o)
                              .\CortexM3\ARM_GCC_541\Debug\main.o (symbol from plugin) (Timer_Start)
.\CortexM3\ARM_GCC_541\Debug\AcondicionamientoAnalogico.a(LED.o)
                              .\CortexM3\ARM_GCC_541\Debug\main.o (symbol from plugin) (LED_Write)
.\CortexM3\ARM_GCC_541\Debug\AcondicionamientoAnalogico.a(UART.o)
                              .\CortexM3\ARM_GCC_541\Debug\main.o (symbol from plugin) (UART_Start)
.\CortexM3\ARM_GCC_541\Debug\AcondicionamientoAnalogico.a(UART_INT.o)
                              UART.o (symbol from plugin) (UART_RXISR)
.\CortexM3\ARM_GCC_541\Debug\AcondicionamientoAnalogico.a(UART_IntClock.o)
                              UART.o (symbol from plugin) (UART_IntClock_Start)
.\CortexM3\ARM_GCC_541\Debug\AcondicionamientoAnalogico.a(ADC.o)
                              .\CortexM3\ARM_GCC_541\Debug\calibration.o (symbol from plugin) (ADC_Start)
.\CortexM3\ARM_GCC_541\Debug\AcondicionamientoAnalogico.a(ADC_INT.o)
                              ADC.o (symbol from plugin) (ADC_ISR1)
.\CortexM3\ARM_GCC_541\Debug\AcondicionamientoAnalogico.a(ADC_Ext_CP_Clk.o)
                              ADC.o (symbol from plugin) (ADC_Ext_CP_Clk_SetDividerRegister)
.\CortexM3\ARM_GCC_541\Debug\AcondicionamientoAnalogico.a(ADC_theACLK.o)
                              ADC.o (symbol from plugin) (ADC_theACLK_SetDividerRegister)
.\CortexM3\ARM_GCC_541\Debug\AcondicionamientoAnalogico.a(VDAC_PGA.o)
                              .\CortexM3\ARM_GCC_541\Debug\calibration.o (symbol from plugin) (VDAC_PGA_Start)
.\CortexM3\ARM_GCC_541\Debug\AcondicionamientoAnalogico.a(SYNC_IN.o)
                              .\CortexM3\ARM_GCC_541\Debug\main.o (symbol from plugin) (SYNC_IN_Read)
.\CortexM3\ARM_GCC_541\Debug\AcondicionamientoAnalogico.a(isr_SyncIn.o)
                              .\CortexM3\ARM_GCC_541\Debug\main.o (symbol from plugin) (isr_SyncIn_StartEx)
.\CortexM3\ARM_GCC_541\Debug\AcondicionamientoAnalogico.a(LPF_ADC.o)
                              .\CortexM3\ARM_GCC_541\Debug\psoc_hw.o (symbol from plugin) (LPF_ADC_Start)
.\CortexM3\ARM_GCC_541\Debug\AcondicionamientoAnalogico.a(PGA.o)
                              .\CortexM3\ARM_GCC_541\Debug\psoc_hw.o (symbol from plugin) (PGA_Start)
.\CortexM3\ARM_GCC_541\Debug\AcondicionamientoAnalogico.a(ADC_AMux.o)
                              ADC.o (symbol from plugin) (ADC_AMux_Select)
.\CortexM3\ARM_GCC_541\Debug\AcondicionamientoAnalogico.a(Opa_LP.o)
                              .\CortexM3\ARM_GCC_541\Debug\psoc_hw.o (symbol from plugin) (Opa_LP_Start)
.\CortexM3\ARM_GCC_541\Debug\AcondicionamientoAnalogico.a(VDAC_LP.o)
                              .\CortexM3\ARM_GCC_541\Debug\calibration.o (symbol from plugin) (VDAC_LP_Start)
.\CortexM3\ARM_GCC_541\Debug\AcondicionamientoAnalogico.a(AMux_ADC.o)
                              .\CortexM3\ARM_GCC_541\Debug\calibration.o (symbol from plugin) (AMux_ADC_Start)
.\CortexM3\ARM_GCC_541\Debug\AcondicionamientoAnalogico.a(Opa_ref_PGA.o)
                              .\CortexM3\ARM_GCC_541\Debug\psoc_hw.o (symbol from plugin) (Opa_ref_PGA_Start)
.\CortexM3\ARM_GCC_541\Debug\AcondicionamientoAnalogico.a(Clock_1.o)
                              .\CortexM3\ARM_GCC_541\Debug\main.o (symbol from plugin) (Clock_1_Start)
.\CortexM3\ARM_GCC_541\Debug\AcondicionamientoAnalogico.a(isr_Button.o)
                              .\CortexM3\ARM_GCC_541\Debug\main.o (symbol from plugin) (isr_Button_ClearPending)
.\CortexM3\ARM_GCC_541\Debug\AcondicionamientoAnalogico.a(EEPROM.o)
                              .\CortexM3\ARM_GCC_541\Debug\main.o (symbol from plugin) (EEPROM_Start)
.\CortexM3\ARM_GCC_541\Debug\AcondicionamientoAnalogico.a(DMA_Filter_RAM_dma.o)
                              .\CortexM3\ARM_GCC_541\Debug\main.o (symbol from plugin) (DMA_Filter_RAM_DmaInitialize)
.\CortexM3\ARM_GCC_541\Debug\AcondicionamientoAnalogico.a(isr_DMA_DelSig_RAM.o)
                              .\CortexM3\ARM_GCC_541\Debug\main.o (symbol from plugin) (isr_DMA_DelSig_RAM_StartEx)
.\CortexM3\ARM_GCC_541\Debug\AcondicionamientoAnalogico.a(isr_DMA_Filter_RAM.o)
                              .\CortexM3\ARM_GCC_541\Debug\main.o (symbol from plugin) (isr_DMA_Filter_RAM_StartEx)
.\CortexM3\ARM_GCC_541\Debug\AcondicionamientoAnalogico.a(Reg_Select.o)
                              .\CortexM3\ARM_GCC_541\Debug\main.o (symbol from plugin) (Reg_Select_Write)
.\CortexM3\ARM_GCC_541\Debug\AcondicionamientoAnalogico.a(Opa_ref_1V.o)
                              .\CortexM3\ARM_GCC_541\Debug\psoc_hw.o (symbol from plugin) (Opa_ref_1V_Start)
.\CortexM3\ARM_GCC_541\Debug\AcondicionamientoAnalogico.a(CyBootAsmGnu.o)
                              .\CortexM3\ARM_GCC_541\Debug\cyfitter_cfg.o (symbol from plugin) (CyDelayCycles)
.\CortexM3\ARM_GCC_541\Debug\AcondicionamientoAnalogico.a(CyFlash.o)
                              EEPROM.o (symbol from plugin) (dieTemperature)
.\CortexM3\ARM_GCC_541\Debug\AcondicionamientoAnalogico.a(CySpc.o)
                              EEPROM.o (symbol from plugin) (CySpcStart)
c:/program files (x86)/cypress/psoc creator/4.4/psoc creator/import/gnu/arm/5.4.1/bin/../lib/gcc/arm-none-eabi/5.4.1/../../../../arm-none-eabi/lib/armv7-m\libg_nano.a(lib_a-errno.o)
                              .\CortexM3\ARM_GCC_541\Debug\Cm3Start.o (symbol from plugin) (__errno)
c:/program files (x86)/cypress/psoc creator/4.4/psoc creator/import/gnu/arm/5.4.1/bin/../lib/gcc/arm-none-eabi/5.4.1/../../../../arm-none-eabi/lib/armv7-m\libg_nano.a(lib_a-exit.o)
                              c:/program files (x86)/cypress/psoc creator/4.4/psoc creator/import/gnu/arm/5.4.1/bin/../lib/gcc/arm-none-eabi/5.4.1/../../../../arm-none-eabi/lib/armv7-m/crt0.o (exit)
c:/program files (x86)/cypress/psoc creator/4.4/psoc creator/import/gnu/arm/5.4.1/bin/../lib/gcc/arm-none-eabi/5.4.1/../../../../arm-none-eabi/lib/armv7-m\libg_nano.a(lib_a-impure.o)
                              c:/program files (x86)/cypress/psoc creator/4.4/psoc creator/import/gnu/arm/5.4.1/bin/../lib/gcc/arm-none-eabi/5.4.1/../../../../arm-none-eabi/lib/armv7-m\libg_nano.a(lib_a-exit.o) (_global_impure_ptr)
c:/program files (x86)/cypress/psoc creator/4.4/psoc creator/import/gnu/arm/5.4.1/bin/../lib/gcc/arm-none-eabi/5.4.1/../../../../arm-none-eabi/lib/armv7-m\libg_nano.a(lib_a-init.o)
                              c:/program files (x86)/cypress/psoc creator/4.4/psoc creator/import/gnu/arm/5.4.1/bin/../lib/gcc/arm-none-eabi/5.4.1/../../../../arm-none-eabi/lib/armv7-m/crt0.o (__libc_init_array)
c:/program files (x86)/cypress/psoc creator/4.4/psoc creator/import/gnu/arm/5.4.1/bin/../lib/gcc/arm-none-eabi/5.4.1/../../../../arm-none-eabi/lib/armv7-m\libg_nano.a(lib_a-memset.o)
                              c:/program files (x86)/cypress/psoc creator/4.4/psoc creator/import/gnu/arm/5.4.1/bin/../lib/gcc/arm-none-eabi/5.4.1/../../../../arm-none-eabi/lib/armv7-m/crt0.o (memset)
c:/program files (x86)/cypress/psoc creator/4.4/psoc creator/import/gnu/arm/5.4.1/bin/../lib/gcc/arm-none-eabi/5.4.1/../../../../arm-none-eabi/lib/armv7-m\libnosys.a(_exit.o)
                              c:/program files (x86)/cypress/psoc creator/4.4/psoc creator/import/gnu/arm/5.4.1/bin/../lib/gcc/arm-none-eabi/5.4.1/../../../../arm-none-eabi/lib/armv7-m\libg_nano.a(lib_a-exit.o) (_exit)
c:/program files (x86)/cypress/psoc creator/4.4/psoc creator/import/gnu/arm/5.4.1/bin/../lib/gcc/arm-none-eabi/5.4.1/armv7-m\libgcc.a(_aeabi_ldivmod.o)
                              C:\Users\elias\AppData\Local\Temp\ccaGmCem.ltrans2.ltrans.o (__aeabi_ldivmod)
c:/program files (x86)/cypress/psoc creator/4.4/psoc creator/import/gnu/arm/5.4.1/bin/../lib/gcc/arm-none-eabi/5.4.1/armv7-m\libgcc.a(_udivmoddi4.o)
                              c:/program files (x86)/cypress/psoc creator/4.4/psoc creator/import/gnu/arm/5.4.1/bin/../lib/gcc/arm-none-eabi/5.4.1/armv7-m\libgcc.a(_aeabi_ldivmod.o) (__udivmoddi4)
c:/program files (x86)/cypress/psoc creator/4.4/psoc creator/import/gnu/arm/5.4.1/bin/../lib/gcc/arm-none-eabi/5.4.1/armv7-m\libgcc.a(_dvmd_tls.o)
                              c:/program files (x86)/cypress/psoc creator/4.4/psoc creator/import/gnu/arm/5.4.1/bin/../lib/gcc/arm-none-eabi/5.4.1/armv7-m\libgcc.a(_aeabi_ldivmod.o) (__aeabi_ldiv0)
c:/program files (x86)/cypress/psoc creator/4.4/psoc creator/import/gnu/arm/5.4.1/bin/../lib/gcc/arm-none-eabi/5.4.1/../../../../arm-none-eabi/lib/armv7-m\libg_nano.a(lib_a-memcpy-stub.o)
                              C:\Users\elias\AppData\Local\Temp\ccaGmCem.ltrans0.ltrans.o (memcpy)

Allocating common symbols
Common symbol       size              file

ADC_CountsPerVolt   0x4               ADC.o (symbol from plugin)
dieTemperature      0x2               CyFlash.o (symbol from plugin)

Discarded input sections

 .text          0x00000000        0x0 c:/program files (x86)/cypress/psoc creator/4.4/psoc creator/import/gnu/arm/5.4.1/bin/../lib/gcc/arm-none-eabi/5.4.1/armv7-m/crti.o
 .data          0x00000000        0x0 c:/program files (x86)/cypress/psoc creator/4.4/psoc creator/import/gnu/arm/5.4.1/bin/../lib/gcc/arm-none-eabi/5.4.1/armv7-m/crti.o
 .bss           0x00000000        0x0 c:/program files (x86)/cypress/psoc creator/4.4/psoc creator/import/gnu/arm/5.4.1/bin/../lib/gcc/arm-none-eabi/5.4.1/armv7-m/crti.o
 .data          0x00000000        0x4 c:/program files (x86)/cypress/psoc creator/4.4/psoc creator/import/gnu/arm/5.4.1/bin/../lib/gcc/arm-none-eabi/5.4.1/armv7-m/crtbegin.o
 .text          0x00000000       0x74 c:/program files (x86)/cypress/psoc creator/4.4/psoc creator/import/gnu/arm/5.4.1/bin/../lib/gcc/arm-none-eabi/5.4.1/../../../../arm-none-eabi/lib/armv7-m/crt0.o
 .data          0x00000000        0x0 c:/program files (x86)/cypress/psoc creator/4.4/psoc creator/import/gnu/arm/5.4.1/bin/../lib/gcc/arm-none-eabi/5.4.1/../../../../arm-none-eabi/lib/armv7-m/crt0.o
 .bss           0x00000000        0x0 c:/program files (x86)/cypress/psoc creator/4.4/psoc creator/import/gnu/arm/5.4.1/bin/../lib/gcc/arm-none-eabi/5.4.1/../../../../arm-none-eabi/lib/armv7-m/crt0.o
 .ARM.extab     0x00000000        0x0 c:/program files (x86)/cypress/psoc creator/4.4/psoc creator/import/gnu/arm/5.4.1/bin/../lib/gcc/arm-none-eabi/5.4.1/../../../../arm-none-eabi/lib/armv7-m/crt0.o
 .ARM.exidx     0x00000000        0x8 c:/program files (x86)/cypress/psoc creator/4.4/psoc creator/import/gnu/arm/5.4.1/bin/../lib/gcc/arm-none-eabi/5.4.1/../../../../arm-none-eabi/lib/armv7-m/crt0.o
 .text          0x00000000        0x0 .\CortexM3\ARM_GCC_541\Debug\main.o (symbol from plugin)
 .text          0x00000000        0x0 C:\Users\elias\AppData\Local\Temp\ccaGmCem.ltrans0.ltrans.o
 .data          0x00000000        0x0 C:\Users\elias\AppData\Local\Temp\ccaGmCem.ltrans0.ltrans.o
 .text          0x00000000        0x0 C:\Users\elias\AppData\Local\Temp\ccaGmCem.ltrans1.ltrans.o
 .text          0x00000000        0x0 C:\Users\elias\AppData\Local\Temp\ccaGmCem.ltrans2.ltrans.o
 .data          0x00000000        0x0 C:\Users\elias\AppData\Local\Temp\ccaGmCem.ltrans2.ltrans.o
 .text          0x00000000        0x0 C:\Users\elias\AppData\Local\Temp\ccaGmCem.ltrans3.ltrans.o
 .text          0x00000000        0x0 C:\Users\elias\AppData\Local\Temp\ccaGmCem.ltrans4.ltrans.o
 .text._exit    0x00000000        0x4 C:\Users\elias\AppData\Local\Temp\ccaGmCem.ltrans4.ltrans.o
 .text          0x00000000        0x0 C:\Users\elias\AppData\Local\Temp\ccaGmCem.ltrans5.ltrans.o
 .data          0x00000000        0x0 C:\Users\elias\AppData\Local\Temp\ccaGmCem.ltrans5.ltrans.o
 .text          0x00000000        0x0 C:\Users\elias\AppData\Local\Temp\ccaGmCem.ltrans6.ltrans.o
 .data          0x00000000        0x0 C:\Users\elias\AppData\Local\Temp\ccaGmCem.ltrans6.ltrans.o
 .bss           0x00000000        0x0 C:\Users\elias\AppData\Local\Temp\ccaGmCem.ltrans6.ltrans.o
 .text          0x00000000        0x0 .\CortexM3\ARM_GCC_541\Debug\calibration.o (symbol from plugin)
 .text          0x00000000        0x0 .\CortexM3\ARM_GCC_541\Debug\psoc_adc.o (symbol from plugin)
 .text          0x00000000        0x0 .\CortexM3\ARM_GCC_541\Debug\psoc_hw.o (symbol from plugin)
 .text          0x00000000        0x0 .\CortexM3\ARM_GCC_541\Debug\crc.o (symbol from plugin)
 .text          0x00000000        0x0 .\CortexM3\ARM_GCC_541\Debug\psoc_nv.o (symbol from plugin)
 .text          0x00000000        0x0 .\CortexM3\ARM_GCC_541\Debug\filter_coeffs.o (symbol from plugin)
 .text          0x00000000        0x0 .\CortexM3\ARM_GCC_541\Debug\FIR_adquisition.o (symbol from plugin)
 .text          0x00000000        0x0 .\CortexM3\ARM_GCC_541\Debug\FIR_calibration.o (symbol from plugin)
 .text          0x00000000        0x0 .\CortexM3\ARM_GCC_541\Debug\psoc_debug.o (symbol from plugin)
 .text          0x00000000        0x0 .\CortexM3\ARM_GCC_541\Debug\cyfitter_cfg.o (symbol from plugin)
 .text          0x00000000        0x0 .\CortexM3\ARM_GCC_541\Debug\cymetadata.o (symbol from plugin)
 .text          0x00000000        0x0 .\CortexM3\ARM_GCC_541\Debug\Cm3Start.o (symbol from plugin)
 .text          0x00000000        0x0 Filter.o (symbol from plugin)
 .text          0x00000000        0x0 Filter_PVT.o (symbol from plugin)
 .text          0x00000000        0x0 Filter_RAM_Data.o (symbol from plugin)
 .text          0x00000000        0x0 CyDmac.o (symbol from plugin)
 .text          0x00000000        0x0 CyLib.o (symbol from plugin)
 .text          0x00000000        0x0 cyPm.o (symbol from plugin)
 .text          0x00000000        0x0 DMA_DelSig_Filter_dma.o (symbol from plugin)
 .text          0x00000000        0x0 DMA_DelSig_RAM_dma.o (symbol from plugin)
 .text          0x00000000        0x0 isr_Timer.o (symbol from plugin)
 .text          0x00000000        0x0 Timer.o (symbol from plugin)
 .text          0x00000000        0x0 LED.o (symbol from plugin)
 .text          0x00000000        0x0 UART.o (symbol from plugin)
 .text          0x00000000        0x0 UART_INT.o (symbol from plugin)
 .text          0x00000000        0x0 UART_IntClock.o (symbol from plugin)
 .text          0x00000000        0x0 ADC.o (symbol from plugin)
 .text          0x00000000        0x0 ADC_INT.o (symbol from plugin)
 .text          0x00000000        0x0 ADC_Ext_CP_Clk.o (symbol from plugin)
 .text          0x00000000        0x0 ADC_theACLK.o (symbol from plugin)
 .text          0x00000000        0x0 VDAC_PGA.o (symbol from plugin)
 .text          0x00000000        0x0 SYNC_IN.o (symbol from plugin)
 .text          0x00000000        0x0 isr_SyncIn.o (symbol from plugin)
 .text          0x00000000        0x0 LPF_ADC.o (symbol from plugin)
 .text          0x00000000        0x0 PGA.o (symbol from plugin)
 .text          0x00000000        0x0 ADC_AMux.o (symbol from plugin)
 .text          0x00000000        0x0 Opa_LP.o (symbol from plugin)
 .text          0x00000000        0x0 VDAC_LP.o (symbol from plugin)
 .text          0x00000000        0x0 AMux_ADC.o (symbol from plugin)
 .text          0x00000000        0x0 Opa_ref_PGA.o (symbol from plugin)
 .text          0x00000000        0x0 Clock_1.o (symbol from plugin)
 .text          0x00000000        0x0 isr_Button.o (symbol from plugin)
 .text          0x00000000        0x0 EEPROM.o (symbol from plugin)
 .text          0x00000000        0x0 DMA_Filter_RAM_dma.o (symbol from plugin)
 .text          0x00000000        0x0 isr_DMA_DelSig_RAM.o (symbol from plugin)
 .text          0x00000000        0x0 isr_DMA_Filter_RAM.o (symbol from plugin)
 .text          0x00000000        0x0 Reg_Select.o (symbol from plugin)
 .text          0x00000000        0x0 Opa_ref_1V.o (symbol from plugin)
 .data          0x00000000        0x0 .\CortexM3\ARM_GCC_541\Debug\AcondicionamientoAnalogico.a(CyBootAsmGnu.o)
 .bss           0x00000000        0x0 .\CortexM3\ARM_GCC_541\Debug\AcondicionamientoAnalogico.a(CyBootAsmGnu.o)
 .text          0x00000000        0x0 CyFlash.o (symbol from plugin)
 .text          0x00000000        0x0 CySpc.o (symbol from plugin)
 .text          0x00000000        0x0 c:/program files (x86)/cypress/psoc creator/4.4/psoc creator/import/gnu/arm/5.4.1/bin/../lib/gcc/arm-none-eabi/5.4.1/../../../../arm-none-eabi/lib/armv7-m\libg_nano.a(lib_a-errno.o)
 .data          0x00000000        0x0 c:/program files (x86)/cypress/psoc creator/4.4/psoc creator/import/gnu/arm/5.4.1/bin/../lib/gcc/arm-none-eabi/5.4.1/../../../../arm-none-eabi/lib/armv7-m\libg_nano.a(lib_a-errno.o)
 .bss           0x00000000        0x0 c:/program files (x86)/cypress/psoc creator/4.4/psoc creator/import/gnu/arm/5.4.1/bin/../lib/gcc/arm-none-eabi/5.4.1/../../../../arm-none-eabi/lib/armv7-m\libg_nano.a(lib_a-errno.o)
 .text          0x00000000        0x0 c:/program files (x86)/cypress/psoc creator/4.4/psoc creator/import/gnu/arm/5.4.1/bin/../lib/gcc/arm-none-eabi/5.4.1/../../../../arm-none-eabi/lib/armv7-m\libg_nano.a(lib_a-exit.o)
 .data          0x00000000        0x0 c:/program files (x86)/cypress/psoc creator/4.4/psoc creator/import/gnu/arm/5.4.1/bin/../lib/gcc/arm-none-eabi/5.4.1/../../../../arm-none-eabi/lib/armv7-m\libg_nano.a(lib_a-exit.o)
 .bss           0x00000000        0x0 c:/program files (x86)/cypress/psoc creator/4.4/psoc creator/import/gnu/arm/5.4.1/bin/../lib/gcc/arm-none-eabi/5.4.1/../../../../arm-none-eabi/lib/armv7-m\libg_nano.a(lib_a-exit.o)
 .text.exit     0x00000000       0x28 c:/program files (x86)/cypress/psoc creator/4.4/psoc creator/import/gnu/arm/5.4.1/bin/../lib/gcc/arm-none-eabi/5.4.1/../../../../arm-none-eabi/lib/armv7-m\libg_nano.a(lib_a-exit.o)
 .text          0x00000000        0x0 c:/program files (x86)/cypress/psoc creator/4.4/psoc creator/import/gnu/arm/5.4.1/bin/../lib/gcc/arm-none-eabi/5.4.1/../../../../arm-none-eabi/lib/armv7-m\libg_nano.a(lib_a-impure.o)
 .data          0x00000000        0x0 c:/program files (x86)/cypress/psoc creator/4.4/psoc creator/import/gnu/arm/5.4.1/bin/../lib/gcc/arm-none-eabi/5.4.1/../../../../arm-none-eabi/lib/armv7-m\libg_nano.a(lib_a-impure.o)
 .bss           0x00000000        0x0 c:/program files (x86)/cypress/psoc creator/4.4/psoc creator/import/gnu/arm/5.4.1/bin/../lib/gcc/arm-none-eabi/5.4.1/../../../../arm-none-eabi/lib/armv7-m\libg_nano.a(lib_a-impure.o)
 .rodata._global_impure_ptr
                0x00000000        0x4 c:/program files (x86)/cypress/psoc creator/4.4/psoc creator/import/gnu/arm/5.4.1/bin/../lib/gcc/arm-none-eabi/5.4.1/../../../../arm-none-eabi/lib/armv7-m\libg_nano.a(lib_a-impure.o)
 .text          0x00000000        0x0 c:/program files (x86)/cypress/psoc creator/4.4/psoc creator/import/gnu/arm/5.4.1/bin/../lib/gcc/arm-none-eabi/5.4.1/../../../../arm-none-eabi/lib/armv7-m\libg_nano.a(lib_a-init.o)
 .data          0x00000000        0x0 c:/program files (x86)/cypress/psoc creator/4.4/psoc creator/import/gnu/arm/5.4.1/bin/../lib/gcc/arm-none-eabi/5.4.1/../../../../arm-none-eabi/lib/armv7-m\libg_nano.a(lib_a-init.o)
 .bss           0x00000000        0x0 c:/program files (x86)/cypress/psoc creator/4.4/psoc creator/import/gnu/arm/5.4.1/bin/../lib/gcc/arm-none-eabi/5.4.1/../../../../arm-none-eabi/lib/armv7-m\libg_nano.a(lib_a-init.o)
 .text          0x00000000        0x0 c:/program files (x86)/cypress/psoc creator/4.4/psoc creator/import/gnu/arm/5.4.1/bin/../lib/gcc/arm-none-eabi/5.4.1/../../../../arm-none-eabi/lib/armv7-m\libg_nano.a(lib_a-memset.o)
 .data          0x00000000        0x0 c:/program files (x86)/cypress/psoc creator/4.4/psoc creator/import/gnu/arm/5.4.1/bin/../lib/gcc/arm-none-eabi/5.4.1/../../../../arm-none-eabi/lib/armv7-m\libg_nano.a(lib_a-memset.o)
 .bss           0x00000000        0x0 c:/program files (x86)/cypress/psoc creator/4.4/psoc creator/import/gnu/arm/5.4.1/bin/../lib/gcc/arm-none-eabi/5.4.1/../../../../arm-none-eabi/lib/armv7-m\libg_nano.a(lib_a-memset.o)
 .text          0x00000000        0x0 c:/program files (x86)/cypress/psoc creator/4.4/psoc creator/import/gnu/arm/5.4.1/bin/../lib/gcc/arm-none-eabi/5.4.1/armv7-m/crtend.o
 .data          0x00000000        0x0 c:/program files (x86)/cypress/psoc creator/4.4/psoc creator/import/gnu/arm/5.4.1/bin/../lib/gcc/arm-none-eabi/5.4.1/armv7-m/crtend.o
 .bss           0x00000000        0x0 c:/program files (x86)/cypress/psoc creator/4.4/psoc creator/import/gnu/arm/5.4.1/bin/../lib/gcc/arm-none-eabi/5.4.1/armv7-m/crtend.o
 .text          0x00000000        0x0 c:/program files (x86)/cypress/psoc creator/4.4/psoc creator/import/gnu/arm/5.4.1/bin/../lib/gcc/arm-none-eabi/5.4.1/armv7-m/crtn.o
 .data          0x00000000        0x0 c:/program files (x86)/cypress/psoc creator/4.4/psoc creator/import/gnu/arm/5.4.1/bin/../lib/gcc/arm-none-eabi/5.4.1/armv7-m/crtn.o
 .bss           0x00000000        0x0 c:/program files (x86)/cypress/psoc creator/4.4/psoc creator/import/gnu/arm/5.4.1/bin/../lib/gcc/arm-none-eabi/5.4.1/armv7-m/crtn.o
 .text          0x00000000        0x0 c:/program files (x86)/cypress/psoc creator/4.4/psoc creator/import/gnu/arm/5.4.1/bin/../lib/gcc/arm-none-eabi/5.4.1/../../../../arm-none-eabi/lib/armv7-m\libnosys.a(_exit.o)
 .data          0x00000000        0x0 c:/program files (x86)/cypress/psoc creator/4.4/psoc creator/import/gnu/arm/5.4.1/bin/../lib/gcc/arm-none-eabi/5.4.1/../../../../arm-none-eabi/lib/armv7-m\libnosys.a(_exit.o)
 .bss           0x00000000        0x0 c:/program files (x86)/cypress/psoc creator/4.4/psoc creator/import/gnu/arm/5.4.1/bin/../lib/gcc/arm-none-eabi/5.4.1/../../../../arm-none-eabi/lib/armv7-m\libnosys.a(_exit.o)
 .text._exit    0x00000000        0x4 c:/program files (x86)/cypress/psoc creator/4.4/psoc creator/import/gnu/arm/5.4.1/bin/../lib/gcc/arm-none-eabi/5.4.1/../../../../arm-none-eabi/lib/armv7-m\libnosys.a(_exit.o)
 .data          0x00000000        0x0 c:/program files (x86)/cypress/psoc creator/4.4/psoc creator/import/gnu/arm/5.4.1/bin/../lib/gcc/arm-none-eabi/5.4.1/armv7-m\libgcc.a(_aeabi_ldivmod.o)
 .bss           0x00000000        0x0 c:/program files (x86)/cypress/psoc creator/4.4/psoc creator/import/gnu/arm/5.4.1/bin/../lib/gcc/arm-none-eabi/5.4.1/armv7-m\libgcc.a(_aeabi_ldivmod.o)
 .data          0x00000000        0x0 c:/program files (x86)/cypress/psoc creator/4.4/psoc creator/import/gnu/arm/5.4.1/bin/../lib/gcc/arm-none-eabi/5.4.1/armv7-m\libgcc.a(_udivmoddi4.o)
 .bss           0x00000000        0x0 c:/program files (x86)/cypress/psoc creator/4.4/psoc creator/import/gnu/arm/5.4.1/bin/../lib/gcc/arm-none-eabi/5.4.1/armv7-m\libgcc.a(_udivmoddi4.o)
 .ARM.extab     0x00000000        0x0 c:/program files (x86)/cypress/psoc creator/4.4/psoc creator/import/gnu/arm/5.4.1/bin/../lib/gcc/arm-none-eabi/5.4.1/armv7-m\libgcc.a(_udivmoddi4.o)
 .data          0x00000000        0x0 c:/program files (x86)/cypress/psoc creator/4.4/psoc creator/import/gnu/arm/5.4.1/bin/../lib/gcc/arm-none-eabi/5.4.1/armv7-m\libgcc.a(_dvmd_tls.o)
 .bss           0x00000000        0x0 c:/program files (x86)/cypress/psoc creator/4.4/psoc creator/import/gnu/arm/5.4.1/bin/../lib/gcc/arm-none-eabi/5.4.1/armv7-m\libgcc.a(_dvmd_tls.o)
 .text          0x00000000        0x0 c:/program files (x86)/cypress/psoc creator/4.4/psoc creator/import/gnu/arm/5.4.1/bin/../lib/gcc/arm-none-eabi/5.4.1/../../../../arm-none-eabi/lib/armv7-m\libg_nano.a(lib_a-memcpy-stub.o)
 .data          0x00000000        0x0 c:/program files (x86)/cypress/psoc creator/4.4/psoc creator/import/gnu/arm/5.4.1/bin/../lib/gcc/arm-none-eabi/5.4.1/../../../../arm-none-eabi/lib/armv7-m\libg_nano.a(lib_a-memcpy-stub.o)
 .bss           0x00000000        0x0 c:/program files (x86)/cypress/psoc creator/4.4/psoc creator/import/gnu/arm/5.4.1/bin/../lib/gcc/arm-none-eabi/5.4.1/../../../../arm-none-eabi/lib/armv7-m\libg_nano.a(lib_a-memcpy-stub.o)

Memory Configuration

Name             Origin             Length             Attributes
rom              0x00000000         0x00040000         xr
ram              0x1fff8000         0x00010000         xrw
*default*        0x00000000         0xffffffff

Linker script and memory map

LOAD c:/program files (x86)/cypress/psoc creator/4.4/psoc creator/import/gnu/arm/5.4.1/bin/../lib/gcc/arm-none-eabi/5.4.1/armv7-m/crti.o
LOAD c:/program files (x86)/cypress/psoc creator/4.4/psoc creator/import/gnu/arm/5.4.1/bin/../lib/gcc/arm-none-eabi/5.4.1/armv7-m/crtbegin.o
LOAD c:/program files (x86)/cypress/psoc creator/4.4/psoc creator/import/gnu/arm/5.4.1/bin/../lib/gcc/arm-none-eabi/5.4.1/../../../../arm-none-eabi/lib/armv7-m/crt0.o
START GROUP
LOAD .\CortexM3\ARM_GCC_541\Debug\main.o
LOAD C:\Users\elias\AppData\Local\Temp\ccaGmCem.ltrans0.ltrans.o
LOAD C:\Users\elias\AppData\Local\Temp\ccaGmCem.ltrans1.ltrans.o
LOAD C:\Users\elias\AppData\Local\Temp\ccaGmCem.ltrans2.ltrans.o
LOAD C:\Users\elias\AppData\Local\Temp\ccaGmCem.ltrans3.ltrans.o
LOAD C:\Users\elias\AppData\Local\Temp\ccaGmCem.ltrans4.ltrans.o
LOAD C:\Users\elias\AppData\Local\Temp\ccaGmCem.ltrans5.ltrans.o
LOAD C:\Users\elias\AppData\Local\Temp\ccaGmCem.ltrans6.ltrans.o
LOAD .\CortexM3\ARM_GCC_541\Debug\calibration.o
LOAD .\CortexM3\ARM_GCC_541\Debug\psoc_adc.o
LOAD .\CortexM3\ARM_GCC_541\Debug\psoc_hw.o
LOAD .\CortexM3\ARM_GCC_541\Debug\crc.o
LOAD .\CortexM3\ARM_GCC_541\Debug\psoc_nv.o
LOAD .\CortexM3\ARM_GCC_541\Debug\filter_coeffs.o
LOAD .\CortexM3\ARM_GCC_541\Debug\FIR_adquisition.o
LOAD .\CortexM3\ARM_GCC_541\Debug\FIR_calibration.o
LOAD .\CortexM3\ARM_GCC_541\Debug\psoc_debug.o
LOAD .\CortexM3\ARM_GCC_541\Debug\cyfitter_cfg.o
LOAD .\CortexM3\ARM_GCC_541\Debug\cymetadata.o
LOAD .\CortexM3\ARM_GCC_541\Debug\Cm3Start.o
LOAD .\CortexM3\ARM_GCC_541\Debug\AcondicionamientoAnalogico.a
LOAD C:\Program Files (x86)\Cypress\PSoC Creator\4.4\PSoC Creator\psoc\content\cycomponentlibrary\CyComponentLibrary.cylib\CortexM3\ARM_GCC_541\Debug\CyComponentLibrary.a
END GROUP
START GROUP
LOAD c:/program files (x86)/cypress/psoc creator/4.4/psoc creator/import/gnu/arm/5.4.1/bin/../lib/gcc/arm-none-eabi/5.4.1/armv7-m\libgcc.a
LOAD c:/program files (x86)/cypress/psoc creator/4.4/psoc creator/import/gnu/arm/5.4.1/bin/../lib/gcc/arm-none-eabi/5.4.1/../../../../arm-none-eabi/lib/armv7-m\libg_nano.a
LOAD c:/program files (x86)/cypress/psoc creator/4.4/psoc creator/import/gnu/arm/5.4.1/bin/../lib/gcc/arm-none-eabi/5.4.1/../../../../arm-none-eabi/lib/armv7-m\libc_nano.a
END GROUP
START GROUP
LOAD c:/program files (x86)/cypress/psoc creator/4.4/psoc creator/import/gnu/arm/5.4.1/bin/../lib/gcc/arm-none-eabi/5.4.1/armv7-m\libgcc.a
LOAD c:/program files (x86)/cypress/psoc creator/4.4/psoc creator/import/gnu/arm/5.4.1/bin/../lib/gcc/arm-none-eabi/5.4.1/../../../../arm-none-eabi/lib/armv7-m\libc_nano.a
END GROUP
LOAD c:/program files (x86)/cypress/psoc creator/4.4/psoc creator/import/gnu/arm/5.4.1/bin/../lib/gcc/arm-none-eabi/5.4.1/armv7-m/crtend.o
LOAD c:/program files (x86)/cypress/psoc creator/4.4/psoc creator/import/gnu/arm/5.4.1/bin/../lib/gcc/arm-none-eabi/5.4.1/armv7-m/crtn.o
START GROUP
LOAD c:/program files (x86)/cypress/psoc creator/4.4/psoc creator/import/gnu/arm/5.4.1/bin/../lib/gcc/arm-none-eabi/5.4.1/armv7-m\libgcc.a
LOAD c:/program files (x86)/cypress/psoc creator/4.4/psoc creator/import/gnu/arm/5.4.1/bin/../lib/gcc/arm-none-eabi/5.4.1/../../../../arm-none-eabi/lib/armv7-m\libc.a
LOAD c:/program files (x86)/cypress/psoc creator/4.4/psoc creator/import/gnu/arm/5.4.1/bin/../lib/gcc/arm-none-eabi/5.4.1/../../../../arm-none-eabi/lib/armv7-m\libnosys.a
END GROUP
                0x00000000                CY_APPL_ORIGIN = 0x0
                0x00000100                CY_FLASH_ROW_SIZE = 0x100
                0x00000020                CY_ECC_ROW_SIZE = 0x20
                0x00000000                CY_EE_IN_BTLDR = 0x0
                0x00000000                CY_APPL_LOADABLE = 0x0
                0x00000800                CY_EE_SIZE = 0x800
                0x00000001                CY_APPL_NUM = 0x1
                0x00000001                CY_APPL_MAX = 0x1
                0x00000040                CY_METADATA_SIZE = 0x40
                0x00000000                CY_APPL_LOADABLE = 0x0
                0x00000000                CY_CHECKSUM_EXCLUDE_SIZE = ALIGN (0x0, CY_FLASH_ROW_SIZE)
                [!provide]                PROVIDE (__cy_heap_start, _end)
                0x00000001                PROVIDE (__cy_region_num, ((__cy_regions_end - __cy_regions) / 0x10))
                0x20008000                PROVIDE (__cy_stack, (ORIGIN (ram) + LENGTH (ram)))
                [!provide]                PROVIDE (__cy_heap_end, (__cy_stack - 0x800))

.cybootloader   0x00000000        0x0
 *(.cybootloader)
                0x00000000                appl1_start = CY_APPL_ORIGIN?CY_APPL_ORIGIN:ALIGN (CY_FLASH_ROW_SIZE)
                0x0001ff00                appl2_start = (appl1_start + ALIGN ((((LENGTH (rom) - appl1_start) - (0x2 * CY_FLASH_ROW_SIZE)) / 0x2), CY_FLASH_ROW_SIZE))
                0x00000000                appl_start = (CY_APPL_NUM == 0x1)?appl1_start:appl2_start
                0x00000000                ecc_offset = ((appl_start / CY_FLASH_ROW_SIZE) * CY_ECC_ROW_SIZE)
                0x00000000                ee_offset = (CY_APPL_LOADABLE && ! (CY_EE_IN_BTLDR))?((CY_EE_SIZE / CY_APPL_MAX) * (CY_APPL_NUM - 0x1)):0x0
                0x00000800                ee_size = (CY_APPL_LOADABLE && ! (CY_EE_IN_BTLDR))?(CY_EE_SIZE / CY_APPL_MAX):CY_EE_SIZE
                [!provide]                PROVIDE (CY_ECC_OFFSET, ecc_offset)

.text           0x00000000     0x594e
 CREATE_OBJECT_SYMBOLS
                0x00000000                PROVIDE (__cy_interrupt_vector, RomVectors)
 *(.romvectors)
 .romvectors    0x00000000       0x10 C:\Users\elias\AppData\Local\Temp\ccaGmCem.ltrans4.ltrans.o
                0x00000000                RomVectors
                0x00000001                ASSERT ((. != __cy_interrupt_vector), No interrupt vector)
                0x00000001                ASSERT (CY_APPL_ORIGIN?(SIZEOF (.cybootloader) <= CY_APPL_ORIGIN):0x1, Wrong image location)
                0x00000010                PROVIDE (__cy_reset, Reset)
 *(.text.Reset)
 .text.Reset    0x00000010       0x64 C:\Users\elias\AppData\Local\Temp\ccaGmCem.ltrans4.ltrans.o
                0x00000010                Reset
                0x00000001                ASSERT ((. != __cy_reset), No reset code)
 *(.dma_init)
                0x00000001                ASSERT ((((appl_start + .) <= 0x10000) || 0x1), DMA Init must be within the first 64k of flash)
 *(.text .text.* .gnu.linkonce.t.*)
 .text          0x00000074       0x5c c:/program files (x86)/cypress/psoc creator/4.4/psoc creator/import/gnu/arm/5.4.1/bin/../lib/gcc/arm-none-eabi/5.4.1/armv7-m/crtbegin.o
 .text.uart_service.lto_priv.93
                0x000000d0     0x1c28 C:\Users\elias\AppData\Local\Temp\ccaGmCem.ltrans0.ltrans.o
                0x000000d0                uart_service.lto_priv.93
 .text.startup.main
                0x00001cf8      0xf04 C:\Users\elias\AppData\Local\Temp\ccaGmCem.ltrans1.ltrans.o
                0x00001cf8                main
 .text.service_runtime.lto_priv.81
                0x00002bfc      0xe88 C:\Users\elias\AppData\Local\Temp\ccaGmCem.ltrans2.ltrans.o
                0x00002bfc                service_runtime.lto_priv.81
 .text.psoc_calibration_servo_abort
                0x00003a84        0x4 C:\Users\elias\AppData\Local\Temp\ccaGmCem.ltrans3.ltrans.o
                0x00003a84                psoc_calibration_servo_abort
 .text.UART_TXISR
                0x00003a88       0x58 C:\Users\elias\AppData\Local\Temp\ccaGmCem.ltrans3.ltrans.o
                0x00003a88                UART_TXISR
 .text.UART_RXISR
                0x00003ae0       0x78 C:\Users\elias\AppData\Local\Temp\ccaGmCem.ltrans3.ltrans.o
                0x00003ae0                UART_RXISR
 .text.CyDmaChEnable.constprop.54
                0x00003b58       0x24 C:\Users\elias\AppData\Local\Temp\ccaGmCem.ltrans3.ltrans.o
                0x00003b58                CyDmaChEnable.constprop.54
 .text.CyDmaChPriority.constprop.51
                0x00003b7c       0x20 C:\Users\elias\AppData\Local\Temp\ccaGmCem.ltrans3.ltrans.o
                0x00003b7c                CyDmaChPriority.constprop.51
 .text.CySpcUnlock
                0x00003b9c       0x3c C:\Users\elias\AppData\Local\Temp\ccaGmCem.ltrans3.ltrans.o
                0x00003b9c                CySpcUnlock
 .text.CySpcLock
                0x00003bd8       0x44 C:\Users\elias\AppData\Local\Temp\ccaGmCem.ltrans3.ltrans.o
                0x00003bd8                CySpcLock
 .text.CySetTempInt.lto_priv.83
                0x00003c1c      0x118 C:\Users\elias\AppData\Local\Temp\ccaGmCem.ltrans3.ltrans.o
                0x00003c1c                CySetTempInt.lto_priv.83
 .text.unlikely.EEPROM_Write.part.1.lto_priv.107
                0x00003d34       0xe0 C:\Users\elias\AppData\Local\Temp\ccaGmCem.ltrans3.ltrans.o
                0x00003d34                EEPROM_Write.part.1.lto_priv.107
 .text.EEPROM_ReadByte
                0x00003e14       0x3c C:\Users\elias\AppData\Local\Temp\ccaGmCem.ltrans3.ltrans.o
                0x00003e14                EEPROM_ReadByte
 .text.PGA_SetGain
                0x00003e50       0x78 C:\Users\elias\AppData\Local\Temp\ccaGmCem.ltrans3.ltrans.o
                0x00003e50                PGA_SetGain
 .text.ADC_Stop
                0x00003ec8       0xfc C:\Users\elias\AppData\Local\Temp\ccaGmCem.ltrans3.ltrans.o
                0x00003ec8                ADC_Stop
 .text.ADC_Start
                0x00003fc4      0x520 C:\Users\elias\AppData\Local\Temp\ccaGmCem.ltrans3.ltrans.o
                0x00003fc4                ADC_Start
 .text.CyDmaTdAllocate
                0x000044e4       0x34 C:\Users\elias\AppData\Local\Temp\ccaGmCem.ltrans3.ltrans.o
                0x000044e4                CyDmaTdAllocate
 .text.IntDefaultHandler
                0x00004518       0x10 C:\Users\elias\AppData\Local\Temp\ccaGmCem.ltrans4.ltrans.o
 .text.startup.initialize_psoc
                0x00004528      0x3ec C:\Users\elias\AppData\Local\Temp\ccaGmCem.ltrans4.ltrans.o
 .text.cal_pi_finish_stage.lto_priv.94
                0x00004914      0x2d4 C:\Users\elias\AppData\Local\Temp\ccaGmCem.ltrans4.ltrans.o
                0x00004914                cal_pi_finish_stage.lto_priv.94
 .text.cal_adc_read_direct_counts.lto_priv.106
                0x00004be8       0xc8 C:\Users\elias\AppData\Local\Temp\ccaGmCem.ltrans4.ltrans.o
                0x00004be8                cal_adc_read_direct_counts.lto_priv.106
 .text.isr_DMA_Filter_RAM_Handler
                0x00004cb0      0x134 C:\Users\elias\AppData\Local\Temp\ccaGmCem.ltrans5.ltrans.o
                0x00004cb0                isr_DMA_Filter_RAM_Handler
 .text.isr_DMA_DelSig_RAM_Handler
                0x00004de4      0x150 C:\Users\elias\AppData\Local\Temp\ccaGmCem.ltrans5.ltrans.o
                0x00004de4                isr_DMA_DelSig_RAM_Handler
 .text.uart_send_diag.lto_priv.77
                0x00004f34       0xe0 C:\Users\elias\AppData\Local\Temp\ccaGmCem.ltrans5.ltrans.o
                0x00004f34                uart_send_diag.lto_priv.77
 .text.isr_SyncIn
                0x00005014      0x1b0 C:\Users\elias\AppData\Local\Temp\ccaGmCem.ltrans5.ltrans.o
                0x00005014                isr_SyncIn
 .text.isr_Timer
                0x000051c4       0xc4 C:\Users\elias\AppData\Local\Temp\ccaGmCem.ltrans5.ltrans.o
                0x000051c4                isr_Timer
 .text.psoc_prepare_capture_path.lto_priv.82
                0x00005288      0x12c C:\Users\elias\AppData\Local\Temp\ccaGmCem.ltrans5.ltrans.o
                0x00005288                psoc_prepare_capture_path.lto_priv.82
 .text.cal_vdac_hammer_lp.lto_priv.80
                0x000053b4        0xc C:\Users\elias\AppData\Local\Temp\ccaGmCem.ltrans6.ltrans.o
                0x000053b4                cal_vdac_hammer_lp.lto_priv.80
 .text.cal_vdac_hammer_pga.lto_priv.79
                0x000053c0        0xc C:\Users\elias\AppData\Local\Temp\ccaGmCem.ltrans6.ltrans.o
                0x000053c0                cal_vdac_hammer_pga.lto_priv.79
 .text.psoc_amux_select_exclusive.lto_priv.67
                0x000053cc      0x154 C:\Users\elias\AppData\Local\Temp\ccaGmCem.ltrans6.ltrans.o
                0x000053cc                psoc_amux_select_exclusive.lto_priv.67
 .text          0x00005520       0x20 .\CortexM3\ARM_GCC_541\Debug\AcondicionamientoAnalogico.a(CyBootAsmGnu.o)
                0x00005520                CyDelayCycles
                0x00005530                CyEnterCriticalSection
                0x00005538                CyExitCriticalSection
 .text.__errno  0x00005540        0xc c:/program files (x86)/cypress/psoc creator/4.4/psoc creator/import/gnu/arm/5.4.1/bin/../lib/gcc/arm-none-eabi/5.4.1/../../../../arm-none-eabi/lib/armv7-m\libg_nano.a(lib_a-errno.o)
                0x00005540                __errno
 .text.__libc_init_array
                0x0000554c       0x4c c:/program files (x86)/cypress/psoc creator/4.4/psoc creator/import/gnu/arm/5.4.1/bin/../lib/gcc/arm-none-eabi/5.4.1/../../../../arm-none-eabi/lib/armv7-m\libg_nano.a(lib_a-init.o)
                0x0000554c                __libc_init_array
 .text.memset   0x00005598       0x10 c:/program files (x86)/cypress/psoc creator/4.4/psoc creator/import/gnu/arm/5.4.1/bin/../lib/gcc/arm-none-eabi/5.4.1/../../../../arm-none-eabi/lib/armv7-m\libg_nano.a(lib_a-memset.o)
                0x00005598                memset
 .text          0x000055a8       0xa0 c:/program files (x86)/cypress/psoc creator/4.4/psoc creator/import/gnu/arm/5.4.1/bin/../lib/gcc/arm-none-eabi/5.4.1/armv7-m\libgcc.a(_aeabi_ldivmod.o)
                0x000055a8                __aeabi_ldivmod
 .text          0x00005648      0x2ec c:/program files (x86)/cypress/psoc creator/4.4/psoc creator/import/gnu/arm/5.4.1/bin/../lib/gcc/arm-none-eabi/5.4.1/armv7-m\libgcc.a(_udivmoddi4.o)
                0x00005648                __udivmoddi4
 .text          0x00005934        0x4 c:/program files (x86)/cypress/psoc creator/4.4/psoc creator/import/gnu/arm/5.4.1/bin/../lib/gcc/arm-none-eabi/5.4.1/armv7-m\libgcc.a(_dvmd_tls.o)
                0x00005934                __aeabi_idiv0
                0x00005934                __aeabi_ldiv0
 .text.memcpy   0x00005938       0x16 c:/program files (x86)/cypress/psoc creator/4.4/psoc creator/import/gnu/arm/5.4.1/bin/../lib/gcc/arm-none-eabi/5.4.1/../../../../arm-none-eabi/lib/armv7-m\libg_nano.a(lib_a-memcpy-stub.o)
                0x00005938                memcpy
 *(.plt)
 *(.gnu.warning)
 *(.glue_7t)
 .glue_7t       0x0000594e        0x0 linker stubs
 *(.glue_7)
 .glue_7        0x0000594e        0x0 linker stubs
 *(.vfp11_veneer)
 .vfp11_veneer  0x0000594e        0x0 linker stubs
 *(.bootloader)
 *(.ARM.extab* .gnu.linkonce.armextab.*)
 *(.gcc_except_table)

.v4_bx          0x00005950        0x0
 .v4_bx         0x00005950        0x0 linker stubs

.iplt           0x00005950        0x0
 .iplt          0x00005950        0x0 c:/program files (x86)/cypress/psoc creator/4.4/psoc creator/import/gnu/arm/5.4.1/bin/../lib/gcc/arm-none-eabi/5.4.1/armv7-m/crtbegin.o

.eh_frame_hdr
 *(.eh_frame_hdr)

.eh_frame       0x00005950        0x4
 *(.eh_frame)
 .eh_frame      0x00005950        0x0 c:/program files (x86)/cypress/psoc creator/4.4/psoc creator/import/gnu/arm/5.4.1/bin/../lib/gcc/arm-none-eabi/5.4.1/armv7-m/crtbegin.o
 .eh_frame      0x00005950        0x4 c:/program files (x86)/cypress/psoc creator/4.4/psoc creator/import/gnu/arm/5.4.1/bin/../lib/gcc/arm-none-eabi/5.4.1/armv7-m/crtend.o
                [!provide]                PROVIDE (__exidx_start, .)

.ARM.exidx      0x00005954        0x8
 *(.ARM.exidx* .gnu.linkonce.armexidx.*)
 .ARM.exidx     0x00005954        0x8 c:/program files (x86)/cypress/psoc creator/4.4/psoc creator/import/gnu/arm/5.4.1/bin/../lib/gcc/arm-none-eabi/5.4.1/armv7-m\libgcc.a(_udivmoddi4.o)
                0x0000595c                __exidx_end = .

.rodata         0x0000595c      0xc0c
 *(.rodata .rodata.* .gnu.linkonce.r.*)
 .rodata        0x0000595c      0x21b C:\Users\elias\AppData\Local\Temp\ccaGmCem.ltrans0.ltrans.o
 *fill*         0x00005b77        0x1 
 .rodata        0x00005b78      0x4fc C:\Users\elias\AppData\Local\Temp\ccaGmCem.ltrans1.ltrans.o
                0x00005b78                g_psoc_cal_stages.lto_priv.90
                0x00006070                g_ping_frame.lto_priv.98
 .rodata.str1.4
                0x00006074       0x18 C:\Users\elias\AppData\Local\Temp\ccaGmCem.ltrans1.ltrans.o
                                 0x16 (size before relaxing)
 .rodata        0x0000608c       0x40 C:\Users\elias\AppData\Local\Temp\ccaGmCem.ltrans2.ltrans.o
 .rodata        0x000060cc       0x16 C:\Users\elias\AppData\Local\Temp\ccaGmCem.ltrans3.ltrans.o
                0x000060e1                cydelay_freq_mhz
 *fill*         0x000060e2        0x2 
 .rodata        0x000060e4      0x44c C:\Users\elias\AppData\Local\Temp\ccaGmCem.ltrans4.ltrans.o
                0x00006110                AMux_ADC__outerAddr.lto_priv.71
                0x0000611c                AMux_ADC__outerMask.lto_priv.72
                0x00006120                AMux_ADC__innerMap.lto_priv.73
                0x00006124                AMux_ADC__innerAddr.lto_priv.75
                0x0000612c                AMux_ADC__innerMask.lto_priv.76
                0x00006130                Filter_data_a
                0x00006330                g_fir_adquisition_coeffs_q23
 .rodata.str1.1
                0x00006530        0x2 c:/program files (x86)/cypress/psoc creator/4.4/psoc creator/import/gnu/arm/5.4.1/bin/../lib/gcc/arm-none-eabi/5.4.1/../../../../arm-none-eabi/lib/armv7-m\libg_nano.a(lib_a-impure.o)
                0x00006534                . = ALIGN (0x4)
 *fill*         0x00006532        0x2 
 *(.init)
 .init          0x00006534        0x4 c:/program files (x86)/cypress/psoc creator/4.4/psoc creator/import/gnu/arm/5.4.1/bin/../lib/gcc/arm-none-eabi/5.4.1/armv7-m/crti.o
                0x00006534                _init
 .init          0x00006538        0x8 c:/program files (x86)/cypress/psoc creator/4.4/psoc creator/import/gnu/arm/5.4.1/bin/../lib/gcc/arm-none-eabi/5.4.1/armv7-m/crtn.o
                0x00006540                . = ALIGN (0x4)
                0x00006540                __preinit_array_start = .
 *(.preinit_array)
                0x00006540                __preinit_array_end = .
                0x00006540                . = ALIGN (0x4)
                0x00006540                __init_array_start = .
 *(SORT(.init_array.*))
 *(.init_array)
 .init_array    0x00006540        0x4 c:/program files (x86)/cypress/psoc creator/4.4/psoc creator/import/gnu/arm/5.4.1/bin/../lib/gcc/arm-none-eabi/5.4.1/armv7-m/crtbegin.o
 .init_array    0x00006544        0x4 C:\Users\elias\AppData\Local\Temp\ccaGmCem.ltrans4.ltrans.o
                0x00006548                __init_array_end = .
                0x00006548                . = ALIGN (0x4)
 *(.fini)
 .fini          0x00006548        0x4 c:/program files (x86)/cypress/psoc creator/4.4/psoc creator/import/gnu/arm/5.4.1/bin/../lib/gcc/arm-none-eabi/5.4.1/armv7-m/crti.o
                0x00006548                _fini
 .fini          0x0000654c        0x8 c:/program files (x86)/cypress/psoc creator/4.4/psoc creator/import/gnu/arm/5.4.1/bin/../lib/gcc/arm-none-eabi/5.4.1/armv7-m/crtn.o
                0x00006554                . = ALIGN (0x4)
                0x00006554                __fini_array_start = .
 *(.fini_array)
 .fini_array    0x00006554        0x4 c:/program files (x86)/cypress/psoc creator/4.4/psoc creator/import/gnu/arm/5.4.1/bin/../lib/gcc/arm-none-eabi/5.4.1/armv7-m/crtbegin.o
 *(SORT(.fini_array.*))
                0x00006558                __fini_array_end = .
                0x00006558                . = ALIGN (0x4)
 *crtbegin.o(.ctors)
 *(EXCLUDE_FILE(*crtend.o) .ctors)
 *(SORT(.ctors.*))
 *crtend.o(.ctors)
                0x00006558                . = ALIGN (0x4)
 *crtbegin.o(.dtors)
 *(EXCLUDE_FILE(*crtend.o) .dtors)
 *(SORT(.dtors.*))
 *crtend.o(.dtors)
                0x00006558                . = ALIGN (0x4)
                0x00006558                __cy_regions = .
                0x00006558        0x4 LONG 0x6568 __cy_region_init_ram
                0x0000655c        0x4 LONG 0x1fff80c0 __cy_region_start_data
                0x00006560        0x4 LONG 0x78 __cy_region_init_size_ram
                0x00006564        0x4 LONG 0xb850 __cy_region_zero_size_ram
                0x00006568                __cy_regions_end = .
                0x00006568                . = ALIGN (0x8)
                0x00006568                _etext = .

.cy_checksum_exclude
                0x00006568        0x0
 *(.cy_checksum_exclude)

.ramvectors     0x1fff8000       0xc0
                0x1fff8000                __cy_region_start_ram = .
 *(.ramvectors)
 .ramvectors    0x1fff8000       0xc0 C:\Users\elias\AppData\Local\Temp\ccaGmCem.ltrans4.ltrans.o
                0x1fff8000                CyRamVectors

.noinit
 *(.noinit)

.data           0x1fff80c0       0x78 load address 0x00006568
                0x1fff80c0                __cy_region_start_data = .
 *(.jcr)
 .jcr           0x1fff80c0        0x0 c:/program files (x86)/cypress/psoc creator/4.4/psoc creator/import/gnu/arm/5.4.1/bin/../lib/gcc/arm-none-eabi/5.4.1/armv7-m/crtbegin.o
 .jcr           0x1fff80c0        0x4 c:/program files (x86)/cypress/psoc creator/4.4/psoc creator/import/gnu/arm/5.4.1/bin/../lib/gcc/arm-none-eabi/5.4.1/armv7-m/crtend.o
 *(.got.plt)
 *(.got)
 *(.shdata)
 *(.data .data.* .gnu.linkonce.d.*)
 .data          0x1fff80c4        0x5 C:\Users\elias\AppData\Local\Temp\ccaGmCem.ltrans1.ltrans.o
                0x1fff80c4                g_pga_code.lto_priv.99
                0x1fff80c5                g_psoc_hw_pga_code.lto_priv.92
 .data          0x1fff80c9        0x3 C:\Users\elias\AppData\Local\Temp\ccaGmCem.ltrans3.ltrans.o
                0x1fff80c9                ADC_Config
                0x1fff80ca                CyDmaTdCurrentNumber.lto_priv.66
                0x1fff80cb                CyDmaTdFreeIndex.lto_priv.65
 .data          0x1fff80cc        0x1 C:\Users\elias\AppData\Local\Temp\ccaGmCem.ltrans4.ltrans.o
                0x1fff80cc                g_amux_active_channel.lto_priv.68
 *fill*         0x1fff80cd        0x3 
 .data.impure_data
                0x1fff80d0       0x60 c:/program files (x86)/cypress/psoc creator/4.4/psoc creator/import/gnu/arm/5.4.1/bin/../lib/gcc/arm-none-eabi/5.4.1/../../../../arm-none-eabi/lib/armv7-m\libg_nano.a(lib_a-impure.o)
 .data._impure_ptr
                0x1fff8130        0x4 c:/program files (x86)/cypress/psoc creator/4.4/psoc creator/import/gnu/arm/5.4.1/bin/../lib/gcc/arm-none-eabi/5.4.1/../../../../arm-none-eabi/lib/armv7-m\libg_nano.a(lib_a-impure.o)
                0x1fff8130                _impure_ptr
                0x1fff8138                . = ALIGN (0x8)
 *fill*         0x1fff8134        0x4 
 *(.ram)
                0x1fff8138                _edata = .

.igot.plt       0x1fff8138        0x0 load address 0x000065e0
 .igot.plt      0x1fff8138        0x0 c:/program files (x86)/cypress/psoc creator/4.4/psoc creator/import/gnu/arm/5.4.1/bin/../lib/gcc/arm-none-eabi/5.4.1/armv7-m/crtbegin.o

.bss            0x1fff8138     0xb850 load address 0x000065e0
                0x1fff8138                PROVIDE (__bss_start__, .)
 *(.shbss)
 *(.bss .bss.* .gnu.linkonce.b.*)
 .bss           0x1fff8138       0x1c c:/program files (x86)/cypress/psoc creator/4.4/psoc creator/import/gnu/arm/5.4.1/bin/../lib/gcc/arm-none-eabi/5.4.1/armv7-m/crtbegin.o
 .bss           0x1fff8154       0x14 C:\Users\elias\AppData\Local\Temp\ccaGmCem.ltrans0.ltrans.o
                0x1fff8154                g_rx_watch_ticks.lto_priv.114
                0x1fff8158                g_n_batches.lto_priv.112
                0x1fff815a                g_batch_fill.lto_priv.108
                0x1fff815c                g_batch_ready.lto_priv.109
                0x1fff8160                g_dbg_cnt.lto_priv.113
                0x1fff8164                g_debug_psoc.lto_priv.111
                0x1fff8166                g_fir_discard.lto_priv.110
 .bss           0x1fff8168       0x31 C:\Users\elias\AppData\Local\Temp\ccaGmCem.ltrans1.ltrans.o
                0x1fff8168                UART_initVar
                0x1fff8170                g_psoc_cal_result_count
                0x1fff8174                g_dma_raw_buf.lto_priv.119
                0x1fff8178                g_dma_filt_buf.lto_priv.115
                0x1fff817b                Timer_initVar
                0x1fff817c                g_timer_ticks.lto_priv.89
                0x1fff8180                g_esp_connected.lto_priv.97
                0x1fff8181                g_state.lto_priv.84
                0x1fff8182                g_batches_sent.lto_priv.86
                0x1fff8184                g_batches_captured.lto_priv.85
                0x1fff8190                g_comm_countdown.lto_priv.87
                0x1fff8198                g_pgavdac_code.lto_priv.100
 *fill*         0x1fff8199        0x3 
 .bss           0x1fff819c     0xb412 C:\Users\elias\AppData\Local\Temp\ccaGmCem.ltrans2.ltrans.o
                0x1fff819c                g_psoc_adc_isr_filtered_ready.lto_priv.118
                0x1fff81a0                g_psoc_adc_isr_filtered_counts.lto_priv.117
                0x1fff81a4                g_stream_mode.lto_priv.102
                0x1fff81a5                g_cal_ack_pending.lto_priv.104
                0x1fff81a6                g_capture_done.lto_priv.101
                0x1fff81a8                g_seq.lto_priv.105
                0x1fff81ac                g_capture_raw.lto_priv.116
                0x200035ac                watchdog_rx.lto_priv.96
                0x200035ad                rx_state.lto_priv.95
 *fill*         0x200035ae        0x2 
 .bss           0x200035b0       0xc4 C:\Users\elias\AppData\Local\Temp\ccaGmCem.ltrans3.ltrans.o
                0x200035b0                UART_txBufferRead
                0x200035b1                UART_txBufferWrite
                0x200035b4                UART_txBuffer
                0x20003634                UART_errorStatus
                0x20003635                UART_rxBufferWrite
                0x20003638                UART_rxBuffer
                0x20003658                UART_rxBufferLoopDetect
                0x2000365a                UART_rxBufferRead
                0x2000365b                SpcLockState
                0x2000365c                spcWaitPipeBypass.lto_priv.103
                0x20003664                ADC_convDone
                0x2000366c                ADC_stopConversion
 .bss           0x20003674      0x1f3 C:\Users\elias\AppData\Local\Temp\ccaGmCem.ltrans4.ltrans.o
                0x20003674                g_cal_async.lto_priv.88
                0x2000380c                g_cal_pi.lto_priv.91
                0x2000382c                g_psoc_cal_results
                0x2000385c                g_cal_diag_hook.lto_priv.78
                0x20003860                AMux_ADC__armsEnabled.lto_priv.70
                0x20003864                AMux_ADC__refCnt.lto_priv.74
                0x20003866                g_amux_cap_connected.lto_priv.69
 *fill*         0x20003867        0x1 
 .bss           0x20003868      0x11c C:\Users\elias\AppData\Local\Temp\ccaGmCem.ltrans5.ltrans.o
 *(COMMON)
                0x20003988                . = ALIGN (0x8)
 *fill*         0x20003984        0x4 
 *(.ram.b)
                0x20003988                _end = .
                0x20003988                __end = .
                0x20003988                PROVIDE (end, .)
                0x20003988                PROVIDE (__bss_end__, .)
                0x00006568                __cy_region_init_ram = LOADADDR (.data)
                0x00000078                __cy_region_init_size_ram = (_edata - ADDR (.data))
                0x0000b850                __cy_region_zero_size_ram = (_end - _edata)

.heap           0x20003988       0x80 load address 0x000065e0
                0x20003988                . = _end
                0x20003a08                . = (. + 0x80)
 *fill*         0x20003988       0x80 
                0x20003a08                __cy_heap_limit = .

.stack          0x20007800      0x800
                0x20007800                __cy_stack_limit = .
                0x20008000                . = (. + 0x800)
 *fill*         0x20007800      0x800 
                0x00000001                ASSERT ((__cy_stack_limit >= __cy_heap_limit), region RAM overflowed with stack)
                0x00000000                cy_checksum_exclude_size = (CY_APPL_LOADABLE == 0x1)?SIZEOF (.cy_checksum_exclude):0x0
                0x00000001                ASSERT ((cy_checksum_exclude_size <= CY_CHECKSUM_EXCLUDE_SIZE), CY_BOOT: Section .cy_checksum_exclude size exceedes specified limit.)

.cyloadermeta
 *(.cyloadermeta)

.cyloadablemeta
 *(.cyloadablemeta)

.cyconfigecc    0x80000000      0x964
 *(.cyconfigecc)
 .cyconfigecc   0x80000000      0x964 C:\Users\elias\AppData\Local\Temp\ccaGmCem.ltrans5.ltrans.o
                0x80000000                cy_meta_configecc

.cycustnvl      0x90000000        0x4
 *(.cycustnvl)
 .cycustnvl     0x90000000        0x4 C:\Users\elias\AppData\Local\Temp\ccaGmCem.ltrans5.ltrans.o
                0x90000000                cy_meta_custnvl

.cywolatch      0x90100000        0x4
 *(.cywolatch)
 .cywolatch     0x90100000        0x4 C:\Users\elias\AppData\Local\Temp\ccaGmCem.ltrans5.ltrans.o
                0x90100000                cy_meta_wonvl

.cyeeprom       0x90200000        0x0
 *(.cyeeprom)
                0x00000001                ASSERT ((. <= ((0x90200000 + ee_offset) + ee_size)), .cyeeprom data will not fit in EEPROM)

.cyflashprotect
                0x90400000      0x100
 *(.cyflashprotect)
 .cyflashprotect
                0x90400000      0x100 C:\Users\elias\AppData\Local\Temp\ccaGmCem.ltrans5.ltrans.o
                0x90400000                cy_meta_flashprotect

.cymeta         0x90500000        0xc
 *(.cymeta)
 .cymeta        0x90500000        0xc C:\Users\elias\AppData\Local\Temp\ccaGmCem.ltrans5.ltrans.o
                0x90500000                cy_metadata

.rel.dyn        0x000065e0        0x0 load address 0x9050000c
 .rel.iplt      0x000065e0        0x0 c:/program files (x86)/cypress/psoc creator/4.4/psoc creator/import/gnu/arm/5.4.1/bin/../lib/gcc/arm-none-eabi/5.4.1/armv7-m/crtbegin.o

.stab
 *(.stab)

.stabstr
 *(.stabstr)

.debug
 *(.debug)

.line
 *(.line)

.debug_srcinfo
 *(.debug_srcinfo)

.debug_sfnames
 *(.debug_sfnames)

.debug_aranges  0x00000000      0x1c8
 *(.debug_aranges)
 .debug_aranges
                0x00000000       0x20 C:\Users\elias\AppData\Local\Temp\ccaGmCem.ltrans0.ltrans.o
 .debug_aranges
                0x00000020       0x20 C:\Users\elias\AppData\Local\Temp\ccaGmCem.ltrans1.ltrans.o
 .debug_aranges
                0x00000040       0x20 C:\Users\elias\AppData\Local\Temp\ccaGmCem.ltrans2.ltrans.o
 .debug_aranges
                0x00000060       0x88 C:\Users\elias\AppData\Local\Temp\ccaGmCem.ltrans3.ltrans.o
 .debug_aranges
                0x000000e8       0x48 C:\Users\elias\AppData\Local\Temp\ccaGmCem.ltrans4.ltrans.o
 .debug_aranges
                0x00000130       0x48 C:\Users\elias\AppData\Local\Temp\ccaGmCem.ltrans5.ltrans.o
 .debug_aranges
                0x00000178       0x30 C:\Users\elias\AppData\Local\Temp\ccaGmCem.ltrans6.ltrans.o
 .debug_aranges
                0x000001a8       0x20 .\CortexM3\ARM_GCC_541\Debug\AcondicionamientoAnalogico.a(CyBootAsmGnu.o)

.debug_pubnames
 *(.debug_pubnames)

.debug_info     0x00000000     0xac21
 *(.debug_info .gnu.linkonce.wi.*)
 .debug_info    0x00000000     0x2e64 C:\Users\elias\AppData\Local\Temp\ccaGmCem.ltrans0.ltrans.o
 .debug_info    0x00002e64     0x2d10 C:\Users\elias\AppData\Local\Temp\ccaGmCem.ltrans1.ltrans.o
 .debug_info    0x00005b74     0x1b19 C:\Users\elias\AppData\Local\Temp\ccaGmCem.ltrans2.ltrans.o
 .debug_info    0x0000768d     0x1132 C:\Users\elias\AppData\Local\Temp\ccaGmCem.ltrans3.ltrans.o
 .debug_info    0x000087bf     0x1499 C:\Users\elias\AppData\Local\Temp\ccaGmCem.ltrans4.ltrans.o
 .debug_info    0x00009c58      0xc94 C:\Users\elias\AppData\Local\Temp\ccaGmCem.ltrans5.ltrans.o
 .debug_info    0x0000a8ec      0x2ad C:\Users\elias\AppData\Local\Temp\ccaGmCem.ltrans6.ltrans.o
 .debug_info    0x0000ab99       0x88 .\CortexM3\ARM_GCC_541\Debug\AcondicionamientoAnalogico.a(CyBootAsmGnu.o)

.debug_abbrev   0x00000000     0x1a04
 *(.debug_abbrev)
 .debug_abbrev  0x00000000      0x41e C:\Users\elias\AppData\Local\Temp\ccaGmCem.ltrans0.ltrans.o
 .debug_abbrev  0x0000041e      0x43c C:\Users\elias\AppData\Local\Temp\ccaGmCem.ltrans1.ltrans.o
 .debug_abbrev  0x0000085a      0x3ff C:\Users\elias\AppData\Local\Temp\ccaGmCem.ltrans2.ltrans.o
 .debug_abbrev  0x00000c59      0x412 C:\Users\elias\AppData\Local\Temp\ccaGmCem.ltrans3.ltrans.o
 .debug_abbrev  0x0000106b      0x4b5 C:\Users\elias\AppData\Local\Temp\ccaGmCem.ltrans4.ltrans.o
 .debug_abbrev  0x00001520      0x383 C:\Users\elias\AppData\Local\Temp\ccaGmCem.ltrans5.ltrans.o
 .debug_abbrev  0x000018a3      0x14d C:\Users\elias\AppData\Local\Temp\ccaGmCem.ltrans6.ltrans.o
 .debug_abbrev  0x000019f0       0x14 .\CortexM3\ARM_GCC_541\Debug\AcondicionamientoAnalogico.a(CyBootAsmGnu.o)

.debug_line     0x00000000     0x34ec
 *(.debug_line)
 .debug_line    0x00000000      0xea9 C:\Users\elias\AppData\Local\Temp\ccaGmCem.ltrans0.ltrans.o
 .debug_line    0x00000ea9      0xcc3 C:\Users\elias\AppData\Local\Temp\ccaGmCem.ltrans1.ltrans.o
 .debug_line    0x00001b6c      0x741 C:\Users\elias\AppData\Local\Temp\ccaGmCem.ltrans2.ltrans.o
 .debug_line    0x000022ad      0x69e C:\Users\elias\AppData\Local\Temp\ccaGmCem.ltrans3.ltrans.o
 .debug_line    0x0000294b      0x52a C:\Users\elias\AppData\Local\Temp\ccaGmCem.ltrans4.ltrans.o
 .debug_line    0x00002e75      0x4c8 C:\Users\elias\AppData\Local\Temp\ccaGmCem.ltrans5.ltrans.o
 .debug_line    0x0000333d      0x149 C:\Users\elias\AppData\Local\Temp\ccaGmCem.ltrans6.ltrans.o
 .debug_line    0x00003486       0x66 .\CortexM3\ARM_GCC_541\Debug\AcondicionamientoAnalogico.a(CyBootAsmGnu.o)

.debug_frame    0x00000000      0x5e4
 *(.debug_frame)
 .debug_frame   0x00000000       0x40 C:\Users\elias\AppData\Local\Temp\ccaGmCem.ltrans0.ltrans.o
 .debug_frame   0x00000040       0x2c C:\Users\elias\AppData\Local\Temp\ccaGmCem.ltrans1.ltrans.o
 .debug_frame   0x0000006c       0x64 C:\Users\elias\AppData\Local\Temp\ccaGmCem.ltrans2.ltrans.o
 .debug_frame   0x000000d0      0x1b0 C:\Users\elias\AppData\Local\Temp\ccaGmCem.ltrans3.ltrans.o
 .debug_frame   0x00000280       0xb4 C:\Users\elias\AppData\Local\Temp\ccaGmCem.ltrans4.ltrans.o
 .debug_frame   0x00000334       0xec C:\Users\elias\AppData\Local\Temp\ccaGmCem.ltrans5.ltrans.o
 .debug_frame   0x00000420       0x6c C:\Users\elias\AppData\Local\Temp\ccaGmCem.ltrans6.ltrans.o
 .debug_frame   0x0000048c       0x20 c:/program files (x86)/cypress/psoc creator/4.4/psoc creator/import/gnu/arm/5.4.1/bin/../lib/gcc/arm-none-eabi/5.4.1/../../../../arm-none-eabi/lib/armv7-m\libg_nano.a(lib_a-errno.o)
 .debug_frame   0x000004ac       0x28 c:/program files (x86)/cypress/psoc creator/4.4/psoc creator/import/gnu/arm/5.4.1/bin/../lib/gcc/arm-none-eabi/5.4.1/../../../../arm-none-eabi/lib/armv7-m\libg_nano.a(lib_a-exit.o)
 .debug_frame   0x000004d4       0x2c c:/program files (x86)/cypress/psoc creator/4.4/psoc creator/import/gnu/arm/5.4.1/bin/../lib/gcc/arm-none-eabi/5.4.1/../../../../arm-none-eabi/lib/armv7-m\libg_nano.a(lib_a-init.o)
 .debug_frame   0x00000500       0x20 c:/program files (x86)/cypress/psoc creator/4.4/psoc creator/import/gnu/arm/5.4.1/bin/../lib/gcc/arm-none-eabi/5.4.1/../../../../arm-none-eabi/lib/armv7-m\libg_nano.a(lib_a-memset.o)
 .debug_frame   0x00000520       0x20 c:/program files (x86)/cypress/psoc creator/4.4/psoc creator/import/gnu/arm/5.4.1/bin/../lib/gcc/arm-none-eabi/5.4.1/../../../../arm-none-eabi/lib/armv7-m\libnosys.a(_exit.o)
 .debug_frame   0x00000540       0x44 c:/program files (x86)/cypress/psoc creator/4.4/psoc creator/import/gnu/arm/5.4.1/bin/../lib/gcc/arm-none-eabi/5.4.1/armv7-m\libgcc.a(_aeabi_ldivmod.o)
 .debug_frame   0x00000584       0x38 c:/program files (x86)/cypress/psoc creator/4.4/psoc creator/import/gnu/arm/5.4.1/bin/../lib/gcc/arm-none-eabi/5.4.1/armv7-m\libgcc.a(_udivmoddi4.o)
 .debug_frame   0x000005bc       0x28 c:/program files (x86)/cypress/psoc creator/4.4/psoc creator/import/gnu/arm/5.4.1/bin/../lib/gcc/arm-none-eabi/5.4.1/../../../../arm-none-eabi/lib/armv7-m\libg_nano.a(lib_a-memcpy-stub.o)

.debug_str      0x00000000     0x2fe8
 *(.debug_str)
 .debug_str     0x00000000      0xc93 C:\Users\elias\AppData\Local\Temp\ccaGmCem.ltrans0.ltrans.o
                                0xd70 (size before relaxing)
 .debug_str     0x00000c93      0xbec C:\Users\elias\AppData\Local\Temp\ccaGmCem.ltrans1.ltrans.o
                               0x147f (size before relaxing)
 .debug_str     0x0000187f      0x5cd C:\Users\elias\AppData\Local\Temp\ccaGmCem.ltrans2.ltrans.o
                                0xd25 (size before relaxing)
 .debug_str     0x00001e4c      0x5b2 C:\Users\elias\AppData\Local\Temp\ccaGmCem.ltrans3.ltrans.o
                                0x90a (size before relaxing)
 .debug_str     0x000023fe      0x922 C:\Users\elias\AppData\Local\Temp\ccaGmCem.ltrans4.ltrans.o
                                0xdad (size before relaxing)
 .debug_str     0x00002d20      0x240 C:\Users\elias\AppData\Local\Temp\ccaGmCem.ltrans5.ltrans.o
                                0x760 (size before relaxing)
 .debug_str     0x00002f60       0x88 C:\Users\elias\AppData\Local\Temp\ccaGmCem.ltrans6.ltrans.o
                                0x2a0 (size before relaxing)

.debug_loc      0x00000000     0x6256
 *(.debug_loc)
 .debug_loc     0x00000000     0x20b6 C:\Users\elias\AppData\Local\Temp\ccaGmCem.ltrans0.ltrans.o
 .debug_loc     0x000020b6     0x1302 C:\Users\elias\AppData\Local\Temp\ccaGmCem.ltrans1.ltrans.o
 .debug_loc     0x000033b8     0x14c4 C:\Users\elias\AppData\Local\Temp\ccaGmCem.ltrans2.ltrans.o
 .debug_loc     0x0000487c      0x9fe C:\Users\elias\AppData\Local\Temp\ccaGmCem.ltrans3.ltrans.o
 .debug_loc     0x0000527a      0xa95 C:\Users\elias\AppData\Local\Temp\ccaGmCem.ltrans4.ltrans.o
 .debug_loc     0x00005d0f      0x3b7 C:\Users\elias\AppData\Local\Temp\ccaGmCem.ltrans5.ltrans.o
 .debug_loc     0x000060c6      0x190 C:\Users\elias\AppData\Local\Temp\ccaGmCem.ltrans6.ltrans.o

.debug_macinfo
 *(.debug_macinfo)

.debug_ranges   0x00000000     0x3aa0
 *(.debug_ranges)
 .debug_ranges  0x00000000     0x12b0 C:\Users\elias\AppData\Local\Temp\ccaGmCem.ltrans0.ltrans.o
 .debug_ranges  0x000012b0      0xe68 C:\Users\elias\AppData\Local\Temp\ccaGmCem.ltrans1.ltrans.o
 .debug_ranges  0x00002118      0xb60 C:\Users\elias\AppData\Local\Temp\ccaGmCem.ltrans2.ltrans.o
 .debug_ranges  0x00002c78      0x378 C:\Users\elias\AppData\Local\Temp\ccaGmCem.ltrans3.ltrans.o
 .debug_ranges  0x00002ff0      0x4f8 C:\Users\elias\AppData\Local\Temp\ccaGmCem.ltrans4.ltrans.o
 .debug_ranges  0x000034e8      0x568 C:\Users\elias\AppData\Local\Temp\ccaGmCem.ltrans5.ltrans.o
 .debug_ranges  0x00003a50       0x50 C:\Users\elias\AppData\Local\Temp\ccaGmCem.ltrans6.ltrans.o

.comment        0x00000000       0x6e
 .comment       0x00000000       0x6e C:\Users\elias\AppData\Local\Temp\ccaGmCem.ltrans0.ltrans.o
                                 0x6f (size before relaxing)
 .comment       0x0000006e       0x6f C:\Users\elias\AppData\Local\Temp\ccaGmCem.ltrans1.ltrans.o
 .comment       0x0000006e       0x6f C:\Users\elias\AppData\Local\Temp\ccaGmCem.ltrans2.ltrans.o
 .comment       0x0000006e       0x6f C:\Users\elias\AppData\Local\Temp\ccaGmCem.ltrans3.ltrans.o
 .comment       0x0000006e       0x6f C:\Users\elias\AppData\Local\Temp\ccaGmCem.ltrans4.ltrans.o
 .comment       0x0000006e       0x6f C:\Users\elias\AppData\Local\Temp\ccaGmCem.ltrans5.ltrans.o
 .comment       0x0000006e       0x6f C:\Users\elias\AppData\Local\Temp\ccaGmCem.ltrans6.ltrans.o

.debug_weaknames
 *(.debug_weaknames)

.debug_funcnames
 *(.debug_funcnames)

.debug_typenames
 *(.debug_typenames)

.debug_varnames
 *(.debug_varnames)

.note.gnu.arm.ident
 *(.note.gnu.arm.ident)

.ARM.attributes
                0x00000000       0x29
 *(.ARM.attributes)
 .ARM.attributes
                0x00000000       0x1d c:/program files (x86)/cypress/psoc creator/4.4/psoc creator/import/gnu/arm/5.4.1/bin/../lib/gcc/arm-none-eabi/5.4.1/armv7-m/crti.o
 .ARM.attributes
                0x0000001d       0x2d c:/program files (x86)/cypress/psoc creator/4.4/psoc creator/import/gnu/arm/5.4.1/bin/../lib/gcc/arm-none-eabi/5.4.1/armv7-m/crtbegin.o
 .ARM.attributes
                0x0000004a       0x1b c:/program files (x86)/cypress/psoc creator/4.4/psoc creator/import/gnu/arm/5.4.1/bin/../lib/gcc/arm-none-eabi/5.4.1/../../../../arm-none-eabi/lib/armv7-m/crt0.o
 .ARM.attributes
                0x00000065       0x31 C:\Users\elias\AppData\Local\Temp\ccaGmCem.ltrans0.ltrans.o
 .ARM.attributes
                0x00000096       0x31 C:\Users\elias\AppData\Local\Temp\ccaGmCem.ltrans1.ltrans.o
 .ARM.attributes
                0x000000c7       0x31 C:\Users\elias\AppData\Local\Temp\ccaGmCem.ltrans2.ltrans.o
 .ARM.attributes
                0x000000f8       0x31 C:\Users\elias\AppData\Local\Temp\ccaGmCem.ltrans3.ltrans.o
 .ARM.attributes
                0x00000129       0x31 C:\Users\elias\AppData\Local\Temp\ccaGmCem.ltrans4.ltrans.o
 .ARM.attributes
                0x0000015a       0x31 C:\Users\elias\AppData\Local\Temp\ccaGmCem.ltrans5.ltrans.o
 .ARM.attributes
                0x0000018b       0x31 C:\Users\elias\AppData\Local\Temp\ccaGmCem.ltrans6.ltrans.o
 .ARM.attributes
                0x000001bc       0x21 .\CortexM3\ARM_GCC_541\Debug\AcondicionamientoAnalogico.a(CyBootAsmGnu.o)
 .ARM.attributes
                0x000001dd       0x2d c:/program files (x86)/cypress/psoc creator/4.4/psoc creator/import/gnu/arm/5.4.1/bin/../lib/gcc/arm-none-eabi/5.4.1/../../../../arm-none-eabi/lib/armv7-m\libg_nano.a(lib_a-errno.o)
 .ARM.attributes
                0x0000020a       0x2d c:/program files (x86)/cypress/psoc creator/4.4/psoc creator/import/gnu/arm/5.4.1/bin/../lib/gcc/arm-none-eabi/5.4.1/../../../../arm-none-eabi/lib/armv7-m\libg_nano.a(lib_a-exit.o)
 .ARM.attributes
                0x00000237       0x2d c:/program files (x86)/cypress/psoc creator/4.4/psoc creator/import/gnu/arm/5.4.1/bin/../lib/gcc/arm-none-eabi/5.4.1/../../../../arm-none-eabi/lib/armv7-m\libg_nano.a(lib_a-impure.o)
 .ARM.attributes
                0x00000264       0x2d c:/program files (x86)/cypress/psoc creator/4.4/psoc creator/import/gnu/arm/5.4.1/bin/../lib/gcc/arm-none-eabi/5.4.1/../../../../arm-none-eabi/lib/armv7-m\libg_nano.a(lib_a-init.o)
 .ARM.attributes
                0x00000291       0x2d c:/program files (x86)/cypress/psoc creator/4.4/psoc creator/import/gnu/arm/5.4.1/bin/../lib/gcc/arm-none-eabi/5.4.1/../../../../arm-none-eabi/lib/armv7-m\libg_nano.a(lib_a-memset.o)
 .ARM.attributes
                0x000002be       0x2d c:/program files (x86)/cypress/psoc creator/4.4/psoc creator/import/gnu/arm/5.4.1/bin/../lib/gcc/arm-none-eabi/5.4.1/armv7-m/crtend.o
 .ARM.attributes
                0x000002eb       0x1d c:/program files (x86)/cypress/psoc creator/4.4/psoc creator/import/gnu/arm/5.4.1/bin/../lib/gcc/arm-none-eabi/5.4.1/armv7-m/crtn.o
 .ARM.attributes
                0x00000308       0x2d c:/program files (x86)/cypress/psoc creator/4.4/psoc creator/import/gnu/arm/5.4.1/bin/../lib/gcc/arm-none-eabi/5.4.1/../../../../arm-none-eabi/lib/armv7-m\libnosys.a(_exit.o)
 .ARM.attributes
                0x00000335       0x1d c:/program files (x86)/cypress/psoc creator/4.4/psoc creator/import/gnu/arm/5.4.1/bin/../lib/gcc/arm-none-eabi/5.4.1/armv7-m\libgcc.a(_aeabi_ldivmod.o)
 .ARM.attributes
                0x00000352       0x2d c:/program files (x86)/cypress/psoc creator/4.4/psoc creator/import/gnu/arm/5.4.1/bin/../lib/gcc/arm-none-eabi/5.4.1/armv7-m\libgcc.a(_udivmoddi4.o)
 .ARM.attributes
                0x0000037f       0x1d c:/program files (x86)/cypress/psoc creator/4.4/psoc creator/import/gnu/arm/5.4.1/bin/../lib/gcc/arm-none-eabi/5.4.1/armv7-m\libgcc.a(_dvmd_tls.o)
 .ARM.attributes
                0x0000039c       0x2d c:/program files (x86)/cypress/psoc creator/4.4/psoc creator/import/gnu/arm/5.4.1/bin/../lib/gcc/arm-none-eabi/5.4.1/../../../../arm-none-eabi/lib/armv7-m\libg_nano.a(lib_a-memcpy-stub.o)

/DISCARD/
 *(.note.GNU-stack)
OUTPUT(C:\Github\Tesis\src\psoc\AcondicionamientoAnalogico.cydsn\CortexM3\ARM_GCC_541\Debug\AcondicionamientoAnalogico.elf elf32-littlearm)
