Archive member included to satisfy reference by file (symbol)

.\CortexM3\ARM_GCC_541\Debug\AcondicionamientoAnalogico.a(Filter.o)
                              .\CortexM3\ARM_GCC_541\Debug\main.o (symbol from plugin) (Filter_Start)
.\CortexM3\ARM_GCC_541\Debug\AcondicionamientoAnalogico.a(Filter_PVT.o)
                              Filter.o (symbol from plugin) (Filter_SetInterruptMode)
.\CortexM3\ARM_GCC_541\Debug\AcondicionamientoAnalogico.a(Filter_RAM_Data.o)
                              Filter.o (symbol from plugin) (Filter_cfsm)
.\CortexM3\ARM_GCC_541\Debug\AcondicionamientoAnalogico.a(CyDmac.o)
                              .\CortexM3\ARM_GCC_541\Debug\Cm3Start.o (symbol from plugin) (CyDmacConfigure)
.\CortexM3\ARM_GCC_541\Debug\AcondicionamientoAnalogico.a(CyLib.o)
                              .\CortexM3\ARM_GCC_541\Debug\Cm3Start.o (symbol from plugin) (CyHalt)
.\CortexM3\ARM_GCC_541\Debug\AcondicionamientoAnalogico.a(cyPm.o)
                              CyLib.o (symbol from plugin) (CyPmReadStatus)
.\CortexM3\ARM_GCC_541\Debug\AcondicionamientoAnalogico.a(DMA_DelSig_Filter_dma.o)
                              .\CortexM3\ARM_GCC_541\Debug\main.o (symbol from plugin) (DMA_DelSig_Filter_DmaInitialize)
.\CortexM3\ARM_GCC_541\Debug\AcondicionamientoAnalogico.a(DMA_DelSig_RAM_dma.o)
                              .\CortexM3\ARM_GCC_541\Debug\main.o (symbol from plugin) (DMA_DelSig_RAM_DmaInitialize)
.\CortexM3\ARM_GCC_541\Debug\AcondicionamientoAnalogico.a(LED.o)
                              .\CortexM3\ARM_GCC_541\Debug\main.o (symbol from plugin) (LED_Write)
.\CortexM3\ARM_GCC_541\Debug\AcondicionamientoAnalogico.a(UART.o)
                              .\CortexM3\ARM_GCC_541\Debug\main.o (symbol from plugin) (UART_Start)
.\CortexM3\ARM_GCC_541\Debug\AcondicionamientoAnalogico.a(UART_INT.o)
                              UART.o (symbol from plugin) (UART_RXISR)
.\CortexM3\ARM_GCC_541\Debug\AcondicionamientoAnalogico.a(UART_IntClock.o)
                              UART.o (symbol from plugin) (UART_IntClock_Start)
.\CortexM3\ARM_GCC_541\Debug\AcondicionamientoAnalogico.a(OPAbp.o)
                              .\CortexM3\ARM_GCC_541\Debug\psoc_hw.o (symbol from plugin) (OPAbp_Start)
.\CortexM3\ARM_GCC_541\Debug\AcondicionamientoAnalogico.a(OPAlp.o)
                              .\CortexM3\ARM_GCC_541\Debug\psoc_hw.o (symbol from plugin) (OPAlp_Start)
.\CortexM3\ARM_GCC_541\Debug\AcondicionamientoAnalogico.a(OPAadder.o)
                              .\CortexM3\ARM_GCC_541\Debug\psoc_hw.o (symbol from plugin) (OPAadder_Start)
.\CortexM3\ARM_GCC_541\Debug\AcondicionamientoAnalogico.a(ADC.o)
                              .\CortexM3\ARM_GCC_541\Debug\calibration.o (symbol from plugin) (ADC_Start)
.\CortexM3\ARM_GCC_541\Debug\AcondicionamientoAnalogico.a(ADC_INT.o)
                              ADC.o (symbol from plugin) (ADC_ISR1)
.\CortexM3\ARM_GCC_541\Debug\AcondicionamientoAnalogico.a(PGAgain.o)
                              .\CortexM3\ARM_GCC_541\Debug\psoc_hw.o (symbol from plugin) (PGAgain_Start)
.\CortexM3\ARM_GCC_541\Debug\AcondicionamientoAnalogico.a(PGAn.o)
                              .\CortexM3\ARM_GCC_541\Debug\psoc_hw.o (symbol from plugin) (PGAn_Start)
.\CortexM3\ARM_GCC_541\Debug\AcondicionamientoAnalogico.a(PGAp.o)
                              .\CortexM3\ARM_GCC_541\Debug\psoc_hw.o (symbol from plugin) (PGAp_Start)
.\CortexM3\ARM_GCC_541\Debug\AcondicionamientoAnalogico.a(ADC_Ext_CP_Clk.o)
                              ADC.o (symbol from plugin) (ADC_Ext_CP_Clk_SetDividerRegister)
.\CortexM3\ARM_GCC_541\Debug\AcondicionamientoAnalogico.a(ADC_theACLK.o)
                              ADC.o (symbol from plugin) (ADC_theACLK_SetDividerRegister)
.\CortexM3\ARM_GCC_541\Debug\AcondicionamientoAnalogico.a(OPAref.o)
                              .\CortexM3\ARM_GCC_541\Debug\psoc_hw.o (symbol from plugin) (OPAref_Start)
.\CortexM3\ARM_GCC_541\Debug\AcondicionamientoAnalogico.a(LPF_1.o)
                              .\CortexM3\ARM_GCC_541\Debug\psoc_hw.o (symbol from plugin) (LPF_1_Start)
.\CortexM3\ARM_GCC_541\Debug\AcondicionamientoAnalogico.a(SYNC_IN.o)
                              .\CortexM3\ARM_GCC_541\Debug\main.o (symbol from plugin) (SYNC_IN_Read)
.\CortexM3\ARM_GCC_541\Debug\AcondicionamientoAnalogico.a(VDAC_ref_LP.o)
                              .\CortexM3\ARM_GCC_541\Debug\calibration.o (symbol from plugin) (VDAC_ref_LP_Start)
.\CortexM3\ARM_GCC_541\Debug\AcondicionamientoAnalogico.a(VDAC_ref_BP.o)
                              .\CortexM3\ARM_GCC_541\Debug\calibration.o (symbol from plugin) (VDAC_ref_BP_Start)
.\CortexM3\ARM_GCC_541\Debug\AcondicionamientoAnalogico.a(VDAC_ref_PGA.o)
                              .\CortexM3\ARM_GCC_541\Debug\calibration.o (symbol from plugin) (VDAC_ref_PGA_Start)
.\CortexM3\ARM_GCC_541\Debug\AcondicionamientoAnalogico.a(VDAC_Ref_Adder.o)
                              .\CortexM3\ARM_GCC_541\Debug\calibration.o (symbol from plugin) (VDAC_Ref_Adder_Start)
[...]
Memory Configuration

Name             Origin             Length             Attributes
rom              0x00000000         0x00040000         xr
ram              0x1fff8000         0x00010000         xrw
*default*        0x00000000         0xffffffff

Linker script and memory map

LOAD c:/program files (x86)/cypress/psoc creator/4.4/psoc creator/import/gnu/arm/5.4.1/bin/../lib/gcc/arm-none-eabi/5.4.1/armv7-m/crti.o
LOAD c:/program files (x86)/cypress/psoc creator/4.4/psoc creator/import/gnu/arm/5.4.1/bin/../lib/gcc/arm-none-eabi/5.4.1/armv7-m/crtbegin.o
LOAD c:/program files (x86)/cypress/psoc creator/4.4/psoc creator/import/gnu/arm/5.4.1/bin/../lib/gcc/arm-none-eabi/5.4.1/../../../../arm-none-eabi/lib/armv7-m/crt0.o
START GROUP
LOAD .\CortexM3\ARM_GCC_541\Debug\main.o
LOAD C:\Users\elias\AppData\Local\Temp\ccqj6Fiu.ltrans0.ltrans.o
LOAD C:\Users\elias\AppData\Local\Temp\ccqj6Fiu.ltrans1.ltrans.o
LOAD C:\Users\elias\AppData\Local\Temp\ccqj6Fiu.ltrans2.ltrans.o
LOAD C:\Users\elias\AppData\Local\Temp\ccqj6Fiu.ltrans3.ltrans.o
LOAD C:\Users\elias\AppData\Local\Temp\ccqj6Fiu.ltrans4.ltrans.o
LOAD C:\Users\elias\AppData\Local\Temp\ccqj6Fiu.ltrans5.ltrans.o
LOAD C:\Users\elias\AppData\Local\Temp\ccqj6Fiu.ltrans6.ltrans.o
LOAD C:\Users\elias\AppData\Local\Temp\ccqj6Fiu.ltrans7.ltrans.o
LOAD C:\Users\elias\AppData\Local\Temp\ccqj6Fiu.ltrans8.ltrans.o
LOAD C:\Users\elias\AppData\Local\Temp\ccqj6Fiu.ltrans9.ltrans.o
LOAD C:\Users\elias\AppData\Local\Temp\ccqj6Fiu.ltrans10.ltrans.o
LOAD C:\Users\elias\AppData\Local\Temp\ccqj6Fiu.ltrans11.ltrans.o
LOAD C:\Users\elias\AppData\Local\Temp\ccqj6Fiu.ltrans12.ltrans.o
LOAD C:\Users\elias\AppData\Local\Temp\ccqj6Fiu.ltrans13.ltrans.o
LOAD C:\Users\elias\AppData\Local\Temp\ccqj6Fiu.ltrans14.ltrans.o
LOAD .\CortexM3\ARM_GCC_541\Debug\calibration.o
LOAD .\CortexM3\ARM_GCC_541\Debug\psoc_adc.o
LOAD .\CortexM3\ARM_GCC_541\Debug\psoc_hw.o
LOAD .\CortexM3\ARM_GCC_541\Debug\ff.o
LOAD .\CortexM3\ARM_GCC_541\Debug\ffunicode.o
LOAD .\CortexM3\ARM_GCC_541\Debug\fatfs_diskio.o
LOAD .\CortexM3\ARM_GCC_541\Debug\crc.o
LOAD .\CortexM3\ARM_GCC_541\Debug\psoc_nv.o
LOAD .\CortexM3\ARM_GCC_541\Debug\filter_coeffs.o
LOAD .\CortexM3\ARM_GCC_541\Debug\FIR_adquisition.o
LOAD .\CortexM3\ARM_GCC_541\Debug\FIR_calibration.o
LOAD .\CortexM3\ARM_GCC_541\Debug\psoc_debug.o
LOAD .\CortexM3\ARM_GCC_541\Debug\cyfitter_cfg.o
LOAD .\CortexM3\ARM_GCC_541\Debug\cymetadata.o
LOAD .\CortexM3\ARM_GCC_541\Debug\Cm3Start.o
LOAD .\CortexM3\ARM_GCC_541\Debug\AcondicionamientoAnalogico.a
LOAD C:\Program Files (x86)\Cypress\PSoC Creator\4.4\PSoC Creator\psoc\content\cycomponentlibrary\CyComponentLibrary.cylib\CortexM3\ARM_GCC_541\Debug\CyComponentLibrary.a
END GROUP
START GROUP
LOAD c:/program files (x86)/cypress/psoc creator/4.4/psoc creator/import/gnu/arm/5.4.1/bin/../lib/gcc/arm-none-eabi/5.4.1/armv7-m\libgcc.a
LOAD c:/program files (x86)/cypress/psoc creator/4.4/psoc creator/import/gnu/arm/5.4.1/bin/../lib/gcc/arm-none-eabi/5.4.1/../../../../arm-none-eabi/lib/armv7-m\libg_nano.a
LOAD c:/program files (x86)/cypress/psoc creator/4.4/psoc creator/import/gnu/arm/5.4.1/bin/../lib/gcc/arm-none-eabi/5.4.1/../../../../arm-none-eabi/lib/armv7-m\libc_nano.a
END GROUP
START GROUP
LOAD c:/program files (x86)/cypress/psoc creator/4.4/psoc creator/import/gnu/arm/5.4.1/bin/../lib/gcc/arm-none-eabi/5.4.1/armv7-m\libgcc.a
LOAD c:/program files (x86)/cypress/psoc creator/4.4/psoc creator/import/gnu/arm/5.4.1/bin/../lib/gcc/arm-none-eabi/5.4.1/../../../../arm-none-eabi/lib/armv7-m\libc_nano.a
END GROUP
LOAD c:/program files (x86)/cypress/psoc creator/4.4/psoc creator/import/gnu/arm/5.4.1/bin/../lib/gcc/arm-none-eabi/5.4.1/armv7-m/crtend.o
LOAD c:/program files (x86)/cypress/psoc creator/4.4/psoc creator/import/gnu/arm/5.4.1/bin/../lib/gcc/arm-none-eabi/5.4.1/armv7-m/crtn.o
START GROUP
LOAD c:/program files (x86)/cypress/psoc creator/4.4/psoc creator/import/gnu/arm/5.4.1/bin/../lib/gcc/arm-none-eabi/5.4.1/armv7-m\libgcc.a
LOAD c:/program files (x86)/cypress/psoc creator/4.4/psoc creator/import/gnu/arm/5.4.1/bin/../lib/gcc/arm-none-eabi/5.4.1/../../../../arm-none-eabi/lib/armv7-m\libc.a
LOAD c:/program files (x86)/cypress/psoc creator/4.4/psoc creator/import/gnu/arm/5.4.1/bin/../lib/gcc/arm-none-eabi/5.4.1/../../../../arm-none-eabi/lib/armv7-m\libnosys.a
END GROUP
                0x00000000                CY_APPL_ORIGIN = 0x0
                0x00000100                CY_FLASH_ROW_SIZE = 0x100
                0x00000020                CY_ECC_ROW_SIZE = 0x20
                0x00000000                CY_EE_IN_BTLDR = 0x0
                0x00000000                CY_APPL_LOADABLE = 0x0
                0x00000800                CY_EE_SIZE = 0x800
                0x00000001                CY_APPL_NUM = 0x1
                0x00000001                CY_APPL_MAX = 0x1
                0x00000040                CY_METADATA_SIZE = 0x40
                0x00000000                CY_APPL_LOADABLE = 0x0
                0x00000000                CY_CHECKSUM_EXCLUDE_SIZE = ALIGN (0x0, CY_FLASH_ROW_SIZE)
                [!provide]                PROVIDE (__cy_heap_start, _end)
                0x00000001                PROVIDE (__cy_region_num, ((__cy_regions_end - __cy_regions) / 0x10))
                0x20008000                PROVIDE (__cy_stack, (ORIGIN (ram) + LENGTH (ram)))
                [!provide]                PROVIDE (__cy_heap_end, (__cy_stack - 0x800))

.cybootloader   0x00000000        0x0
 *(.cybootloader)
                0x00000000                appl1_start = CY_APPL_ORIGIN?CY_APPL_ORIGIN:ALIGN (CY_FLASH_ROW_SIZE)
                0x0001ff00                appl2_start = (appl1_start + ALIGN ((((LENGTH (rom) - appl1_start) - (0x2 * CY_FLASH_ROW_SIZE)) / 0x2), CY_FLASH_ROW_SIZE))
                0x00000000                appl_start = (CY_APPL_NUM == 0x1)?appl1_start:appl2_start
                0x00000000                ecc_offset = ((appl_start / CY_FLASH_ROW_SIZE) * CY_ECC_ROW_SIZE)
                0x00000000                ee_offset = (CY_APPL_LOADABLE && ! (CY_EE_IN_BTLDR))?((CY_EE_SIZE / CY_APPL_MAX) * (CY_APPL_NUM - 0x1)):0x0
                0x00000800                ee_size = (CY_APPL_LOADABLE && ! (CY_EE_IN_BTLDR))?(CY_EE_SIZE / CY_APPL_MAX):CY_EE_SIZE
                [!provide]                PROVIDE (CY_ECC_OFFSET, ecc_offset)

.text           0x00000000     0xda58
 CREATE_OBJECT_SYMBOLS
                0x00000000                PROVIDE (__cy_interrupt_vector, RomVectors)
 *(.romvectors)
 .romvectors    0x00000000       0x10 C:\Users\elias\AppData\Local\Temp\ccqj6Fiu.ltrans11.ltrans.o
                0x00000000                RomVectors
                0x00000001                ASSERT ((. != __cy_interrupt_vector), No interrupt vector)
                0x00000001                ASSERT (CY_APPL_ORIGIN?(SIZEOF (.cybootloader) <= CY_APPL_ORIGIN):0x1, Wrong image location)
                0x00000010                PROVIDE (__cy_reset, Reset)
 *(.text.Reset)
 .text.Reset    0x00000010       0x64 C:\Users\elias\AppData\Local\Temp\ccqj6Fiu.ltrans11.ltrans.o
                0x00000010                Reset
                0x00000001                ASSERT ((. != __cy_reset), No reset code)
 *(.dma_init)
                0x00000001                ASSERT ((((appl_start + .) <= 0x10000) || 0x1), DMA Init must be within the first 64k of flash)
 *(.text .text.* .gnu.linkonce.t.*)
 .text          0x00000074       0x5c c:/program files (x86)/cypress/psoc creator/4.4/psoc creator/import/gnu/arm/5.4.1/bin/../lib/gcc/arm-none-eabi/5.4.1/armv7-m/crtbegin.o
 .text.startup.main
                0x000000d0     0x1d24 C:\Users\elias\AppData\Local\Temp\ccqj6Fiu.ltrans0.ltrans.o
                0x000000d0                main
 .text.uart_service.lto_priv.215
                0x00001df4     0x1a3c C:\Users\elias\AppData\Local\Temp\ccqj6Fiu.ltrans1.ltrans.o
                0x00001df4                uart_service.lto_priv.215
 .text.service_runtime.lto_priv.185
                0x00003830     0x158c C:\Users\elias\AppData\Local\Temp\ccqj6Fiu.ltrans2.ltrans.o
                0x00003830                service_runtime.lto_priv.185
 .text.sm_sample_capture_raw.lto_priv.207
                0x00004dbc       0xb8 C:\Users\elias\AppData\Local\Temp\ccqj6Fiu.ltrans3.ltrans.o
                0x00004dbc                sm_sample_capture_raw.lto_priv.207
 .text.sm_sample_noop.lto_priv.110
                0x00004e74        0x4 C:\Users\elias\AppData\Local\Temp\ccqj6Fiu.ltrans3.ltrans.o
                0x00004e74                sm_sample_noop.lto_priv.110
 .text.uart_send_diag.lto_priv.95
                0x00004e78       0xe0 C:\Users\elias\AppData\Local\Temp\ccqj6Fiu.ltrans3.ltrans.o
                0x00004e78                uart_send_diag.lto_priv.95
 .text.capture_reset_locked.lto_priv.251
                0x00004f58       0xc4 C:\Users\elias\AppData\Local\Temp\ccqj6Fiu.ltrans3.ltrans.o
                0x00004f58                capture_reset_locked.lto_priv.251
 .text.capture_watchdog_arm.lto_priv.220
                0x0000501c      0x1ac C:\Users\elias\AppData\Local\Temp\ccqj6Fiu.ltrans3.ltrans.o
                0x0000501c                capture_watchdog_arm.lto_priv.220
 .text.rx_watchdog_start.lto_priv.253
                0x000051c8       0xf8 C:\Users\elias\AppData\Local\Temp\ccqj6Fiu.ltrans3.ltrans.o
                0x000051c8                rx_watchdog_start.lto_priv.253
 .text.timer2_start_next_chunk.lto_priv.181
                0x000052c0      0x104 C:\Users\elias\AppData\Local\Temp\ccqj6Fiu.ltrans3.ltrans.o
                0x000052c0                timer2_start_next_chunk.lto_priv.181
 .text.timer1_stop_quiet.lto_priv.144
                0x000053c4       0x4c C:\Users\elias\AppData\Local\Temp\ccqj6Fiu.ltrans3.ltrans.o
                0x000053c4                timer1_stop_quiet.lto_priv.144
 .text.timer1_start_next_chunk.lto_priv.102
                0x00005410      0x104 C:\Users\elias\AppData\Local\Temp\ccqj6Fiu.ltrans3.ltrans.o
                0x00005410                timer1_start_next_chunk.lto_priv.102
 .text.psoc_prepare_capture_path.lto_priv.165
                0x00005514      0x120 C:\Users\elias\AppData\Local\Temp\ccqj6Fiu.ltrans3.ltrans.o
                0x00005514                psoc_prepare_capture_path.lto_priv.165
 .text.capture_engine_pulse.lto_priv.147
                0x00005634       0x18 C:\Users\elias\AppData\Local\Temp\ccqj6Fiu.ltrans3.ltrans.o
                0x00005634                capture_engine_pulse.lto_priv.147
 .text.capture_engine_refresh_status.lto_priv.148
                0x0000564c       0x34 C:\Users\elias\AppData\Local\Temp\ccqj6Fiu.ltrans3.ltrans.o
                0x0000564c                capture_engine_refresh_status.lto_priv.148
 .text.sd_write_header.lto_priv.219
                0x00005680      0x1a0 C:\Users\elias\AppData\Local\Temp\ccqj6Fiu.ltrans3.ltrans.o
                0x00005680                sd_write_header.lto_priv.219
 .text.sd_session_begin.lto_priv.255
                0x00005820      0x2c4 C:\Users\elias\AppData\Local\Temp\ccqj6Fiu.ltrans3.ltrans.o
                0x00005820                sd_session_begin.lto_priv.255
 .text.sd_session_recover.lto_priv.187
                0x00005ae4      0x1f4 C:\Users\elias\AppData\Local\Temp\ccqj6Fiu.ltrans3.ltrans.o
                0x00005ae4                sd_session_recover.lto_priv.187
 .text.sd_runtime_status_byte.lto_priv.186
                0x00005cd8       0x50 C:\Users\elias\AppData\Local\Temp\ccqj6Fiu.ltrans3.ltrans.o
                0x00005cd8                sd_runtime_status_byte.lto_priv.186
 .text.uart_send_fs_report.lto_priv.250
                0x00005d28       0x44 C:\Users\elias\AppData\Local\Temp\ccqj6Fiu.ltrans3.ltrans.o
                0x00005d28                uart_send_fs_report.lto_priv.250
 .text.cal_vdac_geo_lp.lto_priv.101
                0x00005d6c        0xc C:\Users\elias\AppData\Local\Temp\ccqj6Fiu.ltrans4.ltrans.o
                0x00005d6c                cal_vdac_geo_lp.lto_priv.101
 .text.cal_vdac_geo_adder.lto_priv.100
                0x00005d78        0xc C:\Users\elias\AppData\Local\Temp\ccqj6Fiu.ltrans4.ltrans.o
                0x00005d78                cal_vdac_geo_adder.lto_priv.100
 .text.sd_xfer.lto_priv.96
                0x00005d84       0x40 C:\Users\elias\AppData\Local\Temp\ccqj6Fiu.ltrans4.ltrans.o
                0x00005d84                sd_xfer.lto_priv.96
 .text.sd_cmd.lto_priv.97
                0x00005dc4       0x8c C:\Users\elias\AppData\Local\Temp\ccqj6Fiu.ltrans4.ltrans.o
                0x00005dc4                sd_cmd.lto_priv.97
 .text.sd_spi_init
                0x00005e50      0x4f0 C:\Users\elias\AppData\Local\Temp\ccqj6Fiu.ltrans4.ltrans.o
                0x00005e50                sd_spi_init
 .text.unlikely.cal_pi_gain_scaled_term.lto_priv.224
                0x00006340       0x84 C:\Users\elias\AppData\Local\Temp\ccqj6Fiu.ltrans4.ltrans.o
                0x00006340                cal_pi_gain_scaled_term.lto_priv.224
 .text.cal_async_complete.lto_priv.225
                0x000063c4      0x15c C:\Users\elias\AppData\Local\Temp\ccqj6Fiu.ltrans4.ltrans.o
                0x000063c4                cal_async_complete.lto_priv.225
 .text.cal_diag_i32.lto_priv.167
                0x00006520       0x44 C:\Users\elias\AppData\Local\Temp\ccqj6Fiu.ltrans4.ltrans.o
                0x00006520                cal_diag_i32.lto_priv.167
 .text.cal_pi_finalize_stage.lto_priv.222
                0x00006564      0x174 C:\Users\elias\AppData\Local\Temp\ccqj6Fiu.ltrans4.ltrans.o
                0x00006564                cal_pi_finalize_stage.lto_priv.222
 .text.cal_pi_finish_stage.lto_priv.223
                0x000066d8      0x160 C:\Users\elias\AppData\Local\Temp\ccqj6Fiu.ltrans4.ltrans.o
                0x000066d8                cal_pi_finish_stage.lto_priv.223
 .text.mount_volume.lto_priv.136
                0x00006838      0x674 C:\Users\elias\AppData\Local\Temp\ccqj6Fiu.ltrans5.ltrans.o
                0x00006838                mount_volume.lto_priv.136
 .text.dir_find.lto_priv.138
                0x00006eac      0x2e8 C:\Users\elias\AppData\Local\Temp\ccqj6Fiu.ltrans5.ltrans.o
                0x00006eac                dir_find.lto_priv.138
 .text.follow_path.lto_priv.135
                0x00007194      0x2ec C:\Users\elias\AppData\Local\Temp\ccqj6Fiu.ltrans5.ltrans.o
                0x00007194                follow_path.lto_priv.135
 .text.store_xdir.lto_priv.130
                0x00007480       0xb0 C:\Users\elias\AppData\Local\Temp\ccqj6Fiu.ltrans5.ltrans.o
                0x00007480                store_xdir.lto_priv.130
 .text.sm_sample_capture_debug.lto_priv.205
                0x00007530       0x4c C:\Users\elias\AppData\Local\Temp\ccqj6Fiu.ltrans6.ltrans.o
                0x00007530                sm_sample_capture_debug.lto_priv.205
 .text.isr_SuperMaquina_Handler
                0x0000757c       0xa0 C:\Users\elias\AppData\Local\Temp\ccqj6Fiu.ltrans6.ltrans.o
                0x0000757c                isr_SuperMaquina_Handler
 .text.sm_sample_capture_filt.lto_priv.209
                0x0000761c       0xac C:\Users\elias\AppData\Local\Temp\ccqj6Fiu.ltrans6.ltrans.o
                0x0000761c                sm_sample_capture_filt.lto_priv.209
 .text.sm_sample_cal_filt.lto_priv.238
                0x000076c8       0x44 C:\Users\elias\AppData\Local\Temp\ccqj6Fiu.ltrans6.ltrans.o
                0x000076c8                sm_sample_cal_filt.lto_priv.238
 .text.sm_sample_cal_raw.lto_priv.239
                0x0000770c       0x60 C:\Users\elias\AppData\Local\Temp\ccqj6Fiu.ltrans6.ltrans.o
                0x0000770c                sm_sample_cal_raw.lto_priv.239
 .text.sm_sample_capture_filt_sd.lto_priv.208
                0x0000776c      0x110 C:\Users\elias\AppData\Local\Temp\ccqj6Fiu.ltrans6.ltrans.o
                0x0000776c                sm_sample_capture_filt_sd.lto_priv.208
 .text.sm_sample_capture_raw_sd.lto_priv.206
                0x0000787c      0x110 C:\Users\elias\AppData\Local\Temp\ccqj6Fiu.ltrans6.ltrans.o
                0x0000787c                sm_sample_capture_raw_sd.lto_priv.206
 .text.unexpected_irq_trap
                0x0000798c       0x34 C:\Users\elias\AppData\Local\Temp\ccqj6Fiu.ltrans6.ltrans.o
                0x0000798c                unexpected_irq_trap
 .text.hardfault_trap
                0x000079c0       0x34 C:\Users\elias\AppData\Local\Temp\ccqj6Fiu.ltrans6.ltrans.o
                0x000079c0                hardfault_trap
 .text.sm_sample_armed_wait.lto_priv.248
                0x000079f4       0x24 C:\Users\elias\AppData\Local\Temp\ccqj6Fiu.ltrans6.ltrans.o
                0x000079f4                sm_sample_armed_wait.lto_priv.248
 .text.dma_route_select
                0x00007a18       0x78 C:\Users\elias\AppData\Local\Temp\ccqj6Fiu.ltrans6.ltrans.o
                0x00007a18                dma_route_select
 .text.service_timer_events.lto_priv.217
                0x00007a90      0x2dc C:\Users\elias\AppData\Local\Temp\ccqj6Fiu.ltrans6.ltrans.o
                0x00007a90                service_timer_events.lto_priv.217
 .text.psoc_enter_sampling.lto_priv.252
                0x00007d6c      0x500 C:\Users\elias\AppData\Local\Temp\ccqj6Fiu.ltrans6.ltrans.o
                0x00007d6c                psoc_enter_sampling.lto_priv.252
 .text.ADC_ISR4
                0x0000826c        0x4 C:\Users\elias\AppData\Local\Temp\ccqj6Fiu.ltrans7.ltrans.o
                0x0000826c                ADC_ISR4
 .text.ADC_ISR3
                0x00008270        0x4 C:\Users\elias\AppData\Local\Temp\ccqj6Fiu.ltrans7.ltrans.o
                0x00008270                ADC_ISR3
 .text.ADC_ISR2
                0x00008274        0x4 C:\Users\elias\AppData\Local\Temp\ccqj6Fiu.ltrans7.ltrans.o
                0x00008274                ADC_ISR2
 .text.ADC_ISR1
                0x00008278        0x4 C:\Users\elias\AppData\Local\Temp\ccqj6Fiu.ltrans7.ltrans.o
                0x00008278                ADC_ISR1
 .text.disk_write.constprop.50
                0x0000827c      0x124 C:\Users\elias\AppData\Local\Temp\ccqj6Fiu.ltrans7.ltrans.o
                0x0000827c                disk_write.constprop.50
 .text.SPI_IntClock_SetDividerRegister.constprop.48
                0x000083a0       0xdc C:\Users\elias\AppData\Local\Temp\ccqj6Fiu.ltrans7.ltrans.o
                0x000083a0                SPI_IntClock_SetDividerRegister.constprop.48
 .text.remove_chain.constprop.40
                0x0000847c       0xb8 C:\Users\elias\AppData\Local\Temp\ccqj6Fiu.ltrans7.ltrans.o
                0x0000847c                remove_chain.constprop.40
 .text.dir_next.constprop.39
                0x00008534       0x98 C:\Users\elias\AppData\Local\Temp\ccqj6Fiu.ltrans7.ltrans.o
                0x00008534                dir_next.constprop.39
 .text.dir_read.constprop.38
                0x000085cc      0x38c C:\Users\elias\AppData\Local\Temp\ccqj6Fiu.ltrans7.ltrans.o
                0x000085cc                dir_read.constprop.38
 .text.f_read.constprop.34
                0x00008958      0x1a8 C:\Users\elias\AppData\Local\Temp\ccqj6Fiu.ltrans7.ltrans.o
                0x00008958                f_read.constprop.34
 .text.psoc_filter_load_fir_coefficients.constprop.29
                0x00008b00       0x80 C:\Users\elias\AppData\Local\Temp\ccqj6Fiu.ltrans7.ltrans.o
                0x00008b00                psoc_filter_load_fir_coefficients.constprop.29
 .text.CyDmaChEnable.constprop.26
                0x00008b80       0x24 C:\Users\elias\AppData\Local\Temp\ccqj6Fiu.ltrans7.ltrans.o
                0x00008b80                CyDmaChEnable.constprop.26
 .text.CyDmaChPriority.constprop.23
                0x00008ba4       0x20 C:\Users\elias\AppData\Local\Temp\ccqj6Fiu.ltrans7.ltrans.o
                0x00008ba4                CyDmaChPriority.constprop.23
 .text.PGAn_SetGain.constprop.4
                0x00008bc4       0x30 C:\Users\elias\AppData\Local\Temp\ccqj6Fiu.ltrans7.ltrans.o
                0x00008bc4                PGAn_SetGain.constprop.4
 .text.PGAp_SetGain.constprop.3
                0x00008bf4       0x30 C:\Users\elias\AppData\Local\Temp\ccqj6Fiu.ltrans7.ltrans.o
                0x00008bf4                PGAp_SetGain.constprop.3
 .text.CySpcUnlock
                0x00008c24       0x3c C:\Users\elias\AppData\Local\Temp\ccqj6Fiu.ltrans7.ltrans.o
                0x00008c24                CySpcUnlock
 .text.CySpcLock
                0x00008c60       0x44 C:\Users\elias\AppData\Local\Temp\ccqj6Fiu.ltrans7.ltrans.o
                0x00008c60                CySpcLock
 .text.CySetTempInt.lto_priv.189
                0x00008ca4       0xf0 C:\Users\elias\AppData\Local\Temp\ccqj6Fiu.ltrans7.ltrans.o
                0x00008ca4                CySetTempInt.lto_priv.189
 .text.Tmr_CaptureWatchdog_Stop
                0x00008d94       0x2c C:\Users\elias\AppData\Local\Temp\ccqj6Fiu.ltrans7.ltrans.o
                0x00008d94                Tmr_CaptureWatchdog_Stop
 .text.Tmr_PingCalTick_Stop
                0x00008dc0       0x2c C:\Users\elias\AppData\Local\Temp\ccqj6Fiu.ltrans7.ltrans.o
                0x00008dc0                Tmr_PingCalTick_Stop
 .text.Tmr_UartRxWatchdog_Stop
                0x00008dec       0x2c C:\Users\elias\AppData\Local\Temp\ccqj6Fiu.ltrans7.ltrans.o
                0x00008dec                Tmr_UartRxWatchdog_Stop
 .text.Tmr_LedWait_Stop
                0x00008e18       0x2c C:\Users\elias\AppData\Local\Temp\ccqj6Fiu.ltrans7.ltrans.o
                0x00008e18                Tmr_LedWait_Stop
 .text.PGAgain_SetGain
                0x00008e44       0x78 C:\Users\elias\AppData\Local\Temp\ccqj6Fiu.ltrans7.ltrans.o
                0x00008e44                PGAgain_SetGain
 .text.ADC_SetDSMRef0Reg.lto_priv.125
                0x00008ebc       0x50 C:\Users\elias\AppData\Local\Temp\ccqj6Fiu.ltrans7.ltrans.o
                0x00008ebc                ADC_SetDSMRef0Reg.lto_priv.125
 .text.disk_read.part.2.lto_priv.117
                0x00008f0c      0x2a0 C:\Users\elias\AppData\Local\Temp\ccqj6Fiu.ltrans8.ltrans.o
                0x00008f0c                disk_read.part.2.lto_priv.117
 .text.disk_status.part.1.lto_priv.103
                0x000091ac       0x20 C:\Users\elias\AppData\Local\Temp\ccqj6Fiu.ltrans8.ltrans.o
                0x000091ac                disk_status.part.1.lto_priv.103
 .text.ff_wtoupper.part.2.lto_priv.140
                0x000091cc       0x9c C:\Users\elias\AppData\Local\Temp\ccqj6Fiu.ltrans8.ltrans.o
                0x000091cc                ff_wtoupper.part.2.lto_priv.140
 .text.put_fat.part.6.lto_priv.112
                0x00009268      0x124 C:\Users\elias\AppData\Local\Temp\ccqj6Fiu.ltrans8.ltrans.o
                0x00009268                put_fat.part.6.lto_priv.112
 .text.fill_last_frag.isra.7.lto_priv.139
                0x0000938c       0x48 C:\Users\elias\AppData\Local\Temp\ccqj6Fiu.ltrans8.ltrans.o
                0x0000938c                fill_last_frag.isra.7.lto_priv.139
 .text.check_fs.part.5.lto_priv.141
                0x000093d4      0x120 C:\Users\elias\AppData\Local\Temp\ccqj6Fiu.ltrans8.ltrans.o
                0x000093d4                check_fs.part.5.lto_priv.141
 .text.sync_window.part.4.lto_priv.132
                0x000094f4       0x40 C:\Users\elias\AppData\Local\Temp\ccqj6Fiu.ltrans8.ltrans.o
                0x000094f4                sync_window.part.4.lto_priv.132
 .text.f_lseek  0x00009534      0x234 C:\Users\elias\AppData\Local\Temp\ccqj6Fiu.ltrans8.ltrans.o
                0x00009534                f_lseek
 .text.f_sync   0x00009768      0x254 C:\Users\elias\AppData\Local\Temp\ccqj6Fiu.ltrans8.ltrans.o
                0x00009768                f_sync
 .text.cal_vdac_geo_bp.lto_priv.99
                0x000099bc        0xc C:\Users\elias\AppData\Local\Temp\ccqj6Fiu.ltrans9.ltrans.o
                0x000099bc                cal_vdac_geo_bp.lto_priv.99
 .text.cal_vdac_geo_pga.lto_priv.98
                0x000099c8        0xc C:\Users\elias\AppData\Local\Temp\ccqj6Fiu.ltrans9.ltrans.o
                0x000099c8                cal_vdac_geo_pga.lto_priv.98
 .text.led_toggle.part.16.lto_priv.182
                0x000099d4       0x24 C:\Users\elias\AppData\Local\Temp\ccqj6Fiu.ltrans9.ltrans.o
                0x000099d4                led_toggle.part.16.lto_priv.182
 .text.psoc_start_calibration_if_idle.part.14.lto_priv.188
                0x000099f8      0x868 C:\Users\elias\AppData\Local\Temp\ccqj6Fiu.ltrans9.ltrans.o
                0x000099f8                psoc_start_calibration_if_idle.part.14.lto_priv.188
 .text.sd_file_close.part.10.lto_priv.218
                0x0000a260       0x38 C:\Users\elias\AppData\Local\Temp\ccqj6Fiu.ltrans9.ltrans.o
                0x0000a260                sd_file_close.part.10.lto_priv.218
 .text.sd_capture_drain.part.8.lto_priv.216
                0x0000a298      0x168 C:\Users\elias\AppData\Local\Temp\ccqj6Fiu.ltrans9.ltrans.o
                0x0000a298                sd_capture_drain.part.8.lto_priv.216
 .text.sd_fs_mount.part.7.lto_priv.254
                0x0000a400       0x6c C:\Users\elias\AppData\Local\Temp\ccqj6Fiu.ltrans9.ltrans.o
                0x0000a400                sd_fs_mount.part.7.lto_priv.254
 .text.capture_next_hw_target.part.2.lto_priv.221
                0x0000a46c       0x90 C:\Users\elias\AppData\Local\Temp\ccqj6Fiu.ltrans9.ltrans.o
                0x0000a46c                capture_next_hw_target.part.2.lto_priv.221
 .text.init_alloc_info.lto_priv.134
                0x0000a4fc       0xa8 C:\Users\elias\AppData\Local\Temp\ccqj6Fiu.ltrans10.ltrans.o
                0x0000a4fc                init_alloc_info.lto_priv.134
 .text.sync_fs.lto_priv.129
                0x0000a5a4      0x13c C:\Users\elias\AppData\Local\Temp\ccqj6Fiu.ltrans10.ltrans.o
                0x0000a5a4                sync_fs.lto_priv.129
 .text.move_window.lto_priv.114
                0x0000a6e0       0xf0 C:\Users\elias\AppData\Local\Temp\ccqj6Fiu.ltrans10.ltrans.o
                0x0000a6e0                move_window.lto_priv.114
 .text.load_xdir.lto_priv.115
                0x0000a7d0      0x158 C:\Users\elias\AppData\Local\Temp\ccqj6Fiu.ltrans10.ltrans.o
                0x0000a7d0                load_xdir.lto_priv.115
 .text.change_bitmap.lto_priv.113
                0x0000a928       0x84 C:\Users\elias\AppData\Local\Temp\ccqj6Fiu.ltrans10.ltrans.o
                0x0000a928                change_bitmap.lto_priv.113
 .text.find_bitmap.lto_priv.274
                0x0000a9ac       0x9c C:\Users\elias\AppData\Local\Temp\ccqj6Fiu.ltrans10.ltrans.o
                0x0000a9ac                find_bitmap.lto_priv.274
 .text.get_fat.lto_priv.111
                0x0000aa48      0x150 C:\Users\elias\AppData\Local\Temp\ccqj6Fiu.ltrans10.ltrans.o
                0x0000aa48                get_fat.lto_priv.111
 .text.dir_sdi.lto_priv.131
                0x0000ab98       0xb4 C:\Users\elias\AppData\Local\Temp\ccqj6Fiu.ltrans10.ltrans.o
                0x0000ab98                dir_sdi.lto_priv.131
 .text.create_chain.lto_priv.128
                0x0000ac4c      0x1dc C:\Users\elias\AppData\Local\Temp\ccqj6Fiu.ltrans10.ltrans.o
                0x0000ac4c                create_chain.lto_priv.128
 .text.unlikely.dir_alloc.lto_priv.137
                0x0000ae28      0x17c C:\Users\elias\AppData\Local\Temp\ccqj6Fiu.ltrans10.ltrans.o
                0x0000ae28                dir_alloc.lto_priv.137
 .text.UART_TXISR
                0x0000afa4       0x68 C:\Users\elias\AppData\Local\Temp\ccqj6Fiu.ltrans11.ltrans.o
                0x0000afa4                UART_TXISR
 .text.UART_RXISR
                0x0000b00c       0x68 C:\Users\elias\AppData\Local\Temp\ccqj6Fiu.ltrans11.ltrans.o
                0x0000b00c                UART_RXISR
 .text.IntDefaultHandler
                0x0000b074       0x10 C:\Users\elias\AppData\Local\Temp\ccqj6Fiu.ltrans11.ltrans.o
                0x0000b074                IntDefaultHandler
 .text.ADC_InitConfig.lto_priv.166
                0x0000b084      0x308 C:\Users\elias\AppData\Local\Temp\ccqj6Fiu.ltrans11.ltrans.o
                0x0000b084                ADC_InitConfig.lto_priv.166
 .text.ADC_Stop
                0x0000b38c       0xfc C:\Users\elias\AppData\Local\Temp\ccqj6Fiu.ltrans11.ltrans.o
                0x0000b38c                ADC_Stop
 .text.ADC_Start
                0x0000b488      0x21c C:\Users\elias\AppData\Local\Temp\ccqj6Fiu.ltrans11.ltrans.o
                0x0000b488                ADC_Start
 .text.CyDmaTdAllocate
                0x0000b6a4       0x34 C:\Users\elias\AppData\Local\Temp\ccqj6Fiu.ltrans11.ltrans.o
                0x0000b6a4                CyDmaTdAllocate
 .text.startup.initialize_psoc
                0x0000b6d8      0x504 C:\Users\elias\AppData\Local\Temp\ccqj6Fiu.ltrans11.ltrans.o
 .text.AMux_ADC_Unset
                0x0000bbdc       0x70 C:\Users\elias\AppData\Local\Temp\ccqj6Fiu.ltrans11.ltrans.o
                0x0000bbdc                AMux_ADC_Unset
 .text.psoc_filter_reset_history
                0x0000bc4c       0x64 C:\Users\elias\AppData\Local\Temp\ccqj6Fiu.ltrans11.ltrans.o
                0x0000bc4c                psoc_filter_reset_history
 .text.f_open   0x0000bcb0      0xc50 C:\Users\elias\AppData\Local\Temp\ccqj6Fiu.ltrans12.ltrans.o
                0x0000bcb0                f_open
 .text.validate.lto_priv.116
                0x0000c900       0x48 C:\Users\elias\AppData\Local\Temp\ccqj6Fiu.ltrans12.ltrans.o
                0x0000c900                validate.lto_priv.116
 .text.f_write  0x0000c948      0x4d4 C:\Users\elias\AppData\Local\Temp\ccqj6Fiu.ltrans13.ltrans.o
                0x0000c948                f_write
 .text.timer1_arm_ms.constprop.94
                0x0000ce1c       0x54 C:\Users\elias\AppData\Local\Temp\ccqj6Fiu.ltrans14.ltrans.o
                0x0000ce1c                timer1_arm_ms.constprop.94
 .text.UART_PutArray.constprop.87
                0x0000ce70       0x9c C:\Users\elias\AppData\Local\Temp\ccqj6Fiu.ltrans14.ltrans.o
                0x0000ce70                UART_PutArray.constprop.87
 .text.UART_PutArray.constprop.86
                0x0000cf0c       0x98 C:\Users\elias\AppData\Local\Temp\ccqj6Fiu.ltrans14.ltrans.o
                0x0000cf0c                UART_PutArray.constprop.86
 .text.uart_send_diag.constprop.82
                0x0000cfa4       0xc8 C:\Users\elias\AppData\Local\Temp\ccqj6Fiu.ltrans14.ltrans.o
                0x0000cfa4                uart_send_diag.constprop.82
 .text.psoc_seed_calibration_from_nv.constprop.76
                0x0000d06c      0x2a4 C:\Users\elias\AppData\Local\Temp\ccqj6Fiu.ltrans14.ltrans.o
                0x0000d06c                psoc_seed_calibration_from_nv.constprop.76
 .text.ADC_theACLK_SetDividerRegister.constprop.73
                0x0000d310       0xcc C:\Users\elias\AppData\Local\Temp\ccqj6Fiu.ltrans14.ltrans.o
                0x0000d310                ADC_theACLK_SetDividerRegister.constprop.73
 .text.ADC_Ext_CP_Clk_SetDividerRegister.constprop.72
                0x0000d3dc       0xd0 C:\Users\elias\AppData\Local\Temp\ccqj6Fiu.ltrans14.ltrans.o
                0x0000d3dc                ADC_Ext_CP_Clk_SetDividerRegister.constprop.72
 .text.AMux_ADC_Unset.constprop.67
                0x0000d4ac       0x48 C:\Users\elias\AppData\Local\Temp\ccqj6Fiu.ltrans14.ltrans.o
                0x0000d4ac                AMux_ADC_Unset.constprop.67
 .text.sd_xfer.constprop.53
                0x0000d4f4       0x40 C:\Users\elias\AppData\Local\Temp\ccqj6Fiu.ltrans14.ltrans.o
                0x0000d4f4                sd_xfer.constprop.53
 .text.sd_cmd.constprop.52
                0x0000d534       0x88 C:\Users\elias\AppData\Local\Temp\ccqj6Fiu.ltrans14.ltrans.o
                0x0000d534                sd_cmd.constprop.52
 *fill*         0x0000d5bc        0x4 
 .text          0x0000d5c0       0x20 .\CortexM3\ARM_GCC_541\Debug\AcondicionamientoAnalogico.a(CyBootAsmGnu.o)
                0x0000d5c0                CyDelayCycles
                0x0000d5d0                CyEnterCriticalSection
                0x0000d5d8                CyExitCriticalSection
 .text.__errno  0x0000d5e0        0xc c:/program files (x86)/cypress/psoc creator/4.4/psoc creator/import/gnu/arm/5.4.1/bin/../lib/gcc/arm-none-eabi/5.4.1/../../../../arm-none-eabi/lib/armv7-m\libg_nano.a(lib_a-errno.o)
                0x0000d5e0                __errno
 .text.__libc_init_array
                0x0000d5ec       0x4c c:/program files (x86)/cypress/psoc creator/4.4/psoc creator/import/gnu/arm/5.4.1/bin/../lib/gcc/arm-none-eabi/5.4.1/../../../../arm-none-eabi/lib/armv7-m\libg_nano.a(lib_a-init.o)
                0x0000d5ec                __libc_init_array
 .text.memset   0x0000d638       0x10 c:/program files (x86)/cypress/psoc creator/4.4/psoc creator/import/gnu/arm/5.4.1/bin/../lib/gcc/arm-none-eabi/5.4.1/../../../../arm-none-eabi/lib/armv7-m\libg_nano.a(lib_a-memset.o)
                0x0000d638                memset
 .text          0x0000d648       0xa0 c:/program files (x86)/cypress/psoc creator/4.4/psoc creator/import/gnu/arm/5.4.1/bin/../lib/gcc/arm-none-eabi/5.4.1/armv7-m\libgcc.a(_aeabi_ldivmod.o)
                0x0000d648                __aeabi_ldivmod
 .text          0x0000d6e8       0x30 c:/program files (x86)/cypress/psoc creator/4.4/psoc creator/import/gnu/arm/5.4.1/bin/../lib/gcc/arm-none-eabi/5.4.1/armv7-m\libgcc.a(_aeabi_uldivmod.o)
                0x0000d6e8                __aeabi_uldivmod
 .text          0x0000d718      0x2ec c:/program files (x86)/cypress/psoc creator/4.4/psoc creator/import/gnu/arm/5.4.1/bin/../lib/gcc/arm-none-eabi/5.4.1/armv7-m\libgcc.a(_udivmoddi4.o)
                0x0000d718                __udivmoddi4
 .text          0x0000da04        0x4 c:/program files (x86)/cypress/psoc creator/4.4/psoc creator/import/gnu/arm/5.4.1/bin/../lib/gcc/arm-none-eabi/5.4.1/armv7-m\libgcc.a(_dvmd_tls.o)
                0x0000da04                __aeabi_idiv0
                0x0000da04                __aeabi_ldiv0
 .text.memcmp   0x0000da08       0x1e c:/program files (x86)/cypress/psoc creator/4.4/psoc creator/import/gnu/arm/5.4.1/bin/../lib/gcc/arm-none-eabi/5.4.1/../../../../arm-none-eabi/lib/armv7-m\libg_nano.a(lib_a-memcmp.o)
                0x0000da08                memcmp
 .text.memcpy   0x0000da26       0x16 c:/program files (x86)/cypress/psoc creator/4.4/psoc creator/import/gnu/arm/5.4.1/bin/../lib/gcc/arm-none-eabi/5.4.1/../../../../arm-none-eabi/lib/armv7-m\libg_nano.a(lib_a-memcpy-stub.o)
                0x0000da26                memcpy
 .text.strchr   0x0000da3c       0x1c c:/program files (x86)/cypress/psoc creator/4.4/psoc creator/import/gnu/arm/5.4.1/bin/../lib/gcc/arm-none-eabi/5.4.1/../../../../arm-none-eabi/lib/armv7-m\libg_nano.a(lib_a-strchr.o)
                0x0000da3c                strchr
 *(.plt)
 *(.gnu.warning)
 *(.glue_7t)
 .glue_7t       0x0000da58        0x0 linker stubs
 *(.glue_7)
 .glue_7        0x0000da58        0x0 linker stubs
 *(.vfp11_veneer)
 .vfp11_veneer  0x0000da58        0x0 linker stubs
 *(.bootloader)
 *(.ARM.extab* .gnu.linkonce.armextab.*)
 *(.gcc_except_table)

.v4_bx          0x0000da58        0x0
 .v4_bx         0x0000da58        0x0 linker stubs

.iplt           0x0000da58        0x0
 .iplt          0x0000da58        0x0 c:/program files (x86)/cypress/psoc creator/4.4/psoc creator/import/gnu/arm/5.4.1/bin/../lib/gcc/arm-none-eabi/5.4.1/armv7-m/crtbegin.o

.eh_frame_hdr
 *(.eh_frame_hdr)

.eh_frame       0x0000da58        0x4
 *(.eh_frame)
 .eh_frame      0x0000da58        0x0 c:/program files (x86)/cypress/psoc creator/4.4/psoc creator/import/gnu/arm/5.4.1/bin/../lib/gcc/arm-none-eabi/5.4.1/armv7-m/crtbegin.o
 .eh_frame      0x0000da58        0x4 c:/program files (x86)/cypress/psoc creator/4.4/psoc creator/import/gnu/arm/5.4.1/bin/../lib/gcc/arm-none-eabi/5.4.1/armv7-m/crtend.o
                [!provide]                PROVIDE (__exidx_start, .)

.ARM.exidx      0x0000da5c        0x8
 *(.ARM.exidx* .gnu.linkonce.armexidx.*)
 .ARM.exidx     0x0000da5c        0x8 c:/program files (x86)/cypress/psoc creator/4.4/psoc creator/import/gnu/arm/5.4.1/bin/../lib/gcc/arm-none-eabi/5.4.1/armv7-m\libgcc.a(_udivmoddi4.o)
                0x0000da64                __exidx_end = .

.rodata         0x0000da64      0xebc
 *(.rodata .rodata.* .gnu.linkonce.r.*)
 .rodata        0x0000da64      0x240 C:\Users\elias\AppData\Local\Temp\ccqj6Fiu.ltrans0.ltrans.o
 .rodata.str1.4
                0x0000dca4       0x13 C:\Users\elias\AppData\Local\Temp\ccqj6Fiu.ltrans1.ltrans.o
 *fill*         0x0000dcb7        0x1 
 .rodata.str1.4
                0x0000dcb8        0xf C:\Users\elias\AppData\Local\Temp\ccqj6Fiu.ltrans3.ltrans.o
 *fill*         0x0000dcc7        0x1 
 .rodata        0x0000dcc8      0x298 C:\Users\elias\AppData\Local\Temp\ccqj6Fiu.ltrans4.ltrans.o
                0x0000dcc8                g_fir_adquisition_coeffs_q23
                0x0000dcc8                Filter_data_b
                0x0000dec8                g_cal_pi_cfg.lto_priv.155
                0x0000df48                CSWTCH.35.lto_priv.157
                0x0000df58                cydelay_freq_khz
                0x0000df5c                cydelay_32k_ms
 .rodata        0x0000df60      0x180 C:\Users\elias\AppData\Local\Temp\ccqj6Fiu.ltrans5.ltrans.o
 .rodata.str1.4
                0x0000e0e0       0x13 C:\Users\elias\AppData\Local\Temp\ccqj6Fiu.ltrans5.ltrans.o
 *fill*         0x0000e0f3        0x1 
 .rodata        0x0000e0f4      0x225 C:\Users\elias\AppData\Local\Temp\ccqj6Fiu.ltrans7.ltrans.o
                0x0000e0f4                Filter_data_a
                0x0000e309                cydelay_freq_mhz
                0x0000e30c                LfnOfs.lto_priv.133
 *fill*         0x0000e319        0x3 
 .rodata        0x0000e31c      0x2ae C:\Users\elias\AppData\Local\Temp\ccqj6Fiu.ltrans8.ltrans.o
 *fill*         0x0000e5ca        0x2 
 .rodata.str1.4
                0x0000e5cc       0x15 C:\Users\elias\AppData\Local\Temp\ccqj6Fiu.ltrans8.ltrans.o
 *fill*         0x0000e5e1        0x3 
 .rodata        0x0000e5e4      0x200 C:\Users\elias\AppData\Local\Temp\ccqj6Fiu.ltrans9.ltrans.o
 .rodata.str1.4
                0x0000e7e4        0x3 C:\Users\elias\AppData\Local\Temp\ccqj6Fiu.ltrans9.ltrans.o
 .rodata        0x0000e7e4       0x56 C:\Users\elias\AppData\Local\Temp\ccqj6Fiu.ltrans11.ltrans.o
 *fill*         0x0000e83a        0x2 
 .rodata        0x0000e83c       0x84 C:\Users\elias\AppData\Local\Temp\ccqj6Fiu.ltrans14.ltrans.o
                0x0000e83c                g_ping_frame.lto_priv.183
                0x0000e840                g_psoc_cal_stages.lto_priv.142
                0x0000e890                AMux_ADC__innerMask.lto_priv.124
                0x0000e894                AMux_ADC__innerAddr.lto_priv.123
                0x0000e89c                AMux_ADC__innerMap.lto_priv.121
                0x0000e8a4                AMux_ADC__outerMask.lto_priv.120
                0x0000e8ac                AMux_ADC__outerAddr.lto_priv.119
 .rodata.str1.4
                0x0000e8c0       0x24 C:\Users\elias\AppData\Local\Temp\ccqj6Fiu.ltrans14.ltrans.o
                                 0x23 (size before relaxing)
 .rodata.str1.1
                0x0000e8e4        0x2 c:/program files (x86)/cypress/psoc creator/4.4/psoc creator/import/gnu/arm/5.4.1/bin/../lib/gcc/arm-none-eabi/5.4.1/../../../../arm-none-eabi/lib/armv7-m\libg_nano.a(lib_a-impure.o)
                0x0000e8e8                . = ALIGN (0x4)
 *fill*         0x0000e8e6        0x2 
 *(.init)
 .init          0x0000e8e8        0x4 c:/program files (x86)/cypress/psoc creator/4.4/psoc creator/import/gnu/arm/5.4.1/bin/../lib/gcc/arm-none-eabi/5.4.1/armv7-m/crti.o
                0x0000e8e8                _init
 .init          0x0000e8ec        0x8 c:/program files (x86)/cypress/psoc creator/4.4/psoc creator/import/gnu/arm/5.4.1/bin/../lib/gcc/arm-none-eabi/5.4.1/armv7-m/crtn.o
                0x0000e8f4                . = ALIGN (0x4)
                0x0000e8f4                __preinit_array_start = .
 *(.preinit_array)
                0x0000e8f4                __preinit_array_end = .
                0x0000e8f4                . = ALIGN (0x4)
                0x0000e8f4                __init_array_start = .
 *(SORT(.init_array.*))
 *(.init_array)
 .init_array    0x0000e8f4        0x4 c:/program files (x86)/cypress/psoc creator/4.4/psoc creator/import/gnu/arm/5.4.1/bin/../lib/gcc/arm-none-eabi/5.4.1/armv7-m/crtbegin.o
 .init_array    0x0000e8f8        0x4 C:\Users\elias\AppData\Local\Temp\ccqj6Fiu.ltrans11.ltrans.o
                0x0000e8fc                __init_array_end = .
                0x0000e8fc                . = ALIGN (0x4)
 *(.fini)
 .fini          0x0000e8fc        0x4 c:/program files (x86)/cypress/psoc creator/4.4/psoc creator/import/gnu/arm/5.4.1/bin/../lib/gcc/arm-none-eabi/5.4.1/armv7-m/crti.o
                0x0000e8fc                _fini
 .fini          0x0000e900        0x8 c:/program files (x86)/cypress/psoc creator/4.4/psoc creator/import/gnu/arm/5.4.1/bin/../lib/gcc/arm-none-eabi/5.4.1/armv7-m/crtn.o
                0x0000e908                . = ALIGN (0x4)
                0x0000e908                __fini_array_start = .
 *(.fini_array)
 .fini_array    0x0000e908        0x4 c:/program files (x86)/cypress/psoc creator/4.4/psoc creator/import/gnu/arm/5.4.1/bin/../lib/gcc/arm-none-eabi/5.4.1/armv7-m/crtbegin.o
 *(SORT(.fini_array.*))
                0x0000e90c                __fini_array_end = .
                0x0000e90c                . = ALIGN (0x4)
 *crtbegin.o(.ctors)
 *(EXCLUDE_FILE(*crtend.o) .ctors)
 *(SORT(.ctors.*))
 *crtend.o(.ctors)
                0x0000e90c                . = ALIGN (0x4)
 *crtbegin.o(.dtors)
 *(EXCLUDE_FILE(*crtend.o) .dtors)
 *(SORT(.dtors.*))
 *crtend.o(.dtors)
                0x0000e90c                . = ALIGN (0x4)
                0x0000e90c                __cy_regions = .
                0x0000e90c        0x4 LONG 0xe920 __cy_region_init_ram
                0x0000e910        0x4 LONG 0x1fff80c0 __cy_region_start_data
                0x0000e914        0x4 LONG 0x98 __cy_region_init_size_ram
                0x0000e918        0x4 LONG 0xc118 __cy_region_zero_size_ram
                0x0000e91c                __cy_regions_end = .
                0x0000e920                . = ALIGN (0x8)
 *fill*         0x0000e91c        0x4 
                0x0000e920                _etext = .

.cy_checksum_exclude
                0x0000e920        0x0
 *(.cy_checksum_exclude)

.ramvectors     0x1fff8000       0xc0
                0x1fff8000                __cy_region_start_ram = .
 *(.ramvectors)
 .ramvectors    0x1fff8000       0xc0 C:\Users\elias\AppData\Local\Temp\ccqj6Fiu.ltrans11.ltrans.o
                0x1fff8000                CyRamVectors

.noinit
 *(.noinit)

.data           0x1fff80c0       0x98 load address 0x0000e920
                0x1fff80c0                __cy_region_start_data = .
 *(.jcr)
 .jcr           0x1fff80c0        0x0 c:/program files (x86)/cypress/psoc creator/4.4/psoc creator/import/gnu/arm/5.4.1/bin/../lib/gcc/arm-none-eabi/5.4.1/armv7-m/crtbegin.o
 .jcr           0x1fff80c0        0x4 c:/program files (x86)/cypress/psoc creator/4.4/psoc creator/import/gnu/arm/5.4.1/bin/../lib/gcc/arm-none-eabi/5.4.1/armv7-m/crtend.o
 *(.got.plt)
 *(.got)
 *(.shdata)
 *(.data .data.* .gnu.linkonce.d.*)
 .data          0x1fff80c4        0x3 C:\Users\elias\AppData\Local\Temp\ccqj6Fiu.ltrans0.ltrans.o
 *fill*         0x1fff80c7        0x1 
 .data          0x1fff80c8        0x8 C:\Users\elias\AppData\Local\Temp\ccqj6Fiu.ltrans1.ltrans.o
                0x1fff80c8                g_psoc_adc_decimation.lto_priv.267
                0x1fff80cc                g_sd_dump_blk_cached.lto_priv.266
 .data          0x1fff80d0        0xd C:\Users\elias\AppData\Local\Temp\ccqj6Fiu.ltrans2.ltrans.o
                0x1fff80d0                g_sm_sample_handler.lto_priv.231
                0x1fff80d4                g_capture_align.lto_priv.245
                0x1fff80d5                g_capture_adc_raw.lto_priv.234
                0x1fff80d6                g_ce_cfg_level.lto_priv.237
                0x1fff80d8                g_sm_capture_handler.lto_priv.247
                0x1fff80dc                g_capture_decim_factor.lto_priv.246
 .data          0x1fff80dd        0x2 C:\Users\elias\AppData\Local\Temp\ccqj6Fiu.ltrans4.ltrans.o
                0x1fff80dd                g_amux_active_channel.lto_priv.153
                0x1fff80de                g_psoc_hw_pga_code.lto_priv.156
 .data          0x1fff80df        0x1 C:\Users\elias\AppData\Local\Temp\ccqj6Fiu.ltrans7.ltrans.o
                0x1fff80df                g_disk_status.lto_priv.127
 .data          0x1fff80e0        0xc C:\Users\elias\AppData\Local\Temp\ccqj6Fiu.ltrans9.ltrans.o
                0x1fff80e0                g_ce_status.lto_priv.240
                0x1fff80e1                g_psoc_adc_config.lto_priv.242
                0x1fff80e4                g_capture_wr.lto_priv.197
                0x1fff80e8                g_capture_end.lto_priv.262
 .data          0x1fff80ec        0x3 C:\Users\elias\AppData\Local\Temp\ccqj6Fiu.ltrans11.ltrans.o
                0x1fff80ec                ADC_Config
 .data          0x1fff80ef        0x1 C:\Users\elias\AppData\Local\Temp\ccqj6Fiu.ltrans14.ltrans.o
                0x1fff80ef                g_pga_code.lto_priv.169
 .data.impure_data
                0x1fff80f0       0x60 c:/program files (x86)/cypress/psoc creator/4.4/psoc creator/import/gnu/arm/5.4.1/bin/../lib/gcc/arm-none-eabi/5.4.1/../../../../arm-none-eabi/lib/armv7-m\libg_nano.a(lib_a-impure.o)
 .data._impure_ptr
                0x1fff8150        0x4 c:/program files (x86)/cypress/psoc creator/4.4/psoc creator/import/gnu/arm/5.4.1/bin/../lib/gcc/arm-none-eabi/5.4.1/../../../../arm-none-eabi/lib/armv7-m\libg_nano.a(lib_a-impure.o)
                0x1fff8150                _impure_ptr
                0x1fff8158                . = ALIGN (0x8)
 *fill*         0x1fff8154        0x4 
 *(.ram)
                0x1fff8158                _edata = .

.igot.plt       0x1fff8158        0x0 load address 0x0000e9b8
 .igot.plt      0x1fff8158        0x0 c:/program files (x86)/cypress/psoc creator/4.4/psoc creator/import/gnu/arm/5.4.1/bin/../lib/gcc/arm-none-eabi/5.4.1/armv7-m/crtbegin.o

.bss            0x1fff8158     0xc118 load address 0x0000e9b8
                0x1fff8158                PROVIDE (__bss_start__, .)
 *(.shbss)
 *(.bss .bss.* .gnu.linkonce.b.*)
 .bss           0x1fff8158       0x1c c:/program files (x86)/cypress/psoc creator/4.4/psoc creator/import/gnu/arm/5.4.1/bin/../lib/gcc/arm-none-eabi/5.4.1/armv7-m/crtbegin.o
 .bss           0x1fff8174       0x23 C:\Users\elias\AppData\Local\Temp\ccqj6Fiu.ltrans0.ltrans.o
                0x1fff8184                g_dma_raw_buf.lto_priv.270
                0x1fff8188                g_dma_filt_buf.lto_priv.268
                0x1fff818b                g_timer_event_pending.lto_priv.214
                0x1fff818c                g_sd_session_ready.lto_priv.204
                0x1fff818d                Tmr_UartRxWatchdog_initVar
                0x1fff818e                Tmr_PingCalTick_initVar
                0x1fff818f                Tmr_LedWait_initVar
                0x1fff8190                Tmr_CaptureWatchdog_initVar
                0x1fff8191                g_boot_led_off_due.lto_priv.212
                0x1fff8192                g_cal_button_pressed.lto_priv.256
                0x1fff8193                g_esp_connected.lto_priv.227
                0x1fff8194                g_timer2_wait_done.lto_priv.213
                0x1fff8195                g_sd_cap_en.lto_priv.233
                0x1fff8196                g_pgavdac_code.lto_priv.228
 *fill*         0x1fff8197        0x1 
 .bss           0x1fff8198       0x10 C:\Users\elias\AppData\Local\Temp\ccqj6Fiu.ltrans1.ltrans.o
                0x1fff819c                g_n_batches.lto_priv.258
                0x1fff81a0                g_sd_target_samples.lto_priv.257
                0x1fff81a4                g_fir_discard.lto_priv.260
                0x1fff81a6                g_sd_session_batches.lto_priv.273
 .bss           0x1fff81a8       0x1a C:\Users\elias\AppData\Local\Temp\ccqj6Fiu.ltrans2.ltrans.o
                0x1fff81a9                rx_state.lto_priv.226
                0x1fff81aa                watchdog_rx.lto_priv.249
                0x1fff81ac                g_timer3_remaining_counts.lto_priv.244
                0x1fff81b0                g_psoc_adc_isr_filtered_ready.lto_priv.243
                0x1fff81b4                g_psoc_adc_isr_filtered_counts.lto_priv.269
                0x1fff81b8                g_capture_wd_due.lto_priv.230
                0x1fff81b9                g_stream_mode.lto_priv.232
                0x1fff81ba                g_debug_psoc.lto_priv.229
                0x1fff81bc                g_sd_drop_samples.lto_priv.264
                0x1fff81c0                g_seq.lto_priv.259
 *fill*         0x1fff81c2        0x2 
 .bss           0x1fff81c4      0x254 C:\Users\elias\AppData\Local\Temp\ccqj6Fiu.ltrans4.ltrans.o
                0x1fff81c4                g_sd_selftest_ok.lto_priv.236
                0x1fff83cc                g_cal_timer_active.lto_priv.162
                0x1fff83cd                g_cal_progress_due.lto_priv.158
                0x1fff83ce                g_cal_watchdog_due.lto_priv.159
                0x1fff83d0                g_cal_progress_period_ms.lto_priv.160
                0x1fff83d4                g_cal_watchdog_remaining_ms.lto_priv.161
                0x1fff83d8                g_amux_cap_connected.lto_priv.154
                0x1fff83dc                g_cal_async.lto_priv.150
                0x1fff83e4                g_cal_diag_hook.lto_priv.152
                0x1fff83e8                g_cal_pi.lto_priv.151
 .bss           0x1fff8418      0x468 C:\Users\elias\AppData\Local\Temp\ccqj6Fiu.ltrans5.ltrans.o
                0x1fff8418                FatFs.lto_priv.164
 .bss           0x1fff8880        0xd C:\Users\elias\AppData\Local\Temp\ccqj6Fiu.ltrans6.ltrans.o
                0x1fff8880                g_dbg_cnt.lto_priv.272
                0x1fff8884                g_decim_acc.lto_priv.271
 *fill*         0x1fff888d        0x3 
 .bss           0x1fff8890      0x20e C:\Users\elias\AppData\Local\Temp\ccqj6Fiu.ltrans7.ltrans.o
                0x1fff8890                g_sd_type.lto_priv.126
                0x1fff8894                g_sd_blk.lto_priv.163
                0x1fff8a9c                dieTemperature
 *fill*         0x1fff8a9e        0x2 
 .bss           0x1fff8aa0     0xb6c7 C:\Users\elias\AppData\Local\Temp\ccqj6Fiu.ltrans9.ltrans.o
                0x1fff8aa0                g_batches_sent.lto_priv.174
                0x1fff8aa2                g_batches_captured.lto_priv.175
                0x1fff8aa4                g_capture_done.lto_priv.193
                0x1fff8aa5                g_chain_active.lto_priv.201
                0x1fff8aa6                g_total_target.lto_priv.199
                0x1fff8aa8                g_total_sent.lto_priv.200
                0x1fff8aaa                g_last_calibration_ok.lto_priv.190
                0x1fff8aab                g_idle_ping_due.lto_priv.172
                0x1fff8aac                g_idle_ping_armed.lto_priv.173
                0x1fff8aad                g_timer2_mode.lto_priv.179
                0x1fff8ab0                g_timer2_remaining_counts.lto_priv.180
                0x1fff8ab4                g_comm_led_active.lto_priv.176
                0x1fff8ab5                g_comm_blink_due.lto_priv.177
                0x1fff8ab6                g_comm_blinks_remaining.lto_priv.178
                0x1fff8ab8                g_ce_ctrl_level.lto_priv.170
                0x1fff8ab9                g_ce_error.lto_priv.192
                0x1fff8aba                g_ce_state.lto_priv.241
                0x1fff8abb                g_psoc_adc_cal_force_2v5.lto_priv.211
                0x1fff8abc                g_boot_ping_due.lto_priv.184
                0x1fff8abd                g_cal_ack_pending.lto_priv.191
                0x1fff8ac0                g_sd_file.lto_priv.235
                0x1fff8b10                g_sd_file_open.lto_priv.196
                0x1fff8b14                g_sd_ring_samples.lto_priv.210
                0x1fff8b18                g_sd_ring_drained.lto_priv.263
                0x1fff8b1c                g_sd_blk_fill.lto_priv.265
                0x1fff8b20                g_capture_raw.lto_priv.198
                0x20003f20                g_sd_err_flags.lto_priv.202
                0x20003f21                g_sd_write_failed.lto_priv.195
                0x20003f24                g_sd_blocks_written.lto_priv.203
                0x20004164                g_sd_fs_mounted.lto_priv.171
                0x20004165                g_sd_cap_active.lto_priv.194
                0x20004166                g_decim_n.lto_priv.261
 *fill*         0x20004167        0x1 
 .bss           0x20004168       0x40 C:\Users\elias\AppData\Local\Temp\ccqj6Fiu.ltrans11.ltrans.o
                0x20004168                UART_errorStatus
                0x20004169                UART_rxBufferWrite
                0x2000416c                UART_rxBuffer
                0x2000418c                UART_rxBufferLoopDetect
                0x2000418e                UART_rxBufferRead
                0x2000418f                ADC_stopConversion
                0x20004194                ADC_initVar
                0x20004195                ADC_started
                0x20004196                ADC_convDone
                0x20004198                ADC_gcor.lto_priv.149
 .bss           0x200041a8       0xc6 C:\Users\elias\AppData\Local\Temp\ccqj6Fiu.ltrans14.ltrans.o
                0x200041a8                g_timer1_mode.lto_priv.143
                0x200041ac                g_timer1_remaining_counts.lto_priv.145
                0x200041b0                UART_initVar
                0x200041b1                UART_txBufferWrite
                0x200041b2                UART_txBufferRead
                0x200041b4                UART_txBuffer
                0x20004234                g_state.lto_priv.146
                0x20004235                g_nv_ready.lto_priv.168
                0x20004238                g_psoc_cal_results
                0x20004268                g_psoc_cal_result_count
                0x20004269                AMux_ADC__armsEnabled.lto_priv.118
                0x2000426c                AMux_ADC__refCnt.lto_priv.122
 *(COMMON)
                0x20004270                . = ALIGN (0x8)
 *fill*         0x2000426e        0x2 
 *(.ram.b)
                0x20004270                _end = .
                0x20004270                __end = .
                0x20004270                PROVIDE (end, .)
                0x20004270                PROVIDE (__bss_end__, .)
                0x0000e920                __cy_region_init_ram = LOADADDR (.data)
                0x00000098                __cy_region_init_size_ram = (_edata - ADDR (.data))
                0x0000c118                __cy_region_zero_size_ram = (_end - _edata)

.heap           0x20004270       0x80 load address 0x0000e9b8
                0x20004270                . = _end
                0x200042f0                . = (. + 0x80)
 *fill*         0x20004270       0x80 
                0x200042f0                __cy_heap_limit = .

.stack          0x20007800      0x800
                0x20007800                __cy_stack_limit = .
                0x20008000                . = (. + 0x800)
 *fill*         0x20007800      0x800 
                0x00000001                ASSERT ((__cy_stack_limit >= __cy_heap_limit), region RAM overflowed with stack)
                0x00000000                cy_checksum_exclude_size = (CY_APPL_LOADABLE == 0x1)?SIZEOF (.cy_checksum_exclude):0x0
                0x00000001                ASSERT ((cy_checksum_exclude_size <= CY_CHECKSUM_EXCLUDE_SIZE), CY_BOOT: Section .cy_checksum_exclude size exceedes specified limit.)

.cyloadermeta
 *(.cyloadermeta)

.cyloadablemeta
 *(.cyloadablemeta)

.cyconfigecc    0x80000000     0x1304
 *(.cyconfigecc)
 .cyconfigecc   0x80000000     0x1304 C:\Users\elias\AppData\Local\Temp\ccqj6Fiu.ltrans3.ltrans.o
                0x80000000                cy_meta_configecc

.cycustnvl      0x90000000        0x4
 *(.cycustnvl)
 .cycustnvl     0x90000000        0x4 C:\Users\elias\AppData\Local\Temp\ccqj6Fiu.ltrans3.ltrans.o
                0x90000000                cy_meta_custnvl

.cywolatch      0x90100000        0x4
 *(.cywolatch)
 .cywolatch     0x90100000        0x4 C:\Users\elias\AppData\Local\Temp\ccqj6Fiu.ltrans3.ltrans.o
                0x90100000                cy_meta_wonvl

.cyeeprom       0x90200000        0x0
 *(.cyeeprom)
                0x00000001                ASSERT ((. <= ((0x90200000 + ee_offset) + ee_size)), .cyeeprom data will not fit in EEPROM)

.cyflashprotect
                0x90400000      0x100
 *(.cyflashprotect)
 .cyflashprotect
                0x90400000      0x100 C:\Users\elias\AppData\Local\Temp\ccqj6Fiu.ltrans3.ltrans.o
                0x90400000                cy_meta_flashprotect

.cymeta         0x90500000        0xc
 *(.cymeta)
 .cymeta        0x90500000        0xc C:\Users\elias\AppData\Local\Temp\ccqj6Fiu.ltrans3.ltrans.o
                0x90500000                cy_metadata

.rel.dyn        0x0000e9b8        0x0 load address 0x9050000c
 .rel.iplt      0x0000e9b8        0x0 c:/program files (x86)/cypress/psoc creator/4.4/psoc creator/import/gnu/arm/5.4.1/bin/../lib/gcc/arm-none-eabi/5.4.1/armv7-m/crtbegin.o

.stab
 *(.stab)

.stabstr
 *(.stabstr)

.debug
 *(.debug)

.line
 *(.line)

.debug_srcinfo
 *(.debug_srcinfo)

.debug_sfnames
 *(.debug_sfnames)

.debug_aranges  0x00000000      0x540
 *(.debug_aranges)
 .debug_aranges
                0x00000000       0x20 C:\Users\elias\AppData\Local\Temp\ccqj6Fiu.ltrans0.ltrans.o
 .debug_aranges
                0x00000020       0x20 C:\Users\elias\AppData\Local\Temp\ccqj6Fiu.ltrans1.ltrans.o
 .debug_aranges
                0x00000040       0x20 C:\Users\elias\AppData\Local\Temp\ccqj6Fiu.ltrans2.ltrans.o
 .debug_aranges
                0x00000060       0xa0 C:\Users\elias\AppData\Local\Temp\ccqj6Fiu.ltrans3.ltrans.o
 .debug_aranges
                0x00000100       0x68 C:\Users\elias\AppData\Local\Temp\ccqj6Fiu.ltrans4.ltrans.o
 .debug_aranges
                0x00000168       0x38 C:\Users\elias\AppData\Local\Temp\ccqj6Fiu.ltrans5.ltrans.o
 .debug_aranges
                0x000001a0       0x80 C:\Users\elias\AppData\Local\Temp\ccqj6Fiu.ltrans6.ltrans.o
 .debug_aranges
                0x00000220       0xb8 C:\Users\elias\AppData\Local\Temp\ccqj6Fiu.ltrans7.ltrans.o
 .debug_aranges
                0x000002d8       0x60 C:\Users\elias\AppData\Local\Temp\ccqj6Fiu.ltrans8.ltrans.o
 .debug_aranges
                0x00000338       0x58 C:\Users\elias\AppData\Local\Temp\ccqj6Fiu.ltrans9.ltrans.o
 .debug_aranges
                0x00000390       0x68 C:\Users\elias\AppData\Local\Temp\ccqj6Fiu.ltrans10.ltrans.o
 .debug_aranges
                0x000003f8       0x78 C:\Users\elias\AppData\Local\Temp\ccqj6Fiu.ltrans11.ltrans.o
 .debug_aranges
                0x00000470       0x28 C:\Users\elias\AppData\Local\Temp\ccqj6Fiu.ltrans12.ltrans.o
 .debug_aranges
                0x00000498       0x20 C:\Users\elias\AppData\Local\Temp\ccqj6Fiu.ltrans13.ltrans.o
 .debug_aranges
                0x000004b8       0x68 C:\Users\elias\AppData\Local\Temp\ccqj6Fiu.ltrans14.ltrans.o
 .debug_aranges
                0x00000520       0x20 .\CortexM3\ARM_GCC_541\Debug\AcondicionamientoAnalogico.a(CyBootAsmGnu.o)

.debug_pubnames
 *(.debug_pubnames)

.debug_info     0x00000000    0x1b831
 *(.debug_info .gnu.linkonce.wi.*)
 .debug_info    0x00000000     0x3907 C:\Users\elias\AppData\Local\Temp\ccqj6Fiu.ltrans0.ltrans.o
 .debug_info    0x00003907     0x37ef C:\Users\elias\AppData\Local\Temp\ccqj6Fiu.ltrans1.ltrans.o
 .debug_info    0x000070f6     0x26e6 C:\Users\elias\AppData\Local\Temp\ccqj6Fiu.ltrans2.ltrans.o
 .debug_info    0x000097dc     0x222e C:\Users\elias\AppData\Local\Temp\ccqj6Fiu.ltrans3.ltrans.o
 .debug_info    0x0000ba0a     0x1f13 C:\Users\elias\AppData\Local\Temp\ccqj6Fiu.ltrans4.ltrans.o
 .debug_info    0x0000d91d     0x1956 C:\Users\elias\AppData\Local\Temp\ccqj6Fiu.ltrans5.ltrans.o
 .debug_info    0x0000f273     0x17f3 C:\Users\elias\AppData\Local\Temp\ccqj6Fiu.ltrans6.ltrans.o
 .debug_info    0x00010a66     0x1983 C:\Users\elias\AppData\Local\Temp\ccqj6Fiu.ltrans7.ltrans.o
 .debug_info    0x000123e9     0x1943 C:\Users\elias\AppData\Local\Temp\ccqj6Fiu.ltrans8.ltrans.o
 .debug_info    0x00013d2c     0x2002 C:\Users\elias\AppData\Local\Temp\ccqj6Fiu.ltrans9.ltrans.o
 .debug_info    0x00015d2e     0x16ca C:\Users\elias\AppData\Local\Temp\ccqj6Fiu.ltrans10.ltrans.o
 .debug_info    0x000173f8      0xedd C:\Users\elias\AppData\Local\Temp\ccqj6Fiu.ltrans11.ltrans.o
 .debug_info    0x000182d5     0x1222 C:\Users\elias\AppData\Local\Temp\ccqj6Fiu.ltrans12.ltrans.o
 .debug_info    0x000194f7     0x10d2 C:\Users\elias\AppData\Local\Temp\ccqj6Fiu.ltrans13.ltrans.o
 .debug_info    0x0001a5c9     0x11e0 C:\Users\elias\AppData\Local\Temp\ccqj6Fiu.ltrans14.ltrans.o
 .debug_info    0x0001b7a9       0x88 .\CortexM3\ARM_GCC_541\Debug\AcondicionamientoAnalogico.a(CyBootAsmGnu.o)

.debug_abbrev   0x00000000     0x3bb7
 *(.debug_abbrev)
 .debug_abbrev  0x00000000      0x3ea C:\Users\elias\AppData\Local\Temp\ccqj6Fiu.ltrans0.ltrans.o
 .debug_abbrev  0x000003ea      0x41e C:\Users\elias\AppData\Local\Temp\ccqj6Fiu.ltrans1.ltrans.o
 .debug_abbrev  0x00000808      0x3d4 C:\Users\elias\AppData\Local\Temp\ccqj6Fiu.ltrans2.ltrans.o
 .debug_abbrev  0x00000bdc      0x497 C:\Users\elias\AppData\Local\Temp\ccqj6Fiu.ltrans3.ltrans.o
 .debug_abbrev  0x00001073      0x503 C:\Users\elias\AppData\Local\Temp\ccqj6Fiu.ltrans4.ltrans.o
 .debug_abbrev  0x00001576      0x2c7 C:\Users\elias\AppData\Local\Temp\ccqj6Fiu.ltrans5.ltrans.o
 .debug_abbrev  0x0000183d      0x429 C:\Users\elias\AppData\Local\Temp\ccqj6Fiu.ltrans6.ltrans.o
 .debug_abbrev  0x00001c66      0x4bd C:\Users\elias\AppData\Local\Temp\ccqj6Fiu.ltrans7.ltrans.o
 .debug_abbrev  0x00002123      0x3fc C:\Users\elias\AppData\Local\Temp\ccqj6Fiu.ltrans8.ltrans.o
 .debug_abbrev  0x0000251f      0x473 C:\Users\elias\AppData\Local\Temp\ccqj6Fiu.ltrans9.ltrans.o
 .debug_abbrev  0x00002992      0x3e9 C:\Users\elias\AppData\Local\Temp\ccqj6Fiu.ltrans10.ltrans.o
 .debug_abbrev  0x00002d7b      0x46b C:\Users\elias\AppData\Local\Temp\ccqj6Fiu.ltrans11.ltrans.o
 .debug_abbrev  0x000031e6      0x2e4 C:\Users\elias\AppData\Local\Temp\ccqj6Fiu.ltrans12.ltrans.o
 .debug_abbrev  0x000034ca      0x34d C:\Users\elias\AppData\Local\Temp\ccqj6Fiu.ltrans13.ltrans.o
 .debug_abbrev  0x00003817      0x38c C:\Users\elias\AppData\Local\Temp\ccqj6Fiu.ltrans14.ltrans.o
 .debug_abbrev  0x00003ba3       0x14 .\CortexM3\ARM_GCC_541\Debug\AcondicionamientoAnalogico.a(CyBootAsmGnu.o)

.debug_line     0x00000000     0x82c5
 *(.debug_line)
 .debug_line    0x00000000     0x13ef C:\Users\elias\AppData\Local\Temp\ccqj6Fiu.ltrans0.ltrans.o
 .debug_line    0x000013ef      0xea8 C:\Users\elias\AppData\Local\Temp\ccqj6Fiu.ltrans1.ltrans.o
 .debug_line    0x00002297      0xa7d C:\Users\elias\AppData\Local\Temp\ccqj6Fiu.ltrans2.ltrans.o
 .debug_line    0x00002d14      0xb10 C:\Users\elias\AppData\Local\Temp\ccqj6Fiu.ltrans3.ltrans.o
 .debug_line    0x00003824      0x6ae C:\Users\elias\AppData\Local\Temp\ccqj6Fiu.ltrans4.ltrans.o
 .debug_line    0x00003ed2      0x648 C:\Users\elias\AppData\Local\Temp\ccqj6Fiu.ltrans5.ltrans.o
 .debug_line    0x0000451a      0x8f3 C:\Users\elias\AppData\Local\Temp\ccqj6Fiu.ltrans6.ltrans.o
 .debug_line    0x00004e0d      0x8aa C:\Users\elias\AppData\Local\Temp\ccqj6Fiu.ltrans7.ltrans.o
 .debug_line    0x000056b7      0x72b C:\Users\elias\AppData\Local\Temp\ccqj6Fiu.ltrans8.ltrans.o
 .debug_line    0x00005de2      0x7ec C:\Users\elias\AppData\Local\Temp\ccqj6Fiu.ltrans9.ltrans.o
 .debug_line    0x000065ce      0x56f C:\Users\elias\AppData\Local\Temp\ccqj6Fiu.ltrans10.ltrans.o
 .debug_line    0x00006b3d      0x727 C:\Users\elias\AppData\Local\Temp\ccqj6Fiu.ltrans11.ltrans.o
 .debug_line    0x00007264      0x605 C:\Users\elias\AppData\Local\Temp\ccqj6Fiu.ltrans12.ltrans.o
 .debug_line    0x00007869      0x42d C:\Users\elias\AppData\Local\Temp\ccqj6Fiu.ltrans13.ltrans.o
 .debug_line    0x00007c96      0x5c9 C:\Users\elias\AppData\Local\Temp\ccqj6Fiu.ltrans14.ltrans.o
 .debug_line    0x0000825f       0x66 .\CortexM3\ARM_GCC_541\Debug\AcondicionamientoAnalogico.a(CyBootAsmGnu.o)

.debug_frame    0x00000000     0x1384
 *(.debug_frame)
 .debug_frame   0x00000000       0x2c C:\Users\elias\AppData\Local\Temp\ccqj6Fiu.ltrans0.ltrans.o
 .debug_frame   0x0000002c       0x44 C:\Users\elias\AppData\Local\Temp\ccqj6Fiu.ltrans1.ltrans.o
 .debug_frame   0x00000070       0x48 C:\Users\elias\AppData\Local\Temp\ccqj6Fiu.ltrans2.ltrans.o
 .debug_frame   0x000000b8      0x268 C:\Users\elias\AppData\Local\Temp\ccqj6Fiu.ltrans3.ltrans.o
 .debug_frame   0x00000320      0x158 C:\Users\elias\AppData\Local\Temp\ccqj6Fiu.ltrans4.ltrans.o
 .debug_frame   0x00000478       0xe8 C:\Users\elias\AppData\Local\Temp\ccqj6Fiu.ltrans5.ltrans.o
 .debug_frame   0x00000560      0x1ac C:\Users\elias\AppData\Local\Temp\ccqj6Fiu.ltrans6.ltrans.o
 .debug_frame   0x0000070c      0x2b4 C:\Users\elias\AppData\Local\Temp\ccqj6Fiu.ltrans7.ltrans.o
 .debug_frame   0x000009c0      0x16c C:\Users\elias\AppData\Local\Temp\ccqj6Fiu.ltrans8.ltrans.o
 .debug_frame   0x00000b2c      0x130 C:\Users\elias\AppData\Local\Temp\ccqj6Fiu.ltrans9.ltrans.o
 .debug_frame   0x00000c5c      0x18c C:\Users\elias\AppData\Local\Temp\ccqj6Fiu.ltrans10.ltrans.o
 .debug_frame   0x00000de8      0x184 C:\Users\elias\AppData\Local\Temp\ccqj6Fiu.ltrans11.ltrans.o
 .debug_frame   0x00000f6c       0x74 C:\Users\elias\AppData\Local\Temp\ccqj6Fiu.ltrans12.ltrans.o
 .debug_frame   0x00000fe0       0x40 C:\Users\elias\AppData\Local\Temp\ccqj6Fiu.ltrans13.ltrans.o
 .debug_frame   0x00001020      0x198 C:\Users\elias\AppData\Local\Temp\ccqj6Fiu.ltrans14.ltrans.o
 .debug_frame   0x000011b8       0x20 c:/program files (x86)/cypress/psoc creator/4.4/psoc creator/import/gnu/arm/5.4.1/bin/../lib/gcc/arm-none-eabi/5.4.1/../../../../arm-none-eabi/lib/armv7-m\libg_nano.a(lib_a-errno.o)
 .debug_frame   0x000011d8       0x28 c:/program files (x86)/cypress/psoc creator/4.4/psoc creator/import/gnu/arm/5.4.1/bin/../lib/gcc/arm-none-eabi/5.4.1/../../../../arm-none-eabi/lib/armv7-m\libg_nano.a(lib_a-exit.o)
 .debug_frame   0x00001200       0x2c c:/program files (x86)/cypress/psoc creator/4.4/psoc creator/import/gnu/arm/5.4.1/bin/../lib/gcc/arm-none-eabi/5.4.1/../../../../arm-none-eabi/lib/armv7-m\libg_nano.a(lib_a-init.o)
 .debug_frame   0x0000122c       0x20 c:/program files (x86)/cypress/psoc creator/4.4/psoc creator/import/gnu/arm/5.4.1/bin/../lib/gcc/arm-none-eabi/5.4.1/../../../../arm-none-eabi/lib/armv7-m\libg_nano.a(lib_a-memset.o)
 .debug_frame   0x0000124c       0x20 c:/program files (x86)/cypress/psoc creator/4.4/psoc creator/import/gnu/arm/5.4.1/bin/../lib/gcc/arm-none-eabi/5.4.1/../../../../arm-none-eabi/lib/armv7-m\libnosys.a(_exit.o)
 .debug_frame   0x0000126c       0x44 c:/program files (x86)/cypress/psoc creator/4.4/psoc creator/import/gnu/arm/5.4.1/bin/../lib/gcc/arm-none-eabi/5.4.1/armv7-m\libgcc.a(_aeabi_ldivmod.o)
 .debug_frame   0x000012b0       0x2c c:/program files (x86)/cypress/psoc creator/4.4/psoc creator/import/gnu/arm/5.4.1/bin/../lib/gcc/arm-none-eabi/5.4.1/armv7-m\libgcc.a(_aeabi_uldivmod.o)
 .debug_frame   0x000012dc       0x38 c:/program files (x86)/cypress/psoc creator/4.4/psoc creator/import/gnu/arm/5.4.1/bin/../lib/gcc/arm-none-eabi/5.4.1/armv7-m\libgcc.a(_udivmoddi4.o)
 .debug_frame   0x00001314       0x28 c:/program files (x86)/cypress/psoc creator/4.4/psoc creator/import/gnu/arm/5.4.1/bin/../lib/gcc/arm-none-eabi/5.4.1/../../../../arm-none-eabi/lib/armv7-m\libg_nano.a(lib_a-memcmp.o)
 .debug_frame   0x0000133c       0x28 c:/program files (x86)/cypress/psoc creator/4.4/psoc creator/import/gnu/arm/5.4.1/bin/../lib/gcc/arm-none-eabi/5.4.1/../../../../arm-none-eabi/lib/armv7-m\libg_nano.a(lib_a-memcpy-stub.o)
 .debug_frame   0x00001364       0x20 c:/program files (x86)/cypress/psoc creator/4.4/psoc creator/import/gnu/arm/5.4.1/bin/../lib/gcc/arm-none-eabi/5.4.1/../../../../arm-none-eabi/lib/armv7-m\libg_nano.a(lib_a-strchr.o)

.debug_str      0x00000000     0x5ca2
 *(.debug_str)
 .debug_str     0x00000000     0x15e9 C:\Users\elias\AppData\Local\Temp\ccqj6Fiu.ltrans0.ltrans.o
                               0x1697 (size before relaxing)
 .debug_str     0x000015e9      0xc4c C:\Users\elias\AppData\Local\Temp\ccqj6Fiu.ltrans1.ltrans.o
                               0x12f3 (size before relaxing)
 .debug_str     0x00002235      0x938 C:\Users\elias\AppData\Local\Temp\ccqj6Fiu.ltrans2.ltrans.o
                               0x116f (size before relaxing)
 .debug_str     0x00002b6d      0x5dd C:\Users\elias\AppData\Local\Temp\ccqj6Fiu.ltrans3.ltrans.o
                               0x11ce (size before relaxing)
 .debug_str     0x0000314a      0x882 C:\Users\elias\AppData\Local\Temp\ccqj6Fiu.ltrans4.ltrans.o
                                0xe58 (size before relaxing)
 .debug_str     0x000039cc      0x20e C:\Users\elias\AppData\Local\Temp\ccqj6Fiu.ltrans5.ltrans.o
                                0x6a1 (size before relaxing)
 .debug_str     0x00003bda      0x43a C:\Users\elias\AppData\Local\Temp\ccqj6Fiu.ltrans6.ltrans.o
                                0xc74 (size before relaxing)
 .debug_str     0x00004014      0x591 C:\Users\elias\AppData\Local\Temp\ccqj6Fiu.ltrans7.ltrans.o
                                0xbda (size before relaxing)
 .debug_str     0x000045a5      0x1b0 C:\Users\elias\AppData\Local\Temp\ccqj6Fiu.ltrans8.ltrans.o
                                0x7a8 (size before relaxing)
 .debug_str     0x00004755      0x906 C:\Users\elias\AppData\Local\Temp\ccqj6Fiu.ltrans9.ltrans.o
                               0x1571 (size before relaxing)
 .debug_str     0x0000505b      0x1c3 C:\Users\elias\AppData\Local\Temp\ccqj6Fiu.ltrans10.ltrans.o
                                0x7ae (size before relaxing)
 .debug_str     0x0000521e      0x3d9 C:\Users\elias\AppData\Local\Temp\ccqj6Fiu.ltrans11.ltrans.o
                                0x6a4 (size before relaxing)
 .debug_str     0x000055f7       0x66 C:\Users\elias\AppData\Local\Temp\ccqj6Fiu.ltrans12.ltrans.o
                                0x597 (size before relaxing)
 .debug_str     0x0000565d       0x13 C:\Users\elias\AppData\Local\Temp\ccqj6Fiu.ltrans13.ltrans.o
                                0x600 (size before relaxing)
 .debug_str     0x00005670      0x632 C:\Users\elias\AppData\Local\Temp\ccqj6Fiu.ltrans14.ltrans.o
                                0xba4 (size before relaxing)

.debug_loc      0x00000000    0x12c5b
 *(.debug_loc)
 .debug_loc     0x00000000     0x1c2f C:\Users\elias\AppData\Local\Temp\ccqj6Fiu.ltrans0.ltrans.o
 .debug_loc     0x00001c2f     0x1d8a C:\Users\elias\AppData\Local\Temp\ccqj6Fiu.ltrans1.ltrans.o
 .debug_loc     0x000039b9     0x18cd C:\Users\elias\AppData\Local\Temp\ccqj6Fiu.ltrans2.ltrans.o
 .debug_loc     0x00005286      0xf8b C:\Users\elias\AppData\Local\Temp\ccqj6Fiu.ltrans3.ltrans.o
 .debug_loc     0x00006211     0x1119 C:\Users\elias\AppData\Local\Temp\ccqj6Fiu.ltrans4.ltrans.o
 .debug_loc     0x0000732a     0x2222 C:\Users\elias\AppData\Local\Temp\ccqj6Fiu.ltrans5.ltrans.o
 .debug_loc     0x0000954c      0xa07 C:\Users\elias\AppData\Local\Temp\ccqj6Fiu.ltrans6.ltrans.o
 .debug_loc     0x00009f53     0x1a2a C:\Users\elias\AppData\Local\Temp\ccqj6Fiu.ltrans7.ltrans.o
 .debug_loc     0x0000b97d     0x1678 C:\Users\elias\AppData\Local\Temp\ccqj6Fiu.ltrans8.ltrans.o
 .debug_loc     0x0000cff5      0xf4e C:\Users\elias\AppData\Local\Temp\ccqj6Fiu.ltrans9.ltrans.o
 .debug_loc     0x0000df43     0x1609 C:\Users\elias\AppData\Local\Temp\ccqj6Fiu.ltrans10.ltrans.o
 .debug_loc     0x0000f54c      0xaab C:\Users\elias\AppData\Local\Temp\ccqj6Fiu.ltrans11.ltrans.o
 .debug_loc     0x0000fff7     0x1d1c C:\Users\elias\AppData\Local\Temp\ccqj6Fiu.ltrans12.ltrans.o
 .debug_loc     0x00011d13      0x8ca C:\Users\elias\AppData\Local\Temp\ccqj6Fiu.ltrans13.ltrans.o
 .debug_loc     0x000125dd      0x67e C:\Users\elias\AppData\Local\Temp\ccqj6Fiu.ltrans14.ltrans.o

.debug_macinfo
 *(.debug_macinfo)

.debug_ranges   0x00000000     0x7c28
 *(.debug_ranges)
 .debug_ranges  0x00000000     0x1c70 C:\Users\elias\AppData\Local\Temp\ccqj6Fiu.ltrans0.ltrans.o
 .debug_ranges  0x00001c70     0x1020 C:\Users\elias\AppData\Local\Temp\ccqj6Fiu.ltrans1.ltrans.o
 .debug_ranges  0x00002c90      0xf78 C:\Users\elias\AppData\Local\Temp\ccqj6Fiu.ltrans2.ltrans.o
 .debug_ranges  0x00003c08      0xa00 C:\Users\elias\AppData\Local\Temp\ccqj6Fiu.ltrans3.ltrans.o
 .debug_ranges  0x00004608      0x598 C:\Users\elias\AppData\Local\Temp\ccqj6Fiu.ltrans4.ltrans.o
 .debug_ranges  0x00004ba0      0x4e8 C:\Users\elias\AppData\Local\Temp\ccqj6Fiu.ltrans5.ltrans.o
 .debug_ranges  0x00005088      0x950 C:\Users\elias\AppData\Local\Temp\ccqj6Fiu.ltrans6.ltrans.o
 .debug_ranges  0x000059d8      0x3c0 C:\Users\elias\AppData\Local\Temp\ccqj6Fiu.ltrans7.ltrans.o
 .debug_ranges  0x00005d98      0x3d8 C:\Users\elias\AppData\Local\Temp\ccqj6Fiu.ltrans8.ltrans.o
 .debug_ranges  0x00006170      0x968 C:\Users\elias\AppData\Local\Temp\ccqj6Fiu.ltrans9.ltrans.o
 .debug_ranges  0x00006ad8      0x340 C:\Users\elias\AppData\Local\Temp\ccqj6Fiu.ltrans10.ltrans.o
 .debug_ranges  0x00006e18      0x460 C:\Users\elias\AppData\Local\Temp\ccqj6Fiu.ltrans11.ltrans.o
 .debug_ranges  0x00007278      0x370 C:\Users\elias\AppData\Local\Temp\ccqj6Fiu.ltrans12.ltrans.o
 .debug_ranges  0x000075e8      0x280 C:\Users\elias\AppData\Local\Temp\ccqj6Fiu.ltrans13.ltrans.o
 .debug_ranges  0x00007868      0x3c0 C:\Users\elias\AppData\Local\Temp\ccqj6Fiu.ltrans14.ltrans.o

.comment        0x00000000       0x6e
 .comment       0x00000000       0x6e C:\Users\elias\AppData\Local\Temp\ccqj6Fiu.ltrans0.ltrans.o
                                 0x6f (size before relaxing)
 .comment       0x0000006e       0x6f C:\Users\elias\AppData\Local\Temp\ccqj6Fiu.ltrans1.ltrans.o
 .comment       0x0000006e       0x6f C:\Users\elias\AppData\Local\Temp\ccqj6Fiu.ltrans2.ltrans.o
 .comment       0x0000006e       0x6f C:\Users\elias\AppData\Local\Temp\ccqj6Fiu.ltrans3.ltrans.o
 .comment       0x0000006e       0x6f C:\Users\elias\AppData\Local\Temp\ccqj6Fiu.ltrans4.ltrans.o
 .comment       0x0000006e       0x6f C:\Users\elias\AppData\Local\Temp\ccqj6Fiu.ltrans5.ltrans.o
 .comment       0x0000006e       0x6f C:\Users\elias\AppData\Local\Temp\ccqj6Fiu.ltrans6.ltrans.o
 .comment       0x0000006e       0x6f C:\Users\elias\AppData\Local\Temp\ccqj6Fiu.ltrans7.ltrans.o
 .comment       0x0000006e       0x6f C:\Users\elias\AppData\Local\Temp\ccqj6Fiu.ltrans8.ltrans.o
 .comment       0x0000006e       0x6f C:\Users\elias\AppData\Local\Temp\ccqj6Fiu.ltrans9.ltrans.o
 .comment       0x0000006e       0x6f C:\Users\elias\AppData\Local\Temp\ccqj6Fiu.ltrans10.ltrans.o
 .comment       0x0000006e       0x6f C:\Users\elias\AppData\Local\Temp\ccqj6Fiu.ltrans11.ltrans.o
 .comment       0x0000006e       0x6f C:\Users\elias\AppData\Local\Temp\ccqj6Fiu.ltrans12.ltrans.o
 .comment       0x0000006e       0x6f C:\Users\elias\AppData\Local\Temp\ccqj6Fiu.ltrans13.ltrans.o
 .comment       0x0000006e       0x6f C:\Users\elias\AppData\Local\Temp\ccqj6Fiu.ltrans14.ltrans.o

.debug_weaknames
 *(.debug_weaknames)

.debug_funcnames
 *(.debug_funcnames)

.debug_typenames
 *(.debug_typenames)

.debug_varnames
 *(.debug_varnames)

.note.gnu.arm.ident
 *(.note.gnu.arm.ident)

.ARM.attributes
                0x00000000       0x29
 *(.ARM.attributes)
 .ARM.attributes
                0x00000000       0x1d c:/program files (x86)/cypress/psoc creator/4.4/psoc creator/import/gnu/arm/5.4.1/bin/../lib/gcc/arm-none-eabi/5.4.1/armv7-m/crti.o
 .ARM.attributes
                0x0000001d       0x2d c:/program files (x86)/cypress/psoc creator/4.4/psoc creator/import/gnu/arm/5.4.1/bin/../lib/gcc/arm-none-eabi/5.4.1/armv7-m/crtbegin.o
 .ARM.attributes
                0x0000004a       0x1b c:/program files (x86)/cypress/psoc creator/4.4/psoc creator/import/gnu/arm/5.4.1/bin/../lib/gcc/arm-none-eabi/5.4.1/../../../../arm-none-eabi/lib/armv7-m/crt0.o
 .ARM.attributes
                0x00000065       0x31 C:\Users\elias\AppData\Local\Temp\ccqj6Fiu.ltrans0.ltrans.o
 .ARM.attributes
                0x00000096       0x31 C:\Users\elias\AppData\Local\Temp\ccqj6Fiu.ltrans1.ltrans.o
 .ARM.attributes
                0x000000c7       0x31 C:\Users\elias\AppData\Local\Temp\ccqj6Fiu.ltrans2.ltrans.o
 .ARM.attributes
                0x000000f8       0x31 C:\Users\elias\AppData\Local\Temp\ccqj6Fiu.ltrans3.ltrans.o
 .ARM.attributes
                0x00000129       0x31 C:\Users\elias\AppData\Local\Temp\ccqj6Fiu.ltrans4.ltrans.o
 .ARM.attributes
                0x0000015a       0x31 C:\Users\elias\AppData\Local\Temp\ccqj6Fiu.ltrans5.ltrans.o
 .ARM.attributes
                0x0000018b       0x31 C:\Users\elias\AppData\Local\Temp\ccqj6Fiu.ltrans6.ltrans.o
 .ARM.attributes
                0x000001bc       0x31 C:\Users\elias\AppData\Local\Temp\ccqj6Fiu.ltrans7.ltrans.o
 .ARM.attributes
                0x000001ed       0x31 C:\Users\elias\AppData\Local\Temp\ccqj6Fiu.ltrans8.ltrans.o
 .ARM.attributes
                0x0000021e       0x31 C:\Users\elias\AppData\Local\Temp\ccqj6Fiu.ltrans9.ltrans.o
 .ARM.attributes
                0x0000024f       0x31 C:\Users\elias\AppData\Local\Temp\ccqj6Fiu.ltrans10.ltrans.o
 .ARM.attributes
                0x00000280       0x31 C:\Users\elias\AppData\Local\Temp\ccqj6Fiu.ltrans11.ltrans.o
 .ARM.attributes
                0x000002b1       0x31 C:\Users\elias\AppData\Local\Temp\ccqj6Fiu.ltrans12.ltrans.o
 .ARM.attributes
                0x000002e2       0x31 C:\Users\elias\AppData\Local\Temp\ccqj6Fiu.ltrans13.ltrans.o
 .ARM.attributes
                0x00000313       0x31 C:\Users\elias\AppData\Local\Temp\ccqj6Fiu.ltrans14.ltrans.o
 .ARM.attributes
                0x00000344       0x21 .\CortexM3\ARM_GCC_541\Debug\AcondicionamientoAnalogico.a(CyBootAsmGnu.o)
 .ARM.attributes
                0x00000365       0x2d c:/program files (x86)/cypress/psoc creator/4.4/psoc creator/import/gnu/arm/5.4.1/bin/../lib/gcc/arm-none-eabi/5.4.1/../../../../arm-none-eabi/lib/armv7-m\libg_nano.a(lib_a-errno.o)
 .ARM.attributes
                0x00000392       0x2d c:/program files (x86)/cypress/psoc creator/4.4/psoc creator/import/gnu/arm/5.4.1/bin/../lib/gcc/arm-none-eabi/5.4.1/../../../../arm-none-eabi/lib/armv7-m\libg_nano.a(lib_a-exit.o)
 .ARM.attributes
                0x000003bf       0x2d c:/program files (x86)/cypress/psoc creator/4.4/psoc creator/import/gnu/arm/5.4.1/bin/../lib/gcc/arm-none-eabi/5.4.1/../../../../arm-none-eabi/lib/armv7-m\libg_nano.a(lib_a-impure.o)
 .ARM.attributes
                0x000003ec       0x2d c:/program files (x86)/cypress/psoc creator/4.4/psoc creator/import/gnu/arm/5.4.1/bin/../lib/gcc/arm-none-eabi/5.4.1/../../../../arm-none-eabi/lib/armv7-m\libg_nano.a(lib_a-init.o)
 .ARM.attributes
                0x00000419       0x2d c:/program files (x86)/cypress/psoc creator/4.4/psoc creator/import/gnu/arm/5.4.1/bin/../lib/gcc/arm-none-eabi/5.4.1/../../../../arm-none-eabi/lib/armv7-m\libg_nano.a(lib_a-memset.o)
 .ARM.attributes
                0x00000446       0x2d c:/program files (x86)/cypress/psoc creator/4.4/psoc creator/import/gnu/arm/5.4.1/bin/../lib/gcc/arm-none-eabi/5.4.1/armv7-m/crtend.o
 .ARM.attributes
                0x00000473       0x1d c:/program files (x86)/cypress/psoc creator/4.4/psoc creator/import/gnu/arm/5.4.1/bin/../lib/gcc/arm-none-eabi/5.4.1/armv7-m/crtn.o
 .ARM.attributes
                0x00000490       0x2d c:/program files (x86)/cypress/psoc creator/4.4/psoc creator/import/gnu/arm/5.4.1/bin/../lib/gcc/arm-none-eabi/5.4.1/../../../../arm-none-eabi/lib/armv7-m\libnosys.a(_exit.o)
 .ARM.attributes
                0x000004bd       0x1d c:/program files (x86)/cypress/psoc creator/4.4/psoc creator/import/gnu/arm/5.4.1/bin/../lib/gcc/arm-none-eabi/5.4.1/armv7-m\libgcc.a(_aeabi_ldivmod.o)
 .ARM.attributes
                0x000004da       0x1d c:/program files (x86)/cypress/psoc creator/4.4/psoc creator/import/gnu/arm/5.4.1/bin/../lib/gcc/arm-none-eabi/5.4.1/armv7-m\libgcc.a(_aeabi_uldivmod.o)
 .ARM.attributes
                0x000004f7       0x2d c:/program files (x86)/cypress/psoc creator/4.4/psoc creator/import/gnu/arm/5.4.1/bin/../lib/gcc/arm-none-eabi/5.4.1/armv7-m\libgcc.a(_udivmoddi4.o)
 .ARM.attributes
                0x00000524       0x1d c:/program files (x86)/cypress/psoc creator/4.4/psoc creator/import/gnu/arm/5.4.1/bin/../lib/gcc/arm-none-eabi/5.4.1/armv7-m\libgcc.a(_dvmd_tls.o)
 .ARM.attributes
                0x00000541       0x2d c:/program files (x86)/cypress/psoc creator/4.4/psoc creator/import/gnu/arm/5.4.1/bin/../lib/gcc/arm-none-eabi/5.4.1/../../../../arm-none-eabi/lib/armv7-m\libg_nano.a(lib_a-memcmp.o)
 .ARM.attributes
                0x0000056e       0x2d c:/program files (x86)/cypress/psoc creator/4.4/psoc creator/import/gnu/arm/5.4.1/bin/../lib/gcc/arm-none-eabi/5.4.1/../../../../arm-none-eabi/lib/armv7-m\libg_nano.a(lib_a-memcpy-stub.o)
 .ARM.attributes
                0x0000059b       0x2d c:/program files (x86)/cypress/psoc creator/4.4/psoc creator/import/gnu/arm/5.4.1/bin/../lib/gcc/arm-none-eabi/5.4.1/../../../../arm-none-eabi/lib/armv7-m\libg_nano.a(lib_a-strchr.o)

/DISCARD/
 *(.note.GNU-stack)
OUTPUT(C:\Github\Tesis\src\psoc\AcondicionamientoAnalogico.cydsn\CortexM3\ARM_GCC_541\Debug\AcondicionamientoAnalogico.elf elf32-littlearm)
