Archive member included to satisfy reference by file (symbol)

.\CortexM3\ARM_GCC_541\Debug\AcondicionamientoAnalogico.a(CyLib.o)
                              .\CortexM3\ARM_GCC_541\Debug\Cm3Start.o (symbol from plugin) (CyHalt)
.\CortexM3\ARM_GCC_541\Debug\AcondicionamientoAnalogico.a(cyPm.o)
                              CyLib.o (symbol from plugin) (CyPmReadStatus)
.\CortexM3\ARM_GCC_541\Debug\AcondicionamientoAnalogico.a(isr_DelSig.o)
                              .\CortexM3\ARM_GCC_541\Debug\main.o (symbol from plugin) (isr_DelSig_StartEx)
.\CortexM3\ARM_GCC_541\Debug\AcondicionamientoAnalogico.a(isr_Timer.o)
                              .\CortexM3\ARM_GCC_541\Debug\main.o (symbol from plugin) (isr_Timer_StartEx)
.\CortexM3\ARM_GCC_541\Debug\AcondicionamientoAnalogico.a(Timer.o)
                              .\CortexM3\ARM_GCC_541\Debug\main.o (symbol from plugin) (Timer_Start)
.\CortexM3\ARM_GCC_541\Debug\AcondicionamientoAnalogico.a(LED.o)
                              .\CortexM3\ARM_GCC_541\Debug\main.o (symbol from plugin) (LED_Write)
.\CortexM3\ARM_GCC_541\Debug\AcondicionamientoAnalogico.a(UART.o)
                              .\CortexM3\ARM_GCC_541\Debug\main.o (symbol from plugin) (UART_Start)
.\CortexM3\ARM_GCC_541\Debug\AcondicionamientoAnalogico.a(UART_INT.o)
                              UART.o (symbol from plugin) (UART_RXISR)
.\CortexM3\ARM_GCC_541\Debug\AcondicionamientoAnalogico.a(UART_IntClock.o)
                              UART.o (symbol from plugin) (UART_IntClock_Start)
.\CortexM3\ARM_GCC_541\Debug\AcondicionamientoAnalogico.a(OPAbp.o)
                              .\CortexM3\ARM_GCC_541\Debug\psoc_hw.o (symbol from plugin) (OPAbp_Start)
.\CortexM3\ARM_GCC_541\Debug\AcondicionamientoAnalogico.a(OPAlp.o)
                              .\CortexM3\ARM_GCC_541\Debug\psoc_hw.o (symbol from plugin) (OPAlp_Start)
.\CortexM3\ARM_GCC_541\Debug\AcondicionamientoAnalogico.a(OPAadder.o)
                              .\CortexM3\ARM_GCC_541\Debug\psoc_hw.o (symbol from plugin) (OPAadder_Start)
.\CortexM3\ARM_GCC_541\Debug\AcondicionamientoAnalogico.a(ADC.o)
                              .\CortexM3\ARM_GCC_541\Debug\calibration.o (symbol from plugin) (ADC_Start)
.\CortexM3\ARM_GCC_541\Debug\AcondicionamientoAnalogico.a(ADC_INT.o)
                              ADC.o (symbol from plugin) (ADC_ISR1)
.\CortexM3\ARM_GCC_541\Debug\AcondicionamientoAnalogico.a(PGAgain.o)
                              .\CortexM3\ARM_GCC_541\Debug\psoc_hw.o (symbol from plugin) (PGAgain_Start)
.\CortexM3\ARM_GCC_541\Debug\AcondicionamientoAnalogico.a(PGAn.o)
                              .\CortexM3\ARM_GCC_541\Debug\psoc_hw.o (symbol from plugin) (PGAn_Start)
.\CortexM3\ARM_GCC_541\Debug\AcondicionamientoAnalogico.a(PGAp.o)
                              .\CortexM3\ARM_GCC_541\Debug\psoc_hw.o (symbol from plugin) (PGAp_Start)
.\CortexM3\ARM_GCC_541\Debug\AcondicionamientoAnalogico.a(ADC_Ext_CP_Clk.o)
                              ADC.o (symbol from plugin) (ADC_Ext_CP_Clk_SetDividerRegister)
.\CortexM3\ARM_GCC_541\Debug\AcondicionamientoAnalogico.a(ADC_theACLK.o)
                              ADC.o (symbol from plugin) (ADC_theACLK_SetDividerRegister)
.\CortexM3\ARM_GCC_541\Debug\AcondicionamientoAnalogico.a(OPAref.o)
                              .\CortexM3\ARM_GCC_541\Debug\psoc_hw.o (symbol from plugin) (OPAref_Start)
.\CortexM3\ARM_GCC_541\Debug\AcondicionamientoAnalogico.a(LPF_1.o)
                              .\CortexM3\ARM_GCC_541\Debug\psoc_hw.o (symbol from plugin) (LPF_1_Start)
.\CortexM3\ARM_GCC_541\Debug\AcondicionamientoAnalogico.a(LPF_2.o)
                              .\CortexM3\ARM_GCC_541\Debug\psoc_hw.o (symbol from plugin) (LPF_2_Start)
.\CortexM3\ARM_GCC_541\Debug\AcondicionamientoAnalogico.a(SYNC_IN.o)
                              .\CortexM3\ARM_GCC_541\Debug\main.o (symbol from plugin) (SYNC_IN_Read)
.\CortexM3\ARM_GCC_541\Debug\AcondicionamientoAnalogico.a(isr_SyncIn.o)
                              .\CortexM3\ARM_GCC_541\Debug\main.o (symbol from plugin) (isr_SyncIn_StartEx)
.\CortexM3\ARM_GCC_541\Debug\AcondicionamientoAnalogico.a(VDAC_ref_LP.o)
                              .\CortexM3\ARM_GCC_541\Debug\calibration.o (symbol from plugin) (VDAC_ref_LP_Start)
.\CortexM3\ARM_GCC_541\Debug\AcondicionamientoAnalogico.a(VDAC_ref_BP.o)
                              .\CortexM3\ARM_GCC_541\Debug\calibration.o (symbol from plugin) (VDAC_ref_BP_Start)
.\CortexM3\ARM_GCC_541\Debug\AcondicionamientoAnalogico.a(VDAC_ref_PGA.o)
                              .\CortexM3\ARM_GCC_541\Debug\calibration.o (symbol from plugin) (VDAC_ref_PGA_Start)
.\CortexM3\ARM_GCC_541\Debug\AcondicionamientoAnalogico.a(VDAC_Ref_Adder.o)
                              .\CortexM3\ARM_GCC_541\Debug\calibration.o (symbol from plugin) (VDAC_Ref_Adder_Start)
.\CortexM3\ARM_GCC_541\Debug\AcondicionamientoAnalogico.a(AMux_IN.o)
                              .\CortexM3\ARM_GCC_541\Debug\calibration.o (symbol from plugin) (AMux_IN_Start)
.\CortexM3\ARM_GCC_541\Debug\AcondicionamientoAnalogico.a(AMux_ADC.o)
                              .\CortexM3\ARM_GCC_541\Debug\calibration.o (symbol from plugin) (AMux_ADC_Start)
.\CortexM3\ARM_GCC_541\Debug\AcondicionamientoAnalogico.a(PGAshield.o)
                              .\CortexM3\ARM_GCC_541\Debug\psoc_hw.o (symbol from plugin) (PGAshield_Start)
.\CortexM3\ARM_GCC_541\Debug\AcondicionamientoAnalogico.a(CyBootAsmGnu.o)
                              .\CortexM3\ARM_GCC_541\Debug\cyfitter_cfg.o (symbol from plugin) (CyDelayCycles)
.\CortexM3\ARM_GCC_541\Debug\AcondicionamientoAnalogico.a(CyFlash.o)
                              cyPm.o (symbol from plugin) (CyFlash_SetWaitCycles)
.\CortexM3\ARM_GCC_541\Debug\AcondicionamientoAnalogico.a(CySpc.o)
                              CyFlash.o (symbol from plugin) (CySpcStart)
c:/program files (x86)/cypress/psoc creator/4.4/psoc creator/import/gnu/arm/5.4.1/bin/../lib/gcc/arm-none-eabi/5.4.1/../../../../arm-none-eabi/lib/armv7-m\libg_nano.a(lib_a-errno.o)
                              .\CortexM3\ARM_GCC_541\Debug\Cm3Start.o (symbol from plugin) (__errno)
c:/program files (x86)/cypress/psoc creator/4.4/psoc creator/import/gnu/arm/5.4.1/bin/../lib/gcc/arm-none-eabi/5.4.1/../../../../arm-none-eabi/lib/armv7-m\libg_nano.a(lib_a-exit.o)
                              c:/program files (x86)/cypress/psoc creator/4.4/psoc creator/import/gnu/arm/5.4.1/bin/../lib/gcc/arm-none-eabi/5.4.1/../../../../arm-none-eabi/lib/armv7-m/crt0.o (exit)
c:/program files (x86)/cypress/psoc creator/4.4/psoc creator/import/gnu/arm/5.4.1/bin/../lib/gcc/arm-none-eabi/5.4.1/../../../../arm-none-eabi/lib/armv7-m\libg_nano.a(lib_a-impure.o)
                              c:/program files (x86)/cypress/psoc creator/4.4/psoc creator/import/gnu/arm/5.4.1/bin/../lib/gcc/arm-none-eabi/5.4.1/../../../../arm-none-eabi/lib/armv7-m\libg_nano.a(lib_a-exit.o) (_global_impure_ptr)
c:/program files (x86)/cypress/psoc creator/4.4/psoc creator/import/gnu/arm/5.4.1/bin/../lib/gcc/arm-none-eabi/5.4.1/../../../../arm-none-eabi/lib/armv7-m\libg_nano.a(lib_a-init.o)
                              c:/program files (x86)/cypress/psoc creator/4.4/psoc creator/import/gnu/arm/5.4.1/bin/../lib/gcc/arm-none-eabi/5.4.1/../../../../arm-none-eabi/lib/armv7-m/crt0.o (__libc_init_array)
c:/program files (x86)/cypress/psoc creator/4.4/psoc creator/import/gnu/arm/5.4.1/bin/../lib/gcc/arm-none-eabi/5.4.1/../../../../arm-none-eabi/lib/armv7-m\libg_nano.a(lib_a-memset.o)
                              c:/program files (x86)/cypress/psoc creator/4.4/psoc creator/import/gnu/arm/5.4.1/bin/../lib/gcc/arm-none-eabi/5.4.1/../../../../arm-none-eabi/lib/armv7-m/crt0.o (memset)
c:/program files (x86)/cypress/psoc creator/4.4/psoc creator/import/gnu/arm/5.4.1/bin/../lib/gcc/arm-none-eabi/5.4.1/../../../../arm-none-eabi/lib/armv7-m\libnosys.a(_exit.o)
                              c:/program files (x86)/cypress/psoc creator/4.4/psoc creator/import/gnu/arm/5.4.1/bin/../lib/gcc/arm-none-eabi/5.4.1/../../../../arm-none-eabi/lib/armv7-m\libg_nano.a(lib_a-exit.o) (_exit)

Allocating common symbols
Common symbol       size              file

ADC_CountsPerVolt   0x4               ADC.o (symbol from plugin)
dieTemperature      0x2               CyFlash.o (symbol from plugin)

Discarded input sections

 .text          0x00000000        0x0 c:/program files (x86)/cypress/psoc creator/4.4/psoc creator/import/gnu/arm/5.4.1/bin/../lib/gcc/arm-none-eabi/5.4.1/armv7-m/crti.o
 .data          0x00000000        0x0 c:/program files (x86)/cypress/psoc creator/4.4/psoc creator/import/gnu/arm/5.4.1/bin/../lib/gcc/arm-none-eabi/5.4.1/armv7-m/crti.o
 .bss           0x00000000        0x0 c:/program files (x86)/cypress/psoc creator/4.4/psoc creator/import/gnu/arm/5.4.1/bin/../lib/gcc/arm-none-eabi/5.4.1/armv7-m/crti.o
 .data          0x00000000        0x4 c:/program files (x86)/cypress/psoc creator/4.4/psoc creator/import/gnu/arm/5.4.1/bin/../lib/gcc/arm-none-eabi/5.4.1/armv7-m/crtbegin.o
 .text          0x00000000       0x74 c:/program files (x86)/cypress/psoc creator/4.4/psoc creator/import/gnu/arm/5.4.1/bin/../lib/gcc/arm-none-eabi/5.4.1/../../../../arm-none-eabi/lib/armv7-m/crt0.o
 .data          0x00000000        0x0 c:/program files (x86)/cypress/psoc creator/4.4/psoc creator/import/gnu/arm/5.4.1/bin/../lib/gcc/arm-none-eabi/5.4.1/../../../../arm-none-eabi/lib/armv7-m/crt0.o
 .bss           0x00000000        0x0 c:/program files (x86)/cypress/psoc creator/4.4/psoc creator/import/gnu/arm/5.4.1/bin/../lib/gcc/arm-none-eabi/5.4.1/../../../../arm-none-eabi/lib/armv7-m/crt0.o
 .ARM.extab     0x00000000        0x0 c:/program files (x86)/cypress/psoc creator/4.4/psoc creator/import/gnu/arm/5.4.1/bin/../lib/gcc/arm-none-eabi/5.4.1/../../../../arm-none-eabi/lib/armv7-m/crt0.o
 .ARM.exidx     0x00000000        0x8 c:/program files (x86)/cypress/psoc creator/4.4/psoc creator/import/gnu/arm/5.4.1/bin/../lib/gcc/arm-none-eabi/5.4.1/../../../../arm-none-eabi/lib/armv7-m/crt0.o
 .text          0x00000000        0x0 .\CortexM3\ARM_GCC_541\Debug\main.o (symbol from plugin)
 .text          0x00000000        0x0 C:\Users\elias\AppData\Local\Temp\cchf9Ngo.ltrans0.ltrans.o
 .data          0x00000000        0x0 C:\Users\elias\AppData\Local\Temp\cchf9Ngo.ltrans0.ltrans.o
 .text          0x00000000        0x0 C:\Users\elias\AppData\Local\Temp\cchf9Ngo.ltrans1.ltrans.o
 .text          0x00000000        0x0 C:\Users\elias\AppData\Local\Temp\cchf9Ngo.ltrans2.ltrans.o
 .text._exit    0x00000000        0x4 C:\Users\elias\AppData\Local\Temp\cchf9Ngo.ltrans2.ltrans.o
 .text          0x00000000        0x0 C:\Users\elias\AppData\Local\Temp\cchf9Ngo.ltrans3.ltrans.o
 .data          0x00000000        0x0 C:\Users\elias\AppData\Local\Temp\cchf9Ngo.ltrans3.ltrans.o
 .text          0x00000000        0x0 C:\Users\elias\AppData\Local\Temp\cchf9Ngo.ltrans4.ltrans.o
 .text          0x00000000        0x0 C:\Users\elias\AppData\Local\Temp\cchf9Ngo.ltrans5.ltrans.o
 .data          0x00000000        0x0 C:\Users\elias\AppData\Local\Temp\cchf9Ngo.ltrans5.ltrans.o
 .text          0x00000000        0x0 .\CortexM3\ARM_GCC_541\Debug\calibration.o (symbol from plugin)
 .text          0x00000000        0x0 .\CortexM3\ARM_GCC_541\Debug\psoc_adc.o (symbol from plugin)
 .text          0x00000000        0x0 .\CortexM3\ARM_GCC_541\Debug\psoc_hw.o (symbol from plugin)
 .text          0x00000000        0x0 .\CortexM3\ARM_GCC_541\Debug\cyfitter_cfg.o (symbol from plugin)
 .text          0x00000000        0x0 .\CortexM3\ARM_GCC_541\Debug\cymetadata.o (symbol from plugin)
 .text          0x00000000        0x0 .\CortexM3\ARM_GCC_541\Debug\Cm3Start.o (symbol from plugin)
 .text          0x00000000        0x0 CyLib.o (symbol from plugin)
 .text          0x00000000        0x0 cyPm.o (symbol from plugin)
 .text          0x00000000        0x0 isr_DelSig.o (symbol from plugin)
 .text          0x00000000        0x0 isr_Timer.o (symbol from plugin)
 .text          0x00000000        0x0 Timer.o (symbol from plugin)
 .text          0x00000000        0x0 LED.o (symbol from plugin)
 .text          0x00000000        0x0 UART.o (symbol from plugin)
 .text          0x00000000        0x0 UART_INT.o (symbol from plugin)
 .text          0x00000000        0x0 UART_IntClock.o (symbol from plugin)
 .text          0x00000000        0x0 OPAbp.o (symbol from plugin)
 .text          0x00000000        0x0 OPAlp.o (symbol from plugin)
 .text          0x00000000        0x0 OPAadder.o (symbol from plugin)
 .text          0x00000000        0x0 ADC.o (symbol from plugin)
 .text          0x00000000        0x0 ADC_INT.o (symbol from plugin)
 .text          0x00000000        0x0 PGAgain.o (symbol from plugin)
 .text          0x00000000        0x0 PGAn.o (symbol from plugin)
 .text          0x00000000        0x0 PGAp.o (symbol from plugin)
 .text          0x00000000        0x0 ADC_Ext_CP_Clk.o (symbol from plugin)
 .text          0x00000000        0x0 ADC_theACLK.o (symbol from plugin)
 .text          0x00000000        0x0 OPAref.o (symbol from plugin)
 .text          0x00000000        0x0 LPF_1.o (symbol from plugin)
 .text          0x00000000        0x0 LPF_2.o (symbol from plugin)
 .text          0x00000000        0x0 SYNC_IN.o (symbol from plugin)
 .text          0x00000000        0x0 isr_SyncIn.o (symbol from plugin)
 .text          0x00000000        0x0 VDAC_ref_LP.o (symbol from plugin)
 .text          0x00000000        0x0 VDAC_ref_BP.o (symbol from plugin)
 .text          0x00000000        0x0 VDAC_ref_PGA.o (symbol from plugin)
 .text          0x00000000        0x0 VDAC_Ref_Adder.o (symbol from plugin)
 .text          0x00000000        0x0 AMux_IN.o (symbol from plugin)
 .text          0x00000000        0x0 AMux_ADC.o (symbol from plugin)
 .text          0x00000000        0x0 PGAshield.o (symbol from plugin)
 .data          0x00000000        0x0 .\CortexM3\ARM_GCC_541\Debug\AcondicionamientoAnalogico.a(CyBootAsmGnu.o)
 .bss           0x00000000        0x0 .\CortexM3\ARM_GCC_541\Debug\AcondicionamientoAnalogico.a(CyBootAsmGnu.o)
 .text          0x00000000        0x0 CyFlash.o (symbol from plugin)
 .text          0x00000000        0x0 CySpc.o (symbol from plugin)
 .text          0x00000000        0x0 c:/program files (x86)/cypress/psoc creator/4.4/psoc creator/import/gnu/arm/5.4.1/bin/../lib/gcc/arm-none-eabi/5.4.1/../../../../arm-none-eabi/lib/armv7-m\libg_nano.a(lib_a-errno.o)
 .data          0x00000000        0x0 c:/program files (x86)/cypress/psoc creator/4.4/psoc creator/import/gnu/arm/5.4.1/bin/../lib/gcc/arm-none-eabi/5.4.1/../../../../arm-none-eabi/lib/armv7-m\libg_nano.a(lib_a-errno.o)
 .bss           0x00000000        0x0 c:/program files (x86)/cypress/psoc creator/4.4/psoc creator/import/gnu/arm/5.4.1/bin/../lib/gcc/arm-none-eabi/5.4.1/../../../../arm-none-eabi/lib/armv7-m\libg_nano.a(lib_a-errno.o)
 .text          0x00000000        0x0 c:/program files (x86)/cypress/psoc creator/4.4/psoc creator/import/gnu/arm/5.4.1/bin/../lib/gcc/arm-none-eabi/5.4.1/../../../../arm-none-eabi/lib/armv7-m\libg_nano.a(lib_a-exit.o)
 .data          0x00000000        0x0 c:/program files (x86)/cypress/psoc creator/4.4/psoc creator/import/gnu/arm/5.4.1/bin/../lib/gcc/arm-none-eabi/5.4.1/../../../../arm-none-eabi/lib/armv7-m\libg_nano.a(lib_a-exit.o)
 .bss           0x00000000        0x0 c:/program files (x86)/cypress/psoc creator/4.4/psoc creator/import/gnu/arm/5.4.1/bin/../lib/gcc/arm-none-eabi/5.4.1/../../../../arm-none-eabi/lib/armv7-m\libg_nano.a(lib_a-exit.o)
 .text.exit     0x00000000       0x28 c:/program files (x86)/cypress/psoc creator/4.4/psoc creator/import/gnu/arm/5.4.1/bin/../lib/gcc/arm-none-eabi/5.4.1/../../../../arm-none-eabi/lib/armv7-m\libg_nano.a(lib_a-exit.o)
 .text          0x00000000        0x0 c:/program files (x86)/cypress/psoc creator/4.4/psoc creator/import/gnu/arm/5.4.1/bin/../lib/gcc/arm-none-eabi/5.4.1/../../../../arm-none-eabi/lib/armv7-m\libg_nano.a(lib_a-impure.o)
 .data          0x00000000        0x0 c:/program files (x86)/cypress/psoc creator/4.4/psoc creator/import/gnu/arm/5.4.1/bin/../lib/gcc/arm-none-eabi/5.4.1/../../../../arm-none-eabi/lib/armv7-m\libg_nano.a(lib_a-impure.o)
 .bss           0x00000000        0x0 c:/program files (x86)/cypress/psoc creator/4.4/psoc creator/import/gnu/arm/5.4.1/bin/../lib/gcc/arm-none-eabi/5.4.1/../../../../arm-none-eabi/lib/armv7-m\libg_nano.a(lib_a-impure.o)
 .rodata._global_impure_ptr
                0x00000000        0x4 c:/program files (x86)/cypress/psoc creator/4.4/psoc creator/import/gnu/arm/5.4.1/bin/../lib/gcc/arm-none-eabi/5.4.1/../../../../arm-none-eabi/lib/armv7-m\libg_nano.a(lib_a-impure.o)
 .text          0x00000000        0x0 c:/program files (x86)/cypress/psoc creator/4.4/psoc creator/import/gnu/arm/5.4.1/bin/../lib/gcc/arm-none-eabi/5.4.1/../../../../arm-none-eabi/lib/armv7-m\libg_nano.a(lib_a-init.o)
 .data          0x00000000        0x0 c:/program files (x86)/cypress/psoc creator/4.4/psoc creator/import/gnu/arm/5.4.1/bin/../lib/gcc/arm-none-eabi/5.4.1/../../../../arm-none-eabi/lib/armv7-m\libg_nano.a(lib_a-init.o)
 .bss           0x00000000        0x0 c:/program files (x86)/cypress/psoc creator/4.4/psoc creator/import/gnu/arm/5.4.1/bin/../lib/gcc/arm-none-eabi/5.4.1/../../../../arm-none-eabi/lib/armv7-m\libg_nano.a(lib_a-init.o)
 .text          0x00000000        0x0 c:/program files (x86)/cypress/psoc creator/4.4/psoc creator/import/gnu/arm/5.4.1/bin/../lib/gcc/arm-none-eabi/5.4.1/../../../../arm-none-eabi/lib/armv7-m\libg_nano.a(lib_a-memset.o)
 .data          0x00000000        0x0 c:/program files (x86)/cypress/psoc creator/4.4/psoc creator/import/gnu/arm/5.4.1/bin/../lib/gcc/arm-none-eabi/5.4.1/../../../../arm-none-eabi/lib/armv7-m\libg_nano.a(lib_a-memset.o)
 .bss           0x00000000        0x0 c:/program files (x86)/cypress/psoc creator/4.4/psoc creator/import/gnu/arm/5.4.1/bin/../lib/gcc/arm-none-eabi/5.4.1/../../../../arm-none-eabi/lib/armv7-m\libg_nano.a(lib_a-memset.o)
 .text          0x00000000        0x0 c:/program files (x86)/cypress/psoc creator/4.4/psoc creator/import/gnu/arm/5.4.1/bin/../lib/gcc/arm-none-eabi/5.4.1/armv7-m/crtend.o
 .data          0x00000000        0x0 c:/program files (x86)/cypress/psoc creator/4.4/psoc creator/import/gnu/arm/5.4.1/bin/../lib/gcc/arm-none-eabi/5.4.1/armv7-m/crtend.o
 .bss           0x00000000        0x0 c:/program files (x86)/cypress/psoc creator/4.4/psoc creator/import/gnu/arm/5.4.1/bin/../lib/gcc/arm-none-eabi/5.4.1/armv7-m/crtend.o
 .text          0x00000000        0x0 c:/program files (x86)/cypress/psoc creator/4.4/psoc creator/import/gnu/arm/5.4.1/bin/../lib/gcc/arm-none-eabi/5.4.1/armv7-m/crtn.o
 .data          0x00000000        0x0 c:/program files (x86)/cypress/psoc creator/4.4/psoc creator/import/gnu/arm/5.4.1/bin/../lib/gcc/arm-none-eabi/5.4.1/armv7-m/crtn.o
 .bss           0x00000000        0x0 c:/program files (x86)/cypress/psoc creator/4.4/psoc creator/import/gnu/arm/5.4.1/bin/../lib/gcc/arm-none-eabi/5.4.1/armv7-m/crtn.o
 .text          0x00000000        0x0 c:/program files (x86)/cypress/psoc creator/4.4/psoc creator/import/gnu/arm/5.4.1/bin/../lib/gcc/arm-none-eabi/5.4.1/../../../../arm-none-eabi/lib/armv7-m\libnosys.a(_exit.o)
 .data          0x00000000        0x0 c:/program files (x86)/cypress/psoc creator/4.4/psoc creator/import/gnu/arm/5.4.1/bin/../lib/gcc/arm-none-eabi/5.4.1/../../../../arm-none-eabi/lib/armv7-m\libnosys.a(_exit.o)
 .bss           0x00000000        0x0 c:/program files (x86)/cypress/psoc creator/4.4/psoc creator/import/gnu/arm/5.4.1/bin/../lib/gcc/arm-none-eabi/5.4.1/../../../../arm-none-eabi/lib/armv7-m\libnosys.a(_exit.o)
 .text._exit    0x00000000        0x4 c:/program files (x86)/cypress/psoc creator/4.4/psoc creator/import/gnu/arm/5.4.1/bin/../lib/gcc/arm-none-eabi/5.4.1/../../../../arm-none-eabi/lib/armv7-m\libnosys.a(_exit.o)

Memory Configuration

Name             Origin             Length             Attributes
rom              0x00000000         0x00040000         xr
ram              0x1fff8000         0x00010000         xrw
*default*        0x00000000         0xffffffff

Linker script and memory map

LOAD c:/program files (x86)/cypress/psoc creator/4.4/psoc creator/import/gnu/arm/5.4.1/bin/../lib/gcc/arm-none-eabi/5.4.1/armv7-m/crti.o
LOAD c:/program files (x86)/cypress/psoc creator/4.4/psoc creator/import/gnu/arm/5.4.1/bin/../lib/gcc/arm-none-eabi/5.4.1/armv7-m/crtbegin.o
LOAD c:/program files (x86)/cypress/psoc creator/4.4/psoc creator/import/gnu/arm/5.4.1/bin/../lib/gcc/arm-none-eabi/5.4.1/../../../../arm-none-eabi/lib/armv7-m/crt0.o
START GROUP
LOAD .\CortexM3\ARM_GCC_541\Debug\main.o
LOAD C:\Users\elias\AppData\Local\Temp\cchf9Ngo.ltrans0.ltrans.o
LOAD C:\Users\elias\AppData\Local\Temp\cchf9Ngo.ltrans1.ltrans.o
LOAD C:\Users\elias\AppData\Local\Temp\cchf9Ngo.ltrans2.ltrans.o
LOAD C:\Users\elias\AppData\Local\Temp\cchf9Ngo.ltrans3.ltrans.o
LOAD C:\Users\elias\AppData\Local\Temp\cchf9Ngo.ltrans4.ltrans.o
LOAD C:\Users\elias\AppData\Local\Temp\cchf9Ngo.ltrans5.ltrans.o
LOAD .\CortexM3\ARM_GCC_541\Debug\calibration.o
LOAD .\CortexM3\ARM_GCC_541\Debug\psoc_adc.o
LOAD .\CortexM3\ARM_GCC_541\Debug\psoc_hw.o
LOAD .\CortexM3\ARM_GCC_541\Debug\cyfitter_cfg.o
LOAD .\CortexM3\ARM_GCC_541\Debug\cymetadata.o
LOAD .\CortexM3\ARM_GCC_541\Debug\Cm3Start.o
LOAD .\CortexM3\ARM_GCC_541\Debug\AcondicionamientoAnalogico.a
LOAD C:\Program Files (x86)\Cypress\PSoC Creator\4.4\PSoC Creator\psoc\content\cycomponentlibrary\CyComponentLibrary.cylib\CortexM3\ARM_GCC_541\Debug\CyComponentLibrary.a
END GROUP
START GROUP
LOAD c:/program files (x86)/cypress/psoc creator/4.4/psoc creator/import/gnu/arm/5.4.1/bin/../lib/gcc/arm-none-eabi/5.4.1/armv7-m\libgcc.a
LOAD c:/program files (x86)/cypress/psoc creator/4.4/psoc creator/import/gnu/arm/5.4.1/bin/../lib/gcc/arm-none-eabi/5.4.1/../../../../arm-none-eabi/lib/armv7-m\libg_nano.a
LOAD c:/program files (x86)/cypress/psoc creator/4.4/psoc creator/import/gnu/arm/5.4.1/bin/../lib/gcc/arm-none-eabi/5.4.1/../../../../arm-none-eabi/lib/armv7-m\libc_nano.a
END GROUP
START GROUP
LOAD c:/program files (x86)/cypress/psoc creator/4.4/psoc creator/import/gnu/arm/5.4.1/bin/../lib/gcc/arm-none-eabi/5.4.1/armv7-m\libgcc.a
LOAD c:/program files (x86)/cypress/psoc creator/4.4/psoc creator/import/gnu/arm/5.4.1/bin/../lib/gcc/arm-none-eabi/5.4.1/../../../../arm-none-eabi/lib/armv7-m\libc_nano.a
END GROUP
LOAD c:/program files (x86)/cypress/psoc creator/4.4/psoc creator/import/gnu/arm/5.4.1/bin/../lib/gcc/arm-none-eabi/5.4.1/armv7-m/crtend.o
LOAD c:/program files (x86)/cypress/psoc creator/4.4/psoc creator/import/gnu/arm/5.4.1/bin/../lib/gcc/arm-none-eabi/5.4.1/armv7-m/crtn.o
START GROUP
LOAD c:/program files (x86)/cypress/psoc creator/4.4/psoc creator/import/gnu/arm/5.4.1/bin/../lib/gcc/arm-none-eabi/5.4.1/armv7-m\libgcc.a
LOAD c:/program files (x86)/cypress/psoc creator/4.4/psoc creator/import/gnu/arm/5.4.1/bin/../lib/gcc/arm-none-eabi/5.4.1/../../../../arm-none-eabi/lib/armv7-m\libc.a
LOAD c:/program files (x86)/cypress/psoc creator/4.4/psoc creator/import/gnu/arm/5.4.1/bin/../lib/gcc/arm-none-eabi/5.4.1/../../../../arm-none-eabi/lib/armv7-m\libnosys.a
END GROUP
                0x00000000                CY_APPL_ORIGIN = 0x0
                0x00000100                CY_FLASH_ROW_SIZE = 0x100
                0x00000020                CY_ECC_ROW_SIZE = 0x20
                0x00000000                CY_EE_IN_BTLDR = 0x0
                0x00000000                CY_APPL_LOADABLE = 0x0
                0x00000800                CY_EE_SIZE = 0x800
                0x00000001                CY_APPL_NUM = 0x1
                0x00000001                CY_APPL_MAX = 0x1
                0x00000040                CY_METADATA_SIZE = 0x40
                0x00000000                CY_APPL_LOADABLE = 0x0
                0x00000000                CY_CHECKSUM_EXCLUDE_SIZE = ALIGN (0x0, CY_FLASH_ROW_SIZE)
                [!provide]                PROVIDE (__cy_heap_start, _end)
                0x00000001                PROVIDE (__cy_region_num, ((__cy_regions_end - __cy_regions) / 0x10))
                0x20008000                PROVIDE (__cy_stack, (ORIGIN (ram) + LENGTH (ram)))
                [!provide]                PROVIDE (__cy_heap_end, (__cy_stack - 0x800))

.cybootloader   0x00000000        0x0
 *(.cybootloader)
                0x00000000                appl1_start = CY_APPL_ORIGIN?CY_APPL_ORIGIN:ALIGN (CY_FLASH_ROW_SIZE)
                0x0001ff00                appl2_start = (appl1_start + ALIGN ((((LENGTH (rom) - appl1_start) - (0x2 * CY_FLASH_ROW_SIZE)) / 0x2), CY_FLASH_ROW_SIZE))
                0x00000000                appl_start = (CY_APPL_NUM == 0x1)?appl1_start:appl2_start
                0x00000000                ecc_offset = ((appl_start / CY_FLASH_ROW_SIZE) * CY_ECC_ROW_SIZE)
                0x00000000                ee_offset = (CY_APPL_LOADABLE && ! (CY_EE_IN_BTLDR))?((CY_EE_SIZE / CY_APPL_MAX) * (CY_APPL_NUM - 0x1)):0x0
                0x00000800                ee_size = (CY_APPL_LOADABLE && ! (CY_EE_IN_BTLDR))?(CY_EE_SIZE / CY_APPL_MAX):CY_EE_SIZE
                [!provide]                PROVIDE (CY_ECC_OFFSET, ecc_offset)

.text           0x00000000     0x41a0
 CREATE_OBJECT_SYMBOLS
                0x00000000                PROVIDE (__cy_interrupt_vector, RomVectors)
 *(.romvectors)
 .romvectors    0x00000000       0x10 C:\Users\elias\AppData\Local\Temp\cchf9Ngo.ltrans2.ltrans.o
                0x00000000                RomVectors
                0x00000001                ASSERT ((. != __cy_interrupt_vector), No interrupt vector)
                0x00000001                ASSERT (CY_APPL_ORIGIN?(SIZEOF (.cybootloader) <= CY_APPL_ORIGIN):0x1, Wrong image location)
                0x00000010                PROVIDE (__cy_reset, Reset)
 *(.text.Reset)
 .text.Reset    0x00000010       0x64 C:\Users\elias\AppData\Local\Temp\cchf9Ngo.ltrans2.ltrans.o
                0x00000010                Reset
                0x00000001                ASSERT ((. != __cy_reset), No reset code)
 *(.dma_init)
                0x00000001                ASSERT ((((appl_start + .) <= 0x10000) || 0x1), DMA Init must be within the first 64k of flash)
 *(.text .text.* .gnu.linkonce.t.*)
 .text          0x00000074       0x5c c:/program files (x86)/cypress/psoc creator/4.4/psoc creator/import/gnu/arm/5.4.1/bin/../lib/gcc/arm-none-eabi/5.4.1/armv7-m/crtbegin.o
 .text.uart_service.lto_priv.76
                0x000000d0     0x11d4 C:\Users\elias\AppData\Local\Temp\cchf9Ngo.ltrans0.ltrans.o
                0x000000d0                uart_service.lto_priv.76
 .text.startup.main
                0x000012a4      0xdf0 C:\Users\elias\AppData\Local\Temp\cchf9Ngo.ltrans1.ltrans.o
                0x000012a4                main
 .text.ADC_ISR1
                0x00002094        0x4 C:\Users\elias\AppData\Local\Temp\cchf9Ngo.ltrans2.ltrans.o
 .text.UART_TXISR
                0x00002098       0x58 C:\Users\elias\AppData\Local\Temp\cchf9Ngo.ltrans2.ltrans.o
                0x00002098                UART_TXISR
 .text.UART_RXISR
                0x000020f0       0x78 C:\Users\elias\AppData\Local\Temp\cchf9Ngo.ltrans2.ltrans.o
                0x000020f0                UART_RXISR
 .text.IntDefaultHandler
                0x00002168       0x10 C:\Users\elias\AppData\Local\Temp\cchf9Ngo.ltrans2.ltrans.o
 .text.cal_amux_in_select.constprop.25
                0x00002178       0xfc C:\Users\elias\AppData\Local\Temp\cchf9Ngo.ltrans2.ltrans.o
                0x00002178                cal_amux_in_select.constprop.25
 .text.cal_amux_in_select.constprop.24
                0x00002274       0xf0 C:\Users\elias\AppData\Local\Temp\cchf9Ngo.ltrans2.ltrans.o
                0x00002274                cal_amux_in_select.constprop.24
 .text.PGAn_SetGain.constprop.3
                0x00002364       0x30 C:\Users\elias\AppData\Local\Temp\cchf9Ngo.ltrans2.ltrans.o
                0x00002364                PGAn_SetGain.constprop.3
 .text.PGAp_SetGain.constprop.2
                0x00002394       0x30 C:\Users\elias\AppData\Local\Temp\cchf9Ngo.ltrans2.ltrans.o
                0x00002394                PGAp_SetGain.constprop.2
 .text.PGAgain_SetGain
                0x000023c4       0x78 C:\Users\elias\AppData\Local\Temp\cchf9Ngo.ltrans2.ltrans.o
                0x000023c4                PGAgain_SetGain
 .text.ADC_Stop
                0x0000243c       0xfc C:\Users\elias\AppData\Local\Temp\cchf9Ngo.ltrans2.ltrans.o
                0x0000243c                ADC_Stop
 .text.ADC_Start
                0x00002538      0x4f0 C:\Users\elias\AppData\Local\Temp\cchf9Ngo.ltrans2.ltrans.o
                0x00002538                ADC_Start
 .text.startup.initialize_psoc
                0x00002a28      0x3bc C:\Users\elias\AppData\Local\Temp\cchf9Ngo.ltrans2.ltrans.o
 .text.AMux_ADC_Unset
                0x00002de4       0x64 C:\Users\elias\AppData\Local\Temp\cchf9Ngo.ltrans2.ltrans.o
                0x00002de4                AMux_ADC_Unset
 .text.service_runtime.lto_priv.69
                0x00002e48      0xa18 C:\Users\elias\AppData\Local\Temp\cchf9Ngo.ltrans3.ltrans.o
                0x00002e48                service_runtime.lto_priv.69
 .text.cal_vdac_geo_lp.lto_priv.68
                0x00003860        0xc C:\Users\elias\AppData\Local\Temp\cchf9Ngo.ltrans4.ltrans.o
                0x00003860                cal_vdac_geo_lp.lto_priv.68
 .text.cal_vdac_geo_adder.lto_priv.67
                0x0000386c        0xc C:\Users\elias\AppData\Local\Temp\cchf9Ngo.ltrans4.ltrans.o
                0x0000386c                cal_vdac_geo_adder.lto_priv.67
 .text.cal_vdac_geo_bp.lto_priv.66
                0x00003878        0xc C:\Users\elias\AppData\Local\Temp\cchf9Ngo.ltrans4.ltrans.o
                0x00003878                cal_vdac_geo_bp.lto_priv.66
 .text.cal_vdac_geo_pga.lto_priv.65
                0x00003884        0xc C:\Users\elias\AppData\Local\Temp\cchf9Ngo.ltrans4.ltrans.o
                0x00003884                cal_vdac_geo_pga.lto_priv.65
 .text.async_finish_stage.lto_priv.77
                0x00003890      0x190 C:\Users\elias\AppData\Local\Temp\cchf9Ngo.ltrans4.ltrans.o
                0x00003890                async_finish_stage.lto_priv.77
 .text.psoc_calibration_restore_capture_path
                0x00003a20      0x1ac C:\Users\elias\AppData\Local\Temp\cchf9Ngo.ltrans4.ltrans.o
                0x00003a20                psoc_calibration_restore_capture_path
 .text.unlikely.cal_diag_point.lto_priv.78
                0x00003bcc       0x74 C:\Users\elias\AppData\Local\Temp\cchf9Ngo.ltrans4.ltrans.o
                0x00003bcc                cal_diag_point.lto_priv.78
 .text.isr_DelSigReady
                0x00003c40      0x1a4 C:\Users\elias\AppData\Local\Temp\cchf9Ngo.ltrans5.ltrans.o
                0x00003c40                isr_DelSigReady
 .text.uart_send_diag.lto_priv.61
                0x00003de4       0xe0 C:\Users\elias\AppData\Local\Temp\cchf9Ngo.ltrans5.ltrans.o
                0x00003de4                uart_send_diag.lto_priv.61
 .text.isr_Timer
                0x00003ec4       0xc4 C:\Users\elias\AppData\Local\Temp\cchf9Ngo.ltrans5.ltrans.o
                0x00003ec4                isr_Timer
 .text.isr_SyncIn
                0x00003f88      0x18c C:\Users\elias\AppData\Local\Temp\cchf9Ngo.ltrans5.ltrans.o
                0x00003f88                isr_SyncIn
 *fill*         0x00004114        0x4 
 .text          0x00004118       0x20 .\CortexM3\ARM_GCC_541\Debug\AcondicionamientoAnalogico.a(CyBootAsmGnu.o)
                0x00004118                CyDelayCycles
                0x00004128                CyEnterCriticalSection
                0x00004130                CyExitCriticalSection
 .text.__errno  0x00004138        0xc c:/program files (x86)/cypress/psoc creator/4.4/psoc creator/import/gnu/arm/5.4.1/bin/../lib/gcc/arm-none-eabi/5.4.1/../../../../arm-none-eabi/lib/armv7-m\libg_nano.a(lib_a-errno.o)
                0x00004138                __errno
 .text.__libc_init_array
                0x00004144       0x4c c:/program files (x86)/cypress/psoc creator/4.4/psoc creator/import/gnu/arm/5.4.1/bin/../lib/gcc/arm-none-eabi/5.4.1/../../../../arm-none-eabi/lib/armv7-m\libg_nano.a(lib_a-init.o)
                0x00004144                __libc_init_array
 .text.memset   0x00004190       0x10 c:/program files (x86)/cypress/psoc creator/4.4/psoc creator/import/gnu/arm/5.4.1/bin/../lib/gcc/arm-none-eabi/5.4.1/../../../../arm-none-eabi/lib/armv7-m\libg_nano.a(lib_a-memset.o)
                0x00004190                memset
 *(.plt)
 *(.gnu.warning)
 *(.glue_7t)
 .glue_7t       0x000041a0        0x0 linker stubs
 *(.glue_7)
 .glue_7        0x000041a0        0x0 linker stubs
 *(.vfp11_veneer)
 .vfp11_veneer  0x000041a0        0x0 linker stubs
 *(.bootloader)
 *(.ARM.extab* .gnu.linkonce.armextab.*)
 *(.gcc_except_table)

.v4_bx          0x000041a0        0x0
 .v4_bx         0x000041a0        0x0 linker stubs

.iplt           0x000041a0        0x0
 .iplt          0x000041a0        0x0 c:/program files (x86)/cypress/psoc creator/4.4/psoc creator/import/gnu/arm/5.4.1/bin/../lib/gcc/arm-none-eabi/5.4.1/armv7-m/crtbegin.o

.eh_frame_hdr
 *(.eh_frame_hdr)

.eh_frame       0x000041a0        0x4
 *(.eh_frame)
 .eh_frame      0x000041a0        0x0 c:/program files (x86)/cypress/psoc creator/4.4/psoc creator/import/gnu/arm/5.4.1/bin/../lib/gcc/arm-none-eabi/5.4.1/armv7-m/crtbegin.o
 .eh_frame      0x000041a0        0x4 c:/program files (x86)/cypress/psoc creator/4.4/psoc creator/import/gnu/arm/5.4.1/bin/../lib/gcc/arm-none-eabi/5.4.1/armv7-m/crtend.o
                [!provide]                PROVIDE (__exidx_start, .)

.ARM.exidx
 *(.ARM.exidx* .gnu.linkonce.armexidx.*)
                0x000041a4                __exidx_end = .

.rodata         0x000041a4      0x174
 *(.rodata .rodata.* .gnu.linkonce.r.*)
 .rodata        0x000041a4       0x15 C:\Users\elias\AppData\Local\Temp\cchf9Ngo.ltrans0.ltrans.o
 *fill*         0x000041b9        0x3 
 .rodata        0x000041bc        0x4 C:\Users\elias\AppData\Local\Temp\cchf9Ngo.ltrans1.ltrans.o
                0x000041bc                g_ping_frame.lto_priv.82
 .rodata        0x000041c0       0x79 C:\Users\elias\AppData\Local\Temp\cchf9Ngo.ltrans2.ltrans.o
                0x000041c0                AMux_IN_CYAMUXSIDE_A__addrTable
                0x000041d0                AMux_IN_CYAMUXSIDE_A__maskTable
                0x000041d4                AMux_IN_CYAMUXSIDE_B__outerAddr.lto_priv.57
                0x000041dc                AMux_IN_CYAMUXSIDE_B__outerMask.lto_priv.58
                0x000041e0                AMux_IN_CYAMUXSIDE_B__innerMap.lto_priv.59
                0x00004220                AMux_ADC__outerAddr.lto_priv.51
                0x00004230                AMux_ADC__outerMask.lto_priv.52
                0x00004234                AMux_ADC__innerMap.lto_priv.53
                0x00004238                cydelay_freq_mhz
 *fill*         0x00004239        0x3 
 .rodata        0x0000423c       0x80 C:\Users\elias\AppData\Local\Temp\cchf9Ngo.ltrans4.ltrans.o
                0x0000423c                g_psoc_cal_stages.lto_priv.63
 .rodata.str1.4
                0x000042bc       0x24 C:\Users\elias\AppData\Local\Temp\cchf9Ngo.ltrans4.ltrans.o
                                 0x23 (size before relaxing)
 .rodata.str1.1
                0x000042e0        0x2 c:/program files (x86)/cypress/psoc creator/4.4/psoc creator/import/gnu/arm/5.4.1/bin/../lib/gcc/arm-none-eabi/5.4.1/../../../../arm-none-eabi/lib/armv7-m\libg_nano.a(lib_a-impure.o)
                0x000042e4                . = ALIGN (0x4)
 *fill*         0x000042e2        0x2 
 *(.init)
 .init          0x000042e4        0x4 c:/program files (x86)/cypress/psoc creator/4.4/psoc creator/import/gnu/arm/5.4.1/bin/../lib/gcc/arm-none-eabi/5.4.1/armv7-m/crti.o
                0x000042e4                _init
 .init          0x000042e8        0x8 c:/program files (x86)/cypress/psoc creator/4.4/psoc creator/import/gnu/arm/5.4.1/bin/../lib/gcc/arm-none-eabi/5.4.1/armv7-m/crtn.o
                0x000042f0                . = ALIGN (0x4)
                0x000042f0                __preinit_array_start = .
 *(.preinit_array)
                0x000042f0                __preinit_array_end = .
                0x000042f0                . = ALIGN (0x4)
                0x000042f0                __init_array_start = .
 *(SORT(.init_array.*))
 *(.init_array)
 .init_array    0x000042f0        0x4 c:/program files (x86)/cypress/psoc creator/4.4/psoc creator/import/gnu/arm/5.4.1/bin/../lib/gcc/arm-none-eabi/5.4.1/armv7-m/crtbegin.o
 .init_array    0x000042f4        0x4 C:\Users\elias\AppData\Local\Temp\cchf9Ngo.ltrans2.ltrans.o
                0x000042f8                __init_array_end = .
                0x000042f8                . = ALIGN (0x4)
 *(.fini)
 .fini          0x000042f8        0x4 c:/program files (x86)/cypress/psoc creator/4.4/psoc creator/import/gnu/arm/5.4.1/bin/../lib/gcc/arm-none-eabi/5.4.1/armv7-m/crti.o
                0x000042f8                _fini
 .fini          0x000042fc        0x8 c:/program files (x86)/cypress/psoc creator/4.4/psoc creator/import/gnu/arm/5.4.1/bin/../lib/gcc/arm-none-eabi/5.4.1/armv7-m/crtn.o
                0x00004304                . = ALIGN (0x4)
                0x00004304                __fini_array_start = .
 *(.fini_array)
 .fini_array    0x00004304        0x4 c:/program files (x86)/cypress/psoc creator/4.4/psoc creator/import/gnu/arm/5.4.1/bin/../lib/gcc/arm-none-eabi/5.4.1/armv7-m/crtbegin.o
 *(SORT(.fini_array.*))
                0x00004308                __fini_array_end = .
                0x00004308                . = ALIGN (0x4)
 *crtbegin.o(.ctors)
 *(EXCLUDE_FILE(*crtend.o) .ctors)
 *(SORT(.ctors.*))
 *crtend.o(.ctors)
                0x00004308                . = ALIGN (0x4)
 *crtbegin.o(.dtors)
 *(EXCLUDE_FILE(*crtend.o) .dtors)
 *(SORT(.dtors.*))
 *crtend.o(.dtors)
                0x00004308                . = ALIGN (0x4)
                0x00004308                __cy_regions = .
                0x00004308        0x4 LONG 0x4318 __cy_region_init_ram
                0x0000430c        0x4 LONG 0x1fff80c0 __cy_region_start_data
                0x00004310        0x4 LONG 0x70 __cy_region_init_size_ram
                0x00004314        0x4 LONG 0xb5b8 __cy_region_zero_size_ram
                0x00004318                __cy_regions_end = .
                0x00004318                . = ALIGN (0x8)
                0x00004318                _etext = .

.cy_checksum_exclude
                0x00004318        0x0
 *(.cy_checksum_exclude)

.ramvectors     0x1fff8000       0xc0
                0x1fff8000                __cy_region_start_ram = .
 *(.ramvectors)
 .ramvectors    0x1fff8000       0xc0 C:\Users\elias\AppData\Local\Temp\cchf9Ngo.ltrans2.ltrans.o
                0x1fff8000                CyRamVectors

.noinit
 *(.noinit)

.data           0x1fff80c0       0x70 load address 0x00004318
                0x1fff80c0                __cy_region_start_data = .
 *(.jcr)
 .jcr           0x1fff80c0        0x0 c:/program files (x86)/cypress/psoc creator/4.4/psoc creator/import/gnu/arm/5.4.1/bin/../lib/gcc/arm-none-eabi/5.4.1/armv7-m/crtbegin.o
 .jcr           0x1fff80c0        0x4 c:/program files (x86)/cypress/psoc creator/4.4/psoc creator/import/gnu/arm/5.4.1/bin/../lib/gcc/arm-none-eabi/5.4.1/armv7-m/crtend.o
 *(.got.plt)
 *(.got)
 *(.shdata)
 *(.data .data.* .gnu.linkonce.d.*)
 .data          0x1fff80c4        0x1 C:\Users\elias\AppData\Local\Temp\cchf9Ngo.ltrans1.ltrans.o
                0x1fff80c4                g_pga_code.lto_priv.83
 .data          0x1fff80c5        0x2 C:\Users\elias\AppData\Local\Temp\cchf9Ngo.ltrans2.ltrans.o
                0x1fff80c5                AMux_IN_lastChannel.lto_priv.55
                0x1fff80c6                ADC_Config
 .data          0x1fff80c7        0x1 C:\Users\elias\AppData\Local\Temp\cchf9Ngo.ltrans4.ltrans.o
                0x1fff80c7                AMux_ADC_lastChannel.lto_priv.64
 .data.impure_data
                0x1fff80c8       0x60 c:/program files (x86)/cypress/psoc creator/4.4/psoc creator/import/gnu/arm/5.4.1/bin/../lib/gcc/arm-none-eabi/5.4.1/../../../../arm-none-eabi/lib/armv7-m\libg_nano.a(lib_a-impure.o)
 .data._impure_ptr
                0x1fff8128        0x4 c:/program files (x86)/cypress/psoc creator/4.4/psoc creator/import/gnu/arm/5.4.1/bin/../lib/gcc/arm-none-eabi/5.4.1/../../../../arm-none-eabi/lib/armv7-m\libg_nano.a(lib_a-impure.o)
                0x1fff8128                _impure_ptr
                0x1fff8130                . = ALIGN (0x8)
 *fill*         0x1fff812c        0x4 
 *(.ram)
                0x1fff8130                _edata = .

.igot.plt       0x1fff8130        0x0 load address 0x00004388
 .igot.plt      0x1fff8130        0x0 c:/program files (x86)/cypress/psoc creator/4.4/psoc creator/import/gnu/arm/5.4.1/bin/../lib/gcc/arm-none-eabi/5.4.1/armv7-m/crtbegin.o

.bss            0x1fff8130     0xb5b8 load address 0x00004388
                0x1fff8130                PROVIDE (__bss_start__, .)
 *(.shbss)
 *(.bss .bss.* .gnu.linkonce.b.*)
 .bss           0x1fff8130       0x1c c:/program files (x86)/cypress/psoc creator/4.4/psoc creator/import/gnu/arm/5.4.1/bin/../lib/gcc/arm-none-eabi/5.4.1/armv7-m/crtbegin.o
 .bss           0x1fff814c       0x11 C:\Users\elias\AppData\Local\Temp\cchf9Ngo.ltrans0.ltrans.o
                0x1fff814c                g_rx_watch_ticks.lto_priv.92
                0x1fff8150                g_n_batches.lto_priv.90
                0x1fff8152                g_batch_fill.lto_priv.87
                0x1fff8154                g_batch_ready.lto_priv.88
                0x1fff8158                g_dbg_cnt.lto_priv.91
                0x1fff815c                g_debug_psoc.lto_priv.89
 *fill*         0x1fff815d        0x3 
 .bss           0x1fff8160       0x2e C:\Users\elias\AppData\Local\Temp\cchf9Ngo.ltrans1.ltrans.o
                0x1fff8160                UART_initVar
                0x1fff816f                Timer_initVar
                0x1fff8170                g_timer_ticks.lto_priv.75
                0x1fff8174                g_esp_connected.lto_priv.81
                0x1fff8175                g_state.lto_priv.70
                0x1fff8176                g_batches_sent.lto_priv.73
                0x1fff8178                g_batches_captured.lto_priv.72
                0x1fff817a                g_cal_ack_pending.lto_priv.71
                0x1fff8184                g_comm_countdown.lto_priv.74
                0x1fff818c                g_psoc_cal_result_count
                0x1fff818d                g_pgavdac_code.lto_priv.84
 *fill*         0x1fff818e        0x2 
 .bss           0x1fff8190       0xc9 C:\Users\elias\AppData\Local\Temp\cchf9Ngo.ltrans2.ltrans.o
                0x1fff8190                UART_txBufferRead
                0x1fff8191                UART_txBufferWrite
                0x1fff8194                UART_txBuffer
                0x1fff8214                UART_errorStatus
                0x1fff8215                UART_rxBufferWrite
                0x1fff8218                UART_rxBuffer
                0x1fff8238                UART_rxBufferLoopDetect
                0x1fff823a                UART_rxBufferRead
                0x1fff823b                AMux_IN_CYAMUXSIDE_B__armsEnabled.lto_priv.56
                0x1fff823c                AMux_IN_CYAMUXSIDE_B__refCnt.lto_priv.60
                0x1fff8240                g_cal_diag_hook.lto_priv.49
                0x1fff8246                ADC_convDone
                0x1fff824c                ADC_stopConversion
                0x1fff8254                AMux_ADC__armsEnabled.lto_priv.50
                0x1fff8258                AMux_ADC__refCnt.lto_priv.54
 *fill*         0x1fff8259        0x3 
 .bss           0x1fff825c     0xb40e C:\Users\elias\AppData\Local\Temp\cchf9Ngo.ltrans3.ltrans.o
                0x1fff825c                g_psoc_adc_isr_ready.lto_priv.95
                0x1fff8260                g_psoc_adc_isr_counts.lto_priv.94
                0x1fff8264                g_capture_done.lto_priv.85
                0x1fff8266                g_seq.lto_priv.86
                0x1fff8268                g_capture_raw.lto_priv.93
                0x20003668                watchdog_rx.lto_priv.80
                0x20003669                rx_state.lto_priv.79
 *fill*         0x2000366a        0x2 
 .bss           0x2000366c       0x74 C:\Users\elias\AppData\Local\Temp\cchf9Ngo.ltrans4.ltrans.o
                0x2000366c                g_cal_async.lto_priv.62
                0x200036b0                g_psoc_cal_results
 .bss           0x200036e0        0x8 C:\Users\elias\AppData\Local\Temp\cchf9Ngo.ltrans5.ltrans.o
 *(COMMON)
                0x200036e8                . = ALIGN (0x8)
 *(.ram.b)
                0x200036e8                _end = .
                0x200036e8                __end = .
                0x200036e8                PROVIDE (end, .)
                0x200036e8                PROVIDE (__bss_end__, .)
                0x00004318                __cy_region_init_ram = LOADADDR (.data)
                0x00000070                __cy_region_init_size_ram = (_edata - ADDR (.data))
                0x0000b5b8                __cy_region_zero_size_ram = (_end - _edata)

.heap           0x200036e8       0x80 load address 0x00004388
                0x200036e8                . = _end
                0x20003768                . = (. + 0x80)
 *fill*         0x200036e8       0x80 
                0x20003768                __cy_heap_limit = .

.stack          0x20007800      0x800
                0x20007800                __cy_stack_limit = .
                0x20008000                . = (. + 0x800)
 *fill*         0x20007800      0x800 
                0x00000001                ASSERT ((__cy_stack_limit >= __cy_heap_limit), region RAM overflowed with stack)
                0x00000000                cy_checksum_exclude_size = (CY_APPL_LOADABLE == 0x1)?SIZEOF (.cy_checksum_exclude):0x0
                0x00000001                ASSERT ((cy_checksum_exclude_size <= CY_CHECKSUM_EXCLUDE_SIZE), CY_BOOT: Section .cy_checksum_exclude size exceedes specified limit.)

.cyloadermeta
 *(.cyloadermeta)

.cyloadablemeta
 *(.cyloadablemeta)

.cyconfigecc    0x80000000      0x624
 *(.cyconfigecc)
 .cyconfigecc   0x80000000      0x624 C:\Users\elias\AppData\Local\Temp\cchf9Ngo.ltrans5.ltrans.o
                0x80000000                cy_meta_configecc

.cycustnvl      0x90000000        0x4
 *(.cycustnvl)
 .cycustnvl     0x90000000        0x4 C:\Users\elias\AppData\Local\Temp\cchf9Ngo.ltrans5.ltrans.o
                0x90000000                cy_meta_custnvl

.cywolatch      0x90100000        0x4
 *(.cywolatch)
 .cywolatch     0x90100000        0x4 C:\Users\elias\AppData\Local\Temp\cchf9Ngo.ltrans5.ltrans.o
                0x90100000                cy_meta_wonvl

.cyeeprom       0x90200000        0x0
 *(.cyeeprom)
                0x00000001                ASSERT ((. <= ((0x90200000 + ee_offset) + ee_size)), .cyeeprom data will not fit in EEPROM)

.cyflashprotect
                0x90400000      0x100
 *(.cyflashprotect)
 .cyflashprotect
                0x90400000      0x100 C:\Users\elias\AppData\Local\Temp\cchf9Ngo.ltrans5.ltrans.o
                0x90400000                cy_meta_flashprotect

.cymeta         0x90500000        0xc
 *(.cymeta)
 .cymeta        0x90500000        0xc C:\Users\elias\AppData\Local\Temp\cchf9Ngo.ltrans5.ltrans.o
                0x90500000                cy_metadata

.rel.dyn        0x00004388        0x0 load address 0x9050000c
 .rel.iplt      0x00004388        0x0 c:/program files (x86)/cypress/psoc creator/4.4/psoc creator/import/gnu/arm/5.4.1/bin/../lib/gcc/arm-none-eabi/5.4.1/armv7-m/crtbegin.o

.stab
 *(.stab)

.stabstr
 *(.stabstr)

.debug
 *(.debug)

.line
 *(.line)

.debug_srcinfo
 *(.debug_srcinfo)

.debug_sfnames
 *(.debug_sfnames)

.debug_aranges  0x00000000      0x198
 *(.debug_aranges)
 .debug_aranges
                0x00000000       0x20 C:\Users\elias\AppData\Local\Temp\cchf9Ngo.ltrans0.ltrans.o
 .debug_aranges
                0x00000020       0x20 C:\Users\elias\AppData\Local\Temp\cchf9Ngo.ltrans1.ltrans.o
 .debug_aranges
                0x00000040       0x90 C:\Users\elias\AppData\Local\Temp\cchf9Ngo.ltrans2.ltrans.o
 .debug_aranges
                0x000000d0       0x20 C:\Users\elias\AppData\Local\Temp\cchf9Ngo.ltrans3.ltrans.o
 .debug_aranges
                0x000000f0       0x50 C:\Users\elias\AppData\Local\Temp\cchf9Ngo.ltrans4.ltrans.o
 .debug_aranges
                0x00000140       0x38 C:\Users\elias\AppData\Local\Temp\cchf9Ngo.ltrans5.ltrans.o
 .debug_aranges
                0x00000178       0x20 .\CortexM3\ARM_GCC_541\Debug\AcondicionamientoAnalogico.a(CyBootAsmGnu.o)

.debug_pubnames
 *(.debug_pubnames)

.debug_info     0x00000000     0x7898
 *(.debug_info .gnu.linkonce.wi.*)
 .debug_info    0x00000000     0x1abf C:\Users\elias\AppData\Local\Temp\cchf9Ngo.ltrans0.ltrans.o
 .debug_info    0x00001abf     0x1f51 C:\Users\elias\AppData\Local\Temp\cchf9Ngo.ltrans1.ltrans.o
 .debug_info    0x00003a10     0x1467 C:\Users\elias\AppData\Local\Temp\cchf9Ngo.ltrans2.ltrans.o
 .debug_info    0x00004e77     0x11ab C:\Users\elias\AppData\Local\Temp\cchf9Ngo.ltrans3.ltrans.o
 .debug_info    0x00006022      0xeb4 C:\Users\elias\AppData\Local\Temp\cchf9Ngo.ltrans4.ltrans.o
 .debug_info    0x00006ed6      0x93a C:\Users\elias\AppData\Local\Temp\cchf9Ngo.ltrans5.ltrans.o
 .debug_info    0x00007810       0x88 .\CortexM3\ARM_GCC_541\Debug\AcondicionamientoAnalogico.a(CyBootAsmGnu.o)

.debug_abbrev   0x00000000     0x14fb
 *(.debug_abbrev)
 .debug_abbrev  0x00000000      0x30e C:\Users\elias\AppData\Local\Temp\cchf9Ngo.ltrans0.ltrans.o
 .debug_abbrev  0x0000030e      0x363 C:\Users\elias\AppData\Local\Temp\cchf9Ngo.ltrans1.ltrans.o
 .debug_abbrev  0x00000671      0x47e C:\Users\elias\AppData\Local\Temp\cchf9Ngo.ltrans2.ltrans.o
 .debug_abbrev  0x00000aef      0x393 C:\Users\elias\AppData\Local\Temp\cchf9Ngo.ltrans3.ltrans.o
 .debug_abbrev  0x00000e82      0x336 C:\Users\elias\AppData\Local\Temp\cchf9Ngo.ltrans4.ltrans.o
 .debug_abbrev  0x000011b8      0x32f C:\Users\elias\AppData\Local\Temp\cchf9Ngo.ltrans5.ltrans.o
 .debug_abbrev  0x000014e7       0x14 .\CortexM3\ARM_GCC_541\Debug\AcondicionamientoAnalogico.a(CyBootAsmGnu.o)

.debug_line     0x00000000     0x2a4b
 *(.debug_line)
 .debug_line    0x00000000      0x8f5 C:\Users\elias\AppData\Local\Temp\cchf9Ngo.ltrans0.ltrans.o
 .debug_line    0x000008f5      0xaa5 C:\Users\elias\AppData\Local\Temp\cchf9Ngo.ltrans1.ltrans.o
 .debug_line    0x0000139a      0x805 C:\Users\elias\AppData\Local\Temp\cchf9Ngo.ltrans2.ltrans.o
 .debug_line    0x00001b9f      0x688 C:\Users\elias\AppData\Local\Temp\cchf9Ngo.ltrans3.ltrans.o
 .debug_line    0x00002227      0x2eb C:\Users\elias\AppData\Local\Temp\cchf9Ngo.ltrans4.ltrans.o
 .debug_line    0x00002512      0x4d3 C:\Users\elias\AppData\Local\Temp\cchf9Ngo.ltrans5.ltrans.o
 .debug_line    0x000029e5       0x66 .\CortexM3\ARM_GCC_541\Debug\AcondicionamientoAnalogico.a(CyBootAsmGnu.o)

.debug_frame    0x00000000      0x4cc
 *(.debug_frame)
 .debug_frame   0x00000000       0x40 C:\Users\elias\AppData\Local\Temp\cchf9Ngo.ltrans0.ltrans.o
 .debug_frame   0x00000040       0x2c C:\Users\elias\AppData\Local\Temp\cchf9Ngo.ltrans1.ltrans.o
 .debug_frame   0x0000006c      0x1e4 C:\Users\elias\AppData\Local\Temp\cchf9Ngo.ltrans2.ltrans.o
 .debug_frame   0x00000250       0x64 C:\Users\elias\AppData\Local\Temp\cchf9Ngo.ltrans3.ltrans.o
 .debug_frame   0x000002b4       0xbc C:\Users\elias\AppData\Local\Temp\cchf9Ngo.ltrans4.ltrans.o
 .debug_frame   0x00000370       0xa8 C:\Users\elias\AppData\Local\Temp\cchf9Ngo.ltrans5.ltrans.o
 .debug_frame   0x00000418       0x20 c:/program files (x86)/cypress/psoc creator/4.4/psoc creator/import/gnu/arm/5.4.1/bin/../lib/gcc/arm-none-eabi/5.4.1/../../../../arm-none-eabi/lib/armv7-m\libg_nano.a(lib_a-errno.o)
 .debug_frame   0x00000438       0x28 c:/program files (x86)/cypress/psoc creator/4.4/psoc creator/import/gnu/arm/5.4.1/bin/../lib/gcc/arm-none-eabi/5.4.1/../../../../arm-none-eabi/lib/armv7-m\libg_nano.a(lib_a-exit.o)
 .debug_frame   0x00000460       0x2c c:/program files (x86)/cypress/psoc creator/4.4/psoc creator/import/gnu/arm/5.4.1/bin/../lib/gcc/arm-none-eabi/5.4.1/../../../../arm-none-eabi/lib/armv7-m\libg_nano.a(lib_a-init.o)
 .debug_frame   0x0000048c       0x20 c:/program files (x86)/cypress/psoc creator/4.4/psoc creator/import/gnu/arm/5.4.1/bin/../lib/gcc/arm-none-eabi/5.4.1/../../../../arm-none-eabi/lib/armv7-m\libg_nano.a(lib_a-memset.o)
 .debug_frame   0x000004ac       0x20 c:/program files (x86)/cypress/psoc creator/4.4/psoc creator/import/gnu/arm/5.4.1/bin/../lib/gcc/arm-none-eabi/5.4.1/../../../../arm-none-eabi/lib/armv7-m\libnosys.a(_exit.o)

.debug_str      0x00000000     0x23f3
 *(.debug_str)
 .debug_str     0x00000000      0x876 C:\Users\elias\AppData\Local\Temp\cchf9Ngo.ltrans0.ltrans.o
                                0x8a8 (size before relaxing)
 .debug_str     0x00000876      0xa9f C:\Users\elias\AppData\Local\Temp\cchf9Ngo.ltrans1.ltrans.o
                                0xfa2 (size before relaxing)
 .debug_str     0x00001315      0x82c C:\Users\elias\AppData\Local\Temp\cchf9Ngo.ltrans2.ltrans.o
                                0xc39 (size before relaxing)
 .debug_str     0x00001b41      0x480 C:\Users\elias\AppData\Local\Temp\cchf9Ngo.ltrans3.ltrans.o
                                0x8c3 (size before relaxing)
 .debug_str     0x00001fc1      0x2e1 C:\Users\elias\AppData\Local\Temp\cchf9Ngo.ltrans4.ltrans.o
                                0x853 (size before relaxing)
 .debug_str     0x000022a2      0x151 C:\Users\elias\AppData\Local\Temp\cchf9Ngo.ltrans5.ltrans.o
                                0x560 (size before relaxing)

.debug_loc      0x00000000     0x3e26
 *(.debug_loc)
 .debug_loc     0x00000000     0x103e C:\Users\elias\AppData\Local\Temp\cchf9Ngo.ltrans0.ltrans.o
 .debug_loc     0x0000103e      0xdda C:\Users\elias\AppData\Local\Temp\cchf9Ngo.ltrans1.ltrans.o
 .debug_loc     0x00001e18      0xc9c C:\Users\elias\AppData\Local\Temp\cchf9Ngo.ltrans2.ltrans.o
 .debug_loc     0x00002ab4      0x766 C:\Users\elias\AppData\Local\Temp\cchf9Ngo.ltrans3.ltrans.o
 .debug_loc     0x0000321a      0x92d C:\Users\elias\AppData\Local\Temp\cchf9Ngo.ltrans4.ltrans.o
 .debug_loc     0x00003b47      0x2df C:\Users\elias\AppData\Local\Temp\cchf9Ngo.ltrans5.ltrans.o

.debug_macinfo
 *(.debug_macinfo)

.debug_ranges   0x00000000     0x2eb8
 *(.debug_ranges)
 .debug_ranges  0x00000000      0xb88 C:\Users\elias\AppData\Local\Temp\cchf9Ngo.ltrans0.ltrans.o
 .debug_ranges  0x00000b88      0xf50 C:\Users\elias\AppData\Local\Temp\cchf9Ngo.ltrans1.ltrans.o
 .debug_ranges  0x00001ad8      0x5b0 C:\Users\elias\AppData\Local\Temp\cchf9Ngo.ltrans2.ltrans.o
 .debug_ranges  0x00002088      0x6d0 C:\Users\elias\AppData\Local\Temp\cchf9Ngo.ltrans3.ltrans.o
 .debug_ranges  0x00002758      0x2a0 C:\Users\elias\AppData\Local\Temp\cchf9Ngo.ltrans4.ltrans.o
 .debug_ranges  0x000029f8      0x4c0 C:\Users\elias\AppData\Local\Temp\cchf9Ngo.ltrans5.ltrans.o

.comment        0x00000000       0x6e
 .comment       0x00000000       0x6e C:\Users\elias\AppData\Local\Temp\cchf9Ngo.ltrans0.ltrans.o
                                 0x6f (size before relaxing)
 .comment       0x0000006e       0x6f C:\Users\elias\AppData\Local\Temp\cchf9Ngo.ltrans1.ltrans.o
 .comment       0x0000006e       0x6f C:\Users\elias\AppData\Local\Temp\cchf9Ngo.ltrans2.ltrans.o
 .comment       0x0000006e       0x6f C:\Users\elias\AppData\Local\Temp\cchf9Ngo.ltrans3.ltrans.o
 .comment       0x0000006e       0x6f C:\Users\elias\AppData\Local\Temp\cchf9Ngo.ltrans4.ltrans.o
 .comment       0x0000006e       0x6f C:\Users\elias\AppData\Local\Temp\cchf9Ngo.ltrans5.ltrans.o

.debug_weaknames
 *(.debug_weaknames)

.debug_funcnames
 *(.debug_funcnames)

.debug_typenames
 *(.debug_typenames)

.debug_varnames
 *(.debug_varnames)

.note.gnu.arm.ident
 *(.note.gnu.arm.ident)

.ARM.attributes
                0x00000000       0x29
 *(.ARM.attributes)
 .ARM.attributes
                0x00000000       0x1d c:/program files (x86)/cypress/psoc creator/4.4/psoc creator/import/gnu/arm/5.4.1/bin/../lib/gcc/arm-none-eabi/5.4.1/armv7-m/crti.o
 .ARM.attributes
                0x0000001d       0x2d c:/program files (x86)/cypress/psoc creator/4.4/psoc creator/import/gnu/arm/5.4.1/bin/../lib/gcc/arm-none-eabi/5.4.1/armv7-m/crtbegin.o
 .ARM.attributes
                0x0000004a       0x1b c:/program files (x86)/cypress/psoc creator/4.4/psoc creator/import/gnu/arm/5.4.1/bin/../lib/gcc/arm-none-eabi/5.4.1/../../../../arm-none-eabi/lib/armv7-m/crt0.o
 .ARM.attributes
                0x00000065       0x31 C:\Users\elias\AppData\Local\Temp\cchf9Ngo.ltrans0.ltrans.o
 .ARM.attributes
                0x00000096       0x31 C:\Users\elias\AppData\Local\Temp\cchf9Ngo.ltrans1.ltrans.o
 .ARM.attributes
                0x000000c7       0x31 C:\Users\elias\AppData\Local\Temp\cchf9Ngo.ltrans2.ltrans.o
 .ARM.attributes
                0x000000f8       0x31 C:\Users\elias\AppData\Local\Temp\cchf9Ngo.ltrans3.ltrans.o
 .ARM.attributes
                0x00000129       0x31 C:\Users\elias\AppData\Local\Temp\cchf9Ngo.ltrans4.ltrans.o
 .ARM.attributes
                0x0000015a       0x31 C:\Users\elias\AppData\Local\Temp\cchf9Ngo.ltrans5.ltrans.o
 .ARM.attributes
                0x0000018b       0x21 .\CortexM3\ARM_GCC_541\Debug\AcondicionamientoAnalogico.a(CyBootAsmGnu.o)
 .ARM.attributes
                0x000001ac       0x2d c:/program files (x86)/cypress/psoc creator/4.4/psoc creator/import/gnu/arm/5.4.1/bin/../lib/gcc/arm-none-eabi/5.4.1/../../../../arm-none-eabi/lib/armv7-m\libg_nano.a(lib_a-errno.o)
 .ARM.attributes
                0x000001d9       0x2d c:/program files (x86)/cypress/psoc creator/4.4/psoc creator/import/gnu/arm/5.4.1/bin/../lib/gcc/arm-none-eabi/5.4.1/../../../../arm-none-eabi/lib/armv7-m\libg_nano.a(lib_a-exit.o)
 .ARM.attributes
                0x00000206       0x2d c:/program files (x86)/cypress/psoc creator/4.4/psoc creator/import/gnu/arm/5.4.1/bin/../lib/gcc/arm-none-eabi/5.4.1/../../../../arm-none-eabi/lib/armv7-m\libg_nano.a(lib_a-impure.o)
 .ARM.attributes
                0x00000233       0x2d c:/program files (x86)/cypress/psoc creator/4.4/psoc creator/import/gnu/arm/5.4.1/bin/../lib/gcc/arm-none-eabi/5.4.1/../../../../arm-none-eabi/lib/armv7-m\libg_nano.a(lib_a-init.o)
 .ARM.attributes
                0x00000260       0x2d c:/program files (x86)/cypress/psoc creator/4.4/psoc creator/import/gnu/arm/5.4.1/bin/../lib/gcc/arm-none-eabi/5.4.1/../../../../arm-none-eabi/lib/armv7-m\libg_nano.a(lib_a-memset.o)
 .ARM.attributes
                0x0000028d       0x2d c:/program files (x86)/cypress/psoc creator/4.4/psoc creator/import/gnu/arm/5.4.1/bin/../lib/gcc/arm-none-eabi/5.4.1/armv7-m/crtend.o
 .ARM.attributes
                0x000002ba       0x1d c:/program files (x86)/cypress/psoc creator/4.4/psoc creator/import/gnu/arm/5.4.1/bin/../lib/gcc/arm-none-eabi/5.4.1/armv7-m/crtn.o
 .ARM.attributes
                0x000002d7       0x2d c:/program files (x86)/cypress/psoc creator/4.4/psoc creator/import/gnu/arm/5.4.1/bin/../lib/gcc/arm-none-eabi/5.4.1/../../../../arm-none-eabi/lib/armv7-m\libnosys.a(_exit.o)

/DISCARD/
 *(.note.GNU-stack)
OUTPUT(C:\Github\Tesis\src\psoc\AcondicionamientoAnalogico.cydsn\CortexM3\ARM_GCC_541\Debug\AcondicionamientoAnalogico.elf elf32-littlearm)
