Archive member included to satisfy reference by file (symbol)

.\CortexM3\ARM_GCC_541\Debug\AcondicionamientoAnalogico.a(Filter.o)
                              .\CortexM3\ARM_GCC_541\Debug\main.o (symbol from plugin) (Filter_Start)
.\CortexM3\ARM_GCC_541\Debug\AcondicionamientoAnalogico.a(Filter_PVT.o)
                              Filter.o (symbol from plugin) (Filter_SetInterruptMode)
.\CortexM3\ARM_GCC_541\Debug\AcondicionamientoAnalogico.a(Filter_RAM_Data.o)
                              Filter.o (symbol from plugin) (Filter_cfsm)
.\CortexM3\ARM_GCC_541\Debug\AcondicionamientoAnalogico.a(CyDmac.o)
                              .\CortexM3\ARM_GCC_541\Debug\Cm3Start.o (symbol from plugin) (CyDmacConfigure)
.\CortexM3\ARM_GCC_541\Debug\AcondicionamientoAnalogico.a(CyLib.o)
                              .\CortexM3\ARM_GCC_541\Debug\Cm3Start.o (symbol from plugin) (CyHalt)
.\CortexM3\ARM_GCC_541\Debug\AcondicionamientoAnalogico.a(cyPm.o)
                              CyLib.o (symbol from plugin) (CyPmReadStatus)
.\CortexM3\ARM_GCC_541\Debug\AcondicionamientoAnalogico.a(DMA_DelSig_Filter_dma.o)
                              .\CortexM3\ARM_GCC_541\Debug\main.o (symbol from plugin) (DMA_DelSig_Filter_DmaInitialize)
.\CortexM3\ARM_GCC_541\Debug\AcondicionamientoAnalogico.a(DMA_DelSig_RAM_dma.o)
                              .\CortexM3\ARM_GCC_541\Debug\main.o (symbol from plugin) (DMA_DelSig_RAM_DmaInitialize)
.\CortexM3\ARM_GCC_541\Debug\AcondicionamientoAnalogico.a(isr_Timer.o)
                              .\CortexM3\ARM_GCC_541\Debug\main.o (symbol from plugin) (isr_Timer_StartEx)
.\CortexM3\ARM_GCC_541\Debug\AcondicionamientoAnalogico.a(Timer.o)
                              .\CortexM3\ARM_GCC_541\Debug\main.o (symbol from plugin) (Timer_Init)
.\CortexM3\ARM_GCC_541\Debug\AcondicionamientoAnalogico.a(LED.o)
                              .\CortexM3\ARM_GCC_541\Debug\main.o (symbol from plugin) (LED_Write)
.\CortexM3\ARM_GCC_541\Debug\AcondicionamientoAnalogico.a(UART.o)
                              .\CortexM3\ARM_GCC_541\Debug\main.o (symbol from plugin) (UART_Start)
.\CortexM3\ARM_GCC_541\Debug\AcondicionamientoAnalogico.a(UART_INT.o)
                              UART.o (symbol from plugin) (UART_RXISR)
.\CortexM3\ARM_GCC_541\Debug\AcondicionamientoAnalogico.a(UART_IntClock.o)
                              UART.o (symbol from plugin) (UART_IntClock_Start)
.\CortexM3\ARM_GCC_541\Debug\AcondicionamientoAnalogico.a(ADC.o)
                              .\CortexM3\ARM_GCC_541\Debug\calibration.o (symbol from plugin) (ADC_Start)
.\CortexM3\ARM_GCC_541\Debug\AcondicionamientoAnalogico.a(ADC_INT.o)
                              ADC.o (symbol from plugin) (ADC_ISR1)
.\CortexM3\ARM_GCC_541\Debug\AcondicionamientoAnalogico.a(ADC_Ext_CP_Clk.o)
                              ADC.o (symbol from plugin) (ADC_Ext_CP_Clk_SetDividerRegister)
.\CortexM3\ARM_GCC_541\Debug\AcondicionamientoAnalogico.a(ADC_theACLK.o)
                              ADC.o (symbol from plugin) (ADC_theACLK_SetDividerRegister)
.\CortexM3\ARM_GCC_541\Debug\AcondicionamientoAnalogico.a(VDAC_PGA.o)
                              .\CortexM3\ARM_GCC_541\Debug\calibration.o (symbol from plugin) (VDAC_PGA_Start)
.\CortexM3\ARM_GCC_541\Debug\AcondicionamientoAnalogico.a(SYNC_IN.o)
                              .\CortexM3\ARM_GCC_541\Debug\main.o (symbol from plugin) (SYNC_IN_Read)
.\CortexM3\ARM_GCC_541\Debug\AcondicionamientoAnalogico.a(LPF_ADC.o)
                              .\CortexM3\ARM_GCC_541\Debug\psoc_hw.o (symbol from plugin) (LPF_ADC_Start)
.\CortexM3\ARM_GCC_541\Debug\AcondicionamientoAnalogico.a(PGA.o)
                              .\CortexM3\ARM_GCC_541\Debug\psoc_hw.o (symbol from plugin) (PGA_Start)
.\CortexM3\ARM_GCC_541\Debug\AcondicionamientoAnalogico.a(ADC_AMux.o)
                              ADC.o (symbol from plugin) (ADC_AMux_Select)
.\CortexM3\ARM_GCC_541\Debug\AcondicionamientoAnalogico.a(Opa_LP.o)
                              .\CortexM3\ARM_GCC_541\Debug\psoc_hw.o (symbol from plugin) (Opa_LP_Start)
.\CortexM3\ARM_GCC_541\Debug\AcondicionamientoAnalogico.a(VDAC_LP.o)
                              .\CortexM3\ARM_GCC_541\Debug\calibration.o (symbol from plugin) (VDAC_LP_Start)
.\CortexM3\ARM_GCC_541\Debug\AcondicionamientoAnalogico.a(AMux_ADC.o)
                              .\CortexM3\ARM_GCC_541\Debug\calibration.o (symbol from plugin) (AMux_ADC_Start)
.\CortexM3\ARM_GCC_541\Debug\AcondicionamientoAnalogico.a(Opa_ref_PGA.o)
                              .\CortexM3\ARM_GCC_541\Debug\psoc_hw.o (symbol from plugin) (Opa_ref_PGA_Start)
.\CortexM3\ARM_GCC_541\Debug\AcondicionamientoAnalogico.a(Clock_1.o)
                              .\CortexM3\ARM_GCC_541\Debug\main.o (symbol from plugin) (Clock_1_Start)
.\CortexM3\ARM_GCC_541\Debug\AcondicionamientoAnalogico.a(EEPROM.o)
                              .\CortexM3\ARM_GCC_541\Debug\main.o (symbol from plugin) (EEPROM_Start)
.\CortexM3\ARM_GCC_541\Debug\AcondicionamientoAnalogico.a(DMA_Filter_RAM_dma.o)
                              .\CortexM3\ARM_GCC_541\Debug\main.o (symbol from plugin) (DMA_Filter_RAM_DmaInitialize)
.\CortexM3\ARM_GCC_541\Debug\AcondicionamientoAnalogico.a(Opa_ref_1V.o)
                              .\CortexM3\ARM_GCC_541\Debug\psoc_hw.o (symbol from plugin) (Opa_ref_1V_Start)
.\CortexM3\ARM_GCC_541\Debug\AcondicionamientoAnalogico.a(isr_SuperMaquina.o)
                              .\CortexM3\ARM_GCC_541\Debug\main.o (symbol from plugin) (isr_SuperMaquina_StartEx)
.\CortexM3\ARM_GCC_541\Debug\AcondicionamientoAnalogico.a(state.o)
                              .\CortexM3\ARM_GCC_541\Debug\main.o (symbol from plugin) (state_Read)
.\CortexM3\ARM_GCC_541\Debug\AcondicionamientoAnalogico.a(error.o)
                              .\CortexM3\ARM_GCC_541\Debug\main.o (symbol from plugin) (error_Read)
.\CortexM3\ARM_GCC_541\Debug\AcondicionamientoAnalogico.a(status.o)
                              .\CortexM3\ARM_GCC_541\Debug\main.o (symbol from plugin) (status_Read)
.\CortexM3\ARM_GCC_541\Debug\AcondicionamientoAnalogico.a(reset.o)
                              .\CortexM3\ARM_GCC_541\Debug\main.o (symbol from plugin) (reset_Write)
.\CortexM3\ARM_GCC_541\Debug\AcondicionamientoAnalogico.a(cfg.o)
                              .\CortexM3\ARM_GCC_541\Debug\main.o (symbol from plugin) (cfg_Write)
.\CortexM3\ARM_GCC_541\Debug\AcondicionamientoAnalogico.a(ctrl.o)
                              .\CortexM3\ARM_GCC_541\Debug\main.o (symbol from plugin) (ctrl_Write)
.\CortexM3\ARM_GCC_541\Debug\AcondicionamientoAnalogico.a(Timer_2.o)
                              .\CortexM3\ARM_GCC_541\Debug\main.o (symbol from plugin) (Timer_2_Init)
.\CortexM3\ARM_GCC_541\Debug\AcondicionamientoAnalogico.a(isr_Timer_2.o)
                              .\CortexM3\ARM_GCC_541\Debug\main.o (symbol from plugin) (isr_Timer_2_StartEx)
.\CortexM3\ARM_GCC_541\Debug\AcondicionamientoAnalogico.a(isr_Timer_1.o)
                              .\CortexM3\ARM_GCC_541\Debug\main.o (symbol from plugin) (isr_Timer_1_StartEx)
.\CortexM3\ARM_GCC_541\Debug\AcondicionamientoAnalogico.a(Timer_1.o)
                              .\CortexM3\ARM_GCC_541\Debug\main.o (symbol from plugin) (Timer_1_Init)
.\CortexM3\ARM_GCC_541\Debug\AcondicionamientoAnalogico.a(Timer_3.o)
                              .\CortexM3\ARM_GCC_541\Debug\main.o (symbol from plugin) (Timer_3_Init)
.\CortexM3\ARM_GCC_541\Debug\AcondicionamientoAnalogico.a(isr_Timer_3.o)
                              .\CortexM3\ARM_GCC_541\Debug\main.o (symbol from plugin) (isr_Timer_3_StartEx)
.\CortexM3\ARM_GCC_541\Debug\AcondicionamientoAnalogico.a(CyBootAsmGnu.o)
                              .\CortexM3\ARM_GCC_541\Debug\cyfitter_cfg.o (symbol from plugin) (CyDelayCycles)
.\CortexM3\ARM_GCC_541\Debug\AcondicionamientoAnalogico.a(CyFlash.o)
                              EEPROM.o (symbol from plugin) (dieTemperature)
.\CortexM3\ARM_GCC_541\Debug\AcondicionamientoAnalogico.a(CySpc.o)
                              EEPROM.o (symbol from plugin) (CySpcStart)
c:/program files (x86)/cypress/psoc creator/4.4/psoc creator/import/gnu/arm/5.4.1/bin/../lib/gcc/arm-none-eabi/5.4.1/../../../../arm-none-eabi/lib/armv7-m\libg_nano.a(lib_a-errno.o)
                              .\CortexM3\ARM_GCC_541\Debug\Cm3Start.o (symbol from plugin) (__errno)
c:/program files (x86)/cypress/psoc creator/4.4/psoc creator/import/gnu/arm/5.4.1/bin/../lib/gcc/arm-none-eabi/5.4.1/../../../../arm-none-eabi/lib/armv7-m\libg_nano.a(lib_a-exit.o)
                              c:/program files (x86)/cypress/psoc creator/4.4/psoc creator/import/gnu/arm/5.4.1/bin/../lib/gcc/arm-none-eabi/5.4.1/../../../../arm-none-eabi/lib/armv7-m/crt0.o (exit)
c:/program files (x86)/cypress/psoc creator/4.4/psoc creator/import/gnu/arm/5.4.1/bin/../lib/gcc/arm-none-eabi/5.4.1/../../../../arm-none-eabi/lib/armv7-m\libg_nano.a(lib_a-impure.o)
                              c:/program files (x86)/cypress/psoc creator/4.4/psoc creator/import/gnu/arm/5.4.1/bin/../lib/gcc/arm-none-eabi/5.4.1/../../../../arm-none-eabi/lib/armv7-m\libg_nano.a(lib_a-exit.o) (_global_impure_ptr)
c:/program files (x86)/cypress/psoc creator/4.4/psoc creator/import/gnu/arm/5.4.1/bin/../lib/gcc/arm-none-eabi/5.4.1/../../../../arm-none-eabi/lib/armv7-m\libg_nano.a(lib_a-init.o)
                              c:/program files (x86)/cypress/psoc creator/4.4/psoc creator/import/gnu/arm/5.4.1/bin/../lib/gcc/arm-none-eabi/5.4.1/../../../../arm-none-eabi/lib/armv7-m/crt0.o (__libc_init_array)
c:/program files (x86)/cypress/psoc creator/4.4/psoc creator/import/gnu/arm/5.4.1/bin/../lib/gcc/arm-none-eabi/5.4.1/../../../../arm-none-eabi/lib/armv7-m\libg_nano.a(lib_a-memset.o)
                              c:/program files (x86)/cypress/psoc creator/4.4/psoc creator/import/gnu/arm/5.4.1/bin/../lib/gcc/arm-none-eabi/5.4.1/../../../../arm-none-eabi/lib/armv7-m/crt0.o (memset)
c:/program files (x86)/cypress/psoc creator/4.4/psoc creator/import/gnu/arm/5.4.1/bin/../lib/gcc/arm-none-eabi/5.4.1/../../../../arm-none-eabi/lib/armv7-m\libnosys.a(_exit.o)
                              c:/program files (x86)/cypress/psoc creator/4.4/psoc creator/import/gnu/arm/5.4.1/bin/../lib/gcc/arm-none-eabi/5.4.1/../../../../arm-none-eabi/lib/armv7-m\libg_nano.a(lib_a-exit.o) (_exit)
c:/program files (x86)/cypress/psoc creator/4.4/psoc creator/import/gnu/arm/5.4.1/bin/../lib/gcc/arm-none-eabi/5.4.1/armv7-m\libgcc.a(_aeabi_ldivmod.o)
                              C:\Users\elias\AppData\Local\Temp\ccqCEuad.ltrans2.ltrans.o (__aeabi_ldivmod)
c:/program files (x86)/cypress/psoc creator/4.4/psoc creator/import/gnu/arm/5.4.1/bin/../lib/gcc/arm-none-eabi/5.4.1/armv7-m\libgcc.a(_udivmoddi4.o)
                              c:/program files (x86)/cypress/psoc creator/4.4/psoc creator/import/gnu/arm/5.4.1/bin/../lib/gcc/arm-none-eabi/5.4.1/armv7-m\libgcc.a(_aeabi_ldivmod.o) (__udivmoddi4)
c:/program files (x86)/cypress/psoc creator/4.4/psoc creator/import/gnu/arm/5.4.1/bin/../lib/gcc/arm-none-eabi/5.4.1/armv7-m\libgcc.a(_dvmd_tls.o)
                              c:/program files (x86)/cypress/psoc creator/4.4/psoc creator/import/gnu/arm/5.4.1/bin/../lib/gcc/arm-none-eabi/5.4.1/armv7-m\libgcc.a(_aeabi_ldivmod.o) (__aeabi_ldiv0)
c:/program files (x86)/cypress/psoc creator/4.4/psoc creator/import/gnu/arm/5.4.1/bin/../lib/gcc/arm-none-eabi/5.4.1/../../../../arm-none-eabi/lib/armv7-m\libg_nano.a(lib_a-memcpy-stub.o)
                              C:\Users\elias\AppData\Local\Temp\ccqCEuad.ltrans0.ltrans.o (memcpy)

Allocating common symbols
Common symbol       size              file

ADC_CountsPerVolt   0x4               ADC.o (symbol from plugin)

Discarded input sections

 .text          0x00000000        0x0 c:/program files (x86)/cypress/psoc creator/4.4/psoc creator/import/gnu/arm/5.4.1/bin/../lib/gcc/arm-none-eabi/5.4.1/armv7-m/crti.o
 .data          0x00000000        0x0 c:/program files (x86)/cypress/psoc creator/4.4/psoc creator/import/gnu/arm/5.4.1/bin/../lib/gcc/arm-none-eabi/5.4.1/armv7-m/crti.o
 .bss           0x00000000        0x0 c:/program files (x86)/cypress/psoc creator/4.4/psoc creator/import/gnu/arm/5.4.1/bin/../lib/gcc/arm-none-eabi/5.4.1/armv7-m/crti.o
 .data          0x00000000        0x4 c:/program files (x86)/cypress/psoc creator/4.4/psoc creator/import/gnu/arm/5.4.1/bin/../lib/gcc/arm-none-eabi/5.4.1/armv7-m/crtbegin.o
 .text          0x00000000       0x74 c:/program files (x86)/cypress/psoc creator/4.4/psoc creator/import/gnu/arm/5.4.1/bin/../lib/gcc/arm-none-eabi/5.4.1/../../../../arm-none-eabi/lib/armv7-m/crt0.o
 .data          0x00000000        0x0 c:/program files (x86)/cypress/psoc creator/4.4/psoc creator/import/gnu/arm/5.4.1/bin/../lib/gcc/arm-none-eabi/5.4.1/../../../../arm-none-eabi/lib/armv7-m/crt0.o
 .bss           0x00000000        0x0 c:/program files (x86)/cypress/psoc creator/4.4/psoc creator/import/gnu/arm/5.4.1/bin/../lib/gcc/arm-none-eabi/5.4.1/../../../../arm-none-eabi/lib/armv7-m/crt0.o
 .ARM.extab     0x00000000        0x0 c:/program files (x86)/cypress/psoc creator/4.4/psoc creator/import/gnu/arm/5.4.1/bin/../lib/gcc/arm-none-eabi/5.4.1/../../../../arm-none-eabi/lib/armv7-m/crt0.o
 .ARM.exidx     0x00000000        0x8 c:/program files (x86)/cypress/psoc creator/4.4/psoc creator/import/gnu/arm/5.4.1/bin/../lib/gcc/arm-none-eabi/5.4.1/../../../../arm-none-eabi/lib/armv7-m/crt0.o
 .text          0x00000000        0x0 .\CortexM3\ARM_GCC_541\Debug\main.o (symbol from plugin)
 .text          0x00000000        0x0 C:\Users\elias\AppData\Local\Temp\ccqCEuad.ltrans0.ltrans.o
 .data          0x00000000        0x0 C:\Users\elias\AppData\Local\Temp\ccqCEuad.ltrans0.ltrans.o
 .text          0x00000000        0x0 C:\Users\elias\AppData\Local\Temp\ccqCEuad.ltrans1.ltrans.o
 .text          0x00000000        0x0 C:\Users\elias\AppData\Local\Temp\ccqCEuad.ltrans2.ltrans.o
 .data          0x00000000        0x0 C:\Users\elias\AppData\Local\Temp\ccqCEuad.ltrans2.ltrans.o
 .text          0x00000000        0x0 C:\Users\elias\AppData\Local\Temp\ccqCEuad.ltrans3.ltrans.o
 .data          0x00000000        0x0 C:\Users\elias\AppData\Local\Temp\ccqCEuad.ltrans3.ltrans.o
 .text          0x00000000        0x0 C:\Users\elias\AppData\Local\Temp\ccqCEuad.ltrans4.ltrans.o
 .text          0x00000000        0x0 C:\Users\elias\AppData\Local\Temp\ccqCEuad.ltrans5.ltrans.o
 .text          0x00000000        0x0 C:\Users\elias\AppData\Local\Temp\ccqCEuad.ltrans6.ltrans.o
 .text          0x00000000        0x0 C:\Users\elias\AppData\Local\Temp\ccqCEuad.ltrans7.ltrans.o
 .text._exit    0x00000000        0x4 C:\Users\elias\AppData\Local\Temp\ccqCEuad.ltrans7.ltrans.o
 .text          0x00000000        0x0 .\CortexM3\ARM_GCC_541\Debug\calibration.o (symbol from plugin)
 .text          0x00000000        0x0 .\CortexM3\ARM_GCC_541\Debug\psoc_adc.o (symbol from plugin)
 .text          0x00000000        0x0 .\CortexM3\ARM_GCC_541\Debug\psoc_hw.o (symbol from plugin)
 .text          0x00000000        0x0 .\CortexM3\ARM_GCC_541\Debug\crc.o (symbol from plugin)
 .text          0x00000000        0x0 .\CortexM3\ARM_GCC_541\Debug\psoc_nv.o (symbol from plugin)
 .text          0x00000000        0x0 .\CortexM3\ARM_GCC_541\Debug\filter_coeffs.o (symbol from plugin)
 .text          0x00000000        0x0 .\CortexM3\ARM_GCC_541\Debug\FIR_adquisition.o (symbol from plugin)
 .text          0x00000000        0x0 .\CortexM3\ARM_GCC_541\Debug\FIR_calibration.o (symbol from plugin)
 .text          0x00000000        0x0 .\CortexM3\ARM_GCC_541\Debug\psoc_debug.o (symbol from plugin)
 .text          0x00000000        0x0 .\CortexM3\ARM_GCC_541\Debug\cyfitter_cfg.o (symbol from plugin)
 .text          0x00000000        0x0 .\CortexM3\ARM_GCC_541\Debug\cymetadata.o (symbol from plugin)
 .text          0x00000000        0x0 .\CortexM3\ARM_GCC_541\Debug\Cm3Start.o (symbol from plugin)
 .text          0x00000000        0x0 Filter.o (symbol from plugin)
 .text          0x00000000        0x0 Filter_PVT.o (symbol from plugin)
 .text          0x00000000        0x0 Filter_RAM_Data.o (symbol from plugin)
 .text          0x00000000        0x0 CyDmac.o (symbol from plugin)
 .text          0x00000000        0x0 CyLib.o (symbol from plugin)
 .text          0x00000000        0x0 cyPm.o (symbol from plugin)
 .text          0x00000000        0x0 DMA_DelSig_Filter_dma.o (symbol from plugin)
 .text          0x00000000        0x0 DMA_DelSig_RAM_dma.o (symbol from plugin)
 .text          0x00000000        0x0 isr_Timer.o (symbol from plugin)
 .text          0x00000000        0x0 Timer.o (symbol from plugin)
 .text          0x00000000        0x0 LED.o (symbol from plugin)
 .text          0x00000000        0x0 UART.o (symbol from plugin)
 .text          0x00000000        0x0 UART_INT.o (symbol from plugin)
 .text          0x00000000        0x0 UART_IntClock.o (symbol from plugin)
 .text          0x00000000        0x0 ADC.o (symbol from plugin)
 .text          0x00000000        0x0 ADC_INT.o (symbol from plugin)
 .text          0x00000000        0x0 ADC_Ext_CP_Clk.o (symbol from plugin)
 .text          0x00000000        0x0 ADC_theACLK.o (symbol from plugin)
 .text          0x00000000        0x0 VDAC_PGA.o (symbol from plugin)
 .text          0x00000000        0x0 SYNC_IN.o (symbol from plugin)
 .text          0x00000000        0x0 LPF_ADC.o (symbol from plugin)
 .text          0x00000000        0x0 PGA.o (symbol from plugin)
 .text          0x00000000        0x0 ADC_AMux.o (symbol from plugin)
 .text          0x00000000        0x0 Opa_LP.o (symbol from plugin)
 .text          0x00000000        0x0 VDAC_LP.o (symbol from plugin)
 .text          0x00000000        0x0 AMux_ADC.o (symbol from plugin)
 .text          0x00000000        0x0 Opa_ref_PGA.o (symbol from plugin)
 .text          0x00000000        0x0 Clock_1.o (symbol from plugin)
 .text          0x00000000        0x0 EEPROM.o (symbol from plugin)
 .text          0x00000000        0x0 DMA_Filter_RAM_dma.o (symbol from plugin)
 .text          0x00000000        0x0 Opa_ref_1V.o (symbol from plugin)
 .text          0x00000000        0x0 isr_SuperMaquina.o (symbol from plugin)
 .text          0x00000000        0x0 state.o (symbol from plugin)
 .text          0x00000000        0x0 error.o (symbol from plugin)
 .text          0x00000000        0x0 status.o (symbol from plugin)
 .text          0x00000000        0x0 reset.o (symbol from plugin)
 .text          0x00000000        0x0 cfg.o (symbol from plugin)
 .text          0x00000000        0x0 ctrl.o (symbol from plugin)
 .text          0x00000000        0x0 Timer_2.o (symbol from plugin)
 .text          0x00000000        0x0 isr_Timer_2.o (symbol from plugin)
 .text          0x00000000        0x0 isr_Timer_1.o (symbol from plugin)
 .text          0x00000000        0x0 Timer_1.o (symbol from plugin)
 .text          0x00000000        0x0 Timer_3.o (symbol from plugin)
 .text          0x00000000        0x0 isr_Timer_3.o (symbol from plugin)
 .data          0x00000000        0x0 .\CortexM3\ARM_GCC_541\Debug\AcondicionamientoAnalogico.a(CyBootAsmGnu.o)
 .bss           0x00000000        0x0 .\CortexM3\ARM_GCC_541\Debug\AcondicionamientoAnalogico.a(CyBootAsmGnu.o)
 .text          0x00000000        0x0 CyFlash.o (symbol from plugin)
 .text          0x00000000        0x0 CySpc.o (symbol from plugin)
 .text          0x00000000        0x0 c:/program files (x86)/cypress/psoc creator/4.4/psoc creator/import/gnu/arm/5.4.1/bin/../lib/gcc/arm-none-eabi/5.4.1/../../../../arm-none-eabi/lib/armv7-m\libg_nano.a(lib_a-errno.o)
 .data          0x00000000        0x0 c:/program files (x86)/cypress/psoc creator/4.4/psoc creator/import/gnu/arm/5.4.1/bin/../lib/gcc/arm-none-eabi/5.4.1/../../../../arm-none-eabi/lib/armv7-m\libg_nano.a(lib_a-errno.o)
 .bss           0x00000000        0x0 c:/program files (x86)/cypress/psoc creator/4.4/psoc creator/import/gnu/arm/5.4.1/bin/../lib/gcc/arm-none-eabi/5.4.1/../../../../arm-none-eabi/lib/armv7-m\libg_nano.a(lib_a-errno.o)
 .text          0x00000000        0x0 c:/program files (x86)/cypress/psoc creator/4.4/psoc creator/import/gnu/arm/5.4.1/bin/../lib/gcc/arm-none-eabi/5.4.1/../../../../arm-none-eabi/lib/armv7-m\libg_nano.a(lib_a-exit.o)
 .data          0x00000000        0x0 c:/program files (x86)/cypress/psoc creator/4.4/psoc creator/import/gnu/arm/5.4.1/bin/../lib/gcc/arm-none-eabi/5.4.1/../../../../arm-none-eabi/lib/armv7-m\libg_nano.a(lib_a-exit.o)
 .bss           0x00000000        0x0 c:/program files (x86)/cypress/psoc creator/4.4/psoc creator/import/gnu/arm/5.4.1/bin/../lib/gcc/arm-none-eabi/5.4.1/../../../../arm-none-eabi/lib/armv7-m\libg_nano.a(lib_a-exit.o)
 .text.exit     0x00000000       0x28 c:/program files (x86)/cypress/psoc creator/4.4/psoc creator/import/gnu/arm/5.4.1/bin/../lib/gcc/arm-none-eabi/5.4.1/../../../../arm-none-eabi/lib/armv7-m\libg_nano.a(lib_a-exit.o)
 .text          0x00000000        0x0 c:/program files (x86)/cypress/psoc creator/4.4/psoc creator/import/gnu/arm/5.4.1/bin/../lib/gcc/arm-none-eabi/5.4.1/../../../../arm-none-eabi/lib/armv7-m\libg_nano.a(lib_a-impure.o)
 .data          0x00000000        0x0 c:/program files (x86)/cypress/psoc creator/4.4/psoc creator/import/gnu/arm/5.4.1/bin/../lib/gcc/arm-none-eabi/5.4.1/../../../../arm-none-eabi/lib/armv7-m\libg_nano.a(lib_a-impure.o)
 .bss           0x00000000        0x0 c:/program files (x86)/cypress/psoc creator/4.4/psoc creator/import/gnu/arm/5.4.1/bin/../lib/gcc/arm-none-eabi/5.4.1/../../../../arm-none-eabi/lib/armv7-m\libg_nano.a(lib_a-impure.o)
 .rodata._global_impure_ptr
                0x00000000        0x4 c:/program files (x86)/cypress/psoc creator/4.4/psoc creator/import/gnu/arm/5.4.1/bin/../lib/gcc/arm-none-eabi/5.4.1/../../../../arm-none-eabi/lib/armv7-m\libg_nano.a(lib_a-impure.o)
 .text          0x00000000        0x0 c:/program files (x86)/cypress/psoc creator/4.4/psoc creator/import/gnu/arm/5.4.1/bin/../lib/gcc/arm-none-eabi/5.4.1/../../../../arm-none-eabi/lib/armv7-m\libg_nano.a(lib_a-init.o)
 .data          0x00000000        0x0 c:/program files (x86)/cypress/psoc creator/4.4/psoc creator/import/gnu/arm/5.4.1/bin/../lib/gcc/arm-none-eabi/5.4.1/../../../../arm-none-eabi/lib/armv7-m\libg_nano.a(lib_a-init.o)
 .bss           0x00000000        0x0 c:/program files (x86)/cypress/psoc creator/4.4/psoc creator/import/gnu/arm/5.4.1/bin/../lib/gcc/arm-none-eabi/5.4.1/../../../../arm-none-eabi/lib/armv7-m\libg_nano.a(lib_a-init.o)
 .text          0x00000000        0x0 c:/program files (x86)/cypress/psoc creator/4.4/psoc creator/import/gnu/arm/5.4.1/bin/../lib/gcc/arm-none-eabi/5.4.1/../../../../arm-none-eabi/lib/armv7-m\libg_nano.a(lib_a-memset.o)
 .data          0x00000000        0x0 c:/program files (x86)/cypress/psoc creator/4.4/psoc creator/import/gnu/arm/5.4.1/bin/../lib/gcc/arm-none-eabi/5.4.1/../../../../arm-none-eabi/lib/armv7-m\libg_nano.a(lib_a-memset.o)
 .bss           0x00000000        0x0 c:/program files (x86)/cypress/psoc creator/4.4/psoc creator/import/gnu/arm/5.4.1/bin/../lib/gcc/arm-none-eabi/5.4.1/../../../../arm-none-eabi/lib/armv7-m\libg_nano.a(lib_a-memset.o)
 .text          0x00000000        0x0 c:/program files (x86)/cypress/psoc creator/4.4/psoc creator/import/gnu/arm/5.4.1/bin/../lib/gcc/arm-none-eabi/5.4.1/armv7-m/crtend.o
 .data          0x00000000        0x0 c:/program files (x86)/cypress/psoc creator/4.4/psoc creator/import/gnu/arm/5.4.1/bin/../lib/gcc/arm-none-eabi/5.4.1/armv7-m/crtend.o
 .bss           0x00000000        0x0 c:/program files (x86)/cypress/psoc creator/4.4/psoc creator/import/gnu/arm/5.4.1/bin/../lib/gcc/arm-none-eabi/5.4.1/armv7-m/crtend.o
 .text          0x00000000        0x0 c:/program files (x86)/cypress/psoc creator/4.4/psoc creator/import/gnu/arm/5.4.1/bin/../lib/gcc/arm-none-eabi/5.4.1/armv7-m/crtn.o
 .data          0x00000000        0x0 c:/program files (x86)/cypress/psoc creator/4.4/psoc creator/import/gnu/arm/5.4.1/bin/../lib/gcc/arm-none-eabi/5.4.1/armv7-m/crtn.o
 .bss           0x00000000        0x0 c:/program files (x86)/cypress/psoc creator/4.4/psoc creator/import/gnu/arm/5.4.1/bin/../lib/gcc/arm-none-eabi/5.4.1/armv7-m/crtn.o
 .text          0x00000000        0x0 c:/program files (x86)/cypress/psoc creator/4.4/psoc creator/import/gnu/arm/5.4.1/bin/../lib/gcc/arm-none-eabi/5.4.1/../../../../arm-none-eabi/lib/armv7-m\libnosys.a(_exit.o)
 .data          0x00000000        0x0 c:/program files (x86)/cypress/psoc creator/4.4/psoc creator/import/gnu/arm/5.4.1/bin/../lib/gcc/arm-none-eabi/5.4.1/../../../../arm-none-eabi/lib/armv7-m\libnosys.a(_exit.o)
 .bss           0x00000000        0x0 c:/program files (x86)/cypress/psoc creator/4.4/psoc creator/import/gnu/arm/5.4.1/bin/../lib/gcc/arm-none-eabi/5.4.1/../../../../arm-none-eabi/lib/armv7-m\libnosys.a(_exit.o)
 .text._exit    0x00000000        0x4 c:/program files (x86)/cypress/psoc creator/4.4/psoc creator/import/gnu/arm/5.4.1/bin/../lib/gcc/arm-none-eabi/5.4.1/../../../../arm-none-eabi/lib/armv7-m\libnosys.a(_exit.o)
 .data          0x00000000        0x0 c:/program files (x86)/cypress/psoc creator/4.4/psoc creator/import/gnu/arm/5.4.1/bin/../lib/gcc/arm-none-eabi/5.4.1/armv7-m\libgcc.a(_aeabi_ldivmod.o)
 .bss           0x00000000        0x0 c:/program files (x86)/cypress/psoc creator/4.4/psoc creator/import/gnu/arm/5.4.1/bin/../lib/gcc/arm-none-eabi/5.4.1/armv7-m\libgcc.a(_aeabi_ldivmod.o)
 .data          0x00000000        0x0 c:/program files (x86)/cypress/psoc creator/4.4/psoc creator/import/gnu/arm/5.4.1/bin/../lib/gcc/arm-none-eabi/5.4.1/armv7-m\libgcc.a(_udivmoddi4.o)
 .bss           0x00000000        0x0 c:/program files (x86)/cypress/psoc creator/4.4/psoc creator/import/gnu/arm/5.4.1/bin/../lib/gcc/arm-none-eabi/5.4.1/armv7-m\libgcc.a(_udivmoddi4.o)
 .ARM.extab     0x00000000        0x0 c:/program files (x86)/cypress/psoc creator/4.4/psoc creator/import/gnu/arm/5.4.1/bin/../lib/gcc/arm-none-eabi/5.4.1/armv7-m\libgcc.a(_udivmoddi4.o)
 .data          0x00000000        0x0 c:/program files (x86)/cypress/psoc creator/4.4/psoc creator/import/gnu/arm/5.4.1/bin/../lib/gcc/arm-none-eabi/5.4.1/armv7-m\libgcc.a(_dvmd_tls.o)
 .bss           0x00000000        0x0 c:/program files (x86)/cypress/psoc creator/4.4/psoc creator/import/gnu/arm/5.4.1/bin/../lib/gcc/arm-none-eabi/5.4.1/armv7-m\libgcc.a(_dvmd_tls.o)
 .text          0x00000000        0x0 c:/program files (x86)/cypress/psoc creator/4.4/psoc creator/import/gnu/arm/5.4.1/bin/../lib/gcc/arm-none-eabi/5.4.1/../../../../arm-none-eabi/lib/armv7-m\libg_nano.a(lib_a-memcpy-stub.o)
 .data          0x00000000        0x0 c:/program files (x86)/cypress/psoc creator/4.4/psoc creator/import/gnu/arm/5.4.1/bin/../lib/gcc/arm-none-eabi/5.4.1/../../../../arm-none-eabi/lib/armv7-m\libg_nano.a(lib_a-memcpy-stub.o)
 .bss           0x00000000        0x0 c:/program files (x86)/cypress/psoc creator/4.4/psoc creator/import/gnu/arm/5.4.1/bin/../lib/gcc/arm-none-eabi/5.4.1/../../../../arm-none-eabi/lib/armv7-m\libg_nano.a(lib_a-memcpy-stub.o)

Memory Configuration

Name             Origin             Length             Attributes
rom              0x00000000         0x00040000         xr
ram              0x1fff8000         0x00010000         xrw
*default*        0x00000000         0xffffffff

Linker script and memory map

LOAD c:/program files (x86)/cypress/psoc creator/4.4/psoc creator/import/gnu/arm/5.4.1/bin/../lib/gcc/arm-none-eabi/5.4.1/armv7-m/crti.o
LOAD c:/program files (x86)/cypress/psoc creator/4.4/psoc creator/import/gnu/arm/5.4.1/bin/../lib/gcc/arm-none-eabi/5.4.1/armv7-m/crtbegin.o
LOAD c:/program files (x86)/cypress/psoc creator/4.4/psoc creator/import/gnu/arm/5.4.1/bin/../lib/gcc/arm-none-eabi/5.4.1/../../../../arm-none-eabi/lib/armv7-m/crt0.o
START GROUP
LOAD .\CortexM3\ARM_GCC_541\Debug\main.o
LOAD C:\Users\elias\AppData\Local\Temp\ccqCEuad.ltrans0.ltrans.o
LOAD C:\Users\elias\AppData\Local\Temp\ccqCEuad.ltrans1.ltrans.o
LOAD C:\Users\elias\AppData\Local\Temp\ccqCEuad.ltrans2.ltrans.o
LOAD C:\Users\elias\AppData\Local\Temp\ccqCEuad.ltrans3.ltrans.o
LOAD C:\Users\elias\AppData\Local\Temp\ccqCEuad.ltrans4.ltrans.o
LOAD C:\Users\elias\AppData\Local\Temp\ccqCEuad.ltrans5.ltrans.o
LOAD C:\Users\elias\AppData\Local\Temp\ccqCEuad.ltrans6.ltrans.o
LOAD C:\Users\elias\AppData\Local\Temp\ccqCEuad.ltrans7.ltrans.o
LOAD .\CortexM3\ARM_GCC_541\Debug\calibration.o
LOAD .\CortexM3\ARM_GCC_541\Debug\psoc_adc.o
LOAD .\CortexM3\ARM_GCC_541\Debug\psoc_hw.o
LOAD .\CortexM3\ARM_GCC_541\Debug\crc.o
LOAD .\CortexM3\ARM_GCC_541\Debug\psoc_nv.o
LOAD .\CortexM3\ARM_GCC_541\Debug\filter_coeffs.o
LOAD .\CortexM3\ARM_GCC_541\Debug\FIR_adquisition.o
LOAD .\CortexM3\ARM_GCC_541\Debug\FIR_calibration.o
LOAD .\CortexM3\ARM_GCC_541\Debug\psoc_debug.o
LOAD .\CortexM3\ARM_GCC_541\Debug\cyfitter_cfg.o
LOAD .\CortexM3\ARM_GCC_541\Debug\cymetadata.o
LOAD .\CortexM3\ARM_GCC_541\Debug\Cm3Start.o
LOAD .\CortexM3\ARM_GCC_541\Debug\AcondicionamientoAnalogico.a
LOAD C:\Program Files (x86)\Cypress\PSoC Creator\4.4\PSoC Creator\psoc\content\cycomponentlibrary\CyComponentLibrary.cylib\CortexM3\ARM_GCC_541\Debug\CyComponentLibrary.a
END GROUP
START GROUP
LOAD c:/program files (x86)/cypress/psoc creator/4.4/psoc creator/import/gnu/arm/5.4.1/bin/../lib/gcc/arm-none-eabi/5.4.1/armv7-m\libgcc.a
LOAD c:/program files (x86)/cypress/psoc creator/4.4/psoc creator/import/gnu/arm/5.4.1/bin/../lib/gcc/arm-none-eabi/5.4.1/../../../../arm-none-eabi/lib/armv7-m\libg_nano.a
LOAD c:/program files (x86)/cypress/psoc creator/4.4/psoc creator/import/gnu/arm/5.4.1/bin/../lib/gcc/arm-none-eabi/5.4.1/../../../../arm-none-eabi/lib/armv7-m\libc_nano.a
END GROUP
START GROUP
LOAD c:/program files (x86)/cypress/psoc creator/4.4/psoc creator/import/gnu/arm/5.4.1/bin/../lib/gcc/arm-none-eabi/5.4.1/armv7-m\libgcc.a
LOAD c:/program files (x86)/cypress/psoc creator/4.4/psoc creator/import/gnu/arm/5.4.1/bin/../lib/gcc/arm-none-eabi/5.4.1/../../../../arm-none-eabi/lib/armv7-m\libc_nano.a
END GROUP
LOAD c:/program files (x86)/cypress/psoc creator/4.4/psoc creator/import/gnu/arm/5.4.1/bin/../lib/gcc/arm-none-eabi/5.4.1/armv7-m/crtend.o
LOAD c:/program files (x86)/cypress/psoc creator/4.4/psoc creator/import/gnu/arm/5.4.1/bin/../lib/gcc/arm-none-eabi/5.4.1/armv7-m/crtn.o
START GROUP
LOAD c:/program files (x86)/cypress/psoc creator/4.4/psoc creator/import/gnu/arm/5.4.1/bin/../lib/gcc/arm-none-eabi/5.4.1/armv7-m\libgcc.a
LOAD c:/program files (x86)/cypress/psoc creator/4.4/psoc creator/import/gnu/arm/5.4.1/bin/../lib/gcc/arm-none-eabi/5.4.1/../../../../arm-none-eabi/lib/armv7-m\libc.a
LOAD c:/program files (x86)/cypress/psoc creator/4.4/psoc creator/import/gnu/arm/5.4.1/bin/../lib/gcc/arm-none-eabi/5.4.1/../../../../arm-none-eabi/lib/armv7-m\libnosys.a
END GROUP
                0x00000000                CY_APPL_ORIGIN = 0x0
                0x00000100                CY_FLASH_ROW_SIZE = 0x100
                0x00000020                CY_ECC_ROW_SIZE = 0x20
                0x00000000                CY_EE_IN_BTLDR = 0x0
                0x00000000                CY_APPL_LOADABLE = 0x0
                0x00000800                CY_EE_SIZE = 0x800
                0x00000001                CY_APPL_NUM = 0x1
                0x00000001                CY_APPL_MAX = 0x1
                0x00000040                CY_METADATA_SIZE = 0x40
                0x00000000                CY_APPL_LOADABLE = 0x0
                0x00000000                CY_CHECKSUM_EXCLUDE_SIZE = ALIGN (0x0, CY_FLASH_ROW_SIZE)
                [!provide]                PROVIDE (__cy_heap_start, _end)
                0x00000001                PROVIDE (__cy_region_num, ((__cy_regions_end - __cy_regions) / 0x10))
                0x20008000                PROVIDE (__cy_stack, (ORIGIN (ram) + LENGTH (ram)))
                [!provide]                PROVIDE (__cy_heap_end, (__cy_stack - 0x800))

.cybootloader   0x00000000        0x0
 *(.cybootloader)
                0x00000000                appl1_start = CY_APPL_ORIGIN?CY_APPL_ORIGIN:ALIGN (CY_FLASH_ROW_SIZE)
                0x0001ff00                appl2_start = (appl1_start + ALIGN ((((LENGTH (rom) - appl1_start) - (0x2 * CY_FLASH_ROW_SIZE)) / 0x2), CY_FLASH_ROW_SIZE))
                0x00000000                appl_start = (CY_APPL_NUM == 0x1)?appl1_start:appl2_start
                0x00000000                ecc_offset = ((appl_start / CY_FLASH_ROW_SIZE) * CY_ECC_ROW_SIZE)
                0x00000000                ee_offset = (CY_APPL_LOADABLE && ! (CY_EE_IN_BTLDR))?((CY_EE_SIZE / CY_APPL_MAX) * (CY_APPL_NUM - 0x1)):0x0
                0x00000800                ee_size = (CY_APPL_LOADABLE && ! (CY_EE_IN_BTLDR))?(CY_EE_SIZE / CY_APPL_MAX):CY_EE_SIZE
                [!provide]                PROVIDE (CY_ECC_OFFSET, ecc_offset)

.text           0x00000000     0x886e
 CREATE_OBJECT_SYMBOLS
                0x00000000                PROVIDE (__cy_interrupt_vector, RomVectors)
 *(.romvectors)
 .romvectors    0x00000000       0x10 C:\Users\elias\AppData\Local\Temp\ccqCEuad.ltrans7.ltrans.o
                0x00000000                RomVectors
                0x00000001                ASSERT ((. != __cy_interrupt_vector), No interrupt vector)
                0x00000001                ASSERT (CY_APPL_ORIGIN?(SIZEOF (.cybootloader) <= CY_APPL_ORIGIN):0x1, Wrong image location)
                0x00000010                PROVIDE (__cy_reset, Reset)
 *(.text.Reset)
 .text.Reset    0x00000010       0x64 C:\Users\elias\AppData\Local\Temp\ccqCEuad.ltrans7.ltrans.o
                0x00000010                Reset
                0x00000001                ASSERT ((. != __cy_reset), No reset code)
 *(.dma_init)
                0x00000001                ASSERT ((((appl_start + .) <= 0x10000) || 0x1), DMA Init must be within the first 64k of flash)
 *(.text .text.* .gnu.linkonce.t.*)
 .text          0x00000074       0x5c c:/program files (x86)/cypress/psoc creator/4.4/psoc creator/import/gnu/arm/5.4.1/bin/../lib/gcc/arm-none-eabi/5.4.1/armv7-m/crtbegin.o
 .text.uart_service.lto_priv.131
                0x000000d0     0x1f44 C:\Users\elias\AppData\Local\Temp\ccqCEuad.ltrans0.ltrans.o
                0x000000d0                uart_service.lto_priv.131
 .text.startup.main
                0x00002014     0x1d90 C:\Users\elias\AppData\Local\Temp\ccqCEuad.ltrans1.ltrans.o
                0x00002014                main
 .text.service_runtime.lto_priv.118
                0x00003da4     0x11f0 C:\Users\elias\AppData\Local\Temp\ccqCEuad.ltrans2.ltrans.o
                0x00003da4                service_runtime.lto_priv.118
 .text.isr_Timer_1
                0x00004f94      0x178 C:\Users\elias\AppData\Local\Temp\ccqCEuad.ltrans3.ltrans.o
                0x00004f94                isr_Timer_1
 .text.isr_Timer
                0x0000510c       0x48 C:\Users\elias\AppData\Local\Temp\ccqCEuad.ltrans3.ltrans.o
                0x0000510c                isr_Timer
 .text.uart_send_diag.lto_priv.69
                0x00005154       0xe0 C:\Users\elias\AppData\Local\Temp\ccqCEuad.ltrans3.ltrans.o
                0x00005154                uart_send_diag.lto_priv.69
 .text.isr_SuperMaquina_Handler
                0x00005234      0x5d0 C:\Users\elias\AppData\Local\Temp\ccqCEuad.ltrans3.ltrans.o
                0x00005234                isr_SuperMaquina_Handler
 .text.dma_route_select
                0x00005804       0x34 C:\Users\elias\AppData\Local\Temp\ccqCEuad.ltrans3.ltrans.o
                0x00005804                dma_route_select
 .text.timer2_stop_quiet.lto_priv.98
                0x00005838       0x5c C:\Users\elias\AppData\Local\Temp\ccqCEuad.ltrans3.ltrans.o
                0x00005838                timer2_stop_quiet.lto_priv.98
 .text.timer1_stop_quiet.lto_priv.96
                0x00005894       0x5c C:\Users\elias\AppData\Local\Temp\ccqCEuad.ltrans3.ltrans.o
                0x00005894                timer1_stop_quiet.lto_priv.96
 .text.psoc_enter_sampling.lto_priv.140
                0x000058f0      0x2d4 C:\Users\elias\AppData\Local\Temp\ccqCEuad.ltrans3.ltrans.o
                0x000058f0                psoc_enter_sampling.lto_priv.140
 .text.rx_watchdog_start.lto_priv.141
                0x00005bc4      0x104 C:\Users\elias\AppData\Local\Temp\ccqCEuad.ltrans3.ltrans.o
                0x00005bc4                rx_watchdog_start.lto_priv.141
 .text.timer3_start_next_chunk.lto_priv.81
                0x00005cc8      0x10c C:\Users\elias\AppData\Local\Temp\ccqCEuad.ltrans3.ltrans.o
                0x00005cc8                timer3_start_next_chunk.lto_priv.81
 .text.isr_Timer_3
                0x00005dd4       0xc8 C:\Users\elias\AppData\Local\Temp\ccqCEuad.ltrans3.ltrans.o
                0x00005dd4                isr_Timer_3
 .text.timer2_start_next_chunk.lto_priv.112
                0x00005e9c      0x10c C:\Users\elias\AppData\Local\Temp\ccqCEuad.ltrans3.ltrans.o
                0x00005e9c                timer2_start_next_chunk.lto_priv.112
 .text.isr_Timer_2
                0x00005fa8       0x90 C:\Users\elias\AppData\Local\Temp\ccqCEuad.ltrans3.ltrans.o
                0x00005fa8                isr_Timer_2
 .text.psoc_prepare_capture_path.lto_priv.119
                0x00006038      0x12c C:\Users\elias\AppData\Local\Temp\ccqCEuad.ltrans3.ltrans.o
                0x00006038                psoc_prepare_capture_path.lto_priv.119
 .text.cal_vdac_hammer_lp.lto_priv.71
                0x00006164        0xc C:\Users\elias\AppData\Local\Temp\ccqCEuad.ltrans4.ltrans.o
                0x00006164                cal_vdac_hammer_lp.lto_priv.71
 .text.cal_vdac_hammer_pga.lto_priv.70
                0x00006170        0xc C:\Users\elias\AppData\Local\Temp\ccqCEuad.ltrans4.ltrans.o
                0x00006170                cal_vdac_hammer_pga.lto_priv.70
 .text.cal_async_complete.lto_priv.132
                0x0000617c      0x2e0 C:\Users\elias\AppData\Local\Temp\ccqCEuad.ltrans4.ltrans.o
                0x0000617c                cal_async_complete.lto_priv.132
 .text.cal_pi_finalize_stage.lto_priv.82
                0x0000645c      0x19c C:\Users\elias\AppData\Local\Temp\ccqCEuad.ltrans4.ltrans.o
                0x0000645c                cal_pi_finalize_stage.lto_priv.82
 .text.cal_adc_read_direct_counts.lto_priv.80
                0x000065f8       0xe4 C:\Users\elias\AppData\Local\Temp\ccqCEuad.ltrans4.ltrans.o
                0x000065f8                cal_adc_read_direct_counts.lto_priv.80
 .text.psoc_start_calibration_if_idle.part.4.lto_priv.120
                0x000066dc      0x314 C:\Users\elias\AppData\Local\Temp\ccqCEuad.ltrans4.ltrans.o
                0x000066dc                psoc_start_calibration_if_idle.part.4.lto_priv.120
 .text.psoc_calibration_start_async.part.8.lto_priv.99
                0x000069f0      0x6c0 C:\Users\elias\AppData\Local\Temp\ccqCEuad.ltrans5.ltrans.o
                0x000069f0                psoc_calibration_start_async.part.8.lto_priv.99
 .text.cal_pi_finish_stage.lto_priv.129
                0x000070b0      0x15c C:\Users\elias\AppData\Local\Temp\ccqCEuad.ltrans5.ltrans.o
                0x000070b0                cal_pi_finish_stage.lto_priv.129
 .text.timer1_arm_ms.constprop.68
                0x0000720c      0x144 C:\Users\elias\AppData\Local\Temp\ccqCEuad.ltrans6.ltrans.o
                0x0000720c                timer1_arm_ms.constprop.68
 .text.unlikely.UART_PutArray.constprop.60
                0x00007350       0x8c C:\Users\elias\AppData\Local\Temp\ccqCEuad.ltrans6.ltrans.o
                0x00007350                UART_PutArray.constprop.60
 .text.uart_send_diag.constprop.56
                0x000073dc       0xc8 C:\Users\elias\AppData\Local\Temp\ccqCEuad.ltrans6.ltrans.o
                0x000073dc                uart_send_diag.constprop.56
 .text.psoc_seed_calibration_from_nv.constprop.53
                0x000074a4      0x23c C:\Users\elias\AppData\Local\Temp\ccqCEuad.ltrans6.ltrans.o
                0x000074a4                psoc_seed_calibration_from_nv.constprop.53
 .text.AMux_ADC_Unset.constprop.40
                0x000076e0       0x48 C:\Users\elias\AppData\Local\Temp\ccqCEuad.ltrans6.ltrans.o
                0x000076e0                AMux_ADC_Unset.constprop.40
 .text.CyDmaChEnable.constprop.29
                0x00007728       0x24 C:\Users\elias\AppData\Local\Temp\ccqCEuad.ltrans6.ltrans.o
                0x00007728                CyDmaChEnable.constprop.29
 .text.CyDmaChPriority.constprop.26
                0x0000774c       0x20 C:\Users\elias\AppData\Local\Temp\ccqCEuad.ltrans6.ltrans.o
                0x0000774c                CyDmaChPriority.constprop.26
 .text.CySetTempInt.lto_priv.121
                0x0000776c      0x110 C:\Users\elias\AppData\Local\Temp\ccqCEuad.ltrans6.ltrans.o
                0x0000776c                CySetTempInt.lto_priv.121
 .text.PGA_SetGain
                0x0000787c       0x78 C:\Users\elias\AppData\Local\Temp\ccqCEuad.ltrans6.ltrans.o
                0x0000787c                PGA_SetGain
 .text.psoc_calibration_servo_abort
                0x000078f4        0x4 C:\Users\elias\AppData\Local\Temp\ccqCEuad.ltrans6.ltrans.o
                0x000078f4                psoc_calibration_servo_abort
                0x000078f4                ADC_ISR1
 .text.ADC_Stop
                0x000078f8       0xfc C:\Users\elias\AppData\Local\Temp\ccqCEuad.ltrans6.ltrans.o
                0x000078f8                ADC_Stop
 .text.UART_TXISR
                0x000079f4       0x68 C:\Users\elias\AppData\Local\Temp\ccqCEuad.ltrans7.ltrans.o
                0x000079f4                UART_TXISR
 .text.UART_RXISR
                0x00007a5c       0x68 C:\Users\elias\AppData\Local\Temp\ccqCEuad.ltrans7.ltrans.o
                0x00007a5c                UART_RXISR
 .text.IntDefaultHandler
                0x00007ac4       0x10 C:\Users\elias\AppData\Local\Temp\ccqCEuad.ltrans7.ltrans.o
 .text.ADC_Start
                0x00007ad4      0x524 C:\Users\elias\AppData\Local\Temp\ccqCEuad.ltrans7.ltrans.o
                0x00007ad4                ADC_Start
 .text.CyDmaTdAllocate
                0x00007ff8       0x34 C:\Users\elias\AppData\Local\Temp\ccqCEuad.ltrans7.ltrans.o
                0x00007ff8                CyDmaTdAllocate
 .text.startup.initialize_psoc
                0x0000802c      0x410 C:\Users\elias\AppData\Local\Temp\ccqCEuad.ltrans7.ltrans.o
 *fill*         0x0000843c        0x4 
 .text          0x00008440       0x20 .\CortexM3\ARM_GCC_541\Debug\AcondicionamientoAnalogico.a(CyBootAsmGnu.o)
                0x00008440                CyDelayCycles
                0x00008450                CyEnterCriticalSection
                0x00008458                CyExitCriticalSection
 .text.__errno  0x00008460        0xc c:/program files (x86)/cypress/psoc creator/4.4/psoc creator/import/gnu/arm/5.4.1/bin/../lib/gcc/arm-none-eabi/5.4.1/../../../../arm-none-eabi/lib/armv7-m\libg_nano.a(lib_a-errno.o)
                0x00008460                __errno
 .text.__libc_init_array
                0x0000846c       0x4c c:/program files (x86)/cypress/psoc creator/4.4/psoc creator/import/gnu/arm/5.4.1/bin/../lib/gcc/arm-none-eabi/5.4.1/../../../../arm-none-eabi/lib/armv7-m\libg_nano.a(lib_a-init.o)
                0x0000846c                __libc_init_array
 .text.memset   0x000084b8       0x10 c:/program files (x86)/cypress/psoc creator/4.4/psoc creator/import/gnu/arm/5.4.1/bin/../lib/gcc/arm-none-eabi/5.4.1/../../../../arm-none-eabi/lib/armv7-m\libg_nano.a(lib_a-memset.o)
                0x000084b8                memset
 .text          0x000084c8       0xa0 c:/program files (x86)/cypress/psoc creator/4.4/psoc creator/import/gnu/arm/5.4.1/bin/../lib/gcc/arm-none-eabi/5.4.1/armv7-m\libgcc.a(_aeabi_ldivmod.o)
                0x000084c8                __aeabi_ldivmod
 .text          0x00008568      0x2ec c:/program files (x86)/cypress/psoc creator/4.4/psoc creator/import/gnu/arm/5.4.1/bin/../lib/gcc/arm-none-eabi/5.4.1/armv7-m\libgcc.a(_udivmoddi4.o)
                0x00008568                __udivmoddi4
 .text          0x00008854        0x4 c:/program files (x86)/cypress/psoc creator/4.4/psoc creator/import/gnu/arm/5.4.1/bin/../lib/gcc/arm-none-eabi/5.4.1/armv7-m\libgcc.a(_dvmd_tls.o)
                0x00008854                __aeabi_idiv0
                0x00008854                __aeabi_ldiv0
 .text.memcpy   0x00008858       0x16 c:/program files (x86)/cypress/psoc creator/4.4/psoc creator/import/gnu/arm/5.4.1/bin/../lib/gcc/arm-none-eabi/5.4.1/../../../../arm-none-eabi/lib/armv7-m\libg_nano.a(lib_a-memcpy-stub.o)
                0x00008858                memcpy
 *(.plt)
 *(.gnu.warning)
 *(.glue_7t)
 .glue_7t       0x0000886e        0x0 linker stubs
 *(.glue_7)
 .glue_7        0x0000886e        0x0 linker stubs
 *(.vfp11_veneer)
 .vfp11_veneer  0x0000886e        0x0 linker stubs
 *(.bootloader)
 *(.ARM.extab* .gnu.linkonce.armextab.*)
 *(.gcc_except_table)

.v4_bx          0x00008870        0x0
 .v4_bx         0x00008870        0x0 linker stubs

.iplt           0x00008870        0x0
 .iplt          0x00008870        0x0 c:/program files (x86)/cypress/psoc creator/4.4/psoc creator/import/gnu/arm/5.4.1/bin/../lib/gcc/arm-none-eabi/5.4.1/armv7-m/crtbegin.o

.eh_frame_hdr
 *(.eh_frame_hdr)

.eh_frame       0x00008870        0x4
 *(.eh_frame)
 .eh_frame      0x00008870        0x0 c:/program files (x86)/cypress/psoc creator/4.4/psoc creator/import/gnu/arm/5.4.1/bin/../lib/gcc/arm-none-eabi/5.4.1/armv7-m/crtbegin.o
 .eh_frame      0x00008870        0x4 c:/program files (x86)/cypress/psoc creator/4.4/psoc creator/import/gnu/arm/5.4.1/bin/../lib/gcc/arm-none-eabi/5.4.1/armv7-m/crtend.o
                [!provide]                PROVIDE (__exidx_start, .)

.ARM.exidx      0x00008874        0x8
 *(.ARM.exidx* .gnu.linkonce.armexidx.*)
 .ARM.exidx     0x00008874        0x8 c:/program files (x86)/cypress/psoc creator/4.4/psoc creator/import/gnu/arm/5.4.1/bin/../lib/gcc/arm-none-eabi/5.4.1/armv7-m\libgcc.a(_udivmoddi4.o)
                0x0000887c                __exidx_end = .

.rodata         0x0000887c      0x994
 *(.rodata .rodata.* .gnu.linkonce.r.*)
 .rodata        0x0000887c       0x15 C:\Users\elias\AppData\Local\Temp\ccqCEuad.ltrans0.ltrans.o
 *fill*         0x00008891        0x3 
 .rodata        0x00008894      0x244 C:\Users\elias\AppData\Local\Temp\ccqCEuad.ltrans1.ltrans.o
                0x00008ad4                g_ping_frame.lto_priv.135
 .rodata        0x00008ad8      0x200 C:\Users\elias\AppData\Local\Temp\ccqCEuad.ltrans4.ltrans.o
                0x00008ad8                g_fir_adquisition_coeffs_q23
 .rodata        0x00008cd8      0x458 C:\Users\elias\AppData\Local\Temp\ccqCEuad.ltrans5.ltrans.o
                0x00008cd8                g_cal_pi_cfg.lto_priv.128
                0x00008d18                CSWTCH.2.lto_priv.130
                0x00008d28                Filter_data_a
                0x00008f28                g_fir_calibration_coeffs_q23
                0x00008f28                Filter_data_b
                0x00009128                cydelay_freq_khz
                0x0000912c                cydelay_32k_ms
 .rodata        0x00009130       0x60 C:\Users\elias\AppData\Local\Temp\ccqCEuad.ltrans6.ltrans.o
                0x00009130                g_psoc_cal_stages.lto_priv.72
                0x0000916d                cydelay_freq_mhz
                0x00009170                AMux_ADC__innerMask.lto_priv.79
                0x00009174                AMux_ADC__innerAddr.lto_priv.78
                0x0000917c                AMux_ADC__innerMap.lto_priv.76
                0x00009180                AMux_ADC__outerMask.lto_priv.75
                0x00009184                AMux_ADC__outerAddr.lto_priv.74
 .rodata.str1.4
                0x00009190       0x18 C:\Users\elias\AppData\Local\Temp\ccqCEuad.ltrans6.ltrans.o
                                 0x16 (size before relaxing)
 .rodata        0x000091a8       0x30 C:\Users\elias\AppData\Local\Temp\ccqCEuad.ltrans7.ltrans.o
 .rodata.str1.1
                0x000091d8        0x2 c:/program files (x86)/cypress/psoc creator/4.4/psoc creator/import/gnu/arm/5.4.1/bin/../lib/gcc/arm-none-eabi/5.4.1/../../../../arm-none-eabi/lib/armv7-m\libg_nano.a(lib_a-impure.o)
                0x000091dc                . = ALIGN (0x4)
 *fill*         0x000091da        0x2 
 *(.init)
 .init          0x000091dc        0x4 c:/program files (x86)/cypress/psoc creator/4.4/psoc creator/import/gnu/arm/5.4.1/bin/../lib/gcc/arm-none-eabi/5.4.1/armv7-m/crti.o
                0x000091dc                _init
 .init          0x000091e0        0x8 c:/program files (x86)/cypress/psoc creator/4.4/psoc creator/import/gnu/arm/5.4.1/bin/../lib/gcc/arm-none-eabi/5.4.1/armv7-m/crtn.o
                0x000091e8                . = ALIGN (0x4)
                0x000091e8                __preinit_array_start = .
 *(.preinit_array)
                0x000091e8                __preinit_array_end = .
                0x000091e8                . = ALIGN (0x4)
                0x000091e8                __init_array_start = .
 *(SORT(.init_array.*))
 *(.init_array)
 .init_array    0x000091e8        0x4 c:/program files (x86)/cypress/psoc creator/4.4/psoc creator/import/gnu/arm/5.4.1/bin/../lib/gcc/arm-none-eabi/5.4.1/armv7-m/crtbegin.o
 .init_array    0x000091ec        0x4 C:\Users\elias\AppData\Local\Temp\ccqCEuad.ltrans7.ltrans.o
                0x000091f0                __init_array_end = .
                0x000091f0                . = ALIGN (0x4)
 *(.fini)
 .fini          0x000091f0        0x4 c:/program files (x86)/cypress/psoc creator/4.4/psoc creator/import/gnu/arm/5.4.1/bin/../lib/gcc/arm-none-eabi/5.4.1/armv7-m/crti.o
                0x000091f0                _fini
 .fini          0x000091f4        0x8 c:/program files (x86)/cypress/psoc creator/4.4/psoc creator/import/gnu/arm/5.4.1/bin/../lib/gcc/arm-none-eabi/5.4.1/armv7-m/crtn.o
                0x000091fc                . = ALIGN (0x4)
                0x000091fc                __fini_array_start = .
 *(.fini_array)
 .fini_array    0x000091fc        0x4 c:/program files (x86)/cypress/psoc creator/4.4/psoc creator/import/gnu/arm/5.4.1/bin/../lib/gcc/arm-none-eabi/5.4.1/armv7-m/crtbegin.o
 *(SORT(.fini_array.*))
                0x00009200                __fini_array_end = .
                0x00009200                . = ALIGN (0x4)
 *crtbegin.o(.ctors)
 *(EXCLUDE_FILE(*crtend.o) .ctors)
 *(SORT(.ctors.*))
 *crtend.o(.ctors)
                0x00009200                . = ALIGN (0x4)
 *crtbegin.o(.dtors)
 *(EXCLUDE_FILE(*crtend.o) .dtors)
 *(SORT(.dtors.*))
 *crtend.o(.dtors)
                0x00009200                . = ALIGN (0x4)
                0x00009200                __cy_regions = .
                0x00009200        0x4 LONG 0x9210 __cy_region_init_ram
                0x00009204        0x4 LONG 0x1fff80c0 __cy_region_start_data
                0x00009208        0x4 LONG 0x78 __cy_region_init_size_ram
                0x0000920c        0x4 LONG 0xb6e8 __cy_region_zero_size_ram
                0x00009210                __cy_regions_end = .
                0x00009210                . = ALIGN (0x8)
                0x00009210                _etext = .

.cy_checksum_exclude
                0x00009210        0x0
 *(.cy_checksum_exclude)

.ramvectors     0x1fff8000       0xc0
                0x1fff8000                __cy_region_start_ram = .
 *(.ramvectors)
 .ramvectors    0x1fff8000       0xc0 C:\Users\elias\AppData\Local\Temp\ccqCEuad.ltrans7.ltrans.o
                0x1fff8000                CyRamVectors

.noinit
 *(.noinit)

.data           0x1fff80c0       0x78 load address 0x00009210
                0x1fff80c0                __cy_region_start_data = .
 *(.jcr)
 .jcr           0x1fff80c0        0x0 c:/program files (x86)/cypress/psoc creator/4.4/psoc creator/import/gnu/arm/5.4.1/bin/../lib/gcc/arm-none-eabi/5.4.1/armv7-m/crtbegin.o
 .jcr           0x1fff80c0        0x4 c:/program files (x86)/cypress/psoc creator/4.4/psoc creator/import/gnu/arm/5.4.1/bin/../lib/gcc/arm-none-eabi/5.4.1/armv7-m/crtend.o
 *(.got.plt)
 *(.got)
 *(.shdata)
 *(.data .data.* .gnu.linkonce.d.*)
 .data          0x1fff80c4        0x3 C:\Users\elias\AppData\Local\Temp\ccqCEuad.ltrans1.ltrans.o
 .data          0x1fff80c7        0x2 C:\Users\elias\AppData\Local\Temp\ccqCEuad.ltrans4.ltrans.o
                0x1fff80c7                g_ce_status.lto_priv.113
                0x1fff80c8                g_ce_cfg_level.lto_priv.127
 .data          0x1fff80c9        0x2 C:\Users\elias\AppData\Local\Temp\ccqCEuad.ltrans5.ltrans.o
                0x1fff80c9                g_amux_active_channel.lto_priv.87
                0x1fff80ca                g_psoc_hw_pga_code.lto_priv.116
 .data          0x1fff80cb        0x1 C:\Users\elias\AppData\Local\Temp\ccqCEuad.ltrans6.ltrans.o
                0x1fff80cb                g_pga_code.lto_priv.101
 .data          0x1fff80cc        0x3 C:\Users\elias\AppData\Local\Temp\ccqCEuad.ltrans7.ltrans.o
                0x1fff80cc                ADC_Config
 *fill*         0x1fff80cf        0x1 
 .data.impure_data
                0x1fff80d0       0x60 c:/program files (x86)/cypress/psoc creator/4.4/psoc creator/import/gnu/arm/5.4.1/bin/../lib/gcc/arm-none-eabi/5.4.1/../../../../arm-none-eabi/lib/armv7-m\libg_nano.a(lib_a-impure.o)
 .data._impure_ptr
                0x1fff8130        0x4 c:/program files (x86)/cypress/psoc creator/4.4/psoc creator/import/gnu/arm/5.4.1/bin/../lib/gcc/arm-none-eabi/5.4.1/../../../../arm-none-eabi/lib/armv7-m\libg_nano.a(lib_a-impure.o)
                0x1fff8130                _impure_ptr
                0x1fff8138                . = ALIGN (0x8)
 *fill*         0x1fff8134        0x4 
 *(.ram)
                0x1fff8138                _edata = .

.igot.plt       0x1fff8138        0x0 load address 0x00009288
 .igot.plt      0x1fff8138        0x0 c:/program files (x86)/cypress/psoc creator/4.4/psoc creator/import/gnu/arm/5.4.1/bin/../lib/gcc/arm-none-eabi/5.4.1/armv7-m/crtbegin.o

.bss            0x1fff8138     0xb6e8 load address 0x00009288
                0x1fff8138                PROVIDE (__bss_start__, .)
 *(.shbss)
 *(.bss .bss.* .gnu.linkonce.b.*)
 .bss           0x1fff8138       0x1c c:/program files (x86)/cypress/psoc creator/4.4/psoc creator/import/gnu/arm/5.4.1/bin/../lib/gcc/arm-none-eabi/5.4.1/armv7-m/crtbegin.o
 .bss           0x1fff8154       0x12 C:\Users\elias\AppData\Local\Temp\ccqCEuad.ltrans0.ltrans.o
                0x1fff8158                g_n_batches.lto_priv.145
                0x1fff815a                g_batch_fill.lto_priv.146
                0x1fff815c                g_batch_ready.lto_priv.154
                0x1fff8160                g_dbg_cnt.lto_priv.147
                0x1fff8164                g_fir_discard.lto_priv.143
 *fill*         0x1fff8166        0x2 
 .bss           0x1fff8168       0x18 C:\Users\elias\AppData\Local\Temp\ccqCEuad.ltrans1.ltrans.o
                0x1fff8170                g_dma_raw_buf.lto_priv.144
                0x1fff8174                g_dma_filt_buf.lto_priv.149
                0x1fff8177                Timer_initVar
                0x1fff8178                Timer_2_initVar
                0x1fff8179                Timer_3_initVar
                0x1fff817a                g_boot_ping_due.lto_priv.153
                0x1fff817b                g_boot_led_off_due.lto_priv.151
                0x1fff817c                g_cal_button_pressed.lto_priv.142
                0x1fff817d                g_esp_connected.lto_priv.134
                0x1fff817e                g_timer2_wait_done.lto_priv.152
                0x1fff817f                g_pgavdac_code.lto_priv.136
 .bss           0x1fff8180     0xb40e C:\Users\elias\AppData\Local\Temp\ccqCEuad.ltrans2.ltrans.o
                0x1fff8180                g_psoc_adc_isr_filtered_ready.lto_priv.137
                0x1fff8184                g_psoc_adc_isr_filtered_counts.lto_priv.150
                0x1fff8188                g_seq.lto_priv.138
                0x1fff818c                g_capture_raw.lto_priv.148
                0x2000358c                watchdog_rx.lto_priv.139
                0x2000358d                rx_state.lto_priv.133
 *fill*         0x2000358e        0x2 
 .bss           0x20003590      0x11c C:\Users\elias\AppData\Local\Temp\ccqCEuad.ltrans3.ltrans.o
 .bss           0x200036ac       0x1a C:\Users\elias\AppData\Local\Temp\ccqCEuad.ltrans4.ltrans.o
                0x200036ac                g_batches_sent.lto_priv.105
                0x200036ae                g_batches_captured.lto_priv.106
                0x200036b0                g_capture_done.lto_priv.125
                0x200036b1                g_last_calibration_ok.lto_priv.122
                0x200036b2                g_idle_ping_due.lto_priv.103
                0x200036b3                g_idle_ping_armed.lto_priv.104
                0x200036b4                g_timer2_mode.lto_priv.110
                0x200036b8                g_timer2_remaining_counts.lto_priv.111
                0x200036bc                g_comm_led_active.lto_priv.107
                0x200036bd                g_comm_blink_due.lto_priv.108
                0x200036be                g_comm_blinks_remaining.lto_priv.109
                0x200036c0                g_ce_ctrl_level.lto_priv.102
                0x200036c1                g_ce_error.lto_priv.114
                0x200036c2                g_ce_state.lto_priv.115
                0x200036c3                g_stream_mode.lto_priv.123
                0x200036c4                g_debug_psoc.lto_priv.126
                0x200036c5                g_cal_ack_pending.lto_priv.124
 *fill*         0x200036c6        0x2 
 .bss           0x200036c8       0x50 C:\Users\elias\AppData\Local\Temp\ccqCEuad.ltrans5.ltrans.o
                0x200036c8                g_cal_diag_hook.lto_priv.84
                0x200036cc                g_amux_cap_connected.lto_priv.86
                0x200036d0                g_cal_async.lto_priv.83
                0x200036d6                g_cal_progress_due.lto_priv.89
                0x200036d7                g_cal_watchdog_due.lto_priv.90
                0x200036d8                g_cal_progress_period_ms.lto_priv.91
                0x200036dc                g_cal_watchdog_remaining_ms.lto_priv.92
                0x200036e0                g_cal_timer_active.lto_priv.88
                0x200036e4                g_timer3_remaining_counts.lto_priv.93
                0x200036e8                g_cal_pi.lto_priv.85
 .bss           0x20003718       0xce C:\Users\elias\AppData\Local\Temp\ccqCEuad.ltrans6.ltrans.o
                0x20003718                g_timer1_mode.lto_priv.94
                0x2000371c                g_timer1_remaining_counts.lto_priv.97
                0x20003720                Timer_1_initVar
                0x20003721                UART_initVar
                0x20003722                UART_txBufferWrite
                0x20003723                UART_txBufferRead
                0x20003724                UART_txBuffer
                0x200037a4                g_state.lto_priv.95
                0x200037a5                g_nv_ready.lto_priv.100
                0x200037a8                g_psoc_cal_results
                0x200037d8                g_psoc_cal_result_count
                0x200037d9                AMux_ADC__armsEnabled.lto_priv.73
                0x200037dc                AMux_ADC__refCnt.lto_priv.77
                0x200037de                SpcLockState
                0x200037e0                spcWaitPipeBypass.lto_priv.117
                0x200037e4                dieTemperature
 *fill*         0x200037e6        0x2 
 .bss           0x200037e8       0x38 C:\Users\elias\AppData\Local\Temp\ccqCEuad.ltrans7.ltrans.o
                0x200037e8                UART_errorStatus
                0x200037e9                UART_rxBufferWrite
                0x200037ec                UART_rxBuffer
                0x2000380c                UART_rxBufferLoopDetect
                0x2000380e                UART_rxBufferRead
                0x20003811                ADC_convDone
                0x20003818                ADC_stopConversion
 *(COMMON)
                0x20003820                . = ALIGN (0x8)
 *(.ram.b)
                0x20003820                _end = .
                0x20003820                __end = .
                0x20003820                PROVIDE (end, .)
                0x20003820                PROVIDE (__bss_end__, .)
                0x00009210                __cy_region_init_ram = LOADADDR (.data)
                0x00000078                __cy_region_init_size_ram = (_edata - ADDR (.data))
                0x0000b6e8                __cy_region_zero_size_ram = (_end - _edata)

.heap           0x20003820       0x80 load address 0x00009288
                0x20003820                . = _end
                0x200038a0                . = (. + 0x80)
 *fill*         0x20003820       0x80 
                0x200038a0                __cy_heap_limit = .

.stack          0x20007800      0x800
                0x20007800                __cy_stack_limit = .
                0x20008000                . = (. + 0x800)
 *fill*         0x20007800      0x800 
                0x00000001                ASSERT ((__cy_stack_limit >= __cy_heap_limit), region RAM overflowed with stack)
                0x00000000                cy_checksum_exclude_size = (CY_APPL_LOADABLE == 0x1)?SIZEOF (.cy_checksum_exclude):0x0
                0x00000001                ASSERT ((cy_checksum_exclude_size <= CY_CHECKSUM_EXCLUDE_SIZE), CY_BOOT: Section .cy_checksum_exclude size exceedes specified limit.)

.cyloadermeta
 *(.cyloadermeta)

.cyloadablemeta
 *(.cyloadablemeta)

.cyconfigecc    0x80000000     0x116c
 *(.cyconfigecc)
 .cyconfigecc   0x80000000     0x116c C:\Users\elias\AppData\Local\Temp\ccqCEuad.ltrans3.ltrans.o
                0x80000000                cy_meta_configecc

.cycustnvl      0x90000000        0x4
 *(.cycustnvl)
 .cycustnvl     0x90000000        0x4 C:\Users\elias\AppData\Local\Temp\ccqCEuad.ltrans3.ltrans.o
                0x90000000                cy_meta_custnvl

.cywolatch      0x90100000        0x4
 *(.cywolatch)
 .cywolatch     0x90100000        0x4 C:\Users\elias\AppData\Local\Temp\ccqCEuad.ltrans3.ltrans.o
                0x90100000                cy_meta_wonvl

.cyeeprom       0x90200000        0x0
 *(.cyeeprom)
                0x00000001                ASSERT ((. <= ((0x90200000 + ee_offset) + ee_size)), .cyeeprom data will not fit in EEPROM)

.cyflashprotect
                0x90400000      0x100
 *(.cyflashprotect)
 .cyflashprotect
                0x90400000      0x100 C:\Users\elias\AppData\Local\Temp\ccqCEuad.ltrans3.ltrans.o
                0x90400000                cy_meta_flashprotect

.cymeta         0x90500000        0xc
 *(.cymeta)
 .cymeta        0x90500000        0xc C:\Users\elias\AppData\Local\Temp\ccqCEuad.ltrans3.ltrans.o
                0x90500000                cy_metadata

.rel.dyn        0x00009288        0x0 load address 0x9050000c
 .rel.iplt      0x00009288        0x0 c:/program files (x86)/cypress/psoc creator/4.4/psoc creator/import/gnu/arm/5.4.1/bin/../lib/gcc/arm-none-eabi/5.4.1/armv7-m/crtbegin.o

.stab
 *(.stab)

.stabstr
 *(.stabstr)

.debug
 *(.debug)

.line
 *(.line)

.debug_srcinfo
 *(.debug_srcinfo)

.debug_sfnames
 *(.debug_sfnames)

.debug_aranges  0x00000000      0x240
 *(.debug_aranges)
 .debug_aranges
                0x00000000       0x20 C:\Users\elias\AppData\Local\Temp\ccqCEuad.ltrans0.ltrans.o
 .debug_aranges
                0x00000020       0x20 C:\Users\elias\AppData\Local\Temp\ccqCEuad.ltrans1.ltrans.o
 .debug_aranges
                0x00000040       0x20 C:\Users\elias\AppData\Local\Temp\ccqCEuad.ltrans2.ltrans.o
 .debug_aranges
                0x00000060       0x88 C:\Users\elias\AppData\Local\Temp\ccqCEuad.ltrans3.ltrans.o
 .debug_aranges
                0x000000e8       0x48 C:\Users\elias\AppData\Local\Temp\ccqCEuad.ltrans4.ltrans.o
 .debug_aranges
                0x00000130       0x28 C:\Users\elias\AppData\Local\Temp\ccqCEuad.ltrans5.ltrans.o
 .debug_aranges
                0x00000158       0x70 C:\Users\elias\AppData\Local\Temp\ccqCEuad.ltrans6.ltrans.o
 .debug_aranges
                0x000001c8       0x58 C:\Users\elias\AppData\Local\Temp\ccqCEuad.ltrans7.ltrans.o
 .debug_aranges
                0x00000220       0x20 .\CortexM3\ARM_GCC_541\Debug\AcondicionamientoAnalogico.a(CyBootAsmGnu.o)

.debug_pubnames
 *(.debug_pubnames)

.debug_info     0x00000000     0xf711
 *(.debug_info .gnu.linkonce.wi.*)
 .debug_info    0x00000000     0x3366 C:\Users\elias\AppData\Local\Temp\ccqCEuad.ltrans0.ltrans.o
 .debug_info    0x00003366     0x392a C:\Users\elias\AppData\Local\Temp\ccqCEuad.ltrans1.ltrans.o
 .debug_info    0x00006c90     0x2011 C:\Users\elias\AppData\Local\Temp\ccqCEuad.ltrans2.ltrans.o
 .debug_info    0x00008ca1     0x1b5b C:\Users\elias\AppData\Local\Temp\ccqCEuad.ltrans3.ltrans.o
 .debug_info    0x0000a7fc     0x150a C:\Users\elias\AppData\Local\Temp\ccqCEuad.ltrans4.ltrans.o
 .debug_info    0x0000bd06     0x16ca C:\Users\elias\AppData\Local\Temp\ccqCEuad.ltrans5.ltrans.o
 .debug_info    0x0000d3d0     0x1460 C:\Users\elias\AppData\Local\Temp\ccqCEuad.ltrans6.ltrans.o
 .debug_info    0x0000e830      0xe59 C:\Users\elias\AppData\Local\Temp\ccqCEuad.ltrans7.ltrans.o
 .debug_info    0x0000f689       0x88 .\CortexM3\ARM_GCC_541\Debug\AcondicionamientoAnalogico.a(CyBootAsmGnu.o)

.debug_abbrev   0x00000000     0x201f
 *(.debug_abbrev)
 .debug_abbrev  0x00000000      0x3eb C:\Users\elias\AppData\Local\Temp\ccqCEuad.ltrans0.ltrans.o
 .debug_abbrev  0x000003eb      0x3be C:\Users\elias\AppData\Local\Temp\ccqCEuad.ltrans1.ltrans.o
 .debug_abbrev  0x000007a9      0x3e7 C:\Users\elias\AppData\Local\Temp\ccqCEuad.ltrans2.ltrans.o
 .debug_abbrev  0x00000b90      0x3af C:\Users\elias\AppData\Local\Temp\ccqCEuad.ltrans3.ltrans.o
 .debug_abbrev  0x00000f3f      0x4ac C:\Users\elias\AppData\Local\Temp\ccqCEuad.ltrans4.ltrans.o
 .debug_abbrev  0x000013eb      0x418 C:\Users\elias\AppData\Local\Temp\ccqCEuad.ltrans5.ltrans.o
 .debug_abbrev  0x00001803      0x3db C:\Users\elias\AppData\Local\Temp\ccqCEuad.ltrans6.ltrans.o
 .debug_abbrev  0x00001bde      0x42d C:\Users\elias\AppData\Local\Temp\ccqCEuad.ltrans7.ltrans.o
 .debug_abbrev  0x0000200b       0x14 .\CortexM3\ARM_GCC_541\Debug\AcondicionamientoAnalogico.a(CyBootAsmGnu.o)

.debug_line     0x00000000     0x51fa
 *(.debug_line)
 .debug_line    0x00000000     0x1139 C:\Users\elias\AppData\Local\Temp\ccqCEuad.ltrans0.ltrans.o
 .debug_line    0x00001139     0x142a C:\Users\elias\AppData\Local\Temp\ccqCEuad.ltrans1.ltrans.o
 .debug_line    0x00002563      0x7ed C:\Users\elias\AppData\Local\Temp\ccqCEuad.ltrans2.ltrans.o
 .debug_line    0x00002d50      0xcdb C:\Users\elias\AppData\Local\Temp\ccqCEuad.ltrans3.ltrans.o
 .debug_line    0x00003a2b      0x6b4 C:\Users\elias\AppData\Local\Temp\ccqCEuad.ltrans4.ltrans.o
 .debug_line    0x000040df      0x43a C:\Users\elias\AppData\Local\Temp\ccqCEuad.ltrans5.ltrans.o
 .debug_line    0x00004519      0x66a C:\Users\elias\AppData\Local\Temp\ccqCEuad.ltrans6.ltrans.o
 .debug_line    0x00004b83      0x611 C:\Users\elias\AppData\Local\Temp\ccqCEuad.ltrans7.ltrans.o
 .debug_line    0x00005194       0x66 .\CortexM3\ARM_GCC_541\Debug\AcondicionamientoAnalogico.a(CyBootAsmGnu.o)

.debug_frame    0x00000000      0x844
 *(.debug_frame)
 .debug_frame   0x00000000       0x40 C:\Users\elias\AppData\Local\Temp\ccqCEuad.ltrans0.ltrans.o
 .debug_frame   0x00000040       0x2c C:\Users\elias\AppData\Local\Temp\ccqCEuad.ltrans1.ltrans.o
 .debug_frame   0x0000006c       0x64 C:\Users\elias\AppData\Local\Temp\ccqCEuad.ltrans2.ltrans.o
 .debug_frame   0x000000d0      0x220 C:\Users\elias\AppData\Local\Temp\ccqCEuad.ltrans3.ltrans.o
 .debug_frame   0x000002f0       0xdc C:\Users\elias\AppData\Local\Temp\ccqCEuad.ltrans4.ltrans.o
 .debug_frame   0x000003cc       0x90 C:\Users\elias\AppData\Local\Temp\ccqCEuad.ltrans5.ltrans.o
 .debug_frame   0x0000045c      0x184 C:\Users\elias\AppData\Local\Temp\ccqCEuad.ltrans6.ltrans.o
 .debug_frame   0x000005e0      0x10c C:\Users\elias\AppData\Local\Temp\ccqCEuad.ltrans7.ltrans.o
 .debug_frame   0x000006ec       0x20 c:/program files (x86)/cypress/psoc creator/4.4/psoc creator/import/gnu/arm/5.4.1/bin/../lib/gcc/arm-none-eabi/5.4.1/../../../../arm-none-eabi/lib/armv7-m\libg_nano.a(lib_a-errno.o)
 .debug_frame   0x0000070c       0x28 c:/program files (x86)/cypress/psoc creator/4.4/psoc creator/import/gnu/arm/5.4.1/bin/../lib/gcc/arm-none-eabi/5.4.1/../../../../arm-none-eabi/lib/armv7-m\libg_nano.a(lib_a-exit.o)
 .debug_frame   0x00000734       0x2c c:/program files (x86)/cypress/psoc creator/4.4/psoc creator/import/gnu/arm/5.4.1/bin/../lib/gcc/arm-none-eabi/5.4.1/../../../../arm-none-eabi/lib/armv7-m\libg_nano.a(lib_a-init.o)
 .debug_frame   0x00000760       0x20 c:/program files (x86)/cypress/psoc creator/4.4/psoc creator/import/gnu/arm/5.4.1/bin/../lib/gcc/arm-none-eabi/5.4.1/../../../../arm-none-eabi/lib/armv7-m\libg_nano.a(lib_a-memset.o)
 .debug_frame   0x00000780       0x20 c:/program files (x86)/cypress/psoc creator/4.4/psoc creator/import/gnu/arm/5.4.1/bin/../lib/gcc/arm-none-eabi/5.4.1/../../../../arm-none-eabi/lib/armv7-m\libnosys.a(_exit.o)
 .debug_frame   0x000007a0       0x44 c:/program files (x86)/cypress/psoc creator/4.4/psoc creator/import/gnu/arm/5.4.1/bin/../lib/gcc/arm-none-eabi/5.4.1/armv7-m\libgcc.a(_aeabi_ldivmod.o)
 .debug_frame   0x000007e4       0x38 c:/program files (x86)/cypress/psoc creator/4.4/psoc creator/import/gnu/arm/5.4.1/bin/../lib/gcc/arm-none-eabi/5.4.1/armv7-m\libgcc.a(_udivmoddi4.o)
 .debug_frame   0x0000081c       0x28 c:/program files (x86)/cypress/psoc creator/4.4/psoc creator/import/gnu/arm/5.4.1/bin/../lib/gcc/arm-none-eabi/5.4.1/../../../../arm-none-eabi/lib/armv7-m\libg_nano.a(lib_a-memcpy-stub.o)

.debug_str      0x00000000     0x3a8c
 *(.debug_str)
 .debug_str     0x00000000      0xce6 C:\Users\elias\AppData\Local\Temp\ccqCEuad.ltrans0.ltrans.o
                                0xdbe (size before relaxing)
 .debug_str     0x00000ce6      0xe21 C:\Users\elias\AppData\Local\Temp\ccqCEuad.ltrans1.ltrans.o
                               0x14ee (size before relaxing)
 .debug_str     0x00001b07      0x5ca C:\Users\elias\AppData\Local\Temp\ccqCEuad.ltrans2.ltrans.o
                                0xc24 (size before relaxing)
 .debug_str     0x000020d1      0x3e6 C:\Users\elias\AppData\Local\Temp\ccqCEuad.ltrans3.ltrans.o
                                0xcbb (size before relaxing)
 .debug_str     0x000024b7      0x599 C:\Users\elias\AppData\Local\Temp\ccqCEuad.ltrans4.ltrans.o
                                0xd90 (size before relaxing)
 .debug_str     0x00002a50      0x586 C:\Users\elias\AppData\Local\Temp\ccqCEuad.ltrans5.ltrans.o
                                0xcc3 (size before relaxing)
 .debug_str     0x00002fd6      0x606 C:\Users\elias\AppData\Local\Temp\ccqCEuad.ltrans6.ltrans.o
                                0xc68 (size before relaxing)
 .debug_str     0x000035dc      0x4b0 C:\Users\elias\AppData\Local\Temp\ccqCEuad.ltrans7.ltrans.o
                                0x762 (size before relaxing)

.debug_loc      0x00000000     0x8a71
 *(.debug_loc)
 .debug_loc     0x00000000     0x2354 C:\Users\elias\AppData\Local\Temp\ccqCEuad.ltrans0.ltrans.o
 .debug_loc     0x00002354     0x1c3f C:\Users\elias\AppData\Local\Temp\ccqCEuad.ltrans1.ltrans.o
 .debug_loc     0x00003f93     0x184f C:\Users\elias\AppData\Local\Temp\ccqCEuad.ltrans2.ltrans.o
 .debug_loc     0x000057e2      0x934 C:\Users\elias\AppData\Local\Temp\ccqCEuad.ltrans3.ltrans.o
 .debug_loc     0x00006116      0x8a7 C:\Users\elias\AppData\Local\Temp\ccqCEuad.ltrans4.ltrans.o
 .debug_loc     0x000069bd      0xf34 C:\Users\elias\AppData\Local\Temp\ccqCEuad.ltrans5.ltrans.o
 .debug_loc     0x000078f1      0x8f4 C:\Users\elias\AppData\Local\Temp\ccqCEuad.ltrans6.ltrans.o
 .debug_loc     0x000081e5      0x88c C:\Users\elias\AppData\Local\Temp\ccqCEuad.ltrans7.ltrans.o

.debug_macinfo
 *(.debug_macinfo)

.debug_ranges   0x00000000     0x6430
 *(.debug_ranges)
 .debug_ranges  0x00000000     0x15e0 C:\Users\elias\AppData\Local\Temp\ccqCEuad.ltrans0.ltrans.o
 .debug_ranges  0x000015e0     0x1df8 C:\Users\elias\AppData\Local\Temp\ccqCEuad.ltrans1.ltrans.o
 .debug_ranges  0x000033d8      0xc78 C:\Users\elias\AppData\Local\Temp\ccqCEuad.ltrans2.ltrans.o
 .debug_ranges  0x00004050      0xf70 C:\Users\elias\AppData\Local\Temp\ccqCEuad.ltrans3.ltrans.o
 .debug_ranges  0x00004fc0      0x6f0 C:\Users\elias\AppData\Local\Temp\ccqCEuad.ltrans4.ltrans.o
 .debug_ranges  0x000056b0      0x4f8 C:\Users\elias\AppData\Local\Temp\ccqCEuad.ltrans5.ltrans.o
 .debug_ranges  0x00005ba8      0x410 C:\Users\elias\AppData\Local\Temp\ccqCEuad.ltrans6.ltrans.o
 .debug_ranges  0x00005fb8      0x478 C:\Users\elias\AppData\Local\Temp\ccqCEuad.ltrans7.ltrans.o

.comment        0x00000000       0x6e
 .comment       0x00000000       0x6e C:\Users\elias\AppData\Local\Temp\ccqCEuad.ltrans0.ltrans.o
                                 0x6f (size before relaxing)
 .comment       0x0000006e       0x6f C:\Users\elias\AppData\Local\Temp\ccqCEuad.ltrans1.ltrans.o
 .comment       0x0000006e       0x6f C:\Users\elias\AppData\Local\Temp\ccqCEuad.ltrans2.ltrans.o
 .comment       0x0000006e       0x6f C:\Users\elias\AppData\Local\Temp\ccqCEuad.ltrans3.ltrans.o
 .comment       0x0000006e       0x6f C:\Users\elias\AppData\Local\Temp\ccqCEuad.ltrans4.ltrans.o
 .comment       0x0000006e       0x6f C:\Users\elias\AppData\Local\Temp\ccqCEuad.ltrans5.ltrans.o
 .comment       0x0000006e       0x6f C:\Users\elias\AppData\Local\Temp\ccqCEuad.ltrans6.ltrans.o
 .comment       0x0000006e       0x6f C:\Users\elias\AppData\Local\Temp\ccqCEuad.ltrans7.ltrans.o

.debug_weaknames
 *(.debug_weaknames)

.debug_funcnames
 *(.debug_funcnames)

.debug_typenames
 *(.debug_typenames)

.debug_varnames
 *(.debug_varnames)

.note.gnu.arm.ident
 *(.note.gnu.arm.ident)

.ARM.attributes
                0x00000000       0x29
 *(.ARM.attributes)
 .ARM.attributes
                0x00000000       0x1d c:/program files (x86)/cypress/psoc creator/4.4/psoc creator/import/gnu/arm/5.4.1/bin/../lib/gcc/arm-none-eabi/5.4.1/armv7-m/crti.o
 .ARM.attributes
                0x0000001d       0x2d c:/program files (x86)/cypress/psoc creator/4.4/psoc creator/import/gnu/arm/5.4.1/bin/../lib/gcc/arm-none-eabi/5.4.1/armv7-m/crtbegin.o
 .ARM.attributes
                0x0000004a       0x1b c:/program files (x86)/cypress/psoc creator/4.4/psoc creator/import/gnu/arm/5.4.1/bin/../lib/gcc/arm-none-eabi/5.4.1/../../../../arm-none-eabi/lib/armv7-m/crt0.o
 .ARM.attributes
                0x00000065       0x31 C:\Users\elias\AppData\Local\Temp\ccqCEuad.ltrans0.ltrans.o
 .ARM.attributes
                0x00000096       0x31 C:\Users\elias\AppData\Local\Temp\ccqCEuad.ltrans1.ltrans.o
 .ARM.attributes
                0x000000c7       0x31 C:\Users\elias\AppData\Local\Temp\ccqCEuad.ltrans2.ltrans.o
 .ARM.attributes
                0x000000f8       0x31 C:\Users\elias\AppData\Local\Temp\ccqCEuad.ltrans3.ltrans.o
 .ARM.attributes
                0x00000129       0x31 C:\Users\elias\AppData\Local\Temp\ccqCEuad.ltrans4.ltrans.o
 .ARM.attributes
                0x0000015a       0x31 C:\Users\elias\AppData\Local\Temp\ccqCEuad.ltrans5.ltrans.o
 .ARM.attributes
                0x0000018b       0x31 C:\Users\elias\AppData\Local\Temp\ccqCEuad.ltrans6.ltrans.o
 .ARM.attributes
                0x000001bc       0x31 C:\Users\elias\AppData\Local\Temp\ccqCEuad.ltrans7.ltrans.o
 .ARM.attributes
                0x000001ed       0x21 .\CortexM3\ARM_GCC_541\Debug\AcondicionamientoAnalogico.a(CyBootAsmGnu.o)
 .ARM.attributes
                0x0000020e       0x2d c:/program files (x86)/cypress/psoc creator/4.4/psoc creator/import/gnu/arm/5.4.1/bin/../lib/gcc/arm-none-eabi/5.4.1/../../../../arm-none-eabi/lib/armv7-m\libg_nano.a(lib_a-errno.o)
 .ARM.attributes
                0x0000023b       0x2d c:/program files (x86)/cypress/psoc creator/4.4/psoc creator/import/gnu/arm/5.4.1/bin/../lib/gcc/arm-none-eabi/5.4.1/../../../../arm-none-eabi/lib/armv7-m\libg_nano.a(lib_a-exit.o)
 .ARM.attributes
                0x00000268       0x2d c:/program files (x86)/cypress/psoc creator/4.4/psoc creator/import/gnu/arm/5.4.1/bin/../lib/gcc/arm-none-eabi/5.4.1/../../../../arm-none-eabi/lib/armv7-m\libg_nano.a(lib_a-impure.o)
 .ARM.attributes
                0x00000295       0x2d c:/program files (x86)/cypress/psoc creator/4.4/psoc creator/import/gnu/arm/5.4.1/bin/../lib/gcc/arm-none-eabi/5.4.1/../../../../arm-none-eabi/lib/armv7-m\libg_nano.a(lib_a-init.o)
 .ARM.attributes
                0x000002c2       0x2d c:/program files (x86)/cypress/psoc creator/4.4/psoc creator/import/gnu/arm/5.4.1/bin/../lib/gcc/arm-none-eabi/5.4.1/../../../../arm-none-eabi/lib/armv7-m\libg_nano.a(lib_a-memset.o)
 .ARM.attributes
                0x000002ef       0x2d c:/program files (x86)/cypress/psoc creator/4.4/psoc creator/import/gnu/arm/5.4.1/bin/../lib/gcc/arm-none-eabi/5.4.1/armv7-m/crtend.o
 .ARM.attributes
                0x0000031c       0x1d c:/program files (x86)/cypress/psoc creator/4.4/psoc creator/import/gnu/arm/5.4.1/bin/../lib/gcc/arm-none-eabi/5.4.1/armv7-m/crtn.o
 .ARM.attributes
                0x00000339       0x2d c:/program files (x86)/cypress/psoc creator/4.4/psoc creator/import/gnu/arm/5.4.1/bin/../lib/gcc/arm-none-eabi/5.4.1/../../../../arm-none-eabi/lib/armv7-m\libnosys.a(_exit.o)
 .ARM.attributes
                0x00000366       0x1d c:/program files (x86)/cypress/psoc creator/4.4/psoc creator/import/gnu/arm/5.4.1/bin/../lib/gcc/arm-none-eabi/5.4.1/armv7-m\libgcc.a(_aeabi_ldivmod.o)
 .ARM.attributes
                0x00000383       0x2d c:/program files (x86)/cypress/psoc creator/4.4/psoc creator/import/gnu/arm/5.4.1/bin/../lib/gcc/arm-none-eabi/5.4.1/armv7-m\libgcc.a(_udivmoddi4.o)
 .ARM.attributes
                0x000003b0       0x1d c:/program files (x86)/cypress/psoc creator/4.4/psoc creator/import/gnu/arm/5.4.1/bin/../lib/gcc/arm-none-eabi/5.4.1/armv7-m\libgcc.a(_dvmd_tls.o)
 .ARM.attributes
                0x000003cd       0x2d c:/program files (x86)/cypress/psoc creator/4.4/psoc creator/import/gnu/arm/5.4.1/bin/../lib/gcc/arm-none-eabi/5.4.1/../../../../arm-none-eabi/lib/armv7-m\libg_nano.a(lib_a-memcpy-stub.o)

/DISCARD/
 *(.note.GNU-stack)
OUTPUT(C:\Github\Tesis\src\psoc\AcondicionamientoAnalogico.cydsn\CortexM3\ARM_GCC_541\Debug\AcondicionamientoAnalogico.elf elf32-littlearm)
