Archive member included to satisfy reference by file (symbol)

.\CortexM3\ARM_GCC_541\Debug\AcondicionamientoAnalogico.a(Filter.o)
                              .\CortexM3\ARM_GCC_541\Debug\main.o (symbol from plugin) (Filter_Start)
.\CortexM3\ARM_GCC_541\Debug\AcondicionamientoAnalogico.a(Filter_PVT.o)
                              Filter.o (symbol from plugin) (Filter_SetInterruptMode)
.\CortexM3\ARM_GCC_541\Debug\AcondicionamientoAnalogico.a(Filter_RAM_Data.o)
                              Filter.o (symbol from plugin) (Filter_cfsm)
.\CortexM3\ARM_GCC_541\Debug\AcondicionamientoAnalogico.a(CyDmac.o)
                              .\CortexM3\ARM_GCC_541\Debug\Cm3Start.o (symbol from plugin) (CyDmacConfigure)
.\CortexM3\ARM_GCC_541\Debug\AcondicionamientoAnalogico.a(CyLib.o)
                              .\CortexM3\ARM_GCC_541\Debug\Cm3Start.o (symbol from plugin) (CyHalt)
.\CortexM3\ARM_GCC_541\Debug\AcondicionamientoAnalogico.a(cyPm.o)
                              CyLib.o (symbol from plugin) (CyPmReadStatus)
.\CortexM3\ARM_GCC_541\Debug\AcondicionamientoAnalogico.a(DMA_DelSig_Filter_dma.o)
                              .\CortexM3\ARM_GCC_541\Debug\main.o (symbol from plugin) (DMA_DelSig_Filter_DmaInitialize)
.\CortexM3\ARM_GCC_541\Debug\AcondicionamientoAnalogico.a(DMA_DelSig_RAM_dma.o)
                              .\CortexM3\ARM_GCC_541\Debug\main.o (symbol from plugin) (DMA_DelSig_RAM_DmaInitialize)
.\CortexM3\ARM_GCC_541\Debug\AcondicionamientoAnalogico.a(LED.o)
                              .\CortexM3\ARM_GCC_541\Debug\main.o (symbol from plugin) (LED_Write)
.\CortexM3\ARM_GCC_541\Debug\AcondicionamientoAnalogico.a(UART.o)
                              .\CortexM3\ARM_GCC_541\Debug\main.o (symbol from plugin) (UART_Start)
.\CortexM3\ARM_GCC_541\Debug\AcondicionamientoAnalogico.a(UART_INT.o)
                              UART.o (symbol from plugin) (UART_RXISR)
.\CortexM3\ARM_GCC_541\Debug\AcondicionamientoAnalogico.a(UART_IntClock.o)
                              UART.o (symbol from plugin) (UART_IntClock_Start)
.\CortexM3\ARM_GCC_541\Debug\AcondicionamientoAnalogico.a(OPAbp.o)
                              .\CortexM3\ARM_GCC_541\Debug\psoc_hw.o (symbol from plugin) (OPAbp_Start)
.\CortexM3\ARM_GCC_541\Debug\AcondicionamientoAnalogico.a(OPAlp.o)
                              .\CortexM3\ARM_GCC_541\Debug\psoc_hw.o (symbol from plugin) (OPAlp_Start)
.\CortexM3\ARM_GCC_541\Debug\AcondicionamientoAnalogico.a(ADC.o)
                              .\CortexM3\ARM_GCC_541\Debug\calibration.o (symbol from plugin) (ADC_Start)
.\CortexM3\ARM_GCC_541\Debug\AcondicionamientoAnalogico.a(ADC_INT.o)
                              ADC.o (symbol from plugin) (ADC_ISR1)
.\CortexM3\ARM_GCC_541\Debug\AcondicionamientoAnalogico.a(PGAgain.o)
                              .\CortexM3\ARM_GCC_541\Debug\psoc_hw.o (symbol from plugin) (PGAgain_Start)
.\CortexM3\ARM_GCC_541\Debug\AcondicionamientoAnalogico.a(PGAn.o)
                              .\CortexM3\ARM_GCC_541\Debug\psoc_hw.o (symbol from plugin) (PGAn_Start)
.\CortexM3\ARM_GCC_541\Debug\AcondicionamientoAnalogico.a(PGAp.o)
                              .\CortexM3\ARM_GCC_541\Debug\psoc_hw.o (symbol from plugin) (PGAp_Start)
.\CortexM3\ARM_GCC_541\Debug\AcondicionamientoAnalogico.a(ADC_Ext_CP_Clk.o)
                              ADC.o (symbol from plugin) (ADC_Ext_CP_Clk_SetDividerRegister)
.\CortexM3\ARM_GCC_541\Debug\AcondicionamientoAnalogico.a(ADC_theACLK.o)
                              ADC.o (symbol from plugin) (ADC_theACLK_SetDividerRegister)
.\CortexM3\ARM_GCC_541\Debug\AcondicionamientoAnalogico.a(OPAref.o)
                              .\CortexM3\ARM_GCC_541\Debug\psoc_hw.o (symbol from plugin) (OPAref_Start)
.\CortexM3\ARM_GCC_541\Debug\AcondicionamientoAnalogico.a(LPF_1.o)
                              .\CortexM3\ARM_GCC_541\Debug\psoc_hw.o (symbol from plugin) (LPF_1_Start)
.\CortexM3\ARM_GCC_541\Debug\AcondicionamientoAnalogico.a(SYNC_IN.o)
                              .\CortexM3\ARM_GCC_541\Debug\main.o (symbol from plugin) (SYNC_IN_Read)
.\CortexM3\ARM_GCC_541\Debug\AcondicionamientoAnalogico.a(VDAC_ref_LP.o)
                              .\CortexM3\ARM_GCC_541\Debug\calibration.o (symbol from plugin) (VDAC_ref_LP_Start)
.\CortexM3\ARM_GCC_541\Debug\AcondicionamientoAnalogico.a(VDAC_ref_BP.o)
                              .\CortexM3\ARM_GCC_541\Debug\calibration.o (symbol from plugin) (VDAC_ref_BP_Start)
.\CortexM3\ARM_GCC_541\Debug\AcondicionamientoAnalogico.a(VDAC_ref_PGA.o)
                              .\CortexM3\ARM_GCC_541\Debug\calibration.o (symbol from plugin) (VDAC_ref_PGA_Start)
.\CortexM3\ARM_GCC_541\Debug\AcondicionamientoAnalogico.a(AMux_ADC.o)
                              .\CortexM3\ARM_GCC_541\Debug\calibration.o (symbol from plugin) (AMux_ADC_Start)
.\CortexM3\ARM_GCC_541\Debug\AcondicionamientoAnalogico.a(PGAshield.o)
                              .\CortexM3\ARM_GCC_541\Debug\psoc_hw.o (symbol from plugin) (PGAshield_Start)
[...]
Memory Configuration

Name             Origin             Length             Attributes
rom              0x00000000         0x00040000         xr
ram              0x1fff8000         0x00010000         xrw
*default*        0x00000000         0xffffffff

Linker script and memory map

LOAD c:/program files (x86)/cypress/psoc creator/4.4/psoc creator/import/gnu/arm/5.4.1/bin/../lib/gcc/arm-none-eabi/5.4.1/armv7-m/crti.o
LOAD c:/program files (x86)/cypress/psoc creator/4.4/psoc creator/import/gnu/arm/5.4.1/bin/../lib/gcc/arm-none-eabi/5.4.1/armv7-m/crtbegin.o
LOAD c:/program files (x86)/cypress/psoc creator/4.4/psoc creator/import/gnu/arm/5.4.1/bin/../lib/gcc/arm-none-eabi/5.4.1/../../../../arm-none-eabi/lib/armv7-m/crt0.o
START GROUP
LOAD .\CortexM3\ARM_GCC_541\Debug\main.o
LOAD C:\Users\elias\AppData\Local\Temp\cc9u0f8E.ltrans0.ltrans.o
LOAD C:\Users\elias\AppData\Local\Temp\cc9u0f8E.ltrans1.ltrans.o
LOAD C:\Users\elias\AppData\Local\Temp\cc9u0f8E.ltrans2.ltrans.o
LOAD C:\Users\elias\AppData\Local\Temp\cc9u0f8E.ltrans3.ltrans.o
LOAD C:\Users\elias\AppData\Local\Temp\cc9u0f8E.ltrans4.ltrans.o
LOAD C:\Users\elias\AppData\Local\Temp\cc9u0f8E.ltrans5.ltrans.o
LOAD C:\Users\elias\AppData\Local\Temp\cc9u0f8E.ltrans6.ltrans.o
LOAD C:\Users\elias\AppData\Local\Temp\cc9u0f8E.ltrans7.ltrans.o
LOAD C:\Users\elias\AppData\Local\Temp\cc9u0f8E.ltrans8.ltrans.o
LOAD C:\Users\elias\AppData\Local\Temp\cc9u0f8E.ltrans9.ltrans.o
LOAD C:\Users\elias\AppData\Local\Temp\cc9u0f8E.ltrans10.ltrans.o
LOAD C:\Users\elias\AppData\Local\Temp\cc9u0f8E.ltrans11.ltrans.o
LOAD C:\Users\elias\AppData\Local\Temp\cc9u0f8E.ltrans12.ltrans.o
LOAD C:\Users\elias\AppData\Local\Temp\cc9u0f8E.ltrans13.ltrans.o
LOAD C:\Users\elias\AppData\Local\Temp\cc9u0f8E.ltrans14.ltrans.o
LOAD .\CortexM3\ARM_GCC_541\Debug\calibration.o
LOAD .\CortexM3\ARM_GCC_541\Debug\psoc_adc.o
LOAD .\CortexM3\ARM_GCC_541\Debug\psoc_hw.o
LOAD .\CortexM3\ARM_GCC_541\Debug\ff.o
LOAD .\CortexM3\ARM_GCC_541\Debug\ffunicode.o
LOAD .\CortexM3\ARM_GCC_541\Debug\fatfs_diskio.o
LOAD .\CortexM3\ARM_GCC_541\Debug\crc.o
LOAD .\CortexM3\ARM_GCC_541\Debug\psoc_nv.o
LOAD .\CortexM3\ARM_GCC_541\Debug\filter_coeffs.o
LOAD .\CortexM3\ARM_GCC_541\Debug\FIR_adquisition.o
LOAD .\CortexM3\ARM_GCC_541\Debug\FIR_calibration.o
LOAD .\CortexM3\ARM_GCC_541\Debug\psoc_debug.o
LOAD .\CortexM3\ARM_GCC_541\Debug\cyfitter_cfg.o
LOAD .\CortexM3\ARM_GCC_541\Debug\cymetadata.o
LOAD .\CortexM3\ARM_GCC_541\Debug\Cm3Start.o
LOAD .\CortexM3\ARM_GCC_541\Debug\AcondicionamientoAnalogico.a
LOAD C:\Program Files (x86)\Cypress\PSoC Creator\4.4\PSoC Creator\psoc\content\cycomponentlibrary\CyComponentLibrary.cylib\CortexM3\ARM_GCC_541\Debug\CyComponentLibrary.a
END GROUP
START GROUP
LOAD c:/program files (x86)/cypress/psoc creator/4.4/psoc creator/import/gnu/arm/5.4.1/bin/../lib/gcc/arm-none-eabi/5.4.1/armv7-m\libgcc.a
LOAD c:/program files (x86)/cypress/psoc creator/4.4/psoc creator/import/gnu/arm/5.4.1/bin/../lib/gcc/arm-none-eabi/5.4.1/../../../../arm-none-eabi/lib/armv7-m\libg_nano.a
LOAD c:/program files (x86)/cypress/psoc creator/4.4/psoc creator/import/gnu/arm/5.4.1/bin/../lib/gcc/arm-none-eabi/5.4.1/../../../../arm-none-eabi/lib/armv7-m\libc_nano.a
END GROUP
START GROUP
LOAD c:/program files (x86)/cypress/psoc creator/4.4/psoc creator/import/gnu/arm/5.4.1/bin/../lib/gcc/arm-none-eabi/5.4.1/armv7-m\libgcc.a
LOAD c:/program files (x86)/cypress/psoc creator/4.4/psoc creator/import/gnu/arm/5.4.1/bin/../lib/gcc/arm-none-eabi/5.4.1/../../../../arm-none-eabi/lib/armv7-m\libc_nano.a
END GROUP
LOAD c:/program files (x86)/cypress/psoc creator/4.4/psoc creator/import/gnu/arm/5.4.1/bin/../lib/gcc/arm-none-eabi/5.4.1/armv7-m/crtend.o
LOAD c:/program files (x86)/cypress/psoc creator/4.4/psoc creator/import/gnu/arm/5.4.1/bin/../lib/gcc/arm-none-eabi/5.4.1/armv7-m/crtn.o
START GROUP
LOAD c:/program files (x86)/cypress/psoc creator/4.4/psoc creator/import/gnu/arm/5.4.1/bin/../lib/gcc/arm-none-eabi/5.4.1/armv7-m\libgcc.a
LOAD c:/program files (x86)/cypress/psoc creator/4.4/psoc creator/import/gnu/arm/5.4.1/bin/../lib/gcc/arm-none-eabi/5.4.1/../../../../arm-none-eabi/lib/armv7-m\libc.a
LOAD c:/program files (x86)/cypress/psoc creator/4.4/psoc creator/import/gnu/arm/5.4.1/bin/../lib/gcc/arm-none-eabi/5.4.1/../../../../arm-none-eabi/lib/armv7-m\libnosys.a
END GROUP
                0x00000000                CY_APPL_ORIGIN = 0x0
                0x00000100                CY_FLASH_ROW_SIZE = 0x100
                0x00000020                CY_ECC_ROW_SIZE = 0x20
                0x00000000                CY_EE_IN_BTLDR = 0x0
                0x00000000                CY_APPL_LOADABLE = 0x0
                0x00000800                CY_EE_SIZE = 0x800
                0x00000001                CY_APPL_NUM = 0x1
                0x00000001                CY_APPL_MAX = 0x1
                0x00000040                CY_METADATA_SIZE = 0x40
                0x00000000                CY_APPL_LOADABLE = 0x0
                0x00000000                CY_CHECKSUM_EXCLUDE_SIZE = ALIGN (0x0, CY_FLASH_ROW_SIZE)
                [!provide]                PROVIDE (__cy_heap_start, _end)
                0x00000001                PROVIDE (__cy_region_num, ((__cy_regions_end - __cy_regions) / 0x10))
                0x20008000                PROVIDE (__cy_stack, (ORIGIN (ram) + LENGTH (ram)))
                [!provide]                PROVIDE (__cy_heap_end, (__cy_stack - 0x800))

.cybootloader   0x00000000        0x0
 *(.cybootloader)
                0x00000000                appl1_start = CY_APPL_ORIGIN?CY_APPL_ORIGIN:ALIGN (CY_FLASH_ROW_SIZE)
                0x0001ff00                appl2_start = (appl1_start + ALIGN ((((LENGTH (rom) - appl1_start) - (0x2 * CY_FLASH_ROW_SIZE)) / 0x2), CY_FLASH_ROW_SIZE))
                0x00000000                appl_start = (CY_APPL_NUM == 0x1)?appl1_start:appl2_start
                0x00000000                ecc_offset = ((appl_start / CY_FLASH_ROW_SIZE) * CY_ECC_ROW_SIZE)
                0x00000000                ee_offset = (CY_APPL_LOADABLE && ! (CY_EE_IN_BTLDR))?((CY_EE_SIZE / CY_APPL_MAX) * (CY_APPL_NUM - 0x1)):0x0
                0x00000800                ee_size = (CY_APPL_LOADABLE && ! (CY_EE_IN_BTLDR))?(CY_EE_SIZE / CY_APPL_MAX):CY_EE_SIZE
                [!provide]                PROVIDE (CY_ECC_OFFSET, ecc_offset)

.text           0x00000000     0xda40
 CREATE_OBJECT_SYMBOLS
                0x00000000                PROVIDE (__cy_interrupt_vector, RomVectors)
 *(.romvectors)
 .romvectors    0x00000000       0x10 C:\Users\elias\AppData\Local\Temp\cc9u0f8E.ltrans11.ltrans.o
                0x00000000                RomVectors
                0x00000001                ASSERT ((. != __cy_interrupt_vector), No interrupt vector)
                0x00000001                ASSERT (CY_APPL_ORIGIN?(SIZEOF (.cybootloader) <= CY_APPL_ORIGIN):0x1, Wrong image location)
                0x00000010                PROVIDE (__cy_reset, Reset)
 *(.text.Reset)
 .text.Reset    0x00000010       0x64 C:\Users\elias\AppData\Local\Temp\cc9u0f8E.ltrans11.ltrans.o
                0x00000010                Reset
                0x00000001                ASSERT ((. != __cy_reset), No reset code)
 *(.dma_init)
                0x00000001                ASSERT ((((appl_start + .) <= 0x10000) || 0x1), DMA Init must be within the first 64k of flash)
 *(.text .text.* .gnu.linkonce.t.*)
 .text          0x00000074       0x5c c:/program files (x86)/cypress/psoc creator/4.4/psoc creator/import/gnu/arm/5.4.1/bin/../lib/gcc/arm-none-eabi/5.4.1/armv7-m/crtbegin.o
 .text.startup.main
                0x000000d0     0x1d28 C:\Users\elias\AppData\Local\Temp\cc9u0f8E.ltrans0.ltrans.o
                0x000000d0                main
 .text.uart_service.lto_priv.216
                0x00001df8     0x1a40 C:\Users\elias\AppData\Local\Temp\cc9u0f8E.ltrans1.ltrans.o
                0x00001df8                uart_service.lto_priv.216
 .text.service_runtime.lto_priv.186
                0x00003838     0x14e8 C:\Users\elias\AppData\Local\Temp\cc9u0f8E.ltrans2.ltrans.o
                0x00003838                service_runtime.lto_priv.186
 .text.sm_sample_capture_raw.lto_priv.208
                0x00004d20       0xb8 C:\Users\elias\AppData\Local\Temp\cc9u0f8E.ltrans3.ltrans.o
                0x00004d20                sm_sample_capture_raw.lto_priv.208
 .text.sm_sample_noop.lto_priv.110
                0x00004dd8        0x4 C:\Users\elias\AppData\Local\Temp\cc9u0f8E.ltrans3.ltrans.o
                0x00004dd8                sm_sample_noop.lto_priv.110
 .text.uart_send_diag.lto_priv.95
                0x00004ddc       0xe0 C:\Users\elias\AppData\Local\Temp\cc9u0f8E.ltrans3.ltrans.o
                0x00004ddc                uart_send_diag.lto_priv.95
 .text.capture_reset_locked.lto_priv.252
                0x00004ebc       0xc4 C:\Users\elias\AppData\Local\Temp\cc9u0f8E.ltrans3.ltrans.o
                0x00004ebc                capture_reset_locked.lto_priv.252
 .text.capture_watchdog_arm.lto_priv.221
                0x00004f80      0x1ac C:\Users\elias\AppData\Local\Temp\cc9u0f8E.ltrans3.ltrans.o
                0x00004f80                capture_watchdog_arm.lto_priv.221
 .text.rx_watchdog_start.lto_priv.254
                0x0000512c       0xf8 C:\Users\elias\AppData\Local\Temp\cc9u0f8E.ltrans3.ltrans.o
                0x0000512c                rx_watchdog_start.lto_priv.254
 .text.timer2_start_next_chunk.lto_priv.182
                0x00005224      0x104 C:\Users\elias\AppData\Local\Temp\cc9u0f8E.ltrans3.ltrans.o
                0x00005224                timer2_start_next_chunk.lto_priv.182
 .text.timer1_stop_quiet.lto_priv.144
                0x00005328       0x4c C:\Users\elias\AppData\Local\Temp\cc9u0f8E.ltrans3.ltrans.o
                0x00005328                timer1_stop_quiet.lto_priv.144
 .text.timer1_start_next_chunk.lto_priv.102
                0x00005374      0x104 C:\Users\elias\AppData\Local\Temp\cc9u0f8E.ltrans3.ltrans.o
                0x00005374                timer1_start_next_chunk.lto_priv.102
 .text.psoc_prepare_capture_path.lto_priv.166
                0x00005478      0x120 C:\Users\elias\AppData\Local\Temp\cc9u0f8E.ltrans3.ltrans.o
                0x00005478                psoc_prepare_capture_path.lto_priv.166
 .text.capture_engine_pulse.lto_priv.147
                0x00005598       0x18 C:\Users\elias\AppData\Local\Temp\cc9u0f8E.ltrans3.ltrans.o
                0x00005598                capture_engine_pulse.lto_priv.147
 .text.capture_engine_refresh_status.lto_priv.148
                0x000055b0       0x34 C:\Users\elias\AppData\Local\Temp\cc9u0f8E.ltrans3.ltrans.o
                0x000055b0                capture_engine_refresh_status.lto_priv.148
 .text.sd_write_header.lto_priv.220
                0x000055e4      0x1a0 C:\Users\elias\AppData\Local\Temp\cc9u0f8E.ltrans3.ltrans.o
                0x000055e4                sd_write_header.lto_priv.220
 .text.sd_session_begin.lto_priv.256
                0x00005784      0x2c4 C:\Users\elias\AppData\Local\Temp\cc9u0f8E.ltrans3.ltrans.o
                0x00005784                sd_session_begin.lto_priv.256
 .text.sd_session_recover.lto_priv.188
                0x00005a48      0x1f4 C:\Users\elias\AppData\Local\Temp\cc9u0f8E.ltrans3.ltrans.o
                0x00005a48                sd_session_recover.lto_priv.188
 .text.sd_runtime_status_byte.lto_priv.187
                0x00005c3c       0x50 C:\Users\elias\AppData\Local\Temp\cc9u0f8E.ltrans3.ltrans.o
                0x00005c3c                sd_runtime_status_byte.lto_priv.187
 .text.uart_send_fs_report.lto_priv.251
                0x00005c8c       0x44 C:\Users\elias\AppData\Local\Temp\cc9u0f8E.ltrans3.ltrans.o
                0x00005c8c                uart_send_fs_report.lto_priv.251
 .text.cal_vdac_geo_lp.lto_priv.101
                0x00005cd0        0xc C:\Users\elias\AppData\Local\Temp\cc9u0f8E.ltrans4.ltrans.o
                0x00005cd0                cal_vdac_geo_lp.lto_priv.101
 .text.cal_vdac_geo_sum.lto_priv.100
                0x00005cdc        0xc C:\Users\elias\AppData\Local\Temp\cc9u0f8E.ltrans4.ltrans.o
                0x00005cdc                cal_vdac_geo_sum.lto_priv.100
 .text.sd_xfer.lto_priv.96
                0x00005ce8       0x40 C:\Users\elias\AppData\Local\Temp\cc9u0f8E.ltrans4.ltrans.o
                0x00005ce8                sd_xfer.lto_priv.96
 .text.sd_cmd.lto_priv.97
                0x00005d28       0x8c C:\Users\elias\AppData\Local\Temp\cc9u0f8E.ltrans4.ltrans.o
                0x00005d28                sd_cmd.lto_priv.97
 .text.sd_spi_init
                0x00005db4      0x4c0 C:\Users\elias\AppData\Local\Temp\cc9u0f8E.ltrans4.ltrans.o
                0x00005db4                sd_spi_init
 .text.unlikely.cal_pi_gain_scaled_term.lto_priv.225
                0x00006274       0x84 C:\Users\elias\AppData\Local\Temp\cc9u0f8E.ltrans4.ltrans.o
                0x00006274                cal_pi_gain_scaled_term.lto_priv.225
 .text.cal_pi_deadband_dac_codes.lto_priv.155
                0x000062f8       0x7c C:\Users\elias\AppData\Local\Temp\cc9u0f8E.ltrans4.ltrans.o
                0x000062f8                cal_pi_deadband_dac_codes.lto_priv.155
 .text.cal_async_complete.lto_priv.226
                0x00006374      0x15c C:\Users\elias\AppData\Local\Temp\cc9u0f8E.ltrans4.ltrans.o
                0x00006374                cal_async_complete.lto_priv.226
 .text.cal_diag_i32.lto_priv.168
                0x000064d0       0x44 C:\Users\elias\AppData\Local\Temp\cc9u0f8E.ltrans4.ltrans.o
                0x000064d0                cal_diag_i32.lto_priv.168
 .text.cal_pi_finalize_stage.lto_priv.223
                0x00006514      0x174 C:\Users\elias\AppData\Local\Temp\cc9u0f8E.ltrans4.ltrans.o
                0x00006514                cal_pi_finalize_stage.lto_priv.223
 .text.cal_pi_finish_stage.lto_priv.224
                0x00006688      0x168 C:\Users\elias\AppData\Local\Temp\cc9u0f8E.ltrans4.ltrans.o
                0x00006688                cal_pi_finish_stage.lto_priv.224
 .text.mount_volume.lto_priv.136
                0x000067f0      0x674 C:\Users\elias\AppData\Local\Temp\cc9u0f8E.ltrans5.ltrans.o
                0x000067f0                mount_volume.lto_priv.136
 .text.dir_find.lto_priv.138
                0x00006e64      0x2e8 C:\Users\elias\AppData\Local\Temp\cc9u0f8E.ltrans5.ltrans.o
                0x00006e64                dir_find.lto_priv.138
 .text.follow_path.lto_priv.135
                0x0000714c      0x2ec C:\Users\elias\AppData\Local\Temp\cc9u0f8E.ltrans5.ltrans.o
                0x0000714c                follow_path.lto_priv.135
 .text.store_xdir.lto_priv.130
                0x00007438       0xb0 C:\Users\elias\AppData\Local\Temp\cc9u0f8E.ltrans5.ltrans.o
                0x00007438                store_xdir.lto_priv.130
 .text.sm_sample_capture_debug.lto_priv.206
                0x000074e8       0x4c C:\Users\elias\AppData\Local\Temp\cc9u0f8E.ltrans6.ltrans.o
                0x000074e8                sm_sample_capture_debug.lto_priv.206
 .text.isr_SuperMaquina_Handler
                0x00007534       0xa0 C:\Users\elias\AppData\Local\Temp\cc9u0f8E.ltrans6.ltrans.o
                0x00007534                isr_SuperMaquina_Handler
 .text.sm_sample_capture_filt.lto_priv.210
                0x000075d4       0xac C:\Users\elias\AppData\Local\Temp\cc9u0f8E.ltrans6.ltrans.o
                0x000075d4                sm_sample_capture_filt.lto_priv.210
 .text.sm_sample_cal_filt.lto_priv.239
                0x00007680       0x44 C:\Users\elias\AppData\Local\Temp\cc9u0f8E.ltrans6.ltrans.o
                0x00007680                sm_sample_cal_filt.lto_priv.239
 .text.sm_sample_cal_raw.lto_priv.240
                0x000076c4       0x60 C:\Users\elias\AppData\Local\Temp\cc9u0f8E.ltrans6.ltrans.o
                0x000076c4                sm_sample_cal_raw.lto_priv.240
 .text.sm_sample_capture_filt_sd.lto_priv.209
                0x00007724      0x110 C:\Users\elias\AppData\Local\Temp\cc9u0f8E.ltrans6.ltrans.o
                0x00007724                sm_sample_capture_filt_sd.lto_priv.209
 .text.sm_sample_capture_raw_sd.lto_priv.207
                0x00007834      0x110 C:\Users\elias\AppData\Local\Temp\cc9u0f8E.ltrans6.ltrans.o
                0x00007834                sm_sample_capture_raw_sd.lto_priv.207
 .text.unexpected_irq_trap
                0x00007944       0x34 C:\Users\elias\AppData\Local\Temp\cc9u0f8E.ltrans6.ltrans.o
                0x00007944                unexpected_irq_trap
 .text.hardfault_trap
                0x00007978       0x34 C:\Users\elias\AppData\Local\Temp\cc9u0f8E.ltrans6.ltrans.o
                0x00007978                hardfault_trap
 .text.sm_sample_armed_wait.lto_priv.249
                0x000079ac       0x24 C:\Users\elias\AppData\Local\Temp\cc9u0f8E.ltrans6.ltrans.o
                0x000079ac                sm_sample_armed_wait.lto_priv.249
 .text.dma_route_select
                0x000079d0       0x78 C:\Users\elias\AppData\Local\Temp\cc9u0f8E.ltrans6.ltrans.o
                0x000079d0                dma_route_select
 .text.service_timer_events.lto_priv.218
                0x00007a48      0x2dc C:\Users\elias\AppData\Local\Temp\cc9u0f8E.ltrans6.ltrans.o
                0x00007a48                service_timer_events.lto_priv.218
 .text.psoc_enter_sampling.lto_priv.253
                0x00007d24      0x504 C:\Users\elias\AppData\Local\Temp\cc9u0f8E.ltrans6.ltrans.o
                0x00007d24                psoc_enter_sampling.lto_priv.253
 .text.ADC_ISR4
                0x00008228        0x4 C:\Users\elias\AppData\Local\Temp\cc9u0f8E.ltrans7.ltrans.o
                0x00008228                ADC_ISR4
 .text.ADC_ISR3
                0x0000822c        0x4 C:\Users\elias\AppData\Local\Temp\cc9u0f8E.ltrans7.ltrans.o
                0x0000822c                ADC_ISR3
 .text.ADC_ISR2
                0x00008230        0x4 C:\Users\elias\AppData\Local\Temp\cc9u0f8E.ltrans7.ltrans.o
                0x00008230                ADC_ISR2
 .text.ADC_ISR1
                0x00008234        0x4 C:\Users\elias\AppData\Local\Temp\cc9u0f8E.ltrans7.ltrans.o
                0x00008234                ADC_ISR1
 .text.disk_write.constprop.50
                0x00008238      0x124 C:\Users\elias\AppData\Local\Temp\cc9u0f8E.ltrans7.ltrans.o
                0x00008238                disk_write.constprop.50
 .text.SPI_IntClock_SetDividerRegister.constprop.48
                0x0000835c       0xdc C:\Users\elias\AppData\Local\Temp\cc9u0f8E.ltrans7.ltrans.o
                0x0000835c                SPI_IntClock_SetDividerRegister.constprop.48
 .text.remove_chain.constprop.40
                0x00008438       0xb8 C:\Users\elias\AppData\Local\Temp\cc9u0f8E.ltrans7.ltrans.o
                0x00008438                remove_chain.constprop.40
 .text.dir_next.constprop.39
                0x000084f0       0x98 C:\Users\elias\AppData\Local\Temp\cc9u0f8E.ltrans7.ltrans.o
                0x000084f0                dir_next.constprop.39
 .text.dir_read.constprop.38
                0x00008588      0x38c C:\Users\elias\AppData\Local\Temp\cc9u0f8E.ltrans7.ltrans.o
                0x00008588                dir_read.constprop.38
 .text.f_read.constprop.34
                0x00008914      0x1a8 C:\Users\elias\AppData\Local\Temp\cc9u0f8E.ltrans7.ltrans.o
                0x00008914                f_read.constprop.34
 .text.psoc_filter_load_fir_coefficients.constprop.29
                0x00008abc       0x80 C:\Users\elias\AppData\Local\Temp\cc9u0f8E.ltrans7.ltrans.o
                0x00008abc                psoc_filter_load_fir_coefficients.constprop.29
 .text.CyDmaChEnable.constprop.26
                0x00008b3c       0x24 C:\Users\elias\AppData\Local\Temp\cc9u0f8E.ltrans7.ltrans.o
                0x00008b3c                CyDmaChEnable.constprop.26
 .text.CyDmaChPriority.constprop.23
                0x00008b60       0x20 C:\Users\elias\AppData\Local\Temp\cc9u0f8E.ltrans7.ltrans.o
                0x00008b60                CyDmaChPriority.constprop.23
 .text.PGAn_SetGain.constprop.4
                0x00008b80       0x30 C:\Users\elias\AppData\Local\Temp\cc9u0f8E.ltrans7.ltrans.o
                0x00008b80                PGAn_SetGain.constprop.4
 .text.PGAp_SetGain.constprop.3
                0x00008bb0       0x30 C:\Users\elias\AppData\Local\Temp\cc9u0f8E.ltrans7.ltrans.o
                0x00008bb0                PGAp_SetGain.constprop.3
 .text.CySpcUnlock
                0x00008be0       0x3c C:\Users\elias\AppData\Local\Temp\cc9u0f8E.ltrans7.ltrans.o
                0x00008be0                CySpcUnlock
 .text.CySpcLock
                0x00008c1c       0x44 C:\Users\elias\AppData\Local\Temp\cc9u0f8E.ltrans7.ltrans.o
                0x00008c1c                CySpcLock
 .text.CySetTempInt.lto_priv.190
                0x00008c60       0xf0 C:\Users\elias\AppData\Local\Temp\cc9u0f8E.ltrans7.ltrans.o
                0x00008c60                CySetTempInt.lto_priv.190
 .text.Tmr_CaptureWatchdog_Stop
                0x00008d50       0x2c C:\Users\elias\AppData\Local\Temp\cc9u0f8E.ltrans7.ltrans.o
                0x00008d50                Tmr_CaptureWatchdog_Stop
 .text.Tmr_PingCalTick_Stop
                0x00008d7c       0x2c C:\Users\elias\AppData\Local\Temp\cc9u0f8E.ltrans7.ltrans.o
                0x00008d7c                Tmr_PingCalTick_Stop
 .text.Tmr_UartRxWatchdog_Stop
                0x00008da8       0x2c C:\Users\elias\AppData\Local\Temp\cc9u0f8E.ltrans7.ltrans.o
                0x00008da8                Tmr_UartRxWatchdog_Stop
 .text.Tmr_LedWait_Stop
                0x00008dd4       0x2c C:\Users\elias\AppData\Local\Temp\cc9u0f8E.ltrans7.ltrans.o
                0x00008dd4                Tmr_LedWait_Stop
 .text.PGAgain_SetGain
                0x00008e00       0x78 C:\Users\elias\AppData\Local\Temp\cc9u0f8E.ltrans7.ltrans.o
                0x00008e00                PGAgain_SetGain
 .text.ADC_SetDSMRef0Reg.lto_priv.125
                0x00008e78       0x50 C:\Users\elias\AppData\Local\Temp\cc9u0f8E.ltrans7.ltrans.o
                0x00008e78                ADC_SetDSMRef0Reg.lto_priv.125
 .text.disk_read.part.2.lto_priv.117
                0x00008ec8      0x2a0 C:\Users\elias\AppData\Local\Temp\cc9u0f8E.ltrans8.ltrans.o
                0x00008ec8                disk_read.part.2.lto_priv.117
 .text.disk_status.part.1.lto_priv.103
                0x00009168       0x20 C:\Users\elias\AppData\Local\Temp\cc9u0f8E.ltrans8.ltrans.o
                0x00009168                disk_status.part.1.lto_priv.103
 .text.ff_wtoupper.part.2.lto_priv.140
                0x00009188       0x9c C:\Users\elias\AppData\Local\Temp\cc9u0f8E.ltrans8.ltrans.o
                0x00009188                ff_wtoupper.part.2.lto_priv.140
 .text.put_fat.part.6.lto_priv.112
                0x00009224      0x124 C:\Users\elias\AppData\Local\Temp\cc9u0f8E.ltrans8.ltrans.o
                0x00009224                put_fat.part.6.lto_priv.112
 .text.fill_last_frag.isra.7.lto_priv.139
                0x00009348       0x48 C:\Users\elias\AppData\Local\Temp\cc9u0f8E.ltrans8.ltrans.o
                0x00009348                fill_last_frag.isra.7.lto_priv.139
 .text.check_fs.part.5.lto_priv.141
                0x00009390      0x120 C:\Users\elias\AppData\Local\Temp\cc9u0f8E.ltrans8.ltrans.o
                0x00009390                check_fs.part.5.lto_priv.141
 .text.sync_window.part.4.lto_priv.132
                0x000094b0       0x40 C:\Users\elias\AppData\Local\Temp\cc9u0f8E.ltrans8.ltrans.o
                0x000094b0                sync_window.part.4.lto_priv.132
 .text.f_lseek  0x000094f0      0x234 C:\Users\elias\AppData\Local\Temp\cc9u0f8E.ltrans8.ltrans.o
                0x000094f0                f_lseek
 .text.f_sync   0x00009724      0x254 C:\Users\elias\AppData\Local\Temp\cc9u0f8E.ltrans8.ltrans.o
                0x00009724                f_sync
 .text.cal_vdac_geo_bp.lto_priv.99
                0x00009978        0xc C:\Users\elias\AppData\Local\Temp\cc9u0f8E.ltrans9.ltrans.o
                0x00009978                cal_vdac_geo_bp.lto_priv.99
 .text.cal_vdac_geo_pga.lto_priv.98
                0x00009984        0xc C:\Users\elias\AppData\Local\Temp\cc9u0f8E.ltrans9.ltrans.o
                0x00009984                cal_vdac_geo_pga.lto_priv.98
 .text.led_toggle.part.16.lto_priv.183
                0x00009990       0x24 C:\Users\elias\AppData\Local\Temp\cc9u0f8E.ltrans9.ltrans.o
                0x00009990                led_toggle.part.16.lto_priv.183
 .text.psoc_start_calibration_if_idle.part.14.lto_priv.189
                0x000099b4      0x880 C:\Users\elias\AppData\Local\Temp\cc9u0f8E.ltrans9.ltrans.o
                0x000099b4                psoc_start_calibration_if_idle.part.14.lto_priv.189
 .text.sd_file_close.part.10.lto_priv.219
                0x0000a234       0x38 C:\Users\elias\AppData\Local\Temp\cc9u0f8E.ltrans9.ltrans.o
                0x0000a234                sd_file_close.part.10.lto_priv.219
 .text.sd_capture_drain.part.8.lto_priv.217
                0x0000a26c      0x168 C:\Users\elias\AppData\Local\Temp\cc9u0f8E.ltrans9.ltrans.o
                0x0000a26c                sd_capture_drain.part.8.lto_priv.217
 .text.sd_fs_mount.part.7.lto_priv.255
                0x0000a3d4       0x6c C:\Users\elias\AppData\Local\Temp\cc9u0f8E.ltrans9.ltrans.o
                0x0000a3d4                sd_fs_mount.part.7.lto_priv.255
 .text.capture_next_hw_target.part.2.lto_priv.222
                0x0000a440       0x90 C:\Users\elias\AppData\Local\Temp\cc9u0f8E.ltrans9.ltrans.o
                0x0000a440                capture_next_hw_target.part.2.lto_priv.222
 .text.init_alloc_info.lto_priv.134
                0x0000a4d0       0xa8 C:\Users\elias\AppData\Local\Temp\cc9u0f8E.ltrans10.ltrans.o
                0x0000a4d0                init_alloc_info.lto_priv.134
 .text.sync_fs.lto_priv.129
                0x0000a578      0x13c C:\Users\elias\AppData\Local\Temp\cc9u0f8E.ltrans10.ltrans.o
                0x0000a578                sync_fs.lto_priv.129
 .text.move_window.lto_priv.114
                0x0000a6b4       0xf0 C:\Users\elias\AppData\Local\Temp\cc9u0f8E.ltrans10.ltrans.o
                0x0000a6b4                move_window.lto_priv.114
 .text.load_xdir.lto_priv.115
                0x0000a7a4      0x158 C:\Users\elias\AppData\Local\Temp\cc9u0f8E.ltrans10.ltrans.o
                0x0000a7a4                load_xdir.lto_priv.115
 .text.change_bitmap.lto_priv.113
                0x0000a8fc       0x84 C:\Users\elias\AppData\Local\Temp\cc9u0f8E.ltrans10.ltrans.o
                0x0000a8fc                change_bitmap.lto_priv.113
 .text.find_bitmap.lto_priv.275
                0x0000a980       0x9c C:\Users\elias\AppData\Local\Temp\cc9u0f8E.ltrans10.ltrans.o
                0x0000a980                find_bitmap.lto_priv.275
 .text.get_fat.lto_priv.111
                0x0000aa1c      0x150 C:\Users\elias\AppData\Local\Temp\cc9u0f8E.ltrans10.ltrans.o
                0x0000aa1c                get_fat.lto_priv.111
 .text.dir_sdi.lto_priv.131
                0x0000ab6c       0xb4 C:\Users\elias\AppData\Local\Temp\cc9u0f8E.ltrans10.ltrans.o
                0x0000ab6c                dir_sdi.lto_priv.131
 .text.create_chain.lto_priv.128
                0x0000ac20      0x1dc C:\Users\elias\AppData\Local\Temp\cc9u0f8E.ltrans10.ltrans.o
                0x0000ac20                create_chain.lto_priv.128
 .text.unlikely.dir_alloc.lto_priv.137
                0x0000adfc      0x17c C:\Users\elias\AppData\Local\Temp\cc9u0f8E.ltrans10.ltrans.o
                0x0000adfc                dir_alloc.lto_priv.137
 .text.UART_TXISR
                0x0000af78       0x68 C:\Users\elias\AppData\Local\Temp\cc9u0f8E.ltrans11.ltrans.o
                0x0000af78                UART_TXISR
 .text.UART_RXISR
                0x0000afe0       0x68 C:\Users\elias\AppData\Local\Temp\cc9u0f8E.ltrans11.ltrans.o
                0x0000afe0                UART_RXISR
 .text.IntDefaultHandler
                0x0000b048       0x10 C:\Users\elias\AppData\Local\Temp\cc9u0f8E.ltrans11.ltrans.o
                0x0000b048                IntDefaultHandler
 .text.ADC_InitConfig.lto_priv.167
                0x0000b058      0x308 C:\Users\elias\AppData\Local\Temp\cc9u0f8E.ltrans11.ltrans.o
                0x0000b058                ADC_InitConfig.lto_priv.167
 .text.ADC_Stop
                0x0000b360       0xfc C:\Users\elias\AppData\Local\Temp\cc9u0f8E.ltrans11.ltrans.o
                0x0000b360                ADC_Stop
 .text.ADC_Start
                0x0000b45c      0x21c C:\Users\elias\AppData\Local\Temp\cc9u0f8E.ltrans11.ltrans.o
                0x0000b45c                ADC_Start
 .text.CyDelay  0x0000b678       0x44 C:\Users\elias\AppData\Local\Temp\cc9u0f8E.ltrans11.ltrans.o
                0x0000b678                CyDelay
 .text.CyDmaTdAllocate
                0x0000b6bc       0x34 C:\Users\elias\AppData\Local\Temp\cc9u0f8E.ltrans11.ltrans.o
                0x0000b6bc                CyDmaTdAllocate
 .text.startup.initialize_psoc
                0x0000b6f0      0x4d8 C:\Users\elias\AppData\Local\Temp\cc9u0f8E.ltrans11.ltrans.o
 .text.AMux_ADC_Unset
                0x0000bbc8       0x70 C:\Users\elias\AppData\Local\Temp\cc9u0f8E.ltrans11.ltrans.o
                0x0000bbc8                AMux_ADC_Unset
 .text.psoc_filter_reset_history
                0x0000bc38       0x64 C:\Users\elias\AppData\Local\Temp\cc9u0f8E.ltrans11.ltrans.o
                0x0000bc38                psoc_filter_reset_history
 .text.f_open   0x0000bc9c      0xc50 C:\Users\elias\AppData\Local\Temp\cc9u0f8E.ltrans12.ltrans.o
                0x0000bc9c                f_open
 .text.validate.lto_priv.116
                0x0000c8ec       0x48 C:\Users\elias\AppData\Local\Temp\cc9u0f8E.ltrans12.ltrans.o
                0x0000c8ec                validate.lto_priv.116
 .text.f_write  0x0000c934      0x4d4 C:\Users\elias\AppData\Local\Temp\cc9u0f8E.ltrans13.ltrans.o
                0x0000c934                f_write
 .text.timer1_arm_ms.constprop.94
                0x0000ce08       0x54 C:\Users\elias\AppData\Local\Temp\cc9u0f8E.ltrans14.ltrans.o
                0x0000ce08                timer1_arm_ms.constprop.94
 .text.UART_PutArray.constprop.87
                0x0000ce5c       0x9c C:\Users\elias\AppData\Local\Temp\cc9u0f8E.ltrans14.ltrans.o
                0x0000ce5c                UART_PutArray.constprop.87
 .text.UART_PutArray.constprop.86
                0x0000cef8       0x98 C:\Users\elias\AppData\Local\Temp\cc9u0f8E.ltrans14.ltrans.o
                0x0000cef8                UART_PutArray.constprop.86
 .text.uart_send_diag.constprop.82
                0x0000cf90       0xc8 C:\Users\elias\AppData\Local\Temp\cc9u0f8E.ltrans14.ltrans.o
                0x0000cf90                uart_send_diag.constprop.82
 .text.psoc_seed_calibration_from_nv.constprop.76
                0x0000d058      0x2a0 C:\Users\elias\AppData\Local\Temp\cc9u0f8E.ltrans14.ltrans.o
                0x0000d058                psoc_seed_calibration_from_nv.constprop.76
 .text.ADC_theACLK_SetDividerRegister.constprop.73
                0x0000d2f8       0xcc C:\Users\elias\AppData\Local\Temp\cc9u0f8E.ltrans14.ltrans.o
                0x0000d2f8                ADC_theACLK_SetDividerRegister.constprop.73
 .text.ADC_Ext_CP_Clk_SetDividerRegister.constprop.72
                0x0000d3c4       0xd0 C:\Users\elias\AppData\Local\Temp\cc9u0f8E.ltrans14.ltrans.o
                0x0000d3c4                ADC_Ext_CP_Clk_SetDividerRegister.constprop.72
 .text.AMux_ADC_Unset.constprop.67
                0x0000d494       0x48 C:\Users\elias\AppData\Local\Temp\cc9u0f8E.ltrans14.ltrans.o
                0x0000d494                AMux_ADC_Unset.constprop.67
 .text.sd_xfer.constprop.53
                0x0000d4dc       0x40 C:\Users\elias\AppData\Local\Temp\cc9u0f8E.ltrans14.ltrans.o
                0x0000d4dc                sd_xfer.constprop.53
 .text.sd_cmd.constprop.52
                0x0000d51c       0x88 C:\Users\elias\AppData\Local\Temp\cc9u0f8E.ltrans14.ltrans.o
                0x0000d51c                sd_cmd.constprop.52
 *fill*         0x0000d5a4        0x4 
 .text          0x0000d5a8       0x20 .\CortexM3\ARM_GCC_541\Debug\AcondicionamientoAnalogico.a(CyBootAsmGnu.o)
                0x0000d5a8                CyDelayCycles
                0x0000d5b8                CyEnterCriticalSection
                0x0000d5c0                CyExitCriticalSection
 .text.__errno  0x0000d5c8        0xc c:/program files (x86)/cypress/psoc creator/4.4/psoc creator/import/gnu/arm/5.4.1/bin/../lib/gcc/arm-none-eabi/5.4.1/../../../../arm-none-eabi/lib/armv7-m\libg_nano.a(lib_a-errno.o)
                0x0000d5c8                __errno
 .text.__libc_init_array
                0x0000d5d4       0x4c c:/program files (x86)/cypress/psoc creator/4.4/psoc creator/import/gnu/arm/5.4.1/bin/../lib/gcc/arm-none-eabi/5.4.1/../../../../arm-none-eabi/lib/armv7-m\libg_nano.a(lib_a-init.o)
                0x0000d5d4                __libc_init_array
 .text.memset   0x0000d620       0x10 c:/program files (x86)/cypress/psoc creator/4.4/psoc creator/import/gnu/arm/5.4.1/bin/../lib/gcc/arm-none-eabi/5.4.1/../../../../arm-none-eabi/lib/armv7-m\libg_nano.a(lib_a-memset.o)
                0x0000d620                memset
 .text          0x0000d630       0xa0 c:/program files (x86)/cypress/psoc creator/4.4/psoc creator/import/gnu/arm/5.4.1/bin/../lib/gcc/arm-none-eabi/5.4.1/armv7-m\libgcc.a(_aeabi_ldivmod.o)
                0x0000d630                __aeabi_ldivmod
 .text          0x0000d6d0       0x30 c:/program files (x86)/cypress/psoc creator/4.4/psoc creator/import/gnu/arm/5.4.1/bin/../lib/gcc/arm-none-eabi/5.4.1/armv7-m\libgcc.a(_aeabi_uldivmod.o)
                0x0000d6d0                __aeabi_uldivmod
 .text          0x0000d700      0x2ec c:/program files (x86)/cypress/psoc creator/4.4/psoc creator/import/gnu/arm/5.4.1/bin/../lib/gcc/arm-none-eabi/5.4.1/armv7-m\libgcc.a(_udivmoddi4.o)
                0x0000d700                __udivmoddi4
 .text          0x0000d9ec        0x4 c:/program files (x86)/cypress/psoc creator/4.4/psoc creator/import/gnu/arm/5.4.1/bin/../lib/gcc/arm-none-eabi/5.4.1/armv7-m\libgcc.a(_dvmd_tls.o)
                0x0000d9ec                __aeabi_idiv0
                0x0000d9ec                __aeabi_ldiv0
 .text.memcmp   0x0000d9f0       0x1e c:/program files (x86)/cypress/psoc creator/4.4/psoc creator/import/gnu/arm/5.4.1/bin/../lib/gcc/arm-none-eabi/5.4.1/../../../../arm-none-eabi/lib/armv7-m\libg_nano.a(lib_a-memcmp.o)
                0x0000d9f0                memcmp
 .text.memcpy   0x0000da0e       0x16 c:/program files (x86)/cypress/psoc creator/4.4/psoc creator/import/gnu/arm/5.4.1/bin/../lib/gcc/arm-none-eabi/5.4.1/../../../../arm-none-eabi/lib/armv7-m\libg_nano.a(lib_a-memcpy-stub.o)
                0x0000da0e                memcpy
 .text.strchr   0x0000da24       0x1c c:/program files (x86)/cypress/psoc creator/4.4/psoc creator/import/gnu/arm/5.4.1/bin/../lib/gcc/arm-none-eabi/5.4.1/../../../../arm-none-eabi/lib/armv7-m\libg_nano.a(lib_a-strchr.o)
                0x0000da24                strchr
 *(.plt)
 *(.gnu.warning)
 *(.glue_7t)
 .glue_7t       0x0000da40        0x0 linker stubs
 *(.glue_7)
 .glue_7        0x0000da40        0x0 linker stubs
 *(.vfp11_veneer)
 .vfp11_veneer  0x0000da40        0x0 linker stubs
 *(.bootloader)
 *(.ARM.extab* .gnu.linkonce.armextab.*)
 *(.gcc_except_table)

.v4_bx          0x0000da40        0x0
 .v4_bx         0x0000da40        0x0 linker stubs

.iplt           0x0000da40        0x0
 .iplt          0x0000da40        0x0 c:/program files (x86)/cypress/psoc creator/4.4/psoc creator/import/gnu/arm/5.4.1/bin/../lib/gcc/arm-none-eabi/5.4.1/armv7-m/crtbegin.o

.eh_frame_hdr
 *(.eh_frame_hdr)

.eh_frame       0x0000da40        0x4
 *(.eh_frame)
 .eh_frame      0x0000da40        0x0 c:/program files (x86)/cypress/psoc creator/4.4/psoc creator/import/gnu/arm/5.4.1/bin/../lib/gcc/arm-none-eabi/5.4.1/armv7-m/crtbegin.o
 .eh_frame      0x0000da40        0x4 c:/program files (x86)/cypress/psoc creator/4.4/psoc creator/import/gnu/arm/5.4.1/bin/../lib/gcc/arm-none-eabi/5.4.1/armv7-m/crtend.o
                [!provide]                PROVIDE (__exidx_start, .)

.ARM.exidx      0x0000da44        0x8
 *(.ARM.exidx* .gnu.linkonce.armexidx.*)
 .ARM.exidx     0x0000da44        0x8 c:/program files (x86)/cypress/psoc creator/4.4/psoc creator/import/gnu/arm/5.4.1/bin/../lib/gcc/arm-none-eabi/5.4.1/armv7-m\libgcc.a(_udivmoddi4.o)
                0x0000da4c                __exidx_end = .

.rodata         0x0000da4c      0xec4
 *(.rodata .rodata.* .gnu.linkonce.r.*)
 .rodata        0x0000da4c      0x240 C:\Users\elias\AppData\Local\Temp\cc9u0f8E.ltrans0.ltrans.o
 .rodata.str1.4
                0x0000dc8c       0x13 C:\Users\elias\AppData\Local\Temp\cc9u0f8E.ltrans1.ltrans.o
 *fill*         0x0000dc9f        0x1 
 .rodata.str1.4
                0x0000dca0        0xf C:\Users\elias\AppData\Local\Temp\cc9u0f8E.ltrans3.ltrans.o
 *fill*         0x0000dcaf        0x1 
 .rodata        0x0000dcb0      0x2a0 C:\Users\elias\AppData\Local\Temp\cc9u0f8E.ltrans4.ltrans.o
                0x0000dcb0                g_cal_pi_cfg.lto_priv.156
                0x0000dd40                CSWTCH.35.lto_priv.158
                0x0000dd50                Filter_data_b
                0x0000dd50                g_fir_adquisition_coeffs_q23
 .rodata        0x0000df50      0x180 C:\Users\elias\AppData\Local\Temp\cc9u0f8E.ltrans5.ltrans.o
 .rodata.str1.4
                0x0000e0d0       0x13 C:\Users\elias\AppData\Local\Temp\cc9u0f8E.ltrans5.ltrans.o
 *fill*         0x0000e0e3        0x1 
 .rodata        0x0000e0e4      0x225 C:\Users\elias\AppData\Local\Temp\cc9u0f8E.ltrans7.ltrans.o
                0x0000e0e4                Filter_data_a
                0x0000e2f9                cydelay_freq_mhz
                0x0000e2fc                LfnOfs.lto_priv.133
 *fill*         0x0000e309        0x3 
 .rodata        0x0000e30c      0x2ae C:\Users\elias\AppData\Local\Temp\cc9u0f8E.ltrans8.ltrans.o
 *fill*         0x0000e5ba        0x2 
 .rodata.str1.4
                0x0000e5bc       0x15 C:\Users\elias\AppData\Local\Temp\cc9u0f8E.ltrans8.ltrans.o
 *fill*         0x0000e5d1        0x3 
 .rodata        0x0000e5d4      0x200 C:\Users\elias\AppData\Local\Temp\cc9u0f8E.ltrans9.ltrans.o
 .rodata.str1.4
                0x0000e7d4        0x3 C:\Users\elias\AppData\Local\Temp\cc9u0f8E.ltrans9.ltrans.o
 .rodata        0x0000e7d4       0x60 C:\Users\elias\AppData\Local\Temp\cc9u0f8E.ltrans11.ltrans.o
                0x0000e82c                cydelay_freq_khz
                0x0000e830                cydelay_32k_ms
 .rodata        0x0000e834       0x84 C:\Users\elias\AppData\Local\Temp\cc9u0f8E.ltrans14.ltrans.o
                0x0000e834                g_ping_frame.lto_priv.184
                0x0000e838                g_psoc_cal_stages.lto_priv.142
                0x0000e888                AMux_ADC__innerMask.lto_priv.124
                0x0000e88c                AMux_ADC__innerAddr.lto_priv.123
                0x0000e894                AMux_ADC__innerMap.lto_priv.121
                0x0000e89c                AMux_ADC__outerMask.lto_priv.120
                0x0000e8a4                AMux_ADC__outerAddr.lto_priv.119
 .rodata.str1.4
                0x0000e8b8       0x20 C:\Users\elias\AppData\Local\Temp\cc9u0f8E.ltrans14.ltrans.o
                                 0x1f (size before relaxing)
 .rodata.str1.1
                0x0000e8d8        0x2 c:/program files (x86)/cypress/psoc creator/4.4/psoc creator/import/gnu/arm/5.4.1/bin/../lib/gcc/arm-none-eabi/5.4.1/../../../../arm-none-eabi/lib/armv7-m\libg_nano.a(lib_a-impure.o)
                0x0000e8dc                . = ALIGN (0x4)
 *fill*         0x0000e8da        0x2 
 *(.init)
 .init          0x0000e8dc        0x4 c:/program files (x86)/cypress/psoc creator/4.4/psoc creator/import/gnu/arm/5.4.1/bin/../lib/gcc/arm-none-eabi/5.4.1/armv7-m/crti.o
                0x0000e8dc                _init
 .init          0x0000e8e0        0x8 c:/program files (x86)/cypress/psoc creator/4.4/psoc creator/import/gnu/arm/5.4.1/bin/../lib/gcc/arm-none-eabi/5.4.1/armv7-m/crtn.o
                0x0000e8e8                . = ALIGN (0x4)
                0x0000e8e8                __preinit_array_start = .
 *(.preinit_array)
                0x0000e8e8                __preinit_array_end = .
                0x0000e8e8                . = ALIGN (0x4)
                0x0000e8e8                __init_array_start = .
 *(SORT(.init_array.*))
 *(.init_array)
 .init_array    0x0000e8e8        0x4 c:/program files (x86)/cypress/psoc creator/4.4/psoc creator/import/gnu/arm/5.4.1/bin/../lib/gcc/arm-none-eabi/5.4.1/armv7-m/crtbegin.o
 .init_array    0x0000e8ec        0x4 C:\Users\elias\AppData\Local\Temp\cc9u0f8E.ltrans11.ltrans.o
                0x0000e8f0                __init_array_end = .
                0x0000e8f0                . = ALIGN (0x4)
 *(.fini)
 .fini          0x0000e8f0        0x4 c:/program files (x86)/cypress/psoc creator/4.4/psoc creator/import/gnu/arm/5.4.1/bin/../lib/gcc/arm-none-eabi/5.4.1/armv7-m/crti.o
                0x0000e8f0                _fini
 .fini          0x0000e8f4        0x8 c:/program files (x86)/cypress/psoc creator/4.4/psoc creator/import/gnu/arm/5.4.1/bin/../lib/gcc/arm-none-eabi/5.4.1/armv7-m/crtn.o
                0x0000e8fc                . = ALIGN (0x4)
                0x0000e8fc                __fini_array_start = .
 *(.fini_array)
 .fini_array    0x0000e8fc        0x4 c:/program files (x86)/cypress/psoc creator/4.4/psoc creator/import/gnu/arm/5.4.1/bin/../lib/gcc/arm-none-eabi/5.4.1/armv7-m/crtbegin.o
 *(SORT(.fini_array.*))
                0x0000e900                __fini_array_end = .
                0x0000e900                . = ALIGN (0x4)
 *crtbegin.o(.ctors)
 *(EXCLUDE_FILE(*crtend.o) .ctors)
 *(SORT(.ctors.*))
 *crtend.o(.ctors)
                0x0000e900                . = ALIGN (0x4)
 *crtbegin.o(.dtors)
 *(EXCLUDE_FILE(*crtend.o) .dtors)
 *(SORT(.dtors.*))
 *crtend.o(.dtors)
                0x0000e900                . = ALIGN (0x4)
                0x0000e900                __cy_regions = .
                0x0000e900        0x4 LONG 0xe910 __cy_region_init_ram
                0x0000e904        0x4 LONG 0x1fff80c0 __cy_region_start_data
                0x0000e908        0x4 LONG 0x98 __cy_region_init_size_ram
                0x0000e90c        0x4 LONG 0xc118 __cy_region_zero_size_ram
                0x0000e910                __cy_regions_end = .
                0x0000e910                . = ALIGN (0x8)
                0x0000e910                _etext = .

.cy_checksum_exclude
                0x0000e910        0x0
 *(.cy_checksum_exclude)

.ramvectors     0x1fff8000       0xc0
                0x1fff8000                __cy_region_start_ram = .
 *(.ramvectors)
 .ramvectors    0x1fff8000       0xc0 C:\Users\elias\AppData\Local\Temp\cc9u0f8E.ltrans11.ltrans.o
                0x1fff8000                CyRamVectors

.noinit
 *(.noinit)

.data           0x1fff80c0       0x98 load address 0x0000e910
                0x1fff80c0                __cy_region_start_data = .
 *(.jcr)
 .jcr           0x1fff80c0        0x0 c:/program files (x86)/cypress/psoc creator/4.4/psoc creator/import/gnu/arm/5.4.1/bin/../lib/gcc/arm-none-eabi/5.4.1/armv7-m/crtbegin.o
 .jcr           0x1fff80c0        0x4 c:/program files (x86)/cypress/psoc creator/4.4/psoc creator/import/gnu/arm/5.4.1/bin/../lib/gcc/arm-none-eabi/5.4.1/armv7-m/crtend.o
 *(.got.plt)
 *(.got)
 *(.shdata)
 *(.data .data.* .gnu.linkonce.d.*)
 .data          0x1fff80c4        0x3 C:\Users\elias\AppData\Local\Temp\cc9u0f8E.ltrans0.ltrans.o
 *fill*         0x1fff80c7        0x1 
 .data          0x1fff80c8        0x8 C:\Users\elias\AppData\Local\Temp\cc9u0f8E.ltrans1.ltrans.o
                0x1fff80c8                g_psoc_adc_decimation.lto_priv.268
                0x1fff80cc                g_sd_dump_blk_cached.lto_priv.267
 .data          0x1fff80d0        0xd C:\Users\elias\AppData\Local\Temp\cc9u0f8E.ltrans2.ltrans.o
                0x1fff80d0                g_sm_sample_handler.lto_priv.232
                0x1fff80d4                g_capture_align.lto_priv.246
                0x1fff80d5                g_capture_adc_raw.lto_priv.235
                0x1fff80d6                g_ce_cfg_level.lto_priv.238
                0x1fff80d8                g_sm_capture_handler.lto_priv.248
                0x1fff80dc                g_capture_decim_factor.lto_priv.247
 .data          0x1fff80dd        0x1 C:\Users\elias\AppData\Local\Temp\cc9u0f8E.ltrans4.ltrans.o
                0x1fff80dd                g_amux_active_channel.lto_priv.153
 .data          0x1fff80de        0x1 C:\Users\elias\AppData\Local\Temp\cc9u0f8E.ltrans7.ltrans.o
                0x1fff80de                g_disk_status.lto_priv.127
 *fill*         0x1fff80df        0x1 
 .data          0x1fff80e0        0xc C:\Users\elias\AppData\Local\Temp\cc9u0f8E.ltrans9.ltrans.o
                0x1fff80e0                g_ce_status.lto_priv.241
                0x1fff80e1                g_psoc_adc_config.lto_priv.243
                0x1fff80e4                g_capture_wr.lto_priv.198
                0x1fff80e8                g_capture_end.lto_priv.263
 .data          0x1fff80ec        0x3 C:\Users\elias\AppData\Local\Temp\cc9u0f8E.ltrans11.ltrans.o
                0x1fff80ec                ADC_Config
 *fill*         0x1fff80ef        0x1 
 .data.impure_data
                0x1fff80f0       0x60 c:/program files (x86)/cypress/psoc creator/4.4/psoc creator/import/gnu/arm/5.4.1/bin/../lib/gcc/arm-none-eabi/5.4.1/../../../../arm-none-eabi/lib/armv7-m\libg_nano.a(lib_a-impure.o)
 .data._impure_ptr
                0x1fff8150        0x4 c:/program files (x86)/cypress/psoc creator/4.4/psoc creator/import/gnu/arm/5.4.1/bin/../lib/gcc/arm-none-eabi/5.4.1/../../../../arm-none-eabi/lib/armv7-m\libg_nano.a(lib_a-impure.o)
                0x1fff8150                _impure_ptr
                0x1fff8158                . = ALIGN (0x8)
 *fill*         0x1fff8154        0x4 
 *(.ram)
                0x1fff8158                _edata = .

.igot.plt       0x1fff8158        0x0 load address 0x0000e9a8
 .igot.plt      0x1fff8158        0x0 c:/program files (x86)/cypress/psoc creator/4.4/psoc creator/import/gnu/arm/5.4.1/bin/../lib/gcc/arm-none-eabi/5.4.1/armv7-m/crtbegin.o

.bss            0x1fff8158     0xc118 load address 0x0000e9a8
                0x1fff8158                PROVIDE (__bss_start__, .)
 *(.shbss)
 *(.bss .bss.* .gnu.linkonce.b.*)
 .bss           0x1fff8158       0x1c c:/program files (x86)/cypress/psoc creator/4.4/psoc creator/import/gnu/arm/5.4.1/bin/../lib/gcc/arm-none-eabi/5.4.1/armv7-m/crtbegin.o
 .bss           0x1fff8174       0x23 C:\Users\elias\AppData\Local\Temp\cc9u0f8E.ltrans0.ltrans.o
                0x1fff8184                g_dma_raw_buf.lto_priv.271
                0x1fff8188                g_dma_filt_buf.lto_priv.269
                0x1fff818b                g_timer_event_pending.lto_priv.215
                0x1fff818c                g_sd_session_ready.lto_priv.205
                0x1fff818d                Tmr_UartRxWatchdog_initVar
                0x1fff818e                Tmr_PingCalTick_initVar
                0x1fff818f                Tmr_LedWait_initVar
                0x1fff8190                Tmr_CaptureWatchdog_initVar
                0x1fff8191                g_boot_led_off_due.lto_priv.213
                0x1fff8192                g_cal_button_pressed.lto_priv.257
                0x1fff8193                g_esp_connected.lto_priv.228
                0x1fff8194                g_timer2_wait_done.lto_priv.214
                0x1fff8195                g_sd_cap_en.lto_priv.234
                0x1fff8196                g_pgavdac_code.lto_priv.229
 *fill*         0x1fff8197        0x1 
 .bss           0x1fff8198       0x10 C:\Users\elias\AppData\Local\Temp\cc9u0f8E.ltrans1.ltrans.o
                0x1fff819c                g_n_batches.lto_priv.259
                0x1fff81a0                g_sd_target_samples.lto_priv.258
                0x1fff81a4                g_fir_discard.lto_priv.261
                0x1fff81a6                g_sd_session_batches.lto_priv.274
 .bss           0x1fff81a8       0x1a C:\Users\elias\AppData\Local\Temp\cc9u0f8E.ltrans2.ltrans.o
                0x1fff81a9                rx_state.lto_priv.227
                0x1fff81aa                watchdog_rx.lto_priv.250
                0x1fff81ac                g_timer3_remaining_counts.lto_priv.245
                0x1fff81b0                g_psoc_adc_isr_filtered_ready.lto_priv.244
                0x1fff81b4                g_psoc_adc_isr_filtered_counts.lto_priv.270
                0x1fff81b8                g_capture_wd_due.lto_priv.231
                0x1fff81b9                g_stream_mode.lto_priv.233
                0x1fff81ba                g_debug_psoc.lto_priv.230
                0x1fff81bc                g_sd_drop_samples.lto_priv.265
                0x1fff81c0                g_seq.lto_priv.260
 *fill*         0x1fff81c2        0x2 
 .bss           0x1fff81c4      0x254 C:\Users\elias\AppData\Local\Temp\cc9u0f8E.ltrans4.ltrans.o
                0x1fff81c4                g_sd_selftest_ok.lto_priv.237
                0x1fff83cc                g_psoc_hw_pga_code.lto_priv.157
                0x1fff83cd                g_cal_timer_active.lto_priv.163
                0x1fff83ce                g_cal_progress_due.lto_priv.159
                0x1fff83cf                g_cal_watchdog_due.lto_priv.160
                0x1fff83d0                g_cal_progress_period_ms.lto_priv.161
                0x1fff83d4                g_cal_watchdog_remaining_ms.lto_priv.162
                0x1fff83d8                g_amux_cap_connected.lto_priv.154
                0x1fff83dc                g_cal_async.lto_priv.150
                0x1fff83e4                g_cal_diag_hook.lto_priv.152
                0x1fff83e8                g_cal_pi.lto_priv.151
 .bss           0x1fff8418      0x468 C:\Users\elias\AppData\Local\Temp\cc9u0f8E.ltrans5.ltrans.o
                0x1fff8418                FatFs.lto_priv.165
 .bss           0x1fff8880        0xd C:\Users\elias\AppData\Local\Temp\cc9u0f8E.ltrans6.ltrans.o
                0x1fff8880                g_dbg_cnt.lto_priv.273
                0x1fff8884                g_decim_acc.lto_priv.272
 *fill*         0x1fff888d        0x3 
 .bss           0x1fff8890      0x20e C:\Users\elias\AppData\Local\Temp\cc9u0f8E.ltrans7.ltrans.o
                0x1fff8890                g_sd_type.lto_priv.126
                0x1fff8894                g_sd_blk.lto_priv.164
                0x1fff8a9c                dieTemperature
 *fill*         0x1fff8a9e        0x2 
 .bss           0x1fff8aa0     0xb6c7 C:\Users\elias\AppData\Local\Temp\cc9u0f8E.ltrans9.ltrans.o
                0x1fff8aa0                g_batches_sent.lto_priv.175
                0x1fff8aa2                g_batches_captured.lto_priv.176
                0x1fff8aa4                g_capture_done.lto_priv.194
                0x1fff8aa5                g_chain_active.lto_priv.202
                0x1fff8aa6                g_total_target.lto_priv.200
                0x1fff8aa8                g_total_sent.lto_priv.201
                0x1fff8aaa                g_last_calibration_ok.lto_priv.191
                0x1fff8aab                g_idle_ping_due.lto_priv.173
                0x1fff8aac                g_idle_ping_armed.lto_priv.174
                0x1fff8aad                g_timer2_mode.lto_priv.180
                0x1fff8ab0                g_timer2_remaining_counts.lto_priv.181
                0x1fff8ab4                g_comm_led_active.lto_priv.177
                0x1fff8ab5                g_comm_blink_due.lto_priv.178
                0x1fff8ab6                g_comm_blinks_remaining.lto_priv.179
                0x1fff8ab8                g_ce_ctrl_level.lto_priv.171
                0x1fff8ab9                g_ce_error.lto_priv.193
                0x1fff8aba                g_ce_state.lto_priv.242
                0x1fff8abb                g_psoc_adc_cal_force_2v5.lto_priv.212
                0x1fff8abc                g_boot_ping_due.lto_priv.185
                0x1fff8abd                g_cal_ack_pending.lto_priv.192
                0x1fff8ac0                g_sd_file.lto_priv.236
                0x1fff8b10                g_sd_file_open.lto_priv.197
                0x1fff8b14                g_sd_ring_samples.lto_priv.211
                0x1fff8b18                g_sd_ring_drained.lto_priv.264
                0x1fff8b1c                g_sd_blk_fill.lto_priv.266
                0x1fff8b20                g_capture_raw.lto_priv.199
                0x20003f20                g_sd_err_flags.lto_priv.203
                0x20003f21                g_sd_write_failed.lto_priv.196
                0x20003f24                g_sd_blocks_written.lto_priv.204
                0x20004164                g_sd_fs_mounted.lto_priv.172
                0x20004165                g_sd_cap_active.lto_priv.195
                0x20004166                g_decim_n.lto_priv.262
 *fill*         0x20004167        0x1 
 .bss           0x20004168       0x40 C:\Users\elias\AppData\Local\Temp\cc9u0f8E.ltrans11.ltrans.o
                0x20004168                UART_errorStatus
                0x20004169                UART_rxBufferWrite
                0x2000416c                UART_rxBuffer
                0x2000418c                UART_rxBufferLoopDetect
                0x2000418e                UART_rxBufferRead
                0x2000418f                ADC_stopConversion
                0x20004194                ADC_initVar
                0x20004195                ADC_started
                0x20004196                ADC_convDone
                0x20004198                ADC_gcor.lto_priv.149
 .bss           0x200041a8       0xc6 C:\Users\elias\AppData\Local\Temp\cc9u0f8E.ltrans14.ltrans.o
                0x200041a8                g_timer1_mode.lto_priv.143
                0x200041ac                g_timer1_remaining_counts.lto_priv.145
                0x200041b0                UART_initVar
                0x200041b1                UART_txBufferWrite
                0x200041b2                UART_txBufferRead
                0x200041b4                UART_txBuffer
                0x20004234                g_state.lto_priv.146
                0x20004235                g_nv_ready.lto_priv.169
                0x20004236                g_pga_code.lto_priv.170
                0x20004238                g_psoc_cal_results
                0x20004268                g_psoc_cal_result_count
                0x20004269                AMux_ADC__armsEnabled.lto_priv.118
                0x2000426c                AMux_ADC__refCnt.lto_priv.122
 *(COMMON)
                0x20004270                . = ALIGN (0x8)
 *fill*         0x2000426e        0x2 
 *(.ram.b)
                0x20004270                _end = .
                0x20004270                __end = .
                0x20004270                PROVIDE (end, .)
                0x20004270                PROVIDE (__bss_end__, .)
                0x0000e910                __cy_region_init_ram = LOADADDR (.data)
                0x00000098                __cy_region_init_size_ram = (_edata - ADDR (.data))
                0x0000c118                __cy_region_zero_size_ram = (_end - _edata)

.heap           0x20004270       0x80 load address 0x0000e9a8
                0x20004270                . = _end
                0x200042f0                . = (. + 0x80)
 *fill*         0x20004270       0x80 
                0x200042f0                __cy_heap_limit = .

.stack          0x20007800      0x800
                0x20007800                __cy_stack_limit = .
                0x20008000                . = (. + 0x800)
 *fill*         0x20007800      0x800 
                0x00000001                ASSERT ((__cy_stack_limit >= __cy_heap_limit), region RAM overflowed with stack)
                0x00000000                cy_checksum_exclude_size = (CY_APPL_LOADABLE == 0x1)?SIZEOF (.cy_checksum_exclude):0x0
                0x00000001                ASSERT ((cy_checksum_exclude_size <= CY_CHECKSUM_EXCLUDE_SIZE), CY_BOOT: Section .cy_checksum_exclude size exceedes specified limit.)

.cyloadermeta
 *(.cyloadermeta)

.cyloadablemeta
 *(.cyloadablemeta)

.cyconfigecc    0x80000000     0x1300
 *(.cyconfigecc)
 .cyconfigecc   0x80000000     0x1300 C:\Users\elias\AppData\Local\Temp\cc9u0f8E.ltrans3.ltrans.o
                0x80000000                cy_meta_configecc

.cycustnvl      0x90000000        0x4
 *(.cycustnvl)
 .cycustnvl     0x90000000        0x4 C:\Users\elias\AppData\Local\Temp\cc9u0f8E.ltrans3.ltrans.o
                0x90000000                cy_meta_custnvl

.cywolatch      0x90100000        0x4
 *(.cywolatch)
 .cywolatch     0x90100000        0x4 C:\Users\elias\AppData\Local\Temp\cc9u0f8E.ltrans3.ltrans.o
                0x90100000                cy_meta_wonvl

.cyeeprom       0x90200000        0x0
 *(.cyeeprom)
                0x00000001                ASSERT ((. <= ((0x90200000 + ee_offset) + ee_size)), .cyeeprom data will not fit in EEPROM)

.cyflashprotect
                0x90400000      0x100
 *(.cyflashprotect)
 .cyflashprotect
                0x90400000      0x100 C:\Users\elias\AppData\Local\Temp\cc9u0f8E.ltrans3.ltrans.o
                0x90400000                cy_meta_flashprotect

.cymeta         0x90500000        0xc
 *(.cymeta)
 .cymeta        0x90500000        0xc C:\Users\elias\AppData\Local\Temp\cc9u0f8E.ltrans3.ltrans.o
                0x90500000                cy_metadata

.rel.dyn        0x0000e9a8        0x0 load address 0x9050000c
 .rel.iplt      0x0000e9a8        0x0 c:/program files (x86)/cypress/psoc creator/4.4/psoc creator/import/gnu/arm/5.4.1/bin/../lib/gcc/arm-none-eabi/5.4.1/armv7-m/crtbegin.o

.stab
 *(.stab)

.stabstr
 *(.stabstr)

.debug
 *(.debug)

.line
 *(.line)

.debug_srcinfo
 *(.debug_srcinfo)

.debug_sfnames
 *(.debug_sfnames)

.debug_aranges  0x00000000      0x550
 *(.debug_aranges)
 .debug_aranges
                0x00000000       0x20 C:\Users\elias\AppData\Local\Temp\cc9u0f8E.ltrans0.ltrans.o
 .debug_aranges
                0x00000020       0x20 C:\Users\elias\AppData\Local\Temp\cc9u0f8E.ltrans1.ltrans.o
 .debug_aranges
                0x00000040       0x20 C:\Users\elias\AppData\Local\Temp\cc9u0f8E.ltrans2.ltrans.o
 .debug_aranges
                0x00000060       0xa0 C:\Users\elias\AppData\Local\Temp\cc9u0f8E.ltrans3.ltrans.o
 .debug_aranges
                0x00000100       0x70 C:\Users\elias\AppData\Local\Temp\cc9u0f8E.ltrans4.ltrans.o
 .debug_aranges
                0x00000170       0x38 C:\Users\elias\AppData\Local\Temp\cc9u0f8E.ltrans5.ltrans.o
 .debug_aranges
                0x000001a8       0x80 C:\Users\elias\AppData\Local\Temp\cc9u0f8E.ltrans6.ltrans.o
 .debug_aranges
                0x00000228       0xb8 C:\Users\elias\AppData\Local\Temp\cc9u0f8E.ltrans7.ltrans.o
 .debug_aranges
                0x000002e0       0x60 C:\Users\elias\AppData\Local\Temp\cc9u0f8E.ltrans8.ltrans.o
 .debug_aranges
                0x00000340       0x58 C:\Users\elias\AppData\Local\Temp\cc9u0f8E.ltrans9.ltrans.o
 .debug_aranges
                0x00000398       0x68 C:\Users\elias\AppData\Local\Temp\cc9u0f8E.ltrans10.ltrans.o
 .debug_aranges
                0x00000400       0x80 C:\Users\elias\AppData\Local\Temp\cc9u0f8E.ltrans11.ltrans.o
 .debug_aranges
                0x00000480       0x28 C:\Users\elias\AppData\Local\Temp\cc9u0f8E.ltrans12.ltrans.o
 .debug_aranges
                0x000004a8       0x20 C:\Users\elias\AppData\Local\Temp\cc9u0f8E.ltrans13.ltrans.o
 .debug_aranges
                0x000004c8       0x68 C:\Users\elias\AppData\Local\Temp\cc9u0f8E.ltrans14.ltrans.o
 .debug_aranges
                0x00000530       0x20 .\CortexM3\ARM_GCC_541\Debug\AcondicionamientoAnalogico.a(CyBootAsmGnu.o)

.debug_pubnames
 *(.debug_pubnames)

.debug_info     0x00000000    0x1b8a9
 *(.debug_info .gnu.linkonce.wi.*)
 .debug_info    0x00000000     0x3912 C:\Users\elias\AppData\Local\Temp\cc9u0f8E.ltrans0.ltrans.o
 .debug_info    0x00003912     0x37ef C:\Users\elias\AppData\Local\Temp\cc9u0f8E.ltrans1.ltrans.o
 .debug_info    0x00007101     0x264a C:\Users\elias\AppData\Local\Temp\cc9u0f8E.ltrans2.ltrans.o
 .debug_info    0x0000974b     0x222e C:\Users\elias\AppData\Local\Temp\cc9u0f8E.ltrans3.ltrans.o
 .debug_info    0x0000b979     0x1f7d C:\Users\elias\AppData\Local\Temp\cc9u0f8E.ltrans4.ltrans.o
 .debug_info    0x0000d8f6     0x1956 C:\Users\elias\AppData\Local\Temp\cc9u0f8E.ltrans5.ltrans.o
 .debug_info    0x0000f24c     0x17f3 C:\Users\elias\AppData\Local\Temp\cc9u0f8E.ltrans6.ltrans.o
 .debug_info    0x00010a3f     0x1983 C:\Users\elias\AppData\Local\Temp\cc9u0f8E.ltrans7.ltrans.o
 .debug_info    0x000123c2     0x1943 C:\Users\elias\AppData\Local\Temp\cc9u0f8E.ltrans8.ltrans.o
 .debug_info    0x00013d05     0x2026 C:\Users\elias\AppData\Local\Temp\cc9u0f8E.ltrans9.ltrans.o
 .debug_info    0x00015d2b     0x16ca C:\Users\elias\AppData\Local\Temp\cc9u0f8E.ltrans10.ltrans.o
 .debug_info    0x000173f5      0xf58 C:\Users\elias\AppData\Local\Temp\cc9u0f8E.ltrans11.ltrans.o
 .debug_info    0x0001834d     0x1222 C:\Users\elias\AppData\Local\Temp\cc9u0f8E.ltrans12.ltrans.o
 .debug_info    0x0001956f     0x10d2 C:\Users\elias\AppData\Local\Temp\cc9u0f8E.ltrans13.ltrans.o
 .debug_info    0x0001a641     0x11e0 C:\Users\elias\AppData\Local\Temp\cc9u0f8E.ltrans14.ltrans.o
 .debug_info    0x0001b821       0x88 .\CortexM3\ARM_GCC_541\Debug\AcondicionamientoAnalogico.a(CyBootAsmGnu.o)

.debug_abbrev   0x00000000     0x3c40
 *(.debug_abbrev)
 .debug_abbrev  0x00000000      0x3ea C:\Users\elias\AppData\Local\Temp\cc9u0f8E.ltrans0.ltrans.o
 .debug_abbrev  0x000003ea      0x41e C:\Users\elias\AppData\Local\Temp\cc9u0f8E.ltrans1.ltrans.o
 .debug_abbrev  0x00000808      0x3d4 C:\Users\elias\AppData\Local\Temp\cc9u0f8E.ltrans2.ltrans.o
 .debug_abbrev  0x00000bdc      0x497 C:\Users\elias\AppData\Local\Temp\cc9u0f8E.ltrans3.ltrans.o
 .debug_abbrev  0x00001073      0x54f C:\Users\elias\AppData\Local\Temp\cc9u0f8E.ltrans4.ltrans.o
 .debug_abbrev  0x000015c2      0x2c7 C:\Users\elias\AppData\Local\Temp\cc9u0f8E.ltrans5.ltrans.o
 .debug_abbrev  0x00001889      0x429 C:\Users\elias\AppData\Local\Temp\cc9u0f8E.ltrans6.ltrans.o
 .debug_abbrev  0x00001cb2      0x4bd C:\Users\elias\AppData\Local\Temp\cc9u0f8E.ltrans7.ltrans.o
 .debug_abbrev  0x0000216f      0x3fc C:\Users\elias\AppData\Local\Temp\cc9u0f8E.ltrans8.ltrans.o
 .debug_abbrev  0x0000256b      0x49d C:\Users\elias\AppData\Local\Temp\cc9u0f8E.ltrans9.ltrans.o
 .debug_abbrev  0x00002a08      0x3e9 C:\Users\elias\AppData\Local\Temp\cc9u0f8E.ltrans10.ltrans.o
 .debug_abbrev  0x00002df1      0x47e C:\Users\elias\AppData\Local\Temp\cc9u0f8E.ltrans11.ltrans.o
 .debug_abbrev  0x0000326f      0x2e4 C:\Users\elias\AppData\Local\Temp\cc9u0f8E.ltrans12.ltrans.o
 .debug_abbrev  0x00003553      0x34d C:\Users\elias\AppData\Local\Temp\cc9u0f8E.ltrans13.ltrans.o
 .debug_abbrev  0x000038a0      0x38c C:\Users\elias\AppData\Local\Temp\cc9u0f8E.ltrans14.ltrans.o
 .debug_abbrev  0x00003c2c       0x14 .\CortexM3\ARM_GCC_541\Debug\AcondicionamientoAnalogico.a(CyBootAsmGnu.o)

.debug_line     0x00000000     0x82f5
 *(.debug_line)
 .debug_line    0x00000000     0x13ed C:\Users\elias\AppData\Local\Temp\cc9u0f8E.ltrans0.ltrans.o
 .debug_line    0x000013ed      0xea8 C:\Users\elias\AppData\Local\Temp\cc9u0f8E.ltrans1.ltrans.o
 .debug_line    0x00002295      0xa74 C:\Users\elias\AppData\Local\Temp\cc9u0f8E.ltrans2.ltrans.o
 .debug_line    0x00002d09      0xb10 C:\Users\elias\AppData\Local\Temp\cc9u0f8E.ltrans3.ltrans.o
 .debug_line    0x00003819      0x6c6 C:\Users\elias\AppData\Local\Temp\cc9u0f8E.ltrans4.ltrans.o
 .debug_line    0x00003edf      0x648 C:\Users\elias\AppData\Local\Temp\cc9u0f8E.ltrans5.ltrans.o
 .debug_line    0x00004527      0x8f9 C:\Users\elias\AppData\Local\Temp\cc9u0f8E.ltrans6.ltrans.o
 .debug_line    0x00004e20      0x8aa C:\Users\elias\AppData\Local\Temp\cc9u0f8E.ltrans7.ltrans.o
 .debug_line    0x000056ca      0x72b C:\Users\elias\AppData\Local\Temp\cc9u0f8E.ltrans8.ltrans.o
 .debug_line    0x00005df5      0x7ff C:\Users\elias\AppData\Local\Temp\cc9u0f8E.ltrans9.ltrans.o
 .debug_line    0x000065f4      0x56f C:\Users\elias\AppData\Local\Temp\cc9u0f8E.ltrans10.ltrans.o
 .debug_line    0x00006b63      0x731 C:\Users\elias\AppData\Local\Temp\cc9u0f8E.ltrans11.ltrans.o
 .debug_line    0x00007294      0x605 C:\Users\elias\AppData\Local\Temp\cc9u0f8E.ltrans12.ltrans.o
 .debug_line    0x00007899      0x42d C:\Users\elias\AppData\Local\Temp\cc9u0f8E.ltrans13.ltrans.o
 .debug_line    0x00007cc6      0x5c9 C:\Users\elias\AppData\Local\Temp\cc9u0f8E.ltrans14.ltrans.o
 .debug_line    0x0000828f       0x66 .\CortexM3\ARM_GCC_541\Debug\AcondicionamientoAnalogico.a(CyBootAsmGnu.o)

.debug_frame    0x00000000     0x13c0
 *(.debug_frame)
 .debug_frame   0x00000000       0x2c C:\Users\elias\AppData\Local\Temp\cc9u0f8E.ltrans0.ltrans.o
 .debug_frame   0x0000002c       0x44 C:\Users\elias\AppData\Local\Temp\cc9u0f8E.ltrans1.ltrans.o
 .debug_frame   0x00000070       0x48 C:\Users\elias\AppData\Local\Temp\cc9u0f8E.ltrans2.ltrans.o
 .debug_frame   0x000000b8      0x268 C:\Users\elias\AppData\Local\Temp\cc9u0f8E.ltrans3.ltrans.o
 .debug_frame   0x00000320      0x170 C:\Users\elias\AppData\Local\Temp\cc9u0f8E.ltrans4.ltrans.o
 .debug_frame   0x00000490       0xe8 C:\Users\elias\AppData\Local\Temp\cc9u0f8E.ltrans5.ltrans.o
 .debug_frame   0x00000578      0x1ac C:\Users\elias\AppData\Local\Temp\cc9u0f8E.ltrans6.ltrans.o
 .debug_frame   0x00000724      0x2b4 C:\Users\elias\AppData\Local\Temp\cc9u0f8E.ltrans7.ltrans.o
 .debug_frame   0x000009d8      0x16c C:\Users\elias\AppData\Local\Temp\cc9u0f8E.ltrans8.ltrans.o
 .debug_frame   0x00000b44      0x130 C:\Users\elias\AppData\Local\Temp\cc9u0f8E.ltrans9.ltrans.o
 .debug_frame   0x00000c74      0x18c C:\Users\elias\AppData\Local\Temp\cc9u0f8E.ltrans10.ltrans.o
 .debug_frame   0x00000e00      0x1a8 C:\Users\elias\AppData\Local\Temp\cc9u0f8E.ltrans11.ltrans.o
 .debug_frame   0x00000fa8       0x74 C:\Users\elias\AppData\Local\Temp\cc9u0f8E.ltrans12.ltrans.o
 .debug_frame   0x0000101c       0x40 C:\Users\elias\AppData\Local\Temp\cc9u0f8E.ltrans13.ltrans.o
 .debug_frame   0x0000105c      0x198 C:\Users\elias\AppData\Local\Temp\cc9u0f8E.ltrans14.ltrans.o
 .debug_frame   0x000011f4       0x20 c:/program files (x86)/cypress/psoc creator/4.4/psoc creator/import/gnu/arm/5.4.1/bin/../lib/gcc/arm-none-eabi/5.4.1/../../../../arm-none-eabi/lib/armv7-m\libg_nano.a(lib_a-errno.o)
 .debug_frame   0x00001214       0x28 c:/program files (x86)/cypress/psoc creator/4.4/psoc creator/import/gnu/arm/5.4.1/bin/../lib/gcc/arm-none-eabi/5.4.1/../../../../arm-none-eabi/lib/armv7-m\libg_nano.a(lib_a-exit.o)
 .debug_frame   0x0000123c       0x2c c:/program files (x86)/cypress/psoc creator/4.4/psoc creator/import/gnu/arm/5.4.1/bin/../lib/gcc/arm-none-eabi/5.4.1/../../../../arm-none-eabi/lib/armv7-m\libg_nano.a(lib_a-init.o)
 .debug_frame   0x00001268       0x20 c:/program files (x86)/cypress/psoc creator/4.4/psoc creator/import/gnu/arm/5.4.1/bin/../lib/gcc/arm-none-eabi/5.4.1/../../../../arm-none-eabi/lib/armv7-m\libg_nano.a(lib_a-memset.o)
 .debug_frame   0x00001288       0x20 c:/program files (x86)/cypress/psoc creator/4.4/psoc creator/import/gnu/arm/5.4.1/bin/../lib/gcc/arm-none-eabi/5.4.1/../../../../arm-none-eabi/lib/armv7-m\libnosys.a(_exit.o)
 .debug_frame   0x000012a8       0x44 c:/program files (x86)/cypress/psoc creator/4.4/psoc creator/import/gnu/arm/5.4.1/bin/../lib/gcc/arm-none-eabi/5.4.1/armv7-m\libgcc.a(_aeabi_ldivmod.o)
 .debug_frame   0x000012ec       0x2c c:/program files (x86)/cypress/psoc creator/4.4/psoc creator/import/gnu/arm/5.4.1/bin/../lib/gcc/arm-none-eabi/5.4.1/armv7-m\libgcc.a(_aeabi_uldivmod.o)
 .debug_frame   0x00001318       0x38 c:/program files (x86)/cypress/psoc creator/4.4/psoc creator/import/gnu/arm/5.4.1/bin/../lib/gcc/arm-none-eabi/5.4.1/armv7-m\libgcc.a(_udivmoddi4.o)
 .debug_frame   0x00001350       0x28 c:/program files (x86)/cypress/psoc creator/4.4/psoc creator/import/gnu/arm/5.4.1/bin/../lib/gcc/arm-none-eabi/5.4.1/../../../../arm-none-eabi/lib/armv7-m\libg_nano.a(lib_a-memcmp.o)
 .debug_frame   0x00001378       0x28 c:/program files (x86)/cypress/psoc creator/4.4/psoc creator/import/gnu/arm/5.4.1/bin/../lib/gcc/arm-none-eabi/5.4.1/../../../../arm-none-eabi/lib/armv7-m\libg_nano.a(lib_a-memcpy-stub.o)
 .debug_frame   0x000013a0       0x20 c:/program files (x86)/cypress/psoc creator/4.4/psoc creator/import/gnu/arm/5.4.1/bin/../lib/gcc/arm-none-eabi/5.4.1/../../../../arm-none-eabi/lib/armv7-m\libg_nano.a(lib_a-strchr.o)

.debug_str      0x00000000     0x5cbb
 *(.debug_str)
 .debug_str     0x00000000     0x15cf C:\Users\elias\AppData\Local\Temp\cc9u0f8E.ltrans0.ltrans.o
                               0x167d (size before relaxing)
 .debug_str     0x000015cf      0xc4c C:\Users\elias\AppData\Local\Temp\cc9u0f8E.ltrans1.ltrans.o
                               0x12f3 (size before relaxing)
 .debug_str     0x0000221b      0x925 C:\Users\elias\AppData\Local\Temp\cc9u0f8E.ltrans2.ltrans.o
                               0x1156 (size before relaxing)
 .debug_str     0x00002b40      0x5dd C:\Users\elias\AppData\Local\Temp\cc9u0f8E.ltrans3.ltrans.o
                               0x11ce (size before relaxing)
 .debug_str     0x0000311d      0x8a8 C:\Users\elias\AppData\Local\Temp\cc9u0f8E.ltrans4.ltrans.o
                                0xe99 (size before relaxing)
 .debug_str     0x000039c5      0x20e C:\Users\elias\AppData\Local\Temp\cc9u0f8E.ltrans5.ltrans.o
                                0x6a1 (size before relaxing)
 .debug_str     0x00003bd3      0x43a C:\Users\elias\AppData\Local\Temp\cc9u0f8E.ltrans6.ltrans.o
                                0xc74 (size before relaxing)
 .debug_str     0x0000400d      0x591 C:\Users\elias\AppData\Local\Temp\cc9u0f8E.ltrans7.ltrans.o
                                0xbda (size before relaxing)
 .debug_str     0x0000459e      0x1b0 C:\Users\elias\AppData\Local\Temp\cc9u0f8E.ltrans8.ltrans.o
                                0x7a8 (size before relaxing)
 .debug_str     0x0000474e      0x906 C:\Users\elias\AppData\Local\Temp\cc9u0f8E.ltrans9.ltrans.o
                               0x15a8 (size before relaxing)
 .debug_str     0x00005054      0x1c3 C:\Users\elias\AppData\Local\Temp\cc9u0f8E.ltrans10.ltrans.o
                                0x7ae (size before relaxing)
 .debug_str     0x00005217      0x3f9 C:\Users\elias\AppData\Local\Temp\cc9u0f8E.ltrans11.ltrans.o
                                0x6d9 (size before relaxing)
 .debug_str     0x00005610       0x66 C:\Users\elias\AppData\Local\Temp\cc9u0f8E.ltrans12.ltrans.o
                                0x597 (size before relaxing)
 .debug_str     0x00005676       0x13 C:\Users\elias\AppData\Local\Temp\cc9u0f8E.ltrans13.ltrans.o
                                0x600 (size before relaxing)
 .debug_str     0x00005689      0x632 C:\Users\elias\AppData\Local\Temp\cc9u0f8E.ltrans14.ltrans.o
                                0xba4 (size before relaxing)

.debug_loc      0x00000000    0x1303d
 *(.debug_loc)
 .debug_loc     0x00000000     0x1c2f C:\Users\elias\AppData\Local\Temp\cc9u0f8E.ltrans0.ltrans.o
 .debug_loc     0x00001c2f     0x1d8a C:\Users\elias\AppData\Local\Temp\cc9u0f8E.ltrans1.ltrans.o
 .debug_loc     0x000039b9     0x192c C:\Users\elias\AppData\Local\Temp\cc9u0f8E.ltrans2.ltrans.o
 .debug_loc     0x000052e5      0xf8b C:\Users\elias\AppData\Local\Temp\cc9u0f8E.ltrans3.ltrans.o
 .debug_loc     0x00006270     0x12e1 C:\Users\elias\AppData\Local\Temp\cc9u0f8E.ltrans4.ltrans.o
 .debug_loc     0x00007551     0x2222 C:\Users\elias\AppData\Local\Temp\cc9u0f8E.ltrans5.ltrans.o
 .debug_loc     0x00009773      0xa07 C:\Users\elias\AppData\Local\Temp\cc9u0f8E.ltrans6.ltrans.o
 .debug_loc     0x0000a17a     0x1a2a C:\Users\elias\AppData\Local\Temp\cc9u0f8E.ltrans7.ltrans.o
 .debug_loc     0x0000bba4     0x1678 C:\Users\elias\AppData\Local\Temp\cc9u0f8E.ltrans8.ltrans.o
 .debug_loc     0x0000d21c     0x10d1 C:\Users\elias\AppData\Local\Temp\cc9u0f8E.ltrans9.ltrans.o
 .debug_loc     0x0000e2ed     0x1609 C:\Users\elias\AppData\Local\Temp\cc9u0f8E.ltrans10.ltrans.o
 .debug_loc     0x0000f8f6      0xae3 C:\Users\elias\AppData\Local\Temp\cc9u0f8E.ltrans11.ltrans.o
 .debug_loc     0x000103d9     0x1d1c C:\Users\elias\AppData\Local\Temp\cc9u0f8E.ltrans12.ltrans.o
 .debug_loc     0x000120f5      0x8ca C:\Users\elias\AppData\Local\Temp\cc9u0f8E.ltrans13.ltrans.o
 .debug_loc     0x000129bf      0x67e C:\Users\elias\AppData\Local\Temp\cc9u0f8E.ltrans14.ltrans.o

.debug_macinfo
 *(.debug_macinfo)

.debug_ranges   0x00000000     0x7c40
 *(.debug_ranges)
 .debug_ranges  0x00000000     0x1c70 C:\Users\elias\AppData\Local\Temp\cc9u0f8E.ltrans0.ltrans.o
 .debug_ranges  0x00001c70     0x1020 C:\Users\elias\AppData\Local\Temp\cc9u0f8E.ltrans1.ltrans.o
 .debug_ranges  0x00002c90      0xee0 C:\Users\elias\AppData\Local\Temp\cc9u0f8E.ltrans2.ltrans.o
 .debug_ranges  0x00003b70      0xa00 C:\Users\elias\AppData\Local\Temp\cc9u0f8E.ltrans3.ltrans.o
 .debug_ranges  0x00004570      0x5d0 C:\Users\elias\AppData\Local\Temp\cc9u0f8E.ltrans4.ltrans.o
 .debug_ranges  0x00004b40      0x4e8 C:\Users\elias\AppData\Local\Temp\cc9u0f8E.ltrans5.ltrans.o
 .debug_ranges  0x00005028      0x960 C:\Users\elias\AppData\Local\Temp\cc9u0f8E.ltrans6.ltrans.o
 .debug_ranges  0x00005988      0x3c0 C:\Users\elias\AppData\Local\Temp\cc9u0f8E.ltrans7.ltrans.o
 .debug_ranges  0x00005d48      0x3d8 C:\Users\elias\AppData\Local\Temp\cc9u0f8E.ltrans8.ltrans.o
 .debug_ranges  0x00006120      0x9c8 C:\Users\elias\AppData\Local\Temp\cc9u0f8E.ltrans9.ltrans.o
 .debug_ranges  0x00006ae8      0x340 C:\Users\elias\AppData\Local\Temp\cc9u0f8E.ltrans10.ltrans.o
 .debug_ranges  0x00006e28      0x468 C:\Users\elias\AppData\Local\Temp\cc9u0f8E.ltrans11.ltrans.o
 .debug_ranges  0x00007290      0x370 C:\Users\elias\AppData\Local\Temp\cc9u0f8E.ltrans12.ltrans.o
 .debug_ranges  0x00007600      0x280 C:\Users\elias\AppData\Local\Temp\cc9u0f8E.ltrans13.ltrans.o
 .debug_ranges  0x00007880      0x3c0 C:\Users\elias\AppData\Local\Temp\cc9u0f8E.ltrans14.ltrans.o

.comment        0x00000000       0x6e
 .comment       0x00000000       0x6e C:\Users\elias\AppData\Local\Temp\cc9u0f8E.ltrans0.ltrans.o
                                 0x6f (size before relaxing)
 .comment       0x0000006e       0x6f C:\Users\elias\AppData\Local\Temp\cc9u0f8E.ltrans1.ltrans.o
 .comment       0x0000006e       0x6f C:\Users\elias\AppData\Local\Temp\cc9u0f8E.ltrans2.ltrans.o
 .comment       0x0000006e       0x6f C:\Users\elias\AppData\Local\Temp\cc9u0f8E.ltrans3.ltrans.o
 .comment       0x0000006e       0x6f C:\Users\elias\AppData\Local\Temp\cc9u0f8E.ltrans4.ltrans.o
 .comment       0x0000006e       0x6f C:\Users\elias\AppData\Local\Temp\cc9u0f8E.ltrans5.ltrans.o
 .comment       0x0000006e       0x6f C:\Users\elias\AppData\Local\Temp\cc9u0f8E.ltrans6.ltrans.o
 .comment       0x0000006e       0x6f C:\Users\elias\AppData\Local\Temp\cc9u0f8E.ltrans7.ltrans.o
 .comment       0x0000006e       0x6f C:\Users\elias\AppData\Local\Temp\cc9u0f8E.ltrans8.ltrans.o
 .comment       0x0000006e       0x6f C:\Users\elias\AppData\Local\Temp\cc9u0f8E.ltrans9.ltrans.o
 .comment       0x0000006e       0x6f C:\Users\elias\AppData\Local\Temp\cc9u0f8E.ltrans10.ltrans.o
 .comment       0x0000006e       0x6f C:\Users\elias\AppData\Local\Temp\cc9u0f8E.ltrans11.ltrans.o
 .comment       0x0000006e       0x6f C:\Users\elias\AppData\Local\Temp\cc9u0f8E.ltrans12.ltrans.o
 .comment       0x0000006e       0x6f C:\Users\elias\AppData\Local\Temp\cc9u0f8E.ltrans13.ltrans.o
 .comment       0x0000006e       0x6f C:\Users\elias\AppData\Local\Temp\cc9u0f8E.ltrans14.ltrans.o

.debug_weaknames
 *(.debug_weaknames)

.debug_funcnames
 *(.debug_funcnames)

.debug_typenames
 *(.debug_typenames)

.debug_varnames
 *(.debug_varnames)

.note.gnu.arm.ident
 *(.note.gnu.arm.ident)

.ARM.attributes
                0x00000000       0x29
 *(.ARM.attributes)
 .ARM.attributes
                0x00000000       0x1d c:/program files (x86)/cypress/psoc creator/4.4/psoc creator/import/gnu/arm/5.4.1/bin/../lib/gcc/arm-none-eabi/5.4.1/armv7-m/crti.o
 .ARM.attributes
                0x0000001d       0x2d c:/program files (x86)/cypress/psoc creator/4.4/psoc creator/import/gnu/arm/5.4.1/bin/../lib/gcc/arm-none-eabi/5.4.1/armv7-m/crtbegin.o
 .ARM.attributes
                0x0000004a       0x1b c:/program files (x86)/cypress/psoc creator/4.4/psoc creator/import/gnu/arm/5.4.1/bin/../lib/gcc/arm-none-eabi/5.4.1/../../../../arm-none-eabi/lib/armv7-m/crt0.o
 .ARM.attributes
                0x00000065       0x31 C:\Users\elias\AppData\Local\Temp\cc9u0f8E.ltrans0.ltrans.o
 .ARM.attributes
                0x00000096       0x31 C:\Users\elias\AppData\Local\Temp\cc9u0f8E.ltrans1.ltrans.o
 .ARM.attributes
                0x000000c7       0x31 C:\Users\elias\AppData\Local\Temp\cc9u0f8E.ltrans2.ltrans.o
 .ARM.attributes
                0x000000f8       0x31 C:\Users\elias\AppData\Local\Temp\cc9u0f8E.ltrans3.ltrans.o
 .ARM.attributes
                0x00000129       0x31 C:\Users\elias\AppData\Local\Temp\cc9u0f8E.ltrans4.ltrans.o
 .ARM.attributes
                0x0000015a       0x31 C:\Users\elias\AppData\Local\Temp\cc9u0f8E.ltrans5.ltrans.o
 .ARM.attributes
                0x0000018b       0x31 C:\Users\elias\AppData\Local\Temp\cc9u0f8E.ltrans6.ltrans.o
 .ARM.attributes
                0x000001bc       0x31 C:\Users\elias\AppData\Local\Temp\cc9u0f8E.ltrans7.ltrans.o
 .ARM.attributes
                0x000001ed       0x31 C:\Users\elias\AppData\Local\Temp\cc9u0f8E.ltrans8.ltrans.o
 .ARM.attributes
                0x0000021e       0x31 C:\Users\elias\AppData\Local\Temp\cc9u0f8E.ltrans9.ltrans.o
 .ARM.attributes
                0x0000024f       0x31 C:\Users\elias\AppData\Local\Temp\cc9u0f8E.ltrans10.ltrans.o
 .ARM.attributes
                0x00000280       0x31 C:\Users\elias\AppData\Local\Temp\cc9u0f8E.ltrans11.ltrans.o
 .ARM.attributes
                0x000002b1       0x31 C:\Users\elias\AppData\Local\Temp\cc9u0f8E.ltrans12.ltrans.o
 .ARM.attributes
                0x000002e2       0x31 C:\Users\elias\AppData\Local\Temp\cc9u0f8E.ltrans13.ltrans.o
 .ARM.attributes
                0x00000313       0x31 C:\Users\elias\AppData\Local\Temp\cc9u0f8E.ltrans14.ltrans.o
 .ARM.attributes
                0x00000344       0x21 .\CortexM3\ARM_GCC_541\Debug\AcondicionamientoAnalogico.a(CyBootAsmGnu.o)
 .ARM.attributes
                0x00000365       0x2d c:/program files (x86)/cypress/psoc creator/4.4/psoc creator/import/gnu/arm/5.4.1/bin/../lib/gcc/arm-none-eabi/5.4.1/../../../../arm-none-eabi/lib/armv7-m\libg_nano.a(lib_a-errno.o)
 .ARM.attributes
                0x00000392       0x2d c:/program files (x86)/cypress/psoc creator/4.4/psoc creator/import/gnu/arm/5.4.1/bin/../lib/gcc/arm-none-eabi/5.4.1/../../../../arm-none-eabi/lib/armv7-m\libg_nano.a(lib_a-exit.o)
 .ARM.attributes
                0x000003bf       0x2d c:/program files (x86)/cypress/psoc creator/4.4/psoc creator/import/gnu/arm/5.4.1/bin/../lib/gcc/arm-none-eabi/5.4.1/../../../../arm-none-eabi/lib/armv7-m\libg_nano.a(lib_a-impure.o)
 .ARM.attributes
                0x000003ec       0x2d c:/program files (x86)/cypress/psoc creator/4.4/psoc creator/import/gnu/arm/5.4.1/bin/../lib/gcc/arm-none-eabi/5.4.1/../../../../arm-none-eabi/lib/armv7-m\libg_nano.a(lib_a-init.o)
 .ARM.attributes
                0x00000419       0x2d c:/program files (x86)/cypress/psoc creator/4.4/psoc creator/import/gnu/arm/5.4.1/bin/../lib/gcc/arm-none-eabi/5.4.1/../../../../arm-none-eabi/lib/armv7-m\libg_nano.a(lib_a-memset.o)
 .ARM.attributes
                0x00000446       0x2d c:/program files (x86)/cypress/psoc creator/4.4/psoc creator/import/gnu/arm/5.4.1/bin/../lib/gcc/arm-none-eabi/5.4.1/armv7-m/crtend.o
 .ARM.attributes
                0x00000473       0x1d c:/program files (x86)/cypress/psoc creator/4.4/psoc creator/import/gnu/arm/5.4.1/bin/../lib/gcc/arm-none-eabi/5.4.1/armv7-m/crtn.o
 .ARM.attributes
                0x00000490       0x2d c:/program files (x86)/cypress/psoc creator/4.4/psoc creator/import/gnu/arm/5.4.1/bin/../lib/gcc/arm-none-eabi/5.4.1/../../../../arm-none-eabi/lib/armv7-m\libnosys.a(_exit.o)
 .ARM.attributes
                0x000004bd       0x1d c:/program files (x86)/cypress/psoc creator/4.4/psoc creator/import/gnu/arm/5.4.1/bin/../lib/gcc/arm-none-eabi/5.4.1/armv7-m\libgcc.a(_aeabi_ldivmod.o)
 .ARM.attributes
                0x000004da       0x1d c:/program files (x86)/cypress/psoc creator/4.4/psoc creator/import/gnu/arm/5.4.1/bin/../lib/gcc/arm-none-eabi/5.4.1/armv7-m\libgcc.a(_aeabi_uldivmod.o)
 .ARM.attributes
                0x000004f7       0x2d c:/program files (x86)/cypress/psoc creator/4.4/psoc creator/import/gnu/arm/5.4.1/bin/../lib/gcc/arm-none-eabi/5.4.1/armv7-m\libgcc.a(_udivmoddi4.o)
 .ARM.attributes
                0x00000524       0x1d c:/program files (x86)/cypress/psoc creator/4.4/psoc creator/import/gnu/arm/5.4.1/bin/../lib/gcc/arm-none-eabi/5.4.1/armv7-m\libgcc.a(_dvmd_tls.o)
 .ARM.attributes
                0x00000541       0x2d c:/program files (x86)/cypress/psoc creator/4.4/psoc creator/import/gnu/arm/5.4.1/bin/../lib/gcc/arm-none-eabi/5.4.1/../../../../arm-none-eabi/lib/armv7-m\libg_nano.a(lib_a-memcmp.o)
 .ARM.attributes
                0x0000056e       0x2d c:/program files (x86)/cypress/psoc creator/4.4/psoc creator/import/gnu/arm/5.4.1/bin/../lib/gcc/arm-none-eabi/5.4.1/../../../../arm-none-eabi/lib/armv7-m\libg_nano.a(lib_a-memcpy-stub.o)
 .ARM.attributes
                0x0000059b       0x2d c:/program files (x86)/cypress/psoc creator/4.4/psoc creator/import/gnu/arm/5.4.1/bin/../lib/gcc/arm-none-eabi/5.4.1/../../../../arm-none-eabi/lib/armv7-m\libg_nano.a(lib_a-strchr.o)

/DISCARD/
 *(.note.GNU-stack)
OUTPUT(C:\Github\Tesis\src\psoc\AcondicionamientoAnalogico.cydsn\CortexM3\ARM_GCC_541\Debug\AcondicionamientoAnalogico.elf elf32-littlearm)
