Archive member included to satisfy reference by file (symbol)

.\CortexM3\ARM_GCC_541\Debug\AcondicionamientoAnalogico.a(Filter.o)
                              .\CortexM3\ARM_GCC_541\Debug\main.o (symbol from plugin) (Filter_Start)
.\CortexM3\ARM_GCC_541\Debug\AcondicionamientoAnalogico.a(Filter_PVT.o)
                              Filter.o (symbol from plugin) (Filter_SetInterruptMode)
.\CortexM3\ARM_GCC_541\Debug\AcondicionamientoAnalogico.a(Filter_RAM_Data.o)
                              Filter.o (symbol from plugin) (Filter_cfsm)
.\CortexM3\ARM_GCC_541\Debug\AcondicionamientoAnalogico.a(CyDmac.o)
                              .\CortexM3\ARM_GCC_541\Debug\Cm3Start.o (symbol from plugin) (CyDmacConfigure)
.\CortexM3\ARM_GCC_541\Debug\AcondicionamientoAnalogico.a(CyLib.o)
                              .\CortexM3\ARM_GCC_541\Debug\Cm3Start.o (symbol from plugin) (CyHalt)
.\CortexM3\ARM_GCC_541\Debug\AcondicionamientoAnalogico.a(cyPm.o)
                              CyLib.o (symbol from plugin) (CyPmReadStatus)
.\CortexM3\ARM_GCC_541\Debug\AcondicionamientoAnalogico.a(DMA_DelSig_Filter_dma.o)
                              .\CortexM3\ARM_GCC_541\Debug\main.o (symbol from plugin) (DMA_DelSig_Filter_DmaInitialize)
.\CortexM3\ARM_GCC_541\Debug\AcondicionamientoAnalogico.a(DMA_DelSig_RAM_dma.o)
                              .\CortexM3\ARM_GCC_541\Debug\main.o (symbol from plugin) (DMA_DelSig_RAM_DmaInitialize)
.\CortexM3\ARM_GCC_541\Debug\AcondicionamientoAnalogico.a(isr_Timer.o)
                              .\CortexM3\ARM_GCC_541\Debug\main.o (symbol from plugin) (isr_Timer_StartEx)
.\CortexM3\ARM_GCC_541\Debug\AcondicionamientoAnalogico.a(Timer.o)
                              .\CortexM3\ARM_GCC_541\Debug\main.o (symbol from plugin) (Timer_Start)
.\CortexM3\ARM_GCC_541\Debug\AcondicionamientoAnalogico.a(LED.o)
                              .\CortexM3\ARM_GCC_541\Debug\main.o (symbol from plugin) (LED_Write)
.\CortexM3\ARM_GCC_541\Debug\AcondicionamientoAnalogico.a(UART.o)
                              .\CortexM3\ARM_GCC_541\Debug\main.o (symbol from plugin) (UART_Start)
.\CortexM3\ARM_GCC_541\Debug\AcondicionamientoAnalogico.a(UART_INT.o)
                              UART.o (symbol from plugin) (UART_RXISR)
.\CortexM3\ARM_GCC_541\Debug\AcondicionamientoAnalogico.a(UART_IntClock.o)
                              UART.o (symbol from plugin) (UART_IntClock_Start)
.\CortexM3\ARM_GCC_541\Debug\AcondicionamientoAnalogico.a(OPAbp.o)
                              .\CortexM3\ARM_GCC_541\Debug\psoc_hw.o (symbol from plugin) (OPAbp_Start)
.\CortexM3\ARM_GCC_541\Debug\AcondicionamientoAnalogico.a(OPAlp.o)
                              .\CortexM3\ARM_GCC_541\Debug\psoc_hw.o (symbol from plugin) (OPAlp_Start)
.\CortexM3\ARM_GCC_541\Debug\AcondicionamientoAnalogico.a(OPAadder.o)
                              .\CortexM3\ARM_GCC_541\Debug\psoc_hw.o (symbol from plugin) (OPAadder_Start)
.\CortexM3\ARM_GCC_541\Debug\AcondicionamientoAnalogico.a(ADC.o)
                              .\CortexM3\ARM_GCC_541\Debug\calibration.o (symbol from plugin) (ADC_Start)
.\CortexM3\ARM_GCC_541\Debug\AcondicionamientoAnalogico.a(ADC_INT.o)
                              ADC.o (symbol from plugin) (ADC_ISR1)
.\CortexM3\ARM_GCC_541\Debug\AcondicionamientoAnalogico.a(PGAgain.o)
                              .\CortexM3\ARM_GCC_541\Debug\psoc_hw.o (symbol from plugin) (PGAgain_Start)
.\CortexM3\ARM_GCC_541\Debug\AcondicionamientoAnalogico.a(PGAn.o)
                              .\CortexM3\ARM_GCC_541\Debug\psoc_hw.o (symbol from plugin) (PGAn_Start)
.\CortexM3\ARM_GCC_541\Debug\AcondicionamientoAnalogico.a(PGAp.o)
                              .\CortexM3\ARM_GCC_541\Debug\psoc_hw.o (symbol from plugin) (PGAp_Start)
.\CortexM3\ARM_GCC_541\Debug\AcondicionamientoAnalogico.a(ADC_Ext_CP_Clk.o)
                              ADC.o (symbol from plugin) (ADC_Ext_CP_Clk_SetDividerRegister)
.\CortexM3\ARM_GCC_541\Debug\AcondicionamientoAnalogico.a(ADC_theACLK.o)
                              ADC.o (symbol from plugin) (ADC_theACLK_SetDividerRegister)
.\CortexM3\ARM_GCC_541\Debug\AcondicionamientoAnalogico.a(OPAref.o)
                              .\CortexM3\ARM_GCC_541\Debug\psoc_hw.o (symbol from plugin) (OPAref_Start)
.\CortexM3\ARM_GCC_541\Debug\AcondicionamientoAnalogico.a(LPF_1.o)
                              .\CortexM3\ARM_GCC_541\Debug\psoc_hw.o (symbol from plugin) (LPF_1_Start)
.\CortexM3\ARM_GCC_541\Debug\AcondicionamientoAnalogico.a(LPF_2.o)
                              .\CortexM3\ARM_GCC_541\Debug\psoc_hw.o (symbol from plugin) (LPF_2_Start)
.\CortexM3\ARM_GCC_541\Debug\AcondicionamientoAnalogico.a(SYNC_IN.o)
                              .\CortexM3\ARM_GCC_541\Debug\main.o (symbol from plugin) (SYNC_IN_Read)
.\CortexM3\ARM_GCC_541\Debug\AcondicionamientoAnalogico.a(isr_SyncIn.o)
                              .\CortexM3\ARM_GCC_541\Debug\main.o (symbol from plugin) (isr_SyncIn_StartEx)
.\CortexM3\ARM_GCC_541\Debug\AcondicionamientoAnalogico.a(VDAC_ref_LP.o)
                              .\CortexM3\ARM_GCC_541\Debug\calibration.o (symbol from plugin) (VDAC_ref_LP_Start)
.\CortexM3\ARM_GCC_541\Debug\AcondicionamientoAnalogico.a(VDAC_ref_BP.o)
                              .\CortexM3\ARM_GCC_541\Debug\calibration.o (symbol from plugin) (VDAC_ref_BP_Start)
.\CortexM3\ARM_GCC_541\Debug\AcondicionamientoAnalogico.a(VDAC_ref_PGA.o)
                              .\CortexM3\ARM_GCC_541\Debug\calibration.o (symbol from plugin) (VDAC_ref_PGA_Start)
.\CortexM3\ARM_GCC_541\Debug\AcondicionamientoAnalogico.a(VDAC_Ref_Adder.o)
                              .\CortexM3\ARM_GCC_541\Debug\calibration.o (symbol from plugin) (VDAC_Ref_Adder_Start)
.\CortexM3\ARM_GCC_541\Debug\AcondicionamientoAnalogico.a(AMux_ADC.o)
                              .\CortexM3\ARM_GCC_541\Debug\calibration.o (symbol from plugin) (AMux_ADC_Start)
.\CortexM3\ARM_GCC_541\Debug\AcondicionamientoAnalogico.a(PGAshield.o)
                              .\CortexM3\ARM_GCC_541\Debug\psoc_hw.o (symbol from plugin) (PGAshield_Start)
.\CortexM3\ARM_GCC_541\Debug\AcondicionamientoAnalogico.a(Clock_1.o)
                              .\CortexM3\ARM_GCC_541\Debug\main.o (symbol from plugin) (Clock_1_Start)
.\CortexM3\ARM_GCC_541\Debug\AcondicionamientoAnalogico.a(isr_Button.o)
                              .\CortexM3\ARM_GCC_541\Debug\main.o (symbol from plugin) (isr_Button_StartEx)
.\CortexM3\ARM_GCC_541\Debug\AcondicionamientoAnalogico.a(EEPROM.o)
                              .\CortexM3\ARM_GCC_541\Debug\main.o (symbol from plugin) (EEPROM_Start)
.\CortexM3\ARM_GCC_541\Debug\AcondicionamientoAnalogico.a(DMA_Filter_RAM_dma.o)
                              .\CortexM3\ARM_GCC_541\Debug\main.o (symbol from plugin) (DMA_Filter_RAM_DmaInitialize)
.\CortexM3\ARM_GCC_541\Debug\AcondicionamientoAnalogico.a(isr_DMA_DelSig_RAM.o)
                              .\CortexM3\ARM_GCC_541\Debug\main.o (symbol from plugin) (isr_DMA_DelSig_RAM_StartEx)
.\CortexM3\ARM_GCC_541\Debug\AcondicionamientoAnalogico.a(isr_DMA_Filter_RAM.o)
                              .\CortexM3\ARM_GCC_541\Debug\main.o (symbol from plugin) (isr_DMA_Filter_RAM_StartEx)
.\CortexM3\ARM_GCC_541\Debug\AcondicionamientoAnalogico.a(Reg_Select.o)
                              .\CortexM3\ARM_GCC_541\Debug\main.o (symbol from plugin) (Reg_Select_Write)
.\CortexM3\ARM_GCC_541\Debug\AcondicionamientoAnalogico.a(CyBootAsmGnu.o)
                              .\CortexM3\ARM_GCC_541\Debug\cyfitter_cfg.o (symbol from plugin) (CyDelayCycles)
.\CortexM3\ARM_GCC_541\Debug\AcondicionamientoAnalogico.a(CyFlash.o)
                              EEPROM.o (symbol from plugin) (dieTemperature)
.\CortexM3\ARM_GCC_541\Debug\AcondicionamientoAnalogico.a(CySpc.o)
                              EEPROM.o (symbol from plugin) (CySpcStart)
c:/program files (x86)/cypress/psoc creator/4.4/psoc creator/import/gnu/arm/5.4.1/bin/../lib/gcc/arm-none-eabi/5.4.1/../../../../arm-none-eabi/lib/armv7-m\libg_nano.a(lib_a-errno.o)
                              .\CortexM3\ARM_GCC_541\Debug\Cm3Start.o (symbol from plugin) (__errno)
c:/program files (x86)/cypress/psoc creator/4.4/psoc creator/import/gnu/arm/5.4.1/bin/../lib/gcc/arm-none-eabi/5.4.1/../../../../arm-none-eabi/lib/armv7-m\libg_nano.a(lib_a-exit.o)
                              c:/program files (x86)/cypress/psoc creator/4.4/psoc creator/import/gnu/arm/5.4.1/bin/../lib/gcc/arm-none-eabi/5.4.1/../../../../arm-none-eabi/lib/armv7-m/crt0.o (exit)
c:/program files (x86)/cypress/psoc creator/4.4/psoc creator/import/gnu/arm/5.4.1/bin/../lib/gcc/arm-none-eabi/5.4.1/../../../../arm-none-eabi/lib/armv7-m\libg_nano.a(lib_a-impure.o)
                              c:/program files (x86)/cypress/psoc creator/4.4/psoc creator/import/gnu/arm/5.4.1/bin/../lib/gcc/arm-none-eabi/5.4.1/../../../../arm-none-eabi/lib/armv7-m\libg_nano.a(lib_a-exit.o) (_global_impure_ptr)
c:/program files (x86)/cypress/psoc creator/4.4/psoc creator/import/gnu/arm/5.4.1/bin/../lib/gcc/arm-none-eabi/5.4.1/../../../../arm-none-eabi/lib/armv7-m\libg_nano.a(lib_a-init.o)
                              c:/program files (x86)/cypress/psoc creator/4.4/psoc creator/import/gnu/arm/5.4.1/bin/../lib/gcc/arm-none-eabi/5.4.1/../../../../arm-none-eabi/lib/armv7-m/crt0.o (__libc_init_array)
c:/program files (x86)/cypress/psoc creator/4.4/psoc creator/import/gnu/arm/5.4.1/bin/../lib/gcc/arm-none-eabi/5.4.1/../../../../arm-none-eabi/lib/armv7-m\libg_nano.a(lib_a-memset.o)
                              c:/program files (x86)/cypress/psoc creator/4.4/psoc creator/import/gnu/arm/5.4.1/bin/../lib/gcc/arm-none-eabi/5.4.1/../../../../arm-none-eabi/lib/armv7-m/crt0.o (memset)
c:/program files (x86)/cypress/psoc creator/4.4/psoc creator/import/gnu/arm/5.4.1/bin/../lib/gcc/arm-none-eabi/5.4.1/../../../../arm-none-eabi/lib/armv7-m\libnosys.a(_exit.o)
                              c:/program files (x86)/cypress/psoc creator/4.4/psoc creator/import/gnu/arm/5.4.1/bin/../lib/gcc/arm-none-eabi/5.4.1/../../../../arm-none-eabi/lib/armv7-m\libg_nano.a(lib_a-exit.o) (_exit)
c:/program files (x86)/cypress/psoc creator/4.4/psoc creator/import/gnu/arm/5.4.1/bin/../lib/gcc/arm-none-eabi/5.4.1/armv7-m\libgcc.a(_aeabi_ldivmod.o)
                              C:\Users\elias\AppData\Local\Temp\ccHot7gq.ltrans1.ltrans.o (__aeabi_ldivmod)
c:/program files (x86)/cypress/psoc creator/4.4/psoc creator/import/gnu/arm/5.4.1/bin/../lib/gcc/arm-none-eabi/5.4.1/armv7-m\libgcc.a(_udivmoddi4.o)
                              c:/program files (x86)/cypress/psoc creator/4.4/psoc creator/import/gnu/arm/5.4.1/bin/../lib/gcc/arm-none-eabi/5.4.1/armv7-m\libgcc.a(_aeabi_ldivmod.o) (__udivmoddi4)
c:/program files (x86)/cypress/psoc creator/4.4/psoc creator/import/gnu/arm/5.4.1/bin/../lib/gcc/arm-none-eabi/5.4.1/armv7-m\libgcc.a(_dvmd_tls.o)
                              c:/program files (x86)/cypress/psoc creator/4.4/psoc creator/import/gnu/arm/5.4.1/bin/../lib/gcc/arm-none-eabi/5.4.1/armv7-m\libgcc.a(_aeabi_ldivmod.o) (__aeabi_ldiv0)
c:/program files (x86)/cypress/psoc creator/4.4/psoc creator/import/gnu/arm/5.4.1/bin/../lib/gcc/arm-none-eabi/5.4.1/../../../../arm-none-eabi/lib/armv7-m\libg_nano.a(lib_a-memcpy-stub.o)
                              C:\Users\elias\AppData\Local\Temp\ccHot7gq.ltrans0.ltrans.o (memcpy)

Allocating common symbols
Common symbol       size              file

ADC_CountsPerVolt   0x4               ADC.o (symbol from plugin)

Discarded input sections

 .text          0x00000000        0x0 c:/program files (x86)/cypress/psoc creator/4.4/psoc creator/import/gnu/arm/5.4.1/bin/../lib/gcc/arm-none-eabi/5.4.1/armv7-m/crti.o
 .data          0x00000000        0x0 c:/program files (x86)/cypress/psoc creator/4.4/psoc creator/import/gnu/arm/5.4.1/bin/../lib/gcc/arm-none-eabi/5.4.1/armv7-m/crti.o
 .bss           0x00000000        0x0 c:/program files (x86)/cypress/psoc creator/4.4/psoc creator/import/gnu/arm/5.4.1/bin/../lib/gcc/arm-none-eabi/5.4.1/armv7-m/crti.o
 .data          0x00000000        0x4 c:/program files (x86)/cypress/psoc creator/4.4/psoc creator/import/gnu/arm/5.4.1/bin/../lib/gcc/arm-none-eabi/5.4.1/armv7-m/crtbegin.o
 .text          0x00000000       0x74 c:/program files (x86)/cypress/psoc creator/4.4/psoc creator/import/gnu/arm/5.4.1/bin/../lib/gcc/arm-none-eabi/5.4.1/../../../../arm-none-eabi/lib/armv7-m/crt0.o
 .data          0x00000000        0x0 c:/program files (x86)/cypress/psoc creator/4.4/psoc creator/import/gnu/arm/5.4.1/bin/../lib/gcc/arm-none-eabi/5.4.1/../../../../arm-none-eabi/lib/armv7-m/crt0.o
 .bss           0x00000000        0x0 c:/program files (x86)/cypress/psoc creator/4.4/psoc creator/import/gnu/arm/5.4.1/bin/../lib/gcc/arm-none-eabi/5.4.1/../../../../arm-none-eabi/lib/armv7-m/crt0.o
 .ARM.extab     0x00000000        0x0 c:/program files (x86)/cypress/psoc creator/4.4/psoc creator/import/gnu/arm/5.4.1/bin/../lib/gcc/arm-none-eabi/5.4.1/../../../../arm-none-eabi/lib/armv7-m/crt0.o
 .ARM.exidx     0x00000000        0x8 c:/program files (x86)/cypress/psoc creator/4.4/psoc creator/import/gnu/arm/5.4.1/bin/../lib/gcc/arm-none-eabi/5.4.1/../../../../arm-none-eabi/lib/armv7-m/crt0.o
 .text          0x00000000        0x0 .\CortexM3\ARM_GCC_541\Debug\main.o (symbol from plugin)
 .text          0x00000000        0x0 C:\Users\elias\AppData\Local\Temp\ccHot7gq.ltrans0.ltrans.o
 .data          0x00000000        0x0 C:\Users\elias\AppData\Local\Temp\ccHot7gq.ltrans0.ltrans.o
 .text          0x00000000        0x0 C:\Users\elias\AppData\Local\Temp\ccHot7gq.ltrans1.ltrans.o
 .data          0x00000000        0x0 C:\Users\elias\AppData\Local\Temp\ccHot7gq.ltrans1.ltrans.o
 .text          0x00000000        0x0 C:\Users\elias\AppData\Local\Temp\ccHot7gq.ltrans2.ltrans.o
 .text          0x00000000        0x0 C:\Users\elias\AppData\Local\Temp\ccHot7gq.ltrans3.ltrans.o
 .text          0x00000000        0x0 C:\Users\elias\AppData\Local\Temp\ccHot7gq.ltrans4.ltrans.o
 .data          0x00000000        0x0 C:\Users\elias\AppData\Local\Temp\ccHot7gq.ltrans4.ltrans.o
 .text          0x00000000        0x0 C:\Users\elias\AppData\Local\Temp\ccHot7gq.ltrans5.ltrans.o
 .text          0x00000000        0x0 C:\Users\elias\AppData\Local\Temp\ccHot7gq.ltrans6.ltrans.o
 .text._exit    0x00000000        0x4 C:\Users\elias\AppData\Local\Temp\ccHot7gq.ltrans6.ltrans.o
 .text          0x00000000        0x0 C:\Users\elias\AppData\Local\Temp\ccHot7gq.ltrans7.ltrans.o
 .data          0x00000000        0x0 C:\Users\elias\AppData\Local\Temp\ccHot7gq.ltrans7.ltrans.o
 .bss           0x00000000        0x0 C:\Users\elias\AppData\Local\Temp\ccHot7gq.ltrans7.ltrans.o
 .text          0x00000000        0x0 .\CortexM3\ARM_GCC_541\Debug\calibration.o (symbol from plugin)
 .text          0x00000000        0x0 .\CortexM3\ARM_GCC_541\Debug\psoc_adc.o (symbol from plugin)
 .text          0x00000000        0x0 .\CortexM3\ARM_GCC_541\Debug\psoc_hw.o (symbol from plugin)
 .text          0x00000000        0x0 .\CortexM3\ARM_GCC_541\Debug\crc.o (symbol from plugin)
 .text          0x00000000        0x0 .\CortexM3\ARM_GCC_541\Debug\psoc_nv.o (symbol from plugin)
 .text          0x00000000        0x0 .\CortexM3\ARM_GCC_541\Debug\filter_coeffs.o (symbol from plugin)
 .text          0x00000000        0x0 .\CortexM3\ARM_GCC_541\Debug\FIR_adquisition.o (symbol from plugin)
 .text          0x00000000        0x0 .\CortexM3\ARM_GCC_541\Debug\FIR_calibration.o (symbol from plugin)
 .text          0x00000000        0x0 .\CortexM3\ARM_GCC_541\Debug\psoc_debug.o (symbol from plugin)
 .text          0x00000000        0x0 .\CortexM3\ARM_GCC_541\Debug\cyfitter_cfg.o (symbol from plugin)
 .text          0x00000000        0x0 .\CortexM3\ARM_GCC_541\Debug\cymetadata.o (symbol from plugin)
 .text          0x00000000        0x0 .\CortexM3\ARM_GCC_541\Debug\Cm3Start.o (symbol from plugin)
 .text          0x00000000        0x0 Filter.o (symbol from plugin)
 .text          0x00000000        0x0 Filter_PVT.o (symbol from plugin)
 .text          0x00000000        0x0 Filter_RAM_Data.o (symbol from plugin)
 .text          0x00000000        0x0 CyDmac.o (symbol from plugin)
 .text          0x00000000        0x0 CyLib.o (symbol from plugin)
 .text          0x00000000        0x0 cyPm.o (symbol from plugin)
 .text          0x00000000        0x0 DMA_DelSig_Filter_dma.o (symbol from plugin)
 .text          0x00000000        0x0 DMA_DelSig_RAM_dma.o (symbol from plugin)
 .text          0x00000000        0x0 isr_Timer.o (symbol from plugin)
 .text          0x00000000        0x0 Timer.o (symbol from plugin)
 .text          0x00000000        0x0 LED.o (symbol from plugin)
 .text          0x00000000        0x0 UART.o (symbol from plugin)
 .text          0x00000000        0x0 UART_INT.o (symbol from plugin)
 .text          0x00000000        0x0 UART_IntClock.o (symbol from plugin)
 .text          0x00000000        0x0 OPAbp.o (symbol from plugin)
 .text          0x00000000        0x0 OPAlp.o (symbol from plugin)
 .text          0x00000000        0x0 OPAadder.o (symbol from plugin)
 .text          0x00000000        0x0 ADC.o (symbol from plugin)
 .text          0x00000000        0x0 ADC_INT.o (symbol from plugin)
 .text          0x00000000        0x0 PGAgain.o (symbol from plugin)
 .text          0x00000000        0x0 PGAn.o (symbol from plugin)
 .text          0x00000000        0x0 PGAp.o (symbol from plugin)
 .text          0x00000000        0x0 ADC_Ext_CP_Clk.o (symbol from plugin)
 .text          0x00000000        0x0 ADC_theACLK.o (symbol from plugin)
 .text          0x00000000        0x0 OPAref.o (symbol from plugin)
 .text          0x00000000        0x0 LPF_1.o (symbol from plugin)
 .text          0x00000000        0x0 LPF_2.o (symbol from plugin)
 .text          0x00000000        0x0 SYNC_IN.o (symbol from plugin)
 .text          0x00000000        0x0 isr_SyncIn.o (symbol from plugin)
 .text          0x00000000        0x0 VDAC_ref_LP.o (symbol from plugin)
 .text          0x00000000        0x0 VDAC_ref_BP.o (symbol from plugin)
 .text          0x00000000        0x0 VDAC_ref_PGA.o (symbol from plugin)
 .text          0x00000000        0x0 VDAC_Ref_Adder.o (symbol from plugin)
 .text          0x00000000        0x0 AMux_ADC.o (symbol from plugin)
 .text          0x00000000        0x0 PGAshield.o (symbol from plugin)
 .text          0x00000000        0x0 Clock_1.o (symbol from plugin)
 .text          0x00000000        0x0 isr_Button.o (symbol from plugin)
 .text          0x00000000        0x0 EEPROM.o (symbol from plugin)
 .text          0x00000000        0x0 DMA_Filter_RAM_dma.o (symbol from plugin)
 .text          0x00000000        0x0 isr_DMA_DelSig_RAM.o (symbol from plugin)
 .text          0x00000000        0x0 isr_DMA_Filter_RAM.o (symbol from plugin)
 .text          0x00000000        0x0 Reg_Select.o (symbol from plugin)
 .data          0x00000000        0x0 .\CortexM3\ARM_GCC_541\Debug\AcondicionamientoAnalogico.a(CyBootAsmGnu.o)
 .bss           0x00000000        0x0 .\CortexM3\ARM_GCC_541\Debug\AcondicionamientoAnalogico.a(CyBootAsmGnu.o)
 .text          0x00000000        0x0 CyFlash.o (symbol from plugin)
 .text          0x00000000        0x0 CySpc.o (symbol from plugin)
 .text          0x00000000        0x0 c:/program files (x86)/cypress/psoc creator/4.4/psoc creator/import/gnu/arm/5.4.1/bin/../lib/gcc/arm-none-eabi/5.4.1/../../../../arm-none-eabi/lib/armv7-m\libg_nano.a(lib_a-errno.o)
 .data          0x00000000        0x0 c:/program files (x86)/cypress/psoc creator/4.4/psoc creator/import/gnu/arm/5.4.1/bin/../lib/gcc/arm-none-eabi/5.4.1/../../../../arm-none-eabi/lib/armv7-m\libg_nano.a(lib_a-errno.o)
 .bss           0x00000000        0x0 c:/program files (x86)/cypress/psoc creator/4.4/psoc creator/import/gnu/arm/5.4.1/bin/../lib/gcc/arm-none-eabi/5.4.1/../../../../arm-none-eabi/lib/armv7-m\libg_nano.a(lib_a-errno.o)
 .text          0x00000000        0x0 c:/program files (x86)/cypress/psoc creator/4.4/psoc creator/import/gnu/arm/5.4.1/bin/../lib/gcc/arm-none-eabi/5.4.1/../../../../arm-none-eabi/lib/armv7-m\libg_nano.a(lib_a-exit.o)
 .data          0x00000000        0x0 c:/program files (x86)/cypress/psoc creator/4.4/psoc creator/import/gnu/arm/5.4.1/bin/../lib/gcc/arm-none-eabi/5.4.1/../../../../arm-none-eabi/lib/armv7-m\libg_nano.a(lib_a-exit.o)
 .bss           0x00000000        0x0 c:/program files (x86)/cypress/psoc creator/4.4/psoc creator/import/gnu/arm/5.4.1/bin/../lib/gcc/arm-none-eabi/5.4.1/../../../../arm-none-eabi/lib/armv7-m\libg_nano.a(lib_a-exit.o)
 .text.exit     0x00000000       0x28 c:/program files (x86)/cypress/psoc creator/4.4/psoc creator/import/gnu/arm/5.4.1/bin/../lib/gcc/arm-none-eabi/5.4.1/../../../../arm-none-eabi/lib/armv7-m\libg_nano.a(lib_a-exit.o)
 .text          0x00000000        0x0 c:/program files (x86)/cypress/psoc creator/4.4/psoc creator/import/gnu/arm/5.4.1/bin/../lib/gcc/arm-none-eabi/5.4.1/../../../../arm-none-eabi/lib/armv7-m\libg_nano.a(lib_a-impure.o)
 .data          0x00000000        0x0 c:/program files (x86)/cypress/psoc creator/4.4/psoc creator/import/gnu/arm/5.4.1/bin/../lib/gcc/arm-none-eabi/5.4.1/../../../../arm-none-eabi/lib/armv7-m\libg_nano.a(lib_a-impure.o)
 .bss           0x00000000        0x0 c:/program files (x86)/cypress/psoc creator/4.4/psoc creator/import/gnu/arm/5.4.1/bin/../lib/gcc/arm-none-eabi/5.4.1/../../../../arm-none-eabi/lib/armv7-m\libg_nano.a(lib_a-impure.o)
 .rodata._global_impure_ptr
                0x00000000        0x4 c:/program files (x86)/cypress/psoc creator/4.4/psoc creator/import/gnu/arm/5.4.1/bin/../lib/gcc/arm-none-eabi/5.4.1/../../../../arm-none-eabi/lib/armv7-m\libg_nano.a(lib_a-impure.o)
 .text          0x00000000        0x0 c:/program files (x86)/cypress/psoc creator/4.4/psoc creator/import/gnu/arm/5.4.1/bin/../lib/gcc/arm-none-eabi/5.4.1/../../../../arm-none-eabi/lib/armv7-m\libg_nano.a(lib_a-init.o)
 .data          0x00000000        0x0 c:/program files (x86)/cypress/psoc creator/4.4/psoc creator/import/gnu/arm/5.4.1/bin/../lib/gcc/arm-none-eabi/5.4.1/../../../../arm-none-eabi/lib/armv7-m\libg_nano.a(lib_a-init.o)
 .bss           0x00000000        0x0 c:/program files (x86)/cypress/psoc creator/4.4/psoc creator/import/gnu/arm/5.4.1/bin/../lib/gcc/arm-none-eabi/5.4.1/../../../../arm-none-eabi/lib/armv7-m\libg_nano.a(lib_a-init.o)
 .text          0x00000000        0x0 c:/program files (x86)/cypress/psoc creator/4.4/psoc creator/import/gnu/arm/5.4.1/bin/../lib/gcc/arm-none-eabi/5.4.1/../../../../arm-none-eabi/lib/armv7-m\libg_nano.a(lib_a-memset.o)
 .data          0x00000000        0x0 c:/program files (x86)/cypress/psoc creator/4.4/psoc creator/import/gnu/arm/5.4.1/bin/../lib/gcc/arm-none-eabi/5.4.1/../../../../arm-none-eabi/lib/armv7-m\libg_nano.a(lib_a-memset.o)
 .bss           0x00000000        0x0 c:/program files (x86)/cypress/psoc creator/4.4/psoc creator/import/gnu/arm/5.4.1/bin/../lib/gcc/arm-none-eabi/5.4.1/../../../../arm-none-eabi/lib/armv7-m\libg_nano.a(lib_a-memset.o)
 .text          0x00000000        0x0 c:/program files (x86)/cypress/psoc creator/4.4/psoc creator/import/gnu/arm/5.4.1/bin/../lib/gcc/arm-none-eabi/5.4.1/armv7-m/crtend.o
 .data          0x00000000        0x0 c:/program files (x86)/cypress/psoc creator/4.4/psoc creator/import/gnu/arm/5.4.1/bin/../lib/gcc/arm-none-eabi/5.4.1/armv7-m/crtend.o
 .bss           0x00000000        0x0 c:/program files (x86)/cypress/psoc creator/4.4/psoc creator/import/gnu/arm/5.4.1/bin/../lib/gcc/arm-none-eabi/5.4.1/armv7-m/crtend.o
 .text          0x00000000        0x0 c:/program files (x86)/cypress/psoc creator/4.4/psoc creator/import/gnu/arm/5.4.1/bin/../lib/gcc/arm-none-eabi/5.4.1/armv7-m/crtn.o
 .data          0x00000000        0x0 c:/program files (x86)/cypress/psoc creator/4.4/psoc creator/import/gnu/arm/5.4.1/bin/../lib/gcc/arm-none-eabi/5.4.1/armv7-m/crtn.o
 .bss           0x00000000        0x0 c:/program files (x86)/cypress/psoc creator/4.4/psoc creator/import/gnu/arm/5.4.1/bin/../lib/gcc/arm-none-eabi/5.4.1/armv7-m/crtn.o
 .text          0x00000000        0x0 c:/program files (x86)/cypress/psoc creator/4.4/psoc creator/import/gnu/arm/5.4.1/bin/../lib/gcc/arm-none-eabi/5.4.1/../../../../arm-none-eabi/lib/armv7-m\libnosys.a(_exit.o)
 .data          0x00000000        0x0 c:/program files (x86)/cypress/psoc creator/4.4/psoc creator/import/gnu/arm/5.4.1/bin/../lib/gcc/arm-none-eabi/5.4.1/../../../../arm-none-eabi/lib/armv7-m\libnosys.a(_exit.o)
 .bss           0x00000000        0x0 c:/program files (x86)/cypress/psoc creator/4.4/psoc creator/import/gnu/arm/5.4.1/bin/../lib/gcc/arm-none-eabi/5.4.1/../../../../arm-none-eabi/lib/armv7-m\libnosys.a(_exit.o)
 .text._exit    0x00000000        0x4 c:/program files (x86)/cypress/psoc creator/4.4/psoc creator/import/gnu/arm/5.4.1/bin/../lib/gcc/arm-none-eabi/5.4.1/../../../../arm-none-eabi/lib/armv7-m\libnosys.a(_exit.o)
 .data          0x00000000        0x0 c:/program files (x86)/cypress/psoc creator/4.4/psoc creator/import/gnu/arm/5.4.1/bin/../lib/gcc/arm-none-eabi/5.4.1/armv7-m\libgcc.a(_aeabi_ldivmod.o)
 .bss           0x00000000        0x0 c:/program files (x86)/cypress/psoc creator/4.4/psoc creator/import/gnu/arm/5.4.1/bin/../lib/gcc/arm-none-eabi/5.4.1/armv7-m\libgcc.a(_aeabi_ldivmod.o)
 .data          0x00000000        0x0 c:/program files (x86)/cypress/psoc creator/4.4/psoc creator/import/gnu/arm/5.4.1/bin/../lib/gcc/arm-none-eabi/5.4.1/armv7-m\libgcc.a(_udivmoddi4.o)
 .bss           0x00000000        0x0 c:/program files (x86)/cypress/psoc creator/4.4/psoc creator/import/gnu/arm/5.4.1/bin/../lib/gcc/arm-none-eabi/5.4.1/armv7-m\libgcc.a(_udivmoddi4.o)
 .ARM.extab     0x00000000        0x0 c:/program files (x86)/cypress/psoc creator/4.4/psoc creator/import/gnu/arm/5.4.1/bin/../lib/gcc/arm-none-eabi/5.4.1/armv7-m\libgcc.a(_udivmoddi4.o)
 .data          0x00000000        0x0 c:/program files (x86)/cypress/psoc creator/4.4/psoc creator/import/gnu/arm/5.4.1/bin/../lib/gcc/arm-none-eabi/5.4.1/armv7-m\libgcc.a(_dvmd_tls.o)
 .bss           0x00000000        0x0 c:/program files (x86)/cypress/psoc creator/4.4/psoc creator/import/gnu/arm/5.4.1/bin/../lib/gcc/arm-none-eabi/5.4.1/armv7-m\libgcc.a(_dvmd_tls.o)
 .text          0x00000000        0x0 c:/program files (x86)/cypress/psoc creator/4.4/psoc creator/import/gnu/arm/5.4.1/bin/../lib/gcc/arm-none-eabi/5.4.1/../../../../arm-none-eabi/lib/armv7-m\libg_nano.a(lib_a-memcpy-stub.o)
 .data          0x00000000        0x0 c:/program files (x86)/cypress/psoc creator/4.4/psoc creator/import/gnu/arm/5.4.1/bin/../lib/gcc/arm-none-eabi/5.4.1/../../../../arm-none-eabi/lib/armv7-m\libg_nano.a(lib_a-memcpy-stub.o)
 .bss           0x00000000        0x0 c:/program files (x86)/cypress/psoc creator/4.4/psoc creator/import/gnu/arm/5.4.1/bin/../lib/gcc/arm-none-eabi/5.4.1/../../../../arm-none-eabi/lib/armv7-m\libg_nano.a(lib_a-memcpy-stub.o)

Memory Configuration

Name             Origin             Length             Attributes
rom              0x00000000         0x00040000         xr
ram              0x1fff8000         0x00010000         xrw
*default*        0x00000000         0xffffffff

Linker script and memory map

LOAD c:/program files (x86)/cypress/psoc creator/4.4/psoc creator/import/gnu/arm/5.4.1/bin/../lib/gcc/arm-none-eabi/5.4.1/armv7-m/crti.o
LOAD c:/program files (x86)/cypress/psoc creator/4.4/psoc creator/import/gnu/arm/5.4.1/bin/../lib/gcc/arm-none-eabi/5.4.1/armv7-m/crtbegin.o
LOAD c:/program files (x86)/cypress/psoc creator/4.4/psoc creator/import/gnu/arm/5.4.1/bin/../lib/gcc/arm-none-eabi/5.4.1/../../../../arm-none-eabi/lib/armv7-m/crt0.o
START GROUP
LOAD .\CortexM3\ARM_GCC_541\Debug\main.o
LOAD C:\Users\elias\AppData\Local\Temp\ccHot7gq.ltrans0.ltrans.o
LOAD C:\Users\elias\AppData\Local\Temp\ccHot7gq.ltrans1.ltrans.o
LOAD C:\Users\elias\AppData\Local\Temp\ccHot7gq.ltrans2.ltrans.o
LOAD C:\Users\elias\AppData\Local\Temp\ccHot7gq.ltrans3.ltrans.o
LOAD C:\Users\elias\AppData\Local\Temp\ccHot7gq.ltrans4.ltrans.o
LOAD C:\Users\elias\AppData\Local\Temp\ccHot7gq.ltrans5.ltrans.o
LOAD C:\Users\elias\AppData\Local\Temp\ccHot7gq.ltrans6.ltrans.o
LOAD C:\Users\elias\AppData\Local\Temp\ccHot7gq.ltrans7.ltrans.o
LOAD .\CortexM3\ARM_GCC_541\Debug\calibration.o
LOAD .\CortexM3\ARM_GCC_541\Debug\psoc_adc.o
LOAD .\CortexM3\ARM_GCC_541\Debug\psoc_hw.o
LOAD .\CortexM3\ARM_GCC_541\Debug\crc.o
LOAD .\CortexM3\ARM_GCC_541\Debug\psoc_nv.o
LOAD .\CortexM3\ARM_GCC_541\Debug\filter_coeffs.o
LOAD .\CortexM3\ARM_GCC_541\Debug\FIR_adquisition.o
LOAD .\CortexM3\ARM_GCC_541\Debug\FIR_calibration.o
LOAD .\CortexM3\ARM_GCC_541\Debug\psoc_debug.o
LOAD .\CortexM3\ARM_GCC_541\Debug\cyfitter_cfg.o
LOAD .\CortexM3\ARM_GCC_541\Debug\cymetadata.o
LOAD .\CortexM3\ARM_GCC_541\Debug\Cm3Start.o
LOAD .\CortexM3\ARM_GCC_541\Debug\AcondicionamientoAnalogico.a
LOAD C:\Program Files (x86)\Cypress\PSoC Creator\4.4\PSoC Creator\psoc\content\cycomponentlibrary\CyComponentLibrary.cylib\CortexM3\ARM_GCC_541\Debug\CyComponentLibrary.a
END GROUP
START GROUP
LOAD c:/program files (x86)/cypress/psoc creator/4.4/psoc creator/import/gnu/arm/5.4.1/bin/../lib/gcc/arm-none-eabi/5.4.1/armv7-m\libgcc.a
LOAD c:/program files (x86)/cypress/psoc creator/4.4/psoc creator/import/gnu/arm/5.4.1/bin/../lib/gcc/arm-none-eabi/5.4.1/../../../../arm-none-eabi/lib/armv7-m\libg_nano.a
LOAD c:/program files (x86)/cypress/psoc creator/4.4/psoc creator/import/gnu/arm/5.4.1/bin/../lib/gcc/arm-none-eabi/5.4.1/../../../../arm-none-eabi/lib/armv7-m\libc_nano.a
END GROUP
START GROUP
LOAD c:/program files (x86)/cypress/psoc creator/4.4/psoc creator/import/gnu/arm/5.4.1/bin/../lib/gcc/arm-none-eabi/5.4.1/armv7-m\libgcc.a
LOAD c:/program files (x86)/cypress/psoc creator/4.4/psoc creator/import/gnu/arm/5.4.1/bin/../lib/gcc/arm-none-eabi/5.4.1/../../../../arm-none-eabi/lib/armv7-m\libc_nano.a
END GROUP
LOAD c:/program files (x86)/cypress/psoc creator/4.4/psoc creator/import/gnu/arm/5.4.1/bin/../lib/gcc/arm-none-eabi/5.4.1/armv7-m/crtend.o
LOAD c:/program files (x86)/cypress/psoc creator/4.4/psoc creator/import/gnu/arm/5.4.1/bin/../lib/gcc/arm-none-eabi/5.4.1/armv7-m/crtn.o
START GROUP
LOAD c:/program files (x86)/cypress/psoc creator/4.4/psoc creator/import/gnu/arm/5.4.1/bin/../lib/gcc/arm-none-eabi/5.4.1/armv7-m\libgcc.a
LOAD c:/program files (x86)/cypress/psoc creator/4.4/psoc creator/import/gnu/arm/5.4.1/bin/../lib/gcc/arm-none-eabi/5.4.1/../../../../arm-none-eabi/lib/armv7-m\libc.a
LOAD c:/program files (x86)/cypress/psoc creator/4.4/psoc creator/import/gnu/arm/5.4.1/bin/../lib/gcc/arm-none-eabi/5.4.1/../../../../arm-none-eabi/lib/armv7-m\libnosys.a
END GROUP
                0x00000000                CY_APPL_ORIGIN = 0x0
                0x00000100                CY_FLASH_ROW_SIZE = 0x100
                0x00000020                CY_ECC_ROW_SIZE = 0x20
                0x00000000                CY_EE_IN_BTLDR = 0x0
                0x00000000                CY_APPL_LOADABLE = 0x0
                0x00000800                CY_EE_SIZE = 0x800
                0x00000001                CY_APPL_NUM = 0x1
                0x00000001                CY_APPL_MAX = 0x1
                0x00000040                CY_METADATA_SIZE = 0x40
                0x00000000                CY_APPL_LOADABLE = 0x0
                0x00000000                CY_CHECKSUM_EXCLUDE_SIZE = ALIGN (0x0, CY_FLASH_ROW_SIZE)
                [!provide]                PROVIDE (__cy_heap_start, _end)
                0x00000001                PROVIDE (__cy_region_num, ((__cy_regions_end - __cy_regions) / 0x10))
                0x20008000                PROVIDE (__cy_stack, (ORIGIN (ram) + LENGTH (ram)))
                [!provide]                PROVIDE (__cy_heap_end, (__cy_stack - 0x800))

.cybootloader   0x00000000        0x0
 *(.cybootloader)
                0x00000000                appl1_start = CY_APPL_ORIGIN?CY_APPL_ORIGIN:ALIGN (CY_FLASH_ROW_SIZE)
                0x0001ff00                appl2_start = (appl1_start + ALIGN ((((LENGTH (rom) - appl1_start) - (0x2 * CY_FLASH_ROW_SIZE)) / 0x2), CY_FLASH_ROW_SIZE))
                0x00000000                appl_start = (CY_APPL_NUM == 0x1)?appl1_start:appl2_start
                0x00000000                ecc_offset = ((appl_start / CY_FLASH_ROW_SIZE) * CY_ECC_ROW_SIZE)
                0x00000000                ee_offset = (CY_APPL_LOADABLE && ! (CY_EE_IN_BTLDR))?((CY_EE_SIZE / CY_APPL_MAX) * (CY_APPL_NUM - 0x1)):0x0
                0x00000800                ee_size = (CY_APPL_LOADABLE && ! (CY_EE_IN_BTLDR))?(CY_EE_SIZE / CY_APPL_MAX):CY_EE_SIZE
                [!provide]                PROVIDE (CY_ECC_OFFSET, ecc_offset)

.text           0x00000000     0x6ede
 CREATE_OBJECT_SYMBOLS
                0x00000000                PROVIDE (__cy_interrupt_vector, RomVectors)
 *(.romvectors)
 .romvectors    0x00000000       0x10 C:\Users\elias\AppData\Local\Temp\ccHot7gq.ltrans6.ltrans.o
                0x00000000                RomVectors
                0x00000001                ASSERT ((. != __cy_interrupt_vector), No interrupt vector)
                0x00000001                ASSERT (CY_APPL_ORIGIN?(SIZEOF (.cybootloader) <= CY_APPL_ORIGIN):0x1, Wrong image location)
                0x00000010                PROVIDE (__cy_reset, Reset)
 *(.text.Reset)
 .text.Reset    0x00000010       0x64 C:\Users\elias\AppData\Local\Temp\ccHot7gq.ltrans6.ltrans.o
                0x00000010                Reset
                0x00000001                ASSERT ((. != __cy_reset), No reset code)
 *(.dma_init)
                0x00000001                ASSERT ((((appl_start + .) <= 0x10000) || 0x1), DMA Init must be within the first 64k of flash)
 *(.text .text.* .gnu.linkonce.t.*)
 .text          0x00000074       0x5c c:/program files (x86)/cypress/psoc creator/4.4/psoc creator/import/gnu/arm/5.4.1/bin/../lib/gcc/arm-none-eabi/5.4.1/armv7-m/crtbegin.o
 .text.uart_service.lto_priv.103
                0x000000d0     0x1db8 C:\Users\elias\AppData\Local\Temp\ccHot7gq.ltrans0.ltrans.o
                0x000000d0                uart_service.lto_priv.103
 .text.service_runtime.lto_priv.94
                0x00001e88     0x1230 C:\Users\elias\AppData\Local\Temp\ccHot7gq.ltrans1.ltrans.o
                0x00001e88                service_runtime.lto_priv.94
 .text.startup.main
                0x000030b8     0x10c0 C:\Users\elias\AppData\Local\Temp\ccHot7gq.ltrans2.ltrans.o
                0x000030b8                main
 .text.IntDefaultHandler
                0x00004178       0x10 C:\Users\elias\AppData\Local\Temp\ccHot7gq.ltrans3.ltrans.o
                0x00004178                IntDefaultHandler
 .text.psoc_calibration_start_async.part.8.lto_priv.118
                0x00004188      0x788 C:\Users\elias\AppData\Local\Temp\ccHot7gq.ltrans3.ltrans.o
                0x00004188                psoc_calibration_start_async.part.8.lto_priv.118
 .text.cal_pi_finish_stage.lto_priv.101
                0x00004910      0x14c C:\Users\elias\AppData\Local\Temp\ccHot7gq.ltrans3.ltrans.o
                0x00004910                cal_pi_finish_stage.lto_priv.101
 .text.isr_Button_Handler
                0x00004a5c       0x18 C:\Users\elias\AppData\Local\Temp\ccHot7gq.ltrans4.ltrans.o
                0x00004a5c                isr_Button_Handler
 .text.isr_Timer
                0x00004a74      0x11c C:\Users\elias\AppData\Local\Temp\ccHot7gq.ltrans4.ltrans.o
                0x00004a74                isr_Timer
 .text.isr_DMA_Filter_RAM_Handler
                0x00004b90      0x148 C:\Users\elias\AppData\Local\Temp\ccHot7gq.ltrans4.ltrans.o
                0x00004b90                isr_DMA_Filter_RAM_Handler
 .text.isr_DMA_DelSig_RAM_Handler
                0x00004cd8      0x150 C:\Users\elias\AppData\Local\Temp\ccHot7gq.ltrans4.ltrans.o
                0x00004cd8                isr_DMA_DelSig_RAM_Handler
 .text.uart_send_diag.lto_priv.65
                0x00004e28       0xe0 C:\Users\elias\AppData\Local\Temp\ccHot7gq.ltrans4.ltrans.o
                0x00004e28                uart_send_diag.lto_priv.65
 .text.service_button_calibration.lto_priv.95
                0x00004f08      0x18c C:\Users\elias\AppData\Local\Temp\ccHot7gq.ltrans4.ltrans.o
                0x00004f08                service_button_calibration.lto_priv.95
 .text.psoc_enter_sampling.lto_priv.117
                0x00005094       0xe8 C:\Users\elias\AppData\Local\Temp\ccHot7gq.ltrans4.ltrans.o
                0x00005094                psoc_enter_sampling.lto_priv.117
 .text.isr_SyncIn
                0x0000517c      0x164 C:\Users\elias\AppData\Local\Temp\ccHot7gq.ltrans4.ltrans.o
                0x0000517c                isr_SyncIn
 .text.psoc_prepare_capture_path.lto_priv.96
                0x000052e0      0x120 C:\Users\elias\AppData\Local\Temp\ccHot7gq.ltrans4.ltrans.o
                0x000052e0                psoc_prepare_capture_path.lto_priv.96
 .text.unlikely.UART_PutArray.constprop.59
                0x00005400       0x8c C:\Users\elias\AppData\Local\Temp\ccHot7gq.ltrans5.ltrans.o
                0x00005400                UART_PutArray.constprop.59
 .text.uart_send_diag.constprop.54
                0x0000548c       0xc8 C:\Users\elias\AppData\Local\Temp\ccHot7gq.ltrans5.ltrans.o
                0x0000548c                uart_send_diag.constprop.54
 .text.psoc_seed_calibration_from_nv.constprop.51
                0x00005554      0x2a4 C:\Users\elias\AppData\Local\Temp\ccHot7gq.ltrans5.ltrans.o
                0x00005554                psoc_seed_calibration_from_nv.constprop.51
 .text.CyDmaChEnable.constprop.49
                0x000057f8       0x24 C:\Users\elias\AppData\Local\Temp\ccHot7gq.ltrans5.ltrans.o
                0x000057f8                CyDmaChEnable.constprop.49
 .text.CyDmaChPriority.constprop.46
                0x0000581c       0x20 C:\Users\elias\AppData\Local\Temp\ccHot7gq.ltrans5.ltrans.o
                0x0000581c                CyDmaChPriority.constprop.46
 .text.AMux_ADC_Unset.constprop.30
                0x0000583c       0x48 C:\Users\elias\AppData\Local\Temp\ccHot7gq.ltrans5.ltrans.o
                0x0000583c                AMux_ADC_Unset.constprop.30
 .text.PGAn_SetGain.constprop.4
                0x00005884       0x30 C:\Users\elias\AppData\Local\Temp\ccHot7gq.ltrans5.ltrans.o
                0x00005884                PGAn_SetGain.constprop.4
 .text.PGAp_SetGain.constprop.3
                0x000058b4       0x30 C:\Users\elias\AppData\Local\Temp\ccHot7gq.ltrans5.ltrans.o
                0x000058b4                PGAp_SetGain.constprop.3
 .text.CySetTempInt.lto_priv.97
                0x000058e4      0x110 C:\Users\elias\AppData\Local\Temp\ccHot7gq.ltrans5.ltrans.o
                0x000058e4                CySetTempInt.lto_priv.97
 .text.PGAgain_SetGain
                0x000059f4       0x78 C:\Users\elias\AppData\Local\Temp\ccHot7gq.ltrans5.ltrans.o
                0x000059f4                PGAgain_SetGain
 .text.psoc_calibration_servo_abort
                0x00005a6c        0x4 C:\Users\elias\AppData\Local\Temp\ccHot7gq.ltrans5.ltrans.o
                0x00005a6c                psoc_calibration_servo_abort
                0x00005a6c                ADC_ISR1
 .text.ADC_Stop
                0x00005a70       0xfc C:\Users\elias\AppData\Local\Temp\ccHot7gq.ltrans5.ltrans.o
                0x00005a70                ADC_Stop
 .text.UART_TXISR
                0x00005b6c       0x68 C:\Users\elias\AppData\Local\Temp\ccHot7gq.ltrans6.ltrans.o
                0x00005b6c                UART_TXISR
 .text.UART_RXISR
                0x00005bd4       0x68 C:\Users\elias\AppData\Local\Temp\ccHot7gq.ltrans6.ltrans.o
                0x00005bd4                UART_RXISR
 .text.ADC_Start
                0x00005c3c      0x4e8 C:\Users\elias\AppData\Local\Temp\ccHot7gq.ltrans6.ltrans.o
                0x00005c3c                ADC_Start
 .text.Timer_Stop
                0x00006124       0x2c C:\Users\elias\AppData\Local\Temp\ccHot7gq.ltrans6.ltrans.o
                0x00006124                Timer_Stop
 .text.Timer_Start
                0x00006150       0xb4 C:\Users\elias\AppData\Local\Temp\ccHot7gq.ltrans6.ltrans.o
                0x00006150                Timer_Start
 .text.CyDmaTdAllocate
                0x00006204       0x34 C:\Users\elias\AppData\Local\Temp\ccHot7gq.ltrans6.ltrans.o
                0x00006204                CyDmaTdAllocate
 .text.startup.initialize_psoc
                0x00006238      0x43c C:\Users\elias\AppData\Local\Temp\ccHot7gq.ltrans6.ltrans.o
 .text.cal_vdac_geo_lp.lto_priv.75
                0x00006674        0xc C:\Users\elias\AppData\Local\Temp\ccHot7gq.ltrans7.ltrans.o
                0x00006674                cal_vdac_geo_lp.lto_priv.75
 .text.cal_vdac_geo_adder.lto_priv.74
                0x00006680        0xc C:\Users\elias\AppData\Local\Temp\ccHot7gq.ltrans7.ltrans.o
                0x00006680                cal_vdac_geo_adder.lto_priv.74
 .text.cal_vdac_geo_bp.lto_priv.73
                0x0000668c        0xc C:\Users\elias\AppData\Local\Temp\ccHot7gq.ltrans7.ltrans.o
                0x0000668c                cal_vdac_geo_bp.lto_priv.73
 .text.cal_vdac_geo_pga.lto_priv.72
                0x00006698        0xc C:\Users\elias\AppData\Local\Temp\ccHot7gq.ltrans7.ltrans.o
                0x00006698                cal_vdac_geo_pga.lto_priv.72
 .text.cal_async_complete.lto_priv.104
                0x000066a4      0x270 C:\Users\elias\AppData\Local\Temp\ccHot7gq.ltrans7.ltrans.o
                0x000066a4                cal_async_complete.lto_priv.104
 .text.cal_pi_finalize_stage.lto_priv.82
                0x00006914      0x19c C:\Users\elias\AppData\Local\Temp\ccHot7gq.ltrans7.ltrans.o
                0x00006914                cal_pi_finalize_stage.lto_priv.82
 .text          0x00006ab0       0x20 .\CortexM3\ARM_GCC_541\Debug\AcondicionamientoAnalogico.a(CyBootAsmGnu.o)
                0x00006ab0                CyDelayCycles
                0x00006ac0                CyEnterCriticalSection
                0x00006ac8                CyExitCriticalSection
 .text.__errno  0x00006ad0        0xc c:/program files (x86)/cypress/psoc creator/4.4/psoc creator/import/gnu/arm/5.4.1/bin/../lib/gcc/arm-none-eabi/5.4.1/../../../../arm-none-eabi/lib/armv7-m\libg_nano.a(lib_a-errno.o)
                0x00006ad0                __errno
 .text.__libc_init_array
                0x00006adc       0x4c c:/program files (x86)/cypress/psoc creator/4.4/psoc creator/import/gnu/arm/5.4.1/bin/../lib/gcc/arm-none-eabi/5.4.1/../../../../arm-none-eabi/lib/armv7-m\libg_nano.a(lib_a-init.o)
                0x00006adc                __libc_init_array
 .text.memset   0x00006b28       0x10 c:/program files (x86)/cypress/psoc creator/4.4/psoc creator/import/gnu/arm/5.4.1/bin/../lib/gcc/arm-none-eabi/5.4.1/../../../../arm-none-eabi/lib/armv7-m\libg_nano.a(lib_a-memset.o)
                0x00006b28                memset
 .text          0x00006b38       0xa0 c:/program files (x86)/cypress/psoc creator/4.4/psoc creator/import/gnu/arm/5.4.1/bin/../lib/gcc/arm-none-eabi/5.4.1/armv7-m\libgcc.a(_aeabi_ldivmod.o)
                0x00006b38                __aeabi_ldivmod
 .text          0x00006bd8      0x2ec c:/program files (x86)/cypress/psoc creator/4.4/psoc creator/import/gnu/arm/5.4.1/bin/../lib/gcc/arm-none-eabi/5.4.1/armv7-m\libgcc.a(_udivmoddi4.o)
                0x00006bd8                __udivmoddi4
 .text          0x00006ec4        0x4 c:/program files (x86)/cypress/psoc creator/4.4/psoc creator/import/gnu/arm/5.4.1/bin/../lib/gcc/arm-none-eabi/5.4.1/armv7-m\libgcc.a(_dvmd_tls.o)
                0x00006ec4                __aeabi_idiv0
                0x00006ec4                __aeabi_ldiv0
 .text.memcpy   0x00006ec8       0x16 c:/program files (x86)/cypress/psoc creator/4.4/psoc creator/import/gnu/arm/5.4.1/bin/../lib/gcc/arm-none-eabi/5.4.1/../../../../arm-none-eabi/lib/armv7-m\libg_nano.a(lib_a-memcpy-stub.o)
                0x00006ec8                memcpy
 *(.plt)
 *(.gnu.warning)
 *(.glue_7t)
 .glue_7t       0x00006ede        0x0 linker stubs
 *(.glue_7)
 .glue_7        0x00006ede        0x0 linker stubs
 *(.vfp11_veneer)
 .vfp11_veneer  0x00006ede        0x0 linker stubs
 *(.bootloader)
 *(.ARM.extab* .gnu.linkonce.armextab.*)
 *(.gcc_except_table)

.v4_bx          0x00006ee0        0x0
 .v4_bx         0x00006ee0        0x0 linker stubs

.iplt           0x00006ee0        0x0
 .iplt          0x00006ee0        0x0 c:/program files (x86)/cypress/psoc creator/4.4/psoc creator/import/gnu/arm/5.4.1/bin/../lib/gcc/arm-none-eabi/5.4.1/armv7-m/crtbegin.o

.eh_frame_hdr
 *(.eh_frame_hdr)

.eh_frame       0x00006ee0        0x4
 *(.eh_frame)
 .eh_frame      0x00006ee0        0x0 c:/program files (x86)/cypress/psoc creator/4.4/psoc creator/import/gnu/arm/5.4.1/bin/../lib/gcc/arm-none-eabi/5.4.1/armv7-m/crtbegin.o
 .eh_frame      0x00006ee0        0x4 c:/program files (x86)/cypress/psoc creator/4.4/psoc creator/import/gnu/arm/5.4.1/bin/../lib/gcc/arm-none-eabi/5.4.1/armv7-m/crtend.o
                [!provide]                PROVIDE (__exidx_start, .)

.ARM.exidx      0x00006ee4        0x8
 *(.ARM.exidx* .gnu.linkonce.armexidx.*)
 .ARM.exidx     0x00006ee4        0x8 c:/program files (x86)/cypress/psoc creator/4.4/psoc creator/import/gnu/arm/5.4.1/bin/../lib/gcc/arm-none-eabi/5.4.1/armv7-m\libgcc.a(_udivmoddi4.o)
                0x00006eec                __exidx_end = .

.rodata         0x00006eec      0xa0c
 *(.rodata .rodata.* .gnu.linkonce.r.*)
 .rodata        0x00006eec       0x15 C:\Users\elias\AppData\Local\Temp\ccHot7gq.ltrans0.ltrans.o
 *fill*         0x00006f01        0x3 
 .rodata        0x00006f04      0x244 C:\Users\elias\AppData\Local\Temp\ccHot7gq.ltrans2.ltrans.o
                0x00007144                g_ping_frame.lto_priv.108
 .rodata        0x00007148      0x498 C:\Users\elias\AppData\Local\Temp\ccHot7gq.ltrans3.ltrans.o
                0x00007148                g_cal_pi_cfg.lto_priv.100
                0x000071c8                CSWTCH.2.lto_priv.102
                0x000071d8                Filter_data_a
                0x000073d8                g_fir_calibration_coeffs_q23
                0x000073d8                Filter_data_b
                0x000075d8                cydelay_freq_khz
                0x000075dc                cydelay_32k_ms
 .rodata        0x000075e0       0x8c C:\Users\elias\AppData\Local\Temp\ccHot7gq.ltrans5.ltrans.o
                0x000075e0                g_psoc_cal_stages.lto_priv.76
                0x00007645                cydelay_freq_mhz
                0x00007648                AMux_ADC__innerMap.lto_priv.80
                0x00007650                AMux_ADC__outerMask.lto_priv.79
                0x00007658                AMux_ADC__outerAddr.lto_priv.78
 .rodata.str1.4
                0x0000766c       0x24 C:\Users\elias\AppData\Local\Temp\ccHot7gq.ltrans5.ltrans.o
                                 0x23 (size before relaxing)
 .rodata        0x00007690       0x2a C:\Users\elias\AppData\Local\Temp\ccHot7gq.ltrans6.ltrans.o
 *fill*         0x000076ba        0x2 
 .rodata        0x000076bc      0x200 C:\Users\elias\AppData\Local\Temp\ccHot7gq.ltrans7.ltrans.o
                0x000076bc                g_fir_adquisition_coeffs_q23
 .rodata.str1.1
                0x000078bc        0x2 c:/program files (x86)/cypress/psoc creator/4.4/psoc creator/import/gnu/arm/5.4.1/bin/../lib/gcc/arm-none-eabi/5.4.1/../../../../arm-none-eabi/lib/armv7-m\libg_nano.a(lib_a-impure.o)
                0x000078c0                . = ALIGN (0x4)
 *fill*         0x000078be        0x2 
 *(.init)
 .init          0x000078c0        0x4 c:/program files (x86)/cypress/psoc creator/4.4/psoc creator/import/gnu/arm/5.4.1/bin/../lib/gcc/arm-none-eabi/5.4.1/armv7-m/crti.o
                0x000078c0                _init
 .init          0x000078c4        0x8 c:/program files (x86)/cypress/psoc creator/4.4/psoc creator/import/gnu/arm/5.4.1/bin/../lib/gcc/arm-none-eabi/5.4.1/armv7-m/crtn.o
                0x000078cc                . = ALIGN (0x4)
                0x000078cc                __preinit_array_start = .
 *(.preinit_array)
                0x000078cc                __preinit_array_end = .
                0x000078cc                . = ALIGN (0x4)
                0x000078cc                __init_array_start = .
 *(SORT(.init_array.*))
 *(.init_array)
 .init_array    0x000078cc        0x4 c:/program files (x86)/cypress/psoc creator/4.4/psoc creator/import/gnu/arm/5.4.1/bin/../lib/gcc/arm-none-eabi/5.4.1/armv7-m/crtbegin.o
 .init_array    0x000078d0        0x4 C:\Users\elias\AppData\Local\Temp\ccHot7gq.ltrans6.ltrans.o
                0x000078d4                __init_array_end = .
                0x000078d4                . = ALIGN (0x4)
 *(.fini)
 .fini          0x000078d4        0x4 c:/program files (x86)/cypress/psoc creator/4.4/psoc creator/import/gnu/arm/5.4.1/bin/../lib/gcc/arm-none-eabi/5.4.1/armv7-m/crti.o
                0x000078d4                _fini
 .fini          0x000078d8        0x8 c:/program files (x86)/cypress/psoc creator/4.4/psoc creator/import/gnu/arm/5.4.1/bin/../lib/gcc/arm-none-eabi/5.4.1/armv7-m/crtn.o
                0x000078e0                . = ALIGN (0x4)
                0x000078e0                __fini_array_start = .
 *(.fini_array)
 .fini_array    0x000078e0        0x4 c:/program files (x86)/cypress/psoc creator/4.4/psoc creator/import/gnu/arm/5.4.1/bin/../lib/gcc/arm-none-eabi/5.4.1/armv7-m/crtbegin.o
 *(SORT(.fini_array.*))
                0x000078e4                __fini_array_end = .
                0x000078e4                . = ALIGN (0x4)
 *crtbegin.o(.ctors)
 *(EXCLUDE_FILE(*crtend.o) .ctors)
 *(SORT(.ctors.*))
 *crtend.o(.ctors)
                0x000078e4                . = ALIGN (0x4)
 *crtbegin.o(.dtors)
 *(EXCLUDE_FILE(*crtend.o) .dtors)
 *(SORT(.dtors.*))
 *crtend.o(.dtors)
                0x000078e4                . = ALIGN (0x4)
                0x000078e4                __cy_regions = .
                0x000078e4        0x4 LONG 0x78f8 __cy_region_init_ram
                0x000078e8        0x4 LONG 0x1fff80c0 __cy_region_start_data
                0x000078ec        0x4 LONG 0x78 __cy_region_init_size_ram
                0x000078f0        0x4 LONG 0xb6e8 __cy_region_zero_size_ram
                0x000078f4                __cy_regions_end = .
                0x000078f8                . = ALIGN (0x8)
 *fill*         0x000078f4        0x4 
                0x000078f8                _etext = .

.cy_checksum_exclude
                0x000078f8        0x0
 *(.cy_checksum_exclude)

.ramvectors     0x1fff8000       0xc0
                0x1fff8000                __cy_region_start_ram = .
 *(.ramvectors)
 .ramvectors    0x1fff8000       0xc0 C:\Users\elias\AppData\Local\Temp\ccHot7gq.ltrans6.ltrans.o
                0x1fff8000                CyRamVectors

.noinit
 *(.noinit)

.data           0x1fff80c0       0x78 load address 0x000078f8
                0x1fff80c0                __cy_region_start_data = .
 *(.jcr)
 .jcr           0x1fff80c0        0x0 c:/program files (x86)/cypress/psoc creator/4.4/psoc creator/import/gnu/arm/5.4.1/bin/../lib/gcc/arm-none-eabi/5.4.1/armv7-m/crtbegin.o
 .jcr           0x1fff80c0        0x4 c:/program files (x86)/cypress/psoc creator/4.4/psoc creator/import/gnu/arm/5.4.1/bin/../lib/gcc/arm-none-eabi/5.4.1/armv7-m/crtend.o
 *(.got.plt)
 *(.got)
 *(.shdata)
 *(.data .data.* .gnu.linkonce.d.*)
 .data          0x1fff80c4        0x3 C:\Users\elias\AppData\Local\Temp\ccHot7gq.ltrans2.ltrans.o
 .data          0x1fff80c7        0x2 C:\Users\elias\AppData\Local\Temp\ccHot7gq.ltrans3.ltrans.o
                0x1fff80c7                g_amux_active_channel.lto_priv.87
                0x1fff80c8                g_psoc_hw_pga_code.lto_priv.92
 .data          0x1fff80c9        0x1 C:\Users\elias\AppData\Local\Temp\ccHot7gq.ltrans5.ltrans.o
                0x1fff80c9                g_pga_code.lto_priv.89
 .data          0x1fff80ca        0x3 C:\Users\elias\AppData\Local\Temp\ccHot7gq.ltrans6.ltrans.o
                0x1fff80ca                ADC_Config
 *fill*         0x1fff80cd        0x3 
 .data.impure_data
                0x1fff80d0       0x60 c:/program files (x86)/cypress/psoc creator/4.4/psoc creator/import/gnu/arm/5.4.1/bin/../lib/gcc/arm-none-eabi/5.4.1/../../../../arm-none-eabi/lib/armv7-m\libg_nano.a(lib_a-impure.o)
 .data._impure_ptr
                0x1fff8130        0x4 c:/program files (x86)/cypress/psoc creator/4.4/psoc creator/import/gnu/arm/5.4.1/bin/../lib/gcc/arm-none-eabi/5.4.1/../../../../arm-none-eabi/lib/armv7-m\libg_nano.a(lib_a-impure.o)
                0x1fff8130                _impure_ptr
                0x1fff8138                . = ALIGN (0x8)
 *fill*         0x1fff8134        0x4 
 *(.ram)
                0x1fff8138                _edata = .

.igot.plt       0x1fff8138        0x0 load address 0x00007970
 .igot.plt      0x1fff8138        0x0 c:/program files (x86)/cypress/psoc creator/4.4/psoc creator/import/gnu/arm/5.4.1/bin/../lib/gcc/arm-none-eabi/5.4.1/armv7-m/crtbegin.o

.bss            0x1fff8138     0xb6e8 load address 0x00007970
                0x1fff8138                PROVIDE (__bss_start__, .)
 *(.shbss)
 *(.bss .bss.* .gnu.linkonce.b.*)
 .bss           0x1fff8138       0x1c c:/program files (x86)/cypress/psoc creator/4.4/psoc creator/import/gnu/arm/5.4.1/bin/../lib/gcc/arm-none-eabi/5.4.1/armv7-m/crtbegin.o
 .bss           0x1fff8154       0x14 C:\Users\elias\AppData\Local\Temp\ccHot7gq.ltrans0.ltrans.o
                0x1fff8154                g_rx_watch_ticks.lto_priv.123
                0x1fff8158                g_n_batches.lto_priv.125
                0x1fff815a                g_batch_fill.lto_priv.119
                0x1fff815c                g_batch_ready.lto_priv.120
                0x1fff8160                g_dbg_cnt.lto_priv.129
                0x1fff8164                g_debug_psoc.lto_priv.122
                0x1fff8166                g_fir_discard.lto_priv.121
 .bss           0x1fff8168     0xb412 C:\Users\elias\AppData\Local\Temp\ccHot7gq.ltrans1.ltrans.o
                0x1fff8168                g_psoc_adc_isr_filtered_ready.lto_priv.114
                0x1fff816c                g_psoc_adc_isr_filtered_counts.lto_priv.127
                0x1fff8170                g_last_calibration_ok.lto_priv.111
                0x1fff8171                g_stream_mode.lto_priv.112
                0x1fff8172                g_cal_ack_pending.lto_priv.115
                0x1fff8173                g_capture_done.lto_priv.110
                0x1fff8174                g_seq.lto_priv.116
                0x1fff8178                g_capture_raw.lto_priv.126
                0x20003578                watchdog_rx.lto_priv.106
                0x20003579                rx_state.lto_priv.105
 *fill*         0x2000357a        0x2 
 .bss           0x2000357c       0x2d C:\Users\elias\AppData\Local\Temp\ccHot7gq.ltrans2.ltrans.o
                0x2000358c                g_dma_raw_buf.lto_priv.128
                0x20003590                g_dma_filt_buf.lto_priv.124
                0x20003593                g_esp_connected.lto_priv.107
                0x20003594                g_batches_sent.lto_priv.99
                0x20003596                g_batches_captured.lto_priv.98
                0x200035a0                g_comm_countdown.lto_priv.113
                0x200035a8                g_pgavdac_code.lto_priv.109
 *fill*         0x200035a9        0x3 
 .bss           0x200035ac       0x4c C:\Users\elias\AppData\Local\Temp\ccHot7gq.ltrans3.ltrans.o
                0x200035ac                g_cal_diag_hook.lto_priv.84
                0x200035b0                g_amux_cap_connected.lto_priv.86
                0x200035b4                g_cal_async.lto_priv.83
                0x200035c4                g_timer_ticks.lto_priv.91
                0x200035c8                g_cal_pi.lto_priv.85
 .bss           0x200035f8      0x120 C:\Users\elias\AppData\Local\Temp\ccHot7gq.ltrans4.ltrans.o
 .bss           0x20003718       0xc6 C:\Users\elias\AppData\Local\Temp\ccHot7gq.ltrans5.ltrans.o
                0x20003718                UART_initVar
                0x20003719                UART_txBufferWrite
                0x2000371a                UART_txBufferRead
                0x2000371c                UART_txBuffer
                0x2000379c                g_state.lto_priv.90
                0x2000379d                g_nv_ready.lto_priv.88
                0x200037a0                g_psoc_cal_results
                0x200037d0                g_psoc_cal_result_count
                0x200037d1                AMux_ADC__armsEnabled.lto_priv.77
                0x200037d4                AMux_ADC__refCnt.lto_priv.81
                0x200037d5                SpcLockState
                0x200037d8                spcWaitPipeBypass.lto_priv.93
                0x200037dc                dieTemperature
 *fill*         0x200037de        0x2 
 .bss           0x200037e0       0x39 C:\Users\elias\AppData\Local\Temp\ccHot7gq.ltrans6.ltrans.o
                0x200037e0                UART_errorStatus
                0x200037e1                UART_rxBufferWrite
                0x200037e4                UART_rxBuffer
                0x20003804                UART_rxBufferLoopDetect
                0x20003806                UART_rxBufferRead
                0x20003809                ADC_convDone
                0x20003810                ADC_stopConversion
                0x20003818                Timer_initVar
 *(COMMON)
                0x20003820                . = ALIGN (0x8)
 *fill*         0x20003819        0x7 
 *(.ram.b)
                0x20003820                _end = .
                0x20003820                __end = .
                0x20003820                PROVIDE (end, .)
                0x20003820                PROVIDE (__bss_end__, .)
                0x000078f8                __cy_region_init_ram = LOADADDR (.data)
                0x00000078                __cy_region_init_size_ram = (_edata - ADDR (.data))
                0x0000b6e8                __cy_region_zero_size_ram = (_end - _edata)

.heap           0x20003820       0x80 load address 0x00007970
                0x20003820                . = _end
                0x200038a0                . = (. + 0x80)
 *fill*         0x20003820       0x80 
                0x200038a0                __cy_heap_limit = .

.stack          0x20007800      0x800
                0x20007800                __cy_stack_limit = .
                0x20008000                . = (. + 0x800)
 *fill*         0x20007800      0x800 
                0x00000001                ASSERT ((__cy_stack_limit >= __cy_heap_limit), region RAM overflowed with stack)
                0x00000000                cy_checksum_exclude_size = (CY_APPL_LOADABLE == 0x1)?SIZEOF (.cy_checksum_exclude):0x0
                0x00000001                ASSERT ((cy_checksum_exclude_size <= CY_CHECKSUM_EXCLUDE_SIZE), CY_BOOT: Section .cy_checksum_exclude size exceedes specified limit.)

.cyloadermeta
 *(.cyloadermeta)

.cyloadablemeta
 *(.cyloadablemeta)

.cyconfigecc    0x80000000      0x530
 *(.cyconfigecc)
 .cyconfigecc   0x80000000      0x530 C:\Users\elias\AppData\Local\Temp\ccHot7gq.ltrans4.ltrans.o
                0x80000000                cy_meta_configecc

.cycustnvl      0x90000000        0x4
 *(.cycustnvl)
 .cycustnvl     0x90000000        0x4 C:\Users\elias\AppData\Local\Temp\ccHot7gq.ltrans4.ltrans.o
                0x90000000                cy_meta_custnvl

.cywolatch      0x90100000        0x4
 *(.cywolatch)
 .cywolatch     0x90100000        0x4 C:\Users\elias\AppData\Local\Temp\ccHot7gq.ltrans4.ltrans.o
                0x90100000                cy_meta_wonvl

.cyeeprom       0x90200000        0x0
 *(.cyeeprom)
                0x00000001                ASSERT ((. <= ((0x90200000 + ee_offset) + ee_size)), .cyeeprom data will not fit in EEPROM)

.cyflashprotect
                0x90400000      0x100
 *(.cyflashprotect)
 .cyflashprotect
                0x90400000      0x100 C:\Users\elias\AppData\Local\Temp\ccHot7gq.ltrans4.ltrans.o
                0x90400000                cy_meta_flashprotect

.cymeta         0x90500000        0xc
 *(.cymeta)
 .cymeta        0x90500000        0xc C:\Users\elias\AppData\Local\Temp\ccHot7gq.ltrans4.ltrans.o
                0x90500000                cy_metadata

.rel.dyn        0x00007970        0x0 load address 0x9050000c
 .rel.iplt      0x00007970        0x0 c:/program files (x86)/cypress/psoc creator/4.4/psoc creator/import/gnu/arm/5.4.1/bin/../lib/gcc/arm-none-eabi/5.4.1/armv7-m/crtbegin.o

.stab
 *(.stab)

.stabstr
 *(.stabstr)

.debug
 *(.debug)

.line
 *(.line)

.debug_srcinfo
 *(.debug_srcinfo)

.debug_sfnames
 *(.debug_sfnames)

.debug_aranges  0x00000000      0x230
 *(.debug_aranges)
 .debug_aranges
                0x00000000       0x20 C:\Users\elias\AppData\Local\Temp\ccHot7gq.ltrans0.ltrans.o
 .debug_aranges
                0x00000020       0x20 C:\Users\elias\AppData\Local\Temp\ccHot7gq.ltrans1.ltrans.o
 .debug_aranges
                0x00000040       0x20 C:\Users\elias\AppData\Local\Temp\ccHot7gq.ltrans2.ltrans.o
 .debug_aranges
                0x00000060       0x30 C:\Users\elias\AppData\Local\Temp\ccHot7gq.ltrans3.ltrans.o
 .debug_aranges
                0x00000090       0x60 C:\Users\elias\AppData\Local\Temp\ccHot7gq.ltrans4.ltrans.o
 .debug_aranges
                0x000000f0       0x78 C:\Users\elias\AppData\Local\Temp\ccHot7gq.ltrans5.ltrans.o
 .debug_aranges
                0x00000168       0x60 C:\Users\elias\AppData\Local\Temp\ccHot7gq.ltrans6.ltrans.o
 .debug_aranges
                0x000001c8       0x48 C:\Users\elias\AppData\Local\Temp\ccHot7gq.ltrans7.ltrans.o
 .debug_aranges
                0x00000210       0x20 .\CortexM3\ARM_GCC_541\Debug\AcondicionamientoAnalogico.a(CyBootAsmGnu.o)

.debug_pubnames
 *(.debug_pubnames)

.debug_info     0x00000000     0xcf36
 *(.debug_info .gnu.linkonce.wi.*)
 .debug_info    0x00000000     0x2e76 C:\Users\elias\AppData\Local\Temp\ccHot7gq.ltrans0.ltrans.o
 .debug_info    0x00002e76     0x2003 C:\Users\elias\AppData\Local\Temp\ccHot7gq.ltrans1.ltrans.o
 .debug_info    0x00004e79     0x2c61 C:\Users\elias\AppData\Local\Temp\ccHot7gq.ltrans2.ltrans.o
 .debug_info    0x00007ada     0x182a C:\Users\elias\AppData\Local\Temp\ccHot7gq.ltrans3.ltrans.o
 .debug_info    0x00009304      0xfca C:\Users\elias\AppData\Local\Temp\ccHot7gq.ltrans4.ltrans.o
 .debug_info    0x0000a2ce     0x12d0 C:\Users\elias\AppData\Local\Temp\ccHot7gq.ltrans5.ltrans.o
 .debug_info    0x0000b59e      0xdb7 C:\Users\elias\AppData\Local\Temp\ccHot7gq.ltrans6.ltrans.o
 .debug_info    0x0000c355      0xb59 C:\Users\elias\AppData\Local\Temp\ccHot7gq.ltrans7.ltrans.o
 .debug_info    0x0000ceae       0x88 .\CortexM3\ARM_GCC_541\Debug\AcondicionamientoAnalogico.a(CyBootAsmGnu.o)

.debug_abbrev   0x00000000     0x1ea8
 *(.debug_abbrev)
 .debug_abbrev  0x00000000      0x3d6 C:\Users\elias\AppData\Local\Temp\ccHot7gq.ltrans0.ltrans.o
 .debug_abbrev  0x000003d6      0x3e5 C:\Users\elias\AppData\Local\Temp\ccHot7gq.ltrans1.ltrans.o
 .debug_abbrev  0x000007bb      0x39c C:\Users\elias\AppData\Local\Temp\ccHot7gq.ltrans2.ltrans.o
 .debug_abbrev  0x00000b57      0x444 C:\Users\elias\AppData\Local\Temp\ccHot7gq.ltrans3.ltrans.o
 .debug_abbrev  0x00000f9b      0x408 C:\Users\elias\AppData\Local\Temp\ccHot7gq.ltrans4.ltrans.o
 .debug_abbrev  0x000013a3      0x39e C:\Users\elias\AppData\Local\Temp\ccHot7gq.ltrans5.ltrans.o
 .debug_abbrev  0x00001741      0x419 C:\Users\elias\AppData\Local\Temp\ccHot7gq.ltrans6.ltrans.o
 .debug_abbrev  0x00001b5a      0x33a C:\Users\elias\AppData\Local\Temp\ccHot7gq.ltrans7.ltrans.o
 .debug_abbrev  0x00001e94       0x14 .\CortexM3\ARM_GCC_541\Debug\AcondicionamientoAnalogico.a(CyBootAsmGnu.o)

.debug_line     0x00000000     0x3f4a
 *(.debug_line)
 .debug_line    0x00000000      0xe5f C:\Users\elias\AppData\Local\Temp\ccHot7gq.ltrans0.ltrans.o
 .debug_line    0x00000e5f      0x896 C:\Users\elias\AppData\Local\Temp\ccHot7gq.ltrans1.ltrans.o
 .debug_line    0x000016f5      0xd79 C:\Users\elias\AppData\Local\Temp\ccHot7gq.ltrans2.ltrans.o
 .debug_line    0x0000246e      0x4b8 C:\Users\elias\AppData\Local\Temp\ccHot7gq.ltrans3.ltrans.o
 .debug_line    0x00002926      0x65f C:\Users\elias\AppData\Local\Temp\ccHot7gq.ltrans4.ltrans.o
 .debug_line    0x00002f85      0x5cd C:\Users\elias\AppData\Local\Temp\ccHot7gq.ltrans5.ltrans.o
 .debug_line    0x00003552      0x649 C:\Users\elias\AppData\Local\Temp\ccHot7gq.ltrans6.ltrans.o
 .debug_line    0x00003b9b      0x349 C:\Users\elias\AppData\Local\Temp\ccHot7gq.ltrans7.ltrans.o
 .debug_line    0x00003ee4       0x66 .\CortexM3\ARM_GCC_541\Debug\AcondicionamientoAnalogico.a(CyBootAsmGnu.o)

.debug_frame    0x00000000      0x75c
 *(.debug_frame)
 .debug_frame   0x00000000       0x40 C:\Users\elias\AppData\Local\Temp\ccHot7gq.ltrans0.ltrans.o
 .debug_frame   0x00000040       0x64 C:\Users\elias\AppData\Local\Temp\ccHot7gq.ltrans1.ltrans.o
 .debug_frame   0x000000a4       0x2c C:\Users\elias\AppData\Local\Temp\ccHot7gq.ltrans2.ltrans.o
 .debug_frame   0x000000d0       0xa0 C:\Users\elias\AppData\Local\Temp\ccHot7gq.ltrans3.ltrans.o
 .debug_frame   0x00000170      0x158 C:\Users\elias\AppData\Local\Temp\ccHot7gq.ltrans4.ltrans.o
 .debug_frame   0x000002c8      0x178 C:\Users\elias\AppData\Local\Temp\ccHot7gq.ltrans5.ltrans.o
 .debug_frame   0x00000440      0x12c C:\Users\elias\AppData\Local\Temp\ccHot7gq.ltrans6.ltrans.o
 .debug_frame   0x0000056c       0x98 C:\Users\elias\AppData\Local\Temp\ccHot7gq.ltrans7.ltrans.o
 .debug_frame   0x00000604       0x20 c:/program files (x86)/cypress/psoc creator/4.4/psoc creator/import/gnu/arm/5.4.1/bin/../lib/gcc/arm-none-eabi/5.4.1/../../../../arm-none-eabi/lib/armv7-m\libg_nano.a(lib_a-errno.o)
 .debug_frame   0x00000624       0x28 c:/program files (x86)/cypress/psoc creator/4.4/psoc creator/import/gnu/arm/5.4.1/bin/../lib/gcc/arm-none-eabi/5.4.1/../../../../arm-none-eabi/lib/armv7-m\libg_nano.a(lib_a-exit.o)
 .debug_frame   0x0000064c       0x2c c:/program files (x86)/cypress/psoc creator/4.4/psoc creator/import/gnu/arm/5.4.1/bin/../lib/gcc/arm-none-eabi/5.4.1/../../../../arm-none-eabi/lib/armv7-m\libg_nano.a(lib_a-init.o)
 .debug_frame   0x00000678       0x20 c:/program files (x86)/cypress/psoc creator/4.4/psoc creator/import/gnu/arm/5.4.1/bin/../lib/gcc/arm-none-eabi/5.4.1/../../../../arm-none-eabi/lib/armv7-m\libg_nano.a(lib_a-memset.o)
 .debug_frame   0x00000698       0x20 c:/program files (x86)/cypress/psoc creator/4.4/psoc creator/import/gnu/arm/5.4.1/bin/../lib/gcc/arm-none-eabi/5.4.1/../../../../arm-none-eabi/lib/armv7-m\libnosys.a(_exit.o)
 .debug_frame   0x000006b8       0x44 c:/program files (x86)/cypress/psoc creator/4.4/psoc creator/import/gnu/arm/5.4.1/bin/../lib/gcc/arm-none-eabi/5.4.1/armv7-m\libgcc.a(_aeabi_ldivmod.o)
 .debug_frame   0x000006fc       0x38 c:/program files (x86)/cypress/psoc creator/4.4/psoc creator/import/gnu/arm/5.4.1/bin/../lib/gcc/arm-none-eabi/5.4.1/armv7-m\libgcc.a(_udivmoddi4.o)
 .debug_frame   0x00000734       0x28 c:/program files (x86)/cypress/psoc creator/4.4/psoc creator/import/gnu/arm/5.4.1/bin/../lib/gcc/arm-none-eabi/5.4.1/../../../../arm-none-eabi/lib/armv7-m\libg_nano.a(lib_a-memcpy-stub.o)

.debug_str      0x00000000     0x344a
 *(.debug_str)
 .debug_str     0x00000000      0xca6 C:\Users\elias\AppData\Local\Temp\ccHot7gq.ltrans0.ltrans.o
                                0xd85 (size before relaxing)
 .debug_str     0x00000ca6      0x658 C:\Users\elias\AppData\Local\Temp\ccHot7gq.ltrans1.ltrans.o
                                0xc49 (size before relaxing)
 .debug_str     0x000012fe      0xde7 C:\Users\elias\AppData\Local\Temp\ccHot7gq.ltrans2.ltrans.o
                               0x1395 (size before relaxing)
 .debug_str     0x000020e5      0x48f C:\Users\elias\AppData\Local\Temp\ccHot7gq.ltrans3.ltrans.o
                                0xc5f (size before relaxing)
 .debug_str     0x00002574      0x363 C:\Users\elias\AppData\Local\Temp\ccHot7gq.ltrans4.ltrans.o
                                0x89b (size before relaxing)
 .debug_str     0x000028d7      0x58d C:\Users\elias\AppData\Local\Temp\ccHot7gq.ltrans5.ltrans.o
                                0xb01 (size before relaxing)
 .debug_str     0x00002e64      0x448 C:\Users\elias\AppData\Local\Temp\ccHot7gq.ltrans6.ltrans.o
                                0x743 (size before relaxing)
 .debug_str     0x000032ac      0x19e C:\Users\elias\AppData\Local\Temp\ccHot7gq.ltrans7.ltrans.o
                                0x607 (size before relaxing)

.debug_loc      0x00000000     0x7c60
 *(.debug_loc)
 .debug_loc     0x00000000     0x2267 C:\Users\elias\AppData\Local\Temp\ccHot7gq.ltrans0.ltrans.o
 .debug_loc     0x00002267     0x19f6 C:\Users\elias\AppData\Local\Temp\ccHot7gq.ltrans1.ltrans.o
 .debug_loc     0x00003c5d     0x1487 C:\Users\elias\AppData\Local\Temp\ccHot7gq.ltrans2.ltrans.o
 .debug_loc     0x000050e4      0xf77 C:\Users\elias\AppData\Local\Temp\ccHot7gq.ltrans3.ltrans.o
 .debug_loc     0x0000605b      0x489 C:\Users\elias\AppData\Local\Temp\ccHot7gq.ltrans4.ltrans.o
 .debug_loc     0x000064e4      0x8bc C:\Users\elias\AppData\Local\Temp\ccHot7gq.ltrans5.ltrans.o
 .debug_loc     0x00006da0      0x89f C:\Users\elias\AppData\Local\Temp\ccHot7gq.ltrans6.ltrans.o
 .debug_loc     0x0000763f      0x621 C:\Users\elias\AppData\Local\Temp\ccHot7gq.ltrans7.ltrans.o

.debug_macinfo
 *(.debug_macinfo)

.debug_ranges   0x00000000     0x4640
 *(.debug_ranges)
 .debug_ranges  0x00000000     0x1058 C:\Users\elias\AppData\Local\Temp\ccHot7gq.ltrans0.ltrans.o
 .debug_ranges  0x00001058      0xd20 C:\Users\elias\AppData\Local\Temp\ccHot7gq.ltrans1.ltrans.o
 .debug_ranges  0x00001d78     0x11b0 C:\Users\elias\AppData\Local\Temp\ccHot7gq.ltrans2.ltrans.o
 .debug_ranges  0x00002f28      0x5c0 C:\Users\elias\AppData\Local\Temp\ccHot7gq.ltrans3.ltrans.o
 .debug_ranges  0x000034e8      0x6a8 C:\Users\elias\AppData\Local\Temp\ccHot7gq.ltrans4.ltrans.o
 .debug_ranges  0x00003b90      0x360 C:\Users\elias\AppData\Local\Temp\ccHot7gq.ltrans5.ltrans.o
 .debug_ranges  0x00003ef0      0x4e8 C:\Users\elias\AppData\Local\Temp\ccHot7gq.ltrans6.ltrans.o
 .debug_ranges  0x000043d8      0x268 C:\Users\elias\AppData\Local\Temp\ccHot7gq.ltrans7.ltrans.o

.comment        0x00000000       0x6e
 .comment       0x00000000       0x6e C:\Users\elias\AppData\Local\Temp\ccHot7gq.ltrans0.ltrans.o
                                 0x6f (size before relaxing)
 .comment       0x0000006e       0x6f C:\Users\elias\AppData\Local\Temp\ccHot7gq.ltrans1.ltrans.o
 .comment       0x0000006e       0x6f C:\Users\elias\AppData\Local\Temp\ccHot7gq.ltrans2.ltrans.o
 .comment       0x0000006e       0x6f C:\Users\elias\AppData\Local\Temp\ccHot7gq.ltrans3.ltrans.o
 .comment       0x0000006e       0x6f C:\Users\elias\AppData\Local\Temp\ccHot7gq.ltrans4.ltrans.o
 .comment       0x0000006e       0x6f C:\Users\elias\AppData\Local\Temp\ccHot7gq.ltrans5.ltrans.o
 .comment       0x0000006e       0x6f C:\Users\elias\AppData\Local\Temp\ccHot7gq.ltrans6.ltrans.o
 .comment       0x0000006e       0x6f C:\Users\elias\AppData\Local\Temp\ccHot7gq.ltrans7.ltrans.o

.debug_weaknames
 *(.debug_weaknames)

.debug_funcnames
 *(.debug_funcnames)

.debug_typenames
 *(.debug_typenames)

.debug_varnames
 *(.debug_varnames)

.note.gnu.arm.ident
 *(.note.gnu.arm.ident)

.ARM.attributes
                0x00000000       0x29
 *(.ARM.attributes)
 .ARM.attributes
                0x00000000       0x1d c:/program files (x86)/cypress/psoc creator/4.4/psoc creator/import/gnu/arm/5.4.1/bin/../lib/gcc/arm-none-eabi/5.4.1/armv7-m/crti.o
 .ARM.attributes
                0x0000001d       0x2d c:/program files (x86)/cypress/psoc creator/4.4/psoc creator/import/gnu/arm/5.4.1/bin/../lib/gcc/arm-none-eabi/5.4.1/armv7-m/crtbegin.o
 .ARM.attributes
                0x0000004a       0x1b c:/program files (x86)/cypress/psoc creator/4.4/psoc creator/import/gnu/arm/5.4.1/bin/../lib/gcc/arm-none-eabi/5.4.1/../../../../arm-none-eabi/lib/armv7-m/crt0.o
 .ARM.attributes
                0x00000065       0x31 C:\Users\elias\AppData\Local\Temp\ccHot7gq.ltrans0.ltrans.o
 .ARM.attributes
                0x00000096       0x31 C:\Users\elias\AppData\Local\Temp\ccHot7gq.ltrans1.ltrans.o
 .ARM.attributes
                0x000000c7       0x31 C:\Users\elias\AppData\Local\Temp\ccHot7gq.ltrans2.ltrans.o
 .ARM.attributes
                0x000000f8       0x31 C:\Users\elias\AppData\Local\Temp\ccHot7gq.ltrans3.ltrans.o
 .ARM.attributes
                0x00000129       0x31 C:\Users\elias\AppData\Local\Temp\ccHot7gq.ltrans4.ltrans.o
 .ARM.attributes
                0x0000015a       0x31 C:\Users\elias\AppData\Local\Temp\ccHot7gq.ltrans5.ltrans.o
 .ARM.attributes
                0x0000018b       0x31 C:\Users\elias\AppData\Local\Temp\ccHot7gq.ltrans6.ltrans.o
 .ARM.attributes
                0x000001bc       0x31 C:\Users\elias\AppData\Local\Temp\ccHot7gq.ltrans7.ltrans.o
 .ARM.attributes
                0x000001ed       0x21 .\CortexM3\ARM_GCC_541\Debug\AcondicionamientoAnalogico.a(CyBootAsmGnu.o)
 .ARM.attributes
                0x0000020e       0x2d c:/program files (x86)/cypress/psoc creator/4.4/psoc creator/import/gnu/arm/5.4.1/bin/../lib/gcc/arm-none-eabi/5.4.1/../../../../arm-none-eabi/lib/armv7-m\libg_nano.a(lib_a-errno.o)
 .ARM.attributes
                0x0000023b       0x2d c:/program files (x86)/cypress/psoc creator/4.4/psoc creator/import/gnu/arm/5.4.1/bin/../lib/gcc/arm-none-eabi/5.4.1/../../../../arm-none-eabi/lib/armv7-m\libg_nano.a(lib_a-exit.o)
 .ARM.attributes
                0x00000268       0x2d c:/program files (x86)/cypress/psoc creator/4.4/psoc creator/import/gnu/arm/5.4.1/bin/../lib/gcc/arm-none-eabi/5.4.1/../../../../arm-none-eabi/lib/armv7-m\libg_nano.a(lib_a-impure.o)
 .ARM.attributes
                0x00000295       0x2d c:/program files (x86)/cypress/psoc creator/4.4/psoc creator/import/gnu/arm/5.4.1/bin/../lib/gcc/arm-none-eabi/5.4.1/../../../../arm-none-eabi/lib/armv7-m\libg_nano.a(lib_a-init.o)
 .ARM.attributes
                0x000002c2       0x2d c:/program files (x86)/cypress/psoc creator/4.4/psoc creator/import/gnu/arm/5.4.1/bin/../lib/gcc/arm-none-eabi/5.4.1/../../../../arm-none-eabi/lib/armv7-m\libg_nano.a(lib_a-memset.o)
 .ARM.attributes
                0x000002ef       0x2d c:/program files (x86)/cypress/psoc creator/4.4/psoc creator/import/gnu/arm/5.4.1/bin/../lib/gcc/arm-none-eabi/5.4.1/armv7-m/crtend.o
 .ARM.attributes
                0x0000031c       0x1d c:/program files (x86)/cypress/psoc creator/4.4/psoc creator/import/gnu/arm/5.4.1/bin/../lib/gcc/arm-none-eabi/5.4.1/armv7-m/crtn.o
 .ARM.attributes
                0x00000339       0x2d c:/program files (x86)/cypress/psoc creator/4.4/psoc creator/import/gnu/arm/5.4.1/bin/../lib/gcc/arm-none-eabi/5.4.1/../../../../arm-none-eabi/lib/armv7-m\libnosys.a(_exit.o)
 .ARM.attributes
                0x00000366       0x1d c:/program files (x86)/cypress/psoc creator/4.4/psoc creator/import/gnu/arm/5.4.1/bin/../lib/gcc/arm-none-eabi/5.4.1/armv7-m\libgcc.a(_aeabi_ldivmod.o)
 .ARM.attributes
                0x00000383       0x2d c:/program files (x86)/cypress/psoc creator/4.4/psoc creator/import/gnu/arm/5.4.1/bin/../lib/gcc/arm-none-eabi/5.4.1/armv7-m\libgcc.a(_udivmoddi4.o)
 .ARM.attributes
                0x000003b0       0x1d c:/program files (x86)/cypress/psoc creator/4.4/psoc creator/import/gnu/arm/5.4.1/bin/../lib/gcc/arm-none-eabi/5.4.1/armv7-m\libgcc.a(_dvmd_tls.o)
 .ARM.attributes
                0x000003cd       0x2d c:/program files (x86)/cypress/psoc creator/4.4/psoc creator/import/gnu/arm/5.4.1/bin/../lib/gcc/arm-none-eabi/5.4.1/../../../../arm-none-eabi/lib/armv7-m\libg_nano.a(lib_a-memcpy-stub.o)

/DISCARD/
 *(.note.GNU-stack)
OUTPUT(C:\Github\Tesis\src\psoc\AcondicionamientoAnalogico.cydsn\CortexM3\ARM_GCC_541\Debug\AcondicionamientoAnalogico.elf elf32-littlearm)
