Archive member included to satisfy reference by file (symbol)

.\CortexM3\ARM_GCC_541\Debug\AcondicionamientoAnalogico.a(Filter.o)
                              .\CortexM3\ARM_GCC_541\Debug\main.o (symbol from plugin) (Filter_Start)
.\CortexM3\ARM_GCC_541\Debug\AcondicionamientoAnalogico.a(Filter_PVT.o)
                              Filter.o (symbol from plugin) (Filter_SetInterruptMode)
.\CortexM3\ARM_GCC_541\Debug\AcondicionamientoAnalogico.a(Filter_RAM_Data.o)
                              Filter.o (symbol from plugin) (Filter_cfsm)
.\CortexM3\ARM_GCC_541\Debug\AcondicionamientoAnalogico.a(CyDmac.o)
                              .\CortexM3\ARM_GCC_541\Debug\Cm3Start.o (symbol from plugin) (CyDmacConfigure)
.\CortexM3\ARM_GCC_541\Debug\AcondicionamientoAnalogico.a(CyLib.o)
                              .\CortexM3\ARM_GCC_541\Debug\Cm3Start.o (symbol from plugin) (CyHalt)
.\CortexM3\ARM_GCC_541\Debug\AcondicionamientoAnalogico.a(cyPm.o)
                              CyLib.o (symbol from plugin) (CyPmReadStatus)
.\CortexM3\ARM_GCC_541\Debug\AcondicionamientoAnalogico.a(DMA_DelSig_Filter_dma.o)
                              .\CortexM3\ARM_GCC_541\Debug\main.o (symbol from plugin) (DMA_DelSig_Filter_DmaInitialize)
.\CortexM3\ARM_GCC_541\Debug\AcondicionamientoAnalogico.a(isr_Timer.o)
                              .\CortexM3\ARM_GCC_541\Debug\main.o (symbol from plugin) (isr_Timer_StartEx)
.\CortexM3\ARM_GCC_541\Debug\AcondicionamientoAnalogico.a(Timer.o)
                              .\CortexM3\ARM_GCC_541\Debug\main.o (symbol from plugin) (Timer_Start)
.\CortexM3\ARM_GCC_541\Debug\AcondicionamientoAnalogico.a(LED.o)
                              .\CortexM3\ARM_GCC_541\Debug\main.o (symbol from plugin) (LED_Write)
.\CortexM3\ARM_GCC_541\Debug\AcondicionamientoAnalogico.a(UART.o)
                              .\CortexM3\ARM_GCC_541\Debug\main.o (symbol from plugin) (UART_Start)
.\CortexM3\ARM_GCC_541\Debug\AcondicionamientoAnalogico.a(UART_INT.o)
                              UART.o (symbol from plugin) (UART_RXISR)
.\CortexM3\ARM_GCC_541\Debug\AcondicionamientoAnalogico.a(UART_IntClock.o)
                              UART.o (symbol from plugin) (UART_IntClock_Start)
.\CortexM3\ARM_GCC_541\Debug\AcondicionamientoAnalogico.a(OPAbp.o)
                              .\CortexM3\ARM_GCC_541\Debug\psoc_hw.o (symbol from plugin) (OPAbp_Start)
.\CortexM3\ARM_GCC_541\Debug\AcondicionamientoAnalogico.a(OPAlp.o)
                              .\CortexM3\ARM_GCC_541\Debug\psoc_hw.o (symbol from plugin) (OPAlp_Start)
.\CortexM3\ARM_GCC_541\Debug\AcondicionamientoAnalogico.a(OPAadder.o)
                              .\CortexM3\ARM_GCC_541\Debug\psoc_hw.o (symbol from plugin) (OPAadder_Start)
.\CortexM3\ARM_GCC_541\Debug\AcondicionamientoAnalogico.a(ADC.o)
                              .\CortexM3\ARM_GCC_541\Debug\calibration.o (symbol from plugin) (ADC_Start)
.\CortexM3\ARM_GCC_541\Debug\AcondicionamientoAnalogico.a(ADC_INT.o)
                              ADC.o (symbol from plugin) (ADC_ISR1)
.\CortexM3\ARM_GCC_541\Debug\AcondicionamientoAnalogico.a(PGAgain.o)
                              .\CortexM3\ARM_GCC_541\Debug\psoc_hw.o (symbol from plugin) (PGAgain_Start)
.\CortexM3\ARM_GCC_541\Debug\AcondicionamientoAnalogico.a(PGAn.o)
                              .\CortexM3\ARM_GCC_541\Debug\psoc_hw.o (symbol from plugin) (PGAn_Start)
.\CortexM3\ARM_GCC_541\Debug\AcondicionamientoAnalogico.a(PGAp.o)
                              .\CortexM3\ARM_GCC_541\Debug\psoc_hw.o (symbol from plugin) (PGAp_Start)
.\CortexM3\ARM_GCC_541\Debug\AcondicionamientoAnalogico.a(ADC_Ext_CP_Clk.o)
                              ADC.o (symbol from plugin) (ADC_Ext_CP_Clk_SetDividerRegister)
.\CortexM3\ARM_GCC_541\Debug\AcondicionamientoAnalogico.a(ADC_theACLK.o)
                              ADC.o (symbol from plugin) (ADC_theACLK_SetDividerRegister)
.\CortexM3\ARM_GCC_541\Debug\AcondicionamientoAnalogico.a(OPAref.o)
                              .\CortexM3\ARM_GCC_541\Debug\psoc_hw.o (symbol from plugin) (OPAref_Start)
.\CortexM3\ARM_GCC_541\Debug\AcondicionamientoAnalogico.a(LPF_1.o)
                              .\CortexM3\ARM_GCC_541\Debug\psoc_hw.o (symbol from plugin) (LPF_1_Start)
.\CortexM3\ARM_GCC_541\Debug\AcondicionamientoAnalogico.a(LPF_2.o)
                              .\CortexM3\ARM_GCC_541\Debug\psoc_hw.o (symbol from plugin) (LPF_2_Start)
.\CortexM3\ARM_GCC_541\Debug\AcondicionamientoAnalogico.a(SYNC_IN.o)
                              .\CortexM3\ARM_GCC_541\Debug\main.o (symbol from plugin) (SYNC_IN_Read)
.\CortexM3\ARM_GCC_541\Debug\AcondicionamientoAnalogico.a(isr_SyncIn.o)
                              .\CortexM3\ARM_GCC_541\Debug\main.o (symbol from plugin) (isr_SyncIn_StartEx)
.\CortexM3\ARM_GCC_541\Debug\AcondicionamientoAnalogico.a(VDAC_ref_LP.o)
                              .\CortexM3\ARM_GCC_541\Debug\calibration.o (symbol from plugin) (VDAC_ref_LP_Start)
.\CortexM3\ARM_GCC_541\Debug\AcondicionamientoAnalogico.a(VDAC_ref_BP.o)
                              .\CortexM3\ARM_GCC_541\Debug\calibration.o (symbol from plugin) (VDAC_ref_BP_Start)
.\CortexM3\ARM_GCC_541\Debug\AcondicionamientoAnalogico.a(VDAC_ref_PGA.o)
                              .\CortexM3\ARM_GCC_541\Debug\calibration.o (symbol from plugin) (VDAC_ref_PGA_Start)
.\CortexM3\ARM_GCC_541\Debug\AcondicionamientoAnalogico.a(VDAC_Ref_Adder.o)
                              .\CortexM3\ARM_GCC_541\Debug\calibration.o (symbol from plugin) (VDAC_Ref_Adder_Start)
.\CortexM3\ARM_GCC_541\Debug\AcondicionamientoAnalogico.a(AMux_ADC.o)
                              .\CortexM3\ARM_GCC_541\Debug\calibration.o (symbol from plugin) (AMux_ADC_Start)
.\CortexM3\ARM_GCC_541\Debug\AcondicionamientoAnalogico.a(PGAshield.o)
                              .\CortexM3\ARM_GCC_541\Debug\psoc_hw.o (symbol from plugin) (PGAshield_Start)
.\CortexM3\ARM_GCC_541\Debug\AcondicionamientoAnalogico.a(Clock_1.o)
                              .\CortexM3\ARM_GCC_541\Debug\main.o (symbol from plugin) (Clock_1_Start)
.\CortexM3\ARM_GCC_541\Debug\AcondicionamientoAnalogico.a(isr_Button.o)
                              .\CortexM3\ARM_GCC_541\Debug\main.o (symbol from plugin) (isr_Button_StartEx)
.\CortexM3\ARM_GCC_541\Debug\AcondicionamientoAnalogico.a(EEPROM.o)
                              .\CortexM3\ARM_GCC_541\Debug\main.o (symbol from plugin) (EEPROM_Start)
.\CortexM3\ARM_GCC_541\Debug\AcondicionamientoAnalogico.a(isr_DMA_DelSig_RAM.o)
                              .\CortexM3\ARM_GCC_541\Debug\main.o (symbol from plugin) (isr_DMA_DelSig_RAM_StartEx)
.\CortexM3\ARM_GCC_541\Debug\AcondicionamientoAnalogico.a(isr_DMA_Filter_RAM.o)
                              .\CortexM3\ARM_GCC_541\Debug\main.o (symbol from plugin) (isr_DMA_Filter_RAM_StartEx)
.\CortexM3\ARM_GCC_541\Debug\AcondicionamientoAnalogico.a(DMA_Filter_RAM_Lote_dma.o)
                              .\CortexM3\ARM_GCC_541\Debug\main.o (symbol from plugin) (DMA_Filter_RAM_Lote_DmaInitialize)
.\CortexM3\ARM_GCC_541\Debug\AcondicionamientoAnalogico.a(DMA_Filter_RAM_Single_dma.o)
                              .\CortexM3\ARM_GCC_541\Debug\main.o (symbol from plugin) (DMA_Filter_RAM_Single_DmaInitialize)
.\CortexM3\ARM_GCC_541\Debug\AcondicionamientoAnalogico.a(DMA_DelSig_RAM_Single_dma.o)
                              .\CortexM3\ARM_GCC_541\Debug\main.o (symbol from plugin) (DMA_DelSig_RAM_Single_DmaInitialize)
.\CortexM3\ARM_GCC_541\Debug\AcondicionamientoAnalogico.a(DMA_DelSig_RAM_Lote_dma.o)
                              .\CortexM3\ARM_GCC_541\Debug\main.o (symbol from plugin) (DMA_DelSig_RAM_Lote_DmaInitialize)
.\CortexM3\ARM_GCC_541\Debug\AcondicionamientoAnalogico.a(Reg_Select.o)
                              .\CortexM3\ARM_GCC_541\Debug\main.o (symbol from plugin) (Reg_Select_Write)
.\CortexM3\ARM_GCC_541\Debug\AcondicionamientoAnalogico.a(CyBootAsmGnu.o)
                              .\CortexM3\ARM_GCC_541\Debug\cyfitter_cfg.o (symbol from plugin) (CyDelayCycles)
.\CortexM3\ARM_GCC_541\Debug\AcondicionamientoAnalogico.a(CyFlash.o)
                              EEPROM.o (symbol from plugin) (dieTemperature)
.\CortexM3\ARM_GCC_541\Debug\AcondicionamientoAnalogico.a(CySpc.o)
                              EEPROM.o (symbol from plugin) (CySpcStart)
c:/program files (x86)/cypress/psoc creator/4.4/psoc creator/import/gnu/arm/5.4.1/bin/../lib/gcc/arm-none-eabi/5.4.1/../../../../arm-none-eabi/lib/armv7-m\libg_nano.a(lib_a-errno.o)
                              .\CortexM3\ARM_GCC_541\Debug\Cm3Start.o (symbol from plugin) (__errno)
c:/program files (x86)/cypress/psoc creator/4.4/psoc creator/import/gnu/arm/5.4.1/bin/../lib/gcc/arm-none-eabi/5.4.1/../../../../arm-none-eabi/lib/armv7-m\libg_nano.a(lib_a-exit.o)
                              c:/program files (x86)/cypress/psoc creator/4.4/psoc creator/import/gnu/arm/5.4.1/bin/../lib/gcc/arm-none-eabi/5.4.1/../../../../arm-none-eabi/lib/armv7-m/crt0.o (exit)
c:/program files (x86)/cypress/psoc creator/4.4/psoc creator/import/gnu/arm/5.4.1/bin/../lib/gcc/arm-none-eabi/5.4.1/../../../../arm-none-eabi/lib/armv7-m\libg_nano.a(lib_a-impure.o)
                              c:/program files (x86)/cypress/psoc creator/4.4/psoc creator/import/gnu/arm/5.4.1/bin/../lib/gcc/arm-none-eabi/5.4.1/../../../../arm-none-eabi/lib/armv7-m\libg_nano.a(lib_a-exit.o) (_global_impure_ptr)
c:/program files (x86)/cypress/psoc creator/4.4/psoc creator/import/gnu/arm/5.4.1/bin/../lib/gcc/arm-none-eabi/5.4.1/../../../../arm-none-eabi/lib/armv7-m\libg_nano.a(lib_a-init.o)
                              c:/program files (x86)/cypress/psoc creator/4.4/psoc creator/import/gnu/arm/5.4.1/bin/../lib/gcc/arm-none-eabi/5.4.1/../../../../arm-none-eabi/lib/armv7-m/crt0.o (__libc_init_array)
c:/program files (x86)/cypress/psoc creator/4.4/psoc creator/import/gnu/arm/5.4.1/bin/../lib/gcc/arm-none-eabi/5.4.1/../../../../arm-none-eabi/lib/armv7-m\libg_nano.a(lib_a-memset.o)
                              c:/program files (x86)/cypress/psoc creator/4.4/psoc creator/import/gnu/arm/5.4.1/bin/../lib/gcc/arm-none-eabi/5.4.1/../../../../arm-none-eabi/lib/armv7-m/crt0.o (memset)
c:/program files (x86)/cypress/psoc creator/4.4/psoc creator/import/gnu/arm/5.4.1/bin/../lib/gcc/arm-none-eabi/5.4.1/../../../../arm-none-eabi/lib/armv7-m\libnosys.a(_exit.o)
                              c:/program files (x86)/cypress/psoc creator/4.4/psoc creator/import/gnu/arm/5.4.1/bin/../lib/gcc/arm-none-eabi/5.4.1/../../../../arm-none-eabi/lib/armv7-m\libg_nano.a(lib_a-exit.o) (_exit)
c:/program files (x86)/cypress/psoc creator/4.4/psoc creator/import/gnu/arm/5.4.1/bin/../lib/gcc/arm-none-eabi/5.4.1/../../../../arm-none-eabi/lib/armv7-m\libg_nano.a(lib_a-memcpy-stub.o)
                              C:\Users\elias\AppData\Local\Temp\ccRz7WMT.ltrans0.ltrans.o (memcpy)

Allocating common symbols
Common symbol       size              file

ADC_CountsPerVolt   0x4               ADC.o (symbol from plugin)
dieTemperature      0x2               CyFlash.o (symbol from plugin)

Discarded input sections

 .text          0x00000000        0x0 c:/program files (x86)/cypress/psoc creator/4.4/psoc creator/import/gnu/arm/5.4.1/bin/../lib/gcc/arm-none-eabi/5.4.1/armv7-m/crti.o
 .data          0x00000000        0x0 c:/program files (x86)/cypress/psoc creator/4.4/psoc creator/import/gnu/arm/5.4.1/bin/../lib/gcc/arm-none-eabi/5.4.1/armv7-m/crti.o
 .bss           0x00000000        0x0 c:/program files (x86)/cypress/psoc creator/4.4/psoc creator/import/gnu/arm/5.4.1/bin/../lib/gcc/arm-none-eabi/5.4.1/armv7-m/crti.o
 .data          0x00000000        0x4 c:/program files (x86)/cypress/psoc creator/4.4/psoc creator/import/gnu/arm/5.4.1/bin/../lib/gcc/arm-none-eabi/5.4.1/armv7-m/crtbegin.o
 .text          0x00000000       0x74 c:/program files (x86)/cypress/psoc creator/4.4/psoc creator/import/gnu/arm/5.4.1/bin/../lib/gcc/arm-none-eabi/5.4.1/../../../../arm-none-eabi/lib/armv7-m/crt0.o
 .data          0x00000000        0x0 c:/program files (x86)/cypress/psoc creator/4.4/psoc creator/import/gnu/arm/5.4.1/bin/../lib/gcc/arm-none-eabi/5.4.1/../../../../arm-none-eabi/lib/armv7-m/crt0.o
 .bss           0x00000000        0x0 c:/program files (x86)/cypress/psoc creator/4.4/psoc creator/import/gnu/arm/5.4.1/bin/../lib/gcc/arm-none-eabi/5.4.1/../../../../arm-none-eabi/lib/armv7-m/crt0.o
 .ARM.extab     0x00000000        0x0 c:/program files (x86)/cypress/psoc creator/4.4/psoc creator/import/gnu/arm/5.4.1/bin/../lib/gcc/arm-none-eabi/5.4.1/../../../../arm-none-eabi/lib/armv7-m/crt0.o
 .ARM.exidx     0x00000000        0x8 c:/program files (x86)/cypress/psoc creator/4.4/psoc creator/import/gnu/arm/5.4.1/bin/../lib/gcc/arm-none-eabi/5.4.1/../../../../arm-none-eabi/lib/armv7-m/crt0.o
 .text          0x00000000        0x0 .\CortexM3\ARM_GCC_541\Debug\main.o (symbol from plugin)
 .text          0x00000000        0x0 C:\Users\elias\AppData\Local\Temp\ccRz7WMT.ltrans0.ltrans.o
 .text          0x00000000        0x0 C:\Users\elias\AppData\Local\Temp\ccRz7WMT.ltrans1.ltrans.o
 .data          0x00000000        0x0 C:\Users\elias\AppData\Local\Temp\ccRz7WMT.ltrans1.ltrans.o
 .text          0x00000000        0x0 C:\Users\elias\AppData\Local\Temp\ccRz7WMT.ltrans2.ltrans.o
 .data          0x00000000        0x0 C:\Users\elias\AppData\Local\Temp\ccRz7WMT.ltrans2.ltrans.o
 .text          0x00000000        0x0 C:\Users\elias\AppData\Local\Temp\ccRz7WMT.ltrans3.ltrans.o
 .text          0x00000000        0x0 C:\Users\elias\AppData\Local\Temp\ccRz7WMT.ltrans4.ltrans.o
 .data          0x00000000        0x0 C:\Users\elias\AppData\Local\Temp\ccRz7WMT.ltrans4.ltrans.o
 .text._exit    0x00000000        0x4 C:\Users\elias\AppData\Local\Temp\ccRz7WMT.ltrans4.ltrans.o
 .text          0x00000000        0x0 C:\Users\elias\AppData\Local\Temp\ccRz7WMT.ltrans5.ltrans.o
 .data          0x00000000        0x0 C:\Users\elias\AppData\Local\Temp\ccRz7WMT.ltrans5.ltrans.o
 .text          0x00000000        0x0 C:\Users\elias\AppData\Local\Temp\ccRz7WMT.ltrans6.ltrans.o
 .data          0x00000000        0x0 C:\Users\elias\AppData\Local\Temp\ccRz7WMT.ltrans6.ltrans.o
 .bss           0x00000000        0x0 C:\Users\elias\AppData\Local\Temp\ccRz7WMT.ltrans6.ltrans.o
 .text          0x00000000        0x0 .\CortexM3\ARM_GCC_541\Debug\calibration.o (symbol from plugin)
 .text          0x00000000        0x0 .\CortexM3\ARM_GCC_541\Debug\psoc_adc.o (symbol from plugin)
 .text          0x00000000        0x0 .\CortexM3\ARM_GCC_541\Debug\psoc_hw.o (symbol from plugin)
 .text          0x00000000        0x0 .\CortexM3\ARM_GCC_541\Debug\crc.o (symbol from plugin)
 .text          0x00000000        0x0 .\CortexM3\ARM_GCC_541\Debug\psoc_nv.o (symbol from plugin)
 .text          0x00000000        0x0 .\CortexM3\ARM_GCC_541\Debug\cyfitter_cfg.o (symbol from plugin)
 .text          0x00000000        0x0 .\CortexM3\ARM_GCC_541\Debug\cymetadata.o (symbol from plugin)
 .text          0x00000000        0x0 .\CortexM3\ARM_GCC_541\Debug\Cm3Start.o (symbol from plugin)
 .text          0x00000000        0x0 Filter.o (symbol from plugin)
 .text          0x00000000        0x0 Filter_PVT.o (symbol from plugin)
 .text          0x00000000        0x0 Filter_RAM_Data.o (symbol from plugin)
 .text          0x00000000        0x0 CyDmac.o (symbol from plugin)
 .text          0x00000000        0x0 CyLib.o (symbol from plugin)
 .text          0x00000000        0x0 cyPm.o (symbol from plugin)
 .text          0x00000000        0x0 DMA_DelSig_Filter_dma.o (symbol from plugin)
 .text          0x00000000        0x0 isr_Timer.o (symbol from plugin)
 .text          0x00000000        0x0 Timer.o (symbol from plugin)
 .text          0x00000000        0x0 LED.o (symbol from plugin)
 .text          0x00000000        0x0 UART.o (symbol from plugin)
 .text          0x00000000        0x0 UART_INT.o (symbol from plugin)
 .text          0x00000000        0x0 UART_IntClock.o (symbol from plugin)
 .text          0x00000000        0x0 OPAbp.o (symbol from plugin)
 .text          0x00000000        0x0 OPAlp.o (symbol from plugin)
 .text          0x00000000        0x0 OPAadder.o (symbol from plugin)
 .text          0x00000000        0x0 ADC.o (symbol from plugin)
 .text          0x00000000        0x0 ADC_INT.o (symbol from plugin)
 .text          0x00000000        0x0 PGAgain.o (symbol from plugin)
 .text          0x00000000        0x0 PGAn.o (symbol from plugin)
 .text          0x00000000        0x0 PGAp.o (symbol from plugin)
 .text          0x00000000        0x0 ADC_Ext_CP_Clk.o (symbol from plugin)
 .text          0x00000000        0x0 ADC_theACLK.o (symbol from plugin)
 .text          0x00000000        0x0 OPAref.o (symbol from plugin)
 .text          0x00000000        0x0 LPF_1.o (symbol from plugin)
 .text          0x00000000        0x0 LPF_2.o (symbol from plugin)
 .text          0x00000000        0x0 SYNC_IN.o (symbol from plugin)
 .text          0x00000000        0x0 isr_SyncIn.o (symbol from plugin)
 .text          0x00000000        0x0 VDAC_ref_LP.o (symbol from plugin)
 .text          0x00000000        0x0 VDAC_ref_BP.o (symbol from plugin)
 .text          0x00000000        0x0 VDAC_ref_PGA.o (symbol from plugin)
 .text          0x00000000        0x0 VDAC_Ref_Adder.o (symbol from plugin)
 .text          0x00000000        0x0 AMux_ADC.o (symbol from plugin)
 .text          0x00000000        0x0 PGAshield.o (symbol from plugin)
 .text          0x00000000        0x0 Clock_1.o (symbol from plugin)
 .text          0x00000000        0x0 isr_Button.o (symbol from plugin)
 .text          0x00000000        0x0 EEPROM.o (symbol from plugin)
 .text          0x00000000        0x0 isr_DMA_DelSig_RAM.o (symbol from plugin)
 .text          0x00000000        0x0 isr_DMA_Filter_RAM.o (symbol from plugin)
 .text          0x00000000        0x0 DMA_Filter_RAM_Lote_dma.o (symbol from plugin)
 .text          0x00000000        0x0 DMA_Filter_RAM_Single_dma.o (symbol from plugin)
 .text          0x00000000        0x0 DMA_DelSig_RAM_Single_dma.o (symbol from plugin)
 .text          0x00000000        0x0 DMA_DelSig_RAM_Lote_dma.o (symbol from plugin)
 .text          0x00000000        0x0 Reg_Select.o (symbol from plugin)
 .data          0x00000000        0x0 .\CortexM3\ARM_GCC_541\Debug\AcondicionamientoAnalogico.a(CyBootAsmGnu.o)
 .bss           0x00000000        0x0 .\CortexM3\ARM_GCC_541\Debug\AcondicionamientoAnalogico.a(CyBootAsmGnu.o)
 .text          0x00000000        0x0 CyFlash.o (symbol from plugin)
 .text          0x00000000        0x0 CySpc.o (symbol from plugin)
 .text          0x00000000        0x0 c:/program files (x86)/cypress/psoc creator/4.4/psoc creator/import/gnu/arm/5.4.1/bin/../lib/gcc/arm-none-eabi/5.4.1/../../../../arm-none-eabi/lib/armv7-m\libg_nano.a(lib_a-errno.o)
 .data          0x00000000        0x0 c:/program files (x86)/cypress/psoc creator/4.4/psoc creator/import/gnu/arm/5.4.1/bin/../lib/gcc/arm-none-eabi/5.4.1/../../../../arm-none-eabi/lib/armv7-m\libg_nano.a(lib_a-errno.o)
 .bss           0x00000000        0x0 c:/program files (x86)/cypress/psoc creator/4.4/psoc creator/import/gnu/arm/5.4.1/bin/../lib/gcc/arm-none-eabi/5.4.1/../../../../arm-none-eabi/lib/armv7-m\libg_nano.a(lib_a-errno.o)
 .text          0x00000000        0x0 c:/program files (x86)/cypress/psoc creator/4.4/psoc creator/import/gnu/arm/5.4.1/bin/../lib/gcc/arm-none-eabi/5.4.1/../../../../arm-none-eabi/lib/armv7-m\libg_nano.a(lib_a-exit.o)
 .data          0x00000000        0x0 c:/program files (x86)/cypress/psoc creator/4.4/psoc creator/import/gnu/arm/5.4.1/bin/../lib/gcc/arm-none-eabi/5.4.1/../../../../arm-none-eabi/lib/armv7-m\libg_nano.a(lib_a-exit.o)
 .bss           0x00000000        0x0 c:/program files (x86)/cypress/psoc creator/4.4/psoc creator/import/gnu/arm/5.4.1/bin/../lib/gcc/arm-none-eabi/5.4.1/../../../../arm-none-eabi/lib/armv7-m\libg_nano.a(lib_a-exit.o)
 .text.exit     0x00000000       0x28 c:/program files (x86)/cypress/psoc creator/4.4/psoc creator/import/gnu/arm/5.4.1/bin/../lib/gcc/arm-none-eabi/5.4.1/../../../../arm-none-eabi/lib/armv7-m\libg_nano.a(lib_a-exit.o)
 .text          0x00000000        0x0 c:/program files (x86)/cypress/psoc creator/4.4/psoc creator/import/gnu/arm/5.4.1/bin/../lib/gcc/arm-none-eabi/5.4.1/../../../../arm-none-eabi/lib/armv7-m\libg_nano.a(lib_a-impure.o)
 .data          0x00000000        0x0 c:/program files (x86)/cypress/psoc creator/4.4/psoc creator/import/gnu/arm/5.4.1/bin/../lib/gcc/arm-none-eabi/5.4.1/../../../../arm-none-eabi/lib/armv7-m\libg_nano.a(lib_a-impure.o)
 .bss           0x00000000        0x0 c:/program files (x86)/cypress/psoc creator/4.4/psoc creator/import/gnu/arm/5.4.1/bin/../lib/gcc/arm-none-eabi/5.4.1/../../../../arm-none-eabi/lib/armv7-m\libg_nano.a(lib_a-impure.o)
 .rodata._global_impure_ptr
                0x00000000        0x4 c:/program files (x86)/cypress/psoc creator/4.4/psoc creator/import/gnu/arm/5.4.1/bin/../lib/gcc/arm-none-eabi/5.4.1/../../../../arm-none-eabi/lib/armv7-m\libg_nano.a(lib_a-impure.o)
 .text          0x00000000        0x0 c:/program files (x86)/cypress/psoc creator/4.4/psoc creator/import/gnu/arm/5.4.1/bin/../lib/gcc/arm-none-eabi/5.4.1/../../../../arm-none-eabi/lib/armv7-m\libg_nano.a(lib_a-init.o)
 .data          0x00000000        0x0 c:/program files (x86)/cypress/psoc creator/4.4/psoc creator/import/gnu/arm/5.4.1/bin/../lib/gcc/arm-none-eabi/5.4.1/../../../../arm-none-eabi/lib/armv7-m\libg_nano.a(lib_a-init.o)
 .bss           0x00000000        0x0 c:/program files (x86)/cypress/psoc creator/4.4/psoc creator/import/gnu/arm/5.4.1/bin/../lib/gcc/arm-none-eabi/5.4.1/../../../../arm-none-eabi/lib/armv7-m\libg_nano.a(lib_a-init.o)
 .text          0x00000000        0x0 c:/program files (x86)/cypress/psoc creator/4.4/psoc creator/import/gnu/arm/5.4.1/bin/../lib/gcc/arm-none-eabi/5.4.1/../../../../arm-none-eabi/lib/armv7-m\libg_nano.a(lib_a-memset.o)
 .data          0x00000000        0x0 c:/program files (x86)/cypress/psoc creator/4.4/psoc creator/import/gnu/arm/5.4.1/bin/../lib/gcc/arm-none-eabi/5.4.1/../../../../arm-none-eabi/lib/armv7-m\libg_nano.a(lib_a-memset.o)
 .bss           0x00000000        0x0 c:/program files (x86)/cypress/psoc creator/4.4/psoc creator/import/gnu/arm/5.4.1/bin/../lib/gcc/arm-none-eabi/5.4.1/../../../../arm-none-eabi/lib/armv7-m\libg_nano.a(lib_a-memset.o)
 .text          0x00000000        0x0 c:/program files (x86)/cypress/psoc creator/4.4/psoc creator/import/gnu/arm/5.4.1/bin/../lib/gcc/arm-none-eabi/5.4.1/armv7-m/crtend.o
 .data          0x00000000        0x0 c:/program files (x86)/cypress/psoc creator/4.4/psoc creator/import/gnu/arm/5.4.1/bin/../lib/gcc/arm-none-eabi/5.4.1/armv7-m/crtend.o
 .bss           0x00000000        0x0 c:/program files (x86)/cypress/psoc creator/4.4/psoc creator/import/gnu/arm/5.4.1/bin/../lib/gcc/arm-none-eabi/5.4.1/armv7-m/crtend.o
 .text          0x00000000        0x0 c:/program files (x86)/cypress/psoc creator/4.4/psoc creator/import/gnu/arm/5.4.1/bin/../lib/gcc/arm-none-eabi/5.4.1/armv7-m/crtn.o
 .data          0x00000000        0x0 c:/program files (x86)/cypress/psoc creator/4.4/psoc creator/import/gnu/arm/5.4.1/bin/../lib/gcc/arm-none-eabi/5.4.1/armv7-m/crtn.o
 .bss           0x00000000        0x0 c:/program files (x86)/cypress/psoc creator/4.4/psoc creator/import/gnu/arm/5.4.1/bin/../lib/gcc/arm-none-eabi/5.4.1/armv7-m/crtn.o
 .text          0x00000000        0x0 c:/program files (x86)/cypress/psoc creator/4.4/psoc creator/import/gnu/arm/5.4.1/bin/../lib/gcc/arm-none-eabi/5.4.1/../../../../arm-none-eabi/lib/armv7-m\libnosys.a(_exit.o)
 .data          0x00000000        0x0 c:/program files (x86)/cypress/psoc creator/4.4/psoc creator/import/gnu/arm/5.4.1/bin/../lib/gcc/arm-none-eabi/5.4.1/../../../../arm-none-eabi/lib/armv7-m\libnosys.a(_exit.o)
 .bss           0x00000000        0x0 c:/program files (x86)/cypress/psoc creator/4.4/psoc creator/import/gnu/arm/5.4.1/bin/../lib/gcc/arm-none-eabi/5.4.1/../../../../arm-none-eabi/lib/armv7-m\libnosys.a(_exit.o)
 .text._exit    0x00000000        0x4 c:/program files (x86)/cypress/psoc creator/4.4/psoc creator/import/gnu/arm/5.4.1/bin/../lib/gcc/arm-none-eabi/5.4.1/../../../../arm-none-eabi/lib/armv7-m\libnosys.a(_exit.o)
 .text          0x00000000        0x0 c:/program files (x86)/cypress/psoc creator/4.4/psoc creator/import/gnu/arm/5.4.1/bin/../lib/gcc/arm-none-eabi/5.4.1/../../../../arm-none-eabi/lib/armv7-m\libg_nano.a(lib_a-memcpy-stub.o)
 .data          0x00000000        0x0 c:/program files (x86)/cypress/psoc creator/4.4/psoc creator/import/gnu/arm/5.4.1/bin/../lib/gcc/arm-none-eabi/5.4.1/../../../../arm-none-eabi/lib/armv7-m\libg_nano.a(lib_a-memcpy-stub.o)
 .bss           0x00000000        0x0 c:/program files (x86)/cypress/psoc creator/4.4/psoc creator/import/gnu/arm/5.4.1/bin/../lib/gcc/arm-none-eabi/5.4.1/../../../../arm-none-eabi/lib/armv7-m\libg_nano.a(lib_a-memcpy-stub.o)

Memory Configuration

Name             Origin             Length             Attributes
rom              0x00000000         0x00040000         xr
ram              0x1fff8000         0x00010000         xrw
*default*        0x00000000         0xffffffff

Linker script and memory map

LOAD c:/program files (x86)/cypress/psoc creator/4.4/psoc creator/import/gnu/arm/5.4.1/bin/../lib/gcc/arm-none-eabi/5.4.1/armv7-m/crti.o
LOAD c:/program files (x86)/cypress/psoc creator/4.4/psoc creator/import/gnu/arm/5.4.1/bin/../lib/gcc/arm-none-eabi/5.4.1/armv7-m/crtbegin.o
LOAD c:/program files (x86)/cypress/psoc creator/4.4/psoc creator/import/gnu/arm/5.4.1/bin/../lib/gcc/arm-none-eabi/5.4.1/../../../../arm-none-eabi/lib/armv7-m/crt0.o
START GROUP
LOAD .\CortexM3\ARM_GCC_541\Debug\main.o
LOAD C:\Users\elias\AppData\Local\Temp\ccRz7WMT.ltrans0.ltrans.o
LOAD C:\Users\elias\AppData\Local\Temp\ccRz7WMT.ltrans1.ltrans.o
LOAD C:\Users\elias\AppData\Local\Temp\ccRz7WMT.ltrans2.ltrans.o
LOAD C:\Users\elias\AppData\Local\Temp\ccRz7WMT.ltrans3.ltrans.o
LOAD C:\Users\elias\AppData\Local\Temp\ccRz7WMT.ltrans4.ltrans.o
LOAD C:\Users\elias\AppData\Local\Temp\ccRz7WMT.ltrans5.ltrans.o
LOAD C:\Users\elias\AppData\Local\Temp\ccRz7WMT.ltrans6.ltrans.o
LOAD .\CortexM3\ARM_GCC_541\Debug\calibration.o
LOAD .\CortexM3\ARM_GCC_541\Debug\psoc_adc.o
LOAD .\CortexM3\ARM_GCC_541\Debug\psoc_hw.o
LOAD .\CortexM3\ARM_GCC_541\Debug\crc.o
LOAD .\CortexM3\ARM_GCC_541\Debug\psoc_nv.o
LOAD .\CortexM3\ARM_GCC_541\Debug\cyfitter_cfg.o
LOAD .\CortexM3\ARM_GCC_541\Debug\cymetadata.o
LOAD .\CortexM3\ARM_GCC_541\Debug\Cm3Start.o
LOAD .\CortexM3\ARM_GCC_541\Debug\AcondicionamientoAnalogico.a
LOAD C:\Program Files (x86)\Cypress\PSoC Creator\4.4\PSoC Creator\psoc\content\cycomponentlibrary\CyComponentLibrary.cylib\CortexM3\ARM_GCC_541\Debug\CyComponentLibrary.a
END GROUP
START GROUP
LOAD c:/program files (x86)/cypress/psoc creator/4.4/psoc creator/import/gnu/arm/5.4.1/bin/../lib/gcc/arm-none-eabi/5.4.1/armv7-m\libgcc.a
LOAD c:/program files (x86)/cypress/psoc creator/4.4/psoc creator/import/gnu/arm/5.4.1/bin/../lib/gcc/arm-none-eabi/5.4.1/../../../../arm-none-eabi/lib/armv7-m\libg_nano.a
LOAD c:/program files (x86)/cypress/psoc creator/4.4/psoc creator/import/gnu/arm/5.4.1/bin/../lib/gcc/arm-none-eabi/5.4.1/../../../../arm-none-eabi/lib/armv7-m\libc_nano.a
END GROUP
START GROUP
LOAD c:/program files (x86)/cypress/psoc creator/4.4/psoc creator/import/gnu/arm/5.4.1/bin/../lib/gcc/arm-none-eabi/5.4.1/armv7-m\libgcc.a
LOAD c:/program files (x86)/cypress/psoc creator/4.4/psoc creator/import/gnu/arm/5.4.1/bin/../lib/gcc/arm-none-eabi/5.4.1/../../../../arm-none-eabi/lib/armv7-m\libc_nano.a
END GROUP
LOAD c:/program files (x86)/cypress/psoc creator/4.4/psoc creator/import/gnu/arm/5.4.1/bin/../lib/gcc/arm-none-eabi/5.4.1/armv7-m/crtend.o
LOAD c:/program files (x86)/cypress/psoc creator/4.4/psoc creator/import/gnu/arm/5.4.1/bin/../lib/gcc/arm-none-eabi/5.4.1/armv7-m/crtn.o
START GROUP
LOAD c:/program files (x86)/cypress/psoc creator/4.4/psoc creator/import/gnu/arm/5.4.1/bin/../lib/gcc/arm-none-eabi/5.4.1/armv7-m\libgcc.a
LOAD c:/program files (x86)/cypress/psoc creator/4.4/psoc creator/import/gnu/arm/5.4.1/bin/../lib/gcc/arm-none-eabi/5.4.1/../../../../arm-none-eabi/lib/armv7-m\libc.a
LOAD c:/program files (x86)/cypress/psoc creator/4.4/psoc creator/import/gnu/arm/5.4.1/bin/../lib/gcc/arm-none-eabi/5.4.1/../../../../arm-none-eabi/lib/armv7-m\libnosys.a
END GROUP
                0x00000000                CY_APPL_ORIGIN = 0x0
                0x00000100                CY_FLASH_ROW_SIZE = 0x100
                0x00000020                CY_ECC_ROW_SIZE = 0x20
                0x00000000                CY_EE_IN_BTLDR = 0x0
                0x00000000                CY_APPL_LOADABLE = 0x0
                0x00000800                CY_EE_SIZE = 0x800
                0x00000001                CY_APPL_NUM = 0x1
                0x00000001                CY_APPL_MAX = 0x1
                0x00000040                CY_METADATA_SIZE = 0x40
                0x00000000                CY_APPL_LOADABLE = 0x0
                0x00000000                CY_CHECKSUM_EXCLUDE_SIZE = ALIGN (0x0, CY_FLASH_ROW_SIZE)
                [!provide]                PROVIDE (__cy_heap_start, _end)
                0x00000001                PROVIDE (__cy_region_num, ((__cy_regions_end - __cy_regions) / 0x10))
                0x20008000                PROVIDE (__cy_stack, (ORIGIN (ram) + LENGTH (ram)))
                [!provide]                PROVIDE (__cy_heap_end, (__cy_stack - 0x800))

.cybootloader   0x00000000        0x0
 *(.cybootloader)
                0x00000000                appl1_start = CY_APPL_ORIGIN?CY_APPL_ORIGIN:ALIGN (CY_FLASH_ROW_SIZE)
                0x0001ff00                appl2_start = (appl1_start + ALIGN ((((LENGTH (rom) - appl1_start) - (0x2 * CY_FLASH_ROW_SIZE)) / 0x2), CY_FLASH_ROW_SIZE))
                0x00000000                appl_start = (CY_APPL_NUM == 0x1)?appl1_start:appl2_start
                0x00000000                ecc_offset = ((appl_start / CY_FLASH_ROW_SIZE) * CY_ECC_ROW_SIZE)
                0x00000000                ee_offset = (CY_APPL_LOADABLE && ! (CY_EE_IN_BTLDR))?((CY_EE_SIZE / CY_APPL_MAX) * (CY_APPL_NUM - 0x1)):0x0
                0x00000800                ee_size = (CY_APPL_LOADABLE && ! (CY_EE_IN_BTLDR))?(CY_EE_SIZE / CY_APPL_MAX):CY_EE_SIZE
                [!provide]                PROVIDE (CY_ECC_OFFSET, ecc_offset)

.text           0x00000000     0x6f36
 CREATE_OBJECT_SYMBOLS
                0x00000000                PROVIDE (__cy_interrupt_vector, RomVectors)
 *(.romvectors)
 .romvectors    0x00000000       0x10 C:\Users\elias\AppData\Local\Temp\ccRz7WMT.ltrans4.ltrans.o
                0x00000000                RomVectors
                0x00000001                ASSERT ((. != __cy_interrupt_vector), No interrupt vector)
                0x00000001                ASSERT (CY_APPL_ORIGIN?(SIZEOF (.cybootloader) <= CY_APPL_ORIGIN):0x1, Wrong image location)
                0x00000010                PROVIDE (__cy_reset, Reset)
 *(.text.Reset)
 .text.Reset    0x00000010       0x64 C:\Users\elias\AppData\Local\Temp\ccRz7WMT.ltrans4.ltrans.o
                0x00000010                Reset
                0x00000001                ASSERT ((. != __cy_reset), No reset code)
 *(.dma_init)
                0x00000001                ASSERT ((((appl_start + .) <= 0x10000) || 0x1), DMA Init must be within the first 64k of flash)
 *(.text .text.* .gnu.linkonce.t.*)
 .text          0x00000074       0x5c c:/program files (x86)/cypress/psoc creator/4.4/psoc creator/import/gnu/arm/5.4.1/bin/../lib/gcc/arm-none-eabi/5.4.1/armv7-m/crtbegin.o
 .text.startup.main
                0x000000d0     0x1994 C:\Users\elias\AppData\Local\Temp\ccRz7WMT.ltrans0.ltrans.o
                0x000000d0                main
 .text.uart_service.lto_priv.95
                0x00001a64     0x13c8 C:\Users\elias\AppData\Local\Temp\ccRz7WMT.ltrans1.ltrans.o
                0x00001a64                uart_service.lto_priv.95
 .text.service_runtime.lto_priv.84
                0x00002e2c     0x17fc C:\Users\elias\AppData\Local\Temp\ccRz7WMT.ltrans2.ltrans.o
                0x00002e2c                service_runtime.lto_priv.84
 .text.ADC_ISR1
                0x00004628        0x4 C:\Users\elias\AppData\Local\Temp\ccRz7WMT.ltrans3.ltrans.o
 .text.UART_TXISR
                0x0000462c       0x58 C:\Users\elias\AppData\Local\Temp\ccRz7WMT.ltrans3.ltrans.o
                0x0000462c                UART_TXISR
 .text.UART_RXISR
                0x00004684       0x78 C:\Users\elias\AppData\Local\Temp\ccRz7WMT.ltrans3.ltrans.o
                0x00004684                UART_RXISR
 .text.CyDmaChEnable.constprop.49
                0x000046fc       0x24 C:\Users\elias\AppData\Local\Temp\ccRz7WMT.ltrans3.ltrans.o
                0x000046fc                CyDmaChEnable.constprop.49
 .text.CyDmaChPriority.constprop.47
                0x00004720       0x20 C:\Users\elias\AppData\Local\Temp\ccRz7WMT.ltrans3.ltrans.o
                0x00004720                CyDmaChPriority.constprop.47
 .text.CyDmaChSetExtendedAddress.constprop.46
                0x00004740       0x2c C:\Users\elias\AppData\Local\Temp\ccRz7WMT.ltrans3.ltrans.o
                0x00004740                CyDmaChSetExtendedAddress.constprop.46
 .text.PGAn_SetGain.constprop.3
                0x0000476c       0x30 C:\Users\elias\AppData\Local\Temp\ccRz7WMT.ltrans3.ltrans.o
                0x0000476c                PGAn_SetGain.constprop.3
 .text.PGAp_SetGain.constprop.2
                0x0000479c       0x30 C:\Users\elias\AppData\Local\Temp\ccRz7WMT.ltrans3.ltrans.o
                0x0000479c                PGAp_SetGain.constprop.2
 .text.CySpcUnlock
                0x000047cc       0x3c C:\Users\elias\AppData\Local\Temp\ccRz7WMT.ltrans3.ltrans.o
                0x000047cc                CySpcUnlock
 .text.CySpcLock
                0x00004808       0x44 C:\Users\elias\AppData\Local\Temp\ccRz7WMT.ltrans3.ltrans.o
                0x00004808                CySpcLock
 .text.CySetTempInt.lto_priv.87
                0x0000484c      0x118 C:\Users\elias\AppData\Local\Temp\ccRz7WMT.ltrans3.ltrans.o
                0x0000484c                CySetTempInt.lto_priv.87
 .text.unlikely.EEPROM_Write.part.1.lto_priv.111
                0x00004964       0xe0 C:\Users\elias\AppData\Local\Temp\ccRz7WMT.ltrans3.ltrans.o
                0x00004964                EEPROM_Write.part.1.lto_priv.111
 .text.EEPROM_ReadByte
                0x00004a44       0x3c C:\Users\elias\AppData\Local\Temp\ccRz7WMT.ltrans3.ltrans.o
                0x00004a44                EEPROM_ReadByte
 .text.AMux_ADC_Select
                0x00004a80      0x170 C:\Users\elias\AppData\Local\Temp\ccRz7WMT.ltrans3.ltrans.o
                0x00004a80                AMux_ADC_Select
 .text.PGAgain_SetGain
                0x00004bf0       0x78 C:\Users\elias\AppData\Local\Temp\ccRz7WMT.ltrans3.ltrans.o
                0x00004bf0                PGAgain_SetGain
 .text.ADC_Stop
                0x00004c68       0xfc C:\Users\elias\AppData\Local\Temp\ccRz7WMT.ltrans3.ltrans.o
                0x00004c68                ADC_Stop
 .text.ADC_Start
                0x00004d64      0x4f0 C:\Users\elias\AppData\Local\Temp\ccRz7WMT.ltrans3.ltrans.o
                0x00004d64                ADC_Start
 .text.CyDmaTdSetAddress
                0x00005254       0x1c C:\Users\elias\AppData\Local\Temp\ccRz7WMT.ltrans3.ltrans.o
                0x00005254                CyDmaTdSetAddress
 .text.CyDmaTdAllocate
                0x00005270       0x34 C:\Users\elias\AppData\Local\Temp\ccRz7WMT.ltrans3.ltrans.o
                0x00005270                CyDmaTdAllocate
 .text.CyDmaChSetInitialTd
                0x000052a4       0x18 C:\Users\elias\AppData\Local\Temp\ccRz7WMT.ltrans3.ltrans.o
                0x000052a4                CyDmaChSetInitialTd
 .text.IntDefaultHandler
                0x000052bc       0x10 C:\Users\elias\AppData\Local\Temp\ccRz7WMT.ltrans4.ltrans.o
 .text.startup.initialize_psoc
                0x000052cc      0x484 C:\Users\elias\AppData\Local\Temp\ccRz7WMT.ltrans4.ltrans.o
 .text.cal_async_finish_realcheck_stage.lto_priv.98
                0x00005750       0xf4 C:\Users\elias\AppData\Local\Temp\ccRz7WMT.ltrans4.ltrans.o
                0x00005750                cal_async_finish_realcheck_stage.lto_priv.98
 .text.cal_async_plan_realcheck_nudge.lto_priv.99
                0x00005844      0x1e0 C:\Users\elias\AppData\Local\Temp\ccRz7WMT.ltrans4.ltrans.o
                0x00005844                cal_async_plan_realcheck_nudge.lto_priv.99
 .text.async_finish_stage.lto_priv.97
                0x00005a24      0x230 C:\Users\elias\AppData\Local\Temp\ccRz7WMT.ltrans4.ltrans.o
                0x00005a24                async_finish_stage.lto_priv.97
 .text.psoc_calibration_restore_capture_path
                0x00005c54      0x168 C:\Users\elias\AppData\Local\Temp\ccRz7WMT.ltrans4.ltrans.o
                0x00005c54                psoc_calibration_restore_capture_path
 .text.cal_servo_apply_measurement.lto_priv.85
                0x00005dbc      0x3d8 C:\Users\elias\AppData\Local\Temp\ccRz7WMT.ltrans4.ltrans.o
                0x00005dbc                cal_servo_apply_measurement.lto_priv.85
 .text.isr_Button_Handler
                0x00006194       0x18 C:\Users\elias\AppData\Local\Temp\ccRz7WMT.ltrans5.ltrans.o
                0x00006194                isr_Button_Handler
 .text.isr_DMA_Filter_RAM_Handler
                0x000061ac      0x120 C:\Users\elias\AppData\Local\Temp\ccRz7WMT.ltrans5.ltrans.o
                0x000061ac                isr_DMA_Filter_RAM_Handler
 .text.isr_DMA_DelSig_RAM_Handler
                0x000062cc      0x15c C:\Users\elias\AppData\Local\Temp\ccRz7WMT.ltrans5.ltrans.o
                0x000062cc                isr_DMA_DelSig_RAM_Handler
 .text.uart_send_diag.lto_priv.80
                0x00006428       0xe0 C:\Users\elias\AppData\Local\Temp\ccRz7WMT.ltrans5.ltrans.o
                0x00006428                uart_send_diag.lto_priv.80
 .text.isr_SyncIn
                0x00006508      0x19c C:\Users\elias\AppData\Local\Temp\ccRz7WMT.ltrans5.ltrans.o
                0x00006508                isr_SyncIn
 .text.isr_Timer
                0x000066a4       0xc4 C:\Users\elias\AppData\Local\Temp\ccRz7WMT.ltrans5.ltrans.o
                0x000066a4                isr_Timer
 .text.psoc_start_calibration_if_idle.lto_priv.86
                0x00006768      0x2a0 C:\Users\elias\AppData\Local\Temp\ccRz7WMT.ltrans5.ltrans.o
                0x00006768                psoc_start_calibration_if_idle.lto_priv.86
 .text.cal_vdac_geo_lp.lto_priv.77
                0x00006a08        0xc C:\Users\elias\AppData\Local\Temp\ccRz7WMT.ltrans6.ltrans.o
                0x00006a08                cal_vdac_geo_lp.lto_priv.77
 .text.cal_vdac_geo_adder.lto_priv.76
                0x00006a14        0xc C:\Users\elias\AppData\Local\Temp\ccRz7WMT.ltrans6.ltrans.o
                0x00006a14                cal_vdac_geo_adder.lto_priv.76
 .text.cal_vdac_geo_bp.lto_priv.75
                0x00006a20        0xc C:\Users\elias\AppData\Local\Temp\ccRz7WMT.ltrans6.ltrans.o
                0x00006a20                cal_vdac_geo_bp.lto_priv.75
 .text.cal_vdac_geo_pga.lto_priv.74
                0x00006a2c        0xc C:\Users\elias\AppData\Local\Temp\ccRz7WMT.ltrans6.ltrans.o
                0x00006a2c                cal_vdac_geo_pga.lto_priv.74
 .text.cal_async_record_measurement.lto_priv.96
                0x00006a38      0x398 C:\Users\elias\AppData\Local\Temp\ccRz7WMT.ltrans6.ltrans.o
                0x00006a38                cal_async_record_measurement.lto_priv.96
 .text.cal_diag_realcheck_point.lto_priv.92
                0x00006dd0       0x48 C:\Users\elias\AppData\Local\Temp\ccRz7WMT.ltrans6.ltrans.o
                0x00006dd0                cal_diag_realcheck_point.lto_priv.92
 .text.cal_diag_point.lto_priv.100
                0x00006e18       0x80 C:\Users\elias\AppData\Local\Temp\ccRz7WMT.ltrans6.ltrans.o
                0x00006e18                cal_diag_point.lto_priv.100
 .text          0x00006e98       0x20 .\CortexM3\ARM_GCC_541\Debug\AcondicionamientoAnalogico.a(CyBootAsmGnu.o)
                0x00006e98                CyDelayCycles
                0x00006ea8                CyEnterCriticalSection
                0x00006eb0                CyExitCriticalSection
 .text.__errno  0x00006eb8        0xc c:/program files (x86)/cypress/psoc creator/4.4/psoc creator/import/gnu/arm/5.4.1/bin/../lib/gcc/arm-none-eabi/5.4.1/../../../../arm-none-eabi/lib/armv7-m\libg_nano.a(lib_a-errno.o)
                0x00006eb8                __errno
 .text.__libc_init_array
                0x00006ec4       0x4c c:/program files (x86)/cypress/psoc creator/4.4/psoc creator/import/gnu/arm/5.4.1/bin/../lib/gcc/arm-none-eabi/5.4.1/../../../../arm-none-eabi/lib/armv7-m\libg_nano.a(lib_a-init.o)
                0x00006ec4                __libc_init_array
 .text.memset   0x00006f10       0x10 c:/program files (x86)/cypress/psoc creator/4.4/psoc creator/import/gnu/arm/5.4.1/bin/../lib/gcc/arm-none-eabi/5.4.1/../../../../arm-none-eabi/lib/armv7-m\libg_nano.a(lib_a-memset.o)
                0x00006f10                memset
 .text.memcpy   0x00006f20       0x16 c:/program files (x86)/cypress/psoc creator/4.4/psoc creator/import/gnu/arm/5.4.1/bin/../lib/gcc/arm-none-eabi/5.4.1/../../../../arm-none-eabi/lib/armv7-m\libg_nano.a(lib_a-memcpy-stub.o)
                0x00006f20                memcpy
 *(.plt)
 *(.gnu.warning)
 *(.glue_7t)
 .glue_7t       0x00006f36        0x0 linker stubs
 *(.glue_7)
 .glue_7        0x00006f36        0x0 linker stubs
 *(.vfp11_veneer)
 .vfp11_veneer  0x00006f36        0x0 linker stubs
 *(.bootloader)
 *(.ARM.extab* .gnu.linkonce.armextab.*)
 *(.gcc_except_table)

.v4_bx          0x00006f38        0x0
 .v4_bx         0x00006f38        0x0 linker stubs

.iplt           0x00006f38        0x0
 .iplt          0x00006f38        0x0 c:/program files (x86)/cypress/psoc creator/4.4/psoc creator/import/gnu/arm/5.4.1/bin/../lib/gcc/arm-none-eabi/5.4.1/armv7-m/crtbegin.o

.eh_frame_hdr
 *(.eh_frame_hdr)

.eh_frame       0x00006f38        0x4
 *(.eh_frame)
 .eh_frame      0x00006f38        0x0 c:/program files (x86)/cypress/psoc creator/4.4/psoc creator/import/gnu/arm/5.4.1/bin/../lib/gcc/arm-none-eabi/5.4.1/armv7-m/crtbegin.o
 .eh_frame      0x00006f38        0x4 c:/program files (x86)/cypress/psoc creator/4.4/psoc creator/import/gnu/arm/5.4.1/bin/../lib/gcc/arm-none-eabi/5.4.1/armv7-m/crtend.o
                [!provide]                PROVIDE (__exidx_start, .)

.ARM.exidx
 *(.ARM.exidx* .gnu.linkonce.armexidx.*)
                0x00006f3c                __exidx_end = .

.rodata         0x00006f3c      0x8ec
 *(.rodata .rodata.* .gnu.linkonce.r.*)
 .rodata        0x00006f3c      0x64c C:\Users\elias\AppData\Local\Temp\ccRz7WMT.ltrans0.ltrans.o
                0x00007584                g_ping_frame.lto_priv.104
 .rodata        0x00007588       0x15 C:\Users\elias\AppData\Local\Temp\ccRz7WMT.ltrans1.ltrans.o
 *fill*         0x0000759d        0x3 
 .rodata        0x000075a0       0x3a C:\Users\elias\AppData\Local\Temp\ccRz7WMT.ltrans3.ltrans.o
                0x000075a0                AMux_ADC__outerAddr.lto_priv.70
                0x000075b4                AMux_ADC__outerMask.lto_priv.71
                0x000075bc                AMux_ADC__innerMap.lto_priv.72
                0x000075d9                cydelay_freq_mhz
 *fill*         0x000075da        0x2 
 .rodata        0x000075dc      0x1ec C:\Users\elias\AppData\Local\Temp\ccRz7WMT.ltrans4.ltrans.o
                0x00007608                g_psoc_cal_stages.lto_priv.83
 .rodata.str1.4
                0x000077c8       0x24 C:\Users\elias\AppData\Local\Temp\ccRz7WMT.ltrans4.ltrans.o
                                 0x23 (size before relaxing)
 .rodata.str1.1
                0x000077ec        0x2 c:/program files (x86)/cypress/psoc creator/4.4/psoc creator/import/gnu/arm/5.4.1/bin/../lib/gcc/arm-none-eabi/5.4.1/../../../../arm-none-eabi/lib/armv7-m\libg_nano.a(lib_a-impure.o)
                0x000077f0                . = ALIGN (0x4)
 *fill*         0x000077ee        0x2 
 *(.init)
 .init          0x000077f0        0x4 c:/program files (x86)/cypress/psoc creator/4.4/psoc creator/import/gnu/arm/5.4.1/bin/../lib/gcc/arm-none-eabi/5.4.1/armv7-m/crti.o
                0x000077f0                _init
 .init          0x000077f4        0x8 c:/program files (x86)/cypress/psoc creator/4.4/psoc creator/import/gnu/arm/5.4.1/bin/../lib/gcc/arm-none-eabi/5.4.1/armv7-m/crtn.o
                0x000077fc                . = ALIGN (0x4)
                0x000077fc                __preinit_array_start = .
 *(.preinit_array)
                0x000077fc                __preinit_array_end = .
                0x000077fc                . = ALIGN (0x4)
                0x000077fc                __init_array_start = .
 *(SORT(.init_array.*))
 *(.init_array)
 .init_array    0x000077fc        0x4 c:/program files (x86)/cypress/psoc creator/4.4/psoc creator/import/gnu/arm/5.4.1/bin/../lib/gcc/arm-none-eabi/5.4.1/armv7-m/crtbegin.o
 .init_array    0x00007800        0x4 C:\Users\elias\AppData\Local\Temp\ccRz7WMT.ltrans4.ltrans.o
                0x00007804                __init_array_end = .
                0x00007804                . = ALIGN (0x4)
 *(.fini)
 .fini          0x00007804        0x4 c:/program files (x86)/cypress/psoc creator/4.4/psoc creator/import/gnu/arm/5.4.1/bin/../lib/gcc/arm-none-eabi/5.4.1/armv7-m/crti.o
                0x00007804                _fini
 .fini          0x00007808        0x8 c:/program files (x86)/cypress/psoc creator/4.4/psoc creator/import/gnu/arm/5.4.1/bin/../lib/gcc/arm-none-eabi/5.4.1/armv7-m/crtn.o
                0x00007810                . = ALIGN (0x4)
                0x00007810                __fini_array_start = .
 *(.fini_array)
 .fini_array    0x00007810        0x4 c:/program files (x86)/cypress/psoc creator/4.4/psoc creator/import/gnu/arm/5.4.1/bin/../lib/gcc/arm-none-eabi/5.4.1/armv7-m/crtbegin.o
 *(SORT(.fini_array.*))
                0x00007814                __fini_array_end = .
                0x00007814                . = ALIGN (0x4)
 *crtbegin.o(.ctors)
 *(EXCLUDE_FILE(*crtend.o) .ctors)
 *(SORT(.ctors.*))
 *crtend.o(.ctors)
                0x00007814                . = ALIGN (0x4)
 *crtbegin.o(.dtors)
 *(EXCLUDE_FILE(*crtend.o) .dtors)
 *(SORT(.dtors.*))
 *crtend.o(.dtors)
                0x00007814                . = ALIGN (0x4)
                0x00007814                __cy_regions = .
                0x00007814        0x4 LONG 0x7828 __cy_region_init_ram
                0x00007818        0x4 LONG 0x1fff80c0 __cy_region_start_data
                0x0000781c        0x4 LONG 0x70 __cy_region_init_size_ram
                0x00007820        0x4 LONG 0xb848 __cy_region_zero_size_ram
                0x00007824                __cy_regions_end = .
                0x00007828                . = ALIGN (0x8)
 *fill*         0x00007824        0x4 
                0x00007828                _etext = .

.cy_checksum_exclude
                0x00007828        0x0
 *(.cy_checksum_exclude)

.ramvectors     0x1fff8000       0xc0
                0x1fff8000                __cy_region_start_ram = .
 *(.ramvectors)
 .ramvectors    0x1fff8000       0xc0 C:\Users\elias\AppData\Local\Temp\ccRz7WMT.ltrans4.ltrans.o
                0x1fff8000                CyRamVectors

.noinit
 *(.noinit)

.data           0x1fff80c0       0x70 load address 0x00007828
                0x1fff80c0                __cy_region_start_data = .
 *(.jcr)
 .jcr           0x1fff80c0        0x0 c:/program files (x86)/cypress/psoc creator/4.4/psoc creator/import/gnu/arm/5.4.1/bin/../lib/gcc/arm-none-eabi/5.4.1/armv7-m/crtbegin.o
 .jcr           0x1fff80c0        0x4 c:/program files (x86)/cypress/psoc creator/4.4/psoc creator/import/gnu/arm/5.4.1/bin/../lib/gcc/arm-none-eabi/5.4.1/armv7-m/crtend.o
 *(.got.plt)
 *(.got)
 *(.shdata)
 *(.data .data.* .gnu.linkonce.d.*)
 .data          0x1fff80c4        0x5 C:\Users\elias\AppData\Local\Temp\ccRz7WMT.ltrans0.ltrans.o
 .data          0x1fff80c9        0x3 C:\Users\elias\AppData\Local\Temp\ccRz7WMT.ltrans3.ltrans.o
                0x1fff80c9                ADC_Config
                0x1fff80ca                CyDmaTdCurrentNumber.lto_priv.67
                0x1fff80cb                CyDmaTdFreeIndex.lto_priv.66
 .data.impure_data
                0x1fff80cc       0x60 c:/program files (x86)/cypress/psoc creator/4.4/psoc creator/import/gnu/arm/5.4.1/bin/../lib/gcc/arm-none-eabi/5.4.1/../../../../arm-none-eabi/lib/armv7-m\libg_nano.a(lib_a-impure.o)
 .data._impure_ptr
                0x1fff812c        0x4 c:/program files (x86)/cypress/psoc creator/4.4/psoc creator/import/gnu/arm/5.4.1/bin/../lib/gcc/arm-none-eabi/5.4.1/../../../../arm-none-eabi/lib/armv7-m\libg_nano.a(lib_a-impure.o)
                0x1fff812c                _impure_ptr
                0x1fff8130                . = ALIGN (0x8)
 *(.ram)
                0x1fff8130                _edata = .

.igot.plt       0x1fff8130        0x0 load address 0x00007898
 .igot.plt      0x1fff8130        0x0 c:/program files (x86)/cypress/psoc creator/4.4/psoc creator/import/gnu/arm/5.4.1/bin/../lib/gcc/arm-none-eabi/5.4.1/armv7-m/crtbegin.o

.bss            0x1fff8130     0xb848 load address 0x00007898
                0x1fff8130                PROVIDE (__bss_start__, .)
 *(.shbss)
 *(.bss .bss.* .gnu.linkonce.b.*)
 .bss           0x1fff8130       0x1c c:/program files (x86)/cypress/psoc creator/4.4/psoc creator/import/gnu/arm/5.4.1/bin/../lib/gcc/arm-none-eabi/5.4.1/armv7-m/crtbegin.o
 .bss           0x1fff814c       0xf5 C:\Users\elias\AppData\Local\Temp\ccRz7WMT.ltrans0.ltrans.o
                0x1fff814c                UART_initVar
                0x1fff814d                g_pga_code.lto_priv.105
                0x1fff8160                g_dma_raw_buf.lto_priv.123
                0x1fff81c0                g_dma_filt_buf.lto_priv.121
                0x1fff8220                g_timer_ticks.lto_priv.94
                0x1fff8224                Timer_initVar
                0x1fff8225                g_cal_button_pressed.lto_priv.113
                0x1fff8226                g_state.lto_priv.88
                0x1fff8227                g_esp_connected.lto_priv.103
                0x1fff8228                g_batches_sent.lto_priv.90
                0x1fff822a                g_batches_captured.lto_priv.89
                0x1fff822c                g_psoc_adc_isr_counts.lto_priv.93
                0x1fff8238                g_comm_countdown.lto_priv.91
                0x1fff8240                g_pgavdac_code.lto_priv.106
 *fill*         0x1fff8241        0x3 
 .bss           0x1fff8244       0x14 C:\Users\elias\AppData\Local\Temp\ccRz7WMT.ltrans1.ltrans.o
                0x1fff8244                g_rx_watch_ticks.lto_priv.120
                0x1fff8248                g_n_batches.lto_priv.118
                0x1fff824a                g_batch_fill.lto_priv.114
                0x1fff824c                g_batch_ready.lto_priv.115
                0x1fff8250                g_dbg_cnt.lto_priv.119
                0x1fff8254                g_debug_psoc.lto_priv.117
                0x1fff8256                g_fir_discard.lto_priv.116
 .bss           0x1fff8258     0xb40a C:\Users\elias\AppData\Local\Temp\ccRz7WMT.ltrans2.ltrans.o
                0x1fff8258                g_stream_mode.lto_priv.108
                0x1fff8259                g_cal_ack_pending.lto_priv.112
                0x1fff825a                g_capture_done.lto_priv.107
                0x1fff825c                g_seq.lto_priv.110
                0x1fff8260                g_capture_raw.lto_priv.122
                0x20003660                watchdog_rx.lto_priv.102
                0x20003661                rx_state.lto_priv.101
 *fill*         0x20003662        0x2 
 .bss           0x20003664       0xc5 C:\Users\elias\AppData\Local\Temp\ccRz7WMT.ltrans3.ltrans.o
                0x20003664                UART_txBufferRead
                0x20003665                UART_txBufferWrite
                0x20003668                UART_txBuffer
                0x200036e8                UART_errorStatus
                0x200036e9                UART_rxBufferWrite
                0x200036ec                UART_rxBuffer
                0x2000370c                UART_rxBufferLoopDetect
                0x2000370e                UART_rxBufferRead
                0x2000370f                SpcLockState
                0x20003710                spcWaitPipeBypass.lto_priv.109
                0x20003716                AMux_ADC__armsEnabled.lto_priv.69
                0x20003718                AMux_ADC__refCnt.lto_priv.73
                0x20003728                AMux_ADC_lastChannel.lto_priv.68
 *fill*         0x20003729        0x3 
 .bss           0x2000372c      0x241 C:\Users\elias\AppData\Local\Temp\ccRz7WMT.ltrans4.ltrans.o
                0x2000372c                g_cal_async.lto_priv.78
                0x200038c4                g_psoc_cal_results
                0x200038f4                g_cal_diag_hook.lto_priv.79
                0x200038f8                g_psoc_adc_isr_ready.lto_priv.82
                0x200038fc                g_cal_servo.lto_priv.81
                0x2000396c                g_psoc_cal_result_count
 *fill*         0x2000396d        0x3 
 .bss           0x20003970        0x8 C:\Users\elias\AppData\Local\Temp\ccRz7WMT.ltrans5.ltrans.o
 *(COMMON)
                0x20003978                . = ALIGN (0x8)
 *(.ram.b)
                0x20003978                _end = .
                0x20003978                __end = .
                0x20003978                PROVIDE (end, .)
                0x20003978                PROVIDE (__bss_end__, .)
                0x00007828                __cy_region_init_ram = LOADADDR (.data)
                0x00000070                __cy_region_init_size_ram = (_edata - ADDR (.data))
                0x0000b848                __cy_region_zero_size_ram = (_end - _edata)

.heap           0x20003978       0x80 load address 0x00007898
                0x20003978                . = _end
                0x200039f8                . = (. + 0x80)
 *fill*         0x20003978       0x80 
                0x200039f8                __cy_heap_limit = .

.stack          0x20007800      0x800
                0x20007800                __cy_stack_limit = .
                0x20008000                . = (. + 0x800)
 *fill*         0x20007800      0x800 
                0x00000001                ASSERT ((__cy_stack_limit >= __cy_heap_limit), region RAM overflowed with stack)
                0x00000000                cy_checksum_exclude_size = (CY_APPL_LOADABLE == 0x1)?SIZEOF (.cy_checksum_exclude):0x0
                0x00000001                ASSERT ((cy_checksum_exclude_size <= CY_CHECKSUM_EXCLUDE_SIZE), CY_BOOT: Section .cy_checksum_exclude size exceedes specified limit.)

.cyloadermeta
 *(.cyloadermeta)

.cyloadablemeta
 *(.cyloadablemeta)

.cyconfigecc    0x80000000      0x7c0
 *(.cyconfigecc)
 .cyconfigecc   0x80000000      0x7c0 C:\Users\elias\AppData\Local\Temp\ccRz7WMT.ltrans5.ltrans.o
                0x80000000                cy_meta_configecc

.cycustnvl      0x90000000        0x4
 *(.cycustnvl)
 .cycustnvl     0x90000000        0x4 C:\Users\elias\AppData\Local\Temp\ccRz7WMT.ltrans5.ltrans.o
                0x90000000                cy_meta_custnvl

.cywolatch      0x90100000        0x4
 *(.cywolatch)
 .cywolatch     0x90100000        0x4 C:\Users\elias\AppData\Local\Temp\ccRz7WMT.ltrans5.ltrans.o
                0x90100000                cy_meta_wonvl

.cyeeprom       0x90200000        0x0
 *(.cyeeprom)
                0x00000001                ASSERT ((. <= ((0x90200000 + ee_offset) + ee_size)), .cyeeprom data will not fit in EEPROM)

.cyflashprotect
                0x90400000      0x100
 *(.cyflashprotect)
 .cyflashprotect
                0x90400000      0x100 C:\Users\elias\AppData\Local\Temp\ccRz7WMT.ltrans5.ltrans.o
                0x90400000                cy_meta_flashprotect

.cymeta         0x90500000        0xc
 *(.cymeta)
 .cymeta        0x90500000        0xc C:\Users\elias\AppData\Local\Temp\ccRz7WMT.ltrans5.ltrans.o
                0x90500000                cy_metadata

.rel.dyn        0x00007898        0x0 load address 0x9050000c
 .rel.iplt      0x00007898        0x0 c:/program files (x86)/cypress/psoc creator/4.4/psoc creator/import/gnu/arm/5.4.1/bin/../lib/gcc/arm-none-eabi/5.4.1/armv7-m/crtbegin.o

.stab
 *(.stab)

.stabstr
 *(.stabstr)

.debug
 *(.debug)

.line
 *(.line)

.debug_srcinfo
 *(.debug_srcinfo)

.debug_sfnames
 *(.debug_sfnames)

.debug_aranges  0x00000000      0x238
 *(.debug_aranges)
 .debug_aranges
                0x00000000       0x20 C:\Users\elias\AppData\Local\Temp\ccRz7WMT.ltrans0.ltrans.o
 .debug_aranges
                0x00000020       0x20 C:\Users\elias\AppData\Local\Temp\ccRz7WMT.ltrans1.ltrans.o
 .debug_aranges
                0x00000040       0x20 C:\Users\elias\AppData\Local\Temp\ccRz7WMT.ltrans2.ltrans.o
 .debug_aranges
                0x00000060       0xb8 C:\Users\elias\AppData\Local\Temp\ccRz7WMT.ltrans3.ltrans.o
 .debug_aranges
                0x00000118       0x60 C:\Users\elias\AppData\Local\Temp\ccRz7WMT.ltrans4.ltrans.o
 .debug_aranges
                0x00000178       0x50 C:\Users\elias\AppData\Local\Temp\ccRz7WMT.ltrans5.ltrans.o
 .debug_aranges
                0x000001c8       0x50 C:\Users\elias\AppData\Local\Temp\ccRz7WMT.ltrans6.ltrans.o
 .debug_aranges
                0x00000218       0x20 .\CortexM3\ARM_GCC_541\Debug\AcondicionamientoAnalogico.a(CyBootAsmGnu.o)

.debug_pubnames
 *(.debug_pubnames)

.debug_info     0x00000000     0xd070
 *(.debug_info .gnu.linkonce.wi.*)
 .debug_info    0x00000000     0x3dfb C:\Users\elias\AppData\Local\Temp\ccRz7WMT.ltrans0.ltrans.o
 .debug_info    0x00003dfb     0x1da8 C:\Users\elias\AppData\Local\Temp\ccRz7WMT.ltrans1.ltrans.o
 .debug_info    0x00005ba3     0x2501 C:\Users\elias\AppData\Local\Temp\ccRz7WMT.ltrans2.ltrans.o
 .debug_info    0x000080a4     0x14db C:\Users\elias\AppData\Local\Temp\ccRz7WMT.ltrans3.ltrans.o
 .debug_info    0x0000957f     0x207a C:\Users\elias\AppData\Local\Temp\ccRz7WMT.ltrans4.ltrans.o
 .debug_info    0x0000b5f9      0xe31 C:\Users\elias\AppData\Local\Temp\ccRz7WMT.ltrans5.ltrans.o
 .debug_info    0x0000c42a      0xbbe C:\Users\elias\AppData\Local\Temp\ccRz7WMT.ltrans6.ltrans.o
 .debug_info    0x0000cfe8       0x88 .\CortexM3\ARM_GCC_541\Debug\AcondicionamientoAnalogico.a(CyBootAsmGnu.o)

.debug_abbrev   0x00000000     0x1bab
 *(.debug_abbrev)
 .debug_abbrev  0x00000000      0x409 C:\Users\elias\AppData\Local\Temp\ccRz7WMT.ltrans0.ltrans.o
 .debug_abbrev  0x00000409      0x33f C:\Users\elias\AppData\Local\Temp\ccRz7WMT.ltrans1.ltrans.o
 .debug_abbrev  0x00000748      0x418 C:\Users\elias\AppData\Local\Temp\ccRz7WMT.ltrans2.ltrans.o
 .debug_abbrev  0x00000b60      0x43f C:\Users\elias\AppData\Local\Temp\ccRz7WMT.ltrans3.ltrans.o
 .debug_abbrev  0x00000f9f      0x532 C:\Users\elias\AppData\Local\Temp\ccRz7WMT.ltrans4.ltrans.o
 .debug_abbrev  0x000014d1      0x37d C:\Users\elias\AppData\Local\Temp\ccRz7WMT.ltrans5.ltrans.o
 .debug_abbrev  0x0000184e      0x349 C:\Users\elias\AppData\Local\Temp\ccRz7WMT.ltrans6.ltrans.o
 .debug_abbrev  0x00001b97       0x14 .\CortexM3\ARM_GCC_541\Debug\AcondicionamientoAnalogico.a(CyBootAsmGnu.o)

.debug_line     0x00000000     0x3f3e
 *(.debug_line)
 .debug_line    0x00000000     0x11e4 C:\Users\elias\AppData\Local\Temp\ccRz7WMT.ltrans0.ltrans.o
 .debug_line    0x000011e4      0xb1d C:\Users\elias\AppData\Local\Temp\ccRz7WMT.ltrans1.ltrans.o
 .debug_line    0x00001d01      0xac2 C:\Users\elias\AppData\Local\Temp\ccRz7WMT.ltrans2.ltrans.o
 .debug_line    0x000027c3      0x78c C:\Users\elias\AppData\Local\Temp\ccRz7WMT.ltrans3.ltrans.o
 .debug_line    0x00002f4f      0x721 C:\Users\elias\AppData\Local\Temp\ccRz7WMT.ltrans4.ltrans.o
 .debug_line    0x00003670      0x5d4 C:\Users\elias\AppData\Local\Temp\ccRz7WMT.ltrans5.ltrans.o
 .debug_line    0x00003c44      0x294 C:\Users\elias\AppData\Local\Temp\ccRz7WMT.ltrans6.ltrans.o
 .debug_line    0x00003ed8       0x66 .\CortexM3\ARM_GCC_541\Debug\AcondicionamientoAnalogico.a(CyBootAsmGnu.o)

.debug_frame    0x00000000      0x6e8
 *(.debug_frame)
 .debug_frame   0x00000000       0x2c C:\Users\elias\AppData\Local\Temp\ccRz7WMT.ltrans0.ltrans.o
 .debug_frame   0x0000002c       0x40 C:\Users\elias\AppData\Local\Temp\ccRz7WMT.ltrans1.ltrans.o
 .debug_frame   0x0000006c       0x64 C:\Users\elias\AppData\Local\Temp\ccRz7WMT.ltrans2.ltrans.o
 .debug_frame   0x000000d0      0x220 C:\Users\elias\AppData\Local\Temp\ccRz7WMT.ltrans3.ltrans.o
 .debug_frame   0x000002f0      0x140 C:\Users\elias\AppData\Local\Temp\ccRz7WMT.ltrans4.ltrans.o
 .debug_frame   0x00000430      0x114 C:\Users\elias\AppData\Local\Temp\ccRz7WMT.ltrans5.ltrans.o
 .debug_frame   0x00000544       0xc8 C:\Users\elias\AppData\Local\Temp\ccRz7WMT.ltrans6.ltrans.o
 .debug_frame   0x0000060c       0x20 c:/program files (x86)/cypress/psoc creator/4.4/psoc creator/import/gnu/arm/5.4.1/bin/../lib/gcc/arm-none-eabi/5.4.1/../../../../arm-none-eabi/lib/armv7-m\libg_nano.a(lib_a-errno.o)
 .debug_frame   0x0000062c       0x28 c:/program files (x86)/cypress/psoc creator/4.4/psoc creator/import/gnu/arm/5.4.1/bin/../lib/gcc/arm-none-eabi/5.4.1/../../../../arm-none-eabi/lib/armv7-m\libg_nano.a(lib_a-exit.o)
 .debug_frame   0x00000654       0x2c c:/program files (x86)/cypress/psoc creator/4.4/psoc creator/import/gnu/arm/5.4.1/bin/../lib/gcc/arm-none-eabi/5.4.1/../../../../arm-none-eabi/lib/armv7-m\libg_nano.a(lib_a-init.o)
 .debug_frame   0x00000680       0x20 c:/program files (x86)/cypress/psoc creator/4.4/psoc creator/import/gnu/arm/5.4.1/bin/../lib/gcc/arm-none-eabi/5.4.1/../../../../arm-none-eabi/lib/armv7-m\libg_nano.a(lib_a-memset.o)
 .debug_frame   0x000006a0       0x20 c:/program files (x86)/cypress/psoc creator/4.4/psoc creator/import/gnu/arm/5.4.1/bin/../lib/gcc/arm-none-eabi/5.4.1/../../../../arm-none-eabi/lib/armv7-m\libnosys.a(_exit.o)
 .debug_frame   0x000006c0       0x28 c:/program files (x86)/cypress/psoc creator/4.4/psoc creator/import/gnu/arm/5.4.1/bin/../lib/gcc/arm-none-eabi/5.4.1/../../../../arm-none-eabi/lib/armv7-m\libg_nano.a(lib_a-memcpy-stub.o)

.debug_str      0x00000000     0x3480
 *(.debug_str)
 .debug_str     0x00000000     0x1842 C:\Users\elias\AppData\Local\Temp\ccRz7WMT.ltrans0.ltrans.o
                               0x1978 (size before relaxing)
 .debug_str     0x00001842      0x384 C:\Users\elias\AppData\Local\Temp\ccRz7WMT.ltrans1.ltrans.o
                                0x8d9 (size before relaxing)
 .debug_str     0x00001bc6      0x597 C:\Users\elias\AppData\Local\Temp\ccRz7WMT.ltrans2.ltrans.o
                                0xc8c (size before relaxing)
 .debug_str     0x0000215d      0x7af C:\Users\elias\AppData\Local\Temp\ccRz7WMT.ltrans3.ltrans.o
                                0xb63 (size before relaxing)
 .debug_str     0x0000290c      0x772 C:\Users\elias\AppData\Local\Temp\ccRz7WMT.ltrans4.ltrans.o
                                0xefd (size before relaxing)
 .debug_str     0x0000307e      0x261 C:\Users\elias\AppData\Local\Temp\ccRz7WMT.ltrans5.ltrans.o
                                0x727 (size before relaxing)
 .debug_str     0x000032df      0x1a1 C:\Users\elias\AppData\Local\Temp\ccRz7WMT.ltrans6.ltrans.o
                                0x650 (size before relaxing)

.debug_loc      0x00000000     0xa541
 *(.debug_loc)
 .debug_loc     0x00000000     0x1ce5 C:\Users\elias\AppData\Local\Temp\ccRz7WMT.ltrans0.ltrans.o
 .debug_loc     0x00001ce5     0x122e C:\Users\elias\AppData\Local\Temp\ccRz7WMT.ltrans1.ltrans.o
 .debug_loc     0x00002f13     0x1de1 C:\Users\elias\AppData\Local\Temp\ccRz7WMT.ltrans2.ltrans.o
 .debug_loc     0x00004cf4      0xd62 C:\Users\elias\AppData\Local\Temp\ccRz7WMT.ltrans3.ltrans.o
 .debug_loc     0x00005a56     0x3883 C:\Users\elias\AppData\Local\Temp\ccRz7WMT.ltrans4.ltrans.o
 .debug_loc     0x000092d9      0x514 C:\Users\elias\AppData\Local\Temp\ccRz7WMT.ltrans5.ltrans.o
 .debug_loc     0x000097ed      0xd54 C:\Users\elias\AppData\Local\Temp\ccRz7WMT.ltrans6.ltrans.o

.debug_macinfo
 *(.debug_macinfo)

.debug_ranges   0x00000000     0x4e38
 *(.debug_ranges)
 .debug_ranges  0x00000000     0x17b0 C:\Users\elias\AppData\Local\Temp\ccRz7WMT.ltrans0.ltrans.o
 .debug_ranges  0x000017b0      0xd70 C:\Users\elias\AppData\Local\Temp\ccRz7WMT.ltrans1.ltrans.o
 .debug_ranges  0x00002520     0x12f8 C:\Users\elias\AppData\Local\Temp\ccRz7WMT.ltrans2.ltrans.o
 .debug_ranges  0x00003818      0x390 C:\Users\elias\AppData\Local\Temp\ccRz7WMT.ltrans3.ltrans.o
 .debug_ranges  0x00003ba8      0x870 C:\Users\elias\AppData\Local\Temp\ccRz7WMT.ltrans4.ltrans.o
 .debug_ranges  0x00004418      0x750 C:\Users\elias\AppData\Local\Temp\ccRz7WMT.ltrans5.ltrans.o
 .debug_ranges  0x00004b68      0x2d0 C:\Users\elias\AppData\Local\Temp\ccRz7WMT.ltrans6.ltrans.o

.comment        0x00000000       0x6e
 .comment       0x00000000       0x6e C:\Users\elias\AppData\Local\Temp\ccRz7WMT.ltrans0.ltrans.o
                                 0x6f (size before relaxing)
 .comment       0x0000006e       0x6f C:\Users\elias\AppData\Local\Temp\ccRz7WMT.ltrans1.ltrans.o
 .comment       0x0000006e       0x6f C:\Users\elias\AppData\Local\Temp\ccRz7WMT.ltrans2.ltrans.o
 .comment       0x0000006e       0x6f C:\Users\elias\AppData\Local\Temp\ccRz7WMT.ltrans3.ltrans.o
 .comment       0x0000006e       0x6f C:\Users\elias\AppData\Local\Temp\ccRz7WMT.ltrans4.ltrans.o
 .comment       0x0000006e       0x6f C:\Users\elias\AppData\Local\Temp\ccRz7WMT.ltrans5.ltrans.o
 .comment       0x0000006e       0x6f C:\Users\elias\AppData\Local\Temp\ccRz7WMT.ltrans6.ltrans.o

.debug_weaknames
 *(.debug_weaknames)

.debug_funcnames
 *(.debug_funcnames)

.debug_typenames
 *(.debug_typenames)

.debug_varnames
 *(.debug_varnames)

.note.gnu.arm.ident
 *(.note.gnu.arm.ident)

.ARM.attributes
                0x00000000       0x29
 *(.ARM.attributes)
 .ARM.attributes
                0x00000000       0x1d c:/program files (x86)/cypress/psoc creator/4.4/psoc creator/import/gnu/arm/5.4.1/bin/../lib/gcc/arm-none-eabi/5.4.1/armv7-m/crti.o
 .ARM.attributes
                0x0000001d       0x2d c:/program files (x86)/cypress/psoc creator/4.4/psoc creator/import/gnu/arm/5.4.1/bin/../lib/gcc/arm-none-eabi/5.4.1/armv7-m/crtbegin.o
 .ARM.attributes
                0x0000004a       0x1b c:/program files (x86)/cypress/psoc creator/4.4/psoc creator/import/gnu/arm/5.4.1/bin/../lib/gcc/arm-none-eabi/5.4.1/../../../../arm-none-eabi/lib/armv7-m/crt0.o
 .ARM.attributes
                0x00000065       0x31 C:\Users\elias\AppData\Local\Temp\ccRz7WMT.ltrans0.ltrans.o
 .ARM.attributes
                0x00000096       0x31 C:\Users\elias\AppData\Local\Temp\ccRz7WMT.ltrans1.ltrans.o
 .ARM.attributes
                0x000000c7       0x31 C:\Users\elias\AppData\Local\Temp\ccRz7WMT.ltrans2.ltrans.o
 .ARM.attributes
                0x000000f8       0x31 C:\Users\elias\AppData\Local\Temp\ccRz7WMT.ltrans3.ltrans.o
 .ARM.attributes
                0x00000129       0x31 C:\Users\elias\AppData\Local\Temp\ccRz7WMT.ltrans4.ltrans.o
 .ARM.attributes
                0x0000015a       0x31 C:\Users\elias\AppData\Local\Temp\ccRz7WMT.ltrans5.ltrans.o
 .ARM.attributes
                0x0000018b       0x31 C:\Users\elias\AppData\Local\Temp\ccRz7WMT.ltrans6.ltrans.o
 .ARM.attributes
                0x000001bc       0x21 .\CortexM3\ARM_GCC_541\Debug\AcondicionamientoAnalogico.a(CyBootAsmGnu.o)
 .ARM.attributes
                0x000001dd       0x2d c:/program files (x86)/cypress/psoc creator/4.4/psoc creator/import/gnu/arm/5.4.1/bin/../lib/gcc/arm-none-eabi/5.4.1/../../../../arm-none-eabi/lib/armv7-m\libg_nano.a(lib_a-errno.o)
 .ARM.attributes
                0x0000020a       0x2d c:/program files (x86)/cypress/psoc creator/4.4/psoc creator/import/gnu/arm/5.4.1/bin/../lib/gcc/arm-none-eabi/5.4.1/../../../../arm-none-eabi/lib/armv7-m\libg_nano.a(lib_a-exit.o)
 .ARM.attributes
                0x00000237       0x2d c:/program files (x86)/cypress/psoc creator/4.4/psoc creator/import/gnu/arm/5.4.1/bin/../lib/gcc/arm-none-eabi/5.4.1/../../../../arm-none-eabi/lib/armv7-m\libg_nano.a(lib_a-impure.o)
 .ARM.attributes
                0x00000264       0x2d c:/program files (x86)/cypress/psoc creator/4.4/psoc creator/import/gnu/arm/5.4.1/bin/../lib/gcc/arm-none-eabi/5.4.1/../../../../arm-none-eabi/lib/armv7-m\libg_nano.a(lib_a-init.o)
 .ARM.attributes
                0x00000291       0x2d c:/program files (x86)/cypress/psoc creator/4.4/psoc creator/import/gnu/arm/5.4.1/bin/../lib/gcc/arm-none-eabi/5.4.1/../../../../arm-none-eabi/lib/armv7-m\libg_nano.a(lib_a-memset.o)
 .ARM.attributes
                0x000002be       0x2d c:/program files (x86)/cypress/psoc creator/4.4/psoc creator/import/gnu/arm/5.4.1/bin/../lib/gcc/arm-none-eabi/5.4.1/armv7-m/crtend.o
 .ARM.attributes
                0x000002eb       0x1d c:/program files (x86)/cypress/psoc creator/4.4/psoc creator/import/gnu/arm/5.4.1/bin/../lib/gcc/arm-none-eabi/5.4.1/armv7-m/crtn.o
 .ARM.attributes
                0x00000308       0x2d c:/program files (x86)/cypress/psoc creator/4.4/psoc creator/import/gnu/arm/5.4.1/bin/../lib/gcc/arm-none-eabi/5.4.1/../../../../arm-none-eabi/lib/armv7-m\libnosys.a(_exit.o)
 .ARM.attributes
                0x00000335       0x2d c:/program files (x86)/cypress/psoc creator/4.4/psoc creator/import/gnu/arm/5.4.1/bin/../lib/gcc/arm-none-eabi/5.4.1/../../../../arm-none-eabi/lib/armv7-m\libg_nano.a(lib_a-memcpy-stub.o)

/DISCARD/
 *(.note.GNU-stack)
OUTPUT(C:\Github\Tesis\src\psoc\AcondicionamientoAnalogico.cydsn\CortexM3\ARM_GCC_541\Debug\AcondicionamientoAnalogico.elf elf32-littlearm)
