Archive member included to satisfy reference by file (symbol)

.\CortexM3\ARM_GCC_541\Debug\AcondicionamientoAnalogico.a(CyLib.o)
                              .\CortexM3\ARM_GCC_541\Debug\Cm3Start.o (CyHalt)
.\CortexM3\ARM_GCC_541\Debug\AcondicionamientoAnalogico.a(cyPm.o)
                              .\CortexM3\ARM_GCC_541\Debug\AcondicionamientoAnalogico.a(CyLib.o) (CyPmReadStatus)
.\CortexM3\ARM_GCC_541\Debug\AcondicionamientoAnalogico.a(isr_DelSig.o)
                              .\CortexM3\ARM_GCC_541\Debug\main.o (isr_DelSig_StartEx)
.\CortexM3\ARM_GCC_541\Debug\AcondicionamientoAnalogico.a(isr_Timer.o)
                              .\CortexM3\ARM_GCC_541\Debug\main.o (isr_Timer_StartEx)
.\CortexM3\ARM_GCC_541\Debug\AcondicionamientoAnalogico.a(Timer.o)
                              .\CortexM3\ARM_GCC_541\Debug\main.o (Timer_Stop)
.\CortexM3\ARM_GCC_541\Debug\AcondicionamientoAnalogico.a(UART.o)
                              .\CortexM3\ARM_GCC_541\Debug\main.o (UART_Start)
.\CortexM3\ARM_GCC_541\Debug\AcondicionamientoAnalogico.a(UART_INT.o)
                              .\CortexM3\ARM_GCC_541\Debug\AcondicionamientoAnalogico.a(UART.o) (UART_RXISR)
.\CortexM3\ARM_GCC_541\Debug\AcondicionamientoAnalogico.a(UART_IntClock.o)
                              .\CortexM3\ARM_GCC_541\Debug\AcondicionamientoAnalogico.a(UART.o) (UART_IntClock_Start)
.\CortexM3\ARM_GCC_541\Debug\AcondicionamientoAnalogico.a(VDAC.o)
                              .\CortexM3\ARM_GCC_541\Debug\main.o (VDAC_SetValue)
.\CortexM3\ARM_GCC_541\Debug\AcondicionamientoAnalogico.a(OPAbp.o)
                              .\CortexM3\ARM_GCC_541\Debug\main.o (OPAbp_Start)
.\CortexM3\ARM_GCC_541\Debug\AcondicionamientoAnalogico.a(OPAlp.o)
                              .\CortexM3\ARM_GCC_541\Debug\main.o (OPAlp_Start)
.\CortexM3\ARM_GCC_541\Debug\AcondicionamientoAnalogico.a(OPAadder.o)
                              .\CortexM3\ARM_GCC_541\Debug\main.o (OPAadder_Start)
.\CortexM3\ARM_GCC_541\Debug\AcondicionamientoAnalogico.a(ADC.o)
                              .\CortexM3\ARM_GCC_541\Debug\main.o (ADC_Start)
.\CortexM3\ARM_GCC_541\Debug\AcondicionamientoAnalogico.a(ADC_INT.o)
                              .\CortexM3\ARM_GCC_541\Debug\AcondicionamientoAnalogico.a(ADC.o) (ADC_ISR1)
.\CortexM3\ARM_GCC_541\Debug\AcondicionamientoAnalogico.a(PGAgain.o)
                              .\CortexM3\ARM_GCC_541\Debug\main.o (PGAgain_SetGain)
.\CortexM3\ARM_GCC_541\Debug\AcondicionamientoAnalogico.a(PGAvdac.o)
                              .\CortexM3\ARM_GCC_541\Debug\main.o (PGAvdac_SetGain)
.\CortexM3\ARM_GCC_541\Debug\AcondicionamientoAnalogico.a(PGAn.o)
                              .\CortexM3\ARM_GCC_541\Debug\main.o (PGAn_SetGain)
.\CortexM3\ARM_GCC_541\Debug\AcondicionamientoAnalogico.a(PGAp.o)
                              .\CortexM3\ARM_GCC_541\Debug\main.o (PGAp_SetGain)
.\CortexM3\ARM_GCC_541\Debug\AcondicionamientoAnalogico.a(ADC_Ext_CP_Clk.o)
                              .\CortexM3\ARM_GCC_541\Debug\AcondicionamientoAnalogico.a(ADC.o) (ADC_Ext_CP_Clk_SetModeRegister)
.\CortexM3\ARM_GCC_541\Debug\AcondicionamientoAnalogico.a(ADC_theACLK.o)
                              .\CortexM3\ARM_GCC_541\Debug\AcondicionamientoAnalogico.a(ADC.o) (ADC_theACLK_SetModeRegister)
.\CortexM3\ARM_GCC_541\Debug\AcondicionamientoAnalogico.a(OPAref.o)
                              .\CortexM3\ARM_GCC_541\Debug\main.o (OPAref_Start)
.\CortexM3\ARM_GCC_541\Debug\AcondicionamientoAnalogico.a(LPF_1.o)
                              .\CortexM3\ARM_GCC_541\Debug\main.o (LPF_1_Start)
.\CortexM3\ARM_GCC_541\Debug\AcondicionamientoAnalogico.a(LPF_2.o)
                              .\CortexM3\ARM_GCC_541\Debug\main.o (LPF_2_Start)
.\CortexM3\ARM_GCC_541\Debug\AcondicionamientoAnalogico.a(SYNC_IN.o)
                              .\CortexM3\ARM_GCC_541\Debug\main.o (SYNC_IN_Read)
.\CortexM3\ARM_GCC_541\Debug\AcondicionamientoAnalogico.a(isr_SyncIn.o)
                              .\CortexM3\ARM_GCC_541\Debug\main.o (isr_SyncIn_StartEx)
.\CortexM3\ARM_GCC_541\Debug\AcondicionamientoAnalogico.a(CyBootAsmGnu.o)
                              .\CortexM3\ARM_GCC_541\Debug\cyfitter_cfg.o (CyDelayCycles)
.\CortexM3\ARM_GCC_541\Debug\AcondicionamientoAnalogico.a(CyFlash.o)
                              .\CortexM3\ARM_GCC_541\Debug\AcondicionamientoAnalogico.a(cyPm.o) (CyFlash_SetWaitCycles)
.\CortexM3\ARM_GCC_541\Debug\AcondicionamientoAnalogico.a(CySpc.o)
                              .\CortexM3\ARM_GCC_541\Debug\AcondicionamientoAnalogico.a(CyFlash.o) (CySpcStart)
c:/program files (x86)/cypress/psoc creator/4.4/psoc creator/import/gnu/arm/5.4.1/bin/../lib/gcc/arm-none-eabi/5.4.1/armv7-m\libgcc.a(_arm_addsubdf3.o)
                              .\CortexM3\ARM_GCC_541\Debug\AcondicionamientoAnalogico.a(ADC.o) (__aeabi_f2d)
c:/program files (x86)/cypress/psoc creator/4.4/psoc creator/import/gnu/arm/5.4.1/bin/../lib/gcc/arm-none-eabi/5.4.1/armv7-m\libgcc.a(_arm_cmpdf2.o)
[...]
Memory Configuration

Name             Origin             Length             Attributes
rom              0x00000000         0x00040000         xr
ram              0x1fff8000         0x00010000         xrw
*default*        0x00000000         0xffffffff

Linker script and memory map

LOAD c:/program files (x86)/cypress/psoc creator/4.4/psoc creator/import/gnu/arm/5.4.1/bin/../lib/gcc/arm-none-eabi/5.4.1/armv7-m/crti.o
LOAD c:/program files (x86)/cypress/psoc creator/4.4/psoc creator/import/gnu/arm/5.4.1/bin/../lib/gcc/arm-none-eabi/5.4.1/armv7-m/crtbegin.o
LOAD c:/program files (x86)/cypress/psoc creator/4.4/psoc creator/import/gnu/arm/5.4.1/bin/../lib/gcc/arm-none-eabi/5.4.1/../../../../arm-none-eabi/lib/armv7-m/crt0.o
START GROUP
LOAD .\CortexM3\ARM_GCC_541\Debug\main.o
LOAD .\CortexM3\ARM_GCC_541\Debug\cyfitter_cfg.o
LOAD .\CortexM3\ARM_GCC_541\Debug\cymetadata.o
LOAD .\CortexM3\ARM_GCC_541\Debug\Cm3Start.o
LOAD .\CortexM3\ARM_GCC_541\Debug\AcondicionamientoAnalogico.a
LOAD C:\Program Files (x86)\Cypress\PSoC Creator\4.4\PSoC Creator\psoc\content\cycomponentlibrary\CyComponentLibrary.cylib\CortexM3\ARM_GCC_541\Debug\CyComponentLibrary.a
END GROUP
START GROUP
LOAD c:/program files (x86)/cypress/psoc creator/4.4/psoc creator/import/gnu/arm/5.4.1/bin/../lib/gcc/arm-none-eabi/5.4.1/armv7-m\libgcc.a
LOAD c:/program files (x86)/cypress/psoc creator/4.4/psoc creator/import/gnu/arm/5.4.1/bin/../lib/gcc/arm-none-eabi/5.4.1/../../../../arm-none-eabi/lib/armv7-m\libg_nano.a
LOAD c:/program files (x86)/cypress/psoc creator/4.4/psoc creator/import/gnu/arm/5.4.1/bin/../lib/gcc/arm-none-eabi/5.4.1/../../../../arm-none-eabi/lib/armv7-m\libc_nano.a
END GROUP
START GROUP
LOAD c:/program files (x86)/cypress/psoc creator/4.4/psoc creator/import/gnu/arm/5.4.1/bin/../lib/gcc/arm-none-eabi/5.4.1/armv7-m\libgcc.a
LOAD c:/program files (x86)/cypress/psoc creator/4.4/psoc creator/import/gnu/arm/5.4.1/bin/../lib/gcc/arm-none-eabi/5.4.1/../../../../arm-none-eabi/lib/armv7-m\libc_nano.a
END GROUP
LOAD c:/program files (x86)/cypress/psoc creator/4.4/psoc creator/import/gnu/arm/5.4.1/bin/../lib/gcc/arm-none-eabi/5.4.1/armv7-m/crtend.o
LOAD c:/program files (x86)/cypress/psoc creator/4.4/psoc creator/import/gnu/arm/5.4.1/bin/../lib/gcc/arm-none-eabi/5.4.1/armv7-m/crtn.o
START GROUP
LOAD c:/program files (x86)/cypress/psoc creator/4.4/psoc creator/import/gnu/arm/5.4.1/bin/../lib/gcc/arm-none-eabi/5.4.1/armv7-m\libgcc.a
LOAD c:/program files (x86)/cypress/psoc creator/4.4/psoc creator/import/gnu/arm/5.4.1/bin/../lib/gcc/arm-none-eabi/5.4.1/../../../../arm-none-eabi/lib/armv7-m\libc.a
LOAD c:/program files (x86)/cypress/psoc creator/4.4/psoc creator/import/gnu/arm/5.4.1/bin/../lib/gcc/arm-none-eabi/5.4.1/../../../../arm-none-eabi/lib/armv7-m\libnosys.a
END GROUP
                0x00000000                CY_APPL_ORIGIN = 0x0
                0x00000100                CY_FLASH_ROW_SIZE = 0x100
                0x00000020                CY_ECC_ROW_SIZE = 0x20
                0x00000000                CY_EE_IN_BTLDR = 0x0
                0x00000000                CY_APPL_LOADABLE = 0x0
                0x00000800                CY_EE_SIZE = 0x800
                0x00000001                CY_APPL_NUM = 0x1
                0x00000001                CY_APPL_MAX = 0x1
                0x00000040                CY_METADATA_SIZE = 0x40
                0x00000000                CY_APPL_LOADABLE = 0x0
                0x00000000                CY_CHECKSUM_EXCLUDE_SIZE = ALIGN (0x0, CY_FLASH_ROW_SIZE)
                [!provide]                PROVIDE (__cy_heap_start, _end)
                0x00000001                PROVIDE (__cy_region_num, ((__cy_regions_end - __cy_regions) / 0x10))
                0x20008000                PROVIDE (__cy_stack, (ORIGIN (ram) + LENGTH (ram)))
                [!provide]                PROVIDE (__cy_heap_end, (__cy_stack - 0x800))

.cybootloader   0x00000000        0x0
 *(.cybootloader)
                0x00000000                appl1_start = CY_APPL_ORIGIN?CY_APPL_ORIGIN:ALIGN (CY_FLASH_ROW_SIZE)
                0x0001ff00                appl2_start = (appl1_start + ALIGN ((((LENGTH (rom) - appl1_start) - (0x2 * CY_FLASH_ROW_SIZE)) / 0x2), CY_FLASH_ROW_SIZE))
                0x00000000                appl_start = (CY_APPL_NUM == 0x1)?appl1_start:appl2_start
                0x00000000                ecc_offset = ((appl_start / CY_FLASH_ROW_SIZE) * CY_ECC_ROW_SIZE)
                0x00000000                ee_offset = (CY_APPL_LOADABLE && ! (CY_EE_IN_BTLDR))?((CY_EE_SIZE / CY_APPL_MAX) * (CY_APPL_NUM - 0x1)):0x0
                0x00000800                ee_size = (CY_APPL_LOADABLE && ! (CY_EE_IN_BTLDR))?(CY_EE_SIZE / CY_APPL_MAX):CY_EE_SIZE
                [!provide]                PROVIDE (CY_ECC_OFFSET, ecc_offset)

.text           0x00000000     0x1fee
 CREATE_OBJECT_SYMBOLS
                0x00000000                PROVIDE (__cy_interrupt_vector, RomVectors)
 *(.romvectors)
 .romvectors    0x00000000       0x10 .\CortexM3\ARM_GCC_541\Debug\Cm3Start.o
                0x00000000                RomVectors
                0x00000001                ASSERT ((. != __cy_interrupt_vector), No interrupt vector)
                0x00000001                ASSERT (CY_APPL_ORIGIN?(SIZEOF (.cybootloader) <= CY_APPL_ORIGIN):0x1, Wrong image location)
                0x00000010                PROVIDE (__cy_reset, Reset)
 *(.text.Reset)
 .text.Reset    0x00000010       0x18 .\CortexM3\ARM_GCC_541\Debug\Cm3Start.o
                0x00000010                Reset
                0x00000001                ASSERT ((. != __cy_reset), No reset code)
 *(.dma_init)
                0x00000001                ASSERT ((((appl_start + .) <= 0x10000) || 0x1), DMA Init must be within the first 64k of flash)
 *(.text .text.* .gnu.linkonce.t.*)
 .text          0x00000028       0x5c c:/program files (x86)/cypress/psoc creator/4.4/psoc creator/import/gnu/arm/5.4.1/bin/../lib/gcc/arm-none-eabi/5.4.1/armv7-m/crtbegin.o
 .text.adc_counts_right_aligned
                0x00000084       0x1c .\CortexM3\ARM_GCC_541\Debug\main.o
 .text.capture_target_batches
                0x000000a0       0x18 .\CortexM3\ARM_GCC_541\Debug\main.o
 .text.capture_dump_pending
                0x000000b8       0x1c .\CortexM3\ARM_GCC_541\Debug\main.o
 .text.capture_reset_locked
                0x000000d4       0x18 .\CortexM3\ARM_GCC_541\Debug\main.o
 .text.rx_watchdog_start
                0x000000ec       0x10 .\CortexM3\ARM_GCC_541\Debug\main.o
 .text.rx_watchdog_stop
                0x000000fc       0x10 .\CortexM3\ARM_GCC_541\Debug\main.o
 .text.ticks_due
                0x0000010c       0x10 .\CortexM3\ARM_GCC_541\Debug\main.o
 .text.service_comm_led
                0x0000011c       0x5c .\CortexM3\ARM_GCC_541\Debug\main.o
 .text.isr_DelSigReady
                0x00000178       0xd4 .\CortexM3\ARM_GCC_541\Debug\main.o
                0x00000178                isr_DelSigReady
 .text.isr_Timer
                0x0000024c       0x5c .\CortexM3\ARM_GCC_541\Debug\main.o
                0x0000024c                isr_Timer
 .text.timer_start_runtime
                0x000002a8       0x18 .\CortexM3\ARM_GCC_541\Debug\main.o
 .text.psoc_arm
                0x000002c0       0x24 .\CortexM3\ARM_GCC_541\Debug\main.o
 .text.timer_now_ticks
                0x000002e4       0x18 .\CortexM3\ARM_GCC_541\Debug\main.o
 .text.timer_stop_quiet
                0x000002fc       0x10 .\CortexM3\ARM_GCC_541\Debug\main.o
 .text.psoc_enter_sampling
                0x0000030c       0x38 .\CortexM3\ARM_GCC_541\Debug\main.o
 .text.isr_SyncIn
                0x00000344       0x44 .\CortexM3\ARM_GCC_541\Debug\main.o
                0x00000344                isr_SyncIn
 .text.psoc_start_now
                0x00000388        0xc .\CortexM3\ARM_GCC_541\Debug\main.o
 .text.PGAgain_Set
                0x00000394       0x18 .\CortexM3\ARM_GCC_541\Debug\main.o
 .text.PGAvdac_Set
                0x000003ac       0x18 .\CortexM3\ARM_GCC_541\Debug\main.o
 .text.uart_send_capture_batch
                0x000003c4       0x90 .\CortexM3\ARM_GCC_541\Debug\main.o
 .text.uart_send_fs_report
                0x00000454       0x30 .\CortexM3\ARM_GCC_541\Debug\main.o
 .text.uart_send_cfg_ack
                0x00000484       0x30 .\CortexM3\ARM_GCC_541\Debug\main.o
 .text.uart_send_ping
                0x000004b4       0x10 .\CortexM3\ARM_GCC_541\Debug\main.o
 .text.uart_service
                0x000004c4      0x1e4 .\CortexM3\ARM_GCC_541\Debug\main.o
 .text.service_runtime
                0x000006a8       0x68 .\CortexM3\ARM_GCC_541\Debug\main.o
 .text.wait_for_esp
                0x00000710       0x34 .\CortexM3\ARM_GCC_541\Debug\main.o
 .text.wait_ticks
                0x00000744       0x20 .\CortexM3\ARM_GCC_541\Debug\main.o
 .text.main     0x00000764      0x124 .\CortexM3\ARM_GCC_541\Debug\main.o
                0x00000764                main
 .text.CyClockStartupError
                0x00000888        0x4 .\CortexM3\ARM_GCC_541\Debug\cyfitter_cfg.o
 .text.cfg_write_bytes32
                0x0000088c       0x34 .\CortexM3\ARM_GCC_541\Debug\cyfitter_cfg.o
 .text.AnalogSetDefault
                0x000008c0       0xec .\CortexM3\ARM_GCC_541\Debug\cyfitter_cfg.o
 .text.CYMEMZERO
                0x000009ac        0xc .\CortexM3\ARM_GCC_541\Debug\cyfitter_cfg.o
 .text.CYCONFIGCPY
                0x000009b8        0x8 .\CortexM3\ARM_GCC_541\Debug\cyfitter_cfg.o
 .text.ClockSetup
                0x000009c0       0xe8 .\CortexM3\ARM_GCC_541\Debug\cyfitter_cfg.o
 .text.cyfitter_cfg
                0x00000aa8      0x10c .\CortexM3\ARM_GCC_541\Debug\cyfitter_cfg.o
                0x00000aa8                cyfitter_cfg
 .text.IntDefaultHandler
                0x00000bb4       0x10 .\CortexM3\ARM_GCC_541\Debug\Cm3Start.o
                0x00000bb4                IntDefaultHandler
 .text.Start_c  0x00000bc4       0x4c .\CortexM3\ARM_GCC_541\Debug\Cm3Start.o
                0x00000bc4                Start_c
 .text.initialize_psoc
                0x00000c10       0x68 .\CortexM3\ARM_GCC_541\Debug\Cm3Start.o
                0x00000c10                initialize_psoc
 .text.CyHalt   0x00000c78        0x4 .\CortexM3\ARM_GCC_541\Debug\AcondicionamientoAnalogico.a(CyLib.o)
                0x00000c78                CyHalt
 .text.CyDelayUs
                0x00000c7c       0x14 .\CortexM3\ARM_GCC_541\Debug\AcondicionamientoAnalogico.a(CyLib.o)
                0x00000c7c                CyDelayUs
 .text.CyIntSetVector
                0x00000c90       0x28 .\CortexM3\ARM_GCC_541\Debug\AcondicionamientoAnalogico.a(CyLib.o)
                0x00000c90                CyIntSetVector
 .text.CyIntSetPriority
                0x00000cb8       0x30 .\CortexM3\ARM_GCC_541\Debug\AcondicionamientoAnalogico.a(CyLib.o)
                0x00000cb8                CyIntSetPriority
 .text.isr_DelSig_SetVector
                0x00000ce8        0xc .\CortexM3\ARM_GCC_541\Debug\AcondicionamientoAnalogico.a(isr_DelSig.o)
                0x00000ce8                isr_DelSig_SetVector
 .text.isr_DelSig_SetPriority
                0x00000cf4       0x10 .\CortexM3\ARM_GCC_541\Debug\AcondicionamientoAnalogico.a(isr_DelSig.o)
                0x00000cf4                isr_DelSig_SetPriority
 .text.isr_DelSig_Enable
                0x00000d04        0xc .\CortexM3\ARM_GCC_541\Debug\AcondicionamientoAnalogico.a(isr_DelSig.o)
                0x00000d04                isr_DelSig_Enable
 .text.isr_DelSig_Disable
                0x00000d10        0xc .\CortexM3\ARM_GCC_541\Debug\AcondicionamientoAnalogico.a(isr_DelSig.o)
                0x00000d10                isr_DelSig_Disable
 .text.isr_DelSig_StartEx
                0x00000d1c       0x1c .\CortexM3\ARM_GCC_541\Debug\AcondicionamientoAnalogico.a(isr_DelSig.o)
                0x00000d1c                isr_DelSig_StartEx
 .text.isr_Timer_SetVector
                0x00000d38        0xc .\CortexM3\ARM_GCC_541\Debug\AcondicionamientoAnalogico.a(isr_Timer.o)
                0x00000d38                isr_Timer_SetVector
 .text.isr_Timer_SetPriority
                0x00000d44       0x10 .\CortexM3\ARM_GCC_541\Debug\AcondicionamientoAnalogico.a(isr_Timer.o)
                0x00000d44                isr_Timer_SetPriority
 .text.isr_Timer_Enable
                0x00000d54        0xc .\CortexM3\ARM_GCC_541\Debug\AcondicionamientoAnalogico.a(isr_Timer.o)
                0x00000d54                isr_Timer_Enable
 .text.isr_Timer_Disable
                0x00000d60        0xc .\CortexM3\ARM_GCC_541\Debug\AcondicionamientoAnalogico.a(isr_Timer.o)
                0x00000d60                isr_Timer_Disable
 .text.isr_Timer_StartEx
                0x00000d6c       0x1c .\CortexM3\ARM_GCC_541\Debug\AcondicionamientoAnalogico.a(isr_Timer.o)
                0x00000d6c                isr_Timer_StartEx
 .text.isr_Timer_ClearPending
                0x00000d88        0xc .\CortexM3\ARM_GCC_541\Debug\AcondicionamientoAnalogico.a(isr_Timer.o)
                0x00000d88                isr_Timer_ClearPending
 .text.Timer_Enable
                0x00000d94       0x10 .\CortexM3\ARM_GCC_541\Debug\AcondicionamientoAnalogico.a(Timer.o)
                0x00000d94                Timer_Enable
 .text.Timer_Stop
                0x00000da4       0x10 .\CortexM3\ARM_GCC_541\Debug\AcondicionamientoAnalogico.a(Timer.o)
                0x00000da4                Timer_Stop
 .text.Timer_SetInterruptMode
                0x00000db4        0xc .\CortexM3\ARM_GCC_541\Debug\AcondicionamientoAnalogico.a(Timer.o)
                0x00000db4                Timer_SetInterruptMode
 .text.Timer_ReadStatusRegister
                0x00000dc0        0xc .\CortexM3\ARM_GCC_541\Debug\AcondicionamientoAnalogico.a(Timer.o)
                0x00000dc0                Timer_ReadStatusRegister
 .text.Timer_WritePeriod
                0x00000dcc        0xc .\CortexM3\ARM_GCC_541\Debug\AcondicionamientoAnalogico.a(Timer.o)
                0x00000dcc                Timer_WritePeriod
 .text.Timer_ReadCapture
                0x00000dd8        0xc .\CortexM3\ARM_GCC_541\Debug\AcondicionamientoAnalogico.a(Timer.o)
                0x00000dd8                Timer_ReadCapture
 .text.Timer_WriteCounter
                0x00000de4        0xc .\CortexM3\ARM_GCC_541\Debug\AcondicionamientoAnalogico.a(Timer.o)
                0x00000de4                Timer_WriteCounter
 .text.Timer_ClearFIFO
                0x00000df0       0x14 .\CortexM3\ARM_GCC_541\Debug\AcondicionamientoAnalogico.a(Timer.o)
                0x00000df0                Timer_ClearFIFO
 .text.Timer_Init
                0x00000e04       0x30 .\CortexM3\ARM_GCC_541\Debug\AcondicionamientoAnalogico.a(Timer.o)
                0x00000e04                Timer_Init
 .text.Timer_Start
                0x00000e34       0x1c .\CortexM3\ARM_GCC_541\Debug\AcondicionamientoAnalogico.a(Timer.o)
                0x00000e34                Timer_Start
 .text.UART_Init
                0x00000e50       0x5c .\CortexM3\ARM_GCC_541\Debug\AcondicionamientoAnalogico.a(UART.o)
                0x00000e50                UART_Init
 .text.UART_Enable
                0x00000eac       0x50 .\CortexM3\ARM_GCC_541\Debug\AcondicionamientoAnalogico.a(UART.o)
                0x00000eac                UART_Enable
 .text.UART_Start
                0x00000efc       0x1c .\CortexM3\ARM_GCC_541\Debug\AcondicionamientoAnalogico.a(UART.o)
                0x00000efc                UART_Start
 .text.UART_ReadRxData
                0x00000f18       0x64 .\CortexM3\ARM_GCC_541\Debug\AcondicionamientoAnalogico.a(UART.o)
                0x00000f18                UART_ReadRxData
 .text.UART_GetRxBufferSize
                0x00000f7c       0x60 .\CortexM3\ARM_GCC_541\Debug\AcondicionamientoAnalogico.a(UART.o)
                0x00000f7c                UART_GetRxBufferSize
 .text.UART_PutChar
                0x00000fdc       0x74 .\CortexM3\ARM_GCC_541\Debug\AcondicionamientoAnalogico.a(UART.o)
                0x00000fdc                UART_PutChar
 .text.UART_PutArray
                0x00001050       0x28 .\CortexM3\ARM_GCC_541\Debug\AcondicionamientoAnalogico.a(UART.o)
                0x00001050                UART_PutArray
 .text.UART_RXISR
                0x00001078       0x98 .\CortexM3\ARM_GCC_541\Debug\AcondicionamientoAnalogico.a(UART_INT.o)
                0x00001078                UART_RXISR
 .text.UART_TXISR
                0x00001110       0x58 .\CortexM3\ARM_GCC_541\Debug\AcondicionamientoAnalogico.a(UART_INT.o)
                0x00001110                UART_TXISR
 .text.UART_IntClock_Start
                0x00001168       0x1c .\CortexM3\ARM_GCC_541\Debug\AcondicionamientoAnalogico.a(UART_IntClock.o)
                0x00001168                UART_IntClock_Start
 .text.VDAC_Enable
                0x00001184       0x1c .\CortexM3\ARM_GCC_541\Debug\AcondicionamientoAnalogico.a(VDAC.o)
                0x00001184                VDAC_Enable
 .text.VDAC_SetSpeed
                0x000011a0       0x1c .\CortexM3\ARM_GCC_541\Debug\AcondicionamientoAnalogico.a(VDAC.o)
                0x000011a0                VDAC_SetSpeed
 .text.VDAC_SetValue
                0x000011bc        0xc .\CortexM3\ARM_GCC_541\Debug\AcondicionamientoAnalogico.a(VDAC.o)
                0x000011bc                VDAC_SetValue
 .text.VDAC_DacTrim
                0x000011c8       0x24 .\CortexM3\ARM_GCC_541\Debug\AcondicionamientoAnalogico.a(VDAC.o)
                0x000011c8                VDAC_DacTrim
 .text.VDAC_SetRange
                0x000011ec       0x20 .\CortexM3\ARM_GCC_541\Debug\AcondicionamientoAnalogico.a(VDAC.o)
                0x000011ec                VDAC_SetRange
 .text.VDAC_Init
                0x0000120c       0x1c .\CortexM3\ARM_GCC_541\Debug\AcondicionamientoAnalogico.a(VDAC.o)
                0x0000120c                VDAC_Init
 .text.VDAC_Start
                0x00001228       0x24 .\CortexM3\ARM_GCC_541\Debug\AcondicionamientoAnalogico.a(VDAC.o)
                0x00001228                VDAC_Start
 .text.OPAbp_Enable
                0x0000124c       0x28 .\CortexM3\ARM_GCC_541\Debug\AcondicionamientoAnalogico.a(OPAbp.o)
                0x0000124c                OPAbp_Enable
 .text.OPAbp_SetPower
                0x00001274       0x1c .\CortexM3\ARM_GCC_541\Debug\AcondicionamientoAnalogico.a(OPAbp.o)
                0x00001274                OPAbp_SetPower
 .text.OPAbp_Init
                0x00001290        0xc .\CortexM3\ARM_GCC_541\Debug\AcondicionamientoAnalogico.a(OPAbp.o)
                0x00001290                OPAbp_Init
 .text.OPAbp_Start
                0x0000129c       0x1c .\CortexM3\ARM_GCC_541\Debug\AcondicionamientoAnalogico.a(OPAbp.o)
                0x0000129c                OPAbp_Start
 .text.OPAlp_Enable
                0x000012b8       0x28 .\CortexM3\ARM_GCC_541\Debug\AcondicionamientoAnalogico.a(OPAlp.o)
                0x000012b8                OPAlp_Enable
 .text.OPAlp_SetPower
                0x000012e0       0x1c .\CortexM3\ARM_GCC_541\Debug\AcondicionamientoAnalogico.a(OPAlp.o)
                0x000012e0                OPAlp_SetPower
 .text.OPAlp_Init
                0x000012fc        0xc .\CortexM3\ARM_GCC_541\Debug\AcondicionamientoAnalogico.a(OPAlp.o)
                0x000012fc                OPAlp_Init
 .text.OPAlp_Start
                0x00001308       0x1c .\CortexM3\ARM_GCC_541\Debug\AcondicionamientoAnalogico.a(OPAlp.o)
                0x00001308                OPAlp_Start
 .text.OPAadder_Enable
                0x00001324       0x28 .\CortexM3\ARM_GCC_541\Debug\AcondicionamientoAnalogico.a(OPAadder.o)
                0x00001324                OPAadder_Enable
 .text.OPAadder_SetPower
                0x0000134c       0x1c .\CortexM3\ARM_GCC_541\Debug\AcondicionamientoAnalogico.a(OPAadder.o)
                0x0000134c                OPAadder_SetPower
 .text.OPAadder_Init
                0x00001368        0xc .\CortexM3\ARM_GCC_541\Debug\AcondicionamientoAnalogico.a(OPAadder.o)
                0x00001368                OPAadder_Init
 .text.OPAadder_Start
                0x00001374       0x1c .\CortexM3\ARM_GCC_541\Debug\AcondicionamientoAnalogico.a(OPAadder.o)
                0x00001374                OPAadder_Start
 .text.ADC_GainCompensation
                0x00001390       0xdc .\CortexM3\ARM_GCC_541\Debug\AcondicionamientoAnalogico.a(ADC.o)
 .text.ADC_SetDSMRef0Reg
                0x0000146c       0x4c .\CortexM3\ARM_GCC_541\Debug\AcondicionamientoAnalogico.a(ADC.o)
 .text.ADC_InitConfig
                0x000014b8       0xe0 .\CortexM3\ARM_GCC_541\Debug\AcondicionamientoAnalogico.a(ADC.o)
 .text.ADC_Init
                0x00001598       0xc4 .\CortexM3\ARM_GCC_541\Debug\AcondicionamientoAnalogico.a(ADC.o)
                0x00001598                ADC_Init
 .text.ADC_Enable
                0x0000165c       0xd8 .\CortexM3\ARM_GCC_541\Debug\AcondicionamientoAnalogico.a(ADC.o)
                0x0000165c                ADC_Enable
 .text.ADC_Start
                0x00001734       0x28 .\CortexM3\ARM_GCC_541\Debug\AcondicionamientoAnalogico.a(ADC.o)
                0x00001734                ADC_Start
 .text.ADC_StartConvert
                0x0000175c       0x10 .\CortexM3\ARM_GCC_541\Debug\AcondicionamientoAnalogico.a(ADC.o)
                0x0000175c                ADC_StartConvert
 .text.ADC_StopConvert
                0x0000176c       0x10 .\CortexM3\ARM_GCC_541\Debug\AcondicionamientoAnalogico.a(ADC.o)
                0x0000176c                ADC_StopConvert
 .text.ADC_GetResult32
                0x0000177c       0x6c .\CortexM3\ARM_GCC_541\Debug\AcondicionamientoAnalogico.a(ADC.o)
                0x0000177c                ADC_GetResult32
 .text.ADC_ISR1
                0x000017e8        0x4 .\CortexM3\ARM_GCC_541\Debug\AcondicionamientoAnalogico.a(ADC_INT.o)
                0x000017e8                ADC_ISR1
 .text.PGAgain_Enable
                0x000017ec       0x28 .\CortexM3\ARM_GCC_541\Debug\AcondicionamientoAnalogico.a(PGAgain.o)
                0x000017ec                PGAgain_Enable
 .text.PGAgain_SetPower
                0x00001814       0x18 .\CortexM3\ARM_GCC_541\Debug\AcondicionamientoAnalogico.a(PGAgain.o)
                0x00001814                PGAgain_SetPower
 .text.PGAgain_SetGain
                0x0000182c       0x78 .\CortexM3\ARM_GCC_541\Debug\AcondicionamientoAnalogico.a(PGAgain.o)
                0x0000182c                PGAgain_SetGain
 .text.PGAgain_Init
                0x000018a4       0x34 .\CortexM3\ARM_GCC_541\Debug\AcondicionamientoAnalogico.a(PGAgain.o)
                0x000018a4                PGAgain_Init
 .text.PGAgain_Start
                0x000018d8       0x1c .\CortexM3\ARM_GCC_541\Debug\AcondicionamientoAnalogico.a(PGAgain.o)
                0x000018d8                PGAgain_Start
 .text.PGAvdac_Enable
                0x000018f4       0x28 .\CortexM3\ARM_GCC_541\Debug\AcondicionamientoAnalogico.a(PGAvdac.o)
                0x000018f4                PGAvdac_Enable
 .text.PGAvdac_SetPower
                0x0000191c       0x18 .\CortexM3\ARM_GCC_541\Debug\AcondicionamientoAnalogico.a(PGAvdac.o)
                0x0000191c                PGAvdac_SetPower
 .text.PGAvdac_SetGain
                0x00001934       0x78 .\CortexM3\ARM_GCC_541\Debug\AcondicionamientoAnalogico.a(PGAvdac.o)
                0x00001934                PGAvdac_SetGain
 .text.PGAvdac_Init
                0x000019ac       0x34 .\CortexM3\ARM_GCC_541\Debug\AcondicionamientoAnalogico.a(PGAvdac.o)
                0x000019ac                PGAvdac_Init
 .text.PGAvdac_Start
                0x000019e0       0x1c .\CortexM3\ARM_GCC_541\Debug\AcondicionamientoAnalogico.a(PGAvdac.o)
                0x000019e0                PGAvdac_Start
 .text.PGAn_Enable
                0x000019fc       0x28 .\CortexM3\ARM_GCC_541\Debug\AcondicionamientoAnalogico.a(PGAn.o)
                0x000019fc                PGAn_Enable
 .text.PGAn_SetPower
                0x00001a24       0x18 .\CortexM3\ARM_GCC_541\Debug\AcondicionamientoAnalogico.a(PGAn.o)
                0x00001a24                PGAn_SetPower
 .text.PGAn_SetGain
                0x00001a3c       0x78 .\CortexM3\ARM_GCC_541\Debug\AcondicionamientoAnalogico.a(PGAn.o)
                0x00001a3c                PGAn_SetGain
 .text.PGAn_Init
                0x00001ab4       0x34 .\CortexM3\ARM_GCC_541\Debug\AcondicionamientoAnalogico.a(PGAn.o)
                0x00001ab4                PGAn_Init
 .text.PGAn_Start
                0x00001ae8       0x1c .\CortexM3\ARM_GCC_541\Debug\AcondicionamientoAnalogico.a(PGAn.o)
                0x00001ae8                PGAn_Start
 .text.PGAp_Enable
                0x00001b04       0x28 .\CortexM3\ARM_GCC_541\Debug\AcondicionamientoAnalogico.a(PGAp.o)
                0x00001b04                PGAp_Enable
 .text.PGAp_SetPower
                0x00001b2c       0x18 .\CortexM3\ARM_GCC_541\Debug\AcondicionamientoAnalogico.a(PGAp.o)
                0x00001b2c                PGAp_SetPower
 .text.PGAp_SetGain
                0x00001b44       0x78 .\CortexM3\ARM_GCC_541\Debug\AcondicionamientoAnalogico.a(PGAp.o)
                0x00001b44                PGAp_SetGain
 .text.PGAp_Init
                0x00001bbc       0x34 .\CortexM3\ARM_GCC_541\Debug\AcondicionamientoAnalogico.a(PGAp.o)
                0x00001bbc                PGAp_Init
 .text.PGAp_Start
                0x00001bf0       0x1c .\CortexM3\ARM_GCC_541\Debug\AcondicionamientoAnalogico.a(PGAp.o)
                0x00001bf0                PGAp_Start
 .text.ADC_Ext_CP_Clk_GetDividerRegister
                0x00001c0c        0xc .\CortexM3\ARM_GCC_541\Debug\AcondicionamientoAnalogico.a(ADC_Ext_CP_Clk.o)
                0x00001c0c                ADC_Ext_CP_Clk_GetDividerRegister
 .text.ADC_Ext_CP_Clk_SetModeRegister
                0x00001c18       0x14 .\CortexM3\ARM_GCC_541\Debug\AcondicionamientoAnalogico.a(ADC_Ext_CP_Clk.o)
                0x00001c18                ADC_Ext_CP_Clk_SetModeRegister
 .text.ADC_Ext_CP_Clk_GetSourceRegister
                0x00001c2c       0x10 .\CortexM3\ARM_GCC_541\Debug\AcondicionamientoAnalogico.a(ADC_Ext_CP_Clk.o)
                0x00001c2c                ADC_Ext_CP_Clk_GetSourceRegister
 .text.ADC_Ext_CP_Clk_SetDividerRegister
                0x00001c3c       0xd8 .\CortexM3\ARM_GCC_541\Debug\AcondicionamientoAnalogico.a(ADC_Ext_CP_Clk.o)
                0x00001c3c                ADC_Ext_CP_Clk_SetDividerRegister
 .text.ADC_theACLK_GetDividerRegister
                0x00001d14        0xc .\CortexM3\ARM_GCC_541\Debug\AcondicionamientoAnalogico.a(ADC_theACLK.o)
                0x00001d14                ADC_theACLK_GetDividerRegister
 .text.ADC_theACLK_SetModeRegister
                0x00001d20       0x14 .\CortexM3\ARM_GCC_541\Debug\AcondicionamientoAnalogico.a(ADC_theACLK.o)
                0x00001d20                ADC_theACLK_SetModeRegister
 .text.ADC_theACLK_GetSourceRegister
                0x00001d34       0x10 .\CortexM3\ARM_GCC_541\Debug\AcondicionamientoAnalogico.a(ADC_theACLK.o)
                0x00001d34                ADC_theACLK_GetSourceRegister
 .text.ADC_theACLK_SetDividerRegister
                0x00001d44       0xd8 .\CortexM3\ARM_GCC_541\Debug\AcondicionamientoAnalogico.a(ADC_theACLK.o)
                0x00001d44                ADC_theACLK_SetDividerRegister
 .text.OPAref_Enable
                0x00001e1c       0x28 .\CortexM3\ARM_GCC_541\Debug\AcondicionamientoAnalogico.a(OPAref.o)
                0x00001e1c                OPAref_Enable
 .text.OPAref_SetPower
                0x00001e44       0x1c .\CortexM3\ARM_GCC_541\Debug\AcondicionamientoAnalogico.a(OPAref.o)
                0x00001e44                OPAref_SetPower
 .text.OPAref_Init
                0x00001e60        0xc .\CortexM3\ARM_GCC_541\Debug\AcondicionamientoAnalogico.a(OPAref.o)
                0x00001e60                OPAref_Init
 .text.OPAref_Start
                0x00001e6c       0x1c .\CortexM3\ARM_GCC_541\Debug\AcondicionamientoAnalogico.a(OPAref.o)
                0x00001e6c                OPAref_Start
 .text.LPF_1_SetCutoffFreq
                0x00001e88       0x18 .\CortexM3\ARM_GCC_541\Debug\AcondicionamientoAnalogico.a(LPF_1.o)
                0x00001e88                LPF_1_SetCutoffFreq
 .text.LPF_1_Start
                0x00001ea0       0x1c .\CortexM3\ARM_GCC_541\Debug\AcondicionamientoAnalogico.a(LPF_1.o)
                0x00001ea0                LPF_1_Start
 .text.LPF_2_SetCutoffFreq
                0x00001ebc       0x18 .\CortexM3\ARM_GCC_541\Debug\AcondicionamientoAnalogico.a(LPF_2.o)
                0x00001ebc                LPF_2_SetCutoffFreq
 .text.LPF_2_Start
                0x00001ed4       0x1c .\CortexM3\ARM_GCC_541\Debug\AcondicionamientoAnalogico.a(LPF_2.o)
                0x00001ed4                LPF_2_Start
 .text.SYNC_IN_Read
                0x00001ef0       0x10 .\CortexM3\ARM_GCC_541\Debug\AcondicionamientoAnalogico.a(SYNC_IN.o)
                0x00001ef0                SYNC_IN_Read
 .text.isr_SyncIn_SetVector
                0x00001f00        0xc .\CortexM3\ARM_GCC_541\Debug\AcondicionamientoAnalogico.a(isr_SyncIn.o)
                0x00001f00                isr_SyncIn_SetVector
 .text.isr_SyncIn_SetPriority
                0x00001f0c       0x10 .\CortexM3\ARM_GCC_541\Debug\AcondicionamientoAnalogico.a(isr_SyncIn.o)
                0x00001f0c                isr_SyncIn_SetPriority
 .text.isr_SyncIn_Enable
                0x00001f1c        0xc .\CortexM3\ARM_GCC_541\Debug\AcondicionamientoAnalogico.a(isr_SyncIn.o)
                0x00001f1c                isr_SyncIn_Enable
 .text.isr_SyncIn_Disable
                0x00001f28        0xc .\CortexM3\ARM_GCC_541\Debug\AcondicionamientoAnalogico.a(isr_SyncIn.o)
                0x00001f28                isr_SyncIn_Disable
 .text.isr_SyncIn_StartEx
                0x00001f34       0x1c .\CortexM3\ARM_GCC_541\Debug\AcondicionamientoAnalogico.a(isr_SyncIn.o)
                0x00001f34                isr_SyncIn_StartEx
 .text          0x00001f50       0x20 .\CortexM3\ARM_GCC_541\Debug\AcondicionamientoAnalogico.a(CyBootAsmGnu.o)
                0x00001f50                CyDelayCycles
                0x00001f60                CyEnterCriticalSection
                0x00001f68                CyExitCriticalSection
 .text.__errno  0x00001f70        0xc c:/program files (x86)/cypress/psoc creator/4.4/psoc creator/import/gnu/arm/5.4.1/bin/../lib/gcc/arm-none-eabi/5.4.1/../../../../arm-none-eabi/lib/armv7-m\libg_nano.a(lib_a-errno.o)
                0x00001f70                __errno
 .text.__libc_init_array
                0x00001f7c       0x4c c:/program files (x86)/cypress/psoc creator/4.4/psoc creator/import/gnu/arm/5.4.1/bin/../lib/gcc/arm-none-eabi/5.4.1/../../../../arm-none-eabi/lib/armv7-m\libg_nano.a(lib_a-init.o)
                0x00001f7c                __libc_init_array
 .text.memcpy   0x00001fc8       0x16 c:/program files (x86)/cypress/psoc creator/4.4/psoc creator/import/gnu/arm/5.4.1/bin/../lib/gcc/arm-none-eabi/5.4.1/../../../../arm-none-eabi/lib/armv7-m\libg_nano.a(lib_a-memcpy-stub.o)
                0x00001fc8                memcpy
 .text.memset   0x00001fde       0x10 c:/program files (x86)/cypress/psoc creator/4.4/psoc creator/import/gnu/arm/5.4.1/bin/../lib/gcc/arm-none-eabi/5.4.1/../../../../arm-none-eabi/lib/armv7-m\libg_nano.a(lib_a-memset.o)
                0x00001fde                memset
 *(.plt)
 *(.gnu.warning)
 *(.glue_7t)
 .glue_7t       0x00001fee        0x0 linker stubs
 *(.glue_7)
 .glue_7        0x00001fee        0x0 linker stubs
 *(.vfp11_veneer)
 .vfp11_veneer  0x00001fee        0x0 linker stubs
 *(.bootloader)
 *(.ARM.extab* .gnu.linkonce.armextab.*)
 *(.gcc_except_table)

.v4_bx          0x00001ff0        0x0
 .v4_bx         0x00001ff0        0x0 linker stubs

.iplt           0x00001ff0        0x0
 .iplt          0x00001ff0        0x0 c:/program files (x86)/cypress/psoc creator/4.4/psoc creator/import/gnu/arm/5.4.1/bin/../lib/gcc/arm-none-eabi/5.4.1/armv7-m/crtbegin.o

.eh_frame_hdr
 *(.eh_frame_hdr)

.eh_frame       0x00001ff0        0x4
 *(.eh_frame)
 .eh_frame      0x00001ff0        0x0 c:/program files (x86)/cypress/psoc creator/4.4/psoc creator/import/gnu/arm/5.4.1/bin/../lib/gcc/arm-none-eabi/5.4.1/armv7-m/crtbegin.o
 .eh_frame      0x00001ff0        0x4 c:/program files (x86)/cypress/psoc creator/4.4/psoc creator/import/gnu/arm/5.4.1/bin/../lib/gcc/arm-none-eabi/5.4.1/armv7-m/crtend.o
                [!provide]                PROVIDE (__exidx_start, .)

.ARM.exidx
 *(.ARM.exidx* .gnu.linkonce.armexidx.*)
                0x00001ff4                __exidx_end = .

.rodata         0x00001ff4       0xcc
 *(.rodata .rodata.* .gnu.linkonce.r.*)
 .rodata        0x00001ff4        0x4 .\CortexM3\ARM_GCC_541\Debug\main.o
 .rodata        0x00001ff8       0x30 .\CortexM3\ARM_GCC_541\Debug\cyfitter_cfg.o
 .rodata        0x00002028       0x15 .\CortexM3\ARM_GCC_541\Debug\AcondicionamientoAnalogico.a(PGAgain.o)
 *fill*         0x0000203d        0x3 
 .rodata        0x00002040       0x15 .\CortexM3\ARM_GCC_541\Debug\AcondicionamientoAnalogico.a(PGAvdac.o)
 *fill*         0x00002055        0x3 
 .rodata        0x00002058       0x15 .\CortexM3\ARM_GCC_541\Debug\AcondicionamientoAnalogico.a(PGAn.o)
 *fill*         0x0000206d        0x3 
 .rodata        0x00002070       0x15 .\CortexM3\ARM_GCC_541\Debug\AcondicionamientoAnalogico.a(PGAp.o)
 .rodata.str1.1
                0x00002085        0x2 c:/program files (x86)/cypress/psoc creator/4.4/psoc creator/import/gnu/arm/5.4.1/bin/../lib/gcc/arm-none-eabi/5.4.1/../../../../arm-none-eabi/lib/armv7-m\libg_nano.a(lib_a-impure.o)
                0x00002088                . = ALIGN (0x4)
 *fill*         0x00002087        0x1 
 *(.init)
 .init          0x00002088        0x4 c:/program files (x86)/cypress/psoc creator/4.4/psoc creator/import/gnu/arm/5.4.1/bin/../lib/gcc/arm-none-eabi/5.4.1/armv7-m/crti.o
                0x00002088                _init
 .init          0x0000208c        0x8 c:/program files (x86)/cypress/psoc creator/4.4/psoc creator/import/gnu/arm/5.4.1/bin/../lib/gcc/arm-none-eabi/5.4.1/armv7-m/crtn.o
                0x00002094                . = ALIGN (0x4)
                0x00002094                __preinit_array_start = .
 *(.preinit_array)
                0x00002094                __preinit_array_end = .
                0x00002094                . = ALIGN (0x4)
                0x00002094                __init_array_start = .
 *(SORT(.init_array.*))
 *(.init_array)
 .init_array    0x00002094        0x4 c:/program files (x86)/cypress/psoc creator/4.4/psoc creator/import/gnu/arm/5.4.1/bin/../lib/gcc/arm-none-eabi/5.4.1/armv7-m/crtbegin.o
 .init_array    0x00002098        0x4 .\CortexM3\ARM_GCC_541\Debug\Cm3Start.o
                0x0000209c                __init_array_end = .
                0x0000209c                . = ALIGN (0x4)
 *(.fini)
 .fini          0x0000209c        0x4 c:/program files (x86)/cypress/psoc creator/4.4/psoc creator/import/gnu/arm/5.4.1/bin/../lib/gcc/arm-none-eabi/5.4.1/armv7-m/crti.o
                0x0000209c                _fini
 .fini          0x000020a0        0x8 c:/program files (x86)/cypress/psoc creator/4.4/psoc creator/import/gnu/arm/5.4.1/bin/../lib/gcc/arm-none-eabi/5.4.1/armv7-m/crtn.o
                0x000020a8                . = ALIGN (0x4)
                0x000020a8                __fini_array_start = .
 *(.fini_array)
 .fini_array    0x000020a8        0x4 c:/program files (x86)/cypress/psoc creator/4.4/psoc creator/import/gnu/arm/5.4.1/bin/../lib/gcc/arm-none-eabi/5.4.1/armv7-m/crtbegin.o
 *(SORT(.fini_array.*))
                0x000020ac                __fini_array_end = .
                0x000020ac                . = ALIGN (0x4)
 *crtbegin.o(.ctors)
 *(EXCLUDE_FILE(*crtend.o) .ctors)
 *(SORT(.ctors.*))
 *crtend.o(.ctors)
                0x000020ac                . = ALIGN (0x4)
 *crtbegin.o(.dtors)
 *(EXCLUDE_FILE(*crtend.o) .dtors)
 *(SORT(.dtors.*))
 *crtend.o(.dtors)
                0x000020ac                . = ALIGN (0x4)
                0x000020ac                __cy_regions = .
                0x000020ac        0x4 LONG 0x20c0 __cy_region_init_ram
                0x000020b0        0x4 LONG 0x1fff80c8 __cy_region_start_data
                0x000020b4        0x4 LONG 0x80 __cy_region_init_size_ram
                0x000020b8        0x4 LONG 0xb520 __cy_region_zero_size_ram
                0x000020bc                __cy_regions_end = .
                0x000020c0                . = ALIGN (0x8)
 *fill*         0x000020bc        0x4 
                0x000020c0                _etext = .

.cy_checksum_exclude
                0x000020c0        0x0
 *(.cy_checksum_exclude)

.ramvectors     0x1fff8000       0xc0
                0x1fff8000                __cy_region_start_ram = .
 *(.ramvectors)
 .ramvectors    0x1fff8000       0xc0 .\CortexM3\ARM_GCC_541\Debug\Cm3Start.o
                0x1fff8000                CyRamVectors

.noinit         0x1fff80c0        0x1
 *(.noinit)
 .noinit        0x1fff80c0        0x1 .\CortexM3\ARM_GCC_541\Debug\AcondicionamientoAnalogico.a(CyLib.o)
                0x1fff80c0                CyResetStatus

.data           0x1fff80c8       0x80 load address 0x000020c0
                0x1fff80c8                __cy_region_start_data = .
 *(.jcr)
 .jcr           0x1fff80c8        0x0 c:/program files (x86)/cypress/psoc creator/4.4/psoc creator/import/gnu/arm/5.4.1/bin/../lib/gcc/arm-none-eabi/5.4.1/armv7-m/crtbegin.o
 .jcr           0x1fff80c8        0x4 c:/program files (x86)/cypress/psoc creator/4.4/psoc creator/import/gnu/arm/5.4.1/bin/../lib/gcc/arm-none-eabi/5.4.1/armv7-m/crtend.o
 *(.got.plt)
 *(.got)
 *(.shdata)
 *(.data .data.* .gnu.linkonce.d.*)
 .data          0x1fff80cc        0x1 .\CortexM3\ARM_GCC_541\Debug\main.o
 *fill*         0x1fff80cd        0x3 
 .data          0x1fff80d0       0x10 .\CortexM3\ARM_GCC_541\Debug\AcondicionamientoAnalogico.a(CyLib.o)
                0x1fff80d0                cydelay_32k_ms
                0x1fff80d4                cydelay_freq_khz
                0x1fff80d8                cydelay_freq_mhz
                0x1fff80dc                cydelay_freq_hz
 .data          0x1fff80e0        0x1 .\CortexM3\ARM_GCC_541\Debug\AcondicionamientoAnalogico.a(ADC.o)
                0x1fff80e0                ADC_Config
 *fill*         0x1fff80e1        0x3 
 .data.impure_data
                0x1fff80e4       0x60 c:/program files (x86)/cypress/psoc creator/4.4/psoc creator/import/gnu/arm/5.4.1/bin/../lib/gcc/arm-none-eabi/5.4.1/../../../../arm-none-eabi/lib/armv7-m\libg_nano.a(lib_a-impure.o)
 .data._impure_ptr
                0x1fff8144        0x4 c:/program files (x86)/cypress/psoc creator/4.4/psoc creator/import/gnu/arm/5.4.1/bin/../lib/gcc/arm-none-eabi/5.4.1/../../../../arm-none-eabi/lib/armv7-m\libg_nano.a(lib_a-impure.o)
                0x1fff8144                _impure_ptr
                0x1fff8148                . = ALIGN (0x8)
 *(.ram)
                0x1fff8148                _edata = .

.igot.plt       0x1fff8148        0x0 load address 0x00002140
 .igot.plt      0x1fff8148        0x0 c:/program files (x86)/cypress/psoc creator/4.4/psoc creator/import/gnu/arm/5.4.1/bin/../lib/gcc/arm-none-eabi/5.4.1/armv7-m/crtbegin.o

.bss            0x1fff8148     0xb520 load address 0x00002140
                0x1fff8148                PROVIDE (__bss_start__, .)
 *(.shbss)
 *(.bss .bss.* .gnu.linkonce.b.*)
 .bss           0x1fff8148       0x1c c:/program files (x86)/cypress/psoc creator/4.4/psoc creator/import/gnu/arm/5.4.1/bin/../lib/gcc/arm-none-eabi/5.4.1/armv7-m/crtbegin.o
 .bss           0x1fff8164     0xb43c .\CortexM3\ARM_GCC_541\Debug\main.o
 .bss           0x200035a0        0x1 .\CortexM3\ARM_GCC_541\Debug\AcondicionamientoAnalogico.a(Timer.o)
                0x200035a0                Timer_initVar
 .bss           0x200035a1        0x9 .\CortexM3\ARM_GCC_541\Debug\AcondicionamientoAnalogico.a(UART.o)
                0x200035a1                UART_errorStatus
                0x200035a2                UART_initVar
                0x200035a3                UART_rxBufferRead
                0x200035a4                UART_rxBufferWrite
                0x200035a5                UART_rxBufferLoopDetect
                0x200035a6                UART_rxBufferOverflow
                0x200035a7                UART_txBufferRead
                0x200035a8                UART_txBufferWrite
 .bss           0x200035aa        0x1 .\CortexM3\ARM_GCC_541\Debug\AcondicionamientoAnalogico.a(VDAC.o)
                0x200035aa                VDAC_initVar
 .bss           0x200035ab        0x1 .\CortexM3\ARM_GCC_541\Debug\AcondicionamientoAnalogico.a(OPAbp.o)
                0x200035ab                OPAbp_initVar
 .bss           0x200035ac        0x1 .\CortexM3\ARM_GCC_541\Debug\AcondicionamientoAnalogico.a(OPAlp.o)
                0x200035ac                OPAlp_initVar
 .bss           0x200035ad        0x1 .\CortexM3\ARM_GCC_541\Debug\AcondicionamientoAnalogico.a(OPAadder.o)
                0x200035ad                OPAadder_initVar
 *fill*         0x200035ae        0x2 
 .bss           0x200035b0        0xc .\CortexM3\ARM_GCC_541\Debug\AcondicionamientoAnalogico.a(ADC.o)
                0x200035b4                ADC_stopConversion
                0x200035b5                ADC_convDone
                0x200035b6                ADC_initVar
                0x200035b7                ADC_started
                0x200035b8                ADC_Offset
 .bss           0x200035bc        0x1 .\CortexM3\ARM_GCC_541\Debug\AcondicionamientoAnalogico.a(PGAgain.o)
                0x200035bc                PGAgain_initVar
 .bss           0x200035bd        0x1 .\CortexM3\ARM_GCC_541\Debug\AcondicionamientoAnalogico.a(PGAvdac.o)
                0x200035bd                PGAvdac_initVar
 .bss           0x200035be        0x1 .\CortexM3\ARM_GCC_541\Debug\AcondicionamientoAnalogico.a(PGAn.o)
                0x200035be                PGAn_initVar
 .bss           0x200035bf        0x1 .\CortexM3\ARM_GCC_541\Debug\AcondicionamientoAnalogico.a(PGAp.o)
                0x200035bf                PGAp_initVar
 .bss           0x200035c0        0x1 .\CortexM3\ARM_GCC_541\Debug\AcondicionamientoAnalogico.a(OPAref.o)
                0x200035c0                OPAref_initVar
 .bss           0x200035c1        0x1 .\CortexM3\ARM_GCC_541\Debug\AcondicionamientoAnalogico.a(LPF_1.o)
                0x200035c1                LPF_1_initVar
 .bss           0x200035c2        0x1 .\CortexM3\ARM_GCC_541\Debug\AcondicionamientoAnalogico.a(LPF_2.o)
                0x200035c2                LPF_2_initVar
 *(COMMON)
 *fill*         0x200035c3        0x1 
 COMMON         0x200035c4       0xa0 .\CortexM3\ARM_GCC_541\Debug\AcondicionamientoAnalogico.a(UART.o)
                0x200035c4                UART_rxBuffer
                0x200035e4                UART_txBuffer
 COMMON         0x20003664        0x4 .\CortexM3\ARM_GCC_541\Debug\AcondicionamientoAnalogico.a(ADC.o)
                0x20003664                ADC_CountsPerVolt
                0x20003668                . = ALIGN (0x8)
 *(.ram.b)
                0x20003668                _end = .
                0x20003668                __end = .
                0x20003668                PROVIDE (end, .)
                0x20003668                PROVIDE (__bss_end__, .)
                0x000020c0                __cy_region_init_ram = LOADADDR (.data)
                0x00000080                __cy_region_init_size_ram = (_edata - ADDR (.data))
                0x0000b520                __cy_region_zero_size_ram = (_end - _edata)

.heap           0x20003668       0x80 load address 0x00002140
                0x20003668                . = _end
                0x200036e8                . = (. + 0x80)
 *fill*         0x20003668       0x80 
                0x200036e8                __cy_heap_limit = .

.stack          0x20007800      0x800
                0x20007800                __cy_stack_limit = .
                0x20008000                . = (. + 0x800)
 *fill*         0x20007800      0x800 
                0x00000001                ASSERT ((__cy_stack_limit >= __cy_heap_limit), region RAM overflowed with stack)
                0x00000000                cy_checksum_exclude_size = (CY_APPL_LOADABLE == 0x1)?SIZEOF (.cy_checksum_exclude):0x0
                0x00000001                ASSERT ((cy_checksum_exclude_size <= CY_CHECKSUM_EXCLUDE_SIZE), CY_BOOT: Section .cy_checksum_exclude size exceedes specified limit.)

.cyloadermeta
 *(.cyloadermeta)

.cyloadablemeta
 *(.cyloadablemeta)

.cyconfigecc    0x80000000      0x614
 *(.cyconfigecc)
 .cyconfigecc   0x80000000      0x614 .\CortexM3\ARM_GCC_541\Debug\cymetadata.o
                0x80000000                cy_meta_configecc

.cycustnvl      0x90000000        0x4
 *(.cycustnvl)
 .cycustnvl     0x90000000        0x4 .\CortexM3\ARM_GCC_541\Debug\cymetadata.o
                0x90000000                cy_meta_custnvl

.cywolatch      0x90100000        0x4
 *(.cywolatch)
 .cywolatch     0x90100000        0x4 .\CortexM3\ARM_GCC_541\Debug\cymetadata.o
                0x90100000                cy_meta_wonvl

.cyeeprom       0x90200000        0x0
 *(.cyeeprom)
                0x00000001                ASSERT ((. <= ((0x90200000 + ee_offset) + ee_size)), .cyeeprom data will not fit in EEPROM)

.cyflashprotect
                0x90400000      0x100
 *(.cyflashprotect)
 .cyflashprotect
                0x90400000      0x100 .\CortexM3\ARM_GCC_541\Debug\cymetadata.o
                0x90400000                cy_meta_flashprotect

.cymeta         0x90500000        0xc
 *(.cymeta)
 .cymeta        0x90500000        0xc .\CortexM3\ARM_GCC_541\Debug\cymetadata.o
                0x90500000                cy_metadata

.rel.dyn        0x00002140        0x0 load address 0x9050000c
 .rel.iplt      0x00002140        0x0 c:/program files (x86)/cypress/psoc creator/4.4/psoc creator/import/gnu/arm/5.4.1/bin/../lib/gcc/arm-none-eabi/5.4.1/armv7-m/crtbegin.o

.stab
 *(.stab)

.stabstr
 *(.stabstr)

.debug
 *(.debug)

.line
 *(.line)

.debug_srcinfo
 *(.debug_srcinfo)

.debug_sfnames
 *(.debug_sfnames)

.debug_aranges  0x00000000      0xec8
 *(.debug_aranges)
 .debug_aranges
                0x00000000       0xf8 .\CortexM3\ARM_GCC_541\Debug\main.o
 .debug_aranges
                0x000000f8       0x58 .\CortexM3\ARM_GCC_541\Debug\cyfitter_cfg.o
 .debug_aranges
                0x00000150       0x18 .\CortexM3\ARM_GCC_541\Debug\cymetadata.o
 .debug_aranges
                0x00000168       0x48 .\CortexM3\ARM_GCC_541\Debug\Cm3Start.o
 .debug_aranges
                0x000001b0      0x2a0 .\CortexM3\ARM_GCC_541\Debug\AcondicionamientoAnalogico.a(CyLib.o)
 .debug_aranges
                0x00000450       0x98 .\CortexM3\ARM_GCC_541\Debug\AcondicionamientoAnalogico.a(cyPm.o)
 .debug_aranges
                0x000004e8       0x80 .\CortexM3\ARM_GCC_541\Debug\AcondicionamientoAnalogico.a(isr_DelSig.o)
 .debug_aranges
                0x00000568       0x80 .\CortexM3\ARM_GCC_541\Debug\AcondicionamientoAnalogico.a(isr_Timer.o)
 .debug_aranges
                0x000005e8       0x90 .\CortexM3\ARM_GCC_541\Debug\AcondicionamientoAnalogico.a(Timer.o)
 .debug_aranges
                0x00000678       0xf0 .\CortexM3\ARM_GCC_541\Debug\AcondicionamientoAnalogico.a(UART.o)
 .debug_aranges
                0x00000768       0x28 .\CortexM3\ARM_GCC_541\Debug\AcondicionamientoAnalogico.a(UART_INT.o)
 .debug_aranges
                0x00000790       0x70 .\CortexM3\ARM_GCC_541\Debug\AcondicionamientoAnalogico.a(UART_IntClock.o)
 .debug_aranges
                0x00000800       0x58 .\CortexM3\ARM_GCC_541\Debug\AcondicionamientoAnalogico.a(VDAC.o)
 .debug_aranges
                0x00000858       0x40 .\CortexM3\ARM_GCC_541\Debug\AcondicionamientoAnalogico.a(OPAbp.o)
 .debug_aranges
                0x00000898       0x40 .\CortexM3\ARM_GCC_541\Debug\AcondicionamientoAnalogico.a(OPAlp.o)
 .debug_aranges
                0x000008d8       0x40 .\CortexM3\ARM_GCC_541\Debug\AcondicionamientoAnalogico.a(OPAadder.o)
 .debug_aranges
                0x00000918       0xe8 .\CortexM3\ARM_GCC_541\Debug\AcondicionamientoAnalogico.a(ADC.o)
 .debug_aranges
                0x00000a00       0x38 .\CortexM3\ARM_GCC_541\Debug\AcondicionamientoAnalogico.a(ADC_INT.o)
 .debug_aranges
                0x00000a38       0x48 .\CortexM3\ARM_GCC_541\Debug\AcondicionamientoAnalogico.a(PGAgain.o)
 .debug_aranges
                0x00000a80       0x48 .\CortexM3\ARM_GCC_541\Debug\AcondicionamientoAnalogico.a(PGAvdac.o)
 .debug_aranges
                0x00000ac8       0x48 .\CortexM3\ARM_GCC_541\Debug\AcondicionamientoAnalogico.a(PGAn.o)
 .debug_aranges
                0x00000b10       0x48 .\CortexM3\ARM_GCC_541\Debug\AcondicionamientoAnalogico.a(PGAp.o)
 .debug_aranges
                0x00000b58       0x70 .\CortexM3\ARM_GCC_541\Debug\AcondicionamientoAnalogico.a(ADC_Ext_CP_Clk.o)
 .debug_aranges
                0x00000bc8       0x80 .\CortexM3\ARM_GCC_541\Debug\AcondicionamientoAnalogico.a(ADC_theACLK.o)
 .debug_aranges
                0x00000c48       0x40 .\CortexM3\ARM_GCC_541\Debug\AcondicionamientoAnalogico.a(OPAref.o)
 .debug_aranges
                0x00000c88       0x30 .\CortexM3\ARM_GCC_541\Debug\AcondicionamientoAnalogico.a(LPF_1.o)
 .debug_aranges
                0x00000cb8       0x30 .\CortexM3\ARM_GCC_541\Debug\AcondicionamientoAnalogico.a(LPF_2.o)
 .debug_aranges
                0x00000ce8       0x38 .\CortexM3\ARM_GCC_541\Debug\AcondicionamientoAnalogico.a(SYNC_IN.o)
 .debug_aranges
                0x00000d20       0x80 .\CortexM3\ARM_GCC_541\Debug\AcondicionamientoAnalogico.a(isr_SyncIn.o)
 .debug_aranges
                0x00000da0       0x20 .\CortexM3\ARM_GCC_541\Debug\AcondicionamientoAnalogico.a(CyBootAsmGnu.o)
 .debug_aranges
                0x00000dc0       0x88 .\CortexM3\ARM_GCC_541\Debug\AcondicionamientoAnalogico.a(CyFlash.o)
 .debug_aranges
                0x00000e48       0x80 .\CortexM3\ARM_GCC_541\Debug\AcondicionamientoAnalogico.a(CySpc.o)

.debug_pubnames
 *(.debug_pubnames)

.debug_info     0x00000000     0x7b58
 *(.debug_info .gnu.linkonce.wi.*)
 .debug_info    0x00000000      0xe82 .\CortexM3\ARM_GCC_541\Debug\main.o
 .debug_info    0x00000e82      0x514 .\CortexM3\ARM_GCC_541\Debug\cyfitter_cfg.o
 .debug_info    0x00001396      0x137 .\CortexM3\ARM_GCC_541\Debug\cymetadata.o
 .debug_info    0x000014cd      0x3bb .\CortexM3\ARM_GCC_541\Debug\Cm3Start.o
 .debug_info    0x00001888     0x1374 .\CortexM3\ARM_GCC_541\Debug\AcondicionamientoAnalogico.a(CyLib.o)
 .debug_info    0x00002bfc      0xa2a .\CortexM3\ARM_GCC_541\Debug\AcondicionamientoAnalogico.a(cyPm.o)
 .debug_info    0x00003626      0x2d2 .\CortexM3\ARM_GCC_541\Debug\AcondicionamientoAnalogico.a(isr_DelSig.o)
 .debug_info    0x000038f8      0x2d2 .\CortexM3\ARM_GCC_541\Debug\AcondicionamientoAnalogico.a(isr_Timer.o)
 .debug_info    0x00003bca      0x2ee .\CortexM3\ARM_GCC_541\Debug\AcondicionamientoAnalogico.a(Timer.o)
 .debug_info    0x00003eb8      0x7be .\CortexM3\ARM_GCC_541\Debug\AcondicionamientoAnalogico.a(UART.o)
 .debug_info    0x00004676      0x196 .\CortexM3\ARM_GCC_541\Debug\AcondicionamientoAnalogico.a(UART_INT.o)
 .debug_info    0x0000480c      0x283 .\CortexM3\ARM_GCC_541\Debug\AcondicionamientoAnalogico.a(UART_IntClock.o)
 .debug_info    0x00004a8f      0x1de .\CortexM3\ARM_GCC_541\Debug\AcondicionamientoAnalogico.a(VDAC.o)
 .debug_info    0x00004c6d      0x151 .\CortexM3\ARM_GCC_541\Debug\AcondicionamientoAnalogico.a(OPAbp.o)
 .debug_info    0x00004dbe      0x151 .\CortexM3\ARM_GCC_541\Debug\AcondicionamientoAnalogico.a(OPAlp.o)
 .debug_info    0x00004f0f      0x151 .\CortexM3\ARM_GCC_541\Debug\AcondicionamientoAnalogico.a(OPAadder.o)
 .debug_info    0x00005060      0x9fb .\CortexM3\ARM_GCC_541\Debug\AcondicionamientoAnalogico.a(ADC.o)
 .debug_info    0x00005a5b       0xd3 .\CortexM3\ARM_GCC_541\Debug\AcondicionamientoAnalogico.a(ADC_INT.o)
 .debug_info    0x00005b2e      0x1d3 .\CortexM3\ARM_GCC_541\Debug\AcondicionamientoAnalogico.a(PGAgain.o)
 .debug_info    0x00005d01      0x1d3 .\CortexM3\ARM_GCC_541\Debug\AcondicionamientoAnalogico.a(PGAvdac.o)
 .debug_info    0x00005ed4      0x1d3 .\CortexM3\ARM_GCC_541\Debug\AcondicionamientoAnalogico.a(PGAn.o)
 .debug_info    0x000060a7      0x1d3 .\CortexM3\ARM_GCC_541\Debug\AcondicionamientoAnalogico.a(PGAp.o)
 .debug_info    0x0000627a      0x283 .\CortexM3\ARM_GCC_541\Debug\AcondicionamientoAnalogico.a(ADC_Ext_CP_Clk.o)
 .debug_info    0x000064fd      0x2c4 .\CortexM3\ARM_GCC_541\Debug\AcondicionamientoAnalogico.a(ADC_theACLK.o)
 .debug_info    0x000067c1      0x151 .\CortexM3\ARM_GCC_541\Debug\AcondicionamientoAnalogico.a(OPAref.o)
 .debug_info    0x00006912      0x118 .\CortexM3\ARM_GCC_541\Debug\AcondicionamientoAnalogico.a(LPF_1.o)
 .debug_info    0x00006a2a      0x118 .\CortexM3\ARM_GCC_541\Debug\AcondicionamientoAnalogico.a(LPF_2.o)
 .debug_info    0x00006b42      0x11f .\CortexM3\ARM_GCC_541\Debug\AcondicionamientoAnalogico.a(SYNC_IN.o)
 .debug_info    0x00006c61      0x2d2 .\CortexM3\ARM_GCC_541\Debug\AcondicionamientoAnalogico.a(isr_SyncIn.o)
 .debug_info    0x00006f33       0x88 .\CortexM3\ARM_GCC_541\Debug\AcondicionamientoAnalogico.a(CyBootAsmGnu.o)
 .debug_info    0x00006fbb      0x64d .\CortexM3\ARM_GCC_541\Debug\AcondicionamientoAnalogico.a(CyFlash.o)
 .debug_info    0x00007608      0x550 .\CortexM3\ARM_GCC_541\Debug\AcondicionamientoAnalogico.a(CySpc.o)

.debug_abbrev   0x00000000     0x2541
 *(.debug_abbrev)
 .debug_abbrev  0x00000000      0x2cc .\CortexM3\ARM_GCC_541\Debug\main.o
 .debug_abbrev  0x000002cc      0x1fe .\CortexM3\ARM_GCC_541\Debug\cyfitter_cfg.o
 .debug_abbrev  0x000004ca       0x77 .\CortexM3\ARM_GCC_541\Debug\cymetadata.o
 .debug_abbrev  0x00000541      0x1e8 .\CortexM3\ARM_GCC_541\Debug\Cm3Start.o
 .debug_abbrev  0x00000729      0x254 .\CortexM3\ARM_GCC_541\Debug\AcondicionamientoAnalogico.a(CyLib.o)
 .debug_abbrev  0x0000097d      0x1ab .\CortexM3\ARM_GCC_541\Debug\AcondicionamientoAnalogico.a(cyPm.o)
 .debug_abbrev  0x00000b28      0x173 .\CortexM3\ARM_GCC_541\Debug\AcondicionamientoAnalogico.a(isr_DelSig.o)
 .debug_abbrev  0x00000c9b      0x173 .\CortexM3\ARM_GCC_541\Debug\AcondicionamientoAnalogico.a(isr_Timer.o)
 .debug_abbrev  0x00000e0e      0x12b .\CortexM3\ARM_GCC_541\Debug\AcondicionamientoAnalogico.a(Timer.o)
 .debug_abbrev  0x00000f39      0x16f .\CortexM3\ARM_GCC_541\Debug\AcondicionamientoAnalogico.a(UART.o)
 .debug_abbrev  0x000010a8       0xa2 .\CortexM3\ARM_GCC_541\Debug\AcondicionamientoAnalogico.a(UART_INT.o)
 .debug_abbrev  0x0000114a      0x139 .\CortexM3\ARM_GCC_541\Debug\AcondicionamientoAnalogico.a(UART_IntClock.o)
 .debug_abbrev  0x00001283       0xf7 .\CortexM3\ARM_GCC_541\Debug\AcondicionamientoAnalogico.a(VDAC.o)
 .debug_abbrev  0x0000137a       0xb2 .\CortexM3\ARM_GCC_541\Debug\AcondicionamientoAnalogico.a(OPAbp.o)
 .debug_abbrev  0x0000142c       0xb2 .\CortexM3\ARM_GCC_541\Debug\AcondicionamientoAnalogico.a(OPAlp.o)
 .debug_abbrev  0x000014de       0xb2 .\CortexM3\ARM_GCC_541\Debug\AcondicionamientoAnalogico.a(OPAadder.o)
 .debug_abbrev  0x00001590      0x1cd .\CortexM3\ARM_GCC_541\Debug\AcondicionamientoAnalogico.a(ADC.o)
 .debug_abbrev  0x0000175d       0x42 .\CortexM3\ARM_GCC_541\Debug\AcondicionamientoAnalogico.a(ADC_INT.o)
 .debug_abbrev  0x0000179f       0xf6 .\CortexM3\ARM_GCC_541\Debug\AcondicionamientoAnalogico.a(PGAgain.o)
 .debug_abbrev  0x00001895       0xf6 .\CortexM3\ARM_GCC_541\Debug\AcondicionamientoAnalogico.a(PGAvdac.o)
 .debug_abbrev  0x0000198b       0xf6 .\CortexM3\ARM_GCC_541\Debug\AcondicionamientoAnalogico.a(PGAn.o)
 .debug_abbrev  0x00001a81       0xf6 .\CortexM3\ARM_GCC_541\Debug\AcondicionamientoAnalogico.a(PGAp.o)
 .debug_abbrev  0x00001b77      0x139 .\CortexM3\ARM_GCC_541\Debug\AcondicionamientoAnalogico.a(ADC_Ext_CP_Clk.o)
 .debug_abbrev  0x00001cb0      0x121 .\CortexM3\ARM_GCC_541\Debug\AcondicionamientoAnalogico.a(ADC_theACLK.o)
 .debug_abbrev  0x00001dd1       0xb2 .\CortexM3\ARM_GCC_541\Debug\AcondicionamientoAnalogico.a(OPAref.o)
 .debug_abbrev  0x00001e83       0xb6 .\CortexM3\ARM_GCC_541\Debug\AcondicionamientoAnalogico.a(LPF_1.o)
 .debug_abbrev  0x00001f39       0xb6 .\CortexM3\ARM_GCC_541\Debug\AcondicionamientoAnalogico.a(LPF_2.o)
 .debug_abbrev  0x00001fef       0x90 .\CortexM3\ARM_GCC_541\Debug\AcondicionamientoAnalogico.a(SYNC_IN.o)
 .debug_abbrev  0x0000207f      0x173 .\CortexM3\ARM_GCC_541\Debug\AcondicionamientoAnalogico.a(isr_SyncIn.o)
 .debug_abbrev  0x000021f2       0x14 .\CortexM3\ARM_GCC_541\Debug\AcondicionamientoAnalogico.a(CyBootAsmGnu.o)
 .debug_abbrev  0x00002206      0x1a7 .\CortexM3\ARM_GCC_541\Debug\AcondicionamientoAnalogico.a(CyFlash.o)
 .debug_abbrev  0x000023ad      0x194 .\CortexM3\ARM_GCC_541\Debug\AcondicionamientoAnalogico.a(CySpc.o)

.debug_line     0x00000000     0x352a
 *(.debug_line)
 .debug_line    0x00000000      0x5af .\CortexM3\ARM_GCC_541\Debug\main.o
 .debug_line    0x000005af      0x1fb .\CortexM3\ARM_GCC_541\Debug\cyfitter_cfg.o
 .debug_line    0x000007aa      0x141 .\CortexM3\ARM_GCC_541\Debug\cymetadata.o
 .debug_line    0x000008eb      0x234 .\CortexM3\ARM_GCC_541\Debug\Cm3Start.o
 .debug_line    0x00000b1f      0x816 .\CortexM3\ARM_GCC_541\Debug\AcondicionamientoAnalogico.a(CyLib.o)
 .debug_line    0x00001335      0x367 .\CortexM3\ARM_GCC_541\Debug\AcondicionamientoAnalogico.a(cyPm.o)
 .debug_line    0x0000169c      0x137 .\CortexM3\ARM_GCC_541\Debug\AcondicionamientoAnalogico.a(isr_DelSig.o)
 .debug_line    0x000017d3      0x136 .\CortexM3\ARM_GCC_541\Debug\AcondicionamientoAnalogico.a(isr_Timer.o)
 .debug_line    0x00001909      0x170 .\CortexM3\ARM_GCC_541\Debug\AcondicionamientoAnalogico.a(Timer.o)
 .debug_line    0x00001a79      0x33c .\CortexM3\ARM_GCC_541\Debug\AcondicionamientoAnalogico.a(UART.o)
 .debug_line    0x00001db5       0xa5 .\CortexM3\ARM_GCC_541\Debug\AcondicionamientoAnalogico.a(UART_INT.o)
 .debug_line    0x00001e5a      0x17c .\CortexM3\ARM_GCC_541\Debug\AcondicionamientoAnalogico.a(UART_IntClock.o)
 .debug_line    0x00001fd6       0xe1 .\CortexM3\ARM_GCC_541\Debug\AcondicionamientoAnalogico.a(VDAC.o)
 .debug_line    0x000020b7       0xa8 .\CortexM3\ARM_GCC_541\Debug\AcondicionamientoAnalogico.a(OPAbp.o)
 .debug_line    0x0000215f       0xa8 .\CortexM3\ARM_GCC_541\Debug\AcondicionamientoAnalogico.a(OPAlp.o)
 .debug_line    0x00002207       0xab .\CortexM3\ARM_GCC_541\Debug\AcondicionamientoAnalogico.a(OPAadder.o)
 .debug_line    0x000022b2      0x356 .\CortexM3\ARM_GCC_541\Debug\AcondicionamientoAnalogico.a(ADC.o)
 .debug_line    0x00002608       0x80 .\CortexM3\ARM_GCC_541\Debug\AcondicionamientoAnalogico.a(ADC_INT.o)
 .debug_line    0x00002688       0xce .\CortexM3\ARM_GCC_541\Debug\AcondicionamientoAnalogico.a(PGAgain.o)
 .debug_line    0x00002756       0xce .\CortexM3\ARM_GCC_541\Debug\AcondicionamientoAnalogico.a(PGAvdac.o)
 .debug_line    0x00002824       0xcb .\CortexM3\ARM_GCC_541\Debug\AcondicionamientoAnalogico.a(PGAn.o)
 .debug_line    0x000028ef       0xcb .\CortexM3\ARM_GCC_541\Debug\AcondicionamientoAnalogico.a(PGAp.o)
 .debug_line    0x000029ba      0x17d .\CortexM3\ARM_GCC_541\Debug\AcondicionamientoAnalogico.a(ADC_Ext_CP_Clk.o)
 .debug_line    0x00002b37      0x19d .\CortexM3\ARM_GCC_541\Debug\AcondicionamientoAnalogico.a(ADC_theACLK.o)
 .debug_line    0x00002cd4       0xa9 .\CortexM3\ARM_GCC_541\Debug\AcondicionamientoAnalogico.a(OPAref.o)
 .debug_line    0x00002d7d       0x81 .\CortexM3\ARM_GCC_541\Debug\AcondicionamientoAnalogico.a(LPF_1.o)
 .debug_line    0x00002dfe       0x81 .\CortexM3\ARM_GCC_541\Debug\AcondicionamientoAnalogico.a(LPF_2.o)
 .debug_line    0x00002e7f       0x94 .\CortexM3\ARM_GCC_541\Debug\AcondicionamientoAnalogico.a(SYNC_IN.o)
 .debug_line    0x00002f13      0x137 .\CortexM3\ARM_GCC_541\Debug\AcondicionamientoAnalogico.a(isr_SyncIn.o)
 .debug_line    0x0000304a       0x66 .\CortexM3\ARM_GCC_541\Debug\AcondicionamientoAnalogico.a(CyBootAsmGnu.o)
 .debug_line    0x000030b0      0x21a .\CortexM3\ARM_GCC_541\Debug\AcondicionamientoAnalogico.a(CyFlash.o)
 .debug_line    0x000032ca      0x260 .\CortexM3\ARM_GCC_541\Debug\AcondicionamientoAnalogico.a(CySpc.o)

.debug_frame    0x00000000     0x23cc
 *(.debug_frame)
 .debug_frame   0x00000000      0x2e0 .\CortexM3\ARM_GCC_541\Debug\main.o
 .debug_frame   0x000002e0       0xf8 .\CortexM3\ARM_GCC_541\Debug\cyfitter_cfg.o
 .debug_frame   0x000003d8       0xb8 .\CortexM3\ARM_GCC_541\Debug\Cm3Start.o
 .debug_frame   0x00000490      0x738 .\CortexM3\ARM_GCC_541\Debug\AcondicionamientoAnalogico.a(CyLib.o)
 .debug_frame   0x00000bc8      0x1f8 .\CortexM3\ARM_GCC_541\Debug\AcondicionamientoAnalogico.a(cyPm.o)
 .debug_frame   0x00000dc0      0x104 .\CortexM3\ARM_GCC_541\Debug\AcondicionamientoAnalogico.a(isr_DelSig.o)
 .debug_frame   0x00000ec4      0x104 .\CortexM3\ARM_GCC_541\Debug\AcondicionamientoAnalogico.a(isr_Timer.o)
 .debug_frame   0x00000fc8      0x124 .\CortexM3\ARM_GCC_541\Debug\AcondicionamientoAnalogico.a(Timer.o)
 .debug_frame   0x000010ec      0x25c .\CortexM3\ARM_GCC_541\Debug\AcondicionamientoAnalogico.a(UART.o)
 .debug_frame   0x00001348       0x30 .\CortexM3\ARM_GCC_541\Debug\AcondicionamientoAnalogico.a(UART_INT.o)
 .debug_frame   0x00001378       0xe0 .\CortexM3\ARM_GCC_541\Debug\AcondicionamientoAnalogico.a(UART_IntClock.o)
 .debug_frame   0x00001458       0xb4 .\CortexM3\ARM_GCC_541\Debug\AcondicionamientoAnalogico.a(VDAC.o)
 .debug_frame   0x0000150c       0x78 .\CortexM3\ARM_GCC_541\Debug\AcondicionamientoAnalogico.a(OPAbp.o)
 .debug_frame   0x00001584       0x78 .\CortexM3\ARM_GCC_541\Debug\AcondicionamientoAnalogico.a(OPAlp.o)
 .debug_frame   0x000015fc       0x78 .\CortexM3\ARM_GCC_541\Debug\AcondicionamientoAnalogico.a(OPAadder.o)
 .debug_frame   0x00001674      0x284 .\CortexM3\ARM_GCC_541\Debug\AcondicionamientoAnalogico.a(ADC.o)
 .debug_frame   0x000018f8       0x50 .\CortexM3\ARM_GCC_541\Debug\AcondicionamientoAnalogico.a(ADC_INT.o)
 .debug_frame   0x00001948       0x9c .\CortexM3\ARM_GCC_541\Debug\AcondicionamientoAnalogico.a(PGAgain.o)
 .debug_frame   0x000019e4       0x9c .\CortexM3\ARM_GCC_541\Debug\AcondicionamientoAnalogico.a(PGAvdac.o)
 .debug_frame   0x00001a80       0x9c .\CortexM3\ARM_GCC_541\Debug\AcondicionamientoAnalogico.a(PGAn.o)
 .debug_frame   0x00001b1c       0x9c .\CortexM3\ARM_GCC_541\Debug\AcondicionamientoAnalogico.a(PGAp.o)
 .debug_frame   0x00001bb8       0xe0 .\CortexM3\ARM_GCC_541\Debug\AcondicionamientoAnalogico.a(ADC_Ext_CP_Clk.o)
 .debug_frame   0x00001c98      0x100 .\CortexM3\ARM_GCC_541\Debug\AcondicionamientoAnalogico.a(ADC_theACLK.o)
 .debug_frame   0x00001d98       0x78 .\CortexM3\ARM_GCC_541\Debug\AcondicionamientoAnalogico.a(OPAref.o)
 .debug_frame   0x00001e10       0x4c .\CortexM3\ARM_GCC_541\Debug\AcondicionamientoAnalogico.a(LPF_1.o)
 .debug_frame   0x00001e5c       0x4c .\CortexM3\ARM_GCC_541\Debug\AcondicionamientoAnalogico.a(LPF_2.o)
 .debug_frame   0x00001ea8       0x50 .\CortexM3\ARM_GCC_541\Debug\AcondicionamientoAnalogico.a(SYNC_IN.o)
 .debug_frame   0x00001ef8      0x104 .\CortexM3\ARM_GCC_541\Debug\AcondicionamientoAnalogico.a(isr_SyncIn.o)
 .debug_frame   0x00001ffc      0x194 .\CortexM3\ARM_GCC_541\Debug\AcondicionamientoAnalogico.a(CyFlash.o)
 .debug_frame   0x00002190      0x180 .\CortexM3\ARM_GCC_541\Debug\AcondicionamientoAnalogico.a(CySpc.o)
 .debug_frame   0x00002310       0x20 c:/program files (x86)/cypress/psoc creator/4.4/psoc creator/import/gnu/arm/5.4.1/bin/../lib/gcc/arm-none-eabi/5.4.1/../../../../arm-none-eabi/lib/armv7-m\libg_nano.a(lib_a-errno.o)
 .debug_frame   0x00002330       0x28 c:/program files (x86)/cypress/psoc creator/4.4/psoc creator/import/gnu/arm/5.4.1/bin/../lib/gcc/arm-none-eabi/5.4.1/../../../../arm-none-eabi/lib/armv7-m\libg_nano.a(lib_a-exit.o)
 .debug_frame   0x00002358       0x2c c:/program files (x86)/cypress/psoc creator/4.4/psoc creator/import/gnu/arm/5.4.1/bin/../lib/gcc/arm-none-eabi/5.4.1/../../../../arm-none-eabi/lib/armv7-m\libg_nano.a(lib_a-init.o)
 .debug_frame   0x00002384       0x28 c:/program files (x86)/cypress/psoc creator/4.4/psoc creator/import/gnu/arm/5.4.1/bin/../lib/gcc/arm-none-eabi/5.4.1/../../../../arm-none-eabi/lib/armv7-m\libg_nano.a(lib_a-memcpy-stub.o)
 .debug_frame   0x000023ac       0x20 c:/program files (x86)/cypress/psoc creator/4.4/psoc creator/import/gnu/arm/5.4.1/bin/../lib/gcc/arm-none-eabi/5.4.1/../../../../arm-none-eabi/lib/armv7-m\libg_nano.a(lib_a-memset.o)

.debug_str      0x00000000     0x2c4c
 *(.debug_str)
 .debug_str     0x00000000      0x6c6 .\CortexM3\ARM_GCC_541\Debug\main.o
                                0x73c (size before relaxing)
 .debug_str     0x000006c6      0x173 .\CortexM3\ARM_GCC_541\Debug\cyfitter_cfg.o
                                0x307 (size before relaxing)
 .debug_str     0x00000839       0x7f .\CortexM3\ARM_GCC_541\Debug\cymetadata.o
                                0x1dc (size before relaxing)
 .debug_str     0x000008b8      0x144 .\CortexM3\ARM_GCC_541\Debug\Cm3Start.o
                                0x302 (size before relaxing)
 .debug_str     0x000009fc      0x80c .\CortexM3\ARM_GCC_541\Debug\AcondicionamientoAnalogico.a(CyLib.o)
                                0xa3f (size before relaxing)
 .debug_str     0x00001208      0x365 .\CortexM3\ARM_GCC_541\Debug\AcondicionamientoAnalogico.a(cyPm.o)
                                0x72b (size before relaxing)
 .debug_str     0x0000156d      0x119 .\CortexM3\ARM_GCC_541\Debug\AcondicionamientoAnalogico.a(isr_DelSig.o)
                                0x2e4 (size before relaxing)
 .debug_str     0x00001686       0xf5 .\CortexM3\ARM_GCC_541\Debug\AcondicionamientoAnalogico.a(isr_Timer.o)
                                0x2d6 (size before relaxing)
 .debug_str     0x0000177b      0x12c .\CortexM3\ARM_GCC_541\Debug\AcondicionamientoAnalogico.a(Timer.o)
                                0x333 (size before relaxing)
 .debug_str     0x000018a7      0x357 .\CortexM3\ARM_GCC_541\Debug\AcondicionamientoAnalogico.a(UART.o)
                                0x590 (size before relaxing)
 .debug_str     0x00001bfe       0x5e .\CortexM3\ARM_GCC_541\Debug\AcondicionamientoAnalogico.a(UART_INT.o)
                                0x281 (size before relaxing)
 .debug_str     0x00001c5c      0x183 .\CortexM3\ARM_GCC_541\Debug\AcondicionamientoAnalogico.a(UART_IntClock.o)
                                0x32e (size before relaxing)
 .debug_str     0x00001ddf       0x80 .\CortexM3\ARM_GCC_541\Debug\AcondicionamientoAnalogico.a(VDAC.o)
                                0x20d (size before relaxing)
 .debug_str     0x00001e5f       0x65 .\CortexM3\ARM_GCC_541\Debug\AcondicionamientoAnalogico.a(OPAbp.o)
                                0x1ef (size before relaxing)
 .debug_str     0x00001ec4       0x5f .\CortexM3\ARM_GCC_541\Debug\AcondicionamientoAnalogico.a(OPAlp.o)
                                0x1ef (size before relaxing)
 .debug_str     0x00001f23       0x71 .\CortexM3\ARM_GCC_541\Debug\AcondicionamientoAnalogico.a(OPAadder.o)
                                0x204 (size before relaxing)
 .debug_str     0x00001f94      0x305 .\CortexM3\ARM_GCC_541\Debug\AcondicionamientoAnalogico.a(ADC.o)
                                0x5b1 (size before relaxing)
 .debug_str     0x00002299       0x45 .\CortexM3\ARM_GCC_541\Debug\AcondicionamientoAnalogico.a(ADC_INT.o)
                                0x1b8 (size before relaxing)
 .debug_str     0x000022de       0x94 .\CortexM3\ARM_GCC_541\Debug\AcondicionamientoAnalogico.a(PGAgain.o)
                                0x23b (size before relaxing)
 .debug_str     0x00002372       0x8e .\CortexM3\ARM_GCC_541\Debug\AcondicionamientoAnalogico.a(PGAvdac.o)
                                0x23b (size before relaxing)
 .debug_str     0x00002400       0x76 .\CortexM3\ARM_GCC_541\Debug\AcondicionamientoAnalogico.a(PGAn.o)
                                0x21d (size before relaxing)
 .debug_str     0x00002476       0x76 .\CortexM3\ARM_GCC_541\Debug\AcondicionamientoAnalogico.a(PGAp.o)
                                0x21d (size before relaxing)
 .debug_str     0x000024ec      0x12a .\CortexM3\ARM_GCC_541\Debug\AcondicionamientoAnalogico.a(ADC_Ext_CP_Clk.o)
                                0x33a (size before relaxing)
 .debug_str     0x00002616      0x14f .\CortexM3\ARM_GCC_541\Debug\AcondicionamientoAnalogico.a(ADC_theACLK.o)
                                0x359 (size before relaxing)
 .debug_str     0x00002765       0x65 .\CortexM3\ARM_GCC_541\Debug\AcondicionamientoAnalogico.a(OPAref.o)
                                0x1f6 (size before relaxing)
 .debug_str     0x000027ca       0x53 .\CortexM3\ARM_GCC_541\Debug\AcondicionamientoAnalogico.a(LPF_1.o)
                                0x1ce (size before relaxing)
 .debug_str     0x0000281d       0x4c .\CortexM3\ARM_GCC_541\Debug\AcondicionamientoAnalogico.a(LPF_2.o)
                                0x1ce (size before relaxing)
 .debug_str     0x00002869       0x63 .\CortexM3\ARM_GCC_541\Debug\AcondicionamientoAnalogico.a(SYNC_IN.o)
                                0x1e4 (size before relaxing)
 .debug_str     0x000028cc      0x119 .\CortexM3\ARM_GCC_541\Debug\AcondicionamientoAnalogico.a(isr_SyncIn.o)
                                0x2e4 (size before relaxing)
 .debug_str     0x000029e5      0x1bb .\CortexM3\ARM_GCC_541\Debug\AcondicionamientoAnalogico.a(CyFlash.o)
                                0x3b8 (size before relaxing)
 .debug_str     0x00002ba0       0xac .\CortexM3\ARM_GCC_541\Debug\AcondicionamientoAnalogico.a(CySpc.o)
                                0x330 (size before relaxing)

.debug_loc      0x00000000     0x303d
 *(.debug_loc)
 .debug_loc     0x00000000      0x444 .\CortexM3\ARM_GCC_541\Debug\main.o
 .debug_loc     0x00000444      0x1d7 .\CortexM3\ARM_GCC_541\Debug\cyfitter_cfg.o
 .debug_loc     0x0000061b      0x144 .\CortexM3\ARM_GCC_541\Debug\Cm3Start.o
 .debug_loc     0x0000075f      0xa11 .\CortexM3\ARM_GCC_541\Debug\AcondicionamientoAnalogico.a(CyLib.o)
 .debug_loc     0x00001170      0x1e4 .\CortexM3\ARM_GCC_541\Debug\AcondicionamientoAnalogico.a(cyPm.o)
 .debug_loc     0x00001354       0x56 .\CortexM3\ARM_GCC_541\Debug\AcondicionamientoAnalogico.a(isr_DelSig.o)
 .debug_loc     0x000013aa       0x56 .\CortexM3\ARM_GCC_541\Debug\AcondicionamientoAnalogico.a(isr_Timer.o)
 .debug_loc     0x00001400       0x13 .\CortexM3\ARM_GCC_541\Debug\AcondicionamientoAnalogico.a(Timer.o)
 .debug_loc     0x00001413      0x36c .\CortexM3\ARM_GCC_541\Debug\AcondicionamientoAnalogico.a(UART.o)
 .debug_loc     0x0000177f       0x45 .\CortexM3\ARM_GCC_541\Debug\AcondicionamientoAnalogico.a(UART_INT.o)
 .debug_loc     0x000017c4      0x128 .\CortexM3\ARM_GCC_541\Debug\AcondicionamientoAnalogico.a(UART_IntClock.o)
 .debug_loc     0x000018ec       0x79 .\CortexM3\ARM_GCC_541\Debug\AcondicionamientoAnalogico.a(VDAC.o)
 .debug_loc     0x00001965       0x21 .\CortexM3\ARM_GCC_541\Debug\AcondicionamientoAnalogico.a(OPAbp.o)
 .debug_loc     0x00001986       0x21 .\CortexM3\ARM_GCC_541\Debug\AcondicionamientoAnalogico.a(OPAlp.o)
 .debug_loc     0x000019a7       0x21 .\CortexM3\ARM_GCC_541\Debug\AcondicionamientoAnalogico.a(OPAadder.o)
 .debug_loc     0x000019c8      0x6ca .\CortexM3\ARM_GCC_541\Debug\AcondicionamientoAnalogico.a(ADC.o)
 .debug_loc     0x00002092       0x60 .\CortexM3\ARM_GCC_541\Debug\AcondicionamientoAnalogico.a(PGAgain.o)
 .debug_loc     0x000020f2       0x60 .\CortexM3\ARM_GCC_541\Debug\AcondicionamientoAnalogico.a(PGAvdac.o)
 .debug_loc     0x00002152       0x60 .\CortexM3\ARM_GCC_541\Debug\AcondicionamientoAnalogico.a(PGAn.o)
 .debug_loc     0x000021b2       0x60 .\CortexM3\ARM_GCC_541\Debug\AcondicionamientoAnalogico.a(PGAp.o)
 .debug_loc     0x00002212      0x12c .\CortexM3\ARM_GCC_541\Debug\AcondicionamientoAnalogico.a(ADC_Ext_CP_Clk.o)
 .debug_loc     0x0000233e      0x14d .\CortexM3\ARM_GCC_541\Debug\AcondicionamientoAnalogico.a(ADC_theACLK.o)
 .debug_loc     0x0000248b       0x21 .\CortexM3\ARM_GCC_541\Debug\AcondicionamientoAnalogico.a(OPAref.o)
 .debug_loc     0x000024ac       0x21 .\CortexM3\ARM_GCC_541\Debug\AcondicionamientoAnalogico.a(LPF_1.o)
 .debug_loc     0x000024cd       0x21 .\CortexM3\ARM_GCC_541\Debug\AcondicionamientoAnalogico.a(LPF_2.o)
 .debug_loc     0x000024ee       0x42 .\CortexM3\ARM_GCC_541\Debug\AcondicionamientoAnalogico.a(SYNC_IN.o)
 .debug_loc     0x00002530       0x56 .\CortexM3\ARM_GCC_541\Debug\AcondicionamientoAnalogico.a(isr_SyncIn.o)
 .debug_loc     0x00002586      0x3b2 .\CortexM3\ARM_GCC_541\Debug\AcondicionamientoAnalogico.a(CyFlash.o)
 .debug_loc     0x00002938      0x705 .\CortexM3\ARM_GCC_541\Debug\AcondicionamientoAnalogico.a(CySpc.o)

.debug_macinfo
 *(.debug_macinfo)

.debug_ranges   0x00000000      0xcb0
 *(.debug_ranges)
 .debug_ranges  0x00000000       0xe8 .\CortexM3\ARM_GCC_541\Debug\main.o
 .debug_ranges  0x000000e8       0x48 .\CortexM3\ARM_GCC_541\Debug\cyfitter_cfg.o
 .debug_ranges  0x00000130       0x38 .\CortexM3\ARM_GCC_541\Debug\Cm3Start.o
 .debug_ranges  0x00000168      0x290 .\CortexM3\ARM_GCC_541\Debug\AcondicionamientoAnalogico.a(CyLib.o)
 .debug_ranges  0x000003f8       0x88 .\CortexM3\ARM_GCC_541\Debug\AcondicionamientoAnalogico.a(cyPm.o)
 .debug_ranges  0x00000480       0x70 .\CortexM3\ARM_GCC_541\Debug\AcondicionamientoAnalogico.a(isr_DelSig.o)
 .debug_ranges  0x000004f0       0x70 .\CortexM3\ARM_GCC_541\Debug\AcondicionamientoAnalogico.a(isr_Timer.o)
 .debug_ranges  0x00000560       0x80 .\CortexM3\ARM_GCC_541\Debug\AcondicionamientoAnalogico.a(Timer.o)
 .debug_ranges  0x000005e0       0xe0 .\CortexM3\ARM_GCC_541\Debug\AcondicionamientoAnalogico.a(UART.o)
 .debug_ranges  0x000006c0       0x18 .\CortexM3\ARM_GCC_541\Debug\AcondicionamientoAnalogico.a(UART_INT.o)
 .debug_ranges  0x000006d8       0x60 .\CortexM3\ARM_GCC_541\Debug\AcondicionamientoAnalogico.a(UART_IntClock.o)
 .debug_ranges  0x00000738       0x48 .\CortexM3\ARM_GCC_541\Debug\AcondicionamientoAnalogico.a(VDAC.o)
 .debug_ranges  0x00000780       0x30 .\CortexM3\ARM_GCC_541\Debug\AcondicionamientoAnalogico.a(OPAbp.o)
 .debug_ranges  0x000007b0       0x30 .\CortexM3\ARM_GCC_541\Debug\AcondicionamientoAnalogico.a(OPAlp.o)
 .debug_ranges  0x000007e0       0x30 .\CortexM3\ARM_GCC_541\Debug\AcondicionamientoAnalogico.a(OPAadder.o)
 .debug_ranges  0x00000810       0xd8 .\CortexM3\ARM_GCC_541\Debug\AcondicionamientoAnalogico.a(ADC.o)
 .debug_ranges  0x000008e8       0x28 .\CortexM3\ARM_GCC_541\Debug\AcondicionamientoAnalogico.a(ADC_INT.o)
 .debug_ranges  0x00000910       0x38 .\CortexM3\ARM_GCC_541\Debug\AcondicionamientoAnalogico.a(PGAgain.o)
 .debug_ranges  0x00000948       0x38 .\CortexM3\ARM_GCC_541\Debug\AcondicionamientoAnalogico.a(PGAvdac.o)
 .debug_ranges  0x00000980       0x38 .\CortexM3\ARM_GCC_541\Debug\AcondicionamientoAnalogico.a(PGAn.o)
 .debug_ranges  0x000009b8       0x38 .\CortexM3\ARM_GCC_541\Debug\AcondicionamientoAnalogico.a(PGAp.o)
 .debug_ranges  0x000009f0       0x60 .\CortexM3\ARM_GCC_541\Debug\AcondicionamientoAnalogico.a(ADC_Ext_CP_Clk.o)
 .debug_ranges  0x00000a50       0x70 .\CortexM3\ARM_GCC_541\Debug\AcondicionamientoAnalogico.a(ADC_theACLK.o)
 .debug_ranges  0x00000ac0       0x30 .\CortexM3\ARM_GCC_541\Debug\AcondicionamientoAnalogico.a(OPAref.o)
 .debug_ranges  0x00000af0       0x20 .\CortexM3\ARM_GCC_541\Debug\AcondicionamientoAnalogico.a(LPF_1.o)
 .debug_ranges  0x00000b10       0x20 .\CortexM3\ARM_GCC_541\Debug\AcondicionamientoAnalogico.a(LPF_2.o)
 .debug_ranges  0x00000b30       0x28 .\CortexM3\ARM_GCC_541\Debug\AcondicionamientoAnalogico.a(SYNC_IN.o)
 .debug_ranges  0x00000b58       0x70 .\CortexM3\ARM_GCC_541\Debug\AcondicionamientoAnalogico.a(isr_SyncIn.o)
 .debug_ranges  0x00000bc8       0x78 .\CortexM3\ARM_GCC_541\Debug\AcondicionamientoAnalogico.a(CyFlash.o)
 .debug_ranges  0x00000c40       0x70 .\CortexM3\ARM_GCC_541\Debug\AcondicionamientoAnalogico.a(CySpc.o)

.comment        0x00000000       0x6e
 .comment       0x00000000       0x6e .\CortexM3\ARM_GCC_541\Debug\main.o
                                 0x6f (size before relaxing)
 .comment       0x0000006e       0x6f .\CortexM3\ARM_GCC_541\Debug\cyfitter_cfg.o
 .comment       0x0000006e       0x6f .\CortexM3\ARM_GCC_541\Debug\cymetadata.o
 .comment       0x0000006e       0x6f .\CortexM3\ARM_GCC_541\Debug\Cm3Start.o
 .comment       0x0000006e       0x6f .\CortexM3\ARM_GCC_541\Debug\AcondicionamientoAnalogico.a(CyLib.o)
 .comment       0x0000006e       0x6f .\CortexM3\ARM_GCC_541\Debug\AcondicionamientoAnalogico.a(cyPm.o)
 .comment       0x0000006e       0x6f .\CortexM3\ARM_GCC_541\Debug\AcondicionamientoAnalogico.a(isr_DelSig.o)
 .comment       0x0000006e       0x6f .\CortexM3\ARM_GCC_541\Debug\AcondicionamientoAnalogico.a(isr_Timer.o)
 .comment       0x0000006e       0x6f .\CortexM3\ARM_GCC_541\Debug\AcondicionamientoAnalogico.a(Timer.o)
 .comment       0x0000006e       0x6f .\CortexM3\ARM_GCC_541\Debug\AcondicionamientoAnalogico.a(UART.o)
 .comment       0x0000006e       0x6f .\CortexM3\ARM_GCC_541\Debug\AcondicionamientoAnalogico.a(UART_INT.o)
 .comment       0x0000006e       0x6f .\CortexM3\ARM_GCC_541\Debug\AcondicionamientoAnalogico.a(UART_IntClock.o)
 .comment       0x0000006e       0x6f .\CortexM3\ARM_GCC_541\Debug\AcondicionamientoAnalogico.a(VDAC.o)
 .comment       0x0000006e       0x6f .\CortexM3\ARM_GCC_541\Debug\AcondicionamientoAnalogico.a(OPAbp.o)
 .comment       0x0000006e       0x6f .\CortexM3\ARM_GCC_541\Debug\AcondicionamientoAnalogico.a(OPAlp.o)
 .comment       0x0000006e       0x6f .\CortexM3\ARM_GCC_541\Debug\AcondicionamientoAnalogico.a(OPAadder.o)
 .comment       0x0000006e       0x6f .\CortexM3\ARM_GCC_541\Debug\AcondicionamientoAnalogico.a(ADC.o)
 .comment       0x0000006e       0x6f .\CortexM3\ARM_GCC_541\Debug\AcondicionamientoAnalogico.a(ADC_INT.o)
 .comment       0x0000006e       0x6f .\CortexM3\ARM_GCC_541\Debug\AcondicionamientoAnalogico.a(PGAgain.o)
 .comment       0x0000006e       0x6f .\CortexM3\ARM_GCC_541\Debug\AcondicionamientoAnalogico.a(PGAvdac.o)
 .comment       0x0000006e       0x6f .\CortexM3\ARM_GCC_541\Debug\AcondicionamientoAnalogico.a(PGAn.o)
 .comment       0x0000006e       0x6f .\CortexM3\ARM_GCC_541\Debug\AcondicionamientoAnalogico.a(PGAp.o)
 .comment       0x0000006e       0x6f .\CortexM3\ARM_GCC_541\Debug\AcondicionamientoAnalogico.a(ADC_Ext_CP_Clk.o)
 .comment       0x0000006e       0x6f .\CortexM3\ARM_GCC_541\Debug\AcondicionamientoAnalogico.a(ADC_theACLK.o)
 .comment       0x0000006e       0x6f .\CortexM3\ARM_GCC_541\Debug\AcondicionamientoAnalogico.a(OPAref.o)
 .comment       0x0000006e       0x6f .\CortexM3\ARM_GCC_541\Debug\AcondicionamientoAnalogico.a(LPF_1.o)
 .comment       0x0000006e       0x6f .\CortexM3\ARM_GCC_541\Debug\AcondicionamientoAnalogico.a(LPF_2.o)
 .comment       0x0000006e       0x6f .\CortexM3\ARM_GCC_541\Debug\AcondicionamientoAnalogico.a(SYNC_IN.o)
 .comment       0x0000006e       0x6f .\CortexM3\ARM_GCC_541\Debug\AcondicionamientoAnalogico.a(isr_SyncIn.o)
 .comment       0x0000006e       0x6f .\CortexM3\ARM_GCC_541\Debug\AcondicionamientoAnalogico.a(CyFlash.o)
 .comment       0x0000006e       0x6f .\CortexM3\ARM_GCC_541\Debug\AcondicionamientoAnalogico.a(CySpc.o)

.debug_weaknames
 *(.debug_weaknames)

.debug_funcnames
 *(.debug_funcnames)

.debug_typenames
 *(.debug_typenames)

.debug_varnames
 *(.debug_varnames)

.note.gnu.arm.ident
 *(.note.gnu.arm.ident)

.ARM.attributes
                0x00000000       0x29
 *(.ARM.attributes)
 .ARM.attributes
                0x00000000       0x1d c:/program files (x86)/cypress/psoc creator/4.4/psoc creator/import/gnu/arm/5.4.1/bin/../lib/gcc/arm-none-eabi/5.4.1/armv7-m/crti.o
 .ARM.attributes
                0x0000001d       0x2d c:/program files (x86)/cypress/psoc creator/4.4/psoc creator/import/gnu/arm/5.4.1/bin/../lib/gcc/arm-none-eabi/5.4.1/armv7-m/crtbegin.o
 .ARM.attributes
                0x0000004a       0x1b c:/program files (x86)/cypress/psoc creator/4.4/psoc creator/import/gnu/arm/5.4.1/bin/../lib/gcc/arm-none-eabi/5.4.1/../../../../arm-none-eabi/lib/armv7-m/crt0.o
 .ARM.attributes
                0x00000065       0x33 .\CortexM3\ARM_GCC_541\Debug\main.o
 .ARM.attributes
                0x00000098       0x33 .\CortexM3\ARM_GCC_541\Debug\cyfitter_cfg.o
 .ARM.attributes
                0x000000cb       0x33 .\CortexM3\ARM_GCC_541\Debug\cymetadata.o
 .ARM.attributes
                0x000000fe       0x33 .\CortexM3\ARM_GCC_541\Debug\Cm3Start.o
 .ARM.attributes
                0x00000131       0x33 .\CortexM3\ARM_GCC_541\Debug\AcondicionamientoAnalogico.a(CyLib.o)
 .ARM.attributes
                0x00000164       0x33 .\CortexM3\ARM_GCC_541\Debug\AcondicionamientoAnalogico.a(cyPm.o)
 .ARM.attributes
                0x00000197       0x33 .\CortexM3\ARM_GCC_541\Debug\AcondicionamientoAnalogico.a(isr_DelSig.o)
 .ARM.attributes
                0x000001ca       0x33 .\CortexM3\ARM_GCC_541\Debug\AcondicionamientoAnalogico.a(isr_Timer.o)
 .ARM.attributes
                0x000001fd       0x33 .\CortexM3\ARM_GCC_541\Debug\AcondicionamientoAnalogico.a(Timer.o)
 .ARM.attributes
                0x00000230       0x33 .\CortexM3\ARM_GCC_541\Debug\AcondicionamientoAnalogico.a(UART.o)
 .ARM.attributes
                0x00000263       0x33 .\CortexM3\ARM_GCC_541\Debug\AcondicionamientoAnalogico.a(UART_INT.o)
 .ARM.attributes
                0x00000296       0x33 .\CortexM3\ARM_GCC_541\Debug\AcondicionamientoAnalogico.a(UART_IntClock.o)
 .ARM.attributes
                0x000002c9       0x33 .\CortexM3\ARM_GCC_541\Debug\AcondicionamientoAnalogico.a(VDAC.o)
 .ARM.attributes
                0x000002fc       0x33 .\CortexM3\ARM_GCC_541\Debug\AcondicionamientoAnalogico.a(OPAbp.o)
 .ARM.attributes
                0x0000032f       0x33 .\CortexM3\ARM_GCC_541\Debug\AcondicionamientoAnalogico.a(OPAlp.o)
 .ARM.attributes
                0x00000362       0x33 .\CortexM3\ARM_GCC_541\Debug\AcondicionamientoAnalogico.a(OPAadder.o)
 .ARM.attributes
                0x00000395       0x33 .\CortexM3\ARM_GCC_541\Debug\AcondicionamientoAnalogico.a(ADC.o)
 .ARM.attributes
                0x000003c8       0x33 .\CortexM3\ARM_GCC_541\Debug\AcondicionamientoAnalogico.a(ADC_INT.o)
 .ARM.attributes
                0x000003fb       0x33 .\CortexM3\ARM_GCC_541\Debug\AcondicionamientoAnalogico.a(PGAgain.o)
 .ARM.attributes
                0x0000042e       0x33 .\CortexM3\ARM_GCC_541\Debug\AcondicionamientoAnalogico.a(PGAvdac.o)
 .ARM.attributes
                0x00000461       0x33 .\CortexM3\ARM_GCC_541\Debug\AcondicionamientoAnalogico.a(PGAn.o)
 .ARM.attributes
                0x00000494       0x33 .\CortexM3\ARM_GCC_541\Debug\AcondicionamientoAnalogico.a(PGAp.o)
 .ARM.attributes
                0x000004c7       0x33 .\CortexM3\ARM_GCC_541\Debug\AcondicionamientoAnalogico.a(ADC_Ext_CP_Clk.o)
 .ARM.attributes
                0x000004fa       0x33 .\CortexM3\ARM_GCC_541\Debug\AcondicionamientoAnalogico.a(ADC_theACLK.o)
 .ARM.attributes
                0x0000052d       0x33 .\CortexM3\ARM_GCC_541\Debug\AcondicionamientoAnalogico.a(OPAref.o)
 .ARM.attributes
                0x00000560       0x33 .\CortexM3\ARM_GCC_541\Debug\AcondicionamientoAnalogico.a(LPF_1.o)
 .ARM.attributes
                0x00000593       0x33 .\CortexM3\ARM_GCC_541\Debug\AcondicionamientoAnalogico.a(LPF_2.o)
 .ARM.attributes
                0x000005c6       0x33 .\CortexM3\ARM_GCC_541\Debug\AcondicionamientoAnalogico.a(SYNC_IN.o)
 .ARM.attributes
                0x000005f9       0x33 .\CortexM3\ARM_GCC_541\Debug\AcondicionamientoAnalogico.a(isr_SyncIn.o)
 .ARM.attributes
                0x0000062c       0x21 .\CortexM3\ARM_GCC_541\Debug\AcondicionamientoAnalogico.a(CyBootAsmGnu.o)
 .ARM.attributes
                0x0000064d       0x33 .\CortexM3\ARM_GCC_541\Debug\AcondicionamientoAnalogico.a(CyFlash.o)
 .ARM.attributes
                0x00000680       0x33 .\CortexM3\ARM_GCC_541\Debug\AcondicionamientoAnalogico.a(CySpc.o)
 .ARM.attributes
                0x000006b3       0x1d c:/program files (x86)/cypress/psoc creator/4.4/psoc creator/import/gnu/arm/5.4.1/bin/../lib/gcc/arm-none-eabi/5.4.1/armv7-m\libgcc.a(_arm_addsubdf3.o)
 .ARM.attributes
                0x000006d0       0x1d c:/program files (x86)/cypress/psoc creator/4.4/psoc creator/import/gnu/arm/5.4.1/bin/../lib/gcc/arm-none-eabi/5.4.1/armv7-m\libgcc.a(_arm_cmpdf2.o)
 .ARM.attributes
                0x000006ed       0x1d c:/program files (x86)/cypress/psoc creator/4.4/psoc creator/import/gnu/arm/5.4.1/bin/../lib/gcc/arm-none-eabi/5.4.1/armv7-m\libgcc.a(_arm_addsubsf3.o)
 .ARM.attributes
                0x0000070a       0x1d c:/program files (x86)/cypress/psoc creator/4.4/psoc creator/import/gnu/arm/5.4.1/bin/../lib/gcc/arm-none-eabi/5.4.1/armv7-m\libgcc.a(_arm_muldivsf3.o)
 .ARM.attributes
                0x00000727       0x1d c:/program files (x86)/cypress/psoc creator/4.4/psoc creator/import/gnu/arm/5.4.1/bin/../lib/gcc/arm-none-eabi/5.4.1/armv7-m\libgcc.a(_arm_fixunssfsi.o)
 .ARM.attributes
                0x00000744       0x2d c:/program files (x86)/cypress/psoc creator/4.4/psoc creator/import/gnu/arm/5.4.1/bin/../lib/gcc/arm-none-eabi/5.4.1/../../../../arm-none-eabi/lib/armv7-m\libg_nano.a(lib_a-errno.o)
 .ARM.attributes
                0x00000771       0x2d c:/program files (x86)/cypress/psoc creator/4.4/psoc creator/import/gnu/arm/5.4.1/bin/../lib/gcc/arm-none-eabi/5.4.1/../../../../arm-none-eabi/lib/armv7-m\libg_nano.a(lib_a-exit.o)
 .ARM.attributes
                0x0000079e       0x2d c:/program files (x86)/cypress/psoc creator/4.4/psoc creator/import/gnu/arm/5.4.1/bin/../lib/gcc/arm-none-eabi/5.4.1/../../../../arm-none-eabi/lib/armv7-m\libg_nano.a(lib_a-impure.o)
 .ARM.attributes
                0x000007cb       0x2d c:/program files (x86)/cypress/psoc creator/4.4/psoc creator/import/gnu/arm/5.4.1/bin/../lib/gcc/arm-none-eabi/5.4.1/../../../../arm-none-eabi/lib/armv7-m\libg_nano.a(lib_a-init.o)
 .ARM.attributes
                0x000007f8       0x2d c:/program files (x86)/cypress/psoc creator/4.4/psoc creator/import/gnu/arm/5.4.1/bin/../lib/gcc/arm-none-eabi/5.4.1/../../../../arm-none-eabi/lib/armv7-m\libg_nano.a(lib_a-memcpy-stub.o)
 .ARM.attributes
                0x00000825       0x2d c:/program files (x86)/cypress/psoc creator/4.4/psoc creator/import/gnu/arm/5.4.1/bin/../lib/gcc/arm-none-eabi/5.4.1/../../../../arm-none-eabi/lib/armv7-m\libg_nano.a(lib_a-memset.o)
 .ARM.attributes
                0x00000852       0x2d c:/program files (x86)/cypress/psoc creator/4.4/psoc creator/import/gnu/arm/5.4.1/bin/../lib/gcc/arm-none-eabi/5.4.1/armv7-m/crtend.o
 .ARM.attributes
                0x0000087f       0x1d c:/program files (x86)/cypress/psoc creator/4.4/psoc creator/import/gnu/arm/5.4.1/bin/../lib/gcc/arm-none-eabi/5.4.1/armv7-m/crtn.o

/DISCARD/
 *(.note.GNU-stack)
OUTPUT(C:\Github\Tesis\src\psoc\AcondicionamientoAnalogico.cydsn\CortexM3\ARM_GCC_541\Debug\AcondicionamientoAnalogico.elf elf32-littlearm)
