Archive member included to satisfy reference by file (symbol)

.\CortexM3\ARM_GCC_541\Debug\AcondicionamientoAnalogico.a(CyLib.o)
                              .\CortexM3\ARM_GCC_541\Debug\Cm3Start.o (CyHalt)
.\CortexM3\ARM_GCC_541\Debug\AcondicionamientoAnalogico.a(cyPm.o)
                              .\CortexM3\ARM_GCC_541\Debug\AcondicionamientoAnalogico.a(CyLib.o) (CyPmReadStatus)
.\CortexM3\ARM_GCC_541\Debug\AcondicionamientoAnalogico.a(isr_DelSig.o)
                              .\CortexM3\ARM_GCC_541\Debug\main.o (isr_DelSig_StartEx)
.\CortexM3\ARM_GCC_541\Debug\AcondicionamientoAnalogico.a(isr_Timer.o)
                              .\CortexM3\ARM_GCC_541\Debug\main.o (isr_Timer_StartEx)
.\CortexM3\ARM_GCC_541\Debug\AcondicionamientoAnalogico.a(Timer.o)
                              .\CortexM3\ARM_GCC_541\Debug\main.o (Timer_Stop)
.\CortexM3\ARM_GCC_541\Debug\AcondicionamientoAnalogico.a(LED.o)
                              .\CortexM3\ARM_GCC_541\Debug\main.o (LED_Write)
.\CortexM3\ARM_GCC_541\Debug\AcondicionamientoAnalogico.a(UART.o)
                              .\CortexM3\ARM_GCC_541\Debug\main.o (UART_Start)
.\CortexM3\ARM_GCC_541\Debug\AcondicionamientoAnalogico.a(UART_INT.o)
                              .\CortexM3\ARM_GCC_541\Debug\AcondicionamientoAnalogico.a(UART.o) (UART_RXISR)
.\CortexM3\ARM_GCC_541\Debug\AcondicionamientoAnalogico.a(UART_IntClock.o)
                              .\CortexM3\ARM_GCC_541\Debug\AcondicionamientoAnalogico.a(UART.o) (UART_IntClock_Start)
.\CortexM3\ARM_GCC_541\Debug\AcondicionamientoAnalogico.a(OPAbp.o)
                              .\CortexM3\ARM_GCC_541\Debug\psoc_hw.o (OPAbp_Start)
.\CortexM3\ARM_GCC_541\Debug\AcondicionamientoAnalogico.a(OPAlp.o)
                              .\CortexM3\ARM_GCC_541\Debug\psoc_hw.o (OPAlp_Start)
.\CortexM3\ARM_GCC_541\Debug\AcondicionamientoAnalogico.a(OPAadder.o)
                              .\CortexM3\ARM_GCC_541\Debug\psoc_hw.o (OPAadder_Start)
.\CortexM3\ARM_GCC_541\Debug\AcondicionamientoAnalogico.a(ADC.o)
                              .\CortexM3\ARM_GCC_541\Debug\calibration.o (ADC_Start)
.\CortexM3\ARM_GCC_541\Debug\AcondicionamientoAnalogico.a(ADC_INT.o)
                              .\CortexM3\ARM_GCC_541\Debug\AcondicionamientoAnalogico.a(ADC.o) (ADC_ISR1)
.\CortexM3\ARM_GCC_541\Debug\AcondicionamientoAnalogico.a(PGAgain.o)
                              .\CortexM3\ARM_GCC_541\Debug\psoc_hw.o (PGAgain_SetGain)
.\CortexM3\ARM_GCC_541\Debug\AcondicionamientoAnalogico.a(PGAn.o)
                              .\CortexM3\ARM_GCC_541\Debug\psoc_hw.o (PGAn_SetGain)
.\CortexM3\ARM_GCC_541\Debug\AcondicionamientoAnalogico.a(PGAp.o)
                              .\CortexM3\ARM_GCC_541\Debug\psoc_hw.o (PGAp_SetGain)
.\CortexM3\ARM_GCC_541\Debug\AcondicionamientoAnalogico.a(ADC_Ext_CP_Clk.o)
                              .\CortexM3\ARM_GCC_541\Debug\AcondicionamientoAnalogico.a(ADC.o) (ADC_Ext_CP_Clk_SetModeRegister)
.\CortexM3\ARM_GCC_541\Debug\AcondicionamientoAnalogico.a(ADC_theACLK.o)
                              .\CortexM3\ARM_GCC_541\Debug\AcondicionamientoAnalogico.a(ADC.o) (ADC_theACLK_SetModeRegister)
.\CortexM3\ARM_GCC_541\Debug\AcondicionamientoAnalogico.a(OPAref.o)
                              .\CortexM3\ARM_GCC_541\Debug\psoc_hw.o (OPAref_Start)
.\CortexM3\ARM_GCC_541\Debug\AcondicionamientoAnalogico.a(LPF_1.o)
                              .\CortexM3\ARM_GCC_541\Debug\psoc_hw.o (LPF_1_Start)
.\CortexM3\ARM_GCC_541\Debug\AcondicionamientoAnalogico.a(LPF_2.o)
                              .\CortexM3\ARM_GCC_541\Debug\psoc_hw.o (LPF_2_Start)
.\CortexM3\ARM_GCC_541\Debug\AcondicionamientoAnalogico.a(SYNC_IN.o)
                              .\CortexM3\ARM_GCC_541\Debug\main.o (SYNC_IN_Read)
.\CortexM3\ARM_GCC_541\Debug\AcondicionamientoAnalogico.a(isr_SyncIn.o)
                              .\CortexM3\ARM_GCC_541\Debug\calibration.o (isr_SyncIn_Enable)
.\CortexM3\ARM_GCC_541\Debug\AcondicionamientoAnalogico.a(VDAC_ref_LP.o)
                              .\CortexM3\ARM_GCC_541\Debug\calibration.o (VDAC_ref_LP_SetValue)
.\CortexM3\ARM_GCC_541\Debug\AcondicionamientoAnalogico.a(VDAC_ref_BP.o)
                              .\CortexM3\ARM_GCC_541\Debug\calibration.o (VDAC_ref_BP_SetValue)
.\CortexM3\ARM_GCC_541\Debug\AcondicionamientoAnalogico.a(VDAC_ref_PGA.o)
                              .\CortexM3\ARM_GCC_541\Debug\calibration.o (VDAC_ref_PGA_SetValue)
.\CortexM3\ARM_GCC_541\Debug\AcondicionamientoAnalogico.a(VDAC_Ref_Adder.o)
                              .\CortexM3\ARM_GCC_541\Debug\calibration.o (VDAC_Ref_Adder_SetValue)
.\CortexM3\ARM_GCC_541\Debug\AcondicionamientoAnalogico.a(AMux_IN.o)
                              .\CortexM3\ARM_GCC_541\Debug\calibration.o (AMux_IN_Start)
.\CortexM3\ARM_GCC_541\Debug\AcondicionamientoAnalogico.a(AMux_ADC.o)
                              .\CortexM3\ARM_GCC_541\Debug\calibration.o (AMux_ADC_Start)
.\CortexM3\ARM_GCC_541\Debug\AcondicionamientoAnalogico.a(CyBootAsmGnu.o)
[...]
Memory Configuration

Name             Origin             Length             Attributes
rom              0x00000000         0x00040000         xr
ram              0x1fff8000         0x00010000         xrw
*default*        0x00000000         0xffffffff

Linker script and memory map

LOAD c:/program files (x86)/cypress/psoc creator/4.4/psoc creator/import/gnu/arm/5.4.1/bin/../lib/gcc/arm-none-eabi/5.4.1/armv7-m/crti.o
LOAD c:/program files (x86)/cypress/psoc creator/4.4/psoc creator/import/gnu/arm/5.4.1/bin/../lib/gcc/arm-none-eabi/5.4.1/armv7-m/crtbegin.o
LOAD c:/program files (x86)/cypress/psoc creator/4.4/psoc creator/import/gnu/arm/5.4.1/bin/../lib/gcc/arm-none-eabi/5.4.1/../../../../arm-none-eabi/lib/armv7-m/crt0.o
START GROUP
LOAD .\CortexM3\ARM_GCC_541\Debug\main.o
LOAD .\CortexM3\ARM_GCC_541\Debug\calibration.o
LOAD .\CortexM3\ARM_GCC_541\Debug\psoc_adc.o
LOAD .\CortexM3\ARM_GCC_541\Debug\psoc_hw.o
LOAD .\CortexM3\ARM_GCC_541\Debug\cyfitter_cfg.o
LOAD .\CortexM3\ARM_GCC_541\Debug\cymetadata.o
LOAD .\CortexM3\ARM_GCC_541\Debug\Cm3Start.o
LOAD .\CortexM3\ARM_GCC_541\Debug\AcondicionamientoAnalogico.a
LOAD C:\Program Files (x86)\Cypress\PSoC Creator\4.4\PSoC Creator\psoc\content\cycomponentlibrary\CyComponentLibrary.cylib\CortexM3\ARM_GCC_541\Debug\CyComponentLibrary.a
END GROUP
START GROUP
LOAD c:/program files (x86)/cypress/psoc creator/4.4/psoc creator/import/gnu/arm/5.4.1/bin/../lib/gcc/arm-none-eabi/5.4.1/armv7-m\libgcc.a
LOAD c:/program files (x86)/cypress/psoc creator/4.4/psoc creator/import/gnu/arm/5.4.1/bin/../lib/gcc/arm-none-eabi/5.4.1/../../../../arm-none-eabi/lib/armv7-m\libg_nano.a
LOAD c:/program files (x86)/cypress/psoc creator/4.4/psoc creator/import/gnu/arm/5.4.1/bin/../lib/gcc/arm-none-eabi/5.4.1/../../../../arm-none-eabi/lib/armv7-m\libc_nano.a
END GROUP
START GROUP
LOAD c:/program files (x86)/cypress/psoc creator/4.4/psoc creator/import/gnu/arm/5.4.1/bin/../lib/gcc/arm-none-eabi/5.4.1/armv7-m\libgcc.a
LOAD c:/program files (x86)/cypress/psoc creator/4.4/psoc creator/import/gnu/arm/5.4.1/bin/../lib/gcc/arm-none-eabi/5.4.1/../../../../arm-none-eabi/lib/armv7-m\libc_nano.a
END GROUP
LOAD c:/program files (x86)/cypress/psoc creator/4.4/psoc creator/import/gnu/arm/5.4.1/bin/../lib/gcc/arm-none-eabi/5.4.1/armv7-m/crtend.o
LOAD c:/program files (x86)/cypress/psoc creator/4.4/psoc creator/import/gnu/arm/5.4.1/bin/../lib/gcc/arm-none-eabi/5.4.1/armv7-m/crtn.o
START GROUP
LOAD c:/program files (x86)/cypress/psoc creator/4.4/psoc creator/import/gnu/arm/5.4.1/bin/../lib/gcc/arm-none-eabi/5.4.1/armv7-m\libgcc.a
LOAD c:/program files (x86)/cypress/psoc creator/4.4/psoc creator/import/gnu/arm/5.4.1/bin/../lib/gcc/arm-none-eabi/5.4.1/../../../../arm-none-eabi/lib/armv7-m\libc.a
LOAD c:/program files (x86)/cypress/psoc creator/4.4/psoc creator/import/gnu/arm/5.4.1/bin/../lib/gcc/arm-none-eabi/5.4.1/../../../../arm-none-eabi/lib/armv7-m\libnosys.a
END GROUP
                0x00000000                CY_APPL_ORIGIN = 0x0
                0x00000100                CY_FLASH_ROW_SIZE = 0x100
                0x00000020                CY_ECC_ROW_SIZE = 0x20
                0x00000000                CY_EE_IN_BTLDR = 0x0
                0x00000000                CY_APPL_LOADABLE = 0x0
                0x00000800                CY_EE_SIZE = 0x800
                0x00000001                CY_APPL_NUM = 0x1
                0x00000001                CY_APPL_MAX = 0x1
                0x00000040                CY_METADATA_SIZE = 0x40
                0x00000000                CY_APPL_LOADABLE = 0x0
                0x00000000                CY_CHECKSUM_EXCLUDE_SIZE = ALIGN (0x0, CY_FLASH_ROW_SIZE)
                [!provide]                PROVIDE (__cy_heap_start, _end)
                0x00000001                PROVIDE (__cy_region_num, ((__cy_regions_end - __cy_regions) / 0x10))
                0x20008000                PROVIDE (__cy_stack, (ORIGIN (ram) + LENGTH (ram)))
                [!provide]                PROVIDE (__cy_heap_end, (__cy_stack - 0x800))

.cybootloader   0x00000000        0x0
 *(.cybootloader)
                0x00000000                appl1_start = CY_APPL_ORIGIN?CY_APPL_ORIGIN:ALIGN (CY_FLASH_ROW_SIZE)
                0x0001ff00                appl2_start = (appl1_start + ALIGN ((((LENGTH (rom) - appl1_start) - (0x2 * CY_FLASH_ROW_SIZE)) / 0x2), CY_FLASH_ROW_SIZE))
                0x00000000                appl_start = (CY_APPL_NUM == 0x1)?appl1_start:appl2_start
                0x00000000                ecc_offset = ((appl_start / CY_FLASH_ROW_SIZE) * CY_ECC_ROW_SIZE)
                0x00000000                ee_offset = (CY_APPL_LOADABLE && ! (CY_EE_IN_BTLDR))?((CY_EE_SIZE / CY_APPL_MAX) * (CY_APPL_NUM - 0x1)):0x0
                0x00000800                ee_size = (CY_APPL_LOADABLE && ! (CY_EE_IN_BTLDR))?(CY_EE_SIZE / CY_APPL_MAX):CY_EE_SIZE
                [!provide]                PROVIDE (CY_ECC_OFFSET, ecc_offset)

.text           0x00000000     0x2886
 CREATE_OBJECT_SYMBOLS
                0x00000000                PROVIDE (__cy_interrupt_vector, RomVectors)
 *(.romvectors)
 .romvectors    0x00000000       0x10 .\CortexM3\ARM_GCC_541\Debug\Cm3Start.o
                0x00000000                RomVectors
                0x00000001                ASSERT ((. != __cy_interrupt_vector), No interrupt vector)
                0x00000001                ASSERT (CY_APPL_ORIGIN?(SIZEOF (.cybootloader) <= CY_APPL_ORIGIN):0x1, Wrong image location)
                0x00000010                PROVIDE (__cy_reset, Reset)
 *(.text.Reset)
 .text.Reset    0x00000010       0x18 .\CortexM3\ARM_GCC_541\Debug\Cm3Start.o
                0x00000010                Reset
                0x00000001                ASSERT ((. != __cy_reset), No reset code)
 *(.dma_init)
                0x00000001                ASSERT ((((appl_start + .) <= 0x10000) || 0x1), DMA Init must be within the first 64k of flash)
 *(.text .text.* .gnu.linkonce.t.*)
 .text          0x00000028       0x5c c:/program files (x86)/cypress/psoc creator/4.4/psoc creator/import/gnu/arm/5.4.1/bin/../lib/gcc/arm-none-eabi/5.4.1/armv7-m/crtbegin.o
 .text.diag_u16_sat
                0x00000084        0xc .\CortexM3\ARM_GCC_541\Debug\main.o
 .text.capture_target_batches
                0x00000090       0x18 .\CortexM3\ARM_GCC_541\Debug\main.o
 .text.capture_dump_pending
                0x000000a8       0x1c .\CortexM3\ARM_GCC_541\Debug\main.o
 .text.capture_reset_locked
                0x000000c4       0x18 .\CortexM3\ARM_GCC_541\Debug\main.o
 .text.rx_watchdog_start
                0x000000dc       0x10 .\CortexM3\ARM_GCC_541\Debug\main.o
 .text.rx_watchdog_stop
                0x000000ec       0x10 .\CortexM3\ARM_GCC_541\Debug\main.o
 .text.ticks_due
                0x000000fc       0x10 .\CortexM3\ARM_GCC_541\Debug\main.o
 .text.isr_DelSigReady
                0x0000010c       0xc8 .\CortexM3\ARM_GCC_541\Debug\main.o
                0x0000010c                isr_DelSigReady
 .text.isr_Timer
                0x000001d4       0x5c .\CortexM3\ARM_GCC_541\Debug\main.o
                0x000001d4                isr_Timer
 .text.timer_start_runtime
                0x00000230       0x18 .\CortexM3\ARM_GCC_541\Debug\main.o
 .text.timer_now_ticks
                0x00000248       0x18 .\CortexM3\ARM_GCC_541\Debug\main.o
 .text.timer_stop_quiet
                0x00000260       0x10 .\CortexM3\ARM_GCC_541\Debug\main.o
 .text.uart_send_diag
                0x00000270       0x40 .\CortexM3\ARM_GCC_541\Debug\main.o
 .text.psoc_enter_sampling
                0x000002b0       0x4c .\CortexM3\ARM_GCC_541\Debug\main.o
 .text.isr_SyncIn
                0x000002fc       0x50 .\CortexM3\ARM_GCC_541\Debug\main.o
                0x000002fc                isr_SyncIn
 .text.uart_send_cal_stage_meas
                0x0000034c       0x30 .\CortexM3\ARM_GCC_541\Debug\main.o
 .text.uart_send_capture_batch
                0x0000037c       0x90 .\CortexM3\ARM_GCC_541\Debug\main.o
 .text.uart_send_fs_report
                0x0000040c       0x30 .\CortexM3\ARM_GCC_541\Debug\main.o
 .text.uart_send_cfg_ack
                0x0000043c       0x30 .\CortexM3\ARM_GCC_541\Debug\main.o
 .text.uart_send_ping
                0x0000046c       0x10 .\CortexM3\ARM_GCC_541\Debug\main.o
 .text.psoc_prepare_capture_path
                0x0000047c       0x10 .\CortexM3\ARM_GCC_541\Debug\main.o
 .text.psoc_arm
                0x0000048c       0x30 .\CortexM3\ARM_GCC_541\Debug\main.o
 .text.psoc_start_now
                0x000004bc       0x10 .\CortexM3\ARM_GCC_541\Debug\main.o
 .text.psoc_run_calibration_if_idle
                0x000004cc       0x6c .\CortexM3\ARM_GCC_541\Debug\main.o
 .text.led_write
                0x00000538        0x8 .\CortexM3\ARM_GCC_541\Debug\main.o
 .text.PGAgain_Set
                0x00000540       0x18 .\CortexM3\ARM_GCC_541\Debug\main.o
 .text.PGAvdac_Set
                0x00000558       0x18 .\CortexM3\ARM_GCC_541\Debug\main.o
 .text.led_toggle
                0x00000570       0x20 .\CortexM3\ARM_GCC_541\Debug\main.o
 .text.uart_service
                0x00000590      0x270 .\CortexM3\ARM_GCC_541\Debug\main.o
 .text.service_runtime
                0x00000800       0xa8 .\CortexM3\ARM_GCC_541\Debug\main.o
 .text.wait_for_esp
                0x000008a8       0x60 .\CortexM3\ARM_GCC_541\Debug\main.o
 .text.wait_ticks
                0x00000908       0x20 .\CortexM3\ARM_GCC_541\Debug\main.o
 .text.service_comm_led
                0x00000928       0x84 .\CortexM3\ARM_GCC_541\Debug\main.o
 .text.main     0x000009ac      0x10c .\CortexM3\ARM_GCC_541\Debug\main.o
                0x000009ac                main
 .text.cal_vdac_geo_lp
                0x00000ab8        0x8 .\CortexM3\ARM_GCC_541\Debug\calibration.o
 .text.cal_vdac_geo_adder
                0x00000ac0        0x8 .\CortexM3\ARM_GCC_541\Debug\calibration.o
 .text.cal_vdac_geo_bp
                0x00000ac8        0x8 .\CortexM3\ARM_GCC_541\Debug\calibration.o
 .text.cal_vdac_geo_pga
                0x00000ad0        0x8 .\CortexM3\ARM_GCC_541\Debug\calibration.o
 .text.psoc_calibration_start_references
                0x00000ad8       0x5c .\CortexM3\ARM_GCC_541\Debug\calibration.o
                0x00000ad8                psoc_calibration_start_references
 .text.psoc_calibration_restore_capture_path
                0x00000b34       0x24 .\CortexM3\ARM_GCC_541\Debug\calibration.o
                0x00000b34                psoc_calibration_restore_capture_path
 .text.psoc_calibration_reset_references
                0x00000b58       0x5c .\CortexM3\ARM_GCC_541\Debug\calibration.o
                0x00000b58                psoc_calibration_reset_references
 .text.psoc_adc_counts_right_aligned
                0x00000bb4       0x1c .\CortexM3\ARM_GCC_541\Debug\psoc_adc.o
                0x00000bb4                psoc_adc_counts_right_aligned
 .text.psoc_adc_note_isr_sample
                0x00000bd0       0x10 .\CortexM3\ARM_GCC_541\Debug\psoc_adc.o
                0x00000bd0                psoc_adc_note_isr_sample
 .text.psoc_adc_select_capture_config
                0x00000be0       0x10 .\CortexM3\ARM_GCC_541\Debug\psoc_adc.o
                0x00000be0                psoc_adc_select_capture_config
 .text.psoc_hw_set_pga
                0x00000bf0        0x8 .\CortexM3\ARM_GCC_541\Debug\psoc_hw.o
                0x00000bf0                psoc_hw_set_pga
 .text.psoc_hw_set_pgavdac
                0x00000bf8        0x4 .\CortexM3\ARM_GCC_541\Debug\psoc_hw.o
                0x00000bf8                psoc_hw_set_pgavdac
 .text.psoc_hw_start_analog
                0x00000bfc       0x3c .\CortexM3\ARM_GCC_541\Debug\psoc_hw.o
                0x00000bfc                psoc_hw_start_analog
 .text.CyClockStartupError
                0x00000c38        0x4 .\CortexM3\ARM_GCC_541\Debug\cyfitter_cfg.o
 .text.cfg_write_bytes32
                0x00000c3c       0x34 .\CortexM3\ARM_GCC_541\Debug\cyfitter_cfg.o
 .text.AnalogSetDefault
                0x00000c70       0xe0 .\CortexM3\ARM_GCC_541\Debug\cyfitter_cfg.o
 .text.CYMEMZERO
                0x00000d50        0xc .\CortexM3\ARM_GCC_541\Debug\cyfitter_cfg.o
 .text.CYCONFIGCPY
                0x00000d5c        0x8 .\CortexM3\ARM_GCC_541\Debug\cyfitter_cfg.o
 .text.ClockSetup
                0x00000d64       0xe8 .\CortexM3\ARM_GCC_541\Debug\cyfitter_cfg.o
 .text.AMux_ADC_Set
                0x00000e4c       0x58 .\CortexM3\ARM_GCC_541\Debug\cyfitter_cfg.o
                0x00000e4c                AMux_ADC_Set
 .text.AMux_ADC_Unset
                0x00000ea4       0x58 .\CortexM3\ARM_GCC_541\Debug\cyfitter_cfg.o
                0x00000ea4                AMux_ADC_Unset
 .text.AMux_IN_CYAMUXSIDE_A_Set
                0x00000efc       0x3c .\CortexM3\ARM_GCC_541\Debug\cyfitter_cfg.o
                0x00000efc                AMux_IN_CYAMUXSIDE_A_Set
 .text.AMux_IN_CYAMUXSIDE_A_Unset
                0x00000f38       0x40 .\CortexM3\ARM_GCC_541\Debug\cyfitter_cfg.o
                0x00000f38                AMux_IN_CYAMUXSIDE_A_Unset
 .text.AMux_IN_CYAMUXSIDE_B_Set
                0x00000f78       0x3c .\CortexM3\ARM_GCC_541\Debug\cyfitter_cfg.o
                0x00000f78                AMux_IN_CYAMUXSIDE_B_Set
 .text.AMux_IN_CYAMUXSIDE_B_Unset
                0x00000fb4       0x40 .\CortexM3\ARM_GCC_541\Debug\cyfitter_cfg.o
                0x00000fb4                AMux_IN_CYAMUXSIDE_B_Unset
 .text.cyfitter_cfg
                0x00000ff4      0x11c .\CortexM3\ARM_GCC_541\Debug\cyfitter_cfg.o
                0x00000ff4                cyfitter_cfg
 .text.IntDefaultHandler
                0x00001110       0x10 .\CortexM3\ARM_GCC_541\Debug\Cm3Start.o
                0x00001110                IntDefaultHandler
 .text.Start_c  0x00001120       0x4c .\CortexM3\ARM_GCC_541\Debug\Cm3Start.o
                0x00001120                Start_c
 .text.initialize_psoc
                0x0000116c       0x68 .\CortexM3\ARM_GCC_541\Debug\Cm3Start.o
                0x0000116c                initialize_psoc
 .text.CyHalt   0x000011d4        0x4 .\CortexM3\ARM_GCC_541\Debug\AcondicionamientoAnalogico.a(CyLib.o)
                0x000011d4                CyHalt
 .text.CyDelay  0x000011d8       0x2c .\CortexM3\ARM_GCC_541\Debug\AcondicionamientoAnalogico.a(CyLib.o)
                0x000011d8                CyDelay
 .text.CyDelayUs
                0x00001204       0x14 .\CortexM3\ARM_GCC_541\Debug\AcondicionamientoAnalogico.a(CyLib.o)
                0x00001204                CyDelayUs
 .text.CyIntSetVector
                0x00001218       0x28 .\CortexM3\ARM_GCC_541\Debug\AcondicionamientoAnalogico.a(CyLib.o)
                0x00001218                CyIntSetVector
 .text.CyIntSetPriority
                0x00001240       0x30 .\CortexM3\ARM_GCC_541\Debug\AcondicionamientoAnalogico.a(CyLib.o)
                0x00001240                CyIntSetPriority
 .text.isr_DelSig_SetVector
                0x00001270        0xc .\CortexM3\ARM_GCC_541\Debug\AcondicionamientoAnalogico.a(isr_DelSig.o)
                0x00001270                isr_DelSig_SetVector
 .text.isr_DelSig_SetPriority
                0x0000127c       0x10 .\CortexM3\ARM_GCC_541\Debug\AcondicionamientoAnalogico.a(isr_DelSig.o)
                0x0000127c                isr_DelSig_SetPriority
 .text.isr_DelSig_Enable
                0x0000128c        0xc .\CortexM3\ARM_GCC_541\Debug\AcondicionamientoAnalogico.a(isr_DelSig.o)
                0x0000128c                isr_DelSig_Enable
 .text.isr_DelSig_Disable
                0x00001298        0xc .\CortexM3\ARM_GCC_541\Debug\AcondicionamientoAnalogico.a(isr_DelSig.o)
                0x00001298                isr_DelSig_Disable
 .text.isr_DelSig_StartEx
                0x000012a4       0x1c .\CortexM3\ARM_GCC_541\Debug\AcondicionamientoAnalogico.a(isr_DelSig.o)
                0x000012a4                isr_DelSig_StartEx
 .text.isr_Timer_SetVector
                0x000012c0        0xc .\CortexM3\ARM_GCC_541\Debug\AcondicionamientoAnalogico.a(isr_Timer.o)
                0x000012c0                isr_Timer_SetVector
 .text.isr_Timer_SetPriority
                0x000012cc       0x10 .\CortexM3\ARM_GCC_541\Debug\AcondicionamientoAnalogico.a(isr_Timer.o)
                0x000012cc                isr_Timer_SetPriority
 .text.isr_Timer_Enable
                0x000012dc        0xc .\CortexM3\ARM_GCC_541\Debug\AcondicionamientoAnalogico.a(isr_Timer.o)
                0x000012dc                isr_Timer_Enable
 .text.isr_Timer_Disable
                0x000012e8        0xc .\CortexM3\ARM_GCC_541\Debug\AcondicionamientoAnalogico.a(isr_Timer.o)
                0x000012e8                isr_Timer_Disable
 .text.isr_Timer_StartEx
                0x000012f4       0x1c .\CortexM3\ARM_GCC_541\Debug\AcondicionamientoAnalogico.a(isr_Timer.o)
                0x000012f4                isr_Timer_StartEx
 .text.isr_Timer_ClearPending
                0x00001310        0xc .\CortexM3\ARM_GCC_541\Debug\AcondicionamientoAnalogico.a(isr_Timer.o)
                0x00001310                isr_Timer_ClearPending
 .text.Timer_Enable
                0x0000131c       0x10 .\CortexM3\ARM_GCC_541\Debug\AcondicionamientoAnalogico.a(Timer.o)
                0x0000131c                Timer_Enable
 .text.Timer_Stop
                0x0000132c       0x10 .\CortexM3\ARM_GCC_541\Debug\AcondicionamientoAnalogico.a(Timer.o)
                0x0000132c                Timer_Stop
 .text.Timer_SetInterruptMode
                0x0000133c        0xc .\CortexM3\ARM_GCC_541\Debug\AcondicionamientoAnalogico.a(Timer.o)
                0x0000133c                Timer_SetInterruptMode
 .text.Timer_ReadStatusRegister
                0x00001348        0xc .\CortexM3\ARM_GCC_541\Debug\AcondicionamientoAnalogico.a(Timer.o)
                0x00001348                Timer_ReadStatusRegister
 .text.Timer_WritePeriod
                0x00001354        0xc .\CortexM3\ARM_GCC_541\Debug\AcondicionamientoAnalogico.a(Timer.o)
                0x00001354                Timer_WritePeriod
 .text.Timer_ReadCapture
                0x00001360        0xc .\CortexM3\ARM_GCC_541\Debug\AcondicionamientoAnalogico.a(Timer.o)
                0x00001360                Timer_ReadCapture
 .text.Timer_WriteCounter
                0x0000136c        0xc .\CortexM3\ARM_GCC_541\Debug\AcondicionamientoAnalogico.a(Timer.o)
                0x0000136c                Timer_WriteCounter
 .text.Timer_ClearFIFO
                0x00001378       0x14 .\CortexM3\ARM_GCC_541\Debug\AcondicionamientoAnalogico.a(Timer.o)
                0x00001378                Timer_ClearFIFO
 .text.Timer_Init
                0x0000138c       0x30 .\CortexM3\ARM_GCC_541\Debug\AcondicionamientoAnalogico.a(Timer.o)
                0x0000138c                Timer_Init
 .text.Timer_Start
                0x000013bc       0x1c .\CortexM3\ARM_GCC_541\Debug\AcondicionamientoAnalogico.a(Timer.o)
                0x000013bc                Timer_Start
 .text.LED_Write
                0x000013d8       0x18 .\CortexM3\ARM_GCC_541\Debug\AcondicionamientoAnalogico.a(LED.o)
                0x000013d8                LED_Write
 .text.LED_Read
                0x000013f0       0x10 .\CortexM3\ARM_GCC_541\Debug\AcondicionamientoAnalogico.a(LED.o)
                0x000013f0                LED_Read
 .text.UART_Init
                0x00001400       0x5c .\CortexM3\ARM_GCC_541\Debug\AcondicionamientoAnalogico.a(UART.o)
                0x00001400                UART_Init
 .text.UART_Enable
                0x0000145c       0x50 .\CortexM3\ARM_GCC_541\Debug\AcondicionamientoAnalogico.a(UART.o)
                0x0000145c                UART_Enable
 .text.UART_Start
                0x000014ac       0x1c .\CortexM3\ARM_GCC_541\Debug\AcondicionamientoAnalogico.a(UART.o)
                0x000014ac                UART_Start
 .text.UART_ReadRxData
                0x000014c8       0x64 .\CortexM3\ARM_GCC_541\Debug\AcondicionamientoAnalogico.a(UART.o)
                0x000014c8                UART_ReadRxData
 .text.UART_GetRxBufferSize
                0x0000152c       0x60 .\CortexM3\ARM_GCC_541\Debug\AcondicionamientoAnalogico.a(UART.o)
                0x0000152c                UART_GetRxBufferSize
 .text.UART_PutChar
                0x0000158c       0x74 .\CortexM3\ARM_GCC_541\Debug\AcondicionamientoAnalogico.a(UART.o)
                0x0000158c                UART_PutChar
 .text.UART_PutArray
                0x00001600       0x28 .\CortexM3\ARM_GCC_541\Debug\AcondicionamientoAnalogico.a(UART.o)
                0x00001600                UART_PutArray
 .text.UART_RXISR
                0x00001628       0x98 .\CortexM3\ARM_GCC_541\Debug\AcondicionamientoAnalogico.a(UART_INT.o)
                0x00001628                UART_RXISR
 .text.UART_TXISR
                0x000016c0       0x58 .\CortexM3\ARM_GCC_541\Debug\AcondicionamientoAnalogico.a(UART_INT.o)
                0x000016c0                UART_TXISR
 .text.UART_IntClock_Start
                0x00001718       0x1c .\CortexM3\ARM_GCC_541\Debug\AcondicionamientoAnalogico.a(UART_IntClock.o)
                0x00001718                UART_IntClock_Start
 .text.OPAbp_Enable
                0x00001734       0x28 .\CortexM3\ARM_GCC_541\Debug\AcondicionamientoAnalogico.a(OPAbp.o)
                0x00001734                OPAbp_Enable
 .text.OPAbp_SetPower
                0x0000175c       0x1c .\CortexM3\ARM_GCC_541\Debug\AcondicionamientoAnalogico.a(OPAbp.o)
                0x0000175c                OPAbp_SetPower
 .text.OPAbp_Init
                0x00001778        0xc .\CortexM3\ARM_GCC_541\Debug\AcondicionamientoAnalogico.a(OPAbp.o)
                0x00001778                OPAbp_Init
 .text.OPAbp_Start
                0x00001784       0x1c .\CortexM3\ARM_GCC_541\Debug\AcondicionamientoAnalogico.a(OPAbp.o)
                0x00001784                OPAbp_Start
 .text.OPAlp_Enable
                0x000017a0       0x28 .\CortexM3\ARM_GCC_541\Debug\AcondicionamientoAnalogico.a(OPAlp.o)
                0x000017a0                OPAlp_Enable
 .text.OPAlp_SetPower
                0x000017c8       0x1c .\CortexM3\ARM_GCC_541\Debug\AcondicionamientoAnalogico.a(OPAlp.o)
                0x000017c8                OPAlp_SetPower
 .text.OPAlp_Init
                0x000017e4        0xc .\CortexM3\ARM_GCC_541\Debug\AcondicionamientoAnalogico.a(OPAlp.o)
                0x000017e4                OPAlp_Init
 .text.OPAlp_Start
                0x000017f0       0x1c .\CortexM3\ARM_GCC_541\Debug\AcondicionamientoAnalogico.a(OPAlp.o)
                0x000017f0                OPAlp_Start
 .text.OPAadder_Enable
                0x0000180c       0x28 .\CortexM3\ARM_GCC_541\Debug\AcondicionamientoAnalogico.a(OPAadder.o)
                0x0000180c                OPAadder_Enable
 .text.OPAadder_SetPower
                0x00001834       0x1c .\CortexM3\ARM_GCC_541\Debug\AcondicionamientoAnalogico.a(OPAadder.o)
                0x00001834                OPAadder_SetPower
 .text.OPAadder_Init
                0x00001850        0xc .\CortexM3\ARM_GCC_541\Debug\AcondicionamientoAnalogico.a(OPAadder.o)
                0x00001850                OPAadder_Init
 .text.OPAadder_Start
                0x0000185c       0x1c .\CortexM3\ARM_GCC_541\Debug\AcondicionamientoAnalogico.a(OPAadder.o)
                0x0000185c                OPAadder_Start
 .text.ADC_GainCompensation
                0x00001878       0xdc .\CortexM3\ARM_GCC_541\Debug\AcondicionamientoAnalogico.a(ADC.o)
 .text.ADC_SetDSMRef0Reg
                0x00001954       0x4c .\CortexM3\ARM_GCC_541\Debug\AcondicionamientoAnalogico.a(ADC.o)
 .text.ADC_InitConfig
                0x000019a0       0xe0 .\CortexM3\ARM_GCC_541\Debug\AcondicionamientoAnalogico.a(ADC.o)
 .text.ADC_Init
                0x00001a80       0xc4 .\CortexM3\ARM_GCC_541\Debug\AcondicionamientoAnalogico.a(ADC.o)
                0x00001a80                ADC_Init
 .text.ADC_Enable
                0x00001b44       0xd8 .\CortexM3\ARM_GCC_541\Debug\AcondicionamientoAnalogico.a(ADC.o)
                0x00001b44                ADC_Enable
 .text.ADC_Start
                0x00001c1c       0x28 .\CortexM3\ARM_GCC_541\Debug\AcondicionamientoAnalogico.a(ADC.o)
                0x00001c1c                ADC_Start
 .text.ADC_Stop
                0x00001c44       0xe4 .\CortexM3\ARM_GCC_541\Debug\AcondicionamientoAnalogico.a(ADC.o)
                0x00001c44                ADC_Stop
 .text.ADC_StartConvert
                0x00001d28       0x10 .\CortexM3\ARM_GCC_541\Debug\AcondicionamientoAnalogico.a(ADC.o)
                0x00001d28                ADC_StartConvert
 .text.ADC_StopConvert
                0x00001d38       0x10 .\CortexM3\ARM_GCC_541\Debug\AcondicionamientoAnalogico.a(ADC.o)
                0x00001d38                ADC_StopConvert
 .text.ADC_GetResult32
                0x00001d48       0x6c .\CortexM3\ARM_GCC_541\Debug\AcondicionamientoAnalogico.a(ADC.o)
                0x00001d48                ADC_GetResult32
 .text.ADC_ISR1
                0x00001db4        0x4 .\CortexM3\ARM_GCC_541\Debug\AcondicionamientoAnalogico.a(ADC_INT.o)
                0x00001db4                ADC_ISR1
 .text.PGAgain_Enable
                0x00001db8       0x28 .\CortexM3\ARM_GCC_541\Debug\AcondicionamientoAnalogico.a(PGAgain.o)
                0x00001db8                PGAgain_Enable
 .text.PGAgain_SetPower
                0x00001de0       0x18 .\CortexM3\ARM_GCC_541\Debug\AcondicionamientoAnalogico.a(PGAgain.o)
                0x00001de0                PGAgain_SetPower
 .text.PGAgain_SetGain
                0x00001df8       0x78 .\CortexM3\ARM_GCC_541\Debug\AcondicionamientoAnalogico.a(PGAgain.o)
                0x00001df8                PGAgain_SetGain
 .text.PGAgain_Init
                0x00001e70       0x34 .\CortexM3\ARM_GCC_541\Debug\AcondicionamientoAnalogico.a(PGAgain.o)
                0x00001e70                PGAgain_Init
 .text.PGAgain_Start
                0x00001ea4       0x1c .\CortexM3\ARM_GCC_541\Debug\AcondicionamientoAnalogico.a(PGAgain.o)
                0x00001ea4                PGAgain_Start
 .text.PGAn_Enable
                0x00001ec0       0x28 .\CortexM3\ARM_GCC_541\Debug\AcondicionamientoAnalogico.a(PGAn.o)
                0x00001ec0                PGAn_Enable
 .text.PGAn_SetPower
                0x00001ee8       0x18 .\CortexM3\ARM_GCC_541\Debug\AcondicionamientoAnalogico.a(PGAn.o)
                0x00001ee8                PGAn_SetPower
 .text.PGAn_SetGain
                0x00001f00       0x78 .\CortexM3\ARM_GCC_541\Debug\AcondicionamientoAnalogico.a(PGAn.o)
                0x00001f00                PGAn_SetGain
 .text.PGAn_Init
                0x00001f78       0x34 .\CortexM3\ARM_GCC_541\Debug\AcondicionamientoAnalogico.a(PGAn.o)
                0x00001f78                PGAn_Init
 .text.PGAn_Start
                0x00001fac       0x1c .\CortexM3\ARM_GCC_541\Debug\AcondicionamientoAnalogico.a(PGAn.o)
                0x00001fac                PGAn_Start
 .text.PGAp_Enable
                0x00001fc8       0x28 .\CortexM3\ARM_GCC_541\Debug\AcondicionamientoAnalogico.a(PGAp.o)
                0x00001fc8                PGAp_Enable
 .text.PGAp_SetPower
                0x00001ff0       0x18 .\CortexM3\ARM_GCC_541\Debug\AcondicionamientoAnalogico.a(PGAp.o)
                0x00001ff0                PGAp_SetPower
 .text.PGAp_SetGain
                0x00002008       0x78 .\CortexM3\ARM_GCC_541\Debug\AcondicionamientoAnalogico.a(PGAp.o)
                0x00002008                PGAp_SetGain
 .text.PGAp_Init
                0x00002080       0x34 .\CortexM3\ARM_GCC_541\Debug\AcondicionamientoAnalogico.a(PGAp.o)
                0x00002080                PGAp_Init
 .text.PGAp_Start
                0x000020b4       0x1c .\CortexM3\ARM_GCC_541\Debug\AcondicionamientoAnalogico.a(PGAp.o)
                0x000020b4                PGAp_Start
 .text.ADC_Ext_CP_Clk_GetDividerRegister
                0x000020d0        0xc .\CortexM3\ARM_GCC_541\Debug\AcondicionamientoAnalogico.a(ADC_Ext_CP_Clk.o)
                0x000020d0                ADC_Ext_CP_Clk_GetDividerRegister
 .text.ADC_Ext_CP_Clk_SetModeRegister
                0x000020dc       0x14 .\CortexM3\ARM_GCC_541\Debug\AcondicionamientoAnalogico.a(ADC_Ext_CP_Clk.o)
                0x000020dc                ADC_Ext_CP_Clk_SetModeRegister
 .text.ADC_Ext_CP_Clk_GetSourceRegister
                0x000020f0       0x10 .\CortexM3\ARM_GCC_541\Debug\AcondicionamientoAnalogico.a(ADC_Ext_CP_Clk.o)
                0x000020f0                ADC_Ext_CP_Clk_GetSourceRegister
 .text.ADC_Ext_CP_Clk_SetDividerRegister
                0x00002100       0xd8 .\CortexM3\ARM_GCC_541\Debug\AcondicionamientoAnalogico.a(ADC_Ext_CP_Clk.o)
                0x00002100                ADC_Ext_CP_Clk_SetDividerRegister
 .text.ADC_theACLK_GetDividerRegister
                0x000021d8        0xc .\CortexM3\ARM_GCC_541\Debug\AcondicionamientoAnalogico.a(ADC_theACLK.o)
                0x000021d8                ADC_theACLK_GetDividerRegister
 .text.ADC_theACLK_SetModeRegister
                0x000021e4       0x14 .\CortexM3\ARM_GCC_541\Debug\AcondicionamientoAnalogico.a(ADC_theACLK.o)
                0x000021e4                ADC_theACLK_SetModeRegister
 .text.ADC_theACLK_GetSourceRegister
                0x000021f8       0x10 .\CortexM3\ARM_GCC_541\Debug\AcondicionamientoAnalogico.a(ADC_theACLK.o)
                0x000021f8                ADC_theACLK_GetSourceRegister
 .text.ADC_theACLK_SetDividerRegister
                0x00002208       0xd8 .\CortexM3\ARM_GCC_541\Debug\AcondicionamientoAnalogico.a(ADC_theACLK.o)
                0x00002208                ADC_theACLK_SetDividerRegister
 .text.OPAref_Enable
                0x000022e0       0x28 .\CortexM3\ARM_GCC_541\Debug\AcondicionamientoAnalogico.a(OPAref.o)
                0x000022e0                OPAref_Enable
 .text.OPAref_SetPower
                0x00002308       0x1c .\CortexM3\ARM_GCC_541\Debug\AcondicionamientoAnalogico.a(OPAref.o)
                0x00002308                OPAref_SetPower
 .text.OPAref_Init
                0x00002324        0xc .\CortexM3\ARM_GCC_541\Debug\AcondicionamientoAnalogico.a(OPAref.o)
                0x00002324                OPAref_Init
 .text.OPAref_Start
                0x00002330       0x1c .\CortexM3\ARM_GCC_541\Debug\AcondicionamientoAnalogico.a(OPAref.o)
                0x00002330                OPAref_Start
 .text.LPF_1_SetCutoffFreq
                0x0000234c       0x18 .\CortexM3\ARM_GCC_541\Debug\AcondicionamientoAnalogico.a(LPF_1.o)
                0x0000234c                LPF_1_SetCutoffFreq
 .text.LPF_1_Start
                0x00002364       0x1c .\CortexM3\ARM_GCC_541\Debug\AcondicionamientoAnalogico.a(LPF_1.o)
                0x00002364                LPF_1_Start
 .text.LPF_2_SetCutoffFreq
                0x00002380       0x18 .\CortexM3\ARM_GCC_541\Debug\AcondicionamientoAnalogico.a(LPF_2.o)
                0x00002380                LPF_2_SetCutoffFreq
 .text.LPF_2_Start
                0x00002398       0x1c .\CortexM3\ARM_GCC_541\Debug\AcondicionamientoAnalogico.a(LPF_2.o)
                0x00002398                LPF_2_Start
 .text.SYNC_IN_Read
                0x000023b4       0x10 .\CortexM3\ARM_GCC_541\Debug\AcondicionamientoAnalogico.a(SYNC_IN.o)
                0x000023b4                SYNC_IN_Read
 .text.isr_SyncIn_SetVector
                0x000023c4        0xc .\CortexM3\ARM_GCC_541\Debug\AcondicionamientoAnalogico.a(isr_SyncIn.o)
                0x000023c4                isr_SyncIn_SetVector
 .text.isr_SyncIn_SetPriority
                0x000023d0       0x10 .\CortexM3\ARM_GCC_541\Debug\AcondicionamientoAnalogico.a(isr_SyncIn.o)
                0x000023d0                isr_SyncIn_SetPriority
 .text.isr_SyncIn_Enable
                0x000023e0        0xc .\CortexM3\ARM_GCC_541\Debug\AcondicionamientoAnalogico.a(isr_SyncIn.o)
                0x000023e0                isr_SyncIn_Enable
 .text.isr_SyncIn_Disable
                0x000023ec        0xc .\CortexM3\ARM_GCC_541\Debug\AcondicionamientoAnalogico.a(isr_SyncIn.o)
                0x000023ec                isr_SyncIn_Disable
 .text.isr_SyncIn_StartEx
                0x000023f8       0x1c .\CortexM3\ARM_GCC_541\Debug\AcondicionamientoAnalogico.a(isr_SyncIn.o)
                0x000023f8                isr_SyncIn_StartEx
 .text.VDAC_ref_LP_Enable
                0x00002414       0x1c .\CortexM3\ARM_GCC_541\Debug\AcondicionamientoAnalogico.a(VDAC_ref_LP.o)
                0x00002414                VDAC_ref_LP_Enable
 .text.VDAC_ref_LP_SetSpeed
                0x00002430       0x1c .\CortexM3\ARM_GCC_541\Debug\AcondicionamientoAnalogico.a(VDAC_ref_LP.o)
                0x00002430                VDAC_ref_LP_SetSpeed
 .text.VDAC_ref_LP_SetValue
                0x0000244c        0xc .\CortexM3\ARM_GCC_541\Debug\AcondicionamientoAnalogico.a(VDAC_ref_LP.o)
                0x0000244c                VDAC_ref_LP_SetValue
 .text.VDAC_ref_LP_DacTrim
                0x00002458       0x24 .\CortexM3\ARM_GCC_541\Debug\AcondicionamientoAnalogico.a(VDAC_ref_LP.o)
                0x00002458                VDAC_ref_LP_DacTrim
 .text.VDAC_ref_LP_SetRange
                0x0000247c       0x20 .\CortexM3\ARM_GCC_541\Debug\AcondicionamientoAnalogico.a(VDAC_ref_LP.o)
                0x0000247c                VDAC_ref_LP_SetRange
 .text.VDAC_ref_LP_Init
                0x0000249c       0x20 .\CortexM3\ARM_GCC_541\Debug\AcondicionamientoAnalogico.a(VDAC_ref_LP.o)
                0x0000249c                VDAC_ref_LP_Init
 .text.VDAC_ref_LP_Start
                0x000024bc       0x24 .\CortexM3\ARM_GCC_541\Debug\AcondicionamientoAnalogico.a(VDAC_ref_LP.o)
                0x000024bc                VDAC_ref_LP_Start
 .text.VDAC_ref_BP_Enable
                0x000024e0       0x1c .\CortexM3\ARM_GCC_541\Debug\AcondicionamientoAnalogico.a(VDAC_ref_BP.o)
                0x000024e0                VDAC_ref_BP_Enable
 .text.VDAC_ref_BP_SetSpeed
                0x000024fc       0x1c .\CortexM3\ARM_GCC_541\Debug\AcondicionamientoAnalogico.a(VDAC_ref_BP.o)
                0x000024fc                VDAC_ref_BP_SetSpeed
 .text.VDAC_ref_BP_SetValue
                0x00002518        0xc .\CortexM3\ARM_GCC_541\Debug\AcondicionamientoAnalogico.a(VDAC_ref_BP.o)
                0x00002518                VDAC_ref_BP_SetValue
 .text.VDAC_ref_BP_DacTrim
                0x00002524       0x24 .\CortexM3\ARM_GCC_541\Debug\AcondicionamientoAnalogico.a(VDAC_ref_BP.o)
                0x00002524                VDAC_ref_BP_DacTrim
 .text.VDAC_ref_BP_SetRange
                0x00002548       0x20 .\CortexM3\ARM_GCC_541\Debug\AcondicionamientoAnalogico.a(VDAC_ref_BP.o)
                0x00002548                VDAC_ref_BP_SetRange
 .text.VDAC_ref_BP_Init
                0x00002568       0x20 .\CortexM3\ARM_GCC_541\Debug\AcondicionamientoAnalogico.a(VDAC_ref_BP.o)
                0x00002568                VDAC_ref_BP_Init
 .text.VDAC_ref_BP_Start
                0x00002588       0x24 .\CortexM3\ARM_GCC_541\Debug\AcondicionamientoAnalogico.a(VDAC_ref_BP.o)
                0x00002588                VDAC_ref_BP_Start
 .text.VDAC_ref_PGA_Enable
                0x000025ac       0x1c .\CortexM3\ARM_GCC_541\Debug\AcondicionamientoAnalogico.a(VDAC_ref_PGA.o)
                0x000025ac                VDAC_ref_PGA_Enable
 .text.VDAC_ref_PGA_SetSpeed
                0x000025c8       0x1c .\CortexM3\ARM_GCC_541\Debug\AcondicionamientoAnalogico.a(VDAC_ref_PGA.o)
                0x000025c8                VDAC_ref_PGA_SetSpeed
 .text.VDAC_ref_PGA_SetValue
                0x000025e4        0xc .\CortexM3\ARM_GCC_541\Debug\AcondicionamientoAnalogico.a(VDAC_ref_PGA.o)
                0x000025e4                VDAC_ref_PGA_SetValue
 .text.VDAC_ref_PGA_DacTrim
                0x000025f0       0x24 .\CortexM3\ARM_GCC_541\Debug\AcondicionamientoAnalogico.a(VDAC_ref_PGA.o)
                0x000025f0                VDAC_ref_PGA_DacTrim
 .text.VDAC_ref_PGA_SetRange
                0x00002614       0x20 .\CortexM3\ARM_GCC_541\Debug\AcondicionamientoAnalogico.a(VDAC_ref_PGA.o)
                0x00002614                VDAC_ref_PGA_SetRange
 .text.VDAC_ref_PGA_Init
                0x00002634       0x20 .\CortexM3\ARM_GCC_541\Debug\AcondicionamientoAnalogico.a(VDAC_ref_PGA.o)
                0x00002634                VDAC_ref_PGA_Init
 .text.VDAC_ref_PGA_Start
                0x00002654       0x24 .\CortexM3\ARM_GCC_541\Debug\AcondicionamientoAnalogico.a(VDAC_ref_PGA.o)
                0x00002654                VDAC_ref_PGA_Start
 .text.VDAC_Ref_Adder_Enable
                0x00002678       0x1c .\CortexM3\ARM_GCC_541\Debug\AcondicionamientoAnalogico.a(VDAC_Ref_Adder.o)
                0x00002678                VDAC_Ref_Adder_Enable
 .text.VDAC_Ref_Adder_SetSpeed
                0x00002694       0x1c .\CortexM3\ARM_GCC_541\Debug\AcondicionamientoAnalogico.a(VDAC_Ref_Adder.o)
                0x00002694                VDAC_Ref_Adder_SetSpeed
 .text.VDAC_Ref_Adder_SetValue
                0x000026b0        0xc .\CortexM3\ARM_GCC_541\Debug\AcondicionamientoAnalogico.a(VDAC_Ref_Adder.o)
                0x000026b0                VDAC_Ref_Adder_SetValue
 .text.VDAC_Ref_Adder_DacTrim
                0x000026bc       0x24 .\CortexM3\ARM_GCC_541\Debug\AcondicionamientoAnalogico.a(VDAC_Ref_Adder.o)
                0x000026bc                VDAC_Ref_Adder_DacTrim
 .text.VDAC_Ref_Adder_SetRange
                0x000026e0       0x20 .\CortexM3\ARM_GCC_541\Debug\AcondicionamientoAnalogico.a(VDAC_Ref_Adder.o)
                0x000026e0                VDAC_Ref_Adder_SetRange
 .text.VDAC_Ref_Adder_Init
                0x00002700       0x20 .\CortexM3\ARM_GCC_541\Debug\AcondicionamientoAnalogico.a(VDAC_Ref_Adder.o)
                0x00002700                VDAC_Ref_Adder_Init
 .text.VDAC_Ref_Adder_Start
                0x00002720       0x24 .\CortexM3\ARM_GCC_541\Debug\AcondicionamientoAnalogico.a(VDAC_Ref_Adder.o)
                0x00002720                VDAC_Ref_Adder_Start
 .text.AMux_IN_Start
                0x00002744       0x28 .\CortexM3\ARM_GCC_541\Debug\AcondicionamientoAnalogico.a(AMux_IN.o)
                0x00002744                AMux_IN_Start
 .text.AMux_IN_Disconnect
                0x0000276c       0x10 .\CortexM3\ARM_GCC_541\Debug\AcondicionamientoAnalogico.a(AMux_IN.o)
                0x0000276c                AMux_IN_Disconnect
 .text.AMux_IN_FastSelect
                0x0000277c       0x28 .\CortexM3\ARM_GCC_541\Debug\AcondicionamientoAnalogico.a(AMux_IN.o)
                0x0000277c                AMux_IN_FastSelect
 .text.AMux_ADC_Start
                0x000027a4       0x20 .\CortexM3\ARM_GCC_541\Debug\AcondicionamientoAnalogico.a(AMux_ADC.o)
                0x000027a4                AMux_ADC_Start
 .text.AMux_ADC_FastSelect
                0x000027c4       0x20 .\CortexM3\ARM_GCC_541\Debug\AcondicionamientoAnalogico.a(AMux_ADC.o)
                0x000027c4                AMux_ADC_FastSelect
 *fill*         0x000027e4        0x4 
 .text          0x000027e8       0x20 .\CortexM3\ARM_GCC_541\Debug\AcondicionamientoAnalogico.a(CyBootAsmGnu.o)
                0x000027e8                CyDelayCycles
                0x000027f8                CyEnterCriticalSection
                0x00002800                CyExitCriticalSection
 .text.__errno  0x00002808        0xc c:/program files (x86)/cypress/psoc creator/4.4/psoc creator/import/gnu/arm/5.4.1/bin/../lib/gcc/arm-none-eabi/5.4.1/../../../../arm-none-eabi/lib/armv7-m\libg_nano.a(lib_a-errno.o)
                0x00002808                __errno
 .text.__libc_init_array
                0x00002814       0x4c c:/program files (x86)/cypress/psoc creator/4.4/psoc creator/import/gnu/arm/5.4.1/bin/../lib/gcc/arm-none-eabi/5.4.1/../../../../arm-none-eabi/lib/armv7-m\libg_nano.a(lib_a-init.o)
                0x00002814                __libc_init_array
 .text.memcpy   0x00002860       0x16 c:/program files (x86)/cypress/psoc creator/4.4/psoc creator/import/gnu/arm/5.4.1/bin/../lib/gcc/arm-none-eabi/5.4.1/../../../../arm-none-eabi/lib/armv7-m\libg_nano.a(lib_a-memcpy-stub.o)
                0x00002860                memcpy
 .text.memset   0x00002876       0x10 c:/program files (x86)/cypress/psoc creator/4.4/psoc creator/import/gnu/arm/5.4.1/bin/../lib/gcc/arm-none-eabi/5.4.1/../../../../arm-none-eabi/lib/armv7-m\libg_nano.a(lib_a-memset.o)
                0x00002876                memset
 *(.plt)
 *(.gnu.warning)
 *(.glue_7t)
 .glue_7t       0x00002886        0x0 linker stubs
 *(.glue_7)
 .glue_7        0x00002886        0x0 linker stubs
 *(.vfp11_veneer)
 .vfp11_veneer  0x00002886        0x0 linker stubs
 *(.bootloader)
 *(.ARM.extab* .gnu.linkonce.armextab.*)
 *(.gcc_except_table)

.v4_bx          0x00002888        0x0
 .v4_bx         0x00002888        0x0 linker stubs

.iplt           0x00002888        0x0
 .iplt          0x00002888        0x0 c:/program files (x86)/cypress/psoc creator/4.4/psoc creator/import/gnu/arm/5.4.1/bin/../lib/gcc/arm-none-eabi/5.4.1/armv7-m/crtbegin.o

.eh_frame_hdr
 *(.eh_frame_hdr)

.eh_frame       0x00002888        0x4
 *(.eh_frame)
 .eh_frame      0x00002888        0x0 c:/program files (x86)/cypress/psoc creator/4.4/psoc creator/import/gnu/arm/5.4.1/bin/../lib/gcc/arm-none-eabi/5.4.1/armv7-m/crtbegin.o
 .eh_frame      0x00002888        0x4 c:/program files (x86)/cypress/psoc creator/4.4/psoc creator/import/gnu/arm/5.4.1/bin/../lib/gcc/arm-none-eabi/5.4.1/armv7-m/crtend.o
                [!provide]                PROVIDE (__exidx_start, .)

.ARM.exidx
 *(.ARM.exidx* .gnu.linkonce.armexidx.*)
                0x0000288c                __exidx_end = .

.rodata         0x0000288c      0x184
 *(.rodata .rodata.* .gnu.linkonce.r.*)
 .rodata        0x0000288c        0x4 .\CortexM3\ARM_GCC_541\Debug\main.o
 .rodata        0x00002890       0x70 .\CortexM3\ARM_GCC_541\Debug\calibration.o
 .rodata.str1.4
                0x00002900       0x24 .\CortexM3\ARM_GCC_541\Debug\calibration.o
                                 0x23 (size before relaxing)
 .rodata        0x00002924       0x6a .\CortexM3\ARM_GCC_541\Debug\cyfitter_cfg.o
                0x0000293c                AMux_IN_CYAMUXSIDE_A__addrTable
                0x0000294c                AMux_IN_CYAMUXSIDE_A__maskTable
                0x00002950                AMux_IN_CYAMUXSIDE_B__addrTable
                0x00002960                AMux_IN_CYAMUXSIDE_B__maskTable
 *fill*         0x0000298e        0x2 
 .rodata        0x00002990       0x15 .\CortexM3\ARM_GCC_541\Debug\AcondicionamientoAnalogico.a(PGAgain.o)
 *fill*         0x000029a5        0x3 
 .rodata        0x000029a8       0x15 .\CortexM3\ARM_GCC_541\Debug\AcondicionamientoAnalogico.a(PGAn.o)
 *fill*         0x000029bd        0x3 
 .rodata        0x000029c0       0x15 .\CortexM3\ARM_GCC_541\Debug\AcondicionamientoAnalogico.a(PGAp.o)
 .rodata.str1.1
                0x000029d5        0x2 c:/program files (x86)/cypress/psoc creator/4.4/psoc creator/import/gnu/arm/5.4.1/bin/../lib/gcc/arm-none-eabi/5.4.1/../../../../arm-none-eabi/lib/armv7-m\libg_nano.a(lib_a-impure.o)
                0x000029d8                . = ALIGN (0x4)
 *fill*         0x000029d7        0x1 
 *(.init)
 .init          0x000029d8        0x4 c:/program files (x86)/cypress/psoc creator/4.4/psoc creator/import/gnu/arm/5.4.1/bin/../lib/gcc/arm-none-eabi/5.4.1/armv7-m/crti.o
                0x000029d8                _init
 .init          0x000029dc        0x8 c:/program files (x86)/cypress/psoc creator/4.4/psoc creator/import/gnu/arm/5.4.1/bin/../lib/gcc/arm-none-eabi/5.4.1/armv7-m/crtn.o
                0x000029e4                . = ALIGN (0x4)
                0x000029e4                __preinit_array_start = .
 *(.preinit_array)
                0x000029e4                __preinit_array_end = .
                0x000029e4                . = ALIGN (0x4)
                0x000029e4                __init_array_start = .
 *(SORT(.init_array.*))
 *(.init_array)
 .init_array    0x000029e4        0x4 c:/program files (x86)/cypress/psoc creator/4.4/psoc creator/import/gnu/arm/5.4.1/bin/../lib/gcc/arm-none-eabi/5.4.1/armv7-m/crtbegin.o
 .init_array    0x000029e8        0x4 .\CortexM3\ARM_GCC_541\Debug\Cm3Start.o
                0x000029ec                __init_array_end = .
                0x000029ec                . = ALIGN (0x4)
 *(.fini)
 .fini          0x000029ec        0x4 c:/program files (x86)/cypress/psoc creator/4.4/psoc creator/import/gnu/arm/5.4.1/bin/../lib/gcc/arm-none-eabi/5.4.1/armv7-m/crti.o
                0x000029ec                _fini
 .fini          0x000029f0        0x8 c:/program files (x86)/cypress/psoc creator/4.4/psoc creator/import/gnu/arm/5.4.1/bin/../lib/gcc/arm-none-eabi/5.4.1/armv7-m/crtn.o
                0x000029f8                . = ALIGN (0x4)
                0x000029f8                __fini_array_start = .
 *(.fini_array)
 .fini_array    0x000029f8        0x4 c:/program files (x86)/cypress/psoc creator/4.4/psoc creator/import/gnu/arm/5.4.1/bin/../lib/gcc/arm-none-eabi/5.4.1/armv7-m/crtbegin.o
 *(SORT(.fini_array.*))
                0x000029fc                __fini_array_end = .
                0x000029fc                . = ALIGN (0x4)
 *crtbegin.o(.ctors)
 *(EXCLUDE_FILE(*crtend.o) .ctors)
 *(SORT(.ctors.*))
 *crtend.o(.ctors)
                0x000029fc                . = ALIGN (0x4)
 *crtbegin.o(.dtors)
 *(EXCLUDE_FILE(*crtend.o) .dtors)
 *(SORT(.dtors.*))
 *crtend.o(.dtors)
                0x000029fc                . = ALIGN (0x4)
                0x000029fc                __cy_regions = .
                0x000029fc        0x4 LONG 0x2a10 __cy_region_init_ram
                0x00002a00        0x4 LONG 0x1fff80c8 __cy_region_start_data
                0x00002a04        0x4 LONG 0x80 __cy_region_init_size_ram
                0x00002a08        0x4 LONG 0xb568 __cy_region_zero_size_ram
                0x00002a0c                __cy_regions_end = .
                0x00002a10                . = ALIGN (0x8)
 *fill*         0x00002a0c        0x4 
                0x00002a10                _etext = .

.cy_checksum_exclude
                0x00002a10        0x0
 *(.cy_checksum_exclude)

.ramvectors     0x1fff8000       0xc0
                0x1fff8000                __cy_region_start_ram = .
 *(.ramvectors)
 .ramvectors    0x1fff8000       0xc0 .\CortexM3\ARM_GCC_541\Debug\Cm3Start.o
                0x1fff8000                CyRamVectors

.noinit         0x1fff80c0        0x1
 *(.noinit)
 .noinit        0x1fff80c0        0x1 .\CortexM3\ARM_GCC_541\Debug\AcondicionamientoAnalogico.a(CyLib.o)
                0x1fff80c0                CyResetStatus

.data           0x1fff80c8       0x80 load address 0x00002a10
                0x1fff80c8                __cy_region_start_data = .
 *(.jcr)
 .jcr           0x1fff80c8        0x0 c:/program files (x86)/cypress/psoc creator/4.4/psoc creator/import/gnu/arm/5.4.1/bin/../lib/gcc/arm-none-eabi/5.4.1/armv7-m/crtbegin.o
 .jcr           0x1fff80c8        0x4 c:/program files (x86)/cypress/psoc creator/4.4/psoc creator/import/gnu/arm/5.4.1/bin/../lib/gcc/arm-none-eabi/5.4.1/armv7-m/crtend.o
 *(.got.plt)
 *(.got)
 *(.shdata)
 *(.data .data.* .gnu.linkonce.d.*)
 .data          0x1fff80cc        0x1 .\CortexM3\ARM_GCC_541\Debug\main.o
 *fill*         0x1fff80cd        0x3 
 .data          0x1fff80d0       0x10 .\CortexM3\ARM_GCC_541\Debug\AcondicionamientoAnalogico.a(CyLib.o)
                0x1fff80d0                cydelay_32k_ms
                0x1fff80d4                cydelay_freq_khz
                0x1fff80d8                cydelay_freq_mhz
                0x1fff80dc                cydelay_freq_hz
 .data          0x1fff80e0        0x1 .\CortexM3\ARM_GCC_541\Debug\AcondicionamientoAnalogico.a(ADC.o)
                0x1fff80e0                ADC_Config
 .data          0x1fff80e1        0x1 .\CortexM3\ARM_GCC_541\Debug\AcondicionamientoAnalogico.a(AMux_IN.o)
 .data          0x1fff80e2        0x1 .\CortexM3\ARM_GCC_541\Debug\AcondicionamientoAnalogico.a(AMux_ADC.o)
 *fill*         0x1fff80e3        0x1 
 .data.impure_data
                0x1fff80e4       0x60 c:/program files (x86)/cypress/psoc creator/4.4/psoc creator/import/gnu/arm/5.4.1/bin/../lib/gcc/arm-none-eabi/5.4.1/../../../../arm-none-eabi/lib/armv7-m\libg_nano.a(lib_a-impure.o)
 .data._impure_ptr
                0x1fff8144        0x4 c:/program files (x86)/cypress/psoc creator/4.4/psoc creator/import/gnu/arm/5.4.1/bin/../lib/gcc/arm-none-eabi/5.4.1/../../../../arm-none-eabi/lib/armv7-m\libg_nano.a(lib_a-impure.o)
                0x1fff8144                _impure_ptr
                0x1fff8148                . = ALIGN (0x8)
 *(.ram)
                0x1fff8148                _edata = .

.igot.plt       0x1fff8148        0x0 load address 0x00002a90
 .igot.plt      0x1fff8148        0x0 c:/program files (x86)/cypress/psoc creator/4.4/psoc creator/import/gnu/arm/5.4.1/bin/../lib/gcc/arm-none-eabi/5.4.1/armv7-m/crtbegin.o

.bss            0x1fff8148     0xb568 load address 0x00002a90
                0x1fff8148                PROVIDE (__bss_start__, .)
 *(.shbss)
 *(.bss .bss.* .gnu.linkonce.b.*)
 .bss           0x1fff8148       0x1c c:/program files (x86)/cypress/psoc creator/4.4/psoc creator/import/gnu/arm/5.4.1/bin/../lib/gcc/arm-none-eabi/5.4.1/armv7-m/crtbegin.o
 .bss           0x1fff8164     0xb43c .\CortexM3\ARM_GCC_541\Debug\main.o
 .bss           0x200035a0        0x1 .\CortexM3\ARM_GCC_541\Debug\calibration.o
                0x200035a0                g_psoc_cal_result_count
 *fill*         0x200035a1        0x3 
 .bss           0x200035a4        0x8 .\CortexM3\ARM_GCC_541\Debug\psoc_adc.o
 .bss           0x200035ac        0x5 .\CortexM3\ARM_GCC_541\Debug\cyfitter_cfg.o
 .bss           0x200035b1        0x1 .\CortexM3\ARM_GCC_541\Debug\AcondicionamientoAnalogico.a(Timer.o)
                0x200035b1                Timer_initVar
 .bss           0x200035b2        0x9 .\CortexM3\ARM_GCC_541\Debug\AcondicionamientoAnalogico.a(UART.o)
                0x200035b2                UART_errorStatus
                0x200035b3                UART_initVar
                0x200035b4                UART_rxBufferRead
                0x200035b5                UART_rxBufferWrite
                0x200035b6                UART_rxBufferLoopDetect
                0x200035b7                UART_rxBufferOverflow
                0x200035b8                UART_txBufferRead
                0x200035b9                UART_txBufferWrite
 .bss           0x200035bb        0x1 .\CortexM3\ARM_GCC_541\Debug\AcondicionamientoAnalogico.a(OPAbp.o)
                0x200035bb                OPAbp_initVar
 .bss           0x200035bc        0x1 .\CortexM3\ARM_GCC_541\Debug\AcondicionamientoAnalogico.a(OPAlp.o)
                0x200035bc                OPAlp_initVar
 .bss           0x200035bd        0x1 .\CortexM3\ARM_GCC_541\Debug\AcondicionamientoAnalogico.a(OPAadder.o)
                0x200035bd                OPAadder_initVar
 *fill*         0x200035be        0x2 
 .bss           0x200035c0        0xc .\CortexM3\ARM_GCC_541\Debug\AcondicionamientoAnalogico.a(ADC.o)
                0x200035c4                ADC_stopConversion
                0x200035c5                ADC_convDone
                0x200035c6                ADC_initVar
                0x200035c7                ADC_started
                0x200035c8                ADC_Offset
 .bss           0x200035cc        0x1 .\CortexM3\ARM_GCC_541\Debug\AcondicionamientoAnalogico.a(PGAgain.o)
                0x200035cc                PGAgain_initVar
 .bss           0x200035cd        0x1 .\CortexM3\ARM_GCC_541\Debug\AcondicionamientoAnalogico.a(PGAn.o)
                0x200035cd                PGAn_initVar
 .bss           0x200035ce        0x1 .\CortexM3\ARM_GCC_541\Debug\AcondicionamientoAnalogico.a(PGAp.o)
                0x200035ce                PGAp_initVar
 .bss           0x200035cf        0x1 .\CortexM3\ARM_GCC_541\Debug\AcondicionamientoAnalogico.a(OPAref.o)
                0x200035cf                OPAref_initVar
 .bss           0x200035d0        0x1 .\CortexM3\ARM_GCC_541\Debug\AcondicionamientoAnalogico.a(LPF_1.o)
                0x200035d0                LPF_1_initVar
 .bss           0x200035d1        0x1 .\CortexM3\ARM_GCC_541\Debug\AcondicionamientoAnalogico.a(LPF_2.o)
                0x200035d1                LPF_2_initVar
 .bss           0x200035d2        0x1 .\CortexM3\ARM_GCC_541\Debug\AcondicionamientoAnalogico.a(VDAC_ref_LP.o)
                0x200035d2                VDAC_ref_LP_initVar
 .bss           0x200035d3        0x1 .\CortexM3\ARM_GCC_541\Debug\AcondicionamientoAnalogico.a(VDAC_ref_BP.o)
                0x200035d3                VDAC_ref_BP_initVar
 .bss           0x200035d4        0x1 .\CortexM3\ARM_GCC_541\Debug\AcondicionamientoAnalogico.a(VDAC_ref_PGA.o)
                0x200035d4                VDAC_ref_PGA_initVar
 .bss           0x200035d5        0x1 .\CortexM3\ARM_GCC_541\Debug\AcondicionamientoAnalogico.a(VDAC_Ref_Adder.o)
                0x200035d5                VDAC_Ref_Adder_initVar
 *(COMMON)
 *fill*         0x200035d6        0x2 
 COMMON         0x200035d8       0x30 .\CortexM3\ARM_GCC_541\Debug\calibration.o
                0x200035d8                g_psoc_cal_results
 COMMON         0x20003608       0xa0 .\CortexM3\ARM_GCC_541\Debug\AcondicionamientoAnalogico.a(UART.o)
                0x20003608                UART_rxBuffer
                0x20003628                UART_txBuffer
 COMMON         0x200036a8        0x4 .\CortexM3\ARM_GCC_541\Debug\AcondicionamientoAnalogico.a(ADC.o)
                0x200036a8                ADC_CountsPerVolt
                0x200036b0                . = ALIGN (0x8)
 *fill*         0x200036ac        0x4 
 *(.ram.b)
                0x200036b0                _end = .
                0x200036b0                __end = .
                0x200036b0                PROVIDE (end, .)
                0x200036b0                PROVIDE (__bss_end__, .)
                0x00002a10                __cy_region_init_ram = LOADADDR (.data)
                0x00000080                __cy_region_init_size_ram = (_edata - ADDR (.data))
                0x0000b568                __cy_region_zero_size_ram = (_end - _edata)

.heap           0x200036b0       0x80 load address 0x00002a90
                0x200036b0                . = _end
                0x20003730                . = (. + 0x80)
 *fill*         0x200036b0       0x80 
                0x20003730                __cy_heap_limit = .

.stack          0x20007800      0x800
                0x20007800                __cy_stack_limit = .
                0x20008000                . = (. + 0x800)
 *fill*         0x20007800      0x800 
                0x00000001                ASSERT ((__cy_stack_limit >= __cy_heap_limit), region RAM overflowed with stack)
                0x00000000                cy_checksum_exclude_size = (CY_APPL_LOADABLE == 0x1)?SIZEOF (.cy_checksum_exclude):0x0
                0x00000001                ASSERT ((cy_checksum_exclude_size <= CY_CHECKSUM_EXCLUDE_SIZE), CY_BOOT: Section .cy_checksum_exclude size exceedes specified limit.)

.cyloadermeta
 *(.cyloadermeta)

.cyloadablemeta
 *(.cyloadablemeta)

.cyconfigecc    0x80000000      0x61c
 *(.cyconfigecc)
 .cyconfigecc   0x80000000      0x61c .\CortexM3\ARM_GCC_541\Debug\cymetadata.o
                0x80000000                cy_meta_configecc

.cycustnvl      0x90000000        0x4
 *(.cycustnvl)
 .cycustnvl     0x90000000        0x4 .\CortexM3\ARM_GCC_541\Debug\cymetadata.o
                0x90000000                cy_meta_custnvl

.cywolatch      0x90100000        0x4
 *(.cywolatch)
 .cywolatch     0x90100000        0x4 .\CortexM3\ARM_GCC_541\Debug\cymetadata.o
                0x90100000                cy_meta_wonvl

.cyeeprom       0x90200000        0x0
 *(.cyeeprom)
                0x00000001                ASSERT ((. <= ((0x90200000 + ee_offset) + ee_size)), .cyeeprom data will not fit in EEPROM)

.cyflashprotect
                0x90400000      0x100
 *(.cyflashprotect)
 .cyflashprotect
                0x90400000      0x100 .\CortexM3\ARM_GCC_541\Debug\cymetadata.o
                0x90400000                cy_meta_flashprotect

.cymeta         0x90500000        0xc
 *(.cymeta)
 .cymeta        0x90500000        0xc .\CortexM3\ARM_GCC_541\Debug\cymetadata.o
                0x90500000                cy_metadata

.rel.dyn        0x00002a90        0x0 load address 0x9050000c
 .rel.iplt      0x00002a90        0x0 c:/program files (x86)/cypress/psoc creator/4.4/psoc creator/import/gnu/arm/5.4.1/bin/../lib/gcc/arm-none-eabi/5.4.1/armv7-m/crtbegin.o

.stab
 *(.stab)

.stabstr
 *(.stabstr)

.debug
 *(.debug)

.line
 *(.line)

.debug_srcinfo
 *(.debug_srcinfo)

.debug_sfnames
 *(.debug_sfnames)

.debug_aranges  0x00000000     0x1180
 *(.debug_aranges)
 .debug_aranges
                0x00000000      0x128 .\CortexM3\ARM_GCC_541\Debug\main.o
 .debug_aranges
                0x00000128       0x78 .\CortexM3\ARM_GCC_541\Debug\calibration.o
 .debug_aranges
                0x000001a0       0x50 .\CortexM3\ARM_GCC_541\Debug\psoc_adc.o
 .debug_aranges
                0x000001f0       0x30 .\CortexM3\ARM_GCC_541\Debug\psoc_hw.o
 .debug_aranges
                0x00000220       0x88 .\CortexM3\ARM_GCC_541\Debug\cyfitter_cfg.o
 .debug_aranges
                0x000002a8       0x18 .\CortexM3\ARM_GCC_541\Debug\cymetadata.o
 .debug_aranges
                0x000002c0       0x48 .\CortexM3\ARM_GCC_541\Debug\Cm3Start.o
 .debug_aranges
                0x00000308      0x2a0 .\CortexM3\ARM_GCC_541\Debug\AcondicionamientoAnalogico.a(CyLib.o)
 .debug_aranges
                0x000005a8       0x98 .\CortexM3\ARM_GCC_541\Debug\AcondicionamientoAnalogico.a(cyPm.o)
 .debug_aranges
                0x00000640       0x80 .\CortexM3\ARM_GCC_541\Debug\AcondicionamientoAnalogico.a(isr_DelSig.o)
 .debug_aranges
                0x000006c0       0x80 .\CortexM3\ARM_GCC_541\Debug\AcondicionamientoAnalogico.a(isr_Timer.o)
 .debug_aranges
                0x00000740       0x90 .\CortexM3\ARM_GCC_541\Debug\AcondicionamientoAnalogico.a(Timer.o)
 .debug_aranges
                0x000007d0       0x38 .\CortexM3\ARM_GCC_541\Debug\AcondicionamientoAnalogico.a(LED.o)
 .debug_aranges
                0x00000808       0xf0 .\CortexM3\ARM_GCC_541\Debug\AcondicionamientoAnalogico.a(UART.o)
 .debug_aranges
                0x000008f8       0x28 .\CortexM3\ARM_GCC_541\Debug\AcondicionamientoAnalogico.a(UART_INT.o)
 .debug_aranges
                0x00000920       0x70 .\CortexM3\ARM_GCC_541\Debug\AcondicionamientoAnalogico.a(UART_IntClock.o)
 .debug_aranges
                0x00000990       0x40 .\CortexM3\ARM_GCC_541\Debug\AcondicionamientoAnalogico.a(OPAbp.o)
 .debug_aranges
                0x000009d0       0x40 .\CortexM3\ARM_GCC_541\Debug\AcondicionamientoAnalogico.a(OPAlp.o)
 .debug_aranges
                0x00000a10       0x40 .\CortexM3\ARM_GCC_541\Debug\AcondicionamientoAnalogico.a(OPAadder.o)
 .debug_aranges
                0x00000a50       0xe8 .\CortexM3\ARM_GCC_541\Debug\AcondicionamientoAnalogico.a(ADC.o)
 .debug_aranges
                0x00000b38       0x38 .\CortexM3\ARM_GCC_541\Debug\AcondicionamientoAnalogico.a(ADC_INT.o)
 .debug_aranges
                0x00000b70       0x48 .\CortexM3\ARM_GCC_541\Debug\AcondicionamientoAnalogico.a(PGAgain.o)
 .debug_aranges
                0x00000bb8       0x48 .\CortexM3\ARM_GCC_541\Debug\AcondicionamientoAnalogico.a(PGAn.o)
 .debug_aranges
                0x00000c00       0x48 .\CortexM3\ARM_GCC_541\Debug\AcondicionamientoAnalogico.a(PGAp.o)
 .debug_aranges
                0x00000c48       0x70 .\CortexM3\ARM_GCC_541\Debug\AcondicionamientoAnalogico.a(ADC_Ext_CP_Clk.o)
 .debug_aranges
                0x00000cb8       0x80 .\CortexM3\ARM_GCC_541\Debug\AcondicionamientoAnalogico.a(ADC_theACLK.o)
 .debug_aranges
                0x00000d38       0x40 .\CortexM3\ARM_GCC_541\Debug\AcondicionamientoAnalogico.a(OPAref.o)
 .debug_aranges
                0x00000d78       0x30 .\CortexM3\ARM_GCC_541\Debug\AcondicionamientoAnalogico.a(LPF_1.o)
 .debug_aranges
                0x00000da8       0x30 .\CortexM3\ARM_GCC_541\Debug\AcondicionamientoAnalogico.a(LPF_2.o)
 .debug_aranges
                0x00000dd8       0x38 .\CortexM3\ARM_GCC_541\Debug\AcondicionamientoAnalogico.a(SYNC_IN.o)
 .debug_aranges
                0x00000e10       0x80 .\CortexM3\ARM_GCC_541\Debug\AcondicionamientoAnalogico.a(isr_SyncIn.o)
 .debug_aranges
                0x00000e90       0x58 .\CortexM3\ARM_GCC_541\Debug\AcondicionamientoAnalogico.a(VDAC_ref_LP.o)
 .debug_aranges
                0x00000ee8       0x58 .\CortexM3\ARM_GCC_541\Debug\AcondicionamientoAnalogico.a(VDAC_ref_BP.o)
 .debug_aranges
                0x00000f40       0x58 .\CortexM3\ARM_GCC_541\Debug\AcondicionamientoAnalogico.a(VDAC_ref_PGA.o)
 .debug_aranges
                0x00000f98       0x58 .\CortexM3\ARM_GCC_541\Debug\AcondicionamientoAnalogico.a(VDAC_Ref_Adder.o)
 .debug_aranges
                0x00000ff0       0x38 .\CortexM3\ARM_GCC_541\Debug\AcondicionamientoAnalogico.a(AMux_IN.o)
 .debug_aranges
                0x00001028       0x30 .\CortexM3\ARM_GCC_541\Debug\AcondicionamientoAnalogico.a(AMux_ADC.o)
 .debug_aranges
                0x00001058       0x20 .\CortexM3\ARM_GCC_541\Debug\AcondicionamientoAnalogico.a(CyBootAsmGnu.o)
 .debug_aranges
                0x00001078       0x88 .\CortexM3\ARM_GCC_541\Debug\AcondicionamientoAnalogico.a(CyFlash.o)
 .debug_aranges
                0x00001100       0x80 .\CortexM3\ARM_GCC_541\Debug\AcondicionamientoAnalogico.a(CySpc.o)

.debug_pubnames
 *(.debug_pubnames)

.debug_info     0x00000000     0x9a11
 *(.debug_info .gnu.linkonce.wi.*)
 .debug_info    0x00000000     0x12f8 .\CortexM3\ARM_GCC_541\Debug\main.o
 .debug_info    0x000012f8      0xa46 .\CortexM3\ARM_GCC_541\Debug\calibration.o
 .debug_info    0x00001d3e      0x307 .\CortexM3\ARM_GCC_541\Debug\psoc_adc.o
 .debug_info    0x00002045      0x256 .\CortexM3\ARM_GCC_541\Debug\psoc_hw.o
 .debug_info    0x0000229b      0x7bb .\CortexM3\ARM_GCC_541\Debug\cyfitter_cfg.o
 .debug_info    0x00002a56      0x137 .\CortexM3\ARM_GCC_541\Debug\cymetadata.o
 .debug_info    0x00002b8d      0x3bb .\CortexM3\ARM_GCC_541\Debug\Cm3Start.o
 .debug_info    0x00002f48     0x1374 .\CortexM3\ARM_GCC_541\Debug\AcondicionamientoAnalogico.a(CyLib.o)
 .debug_info    0x000042bc      0xa2a .\CortexM3\ARM_GCC_541\Debug\AcondicionamientoAnalogico.a(cyPm.o)
 .debug_info    0x00004ce6      0x2d2 .\CortexM3\ARM_GCC_541\Debug\AcondicionamientoAnalogico.a(isr_DelSig.o)
 .debug_info    0x00004fb8      0x2d2 .\CortexM3\ARM_GCC_541\Debug\AcondicionamientoAnalogico.a(isr_Timer.o)
 .debug_info    0x0000528a      0x2ee .\CortexM3\ARM_GCC_541\Debug\AcondicionamientoAnalogico.a(Timer.o)
 .debug_info    0x00005578      0x11f .\CortexM3\ARM_GCC_541\Debug\AcondicionamientoAnalogico.a(LED.o)
 .debug_info    0x00005697      0x7be .\CortexM3\ARM_GCC_541\Debug\AcondicionamientoAnalogico.a(UART.o)
 .debug_info    0x00005e55      0x196 .\CortexM3\ARM_GCC_541\Debug\AcondicionamientoAnalogico.a(UART_INT.o)
 .debug_info    0x00005feb      0x283 .\CortexM3\ARM_GCC_541\Debug\AcondicionamientoAnalogico.a(UART_IntClock.o)
 .debug_info    0x0000626e      0x151 .\CortexM3\ARM_GCC_541\Debug\AcondicionamientoAnalogico.a(OPAbp.o)
 .debug_info    0x000063bf      0x151 .\CortexM3\ARM_GCC_541\Debug\AcondicionamientoAnalogico.a(OPAlp.o)
 .debug_info    0x00006510      0x151 .\CortexM3\ARM_GCC_541\Debug\AcondicionamientoAnalogico.a(OPAadder.o)
 .debug_info    0x00006661      0x9fb .\CortexM3\ARM_GCC_541\Debug\AcondicionamientoAnalogico.a(ADC.o)
 .debug_info    0x0000705c       0xd3 .\CortexM3\ARM_GCC_541\Debug\AcondicionamientoAnalogico.a(ADC_INT.o)
 .debug_info    0x0000712f      0x1d3 .\CortexM3\ARM_GCC_541\Debug\AcondicionamientoAnalogico.a(PGAgain.o)
 .debug_info    0x00007302      0x1d3 .\CortexM3\ARM_GCC_541\Debug\AcondicionamientoAnalogico.a(PGAn.o)
 .debug_info    0x000074d5      0x1d3 .\CortexM3\ARM_GCC_541\Debug\AcondicionamientoAnalogico.a(PGAp.o)
 .debug_info    0x000076a8      0x283 .\CortexM3\ARM_GCC_541\Debug\AcondicionamientoAnalogico.a(ADC_Ext_CP_Clk.o)
 .debug_info    0x0000792b      0x2c4 .\CortexM3\ARM_GCC_541\Debug\AcondicionamientoAnalogico.a(ADC_theACLK.o)
 .debug_info    0x00007bef      0x151 .\CortexM3\ARM_GCC_541\Debug\AcondicionamientoAnalogico.a(OPAref.o)
 .debug_info    0x00007d40      0x118 .\CortexM3\ARM_GCC_541\Debug\AcondicionamientoAnalogico.a(LPF_1.o)
 .debug_info    0x00007e58      0x118 .\CortexM3\ARM_GCC_541\Debug\AcondicionamientoAnalogico.a(LPF_2.o)
 .debug_info    0x00007f70      0x11f .\CortexM3\ARM_GCC_541\Debug\AcondicionamientoAnalogico.a(SYNC_IN.o)
 .debug_info    0x0000808f      0x2d2 .\CortexM3\ARM_GCC_541\Debug\AcondicionamientoAnalogico.a(isr_SyncIn.o)
 .debug_info    0x00008361      0x1de .\CortexM3\ARM_GCC_541\Debug\AcondicionamientoAnalogico.a(VDAC_ref_LP.o)
 .debug_info    0x0000853f      0x1de .\CortexM3\ARM_GCC_541\Debug\AcondicionamientoAnalogico.a(VDAC_ref_BP.o)
 .debug_info    0x0000871d      0x1de .\CortexM3\ARM_GCC_541\Debug\AcondicionamientoAnalogico.a(VDAC_ref_PGA.o)
 .debug_info    0x000088fb      0x1de .\CortexM3\ARM_GCC_541\Debug\AcondicionamientoAnalogico.a(VDAC_Ref_Adder.o)
 .debug_info    0x00008ad9      0x1cd .\CortexM3\ARM_GCC_541\Debug\AcondicionamientoAnalogico.a(AMux_IN.o)
 .debug_info    0x00008ca6      0x146 .\CortexM3\ARM_GCC_541\Debug\AcondicionamientoAnalogico.a(AMux_ADC.o)
 .debug_info    0x00008dec       0x88 .\CortexM3\ARM_GCC_541\Debug\AcondicionamientoAnalogico.a(CyBootAsmGnu.o)
 .debug_info    0x00008e74      0x64d .\CortexM3\ARM_GCC_541\Debug\AcondicionamientoAnalogico.a(CyFlash.o)
 .debug_info    0x000094c1      0x550 .\CortexM3\ARM_GCC_541\Debug\AcondicionamientoAnalogico.a(CySpc.o)

.debug_abbrev   0x00000000     0x2daa
 *(.debug_abbrev)
 .debug_abbrev  0x00000000      0x2f7 .\CortexM3\ARM_GCC_541\Debug\main.o
 .debug_abbrev  0x000002f7      0x214 .\CortexM3\ARM_GCC_541\Debug\calibration.o
 .debug_abbrev  0x0000050b      0x137 .\CortexM3\ARM_GCC_541\Debug\psoc_adc.o
 .debug_abbrev  0x00000642       0xc9 .\CortexM3\ARM_GCC_541\Debug\psoc_hw.o
 .debug_abbrev  0x0000070b      0x23a .\CortexM3\ARM_GCC_541\Debug\cyfitter_cfg.o
 .debug_abbrev  0x00000945       0x77 .\CortexM3\ARM_GCC_541\Debug\cymetadata.o
 .debug_abbrev  0x000009bc      0x1e8 .\CortexM3\ARM_GCC_541\Debug\Cm3Start.o
 .debug_abbrev  0x00000ba4      0x254 .\CortexM3\ARM_GCC_541\Debug\AcondicionamientoAnalogico.a(CyLib.o)
 .debug_abbrev  0x00000df8      0x1ab .\CortexM3\ARM_GCC_541\Debug\AcondicionamientoAnalogico.a(cyPm.o)
 .debug_abbrev  0x00000fa3      0x173 .\CortexM3\ARM_GCC_541\Debug\AcondicionamientoAnalogico.a(isr_DelSig.o)
 .debug_abbrev  0x00001116      0x173 .\CortexM3\ARM_GCC_541\Debug\AcondicionamientoAnalogico.a(isr_Timer.o)
 .debug_abbrev  0x00001289      0x12b .\CortexM3\ARM_GCC_541\Debug\AcondicionamientoAnalogico.a(Timer.o)
 .debug_abbrev  0x000013b4       0x90 .\CortexM3\ARM_GCC_541\Debug\AcondicionamientoAnalogico.a(LED.o)
 .debug_abbrev  0x00001444      0x16f .\CortexM3\ARM_GCC_541\Debug\AcondicionamientoAnalogico.a(UART.o)
 .debug_abbrev  0x000015b3       0xa2 .\CortexM3\ARM_GCC_541\Debug\AcondicionamientoAnalogico.a(UART_INT.o)
 .debug_abbrev  0x00001655      0x139 .\CortexM3\ARM_GCC_541\Debug\AcondicionamientoAnalogico.a(UART_IntClock.o)
 .debug_abbrev  0x0000178e       0xb2 .\CortexM3\ARM_GCC_541\Debug\AcondicionamientoAnalogico.a(OPAbp.o)
 .debug_abbrev  0x00001840       0xb2 .\CortexM3\ARM_GCC_541\Debug\AcondicionamientoAnalogico.a(OPAlp.o)
 .debug_abbrev  0x000018f2       0xb2 .\CortexM3\ARM_GCC_541\Debug\AcondicionamientoAnalogico.a(OPAadder.o)
 .debug_abbrev  0x000019a4      0x1cd .\CortexM3\ARM_GCC_541\Debug\AcondicionamientoAnalogico.a(ADC.o)
 .debug_abbrev  0x00001b71       0x42 .\CortexM3\ARM_GCC_541\Debug\AcondicionamientoAnalogico.a(ADC_INT.o)
 .debug_abbrev  0x00001bb3       0xf6 .\CortexM3\ARM_GCC_541\Debug\AcondicionamientoAnalogico.a(PGAgain.o)
 .debug_abbrev  0x00001ca9       0xf6 .\CortexM3\ARM_GCC_541\Debug\AcondicionamientoAnalogico.a(PGAn.o)
 .debug_abbrev  0x00001d9f       0xf6 .\CortexM3\ARM_GCC_541\Debug\AcondicionamientoAnalogico.a(PGAp.o)
 .debug_abbrev  0x00001e95      0x139 .\CortexM3\ARM_GCC_541\Debug\AcondicionamientoAnalogico.a(ADC_Ext_CP_Clk.o)
 .debug_abbrev  0x00001fce      0x121 .\CortexM3\ARM_GCC_541\Debug\AcondicionamientoAnalogico.a(ADC_theACLK.o)
 .debug_abbrev  0x000020ef       0xb2 .\CortexM3\ARM_GCC_541\Debug\AcondicionamientoAnalogico.a(OPAref.o)
 .debug_abbrev  0x000021a1       0xb6 .\CortexM3\ARM_GCC_541\Debug\AcondicionamientoAnalogico.a(LPF_1.o)
 .debug_abbrev  0x00002257       0xb6 .\CortexM3\ARM_GCC_541\Debug\AcondicionamientoAnalogico.a(LPF_2.o)
 .debug_abbrev  0x0000230d       0x90 .\CortexM3\ARM_GCC_541\Debug\AcondicionamientoAnalogico.a(SYNC_IN.o)
 .debug_abbrev  0x0000239d      0x173 .\CortexM3\ARM_GCC_541\Debug\AcondicionamientoAnalogico.a(isr_SyncIn.o)
 .debug_abbrev  0x00002510       0xf7 .\CortexM3\ARM_GCC_541\Debug\AcondicionamientoAnalogico.a(VDAC_ref_LP.o)
 .debug_abbrev  0x00002607       0xf7 .\CortexM3\ARM_GCC_541\Debug\AcondicionamientoAnalogico.a(VDAC_ref_BP.o)
 .debug_abbrev  0x000026fe       0xf7 .\CortexM3\ARM_GCC_541\Debug\AcondicionamientoAnalogico.a(VDAC_ref_PGA.o)
 .debug_abbrev  0x000027f5       0xf7 .\CortexM3\ARM_GCC_541\Debug\AcondicionamientoAnalogico.a(VDAC_Ref_Adder.o)
 .debug_abbrev  0x000028ec       0xbe .\CortexM3\ARM_GCC_541\Debug\AcondicionamientoAnalogico.a(AMux_IN.o)
 .debug_abbrev  0x000029aa       0xb1 .\CortexM3\ARM_GCC_541\Debug\AcondicionamientoAnalogico.a(AMux_ADC.o)
 .debug_abbrev  0x00002a5b       0x14 .\CortexM3\ARM_GCC_541\Debug\AcondicionamientoAnalogico.a(CyBootAsmGnu.o)
 .debug_abbrev  0x00002a6f      0x1a7 .\CortexM3\ARM_GCC_541\Debug\AcondicionamientoAnalogico.a(CyFlash.o)
 .debug_abbrev  0x00002c16      0x194 .\CortexM3\ARM_GCC_541\Debug\AcondicionamientoAnalogico.a(CySpc.o)

.debug_line     0x00000000     0x4262
 *(.debug_line)
 .debug_line    0x00000000      0x61a .\CortexM3\ARM_GCC_541\Debug\main.o
 .debug_line    0x0000061a      0x42e .\CortexM3\ARM_GCC_541\Debug\calibration.o
 .debug_line    0x00000a48      0x212 .\CortexM3\ARM_GCC_541\Debug\psoc_adc.o
 .debug_line    0x00000c5a      0x1f9 .\CortexM3\ARM_GCC_541\Debug\psoc_hw.o
 .debug_line    0x00000e53      0x299 .\CortexM3\ARM_GCC_541\Debug\cyfitter_cfg.o
 .debug_line    0x000010ec      0x141 .\CortexM3\ARM_GCC_541\Debug\cymetadata.o
 .debug_line    0x0000122d      0x234 .\CortexM3\ARM_GCC_541\Debug\Cm3Start.o
 .debug_line    0x00001461      0x816 .\CortexM3\ARM_GCC_541\Debug\AcondicionamientoAnalogico.a(CyLib.o)
 .debug_line    0x00001c77      0x367 .\CortexM3\ARM_GCC_541\Debug\AcondicionamientoAnalogico.a(cyPm.o)
 .debug_line    0x00001fde      0x137 .\CortexM3\ARM_GCC_541\Debug\AcondicionamientoAnalogico.a(isr_DelSig.o)
 .debug_line    0x00002115      0x136 .\CortexM3\ARM_GCC_541\Debug\AcondicionamientoAnalogico.a(isr_Timer.o)
 .debug_line    0x0000224b      0x170 .\CortexM3\ARM_GCC_541\Debug\AcondicionamientoAnalogico.a(Timer.o)
 .debug_line    0x000023bb       0x90 .\CortexM3\ARM_GCC_541\Debug\AcondicionamientoAnalogico.a(LED.o)
 .debug_line    0x0000244b      0x33c .\CortexM3\ARM_GCC_541\Debug\AcondicionamientoAnalogico.a(UART.o)
 .debug_line    0x00002787       0xa5 .\CortexM3\ARM_GCC_541\Debug\AcondicionamientoAnalogico.a(UART_INT.o)
 .debug_line    0x0000282c      0x17c .\CortexM3\ARM_GCC_541\Debug\AcondicionamientoAnalogico.a(UART_IntClock.o)
 .debug_line    0x000029a8       0xa8 .\CortexM3\ARM_GCC_541\Debug\AcondicionamientoAnalogico.a(OPAbp.o)
 .debug_line    0x00002a50       0xa8 .\CortexM3\ARM_GCC_541\Debug\AcondicionamientoAnalogico.a(OPAlp.o)
 .debug_line    0x00002af8       0xab .\CortexM3\ARM_GCC_541\Debug\AcondicionamientoAnalogico.a(OPAadder.o)
 .debug_line    0x00002ba3      0x356 .\CortexM3\ARM_GCC_541\Debug\AcondicionamientoAnalogico.a(ADC.o)
 .debug_line    0x00002ef9       0x80 .\CortexM3\ARM_GCC_541\Debug\AcondicionamientoAnalogico.a(ADC_INT.o)
 .debug_line    0x00002f79       0xce .\CortexM3\ARM_GCC_541\Debug\AcondicionamientoAnalogico.a(PGAgain.o)
 .debug_line    0x00003047       0xcb .\CortexM3\ARM_GCC_541\Debug\AcondicionamientoAnalogico.a(PGAn.o)
 .debug_line    0x00003112       0xcb .\CortexM3\ARM_GCC_541\Debug\AcondicionamientoAnalogico.a(PGAp.o)
 .debug_line    0x000031dd      0x17d .\CortexM3\ARM_GCC_541\Debug\AcondicionamientoAnalogico.a(ADC_Ext_CP_Clk.o)
 .debug_line    0x0000335a      0x19d .\CortexM3\ARM_GCC_541\Debug\AcondicionamientoAnalogico.a(ADC_theACLK.o)
 .debug_line    0x000034f7       0xa9 .\CortexM3\ARM_GCC_541\Debug\AcondicionamientoAnalogico.a(OPAref.o)
 .debug_line    0x000035a0       0x81 .\CortexM3\ARM_GCC_541\Debug\AcondicionamientoAnalogico.a(LPF_1.o)
 .debug_line    0x00003621       0x81 .\CortexM3\ARM_GCC_541\Debug\AcondicionamientoAnalogico.a(LPF_2.o)
 .debug_line    0x000036a2       0x94 .\CortexM3\ARM_GCC_541\Debug\AcondicionamientoAnalogico.a(SYNC_IN.o)
 .debug_line    0x00003736      0x137 .\CortexM3\ARM_GCC_541\Debug\AcondicionamientoAnalogico.a(isr_SyncIn.o)
 .debug_line    0x0000386d       0xe8 .\CortexM3\ARM_GCC_541\Debug\AcondicionamientoAnalogico.a(VDAC_ref_LP.o)
 .debug_line    0x00003955       0xe8 .\CortexM3\ARM_GCC_541\Debug\AcondicionamientoAnalogico.a(VDAC_ref_BP.o)
 .debug_line    0x00003a3d       0xe9 .\CortexM3\ARM_GCC_541\Debug\AcondicionamientoAnalogico.a(VDAC_ref_PGA.o)
 .debug_line    0x00003b26       0xeb .\CortexM3\ARM_GCC_541\Debug\AcondicionamientoAnalogico.a(VDAC_Ref_Adder.o)
 .debug_line    0x00003c11       0xc5 .\CortexM3\ARM_GCC_541\Debug\AcondicionamientoAnalogico.a(AMux_IN.o)
 .debug_line    0x00003cd6       0xac .\CortexM3\ARM_GCC_541\Debug\AcondicionamientoAnalogico.a(AMux_ADC.o)
 .debug_line    0x00003d82       0x66 .\CortexM3\ARM_GCC_541\Debug\AcondicionamientoAnalogico.a(CyBootAsmGnu.o)
 .debug_line    0x00003de8      0x21a .\CortexM3\ARM_GCC_541\Debug\AcondicionamientoAnalogico.a(CyFlash.o)
 .debug_line    0x00004002      0x260 .\CortexM3\ARM_GCC_541\Debug\AcondicionamientoAnalogico.a(CySpc.o)

.debug_frame    0x00000000     0x2ab0
 *(.debug_frame)
 .debug_frame   0x00000000      0x39c .\CortexM3\ARM_GCC_541\Debug\main.o
 .debug_frame   0x0000039c      0x1b0 .\CortexM3\ARM_GCC_541\Debug\calibration.o
 .debug_frame   0x0000054c       0xcc .\CortexM3\ARM_GCC_541\Debug\psoc_adc.o
 .debug_frame   0x00000618       0x58 .\CortexM3\ARM_GCC_541\Debug\psoc_hw.o
 .debug_frame   0x00000670      0x198 .\CortexM3\ARM_GCC_541\Debug\cyfitter_cfg.o
 .debug_frame   0x00000808       0xb8 .\CortexM3\ARM_GCC_541\Debug\Cm3Start.o
 .debug_frame   0x000008c0      0x738 .\CortexM3\ARM_GCC_541\Debug\AcondicionamientoAnalogico.a(CyLib.o)
 .debug_frame   0x00000ff8      0x1f8 .\CortexM3\ARM_GCC_541\Debug\AcondicionamientoAnalogico.a(cyPm.o)
 .debug_frame   0x000011f0      0x104 .\CortexM3\ARM_GCC_541\Debug\AcondicionamientoAnalogico.a(isr_DelSig.o)
 .debug_frame   0x000012f4      0x104 .\CortexM3\ARM_GCC_541\Debug\AcondicionamientoAnalogico.a(isr_Timer.o)
 .debug_frame   0x000013f8      0x124 .\CortexM3\ARM_GCC_541\Debug\AcondicionamientoAnalogico.a(Timer.o)
 .debug_frame   0x0000151c       0x50 .\CortexM3\ARM_GCC_541\Debug\AcondicionamientoAnalogico.a(LED.o)
 .debug_frame   0x0000156c      0x25c .\CortexM3\ARM_GCC_541\Debug\AcondicionamientoAnalogico.a(UART.o)
 .debug_frame   0x000017c8       0x30 .\CortexM3\ARM_GCC_541\Debug\AcondicionamientoAnalogico.a(UART_INT.o)
 .debug_frame   0x000017f8       0xe0 .\CortexM3\ARM_GCC_541\Debug\AcondicionamientoAnalogico.a(UART_IntClock.o)
 .debug_frame   0x000018d8       0x78 .\CortexM3\ARM_GCC_541\Debug\AcondicionamientoAnalogico.a(OPAbp.o)
 .debug_frame   0x00001950       0x78 .\CortexM3\ARM_GCC_541\Debug\AcondicionamientoAnalogico.a(OPAlp.o)
 .debug_frame   0x000019c8       0x78 .\CortexM3\ARM_GCC_541\Debug\AcondicionamientoAnalogico.a(OPAadder.o)
 .debug_frame   0x00001a40      0x284 .\CortexM3\ARM_GCC_541\Debug\AcondicionamientoAnalogico.a(ADC.o)
 .debug_frame   0x00001cc4       0x50 .\CortexM3\ARM_GCC_541\Debug\AcondicionamientoAnalogico.a(ADC_INT.o)
 .debug_frame   0x00001d14       0x9c .\CortexM3\ARM_GCC_541\Debug\AcondicionamientoAnalogico.a(PGAgain.o)
 .debug_frame   0x00001db0       0x9c .\CortexM3\ARM_GCC_541\Debug\AcondicionamientoAnalogico.a(PGAn.o)
 .debug_frame   0x00001e4c       0x9c .\CortexM3\ARM_GCC_541\Debug\AcondicionamientoAnalogico.a(PGAp.o)
 .debug_frame   0x00001ee8       0xe0 .\CortexM3\ARM_GCC_541\Debug\AcondicionamientoAnalogico.a(ADC_Ext_CP_Clk.o)
 .debug_frame   0x00001fc8      0x100 .\CortexM3\ARM_GCC_541\Debug\AcondicionamientoAnalogico.a(ADC_theACLK.o)
 .debug_frame   0x000020c8       0x78 .\CortexM3\ARM_GCC_541\Debug\AcondicionamientoAnalogico.a(OPAref.o)
 .debug_frame   0x00002140       0x4c .\CortexM3\ARM_GCC_541\Debug\AcondicionamientoAnalogico.a(LPF_1.o)
 .debug_frame   0x0000218c       0x4c .\CortexM3\ARM_GCC_541\Debug\AcondicionamientoAnalogico.a(LPF_2.o)
 .debug_frame   0x000021d8       0x50 .\CortexM3\ARM_GCC_541\Debug\AcondicionamientoAnalogico.a(SYNC_IN.o)
 .debug_frame   0x00002228      0x104 .\CortexM3\ARM_GCC_541\Debug\AcondicionamientoAnalogico.a(isr_SyncIn.o)
 .debug_frame   0x0000232c       0xb4 .\CortexM3\ARM_GCC_541\Debug\AcondicionamientoAnalogico.a(VDAC_ref_LP.o)
 .debug_frame   0x000023e0       0xb4 .\CortexM3\ARM_GCC_541\Debug\AcondicionamientoAnalogico.a(VDAC_ref_BP.o)
 .debug_frame   0x00002494       0xb4 .\CortexM3\ARM_GCC_541\Debug\AcondicionamientoAnalogico.a(VDAC_ref_PGA.o)
 .debug_frame   0x00002548       0xb4 .\CortexM3\ARM_GCC_541\Debug\AcondicionamientoAnalogico.a(VDAC_Ref_Adder.o)
 .debug_frame   0x000025fc       0x80 .\CortexM3\ARM_GCC_541\Debug\AcondicionamientoAnalogico.a(AMux_IN.o)
 .debug_frame   0x0000267c       0x64 .\CortexM3\ARM_GCC_541\Debug\AcondicionamientoAnalogico.a(AMux_ADC.o)
 .debug_frame   0x000026e0      0x194 .\CortexM3\ARM_GCC_541\Debug\AcondicionamientoAnalogico.a(CyFlash.o)
 .debug_frame   0x00002874      0x180 .\CortexM3\ARM_GCC_541\Debug\AcondicionamientoAnalogico.a(CySpc.o)
 .debug_frame   0x000029f4       0x20 c:/program files (x86)/cypress/psoc creator/4.4/psoc creator/import/gnu/arm/5.4.1/bin/../lib/gcc/arm-none-eabi/5.4.1/../../../../arm-none-eabi/lib/armv7-m\libg_nano.a(lib_a-errno.o)
 .debug_frame   0x00002a14       0x28 c:/program files (x86)/cypress/psoc creator/4.4/psoc creator/import/gnu/arm/5.4.1/bin/../lib/gcc/arm-none-eabi/5.4.1/../../../../arm-none-eabi/lib/armv7-m\libg_nano.a(lib_a-exit.o)
 .debug_frame   0x00002a3c       0x2c c:/program files (x86)/cypress/psoc creator/4.4/psoc creator/import/gnu/arm/5.4.1/bin/../lib/gcc/arm-none-eabi/5.4.1/../../../../arm-none-eabi/lib/armv7-m\libg_nano.a(lib_a-init.o)
 .debug_frame   0x00002a68       0x28 c:/program files (x86)/cypress/psoc creator/4.4/psoc creator/import/gnu/arm/5.4.1/bin/../lib/gcc/arm-none-eabi/5.4.1/../../../../arm-none-eabi/lib/armv7-m\libg_nano.a(lib_a-memcpy-stub.o)
 .debug_frame   0x00002a90       0x20 c:/program files (x86)/cypress/psoc creator/4.4/psoc creator/import/gnu/arm/5.4.1/bin/../lib/gcc/arm-none-eabi/5.4.1/../../../../arm-none-eabi/lib/armv7-m\libg_nano.a(lib_a-memset.o)

.debug_str      0x00000000     0x358c
 *(.debug_str)
 .debug_str     0x00000000      0x7b7 .\CortexM3\ARM_GCC_541\Debug\main.o
                                0x839 (size before relaxing)
 .debug_str     0x000007b7      0x33d .\CortexM3\ARM_GCC_541\Debug\calibration.o
                                0x60d (size before relaxing)
 .debug_str     0x00000af4       0x97 .\CortexM3\ARM_GCC_541\Debug\psoc_adc.o
                                0x347 (size before relaxing)
 .debug_str     0x00000b8b       0xa4 .\CortexM3\ARM_GCC_541\Debug\psoc_hw.o
                                0x290 (size before relaxing)
 .debug_str     0x00000c2f      0x307 .\CortexM3\ARM_GCC_541\Debug\cyfitter_cfg.o
                                0x4af (size before relaxing)
 .debug_str     0x00000f36       0x7f .\CortexM3\ARM_GCC_541\Debug\cymetadata.o
                                0x1dc (size before relaxing)
 .debug_str     0x00000fb5      0x13e .\CortexM3\ARM_GCC_541\Debug\Cm3Start.o
                                0x302 (size before relaxing)
 .debug_str     0x000010f3      0x7fa .\CortexM3\ARM_GCC_541\Debug\AcondicionamientoAnalogico.a(CyLib.o)
                                0xa3f (size before relaxing)
 .debug_str     0x000018ed      0x365 .\CortexM3\ARM_GCC_541\Debug\AcondicionamientoAnalogico.a(cyPm.o)
                                0x72b (size before relaxing)
 .debug_str     0x00001c52      0x101 .\CortexM3\ARM_GCC_541\Debug\AcondicionamientoAnalogico.a(isr_DelSig.o)
                                0x2e4 (size before relaxing)
 .debug_str     0x00001d53       0xf5 .\CortexM3\ARM_GCC_541\Debug\AcondicionamientoAnalogico.a(isr_Timer.o)
                                0x2d6 (size before relaxing)
 .debug_str     0x00001e48      0x12c .\CortexM3\ARM_GCC_541\Debug\AcondicionamientoAnalogico.a(Timer.o)
                                0x333 (size before relaxing)
 .debug_str     0x00001f74       0x49 .\CortexM3\ARM_GCC_541\Debug\AcondicionamientoAnalogico.a(LED.o)
                                0x1d0 (size before relaxing)
 .debug_str     0x00001fbd      0x357 .\CortexM3\ARM_GCC_541\Debug\AcondicionamientoAnalogico.a(UART.o)
                                0x590 (size before relaxing)
 .debug_str     0x00002314       0x5e .\CortexM3\ARM_GCC_541\Debug\AcondicionamientoAnalogico.a(UART_INT.o)
                                0x281 (size before relaxing)
 .debug_str     0x00002372      0x183 .\CortexM3\ARM_GCC_541\Debug\AcondicionamientoAnalogico.a(UART_IntClock.o)
                                0x32e (size before relaxing)
 .debug_str     0x000024f5       0x65 .\CortexM3\ARM_GCC_541\Debug\AcondicionamientoAnalogico.a(OPAbp.o)
                                0x1ef (size before relaxing)
 .debug_str     0x0000255a       0x5f .\CortexM3\ARM_GCC_541\Debug\AcondicionamientoAnalogico.a(OPAlp.o)
                                0x1ef (size before relaxing)
 .debug_str     0x000025b9       0x71 .\CortexM3\ARM_GCC_541\Debug\AcondicionamientoAnalogico.a(OPAadder.o)
                                0x204 (size before relaxing)
 .debug_str     0x0000262a      0x2f8 .\CortexM3\ARM_GCC_541\Debug\AcondicionamientoAnalogico.a(ADC.o)
                                0x5b1 (size before relaxing)
 .debug_str     0x00002922       0x45 .\CortexM3\ARM_GCC_541\Debug\AcondicionamientoAnalogico.a(ADC_INT.o)
                                0x1b8 (size before relaxing)
 .debug_str     0x00002967       0x94 .\CortexM3\ARM_GCC_541\Debug\AcondicionamientoAnalogico.a(PGAgain.o)
                                0x23b (size before relaxing)
 .debug_str     0x000029fb       0x76 .\CortexM3\ARM_GCC_541\Debug\AcondicionamientoAnalogico.a(PGAn.o)
                                0x21d (size before relaxing)
 .debug_str     0x00002a71       0x76 .\CortexM3\ARM_GCC_541\Debug\AcondicionamientoAnalogico.a(PGAp.o)
                                0x21d (size before relaxing)
 .debug_str     0x00002ae7      0x12a .\CortexM3\ARM_GCC_541\Debug\AcondicionamientoAnalogico.a(ADC_Ext_CP_Clk.o)
                                0x33a (size before relaxing)
 .debug_str     0x00002c11      0x14f .\CortexM3\ARM_GCC_541\Debug\AcondicionamientoAnalogico.a(ADC_theACLK.o)
                                0x359 (size before relaxing)
 .debug_str     0x00002d60       0x65 .\CortexM3\ARM_GCC_541\Debug\AcondicionamientoAnalogico.a(OPAref.o)
                                0x1f6 (size before relaxing)
 .debug_str     0x00002dc5       0x53 .\CortexM3\ARM_GCC_541\Debug\AcondicionamientoAnalogico.a(LPF_1.o)
                                0x1ce (size before relaxing)
 .debug_str     0x00002e18       0x4c .\CortexM3\ARM_GCC_541\Debug\AcondicionamientoAnalogico.a(LPF_2.o)
                                0x1ce (size before relaxing)
 .debug_str     0x00002e64       0x58 .\CortexM3\ARM_GCC_541\Debug\AcondicionamientoAnalogico.a(SYNC_IN.o)
                                0x1e4 (size before relaxing)
 .debug_str     0x00002ebc       0xdc .\CortexM3\ARM_GCC_541\Debug\AcondicionamientoAnalogico.a(isr_SyncIn.o)
                                0x2e4 (size before relaxing)
 .debug_str     0x00002f98       0xb8 .\CortexM3\ARM_GCC_541\Debug\AcondicionamientoAnalogico.a(VDAC_ref_LP.o)
                                0x253 (size before relaxing)
 .debug_str     0x00003050       0xac .\CortexM3\ARM_GCC_541\Debug\AcondicionamientoAnalogico.a(VDAC_ref_BP.o)
                                0x253 (size before relaxing)
 .debug_str     0x000030fc       0xb4 .\CortexM3\ARM_GCC_541\Debug\AcondicionamientoAnalogico.a(VDAC_ref_PGA.o)
                                0x25d (size before relaxing)
 .debug_str     0x000031b0       0xc4 .\CortexM3\ARM_GCC_541\Debug\AcondicionamientoAnalogico.a(VDAC_Ref_Adder.o)
                                0x271 (size before relaxing)
 .debug_str     0x00003274       0x63 .\CortexM3\ARM_GCC_541\Debug\AcondicionamientoAnalogico.a(AMux_IN.o)
                                0x258 (size before relaxing)
 .debug_str     0x000032d7       0x4e .\CortexM3\ARM_GCC_541\Debug\AcondicionamientoAnalogico.a(AMux_ADC.o)
                                0x1fe (size before relaxing)
 .debug_str     0x00003325      0x1bb .\CortexM3\ARM_GCC_541\Debug\AcondicionamientoAnalogico.a(CyFlash.o)
                                0x3b8 (size before relaxing)
 .debug_str     0x000034e0       0xac .\CortexM3\ARM_GCC_541\Debug\AcondicionamientoAnalogico.a(CySpc.o)
                                0x330 (size before relaxing)

.debug_loc      0x00000000     0x3c75
 *(.debug_loc)
 .debug_loc     0x00000000      0x5b2 .\CortexM3\ARM_GCC_541\Debug\main.o
 .debug_loc     0x000005b2      0x490 .\CortexM3\ARM_GCC_541\Debug\calibration.o
 .debug_loc     0x00000a42      0x1a8 .\CortexM3\ARM_GCC_541\Debug\psoc_adc.o
 .debug_loc     0x00000bea       0x63 .\CortexM3\ARM_GCC_541\Debug\psoc_hw.o
 .debug_loc     0x00000c4d      0x402 .\CortexM3\ARM_GCC_541\Debug\cyfitter_cfg.o
 .debug_loc     0x0000104f      0x144 .\CortexM3\ARM_GCC_541\Debug\Cm3Start.o
 .debug_loc     0x00001193      0xa11 .\CortexM3\ARM_GCC_541\Debug\AcondicionamientoAnalogico.a(CyLib.o)
 .debug_loc     0x00001ba4      0x1e4 .\CortexM3\ARM_GCC_541\Debug\AcondicionamientoAnalogico.a(cyPm.o)
 .debug_loc     0x00001d88       0x56 .\CortexM3\ARM_GCC_541\Debug\AcondicionamientoAnalogico.a(isr_DelSig.o)
 .debug_loc     0x00001dde       0x56 .\CortexM3\ARM_GCC_541\Debug\AcondicionamientoAnalogico.a(isr_Timer.o)
 .debug_loc     0x00001e34       0x13 .\CortexM3\ARM_GCC_541\Debug\AcondicionamientoAnalogico.a(Timer.o)
 .debug_loc     0x00001e47       0x42 .\CortexM3\ARM_GCC_541\Debug\AcondicionamientoAnalogico.a(LED.o)
 .debug_loc     0x00001e89      0x36c .\CortexM3\ARM_GCC_541\Debug\AcondicionamientoAnalogico.a(UART.o)
 .debug_loc     0x000021f5       0x45 .\CortexM3\ARM_GCC_541\Debug\AcondicionamientoAnalogico.a(UART_INT.o)
 .debug_loc     0x0000223a      0x128 .\CortexM3\ARM_GCC_541\Debug\AcondicionamientoAnalogico.a(UART_IntClock.o)
 .debug_loc     0x00002362       0x21 .\CortexM3\ARM_GCC_541\Debug\AcondicionamientoAnalogico.a(OPAbp.o)
 .debug_loc     0x00002383       0x21 .\CortexM3\ARM_GCC_541\Debug\AcondicionamientoAnalogico.a(OPAlp.o)
 .debug_loc     0x000023a4       0x21 .\CortexM3\ARM_GCC_541\Debug\AcondicionamientoAnalogico.a(OPAadder.o)
 .debug_loc     0x000023c5      0x6ca .\CortexM3\ARM_GCC_541\Debug\AcondicionamientoAnalogico.a(ADC.o)
 .debug_loc     0x00002a8f       0x60 .\CortexM3\ARM_GCC_541\Debug\AcondicionamientoAnalogico.a(PGAgain.o)
 .debug_loc     0x00002aef       0x60 .\CortexM3\ARM_GCC_541\Debug\AcondicionamientoAnalogico.a(PGAn.o)
 .debug_loc     0x00002b4f       0x60 .\CortexM3\ARM_GCC_541\Debug\AcondicionamientoAnalogico.a(PGAp.o)
 .debug_loc     0x00002baf      0x12c .\CortexM3\ARM_GCC_541\Debug\AcondicionamientoAnalogico.a(ADC_Ext_CP_Clk.o)
 .debug_loc     0x00002cdb      0x14d .\CortexM3\ARM_GCC_541\Debug\AcondicionamientoAnalogico.a(ADC_theACLK.o)
 .debug_loc     0x00002e28       0x21 .\CortexM3\ARM_GCC_541\Debug\AcondicionamientoAnalogico.a(OPAref.o)
 .debug_loc     0x00002e49       0x21 .\CortexM3\ARM_GCC_541\Debug\AcondicionamientoAnalogico.a(LPF_1.o)
 .debug_loc     0x00002e6a       0x21 .\CortexM3\ARM_GCC_541\Debug\AcondicionamientoAnalogico.a(LPF_2.o)
 .debug_loc     0x00002e8b       0x42 .\CortexM3\ARM_GCC_541\Debug\AcondicionamientoAnalogico.a(SYNC_IN.o)
 .debug_loc     0x00002ecd       0x56 .\CortexM3\ARM_GCC_541\Debug\AcondicionamientoAnalogico.a(isr_SyncIn.o)
 .debug_loc     0x00002f23       0x79 .\CortexM3\ARM_GCC_541\Debug\AcondicionamientoAnalogico.a(VDAC_ref_LP.o)
 .debug_loc     0x00002f9c       0x79 .\CortexM3\ARM_GCC_541\Debug\AcondicionamientoAnalogico.a(VDAC_ref_BP.o)
 .debug_loc     0x00003015       0x79 .\CortexM3\ARM_GCC_541\Debug\AcondicionamientoAnalogico.a(VDAC_ref_PGA.o)
 .debug_loc     0x0000308e       0x79 .\CortexM3\ARM_GCC_541\Debug\AcondicionamientoAnalogico.a(VDAC_Ref_Adder.o)
 .debug_loc     0x00003107       0x6c .\CortexM3\ARM_GCC_541\Debug\AcondicionamientoAnalogico.a(AMux_IN.o)
 .debug_loc     0x00003173       0x4b .\CortexM3\ARM_GCC_541\Debug\AcondicionamientoAnalogico.a(AMux_ADC.o)
 .debug_loc     0x000031be      0x3b2 .\CortexM3\ARM_GCC_541\Debug\AcondicionamientoAnalogico.a(CyFlash.o)
 .debug_loc     0x00003570      0x705 .\CortexM3\ARM_GCC_541\Debug\AcondicionamientoAnalogico.a(CySpc.o)

.debug_macinfo
 *(.debug_macinfo)

.debug_ranges   0x00000000      0xf18
 *(.debug_ranges)
 .debug_ranges  0x00000000      0x118 .\CortexM3\ARM_GCC_541\Debug\main.o
 .debug_ranges  0x00000118       0x98 .\CortexM3\ARM_GCC_541\Debug\calibration.o
 .debug_ranges  0x000001b0       0x40 .\CortexM3\ARM_GCC_541\Debug\psoc_adc.o
 .debug_ranges  0x000001f0       0x20 .\CortexM3\ARM_GCC_541\Debug\psoc_hw.o
 .debug_ranges  0x00000210       0x78 .\CortexM3\ARM_GCC_541\Debug\cyfitter_cfg.o
 .debug_ranges  0x00000288       0x38 .\CortexM3\ARM_GCC_541\Debug\Cm3Start.o
 .debug_ranges  0x000002c0      0x290 .\CortexM3\ARM_GCC_541\Debug\AcondicionamientoAnalogico.a(CyLib.o)
 .debug_ranges  0x00000550       0x88 .\CortexM3\ARM_GCC_541\Debug\AcondicionamientoAnalogico.a(cyPm.o)
 .debug_ranges  0x000005d8       0x70 .\CortexM3\ARM_GCC_541\Debug\AcondicionamientoAnalogico.a(isr_DelSig.o)
 .debug_ranges  0x00000648       0x70 .\CortexM3\ARM_GCC_541\Debug\AcondicionamientoAnalogico.a(isr_Timer.o)
 .debug_ranges  0x000006b8       0x80 .\CortexM3\ARM_GCC_541\Debug\AcondicionamientoAnalogico.a(Timer.o)
 .debug_ranges  0x00000738       0x28 .\CortexM3\ARM_GCC_541\Debug\AcondicionamientoAnalogico.a(LED.o)
 .debug_ranges  0x00000760       0xe0 .\CortexM3\ARM_GCC_541\Debug\AcondicionamientoAnalogico.a(UART.o)
 .debug_ranges  0x00000840       0x18 .\CortexM3\ARM_GCC_541\Debug\AcondicionamientoAnalogico.a(UART_INT.o)
 .debug_ranges  0x00000858       0x60 .\CortexM3\ARM_GCC_541\Debug\AcondicionamientoAnalogico.a(UART_IntClock.o)
 .debug_ranges  0x000008b8       0x30 .\CortexM3\ARM_GCC_541\Debug\AcondicionamientoAnalogico.a(OPAbp.o)
 .debug_ranges  0x000008e8       0x30 .\CortexM3\ARM_GCC_541\Debug\AcondicionamientoAnalogico.a(OPAlp.o)
 .debug_ranges  0x00000918       0x30 .\CortexM3\ARM_GCC_541\Debug\AcondicionamientoAnalogico.a(OPAadder.o)
 .debug_ranges  0x00000948       0xd8 .\CortexM3\ARM_GCC_541\Debug\AcondicionamientoAnalogico.a(ADC.o)
 .debug_ranges  0x00000a20       0x28 .\CortexM3\ARM_GCC_541\Debug\AcondicionamientoAnalogico.a(ADC_INT.o)
 .debug_ranges  0x00000a48       0x38 .\CortexM3\ARM_GCC_541\Debug\AcondicionamientoAnalogico.a(PGAgain.o)
 .debug_ranges  0x00000a80       0x38 .\CortexM3\ARM_GCC_541\Debug\AcondicionamientoAnalogico.a(PGAn.o)
 .debug_ranges  0x00000ab8       0x38 .\CortexM3\ARM_GCC_541\Debug\AcondicionamientoAnalogico.a(PGAp.o)
 .debug_ranges  0x00000af0       0x60 .\CortexM3\ARM_GCC_541\Debug\AcondicionamientoAnalogico.a(ADC_Ext_CP_Clk.o)
 .debug_ranges  0x00000b50       0x70 .\CortexM3\ARM_GCC_541\Debug\AcondicionamientoAnalogico.a(ADC_theACLK.o)
 .debug_ranges  0x00000bc0       0x30 .\CortexM3\ARM_GCC_541\Debug\AcondicionamientoAnalogico.a(OPAref.o)
 .debug_ranges  0x00000bf0       0x20 .\CortexM3\ARM_GCC_541\Debug\AcondicionamientoAnalogico.a(LPF_1.o)
 .debug_ranges  0x00000c10       0x20 .\CortexM3\ARM_GCC_541\Debug\AcondicionamientoAnalogico.a(LPF_2.o)
 .debug_ranges  0x00000c30       0x28 .\CortexM3\ARM_GCC_541\Debug\AcondicionamientoAnalogico.a(SYNC_IN.o)
 .debug_ranges  0x00000c58       0x70 .\CortexM3\ARM_GCC_541\Debug\AcondicionamientoAnalogico.a(isr_SyncIn.o)
 .debug_ranges  0x00000cc8       0x48 .\CortexM3\ARM_GCC_541\Debug\AcondicionamientoAnalogico.a(VDAC_ref_LP.o)
 .debug_ranges  0x00000d10       0x48 .\CortexM3\ARM_GCC_541\Debug\AcondicionamientoAnalogico.a(VDAC_ref_BP.o)
 .debug_ranges  0x00000d58       0x48 .\CortexM3\ARM_GCC_541\Debug\AcondicionamientoAnalogico.a(VDAC_ref_PGA.o)
 .debug_ranges  0x00000da0       0x48 .\CortexM3\ARM_GCC_541\Debug\AcondicionamientoAnalogico.a(VDAC_Ref_Adder.o)
 .debug_ranges  0x00000de8       0x28 .\CortexM3\ARM_GCC_541\Debug\AcondicionamientoAnalogico.a(AMux_IN.o)
 .debug_ranges  0x00000e10       0x20 .\CortexM3\ARM_GCC_541\Debug\AcondicionamientoAnalogico.a(AMux_ADC.o)
 .debug_ranges  0x00000e30       0x78 .\CortexM3\ARM_GCC_541\Debug\AcondicionamientoAnalogico.a(CyFlash.o)
 .debug_ranges  0x00000ea8       0x70 .\CortexM3\ARM_GCC_541\Debug\AcondicionamientoAnalogico.a(CySpc.o)

.comment        0x00000000       0x6e
 .comment       0x00000000       0x6e .\CortexM3\ARM_GCC_541\Debug\main.o
                                 0x6f (size before relaxing)
 .comment       0x0000006e       0x6f .\CortexM3\ARM_GCC_541\Debug\calibration.o
 .comment       0x0000006e       0x6f .\CortexM3\ARM_GCC_541\Debug\psoc_adc.o
 .comment       0x0000006e       0x6f .\CortexM3\ARM_GCC_541\Debug\psoc_hw.o
 .comment       0x0000006e       0x6f .\CortexM3\ARM_GCC_541\Debug\cyfitter_cfg.o
 .comment       0x0000006e       0x6f .\CortexM3\ARM_GCC_541\Debug\cymetadata.o
 .comment       0x0000006e       0x6f .\CortexM3\ARM_GCC_541\Debug\Cm3Start.o
 .comment       0x0000006e       0x6f .\CortexM3\ARM_GCC_541\Debug\AcondicionamientoAnalogico.a(CyLib.o)
 .comment       0x0000006e       0x6f .\CortexM3\ARM_GCC_541\Debug\AcondicionamientoAnalogico.a(cyPm.o)
 .comment       0x0000006e       0x6f .\CortexM3\ARM_GCC_541\Debug\AcondicionamientoAnalogico.a(isr_DelSig.o)
 .comment       0x0000006e       0x6f .\CortexM3\ARM_GCC_541\Debug\AcondicionamientoAnalogico.a(isr_Timer.o)
 .comment       0x0000006e       0x6f .\CortexM3\ARM_GCC_541\Debug\AcondicionamientoAnalogico.a(Timer.o)
 .comment       0x0000006e       0x6f .\CortexM3\ARM_GCC_541\Debug\AcondicionamientoAnalogico.a(LED.o)
 .comment       0x0000006e       0x6f .\CortexM3\ARM_GCC_541\Debug\AcondicionamientoAnalogico.a(UART.o)
 .comment       0x0000006e       0x6f .\CortexM3\ARM_GCC_541\Debug\AcondicionamientoAnalogico.a(UART_INT.o)
 .comment       0x0000006e       0x6f .\CortexM3\ARM_GCC_541\Debug\AcondicionamientoAnalogico.a(UART_IntClock.o)
 .comment       0x0000006e       0x6f .\CortexM3\ARM_GCC_541\Debug\AcondicionamientoAnalogico.a(OPAbp.o)