Archive member included to satisfy reference by file (symbol)

.\CortexM3\ARM_GCC_541\Debug\AcondicionamientoAnalogico.a(CyLib.o)
                              .\CortexM3\ARM_GCC_541\Debug\Cm3Start.o (symbol from plugin) (CyHalt)
.\CortexM3\ARM_GCC_541\Debug\AcondicionamientoAnalogico.a(cyPm.o)
                              CyLib.o (symbol from plugin) (CyPmReadStatus)
.\CortexM3\ARM_GCC_541\Debug\AcondicionamientoAnalogico.a(isr_DelSig.o)
                              .\CortexM3\ARM_GCC_541\Debug\main.o (symbol from plugin) (isr_DelSig_StartEx)
.\CortexM3\ARM_GCC_541\Debug\AcondicionamientoAnalogico.a(isr_Timer.o)
                              .\CortexM3\ARM_GCC_541\Debug\main.o (symbol from plugin) (isr_Timer_StartEx)
.\CortexM3\ARM_GCC_541\Debug\AcondicionamientoAnalogico.a(Timer.o)
                              .\CortexM3\ARM_GCC_541\Debug\main.o (symbol from plugin) (Timer_Start)
.\CortexM3\ARM_GCC_541\Debug\AcondicionamientoAnalogico.a(LED.o)
                              .\CortexM3\ARM_GCC_541\Debug\main.o (symbol from plugin) (LED_Write)
.\CortexM3\ARM_GCC_541\Debug\AcondicionamientoAnalogico.a(UART.o)
                              .\CortexM3\ARM_GCC_541\Debug\main.o (symbol from plugin) (UART_Start)
.\CortexM3\ARM_GCC_541\Debug\AcondicionamientoAnalogico.a(UART_INT.o)
                              UART.o (symbol from plugin) (UART_RXISR)
.\CortexM3\ARM_GCC_541\Debug\AcondicionamientoAnalogico.a(UART_IntClock.o)
                              UART.o (symbol from plugin) (UART_IntClock_Start)
.\CortexM3\ARM_GCC_541\Debug\AcondicionamientoAnalogico.a(OPAbp.o)
                              .\CortexM3\ARM_GCC_541\Debug\psoc_hw.o (symbol from plugin) (OPAbp_Start)
.\CortexM3\ARM_GCC_541\Debug\AcondicionamientoAnalogico.a(OPAlp.o)
                              .\CortexM3\ARM_GCC_541\Debug\psoc_hw.o (symbol from plugin) (OPAlp_Start)
.\CortexM3\ARM_GCC_541\Debug\AcondicionamientoAnalogico.a(OPAadder.o)
                              .\CortexM3\ARM_GCC_541\Debug\psoc_hw.o (symbol from plugin) (OPAadder_Start)
.\CortexM3\ARM_GCC_541\Debug\AcondicionamientoAnalogico.a(ADC.o)
                              .\CortexM3\ARM_GCC_541\Debug\calibration.o (symbol from plugin) (ADC_Start)
.\CortexM3\ARM_GCC_541\Debug\AcondicionamientoAnalogico.a(ADC_INT.o)
                              ADC.o (symbol from plugin) (ADC_ISR1)
.\CortexM3\ARM_GCC_541\Debug\AcondicionamientoAnalogico.a(PGAgain.o)
                              .\CortexM3\ARM_GCC_541\Debug\psoc_hw.o (symbol from plugin) (PGAgain_Start)
.\CortexM3\ARM_GCC_541\Debug\AcondicionamientoAnalogico.a(PGAn.o)
                              .\CortexM3\ARM_GCC_541\Debug\psoc_hw.o (symbol from plugin) (PGAn_Start)
.\CortexM3\ARM_GCC_541\Debug\AcondicionamientoAnalogico.a(PGAp.o)
                              .\CortexM3\ARM_GCC_541\Debug\psoc_hw.o (symbol from plugin) (PGAp_Start)
.\CortexM3\ARM_GCC_541\Debug\AcondicionamientoAnalogico.a(ADC_Ext_CP_Clk.o)
                              ADC.o (symbol from plugin) (ADC_Ext_CP_Clk_SetDividerRegister)
.\CortexM3\ARM_GCC_541\Debug\AcondicionamientoAnalogico.a(ADC_theACLK.o)
                              ADC.o (symbol from plugin) (ADC_theACLK_SetDividerRegister)
.\CortexM3\ARM_GCC_541\Debug\AcondicionamientoAnalogico.a(OPAref.o)
                              .\CortexM3\ARM_GCC_541\Debug\psoc_hw.o (symbol from plugin) (OPAref_Start)
.\CortexM3\ARM_GCC_541\Debug\AcondicionamientoAnalogico.a(LPF_1.o)
                              .\CortexM3\ARM_GCC_541\Debug\psoc_hw.o (symbol from plugin) (LPF_1_Start)
.\CortexM3\ARM_GCC_541\Debug\AcondicionamientoAnalogico.a(LPF_2.o)
                              .\CortexM3\ARM_GCC_541\Debug\psoc_hw.o (symbol from plugin) (LPF_2_Start)
.\CortexM3\ARM_GCC_541\Debug\AcondicionamientoAnalogico.a(SYNC_IN.o)
                              .\CortexM3\ARM_GCC_541\Debug\main.o (symbol from plugin) (SYNC_IN_Read)
.\CortexM3\ARM_GCC_541\Debug\AcondicionamientoAnalogico.a(isr_SyncIn.o)
                              .\CortexM3\ARM_GCC_541\Debug\main.o (symbol from plugin) (isr_SyncIn_StartEx)
.\CortexM3\ARM_GCC_541\Debug\AcondicionamientoAnalogico.a(VDAC_ref_LP.o)
                              .\CortexM3\ARM_GCC_541\Debug\calibration.o (symbol from plugin) (VDAC_ref_LP_Start)
.\CortexM3\ARM_GCC_541\Debug\AcondicionamientoAnalogico.a(VDAC_ref_BP.o)
                              .\CortexM3\ARM_GCC_541\Debug\calibration.o (symbol from plugin) (VDAC_ref_BP_Start)
.\CortexM3\ARM_GCC_541\Debug\AcondicionamientoAnalogico.a(VDAC_ref_PGA.o)
                              .\CortexM3\ARM_GCC_541\Debug\calibration.o (symbol from plugin) (VDAC_ref_PGA_Start)
.\CortexM3\ARM_GCC_541\Debug\AcondicionamientoAnalogico.a(VDAC_Ref_Adder.o)
                              .\CortexM3\ARM_GCC_541\Debug\calibration.o (symbol from plugin) (VDAC_Ref_Adder_Start)
.\CortexM3\ARM_GCC_541\Debug\AcondicionamientoAnalogico.a(AMux_IN.o)
                              .\CortexM3\ARM_GCC_541\Debug\calibration.o (symbol from plugin) (AMux_IN_Start)
.\CortexM3\ARM_GCC_541\Debug\AcondicionamientoAnalogico.a(AMux_ADC.o)
                              .\CortexM3\ARM_GCC_541\Debug\calibration.o (symbol from plugin) (AMux_ADC_Start)
.\CortexM3\ARM_GCC_541\Debug\AcondicionamientoAnalogico.a(PGAshield.o)
                              .\CortexM3\ARM_GCC_541\Debug\psoc_hw.o (symbol from plugin) (PGAshield_Start)
.\CortexM3\ARM_GCC_541\Debug\AcondicionamientoAnalogico.a(CyBootAsmGnu.o)
                              .\CortexM3\ARM_GCC_541\Debug\cyfitter_cfg.o (symbol from plugin) (CyDelayCycles)
.\CortexM3\ARM_GCC_541\Debug\AcondicionamientoAnalogico.a(CyFlash.o)
                              cyPm.o (symbol from plugin) (CyFlash_SetWaitCycles)
.\CortexM3\ARM_GCC_541\Debug\AcondicionamientoAnalogico.a(CySpc.o)
                              CyFlash.o (symbol from plugin) (CySpcStart)
c:/program files (x86)/cypress/psoc creator/4.4/psoc creator/import/gnu/arm/5.4.1/bin/../lib/gcc/arm-none-eabi/5.4.1/../../../../arm-none-eabi/lib/armv7-m\libg_nano.a(lib_a-errno.o)
                              .\CortexM3\ARM_GCC_541\Debug\Cm3Start.o (symbol from plugin) (__errno)
c:/program files (x86)/cypress/psoc creator/4.4/psoc creator/import/gnu/arm/5.4.1/bin/../lib/gcc/arm-none-eabi/5.4.1/../../../../arm-none-eabi/lib/armv7-m\libg_nano.a(lib_a-exit.o)
                              c:/program files (x86)/cypress/psoc creator/4.4/psoc creator/import/gnu/arm/5.4.1/bin/../lib/gcc/arm-none-eabi/5.4.1/../../../../arm-none-eabi/lib/armv7-m/crt0.o (exit)
c:/program files (x86)/cypress/psoc creator/4.4/psoc creator/import/gnu/arm/5.4.1/bin/../lib/gcc/arm-none-eabi/5.4.1/../../../../arm-none-eabi/lib/armv7-m\libg_nano.a(lib_a-impure.o)
                              c:/program files (x86)/cypress/psoc creator/4.4/psoc creator/import/gnu/arm/5.4.1/bin/../lib/gcc/arm-none-eabi/5.4.1/../../../../arm-none-eabi/lib/armv7-m\libg_nano.a(lib_a-exit.o) (_global_impure_ptr)
c:/program files (x86)/cypress/psoc creator/4.4/psoc creator/import/gnu/arm/5.4.1/bin/../lib/gcc/arm-none-eabi/5.4.1/../../../../arm-none-eabi/lib/armv7-m\libg_nano.a(lib_a-init.o)
                              c:/program files (x86)/cypress/psoc creator/4.4/psoc creator/import/gnu/arm/5.4.1/bin/../lib/gcc/arm-none-eabi/5.4.1/../../../../arm-none-eabi/lib/armv7-m/crt0.o (__libc_init_array)
c:/program files (x86)/cypress/psoc creator/4.4/psoc creator/import/gnu/arm/5.4.1/bin/../lib/gcc/arm-none-eabi/5.4.1/../../../../arm-none-eabi/lib/armv7-m\libg_nano.a(lib_a-memset.o)
                              c:/program files (x86)/cypress/psoc creator/4.4/psoc creator/import/gnu/arm/5.4.1/bin/../lib/gcc/arm-none-eabi/5.4.1/../../../../arm-none-eabi/lib/armv7-m/crt0.o (memset)
c:/program files (x86)/cypress/psoc creator/4.4/psoc creator/import/gnu/arm/5.4.1/bin/../lib/gcc/arm-none-eabi/5.4.1/../../../../arm-none-eabi/lib/armv7-m\libnosys.a(_exit.o)
                              c:/program files (x86)/cypress/psoc creator/4.4/psoc creator/import/gnu/arm/5.4.1/bin/../lib/gcc/arm-none-eabi/5.4.1/../../../../arm-none-eabi/lib/armv7-m\libg_nano.a(lib_a-exit.o) (_exit)

Allocating common symbols
Common symbol       size              file

ADC_CountsPerVolt   0x4               ADC.o (symbol from plugin)
dieTemperature      0x2               CyFlash.o (symbol from plugin)

Discarded input sections

 .text          0x00000000        0x0 c:/program files (x86)/cypress/psoc creator/4.4/psoc creator/import/gnu/arm/5.4.1/bin/../lib/gcc/arm-none-eabi/5.4.1/armv7-m/crti.o
 .data          0x00000000        0x0 c:/program files (x86)/cypress/psoc creator/4.4/psoc creator/import/gnu/arm/5.4.1/bin/../lib/gcc/arm-none-eabi/5.4.1/armv7-m/crti.o
 .bss           0x00000000        0x0 c:/program files (x86)/cypress/psoc creator/4.4/psoc creator/import/gnu/arm/5.4.1/bin/../lib/gcc/arm-none-eabi/5.4.1/armv7-m/crti.o
 .data          0x00000000        0x4 c:/program files (x86)/cypress/psoc creator/4.4/psoc creator/import/gnu/arm/5.4.1/bin/../lib/gcc/arm-none-eabi/5.4.1/armv7-m/crtbegin.o
 .text          0x00000000       0x74 c:/program files (x86)/cypress/psoc creator/4.4/psoc creator/import/gnu/arm/5.4.1/bin/../lib/gcc/arm-none-eabi/5.4.1/../../../../arm-none-eabi/lib/armv7-m/crt0.o
 .data          0x00000000        0x0 c:/program files (x86)/cypress/psoc creator/4.4/psoc creator/import/gnu/arm/5.4.1/bin/../lib/gcc/arm-none-eabi/5.4.1/../../../../arm-none-eabi/lib/armv7-m/crt0.o
 .bss           0x00000000        0x0 c:/program files (x86)/cypress/psoc creator/4.4/psoc creator/import/gnu/arm/5.4.1/bin/../lib/gcc/arm-none-eabi/5.4.1/../../../../arm-none-eabi/lib/armv7-m/crt0.o
 .ARM.extab     0x00000000        0x0 c:/program files (x86)/cypress/psoc creator/4.4/psoc creator/import/gnu/arm/5.4.1/bin/../lib/gcc/arm-none-eabi/5.4.1/../../../../arm-none-eabi/lib/armv7-m/crt0.o
 .ARM.exidx     0x00000000        0x8 c:/program files (x86)/cypress/psoc creator/4.4/psoc creator/import/gnu/arm/5.4.1/bin/../lib/gcc/arm-none-eabi/5.4.1/../../../../arm-none-eabi/lib/armv7-m/crt0.o
 .text          0x00000000        0x0 .\CortexM3\ARM_GCC_541\Debug\main.o (symbol from plugin)
 .text          0x00000000        0x0 C:\Users\elias\AppData\Local\Temp\ccfTJYjP.ltrans0.ltrans.o
 .text          0x00000000        0x0 C:\Users\elias\AppData\Local\Temp\ccfTJYjP.ltrans1.ltrans.o
 .data          0x00000000        0x0 C:\Users\elias\AppData\Local\Temp\ccfTJYjP.ltrans1.ltrans.o
 .text          0x00000000        0x0 C:\Users\elias\AppData\Local\Temp\ccfTJYjP.ltrans2.ltrans.o
 .text._exit    0x00000000        0x4 C:\Users\elias\AppData\Local\Temp\ccfTJYjP.ltrans2.ltrans.o
 .text          0x00000000        0x0 C:\Users\elias\AppData\Local\Temp\ccfTJYjP.ltrans3.ltrans.o
 .data          0x00000000        0x0 C:\Users\elias\AppData\Local\Temp\ccfTJYjP.ltrans3.ltrans.o
 .text          0x00000000        0x0 C:\Users\elias\AppData\Local\Temp\ccfTJYjP.ltrans4.ltrans.o
 .data          0x00000000        0x0 C:\Users\elias\AppData\Local\Temp\ccfTJYjP.ltrans4.ltrans.o
 .text          0x00000000        0x0 C:\Users\elias\AppData\Local\Temp\ccfTJYjP.ltrans5.ltrans.o
 .data          0x00000000        0x0 C:\Users\elias\AppData\Local\Temp\ccfTJYjP.ltrans5.ltrans.o
 .text          0x00000000        0x0 C:\Users\elias\AppData\Local\Temp\ccfTJYjP.ltrans6.ltrans.o
 .data          0x00000000        0x0 C:\Users\elias\AppData\Local\Temp\ccfTJYjP.ltrans6.ltrans.o
 .bss           0x00000000        0x0 C:\Users\elias\AppData\Local\Temp\ccfTJYjP.ltrans6.ltrans.o
 .text          0x00000000        0x0 .\CortexM3\ARM_GCC_541\Debug\calibration.o (symbol from plugin)
 .text          0x00000000        0x0 .\CortexM3\ARM_GCC_541\Debug\psoc_adc.o (symbol from plugin)
 .text          0x00000000        0x0 .\CortexM3\ARM_GCC_541\Debug\psoc_hw.o (symbol from plugin)
 .text          0x00000000        0x0 .\CortexM3\ARM_GCC_541\Debug\cyfitter_cfg.o (symbol from plugin)
 .text          0x00000000        0x0 .\CortexM3\ARM_GCC_541\Debug\cymetadata.o (symbol from plugin)
 .text          0x00000000        0x0 .\CortexM3\ARM_GCC_541\Debug\Cm3Start.o (symbol from plugin)
 .text          0x00000000        0x0 CyLib.o (symbol from plugin)
 .text          0x00000000        0x0 cyPm.o (symbol from plugin)
 .text          0x00000000        0x0 isr_DelSig.o (symbol from plugin)
 .text          0x00000000        0x0 isr_Timer.o (symbol from plugin)
 .text          0x00000000        0x0 Timer.o (symbol from plugin)
 .text          0x00000000        0x0 LED.o (symbol from plugin)
 .text          0x00000000        0x0 UART.o (symbol from plugin)
 .text          0x00000000        0x0 UART_INT.o (symbol from plugin)
 .text          0x00000000        0x0 UART_IntClock.o (symbol from plugin)
 .text          0x00000000        0x0 OPAbp.o (symbol from plugin)
 .text          0x00000000        0x0 OPAlp.o (symbol from plugin)
 .text          0x00000000        0x0 OPAadder.o (symbol from plugin)
 .text          0x00000000        0x0 ADC.o (symbol from plugin)
 .text          0x00000000        0x0 ADC_INT.o (symbol from plugin)
 .text          0x00000000        0x0 PGAgain.o (symbol from plugin)
 .text          0x00000000        0x0 PGAn.o (symbol from plugin)
 .text          0x00000000        0x0 PGAp.o (symbol from plugin)
 .text          0x00000000        0x0 ADC_Ext_CP_Clk.o (symbol from plugin)
 .text          0x00000000        0x0 ADC_theACLK.o (symbol from plugin)
 .text          0x00000000        0x0 OPAref.o (symbol from plugin)
 .text          0x00000000        0x0 LPF_1.o (symbol from plugin)
 .text          0x00000000        0x0 LPF_2.o (symbol from plugin)
 .text          0x00000000        0x0 SYNC_IN.o (symbol from plugin)
 .text          0x00000000        0x0 isr_SyncIn.o (symbol from plugin)
 .text          0x00000000        0x0 VDAC_ref_LP.o (symbol from plugin)
 .text          0x00000000        0x0 VDAC_ref_BP.o (symbol from plugin)
 .text          0x00000000        0x0 VDAC_ref_PGA.o (symbol from plugin)
 .text          0x00000000        0x0 VDAC_Ref_Adder.o (symbol from plugin)
 .text          0x00000000        0x0 AMux_IN.o (symbol from plugin)
 .text          0x00000000        0x0 AMux_ADC.o (symbol from plugin)
 .text          0x00000000        0x0 PGAshield.o (symbol from plugin)
 .data          0x00000000        0x0 .\CortexM3\ARM_GCC_541\Debug\AcondicionamientoAnalogico.a(CyBootAsmGnu.o)
 .bss           0x00000000        0x0 .\CortexM3\ARM_GCC_541\Debug\AcondicionamientoAnalogico.a(CyBootAsmGnu.o)
 .text          0x00000000        0x0 CyFlash.o (symbol from plugin)
 .text          0x00000000        0x0 CySpc.o (symbol from plugin)
 .text          0x00000000        0x0 c:/program files (x86)/cypress/psoc creator/4.4/psoc creator/import/gnu/arm/5.4.1/bin/../lib/gcc/arm-none-eabi/5.4.1/../../../../arm-none-eabi/lib/armv7-m\libg_nano.a(lib_a-errno.o)
 .data          0x00000000        0x0 c:/program files (x86)/cypress/psoc creator/4.4/psoc creator/import/gnu/arm/5.4.1/bin/../lib/gcc/arm-none-eabi/5.4.1/../../../../arm-none-eabi/lib/armv7-m\libg_nano.a(lib_a-errno.o)
 .bss           0x00000000        0x0 c:/program files (x86)/cypress/psoc creator/4.4/psoc creator/import/gnu/arm/5.4.1/bin/../lib/gcc/arm-none-eabi/5.4.1/../../../../arm-none-eabi/lib/armv7-m\libg_nano.a(lib_a-errno.o)
 .text          0x00000000        0x0 c:/program files (x86)/cypress/psoc creator/4.4/psoc creator/import/gnu/arm/5.4.1/bin/../lib/gcc/arm-none-eabi/5.4.1/../../../../arm-none-eabi/lib/armv7-m\libg_nano.a(lib_a-exit.o)
 .data          0x00000000        0x0 c:/program files (x86)/cypress/psoc creator/4.4/psoc creator/import/gnu/arm/5.4.1/bin/../lib/gcc/arm-none-eabi/5.4.1/../../../../arm-none-eabi/lib/armv7-m\libg_nano.a(lib_a-exit.o)
 .bss           0x00000000        0x0 c:/program files (x86)/cypress/psoc creator/4.4/psoc creator/import/gnu/arm/5.4.1/bin/../lib/gcc/arm-none-eabi/5.4.1/../../../../arm-none-eabi/lib/armv7-m\libg_nano.a(lib_a-exit.o)
 .text.exit     0x00000000       0x28 c:/program files (x86)/cypress/psoc creator/4.4/psoc creator/import/gnu/arm/5.4.1/bin/../lib/gcc/arm-none-eabi/5.4.1/../../../../arm-none-eabi/lib/armv7-m\libg_nano.a(lib_a-exit.o)
 .text          0x00000000        0x0 c:/program files (x86)/cypress/psoc creator/4.4/psoc creator/import/gnu/arm/5.4.1/bin/../lib/gcc/arm-none-eabi/5.4.1/../../../../arm-none-eabi/lib/armv7-m\libg_nano.a(lib_a-impure.o)
 .data          0x00000000        0x0 c:/program files (x86)/cypress/psoc creator/4.4/psoc creator/import/gnu/arm/5.4.1/bin/../lib/gcc/arm-none-eabi/5.4.1/../../../../arm-none-eabi/lib/armv7-m\libg_nano.a(lib_a-impure.o)
 .bss           0x00000000        0x0 c:/program files (x86)/cypress/psoc creator/4.4/psoc creator/import/gnu/arm/5.4.1/bin/../lib/gcc/arm-none-eabi/5.4.1/../../../../arm-none-eabi/lib/armv7-m\libg_nano.a(lib_a-impure.o)
 .rodata._global_impure_ptr
                0x00000000        0x4 c:/program files (x86)/cypress/psoc creator/4.4/psoc creator/import/gnu/arm/5.4.1/bin/../lib/gcc/arm-none-eabi/5.4.1/../../../../arm-none-eabi/lib/armv7-m\libg_nano.a(lib_a-impure.o)
 .text          0x00000000        0x0 c:/program files (x86)/cypress/psoc creator/4.4/psoc creator/import/gnu/arm/5.4.1/bin/../lib/gcc/arm-none-eabi/5.4.1/../../../../arm-none-eabi/lib/armv7-m\libg_nano.a(lib_a-init.o)
 .data          0x00000000        0x0 c:/program files (x86)/cypress/psoc creator/4.4/psoc creator/import/gnu/arm/5.4.1/bin/../lib/gcc/arm-none-eabi/5.4.1/../../../../arm-none-eabi/lib/armv7-m\libg_nano.a(lib_a-init.o)
 .bss           0x00000000        0x0 c:/program files (x86)/cypress/psoc creator/4.4/psoc creator/import/gnu/arm/5.4.1/bin/../lib/gcc/arm-none-eabi/5.4.1/../../../../arm-none-eabi/lib/armv7-m\libg_nano.a(lib_a-init.o)
 .text          0x00000000        0x0 c:/program files (x86)/cypress/psoc creator/4.4/psoc creator/import/gnu/arm/5.4.1/bin/../lib/gcc/arm-none-eabi/5.4.1/../../../../arm-none-eabi/lib/armv7-m\libg_nano.a(lib_a-memset.o)
 .data          0x00000000        0x0 c:/program files (x86)/cypress/psoc creator/4.4/psoc creator/import/gnu/arm/5.4.1/bin/../lib/gcc/arm-none-eabi/5.4.1/../../../../arm-none-eabi/lib/armv7-m\libg_nano.a(lib_a-memset.o)
 .bss           0x00000000        0x0 c:/program files (x86)/cypress/psoc creator/4.4/psoc creator/import/gnu/arm/5.4.1/bin/../lib/gcc/arm-none-eabi/5.4.1/../../../../arm-none-eabi/lib/armv7-m\libg_nano.a(lib_a-memset.o)
 .text          0x00000000        0x0 c:/program files (x86)/cypress/psoc creator/4.4/psoc creator/import/gnu/arm/5.4.1/bin/../lib/gcc/arm-none-eabi/5.4.1/armv7-m/crtend.o
 .data          0x00000000        0x0 c:/program files (x86)/cypress/psoc creator/4.4/psoc creator/import/gnu/arm/5.4.1/bin/../lib/gcc/arm-none-eabi/5.4.1/armv7-m/crtend.o
 .bss           0x00000000        0x0 c:/program files (x86)/cypress/psoc creator/4.4/psoc creator/import/gnu/arm/5.4.1/bin/../lib/gcc/arm-none-eabi/5.4.1/armv7-m/crtend.o
 .text          0x00000000        0x0 c:/program files (x86)/cypress/psoc creator/4.4/psoc creator/import/gnu/arm/5.4.1/bin/../lib/gcc/arm-none-eabi/5.4.1/armv7-m/crtn.o
 .data          0x00000000        0x0 c:/program files (x86)/cypress/psoc creator/4.4/psoc creator/import/gnu/arm/5.4.1/bin/../lib/gcc/arm-none-eabi/5.4.1/armv7-m/crtn.o
 .bss           0x00000000        0x0 c:/program files (x86)/cypress/psoc creator/4.4/psoc creator/import/gnu/arm/5.4.1/bin/../lib/gcc/arm-none-eabi/5.4.1/armv7-m/crtn.o
 .text          0x00000000        0x0 c:/program files (x86)/cypress/psoc creator/4.4/psoc creator/import/gnu/arm/5.4.1/bin/../lib/gcc/arm-none-eabi/5.4.1/../../../../arm-none-eabi/lib/armv7-m\libnosys.a(_exit.o)
 .data          0x00000000        0x0 c:/program files (x86)/cypress/psoc creator/4.4/psoc creator/import/gnu/arm/5.4.1/bin/../lib/gcc/arm-none-eabi/5.4.1/../../../../arm-none-eabi/lib/armv7-m\libnosys.a(_exit.o)
 .bss           0x00000000        0x0 c:/program files (x86)/cypress/psoc creator/4.4/psoc creator/import/gnu/arm/5.4.1/bin/../lib/gcc/arm-none-eabi/5.4.1/../../../../arm-none-eabi/lib/armv7-m\libnosys.a(_exit.o)
 .text._exit    0x00000000        0x4 c:/program files (x86)/cypress/psoc creator/4.4/psoc creator/import/gnu/arm/5.4.1/bin/../lib/gcc/arm-none-eabi/5.4.1/../../../../arm-none-eabi/lib/armv7-m\libnosys.a(_exit.o)

Memory Configuration

Name             Origin             Length             Attributes
rom              0x00000000         0x00040000         xr
ram              0x1fff8000         0x00010000         xrw
*default*        0x00000000         0xffffffff

Linker script and memory map

LOAD c:/program files (x86)/cypress/psoc creator/4.4/psoc creator/import/gnu/arm/5.4.1/bin/../lib/gcc/arm-none-eabi/5.4.1/armv7-m/crti.o
LOAD c:/program files (x86)/cypress/psoc creator/4.4/psoc creator/import/gnu/arm/5.4.1/bin/../lib/gcc/arm-none-eabi/5.4.1/armv7-m/crtbegin.o
LOAD c:/program files (x86)/cypress/psoc creator/4.4/psoc creator/import/gnu/arm/5.4.1/bin/../lib/gcc/arm-none-eabi/5.4.1/../../../../arm-none-eabi/lib/armv7-m/crt0.o
START GROUP
LOAD .\CortexM3\ARM_GCC_541\Debug\main.o
LOAD C:\Users\elias\AppData\Local\Temp\ccfTJYjP.ltrans0.ltrans.o
LOAD C:\Users\elias\AppData\Local\Temp\ccfTJYjP.ltrans1.ltrans.o
LOAD C:\Users\elias\AppData\Local\Temp\ccfTJYjP.ltrans2.ltrans.o
LOAD C:\Users\elias\AppData\Local\Temp\ccfTJYjP.ltrans3.ltrans.o
LOAD C:\Users\elias\AppData\Local\Temp\ccfTJYjP.ltrans4.ltrans.o
LOAD C:\Users\elias\AppData\Local\Temp\ccfTJYjP.ltrans5.ltrans.o
LOAD C:\Users\elias\AppData\Local\Temp\ccfTJYjP.ltrans6.ltrans.o
LOAD .\CortexM3\ARM_GCC_541\Debug\calibration.o
LOAD .\CortexM3\ARM_GCC_541\Debug\psoc_adc.o
LOAD .\CortexM3\ARM_GCC_541\Debug\psoc_hw.o
LOAD .\CortexM3\ARM_GCC_541\Debug\cyfitter_cfg.o
LOAD .\CortexM3\ARM_GCC_541\Debug\cymetadata.o
LOAD .\CortexM3\ARM_GCC_541\Debug\Cm3Start.o
LOAD .\CortexM3\ARM_GCC_541\Debug\AcondicionamientoAnalogico.a
LOAD C:\Program Files (x86)\Cypress\PSoC Creator\4.4\PSoC Creator\psoc\content\cycomponentlibrary\CyComponentLibrary.cylib\CortexM3\ARM_GCC_541\Debug\CyComponentLibrary.a
END GROUP
START GROUP
LOAD c:/program files (x86)/cypress/psoc creator/4.4/psoc creator/import/gnu/arm/5.4.1/bin/../lib/gcc/arm-none-eabi/5.4.1/armv7-m\libgcc.a
LOAD c:/program files (x86)/cypress/psoc creator/4.4/psoc creator/import/gnu/arm/5.4.1/bin/../lib/gcc/arm-none-eabi/5.4.1/../../../../arm-none-eabi/lib/armv7-m\libg_nano.a
LOAD c:/program files (x86)/cypress/psoc creator/4.4/psoc creator/import/gnu/arm/5.4.1/bin/../lib/gcc/arm-none-eabi/5.4.1/../../../../arm-none-eabi/lib/armv7-m\libc_nano.a
END GROUP
START GROUP
LOAD c:/program files (x86)/cypress/psoc creator/4.4/psoc creator/import/gnu/arm/5.4.1/bin/../lib/gcc/arm-none-eabi/5.4.1/armv7-m\libgcc.a
LOAD c:/program files (x86)/cypress/psoc creator/4.4/psoc creator/import/gnu/arm/5.4.1/bin/../lib/gcc/arm-none-eabi/5.4.1/../../../../arm-none-eabi/lib/armv7-m\libc_nano.a
END GROUP
LOAD c:/program files (x86)/cypress/psoc creator/4.4/psoc creator/import/gnu/arm/5.4.1/bin/../lib/gcc/arm-none-eabi/5.4.1/armv7-m/crtend.o
LOAD c:/program files (x86)/cypress/psoc creator/4.4/psoc creator/import/gnu/arm/5.4.1/bin/../lib/gcc/arm-none-eabi/5.4.1/armv7-m/crtn.o
START GROUP
LOAD c:/program files (x86)/cypress/psoc creator/4.4/psoc creator/import/gnu/arm/5.4.1/bin/../lib/gcc/arm-none-eabi/5.4.1/armv7-m\libgcc.a
LOAD c:/program files (x86)/cypress/psoc creator/4.4/psoc creator/import/gnu/arm/5.4.1/bin/../lib/gcc/arm-none-eabi/5.4.1/../../../../arm-none-eabi/lib/armv7-m\libc.a
LOAD c:/program files (x86)/cypress/psoc creator/4.4/psoc creator/import/gnu/arm/5.4.1/bin/../lib/gcc/arm-none-eabi/5.4.1/../../../../arm-none-eabi/lib/armv7-m\libnosys.a
END GROUP
                0x00000000                CY_APPL_ORIGIN = 0x0
                0x00000100                CY_FLASH_ROW_SIZE = 0x100
                0x00000020                CY_ECC_ROW_SIZE = 0x20
                0x00000000                CY_EE_IN_BTLDR = 0x0
                0x00000000                CY_APPL_LOADABLE = 0x0
                0x00000800                CY_EE_SIZE = 0x800
                0x00000001                CY_APPL_NUM = 0x1
                0x00000001                CY_APPL_MAX = 0x1
                0x00000040                CY_METADATA_SIZE = 0x40
                0x00000000                CY_APPL_LOADABLE = 0x0
                0x00000000                CY_CHECKSUM_EXCLUDE_SIZE = ALIGN (0x0, CY_FLASH_ROW_SIZE)
                [!provide]                PROVIDE (__cy_heap_start, _end)
                0x00000001                PROVIDE (__cy_region_num, ((__cy_regions_end - __cy_regions) / 0x10))
                0x20008000                PROVIDE (__cy_stack, (ORIGIN (ram) + LENGTH (ram)))
                [!provide]                PROVIDE (__cy_heap_end, (__cy_stack - 0x800))

.cybootloader   0x00000000        0x0
 *(.cybootloader)
                0x00000000                appl1_start = CY_APPL_ORIGIN?CY_APPL_ORIGIN:ALIGN (CY_FLASH_ROW_SIZE)
                0x0001ff00                appl2_start = (appl1_start + ALIGN ((((LENGTH (rom) - appl1_start) - (0x2 * CY_FLASH_ROW_SIZE)) / 0x2), CY_FLASH_ROW_SIZE))
                0x00000000                appl_start = (CY_APPL_NUM == 0x1)?appl1_start:appl2_start
                0x00000000                ecc_offset = ((appl_start / CY_FLASH_ROW_SIZE) * CY_ECC_ROW_SIZE)
                0x00000000                ee_offset = (CY_APPL_LOADABLE && ! (CY_EE_IN_BTLDR))?((CY_EE_SIZE / CY_APPL_MAX) * (CY_APPL_NUM - 0x1)):0x0
                0x00000800                ee_size = (CY_APPL_LOADABLE && ! (CY_EE_IN_BTLDR))?(CY_EE_SIZE / CY_APPL_MAX):CY_EE_SIZE
                [!provide]                PROVIDE (CY_ECC_OFFSET, ecc_offset)

.text           0x00000000     0x4ef0
 CREATE_OBJECT_SYMBOLS
                0x00000000                PROVIDE (__cy_interrupt_vector, RomVectors)
 *(.romvectors)
 .romvectors    0x00000000       0x10 C:\Users\elias\AppData\Local\Temp\ccfTJYjP.ltrans2.ltrans.o
                0x00000000                RomVectors
                0x00000001                ASSERT ((. != __cy_interrupt_vector), No interrupt vector)
                0x00000001                ASSERT (CY_APPL_ORIGIN?(SIZEOF (.cybootloader) <= CY_APPL_ORIGIN):0x1, Wrong image location)
                0x00000010                PROVIDE (__cy_reset, Reset)
 *(.text.Reset)
 .text.Reset    0x00000010       0x64 C:\Users\elias\AppData\Local\Temp\ccfTJYjP.ltrans2.ltrans.o
                0x00000010                Reset
                0x00000001                ASSERT ((. != __cy_reset), No reset code)
 *(.dma_init)
                0x00000001                ASSERT ((((appl_start + .) <= 0x10000) || 0x1), DMA Init must be within the first 64k of flash)
 *(.text .text.* .gnu.linkonce.t.*)
 .text          0x00000074       0x5c c:/program files (x86)/cypress/psoc creator/4.4/psoc creator/import/gnu/arm/5.4.1/bin/../lib/gcc/arm-none-eabi/5.4.1/armv7-m/crtbegin.o
 .text.startup.main
                0x000000d0     0x1358 C:\Users\elias\AppData\Local\Temp\ccfTJYjP.ltrans0.ltrans.o
                0x000000d0                main
 .text.uart_service.lto_priv.81
                0x00001428     0x10f0 C:\Users\elias\AppData\Local\Temp\ccfTJYjP.ltrans1.ltrans.o
                0x00001428                uart_service.lto_priv.81
 .text.ADC_ISR1
                0x00002518        0x4 C:\Users\elias\AppData\Local\Temp\ccfTJYjP.ltrans2.ltrans.o
 .text.UART_TXISR
                0x0000251c       0x58 C:\Users\elias\AppData\Local\Temp\ccfTJYjP.ltrans2.ltrans.o
                0x0000251c                UART_TXISR
 .text.UART_RXISR
                0x00002574       0x78 C:\Users\elias\AppData\Local\Temp\ccfTJYjP.ltrans2.ltrans.o
                0x00002574                UART_RXISR
 .text.IntDefaultHandler
                0x000025ec       0x10 C:\Users\elias\AppData\Local\Temp\ccfTJYjP.ltrans2.ltrans.o
 .text.cal_amux_in_select.constprop.15
                0x000025fc       0xfc C:\Users\elias\AppData\Local\Temp\ccfTJYjP.ltrans2.ltrans.o
                0x000025fc                cal_amux_in_select.constprop.15
 .text.cal_amux_in_select.constprop.14
                0x000026f8       0xf0 C:\Users\elias\AppData\Local\Temp\ccfTJYjP.ltrans2.ltrans.o
                0x000026f8                cal_amux_in_select.constprop.14
 .text.PGAn_SetGain.constprop.3
                0x000027e8       0x30 C:\Users\elias\AppData\Local\Temp\ccfTJYjP.ltrans2.ltrans.o
                0x000027e8                PGAn_SetGain.constprop.3
 .text.PGAp_SetGain.constprop.2
                0x00002818       0x30 C:\Users\elias\AppData\Local\Temp\ccfTJYjP.ltrans2.ltrans.o
                0x00002818                PGAp_SetGain.constprop.2
 .text.AMux_ADC_FastSelect
                0x00002848       0xc0 C:\Users\elias\AppData\Local\Temp\ccfTJYjP.ltrans2.ltrans.o
                0x00002848                AMux_ADC_FastSelect
 .text.PGAgain_SetGain
                0x00002908       0x78 C:\Users\elias\AppData\Local\Temp\ccfTJYjP.ltrans2.ltrans.o
                0x00002908                PGAgain_SetGain
 .text.ADC_Stop
                0x00002980       0xfc C:\Users\elias\AppData\Local\Temp\ccfTJYjP.ltrans2.ltrans.o
                0x00002980                ADC_Stop
 .text.ADC_Start
                0x00002a7c      0x4f0 C:\Users\elias\AppData\Local\Temp\ccfTJYjP.ltrans2.ltrans.o
                0x00002a7c                ADC_Start
 .text.startup.initialize_psoc
                0x00002f6c      0x3ac C:\Users\elias\AppData\Local\Temp\ccfTJYjP.ltrans2.ltrans.o
 .text.cal_async_record_measurement.isra.2.lto_priv.82
                0x00003318      0x1e8 C:\Users\elias\AppData\Local\Temp\ccfTJYjP.ltrans2.ltrans.o
                0x00003318                cal_async_record_measurement.isra.2.lto_priv.82
 .text.service_runtime.lto_priv.71
                0x00003500      0xbb8 C:\Users\elias\AppData\Local\Temp\ccfTJYjP.ltrans3.ltrans.o
                0x00003500                service_runtime.lto_priv.71
 .text.async_finish_stage.lto_priv.83
                0x000040b8      0x1b4 C:\Users\elias\AppData\Local\Temp\ccfTJYjP.ltrans4.ltrans.o
                0x000040b8                async_finish_stage.lto_priv.83
 .text.psoc_calibration_restore_capture_path
                0x0000426c      0x1a4 C:\Users\elias\AppData\Local\Temp\ccfTJYjP.ltrans4.ltrans.o
                0x0000426c                psoc_calibration_restore_capture_path
 .text.cal_servo_apply_measurement.lto_priv.72
                0x00004410      0x3cc C:\Users\elias\AppData\Local\Temp\ccfTJYjP.ltrans4.ltrans.o
                0x00004410                cal_servo_apply_measurement.lto_priv.72
 .text.psoc_calibration_amux_active
                0x000047dc      0x104 C:\Users\elias\AppData\Local\Temp\ccfTJYjP.ltrans4.ltrans.o
                0x000047dc                psoc_calibration_amux_active
 .text.cal_diag_point.lto_priv.84
                0x000048e0       0x80 C:\Users\elias\AppData\Local\Temp\ccfTJYjP.ltrans4.ltrans.o
                0x000048e0                cal_diag_point.lto_priv.84
 .text.isr_DelSigReady
                0x00004960      0x1a4 C:\Users\elias\AppData\Local\Temp\ccfTJYjP.ltrans5.ltrans.o
                0x00004960                isr_DelSigReady
 .text.uart_send_diag.lto_priv.68
                0x00004b04       0xe0 C:\Users\elias\AppData\Local\Temp\ccfTJYjP.ltrans5.ltrans.o
                0x00004b04                uart_send_diag.lto_priv.68
 .text.isr_Timer
                0x00004be4       0xc4 C:\Users\elias\AppData\Local\Temp\ccfTJYjP.ltrans5.ltrans.o
                0x00004be4                isr_Timer
 .text.isr_SyncIn
                0x00004ca8      0x18c C:\Users\elias\AppData\Local\Temp\ccfTJYjP.ltrans5.ltrans.o
                0x00004ca8                isr_SyncIn
 .text.cal_vdac_geo_lp.lto_priv.67
                0x00004e34        0xc C:\Users\elias\AppData\Local\Temp\ccfTJYjP.ltrans6.ltrans.o
                0x00004e34                cal_vdac_geo_lp.lto_priv.67
 .text.cal_vdac_geo_adder.lto_priv.66
                0x00004e40        0xc C:\Users\elias\AppData\Local\Temp\ccfTJYjP.ltrans6.ltrans.o
                0x00004e40                cal_vdac_geo_adder.lto_priv.66
 .text.cal_vdac_geo_bp.lto_priv.65
                0x00004e4c        0xc C:\Users\elias\AppData\Local\Temp\ccfTJYjP.ltrans6.ltrans.o
                0x00004e4c                cal_vdac_geo_bp.lto_priv.65
 .text.cal_vdac_geo_pga.lto_priv.64
                0x00004e58        0xc C:\Users\elias\AppData\Local\Temp\ccfTJYjP.ltrans6.ltrans.o
                0x00004e58                cal_vdac_geo_pga.lto_priv.64
 *fill*         0x00004e64        0x4 
 .text          0x00004e68       0x20 .\CortexM3\ARM_GCC_541\Debug\AcondicionamientoAnalogico.a(CyBootAsmGnu.o)
                0x00004e68                CyDelayCycles
                0x00004e78                CyEnterCriticalSection
                0x00004e80                CyExitCriticalSection
 .text.__errno  0x00004e88        0xc c:/program files (x86)/cypress/psoc creator/4.4/psoc creator/import/gnu/arm/5.4.1/bin/../lib/gcc/arm-none-eabi/5.4.1/../../../../arm-none-eabi/lib/armv7-m\libg_nano.a(lib_a-errno.o)
                0x00004e88                __errno
 .text.__libc_init_array
                0x00004e94       0x4c c:/program files (x86)/cypress/psoc creator/4.4/psoc creator/import/gnu/arm/5.4.1/bin/../lib/gcc/arm-none-eabi/5.4.1/../../../../arm-none-eabi/lib/armv7-m\libg_nano.a(lib_a-init.o)
                0x00004e94                __libc_init_array
 .text.memset   0x00004ee0       0x10 c:/program files (x86)/cypress/psoc creator/4.4/psoc creator/import/gnu/arm/5.4.1/bin/../lib/gcc/arm-none-eabi/5.4.1/../../../../arm-none-eabi/lib/armv7-m\libg_nano.a(lib_a-memset.o)
                0x00004ee0                memset
 *(.plt)
 *(.gnu.warning)
 *(.glue_7t)
 .glue_7t       0x00004ef0        0x0 linker stubs
 *(.glue_7)
 .glue_7        0x00004ef0        0x0 linker stubs
 *(.vfp11_veneer)
 .vfp11_veneer  0x00004ef0        0x0 linker stubs
 *(.bootloader)
 *(.ARM.extab* .gnu.linkonce.armextab.*)
 *(.gcc_except_table)

.v4_bx          0x00004ef0        0x0
 .v4_bx         0x00004ef0        0x0 linker stubs

.iplt           0x00004ef0        0x0
 .iplt          0x00004ef0        0x0 c:/program files (x86)/cypress/psoc creator/4.4/psoc creator/import/gnu/arm/5.4.1/bin/../lib/gcc/arm-none-eabi/5.4.1/armv7-m/crtbegin.o

.eh_frame_hdr
 *(.eh_frame_hdr)

.eh_frame       0x00004ef0        0x4
 *(.eh_frame)
 .eh_frame      0x00004ef0        0x0 c:/program files (x86)/cypress/psoc creator/4.4/psoc creator/import/gnu/arm/5.4.1/bin/../lib/gcc/arm-none-eabi/5.4.1/armv7-m/crtbegin.o
 .eh_frame      0x00004ef0        0x4 c:/program files (x86)/cypress/psoc creator/4.4/psoc creator/import/gnu/arm/5.4.1/bin/../lib/gcc/arm-none-eabi/5.4.1/armv7-m/crtend.o
                [!provide]                PROVIDE (__exidx_start, .)

.ARM.exidx
 *(.ARM.exidx* .gnu.linkonce.armexidx.*)
                0x00004ef4                __exidx_end = .

.rodata         0x00004ef4      0x1cc
 *(.rodata .rodata.* .gnu.linkonce.r.*)
 .rodata        0x00004ef4        0xc C:\Users\elias\AppData\Local\Temp\ccfTJYjP.ltrans0.ltrans.o
                0x00004efc                g_ping_frame.lto_priv.88
 .rodata        0x00004f00       0x15 C:\Users\elias\AppData\Local\Temp\ccfTJYjP.ltrans1.ltrans.o
 *fill*         0x00004f15        0x3 
 .rodata        0x00004f18       0x78 C:\Users\elias\AppData\Local\Temp\ccfTJYjP.ltrans2.ltrans.o
                0x00004f18                AMux_IN_CYAMUXSIDE_A__outerAddr.lto_priv.60
                0x00004f20                AMux_IN_CYAMUXSIDE_A__outerMask.lto_priv.61
                0x00004f24                AMux_IN_CYAMUXSIDE_A__innerMap.lto_priv.62
                0x00004f28                AMux_IN_CYAMUXSIDE_B__addrTable
                0x00004f38                AMux_IN_CYAMUXSIDE_B__maskTable
                0x00004f3c                AMux_ADC__outerAddr.lto_priv.54
                0x00004f4c                AMux_ADC__outerMask.lto_priv.55
                0x00004f50                AMux_ADC__innerMap.lto_priv.56
 .rodata        0x00004f90       0xd0 C:\Users\elias\AppData\Local\Temp\ccfTJYjP.ltrans4.ltrans.o
                0x00004f90                g_psoc_cal_stages.lto_priv.70
 .rodata.str1.4
                0x00005060       0x24 C:\Users\elias\AppData\Local\Temp\ccfTJYjP.ltrans4.ltrans.o
                                 0x23 (size before relaxing)
 .rodata.str1.1
                0x00005084        0x2 c:/program files (x86)/cypress/psoc creator/4.4/psoc creator/import/gnu/arm/5.4.1/bin/../lib/gcc/arm-none-eabi/5.4.1/../../../../arm-none-eabi/lib/armv7-m\libg_nano.a(lib_a-impure.o)
                0x00005088                . = ALIGN (0x4)
 *fill*         0x00005086        0x2 
 *(.init)
 .init          0x00005088        0x4 c:/program files (x86)/cypress/psoc creator/4.4/psoc creator/import/gnu/arm/5.4.1/bin/../lib/gcc/arm-none-eabi/5.4.1/armv7-m/crti.o
                0x00005088                _init
 .init          0x0000508c        0x8 c:/program files (x86)/cypress/psoc creator/4.4/psoc creator/import/gnu/arm/5.4.1/bin/../lib/gcc/arm-none-eabi/5.4.1/armv7-m/crtn.o
                0x00005094                . = ALIGN (0x4)
                0x00005094                __preinit_array_start = .
 *(.preinit_array)
                0x00005094                __preinit_array_end = .
                0x00005094                . = ALIGN (0x4)
                0x00005094                __init_array_start = .
 *(SORT(.init_array.*))
 *(.init_array)
 .init_array    0x00005094        0x4 c:/program files (x86)/cypress/psoc creator/4.4/psoc creator/import/gnu/arm/5.4.1/bin/../lib/gcc/arm-none-eabi/5.4.1/armv7-m/crtbegin.o
 .init_array    0x00005098        0x4 C:\Users\elias\AppData\Local\Temp\ccfTJYjP.ltrans2.ltrans.o
                0x0000509c                __init_array_end = .
                0x0000509c                . = ALIGN (0x4)
 *(.fini)
 .fini          0x0000509c        0x4 c:/program files (x86)/cypress/psoc creator/4.4/psoc creator/import/gnu/arm/5.4.1/bin/../lib/gcc/arm-none-eabi/5.4.1/armv7-m/crti.o
                0x0000509c                _fini
 .fini          0x000050a0        0x8 c:/program files (x86)/cypress/psoc creator/4.4/psoc creator/import/gnu/arm/5.4.1/bin/../lib/gcc/arm-none-eabi/5.4.1/armv7-m/crtn.o
                0x000050a8                . = ALIGN (0x4)
                0x000050a8                __fini_array_start = .
 *(.fini_array)
 .fini_array    0x000050a8        0x4 c:/program files (x86)/cypress/psoc creator/4.4/psoc creator/import/gnu/arm/5.4.1/bin/../lib/gcc/arm-none-eabi/5.4.1/armv7-m/crtbegin.o
 *(SORT(.fini_array.*))
                0x000050ac                __fini_array_end = .
                0x000050ac                . = ALIGN (0x4)
 *crtbegin.o(.ctors)
 *(EXCLUDE_FILE(*crtend.o) .ctors)
 *(SORT(.ctors.*))
 *crtend.o(.ctors)
                0x000050ac                . = ALIGN (0x4)
 *crtbegin.o(.dtors)
 *(EXCLUDE_FILE(*crtend.o) .dtors)
 *(SORT(.dtors.*))
 *crtend.o(.dtors)
                0x000050ac                . = ALIGN (0x4)
                0x000050ac                __cy_regions = .
                0x000050ac        0x4 LONG 0x50c0 __cy_region_init_ram
                0x000050b0        0x4 LONG 0x1fff80c0 __cy_region_start_data
                0x000050b4        0x4 LONG 0x70 __cy_region_init_size_ram
                0x000050b8        0x4 LONG 0xb660 __cy_region_zero_size_ram
                0x000050bc                __cy_regions_end = .
                0x000050c0                . = ALIGN (0x8)
 *fill*         0x000050bc        0x4 
                0x000050c0                _etext = .

.cy_checksum_exclude
                0x000050c0        0x0
 *(.cy_checksum_exclude)

.ramvectors     0x1fff8000       0xc0
                0x1fff8000                __cy_region_start_ram = .
 *(.ramvectors)
 .ramvectors    0x1fff8000       0xc0 C:\Users\elias\AppData\Local\Temp\ccfTJYjP.ltrans2.ltrans.o
                0x1fff8000                CyRamVectors

.noinit
 *(.noinit)

.data           0x1fff80c0       0x70 load address 0x000050c0
                0x1fff80c0                __cy_region_start_data = .
 *(.jcr)
 .jcr           0x1fff80c0        0x0 c:/program files (x86)/cypress/psoc creator/4.4/psoc creator/import/gnu/arm/5.4.1/bin/../lib/gcc/arm-none-eabi/5.4.1/armv7-m/crtbegin.o
 .jcr           0x1fff80c0        0x4 c:/program files (x86)/cypress/psoc creator/4.4/psoc creator/import/gnu/arm/5.4.1/bin/../lib/gcc/arm-none-eabi/5.4.1/armv7-m/crtend.o
 *(.got.plt)
 *(.got)
 *(.shdata)
 *(.data .data.* .gnu.linkonce.d.*)
 .data          0x1fff80c4        0x1 C:\Users\elias\AppData\Local\Temp\ccfTJYjP.ltrans0.ltrans.o
                0x1fff80c4                g_pga_code.lto_priv.89
 .data          0x1fff80c5        0x3 C:\Users\elias\AppData\Local\Temp\ccfTJYjP.ltrans2.ltrans.o
                0x1fff80c5                AMux_IN_lastChannel.lto_priv.58
                0x1fff80c6                AMux_ADC_lastChannel.lto_priv.52
                0x1fff80c7                ADC_Config
 .data.impure_data
                0x1fff80c8       0x60 c:/program files (x86)/cypress/psoc creator/4.4/psoc creator/import/gnu/arm/5.4.1/bin/../lib/gcc/arm-none-eabi/5.4.1/../../../../arm-none-eabi/lib/armv7-m\libg_nano.a(lib_a-impure.o)
 .data._impure_ptr
                0x1fff8128        0x4 c:/program files (x86)/cypress/psoc creator/4.4/psoc creator/import/gnu/arm/5.4.1/bin/../lib/gcc/arm-none-eabi/5.4.1/../../../../arm-none-eabi/lib/armv7-m\libg_nano.a(lib_a-impure.o)
                0x1fff8128                _impure_ptr
                0x1fff8130                . = ALIGN (0x8)
 *fill*         0x1fff812c        0x4 
 *(.ram)
                0x1fff8130                _edata = .

.igot.plt       0x1fff8130        0x0 load address 0x00005130
 .igot.plt      0x1fff8130        0x0 c:/program files (x86)/cypress/psoc creator/4.4/psoc creator/import/gnu/arm/5.4.1/bin/../lib/gcc/arm-none-eabi/5.4.1/armv7-m/crtbegin.o

.bss            0x1fff8130     0xb660 load address 0x00005130
                0x1fff8130                PROVIDE (__bss_start__, .)
 *(.shbss)
 *(.bss .bss.* .gnu.linkonce.b.*)
 .bss           0x1fff8130       0x1c c:/program files (x86)/cypress/psoc creator/4.4/psoc creator/import/gnu/arm/5.4.1/bin/../lib/gcc/arm-none-eabi/5.4.1/armv7-m/crtbegin.o
 .bss           0x1fff814c       0x35 C:\Users\elias\AppData\Local\Temp\ccfTJYjP.ltrans0.ltrans.o
                0x1fff814c                UART_initVar
                0x1fff815c                g_timer_ticks.lto_priv.80
                0x1fff8160                Timer_initVar
                0x1fff8161                g_esp_connected.lto_priv.87
                0x1fff8162                g_state.lto_priv.73
                0x1fff8164                g_batches_sent.lto_priv.76
                0x1fff8166                g_batches_captured.lto_priv.75
                0x1fff8168                g_cal_ack_pending.lto_priv.74
                0x1fff8169                g_psoc_adc_isr_ready.lto_priv.78
                0x1fff816c                g_psoc_adc_isr_counts.lto_priv.79
                0x1fff8178                g_comm_countdown.lto_priv.77
                0x1fff8180                g_pgavdac_code.lto_priv.90
 *fill*         0x1fff8181        0x3 
 .bss           0x1fff8184       0x11 C:\Users\elias\AppData\Local\Temp\ccfTJYjP.ltrans1.ltrans.o
                0x1fff8184                g_rx_watch_ticks.lto_priv.98
                0x1fff8188                g_n_batches.lto_priv.96
                0x1fff818a                g_batch_fill.lto_priv.93
                0x1fff818c                g_batch_ready.lto_priv.94
                0x1fff8190                g_dbg_cnt.lto_priv.97
                0x1fff8194                g_debug_psoc.lto_priv.95
 *fill*         0x1fff8195        0x3 
 .bss           0x1fff8198      0x140 C:\Users\elias\AppData\Local\Temp\ccfTJYjP.ltrans2.ltrans.o
                0x1fff8198                UART_txBufferRead
                0x1fff8199                UART_txBufferWrite
                0x1fff819c                UART_txBuffer
                0x1fff821c                UART_errorStatus
                0x1fff821d                UART_rxBufferWrite
                0x1fff8220                UART_rxBuffer
                0x1fff8240                UART_rxBufferLoopDetect
                0x1fff8242                UART_rxBufferRead
                0x1fff8243                AMux_IN_CYAMUXSIDE_A__armsEnabled.lto_priv.59
                0x1fff8244                AMux_IN_CYAMUXSIDE_A__refCnt.lto_priv.63
                0x1fff8248                g_cal_diag_hook.lto_priv.51
                0x1fff824c                AMux_ADC__armsEnabled.lto_priv.53
                0x1fff8250                AMux_ADC__refCnt.lto_priv.57
                0x1fff8253                ADC_convDone
                0x1fff8258                ADC_stopConversion
                0x1fff8260                g_cal_async.lto_priv.50
 .bss           0x1fff82d8     0xb406 C:\Users\elias\AppData\Local\Temp\ccfTJYjP.ltrans3.ltrans.o
                0x1fff82d8                g_capture_done.lto_priv.91
                0x1fff82da                g_seq.lto_priv.92
                0x1fff82dc                g_capture_raw.lto_priv.99
                0x200036dc                watchdog_rx.lto_priv.86
                0x200036dd                rx_state.lto_priv.85
 *fill*         0x200036de        0x2 
 .bss           0x200036e0       0xa1 C:\Users\elias\AppData\Local\Temp\ccfTJYjP.ltrans4.ltrans.o
                0x200036e0                g_psoc_cal_results
                0x20003710                g_cal_servo.lto_priv.69
                0x20003780                g_psoc_cal_result_count
 *fill*         0x20003781        0x3 
 .bss           0x20003784        0x8 C:\Users\elias\AppData\Local\Temp\ccfTJYjP.ltrans5.ltrans.o
 *(COMMON)
                0x20003790                . = ALIGN (0x8)
 *fill*         0x2000378c        0x4 
 *(.ram.b)
                0x20003790                _end = .
                0x20003790                __end = .
                0x20003790                PROVIDE (end, .)
                0x20003790                PROVIDE (__bss_end__, .)
                0x000050c0                __cy_region_init_ram = LOADADDR (.data)
                0x00000070                __cy_region_init_size_ram = (_edata - ADDR (.data))
                0x0000b660                __cy_region_zero_size_ram = (_end - _edata)

.heap           0x20003790       0x80 load address 0x00005130
                0x20003790                . = _end
                0x20003810                . = (. + 0x80)
 *fill*         0x20003790       0x80 
                0x20003810                __cy_heap_limit = .

.stack          0x20007800      0x800
                0x20007800                __cy_stack_limit = .
                0x20008000                . = (. + 0x800)
 *fill*         0x20007800      0x800 
                0x00000001                ASSERT ((__cy_stack_limit >= __cy_heap_limit), region RAM overflowed with stack)
                0x00000000                cy_checksum_exclude_size = (CY_APPL_LOADABLE == 0x1)?SIZEOF (.cy_checksum_exclude):0x0
                0x00000001                ASSERT ((cy_checksum_exclude_size <= CY_CHECKSUM_EXCLUDE_SIZE), CY_BOOT: Section .cy_checksum_exclude size exceedes specified limit.)

.cyloadermeta
 *(.cyloadermeta)

.cyloadablemeta
 *(.cyloadablemeta)

.cyconfigecc    0x80000000      0x624
 *(.cyconfigecc)
 .cyconfigecc   0x80000000      0x624 C:\Users\elias\AppData\Local\Temp\ccfTJYjP.ltrans5.ltrans.o
                0x80000000                cy_meta_configecc

.cycustnvl      0x90000000        0x4
 *(.cycustnvl)
 .cycustnvl     0x90000000        0x4 C:\Users\elias\AppData\Local\Temp\ccfTJYjP.ltrans5.ltrans.o
                0x90000000                cy_meta_custnvl

.cywolatch      0x90100000        0x4
 *(.cywolatch)
 .cywolatch     0x90100000        0x4 C:\Users\elias\AppData\Local\Temp\ccfTJYjP.ltrans5.ltrans.o
                0x90100000                cy_meta_wonvl

.cyeeprom       0x90200000        0x0
 *(.cyeeprom)
                0x00000001                ASSERT ((. <= ((0x90200000 + ee_offset) + ee_size)), .cyeeprom data will not fit in EEPROM)

.cyflashprotect
                0x90400000      0x100
 *(.cyflashprotect)
 .cyflashprotect
                0x90400000      0x100 C:\Users\elias\AppData\Local\Temp\ccfTJYjP.ltrans5.ltrans.o
                0x90400000                cy_meta_flashprotect

.cymeta         0x90500000        0xc
 *(.cymeta)
 .cymeta        0x90500000        0xc C:\Users\elias\AppData\Local\Temp\ccfTJYjP.ltrans5.ltrans.o
                0x90500000                cy_metadata

.rel.dyn        0x00005130        0x0 load address 0x9050000c
 .rel.iplt      0x00005130        0x0 c:/program files (x86)/cypress/psoc creator/4.4/psoc creator/import/gnu/arm/5.4.1/bin/../lib/gcc/arm-none-eabi/5.4.1/armv7-m/crtbegin.o

.stab
 *(.stab)

.stabstr
 *(.stabstr)

.debug
 *(.debug)

.line
 *(.line)

.debug_srcinfo
 *(.debug_srcinfo)

.debug_sfnames
 *(.debug_sfnames)

.debug_aranges  0x00000000      0x1c8
 *(.debug_aranges)
 .debug_aranges
                0x00000000       0x20 C:\Users\elias\AppData\Local\Temp\ccfTJYjP.ltrans0.ltrans.o
 .debug_aranges
                0x00000020       0x20 C:\Users\elias\AppData\Local\Temp\ccfTJYjP.ltrans1.ltrans.o
 .debug_aranges
                0x00000040       0x98 C:\Users\elias\AppData\Local\Temp\ccfTJYjP.ltrans2.ltrans.o
 .debug_aranges
                0x000000d8       0x20 C:\Users\elias\AppData\Local\Temp\ccfTJYjP.ltrans3.ltrans.o
 .debug_aranges
                0x000000f8       0x40 C:\Users\elias\AppData\Local\Temp\ccfTJYjP.ltrans4.ltrans.o
 .debug_aranges
                0x00000138       0x38 C:\Users\elias\AppData\Local\Temp\ccfTJYjP.ltrans5.ltrans.o
 .debug_aranges
                0x00000170       0x38 C:\Users\elias\AppData\Local\Temp\ccfTJYjP.ltrans6.ltrans.o
 .debug_aranges
                0x000001a8       0x20 .\CortexM3\ARM_GCC_541\Debug\AcondicionamientoAnalogico.a(CyBootAsmGnu.o)

.debug_pubnames
 *(.debug_pubnames)

.debug_info     0x00000000     0x9299
 *(.debug_info .gnu.linkonce.wi.*)
 .debug_info    0x00000000     0x2b06 C:\Users\elias\AppData\Local\Temp\ccfTJYjP.ltrans0.ltrans.o
 .debug_info    0x00002b06     0x1906 C:\Users\elias\AppData\Local\Temp\ccfTJYjP.ltrans1.ltrans.o
 .debug_info    0x0000440c     0x1a12 C:\Users\elias\AppData\Local\Temp\ccfTJYjP.ltrans2.ltrans.o
 .debug_info    0x00005e1e     0x149a C:\Users\elias\AppData\Local\Temp\ccfTJYjP.ltrans3.ltrans.o
 .debug_info    0x000072b8     0x147b C:\Users\elias\AppData\Local\Temp\ccfTJYjP.ltrans4.ltrans.o
 .debug_info    0x00008733      0x93d C:\Users\elias\AppData\Local\Temp\ccfTJYjP.ltrans5.ltrans.o
 .debug_info    0x00009070      0x1a1 C:\Users\elias\AppData\Local\Temp\ccfTJYjP.ltrans6.ltrans.o
 .debug_info    0x00009211       0x88 .\CortexM3\ARM_GCC_541\Debug\AcondicionamientoAnalogico.a(CyBootAsmGnu.o)

.debug_abbrev   0x00000000     0x174f
 *(.debug_abbrev)
 .debug_abbrev  0x00000000      0x3d3 C:\Users\elias\AppData\Local\Temp\ccfTJYjP.ltrans0.ltrans.o
 .debug_abbrev  0x000003d3      0x32a C:\Users\elias\AppData\Local\Temp\ccfTJYjP.ltrans1.ltrans.o
 .debug_abbrev  0x000006fd      0x505 C:\Users\elias\AppData\Local\Temp\ccfTJYjP.ltrans2.ltrans.o
 .debug_abbrev  0x00000c02      0x38a C:\Users\elias\AppData\Local\Temp\ccfTJYjP.ltrans3.ltrans.o
 .debug_abbrev  0x00000f8c      0x3d9 C:\Users\elias\AppData\Local\Temp\ccfTJYjP.ltrans4.ltrans.o
 .debug_abbrev  0x00001365      0x32f C:\Users\elias\AppData\Local\Temp\ccfTJYjP.ltrans5.ltrans.o
 .debug_abbrev  0x00001694       0xa7 C:\Users\elias\AppData\Local\Temp\ccfTJYjP.ltrans6.ltrans.o
 .debug_abbrev  0x0000173b       0x14 .\CortexM3\ARM_GCC_541\Debug\AcondicionamientoAnalogico.a(CyBootAsmGnu.o)

.debug_line     0x00000000     0x306b
 *(.debug_line)
 .debug_line    0x00000000      0xce0 C:\Users\elias\AppData\Local\Temp\ccfTJYjP.ltrans0.ltrans.o
 .debug_line    0x00000ce0      0x9ae C:\Users\elias\AppData\Local\Temp\ccfTJYjP.ltrans1.ltrans.o
 .debug_line    0x0000168e      0x89d C:\Users\elias\AppData\Local\Temp\ccfTJYjP.ltrans2.ltrans.o
 .debug_line    0x00001f2b      0x6cc C:\Users\elias\AppData\Local\Temp\ccfTJYjP.ltrans3.ltrans.o
 .debug_line    0x000025f7      0x44d C:\Users\elias\AppData\Local\Temp\ccfTJYjP.ltrans4.ltrans.o
 .debug_line    0x00002a44      0x4d4 C:\Users\elias\AppData\Local\Temp\ccfTJYjP.ltrans5.ltrans.o
 .debug_line    0x00002f18       0xed C:\Users\elias\AppData\Local\Temp\ccfTJYjP.ltrans6.ltrans.o
 .debug_line    0x00003005       0x66 .\CortexM3\ARM_GCC_541\Debug\AcondicionamientoAnalogico.a(CyBootAsmGnu.o)

.debug_frame    0x00000000      0x58c
 *(.debug_frame)
 .debug_frame   0x00000000       0x2c C:\Users\elias\AppData\Local\Temp\ccfTJYjP.ltrans0.ltrans.o
 .debug_frame   0x0000002c       0x40 C:\Users\elias\AppData\Local\Temp\ccfTJYjP.ltrans1.ltrans.o
 .debug_frame   0x0000006c      0x218 C:\Users\elias\AppData\Local\Temp\ccfTJYjP.ltrans2.ltrans.o
 .debug_frame   0x00000284       0x64 C:\Users\elias\AppData\Local\Temp\ccfTJYjP.ltrans3.ltrans.o
 .debug_frame   0x000002e8       0xf8 C:\Users\elias\AppData\Local\Temp\ccfTJYjP.ltrans4.ltrans.o
 .debug_frame   0x000003e0       0xa8 C:\Users\elias\AppData\Local\Temp\ccfTJYjP.ltrans5.ltrans.o
 .debug_frame   0x00000488       0x50 C:\Users\elias\AppData\Local\Temp\ccfTJYjP.ltrans6.ltrans.o
 .debug_frame   0x000004d8       0x20 c:/program files (x86)/cypress/psoc creator/4.4/psoc creator/import/gnu/arm/5.4.1/bin/../lib/gcc/arm-none-eabi/5.4.1/../../../../arm-none-eabi/lib/armv7-m\libg_nano.a(lib_a-errno.o)
 .debug_frame   0x000004f8       0x28 c:/program files (x86)/cypress/psoc creator/4.4/psoc creator/import/gnu/arm/5.4.1/bin/../lib/gcc/arm-none-eabi/5.4.1/../../../../arm-none-eabi/lib/armv7-m\libg_nano.a(lib_a-exit.o)
 .debug_frame   0x00000520       0x2c c:/program files (x86)/cypress/psoc creator/4.4/psoc creator/import/gnu/arm/5.4.1/bin/../lib/gcc/arm-none-eabi/5.4.1/../../../../arm-none-eabi/lib/armv7-m\libg_nano.a(lib_a-init.o)
 .debug_frame   0x0000054c       0x20 c:/program files (x86)/cypress/psoc creator/4.4/psoc creator/import/gnu/arm/5.4.1/bin/../lib/gcc/arm-none-eabi/5.4.1/../../../../arm-none-eabi/lib/armv7-m\libg_nano.a(lib_a-memset.o)
 .debug_frame   0x0000056c       0x20 c:/program files (x86)/cypress/psoc creator/4.4/psoc creator/import/gnu/arm/5.4.1/bin/../lib/gcc/arm-none-eabi/5.4.1/../../../../arm-none-eabi/lib/armv7-m\libnosys.a(_exit.o)

.debug_str      0x00000000     0x28a2
 *(.debug_str)
 .debug_str     0x00000000     0x1221 C:\Users\elias\AppData\Local\Temp\ccfTJYjP.ltrans0.ltrans.o
                               0x12bf (size before relaxing)
 .debug_str     0x00001221      0x32a C:\Users\elias\AppData\Local\Temp\ccfTJYjP.ltrans1.ltrans.o
                                0x7af (size before relaxing)
 .debug_str     0x0000154b      0xc0f C:\Users\elias\AppData\Local\Temp\ccfTJYjP.ltrans2.ltrans.o
                               0x1091 (size before relaxing)
 .debug_str     0x0000215a      0x272 C:\Users\elias\AppData\Local\Temp\ccfTJYjP.ltrans3.ltrans.o
                                0x894 (size before relaxing)
 .debug_str     0x000023cc      0x2cd C:\Users\elias\AppData\Local\Temp\ccfTJYjP.ltrans4.ltrans.o
                                0x853 (size before relaxing)
 .debug_str     0x00002699      0x151 C:\Users\elias\AppData\Local\Temp\ccfTJYjP.ltrans5.ltrans.o
                                0x560 (size before relaxing)
 .debug_str     0x000027ea       0xb8 C:\Users\elias\AppData\Local\Temp\ccfTJYjP.ltrans6.ltrans.o
                                0x28a (size before relaxing)

.debug_loc      0x00000000     0x6b93
 *(.debug_loc)
 .debug_loc     0x00000000     0x1741 C:\Users\elias\AppData\Local\Temp\ccfTJYjP.ltrans0.ltrans.o
 .debug_loc     0x00001741      0xe1c C:\Users\elias\AppData\Local\Temp\ccfTJYjP.ltrans1.ltrans.o
 .debug_loc     0x0000255d      0xedb C:\Users\elias\AppData\Local\Temp\ccfTJYjP.ltrans2.ltrans.o
 .debug_loc     0x00003438      0xbc3 C:\Users\elias\AppData\Local\Temp\ccfTJYjP.ltrans3.ltrans.o
 .debug_loc     0x00003ffb     0x286d C:\Users\elias\AppData\Local\Temp\ccfTJYjP.ltrans4.ltrans.o
 .debug_loc     0x00006868      0x2df C:\Users\elias\AppData\Local\Temp\ccfTJYjP.ltrans5.ltrans.o
 .debug_loc     0x00006b47       0x4c C:\Users\elias\AppData\Local\Temp\ccfTJYjP.ltrans6.ltrans.o

.debug_macinfo
 *(.debug_macinfo)

.debug_ranges   0x00000000     0x3c10
 *(.debug_ranges)
 .debug_ranges  0x00000000     0x13d8 C:\Users\elias\AppData\Local\Temp\ccfTJYjP.ltrans0.ltrans.o
 .debug_ranges  0x000013d8      0xd10 C:\Users\elias\AppData\Local\Temp\ccfTJYjP.ltrans1.ltrans.o
 .debug_ranges  0x000020e8      0x5a0 C:\Users\elias\AppData\Local\Temp\ccfTJYjP.ltrans2.ltrans.o
 .debug_ranges  0x00002688      0xab8 C:\Users\elias\AppData\Local\Temp\ccfTJYjP.ltrans3.ltrans.o
 .debug_ranges  0x00003140      0x5e8 C:\Users\elias\AppData\Local\Temp\ccfTJYjP.ltrans4.ltrans.o
 .debug_ranges  0x00003728      0x4c0 C:\Users\elias\AppData\Local\Temp\ccfTJYjP.ltrans5.ltrans.o
 .debug_ranges  0x00003be8       0x28 C:\Users\elias\AppData\Local\Temp\ccfTJYjP.ltrans6.ltrans.o

.comment        0x00000000       0x6e
 .comment       0x00000000       0x6e C:\Users\elias\AppData\Local\Temp\ccfTJYjP.ltrans0.ltrans.o
                                 0x6f (size before relaxing)
 .comment       0x0000006e       0x6f C:\Users\elias\AppData\Local\Temp\ccfTJYjP.ltrans1.ltrans.o
 .comment       0x0000006e       0x6f C:\Users\elias\AppData\Local\Temp\ccfTJYjP.ltrans2.ltrans.o
 .comment       0x0000006e       0x6f C:\Users\elias\AppData\Local\Temp\ccfTJYjP.ltrans3.ltrans.o
 .comment       0x0000006e       0x6f C:\Users\elias\AppData\Local\Temp\ccfTJYjP.ltrans4.ltrans.o
 .comment       0x0000006e       0x6f C:\Users\elias\AppData\Local\Temp\ccfTJYjP.ltrans5.ltrans.o
 .comment       0x0000006e       0x6f C:\Users\elias\AppData\Local\Temp\ccfTJYjP.ltrans6.ltrans.o

.debug_weaknames
 *(.debug_weaknames)

.debug_funcnames
 *(.debug_funcnames)

.debug_typenames
 *(.debug_typenames)

.debug_varnames
 *(.debug_varnames)

.note.gnu.arm.ident
 *(.note.gnu.arm.ident)

.ARM.attributes
                0x00000000       0x29
 *(.ARM.attributes)
 .ARM.attributes
                0x00000000       0x1d c:/program files (x86)/cypress/psoc creator/4.4/psoc creator/import/gnu/arm/5.4.1/bin/../lib/gcc/arm-none-eabi/5.4.1/armv7-m/crti.o
 .ARM.attributes
                0x0000001d       0x2d c:/program files (x86)/cypress/psoc creator/4.4/psoc creator/import/gnu/arm/5.4.1/bin/../lib/gcc/arm-none-eabi/5.4.1/armv7-m/crtbegin.o
 .ARM.attributes
                0x0000004a       0x1b c:/program files (x86)/cypress/psoc creator/4.4/psoc creator/import/gnu/arm/5.4.1/bin/../lib/gcc/arm-none-eabi/5.4.1/../../../../arm-none-eabi/lib/armv7-m/crt0.o
 .ARM.attributes
                0x00000065       0x31 C:\Users\elias\AppData\Local\Temp\ccfTJYjP.ltrans0.ltrans.o
 .ARM.attributes
                0x00000096       0x31 C:\Users\elias\AppData\Local\Temp\ccfTJYjP.ltrans1.ltrans.o
 .ARM.attributes
                0x000000c7       0x31 C:\Users\elias\AppData\Local\Temp\ccfTJYjP.ltrans2.ltrans.o
 .ARM.attributes
                0x000000f8       0x31 C:\Users\elias\AppData\Local\Temp\ccfTJYjP.ltrans3.ltrans.o
 .ARM.attributes
                0x00000129       0x31 C:\Users\elias\AppData\Local\Temp\ccfTJYjP.ltrans4.ltrans.o
 .ARM.attributes
                0x0000015a       0x31 C:\Users\elias\AppData\Local\Temp\ccfTJYjP.ltrans5.ltrans.o
 .ARM.attributes
                0x0000018b       0x31 C:\Users\elias\AppData\Local\Temp\ccfTJYjP.ltrans6.ltrans.o
 .ARM.attributes
                0x000001bc       0x21 .\CortexM3\ARM_GCC_541\Debug\AcondicionamientoAnalogico.a(CyBootAsmGnu.o)
 .ARM.attributes
                0x000001dd       0x2d c:/program files (x86)/cypress/psoc creator/4.4/psoc creator/import/gnu/arm/5.4.1/bin/../lib/gcc/arm-none-eabi/5.4.1/../../../../arm-none-eabi/lib/armv7-m\libg_nano.a(lib_a-errno.o)
 .ARM.attributes
                0x0000020a       0x2d c:/program files (x86)/cypress/psoc creator/4.4/psoc creator/import/gnu/arm/5.4.1/bin/../lib/gcc/arm-none-eabi/5.4.1/../../../../arm-none-eabi/lib/armv7-m\libg_nano.a(lib_a-exit.o)
 .ARM.attributes
                0x00000237       0x2d c:/program files (x86)/cypress/psoc creator/4.4/psoc creator/import/gnu/arm/5.4.1/bin/../lib/gcc/arm-none-eabi/5.4.1/../../../../arm-none-eabi/lib/armv7-m\libg_nano.a(lib_a-impure.o)
 .ARM.attributes
                0x00000264       0x2d c:/program files (x86)/cypress/psoc creator/4.4/psoc creator/import/gnu/arm/5.4.1/bin/../lib/gcc/arm-none-eabi/5.4.1/../../../../arm-none-eabi/lib/armv7-m\libg_nano.a(lib_a-init.o)
 .ARM.attributes
                0x00000291       0x2d c:/program files (x86)/cypress/psoc creator/4.4/psoc creator/import/gnu/arm/5.4.1/bin/../lib/gcc/arm-none-eabi/5.4.1/../../../../arm-none-eabi/lib/armv7-m\libg_nano.a(lib_a-memset.o)
 .ARM.attributes
                0x000002be       0x2d c:/program files (x86)/cypress/psoc creator/4.4/psoc creator/import/gnu/arm/5.4.1/bin/../lib/gcc/arm-none-eabi/5.4.1/armv7-m/crtend.o
 .ARM.attributes
                0x000002eb       0x1d c:/program files (x86)/cypress/psoc creator/4.4/psoc creator/import/gnu/arm/5.4.1/bin/../lib/gcc/arm-none-eabi/5.4.1/armv7-m/crtn.o
 .ARM.attributes
                0x00000308       0x2d c:/program files (x86)/cypress/psoc creator/4.4/psoc creator/import/gnu/arm/5.4.1/bin/../lib/gcc/arm-none-eabi/5.4.1/../../../../arm-none-eabi/lib/armv7-m\libnosys.a(_exit.o)

/DISCARD/
 *(.note.GNU-stack)
OUTPUT(C:\Github\Tesis\src\psoc\AcondicionamientoAnalogico.cydsn\CortexM3\ARM_GCC_541\Debug\AcondicionamientoAnalogico.elf elf32-littlearm)
