ARM GAS  C:\Users\elias\AppData\Local\Temp\ccgDMHrA.s 			page 1


   1              		.syntax unified
   2              		.cpu cortex-m3
   3              		.fpu softvfp
   4              		.eabi_attribute 20, 1
   5              		.eabi_attribute 21, 1
   6              		.eabi_attribute 23, 3
   7              		.eabi_attribute 24, 1
   8              		.eabi_attribute 25, 1
   9              		.eabi_attribute 26, 1
  10              		.eabi_attribute 30, 2
  11              		.eabi_attribute 34, 1
  12              		.eabi_attribute 18, 4
  13              		.thumb
  14              		.syntax unified
  15              		.file	"ADC_AMux.c"
  16              		.text
  17              	.Ltext0:
  18              		.section	.gnu.lto_.profile.fae8ea78,"",%progbits
  19 0000 789C6361 		.ascii	"x\234ca`d`a`\000\222^R\000\001\030\000o"
  19      60646061 
  19      6000925E 
  19      52000118 
  19      006F
  20              		.text
  21              		.section	.gnu.lto_.icf.fae8ea78,"",%progbits
  22 0000 789C6361 		.ascii	"x\234ca`d\000\001I\006\004`a8\331\320k\307\330=\247"
  22      60640001 
  22      49060460 
  22      6138D9D0 
  22      6BC7D83D 
  23 0015 ED062B53 		.ascii	"\355\006+S\333\262\246\037l\314\255\307\232\027\361"
  23      DBB2A61F 
  23      6CCCADC7 
  23      9A17F1
  24 0024 33000082 		.ascii	"3\000\000\202\251\011\362"
  24      A909F2
  25              		.text
  26              		.section	.gnu.lto_.jmpfuncs.fae8ea78,"",%progbits
  27 0000 789C6361 		.ascii	"x\234ca`d\000\001M\006\004`\006b&\020fdd\254gb\252d"
  27      60640001 
  27      4D060460 
  27      06622610 
  27      666464AC 
  28 0018 80F299D1 		.ascii	"\200\362\231\321\370\014\0002W\002;"
  28      F80C0032 
  28      57023B
  29              		.text
  30              		.section	.gnu.lto_.inline.fae8ea78,"",%progbits
  31 0000 789C6361 		.ascii	"x\234ca`d\000\201\004\006\004`f`\340Tdd`\342\270\320"
  31      60640081 
  31      04060460 
  31      6660E054 
  31      646460E2 
  32 0016 C3C8C0B6 		.ascii	"\303\310\300\266@\236\011$\310\304\315\310\3008\301"
  32      409E0924 
  32      C8C4CDC8 
  32      C038C1
ARM GAS  C:\Users\elias\AppData\Local\Temp\ccgDMHrA.s 			page 2


  33 0025 8F898147 		.ascii	"\217\211\201G\027(\305\265`\016\262\024\003X\012\242"
  33      1728C5B5 
  33      600EB214 
  33      03580AA2 
  34 0035 8299815B 		.ascii	"\202\231\201[\002\244\371\200\035\246\0020\305\000\000"
  34      02A4F980 
  34      1DA60230 
  34      C50000
  35 0044 41490BA2 		.ascii	"AI\013\242"
  36              		.text
  37              		.section	.gnu.lto_.pureconst.fae8ea78,"",%progbits
  38 0000 789C6361 		.ascii	"x\234ca`d`g```f\220`\222`\226\000\000\001\240\000]"
  38      60646067 
  38      60606066 
  38      90609260 
  38      96000001 
  39              		.text
  40              		.section	.gnu.lto_ADC_AMux_Start.fae8ea78,"",%progbits
  41 0000 789C6550 		.ascii	"x\234ePMHTQ\024>\337=\367\315\014\203\003\256Z\210\013"
  41      4D485451 
  41      143EDF3D 
  41      F7CD0C83 
  41      03AE5A88 
  42 0015 0966319B 		.ascii	"\011f1\233\010\262M;1hUDn\005\221\361A\233\024$\241"
  42      08B24D3B 
  42      31685544 
  42      6E0591F1 
  42      419B1424 
  43 002a 56EFCEBC 		.ascii	"V\357\316\274yY\270\011$[\204\272p\241i6\276\305`\263"
  43      7959B809 
  43      245B84BA 
  43      70A16936 
  43      BEC560B3 
  44 003e 7B89B492 		.ascii	"{\211\264\222f!\321\"\202\232\305 R\240\241K{\235\373"
  44      6621D122 
  44      829AC520 
  44      52A0A14B 
  44      7B9DFB
  45 0051 6E8BA003 		.ascii	"n\213\240\003\357\335\313\271\337\3179\237&PV\212\250"
  45      EFDDCBB9 
  45      DFCF399F 
  45      2650568A 
  45      A8
  46 0062 22C71DF9 		.ascii	"\"\307\035\371\220#\250\347\037\211j\005\005\355.\354"
  46      9023A8E7 
  46      1F896A05 
  46      05ED2EEC 
  47 0072 2EEF0B5A 		.ascii	".\357\013Z\361\3020\231\242\027\015\220\351\363\000"
  47      F1C23099 
  47      A2170D90 
  47      E9F300
  48 0081 DB360550 		.ascii	"\3336\005P\240X{\010\224&$\032*\373Y\341su\241\2607"
  48      A0587B08 
  48      9426241A 
  48      2AFB59E1 
  48      7375A1B0 
  49 0096 DF6BABCA 		.ascii	"\337k\253\312\272\221\372\026-\262\331H\0201Q\252\234"
ARM GAS  C:\Users\elias\AppData\Local\Temp\ccgDMHrA.s 			page 3


  49      BA91FA16 
  49      2DB2D948 
  49      103151AA 
  49      9C
  50 00a7 39D65121 		.ascii	"9\326Q!\201\2554\273_\373\270\014{?\214\317\177\346"
  50      81AD34BB 
  50      5FFBB80C 
  50      7B3F8CCF 
  50      7FE6
  51 00b9 CA6BC6D4 		.ascii	"\312k\306\324M\262\374\340\245IjC\021\003\033`a\341"
  51      4DB2FCE0 
  51      A5496A43 
  51      11031B60 
  51      61E1
  52 00cb DA20AE0E 		.ascii	"\332 \256\016f\\\201v\343\337/J\271\206U\037\302k\224"
  52      665C8176 
  52      E3DF2F4A 
  52      B986551F 
  52      C26B94
  53 00de 9D2E3691 		.ascii	"\235.6\221\223\345`;\315{\211I\323\320$\257\274m\316"
  53      93E5603B 
  53      CD7B8949 
  53      D3D024AF 
  53      BC6DCE
  54 00f1 836CCFCB 		.ascii	"\203l\317\313\376D'\002\226eN\225\222\203\273\250'\361"
  54      FE442702 
  54      96654E95 
  54      9283BBA8 
  54      27F1
  55 0103 E38C2BAF 		.ascii	"\343\214+\257\"\276\024\355u\362g\312z\023\266`MO\025"
  55      22BE14ED 
  55      75F267CA 
  55      7A13B660 
  55      4D4F15
  56 0116 D3C2301F 		.ascii	"\323\3020\037\241\221\354\372\026j\207h\267\177|\311"
  56      A191ECFA 
  56      166A8768 
  56      B77F7CC9 
  57 0126 0717E6A9 		.ascii	"\007\027\346\2511\375\021\253TY\3577\010(d\331\225\251"
  57      31FD11AB 
  57      5459EF37 
  57      082864D9 
  57      95A9
  58 0138 8770E9C9 		.ascii	"\207p\351\311\207V\311\342C\366\244+\244\326\374A\\"
  58      8756C9E2 
  58      43F6A42B 
  58      A4D6FC41 
  58      5C
  59 0149 74E2C0B6 		.ascii	"t\342\300\266\210w%\271\277\336\002\312\2744I\304v\256"
  59      887725B9 
  59      BFDE02CA 
  59      BC3449C4 
  59      76AE
  60 015b 7E726DD0 		.ascii	"~rm\320w4:\341%\247\344xR\277DB\346SG,L~W\022\252g7"
  60      77343AE1 
  60      25A7E478 
  60      52BF4442 
ARM GAS  C:\Users\elias\AppData\Local\Temp\ccgDMHrA.s 			page 4


  60      E653472C 
  61 0176 EAA17EB6 		.ascii	"\352\241~\266\323\272a\321\377\256\243\361\377\324\372"
  61      D3BA61D1 
  61      FFAEA3F1 
  61      FFD4FA
  62 0185 19BB448F 		.ascii	"\031\273D\217\017>\355\027W\261\\3Y\037h\"\300[\353"
  62      0F3EED17 
  62      57B15C33 
  62      591F6822 
  62      C05BEB
  63 0198 831DACDA 		.ascii	"\203\035\254\332\311\017\303\375\016\273\311S \226\247"
  63      C90FC3FD 
  63      0EBBC953 
  63      2096A7
  64 01a7 6349EEB3 		.ascii	"cI\356\263\227\305a\353D\002\210\006$\333\313\267\374"
  64      97C561EB 
  64      44028806 
  64      24DBCBB7 
  64      FC
  65 01b8 697F76F2 		.ascii	"i\177v\362\241?51637[\365\307\357\216\315\214^\037\037"
  65      A13F3531 
  65      3633375B 
  65      F5C7EF8E 
  65      CD8C5E1F 
  66 01cd B9393A31 		.ascii	"\2719:1r{\356\321\225*\351\352\375\311\351?\301\311"
  66      727BEED1 
  66      952AE9EA 
  66      FDC9E93F 
  66      C1C9
  67 01df B761     		.ascii	"\267a"
  68              		.text
  69              		.section	.gnu.lto_ADC_AMux_Select.fae8ea78,"",%progbits
  70 0000 789C9552 		.ascii	"x\234\225RMh\023A\024~\337\314f\023C\003=y(=\024!\224"
  70      4D681341 
  70      147EDFCC 
  70      66134303 
  70      3D79283D 
  71 0017 1E948AF5 		.ascii	"\036\224\212\365\342\255T\364\244\210\275\006J\211\001"
  71      E2AD54F4 
  71      A488BD06 
  71      4A8901
  72 0026 0F9A42B1 		.ascii	"\017\232B\261\240\247L\262\331V\251\007/V\020j(RZ\265"
  72      A0A74CB2 
  72      D956A907 
  72      2F56106A 
  72      28525AB5 
  73 003a 9A441BDB 		.ascii	"\232D\033\333\234\334\324\322S0\207\342\305?4B(E\241"
  73      9CDCD4D2 
  73      533087E2 
  73      C53F3442 
  73      2845A1
  74 004d 91F62052 		.ascii	"\221\366 R\343\233Y\221\372sq`wf\336|\357\373\276yo"
  74      E39B5991 
  74      FA737160 
  74      7766DE7C 
  74      EFFBBE79 
  75 0062 2C02E9F1 		.ascii	",\002\351\361M\020\035\346\3714\177\260\011\342\306"
ARM GAS  C:\Users\elias\AppData\Local\Temp\ccgDMHrA.s 			page 5


  75      4D101DE6 
  75      F9347FB0 
  75      09E2C6
  76 0071 0BA27448 		.ascii	"\013\242tH\300\362\027\322_TB\226\220\223}\244\302\001"
  76      C0F217D2 
  76      5F544296 
  76      90937DA4 
  76      C201
  77 0083 B783545B 		.ascii	"\267\203T[\000\320a\025\002\245\204\264\002H\011\213"
  77      00D06115 
  77      02A584B4 
  77      0248098B 
  78 0093 E05910E6 		.ascii	"\340Y\020\346\247\231w\304\256\300\312D\243,z\346\024"
  78      A79977C4 
  78      AEC0CA44 
  78      A32C7AE6 
  78      14
  79 00a4 8FF7B31F 		.ascii	"\217\367\263\037{\325\274\007W\022\265\014\202\025\347"
  79      7BD5BC07 
  79      5712B50C 
  79      8215E7
  80 00b3 D0C3A885 		.ascii	"\320\303\250\2057\317\337\3312\012\342\365\253\322L"
  80      37CFDFD9 
  80      320AE2F5 
  80      ABD24C
  81 00c2 655FF7AC 		.ascii	"e_\367\254R\031\245\276\306\224t%0\017\311\0318\322"
  81      5219A5BE 
  81      C6947425 
  81      300FC919 
  81      38D2
  82 00d4 89DE4EE2 		.ascii	"\211\336N\342\000\341\036\2725\270^\374~3bg5}\227O\212"
  82      00E11EBA 
  82      35B85EFC 
  82      7E336267 
  82      357D974F 
  83 00e9 FBB0F966 		.ascii	"\373\260\371f\340\303;\371\372\3336y\320\260\256\027"
  83      E0C33BF9 
  83      FADB3679 
  83      D0B0AE17 
  84 00f9 773EDBD1 		.ascii	"w>\333\321\273\232\325\233\276xKy\351.M\374`/\2611\264"
  84      BB9AD59B 
  84      BE784B79 
  84      E92E4DFC 
  84      602FB131 
  85 010e 8068FEAC 		.ascii	"\200h\376\254\247Z-\207\201ve\321\0163\214\325ls\024"
  85      A75A2D87 
  85      817665D1 
  85      0E338CD5 
  85      6C7314
  86 0121 347FA22D 		.ascii	"4\177\242-\226\342:4\205\340I\326\221\361\212W~\267"
  86      96E23A34 
  86      85E049D6 
  86      91F18A57 
  86      7EB7
  87 0133 A39E5D0F 		.ascii	"\243\236]\017\0303-\201?\235\032\016<\344r\023\036\261"
  87      18332D81 
  87      3F9D1A0E 
ARM GAS  C:\Users\elias\AppData\Local\Temp\ccgDMHrA.s 			page 6


  87      3CE47213 
  87      1EB1
  88 0145 5DDE3262 		.ascii	"]\3362b\312]\251\005\267\205\266E\310C\373i\012I\223"
  88      CA5DA905 
  88      B785B645 
  88      C843FB69 
  88      0A4993
  89 0158 7D720359 		.ascii	"}r\003Yo)\241\241\232\251\\\376\364:\230\332UW\225j"
  89      6F29A1A1 
  89      9AA95CFE 
  89      F43A98DA 
  89      5557956A 
  90 016c 77A56809 		.ascii	"w\245h\011a\250P@\212\034i\273RR\003\316\324\370Z)\242"
  90      61A85040 
  90      8A1C69BB 
  90      525203CE 
  90      D4F85A29 
  91 0181 531C19E4 		.ascii	"S\034\031\344(\347\225&\252\305\260\317\017\024\231"
  91      28E79526 
  91      AAC5B0CF 
  91      0F1499
  92 0190 BFCECDFA 		.ascii	"\277\316\315\372)\317 #g\021wU\337\247\235\374\260M"
  92      29CF2023 
  92      67117755 
  92      DFA79DFC 
  92      B04D
  93 01a2 1F90AD39 		.ascii	"\037\220\2559\373}&\333\344\361\370\302ilQlH\316\224"
  93      FB7D26DB 
  93      E4F1F8C2 
  93      696C516C 
  93      48CE94
  94 01b5 CB114E0D 		.ascii	"\313\021N\015\350J4\220\331.\224\216i\364\336\033Y\370"
  94      E84A3490 
  94      D92E948E 
  94      69F4DE1B 
  94      59F8
  95 01c7 DBB8758D 		.ascii	"\333\270u\215\337\201\016oV_\256\206s\230N+\023\007"
  95      DF810E6F 
  95      565FAE86 
  95      73984E2B 
  95      1307
  96 01d9 9E2085C7 		.ascii	"\236 \205\307Z\007\213\310\351F\256;\2535\351;o\001"
  96      5A078BC8 
  96      E946AE3B 
  96      AB35E93B 
  96      6F01
  97 01eb 25633DE3 		.ascii	"%c=\343\345\326\204i\266i\210.Q\301\326\373\177\226"
  97      E5D68469 
  97      B669882E 
  97      51C1D6FB 
  97      7F96
  98 01fd 88A5F0D4 		.ascii	"\210\245\360\324\324G\372\365\311\334nVg\202\032\377"
  98      D447FAF5 
  98      C9DC6E56 
  98      67821AFF 
  99 020d 1FC6967E 		.ascii	"\037\306\226~\031[fc\314E\233\354\243t\302\310\352\261"
  99      195B6663 
ARM GAS  C:\Users\elias\AppData\Local\Temp\ccgDMHrA.s 			page 7


  99      CC459BEC 
  99      A374C2C8 
  99      EAB1
 100 021f C5BD763B 		.ascii	"\305\275v;\370m\0348\231H&F\207/%\316\015\015\216\214"
 100      F86D1C38 
 100      99482646 
 100      872F25CE 
 100      0D0D8E8C 
 101 0233 8DC613B1 		.ascii	"\215\306\023\2613\203#\003Gc\375\307\007\206\372O\215"
 101      33832303 
 101      4763FDC7 
 101      0786FA4F 
 101      8D
 102 0244 5D3E14A7 		.ascii	"]>\024\247`\374\374p2\231\270`\351\371\007\3642\020"
 102      60FCFC70 
 102      3299B860 
 102      E9F907F4 
 102      3210
 103 0256 DC       		.ascii	"\334"
 104              		.text
 105              		.section	.gnu.lto_ADC_AMux_FastSelect.fae8ea78,"",%progbits
 106 0000 789C954F 		.ascii	"x\234\225OMK[Q\024<s\317K^\024\205\376\200(R\020\021"
 106      4D4B5B51 
 106      143C73CF 
 106      4B5E1485 
 106      FE802852 
 107 0016 4402AD3F 		.ascii	"D\002\255?@,\270\022D\267\026\221\370\300\205D\020\005"
 107      402CB812 
 107      44B71691 
 107      F8C08544 
 107      1005
 108 0028 77B92679 		.ascii	"w\271&y\264\335\265\013-\024D\\\210\237m\214\340\"\273"
 108      B4DDB50B 
 108      2D14445C 
 108      889F6D8C 
 108      E022BB
 109 003b E7176621 		.ascii	"\347\027f!j\027\335\324\"*\"E\012\032P\350\306\276\236"
 109      6A17DDD4 
 109      222A2245 
 109      0A1A50E8 
 109      C6BE9E
 110 004e 7B055D88 		.ascii	"{\005]\210\013\017\\\316e\230\2313\343\020\310\314_"
 110      0B0F5CCE 
 110      65989933 
 110      E310C8CC 
 110      5F
 111 005f 594DB25F 		.ascii	"YM\262_\313C\204\240>\356\021\215\307\224\342R\202t"
 111      CB4384A0 
 111      3EEE118D 
 111      C794E252 
 111      8274
 112 0071 A553AA21 		.ascii	"\245S\252!]\305p\356`\0070\037\035\003\245\025;H\343"
 112      5DC570EE 
 112      6007301F 
 112      1D03A515 
 112      3B48E3
 113 0084 46DD2A6C 		.ascii	"F\335*l\274;/\252\3069-s\274}\231\320\363\001|&\012"
ARM GAS  C:\Users\elias\AppData\Local\Temp\ccgDMHrA.s 			page 8


 113      BC3B2FAA 
 113      C6392D73 
 113      BC7D99D0 
 113      F3017C26 
 114 0099 953D4198 		.ascii	"\225=A\230C\243\260\226\177m\036E\271\036$\377\237k"
 114      43A3B096 
 114      7F6D1E45 
 114      B91E24FF 
 114      9F6B
 115 00ab 33EB150D 		.ascii	"3\353\025\015\263Zg\264\376\364V\263\317\300<X\024x"
 115      B35A67B4 
 115      FEF456B3 
 115      CFC03C58 
 115      1478
 116 00bd 1547224E 		.ascii	"\025G\"N\002\020\026\320`\310\247\205\177\023\325\321"
 116      021016D0 
 116      60C8A785 
 116      7F13D5D1 
 117 00cd 9CB1AFBB 		.ascii	"\234\261\257\2733\305\"\242&\177\276+\320a\230\325A"
 117      33C522A2 
 117      267FBE2B 
 117      D06198D5 
 117      41
 118 00de 185D3F70 		.ascii	"\030]?pc,2\025\201\325\321\225\020M\330\262Rf\36392"
 118      632C3215 
 118      81D5D195 
 118      104DD8B2 
 118      5266F339 
 119 00f3 93E5B313 		.ascii	"\223\345\263\023\327h\263\314\342;\351o\354\273\327"
 119      D768B3CC 
 119      E23BE96F 
 119      ECBBD7
 120 0102 CA67B699 		.ascii	"\312g\266\231\212\305?\207n\372V\277\327\372\205`\037"
 120      8AC53F87 
 120      6EFA56BF 
 120      D7FA8560 
 120      1F
 121 0113 A481812F 		.ascii	"\244\201\201/v\177lUNcj\\[\034X\226\332K\210K\212\257"
 121      767F6C55 
 121      4E636A5C 
 121      5B1C5896 
 121      DA4B884B 
 122 0129 98069D20 		.ascii	"\230\006\235 w\230\255}p\315\373g\0131\343\252\020\002"
 122      7798AD7D 
 122      70CDFB67 
 122      0B31E3AA 
 122      1002
 123 013b DF0C914C 		.ascii	"\337\014\221L\012\246R\202\177#\027|\336\2512\354\307"
 123      0AA65282 
 123      7F23177C 
 123      DEA932EC 
 123      C7
 124 014c 279D5049 		.ascii	"'\235PI)\344\221&\261\3629bu\216Mo\204\205\035\365\244"
 124      29E49126 
 124      B1F23962 
 124      758E4D6F 
 124      84851DF5 
ARM GAS  C:\Users\elias\AppData\Local\Temp\ccgDMHrA.s 			page 9


 125 0161 50CA62C5 		.ascii	"P\312b\305\012#F(e\277\224/gl\331gT+\334W[\225j\342"
 125      0A234628 
 125      65BF942F 
 125      676CD967 
 125      542BDC57 
 126 0179 4517C804 		.ascii	"E\027\310\004\337\333\355Y3W\222P\342\310\265\227\355"
 126      DFDBED59 
 126      33579250 
 126      E2C8B597 
 126      ED
 127 018a 5ECA1BEE 		.ascii	"^\312\033\356\033\361\372{\273\207F\207\223^Og\367P"
 127      1BF1FA7B 
 127      BB874687 
 127      935E4F67 
 127      F750
 128 019c 5B4B4FEB 		.ascii	"[KO\353\233\266\336\326\216\321\261\346$\271\311\201"
 128      9BB6DED6 
 128      8ED1B1E6 
 128      24B9C981 
 129 01ac BE54CA1B 		.ascii	"\276T\312\033\374\017D\345\300\276"
 129      FC0F44E5 
 129      C0BE
 130              		.text
 131              		.section	.gnu.lto_.symbol_nodes.fae8ea78,"",%progbits
 132 0000 789C558B 		.ascii	"x\234U\213\261\015\203@\020\004\347n\357\033\240\001"
 132      B10D8340 
 132      1004E76E 
 132      EF1BA001 
 133 0010 E34AEF03 		.ascii	"\343J\357\003C\354\022\\\207cbz@r\350\320)\310/$$\330"
 133      43EC125C 
 133      8763627A 
 133      4072E8D0 
 133      29C82F24 
 134 0026 64B4B3DA 		.ascii	"d\264\263\332\300\030hqKx\316\320\360\256w(P;\220{\332"
 134      C0186871 
 134      4B78CED0 
 134      F0AE7728 
 134      503B907B 
 135 003b 6570A55F 		.ascii	"ep\245_\204Ej\027\355Q\373\326K\306\271\213`z\255\222"
 135      84456A17 
 135      ED51FBD6 
 135      4BC6B98B 
 135      607AAD92 
 136 004f 1F2C4CE3 		.ascii	"\037,L\343\367&\005\237\337lR\341\261l\306\037Q>\036"
 136      F726059F 
 136      DF6C52E1 
 136      B16CC61F 
 136      513E1E
 137 0062 BC       		.ascii	"\274"
 138              		.text
 139              		.section	.gnu.lto_.refs.fae8ea78,"",%progbits
 140 0000 789C6361 		.ascii	"x\234ca`d\020c`\000\222\214\214\034LL@\202\221\221\233"
 140      60641063 
 140      6000928C 
 140      8C1C4C4C 
 140      40829191 
 141 0015 8919C863 		.ascii	"\211\031\310cdde\000\000\005M\000P"
ARM GAS  C:\Users\elias\AppData\Local\Temp\ccgDMHrA.s 			page 10


 141      64646500 
 141      00054D00 
 141      50
 142              		.text
 143              		.section	.gnu.lto_.decls.fae8ea78,"",%progbits
 144 0000 789C8D52 		.ascii	"x\234\215RkH\024Q\024\276gf\335t\035\015\314\302\037"
 144      6B481451 
 144      14BE6766 
 144      DD741D0D 
 144      CCC21F
 145 0013 4B6C8261 		.ascii	"Kl\202a\177$\213\240?Ab\350/#\020\375%\210\255c\012"
 145      7F248BA0 
 145      3F4162E8 
 145      2F2310FD 
 145      2588AD63 
 146 0028 B296CE42 		.ascii	"\262\226\316B\376\273>\302T(+\320|\204f`\353{}\254\217"
 146      FEBB3EC2 
 146      54282BD0 
 146      7C846660 
 146      EB7B7DAC 
 147 003d B5728510 		.ascii	"\265r\205\020\215\"\244\262\207\202\222ED\006m\032$"
 147      8D22A4B2 
 147      87829245 
 147      44066D1A 
 147      24
 148 004e 6976EE9D 		.ascii	"iv\356\235\031g\015\226:\354\271s\317\314\371\276\373"
 148      19670D96 
 148      3AECB973 
 148      CFCCF9BE 
 148      FB
 149 005f DDEFAC89 		.ascii	"\335\357\254\211\000a\261\337D\3102>%,\2671\260$\231"
 149      0061B1DF 
 149      44C8323E 
 149      252CB731 
 149      B02499
 150 0072 C48810CC 		.ascii	"\304\210\020\314^\314\021\3141L/\346\003L\206\236$\273"
 150      5ECC11CC 
 150      314C2FE6 
 150      034C869E 
 150      24BB
 151 0084 A357EB67 		.ascii	"\243W\353g\370!L\037\246\007sJ\373.h=\336 \370\221\177"
 151      F8214C1F 
 151      A607734A 
 151      FB2E683D 
 151      DE20F891 
 152 0099 E04D5A8F 		.ascii	"\340MZ\217\316\021L\007\323i\016\340\261j\034:\037\013"
 152      CE114C07 
 152      D3690EE0 
 152      B16A1C3A 
 152      1F0B
 153 00ab F13FEEB3 		.ascii	"\361?\356\263%\300v\353\360\365\320\005x\013\"\321\014"
 153      25C076EB 
 153      F0F5D005 
 153      780B22D1 
 153      0C
 154 00bc 2300EA0A 		.ascii	"#\000\352\012<\211\232\274\304\215@\324\215\376j'\210"
 154      3C899ABC 
ARM GAS  C:\Users\elias\AppData\Local\Temp\ccgDMHrA.s 			page 11


 154      C48D40D4 
 154      8DFE6A27 
 154      88
 155 00cd D622E85B 		.ascii	"\326\"\350[\203\214\3774<l\353\301I\014v\320@j\255\201"
 155      838CFF34 
 155      3C6CEBC1 
 155      490C76D0 
 155      406AAD81 
 156 00e1 890602C1 		.ascii	"\211\006\002\3018\000\324RG\004\360\375\245H\327\254"
 156      3800D452 
 156      4704F0FD 
 156      A548D7AC 
 157 00f1 1FC3C7C3 		.ascii	"\037\303\307\303/\375\313\363\274\311\"\012\300\366"
 157      2FFDCBF3 
 157      BCC9220A 
 157      C0F6
 158 00ff 4B1BAE94 		.ascii	"K\033\256\224\204\036\212QG\251p\304pf\256\322\335\""
 158      841E8A51 
 158      47A970C4 
 158      7066AED2 
 158      DD22
 159 0111 AE0B1065 		.ascii	"\256\013\020e\001\023\226\376gM+\221XF[\300\206\345"
 159      011396FE 
 159      674D2B91 
 159      58465BC0 
 159      86E5
 160 0123 D66C7393 		.ascii	"\326ls\223\020S\317q\025\324f\202\314\003\320\015V\350"
 160      1053CF71 
 160      15D46682 
 160      CC03D00D 
 160      56E8
 161 0135 021C06F4 		.ascii	"\002\034\006\364@\014\256\347M*\323Zm\2677<\266\215"
 161      400CAEE7 
 161      4D2AD35A 
 161      6DB7373C 
 161      B68D
 162 0147 2EBBE9F2 		.ascii	".\273\351\362\017\367\261F\352\253\244\264L`]\340\002"
 162      0FF7B146 
 162      EAABA4B4 
 162      4C605DE0 
 162      02
 163 0158 113A2181 		.ascii	"\021:!\201\211t\261\031\020\270\017\013\250\267\027"
 163      8974B119 
 163      10B80F0B 
 163      A8B717
 164 0167 621139FF 		.ascii	"b\0219\377}\240Q\022Oq\241\375W>t\206\242\000\253\005"
 164      7DA05112 
 164      4F71A1FD 
 164      573E7486 
 164      A200AB05 
 165 017b B681D5AB 		.ascii	"\266\201\325\253\343\033\021j\315>7\336X\371\035.\246"
 165      E31B116A 
 165      CD3E37DE 
 165      58F91D2E 
 165      A6
 166 018c B1BDF062 		.ascii	"\261\275\360b\245\373\263\011\342-\035L\336\362\353"
 166      A5FBB309 
ARM GAS  C:\Users\elias\AppData\Local\Temp\ccgDMHrA.s 			page 12


 166      E22D1D4C 
 166      DEF2EB
 167 019b E9C2862A 		.ascii	"\351\302\206*\274\033\014\201\005\006\214\363\254\026"
 167      BC1B0C81 
 167      05068CF3 
 167      AC16
 168 01a9 5CAF525A 		.ascii	"\\\257RZN\277\265Ss\014\201\343V8j%0\010\361\214\224"
 168      4EBFB553 
 168      730C81E3 
 168      56386A25 
 168      3008F18C 
 169 01be 75811BAF 		.ascii	"u\201\033\257\324\217W\302\003>6\264~1\233\320C\316"
 169      D48F57C2 
 169      033E36B4 
 169      7E319BD0 
 169      43CE
 170 01d0 8377C377 		.ascii	"\203w\303w=\336\305UsP\027<\334\205a\320lx|s\355\225"
 170      3DDEC555 
 170      7350173C 
 170      DC8561D0 
 170      6C787C73 
 171 01e6 8436B431 		.ascii	"\2046\2641\033\206\245\372\012:\2038\033k\203>CV_\240"
 171      1B86A5FA 
 171      0A3A8338 
 171      1B6B833E 
 171      43565FA0 
 172 01fa 0D23DC86 		.ascii	"\015#\334\206fo\327WAt\362{n5/\316F\250,\276\315i\211"
 172      666FD757 
 172      4174F27B 
 172      6E352FCE 
 172      46A82CBE 
 173 0211 D695517A 		.ascii	"\326\225Qz\232s\214\032\034\243\201\034c\234c\251\257"
 173      9A738C1A 
 173      1CA3811C 
 173      639C63A9 
 173      AF
 174 0222 DF132656 		.ascii	"\337\023&V\003'\271u\267l.\222M\004\355\361?9xg\220"
 174      0327B975 
 174      B76C2E92 
 174      4D04EDF1 
 174      3F397867 
 175 0237 5686718E 		.ascii	"V\206q\216q\203c\234s\340\306\313\361\237\252fj\314"
 175      7183639C 
 175      73E0C6CB 
 175      F19FAA66 
 175      6ACC
 176 0249 E2A48A7F 		.ascii	"\342\244\212\177\327\262\346\012Q\361\276\237\271\032"
 176      D7B2E60A 
 176      51F1BE9F 
 176      B91A
 177 0257 76C2C04E 		.ascii	"v\302\300N\350\330\007\352\331\265\357;\314\353\352"
 177      E8D807EA 
 177      D9B5EF3B 
 177      CCEBEA
 178 0266 00F8EC26 		.ascii	"\000\370\354&\374\363\327\366\210OU\262\3367\356\333"
 178      FCF3D7F6 
 178      884F55B2 
ARM GAS  C:\Users\elias\AppData\Local\Temp\ccgDMHrA.s 			page 13


 178      DE37EEDB 
 179 0276 52DC3D4A 		.ascii	"R\334=J\333\331\337\343\222\277\234\306\360\316G*\237"
 179      DBD9DFE3 
 179      92BF9CC6 
 179      F0CE472A 
 179      9F
 180 0287 3616C2EB 		.ascii	"6\026\302\353\207h,LB\034#]\254^\011\227j\330\374\320"
 180      87682C4C 
 180      421C235D 
 180      AC5E0997 
 180      6AD8FCD0 
 181 029b FBA89948 		.ascii	"\373\250\231H.\302p\337\007\022\227\200O\354\256}\271"
 181      2EC270DF 
 181      07129780 
 181      4FECAE7D 
 181      B9
 182 02ac 99B4AB99 		.ascii	"\231\264\253\231\235`4Oi\315\354\031\231t&9;)\315y9"
 182      9D60344F 
 182      69CDEC19 
 182      99742639 
 182      3B29CD79 
 183 02c1 3B5DC929 		.ascii	";]\311)VBS\317f\330\222\023\023Il\252\354\220\213s\024"
 183      564253CF 
 183      66D89213 
 183      13496CAA 
 183      EC908B73 
 184 02d6 39373BBD 		.ascii	"97;\275\310Yl\227\263\316\245\027%\237\310\322\333\023"
 184      C8596C97 
 184      B3CEA517 
 184      259FC8D2 
 184      DB13
 185 02e8 EC64AF01 		.ascii	"\354d\257\001\225\013e\273\022\342,p('\017\005\001\332"
 185      950B65BB 
 185      12E22C70 
 185      28270F05 
 185      01DA
 186 02fa 4B95D28B 		.ascii	"K\225\322\213rIB>\331\267\203K\311)QT\254!#\303Q\"+"
 186      7249423E 
 186      D9B7834B 
 186      C9295154 
 186      AC2123C3 
 187 0311 878392E4 		.ascii	"\207\203\222\344\025(\212\\\234m\317\273\200LR\200\002"
 187      15288A5C 
 187      9C6DCFBB 
 187      804C5280 
 187      02
 188 0322 257AA728 		.ascii	"%z\247(D\332\344\374\034\207C.\374\003#i})"
 188      44DAE4FC 
 188      1C87432E 
 188      FC032369 
 188      7D29
 189              		.text
 190              		.section	.gnu.lto_.symtab.fae8ea78,"",%progbits
 191 0000 4144435F 		.ascii	"ADC_AMux_Start\000"
 191      414D7578 
 191      5F537461 
 191      727400
ARM GAS  C:\Users\elias\AppData\Local\Temp\ccgDMHrA.s 			page 14


 192 000f 00       		.ascii	"\000"
 193 0010 00       		.ascii	"\000"
 194 0011 00       		.ascii	"\000"
 195 0012 00000000 		.ascii	"\000\000\000\000\000\000\000\000"
 195      00000000 
 196 001a AD000000 		.ascii	"\255\000\000\000"
 197 001e 4144435F 		.ascii	"ADC_AMux_Select\000"
 197      414D7578 
 197      5F53656C 
 197      65637400 
 198 002e 00       		.ascii	"\000"
 199 002f 00       		.ascii	"\000"
 200 0030 00       		.ascii	"\000"
 201 0031 00000000 		.ascii	"\000\000\000\000\000\000\000\000"
 201      00000000 
 202 0039 B6000000 		.ascii	"\266\000\000\000"
 203 003d 4144435F 		.ascii	"ADC_AMux_FastSelect\000"
 203      414D7578 
 203      5F466173 
 203      7453656C 
 203      65637400 
 204 0051 00       		.ascii	"\000"
 205 0052 00       		.ascii	"\000"
 206 0053 00       		.ascii	"\000"
 207 0054 00000000 		.ascii	"\000\000\000\000\000\000\000\000"
 207      00000000 
 208 005c B8000000 		.ascii	"\270\000\000\000"
 209 0060 4144435F 		.ascii	"ADC_AMux_Unset\000"
 209      414D7578 
 209      5F556E73 
 209      657400
 210 006f 00       		.ascii	"\000"
 211 0070 02       		.ascii	"\002"
 212 0071 00       		.ascii	"\000"
 213 0072 00000000 		.ascii	"\000\000\000\000\000\000\000\000"
 213      00000000 
 214 007a BA000000 		.ascii	"\272\000\000\000"
 215 007e 4144435F 		.ascii	"ADC_AMux_Set\000"
 215      414D7578 
 215      5F536574 
 215      00
 216 008b 00       		.ascii	"\000"
 217 008c 02       		.ascii	"\002"
 218 008d 00       		.ascii	"\000"
 219 008e 00000000 		.ascii	"\000\000\000\000\000\000\000\000"
 219      00000000 
 220 0096 BC000000 		.ascii	"\274\000\000\000"
 221              		.text
 222              		.section	.gnu.lto_.opts,"",%progbits
 223 0000 272D666D 		.ascii	"'-fmath-errno' '-fsigned-zeros' '-ftrapping-math' '"
 223      6174682D 
 223      6572726E 
 223      6F272027 
 223      2D667369 
 224 0033 2D666E6F 		.ascii	"-fno-trapv' '-fno-openmp' '-fno-openacc' '-mcpu=cor"
 224      2D747261 
 224      70762720 
ARM GAS  C:\Users\elias\AppData\Local\Temp\ccgDMHrA.s 			page 15


 224      272D666E 
 224      6F2D6F70 
 225 0066 7465782D 		.ascii	"tex-m3' '-mthumb' '-g' '-O3' '-ffunction-sections' "
 225      6D332720 
 225      272D6D74 
 225      68756D62 
 225      2720272D 
 226 0099 272D6666 		.ascii	"'-ffat-lto-objects' '-finline-functions' '-flto'\000"
 226      61742D6C 
 226      746F2D6F 
 226      626A6563 
 226      74732720 
 227              		.text
 228              		.cfi_sections	.debug_frame
 229              		.section	.text.ADC_AMux_Start,"ax",%progbits
 230              		.align	2
 231              		.global	ADC_AMux_Start
 232              		.thumb
 233              		.thumb_func
 234              		.type	ADC_AMux_Start, %function
 235              	ADC_AMux_Start:
 236              	.LFB0:
 237              		.file 1 "Generated_Source\\PSoC5\\ADC_AMux.c"
   1:Generated_Source\PSoC5/ADC_AMux.c **** /*******************************************************************************
   2:Generated_Source\PSoC5/ADC_AMux.c **** * File Name: ADC_AMux.c
   3:Generated_Source\PSoC5/ADC_AMux.c **** * Version 1.80
   4:Generated_Source\PSoC5/ADC_AMux.c **** *
   5:Generated_Source\PSoC5/ADC_AMux.c **** *  Description:
   6:Generated_Source\PSoC5/ADC_AMux.c **** *    This file contains all functions required for the analog multiplexer
   7:Generated_Source\PSoC5/ADC_AMux.c **** *    AMux User Module.
   8:Generated_Source\PSoC5/ADC_AMux.c **** *
   9:Generated_Source\PSoC5/ADC_AMux.c **** *   Note:
  10:Generated_Source\PSoC5/ADC_AMux.c **** *
  11:Generated_Source\PSoC5/ADC_AMux.c **** *******************************************************************************
  12:Generated_Source\PSoC5/ADC_AMux.c **** * Copyright 2008-2010, Cypress Semiconductor Corporation.  All rights reserved.
  13:Generated_Source\PSoC5/ADC_AMux.c **** * You may use this file only in accordance with the license, terms, conditions, 
  14:Generated_Source\PSoC5/ADC_AMux.c **** * disclaimers, and limitations in the end user license agreement accompanying 
  15:Generated_Source\PSoC5/ADC_AMux.c **** * the software package with which this file was provided.
  16:Generated_Source\PSoC5/ADC_AMux.c **** ********************************************************************************/
  17:Generated_Source\PSoC5/ADC_AMux.c **** 
  18:Generated_Source\PSoC5/ADC_AMux.c **** #include "ADC_AMux.h"
  19:Generated_Source\PSoC5/ADC_AMux.c **** 
  20:Generated_Source\PSoC5/ADC_AMux.c **** static uint8 ADC_AMux_lastChannel = ADC_AMux_NULL_CHANNEL;
  21:Generated_Source\PSoC5/ADC_AMux.c **** 
  22:Generated_Source\PSoC5/ADC_AMux.c **** 
  23:Generated_Source\PSoC5/ADC_AMux.c **** /*******************************************************************************
  24:Generated_Source\PSoC5/ADC_AMux.c **** * Function Name: ADC_AMux_Start
  25:Generated_Source\PSoC5/ADC_AMux.c **** ********************************************************************************
  26:Generated_Source\PSoC5/ADC_AMux.c **** * Summary:
  27:Generated_Source\PSoC5/ADC_AMux.c **** *  Disconnect all channels.
  28:Generated_Source\PSoC5/ADC_AMux.c **** *
  29:Generated_Source\PSoC5/ADC_AMux.c **** * Parameters:
  30:Generated_Source\PSoC5/ADC_AMux.c **** *  void
  31:Generated_Source\PSoC5/ADC_AMux.c **** *
  32:Generated_Source\PSoC5/ADC_AMux.c **** * Return:
  33:Generated_Source\PSoC5/ADC_AMux.c **** *  void
  34:Generated_Source\PSoC5/ADC_AMux.c **** *
ARM GAS  C:\Users\elias\AppData\Local\Temp\ccgDMHrA.s 			page 16


  35:Generated_Source\PSoC5/ADC_AMux.c **** *******************************************************************************/
  36:Generated_Source\PSoC5/ADC_AMux.c **** void ADC_AMux_Start(void) 
  37:Generated_Source\PSoC5/ADC_AMux.c **** {
 238              		.loc 1 37 0
 239              		.cfi_startproc
 240              		@ args = 0, pretend = 0, frame = 0
 241              		@ frame_needed = 0, uses_anonymous_args = 0
 242              	.LVL0:
 243 0000 08B5     		push	{r3, lr}
 244              		.cfi_def_cfa_offset 8
 245              		.cfi_offset 3, -8
 246              		.cfi_offset 14, -4
  38:Generated_Source\PSoC5/ADC_AMux.c ****     uint8 chan;
  39:Generated_Source\PSoC5/ADC_AMux.c **** 
  40:Generated_Source\PSoC5/ADC_AMux.c ****     for(chan = 0u; chan < ADC_AMux_CHANNELS ; chan++)
  41:Generated_Source\PSoC5/ADC_AMux.c ****     {
  42:Generated_Source\PSoC5/ADC_AMux.c **** #if (ADC_AMux_MUXTYPE == ADC_AMux_MUX_SINGLE)
  43:Generated_Source\PSoC5/ADC_AMux.c ****         ADC_AMux_Unset(chan);
 247              		.loc 1 43 0
 248 0002 0020     		movs	r0, #0
 249 0004 FFF7FEFF 		bl	ADC_AMux_Unset
 250              	.LVL1:
 251 0008 0120     		movs	r0, #1
 252 000a FFF7FEFF 		bl	ADC_AMux_Unset
 253              	.LVL2:
  44:Generated_Source\PSoC5/ADC_AMux.c **** #else
  45:Generated_Source\PSoC5/ADC_AMux.c ****         ADC_AMux_CYAMUXSIDE_A_Unset(chan);
  46:Generated_Source\PSoC5/ADC_AMux.c ****         ADC_AMux_CYAMUXSIDE_B_Unset(chan);
  47:Generated_Source\PSoC5/ADC_AMux.c **** #endif
  48:Generated_Source\PSoC5/ADC_AMux.c ****     }
  49:Generated_Source\PSoC5/ADC_AMux.c **** 
  50:Generated_Source\PSoC5/ADC_AMux.c ****     ADC_AMux_lastChannel = ADC_AMux_NULL_CHANNEL;
 254              		.loc 1 50 0
 255 000e 024B     		ldr	r3, .L3
 256 0010 FF22     		movs	r2, #255
 257 0012 1A70     		strb	r2, [r3]
 258 0014 08BD     		pop	{r3, pc}
 259              	.L4:
 260 0016 00BF     		.align	2
 261              	.L3:
 262 0018 00000000 		.word	.LANCHOR0
 263              		.cfi_endproc
 264              	.LFE0:
 265              		.size	ADC_AMux_Start, .-ADC_AMux_Start
 266              		.section	.text.ADC_AMux_Select,"ax",%progbits
 267              		.align	2
 268              		.global	ADC_AMux_Select
 269              		.thumb
 270              		.thumb_func
 271              		.type	ADC_AMux_Select, %function
 272              	ADC_AMux_Select:
 273              	.LFB1:
  51:Generated_Source\PSoC5/ADC_AMux.c **** }
  52:Generated_Source\PSoC5/ADC_AMux.c **** 
  53:Generated_Source\PSoC5/ADC_AMux.c **** 
  54:Generated_Source\PSoC5/ADC_AMux.c **** #if (!ADC_AMux_ATMOSTONE)
  55:Generated_Source\PSoC5/ADC_AMux.c **** /*******************************************************************************
ARM GAS  C:\Users\elias\AppData\Local\Temp\ccgDMHrA.s 			page 17


  56:Generated_Source\PSoC5/ADC_AMux.c **** * Function Name: ADC_AMux_Select
  57:Generated_Source\PSoC5/ADC_AMux.c **** ********************************************************************************
  58:Generated_Source\PSoC5/ADC_AMux.c **** * Summary:
  59:Generated_Source\PSoC5/ADC_AMux.c **** *  This functions first disconnects all channels then connects the given
  60:Generated_Source\PSoC5/ADC_AMux.c **** *  channel.
  61:Generated_Source\PSoC5/ADC_AMux.c **** *
  62:Generated_Source\PSoC5/ADC_AMux.c **** * Parameters:
  63:Generated_Source\PSoC5/ADC_AMux.c **** *  channel:  The channel to connect to the common terminal.
  64:Generated_Source\PSoC5/ADC_AMux.c **** *
  65:Generated_Source\PSoC5/ADC_AMux.c **** * Return:
  66:Generated_Source\PSoC5/ADC_AMux.c **** *  void
  67:Generated_Source\PSoC5/ADC_AMux.c **** *
  68:Generated_Source\PSoC5/ADC_AMux.c **** *******************************************************************************/
  69:Generated_Source\PSoC5/ADC_AMux.c **** void ADC_AMux_Select(uint8 channel) 
  70:Generated_Source\PSoC5/ADC_AMux.c **** {
 274              		.loc 1 70 0
 275              		.cfi_startproc
 276              		@ args = 0, pretend = 0, frame = 0
 277              		@ frame_needed = 0, uses_anonymous_args = 0
 278              	.LVL3:
 279 0000 38B5     		push	{r3, r4, r5, lr}
 280              		.cfi_def_cfa_offset 16
 281              		.cfi_offset 3, -16
 282              		.cfi_offset 4, -12
 283              		.cfi_offset 5, -8
 284              		.cfi_offset 14, -4
 285              		.loc 1 70 0
 286 0002 0546     		mov	r5, r0
 287              	.LBB4:
 288              	.LBB5:
  43:Generated_Source\PSoC5/ADC_AMux.c **** #else
 289              		.loc 1 43 0
 290 0004 0020     		movs	r0, #0
 291              	.LVL4:
 292 0006 FFF7FEFF 		bl	ADC_AMux_Unset
 293              	.LVL5:
  50:Generated_Source\PSoC5/ADC_AMux.c **** }
 294              		.loc 1 50 0
 295 000a 054C     		ldr	r4, .L7
  43:Generated_Source\PSoC5/ADC_AMux.c **** #else
 296              		.loc 1 43 0
 297 000c 0120     		movs	r0, #1
 298 000e FFF7FEFF 		bl	ADC_AMux_Unset
 299              	.LVL6:
  50:Generated_Source\PSoC5/ADC_AMux.c **** }
 300              		.loc 1 50 0
 301 0012 FF23     		movs	r3, #255
 302              	.LBE5:
 303              	.LBE4:
  71:Generated_Source\PSoC5/ADC_AMux.c ****     ADC_AMux_DisconnectAll();        /* Disconnect all previous connections */
  72:Generated_Source\PSoC5/ADC_AMux.c ****     ADC_AMux_Connect(channel);       /* Make the given selection */
 304              		.loc 1 72 0
 305 0014 2846     		mov	r0, r5
 306              	.LBB7:
 307              	.LBB6:
  50:Generated_Source\PSoC5/ADC_AMux.c **** }
 308              		.loc 1 50 0
ARM GAS  C:\Users\elias\AppData\Local\Temp\ccgDMHrA.s 			page 18


 309 0016 2370     		strb	r3, [r4]
 310              	.LVL7:
 311              	.LBE6:
 312              	.LBE7:
 313              		.loc 1 72 0
 314 0018 FFF7FEFF 		bl	ADC_AMux_Set
 315              	.LVL8:
  73:Generated_Source\PSoC5/ADC_AMux.c ****     ADC_AMux_lastChannel = channel;  /* Update last channel */
 316              		.loc 1 73 0
 317 001c 2570     		strb	r5, [r4]
 318 001e 38BD     		pop	{r3, r4, r5, pc}
 319              	.L8:
 320              		.align	2
 321              	.L7:
 322 0020 00000000 		.word	.LANCHOR0
 323              		.cfi_endproc
 324              	.LFE1:
 325              		.size	ADC_AMux_Select, .-ADC_AMux_Select
 326              		.section	.text.ADC_AMux_FastSelect,"ax",%progbits
 327              		.align	2
 328              		.global	ADC_AMux_FastSelect
 329              		.thumb
 330              		.thumb_func
 331              		.type	ADC_AMux_FastSelect, %function
 332              	ADC_AMux_FastSelect:
 333              	.LFB2:
  74:Generated_Source\PSoC5/ADC_AMux.c **** }
  75:Generated_Source\PSoC5/ADC_AMux.c **** #endif
  76:Generated_Source\PSoC5/ADC_AMux.c **** 
  77:Generated_Source\PSoC5/ADC_AMux.c **** 
  78:Generated_Source\PSoC5/ADC_AMux.c **** /*******************************************************************************
  79:Generated_Source\PSoC5/ADC_AMux.c **** * Function Name: ADC_AMux_FastSelect
  80:Generated_Source\PSoC5/ADC_AMux.c **** ********************************************************************************
  81:Generated_Source\PSoC5/ADC_AMux.c **** * Summary:
  82:Generated_Source\PSoC5/ADC_AMux.c **** *  This function first disconnects the last connection made with FastSelect or
  83:Generated_Source\PSoC5/ADC_AMux.c **** *  Select, then connects the given channel. The FastSelect function is similar
  84:Generated_Source\PSoC5/ADC_AMux.c **** *  to the Select function, except it is faster since it only disconnects the
  85:Generated_Source\PSoC5/ADC_AMux.c **** *  last channel selected rather than all channels.
  86:Generated_Source\PSoC5/ADC_AMux.c **** *
  87:Generated_Source\PSoC5/ADC_AMux.c **** * Parameters:
  88:Generated_Source\PSoC5/ADC_AMux.c **** *  channel:  The channel to connect to the common terminal.
  89:Generated_Source\PSoC5/ADC_AMux.c **** *
  90:Generated_Source\PSoC5/ADC_AMux.c **** * Return:
  91:Generated_Source\PSoC5/ADC_AMux.c **** *  void
  92:Generated_Source\PSoC5/ADC_AMux.c **** *
  93:Generated_Source\PSoC5/ADC_AMux.c **** *******************************************************************************/
  94:Generated_Source\PSoC5/ADC_AMux.c **** void ADC_AMux_FastSelect(uint8 channel) 
  95:Generated_Source\PSoC5/ADC_AMux.c **** {
 334              		.loc 1 95 0
 335              		.cfi_startproc
 336              		@ args = 0, pretend = 0, frame = 0
 337              		@ frame_needed = 0, uses_anonymous_args = 0
 338              	.LVL9:
 339 0000 38B5     		push	{r3, r4, r5, lr}
 340              		.cfi_def_cfa_offset 16
 341              		.cfi_offset 3, -16
 342              		.cfi_offset 4, -12
ARM GAS  C:\Users\elias\AppData\Local\Temp\ccgDMHrA.s 			page 19


 343              		.cfi_offset 5, -8
 344              		.cfi_offset 14, -4
  96:Generated_Source\PSoC5/ADC_AMux.c ****     /* Disconnect the last valid channel */
  97:Generated_Source\PSoC5/ADC_AMux.c ****     if( ADC_AMux_lastChannel != ADC_AMux_NULL_CHANNEL)
 345              		.loc 1 97 0
 346 0002 064C     		ldr	r4, .L16
  95:Generated_Source\PSoC5/ADC_AMux.c ****     /* Disconnect the last valid channel */
 347              		.loc 1 95 0
 348 0004 0546     		mov	r5, r0
 349              		.loc 1 97 0
 350 0006 2078     		ldrb	r0, [r4]	@ zero_extendqisi2
 351              	.LVL10:
 352 0008 FF28     		cmp	r0, #255
 353 000a 01D0     		beq	.L10
  98:Generated_Source\PSoC5/ADC_AMux.c ****     {
  99:Generated_Source\PSoC5/ADC_AMux.c ****         ADC_AMux_Disconnect(ADC_AMux_lastChannel);
 354              		.loc 1 99 0
 355 000c FFF7FEFF 		bl	ADC_AMux_Unset
 356              	.LVL11:
 357              	.L10:
 100:Generated_Source\PSoC5/ADC_AMux.c ****     }
 101:Generated_Source\PSoC5/ADC_AMux.c **** 
 102:Generated_Source\PSoC5/ADC_AMux.c ****     /* Make the new channel connection */
 103:Generated_Source\PSoC5/ADC_AMux.c **** #if (ADC_AMux_MUXTYPE == ADC_AMux_MUX_SINGLE)
 104:Generated_Source\PSoC5/ADC_AMux.c ****     ADC_AMux_Set(channel);
 358              		.loc 1 104 0
 359 0010 2846     		mov	r0, r5
 360 0012 FFF7FEFF 		bl	ADC_AMux_Set
 361              	.LVL12:
 105:Generated_Source\PSoC5/ADC_AMux.c **** #else
 106:Generated_Source\PSoC5/ADC_AMux.c ****     ADC_AMux_CYAMUXSIDE_A_Set(channel);
 107:Generated_Source\PSoC5/ADC_AMux.c ****     ADC_AMux_CYAMUXSIDE_B_Set(channel);
 108:Generated_Source\PSoC5/ADC_AMux.c **** #endif
 109:Generated_Source\PSoC5/ADC_AMux.c **** 
 110:Generated_Source\PSoC5/ADC_AMux.c **** 
 111:Generated_Source\PSoC5/ADC_AMux.c ****     ADC_AMux_lastChannel = channel;   /* Update last channel */
 362              		.loc 1 111 0
 363 0016 2570     		strb	r5, [r4]
 364 0018 38BD     		pop	{r3, r4, r5, pc}
 365              	.L17:
 366 001a 00BF     		.align	2
 367              	.L16:
 368 001c 00000000 		.word	.LANCHOR0
 369              		.cfi_endproc
 370              	.LFE2:
 371              		.size	ADC_AMux_FastSelect, .-ADC_AMux_FastSelect
 372              		.data
 373              		.set	.LANCHOR0,. + 0
 374              		.type	ADC_AMux_lastChannel, %object
 375              		.size	ADC_AMux_lastChannel, 1
 376              	ADC_AMux_lastChannel:
 377 0000 FF       		.byte	-1
 378              		.text
 379              	.Letext0:
 380              		.file 2 "Generated_Source\\PSoC5\\cyfitter_cfg.h"
 381              		.file 3 "Generated_Source\\PSoC5\\cytypes.h"
 382              		.section	.debug_info,"",%progbits
ARM GAS  C:\Users\elias\AppData\Local\Temp\ccgDMHrA.s 			page 20


 383              	.Ldebug_info0:
 384 0000 BF010000 		.4byte	0x1bf
 385 0004 0400     		.2byte	0x4
 386 0006 00000000 		.4byte	.Ldebug_abbrev0
 387 000a 04       		.byte	0x4
 388 000b 01       		.uleb128 0x1
 389 000c 40000000 		.4byte	.LASF17
 390 0010 0C       		.byte	0xc
 391 0011 EE010000 		.4byte	.LASF18
 392 0015 06010000 		.4byte	.LASF19
 393 0019 18000000 		.4byte	.Ldebug_ranges0+0x18
 394 001d 00000000 		.4byte	0
 395 0021 00000000 		.4byte	.Ldebug_line0
 396 0025 02       		.uleb128 0x2
 397 0026 01       		.byte	0x1
 398 0027 06       		.byte	0x6
 399 0028 E2010000 		.4byte	.LASF0
 400 002c 02       		.uleb128 0x2
 401 002d 01       		.byte	0x1
 402 002e 08       		.byte	0x8
 403 002f 32000000 		.4byte	.LASF1
 404 0033 02       		.uleb128 0x2
 405 0034 02       		.byte	0x2
 406 0035 05       		.byte	0x5
 407 0036 B9010000 		.4byte	.LASF2
 408 003a 02       		.uleb128 0x2
 409 003b 02       		.byte	0x2
 410 003c 07       		.byte	0x7
 411 003d 40010000 		.4byte	.LASF3
 412 0041 02       		.uleb128 0x2
 413 0042 04       		.byte	0x4
 414 0043 05       		.byte	0x5
 415 0044 C9010000 		.4byte	.LASF4
 416 0048 02       		.uleb128 0x2
 417 0049 04       		.byte	0x4
 418 004a 07       		.byte	0x7
 419 004b F4000000 		.4byte	.LASF5
 420 004f 02       		.uleb128 0x2
 421 0050 08       		.byte	0x8
 422 0051 05       		.byte	0x5
 423 0052 97010000 		.4byte	.LASF6
 424 0056 02       		.uleb128 0x2
 425 0057 08       		.byte	0x8
 426 0058 07       		.byte	0x7
 427 0059 7B010000 		.4byte	.LASF7
 428 005d 03       		.uleb128 0x3
 429 005e 04       		.byte	0x4
 430 005f 05       		.byte	0x5
 431 0060 696E7400 		.ascii	"int\000"
 432 0064 02       		.uleb128 0x2
 433 0065 04       		.byte	0x4
 434 0066 07       		.byte	0x7
 435 0067 6E010000 		.4byte	.LASF8
 436 006b 04       		.uleb128 0x4
 437 006c C3010000 		.4byte	.LASF20
 438 0070 03       		.byte	0x3
 439 0071 E901     		.2byte	0x1e9
ARM GAS  C:\Users\elias\AppData\Local\Temp\ccgDMHrA.s 			page 21


 440 0073 2C000000 		.4byte	0x2c
 441 0077 02       		.uleb128 0x2
 442 0078 04       		.byte	0x4
 443 0079 04       		.byte	0x4
 444 007a 2C000000 		.4byte	.LASF9
 445 007e 02       		.uleb128 0x2
 446 007f 08       		.byte	0x8
 447 0080 04       		.byte	0x4
 448 0081 53010000 		.4byte	.LASF10
 449 0085 02       		.uleb128 0x2
 450 0086 01       		.byte	0x1
 451 0087 08       		.byte	0x8
 452 0088 A5010000 		.4byte	.LASF11
 453 008c 05       		.uleb128 0x5
 454 008d 08000000 		.4byte	.LASF21
 455 0091 01       		.byte	0x1
 456 0092 24       		.byte	0x24
 457 0093 01       		.byte	0x1
 458 0094 A4000000 		.4byte	0xa4
 459 0098 06       		.uleb128 0x6
 460 0099 92010000 		.4byte	.LASF22
 461 009d 01       		.byte	0x1
 462 009e 26       		.byte	0x26
 463 009f 6B000000 		.4byte	0x6b
 464 00a3 00       		.byte	0
 465 00a4 07       		.uleb128 0x7
 466 00a5 8C000000 		.4byte	0x8c
 467 00a9 00000000 		.4byte	.LFB0
 468 00ad 1C000000 		.4byte	.LFE0-.LFB0
 469 00b1 01       		.uleb128 0x1
 470 00b2 9C       		.byte	0x9c
 471 00b3 E3000000 		.4byte	0xe3
 472 00b7 08       		.uleb128 0x8
 473 00b8 98000000 		.4byte	0x98
 474 00bc 00000000 		.4byte	.LLST0
 475 00c0 09       		.uleb128 0x9
 476 00c1 08000000 		.4byte	.LVL1
 477 00c5 AC010000 		.4byte	0x1ac
 478 00c9 D3000000 		.4byte	0xd3
 479 00cd 0A       		.uleb128 0xa
 480 00ce 01       		.uleb128 0x1
 481 00cf 50       		.byte	0x50
 482 00d0 01       		.uleb128 0x1
 483 00d1 30       		.byte	0x30
 484 00d2 00       		.byte	0
 485 00d3 0B       		.uleb128 0xb
 486 00d4 0E000000 		.4byte	.LVL2
 487 00d8 AC010000 		.4byte	0x1ac
 488 00dc 0A       		.uleb128 0xa
 489 00dd 01       		.uleb128 0x1
 490 00de 50       		.byte	0x50
 491 00df 01       		.uleb128 0x1
 492 00e0 31       		.byte	0x31
 493 00e1 00       		.byte	0
 494 00e2 00       		.byte	0
 495 00e3 0C       		.uleb128 0xc
 496 00e4 D2010000 		.4byte	.LASF12
ARM GAS  C:\Users\elias\AppData\Local\Temp\ccgDMHrA.s 			page 22


 497 00e8 01       		.byte	0x1
 498 00e9 45       		.byte	0x45
 499 00ea 00000000 		.4byte	.LFB1
 500 00ee 24000000 		.4byte	.LFE1-.LFB1
 501 00f2 01       		.uleb128 0x1
 502 00f3 9C       		.byte	0x9c
 503 00f4 5D010000 		.4byte	0x15d
 504 00f8 0D       		.uleb128 0xd
 505 00f9 00000000 		.4byte	.LASF14
 506 00fd 01       		.byte	0x1
 507 00fe 45       		.byte	0x45
 508 00ff 6B000000 		.4byte	0x6b
 509 0103 2C000000 		.4byte	.LLST1
 510 0107 0E       		.uleb128 0xe
 511 0108 8C000000 		.4byte	0x8c
 512 010c 04000000 		.4byte	.LBB4
 513 0110 00000000 		.4byte	.Ldebug_ranges0+0
 514 0114 01       		.byte	0x1
 515 0115 47       		.byte	0x47
 516 0116 4C010000 		.4byte	0x14c
 517 011a 0F       		.uleb128 0xf
 518 011b 00000000 		.4byte	.Ldebug_ranges0+0
 519 011f 08       		.uleb128 0x8
 520 0120 98000000 		.4byte	0x98
 521 0124 4D000000 		.4byte	.LLST2
 522 0128 09       		.uleb128 0x9
 523 0129 0A000000 		.4byte	.LVL5
 524 012d AC010000 		.4byte	0x1ac
 525 0131 3B010000 		.4byte	0x13b
 526 0135 0A       		.uleb128 0xa
 527 0136 01       		.uleb128 0x1
 528 0137 50       		.byte	0x50
 529 0138 01       		.uleb128 0x1
 530 0139 30       		.byte	0x30
 531 013a 00       		.byte	0
 532 013b 0B       		.uleb128 0xb
 533 013c 12000000 		.4byte	.LVL6
 534 0140 AC010000 		.4byte	0x1ac
 535 0144 0A       		.uleb128 0xa
 536 0145 01       		.uleb128 0x1
 537 0146 50       		.byte	0x50
 538 0147 01       		.uleb128 0x1
 539 0148 31       		.byte	0x31
 540 0149 00       		.byte	0
 541 014a 00       		.byte	0
 542 014b 00       		.byte	0
 543 014c 0B       		.uleb128 0xb
 544 014d 1C000000 		.4byte	.LVL8
 545 0151 B7010000 		.4byte	0x1b7
 546 0155 0A       		.uleb128 0xa
 547 0156 01       		.uleb128 0x1
 548 0157 50       		.byte	0x50
 549 0158 02       		.uleb128 0x2
 550 0159 75       		.byte	0x75
 551 015a 00       		.sleb128 0
 552 015b 00       		.byte	0
 553 015c 00       		.byte	0
ARM GAS  C:\Users\elias\AppData\Local\Temp\ccgDMHrA.s 			page 23


 554 015d 0C       		.uleb128 0xc
 555 015e 5A010000 		.4byte	.LASF13
 556 0162 01       		.byte	0x1
 557 0163 5E       		.byte	0x5e
 558 0164 00000000 		.4byte	.LFB2
 559 0168 20000000 		.4byte	.LFE2-.LFB2
 560 016c 01       		.uleb128 0x1
 561 016d 9C       		.byte	0x9c
 562 016e 9B010000 		.4byte	0x19b
 563 0172 0D       		.uleb128 0xd
 564 0173 00000000 		.4byte	.LASF14
 565 0177 01       		.byte	0x1
 566 0178 5E       		.byte	0x5e
 567 0179 6B000000 		.4byte	0x6b
 568 017d 79000000 		.4byte	.LLST3
 569 0181 10       		.uleb128 0x10
 570 0182 10000000 		.4byte	.LVL11
 571 0186 AC010000 		.4byte	0x1ac
 572 018a 0B       		.uleb128 0xb
 573 018b 16000000 		.4byte	.LVL12
 574 018f B7010000 		.4byte	0x1b7
 575 0193 0A       		.uleb128 0xa
 576 0194 01       		.uleb128 0x1
 577 0195 50       		.byte	0x50
 578 0196 02       		.uleb128 0x2
 579 0197 75       		.byte	0x75
 580 0198 00       		.sleb128 0
 581 0199 00       		.byte	0
 582 019a 00       		.byte	0
 583 019b 11       		.uleb128 0x11
 584 019c 17000000 		.4byte	.LASF23
 585 01a0 01       		.byte	0x1
 586 01a1 14       		.byte	0x14
 587 01a2 6B000000 		.4byte	0x6b
 588 01a6 05       		.uleb128 0x5
 589 01a7 03       		.byte	0x3
 590 01a8 00000000 		.4byte	ADC_AMux_lastChannel
 591 01ac 12       		.uleb128 0x12
 592 01ad AA010000 		.4byte	.LASF15
 593 01b1 AA010000 		.4byte	.LASF15
 594 01b5 02       		.byte	0x2
 595 01b6 1D       		.byte	0x1d
 596 01b7 12       		.uleb128 0x12
 597 01b8 E7000000 		.4byte	.LASF16
 598 01bc E7000000 		.4byte	.LASF16
 599 01c0 02       		.byte	0x2
 600 01c1 1C       		.byte	0x1c
 601 01c2 00       		.byte	0
 602              		.section	.debug_abbrev,"",%progbits
 603              	.Ldebug_abbrev0:
 604 0000 01       		.uleb128 0x1
 605 0001 11       		.uleb128 0x11
 606 0002 01       		.byte	0x1
 607 0003 25       		.uleb128 0x25
 608 0004 0E       		.uleb128 0xe
 609 0005 13       		.uleb128 0x13
 610 0006 0B       		.uleb128 0xb
ARM GAS  C:\Users\elias\AppData\Local\Temp\ccgDMHrA.s 			page 24


 611 0007 03       		.uleb128 0x3
 612 0008 0E       		.uleb128 0xe
 613 0009 1B       		.uleb128 0x1b
 614 000a 0E       		.uleb128 0xe
 615 000b 55       		.uleb128 0x55
 616 000c 17       		.uleb128 0x17
 617 000d 11       		.uleb128 0x11
 618 000e 01       		.uleb128 0x1
 619 000f 10       		.uleb128 0x10
 620 0010 17       		.uleb128 0x17
 621 0011 00       		.byte	0
 622 0012 00       		.byte	0
 623 0013 02       		.uleb128 0x2
 624 0014 24       		.uleb128 0x24
 625 0015 00       		.byte	0
 626 0016 0B       		.uleb128 0xb
 627 0017 0B       		.uleb128 0xb
 628 0018 3E       		.uleb128 0x3e
 629 0019 0B       		.uleb128 0xb
 630 001a 03       		.uleb128 0x3
 631 001b 0E       		.uleb128 0xe
 632 001c 00       		.byte	0
 633 001d 00       		.byte	0
 634 001e 03       		.uleb128 0x3
 635 001f 24       		.uleb128 0x24
 636 0020 00       		.byte	0
 637 0021 0B       		.uleb128 0xb
 638 0022 0B       		.uleb128 0xb
 639 0023 3E       		.uleb128 0x3e
 640 0024 0B       		.uleb128 0xb
 641 0025 03       		.uleb128 0x3
 642 0026 08       		.uleb128 0x8
 643 0027 00       		.byte	0
 644 0028 00       		.byte	0
 645 0029 04       		.uleb128 0x4
 646 002a 16       		.uleb128 0x16
 647 002b 00       		.byte	0
 648 002c 03       		.uleb128 0x3
 649 002d 0E       		.uleb128 0xe
 650 002e 3A       		.uleb128 0x3a
 651 002f 0B       		.uleb128 0xb
 652 0030 3B       		.uleb128 0x3b
 653 0031 05       		.uleb128 0x5
 654 0032 49       		.uleb128 0x49
 655 0033 13       		.uleb128 0x13
 656 0034 00       		.byte	0
 657 0035 00       		.byte	0
 658 0036 05       		.uleb128 0x5
 659 0037 2E       		.uleb128 0x2e
 660 0038 01       		.byte	0x1
 661 0039 3F       		.uleb128 0x3f
 662 003a 19       		.uleb128 0x19
 663 003b 03       		.uleb128 0x3
 664 003c 0E       		.uleb128 0xe
 665 003d 3A       		.uleb128 0x3a
 666 003e 0B       		.uleb128 0xb
 667 003f 3B       		.uleb128 0x3b
ARM GAS  C:\Users\elias\AppData\Local\Temp\ccgDMHrA.s 			page 25


 668 0040 0B       		.uleb128 0xb
 669 0041 27       		.uleb128 0x27
 670 0042 19       		.uleb128 0x19
 671 0043 20       		.uleb128 0x20
 672 0044 0B       		.uleb128 0xb
 673 0045 01       		.uleb128 0x1
 674 0046 13       		.uleb128 0x13
 675 0047 00       		.byte	0
 676 0048 00       		.byte	0
 677 0049 06       		.uleb128 0x6
 678 004a 34       		.uleb128 0x34
 679 004b 00       		.byte	0
 680 004c 03       		.uleb128 0x3
 681 004d 0E       		.uleb128 0xe
 682 004e 3A       		.uleb128 0x3a
 683 004f 0B       		.uleb128 0xb
 684 0050 3B       		.uleb128 0x3b
 685 0051 0B       		.uleb128 0xb
 686 0052 49       		.uleb128 0x49
 687 0053 13       		.uleb128 0x13
 688 0054 00       		.byte	0
 689 0055 00       		.byte	0
 690 0056 07       		.uleb128 0x7
 691 0057 2E       		.uleb128 0x2e
 692 0058 01       		.byte	0x1
 693 0059 31       		.uleb128 0x31
 694 005a 13       		.uleb128 0x13
 695 005b 11       		.uleb128 0x11
 696 005c 01       		.uleb128 0x1
 697 005d 12       		.uleb128 0x12
 698 005e 06       		.uleb128 0x6
 699 005f 40       		.uleb128 0x40
 700 0060 18       		.uleb128 0x18
 701 0061 9742     		.uleb128 0x2117
 702 0063 19       		.uleb128 0x19
 703 0064 01       		.uleb128 0x1
 704 0065 13       		.uleb128 0x13
 705 0066 00       		.byte	0
 706 0067 00       		.byte	0
 707 0068 08       		.uleb128 0x8
 708 0069 34       		.uleb128 0x34
 709 006a 00       		.byte	0
 710 006b 31       		.uleb128 0x31
 711 006c 13       		.uleb128 0x13
 712 006d 02       		.uleb128 0x2
 713 006e 17       		.uleb128 0x17
 714 006f 00       		.byte	0
 715 0070 00       		.byte	0
 716 0071 09       		.uleb128 0x9
 717 0072 898201   		.uleb128 0x4109
 718 0075 01       		.byte	0x1
 719 0076 11       		.uleb128 0x11
 720 0077 01       		.uleb128 0x1
 721 0078 31       		.uleb128 0x31
 722 0079 13       		.uleb128 0x13
 723 007a 01       		.uleb128 0x1
 724 007b 13       		.uleb128 0x13
ARM GAS  C:\Users\elias\AppData\Local\Temp\ccgDMHrA.s 			page 26


 725 007c 00       		.byte	0
 726 007d 00       		.byte	0
 727 007e 0A       		.uleb128 0xa
 728 007f 8A8201   		.uleb128 0x410a
 729 0082 00       		.byte	0
 730 0083 02       		.uleb128 0x2
 731 0084 18       		.uleb128 0x18
 732 0085 9142     		.uleb128 0x2111
 733 0087 18       		.uleb128 0x18
 734 0088 00       		.byte	0
 735 0089 00       		.byte	0
 736 008a 0B       		.uleb128 0xb
 737 008b 898201   		.uleb128 0x4109
 738 008e 01       		.byte	0x1
 739 008f 11       		.uleb128 0x11
 740 0090 01       		.uleb128 0x1
 741 0091 31       		.uleb128 0x31
 742 0092 13       		.uleb128 0x13
 743 0093 00       		.byte	0
 744 0094 00       		.byte	0
 745 0095 0C       		.uleb128 0xc
 746 0096 2E       		.uleb128 0x2e
 747 0097 01       		.byte	0x1
 748 0098 3F       		.uleb128 0x3f
 749 0099 19       		.uleb128 0x19
 750 009a 03       		.uleb128 0x3
 751 009b 0E       		.uleb128 0xe
 752 009c 3A       		.uleb128 0x3a
 753 009d 0B       		.uleb128 0xb
 754 009e 3B       		.uleb128 0x3b
 755 009f 0B       		.uleb128 0xb
 756 00a0 27       		.uleb128 0x27
 757 00a1 19       		.uleb128 0x19
 758 00a2 11       		.uleb128 0x11
 759 00a3 01       		.uleb128 0x1
 760 00a4 12       		.uleb128 0x12
 761 00a5 06       		.uleb128 0x6
 762 00a6 40       		.uleb128 0x40
 763 00a7 18       		.uleb128 0x18
 764 00a8 9742     		.uleb128 0x2117
 765 00aa 19       		.uleb128 0x19
 766 00ab 01       		.uleb128 0x1
 767 00ac 13       		.uleb128 0x13
 768 00ad 00       		.byte	0
 769 00ae 00       		.byte	0
 770 00af 0D       		.uleb128 0xd
 771 00b0 05       		.uleb128 0x5
 772 00b1 00       		.byte	0
 773 00b2 03       		.uleb128 0x3
 774 00b3 0E       		.uleb128 0xe
 775 00b4 3A       		.uleb128 0x3a
 776 00b5 0B       		.uleb128 0xb
 777 00b6 3B       		.uleb128 0x3b
 778 00b7 0B       		.uleb128 0xb
 779 00b8 49       		.uleb128 0x49
 780 00b9 13       		.uleb128 0x13
 781 00ba 02       		.uleb128 0x2
ARM GAS  C:\Users\elias\AppData\Local\Temp\ccgDMHrA.s 			page 27


 782 00bb 17       		.uleb128 0x17
 783 00bc 00       		.byte	0
 784 00bd 00       		.byte	0
 785 00be 0E       		.uleb128 0xe
 786 00bf 1D       		.uleb128 0x1d
 787 00c0 01       		.byte	0x1
 788 00c1 31       		.uleb128 0x31
 789 00c2 13       		.uleb128 0x13
 790 00c3 52       		.uleb128 0x52
 791 00c4 01       		.uleb128 0x1
 792 00c5 55       		.uleb128 0x55
 793 00c6 17       		.uleb128 0x17
 794 00c7 58       		.uleb128 0x58
 795 00c8 0B       		.uleb128 0xb
 796 00c9 59       		.uleb128 0x59
 797 00ca 0B       		.uleb128 0xb
 798 00cb 01       		.uleb128 0x1
 799 00cc 13       		.uleb128 0x13
 800 00cd 00       		.byte	0
 801 00ce 00       		.byte	0
 802 00cf 0F       		.uleb128 0xf
 803 00d0 0B       		.uleb128 0xb
 804 00d1 01       		.byte	0x1
 805 00d2 55       		.uleb128 0x55
 806 00d3 17       		.uleb128 0x17
 807 00d4 00       		.byte	0
 808 00d5 00       		.byte	0
 809 00d6 10       		.uleb128 0x10
 810 00d7 898201   		.uleb128 0x4109
 811 00da 00       		.byte	0
 812 00db 11       		.uleb128 0x11
 813 00dc 01       		.uleb128 0x1
 814 00dd 31       		.uleb128 0x31
 815 00de 13       		.uleb128 0x13
 816 00df 00       		.byte	0
 817 00e0 00       		.byte	0
 818 00e1 11       		.uleb128 0x11
 819 00e2 34       		.uleb128 0x34
 820 00e3 00       		.byte	0
 821 00e4 03       		.uleb128 0x3
 822 00e5 0E       		.uleb128 0xe
 823 00e6 3A       		.uleb128 0x3a
 824 00e7 0B       		.uleb128 0xb
 825 00e8 3B       		.uleb128 0x3b
 826 00e9 0B       		.uleb128 0xb
 827 00ea 49       		.uleb128 0x49
 828 00eb 13       		.uleb128 0x13
 829 00ec 02       		.uleb128 0x2
 830 00ed 18       		.uleb128 0x18
 831 00ee 00       		.byte	0
 832 00ef 00       		.byte	0
 833 00f0 12       		.uleb128 0x12
 834 00f1 2E       		.uleb128 0x2e
 835 00f2 00       		.byte	0
 836 00f3 3F       		.uleb128 0x3f
 837 00f4 19       		.uleb128 0x19
 838 00f5 3C       		.uleb128 0x3c
ARM GAS  C:\Users\elias\AppData\Local\Temp\ccgDMHrA.s 			page 28


 839 00f6 19       		.uleb128 0x19
 840 00f7 6E       		.uleb128 0x6e
 841 00f8 0E       		.uleb128 0xe
 842 00f9 03       		.uleb128 0x3
 843 00fa 0E       		.uleb128 0xe
 844 00fb 3A       		.uleb128 0x3a
 845 00fc 0B       		.uleb128 0xb
 846 00fd 3B       		.uleb128 0x3b
 847 00fe 0B       		.uleb128 0xb
 848 00ff 00       		.byte	0
 849 0100 00       		.byte	0
 850 0101 00       		.byte	0
 851              		.section	.debug_loc,"",%progbits
 852              	.Ldebug_loc0:
 853              	.LLST0:
 854 0000 00000000 		.4byte	.LVL0
 855 0004 08000000 		.4byte	.LVL1
 856 0008 0200     		.2byte	0x2
 857 000a 30       		.byte	0x30
 858 000b 9F       		.byte	0x9f
 859 000c 08000000 		.4byte	.LVL1
 860 0010 0E000000 		.4byte	.LVL2
 861 0014 0200     		.2byte	0x2
 862 0016 31       		.byte	0x31
 863 0017 9F       		.byte	0x9f
 864 0018 0E000000 		.4byte	.LVL2
 865 001c 1C000000 		.4byte	.LFE0
 866 0020 0200     		.2byte	0x2
 867 0022 32       		.byte	0x32
 868 0023 9F       		.byte	0x9f
 869 0024 00000000 		.4byte	0
 870 0028 00000000 		.4byte	0
 871              	.LLST1:
 872 002c 00000000 		.4byte	.LVL3
 873 0030 06000000 		.4byte	.LVL4
 874 0034 0100     		.2byte	0x1
 875 0036 50       		.byte	0x50
 876 0037 06000000 		.4byte	.LVL4
 877 003b 24000000 		.4byte	.LFE1
 878 003f 0400     		.2byte	0x4
 879 0041 F3       		.byte	0xf3
 880 0042 01       		.uleb128 0x1
 881 0043 50       		.byte	0x50
 882 0044 9F       		.byte	0x9f
 883 0045 00000000 		.4byte	0
 884 0049 00000000 		.4byte	0
 885              	.LLST2:
 886 004d 00000000 		.4byte	.LVL3
 887 0051 0A000000 		.4byte	.LVL5
 888 0055 0200     		.2byte	0x2
 889 0057 30       		.byte	0x30
 890 0058 9F       		.byte	0x9f
 891 0059 0A000000 		.4byte	.LVL5
 892 005d 12000000 		.4byte	.LVL6
 893 0061 0200     		.2byte	0x2
 894 0063 31       		.byte	0x31
 895 0064 9F       		.byte	0x9f
ARM GAS  C:\Users\elias\AppData\Local\Temp\ccgDMHrA.s 			page 29


 896 0065 12000000 		.4byte	.LVL6
 897 0069 18000000 		.4byte	.LVL7
 898 006d 0200     		.2byte	0x2
 899 006f 32       		.byte	0x32
 900 0070 9F       		.byte	0x9f
 901 0071 00000000 		.4byte	0
 902 0075 00000000 		.4byte	0
 903              	.LLST3:
 904 0079 00000000 		.4byte	.LVL9
 905 007d 08000000 		.4byte	.LVL10
 906 0081 0100     		.2byte	0x1
 907 0083 50       		.byte	0x50
 908 0084 08000000 		.4byte	.LVL10
 909 0088 20000000 		.4byte	.LFE2
 910 008c 0400     		.2byte	0x4
 911 008e F3       		.byte	0xf3
 912 008f 01       		.uleb128 0x1
 913 0090 50       		.byte	0x50
 914 0091 9F       		.byte	0x9f
 915 0092 00000000 		.4byte	0
 916 0096 00000000 		.4byte	0
 917              		.section	.debug_aranges,"",%progbits
 918 0000 2C000000 		.4byte	0x2c
 919 0004 0200     		.2byte	0x2
 920 0006 00000000 		.4byte	.Ldebug_info0
 921 000a 04       		.byte	0x4
 922 000b 00       		.byte	0
 923 000c 0000     		.2byte	0
 924 000e 0000     		.2byte	0
 925 0010 00000000 		.4byte	.LFB0
 926 0014 1C000000 		.4byte	.LFE0-.LFB0
 927 0018 00000000 		.4byte	.LFB1
 928 001c 24000000 		.4byte	.LFE1-.LFB1
 929 0020 00000000 		.4byte	.LFB2
 930 0024 20000000 		.4byte	.LFE2-.LFB2
 931 0028 00000000 		.4byte	0
 932 002c 00000000 		.4byte	0
 933              		.section	.debug_ranges,"",%progbits
 934              	.Ldebug_ranges0:
 935 0000 04000000 		.4byte	.LBB4
 936 0004 14000000 		.4byte	.LBE4
 937 0008 16000000 		.4byte	.LBB7
 938 000c 18000000 		.4byte	.LBE7
 939 0010 00000000 		.4byte	0
 940 0014 00000000 		.4byte	0
 941 0018 00000000 		.4byte	.LFB0
 942 001c 1C000000 		.4byte	.LFE0
 943 0020 00000000 		.4byte	.LFB1
 944 0024 24000000 		.4byte	.LFE1
 945 0028 00000000 		.4byte	.LFB2
 946 002c 20000000 		.4byte	.LFE2
 947 0030 00000000 		.4byte	0
 948 0034 00000000 		.4byte	0
 949              		.section	.debug_line,"",%progbits
 950              	.Ldebug_line0:
 951 0000 A7000000 		.section	.debug_str,"MS",%progbits,1
 951      02005700 
ARM GAS  C:\Users\elias\AppData\Local\Temp\ccgDMHrA.s 			page 30


 951      00000201 
 951      FB0E0D00 
 951      01010101 
 952              	.LASF14:
 953 0000 6368616E 		.ascii	"channel\000"
 953      6E656C00 
 954              	.LASF21:
 955 0008 4144435F 		.ascii	"ADC_AMux_Start\000"
 955      414D7578 
 955      5F537461 
 955      727400
 956              	.LASF23:
 957 0017 4144435F 		.ascii	"ADC_AMux_lastChannel\000"
 957      414D7578 
 957      5F6C6173 
 957      74436861 
 957      6E6E656C 
 958              	.LASF9:
 959 002c 666C6F61 		.ascii	"float\000"
 959      7400
 960              	.LASF1:
 961 0032 756E7369 		.ascii	"unsigned char\000"
 961      676E6564 
 961      20636861 
 961      7200
 962              	.LASF17:
 963 0040 474E5520 		.ascii	"GNU C11 5.4.1 20160609 (release) [ARM/embedded-5-br"
 963      43313120 
 963      352E342E 
 963      31203230 
 963      31363036 
 964 0073 616E6368 		.ascii	"anch revision 237715] -mcpu=cortex-m3 -mthumb -g -O"
 964      20726576 
 964      6973696F 
 964      6E203233 
 964      37373135 
 965 00a6 33202D66 		.ascii	"3 -ffunction-sections -ffat-lto-objects -finline-fu"
 965      66756E63 
 965      74696F6E 
 965      2D736563 
 965      74696F6E 
 966 00d9 6E637469 		.ascii	"nctions -flto\000"
 966      6F6E7320 
 966      2D666C74 
 966      6F00
 967              	.LASF16:
 968 00e7 4144435F 		.ascii	"ADC_AMux_Set\000"
 968      414D7578 
 968      5F536574 
 968      00
 969              	.LASF5:
 970 00f4 6C6F6E67 		.ascii	"long unsigned int\000"
 970      20756E73 
 970      69676E65 
 970      6420696E 
 970      7400
 971              	.LASF19:
ARM GAS  C:\Users\elias\AppData\Local\Temp\ccgDMHrA.s 			page 31


 972 0106 433A5C47 		.ascii	"C:\\Github\\Tesis\\src\\psoc\\AcondicionamientoAnal"
 972      69746875 
 972      625C5465 
 972      7369735C 
 972      7372635C 
 973 0134 6F676963 		.ascii	"ogico.cydsn\000"
 973      6F2E6379 
 973      64736E00 
 974              	.LASF3:
 975 0140 73686F72 		.ascii	"short unsigned int\000"
 975      7420756E 
 975      7369676E 
 975      65642069 
 975      6E7400
 976              	.LASF10:
 977 0153 646F7562 		.ascii	"double\000"
 977      6C6500
 978              	.LASF13:
 979 015a 4144435F 		.ascii	"ADC_AMux_FastSelect\000"
 979      414D7578 
 979      5F466173 
 979      7453656C 
 979      65637400 
 980              	.LASF8:
 981 016e 756E7369 		.ascii	"unsigned int\000"
 981      676E6564 
 981      20696E74 
 981      00
 982              	.LASF7:
 983 017b 6C6F6E67 		.ascii	"long long unsigned int\000"
 983      206C6F6E 
 983      6720756E 
 983      7369676E 
 983      65642069 
 984              	.LASF22:
 985 0192 6368616E 		.ascii	"chan\000"
 985      00
 986              	.LASF6:
 987 0197 6C6F6E67 		.ascii	"long long int\000"
 987      206C6F6E 
 987      6720696E 
 987      7400
 988              	.LASF11:
 989 01a5 63686172 		.ascii	"char\000"
 989      00
 990              	.LASF15:
 991 01aa 4144435F 		.ascii	"ADC_AMux_Unset\000"
 991      414D7578 
 991      5F556E73 
 991      657400
 992              	.LASF2:
 993 01b9 73686F72 		.ascii	"short int\000"
 993      7420696E 
 993      7400
 994              	.LASF20:
 995 01c3 75696E74 		.ascii	"uint8\000"
 995      3800
ARM GAS  C:\Users\elias\AppData\Local\Temp\ccgDMHrA.s 			page 32


 996              	.LASF4:
 997 01c9 6C6F6E67 		.ascii	"long int\000"
 997      20696E74 
 997      00
 998              	.LASF12:
 999 01d2 4144435F 		.ascii	"ADC_AMux_Select\000"
 999      414D7578 
 999      5F53656C 
 999      65637400 
 1000              	.LASF0:
 1001 01e2 7369676E 		.ascii	"signed char\000"
 1001      65642063 
 1001      68617200 
 1002              	.LASF18:
 1003 01ee 47656E65 		.ascii	"Generated_Source\\PSoC5\\ADC_AMux.c\000"
 1003      72617465 
 1003      645F536F 
 1003      75726365 
 1003      5C50536F 
 1004              		.comm	__gnu_lto_v1,1,1
 1005              		.ident	"GCC: (GNU Tools for ARM Embedded Processors) 5.4.1 20160609 (release) [ARM/embedded-5-bran
