ARM GAS  C:\Users\elias\AppData\Local\Temp\ccNM8ELd.s 			page 1


   1              		.syntax unified
   2              		.cpu cortex-m3
   3              		.fpu softvfp
   4              		.eabi_attribute 20, 1
   5              		.eabi_attribute 21, 1
   6              		.eabi_attribute 23, 3
   7              		.eabi_attribute 24, 1
   8              		.eabi_attribute 25, 1
   9              		.eabi_attribute 26, 1
  10              		.eabi_attribute 30, 2
  11              		.eabi_attribute 34, 1
  12              		.eabi_attribute 18, 4
  13              		.thumb
  14              		.syntax unified
  15              		.file	"ADC_PM.c"
  16              		.text
  17              	.Ltext0:
  18              		.section	.gnu.lto_.profile.1b35b324,"",%progbits
  19 0000 789C6361 		.ascii	"x\234ca`d`a`\000\222\001\352\000\0011\000\202"
  19      60646061 
  19      60009201 
  19      EA000131 
  19      0082
  20              		.text
  21              		.section	.gnu.lto_.icf.1b35b324,"",%progbits
  22 0000 789C6361 		.ascii	"x\234ca`d\000\001U\006\004`cxs\376\347W.\306\323\353"
  22      60640001 
  22      55060460 
  22      637873FE 
  22      E7572EC6 
  23 0016 67C9326D 		.ascii	"g\3112m\331\373\3744\037\363\354\276s\307XX\276|X\271"
  23      D9FBFC34 
  23      1FF3ECBE 
  23      73C75858 
  23      BE7C58B9 
  24 002a 8385B577 		.ascii	"\203\205\265w\362\307yL\014\000fu\022\020"
  24      F2C7794C 
  24      0C006675 
  24      1210
  25              		.text
  26              		.section	.gnu.lto_.jmpfuncs.1b35b324,"",%progbits
  27 0000 789C6361 		.ascii	"x\234ca`d\000\001Q\006\004`\005\223L\014\014\314\014"
  27      60640001 
  27      51060460 
  27      05934C0C 
  27      0CCC0C
  28 0013 0C2C303E 		.ascii	"\014,0>\000\004\221\000."
  28      00049100 
  28      2E
  29              		.text
  30              		.section	.gnu.lto_.inline.1b35b324,"",%progbits
  31 0000 789C6361 		.ascii	"x\234ca`d\000\2012\006\004`e`\340\024ad`\3428`\307\300"
  31      60640081 
  31      32060460 
  31      6560E014 
  31      616460E2 
  32 0018 B6409E09 		.ascii	"\266@\236\011$\306\310\005#\230\030XY\200\222,\013\344"
ARM GAS  C:\Users\elias\AppData\Local\Temp\ccNM8ELd.s 			page 2


  32      24C6C805 
  32      23981858 
  32      5980922C 
  32      0BE4
  33 002a E192CC98 		.ascii	"\341\222\314\230B,\014\242\374@!\245\013\363\030Q\315"
  33      422C0CA2 
  33      FC4021A5 
  33      0BF31851 
  33      CD
  34 003b 6065E0E4 		.ascii	"`e\340\344\006JpM\360C\025g\000\000v\274\012\031"
  34      064A704D 
  34      F0431567 
  34      000076BC 
  34      0A19
  35              		.text
  36              		.section	.gnu.lto_.pureconst.1b35b324,"",%progbits
  37 0000 789C6361 		.ascii	"x\234ca`d\340f```e\220`\222b\226b\221b\225\002\000\004"
  37      6064E066 
  37      60606065 
  37      90609262 
  37      96629162 
  38 0018 0000A4   		.ascii	"\000\000\244"
  39              		.text
  40              		.section	.gnu.lto_ADC_Wakeup.part.0.1b35b324,"",%progbits
  41 0000 789C7550 		.ascii	"x\234uP1H[Q\024\275\347\276\377\223 \246\355\342V$\270"
  41      31485B51 
  41      14BDE7BE 
  41      FF9320A6 
  41      EDE25624 
  42 0015 39D4E0E0 		.ascii	"9\324\340\340\326\245D*\010\005\251k@\304fM@\3329O\177"
  42      D6A5442A 
  42      0805A96B 
  42      40C4664D 
  42      40DA394F 
  43 002a 3EAD8B64 		.ascii	">\255\213di\267\342$\321V\215nM\246 \272H\321\251\355"
  43      69B7E224 
  43      D1568D6E 
  43      4DA620BA 
  43      48D1A9ED 
  44 003e 90A5ED10 		.ascii	"\220\245\355\020$\004\232\224\212\010\232\357\275/n"
  44      24049A94 
  44      8A089AEF 
  44      BD2F6E
  45 004d C50BEFDD 		.ascii	"\305\013\357\335\307}\347\334s\317\365\010\244\261#"
  45      C77DE7DC 
  45      73CFF508 
  45      A4B123
  46 005c 694CF253 		.ascii	"iL\362S9\210\021\374\362\251<|\260\313\314\246>Jv\310"
  46      398811FC 
  46      F2A93C7C 
  46      B0CBCCA6 
  46      3E4A76C8 
  47 0070 FB9E263B 		.ascii	"\373\236&;l\340iu%\341\001\372\260\011P\321g\343\241"
  47      6CE06975 
  47      25E101FA 
  47      B00950D1 
  47      67E3A1
ARM GAS  C:\Users\elias\AppData\Local\Temp\ccNM8ELd.s 			page 3


  48 0083 880BBE61 		.ascii	"\210\013\276a\034\276m\325x\274b%~nV&\355V\003\241!"
  48      1CBE6DD5 
  48      78BC6225 
  48      7E6E5626 
  48      ED5603A1 
  49 0098 8AD84911 		.ascii	"\212\330I\021*\030'\201\375>\350\277O\306J\012K\015"
  49      2A182781 
  49      FD3EE8BF 
  49      4FC64A0A 
  49      4B0D
  50 00aa 3EB18598 		.ascii	">\261\205\230\316S}im\024\005\266\374g\004qPh\300z\021"
  50      CE537D69 
  50      6D1405B6 
  50      FC670471 
  50      5068C07A 
  51 00bf 7505A592 		.ascii	"u\005\245\222]\3665\233\036\263\313\347\010\032\315"
  51      5DF6359B 
  51      1EB3CBE7 
  51      081ACD
  52 00ce 9361E56B 		.ascii	"\223a\345k\347Z\255\323\214\027o\354;k\037\205\206#"
  52      E75AADD3 
  52      8C176FEC 
  52      3B6B1F85 
  52      8623
  53 00e0 162AB651 		.ascii	"\026*\266Q\224&\206ZX\255\037\374\370\353+80\020\370"
  53      9426865A 
  53      58AD1FFC 
  53      F8EB2B38 
  53      3010F8
  54 00f3 87F0F02C 		.ascii	"\207\360\360,\376\217Cq\360?\333[\223\321\265\334\376"
  54      FE8F4371 
  54      F03FDB5B 
  54      93D1B5DC 
  54      FE
  55 0104 FAED6868 		.ascii	"\372\355hh\003\037W\254\253\373\370,~?\341\261\373\\"
  55      031F57AC 
  55      ABFBF82C 
  55      7E3FE1B1 
  55      FB5C
  56 0116 FFB2BF96 		.ascii	"\377\262\277\226H?\011M\014;\330@\337Y\305.\322\"\027"
  56      483F094D 
  56      0C3BD840 
  56      DF59C52E 
  56      D22217
  57 0129 5C3FA7C0 		.ascii	"\\?\247\300\360@\3538\272l<T-\200\261'\354_(5\203\374"
  57      F040EB38 
  57      BA6C3C54 
  57      2D80B127 
  57      EC5F2835 
  58 013f 60185D5E 		.ascii	"`\030]^\265S\273J\016\000\204\252\266\227\350\261\241"
  58      B553BB4A 
  58      0E0084AA 
  58      B697E8B1 
  58      A1
  59 0150 FAA8B3D9 		.ascii	"\372\250\263\331;yp\257MQ\305\376\235M%yn9m\2546.g\035"
  59      3B7970AF 
  59      4D51C5FE 
ARM GAS  C:\Users\elias\AppData\Local\Temp\ccNM8ELd.s 			page 4


  59      9D4D2579 
  59      6E396DAC 
  60 0168 49A32BDB 		.ascii	"I\243+\333\220\262`S3\271|ny\361u\356\325\302|\341\315"
  60      90B26053 
  60      33B97C6E 
  60      79F175EE 
  60      D5C27CE1 
  61 017d F2522E3B 		.ascii	"\362R.;7_\310Le\237Mg\026\346^L,\321-\2179\241\326"
  61      375FC84C 
  61      659F4D67 
  61      16E65E4C 
  61      2CD12D8F 
  62              		.text
  63              		.section	.gnu.lto_ADC_backup.1b35b324,"",%progbits
  64 0000 789C6361 		.ascii	"x\234ca`d\000\001\027 \206\260\030\030\37621~l\350m"
  64      60640001 
  64      172086B0 
  64      1818FE32 
  64      317E6CE8 
  65 0015 E7F9C2D4 		.ascii	"\347\371\302\324\312\314\300\370\203\021\310_\377f\347"
  65      CACCC0F8 
  65      8311C85F 
  65      FF66E7
  66 0024 4F5E081F 		.ascii	"O^\010\037$\275f\371\254\011\254\026\333\032:\0264("
  66      24BD66F9 
  66      AC09AC16 
  66      DB1A3A16 
  66      3428
  67 0036 B43233FE 		.ascii	"\26423\376cb`\\\301(\363\217\211\221q9\243\014\003\343"
  67      6362605C 
  67      C128F38F 
  67      89917139 
  67      A30C03E3 
  68 004a 4A460B06 		.ascii	"JF\013\006\000\300\267\027\335"
  68      00C0B717 
  68      DD
  69              		.text
  70              		.section	.gnu.lto_ADC_SaveConfig.1b35b324,"",%progbits
  71 0000 789C4D50 		.ascii	"x\234MP;H\003A\020\335\267{\371 \370\351,L\021\354\322"
  71      3B480341 
  71      10DDB77B 
  71      F920F8E9 
  71      2C4C11EC 
  72 0015 98CA5A24 		.ascii	"\230\312Z$\2026B0m H\274\326@\320:\233\317\251\261\020"
  72      82364230 
  72      6D2048BC 
  72      D640D03A 
  72      9BCFA9B1 
  73 002a 1B63A344 		.ascii	"\033c\243D\013I\374\304h\347a\341\021\324J\264\220T"
  73      0B49FCC4 
  73      68E761E1 
  73      11D44AB4 
  73      9054
  74 003c 36629122 		.ascii	"6b\221\"XD\320FH\342\314\245q`\231\3357o\337\233\031"
  74      5844D046 
  74      48E2CCA5 
  74      716099DD 
ARM GAS  C:\Users\elias\AppData\Local\Temp\ccNM8ELd.s 			page 5


  74      376FDF9B 
  75 0051 4340702C 		.ascii	"C@p,P\232\244<A\007J@\356>\013\221\365K\200/\332\017"
  75      509AA43C 
  75      41074A40 
  75      EE3E0B91 
  75      F54B802F 
  76 0067 9191C8E0 		.ascii	"\221\221\310\340Gv%\032\233-[\206*\232\342\375a_\351"
  76      4776251A 
  76      9B2D5B86 
  76      2A9AE2FD 
  76      615FE9
  77 007a AA034B09 		.ascii	"\252\003K\011\321\227\256\222@\005!A\264\217\353\336"
  77      D197AE92 
  77      40052141 
  77      B48FEBDE 
  78 008a DEB0B7C0 		.ascii	"\336\260\267\300\264\340\240\210*\274lW_rt\277\237\327"
  78      B4E0A088 
  78      2ABC6C57 
  78      5F7274BF 
  78      9FD7
  79 009c CE9DE744 		.ascii	"\316\235\347D\031RX\212\320\0161\330\353KJ\316\252\205"
  79      1952588A 
  79      D00E31D8 
  79      EB4B4ACE 
  79      AA85
  80 00ae C6EFF6E3 		.ascii	"\306\357\366\343\206\217?\345\025\373\226\254\306\213"
  80      868F3FE5 
  80      15FB96AC 
  80      C68B
  81 00bc EF5B5A4A 		.ascii	"\357[ZJ\202\365\273G\315\372\350\340\251\017\262\332"
  81      82F5BB47 
  81      CDFAE8E0 
  81      A90FB2DA 
  82 00cc 20A8796B 		.ascii	" \250yk\227F\3128\314\026\250#\2053\004p\212\000\031"
  82      9746CA38 
  82      CC16A823 
  82      85330470 
  82      8A0019
  83 00df 9FA30CD1 		.ascii	"\237\243\014\321B\256t<\316z\377\305\014W\314\266?\337"
  83      42AE743C 
  83      CE7AFFC5 
  83      0C57CCB6 
  83      3FDF
  84 00f1 7C99AEDE 		.ascii	"|\231\256\336\322z\214\260\"\315\303p\373\251y?\304"
  84      D27A8CB0 
  84      22CDC370 
  84      FBA9793F 
  84      C4
  85 0102 82DAC53D 		.ascii	"\202\332\305=\250\321\022.X\222\212;7WE\177\270\306"
  85      A8D1122E 
  85      58928A3B 
  85      3757457F 
  85      B8C6
  86 0114 03EA194B 		.ascii	"\003\352\031KyqI.=w\013\250#LM\2136r\316\253\207-\335"
  86      7971492E 
  86      3D770BA8 
  86      234C4D8B 
ARM GAS  C:\Users\elias\AppData\Local\Temp\ccNM8ELd.s 			page 6


  86      3672CEAB 
  87 012b D574A873 		.ascii	"\325t\250s\232\215(\301ys\325L/\257\231+\211Xj=\235"
  87      9A8D28C1 
  87      7973D54C 
  87      2FAF992B 
  87      89586A3D 
  88 0140 34E3D158 		.ascii	"4\343\321X*2\035\237\235\213$\242\213SI\361\007<\226"
  88      2A321D9F 
  88      9D8B24A2 
  88      8B5349F1 
  88      073C96
  89 0153 7D5D     		.ascii	"}]"
  90              		.text
  91              		.section	.gnu.lto_ADC_RestoreConfig.1b35b324,"",%progbits
  92 0000 789C4D90 		.ascii	"x\234M\220\275O\002A\020\305\367\355\236\007j\374\250"
  92      BD4F0241 
  92      10C5F7ED 
  92      9E076AFC 
  92      A8
  93 0011 6CA42076 		.ascii	"l\244 v\024\212\215\177\200\301`eB\244%!\006\257\225"
  93      148A8D7F 
  93      80C16065 
  93      42A42521 
  93      06AF95
  94 0024 8468CD1E 		.ascii	"\204h\315\036pQ\032c#\225\006\255\300O$\321\304\323"
  94      70511A63 
  94      239506AD 
  94      C04F24D1 
  94      C4D3
  95 0036 E6249644 		.ascii	"\346$\226D\253\253l\214F\012b\001\211\226\200\263G\343"
  95      ABAB6C8C 
  95      460A6201 
  95      899680B3 
  95      47E3
  96 0048 249BD97D 		.ascii	"$\233\331}3;\277\267\25310\025QJs\224giA0\360\203\027"
  96      333BBFB7 
  96      AB313015 
  96      514A7394 
  96      67694130 
  97 005f C64C3F07 		.ascii	"\306L?\007\324F\372\301\262\034Y\374\362\036Gc\267e"
  97      D446FAC1 
  97      B21C59FC 
  97      F21E4763 
  97      B765
  98 0071 F3504552 		.ascii	"\363PER\274\177}.\312\252\003K06\340\336$\206\012B\214"
  98      BC7F7D2E 
  98      CAAA034B 
  98      3036E0DE 
  98      24860A42 
  99 0086 DA3EEAFD 		.ascii	"\332>\352\375\303\011\275\240\332\202\303\"\252\320"
  99      C309BDA0 
  99      DA82C322 
  99      AAD0
 100 0094 15AEB6EE 		.ascii	"\025\256\266\356\310\301 /\235\272\376t\253k\234Y\202"
 100      C8C1202F 
 100      9DBAFE74 
 100      AB6B9C59 
ARM GAS  C:\Users\elias\AppData\Local\Temp\ccNM8ELd.s 			page 7


 100      82
 101 00a5 E40EB528 		.ascii	"\344\016\265(X\227s\225E\013\271\207n\323\034U\267\362"
 101      58977395 
 101      450BB987 
 101      6ED31C55 
 101      B7F2
 102 00b7 42814B56 		.ascii	"B\201KV\343\325\367\303-\301\241\000\266\375\375\346"
 102      E3D5F7C3 
 102      2DC1A100 
 102      B6FDFDE6 
 103 00c7 CBF6E49E 		.ascii	"\313\366\344\236\224\323\244\025\311\203\222\333M\367"
 103      94D3A415 
 103      C98392DB 
 103      4DF7
 104 00d5 79AC8C63 		.ascii	"y\254\214cSz\272\3009\031?C\300+\356\337\337\024\375"
 104      537ABAC0 
 104      39193F43 
 104      C02BEEDF 
 104      DF14FD
 105 00e8 E1794B68 		.ascii	"\341yKh\270@\031}\3173.\021f-4J\2473\012\366\2374\342"
 105      B840197D 
 105      CF332E11 
 105      662D344A 
 105      A7330AF6 
 106 00ff 917A276E 		.ascii	"\221z'nmjx\224G\246\324Hr\037\355\322\244\242\024\210"
 106      6D6A7894 
 106      47A6D448 
 106      721FEDD2 
 106      A4A21488 
 107 0113 336E091D 		.ascii	"3n\011\035\327\010\340JaP\243\311\344\230\265\221s\356"
 107      D708E04A 
 107      6150A3C9 
 107      E498B591 
 107      73EE
 108 0125 A26AA4F7 		.ascii	"\242j\244\3671\035\262M\017#dp\325\33022\033\333\306"
 108      311DB24D 
 108      0F236470 
 108      D5D83232 
 108      1BDBC6
 109 0138 66329EDE 		.ascii	"f2\236\336\311\244\214D,\236\216,%\226W\"\311\330\332"
 109      C9A48C44 
 109      2C9E8E2C 
 109      25965722 
 109      C9D8DA
 110 014b 428AFD01 		.ascii	"B\212\375\001)k}S"
 110      296B7D53 
 111              		.text
 112              		.section	.gnu.lto_ADC_Sleep.1b35b324,"",%progbits
 113 0000 789C9553 		.ascii	"x\234\225SMHTQ\024\276\347\336\367\336}\216\232\003"
 113      4D485451 
 113      14BEE7DE 
 113      F7DE7D8E 
 113      9A03
 114 0012 6D45A48D 		.ascii	"mE\244\215\270q\332\264q\023a\344*\220\\\264\021$lZ"
 114      B871DAB4 
 114      711361E4 
 114      2A905CB4 
ARM GAS  C:\Users\elias\AppData\Local\Temp\ccNM8ELd.s 			page 8


 114      11246C5A 
 115 0026 2A48ADE7 		.ascii	"*H\255\347>\307\361\247\205\331\"\241\030\261\225\232"
 115      3EC7F1A7 
 115      85D922A1 
 115      18B1959A 
 116 0036 66E39496 		.ascii	"f\343\224\226\223\232\3434\345f(\210l#D\005i\210\321"
 116      939AE334 
 116      E5662888 
 116      6C234405 
 116      6988D1
 117 0049 08BA281A 		.ascii	"\010\272(\032\247s\336U\347\331\217\344\205w\336\273"
 117      A773DE55 
 117      E7D98FE4 
 117      8577DEBB 
 118 0059 F79E9FEF 		.ascii	"\367\236\237\357;\337;\006\003Fk\330`\354\004\276\257"
 118      3BDF3B06 
 118      03466BD8 
 118      60EC04BE 
 118      AF
 119 006a E003450C 		.ascii	"\340\003E\014x\377+\306\034\233s\321S\305\224O\222-"
 119      78FF2BC6 
 119      1C9B73D1 
 119      53C5944F 
 119      922D
 120 007c 11DCF0EC 		.ascii	"\021\334\360\354\014n\276\015\340\316\232\253\300\235"
 120      0C6EBE0D 
 120      E0CE9AAB 
 120      C09D
 121 008a 09960EB1 		.ascii	"\011\226\016\261\300\326\037r\357\303\006\240\017e\003"
 121      C0D61F72 
 121      EFC306A0 
 121      0F6503
 122 0099 0B716198 		.ascii	"\013qa\230\226\264!\004\333<\307!\325\275\232\340\325"
 122      96B42104 
 122      DB3CC721 
 122      D5BD9AE0 
 122      D5
 123 00aa 230AD787 		.ascii	"#\012\327\207\317\337N\252\321$D\004cy\356\202b0\002"
 123      CFDF4EAA 
 123      D1244404 
 123      6379EE82 
 123      623002
 124 00bd D50CDD3E 		.ascii	"\325\014\335>\305wn\225Z\235\344V\251/a\024,B\036\273"
 124      C5776E95 
 124      5A9DE456 
 124      A92F6114 
 124      2C421EBB 
 125 00d1 9054F97C 		.ascii	"\220T\371|X%o\312\305\254\364\013\026\021`\222\261\310"
 125      58256FCA 
 125      C5ACF40B 
 125      16116092 
 125      B1C8
 126 00e3 48323619 		.ascii	"H26\031\037\23122\214e1\001\001\332\344\234\336b\025"
 126      1F993232 
 126      8C653101 
 126      01DAE49C 
 126      DE6215
ARM GAS  C:\Users\elias\AppData\Local\Temp\ccNM8ELd.s 			page 9


 127 00f6 523FAEBF 		.ascii	"R?\256\277\213\366\003%\015\013\023\013\016DR\257\345"
 127      8BF60325 
 127      0D0B130B 
 127      0E4452AF 
 127      E5
 128 0107 168F080E 		.ascii	"\026\217\010\016T\17707\266V\244\267c\335\2162\360h"
 128      547F3037 
 128      B656A4B7 
 128      63DD8E32 
 128      F068
 129 0119 C519EE92 		.ascii	"\305\031\356\222C0\350t\"b\001cP\016\367\240\034\201"
 129      4330E874 
 129      22620163 
 129      500EF7A0 
 129      1C81
 130 012b 8DC310B0 		.ascii	"\215\303\020\260U\010\377<\307\302B\350tS\351\245.\233"
 130      5508FF3C 
 130      C7C242E8 
 130      7453E9A5 
 130      2E9B
 131 013d E201D77D 		.ascii	"\342\001\327}t\373\010\235+\341\012]O\240Cl#\361\275"
 131      74FB089D 
 131      2BE10A5D 
 131      4FA0436C 
 131      23F1BD
 132 0150 543B3098 		.ascii	"T;0\230\240<\214\360\011\326S\245\341\275\337\207'\017"
 132      A03C8CF0 
 132      09D653A5 
 132      E1BDDF87 
 132      270F
 133 0162 2BFEC05B 		.ascii	"+\376\300[|\327\371M63X\254s\373!\266W|\274\357\216"
 133      7CD7F94D 
 133      363358AC 
 133      73FB21B6 
 133      577CBCEF 
 134 0177 D0092D4F 		.ascii	"\320\011-OA\203\245\217c\301\216\255\3115\247\210\256"
 134      4183A58F 
 134      63C18EAD 
 134      C935A788 
 134      AE
 135 0188 BDBD30DC 		.ascii	"\275\2750\334^$\022\033+2\224S=J\371\361\254\027\345"
 135      5E24121B 
 135      2B329453 
 135      3D4AF9F1 
 135      AC17E5
 136 019b A2E3F5CC 		.ascii	"\242\343\365\314r\332G\220\224{nB\0345\236\244\304x"
 136      72DA4790 
 136      947B6E42 
 136      1C359EA4 
 136      C478
 137 01ad D93733D9 		.ascii	"\33173\331k\007&H?u1\202\025\037\"\316\035Wdx\004\001"
 137      6B072648 
 137      3F753182 
 137      151F22CE 
 137      1D576478 
 138 01c3 F498EECE 		.ascii	"\364\230\356\316\304}T\304\302\016Ma\230\313z'Z\253"
 138      C47D54C4 
ARM GAS  C:\Users\elias\AppData\Local\Temp\ccNM8ELd.s 			page 10


 138      C20E4D61 
 138      98CB7A27 
 138      5AAB
 139 01d5 31FAD025 		.ascii	"1\372\320%ww9V\246EPQ-\302\362lb\340X\241\017\323\373"
 139      77773956 
 139      A6455051 
 139      2DC2F26C 
 139      62E058A1 
 140 01ec 7D78ECED 		.ascii	"}x\354\355\203\215\361\205\256\267\352\214\266\207\265"
 140      838DF185 
 140      AEB7EA8C 
 140      B687B5
 141 01fb C9B68B89 		.ascii	"\311\266\213\211\365@\374\353\342\036\353\377\245\371"
 141      F540FCEB 
 141      E21EEBFF 
 141      A5F9
 142 0209 E4EF34FD 		.ascii	"\344\3574\375\304d\246\3002\341\262\354\215\336\036"
 142      C464A6C0 
 142      32E1B2EC 
 142      8DDE1E
 143 0218 979AA580 		.ascii	"\227\232\245\200\247n\375MnQ\317\277@89\277TB\305\377"
 143      A76EFD4D 
 143      6E51CFBF 
 143      403839BF 
 143      5442C5FF 
 144 022c 6CB2CCE3 		.ascii	"l\262\314\343o\310`\026B\370\003\333n\220d\231ZW\250"
 144      6FC86016 
 144      42F803DB 
 144      6E906499 
 144      5A57A8
 145 023f ECB67354 		.ascii	"\354\266sT\310s\207)3_\300\374\314\305\274/?\316\033"
 145      C8738729 
 145      335FC0FC 
 145      CCC5BC2F 
 145      3FCE1B
 146 0252 2CEC62B6 		.ascii	",\354b\266\013\203\363\262K\036\234P\265p\303t\3473"
 146      0B83F3B2 
 146      4B1E9C50 
 146      B570C374 
 146      E733
 147 0264 8FF3F5FB 		.ascii	"\217\363\365\373\360B\022\0112X$\011\312\016(\350\020"
 147      F0421209 
 147      32582409 
 147      CA0E28E8 
 147      10
 148 0275 38AF8629 		.ascii	"8\257\206)\255!\2522UC\001G`\370\374\037\014O\023\213"
 148      AD21AA32 
 148      55430147 
 148      60F8FC1F 
 148      0C4F138B 
 149 0289 B4CB1034 		.ascii	"\264\313\0204\024x\001\001D\302\326\241#\271Y\357\266"
 149      14780101 
 149      44C2D6A1 
 149      23B959EF 
 149      B6
 150 029a 9F5616EF 		.ascii	"\237V\026\357\221!\366\241\262>\330\032l\277t5x\271"
 150      9121F6A1 
ARM GAS  C:\Users\elias\AppData\Local\Temp\ccNM8ELd.s 			page 11


 150      B23ED81A 
 150      6CBF7435 
 150      78B9
 151 02ac B9B1ED5A 		.ascii	"\271\261\355Z{K\260\251\241\261\255\356T\323\231\263"
 151      7B4BB0A9 
 151      A1B1ADEE 
 151      54D399B3 
 152 02bc 75CD0DE7 		.ascii	"u\315\015\347kZ\330/\200\367\244<"
 152      6B5AD82F 
 152      80F7A43C 
 153              		.text
 154              		.section	.gnu.lto_ADC_Wakeup.1b35b324,"",%progbits
 155 0000 789C9551 		.ascii	"x\234\225Q\317k\023Q\020\236\357\275\315&\006[{\362"
 155      CF6B1351 
 155      109EEFBD 
 155      CD26065B 
 155      7BF2
 156 0012 5442112F 		.ascii	"TB\021/=\330 \322?@\252\024\204Bh\256\205Rj\256\026"
 156      3DD820D2 
 156      3F40AA14 
 156      844268AE 
 156      85526AAE 
 157 0027 8A3DE76D 		.ascii	"\212=\347m7k\355E\2744\247\226Z\245\244Zk\372C\305\215"
 157      376BED45 
 157      BC34A796 
 157      5AA5A45A 
 157      6BFA43C5 
 158 003c 086BF058 		.ascii	"\010k\360X\354)\275\364\242\036\202\224\036Z\360\007"
 158      EC29BDF4 
 158      A21E8294 
 158      1E5AF007 
 159 004c 3DA4EBCC 		.ascii	"=\244\353\314\313AKN\016\354\016o\346\233\371\276\231"
 159      CB414B4E 
 159      0EEC0E6F 
 159      E69BF9BE 
 159      99
 160 005d 71082476 		.ascii	"q\010$v[\021]a\177\203?$\010\352\361g\"/\245\224\256"
 160      5B115D61 
 160      7F833F24 
 160      08EAF167 
 160      222FA594 
 161 0072 65C8A49D 		.ascii	"e\310\244\235\375,\231\213\032\216\204\341\000\342M"
 161      FD2C998B 
 161      1A8E84E1 
 161      00E24D
 162 0081 0A5454DA 		.ascii	"\012TT\332A\021?UK\241>\327\014U\177\305\260}Y\255\\"
 162      41113F55 
 162      4BA13ED7 
 162      0C557FC5 
 162      B07D59AD 
 163 0096 376B1102 		.ascii	"7k\021\002M\024+\313@\250\240\237\030\366m\353l\241"
 163      4D142BCB 
 163      40A8A09F 
 163      18F66DEB 
 163      6CA1
 164 00a8 CB2D09AC 		.ascii	"\313-\011\254\257\235\304\032\\\221Q\035\215L\034\373"
 164      AF9DC41A 
ARM GAS  C:\Users\elias\AppData\Local\Temp\ccNM8ELd.s 			page 12


 164      5C91511D 
 164      8D4C1CFB 
 165 00b8 26FA90FE 		.ascii	"&\372\220\376\370+\235\324\024h\270\362#:f\234p\236"
 165      F82B9DD4 
 165      1468B8F2 
 165      233A669C 
 165      709E
 166 00ca 28255E37 		.ascii	"(%^71[;\331\365.\234\357g\236-$l\267X\241\203\012\317"
 166      315B3BD9 
 166      F52E9CEF 
 166      679E2D24 
 166      6CB758A1 
 167 00e1 B919E105 		.ascii	"\271\031\341\005\\_\273\234,\007\365\275\344\017\025"
 167      5C5FBB9C 
 167      2C07F5BD 
 167      E40F15
 168 00f0 E836360C 		.ascii	"\35066\014\217\016\222\305\226yhL\017\307\346Y\271\204"
 168      8F0E92C5 
 168      9679684C 
 168      0FC7E659 
 168      B984
 169 0102 0F771B9F 		.ascii	"\017w\033\237\322\313X\362\214\215k\274\344q\327\321"
 169      D2CB58F2 
 169      8C8D6BBC 
 169      E471D7D1 
 170 0112 6B938FDE 		.ascii	"k\223\217\336m\316\247\262\033\322?\332yp5\340]l`\031"
 170      6DCEA7B2 
 170      1BD23FDA 
 170      797035E0 
 170      5D6C6019 
 171 0126 672CD6B2 		.ascii	"g,\326\262\341\025\262\324D\275\274rYx\377%MX\322\326"
 171      E115B2D4 
 171      44BDBC72 
 171      5978FF25 
 171      4D58D2D6 
 172 013a 9346F552 		.ascii	"\223F\365R\373i\026=\343p\250\361>,w\013a\311\023B\027"
 172      FB69163D 
 172      E370A8F1 
 172      3E2C770B 
 172      61C91342 
 173 014f 9BE84555 		.ascii	"\233\350EU\010\261\305\275Y;\331\341\033O\0232\251\257"
 173      08B1C5BD 
 173      593BD9E1 
 173      1B4F1332 
 173      A9AF
 174 0161 F57F88DF 		.ascii	"\365\177\210\337\356\020\177MD\357X\321r\002\274f\305"
 174      EE107F4D 
 174      44EF58D1 
 174      7202BC66 
 174      C5
 175 0172 5F513AF0 		.ascii	"_Q:\3603\177\273W\217\302\323.Q\011\020\336H9\311%4"
 175      337FBB57 
 175      8FC2D32E 
 175      510910DE 
 175      4839C925 
 176 0187 D532FA3B 		.ascii	"\3252\372;\374\036Av\2560\031+\331\303[\024\371\204"
 176      FC1E4176 
ARM GAS  C:\Users\elias\AppData\Local\Temp\ccNM8ELd.s 			page 13


 176      AE30192B 
 176      D9C35B14 
 176      F984
 177 0199 295BE1D8 		.ascii	")[\341\330\333\035b6\372}\307\026\211\03531\207\031"
 177      DB1D6236 
 177      FA7DC716 
 177      891D3331 
 177      8719
 178 01ab DB375CB8 		.ascii	"\3337\\\270W\230\236\270_\270;\236\237\232\231\236,"
 178      57989EB8 
 178      5FB83B9E 
 178      9F9A999E 
 178      2C
 179 01bc 8CE5F253 		.ascii	"\214\345\362SC\203c7o\015\215\347F\006&\351\017-\235"
 179      43836337 
 179      6F0D8DE7 
 179      460626E9 
 179      0F2D9D
 180 01cf D60B     		.ascii	"\326\013"
 181              		.text
 182              		.section	.gnu.lto_.symbol_nodes.1b35b324,"",%progbits
 183 0000 789C558E 		.ascii	"x\234U\216\275\015\302@\024\203\277w\357~\"J&\200\035"
 183      BD0DC240 
 183      1483BF77 
 183      EF7E224A 
 183      26801D
 184 0013 B29FAF88 		.ascii	"\262\237\257\210D\313\012A\351\251R\300\020\314\300"
 184      44CB0A41 
 184      E9A952C0 
 184      10CCC0
 185 0022 22202E88 		.ascii	"\" .\210\202s\347\317\226\345\210q\245)\354\004\347"
 185      8273E7CF 
 185      96E58871 
 185      A529EC04 
 185      E7
 186 0033 0708BB4D 		.ascii	"\007\010\273Ms=@\202\272\007\017&\373E\334\353\261u"
 186      733D4082 
 186      BA070F26 
 186      FB45DCEB 
 186      B175
 187 0045 83420F5C 		.ascii	"\203B\017\\\336\203\250\330\001\313J_\3206\267m+\312"
 187      DE83A8D8 
 187      01CB4A5F 
 187      D036B76D 
 187      2BCA
 188 0057 9D4F2AFF 		.ascii	"\235O*\377\336),\353\350d\226\347\333<\016L\247\227"
 188      DE292CEB 
 188      E86496E7 
 188      DB3C0E4C 
 188      A797
 189 0069 7BFB7459 		.ascii	"{\373tYG>\025L&\034"
 189      473E154C 
 189      261C
 190              		.text
 191              		.section	.gnu.lto_.refs.1b35b324,"",%progbits
 192 0000 789C0D89 		.ascii	"x\234\015\211\301\015\000 \020\203\340<\343\303\030"
 192      C10D0020 
ARM GAS  C:\Users\elias\AppData\Local\Temp\ccNM8ELd.s 			page 14


 192      1083E03C 
 192      E3C318
 193 000f B770FF11 		.ascii	"\267p\377\021mJx\320F\036\304XY\030h\267.\335z\364\326"
 193      6D4A78D0 
 193      461EC458 
 193      591868B7 
 193      2EDD7AF4 
 194 0024 4C22C707 		.ascii	"L\"\307\007\015G\000\210"
 194      0D470088 
 195              		.text
 196              		.section	.gnu.lto_.decls.1b35b324,"",%progbits
 197 0000 789C8D94 		.ascii	"x\234\215\224mLSg\024\307\237so\201R\012c`\026>\260"
 197      6D4C5367 
 197      14C79F73 
 197      6F81520A 
 197      6360163E 
 198 0015 84194CF8 		.ascii	"\204\031L\370\260u\020\263\304O\313\\\267i\262h\230"
 198      B07510B3 
 198      C44FCB5C 
 198      B769B268 
 198      98
 199 0026 80FBE242 		.ascii	"\200\373\342B\012\3369\"\001V\213\211\337\036^\014{"
 199      0ADE3922 
 199      01568B89 
 199      DF1E5E0C 
 199      7B
 200 0037 891B60C0 		.ascii	"\211\033`\300\010S\220\227\015\244\322R\260\010b\251"
 200      08539097 
 200      0DA4D252 
 200      B00862A9 
 201 0047 6C487D01 		.ascii	"lH}\001Q^\026\342\2225C\263i\334\302\034cA\220\356<"
 201      515E16E2 
 201      923543B3 
 201      69DCC21C 
 201      634190EE 
 202 005c CFBD77B7 		.ascii	"\317\275w\267\260\226\355I\317\355sn\317\377w\316s\356"
 202      B096ED49 
 202      CFED736E 
 202      CFFF77CE 
 202      73EE
 203 006e B9D51120 		.ascii	"\271\325\021 l=\211$$\001\267\361\002!\001\\Qxo?\321"
 203      6C3D8924 
 203      2401B7F1 
 203      0221015C 
 203      51786F3F 
 204 0083 961EED02 		.ascii	"\226\036\355\002\232\023\315\205\326\207\346F\273\204"
 204      9A13CD85 
 204      D687E646 
 204      BB84
 205 0091 36883684 		.ascii	"6\2106\204\306H\023d\375b\032\225\225\214v\033\315\201"
 205      C6481364 
 205      FD621A95 
 205      958C761B 
 205      CD81
 206 00a3 3689368E 		.ascii	"6\2116\2166\252\350\306\320D%^e\206\3421_PX\343\312"
 206      36AAE8C6 
 206      D044255E 
ARM GAS  C:\Users\elias\AppData\Local\Temp\ccNM8ELd.s 			page 15


 206      6586E231 
 206      5F5058E3 
 207 00b8 9E697D24 		.ascii	"\236i}$\364rn\310?\2036\025\"\277O\371v\206\311\353"
 207      F4726EC8 
 207      3F833615 
 207      22BF4FF9 
 207      7686C9EB 
 208 00cc DAC009D6 		.ascii	"\332\300\011\326\253\314`\216+\014\207\365-\372?\352"
 208      ABCC608E 
 208      2B0C87F5 
 208      2DFA3FEA 
 209 00dc 517B147C 		.ascii	"Q{\024|6Q\321\016mR\243{\003;T\215\263hv\205\355#Z\337"
 209      3651D10E 
 209      6D52A37B 
 209      033B548D 
 209      B3687685 
 210 00f4 DD4ACD17 		.ascii	"\335J\315\027\302\260\237\011\020h\352\373R\177\017"
 210      C2B09F09 
 210      1068EAFB 
 210      527F0F
 211 0103 E64024CA 		.ascii	"\346@$\312\320\020\000\371\012\334\210l\334\305\215"
 211      D01000F9 
 211      0ADC886C 
 211      DCC58D
 212 0112 40E48D7A 		.ascii	"@\344\215z\353\237E\224\020A\335j0\376Q\364\020P\027"
 212      EB9F4594 
 212      1041DD6A 
 212      30FE51F4 
 212      105017
 213 0125 87687450 		.ascii	"\207htPD\262\257\210\211\"\002AK\000\262\253*\202x\033"
 213      44B2AF88 
 213      89220241 
 213      4B00B2AB 
 213      2A82781B 
 214 0139 2A526B56 		.ascii	"*RkV\323\360\366\360C/,\037\237\213\024\005`\373\037"
 214      D3F0F6F0 
 214      432F2C1F 
 214      9F8B1405 
 214      60FB1F
 215 014c 973BDE31 		.ascii	"\227;\3361\331)\256jJ\205\227\265\316\334\251t~%.\012"
 215      D929AE6A 
 215      4A8597B5 
 215      CEDCA974 
 215      7E252E0A 
 216 0160 9060001D 		.ascii	"\220`\000\035\272\277\2177\314\307\241\273\305\000)"
 216      BABF8F37 
 216      CCC7A1BB 
 216      C50029
 217 016f E83EBBDE 		.ascii	"\350>\273\336\330 $\325s]\005M\321\301\376\027\240\013"
 217      D82024D5 
 217      735D054D 
 217      D1C1FE17 
 217      A00B
 218 0181 92E13CE0 		.ascii	"\222\341<\340C\002;$\3415O'\223\352\177*{\244\337\332"
 218      43023B24 
 218      E1354F27 
 218      93EA7F2A 
ARM GAS  C:\Users\elias\AppData\Local\Temp\ccNM8ELd.s 			page 16


 218      7BA4DFDA 
 219 0195 4CBD4EEA 		.ascii	"L\275N\352_Y\334R_Q\351CY:\213\202\016\020\241\023L"
 219      5F59DC52 
 219      5F51E943 
 219      593A8B82 
 219      0E10A113 
 220 01aa ACC80EF6 		.ascii	"\254\310\016\366\014\010|\003\367\260\336\013\260\025"
 220      0C087C03 
 220      F7B0DE0B 
 220      B015
 221 01b8 95E5D35D 		.ascii	"\225\345\323]\236\030\361u^\350\346\031\035\3532\256"
 221      9E18F175 
 221      5EE8E619 
 221      1DEB32AE 
 222 01c8 DD3FD106 		.ascii	"\335?\321\006\230\321\357\244\336!\211~Ji\271\216\205"
 222      98D1EFA4 
 222      DE21897E 
 222      4A69B98E 
 222      85
 223 01d9 40B796AE 		.ascii	"@\267\226\256;8\235\223\247[lZ\375\023\304=<\235\333"
 223      3B389D93 
 223      A75B6C5A 
 223      FD13C43D 
 223      3C9DDB
 224 01ec BBE4D12B 		.ascii	"\273\344\321+\210\263\327\214\264\272\2146\277\301\031"
 224      88B3D78C 
 224      B4BA8C36 
 224      BFC119
 225 01fb 3D1AA327 		.ascii	"=\032\243'\230\341\342\214\341\332\341)A\314\345\214"
 225      98E1E28C 
 225      E1DAE129 
 225      41CCE58C 
 226 020b E6478F07 		.ascii	"\346G\217\007\214\310hF\306\232\314\2402\243Wc\364\006"
 226      8CC86846 
 226      C69ACCA0 
 226      32A35763 
 226      F406
 227 021d 33FA38E3 		.ascii	"3\3728\343\352\342\315\246X\261\2003\346\353\333\237"
 227      EAE2CDA6 
 227      58B18033 
 227      E6EBDB9F 
 228 022d 0A0A63F0 		.ascii	"\012\012c\360Fp\035\0275\306\305`\206\2333\332N\265"
 228      46701D17 
 228      35C6C560 
 228      869B33DA 
 228      4EB5
 229 023f 9F8D126D 		.ascii	"\237\215\022m\234Q\336\350jg\014?\245\376\265\261\275"
 229      9C51DEE8 
 229      6A670C3F 
 229      A5FEB5B1 
 229      BD
 230 0250 3515CDBB 		.ascii	"5\025\315\2739\241_#\364s\002n.q\365\203\337<\203 \236"
 230      39A15F23 
 230      F473026E 
 230      2E71F583 
 230      DF3C8320 
 231 0265 012E1F3B 		.ascii	"\001.\037;\337\326\024#\313\275O\245\312h\256\035\320"
ARM GAS  C:\Users\elias\AppData\Local\Temp\ccNM8ELd.s 			page 17


 231      DFD61423 
 231      CBBD4FA5 
 231      CA68AE1D 
 231      D0
 232 0276 B403AA76 		.ascii	"\264\003\252v\220k\177i\267\333E\261[\326\266N\371O"
 232      906B7F69 
 232      B7DB45B1 
 232      5BD6B64E 
 232      F94F
 233 0288 442BDA25 		.ascii	"D+\332%U{Y\323^V\265C\\{nu\342\244 \366\313\332\321"
 233      557B59D3 
 233      5E56B543 
 233      5C7B6E75 
 233      E2A420F6 
 234 029f C05FDEE7 		.ascii	"\300_\336\347\344\011\024\320\275\273p\353L\214<\201"
 234      E40914D0 
 234      BDBB70EB 
 234      4C8C3C81 
 235 02af F1E88ED4 		.ascii	"\361\350\216\324\3770m\024G\344P\307\361\373\235z\374"
 235      FF306D14 
 235      47E450C7 
 235      F1FB9D7A 
 235      FC
 236 02c0 2DD90001 		.ascii	"-\331\000\001`\376\343\201\345X\331g?\237\256\231_\213"
 236      60FEE381 
 236      E558D967 
 236      3F9FAE99 
 236      5F8B
 237 02d2 112778AC 		.ascii	"\021'x\25405\337\365P\007i\206\257\331(\371\347&\012"
 237      3035DFF5 
 237      50076986 
 237      AFD928F9 
 237      E7260A
 238 02e5 4F55E1E4 		.ascii	"OU\341\344\303(\030\340[\255\260d\003^?\301\301\241"
 238      C32818E0 
 238      5BADB064 
 238      035E3FC1 
 238      C1A1
 239 02f7 0B2D3432 		.ascii	"\013-42\211\300\366dHO&\360\035\2441*\213\202\021\034"
 239      89C0F664 
 239      484F26F0 
 239      1DA4312A 
 239      8B82111C 
 240 030b BFAB387E 		.ascii	"\277\2538~\230\301\323Z\265j\020\227x\006]K\245\343"
 240      98C1D35A 
 240      B56A1097 
 240      78065D4B 
 240      A5E3
 241 031d 8A115253 		.ascii	"\212\021RS\323\022[\030\300\037\250z\245\261\233\322"
 241      D3125B18 
 241      C01FA87A 
 241      A5B19BD2 
 242 032d 8A489EC4 		.ascii	"\212H\236\304\213In@\242\012|\225\215o\006\373k\343"
 242      8B496E40 
 242      A20A7C95 
 242      8D6F06FB 
 242      6BE3
ARM GAS  C:\Users\elias\AppData\Local\Temp\ccNM8ELd.s 			page 18


 243 033f C15EF707 		.ascii	"\301^\367\007j\340\265\020\201\333Y \257\334\333#Q\252"
 243      6AE0B510 
 243      81DB5920 
 243      AFDCDB23 
 243      51AA
 244 0351 670144A9 		.ascii	"g\001D\251\231\255\032\376~x)\205\217\011\014c}\036"
 244      99AD1AFE 
 244      7E782985 
 244      8F090C63 
 244      7D1E
 245 0363 FE7A300C 		.ascii	"\376z0\014\006\301u\254~\014R\301\007\251\352{^\327"
 245      06C175AC 
 245      7E0C52C1 
 245      07A9EA7B 
 245      5ED7
 246 0375 B8D00EE2 		.ascii	"\270\320\016\342\252\334\233\317\003\265\235\261\220"
 246      AADC9BCF 
 246      03B59DB1 
 246      90
 247 0382 96286718 		.ascii	"\226(g\030\210\305\276\214\243\364\246\326\027\226/"
 247      88C5BE8C 
 247      A3F4A6D6 
 247      17962F
 248 0391 4C1AB885 		.ascii	"L\032\270\205\364M29G<.a[+\2458\016+\316\367NR\272\233"
 248      F44D3239 
 248      473C2E61 
 248      5B2BA538 
 248      0E2BCEF7 
 249 03a9 D3AFC8F4 		.ascii	"\323\257\310\364\240r\331\235l\374\253\235\200m\250"
 249      A072D99D 
 249      6CFCAB9D 
 249      806DA8
 250 03b8 5B79E0F8 		.ascii	"[y\340\370\331h\374\214u\007\337\374\004_\034\037\""
 250      D968FC8C 
 250      7507DFFC 
 250      045F1C1F 
 250      22
 251 03c9 EDDDBF0D 		.ascii	"\355\335\277\015F\265:\334\242\340Iu\365\367q\353\004"
 251      46B53ADC 
 251      A2E04975 
 251      F5F771EB 
 251      04
 252 03da 2C8D2698 		.ascii	",\215&\230\004#\237\271I\036\275X\371\307l\244\001\037"
 252      04239FB9 
 252      491EBD58 
 252      F9C76CA4 
 252      011F
 253 03ec 75C5FF7B 		.ascii	"u\305\377{\324\343\017\317\005\242\304/\370\337\247"
 253      D4E30FCF 
 253      05A2C42F 
 253      F8DFA7
 254 03fb D05B77BA 		.ascii	"\320[w\272.\012\014i!\344\323!\344\352\314\3454\324"
 254      2E0A0C69 
 254      21E4D321 
 254      E4EACCE5 
 254      34D4
 255 040d 96D11498 		.ascii	"\226\321\024\230\302\247|W\353\355\0350\310\235\352"
ARM GAS  C:\Users\elias\AppData\Local\Temp\ccNM8ELd.s 			page 19


 255      C2A77C57 
 255      EBED1D30 
 255      C89DEA
 256 041c 9BFCD511 		.ascii	"\233\374\325\021\261\356\000,R;\300\214r\200\031~\200"
 256      B1EE002C 
 256      523BC08C 
 256      7280197E 
 256      80
 257 042d 7FF7C7BE 		.ascii	"\177\367\307\276\256?\263J4\373~~\347[\346\334\367-"
 257      AE3FB34A 
 257      34FB7E7E 
 257      E75BE6DC 
 257      F72D
 258 043f 87A5D212 		.ascii	"\207\245\322\022S\211\305j3\245\353w\355\315I1gd\220"
 258      5389C56A 
 258      33A5EB77 
 258      EDCD4931 
 258      676490
 259 0452 945D5291 		.ascii	"\224]R\221d\265\330\244\203\271Y\305\245\326|\351@f"
 259      64B5D8A4 
 259      83B959C5 
 259      A5D67CE9 
 259      4066
 260 0464 56B1F9B5 		.ascii	"V\261\371\265\003L\221\271\307\224O\342\330.\313rT2"
 260      034C91B9 
 260      C7944FE2 
 260      D82ECB72 
 260      5432
 261 0476 17177D58 		.ascii	"\027\027}Xp\210\243\366IGl\305V\345N4\017(\224\244\022"
 261      7088A3F6 
 261      49476CC5 
 261      56E54E34 
 261      0F2894A4 
 262 048b 8396866F 		.ascii	"\203\226\206o\337.\262\344\025J/\206\317`\372\210\304"
 262      DF2EB2E4 
 262      154A2F86 
 262      CF60FA88 
 262      C4
 263 049c 73B50D8B 		.ascii	"s\265\015\213B\332Q\311j\323\3137\212eD\236%\377piI"
 263      42DA51C9 
 263      6AD3CB37 
 263      8A65449E 
 263      25FF7069 
 264 04b1 8CC44918 		.ascii	"\214\304I\030f\223\"J\013\212l;^\012\003\315?f;V\"\035"
 264      6693224A 
 264      0B8A6C3B 
 264      5E0A03CD 
 264      3F663B56 
 265 04c7 4170C441 		.ascii	"Ap\304A)?\337\312\313}s\247\371\335\234\314\334\254"
 265      293FDFCA 
 265      CB7D73A7 
 265      F9DD9CCC 
 265      DCAC
 266 04d9 EC7D39E6 		.ascii	"\354}9\346l\235U:\264\343o1\221\200\374"
 266      6C9D553A 
 266      B4E36F31 
 266      9180FC
ARM GAS  C:\Users\elias\AppData\Local\Temp\ccNM8ELd.s 			page 20


 267              		.text
 268              		.section	.gnu.lto_.symtab.1b35b324,"",%progbits
 269 0000 4144435F 		.ascii	"ADC_SaveConfig\000"
 269      53617665 
 269      436F6E66 
 269      696700
 270 000f 00       		.ascii	"\000"
 271 0010 00       		.ascii	"\000"
 272 0011 00       		.ascii	"\000"
 273 0012 00000000 		.ascii	"\000\000\000\000\000\000\000\000"
 273      00000000 
 274 001a B0000000 		.ascii	"\260\000\000\000"
 275 001e 4144435F 		.ascii	"ADC_RestoreConfig\000"
 275      52657374 
 275      6F726543 
 275      6F6E6669 
 275      6700
 276 0030 00       		.ascii	"\000"
 277 0031 00       		.ascii	"\000"
 278 0032 00       		.ascii	"\000"
 279 0033 00000000 		.ascii	"\000\000\000\000\000\000\000\000"
 279      00000000 
 280 003b B2000000 		.ascii	"\262\000\000\000"
 281 003f 4144435F 		.ascii	"ADC_Sleep\000"
 281      536C6565 
 281      7000
 282 0049 00       		.ascii	"\000"
 283 004a 00       		.ascii	"\000"
 284 004b 00       		.ascii	"\000"
 285 004c 00000000 		.ascii	"\000\000\000\000\000\000\000\000"
 285      00000000 
 286 0054 B4000000 		.ascii	"\264\000\000\000"
 287 0058 4144435F 		.ascii	"ADC_Wakeup\000"
 287      57616B65 
 287      757000
 288 0063 00       		.ascii	"\000"
 289 0064 00       		.ascii	"\000"
 290 0065 00       		.ascii	"\000"
 291 0066 00000000 		.ascii	"\000\000\000\000\000\000\000\000"
 291      00000000 
 292 006e B6000000 		.ascii	"\266\000\000\000"
 293 0072 4144435F 		.ascii	"ADC_Enable\000"
 293      456E6162 
 293      6C6500
 294 007d 00       		.ascii	"\000"
 295 007e 02       		.ascii	"\002"
 296 007f 00       		.ascii	"\000"
 297 0080 00000000 		.ascii	"\000\000\000\000\000\000\000\000"
 297      00000000 
 298 0088 B8000000 		.ascii	"\270\000\000\000"
 299 008c 4144435F 		.ascii	"ADC_StartConvert\000"
 299      53746172 
 299      74436F6E 
 299      76657274 
 299      00
 300 009d 00       		.ascii	"\000"
 301 009e 02       		.ascii	"\002"
ARM GAS  C:\Users\elias\AppData\Local\Temp\ccNM8ELd.s 			page 21


 302 009f 00       		.ascii	"\000"
 303 00a0 00000000 		.ascii	"\000\000\000\000\000\000\000\000"
 303      00000000 
 304 00a8 BA000000 		.ascii	"\272\000\000\000"
 305 00ac 4144435F 		.ascii	"ADC_Stop\000"
 305      53746F70 
 305      00
 306 00b5 00       		.ascii	"\000"
 307 00b6 02       		.ascii	"\002"
 308 00b7 00       		.ascii	"\000"
 309 00b8 00000000 		.ascii	"\000\000\000\000\000\000\000\000"
 309      00000000 
 310 00c0 BC000000 		.ascii	"\274\000\000\000"
 311              		.text
 312              		.section	.gnu.lto_.opts,"",%progbits
 313 0000 272D666D 		.ascii	"'-fmath-errno' '-fsigned-zeros' '-ftrapping-math' '"
 313      6174682D 
 313      6572726E 
 313      6F272027 
 313      2D667369 
 314 0033 2D666E6F 		.ascii	"-fno-trapv' '-fno-openmp' '-fno-openacc' '-mcpu=cor"
 314      2D747261 
 314      70762720 
 314      272D666E 
 314      6F2D6F70 
 315 0066 7465782D 		.ascii	"tex-m3' '-mthumb' '-g' '-O3' '-ffunction-sections' "
 315      6D332720 
 315      272D6D74 
 315      68756D62 
 315      2720272D 
 316 0099 272D6666 		.ascii	"'-ffat-lto-objects' '-finline-functions' '-flto'\000"
 316      61742D6C 
 316      746F2D6F 
 316      626A6563 
 316      74732720 
 317              		.text
 318              		.cfi_sections	.debug_frame
 319              		.section	.text.ADC_SaveConfig,"ax",%progbits
 320              		.align	2
 321              		.global	ADC_SaveConfig
 322              		.thumb
 323              		.thumb_func
 324              		.type	ADC_SaveConfig, %function
 325              	ADC_SaveConfig:
 326              	.LFB0:
 327              		.file 1 "Generated_Source\\PSoC5\\ADC_PM.c"
   1:Generated_Source\PSoC5/ADC_PM.c **** /*******************************************************************************
   2:Generated_Source\PSoC5/ADC_PM.c **** * File Name: ADC_PM.c
   3:Generated_Source\PSoC5/ADC_PM.c **** * Version 3.30
   4:Generated_Source\PSoC5/ADC_PM.c **** *
   5:Generated_Source\PSoC5/ADC_PM.c **** * Description:
   6:Generated_Source\PSoC5/ADC_PM.c **** *  This file provides the power manager source code to the API for the
   7:Generated_Source\PSoC5/ADC_PM.c **** *  Delta-Sigma ADC Component.
   8:Generated_Source\PSoC5/ADC_PM.c **** *
   9:Generated_Source\PSoC5/ADC_PM.c **** * Note:
  10:Generated_Source\PSoC5/ADC_PM.c **** *
  11:Generated_Source\PSoC5/ADC_PM.c **** ********************************************************************************
ARM GAS  C:\Users\elias\AppData\Local\Temp\ccNM8ELd.s 			page 22


  12:Generated_Source\PSoC5/ADC_PM.c **** * Copyright 2008-2017, Cypress Semiconductor Corporation.  All rights reserved.
  13:Generated_Source\PSoC5/ADC_PM.c **** * You may use this file only in accordance with the license, terms, conditions,
  14:Generated_Source\PSoC5/ADC_PM.c **** * disclaimers, and limitations in the end user license agreement accompanying
  15:Generated_Source\PSoC5/ADC_PM.c **** * the software package with which this file was provided.
  16:Generated_Source\PSoC5/ADC_PM.c **** *******************************************************************************/
  17:Generated_Source\PSoC5/ADC_PM.c **** 
  18:Generated_Source\PSoC5/ADC_PM.c **** #include "ADC.h"
  19:Generated_Source\PSoC5/ADC_PM.c **** 
  20:Generated_Source\PSoC5/ADC_PM.c **** static ADC_BACKUP_STRUCT ADC_backup =
  21:Generated_Source\PSoC5/ADC_PM.c **** {
  22:Generated_Source\PSoC5/ADC_PM.c ****     ADC_DISABLED,
  23:Generated_Source\PSoC5/ADC_PM.c ****     ADC_CFG1_DEC_CR
  24:Generated_Source\PSoC5/ADC_PM.c **** };
  25:Generated_Source\PSoC5/ADC_PM.c **** 
  26:Generated_Source\PSoC5/ADC_PM.c **** 
  27:Generated_Source\PSoC5/ADC_PM.c **** /*******************************************************************************
  28:Generated_Source\PSoC5/ADC_PM.c **** * Function Name: ADC_SaveConfig
  29:Generated_Source\PSoC5/ADC_PM.c **** ********************************************************************************
  30:Generated_Source\PSoC5/ADC_PM.c **** *
  31:Generated_Source\PSoC5/ADC_PM.c **** * Summary:
  32:Generated_Source\PSoC5/ADC_PM.c **** *  Save the register configuration which are not retention.
  33:Generated_Source\PSoC5/ADC_PM.c **** *
  34:Generated_Source\PSoC5/ADC_PM.c **** * Parameters:
  35:Generated_Source\PSoC5/ADC_PM.c **** *  None
  36:Generated_Source\PSoC5/ADC_PM.c **** *
  37:Generated_Source\PSoC5/ADC_PM.c **** * Return:
  38:Generated_Source\PSoC5/ADC_PM.c **** *  None
  39:Generated_Source\PSoC5/ADC_PM.c **** *
  40:Generated_Source\PSoC5/ADC_PM.c **** * Global variables:
  41:Generated_Source\PSoC5/ADC_PM.c **** *  ADC_backup:  This global structure variable is used to store
  42:Generated_Source\PSoC5/ADC_PM.c **** *  configuration registers which are non retention whenever user wants to go
  43:Generated_Source\PSoC5/ADC_PM.c **** *  sleep mode by calling Sleep() API.
  44:Generated_Source\PSoC5/ADC_PM.c **** *
  45:Generated_Source\PSoC5/ADC_PM.c **** *******************************************************************************/
  46:Generated_Source\PSoC5/ADC_PM.c **** void ADC_SaveConfig(void) 
  47:Generated_Source\PSoC5/ADC_PM.c **** {
 328              		.loc 1 47 0
 329              		.cfi_startproc
 330              		@ args = 0, pretend = 0, frame = 0
 331              		@ frame_needed = 0, uses_anonymous_args = 0
 332              		@ link register save eliminated.
  48:Generated_Source\PSoC5/ADC_PM.c ****     ADC_backup.deccr = ADC_DEC_CR_REG;
 333              		.loc 1 48 0
 334 0000 024A     		ldr	r2, .L2
 335 0002 034B     		ldr	r3, .L2+4
 336 0004 1278     		ldrb	r2, [r2]	@ zero_extendqisi2
 337 0006 5A70     		strb	r2, [r3, #1]
 338 0008 7047     		bx	lr
 339              	.L3:
 340 000a 00BF     		.align	2
 341              	.L2:
 342 000c 004E0040 		.word	1073761792
 343 0010 00000000 		.word	.LANCHOR0
 344              		.cfi_endproc
 345              	.LFE0:
 346              		.size	ADC_SaveConfig, .-ADC_SaveConfig
 347              		.section	.text.ADC_RestoreConfig,"ax",%progbits
ARM GAS  C:\Users\elias\AppData\Local\Temp\ccNM8ELd.s 			page 23


 348              		.align	2
 349              		.global	ADC_RestoreConfig
 350              		.thumb
 351              		.thumb_func
 352              		.type	ADC_RestoreConfig, %function
 353              	ADC_RestoreConfig:
 354              	.LFB1:
  49:Generated_Source\PSoC5/ADC_PM.c **** }
  50:Generated_Source\PSoC5/ADC_PM.c **** 
  51:Generated_Source\PSoC5/ADC_PM.c **** 
  52:Generated_Source\PSoC5/ADC_PM.c **** /*******************************************************************************
  53:Generated_Source\PSoC5/ADC_PM.c **** * Function Name: ADC_RestoreConfig
  54:Generated_Source\PSoC5/ADC_PM.c **** ********************************************************************************
  55:Generated_Source\PSoC5/ADC_PM.c **** *
  56:Generated_Source\PSoC5/ADC_PM.c **** * Summary:
  57:Generated_Source\PSoC5/ADC_PM.c **** *  Restore the register configurations which are not retention.
  58:Generated_Source\PSoC5/ADC_PM.c **** *
  59:Generated_Source\PSoC5/ADC_PM.c **** * Parameters:
  60:Generated_Source\PSoC5/ADC_PM.c **** *  None
  61:Generated_Source\PSoC5/ADC_PM.c **** *
  62:Generated_Source\PSoC5/ADC_PM.c **** * Return:
  63:Generated_Source\PSoC5/ADC_PM.c **** *  None
  64:Generated_Source\PSoC5/ADC_PM.c **** *
  65:Generated_Source\PSoC5/ADC_PM.c **** * Global variables:
  66:Generated_Source\PSoC5/ADC_PM.c **** *  ADC_backup:  This global structure variable is used to restore
  67:Generated_Source\PSoC5/ADC_PM.c **** *  configuration registers which are non retention whenever user wants to switch
  68:Generated_Source\PSoC5/ADC_PM.c **** *  to active power mode by calling Wakeup() API.
  69:Generated_Source\PSoC5/ADC_PM.c **** *
  70:Generated_Source\PSoC5/ADC_PM.c **** *******************************************************************************/
  71:Generated_Source\PSoC5/ADC_PM.c **** void ADC_RestoreConfig(void) 
  72:Generated_Source\PSoC5/ADC_PM.c **** {
 355              		.loc 1 72 0
 356              		.cfi_startproc
 357              		@ args = 0, pretend = 0, frame = 0
 358              		@ frame_needed = 0, uses_anonymous_args = 0
 359              		@ link register save eliminated.
  73:Generated_Source\PSoC5/ADC_PM.c ****     ADC_DEC_CR_REG = ADC_backup.deccr;
 360              		.loc 1 73 0
 361 0000 024A     		ldr	r2, .L5
 362 0002 034B     		ldr	r3, .L5+4
 363 0004 5278     		ldrb	r2, [r2, #1]	@ zero_extendqisi2
 364 0006 1A70     		strb	r2, [r3]
 365 0008 7047     		bx	lr
 366              	.L6:
 367 000a 00BF     		.align	2
 368              	.L5:
 369 000c 00000000 		.word	.LANCHOR0
 370 0010 004E0040 		.word	1073761792
 371              		.cfi_endproc
 372              	.LFE1:
 373              		.size	ADC_RestoreConfig, .-ADC_RestoreConfig
 374              		.section	.text.ADC_Sleep,"ax",%progbits
 375              		.align	2
 376              		.global	ADC_Sleep
 377              		.thumb
 378              		.thumb_func
 379              		.type	ADC_Sleep, %function
ARM GAS  C:\Users\elias\AppData\Local\Temp\ccNM8ELd.s 			page 24


 380              	ADC_Sleep:
 381              	.LFB2:
  74:Generated_Source\PSoC5/ADC_PM.c **** }
  75:Generated_Source\PSoC5/ADC_PM.c **** 
  76:Generated_Source\PSoC5/ADC_PM.c **** 
  77:Generated_Source\PSoC5/ADC_PM.c **** /*******************************************************************************
  78:Generated_Source\PSoC5/ADC_PM.c **** * Function Name: ADC_Sleep
  79:Generated_Source\PSoC5/ADC_PM.c **** ********************************************************************************
  80:Generated_Source\PSoC5/ADC_PM.c **** *
  81:Generated_Source\PSoC5/ADC_PM.c **** * Summary:
  82:Generated_Source\PSoC5/ADC_PM.c **** *  Stops the operation of the block and saves the user configuration.
  83:Generated_Source\PSoC5/ADC_PM.c **** *
  84:Generated_Source\PSoC5/ADC_PM.c **** * Parameters:
  85:Generated_Source\PSoC5/ADC_PM.c **** *  None
  86:Generated_Source\PSoC5/ADC_PM.c **** *
  87:Generated_Source\PSoC5/ADC_PM.c **** * Return:
  88:Generated_Source\PSoC5/ADC_PM.c **** *  None
  89:Generated_Source\PSoC5/ADC_PM.c **** *
  90:Generated_Source\PSoC5/ADC_PM.c **** * Global variables:
  91:Generated_Source\PSoC5/ADC_PM.c **** *  ADC_backup:  The structure field 'enableState' is modified
  92:Generated_Source\PSoC5/ADC_PM.c **** *  depending on the enable state of the block before entering to sleep mode.
  93:Generated_Source\PSoC5/ADC_PM.c **** *
  94:Generated_Source\PSoC5/ADC_PM.c **** *******************************************************************************/
  95:Generated_Source\PSoC5/ADC_PM.c **** void ADC_Sleep(void) 
  96:Generated_Source\PSoC5/ADC_PM.c **** {
 382              		.loc 1 96 0
 383              		.cfi_startproc
 384              		@ args = 0, pretend = 0, frame = 0
 385              		@ frame_needed = 0, uses_anonymous_args = 0
 386 0000 10B5     		push	{r4, lr}
 387              		.cfi_def_cfa_offset 8
 388              		.cfi_offset 4, -8
 389              		.cfi_offset 14, -4
  97:Generated_Source\PSoC5/ADC_PM.c ****     /* Save ADC enable state */
  98:Generated_Source\PSoC5/ADC_PM.c ****     if((ADC_ACT_PWR_DEC_EN == (ADC_PWRMGR_DEC_REG & ADC_ACT_PWR_DEC_EN)) &&
 390              		.loc 1 98 0
 391 0002 0E4B     		ldr	r3, .L23
  99:Generated_Source\PSoC5/ADC_PM.c ****        (ADC_ACT_PWR_DSM_EN == (ADC_PWRMGR_DSM_REG & ADC_ACT_PWR_DSM_EN)))
 100:Generated_Source\PSoC5/ADC_PM.c ****     {
 101:Generated_Source\PSoC5/ADC_PM.c ****         /* Component is enabled */
 102:Generated_Source\PSoC5/ADC_PM.c ****         ADC_backup.enableState = ADC_ENABLED;
 392              		.loc 1 102 0
 393 0004 0E4C     		ldr	r4, .L23+4
  98:Generated_Source\PSoC5/ADC_PM.c ****        (ADC_ACT_PWR_DSM_EN == (ADC_PWRMGR_DSM_REG & ADC_ACT_PWR_DSM_EN)))
 394              		.loc 1 98 0
 395 0006 1A78     		ldrb	r2, [r3]	@ zero_extendqisi2
 396 0008 D107     		lsls	r1, r2, #31
 397 000a 02D5     		bpl	.L8
  99:Generated_Source\PSoC5/ADC_PM.c ****        (ADC_ACT_PWR_DSM_EN == (ADC_PWRMGR_DSM_REG & ADC_ACT_PWR_DSM_EN)))
 398              		.loc 1 99 0 discriminator 1
 399 000c 1B78     		ldrb	r3, [r3]	@ zero_extendqisi2
  98:Generated_Source\PSoC5/ADC_PM.c ****        (ADC_ACT_PWR_DSM_EN == (ADC_PWRMGR_DSM_REG & ADC_ACT_PWR_DSM_EN)))
 400              		.loc 1 98 0 discriminator 1
 401 000e DA06     		lsls	r2, r3, #27
 402 0010 05D4     		bmi	.L22
 403              	.L8:
 103:Generated_Source\PSoC5/ADC_PM.c ****         if((ADC_DEC_CR_REG & ADC_DEC_START_CONV) != 0u)
ARM GAS  C:\Users\elias\AppData\Local\Temp\ccNM8ELd.s 			page 25


 104:Generated_Source\PSoC5/ADC_PM.c ****         {   
 105:Generated_Source\PSoC5/ADC_PM.c ****             /* Conversion is started */
 106:Generated_Source\PSoC5/ADC_PM.c ****             ADC_backup.enableState |= ADC_STARTED;
 107:Generated_Source\PSoC5/ADC_PM.c ****         }
 108:Generated_Source\PSoC5/ADC_PM.c **** 		
 109:Generated_Source\PSoC5/ADC_PM.c ****         /* Stop the configuration */
 110:Generated_Source\PSoC5/ADC_PM.c ****         ADC_Stop();
 111:Generated_Source\PSoC5/ADC_PM.c ****     }
 112:Generated_Source\PSoC5/ADC_PM.c ****     else
 113:Generated_Source\PSoC5/ADC_PM.c ****     {
 114:Generated_Source\PSoC5/ADC_PM.c ****         /* Component is disabled */
 115:Generated_Source\PSoC5/ADC_PM.c ****         ADC_backup.enableState = ADC_DISABLED;
 404              		.loc 1 115 0
 405 0012 0023     		movs	r3, #0
 406 0014 2370     		strb	r3, [r4]
 407              	.LBB8:
 408              	.LBB9:
  48:Generated_Source\PSoC5/ADC_PM.c **** }
 409              		.loc 1 48 0
 410 0016 0B4B     		ldr	r3, .L23+8
 411 0018 1B78     		ldrb	r3, [r3]	@ zero_extendqisi2
 412 001a 6370     		strb	r3, [r4, #1]
 413 001c 10BD     		pop	{r4, pc}
 414              	.L22:
 415              	.LBE9:
 416              	.LBE8:
 102:Generated_Source\PSoC5/ADC_PM.c ****         if((ADC_DEC_CR_REG & ADC_DEC_START_CONV) != 0u)
 417              		.loc 1 102 0
 418 001e 0122     		movs	r2, #1
 103:Generated_Source\PSoC5/ADC_PM.c ****         if((ADC_DEC_CR_REG & ADC_DEC_START_CONV) != 0u)
 419              		.loc 1 103 0
 420 0020 084B     		ldr	r3, .L23+8
 102:Generated_Source\PSoC5/ADC_PM.c ****         if((ADC_DEC_CR_REG & ADC_DEC_START_CONV) != 0u)
 421              		.loc 1 102 0
 422 0022 2270     		strb	r2, [r4]
 103:Generated_Source\PSoC5/ADC_PM.c ****         if((ADC_DEC_CR_REG & ADC_DEC_START_CONV) != 0u)
 423              		.loc 1 103 0
 424 0024 1B78     		ldrb	r3, [r3]	@ zero_extendqisi2
 425 0026 DB07     		lsls	r3, r3, #31
 106:Generated_Source\PSoC5/ADC_PM.c ****         }
 426              		.loc 1 106 0
 427 0028 44BF     		itt	mi
 428 002a 0323     		movmi	r3, #3
 429 002c 2370     		strbmi	r3, [r4]
 110:Generated_Source\PSoC5/ADC_PM.c ****     }
 430              		.loc 1 110 0
 431 002e FFF7FEFF 		bl	ADC_Stop
 432              	.LVL0:
 433              	.LBB11:
 434              	.LBB10:
  48:Generated_Source\PSoC5/ADC_PM.c **** }
 435              		.loc 1 48 0
 436 0032 044B     		ldr	r3, .L23+8
 437 0034 1B78     		ldrb	r3, [r3]	@ zero_extendqisi2
 438 0036 6370     		strb	r3, [r4, #1]
 439 0038 10BD     		pop	{r4, pc}
 440              	.L24:
ARM GAS  C:\Users\elias\AppData\Local\Temp\ccNM8ELd.s 			page 26


 441 003a 00BF     		.align	2
 442              	.L23:
 443 003c AA430040 		.word	1073759146
 444 0040 00000000 		.word	.LANCHOR0
 445 0044 004E0040 		.word	1073761792
 446              	.LBE10:
 447              	.LBE11:
 448              		.cfi_endproc
 449              	.LFE2:
 450              		.size	ADC_Sleep, .-ADC_Sleep
 451              		.section	.text.ADC_Wakeup,"ax",%progbits
 452              		.align	2
 453              		.global	ADC_Wakeup
 454              		.thumb
 455              		.thumb_func
 456              		.type	ADC_Wakeup, %function
 457              	ADC_Wakeup:
 458              	.LFB3:
 116:Generated_Source\PSoC5/ADC_PM.c ****     }
 117:Generated_Source\PSoC5/ADC_PM.c **** 
 118:Generated_Source\PSoC5/ADC_PM.c ****     /* Save the user configuration */
 119:Generated_Source\PSoC5/ADC_PM.c ****     ADC_SaveConfig();
 120:Generated_Source\PSoC5/ADC_PM.c **** }
 121:Generated_Source\PSoC5/ADC_PM.c **** 
 122:Generated_Source\PSoC5/ADC_PM.c **** 
 123:Generated_Source\PSoC5/ADC_PM.c **** /*******************************************************************************
 124:Generated_Source\PSoC5/ADC_PM.c **** * Function Name: ADC_Wakeup
 125:Generated_Source\PSoC5/ADC_PM.c **** ********************************************************************************
 126:Generated_Source\PSoC5/ADC_PM.c **** *
 127:Generated_Source\PSoC5/ADC_PM.c **** * Summary:
 128:Generated_Source\PSoC5/ADC_PM.c **** *  Restores the user configuration and enables the power to the block.
 129:Generated_Source\PSoC5/ADC_PM.c **** *
 130:Generated_Source\PSoC5/ADC_PM.c **** * Parameters:
 131:Generated_Source\PSoC5/ADC_PM.c **** *  None
 132:Generated_Source\PSoC5/ADC_PM.c **** *
 133:Generated_Source\PSoC5/ADC_PM.c **** * Return:
 134:Generated_Source\PSoC5/ADC_PM.c **** *  None
 135:Generated_Source\PSoC5/ADC_PM.c **** *
 136:Generated_Source\PSoC5/ADC_PM.c **** * Global variables:
 137:Generated_Source\PSoC5/ADC_PM.c **** *  ADC_backup:  The structure field 'enableState' is used to
 138:Generated_Source\PSoC5/ADC_PM.c **** *  restore the enable state of block after wakeup from sleep mode.
 139:Generated_Source\PSoC5/ADC_PM.c **** *
 140:Generated_Source\PSoC5/ADC_PM.c **** *******************************************************************************/
 141:Generated_Source\PSoC5/ADC_PM.c **** void ADC_Wakeup(void) 
 142:Generated_Source\PSoC5/ADC_PM.c **** {
 459              		.loc 1 142 0
 460              		.cfi_startproc
 461              		@ args = 0, pretend = 0, frame = 0
 462              		@ frame_needed = 0, uses_anonymous_args = 0
 463 0000 10B5     		push	{r4, lr}
 464              		.cfi_def_cfa_offset 8
 465              		.cfi_offset 4, -8
 466              		.cfi_offset 14, -4
 467              	.LBB18:
 468              	.LBB19:
  73:Generated_Source\PSoC5/ADC_PM.c **** }
 469              		.loc 1 73 0
ARM GAS  C:\Users\elias\AppData\Local\Temp\ccNM8ELd.s 			page 27


 470 0002 084C     		ldr	r4, .L34
 471 0004 084B     		ldr	r3, .L34+4
 472 0006 6278     		ldrb	r2, [r4, #1]	@ zero_extendqisi2
 473 0008 1A70     		strb	r2, [r3]
 474              	.LBE19:
 475              	.LBE18:
 143:Generated_Source\PSoC5/ADC_PM.c ****     /* Restore the configuration */
 144:Generated_Source\PSoC5/ADC_PM.c ****     ADC_RestoreConfig();
 145:Generated_Source\PSoC5/ADC_PM.c **** 
 146:Generated_Source\PSoC5/ADC_PM.c ****     /* Enables the component operation */
 147:Generated_Source\PSoC5/ADC_PM.c ****     if(ADC_backup.enableState != ADC_DISABLED)
 476              		.loc 1 147 0
 477 000a 2378     		ldrb	r3, [r4]	@ zero_extendqisi2
 478 000c 03B9     		cbnz	r3, .L33
 479              	.L25:
 480 000e 10BD     		pop	{r4, pc}
 481              	.L33:
 482              	.LBB20:
 483              	.LBB21:
 148:Generated_Source\PSoC5/ADC_PM.c ****     {
 149:Generated_Source\PSoC5/ADC_PM.c ****         ADC_Enable();
 484              		.loc 1 149 0
 485 0010 FFF7FEFF 		bl	ADC_Enable
 486              	.LVL1:
 150:Generated_Source\PSoC5/ADC_PM.c ****         if((ADC_backup.enableState & ADC_STARTED) != 0u)
 487              		.loc 1 150 0
 488 0014 2378     		ldrb	r3, [r4]	@ zero_extendqisi2
 489 0016 9B07     		lsls	r3, r3, #30
 490 0018 F9D5     		bpl	.L25
 491              	.LBE21:
 492              	.LBE20:
 151:Generated_Source\PSoC5/ADC_PM.c ****         {
 152:Generated_Source\PSoC5/ADC_PM.c ****             ADC_StartConvert();
 153:Generated_Source\PSoC5/ADC_PM.c ****         }
 154:Generated_Source\PSoC5/ADC_PM.c ****     } /* Do nothing if component was disable before */
 155:Generated_Source\PSoC5/ADC_PM.c **** }
 493              		.loc 1 155 0
 494 001a BDE81040 		pop	{r4, lr}
 495              		.cfi_restore 14
 496              		.cfi_restore 4
 497              		.cfi_def_cfa_offset 0
 498              	.LBB23:
 499              	.LBB22:
 152:Generated_Source\PSoC5/ADC_PM.c ****         }
 500              		.loc 1 152 0
 501 001e FFF7FEBF 		b	ADC_StartConvert
 502              	.LVL2:
 503              	.L35:
 504 0022 00BF     		.align	2
 505              	.L34:
 506 0024 00000000 		.word	.LANCHOR0
 507 0028 004E0040 		.word	1073761792
 508              	.LBE22:
 509              	.LBE23:
 510              		.cfi_endproc
 511              	.LFE3:
 512              		.size	ADC_Wakeup, .-ADC_Wakeup
ARM GAS  C:\Users\elias\AppData\Local\Temp\ccNM8ELd.s 			page 28


 513              		.data
 514              		.align	2
 515              		.set	.LANCHOR0,. + 0
 516              		.type	ADC_backup, %object
 517              		.size	ADC_backup, 2
 518              	ADC_backup:
 519 0000 00       		.byte	0
 520 0001 F8       		.byte	-8
 521              		.text
 522              	.Letext0:
 523              		.file 2 "Generated_Source\\PSoC5\\cytypes.h"
 524              		.file 3 "Generated_Source\\PSoC5\\ADC.h"
 525              		.section	.debug_info,"",%progbits
 526              	.Ldebug_info0:
 527 0000 9F010000 		.4byte	0x19f
 528 0004 0400     		.2byte	0x4
 529 0006 00000000 		.4byte	.Ldebug_abbrev0
 530 000a 04       		.byte	0x4
 531 000b 01       		.uleb128 0x1
 532 000c 55000000 		.4byte	.LASF25
 533 0010 0C       		.byte	0xc
 534 0011 18020000 		.4byte	.LASF26
 535 0015 0E010000 		.4byte	.LASF27
 536 0019 18000000 		.4byte	.Ldebug_ranges0+0x18
 537 001d 00000000 		.4byte	0
 538 0021 00000000 		.4byte	.Ldebug_line0
 539 0025 02       		.uleb128 0x2
 540 0026 01       		.byte	0x1
 541 0027 06       		.byte	0x6
 542 0028 01020000 		.4byte	.LASF0
 543 002c 02       		.uleb128 0x2
 544 002d 01       		.byte	0x1
 545 002e 08       		.byte	0x8
 546 002f 47000000 		.4byte	.LASF1
 547 0033 02       		.uleb128 0x2
 548 0034 02       		.byte	0x2
 549 0035 05       		.byte	0x5
 550 0036 D6010000 		.4byte	.LASF2
 551 003a 02       		.uleb128 0x2
 552 003b 02       		.byte	0x2
 553 003c 07       		.byte	0x7
 554 003d 28000000 		.4byte	.LASF3
 555 0041 02       		.uleb128 0x2
 556 0042 04       		.byte	0x4
 557 0043 05       		.byte	0x5
 558 0044 E0010000 		.4byte	.LASF4
 559 0048 02       		.uleb128 0x2
 560 0049 04       		.byte	0x4
 561 004a 07       		.byte	0x7
 562 004b FC000000 		.4byte	.LASF5
 563 004f 02       		.uleb128 0x2
 564 0050 08       		.byte	0x8
 565 0051 05       		.byte	0x5
 566 0052 00000000 		.4byte	.LASF6
 567 0056 02       		.uleb128 0x2
 568 0057 08       		.byte	0x8
 569 0058 07       		.byte	0x7
ARM GAS  C:\Users\elias\AppData\Local\Temp\ccNM8ELd.s 			page 29


 570 0059 77010000 		.4byte	.LASF7
 571 005d 03       		.uleb128 0x3
 572 005e 04       		.byte	0x4
 573 005f 05       		.byte	0x5
 574 0060 696E7400 		.ascii	"int\000"
 575 0064 02       		.uleb128 0x2
 576 0065 04       		.byte	0x4
 577 0066 07       		.byte	0x7
 578 0067 5F010000 		.4byte	.LASF8
 579 006b 04       		.uleb128 0x4
 580 006c 48010000 		.4byte	.LASF12
 581 0070 02       		.byte	0x2
 582 0071 E901     		.2byte	0x1e9
 583 0073 2C000000 		.4byte	0x2c
 584 0077 02       		.uleb128 0x2
 585 0078 04       		.byte	0x4
 586 0079 04       		.byte	0x4
 587 007a 41000000 		.4byte	.LASF9
 588 007e 02       		.uleb128 0x2
 589 007f 08       		.byte	0x8
 590 0080 04       		.byte	0x4
 591 0081 58010000 		.4byte	.LASF10
 592 0085 02       		.uleb128 0x2
 593 0086 01       		.byte	0x1
 594 0087 08       		.byte	0x8
 595 0088 BF010000 		.4byte	.LASF11
 596 008c 04       		.uleb128 0x4
 597 008d 8E010000 		.4byte	.LASF13
 598 0091 02       		.byte	0x2
 599 0092 9302     		.2byte	0x293
 600 0094 98000000 		.4byte	0x98
 601 0098 05       		.uleb128 0x5
 602 0099 6B000000 		.4byte	0x6b
 603 009d 02       		.uleb128 0x2
 604 009e 08       		.byte	0x8
 605 009f 04       		.byte	0x4
 606 00a0 F5010000 		.4byte	.LASF14
 607 00a4 02       		.uleb128 0x2
 608 00a5 04       		.byte	0x4
 609 00a6 07       		.byte	0x7
 610 00a7 93010000 		.4byte	.LASF15
 611 00ab 06       		.uleb128 0x6
 612 00ac 02       		.byte	0x2
 613 00ad 03       		.byte	0x3
 614 00ae 28       		.byte	0x28
 615 00af CC000000 		.4byte	0xcc
 616 00b3 07       		.uleb128 0x7
 617 00b4 E9010000 		.4byte	.LASF16
 618 00b8 03       		.byte	0x3
 619 00b9 2A       		.byte	0x2a
 620 00ba 6B000000 		.4byte	0x6b
 621 00be 00       		.byte	0
 622 00bf 07       		.uleb128 0x7
 623 00c0 3B000000 		.4byte	.LASF17
 624 00c4 03       		.byte	0x3
 625 00c5 2B       		.byte	0x2b
 626 00c6 6B000000 		.4byte	0x6b
ARM GAS  C:\Users\elias\AppData\Local\Temp\ccNM8ELd.s 			page 30


 627 00ca 01       		.byte	0x1
 628 00cb 00       		.byte	0
 629 00cc 08       		.uleb128 0x8
 630 00cd AD010000 		.4byte	.LASF18
 631 00d1 03       		.byte	0x3
 632 00d2 2C       		.byte	0x2c
 633 00d3 AB000000 		.4byte	0xab
 634 00d7 09       		.uleb128 0x9
 635 00d8 19000000 		.4byte	.LASF19
 636 00dc 01       		.byte	0x1
 637 00dd 2E       		.byte	0x2e
 638 00de 01       		.byte	0x1
 639 00df 09       		.uleb128 0x9
 640 00e0 C4010000 		.4byte	.LASF20
 641 00e4 01       		.byte	0x1
 642 00e5 47       		.byte	0x47
 643 00e6 01       		.byte	0x1
 644 00e7 09       		.uleb128 0x9
 645 00e8 0E000000 		.4byte	.LASF21
 646 00ec 01       		.byte	0x1
 647 00ed 8D       		.byte	0x8d
 648 00ee 01       		.byte	0x1
 649 00ef 0A       		.uleb128 0xa
 650 00f0 D7000000 		.4byte	0xd7
 651 00f4 00000000 		.4byte	.LFB0
 652 00f8 14000000 		.4byte	.LFE0-.LFB0
 653 00fc 01       		.uleb128 0x1
 654 00fd 9C       		.byte	0x9c
 655 00fe 0A       		.uleb128 0xa
 656 00ff DF000000 		.4byte	0xdf
 657 0103 00000000 		.4byte	.LFB1
 658 0107 14000000 		.4byte	.LFE1-.LFB1
 659 010b 01       		.uleb128 0x1
 660 010c 9C       		.byte	0x9c
 661 010d 0B       		.uleb128 0xb
 662 010e 4E010000 		.4byte	.LASF28
 663 0112 01       		.byte	0x1
 664 0113 5F       		.byte	0x5f
 665 0114 00000000 		.4byte	.LFB2
 666 0118 48000000 		.4byte	.LFE2-.LFB2
 667 011c 01       		.uleb128 0x1
 668 011d 9C       		.byte	0x9c
 669 011e 3B010000 		.4byte	0x13b
 670 0122 0C       		.uleb128 0xc
 671 0123 D7000000 		.4byte	0xd7
 672 0127 16000000 		.4byte	.LBB8
 673 012b 00000000 		.4byte	.Ldebug_ranges0+0
 674 012f 01       		.byte	0x1
 675 0130 77       		.byte	0x77
 676 0131 0D       		.uleb128 0xd
 677 0132 32000000 		.4byte	.LVL0
 678 0136 81010000 		.4byte	0x181
 679 013a 00       		.byte	0
 680 013b 0E       		.uleb128 0xe
 681 013c E7000000 		.4byte	0xe7
 682 0140 00000000 		.4byte	.LFB3
 683 0144 2C000000 		.4byte	.LFE3-.LFB3
ARM GAS  C:\Users\elias\AppData\Local\Temp\ccNM8ELd.s 			page 31


 684 0148 01       		.uleb128 0x1
 685 0149 9C       		.byte	0x9c
 686 014a 70010000 		.4byte	0x170
 687 014e 0F       		.uleb128 0xf
 688 014f DF000000 		.4byte	0xdf
 689 0153 02000000 		.4byte	.LBB18
 690 0157 08000000 		.4byte	.LBE18-.LBB18
 691 015b 01       		.byte	0x1
 692 015c 90       		.byte	0x90
 693 015d 0D       		.uleb128 0xd
 694 015e 14000000 		.4byte	.LVL1
 695 0162 8C010000 		.4byte	0x18c
 696 0166 10       		.uleb128 0x10
 697 0167 22000000 		.4byte	.LVL2
 698 016b 97010000 		.4byte	0x197
 699 016f 00       		.byte	0
 700 0170 11       		.uleb128 0x11
 701 0171 0D020000 		.4byte	.LASF29
 702 0175 01       		.byte	0x1
 703 0176 14       		.byte	0x14
 704 0177 CC000000 		.4byte	0xcc
 705 017b 05       		.uleb128 0x5
 706 017c 03       		.byte	0x3
 707 017d 00000000 		.4byte	ADC_backup
 708 0181 12       		.uleb128 0x12
 709 0182 38020000 		.4byte	.LASF22
 710 0186 38020000 		.4byte	.LASF22
 711 018a 03       		.byte	0x3
 712 018b 3B       		.byte	0x3b
 713 018c 12       		.uleb128 0x12
 714 018d 6C010000 		.4byte	.LASF23
 715 0191 6C010000 		.4byte	.LASF23
 716 0195 03       		.byte	0x3
 717 0196 4D       		.byte	0x4d
 718 0197 12       		.uleb128 0x12
 719 0198 9C010000 		.4byte	.LASF24
 720 019c 9C010000 		.4byte	.LASF24
 721 01a0 03       		.byte	0x3
 722 01a1 3D       		.byte	0x3d
 723 01a2 00       		.byte	0
 724              		.section	.debug_abbrev,"",%progbits
 725              	.Ldebug_abbrev0:
 726 0000 01       		.uleb128 0x1
 727 0001 11       		.uleb128 0x11
 728 0002 01       		.byte	0x1
 729 0003 25       		.uleb128 0x25
 730 0004 0E       		.uleb128 0xe
 731 0005 13       		.uleb128 0x13
 732 0006 0B       		.uleb128 0xb
 733 0007 03       		.uleb128 0x3
 734 0008 0E       		.uleb128 0xe
 735 0009 1B       		.uleb128 0x1b
 736 000a 0E       		.uleb128 0xe
 737 000b 55       		.uleb128 0x55
 738 000c 17       		.uleb128 0x17
 739 000d 11       		.uleb128 0x11
 740 000e 01       		.uleb128 0x1
ARM GAS  C:\Users\elias\AppData\Local\Temp\ccNM8ELd.s 			page 32


 741 000f 10       		.uleb128 0x10
 742 0010 17       		.uleb128 0x17
 743 0011 00       		.byte	0
 744 0012 00       		.byte	0
 745 0013 02       		.uleb128 0x2
 746 0014 24       		.uleb128 0x24
 747 0015 00       		.byte	0
 748 0016 0B       		.uleb128 0xb
 749 0017 0B       		.uleb128 0xb
 750 0018 3E       		.uleb128 0x3e
 751 0019 0B       		.uleb128 0xb
 752 001a 03       		.uleb128 0x3
 753 001b 0E       		.uleb128 0xe
 754 001c 00       		.byte	0
 755 001d 00       		.byte	0
 756 001e 03       		.uleb128 0x3
 757 001f 24       		.uleb128 0x24
 758 0020 00       		.byte	0
 759 0021 0B       		.uleb128 0xb
 760 0022 0B       		.uleb128 0xb
 761 0023 3E       		.uleb128 0x3e
 762 0024 0B       		.uleb128 0xb
 763 0025 03       		.uleb128 0x3
 764 0026 08       		.uleb128 0x8
 765 0027 00       		.byte	0
 766 0028 00       		.byte	0
 767 0029 04       		.uleb128 0x4
 768 002a 16       		.uleb128 0x16
 769 002b 00       		.byte	0
 770 002c 03       		.uleb128 0x3
 771 002d 0E       		.uleb128 0xe
 772 002e 3A       		.uleb128 0x3a
 773 002f 0B       		.uleb128 0xb
 774 0030 3B       		.uleb128 0x3b
 775 0031 05       		.uleb128 0x5
 776 0032 49       		.uleb128 0x49
 777 0033 13       		.uleb128 0x13
 778 0034 00       		.byte	0
 779 0035 00       		.byte	0
 780 0036 05       		.uleb128 0x5
 781 0037 35       		.uleb128 0x35
 782 0038 00       		.byte	0
 783 0039 49       		.uleb128 0x49
 784 003a 13       		.uleb128 0x13
 785 003b 00       		.byte	0
 786 003c 00       		.byte	0
 787 003d 06       		.uleb128 0x6
 788 003e 13       		.uleb128 0x13
 789 003f 01       		.byte	0x1
 790 0040 0B       		.uleb128 0xb
 791 0041 0B       		.uleb128 0xb
 792 0042 3A       		.uleb128 0x3a
 793 0043 0B       		.uleb128 0xb
 794 0044 3B       		.uleb128 0x3b
 795 0045 0B       		.uleb128 0xb
 796 0046 01       		.uleb128 0x1
 797 0047 13       		.uleb128 0x13
ARM GAS  C:\Users\elias\AppData\Local\Temp\ccNM8ELd.s 			page 33


 798 0048 00       		.byte	0
 799 0049 00       		.byte	0
 800 004a 07       		.uleb128 0x7
 801 004b 0D       		.uleb128 0xd
 802 004c 00       		.byte	0
 803 004d 03       		.uleb128 0x3
 804 004e 0E       		.uleb128 0xe
 805 004f 3A       		.uleb128 0x3a
 806 0050 0B       		.uleb128 0xb
 807 0051 3B       		.uleb128 0x3b
 808 0052 0B       		.uleb128 0xb
 809 0053 49       		.uleb128 0x49
 810 0054 13       		.uleb128 0x13
 811 0055 38       		.uleb128 0x38
 812 0056 0B       		.uleb128 0xb
 813 0057 00       		.byte	0
 814 0058 00       		.byte	0
 815 0059 08       		.uleb128 0x8
 816 005a 16       		.uleb128 0x16
 817 005b 00       		.byte	0
 818 005c 03       		.uleb128 0x3
 819 005d 0E       		.uleb128 0xe
 820 005e 3A       		.uleb128 0x3a
 821 005f 0B       		.uleb128 0xb
 822 0060 3B       		.uleb128 0x3b
 823 0061 0B       		.uleb128 0xb
 824 0062 49       		.uleb128 0x49
 825 0063 13       		.uleb128 0x13
 826 0064 00       		.byte	0
 827 0065 00       		.byte	0
 828 0066 09       		.uleb128 0x9
 829 0067 2E       		.uleb128 0x2e
 830 0068 00       		.byte	0
 831 0069 3F       		.uleb128 0x3f
 832 006a 19       		.uleb128 0x19
 833 006b 03       		.uleb128 0x3
 834 006c 0E       		.uleb128 0xe
 835 006d 3A       		.uleb128 0x3a
 836 006e 0B       		.uleb128 0xb
 837 006f 3B       		.uleb128 0x3b
 838 0070 0B       		.uleb128 0xb
 839 0071 27       		.uleb128 0x27
 840 0072 19       		.uleb128 0x19
 841 0073 20       		.uleb128 0x20
 842 0074 0B       		.uleb128 0xb
 843 0075 00       		.byte	0
 844 0076 00       		.byte	0
 845 0077 0A       		.uleb128 0xa
 846 0078 2E       		.uleb128 0x2e
 847 0079 00       		.byte	0
 848 007a 31       		.uleb128 0x31
 849 007b 13       		.uleb128 0x13
 850 007c 11       		.uleb128 0x11
 851 007d 01       		.uleb128 0x1
 852 007e 12       		.uleb128 0x12
 853 007f 06       		.uleb128 0x6
 854 0080 40       		.uleb128 0x40
ARM GAS  C:\Users\elias\AppData\Local\Temp\ccNM8ELd.s 			page 34


 855 0081 18       		.uleb128 0x18
 856 0082 9742     		.uleb128 0x2117
 857 0084 19       		.uleb128 0x19
 858 0085 00       		.byte	0
 859 0086 00       		.byte	0
 860 0087 0B       		.uleb128 0xb
 861 0088 2E       		.uleb128 0x2e
 862 0089 01       		.byte	0x1
 863 008a 3F       		.uleb128 0x3f
 864 008b 19       		.uleb128 0x19
 865 008c 03       		.uleb128 0x3
 866 008d 0E       		.uleb128 0xe
 867 008e 3A       		.uleb128 0x3a
 868 008f 0B       		.uleb128 0xb
 869 0090 3B       		.uleb128 0x3b
 870 0091 0B       		.uleb128 0xb
 871 0092 27       		.uleb128 0x27
 872 0093 19       		.uleb128 0x19
 873 0094 11       		.uleb128 0x11
 874 0095 01       		.uleb128 0x1
 875 0096 12       		.uleb128 0x12
 876 0097 06       		.uleb128 0x6
 877 0098 40       		.uleb128 0x40
 878 0099 18       		.uleb128 0x18
 879 009a 9742     		.uleb128 0x2117
 880 009c 19       		.uleb128 0x19
 881 009d 01       		.uleb128 0x1
 882 009e 13       		.uleb128 0x13
 883 009f 00       		.byte	0
 884 00a0 00       		.byte	0
 885 00a1 0C       		.uleb128 0xc
 886 00a2 1D       		.uleb128 0x1d
 887 00a3 00       		.byte	0
 888 00a4 31       		.uleb128 0x31
 889 00a5 13       		.uleb128 0x13
 890 00a6 52       		.uleb128 0x52
 891 00a7 01       		.uleb128 0x1
 892 00a8 55       		.uleb128 0x55
 893 00a9 17       		.uleb128 0x17
 894 00aa 58       		.uleb128 0x58
 895 00ab 0B       		.uleb128 0xb
 896 00ac 59       		.uleb128 0x59
 897 00ad 0B       		.uleb128 0xb
 898 00ae 00       		.byte	0
 899 00af 00       		.byte	0
 900 00b0 0D       		.uleb128 0xd
 901 00b1 898201   		.uleb128 0x4109
 902 00b4 00       		.byte	0
 903 00b5 11       		.uleb128 0x11
 904 00b6 01       		.uleb128 0x1
 905 00b7 31       		.uleb128 0x31
 906 00b8 13       		.uleb128 0x13
 907 00b9 00       		.byte	0
 908 00ba 00       		.byte	0
 909 00bb 0E       		.uleb128 0xe
 910 00bc 2E       		.uleb128 0x2e
 911 00bd 01       		.byte	0x1
ARM GAS  C:\Users\elias\AppData\Local\Temp\ccNM8ELd.s 			page 35


 912 00be 31       		.uleb128 0x31
 913 00bf 13       		.uleb128 0x13
 914 00c0 11       		.uleb128 0x11
 915 00c1 01       		.uleb128 0x1
 916 00c2 12       		.uleb128 0x12
 917 00c3 06       		.uleb128 0x6
 918 00c4 40       		.uleb128 0x40
 919 00c5 18       		.uleb128 0x18
 920 00c6 9742     		.uleb128 0x2117
 921 00c8 19       		.uleb128 0x19
 922 00c9 01       		.uleb128 0x1
 923 00ca 13       		.uleb128 0x13
 924 00cb 00       		.byte	0
 925 00cc 00       		.byte	0
 926 00cd 0F       		.uleb128 0xf
 927 00ce 1D       		.uleb128 0x1d
 928 00cf 00       		.byte	0
 929 00d0 31       		.uleb128 0x31
 930 00d1 13       		.uleb128 0x13
 931 00d2 11       		.uleb128 0x11
 932 00d3 01       		.uleb128 0x1
 933 00d4 12       		.uleb128 0x12
 934 00d5 06       		.uleb128 0x6
 935 00d6 58       		.uleb128 0x58
 936 00d7 0B       		.uleb128 0xb
 937 00d8 59       		.uleb128 0x59
 938 00d9 0B       		.uleb128 0xb
 939 00da 00       		.byte	0
 940 00db 00       		.byte	0
 941 00dc 10       		.uleb128 0x10
 942 00dd 898201   		.uleb128 0x4109
 943 00e0 00       		.byte	0
 944 00e1 11       		.uleb128 0x11
 945 00e2 01       		.uleb128 0x1
 946 00e3 9542     		.uleb128 0x2115
 947 00e5 19       		.uleb128 0x19
 948 00e6 31       		.uleb128 0x31
 949 00e7 13       		.uleb128 0x13
 950 00e8 00       		.byte	0
 951 00e9 00       		.byte	0
 952 00ea 11       		.uleb128 0x11
 953 00eb 34       		.uleb128 0x34
 954 00ec 00       		.byte	0
 955 00ed 03       		.uleb128 0x3
 956 00ee 0E       		.uleb128 0xe
 957 00ef 3A       		.uleb128 0x3a
 958 00f0 0B       		.uleb128 0xb
 959 00f1 3B       		.uleb128 0x3b
 960 00f2 0B       		.uleb128 0xb
 961 00f3 49       		.uleb128 0x49
 962 00f4 13       		.uleb128 0x13
 963 00f5 02       		.uleb128 0x2
 964 00f6 18       		.uleb128 0x18
 965 00f7 00       		.byte	0
 966 00f8 00       		.byte	0
 967 00f9 12       		.uleb128 0x12
 968 00fa 2E       		.uleb128 0x2e
ARM GAS  C:\Users\elias\AppData\Local\Temp\ccNM8ELd.s 			page 36


 969 00fb 00       		.byte	0
 970 00fc 3F       		.uleb128 0x3f
 971 00fd 19       		.uleb128 0x19
 972 00fe 3C       		.uleb128 0x3c
 973 00ff 19       		.uleb128 0x19
 974 0100 6E       		.uleb128 0x6e
 975 0101 0E       		.uleb128 0xe
 976 0102 03       		.uleb128 0x3
 977 0103 0E       		.uleb128 0xe
 978 0104 3A       		.uleb128 0x3a
 979 0105 0B       		.uleb128 0xb
 980 0106 3B       		.uleb128 0x3b
 981 0107 0B       		.uleb128 0xb
 982 0108 00       		.byte	0
 983 0109 00       		.byte	0
 984 010a 00       		.byte	0
 985              		.section	.debug_aranges,"",%progbits
 986 0000 34000000 		.4byte	0x34
 987 0004 0200     		.2byte	0x2
 988 0006 00000000 		.4byte	.Ldebug_info0
 989 000a 04       		.byte	0x4
 990 000b 00       		.byte	0
 991 000c 0000     		.2byte	0
 992 000e 0000     		.2byte	0
 993 0010 00000000 		.4byte	.LFB0
 994 0014 14000000 		.4byte	.LFE0-.LFB0
 995 0018 00000000 		.4byte	.LFB1
 996 001c 14000000 		.4byte	.LFE1-.LFB1
 997 0020 00000000 		.4byte	.LFB2
 998 0024 48000000 		.4byte	.LFE2-.LFB2
 999 0028 00000000 		.4byte	.LFB3
 1000 002c 2C000000 		.4byte	.LFE3-.LFB3
 1001 0030 00000000 		.4byte	0
 1002 0034 00000000 		.4byte	0
 1003              		.section	.debug_ranges,"",%progbits
 1004              	.Ldebug_ranges0:
 1005 0000 16000000 		.4byte	.LBB8
 1006 0004 1E000000 		.4byte	.LBE8
 1007 0008 32000000 		.4byte	.LBB11
 1008 000c 48000000 		.4byte	.LBE11
 1009 0010 00000000 		.4byte	0
 1010 0014 00000000 		.4byte	0
 1011 0018 00000000 		.4byte	.LFB0
 1012 001c 14000000 		.4byte	.LFE0
 1013 0020 00000000 		.4byte	.LFB1
 1014 0024 14000000 		.4byte	.LFE1
 1015 0028 00000000 		.4byte	.LFB2
 1016 002c 48000000 		.4byte	.LFE2
 1017 0030 00000000 		.4byte	.LFB3
 1018 0034 2C000000 		.4byte	.LFE3
 1019 0038 00000000 		.4byte	0
 1020 003c 00000000 		.4byte	0
 1021              		.section	.debug_line,"",%progbits
 1022              	.Ldebug_line0:
 1023 0000 BE000000 		.section	.debug_str,"MS",%progbits,1
 1023      02004C00 
 1023      00000201 
ARM GAS  C:\Users\elias\AppData\Local\Temp\ccNM8ELd.s 			page 37


 1023      FB0E0D00 
 1023      01010101 
 1024              	.LASF6:
 1025 0000 6C6F6E67 		.ascii	"long long int\000"
 1025      206C6F6E 
 1025      6720696E 
 1025      7400
 1026              	.LASF21:
 1027 000e 4144435F 		.ascii	"ADC_Wakeup\000"
 1027      57616B65 
 1027      757000
 1028              	.LASF19:
 1029 0019 4144435F 		.ascii	"ADC_SaveConfig\000"
 1029      53617665 
 1029      436F6E66 
 1029      696700
 1030              	.LASF3:
 1031 0028 73686F72 		.ascii	"short unsigned int\000"
 1031      7420756E 
 1031      7369676E 
 1031      65642069 
 1031      6E7400
 1032              	.LASF17:
 1033 003b 64656363 		.ascii	"deccr\000"
 1033      7200
 1034              	.LASF9:
 1035 0041 666C6F61 		.ascii	"float\000"
 1035      7400
 1036              	.LASF1:
 1037 0047 756E7369 		.ascii	"unsigned char\000"
 1037      676E6564 
 1037      20636861 
 1037      7200
 1038              	.LASF25:
 1039 0055 474E5520 		.ascii	"GNU C11 5.4.1 20160609 (release) [ARM/embedded-5-br"
 1039      43313120 
 1039      352E342E 
 1039      31203230 
 1039      31363036 
 1040 0088 616E6368 		.ascii	"anch revision 237715] -mcpu=cortex-m3 -mthumb -g -O"
 1040      20726576 
 1040      6973696F 
 1040      6E203233 
 1040      37373135 
 1041 00bb 33202D66 		.ascii	"3 -ffunction-sections -ffat-lto-objects -finline-fu"
 1041      66756E63 
 1041      74696F6E 
 1041      2D736563 
 1041      74696F6E 
 1042 00ee 6E637469 		.ascii	"nctions -flto\000"
 1042      6F6E7320 
 1042      2D666C74 
 1042      6F00
 1043              	.LASF5:
 1044 00fc 6C6F6E67 		.ascii	"long unsigned int\000"
 1044      20756E73 
 1044      69676E65 
ARM GAS  C:\Users\elias\AppData\Local\Temp\ccNM8ELd.s 			page 38


 1044      6420696E 
 1044      7400
 1045              	.LASF27:
 1046 010e 433A5C47 		.ascii	"C:\\Github\\Tesis\\src\\psoc\\AcondicionamientoAnal"
 1046      69746875 
 1046      625C5465 
 1046      7369735C 
 1046      7372635C 
 1047 013c 6F676963 		.ascii	"ogico.cydsn\000"
 1047      6F2E6379 
 1047      64736E00 
 1048              	.LASF12:
 1049 0148 75696E74 		.ascii	"uint8\000"
 1049      3800
 1050              	.LASF28:
 1051 014e 4144435F 		.ascii	"ADC_Sleep\000"
 1051      536C6565 
 1051      7000
 1052              	.LASF10:
 1053 0158 646F7562 		.ascii	"double\000"
 1053      6C6500
 1054              	.LASF8:
 1055 015f 756E7369 		.ascii	"unsigned int\000"
 1055      676E6564 
 1055      20696E74 
 1055      00
 1056              	.LASF23:
 1057 016c 4144435F 		.ascii	"ADC_Enable\000"
 1057      456E6162 
 1057      6C6500
 1058              	.LASF7:
 1059 0177 6C6F6E67 		.ascii	"long long unsigned int\000"
 1059      206C6F6E 
 1059      6720756E 
 1059      7369676E 
 1059      65642069 
 1060              	.LASF13:
 1061 018e 72656738 		.ascii	"reg8\000"
 1061      00
 1062              	.LASF15:
 1063 0193 73697A65 		.ascii	"sizetype\000"
 1063      74797065 
 1063      00
 1064              	.LASF24:
 1065 019c 4144435F 		.ascii	"ADC_StartConvert\000"
 1065      53746172 
 1065      74436F6E 
 1065      76657274 
 1065      00
 1066              	.LASF18:
 1067 01ad 4144435F 		.ascii	"ADC_BACKUP_STRUCT\000"
 1067      4241434B 
 1067      55505F53 
 1067      54525543 
 1067      5400
 1068              	.LASF11:
 1069 01bf 63686172 		.ascii	"char\000"
ARM GAS  C:\Users\elias\AppData\Local\Temp\ccNM8ELd.s 			page 39


 1069      00
 1070              	.LASF20:
 1071 01c4 4144435F 		.ascii	"ADC_RestoreConfig\000"
 1071      52657374 
 1071      6F726543 
 1071      6F6E6669 
 1071      6700
 1072              	.LASF2:
 1073 01d6 73686F72 		.ascii	"short int\000"
 1073      7420696E 
 1073      7400
 1074              	.LASF4:
 1075 01e0 6C6F6E67 		.ascii	"long int\000"
 1075      20696E74 
 1075      00
 1076              	.LASF16:
 1077 01e9 656E6162 		.ascii	"enableState\000"
 1077      6C655374 
 1077      61746500 
 1078              	.LASF14:
 1079 01f5 6C6F6E67 		.ascii	"long double\000"
 1079      20646F75 
 1079      626C6500 
 1080              	.LASF0:
 1081 0201 7369676E 		.ascii	"signed char\000"
 1081      65642063 
 1081      68617200 
 1082              	.LASF29:
 1083 020d 4144435F 		.ascii	"ADC_backup\000"
 1083      6261636B 
 1083      757000
 1084              	.LASF26:
 1085 0218 47656E65 		.ascii	"Generated_Source\\PSoC5\\ADC_PM.c\000"
 1085      72617465 
 1085      645F536F 
 1085      75726365 
 1085      5C50536F 
 1086              	.LASF22:
 1087 0238 4144435F 		.ascii	"ADC_Stop\000"
 1087      53746F70 
 1087      00
 1088              		.comm	__gnu_lto_v1,1,1
 1089              		.ident	"GCC: (GNU Tools for ARM Embedded Processors) 5.4.1 20160609 (release) [ARM/embedded-5-bran
