ARM GAS  C:\Users\elias\AppData\Local\Temp\ccFvCYqr.s 			page 1


   1              		.syntax unified
   2              		.cpu cortex-m3
   3              		.fpu softvfp
   4              		.eabi_attribute 20, 1
   5              		.eabi_attribute 21, 1
   6              		.eabi_attribute 23, 3
   7              		.eabi_attribute 24, 1
   8              		.eabi_attribute 25, 1
   9              		.eabi_attribute 26, 1
  10              		.eabi_attribute 30, 2
  11              		.eabi_attribute 34, 1
  12              		.eabi_attribute 18, 4
  13              		.thumb
  14              		.syntax unified
  15              		.file	"ADC_SAR_Seq_1_FinalBuf_dma.c"
  16              		.text
  17              	.Ltext0:
  18              		.section	.gnu.lto_.profile.fae8eb25,"",%progbits
  19 0000 789C6361 		.ascii	"x\234ca`d`a`\000\222\266\342\000\000\373\000_"
  19      60646061 
  19      600092B6 
  19      E20000FB 
  19      005F
  20              		.text
  21              		.section	.gnu.lto_.icf.fae8eb25,"",%progbits
  22 0000 789C6361 		.ascii	"x\234ca`d\000\001\021\006\004`f8\265\357\347c^\306\356"
  22      60640001 
  22      11060460 
  22      6638B5EF 
  22      E7635EC6 
  23 0015 396D3758 		.ascii	"9m7X\231n\256\3765\235\223\001\000d\212\0119"
  23      996EAEFE 
  23      359D9301 
  23      00648A09 
  23      39
  24              		.text
  25              		.section	.gnu.lto_.jmpfuncs.fae8eb25,"",%progbits
  26 0000 789C458D 		.ascii	"x\234E\2151\012\2000\020\004w/\301*\222\017\370\321"
  26      310A8030 
  26      1004772F 
  26      C12A920F 
  26      F8D1
  27 0012 3C206F89 		.ascii	"< o\211V\332\332\211\340o\254D\020\013\321\\R\270\034"
  27      56DADA89 
  27      E06FAC44 
  27      100BD15C 
  27      52B81C
  28 0025 7BDC32EC 		.ascii	"{\3342\354Y\020\252\210_\002\313,\257f\363\315G\270"
  28      5910AA88 
  28      5F02CB2C 
  28      AF66F3CD 
  28      47B8
  29 0037 BDD7E24F 		.ascii	"\275\327\342O\211\006\024&v@\243d\220\342&\273Sl=\246"
  29      89061426 
  29      7640A364 
  29      90E226BB 
  29      536C3DA6 
ARM GAS  C:\Users\elias\AppData\Local\Temp\ccFvCYqr.s 			page 2


  30 004b E42A66D8 		.ascii	"\344*f\330+&\241T\006}\303\032)8\356\363\335V\020\034"
  30      2B26A154 
  30      067DC31A 
  30      2938EEF3 
  30      DD56101C 
  31 005f 4A5A9794 		.ascii	"JZ\227\224\001>\215\013\030\025"
  31      013E8D0B 
  31      1815
  32              		.text
  33              		.section	.gnu.lto_.inline.fae8eb25,"",%progbits
  34 0000 789C6361 		.ascii	"x\234ca`d\000\001\177\006\004`b`\020\325gd`\3428`\307"
  34      60640001 
  34      7F060460 
  34      626010D5 
  34      676460E2 
  35 0017 C0B6409E 		.ascii	"\300\266@\236\011$\306\314\003\024\237\340\307\300\302"
  35      0924C6CC 
  35      03149FE0 
  35      C7C0C2
  36 0026 0B644FF0 		.ascii	"\013dO\360\003Av\001\006\0066\006\020\013\254\207\215"
  36      03417601 
  36      06063606 
  36      100BAC87 
  36      8D
  37 0037 0FA885E9 		.ascii	"\017\250\205\351\002?\\\013\0237\003\003#P\022\000\264"
  37      023F5C0B 
  37      13370303 
  37      23501200 
  37      B4
  38 0048 960A8E   		.ascii	"\226\012\216"
  39              		.text
  40              		.section	.gnu.lto_.pureconst.fae8eb25,"",%progbits
  41 0000 789C6361 		.ascii	"x\234ca`d`e```b\220`\222\000\000\000\347\000?"
  41      60646065 
  41      60606062 
  41      90609200 
  41      0000E700 
  42              		.text
  43              		.section	.gnu.lto_ADC_SAR_Seq_1_FinalBuf_DmaInitialize.fae8eb25,"",%progbits
  44 0000 789C9592 		.ascii	"x\234\225\222ML\023A\024\307\347\315\224n\331\226\302"
  44      4D4C1341 
  44      14C7E7CD 
  44      946ED996 
  44      C2
  45 0011 CD831CBC 		.ascii	"\315\203\034\274!\027\203Q\243W(\321k\245\361\206i\032"
  45      21178351 
  45      A35728D1 
  45      6BA5F186 
  45      691A
  46 0023 BA26264A 		.ascii	"\272&&Ja\333\236;P\253\222x\220\004P\016H\324\020P\221"
  46      61DB9E3B 
  46      50AB9278 
  46      9004500E 
  46      48D41050 
  47 0038 0FBF8B8A 		.ascii	"\017\277\213\212\005?\023\211D\205x\320\203zh\014iB"
  47      053F1389 
  47      448578D0 
ARM GAS  C:\Users\elias\AppData\Local\Temp\ccFvCYqr.s 			page 3


  47      837A680C 
  47      6942
  48 004a 2105A209 		.ascii	"!\005\242\011\256\357M+\232\320K7\331\354\354\333\367"
  48      AEEF4D2B 
  48      9AD04B37 
  48      D9ECECDB 
  48      F7
  49 005b FFFF7F6F 		.ascii	"\377\377\177ovl\014\030]c\202\261v|\356\304\033\004"
  49      766C0C18 
  49      5D6382B1 
  49      767CEEC4 
  49      1B04
  50 006d 037EF11D 		.ascii	"\003~\361\035c\035\016\016@\013\351\000\026\343\020"
  50      631D0E0E 
  50      400BE900 
  50      16E310
  51 007c 8335BEC9 		.ascii	"\2035\276\311\341\355\306\233\013z\355\260\224\235\362"
  51      E1EDC69B 
  51      0B7AEDB0 
  51      949DF2
  52 008b EBD0EAA1 		.ascii	"\353\320\352\241K#)H\240\334\342\014\366UC]5Y\014C-"
  52      4B232948 
  52      A0DCE20C 
  52      F655435D 
  52      35590C43 
  53 00a0 762E8CCE 		.ascii	"v.\214\316w\271\305A`\270\276\3223\227\0235C\244\222"
  53      77B9C541 
  53      60B8BED2 
  53      33971335 
  53      43A492
  54 00b3 8BC7A540 		.ascii	"\213\307\245@\011\214\200\370\247\"\017\270\0015\330"
  54      098C80F8 
  54      A7220FB8 
  54      0135D8
  55 00c2 BBFCF1DA 		.ascii	"\273\374\361\332\016\321\240d\335\203\257\227\312\012"
  55      0ED1A064 
  55      DD83AF97 
  55      CA0A
  56 00d0 B2FE574E 		.ascii	"\262\376WNYG\272\233\333t\267\224\356\245\265\221\252"
  56      5947BA9B 
  56      DB74B794 
  56      EEA5B591 
  56      AA
  57 00e1 CCF18400 		.ascii	"\314\361\204\000 \320\017\331\271\001'\275r\250\302"
  57      20D00FD9 
  57      B90127BD 
  57      72A8C2
  58 00f0 D7CCF5AB 		.ascii	"\327\314\365\253\013.qT\331vn\256N\273\013\266\033g"
  58      0B2E7154 
  58      D9766EAE 
  58      4EBB0BB6 
  58      1B67
  59 0102 5DD29B10 		.ascii	"]\322\233\020\002\306\362\266\267\241\032F\201\2141"
  59      02C6F2B6 
  59      B7A11A46 
  59      818C31
  60 0111 6A5C194F 		.ascii	"j\\\031O\375J/\273E@I{\236'\255\277D\237\316\025\244"
ARM GAS  C:\Users\elias\AppData\Local\Temp\ccFvCYqr.s 			page 4


  60      FD4A2FBB 
  60      4540497B 
  60      9E27ADBF 
  60      449FCE15 
  61 0126 1345A493 		.ascii	"\023E\244\223PC\375\337'\177\367V\330\317H\274v\321"
  61      5043FDDF 
  61      277FF756 
  61      D8CF48BC 
  61      76D1
  62 0138 2621ED1D 		.ascii	"&!\355\035\260\323\266\2177\245\244e\305e\252W\233\371"
  62      B0D3B68F 
  62      37A5A465 
  62      C565AA57 
  62      9BF9
  63 014a A2552035 		.ascii	"\242U 5\216o\003\032\306\216\0266\015(\336\001\344\244"
  63      8E6F031A 
  63      C68E1636 
  63      0D28DE01 
  63      E4A4
  64 015c 53C1A586 		.ascii	"S\301\245\206eY4\241\337\262\3029=E\032:s\331\364\267"
  64      655934A1 
  64      DFB2C239 
  64      3D451A3A 
  64      73D9F4B7 
  65 0170 72F2C5C0 		.ascii	"r\362\305\300\276\304\354\274Fc\227)\336d2\363Y\213"
  65      BEC4ECBC 
  65      46639729 
  65      DE6432F3 
  65      598B
  66 0182 6DCAF352 		.ascii	"m\312\363RVa\255\213\034\260\2744\267\370B\037\204\201"
  66      5661AD8B 
  66      1CB0BC34 
  66      B7F8421F 
  66      8481
  67 0194 0EA9EA0C 		.ascii	"\016\251\352\014\356\341\377\275\213\354\014\356\303"
  67      EEE1FFBD 
  67      8BEC0CEE 
  67      C3
  68 01a1 2060C7EC 		.ascii	" `\307\354\352\304\260\213|l \340\001~\371\001\375\362"
  68      EAC4B08B 
  68      7C6C20E0 
  68      017EF901 
  68      FDF2
  69 01b3 F2FA6E8A 		.ascii	"\362\372n\212\331nl\2678\316\004\017!\306\2509.D\034"
  69      D96E6CB7 
  69      38CE040F 
  69      21C6A839 
  69      2E441C
  70 01c6 85B8C2CE 		.ascii	"\205\270\302\316\361L\362gE\336\211\301#\334#\274\023"
  70      F14CF267 
  70      45DE89C1 
  70      23DC23BC 
  70      13
  71 01d7 426308DE 		.ascii	"Bc\010\336\327\235\0032\214\013{\011\254\311-\326)d"
  71      D79D0332 
  71      8C0B7B09 
  71      ACC92DD6 
ARM GAS  C:\Users\elias\AppData\Local\Temp\ccFvCYqr.s 			page 5


  71      2964
  72 01e9 45307B71 		.ascii	"E0{q(\207\205[\304\3401Ba@\\hq\341H\210r\025\374~\255"
  72      2887855B 
  72      C4E03142 
  72      61405C68 
  72      71E14888 
  73 0202 10AC9710 		.ascii	"\020\254\227\020\374d+\370i>\270\254x\260nq:\226\323"
  73      FC642BF8 
  73      693EB8AC 
  73      78B06E71 
  73      3A96D3
  74 0215 2A58FFFF 		.ascii	"*X\377\377h\332\200\3033\032\337\251(V\326gD\036\303"
  74      68DA80C3 
  74      331ADFA9 
  74      2856D667 
  74      441EC3
  75 0228 5502466A 		.ascii	"U\002Fj\013c\2060\226\3203\357\301\324\361\000:\026"
  75      0B638630 
  75      96D033EF 
  75      C1D4F100 
  75      3A16
  76 023a 38F8FE23 		.ascii	"8\370\376#F\253a\006\"F\320\357\013E\315\026\243\331"
  76      46AB6106 
  76      2246D0EF 
  76      0B45CD16 
  76      A3D9
  77 024c EB0B790E 		.ascii	"\353\013y\0164\3277z\374\276\372&\277\317h\367\357\365"
  77      34D7377A 
  77      FCBEFA26 
  77      BFCF68F7 
  77      EFF5
  78 025e 1F3ED91A 		.ascii	"\037>\331\0328\325\020=\341\017\236\016\354iazC\324"
  78      38D5103D 
  78      E10F9E0E 
  78      EC69617A 
  78      43D4
  79 0270 0C473CA1 		.ascii	"\014G<\241hk\304\335d\264\033\341\210\3270U\255\362"
  79      686BC4DD 
  79      64B41BE1 
  79      88D73055 
  79      ADF2
  80 0282 585B9B61 		.ascii	"X[\233a\372\314\226\372`\3204\302\341*\365\336\210\035"
  80      FACC96FA 
  80      60D034C2 
  80      E12AF5DE 
  80      881D
  81 0294 85C21FF7 		.ascii	"\205\302\037\367\313c\265"
  81      CB63B5
  82              		.text
  83              		.section	.gnu.lto_ADC_SAR_Seq_1_FinalBuf_DmaRelease.fae8eb25,"",%progbits
  84 0000 789C654E 		.ascii	"x\234eN;H\003A\024|\263{&\341@\260\327\3026\215\020"
  84      3B480341 
  84      147CB37B 
  84      26E140B0 
  84      D7C2368D 
  85 0015 50FB1851 		.ascii	"P\373\030Q\260\222\\\0338\216\344\004A\023\014\246\276"
  85      B0925C1B 
ARM GAS  C:\Users\elias\AppData\Local\Temp\ccFvCYqr.s 			page 6


  85      388EE404 
  85      41130CA6 
  85      BE
  86 0026 4DE2A176 		.ascii	"M\342\241v6\246\223t&~@\304\306\353\316`\351\247\262"
  86      36A69374 
  86      267E40C4 
  86      C6EBCE60 
  86      E9A7B2
  87 0039 B2118B20 		.ascii	"\262\021\213 \301\"\001-\343\371\366,\035X\3362o\336"
  87      C122012D 
  87      E3F9F62C 
  87      1D58DE32 
  87      6FDE
  88 004b CC1804D2 		.ascii	"\314\030\004\322H\360X\3449\315\017\222 \216\236\210"
  88      48F058E4 
  88      39CD0F92 
  88      208E9E88 
  89 005b EA2901E8 		.ascii	"\352)\001\350\217J\201<\001\017\337b,\320\333\357\007"
  89      8F4A813C 
  89      010FDF62 
  89      2CD0DBEF 
  89      07
  90 006c 22DD518C 		.ascii	"\"\335Q\2147\3774\243\272!|I\024\211\330\211\320A\232"
  90      37FF34A3 
  90      BA217C49 
  90      1489D889 
  90      D0419A
  91 007f 58F67EFD 		.ascii	"X\366~\375s<\231\330\323\262\331\277%\272\3209t\225"
  91      733C99D8 
  91      D3B2D9BF 
  91      25BAD039 
  91      7495
  92 0091 0F551435 		.ascii	"\017U\0245Uxc\336\335\232\206 _2=d\211\016\033\011\241"
  92      557863DE 
  92      DD9A8620 
  92      5F323D64 
  92      890E1B09 
  93 00a6 A7ECA3D1 		.ascii	"\247\354\243\321\032=\346\365QS\352\334\226\337{N~\011"
  93      1A3DE6F5 
  93      5153EADC 
  93      96DF7B4E 
  93      7E09
  94 00b8 5F0A68FF 		.ascii	"_\012h\377 \370|Mzcu\240\324\024s\207\\A\323\203\207"
  94      20F87C4D 
  94      7A6375A0 
  94      D4147387 
  94      5C41D383 
  95 00cd 977BB38D 		.ascii	"\227{\263\215\223\272\212y\211s\356}\206\031\216\277"
  95      93BA8A79 
  95      8973EE7D 
  95      86198EBF 
  96 00dd 401BF401 		.ascii	"@\033\364\001C[\376w0\"\366%\\\302#\316\363\345\004"
  96      435BFE77 
  96      3022F625 
  96      5CC223CE 
  96      F3E504
  97 00f0 0DD00883 		.ascii	"\015\320\010\203\265X\2551\344=\027\343\232\363\253"
ARM GAS  C:\Users\elias\AppData\Local\Temp\ccFvCYqr.s 			page 7


  97      B558AD31 
  97      E43D17E3 
  97      9AF3AB
  98 00ff 6ED9AD3A 		.ascii	"n\331\255:\273n\311\266*\265j\321-\254[\225\334B!\273"
  98      BB6EC9B6 
  98      2AB56AD1 
  98      2DAC5B95 
  98      DC4221BB 
  99 0113 9CB3AD6C 		.ascii	"\234\263\255l\336\266\334\035;c\257l\226\235\255\245"
  99      DEB6DC1D 
  99      3B63AF6C 
  99      969DADA5 
 100 0123 DA865DDA 		.ascii	"\332\206]\332v\346\212\364\013\376\361n<"
 100      76E68AF4 
 100      0BFEF16E 
 100      3C
 101              		.text
 102              		.section	.gnu.lto_.symbol_nodes.fae8eb25,"",%progbits
 103 0000 789C558C 		.ascii	"x\234U\214\261\015\2000\014\004\317q\222\001\230\000"
 103      B10D8030 
 103      0C04CF71 
 103      92019800 
 104 0010 26759028 		.ascii	"&u\220()\230\207:53\300\"\010'\025\371\346t\377\322"
 104      2998873A 
 104      3533C022 
 104      082715F9 
 104      E674FFD2 
 105 0024 47841D4F 		.ascii	"G\204\035O\020\203\343\002\307Y\026H\260Nm\010&\303"
 105      1083E302 
 105      C7591648 
 105      B04E6D08 
 105      26C3
 106 0036 20C9422F 		.ascii	" \311B/\240\224\331=\232\016\256\026\007\317\226\376"
 106      A094D93D 
 106      9A0EAE16 
 106      07CF96FE 
 107 0046 AE7E5DEF 		.ascii	"\256~]\357W\224\310\3664*\2651\344\336\363\001\314\364"
 107      5794C8F6 
 107      342AB531 
 107      E4DEF301 
 107      CCF4
 108 0058 1F26     		.ascii	"\037&"
 109              		.text
 110              		.section	.gnu.lto_.refs.fae8eb25,"",%progbits
 111 0000 789C0DC7 		.ascii	"x\234\015\307I\021\000 \000\000!\326c,`\377\254\312"
 111      49110020 
 111      000021D6 
 111      632C60FF 
 111      ACCA
 112 0012 8F25174B 		.ascii	"\217%\027K\245\251\255\323\370\365\000\003\311\0008"
 112      A5A9ADD3 
 112      F8F50003 
 112      C90038
 113              		.text
 114              		.section	.gnu.lto_.decls.fae8eb25,"",%progbits
 115 0000 789C8D54 		.ascii	"x\234\215TkL\024W\024\2363\263.\353\3622\306\2644\331"
 115      6B4C1457 
ARM GAS  C:\Users\elias\AppData\Local\Temp\ccFvCYqr.s 			page 8


 115      149E33B3 
 115      2EEBF232 
 115      C6B434D9 
 116 0014 A468AAF0 		.ascii	"\244h\252\360\213J\372H\1775\241K\325\376\260\265\322"
 116      8B4AFA48 
 116      7F35A14B 
 116      D5FEB0B5 
 116      D2
 117 0025 9A989892 		.ascii	"\232\230\230\222\205\035\353&\270\264\354\222\224\376"
 117      851DEB26 
 117      B8B4EC92 
 117      94FE
 118 0033 9A0246C1 		.ascii	"\232\002F\301> !\264P\215\210\026AyC\021|\340\332*\354"
 118      3E2021B4 
 118      508D8816 
 118      41794311 
 118      7CE0DA2A 
 119 0048 8A880A3E 		.ascii	"\212\210\012>x\011\262\240\222B\013\202i\221Rz\356c"
 119      7809B2A0 
 119      92420B82 
 119      6991527A 
 119      EE63
 120 005a 76764DB7 		.ascii	"vvM\267\355\315\236\235{\317\375\316\371\316w\356\235"
 120      EDCD9E9D 
 120      7BCFFDCE 
 120      F9CE77EE 
 120      9D
 121 006b D1092090 		.ascii	"\321\011 \220\361(D\020\336\307\351\024\316\227qH\370"
 121      F1284410 
 121      DEC7E914 
 121      CE977148 
 121      F8
 122 007c DC814676 		.ascii	"\334\201FvM\002\033z\264\363h.\264+h\327\321\372\321"
 122      4D021B7A 
 122      B4F3682E 
 122      B42B68D7 
 122      D1FAD1
 123 008f 86396E54 		.ascii	"\2069nT\010\034\004\033\206v\032m5\332\032\264:\236"
 123      081C041B 
 123      86761A6D 
 123      35DA1AB4 
 123      3A9E
 124 00a1 EF3EDA18 		.ascii	"\357>\332\030\332]4/Z\017\3328\232\207\307\352x|?\347"
 124      DA5D342F 
 124      5A0FDA38 
 124      9A87C7EA 
 124      787C3FE7 
 125 00b5 B91284C3 		.ascii	"\271\022\204\303\305\353\332\341\227\227\360M\240\015"
 125      C5EBDAE1 
 125      9797F04D 
 125      A00D
 126 00c3 718CC871 		.ascii	"q\214\310q\301\352\\\022a\371H\3637\206A\350\007I\340"
 126      C1EA5C12 
 126      61F948F3 
 126      378641E8 
 126      0749E0
 127 00d6 0D1100D8 		.ascii	"\015\021\000\330?P\023\230\321%ND\201MT\227o\010\034"
ARM GAS  C:\Users\elias\AppData\Local\Temp\ccFvCYqr.s 			page 9


 127      3F501398 
 127      D1254E44 
 127      814D5497 
 127      6F081C
 128 00e9 22AA532D 		.ascii	"\"\252S-\031\375\361xXV\007M\242e\007\036\304\326<X"
 128      19FDF178 
 128      5856074D 
 128      A265071E 
 128      C4D63C58 
 129 00fd E041206A 		.ascii	"\340A j\004\300\226j\204_\276g*RkVih;\250\350<o\373"
 129      04C0966A 
 129      845FBE67 
 129      2A526B56 
 129      69683BA8 
 130 0115 CC4A4904 		.ascii	"\314JI\0042\037Y\250\334\024W\255\340(P\024\361=\255"
 130      321F59A8 
 130      DC1457AD 
 130      E0285014 
 130      F13DAD
 131 0128 333F3C5D 		.ascii	"3?<]\234\221\346E\330`\304\232%t\324M\265-\2043\007"
 131      9C91E645 
 131      D860C49A 
 131      2574D44D 
 131      B52D8433 
 132 013d D9AF3CDA 		.ascii	"\331\257<\332\321d\2246\322\371\345\345\337]\221\270"
 132      D1649436 
 132      D2F9E5E5 
 132      DF5D91B8 
 133 014d B5DA0822 		.ascii	"\265\332\010\".o\316\\=\034\212\3135FX\265$\212\207"
 133      2E6FCE5C 
 133      3D1C8ACB 
 133      354658B5 
 133      248A87
 134 0160 8A2ED6E8 		.ascii	"\212.\326\350\301\030{@Q\262\025%G1VF\010P\013&\250"
 134      C1187B40 
 134      51B21525 
 134      47315646 
 134      08500B26 
 135 0175 019300F5 		.ascii	"\001\223\000\365\020KRVA\234\000\247\320y\022\235\025"
 135      104B5256 
 135      419C00A7 
 135      D079129D 
 135      15
 136 0186 A49ED191 		.ascii	"\244\236\321\221\3117\333\024e\025\324\201\021\252A"
 136      C937DB14 
 136      6515D481 
 136      11AA41
 137 0195 A21014B3 		.ascii	"\242\020\024\263\301\310\012,\356\235_\000\035\212\242"
 137      C1C80A2C 
 137      EE9D5F00 
 137      1D8AA2
 138 01a4 80141DF1 		.ascii	"\200\024\035\361\225\3776Wh\360\371\032\200:\353\366"
 138      95FF3657 
 138      68F0F91A 
 138      803AEBF6 
 139 01b4 8D5719B0 		.ascii	"\215W\031\260\034\023*\001?!&&\244\244\320\373W\250"
 139      1C132A01 
ARM GAS  C:\Users\elias\AppData\Local\Temp\ccFvCYqr.s 			page 10


 139      3F212626 
 139      A4A4D0FB 
 139      57A8
 140 01c6 B493CCC5 		.ascii	"\264\223\314\305^\357\251I\035\304\032i\001\256\306"
 140      5EEFA949 
 140      1DC41A69 
 140      01AEC6
 141 01d5 1715114E 		.ascii	"\027\025\021Nc\242\0375v\023a\247Jf\312\025}\224\000"
 141      63A21F35 
 141      761361A7 
 141      4A66CA15 
 141      7D9400
 142 01e8 AF986023 		.ascii	"\257\230`#\312hA\031&.\243\031e4\241\014L\356\355/\234"
 142      CA684119 
 142      262EA319 
 142      6534A10C 
 142      4CEEED2F 
 143 01fd 0BA50591 		.ascii	"\013\245\005\221<\215\254\240;\263\215\305\221>g+s\336"
 143      3C8DACA0 
 143      3BB38DC5 
 143      913E672B 
 143      73DE
 144 020f C8AD3F24 		.ascii	"\310\255?$\261\036\352p9\333]\352\215`=\214&\302\276"
 144      B11EEA70 
 144      39DB5DEA 
 144      8D603D8C 
 144      26C2BE
 145 0222 7834BD32 		.ascii	"x4\2752\252\230\236S\216\022\255\243\221g\221\347\014"
 145      AA989E53 
 145      8E12ADA3 
 145      916791E7 
 145      0C
 146 0233 F208700E 		.ascii	"\362\010p\016\242\360\277\015t\2545\373\363\372\372"
 146      A2F0BF0D 
 146      74AC35FB 
 146      F3FAFA
 147 0242 42D69529 		.ascii	"B\326\225)e\365\312\350r\207u\266QQ\3620RGpP\251\211"
 147      65F5CAE8 
 147      728775B6 
 147      5151F230 
 147      52477050 
 148 0258 A924D75E 		.ascii	"\251$\327^\200\0230\210W\344<\254\303\320\306\202\343"
 148      80133088 
 148      57E43CAC 
 148      C3D0C682 
 148      E3
 149 0269 4F23A422 		.ascii	"O#\244\"\240\255Y\362|_*\372\263\356x\316\217\364\002"
 149      A0AD59F2 
 149      7C5F2AFA 
 149      B3EE78CE 
 149      8FF402
 150 027c 254DE19C 		.ascii	"%M\341\234E\025\331\007W0NWC\276T\242\270r1L$(h\327"
 150      4515D907 
 150      57304E57 
 150      43BE54A2 
 150      B872314C 
 151 0294 28DBFD29 		.ascii	"(\333\375)]\224\322]r\262I'\2650\312\211o\217\374\242"
ARM GAS  C:\Users\elias\AppData\Local\Temp\ccFvCYqr.s 			page 11


 151      5D94D25D 
 151      72B24927 
 151      B530CA89 
 151      6F8FFCA2 
 152 02a8 F7F5869D 		.ascii	"\367\365\206\235\352\037\347\016\017\210>\337O\254_"
 152      EA1FE70E 
 152      0F883EDF 
 152      4FAC5F
 153 02b7 C3EEAA53 		.ascii	"\303\356\252S\244_1F\372NE\372\035l\014;\330[-\373\246"
 153      A45F3146 
 153      FA4E45FA 
 153      1D6C0C3B 
 153      D85B2DFB 
 154 02cc 42A50E9A 		.ascii	"B\245\016\232W\2549\372e\235\357\022\242\230\325n\274"
 154      57AC39FA 
 154      659DEF12 
 154      A298D56E 
 154      BC
 155 02dd 84AA1670 		.ascii	"\204\252\026p\343\351\305\360\323\273\214\316K\332%"
 155      E3E9C5F0 
 155      D3BB8CCE 
 155      4BDA25
 156 02ec 9CFEA061 		.ascii	"\234\376\240a?\321\321\211\324\035\232\216\030~\013"
 156      3FD1D189 
 156      D41D9A8E 
 156      187E0B
 157 02fb A7FAEE29 		.ascii	"\247\372\356)\006\377\026u\006\034\214\207\366\350g"
 157      06FF1675 
 157      061C8C87 
 157      F6E867
 158 030a F5605A07 		.ascii	"\365`Z\007\276*\026\261I\243\230\371\302\327q\245\215"
 158      BE2A16B1 
 158      49A398F9 
 158      C2D771A5 
 158      8D
 159 031b 4AEE4A82 		.ascii	"J\356J\202\201\213Z\346\213\264C8\271B\273\363`\342"
 159      818B5AE6 
 159      8BB44338 
 159      B942BBF3 
 159      60E2
 160 032d 497F8834 		.ascii	"I\177\2104\303\272\363\337w\376*\353N\340\275\353f\316"
 160      C3BAF3DF 
 160      77FE2AEB 
 160      4EE0BDEB 
 160      66CE
 161 033f AECEA11A 		.ascii	"\256\316\241\032)x\255=\264\326kj\255\331wZ\317\350"
 161      2978AD3D 
 161      B4D66B6A 
 161      ADD9775A 
 161      CFE8
 162 0351 58ADAE33 		.ascii	"X\255\25632\326\211\373\320\245\325\331\245\326y\235"
 162      32D689FB 
 162      D0A5D5D9 
 162      A5D6799D 
 163 0361 D659F570 		.ascii	"\326Y\365pr:\\\312\027\377\347)\336d%\345\345\314\225"
 163      723A5CCA 
 163      17FFE729 
ARM GAS  C:\Users\elias\AppData\Local\Temp\ccFvCYqr.s 			page 12


 163      DE6425E5 
 163      E5CC95
 164 0374 197DCE5E 		.ascii	"\031}\316^\346t\017T/j\310>\346\354\256)\332\352\363"
 164      E6740F54 
 164      2F6AC83E 
 164      E6ECAE29 
 164      DAEAF3
 165 0387 DD62BE21 		.ascii	"\335b\276!w\336Y-\3726\177\335O\224\266\376\213\312"
 165      77DE592D 
 165      FA367FDD 
 165      4F94B6FE 
 165      8BCA
 166 0399 BB54E51D 		.ascii	"\273T\345\035U\345\261\202\357\012\"\271\312\333D%\356"
 166      55E5B182 
 166      EF0A22B9 
 166      CADB4425 
 166      EE
 167 03aa C30D4DE5 		.ascii	"\303\015M\345\015Ue?U\331\331p}:T*\017\256r\361Z}\255"
 167      0D55653F 
 167      55D9D970 
 167      7D3A542A 
 167      0FAE72F1 
 168 03c1 189C7D88 		.ascii	"\030\234}\210\262\017\252\354\217=s\017C8{3a\307}\030"
 168      B20FAAEC 
 168      8F3D730F 
 168      43387B33 
 168      61C77D18 
 169 03d5 D0D80754 		.ascii	"\320\330\007T\366a\312>rp\254B?\317\276I\364S\326;\363"
 169      F661CA3E 
 169      7270AC42 
 169      3FCFBE49 
 169      F453D63B 
 170 03ea F823A981 		.ascii	"\370#\251\201U\323\366\353\361\201\260\365\307\224\262"
 170      55D3F6EB 
 170      F181B0F5 
 170      C794B2
 171 03f9 72F2D26F 		.ascii	"r\362\322o\232\255U\024\211\"GX>\376\245\022\350\372"
 171      9AAD5514 
 171      89224758 
 171      3EFEA512 
 171      E8FA
 172 040b 1EB9F5A3 		.ascii	"\036\271\365\243\260\036\343\016\366\375\231\020\226"
 172      B01EE30E 
 172      F6FD9910 
 172      96
 173 0418 AFBD16CF 		.ascii	"\257\275\026\317|Z\356C\030\255\000\237\010>P>\330\035"
 173      7C5AEE43 
 173      18AD009F 
 173      083E503E 
 173      D81D
 174 042a 1E8026FD 		.ascii	"\036\200&\375\322\320c\034=F\321\227\236\334m\327\007"
 174      D2D0631C 
 174      3D46D197 
 174      9EDC6DD7 
 174      07
 175 043b A07B02D0 		.ascii	"\240{\002\320^\216\366R\364Bn\376d \332\023\200\036"
 175      5E8EF652 
ARM GAS  C:\Users\elias\AppData\Local\Temp\ccFvCYqr.s 			page 13


 175      F4426EFE 
 175      6420DA13 
 175      801E
 176 044d E7E8718A 		.ascii	"\347\350q\212~\340\271\271d\010@\017\005\240'8\232<"
 176      7EE0B9B9 
 176      6408400F 
 176      05A02738 
 176      9A3C
 177 045f 5F4A4834 		.ascii	"_JH4''%lON\222?M\216O\336d\263[\322\336\312\334\235"
 177      2727256C 
 177      4F4E923F 
 177      4D8E4FDE 
 177      64B35BD2 
 178 0477 9CB8D7F2 		.ascii	"\234\270\327\362\216\335\346\264Y\322l\237\313\206\315"
 178      8EDDE6B4 
 178      59D26C9F 
 178      CB86CD
 179 0486 EF7E186D 		.ascii	"\357~\030m\216\217\027\364\2316\2733\376\365\265\233"
 179      8E8F17F4 
 179      9936BB33 
 179      FEF5B59B 
 180 0496 65BB9C61 		.ascii	"e\273\234aq\312\326\344\244\364\314\214Ty\327\266\244"
 180      71CAD6E4 
 180      A4F4CC8C 
 180      5479D7B6 
 180      A4
 181 04a7 74F36B2F 		.ascii	"t\363k/\247f9\263>\221\035q{\204\025\004\370\306\253"
 181      A76639B3 
 181      3E911D71 
 181      7B841504 
 181      F8C6AB
 182 04ba FF8CDB15 		.ascii	"\377\214\333\025\204\323\272\327\022\227*\254\015^\321"
 182      84D3BAD7 
 182      12972AAC 
 182      0D5ED1
 183 04c9 76394DB6 		.ascii	"v9M\2668\344Hs\026.\314{\266e\330\3223l\316,Cj\226\303"
 183      38E44873 
 183      162ECC7B 
 183      B665D8D2 
 183      336CCE2C 
 184 04e1 6971663A 		.ascii	"iqf:\242\203\324e\336\231\2705\301\034\267Ex\201G&\311"
 184      A283D465 
 184      DE99B835 
 184      C11CB745 
 184      78814726 
 185 04f6 CEB73F73 		.ascii	"\316\267?s\312v\253lM\260Z3d\207\343ym\307\234n\337"
 185      CA76AB6C 
 185      4DB05A33 
 185      6487E379 
 185      6DC79C6E 
 186 050b 6DFB3813 		.ascii	"m\3738\023\363\330\322\355\021\334\237hsXR\322\344\350"
 186      F3D8D2ED 
 186      11DC9F68 
 186      735852D2 
 186      E4E8
 187 051d E0C56DB1 		.ascii	"\340\305m\261\330\255i\362\337\232\004\306\236"
 187      D8AD69F2 
ARM GAS  C:\Users\elias\AppData\Local\Temp\ccFvCYqr.s 			page 14


 187      DF9A04C6 
 187      9E
 188              		.text
 189              		.section	.gnu.lto_.symtab.fae8eb25,"",%progbits
 190 0000 4144435F 		.ascii	"ADC_SAR_Seq_1_FinalBuf_DmaInitialize\000"
 190      5341525F 
 190      5365715F 
 190      315F4669 
 190      6E616C42 
 191 0025 00       		.ascii	"\000"
 192 0026 00       		.ascii	"\000"
 193 0027 00       		.ascii	"\000"
 194 0028 00000000 		.ascii	"\000\000\000\000\000\000\000\000"
 194      00000000 
 195 0030 BD000000 		.ascii	"\275\000\000\000"
 196 0034 4144435F 		.ascii	"ADC_SAR_Seq_1_FinalBuf_DmaHandle\000"
 196      5341525F 
 196      5365715F 
 196      315F4669 
 196      6E616C42 
 197 0055 00       		.ascii	"\000"
 198 0056 00       		.ascii	"\000"
 199 0057 00       		.ascii	"\000"
 200 0058 00000000 		.ascii	"\000\000\000\000\000\000\000\000"
 200      00000000 
 201 0060 E0000000 		.ascii	"\340\000\000\000"
 202 0064 4144435F 		.ascii	"ADC_SAR_Seq_1_FinalBuf_DmaRelease\000"
 202      5341525F 
 202      5365715F 
 202      315F4669 
 202      6E616C42 
 203 0086 00       		.ascii	"\000"
 204 0087 00       		.ascii	"\000"
 205 0088 00       		.ascii	"\000"
 206 0089 00000000 		.ascii	"\000\000\000\000\000\000\000\000"
 206      00000000 
 207 0091 C0000000 		.ascii	"\300\000\000\000"
 208 0095 4379446D 		.ascii	"CyDmaChPriority\000"
 208      61436850 
 208      72696F72 
 208      69747900 
 209 00a5 00       		.ascii	"\000"
 210 00a6 02       		.ascii	"\002"
 211 00a7 00       		.ascii	"\000"
 212 00a8 00000000 		.ascii	"\000\000\000\000\000\000\000\000"
 212      00000000 
 213 00b0 CA000000 		.ascii	"\312\000\000\000"
 214 00b4 4379446D 		.ascii	"CyDmaChSetExtendedAddress\000"
 214      61436853 
 214      65744578 
 214      74656E64 
 214      65644164 
 215 00ce 00       		.ascii	"\000"
 216 00cf 02       		.ascii	"\002"
 217 00d0 00       		.ascii	"\000"
 218 00d1 00000000 		.ascii	"\000\000\000\000\000\000\000\000"
 218      00000000 
ARM GAS  C:\Users\elias\AppData\Local\Temp\ccFvCYqr.s 			page 15


 219 00d9 D0000000 		.ascii	"\320\000\000\000"
 220 00dd 4379446D 		.ascii	"CyDmaChSetConfiguration\000"
 220      61436853 
 220      6574436F 
 220      6E666967 
 220      75726174 
 221 00f5 00       		.ascii	"\000"
 222 00f6 02       		.ascii	"\002"
 223 00f7 00       		.ascii	"\000"
 224 00f8 00000000 		.ascii	"\000\000\000\000\000\000\000\000"
 224      00000000 
 225 0100 D9000000 		.ascii	"\331\000\000\000"
 226 0104 4379446D 		.ascii	"CyDmaChDisable\000"
 226      61436844 
 226      69736162 
 226      6C6500
 227 0113 00       		.ascii	"\000"
 228 0114 02       		.ascii	"\002"
 229 0115 00       		.ascii	"\000"
 230 0116 00000000 		.ascii	"\000\000\000\000\000\000\000\000"
 230      00000000 
 231 011e DD000000 		.ascii	"\335\000\000\000"
 232              		.text
 233              		.section	.gnu.lto_.opts,"",%progbits
 234 0000 272D666D 		.ascii	"'-fmath-errno' '-fsigned-zeros' '-ftrapping-math' '"
 234      6174682D 
 234      6572726E 
 234      6F272027 
 234      2D667369 
 235 0033 2D666E6F 		.ascii	"-fno-trapv' '-fno-openmp' '-fno-openacc' '-mcpu=cor"
 235      2D747261 
 235      70762720 
 235      272D666E 
 235      6F2D6F70 
 236 0066 7465782D 		.ascii	"tex-m3' '-mthumb' '-g' '-O3' '-ffunction-sections' "
 236      6D332720 
 236      272D6D74 
 236      68756D62 
 236      2720272D 
 237 0099 272D6666 		.ascii	"'-ffat-lto-objects' '-finline-functions' '-flto'\000"
 237      61742D6C 
 237      746F2D6F 
 237      626A6563 
 237      74732720 
 238              		.text
 239              		.cfi_sections	.debug_frame
 240              		.section	.text.ADC_SAR_Seq_1_FinalBuf_DmaInitialize,"ax",%progbits
 241              		.align	2
 242              		.global	ADC_SAR_Seq_1_FinalBuf_DmaInitialize
 243              		.thumb
 244              		.thumb_func
 245              		.type	ADC_SAR_Seq_1_FinalBuf_DmaInitialize, %function
 246              	ADC_SAR_Seq_1_FinalBuf_DmaInitialize:
 247              	.LFB0:
 248              		.file 1 "Generated_Source\\PSoC5\\ADC_SAR_Seq_1_FinalBuf_dma.c"
   1:Generated_Source\PSoC5/ADC_SAR_Seq_1_FinalBuf_dma.c **** /***************************************************************************
   2:Generated_Source\PSoC5/ADC_SAR_Seq_1_FinalBuf_dma.c **** * File Name: ADC_SAR_Seq_1_FinalBuf_dma.c  
ARM GAS  C:\Users\elias\AppData\Local\Temp\ccFvCYqr.s 			page 16


   3:Generated_Source\PSoC5/ADC_SAR_Seq_1_FinalBuf_dma.c **** * Version 1.70
   4:Generated_Source\PSoC5/ADC_SAR_Seq_1_FinalBuf_dma.c **** *
   5:Generated_Source\PSoC5/ADC_SAR_Seq_1_FinalBuf_dma.c **** *  Description:
   6:Generated_Source\PSoC5/ADC_SAR_Seq_1_FinalBuf_dma.c **** *   Provides an API for the DMAC component. The API includes functions
   7:Generated_Source\PSoC5/ADC_SAR_Seq_1_FinalBuf_dma.c **** *   for the DMA controller, DMA channels and Transfer Descriptors.
   8:Generated_Source\PSoC5/ADC_SAR_Seq_1_FinalBuf_dma.c **** *
   9:Generated_Source\PSoC5/ADC_SAR_Seq_1_FinalBuf_dma.c **** *
  10:Generated_Source\PSoC5/ADC_SAR_Seq_1_FinalBuf_dma.c **** *   Note:
  11:Generated_Source\PSoC5/ADC_SAR_Seq_1_FinalBuf_dma.c **** *     This module requires the developer to finish or fill in the auto
  12:Generated_Source\PSoC5/ADC_SAR_Seq_1_FinalBuf_dma.c **** *     generated funcions and setup the dma channel and TD's.
  13:Generated_Source\PSoC5/ADC_SAR_Seq_1_FinalBuf_dma.c **** *
  14:Generated_Source\PSoC5/ADC_SAR_Seq_1_FinalBuf_dma.c **** ********************************************************************************
  15:Generated_Source\PSoC5/ADC_SAR_Seq_1_FinalBuf_dma.c **** * Copyright 2008-2010, Cypress Semiconductor Corporation.  All rights reserved.
  16:Generated_Source\PSoC5/ADC_SAR_Seq_1_FinalBuf_dma.c **** * You may use this file only in accordance with the license, terms, conditions, 
  17:Generated_Source\PSoC5/ADC_SAR_Seq_1_FinalBuf_dma.c **** * disclaimers, and limitations in the end user license agreement accompanying 
  18:Generated_Source\PSoC5/ADC_SAR_Seq_1_FinalBuf_dma.c **** * the software package with which this file was provided.
  19:Generated_Source\PSoC5/ADC_SAR_Seq_1_FinalBuf_dma.c **** ********************************************************************************/
  20:Generated_Source\PSoC5/ADC_SAR_Seq_1_FinalBuf_dma.c **** #include <CYLIB.H>
  21:Generated_Source\PSoC5/ADC_SAR_Seq_1_FinalBuf_dma.c **** #include <CYDMAC.H>
  22:Generated_Source\PSoC5/ADC_SAR_Seq_1_FinalBuf_dma.c **** #include <ADC_SAR_Seq_1_FinalBuf_dma.H>
  23:Generated_Source\PSoC5/ADC_SAR_Seq_1_FinalBuf_dma.c **** 
  24:Generated_Source\PSoC5/ADC_SAR_Seq_1_FinalBuf_dma.c **** 
  25:Generated_Source\PSoC5/ADC_SAR_Seq_1_FinalBuf_dma.c **** 
  26:Generated_Source\PSoC5/ADC_SAR_Seq_1_FinalBuf_dma.c **** /****************************************************************************
  27:Generated_Source\PSoC5/ADC_SAR_Seq_1_FinalBuf_dma.c **** * 
  28:Generated_Source\PSoC5/ADC_SAR_Seq_1_FinalBuf_dma.c **** * The following defines are available in Cyfitter.h
  29:Generated_Source\PSoC5/ADC_SAR_Seq_1_FinalBuf_dma.c **** * 
  30:Generated_Source\PSoC5/ADC_SAR_Seq_1_FinalBuf_dma.c **** * 
  31:Generated_Source\PSoC5/ADC_SAR_Seq_1_FinalBuf_dma.c **** * 
  32:Generated_Source\PSoC5/ADC_SAR_Seq_1_FinalBuf_dma.c **** * ADC_SAR_Seq_1_FinalBuf__DRQ_CTL_REG
  33:Generated_Source\PSoC5/ADC_SAR_Seq_1_FinalBuf_dma.c **** * 
  34:Generated_Source\PSoC5/ADC_SAR_Seq_1_FinalBuf_dma.c **** * 
  35:Generated_Source\PSoC5/ADC_SAR_Seq_1_FinalBuf_dma.c **** * ADC_SAR_Seq_1_FinalBuf__DRQ_NUMBER
  36:Generated_Source\PSoC5/ADC_SAR_Seq_1_FinalBuf_dma.c **** * 
  37:Generated_Source\PSoC5/ADC_SAR_Seq_1_FinalBuf_dma.c **** * Number of TD's used by this channel.
  38:Generated_Source\PSoC5/ADC_SAR_Seq_1_FinalBuf_dma.c **** * ADC_SAR_Seq_1_FinalBuf__NUMBEROF_TDS
  39:Generated_Source\PSoC5/ADC_SAR_Seq_1_FinalBuf_dma.c **** * 
  40:Generated_Source\PSoC5/ADC_SAR_Seq_1_FinalBuf_dma.c **** * Priority of this channel.
  41:Generated_Source\PSoC5/ADC_SAR_Seq_1_FinalBuf_dma.c **** * ADC_SAR_Seq_1_FinalBuf__PRIORITY
  42:Generated_Source\PSoC5/ADC_SAR_Seq_1_FinalBuf_dma.c **** * 
  43:Generated_Source\PSoC5/ADC_SAR_Seq_1_FinalBuf_dma.c **** * True if ADC_SAR_Seq_1_FinalBuf_TERMIN_SEL is used.
  44:Generated_Source\PSoC5/ADC_SAR_Seq_1_FinalBuf_dma.c **** * ADC_SAR_Seq_1_FinalBuf__TERMIN_EN
  45:Generated_Source\PSoC5/ADC_SAR_Seq_1_FinalBuf_dma.c **** * 
  46:Generated_Source\PSoC5/ADC_SAR_Seq_1_FinalBuf_dma.c **** * TERMIN interrupt line to signal terminate.
  47:Generated_Source\PSoC5/ADC_SAR_Seq_1_FinalBuf_dma.c **** * ADC_SAR_Seq_1_FinalBuf__TERMIN_SEL
  48:Generated_Source\PSoC5/ADC_SAR_Seq_1_FinalBuf_dma.c **** * 
  49:Generated_Source\PSoC5/ADC_SAR_Seq_1_FinalBuf_dma.c **** * 
  50:Generated_Source\PSoC5/ADC_SAR_Seq_1_FinalBuf_dma.c **** * True if ADC_SAR_Seq_1_FinalBuf_TERMOUT0_SEL is used.
  51:Generated_Source\PSoC5/ADC_SAR_Seq_1_FinalBuf_dma.c **** * ADC_SAR_Seq_1_FinalBuf__TERMOUT0_EN
  52:Generated_Source\PSoC5/ADC_SAR_Seq_1_FinalBuf_dma.c **** * 
  53:Generated_Source\PSoC5/ADC_SAR_Seq_1_FinalBuf_dma.c **** * 
  54:Generated_Source\PSoC5/ADC_SAR_Seq_1_FinalBuf_dma.c **** * TERMOUT0 interrupt line to signal completion.
  55:Generated_Source\PSoC5/ADC_SAR_Seq_1_FinalBuf_dma.c **** * ADC_SAR_Seq_1_FinalBuf__TERMOUT0_SEL
  56:Generated_Source\PSoC5/ADC_SAR_Seq_1_FinalBuf_dma.c **** * 
  57:Generated_Source\PSoC5/ADC_SAR_Seq_1_FinalBuf_dma.c **** * 
  58:Generated_Source\PSoC5/ADC_SAR_Seq_1_FinalBuf_dma.c **** * True if ADC_SAR_Seq_1_FinalBuf_TERMOUT1_SEL is used.
  59:Generated_Source\PSoC5/ADC_SAR_Seq_1_FinalBuf_dma.c **** * ADC_SAR_Seq_1_FinalBuf__TERMOUT1_EN
ARM GAS  C:\Users\elias\AppData\Local\Temp\ccFvCYqr.s 			page 17


  60:Generated_Source\PSoC5/ADC_SAR_Seq_1_FinalBuf_dma.c **** * 
  61:Generated_Source\PSoC5/ADC_SAR_Seq_1_FinalBuf_dma.c **** * 
  62:Generated_Source\PSoC5/ADC_SAR_Seq_1_FinalBuf_dma.c **** * TERMOUT1 interrupt line to signal completion.
  63:Generated_Source\PSoC5/ADC_SAR_Seq_1_FinalBuf_dma.c **** * ADC_SAR_Seq_1_FinalBuf__TERMOUT1_SEL
  64:Generated_Source\PSoC5/ADC_SAR_Seq_1_FinalBuf_dma.c **** * 
  65:Generated_Source\PSoC5/ADC_SAR_Seq_1_FinalBuf_dma.c **** ****************************************************************************/
  66:Generated_Source\PSoC5/ADC_SAR_Seq_1_FinalBuf_dma.c **** 
  67:Generated_Source\PSoC5/ADC_SAR_Seq_1_FinalBuf_dma.c **** 
  68:Generated_Source\PSoC5/ADC_SAR_Seq_1_FinalBuf_dma.c **** /* Zero based index of ADC_SAR_Seq_1_FinalBuf dma channel */
  69:Generated_Source\PSoC5/ADC_SAR_Seq_1_FinalBuf_dma.c **** uint8 ADC_SAR_Seq_1_FinalBuf_DmaHandle = DMA_INVALID_CHANNEL;
  70:Generated_Source\PSoC5/ADC_SAR_Seq_1_FinalBuf_dma.c **** 
  71:Generated_Source\PSoC5/ADC_SAR_Seq_1_FinalBuf_dma.c **** /*********************************************************************
  72:Generated_Source\PSoC5/ADC_SAR_Seq_1_FinalBuf_dma.c **** * Function Name: uint8 ADC_SAR_Seq_1_FinalBuf_DmaInitalize
  73:Generated_Source\PSoC5/ADC_SAR_Seq_1_FinalBuf_dma.c **** **********************************************************************
  74:Generated_Source\PSoC5/ADC_SAR_Seq_1_FinalBuf_dma.c **** * Summary:
  75:Generated_Source\PSoC5/ADC_SAR_Seq_1_FinalBuf_dma.c **** *   Allocates and initialises a channel of the DMAC to be used by the
  76:Generated_Source\PSoC5/ADC_SAR_Seq_1_FinalBuf_dma.c **** *   caller.
  77:Generated_Source\PSoC5/ADC_SAR_Seq_1_FinalBuf_dma.c **** *
  78:Generated_Source\PSoC5/ADC_SAR_Seq_1_FinalBuf_dma.c **** * Parameters:
  79:Generated_Source\PSoC5/ADC_SAR_Seq_1_FinalBuf_dma.c **** *   BurstCount.
  80:Generated_Source\PSoC5/ADC_SAR_Seq_1_FinalBuf_dma.c **** *       
  81:Generated_Source\PSoC5/ADC_SAR_Seq_1_FinalBuf_dma.c **** *       
  82:Generated_Source\PSoC5/ADC_SAR_Seq_1_FinalBuf_dma.c **** *   ReqestPerBurst.
  83:Generated_Source\PSoC5/ADC_SAR_Seq_1_FinalBuf_dma.c **** *       
  84:Generated_Source\PSoC5/ADC_SAR_Seq_1_FinalBuf_dma.c **** *       
  85:Generated_Source\PSoC5/ADC_SAR_Seq_1_FinalBuf_dma.c **** *   UpperSrcAddress.
  86:Generated_Source\PSoC5/ADC_SAR_Seq_1_FinalBuf_dma.c **** *       
  87:Generated_Source\PSoC5/ADC_SAR_Seq_1_FinalBuf_dma.c **** *       
  88:Generated_Source\PSoC5/ADC_SAR_Seq_1_FinalBuf_dma.c **** *   UpperDestAddress.
  89:Generated_Source\PSoC5/ADC_SAR_Seq_1_FinalBuf_dma.c **** *       
  90:Generated_Source\PSoC5/ADC_SAR_Seq_1_FinalBuf_dma.c **** *
  91:Generated_Source\PSoC5/ADC_SAR_Seq_1_FinalBuf_dma.c **** * Return:
  92:Generated_Source\PSoC5/ADC_SAR_Seq_1_FinalBuf_dma.c **** *   The channel that can be used by the caller for DMA activity.
  93:Generated_Source\PSoC5/ADC_SAR_Seq_1_FinalBuf_dma.c **** *   DMA_INVALID_CHANNEL (0xFF) if there are no channels left. 
  94:Generated_Source\PSoC5/ADC_SAR_Seq_1_FinalBuf_dma.c **** *
  95:Generated_Source\PSoC5/ADC_SAR_Seq_1_FinalBuf_dma.c **** *
  96:Generated_Source\PSoC5/ADC_SAR_Seq_1_FinalBuf_dma.c **** *******************************************************************/
  97:Generated_Source\PSoC5/ADC_SAR_Seq_1_FinalBuf_dma.c **** uint8 ADC_SAR_Seq_1_FinalBuf_DmaInitialize(uint8 BurstCount, uint8 ReqestPerBurst, uint16 UpperSrcA
  98:Generated_Source\PSoC5/ADC_SAR_Seq_1_FinalBuf_dma.c **** {
 249              		.loc 1 98 0
 250              		.cfi_startproc
 251              		@ args = 0, pretend = 0, frame = 0
 252              		@ frame_needed = 0, uses_anonymous_args = 0
 253              	.LVL0:
 254 0000 2DE9F041 		push	{r4, r5, r6, r7, r8, lr}
 255              		.cfi_def_cfa_offset 24
 256              		.cfi_offset 4, -24
 257              		.cfi_offset 5, -20
 258              		.cfi_offset 6, -16
 259              		.cfi_offset 7, -12
 260              		.cfi_offset 8, -8
 261              		.cfi_offset 14, -4
 262 0004 1746     		mov	r7, r2
 263 0006 9846     		mov	r8, r3
 264 0008 82B0     		sub	sp, sp, #8
 265              		.cfi_def_cfa_offset 32
  99:Generated_Source\PSoC5/ADC_SAR_Seq_1_FinalBuf_dma.c **** 
ARM GAS  C:\Users\elias\AppData\Local\Temp\ccFvCYqr.s 			page 18


 100:Generated_Source\PSoC5/ADC_SAR_Seq_1_FinalBuf_dma.c ****     /* Allocate a DMA channel. */
 101:Generated_Source\PSoC5/ADC_SAR_Seq_1_FinalBuf_dma.c ****     ADC_SAR_Seq_1_FinalBuf_DmaHandle = (uint8)ADC_SAR_Seq_1_FinalBuf__DRQ_NUMBER;
 266              		.loc 1 101 0
 267 000a 0C4C     		ldr	r4, .L3
 268 000c 0325     		movs	r5, #3
 102:Generated_Source\PSoC5/ADC_SAR_Seq_1_FinalBuf_dma.c **** 
 103:Generated_Source\PSoC5/ADC_SAR_Seq_1_FinalBuf_dma.c ****     /* Configure the channel. */
 104:Generated_Source\PSoC5/ADC_SAR_Seq_1_FinalBuf_dma.c ****     (void)CyDmaChSetConfiguration(ADC_SAR_Seq_1_FinalBuf_DmaHandle,
 269              		.loc 1 104 0
 270 000e 0026     		movs	r6, #0
 271 0010 2B46     		mov	r3, r5
 272              	.LVL1:
 273 0012 0A46     		mov	r2, r1
 274              	.LVL2:
 275 0014 0196     		str	r6, [sp, #4]
 276 0016 0146     		mov	r1, r0
 277              	.LVL3:
 278 0018 0096     		str	r6, [sp]
 279 001a 2846     		mov	r0, r5
 280              	.LVL4:
 101:Generated_Source\PSoC5/ADC_SAR_Seq_1_FinalBuf_dma.c **** 
 281              		.loc 1 101 0
 282 001c 2570     		strb	r5, [r4]
 283              		.loc 1 104 0
 284 001e FFF7FEFF 		bl	CyDmaChSetConfiguration
 285              	.LVL5:
 105:Generated_Source\PSoC5/ADC_SAR_Seq_1_FinalBuf_dma.c ****                                   BurstCount,
 106:Generated_Source\PSoC5/ADC_SAR_Seq_1_FinalBuf_dma.c ****                                   ReqestPerBurst,
 107:Generated_Source\PSoC5/ADC_SAR_Seq_1_FinalBuf_dma.c ****                                   (uint8)ADC_SAR_Seq_1_FinalBuf__TERMOUT0_SEL,
 108:Generated_Source\PSoC5/ADC_SAR_Seq_1_FinalBuf_dma.c ****                                   (uint8)ADC_SAR_Seq_1_FinalBuf__TERMOUT1_SEL,
 109:Generated_Source\PSoC5/ADC_SAR_Seq_1_FinalBuf_dma.c ****                                   (uint8)ADC_SAR_Seq_1_FinalBuf__TERMIN_SEL);
 110:Generated_Source\PSoC5/ADC_SAR_Seq_1_FinalBuf_dma.c **** 
 111:Generated_Source\PSoC5/ADC_SAR_Seq_1_FinalBuf_dma.c ****     /* Set the extended address for the transfers */
 112:Generated_Source\PSoC5/ADC_SAR_Seq_1_FinalBuf_dma.c ****     (void)CyDmaChSetExtendedAddress(ADC_SAR_Seq_1_FinalBuf_DmaHandle, UpperSrcAddress, UpperDestAdd
 286              		.loc 1 112 0
 287 0022 4246     		mov	r2, r8
 288 0024 3946     		mov	r1, r7
 289 0026 2078     		ldrb	r0, [r4]	@ zero_extendqisi2
 290 0028 FFF7FEFF 		bl	CyDmaChSetExtendedAddress
 291              	.LVL6:
 113:Generated_Source\PSoC5/ADC_SAR_Seq_1_FinalBuf_dma.c **** 
 114:Generated_Source\PSoC5/ADC_SAR_Seq_1_FinalBuf_dma.c ****     /* Set the priority for this channel */
 115:Generated_Source\PSoC5/ADC_SAR_Seq_1_FinalBuf_dma.c ****     (void)CyDmaChPriority(ADC_SAR_Seq_1_FinalBuf_DmaHandle, (uint8)ADC_SAR_Seq_1_FinalBuf__PRIORITY
 292              		.loc 1 115 0
 293 002c 2078     		ldrb	r0, [r4]	@ zero_extendqisi2
 294 002e 0221     		movs	r1, #2
 295 0030 FFF7FEFF 		bl	CyDmaChPriority
 296              	.LVL7:
 116:Generated_Source\PSoC5/ADC_SAR_Seq_1_FinalBuf_dma.c ****     
 117:Generated_Source\PSoC5/ADC_SAR_Seq_1_FinalBuf_dma.c ****     return ADC_SAR_Seq_1_FinalBuf_DmaHandle;
 118:Generated_Source\PSoC5/ADC_SAR_Seq_1_FinalBuf_dma.c **** }
 297              		.loc 1 118 0
 298 0034 2078     		ldrb	r0, [r4]	@ zero_extendqisi2
 299 0036 02B0     		add	sp, sp, #8
 300              		.cfi_def_cfa_offset 24
 301              		@ sp needed
 302 0038 BDE8F081 		pop	{r4, r5, r6, r7, r8, pc}
ARM GAS  C:\Users\elias\AppData\Local\Temp\ccFvCYqr.s 			page 19


 303              	.L4:
 304              		.align	2
 305              	.L3:
 306 003c 00000000 		.word	.LANCHOR0
 307              		.cfi_endproc
 308              	.LFE0:
 309              		.size	ADC_SAR_Seq_1_FinalBuf_DmaInitialize, .-ADC_SAR_Seq_1_FinalBuf_DmaInitialize
 310              		.section	.text.ADC_SAR_Seq_1_FinalBuf_DmaRelease,"ax",%progbits
 311              		.align	2
 312              		.global	ADC_SAR_Seq_1_FinalBuf_DmaRelease
 313              		.thumb
 314              		.thumb_func
 315              		.type	ADC_SAR_Seq_1_FinalBuf_DmaRelease, %function
 316              	ADC_SAR_Seq_1_FinalBuf_DmaRelease:
 317              	.LFB1:
 119:Generated_Source\PSoC5/ADC_SAR_Seq_1_FinalBuf_dma.c **** 
 120:Generated_Source\PSoC5/ADC_SAR_Seq_1_FinalBuf_dma.c **** /*********************************************************************
 121:Generated_Source\PSoC5/ADC_SAR_Seq_1_FinalBuf_dma.c **** * Function Name: void ADC_SAR_Seq_1_FinalBuf_DmaRelease
 122:Generated_Source\PSoC5/ADC_SAR_Seq_1_FinalBuf_dma.c **** **********************************************************************
 123:Generated_Source\PSoC5/ADC_SAR_Seq_1_FinalBuf_dma.c **** * Summary:
 124:Generated_Source\PSoC5/ADC_SAR_Seq_1_FinalBuf_dma.c **** *   Frees the channel associated with ADC_SAR_Seq_1_FinalBuf.
 125:Generated_Source\PSoC5/ADC_SAR_Seq_1_FinalBuf_dma.c **** *
 126:Generated_Source\PSoC5/ADC_SAR_Seq_1_FinalBuf_dma.c **** *
 127:Generated_Source\PSoC5/ADC_SAR_Seq_1_FinalBuf_dma.c **** * Parameters:
 128:Generated_Source\PSoC5/ADC_SAR_Seq_1_FinalBuf_dma.c **** *   void.
 129:Generated_Source\PSoC5/ADC_SAR_Seq_1_FinalBuf_dma.c **** *
 130:Generated_Source\PSoC5/ADC_SAR_Seq_1_FinalBuf_dma.c **** *
 131:Generated_Source\PSoC5/ADC_SAR_Seq_1_FinalBuf_dma.c **** *
 132:Generated_Source\PSoC5/ADC_SAR_Seq_1_FinalBuf_dma.c **** * Return:
 133:Generated_Source\PSoC5/ADC_SAR_Seq_1_FinalBuf_dma.c **** *   void.
 134:Generated_Source\PSoC5/ADC_SAR_Seq_1_FinalBuf_dma.c **** *
 135:Generated_Source\PSoC5/ADC_SAR_Seq_1_FinalBuf_dma.c **** *******************************************************************/
 136:Generated_Source\PSoC5/ADC_SAR_Seq_1_FinalBuf_dma.c **** void ADC_SAR_Seq_1_FinalBuf_DmaRelease(void) 
 137:Generated_Source\PSoC5/ADC_SAR_Seq_1_FinalBuf_dma.c **** {
 318              		.loc 1 137 0
 319              		.cfi_startproc
 320              		@ args = 0, pretend = 0, frame = 0
 321              		@ frame_needed = 0, uses_anonymous_args = 0
 322              		@ link register save eliminated.
 138:Generated_Source\PSoC5/ADC_SAR_Seq_1_FinalBuf_dma.c ****     /* Disable the channel */
 139:Generated_Source\PSoC5/ADC_SAR_Seq_1_FinalBuf_dma.c ****     (void)CyDmaChDisable(ADC_SAR_Seq_1_FinalBuf_DmaHandle);
 323              		.loc 1 139 0
 324 0000 014B     		ldr	r3, .L6
 325 0002 1878     		ldrb	r0, [r3]	@ zero_extendqisi2
 326 0004 FFF7FEBF 		b	CyDmaChDisable
 327              	.LVL8:
 328              	.L7:
 329              		.align	2
 330              	.L6:
 331 0008 00000000 		.word	.LANCHOR0
 332              		.cfi_endproc
 333              	.LFE1:
 334              		.size	ADC_SAR_Seq_1_FinalBuf_DmaRelease, .-ADC_SAR_Seq_1_FinalBuf_DmaRelease
 335              		.global	ADC_SAR_Seq_1_FinalBuf_DmaHandle
 336              		.data
 337              		.set	.LANCHOR0,. + 0
 338              		.type	ADC_SAR_Seq_1_FinalBuf_DmaHandle, %object
ARM GAS  C:\Users\elias\AppData\Local\Temp\ccFvCYqr.s 			page 20


 339              		.size	ADC_SAR_Seq_1_FinalBuf_DmaHandle, 1
 340              	ADC_SAR_Seq_1_FinalBuf_DmaHandle:
 341 0000 FF       		.byte	-1
 342              		.text
 343              	.Letext0:
 344              		.file 2 "Generated_Source\\PSoC5/cytypes.h"
 345              		.file 3 "Generated_Source\\PSoC5/CYDMAC.H"
 346              		.section	.debug_info,"",%progbits
 347              	.Ldebug_info0:
 348 0000 A6010000 		.4byte	0x1a6
 349 0004 0400     		.2byte	0x4
 350 0006 00000000 		.4byte	.Ldebug_abbrev0
 351 000a 04       		.byte	0x4
 352 000b 01       		.uleb128 0x1
 353 000c D8000000 		.4byte	.LASF24
 354 0010 0C       		.byte	0xc
 355 0011 42000000 		.4byte	.LASF25
 356 0015 91010000 		.4byte	.LASF26
 357 0019 00000000 		.4byte	.Ldebug_ranges0+0
 358 001d 00000000 		.4byte	0
 359 0021 00000000 		.4byte	.Ldebug_line0
 360 0025 02       		.uleb128 0x2
 361 0026 04       		.byte	0x4
 362 0027 05       		.byte	0x5
 363 0028 696E7400 		.ascii	"int\000"
 364 002c 03       		.uleb128 0x3
 365 002d 04       		.byte	0x4
 366 002e 07       		.byte	0x7
 367 002f DF010000 		.4byte	.LASF0
 368 0033 03       		.uleb128 0x3
 369 0034 08       		.byte	0x8
 370 0035 05       		.byte	0x5
 371 0036 1D020000 		.4byte	.LASF1
 372 003a 03       		.uleb128 0x3
 373 003b 08       		.byte	0x8
 374 003c 04       		.byte	0x4
 375 003d 82020000 		.4byte	.LASF2
 376 0041 03       		.uleb128 0x3
 377 0042 01       		.byte	0x1
 378 0043 06       		.byte	0x6
 379 0044 8E020000 		.4byte	.LASF3
 380 0048 03       		.uleb128 0x3
 381 0049 01       		.byte	0x1
 382 004a 08       		.byte	0x8
 383 004b BF000000 		.4byte	.LASF4
 384 004f 03       		.uleb128 0x3
 385 0050 02       		.byte	0x2
 386 0051 05       		.byte	0x5
 387 0052 4A020000 		.4byte	.LASF5
 388 0056 03       		.uleb128 0x3
 389 0057 02       		.byte	0x2
 390 0058 07       		.byte	0x7
 391 0059 2F000000 		.4byte	.LASF6
 392 005d 03       		.uleb128 0x3
 393 005e 04       		.byte	0x4
 394 005f 05       		.byte	0x5
 395 0060 79020000 		.4byte	.LASF7
ARM GAS  C:\Users\elias\AppData\Local\Temp\ccFvCYqr.s 			page 21


 396 0064 03       		.uleb128 0x3
 397 0065 04       		.byte	0x4
 398 0066 07       		.byte	0x7
 399 0067 7F010000 		.4byte	.LASF8
 400 006b 03       		.uleb128 0x3
 401 006c 08       		.byte	0x8
 402 006d 07       		.byte	0x7
 403 006e EC010000 		.4byte	.LASF9
 404 0072 03       		.uleb128 0x3
 405 0073 04       		.byte	0x4
 406 0074 07       		.byte	0x7
 407 0075 14020000 		.4byte	.LASF10
 408 0079 03       		.uleb128 0x3
 409 007a 01       		.byte	0x1
 410 007b 08       		.byte	0x8
 411 007c 45020000 		.4byte	.LASF11
 412 0080 04       		.uleb128 0x4
 413 0081 CB010000 		.4byte	.LASF12
 414 0085 02       		.byte	0x2
 415 0086 E901     		.2byte	0x1e9
 416 0088 48000000 		.4byte	0x48
 417 008c 04       		.uleb128 0x4
 418 008d D8010000 		.4byte	.LASF13
 419 0091 02       		.byte	0x2
 420 0092 EA01     		.2byte	0x1ea
 421 0094 56000000 		.4byte	0x56
 422 0098 03       		.uleb128 0x3
 423 0099 04       		.byte	0x4
 424 009a 04       		.byte	0x4
 425 009b 76000000 		.4byte	.LASF14
 426 009f 03       		.uleb128 0x3
 427 00a0 08       		.byte	0x8
 428 00a1 04       		.byte	0x4
 429 00a2 D1010000 		.4byte	.LASF15
 430 00a6 05       		.uleb128 0x5
 431 00a7 54020000 		.4byte	.LASF27
 432 00ab 01       		.byte	0x1
 433 00ac 61       		.byte	0x61
 434 00ad 80000000 		.4byte	0x80
 435 00b1 00000000 		.4byte	.LFB0
 436 00b5 40000000 		.4byte	.LFE0-.LFB0
 437 00b9 01       		.uleb128 0x1
 438 00ba 9C       		.byte	0x9c
 439 00bb 4D010000 		.4byte	0x14d
 440 00bf 06       		.uleb128 0x6
 441 00c0 CD000000 		.4byte	.LASF16
 442 00c4 01       		.byte	0x1
 443 00c5 61       		.byte	0x61
 444 00c6 80000000 		.4byte	0x80
 445 00ca 00000000 		.4byte	.LLST0
 446 00ce 06       		.uleb128 0x6
 447 00cf 20000000 		.4byte	.LASF17
 448 00d3 01       		.byte	0x1
 449 00d4 61       		.byte	0x61
 450 00d5 80000000 		.4byte	0x80
 451 00d9 21000000 		.4byte	.LLST1
 452 00dd 06       		.uleb128 0x6
ARM GAS  C:\Users\elias\AppData\Local\Temp\ccFvCYqr.s 			page 22


 453 00de 00000000 		.4byte	.LASF18
 454 00e2 01       		.byte	0x1
 455 00e3 61       		.byte	0x61
 456 00e4 8C000000 		.4byte	0x8c
 457 00e8 42000000 		.4byte	.LLST2
 458 00ec 06       		.uleb128 0x6
 459 00ed 03020000 		.4byte	.LASF19
 460 00f1 01       		.byte	0x1
 461 00f2 61       		.byte	0x61
 462 00f3 8C000000 		.4byte	0x8c
 463 00f7 63000000 		.4byte	.LLST3
 464 00fb 07       		.uleb128 0x7
 465 00fc 22000000 		.4byte	.LVL5
 466 0100 7D010000 		.4byte	0x17d
 467 0104 23010000 		.4byte	0x123
 468 0108 08       		.uleb128 0x8
 469 0109 01       		.uleb128 0x1
 470 010a 50       		.byte	0x50
 471 010b 02       		.uleb128 0x2
 472 010c 75       		.byte	0x75
 473 010d 00       		.sleb128 0
 474 010e 08       		.uleb128 0x8
 475 010f 01       		.uleb128 0x1
 476 0110 53       		.byte	0x53
 477 0111 02       		.uleb128 0x2
 478 0112 75       		.byte	0x75
 479 0113 00       		.sleb128 0
 480 0114 08       		.uleb128 0x8
 481 0115 02       		.uleb128 0x2
 482 0116 7D       		.byte	0x7d
 483 0117 00       		.sleb128 0
 484 0118 02       		.uleb128 0x2
 485 0119 76       		.byte	0x76
 486 011a 00       		.sleb128 0
 487 011b 08       		.uleb128 0x8
 488 011c 02       		.uleb128 0x2
 489 011d 7D       		.byte	0x7d
 490 011e 04       		.sleb128 4
 491 011f 02       		.uleb128 0x2
 492 0120 76       		.byte	0x76
 493 0121 00       		.sleb128 0
 494 0122 00       		.byte	0
 495 0123 07       		.uleb128 0x7
 496 0124 2C000000 		.4byte	.LVL6
 497 0128 88010000 		.4byte	0x188
 498 012c 3D010000 		.4byte	0x13d
 499 0130 08       		.uleb128 0x8
 500 0131 01       		.uleb128 0x1
 501 0132 51       		.byte	0x51
 502 0133 02       		.uleb128 0x2
 503 0134 77       		.byte	0x77
 504 0135 00       		.sleb128 0
 505 0136 08       		.uleb128 0x8
 506 0137 01       		.uleb128 0x1
 507 0138 52       		.byte	0x52
 508 0139 02       		.uleb128 0x2
 509 013a 78       		.byte	0x78
ARM GAS  C:\Users\elias\AppData\Local\Temp\ccFvCYqr.s 			page 23


 510 013b 00       		.sleb128 0
 511 013c 00       		.byte	0
 512 013d 09       		.uleb128 0x9
 513 013e 34000000 		.4byte	.LVL7
 514 0142 93010000 		.4byte	0x193
 515 0146 08       		.uleb128 0x8
 516 0147 01       		.uleb128 0x1
 517 0148 51       		.byte	0x51
 518 0149 01       		.uleb128 0x1
 519 014a 32       		.byte	0x32
 520 014b 00       		.byte	0
 521 014c 00       		.byte	0
 522 014d 0A       		.uleb128 0xa
 523 014e 9D000000 		.4byte	.LASF28
 524 0152 01       		.byte	0x1
 525 0153 88       		.byte	0x88
 526 0154 00000000 		.4byte	.LFB1
 527 0158 0C000000 		.4byte	.LFE1-.LFB1
 528 015c 01       		.uleb128 0x1
 529 015d 9C       		.byte	0x9c
 530 015e 6C010000 		.4byte	0x16c
 531 0162 0B       		.uleb128 0xb
 532 0163 08000000 		.4byte	.LVL8
 533 0167 9E010000 		.4byte	0x19e
 534 016b 00       		.byte	0
 535 016c 0C       		.uleb128 0xc
 536 016d 7C000000 		.4byte	.LASF29
 537 0171 01       		.byte	0x1
 538 0172 45       		.byte	0x45
 539 0173 80000000 		.4byte	0x80
 540 0177 05       		.uleb128 0x5
 541 0178 03       		.byte	0x3
 542 0179 00000000 		.4byte	ADC_SAR_Seq_1_FinalBuf_DmaHandle
 543 017d 0D       		.uleb128 0xd
 544 017e A9020000 		.4byte	.LASF20
 545 0182 A9020000 		.4byte	.LASF20
 546 0186 03       		.byte	0x3
 547 0187 33       		.byte	0x33
 548 0188 0D       		.uleb128 0xd
 549 0189 2B020000 		.4byte	.LASF21
 550 018d 2B020000 		.4byte	.LASF21
 551 0191 03       		.byte	0x3
 552 0192 2D       		.byte	0x2d
 553 0193 0D       		.uleb128 0xd
 554 0194 10000000 		.4byte	.LASF22
 555 0198 10000000 		.4byte	.LASF22
 556 019c 03       		.byte	0x3
 557 019d 2C       		.byte	0x2c
 558 019e 0D       		.uleb128 0xd
 559 019f 9A020000 		.4byte	.LASF23
 560 01a3 9A020000 		.4byte	.LASF23
 561 01a7 03       		.byte	0x3
 562 01a8 2A       		.byte	0x2a
 563 01a9 00       		.byte	0
 564              		.section	.debug_abbrev,"",%progbits
 565              	.Ldebug_abbrev0:
 566 0000 01       		.uleb128 0x1
ARM GAS  C:\Users\elias\AppData\Local\Temp\ccFvCYqr.s 			page 24


 567 0001 11       		.uleb128 0x11
 568 0002 01       		.byte	0x1
 569 0003 25       		.uleb128 0x25
 570 0004 0E       		.uleb128 0xe
 571 0005 13       		.uleb128 0x13
 572 0006 0B       		.uleb128 0xb
 573 0007 03       		.uleb128 0x3
 574 0008 0E       		.uleb128 0xe
 575 0009 1B       		.uleb128 0x1b
 576 000a 0E       		.uleb128 0xe
 577 000b 55       		.uleb128 0x55
 578 000c 17       		.uleb128 0x17
 579 000d 11       		.uleb128 0x11
 580 000e 01       		.uleb128 0x1
 581 000f 10       		.uleb128 0x10
 582 0010 17       		.uleb128 0x17
 583 0011 00       		.byte	0
 584 0012 00       		.byte	0
 585 0013 02       		.uleb128 0x2
 586 0014 24       		.uleb128 0x24
 587 0015 00       		.byte	0
 588 0016 0B       		.uleb128 0xb
 589 0017 0B       		.uleb128 0xb
 590 0018 3E       		.uleb128 0x3e
 591 0019 0B       		.uleb128 0xb
 592 001a 03       		.uleb128 0x3
 593 001b 08       		.uleb128 0x8
 594 001c 00       		.byte	0
 595 001d 00       		.byte	0
 596 001e 03       		.uleb128 0x3
 597 001f 24       		.uleb128 0x24
 598 0020 00       		.byte	0
 599 0021 0B       		.uleb128 0xb
 600 0022 0B       		.uleb128 0xb
 601 0023 3E       		.uleb128 0x3e
 602 0024 0B       		.uleb128 0xb
 603 0025 03       		.uleb128 0x3
 604 0026 0E       		.uleb128 0xe
 605 0027 00       		.byte	0
 606 0028 00       		.byte	0
 607 0029 04       		.uleb128 0x4
 608 002a 16       		.uleb128 0x16
 609 002b 00       		.byte	0
 610 002c 03       		.uleb128 0x3
 611 002d 0E       		.uleb128 0xe
 612 002e 3A       		.uleb128 0x3a
 613 002f 0B       		.uleb128 0xb
 614 0030 3B       		.uleb128 0x3b
 615 0031 05       		.uleb128 0x5
 616 0032 49       		.uleb128 0x49
 617 0033 13       		.uleb128 0x13
 618 0034 00       		.byte	0
 619 0035 00       		.byte	0
 620 0036 05       		.uleb128 0x5
 621 0037 2E       		.uleb128 0x2e
 622 0038 01       		.byte	0x1
 623 0039 3F       		.uleb128 0x3f
ARM GAS  C:\Users\elias\AppData\Local\Temp\ccFvCYqr.s 			page 25


 624 003a 19       		.uleb128 0x19
 625 003b 03       		.uleb128 0x3
 626 003c 0E       		.uleb128 0xe
 627 003d 3A       		.uleb128 0x3a
 628 003e 0B       		.uleb128 0xb
 629 003f 3B       		.uleb128 0x3b
 630 0040 0B       		.uleb128 0xb
 631 0041 27       		.uleb128 0x27
 632 0042 19       		.uleb128 0x19
 633 0043 49       		.uleb128 0x49
 634 0044 13       		.uleb128 0x13
 635 0045 11       		.uleb128 0x11
 636 0046 01       		.uleb128 0x1
 637 0047 12       		.uleb128 0x12
 638 0048 06       		.uleb128 0x6
 639 0049 40       		.uleb128 0x40
 640 004a 18       		.uleb128 0x18
 641 004b 9742     		.uleb128 0x2117
 642 004d 19       		.uleb128 0x19
 643 004e 01       		.uleb128 0x1
 644 004f 13       		.uleb128 0x13
 645 0050 00       		.byte	0
 646 0051 00       		.byte	0
 647 0052 06       		.uleb128 0x6
 648 0053 05       		.uleb128 0x5
 649 0054 00       		.byte	0
 650 0055 03       		.uleb128 0x3
 651 0056 0E       		.uleb128 0xe
 652 0057 3A       		.uleb128 0x3a
 653 0058 0B       		.uleb128 0xb
 654 0059 3B       		.uleb128 0x3b
 655 005a 0B       		.uleb128 0xb
 656 005b 49       		.uleb128 0x49
 657 005c 13       		.uleb128 0x13
 658 005d 02       		.uleb128 0x2
 659 005e 17       		.uleb128 0x17
 660 005f 00       		.byte	0
 661 0060 00       		.byte	0
 662 0061 07       		.uleb128 0x7
 663 0062 898201   		.uleb128 0x4109
 664 0065 01       		.byte	0x1
 665 0066 11       		.uleb128 0x11
 666 0067 01       		.uleb128 0x1
 667 0068 31       		.uleb128 0x31
 668 0069 13       		.uleb128 0x13
 669 006a 01       		.uleb128 0x1
 670 006b 13       		.uleb128 0x13
 671 006c 00       		.byte	0
 672 006d 00       		.byte	0
 673 006e 08       		.uleb128 0x8
 674 006f 8A8201   		.uleb128 0x410a
 675 0072 00       		.byte	0
 676 0073 02       		.uleb128 0x2
 677 0074 18       		.uleb128 0x18
 678 0075 9142     		.uleb128 0x2111
 679 0077 18       		.uleb128 0x18
 680 0078 00       		.byte	0
ARM GAS  C:\Users\elias\AppData\Local\Temp\ccFvCYqr.s 			page 26


 681 0079 00       		.byte	0
 682 007a 09       		.uleb128 0x9
 683 007b 898201   		.uleb128 0x4109
 684 007e 01       		.byte	0x1
 685 007f 11       		.uleb128 0x11
 686 0080 01       		.uleb128 0x1
 687 0081 31       		.uleb128 0x31
 688 0082 13       		.uleb128 0x13
 689 0083 00       		.byte	0
 690 0084 00       		.byte	0
 691 0085 0A       		.uleb128 0xa
 692 0086 2E       		.uleb128 0x2e
 693 0087 01       		.byte	0x1
 694 0088 3F       		.uleb128 0x3f
 695 0089 19       		.uleb128 0x19
 696 008a 03       		.uleb128 0x3
 697 008b 0E       		.uleb128 0xe
 698 008c 3A       		.uleb128 0x3a
 699 008d 0B       		.uleb128 0xb
 700 008e 3B       		.uleb128 0x3b
 701 008f 0B       		.uleb128 0xb
 702 0090 27       		.uleb128 0x27
 703 0091 19       		.uleb128 0x19
 704 0092 11       		.uleb128 0x11
 705 0093 01       		.uleb128 0x1
 706 0094 12       		.uleb128 0x12
 707 0095 06       		.uleb128 0x6
 708 0096 40       		.uleb128 0x40
 709 0097 18       		.uleb128 0x18
 710 0098 9742     		.uleb128 0x2117
 711 009a 19       		.uleb128 0x19
 712 009b 01       		.uleb128 0x1
 713 009c 13       		.uleb128 0x13
 714 009d 00       		.byte	0
 715 009e 00       		.byte	0
 716 009f 0B       		.uleb128 0xb
 717 00a0 898201   		.uleb128 0x4109
 718 00a3 00       		.byte	0
 719 00a4 11       		.uleb128 0x11
 720 00a5 01       		.uleb128 0x1
 721 00a6 9542     		.uleb128 0x2115
 722 00a8 19       		.uleb128 0x19
 723 00a9 31       		.uleb128 0x31
 724 00aa 13       		.uleb128 0x13
 725 00ab 00       		.byte	0
 726 00ac 00       		.byte	0
 727 00ad 0C       		.uleb128 0xc
 728 00ae 34       		.uleb128 0x34
 729 00af 00       		.byte	0
 730 00b0 03       		.uleb128 0x3
 731 00b1 0E       		.uleb128 0xe
 732 00b2 3A       		.uleb128 0x3a
 733 00b3 0B       		.uleb128 0xb
 734 00b4 3B       		.uleb128 0x3b
 735 00b5 0B       		.uleb128 0xb
 736 00b6 49       		.uleb128 0x49
 737 00b7 13       		.uleb128 0x13
ARM GAS  C:\Users\elias\AppData\Local\Temp\ccFvCYqr.s 			page 27


 738 00b8 3F       		.uleb128 0x3f
 739 00b9 19       		.uleb128 0x19
 740 00ba 02       		.uleb128 0x2
 741 00bb 18       		.uleb128 0x18
 742 00bc 00       		.byte	0
 743 00bd 00       		.byte	0
 744 00be 0D       		.uleb128 0xd
 745 00bf 2E       		.uleb128 0x2e
 746 00c0 00       		.byte	0
 747 00c1 3F       		.uleb128 0x3f
 748 00c2 19       		.uleb128 0x19
 749 00c3 3C       		.uleb128 0x3c
 750 00c4 19       		.uleb128 0x19
 751 00c5 6E       		.uleb128 0x6e
 752 00c6 0E       		.uleb128 0xe
 753 00c7 03       		.uleb128 0x3
 754 00c8 0E       		.uleb128 0xe
 755 00c9 3A       		.uleb128 0x3a
 756 00ca 0B       		.uleb128 0xb
 757 00cb 3B       		.uleb128 0x3b
 758 00cc 0B       		.uleb128 0xb
 759 00cd 00       		.byte	0
 760 00ce 00       		.byte	0
 761 00cf 00       		.byte	0
 762              		.section	.debug_loc,"",%progbits
 763              	.Ldebug_loc0:
 764              	.LLST0:
 765 0000 00000000 		.4byte	.LVL0
 766 0004 1C000000 		.4byte	.LVL4
 767 0008 0100     		.2byte	0x1
 768 000a 50       		.byte	0x50
 769 000b 1C000000 		.4byte	.LVL4
 770 000f 40000000 		.4byte	.LFE0
 771 0013 0400     		.2byte	0x4
 772 0015 F3       		.byte	0xf3
 773 0016 01       		.uleb128 0x1
 774 0017 50       		.byte	0x50
 775 0018 9F       		.byte	0x9f
 776 0019 00000000 		.4byte	0
 777 001d 00000000 		.4byte	0
 778              	.LLST1:
 779 0021 00000000 		.4byte	.LVL0
 780 0025 18000000 		.4byte	.LVL3
 781 0029 0100     		.2byte	0x1
 782 002b 51       		.byte	0x51
 783 002c 18000000 		.4byte	.LVL3
 784 0030 40000000 		.4byte	.LFE0
 785 0034 0400     		.2byte	0x4
 786 0036 F3       		.byte	0xf3
 787 0037 01       		.uleb128 0x1
 788 0038 51       		.byte	0x51
 789 0039 9F       		.byte	0x9f
 790 003a 00000000 		.4byte	0
 791 003e 00000000 		.4byte	0
 792              	.LLST2:
 793 0042 00000000 		.4byte	.LVL0
 794 0046 14000000 		.4byte	.LVL2
ARM GAS  C:\Users\elias\AppData\Local\Temp\ccFvCYqr.s 			page 28


 795 004a 0100     		.2byte	0x1
 796 004c 52       		.byte	0x52
 797 004d 14000000 		.4byte	.LVL2
 798 0051 40000000 		.4byte	.LFE0
 799 0055 0400     		.2byte	0x4
 800 0057 F3       		.byte	0xf3
 801 0058 01       		.uleb128 0x1
 802 0059 52       		.byte	0x52
 803 005a 9F       		.byte	0x9f
 804 005b 00000000 		.4byte	0
 805 005f 00000000 		.4byte	0
 806              	.LLST3:
 807 0063 00000000 		.4byte	.LVL0
 808 0067 12000000 		.4byte	.LVL1
 809 006b 0100     		.2byte	0x1
 810 006d 53       		.byte	0x53
 811 006e 12000000 		.4byte	.LVL1
 812 0072 40000000 		.4byte	.LFE0
 813 0076 0400     		.2byte	0x4
 814 0078 F3       		.byte	0xf3
 815 0079 01       		.uleb128 0x1
 816 007a 53       		.byte	0x53
 817 007b 9F       		.byte	0x9f
 818 007c 00000000 		.4byte	0
 819 0080 00000000 		.4byte	0
 820              		.section	.debug_aranges,"",%progbits
 821 0000 24000000 		.4byte	0x24
 822 0004 0200     		.2byte	0x2
 823 0006 00000000 		.4byte	.Ldebug_info0
 824 000a 04       		.byte	0x4
 825 000b 00       		.byte	0
 826 000c 0000     		.2byte	0
 827 000e 0000     		.2byte	0
 828 0010 00000000 		.4byte	.LFB0
 829 0014 40000000 		.4byte	.LFE0-.LFB0
 830 0018 00000000 		.4byte	.LFB1
 831 001c 0C000000 		.4byte	.LFE1-.LFB1
 832 0020 00000000 		.4byte	0
 833 0024 00000000 		.4byte	0
 834              		.section	.debug_ranges,"",%progbits
 835              	.Ldebug_ranges0:
 836 0000 00000000 		.4byte	.LFB0
 837 0004 40000000 		.4byte	.LFE0
 838 0008 00000000 		.4byte	.LFB1
 839 000c 0C000000 		.4byte	.LFE1
 840 0010 00000000 		.4byte	0
 841 0014 00000000 		.4byte	0
 842              		.section	.debug_line,"",%progbits
 843              	.Ldebug_line0:
 844 0000 91000000 		.section	.debug_str,"MS",%progbits,1
 844      02006300 
 844      00000201 
 844      FB0E0D00 
 844      01010101 
 845              	.LASF18:
 846 0000 55707065 		.ascii	"UpperSrcAddress\000"
 846      72537263 
ARM GAS  C:\Users\elias\AppData\Local\Temp\ccFvCYqr.s 			page 29


 846      41646472 
 846      65737300 
 847              	.LASF22:
 848 0010 4379446D 		.ascii	"CyDmaChPriority\000"
 848      61436850 
 848      72696F72 
 848      69747900 
 849              	.LASF17:
 850 0020 52657165 		.ascii	"ReqestPerBurst\000"
 850      73745065 
 850      72427572 
 850      737400
 851              	.LASF6:
 852 002f 73686F72 		.ascii	"short unsigned int\000"
 852      7420756E 
 852      7369676E 
 852      65642069 
 852      6E7400
 853              	.LASF25:
 854 0042 47656E65 		.ascii	"Generated_Source\\PSoC5\\ADC_SAR_Seq_1_FinalBuf_dma"
 854      72617465 
 854      645F536F 
 854      75726365 
 854      5C50536F 
 855 0073 2E6300   		.ascii	".c\000"
 856              	.LASF14:
 857 0076 666C6F61 		.ascii	"float\000"
 857      7400
 858              	.LASF29:
 859 007c 4144435F 		.ascii	"ADC_SAR_Seq_1_FinalBuf_DmaHandle\000"
 859      5341525F 
 859      5365715F 
 859      315F4669 
 859      6E616C42 
 860              	.LASF28:
 861 009d 4144435F 		.ascii	"ADC_SAR_Seq_1_FinalBuf_DmaRelease\000"
 861      5341525F 
 861      5365715F 
 861      315F4669 
 861      6E616C42 
 862              	.LASF4:
 863 00bf 756E7369 		.ascii	"unsigned char\000"
 863      676E6564 
 863      20636861 
 863      7200
 864              	.LASF16:
 865 00cd 42757273 		.ascii	"BurstCount\000"
 865      74436F75 
 865      6E7400
 866              	.LASF24:
 867 00d8 474E5520 		.ascii	"GNU C11 5.4.1 20160609 (release) [ARM/embedded-5-br"
 867      43313120 
 867      352E342E 
 867      31203230 
 867      31363036 
 868 010b 616E6368 		.ascii	"anch revision 237715] -mcpu=cortex-m3 -mthumb -g -O"
 868      20726576 
ARM GAS  C:\Users\elias\AppData\Local\Temp\ccFvCYqr.s 			page 30


 868      6973696F 
 868      6E203233 
 868      37373135 
 869 013e 33202D66 		.ascii	"3 -ffunction-sections -ffat-lto-objects -finline-fu"
 869      66756E63 
 869      74696F6E 
 869      2D736563 
 869      74696F6E 
 870 0171 6E637469 		.ascii	"nctions -flto\000"
 870      6F6E7320 
 870      2D666C74 
 870      6F00
 871              	.LASF8:
 872 017f 6C6F6E67 		.ascii	"long unsigned int\000"
 872      20756E73 
 872      69676E65 
 872      6420696E 
 872      7400
 873              	.LASF26:
 874 0191 433A5C47 		.ascii	"C:\\Github\\Tesis\\src\\psoc\\AcondicionamientoAnal"
 874      69746875 
 874      625C5465 
 874      7369735C 
 874      7372635C 
 875 01bf 6F676963 		.ascii	"ogico.cydsn\000"
 875      6F2E6379 
 875      64736E00 
 876              	.LASF12:
 877 01cb 75696E74 		.ascii	"uint8\000"
 877      3800
 878              	.LASF15:
 879 01d1 646F7562 		.ascii	"double\000"
 879      6C6500
 880              	.LASF13:
 881 01d8 75696E74 		.ascii	"uint16\000"
 881      313600
 882              	.LASF0:
 883 01df 756E7369 		.ascii	"unsigned int\000"
 883      676E6564 
 883      20696E74 
 883      00
 884              	.LASF9:
 885 01ec 6C6F6E67 		.ascii	"long long unsigned int\000"
 885      206C6F6E 
 885      6720756E 
 885      7369676E 
 885      65642069 
 886              	.LASF19:
 887 0203 55707065 		.ascii	"UpperDestAddress\000"
 887      72446573 
 887      74416464 
 887      72657373 
 887      00
 888              	.LASF10:
 889 0214 73697A65 		.ascii	"sizetype\000"
 889      74797065 
 889      00
ARM GAS  C:\Users\elias\AppData\Local\Temp\ccFvCYqr.s 			page 31


 890              	.LASF1:
 891 021d 6C6F6E67 		.ascii	"long long int\000"
 891      206C6F6E 
 891      6720696E 
 891      7400
 892              	.LASF21:
 893 022b 4379446D 		.ascii	"CyDmaChSetExtendedAddress\000"
 893      61436853 
 893      65744578 
 893      74656E64 
 893      65644164 
 894              	.LASF11:
 895 0245 63686172 		.ascii	"char\000"
 895      00
 896              	.LASF5:
 897 024a 73686F72 		.ascii	"short int\000"
 897      7420696E 
 897      7400
 898              	.LASF27:
 899 0254 4144435F 		.ascii	"ADC_SAR_Seq_1_FinalBuf_DmaInitialize\000"
 899      5341525F 
 899      5365715F 
 899      315F4669 
 899      6E616C42 
 900              	.LASF7:
 901 0279 6C6F6E67 		.ascii	"long int\000"
 901      20696E74 
 901      00
 902              	.LASF2:
 903 0282 6C6F6E67 		.ascii	"long double\000"
 903      20646F75 
 903      626C6500 
 904              	.LASF3:
 905 028e 7369676E 		.ascii	"signed char\000"
 905      65642063 
 905      68617200 
 906              	.LASF23:
 907 029a 4379446D 		.ascii	"CyDmaChDisable\000"
 907      61436844 
 907      69736162 
 907      6C6500
 908              	.LASF20:
 909 02a9 4379446D 		.ascii	"CyDmaChSetConfiguration\000"
 909      61436853 
 909      6574436F 
 909      6E666967 
 909      75726174 
 910              		.comm	__gnu_lto_v1,1,1
 911              		.ident	"GCC: (GNU Tools for ARM Embedded Processors) 5.4.1 20160609 (release) [ARM/embedded-5-bran
