ARM GAS  C:\Users\elias\AppData\Local\Temp\ccAdMdqV.s 			page 1


   1              		.syntax unified
   2              		.cpu cortex-m3
   3              		.fpu softvfp
   4              		.eabi_attribute 20, 1
   5              		.eabi_attribute 21, 1
   6              		.eabi_attribute 23, 3
   7              		.eabi_attribute 24, 1
   8              		.eabi_attribute 25, 1
   9              		.eabi_attribute 26, 1
  10              		.eabi_attribute 30, 2
  11              		.eabi_attribute 34, 1
  12              		.eabi_attribute 18, 4
  13              		.thumb
  14              		.syntax unified
  15              		.file	"ADC_SAR_Seq_1_SAR_INT.c"
  16              		.text
  17              	.Ltext0:
  18              		.section	.gnu.lto_.profile.fae8ab24,"",%progbits
  19 0000 789C6361 		.ascii	"x\234ca`\004B \000\000\0009\000\007"
  19      60044220 
  19      00000039 
  19      0007
  20              		.text
  21              		.section	.gnu.lto_.icf.fae8ab24,"",%progbits
  22 0000 789C6361 		.ascii	"x\234ca`d\000\001&\006d\000\000\000\236\000\010"
  22      60640001 
  22      26066400 
  22      00009E00 
  22      08
  23              		.text
  24              		.section	.gnu.lto_.jmpfuncs.fae8ab24,"",%progbits
  25 0000 789C6361 		.ascii	"x\234ca`d\000\001&\006d\000\000\000\236\000\010"
  25      60640001 
  25      26066400 
  25      00009E00 
  25      08
  26              		.text
  27              		.section	.gnu.lto_.inline.fae8ab24,"",%progbits
  28 0000 789C6361 		.ascii	"x\234ca`d\000\001&\006d\000\000\000\236\000\010"
  28      60640001 
  28      26066400 
  28      00009E00 
  28      08
  29              		.text
  30              		.section	.gnu.lto_.pureconst.fae8ab24,"",%progbits
  31 0000 789C6361 		.ascii	"x\234ca`\004B \000\000\0009\000\007"
  31      60044220 
  31      00000039 
  31      0007
  32              		.text
  33              		.section	.gnu.lto_.symbol_nodes.fae8ab24,"",%progbits
  34 0000 789C6361 		.ascii	"x\234ca`d`b\000\001\000\000F\000\010"
  34      60646062 
  34      00010000 
  34      460008
  35              		.text
  36              		.section	.gnu.lto_.refs.fae8ab24,"",%progbits
ARM GAS  C:\Users\elias\AppData\Local\Temp\ccAdMdqV.s 			page 2


  37 0000 789C6361 		.ascii	"x\234ca`\004B \000\000\0009\000\007"
  37      60044220 
  37      00000039 
  37      0007
  38              		.text
  39              		.section	.gnu.lto_.decls.fae8ab24,"",%progbits
  40 0000 789C6361 		.ascii	"x\234ca`d\200\001\020K\005\210\377\003\001\210\035\306"
  40      60648001 
  40      104B0588 
  40      FF030188 
  40      1DC6
  41 0012 40000000 		.ascii	"@\000\000\000\260\216\004~"
  41      B08E047E 
  42              		.text
  43              		.section	.gnu.lto_.symtab.fae8ab24,"",%progbits
  44              		.text
  45              		.section	.gnu.lto_.opts,"",%progbits
  46 0000 272D666D 		.ascii	"'-fmath-errno' '-fsigned-zeros' '-ftrapping-math' '"
  46      6174682D 
  46      6572726E 
  46      6F272027 
  46      2D667369 
  47 0033 2D666E6F 		.ascii	"-fno-trapv' '-fno-openmp' '-fno-openacc' '-mcpu=cor"
  47      2D747261 
  47      70762720 
  47      272D666E 
  47      6F2D6F70 
  48 0066 7465782D 		.ascii	"tex-m3' '-mthumb' '-g' '-O3' '-ffunction-sections' "
  48      6D332720 
  48      272D6D74 
  48      68756D62 
  48      2720272D 
  49 0099 272D6666 		.ascii	"'-ffat-lto-objects' '-finline-functions' '-flto'\000"
  49      61742D6C 
  49      746F2D6F 
  49      626A6563 
  49      74732720 
  50              		.text
  51              		.cfi_sections	.debug_frame
  52              	.Letext0:
  53              		.section	.debug_info,"",%progbits
  54              	.Ldebug_info0:
  55 0000 75000000 		.4byte	0x75
  56 0004 0400     		.2byte	0x4
  57 0006 00000000 		.4byte	.Ldebug_abbrev0
  58 000a 04       		.byte	0x4
  59 000b 01       		.uleb128 0x1
  60 000c 14000000 		.4byte	.LASF12
  61 0010 0C       		.byte	0xc
  62 0011 58010000 		.4byte	.LASF13
  63 0015 CD000000 		.4byte	.LASF14
  64 0019 00000000 		.4byte	.Ldebug_line0
  65 001d 02       		.uleb128 0x2
  66 001e 01       		.byte	0x1
  67 001f 06       		.byte	0x6
  68 0020 9A010000 		.4byte	.LASF0
  69 0024 02       		.uleb128 0x2
ARM GAS  C:\Users\elias\AppData\Local\Temp\ccAdMdqV.s 			page 3


  70 0025 01       		.byte	0x1
  71 0026 08       		.byte	0x8
  72 0027 06000000 		.4byte	.LASF1
  73 002b 02       		.uleb128 0x2
  74 002c 02       		.byte	0x2
  75 002d 05       		.byte	0x5
  76 002e 87010000 		.4byte	.LASF2
  77 0032 02       		.uleb128 0x2
  78 0033 02       		.byte	0x2
  79 0034 07       		.byte	0x7
  80 0035 07010000 		.4byte	.LASF3
  81 0039 02       		.uleb128 0x2
  82 003a 04       		.byte	0x4
  83 003b 05       		.byte	0x5
  84 003c 91010000 		.4byte	.LASF4
  85 0040 02       		.uleb128 0x2
  86 0041 04       		.byte	0x4
  87 0042 07       		.byte	0x7
  88 0043 BB000000 		.4byte	.LASF5
  89 0047 02       		.uleb128 0x2
  90 0048 08       		.byte	0x8
  91 0049 05       		.byte	0x5
  92 004a 45010000 		.4byte	.LASF6
  93 004e 02       		.uleb128 0x2
  94 004f 08       		.byte	0x8
  95 0050 07       		.byte	0x7
  96 0051 2E010000 		.4byte	.LASF7
  97 0055 03       		.uleb128 0x3
  98 0056 04       		.byte	0x4
  99 0057 05       		.byte	0x5
 100 0058 696E7400 		.ascii	"int\000"
 101 005c 02       		.uleb128 0x2
 102 005d 04       		.byte	0x4
 103 005e 07       		.byte	0x7
 104 005f 21010000 		.4byte	.LASF8
 105 0063 02       		.uleb128 0x2
 106 0064 04       		.byte	0x4
 107 0065 04       		.byte	0x4
 108 0066 00000000 		.4byte	.LASF9
 109 006a 02       		.uleb128 0x2
 110 006b 08       		.byte	0x8
 111 006c 04       		.byte	0x4
 112 006d 1A010000 		.4byte	.LASF10
 113 0071 02       		.uleb128 0x2
 114 0072 01       		.byte	0x1
 115 0073 08       		.byte	0x8
 116 0074 53010000 		.4byte	.LASF11
 117 0078 00       		.byte	0
 118              		.section	.debug_abbrev,"",%progbits
 119              	.Ldebug_abbrev0:
 120 0000 01       		.uleb128 0x1
 121 0001 11       		.uleb128 0x11
 122 0002 01       		.byte	0x1
 123 0003 25       		.uleb128 0x25
 124 0004 0E       		.uleb128 0xe
 125 0005 13       		.uleb128 0x13
 126 0006 0B       		.uleb128 0xb
ARM GAS  C:\Users\elias\AppData\Local\Temp\ccAdMdqV.s 			page 4


 127 0007 03       		.uleb128 0x3
 128 0008 0E       		.uleb128 0xe
 129 0009 1B       		.uleb128 0x1b
 130 000a 0E       		.uleb128 0xe
 131 000b 10       		.uleb128 0x10
 132 000c 17       		.uleb128 0x17
 133 000d 00       		.byte	0
 134 000e 00       		.byte	0
 135 000f 02       		.uleb128 0x2
 136 0010 24       		.uleb128 0x24
 137 0011 00       		.byte	0
 138 0012 0B       		.uleb128 0xb
 139 0013 0B       		.uleb128 0xb
 140 0014 3E       		.uleb128 0x3e
 141 0015 0B       		.uleb128 0xb
 142 0016 03       		.uleb128 0x3
 143 0017 0E       		.uleb128 0xe
 144 0018 00       		.byte	0
 145 0019 00       		.byte	0
 146 001a 03       		.uleb128 0x3
 147 001b 24       		.uleb128 0x24
 148 001c 00       		.byte	0
 149 001d 0B       		.uleb128 0xb
 150 001e 0B       		.uleb128 0xb
 151 001f 3E       		.uleb128 0x3e
 152 0020 0B       		.uleb128 0xb
 153 0021 03       		.uleb128 0x3
 154 0022 08       		.uleb128 0x8
 155 0023 00       		.byte	0
 156 0024 00       		.byte	0
 157 0025 00       		.byte	0
 158              		.section	.debug_aranges,"",%progbits
 159 0000 14000000 		.4byte	0x14
 160 0004 0200     		.2byte	0x2
 161 0006 00000000 		.4byte	.Ldebug_info0
 162 000a 04       		.byte	0x4
 163 000b 00       		.byte	0
 164 000c 0000     		.2byte	0
 165 000e 0000     		.2byte	0
 166 0010 00000000 		.4byte	0
 167 0014 00000000 		.4byte	0
 168              		.section	.debug_line,"",%progbits
 169              	.Ldebug_line0:
 170 0000 19000000 		.section	.debug_str,"MS",%progbits,1
 170      02001300 
 170      00000201 
 170      FB0E0D00 
 170      01010101 
 171              	.LASF9:
 172 0000 666C6F61 		.ascii	"float\000"
 172      7400
 173              	.LASF1:
 174 0006 756E7369 		.ascii	"unsigned char\000"
 174      676E6564 
 174      20636861 
 174      7200
 175              	.LASF12:
ARM GAS  C:\Users\elias\AppData\Local\Temp\ccAdMdqV.s 			page 5


 176 0014 474E5520 		.ascii	"GNU C11 5.4.1 20160609 (release) [ARM/embedded-5-br"
 176      43313120 
 176      352E342E 
 176      31203230 
 176      31363036 
 177 0047 616E6368 		.ascii	"anch revision 237715] -mcpu=cortex-m3 -mthumb -g -O"
 177      20726576 
 177      6973696F 
 177      6E203233 
 177      37373135 
 178 007a 33202D66 		.ascii	"3 -ffunction-sections -ffat-lto-objects -finline-fu"
 178      66756E63 
 178      74696F6E 
 178      2D736563 
 178      74696F6E 
 179 00ad 6E637469 		.ascii	"nctions -flto\000"
 179      6F6E7320 
 179      2D666C74 
 179      6F00
 180              	.LASF5:
 181 00bb 6C6F6E67 		.ascii	"long unsigned int\000"
 181      20756E73 
 181      69676E65 
 181      6420696E 
 181      7400
 182              	.LASF14:
 183 00cd 433A5C47 		.ascii	"C:\\Github\\Tesis\\src\\psoc\\AcondicionamientoAnal"
 183      69746875 
 183      625C5465 
 183      7369735C 
 183      7372635C 
 184 00fb 6F676963 		.ascii	"ogico.cydsn\000"
 184      6F2E6379 
 184      64736E00 
 185              	.LASF3:
 186 0107 73686F72 		.ascii	"short unsigned int\000"
 186      7420756E 
 186      7369676E 
 186      65642069 
 186      6E7400
 187              	.LASF10:
 188 011a 646F7562 		.ascii	"double\000"
 188      6C6500
 189              	.LASF8:
 190 0121 756E7369 		.ascii	"unsigned int\000"
 190      676E6564 
 190      20696E74 
 190      00
 191              	.LASF7:
 192 012e 6C6F6E67 		.ascii	"long long unsigned int\000"
 192      206C6F6E 
 192      6720756E 
 192      7369676E 
 192      65642069 
 193              	.LASF6:
 194 0145 6C6F6E67 		.ascii	"long long int\000"
 194      206C6F6E 
ARM GAS  C:\Users\elias\AppData\Local\Temp\ccAdMdqV.s 			page 6


 194      6720696E 
 194      7400
 195              	.LASF11:
 196 0153 63686172 		.ascii	"char\000"
 196      00
 197              	.LASF13:
 198 0158 47656E65 		.ascii	"Generated_Source\\PSoC5\\ADC_SAR_Seq_1_SAR_INT.c\000"
 198      72617465 
 198      645F536F 
 198      75726365 
 198      5C50536F 
 199              	.LASF2:
 200 0187 73686F72 		.ascii	"short int\000"
 200      7420696E 
 200      7400
 201              	.LASF4:
 202 0191 6C6F6E67 		.ascii	"long int\000"
 202      20696E74 
 202      00
 203              	.LASF0:
 204 019a 7369676E 		.ascii	"signed char\000"
 204      65642063 
 204      68617200 
 205              		.comm	__gnu_lto_v1,1,1
 206              		.ident	"GCC: (GNU Tools for ARM Embedded Processors) 5.4.1 20160609 (release) [ARM/embedded-5-bran
