ARM GAS  C:\Users\elias\AppData\Local\Temp\cc0UgIox.s 			page 1


   1              		.syntax unified
   2              		.cpu cortex-m3
   3              		.fpu softvfp
   4              		.eabi_attribute 20, 1
   5              		.eabi_attribute 21, 1
   6              		.eabi_attribute 23, 3
   7              		.eabi_attribute 24, 1
   8              		.eabi_attribute 25, 1
   9              		.eabi_attribute 26, 1
  10              		.eabi_attribute 30, 2
  11              		.eabi_attribute 34, 1
  12              		.eabi_attribute 18, 4
  13              		.thumb
  14              		.syntax unified
  15              		.file	"cfg_PM.c"
  16              		.text
  17              	.Ltext0:
  18              		.section	.gnu.lto_.profile.4d82b5ae,"",%progbits
  19 0000 789C6361 		.ascii	"x\234ca`d`a`\000\222\002<\000\000\226\000'"
  19      60646061 
  19      60009202 
  19      3C000096 
  19      0027
  20              		.text
  21              		.section	.gnu.lto_.icf.4d82b5ae,"",%progbits
  22 0000 789C6361 		.ascii	"x\234ca`d\000\001\005\006\004`ex\364\366\364$v\306c"
  22      60640001 
  22      05060460 
  22      6578F4F6 
  22      F42476C6 
  23 0015 57DBBEF2 		.ascii	"W\333\276\3621]\357\277\375\223\225\031,\302\002f3\000"
  23      315DEFBF 
  23      FD939519 
  23      2CC20266 
  23      3300
  24 0027 000F6310 		.ascii	"\000\017c\020="
  24      3D
  25              		.text
  26              		.section	.gnu.lto_.jmpfuncs.4d82b5ae,"",%progbits
  27 0000 789C6361 		.ascii	"x\234ca`d\000\001>\006\004`\001b&\006\006f\010\013\000"
  27      60640001 
  27      3E060460 
  27      01622606 
  27      0666080B 
  28 0015 02A70021 		.ascii	"\002\247\000!"
  29              		.text
  30              		.section	.gnu.lto_.inline.4d82b5ae,"",%progbits
  31 0000 789C6361 		.ascii	"x\234ca`d\000\001?\006\004`a``ead`bY \317\300\266@\236"
  31      60640001 
  31      3F060460 
  31      61606065 
  31      61646062 
  32 001b 0924C684 		.ascii	"\011$\306\204)\304\214)\304\202)\304\000\000\024\272"
  32      29C48C29 
  32      C48229C4 
  32      000014BA 
  33 002b 06B9     		.ascii	"\006\271"
ARM GAS  C:\Users\elias\AppData\Local\Temp\cc0UgIox.s 			page 2


  34              		.text
  35              		.section	.gnu.lto_.pureconst.4d82b5ae,"",%progbits
  36 0000 789C6361 		.ascii	"x\234ca`d\340d```a\220b\222b\226b\221\002\000\002\275"
  36      6064E064 
  36      60606061 
  36      90629262 
  36      96629102 
  37 0017 0084     		.ascii	"\000\204"
  38              		.text
  39              		.section	.gnu.lto_cfg_SaveConfig.4d82b5ae,"",%progbits
  40 0000 789C4D50 		.ascii	"x\234MP=H\202Q\024}\347\275\317\037\202\260=\011is\311"
  40      3D488251 
  40      147DE7BD 
  40      CF1F82B0 
  40      3D096973 
  41 0015 A9B9A1A1 		.ascii	"\251\271\241\241\226@r\015$\354\253-Aj\366\371\363Q"
  41      9640720D 
  41      24ECAB2D 
  41      416AF6F9 
  41      F351
  42 0027 36444B6E 		.ascii	"6DKn\345\250\375\230EC\271}IK\0219\345P\020\025\341"
  42      E5A8FD98 
  42      4543B97D 
  42      494B1139 
  42      E5501015 
  43 003c 20050609 		.ascii	" \005\006\011\021\250\335\373\271t\341q\337;\367\274"
  43      11A8DDFB 
  43      B974E171 
  43      DF3BF7BC 
  44 004c 73EEBD86 		.ascii	"s\356\275\206\200\340\230\2454Ny\224\016\224\200\334"
  44      80E098A5 
  44      344E7994 
  44      0E9480DC 
  45 005c B91722E5 		.ascii	"\271\027\"\345\225\000_\264\027\")\221DGv%j\033\315"
  45      95005FB4 
  45      17222991 
  45      44477625 
  45      6A1BCD
  46 006f AA0C1635 		.ascii	"\252\014\0265\305\213\225W\272d\303RB\364\245\243$P"
  46      C58B9557 
  46      BA64C352 
  46      42F4A5A3 
  46      2450
  47 0081 445010ED 		.ascii	"DP\020\355\355\254\267;\354\3162-0(\242\0047\333U\346"
  47      EDACB73B 
  47      ECCE322D 
  47      3028A204 
  47      37DB55E6 
  48 0095 6DDDEF67 		.ascii	"m\335\357g\264}\356\372\224\206\024\226\"\264M\014\366"
  48      B47DEEFA 
  48      94861496 
  48      22B44D0C 
  48      F6
  49 00a6 FA9292B3 		.ascii	"\372\222\222\263j\242\366\273\325\350x\370SF\261o\336"
  49      6AA2F6BB 
  49      D5E878F8 
  49      5346B16F 
ARM GAS  C:\Users\elias\AppData\Local\Temp\cc0UgIox.s 			page 3


  49      DE
  50 00b7 AAD53DDF 		.ascii	"\252\325=\337\322R\022\254_\277\331\177\366\015\236"
  50      D25212AC 
  50      5FBFD97F 
  50      F60D9E
  51 00c6 3FB7296D 		.ascii	"?\267)m\020\364\330\270z\367\025\260\227\312RG\012\207"
  51      10F4D8B8 
  51      7AF715B0 
  51      97CA5247 
  51      0A87
  52 00d8 F0E3007E 		.ascii	"\360\343\000~2>B\001\242\211t\376u\214\365\376\213\031"
  52      323E4201 
  52      A28974FE 
  52      758CF5FE 
  52      8B19
  53 00ea 8E58B5FA 		.ascii	"\216X\265\372\361\344Iv\365\246\326#\204\345h\036\206"
  53      F1E44976 
  53      F5A6D623 
  53      84E5681E 
  53      86
  54 00fb 5B770FD7 		.ascii	"[w\017\327C,\250\035\334\2052-\341\230%\251\270}y\232"
  54      432CA81D 
  54      DC85322D 
  54      E19825A9 
  54      B87D799A 
  55 010f F386CA3C 		.ascii	"\363\206\312<\240\236\262\224\033'\344\322s\266\200"
  55      A09EB294 
  55      1B27E4D2 
  55      73B680
  56 011e 0A42D4B4 		.ascii	"\012B\324\264h!m_\270\330\322YM\233:\247\331\210\022"
  56      68216D5F 
  56      B8D8D259 
  56      4D9B3AA7 
  56      D98812
  57 0131 983157CD 		.ascii	"\2301W\315\304\342\232\271\024\215\304\327\0231s!\034"
  57      C4E29AB9 
  57      148DC4D7 
  57      13317321 
  57      1C
  58 0142 894F4F2E 		.ascii	"\211OO.\304\226W\242\341\271\211\230\370\003\247\330"
  58      C49657A2 
  58      E1B98998 
  58      F803A7D8 
  59 0152 7F79     		.ascii	"\177y"
  60              		.text
  61              		.section	.gnu.lto_cfg_backup.4d82b5ae,"",%progbits
  62 0000 789C6361 		.ascii	"x\234ca`d\000\001] \206\260\030\030\37621\256\177\263"
  62      60640001 
  62      5D2086B0 
  62      1818FE32 
  62      31AE7FB3 
  63 0014 F327EF17 		.ascii	"\363'\357\027\246Vf\240 \220\273sn\373m>\213m\015\035"
  63      A65666A0 
  63      2090BB73 
  63      6EFB6D3E 
  63      8B6D0D1D 
  64 0028 0B1A045A 		.ascii	"\013\032\004Z\231\031\377110.g\224a`\\\301h\301\000"
ARM GAS  C:\Users\elias\AppData\Local\Temp\cc0UgIox.s 			page 4


  64      9919FF31 
  64      31302E67 
  64      9461605C 
  64      C168C100 
  65 003c 00C3A010 		.ascii	"\000\303\240\020)"
  65      29
  66              		.text
  67              		.section	.gnu.lto_cfg_RestoreConfig.4d82b5ae,"",%progbits
  68 0000 789C4D90 		.ascii	"x\234M\220=H\202Q\024\206\317{\357\347\017\221\330\322"
  68      3D488251 
  68      1486CF7B 
  68      EFE70F91 
  68      D8D2
  69 0012 9483B439 		.ascii	"\224\203\2649\224SkKQS \271\012\022\366\325\226 5{\375"
  69      94536B4B 
  69      515320B9 
  69      0A12F6D5 
  69      9620357B 
  70 0027 F92897A8 		.ascii	"\371(\227\250!\267\022\207\320~\255-[2i)\"\247\032\012"
  70      21B71287 
  70      D07EAD2D 
  70      5B326929 
  70      22A71A0A 
  71 003b 22221CA4 		.ascii	"\"\"\034\244A\241\240E\355\334\257\245\003\227s\357"
  71      41A1A045 
  71      EDDCAFA5 
  71      039773EF 
  72 004b 7BCE3DCF 		.ascii	"{\316=\317{\257A \035\323\234F9\217\360\202$\210\255"
  72      7BAF4120 
  72      1DD39C46 
  72      398FF082 
  72      2488AD
  73 005e 07A2945B 		.ascii	"\007\242\224[\000z\243\334\240\244@\022\337\242+P_o"
  73      007AA3DC 
  73      A0A44012 
  73      DFA22B50 
  73      5F6F
  74 0070 5645A0A4 		.ascii	"VE\240\2448\336\366\013R\225k\260$Q_\330\223\010%\004"
  74      38DEF60B 
  74      52956BB0 
  74      24515FD8 
  74      93082504 
  75 0084 88DBDECF 		.ascii	"\210\333\336\317{;\036gV\267\371\377\212(\303\251q\225"
  75      7B3B1E67 
  75      56B7F9FF 
  75      8A28C3A9 
  75      7195
  76 0096 F99AEAF7 		.ascii	"\371\232\352\3673\252\326u\024\007\015A\226d\265\315"
  76      33AAD675 
  76      14070D41 
  76      9664B5CD 
  77 00a6 1D9AD511 		.ascii	"\035\232\325\021Bg\331D\372\262s5\251\357d\244\306\346"
  77      4267D944 
  77      FAB27335 
  77      A9EF64A4 
  77      C6E6
  78 00b8 AD7AC3F5 		.ascii	"\255z\303\365%,)\240\307W\253\237/\256dWm(5\304Z\216"
ARM GAS  C:\Users\elias\AppData\Local\Temp\cc0UgIox.s 			page 5


  78      252C29A0 
  78      C757AB9F 
  78      2FAE6457 
  78      6D2835C4 
  79 00ce 1D68B975 		.ascii	"\035h\271u\377x3P\300nJ\331\272\304!\333>\200\317.n"
  79      FF783350 
  79      C06E4AD9 
  79      BAC421DB 
  79      3E80CF2E 
  80 00e3 5E9CE5DC 		.ascii	"^\234\345\334\3011K\0328B\001=\3331\216\021\244&\352"
  80      C1314B1A 
  80      3842013D 
  80      DB318E11 
  80      A426EA
  81 00f6 F9E2B086 		.ascii	"\371\342\260\206\375'9lR\343v\357\325\373w\374\271K"
  81      FD27396C 
  81      52E376EF 
  81      D5FB77FC 
  81      B94B
  82 0108 2983A5E7 		.ascii	")\203\245\347\247\353\017\257\246d\231\343\261\244\023"
  82      A7EB0FAF 
  82      A66499E3 
  82      B1A413
  83 0117 A7F0E144 		.ascii	"\247\360\341DcP\341\311\354\230ZH\327\266g\364H\373"
  83      6350E1C9 
  83      EC985A48 
  83      D7B667F4 
  83      48FB
  84 0129 5BDA6C9B 		.ascii	"[\332l\233\337\305H\377\254\271b&\026V\315\305h8\276"
  84      DFC548FF 
  84      ACB96226 
  84      1656CDC5 
  84      6838BE
  85 013c 96889991 		.ascii	"\226\210\231\221P8>5\021\211--GCs\3431\372\005h(}\031"
  85      50383E35 
  85      11892D2D 
  85      474373E3 
  85      31FA0568 
  86              		.text
  87              		.section	.gnu.lto_cfg_Sleep.4d82b5ae,"",%progbits
  88 0000 789C6590 		.ascii	"x\234e\220=HBQ\024\307\357\377\336\347S\202\260=\007"
  88      3D484251 
  88      14C7EFFF 
  88      DEE75382 
  88      B03D07
  89 0013 6973C996 		.ascii	"is\311\226\306h\010j\012$WA\302\254-Aj\366\372\361("
  89      C668086A 
  89      0A245741 
  89      C2AC2D41 
  89      6AF6FAF1 
  90 0028 83A225B7 		.ascii	"\203\242%\267r\012\355\303\324-7\225\226\"rR\372\200"
  90      720AEDC3 
  90      D42D3795 
  90      96227252 
  90      FA80
  91 003a 88080769 		.ascii	"\210\010\007i0H\210@_\347>\227\242\013\227\363\3569"
  91      30488840 
ARM GAS  C:\Users\elias\AppData\Local\Temp\cc0UgIox.s 			page 6


  91      5FE73E97 
  91      A20B97F3 
  91      EE39
  92 004c FFF7FB9F 		.ascii	"\377\367\373\237s4\006\246\216\2440Aq\234.\004\003\337"
  92      733406A6 
  92      8EA43041 
  92      719C2E04 
  92      03DF
  93 005e BF632CEE 		.ascii	"\277c,\356\340\200\372\220\016\260\030G\014=\336\347"
  93      E080FA90 
  93      0EB01847 
  93      0C3DDEE7 
  94 006e A86FB52B 		.ascii	"\250o\265+\334\223\223t^\216;S2_\205!\0303\271Eb\310"
  94      DC939374 
  94      5E8E3B53 
  94      325F8521 
  94      1833B945 
  95 0084 C1C348F6 		.ascii	"\301\303H\366Z\036\034\214\352)%s\017\213\310CWv\305"
  95      5A1E1C8C 
  95      EA292573 
  95      0F8BC843 
  95      5776C5
  96 0097 A5AA34CD 		.ascii	"\245\2524\315\244\2546\365\332\275\256\011f\010JwI\242"
  96      A4AC36F5 
  96      DABDAE09 
  96      66084A77 
  96      49A2
  97 00a9 CC3E3857 		.ascii	"\314>8WQ\264Q\377\336i\365\354\177Q\262\270k\263@&\307"
  97      51B451FF 
  97      DE69F5EC 
  97      7F51B2B8 
  97      6BB34026 
  98 00be 3F179C40 		.ascii	"?\027\234@'\233S\350I!\250\2301\352\015\373'7\304P\333"
  98      279B53E8 
  98      4921A898 
  98      31EA0DFB 
  98      2737C450 
  99 00d3 B83E7A76 		.ascii	"\270>zv\016\237_7q\251Q\352\261U{sfq\030O\305\345\230"
  99      0E9F5F37 
  99      71A951EA 
  99      B1557B73 
  99      6671184F 
 100 00ea 2104CEE1 		.ascii	"!\004\316\341\302\031\\D) \013\326F\"S.\314(\344o\236"
 100      C2195C44 
 100      29200BD6 
 100      4622532E 
 100      CC28E46F 
 101 00ff 66F12A95 		.ascii	"f\361*\225\367'{\254/\267\245\372WK\323\022T\272s\333"
 101      F7277BAC 
 101      2FB7A5FA 
 101      574BD312 
 101      54BA73DB 
 102 0113 BC1A514C 		.ascii	"\274\032QLi\345m(\322\346.\024\223\212{\227\245\264"
 102      69E56D28 
 102      D2E62E14 
 102      938A7B97 
 102      A5B4
ARM GAS  C:\Users\elias\AppData\Local\Temp\cc0UgIox.s 			page 7


 103 0125 C35BB046 		.ascii	"\303[\260F\2315\204\216\022\331\014ht\253w\224\341\245"
 103      9935848E 
 103      12D90C68 
 103      74AB7794 
 103      E1A5
 104 0137 D6590789 		.ascii	"\326Y\007\211\352\303\274\032\323Zi\227\372\247\225"
 104      EAC3BC1A 
 104      D35A6997 
 104      FAA795
 105 0146 90CABD10 		.ascii	"\220\312\275\020^\017G\2277\302+A\177d3\032\012\007"
 105      5E0F4797 
 105      37C22B41 
 105      7F64331A 
 105      0A07
 106 0158 7CFEC8DC 		.ascii	"|\376\310\334t \264\272\026\364-N\206\330\017)_\225"
 106      7420B4BA 
 106      16F42D4E 
 106      86D80F29 
 106      5F95
 107 016a B8       		.ascii	"\270"
 108              		.text
 109              		.section	.gnu.lto_cfg_Wakeup.4d82b5ae,"",%progbits
 110 0000 789C6590 		.ascii	"x\234e\220?HBQ\024\306\357w\257\276'A\330\322\224\203"
 110      3F484251 
 110      14C6EF77 
 110      AFBE2741 
 110      D8D29483 
 111 0014 B4B9644B 		.ascii	"\264\271dKkKCS \271\012\022fm\011R\263\327\177\224\213"
 111      6B4B4353 
 111      20B90A12 
 111      666D0952 
 111      B3D77F94 
 112 0029 B4E466D2 		.ascii	"\264\344f\322\020\332\037S\267l\361)-E\344TCAD\204\203"
 112      10DA1F53 
 112      B76CF129 
 112      2D45E454 
 112      43414484 
 113 003e 342815D4 		.ascii	"4(\025\324\240\257s\237K\321\201\313\271\367;\207\357"
 113      A0AF739F 
 113      4BD181CB 
 113      B9F73B87 
 113      EF
 114 004f 77CEB531 		.ascii	"w\316\26510\025\222\3224\345):\020\014|\367\226\261"
 114      301592D2 
 114      34E5293A 
 114      100C7CF7 
 114      96B1
 115 0061 B88303EA 		.ascii	"\270\203\003\352\"\035`1\216\030>\371\200\243\265\335"
 115      221D6031 
 115      8E183EF9 
 115      80A3B5DD 
 116 0071 A9734F51 		.ascii	"\251sOQR<\037\276\317\312\222\201\264`\314\344\226\023"
 116      523C1FBE 
 116      CFCA9281 
 116      B460CCE4 
 116      9613
 117 0083 43111E46 		.ascii	"C\021\036Fm/\265\341\336\270\226Rm\356Q\021%h\012WY"
ARM GAS  C:\Users\elias\AppData\Local\Temp\cc0UgIox.s 			page 8


 117      6D2FB5E1 
 117      DEB89652 
 117      6DEE5111 
 117      25680A57 
 118 0098 36A46926 		.ascii	"6\244i&\245\221\327\233U\335&XZ\220\334\243\026\005"
 118      A591D79B 
 118      55DD2658 
 118      5A90DCA3 
 118      1605
 119 00aa EB73AEB2 		.ascii	"\353s\256\262\350 q\321o\314\377u\222\215\254\335\362"
 119      E82071D1 
 119      6FCCFF75 
 119      928DACDD 
 119      F2
 120 00bb 3139FE41 		.ascii	"19\376Ap\004\215(\307\320\222BP1\227n\265\365\017\236"
 120      70048D28 
 120      C7D09242 
 120      5031976E 
 120      B5F50F9E 
 121 00cf 16A3DE7A 		.ascii	"\026\243\336z\375\355Q\217\015\344\216\224\023\244e"
 121      FDED518F 
 121      0DE48E94 
 121      13A465
 122 00de 68662577 		.ascii	"hf%wo\356.\307\012\310\307\245\245\013\234\322\242'"
 122      6FEE2EC7 
 122      0AC8C7A5 
 122      A50B9CD2 
 122      A227
 123 00f0 7059C5EC 		.ascii	"pY\305\354y5\343\360\226\225\277a~\323\2366\224Q\300"
 123      7935E3F0 
 123      9695BF61 
 123      7ED39E36 
 123      9451C0
 124 0103 9066B568 		.ascii	"\220f\265h8\203\227u\320\312\035L*\356o\250\335\202"
 124      38839775 
 124      D0CA1D4C 
 124      2AEE6FA8 
 124      DD82
 125 0115 B6AFF69F 		.ascii	"\266\257\366\237\234\243\347\327u\\\332Hz\270o\276:"
 125      9CA3E7D7 
 125      755CDA48 
 125      7AB86FBE 
 125      3A
 126 0126 15301557 		.ascii	"\0250\025W@\015U\270PQ@\324\310\233fg]$\214\332\242"
 126      400D55B8 
 126      505140D4 
 126      C89B6667 
 126      5D248CDA 
 127 013b DAD3FAD2 		.ascii	"\332\323\372\322\036-@_BP\367bx#\034]\331\014\257\006"
 127      1E2D405F 
 127      4250F762 
 127      78231C5D 
 127      D90CAF06 
 128 014f FD91AD68 		.ascii	"\375\221\255h(\034\360\371#\013s\201\320\332z\320\267"
 128      281CF0F9 
 128      230B7381 
 128      D0DA7AD0 
ARM GAS  C:\Users\elias\AppData\Local\Temp\cc0UgIox.s 			page 9


 128      B7
 129 0160 3413623F 		.ascii	"4\023b?\"\033\225\265"
 129      221B95B5 
 130              		.text
 131              		.section	.gnu.lto_.symbol_nodes.4d82b5ae,"",%progbits
 132 0000 789C5589 		.ascii	"x\234U\2111\021\000 \014\304\322/\030\300\001\206\260"
 132      31110020 
 132      0CC4D22F 
 132      18C00186 
 132      B0
 133 0011 5424A007 		.ascii	"T$\240\007\021h\242k\263\344.i\030\213D\026p\036\244"
 133      1168A26B 
 133      B3E42E69 
 133      188B4416 
 133      701EA4
 134 0024 EE9ED061 		.ascii	"\356\236\320a\017p)\254\014y\250\206\026^\002\037l["
 134      0F7029AC 
 134      0C79A886 
 134      165E021F 
 134      6C5B
 135 0036 0FE2     		.ascii	"\017\342"
 136              		.text
 137              		.section	.gnu.lto_.refs.4d82b5ae,"",%progbits
 138 0000 789C6361 		.ascii	"x\234ca`d\020e`\000\222\214\214L\214L@\222\221\031\304"
 138      60641065 
 138      6000928C 
 138      8C4C8C4C 
 138      40929119 
 139 0015 6201B218 		.ascii	"b\001\262\030\000\003\303\0004"
 139      0003C300 
 139      34
 140              		.text
 141              		.section	.gnu.lto_.decls.4d82b5ae,"",%progbits
 142 0000 789C9593 		.ascii	"x\234\225\223}H\024Q\020\300\337\354\256w\266\235F\031"
 142      7D481451 
 142      10C0DFEC 
 142      AE77B69D 
 142      4619
 143 0012 E11F175C 		.ascii	"\341\037\027\\\221t\375cY\004B\377T\007\025D!\235\026"
 143      9174FD63 
 143      590442FF 
 143      54071544 
 143      219D16
 144 0025 41207AAD 		.ascii	"A z\255\026\231g\347\031\330_\317\217(+*%\013-\350\213"
 144      169967E7 
 144      19D85FCF 
 144      8F282B2A 
 144      250B2DE8 
 145 003a 4A4B3D4D 		.ascii	"JK=M\373\376\272\276\264B)\013\214\012\353\324(\004"
 145      FBFEBABE 
 145      B442290B 
 145      8C0AEBD4 
 145      2804
 146 004c 83A2240C 		.ascii	"\203\242$\014\354\232\367\366m{\305\035\324p\263;s;"
 146      EC9AF7F6 
 146      6D7BC51D 
 146      D470B33B 
ARM GAS  C:\Users\elias\AppData\Local\Temp\cc0UgIox.s 			page 10


 146      733B
 147 005e F39B796F 		.ascii	"\363\233yo\336S\010\020&\2268B\372\360\275\017\3350"
 147      DE530810 
 147      26963842 
 147      FAF0BD0F 
 147      DD30
 148 0070 8A05EDB5 		.ascii	"\212\005\355\265\304\024\005\265\0315\200\332\206\332"
 148      C41405B5 
 148      193580DA 
 148      86DA
 149 007e 8ECA32EF 		.ascii	"\216\3122\357\222?\205\305XE\256\035\265\023\365\001"
 149      923F85C5 
 149      5845AE1D 
 149      B513F501 
 150 008e 6A176A10 		.ascii	"j\027j\020\365\272\310\273!\336\31518\314\227\004#\030"
 150      F5BAC8BB 
 150      21DECD31 
 150      38CC9704 
 150      2318
 151 00a0 91134D02 		.ascii	"\221\023M\002\177\325\214\254e\324\217\254\031\210Q"
 151      7FD58CAC 
 151      65D48FAC 
 151      198851
 152 00af B3ED3F7A 		.ascii	"\263\355?z\227D|\254\376\333\377\243'I\304\307\352k"
 152      97447CAC 
 152      FEDBFFA3 
 152      2749C4C7 
 152      EA6B
 153 00c1 5C82F0F1 		.ascii	"\\\202\360\361\216\003\361o\340\025\310D\014\214\000"
 153      8E03F16F 
 153      E015C844 
 153      0C8C00
 154 00d0 E84FE04A 		.ascii	"\350O\340Jt\345.\032\022\321\015\343\257\337BD\210d"
 154      74E52E1A 
 154      12D10DE3 
 154      AFDF4244 
 154      8864
 155 00e2 98268CFF 		.ascii	"\230&\214\377D>\204\015\341\020\223\016\"I\367E2\021"
 155      443E840D 
 155      E110930E 
 155      2249F745 
 155      3211
 156 00f4 49209905 		.ascii	"I \231\005@w\215\214\010\336_\035\031=\033e\370v\360"
 156      40778D8C 
 156      08DE5F1D 
 156      193D1B65 
 156      F876F0
 157 0107 450FBEA8 		.ascii	"E\017\276\250\031\226d\011\230\375n\254aYj\023E9H\251"
 157      19966409 
 157      98FD6EAC 
 157      61596A13 
 157      453948A9 
 158 011b 34C7DC99 		.ascii	"4\307\334\231\336\312\326c\3627\011\246\250\240\240"
 158      DECAD663 
 158      F23709A6 
 158      A8A0A0
 159 012a FBA5A77E 		.ascii	"\373\245\247~(\021\335\251*8\320\035\177|\264^J>\314"
ARM GAS  C:\Users\elias\AppData\Local\Temp\cc0UgIox.s 			page 11


 159      2811DDA9 
 159      2A38D01D 
 159      7F7CB45E 
 159      4A3ECC
 160 013d F32AA843 		.ascii	"\363*\250C\201\265\323\340\002\330\341<\340P\240\011"
 160      81B5D3E0 
 160      02D8E13C 
 160      E050A009 
 161 014d 92F199AB 		.ascii	"\222\361\231\253\350\244\307\237z\357O\232y\202\206"
 161      E8A4C79F 
 161      7AEF4F9A 
 161      798286
 162 015c 5A696834 		.ascii	"Zih44\277\216\006+)-\223X\0244\200\014\215\220\312\232"
 162      34BF8E06 
 162      2B292D93 
 162      58143480 
 162      0C8D90CA 
 163 0171 6C603320 		.ascii	"l`3 p\016\336`\277\3150\0233\217\374\030_ /\342}\216"
 163      700EDE60 
 163      BFCD3013 
 163      338FFC18 
 163      5F202FE2 
 164 0187 FCBCFD41 		.ascii	"\374\274\375A\321!\301\037\032\255\242\264\\\341\204"
 164      D121C11F 
 164      1AADA2B4 
 164      5CE184
 165 0196 1693D012 		.ascii	"\026\223\320\022I\010p\302\316\201`\257U^\305\021=\201"
 165      490870C2 
 165      CE8160AF 
 165      555EC511 
 165      3D81
 166 01a8 8EAA0444 		.ascii	"\216\252\004D\234@\304\363N\033=XF\351b\316h5\031\255"
 166      9C40C4F3 
 166      4E1B3D58 
 166      46E962CE 
 166      683519AD 
 167 01bc 918C36CE 		.ascii	"\221\2146\316\240\203U\337\255\362:\316\370^V3 \011"
 167      A08355DF 
 167      ADF23ACE 
 167      F85E5633 
 167      2009
 168 01ce 467D5724 		.ascii	"F}W$\343\242\311\270\030\311h\347\214P\377\307~\213"
 168      E3A2C9B8 
 168      18C968E7 
 168      8C50FFC7 
 168      7E8B
 169 01e0 9CCB19FB 		.ascii	"\234\313\031\373\207\336\276\265\310[\271\035\330\371"
 169      87DEBEB5 
 169      C85BB91D 
 169      D8F9
 170 01ee BE311EB7 		.ascii	"\2761\036\267\325\256B\030\230?rm,A\367\331\347\272"
 170      D5AE4218 
 170      983F726D 
 170      2C41F7D9 
 170      E7BA
 171 0200 EAA19F13 		.ascii	"\352\241\237\023\345\035\314\226^\014]\030V\300\251"
 171      E51DCC96 
ARM GAS  C:\Users\elias\AppData\Local\Temp\cc0UgIox.s 			page 12


 171      5E0C5D18 
 171      56C0A9
 172 020f 9E659B1E 		.ascii	"\236e\233\036\252~Rpd\027N\014\256\203\012W\315\332"
 172      AA7E5270 
 172      64174E0C 
 172      AE830A57 
 172      CDDA
 173 0221 76159FBB 		.ascii	"v\025\237\273qw\350\347S\324\222L`\201\035\346\331\011"
 173      7177E8E7 
 173      53D4924C 
 173      60811DE6 
 173      D909
 174 0233 5C032783 		.ascii	"\\\003'\203\262(\270\202\203\272\214\203\032\227\344"
 174      B228B882 
 174      83BA8C83 
 174      1A97E4
 175 0242 A6E17755 		.ascii	"\246\341wU\012\314Jr\236b)\241\332\275\263\217\266P"
 175      0ACC4A72 
 175      9E6229A1 
 175      DABDB38F 
 175      B650
 176 0254 5A61E1D8 		.ascii	"Za\341\330K\210\275\011I\006b.\033m\032\273t\325\254"
 176      4B88BD09 
 176      4906622E 
 176      1B6D1ABB 
 176      74D5AC
 177 0267 85CFE594 		.ascii	"\205\317\345\224\3026\243\000\341\221\210\207[X\351"
 177      C236A300 
 177      E1918887 
 177      5B58E9
 178 0276 06CCE2E7 		.ascii	"\006\314\342\347\210\367\032\254\323(\215g\337\211\350"
 178      88F71AAC 
 178      D3288D67 
 178      DF89E8
 179 0285 521CB1EE 		.ascii	"R\034\261\3563\2646Q\016\002_\336\241\356\301\3136p"
 179      33B43651 
 179      0E025FDE 
 179      A1EEC1CB 
 179      3670
 180 0297 26E9296D 		.ascii	"&\351)m\011\270\264 \022o\233Kc\200\250\265\341\016"
 180      09B8B420 
 180      126F9B4B 
 180      6380A8B5 
 180      E10E
 181 02a9 968C569E 		.ascii	"\226\214V\236\035\276\227O\307l)\247)\305\2433zs\375"
 181      1DBE974F 
 181      C76C29A7 
 181      29C5A333 
 181      7A73FD
 182 02bc D772BA82 		.ascii	"\327r\272\202s;t\356\357\356\231\237\211\267\373.\244"
 182      733B74EE 
 182      EFEE999F 
 182      89B7FB2E 
 182      A4
 183 02cd 60D6B7CA 		.ascii	"`\326\267\312\257}\026\025\267\261\342\237\266\021z"
 183      AF7D1615 
 183      B7B1E29F 
ARM GAS  C:\Users\elias\AppData\Local\Temp\cc0UgIox.s 			page 13


 183      B6117A
 184 02dc 864F86AD 		.ascii	"\206O\206\255\362s}%\355\265u\265VP\235Q\322\037FI7"
 184      F2737D25 
 184      EDB575B5 
 184      56509D51 
 184      D21F4649 
 185 02f1 E699555F 		.ascii	"\346\231U_SF\035\360\0007\376\276\271\350{\240\352\013"
 185      53461DF0 
 185      0037FEBE 
 185      B9E87BA0 
 185      EA0B
 186 0303 E978F629 		.ascii	"\351x\366)\020g\333\303\306\2047n\312\243D\036i\336"
 186      1067DBC3 
 186      C684376E 
 186      CAA3441E 
 186      69DE
 187 0315 B94EB0F1 		.ascii	"\271N\260\361\273\216ov\306^\217v\333\376\210f\2136"
 187      BB8E6F76 
 187      C65E8F76 
 187      DBFE8866 
 187      8B36
 188 0327 A3BB4434 		.ascii	"\243\273D4{'z\362\362\263\3359\3335\227\2670os~\374"
 188      7B277AF2 
 188      F2B3DD39 
 188      DB3597B7 
 188      306F737E 
 189 033c F2D5590E 		.ascii	"\362\325Y\016WZ\032q,\327\0125_\216_\333\230\355\366"
 189      575A1A71 
 189      2CD70A35 
 189      5F8E5FDB 
 189      98EDF6
 190 034f 96F83CDA 		.ascii	"\226\370<\332\206\014\267\327\265p\003\013\317X\225"
 190      860CB7D7 
 190      B570030B 
 190      CF5895
 191 035e EA219399 		.ascii	"\352!\223\231\265F+\366{}\"w\002G\025hZ\221\312\254"
 191      B5462BF6 
 191      7B7D2277 
 191      02471568 
 191      5A91CAAC 
 192 0372 75395BB4 		.ascii	"u9[\264\022\335\314\315\361l))\262y\274\205~\237\267"
 192      12DDCCCD 
 192      F16C2929 
 192      B279BC85 
 192      7E9FB7
 193 0385 C0ED476C 		.ascii	"\300\355Gl\\\311\346B\177\372\214XUJ\375\245EZq\352"
 193      5CC9E642 
 193      7FFA8C58 
 193      554AFDA5 
 193      455A71EA 
 194 0399 26323D76 		.ascii	"&2=v\037\370\2257\261t\211keVF\266;sM\226+S\361i\371"
 194      1FF89537 
 194      B174896B 
 194      655646B6 
 194      3B734D96 
 195 03b2 E9BF003C 		.ascii	"\351\277\000<\301\305@"
 195      C1C540
ARM GAS  C:\Users\elias\AppData\Local\Temp\cc0UgIox.s 			page 14


 196              		.text
 197              		.section	.gnu.lto_.symtab.4d82b5ae,"",%progbits
 198 0000 6366675F 		.ascii	"cfg_SaveConfig\000"
 198      53617665 
 198      436F6E66 
 198      696700
 199 000f 00       		.ascii	"\000"
 200 0010 00       		.ascii	"\000"
 201 0011 00       		.ascii	"\000"
 202 0012 00000000 		.ascii	"\000\000\000\000\000\000\000\000"
 202      00000000 
 203 001a AD000000 		.ascii	"\255\000\000\000"
 204 001e 6366675F 		.ascii	"cfg_RestoreConfig\000"
 204      52657374 
 204      6F726543 
 204      6F6E6669 
 204      6700
 205 0030 00       		.ascii	"\000"
 206 0031 00       		.ascii	"\000"
 207 0032 00       		.ascii	"\000"
 208 0033 00000000 		.ascii	"\000\000\000\000\000\000\000\000"
 208      00000000 
 209 003b AF000000 		.ascii	"\257\000\000\000"
 210 003f 6366675F 		.ascii	"cfg_Sleep\000"
 210      536C6565 
 210      7000
 211 0049 00       		.ascii	"\000"
 212 004a 00       		.ascii	"\000"
 213 004b 00       		.ascii	"\000"
 214 004c 00000000 		.ascii	"\000\000\000\000\000\000\000\000"
 214      00000000 
 215 0054 B1000000 		.ascii	"\261\000\000\000"
 216 0058 6366675F 		.ascii	"cfg_Wakeup\000"
 216      57616B65 
 216      757000
 217 0063 00       		.ascii	"\000"
 218 0064 00       		.ascii	"\000"
 219 0065 00       		.ascii	"\000"
 220 0066 00000000 		.ascii	"\000\000\000\000\000\000\000\000"
 220      00000000 
 221 006e B3000000 		.ascii	"\263\000\000\000"
 222              		.text
 223              		.section	.gnu.lto_.opts,"",%progbits
 224 0000 272D666D 		.ascii	"'-fmath-errno' '-fsigned-zeros' '-ftrapping-math' '"
 224      6174682D 
 224      6572726E 
 224      6F272027 
 224      2D667369 
 225 0033 2D666E6F 		.ascii	"-fno-trapv' '-fno-openmp' '-fno-openacc' '-mcpu=cor"
 225      2D747261 
 225      70762720 
 225      272D666E 
 225      6F2D6F70 
 226 0066 7465782D 		.ascii	"tex-m3' '-mthumb' '-g' '-O3' '-ffunction-sections' "
 226      6D332720 
 226      272D6D74 
 226      68756D62 
ARM GAS  C:\Users\elias\AppData\Local\Temp\cc0UgIox.s 			page 15


 226      2720272D 
 227 0099 272D6666 		.ascii	"'-ffat-lto-objects' '-finline-functions' '-flto'\000"
 227      61742D6C 
 227      746F2D6F 
 227      626A6563 
 227      74732720 
 228              		.text
 229              		.cfi_sections	.debug_frame
 230              		.section	.text.cfg_SaveConfig,"ax",%progbits
 231              		.align	2
 232              		.global	cfg_SaveConfig
 233              		.thumb
 234              		.thumb_func
 235              		.type	cfg_SaveConfig, %function
 236              	cfg_SaveConfig:
 237              	.LFB5:
 238              		.cfi_startproc
 239              		@ args = 0, pretend = 0, frame = 0
 240              		@ frame_needed = 0, uses_anonymous_args = 0
 241              		@ link register save eliminated.
 242 0000 024A     		ldr	r2, .L2
 243 0002 034B     		ldr	r3, .L2+4
 244 0004 1278     		ldrb	r2, [r2]	@ zero_extendqisi2
 245 0006 1A70     		strb	r2, [r3]
 246 0008 7047     		bx	lr
 247              	.L3:
 248 000a 00BF     		.align	2
 249              	.L2:
 250 000c 78650040 		.word	1073767800
 251 0010 00000000 		.word	.LANCHOR0
 252              		.cfi_endproc
 253              	.LFE5:
 254              		.size	cfg_SaveConfig, .-cfg_SaveConfig
 255              		.section	.text.cfg_RestoreConfig,"ax",%progbits
 256              		.align	2
 257              		.global	cfg_RestoreConfig
 258              		.thumb
 259              		.thumb_func
 260              		.type	cfg_RestoreConfig, %function
 261              	cfg_RestoreConfig:
 262              	.LFB7:
 263              		.cfi_startproc
 264              		@ args = 0, pretend = 0, frame = 0
 265              		@ frame_needed = 0, uses_anonymous_args = 0
 266              		@ link register save eliminated.
 267 0000 024A     		ldr	r2, .L5
 268 0002 034B     		ldr	r3, .L5+4
 269 0004 1278     		ldrb	r2, [r2]	@ zero_extendqisi2
 270 0006 1A70     		strb	r2, [r3]
 271 0008 7047     		bx	lr
 272              	.L6:
 273 000a 00BF     		.align	2
 274              	.L5:
 275 000c 00000000 		.word	.LANCHOR0
 276 0010 78650040 		.word	1073767800
 277              		.cfi_endproc
 278              	.LFE7:
ARM GAS  C:\Users\elias\AppData\Local\Temp\cc0UgIox.s 			page 16


 279              		.size	cfg_RestoreConfig, .-cfg_RestoreConfig
 280              		.section	.text.cfg_Sleep,"ax",%progbits
 281              		.align	2
 282              		.global	cfg_Sleep
 283              		.thumb
 284              		.thumb_func
 285              		.type	cfg_Sleep, %function
 286              	cfg_Sleep:
 287              	.LFB2:
 288              		.file 1 "Generated_Source\\PSoC5\\cfg_PM.c"
   1:Generated_Source\PSoC5/cfg_PM.c **** /*******************************************************************************
   2:Generated_Source\PSoC5/cfg_PM.c **** * File Name: cfg_PM.c
   3:Generated_Source\PSoC5/cfg_PM.c **** * Version 1.80
   4:Generated_Source\PSoC5/cfg_PM.c **** *
   5:Generated_Source\PSoC5/cfg_PM.c **** * Description:
   6:Generated_Source\PSoC5/cfg_PM.c **** *  This file contains the setup, control, and status commands to support 
   7:Generated_Source\PSoC5/cfg_PM.c **** *  the component operation in the low power mode. 
   8:Generated_Source\PSoC5/cfg_PM.c **** *
   9:Generated_Source\PSoC5/cfg_PM.c **** * Note:
  10:Generated_Source\PSoC5/cfg_PM.c **** *
  11:Generated_Source\PSoC5/cfg_PM.c **** ********************************************************************************
  12:Generated_Source\PSoC5/cfg_PM.c **** * Copyright 2015, Cypress Semiconductor Corporation.  All rights reserved.
  13:Generated_Source\PSoC5/cfg_PM.c **** * You may use this file only in accordance with the license, terms, conditions, 
  14:Generated_Source\PSoC5/cfg_PM.c **** * disclaimers, and limitations in the end user license agreement accompanying 
  15:Generated_Source\PSoC5/cfg_PM.c **** * the software package with which this file was provided.
  16:Generated_Source\PSoC5/cfg_PM.c **** *******************************************************************************/
  17:Generated_Source\PSoC5/cfg_PM.c **** 
  18:Generated_Source\PSoC5/cfg_PM.c **** #include "cfg.h"
  19:Generated_Source\PSoC5/cfg_PM.c **** 
  20:Generated_Source\PSoC5/cfg_PM.c **** /* Check for removal by optimization */
  21:Generated_Source\PSoC5/cfg_PM.c **** #if !defined(cfg_Sync_ctrl_reg__REMOVED)
  22:Generated_Source\PSoC5/cfg_PM.c **** 
  23:Generated_Source\PSoC5/cfg_PM.c **** static cfg_BACKUP_STRUCT  cfg_backup = {0u};
  24:Generated_Source\PSoC5/cfg_PM.c **** 
  25:Generated_Source\PSoC5/cfg_PM.c ****     
  26:Generated_Source\PSoC5/cfg_PM.c **** /*******************************************************************************
  27:Generated_Source\PSoC5/cfg_PM.c **** * Function Name: cfg_SaveConfig
  28:Generated_Source\PSoC5/cfg_PM.c **** ********************************************************************************
  29:Generated_Source\PSoC5/cfg_PM.c **** *
  30:Generated_Source\PSoC5/cfg_PM.c **** * Summary:
  31:Generated_Source\PSoC5/cfg_PM.c **** *  Saves the control register value.
  32:Generated_Source\PSoC5/cfg_PM.c **** *
  33:Generated_Source\PSoC5/cfg_PM.c **** * Parameters:
  34:Generated_Source\PSoC5/cfg_PM.c **** *  None
  35:Generated_Source\PSoC5/cfg_PM.c **** *
  36:Generated_Source\PSoC5/cfg_PM.c **** * Return:
  37:Generated_Source\PSoC5/cfg_PM.c **** *  None
  38:Generated_Source\PSoC5/cfg_PM.c **** *
  39:Generated_Source\PSoC5/cfg_PM.c **** *******************************************************************************/
  40:Generated_Source\PSoC5/cfg_PM.c **** void cfg_SaveConfig(void) 
  41:Generated_Source\PSoC5/cfg_PM.c **** {
  42:Generated_Source\PSoC5/cfg_PM.c ****     cfg_backup.controlState = cfg_Control;
  43:Generated_Source\PSoC5/cfg_PM.c **** }
  44:Generated_Source\PSoC5/cfg_PM.c **** 
  45:Generated_Source\PSoC5/cfg_PM.c **** 
  46:Generated_Source\PSoC5/cfg_PM.c **** /*******************************************************************************
  47:Generated_Source\PSoC5/cfg_PM.c **** * Function Name: cfg_RestoreConfig
ARM GAS  C:\Users\elias\AppData\Local\Temp\cc0UgIox.s 			page 17


  48:Generated_Source\PSoC5/cfg_PM.c **** ********************************************************************************
  49:Generated_Source\PSoC5/cfg_PM.c **** *
  50:Generated_Source\PSoC5/cfg_PM.c **** * Summary:
  51:Generated_Source\PSoC5/cfg_PM.c **** *  Restores the control register value.
  52:Generated_Source\PSoC5/cfg_PM.c **** *
  53:Generated_Source\PSoC5/cfg_PM.c **** * Parameters:
  54:Generated_Source\PSoC5/cfg_PM.c **** *  None
  55:Generated_Source\PSoC5/cfg_PM.c **** *
  56:Generated_Source\PSoC5/cfg_PM.c **** * Return:
  57:Generated_Source\PSoC5/cfg_PM.c **** *  None
  58:Generated_Source\PSoC5/cfg_PM.c **** *
  59:Generated_Source\PSoC5/cfg_PM.c **** *
  60:Generated_Source\PSoC5/cfg_PM.c **** *******************************************************************************/
  61:Generated_Source\PSoC5/cfg_PM.c **** void cfg_RestoreConfig(void) 
  62:Generated_Source\PSoC5/cfg_PM.c **** {
  63:Generated_Source\PSoC5/cfg_PM.c ****      cfg_Control = cfg_backup.controlState;
  64:Generated_Source\PSoC5/cfg_PM.c **** }
  65:Generated_Source\PSoC5/cfg_PM.c **** 
  66:Generated_Source\PSoC5/cfg_PM.c **** 
  67:Generated_Source\PSoC5/cfg_PM.c **** /*******************************************************************************
  68:Generated_Source\PSoC5/cfg_PM.c **** * Function Name: cfg_Sleep
  69:Generated_Source\PSoC5/cfg_PM.c **** ********************************************************************************
  70:Generated_Source\PSoC5/cfg_PM.c **** *
  71:Generated_Source\PSoC5/cfg_PM.c **** * Summary:
  72:Generated_Source\PSoC5/cfg_PM.c **** *  Prepares the component for entering the low power mode.
  73:Generated_Source\PSoC5/cfg_PM.c **** *
  74:Generated_Source\PSoC5/cfg_PM.c **** * Parameters:
  75:Generated_Source\PSoC5/cfg_PM.c **** *  None
  76:Generated_Source\PSoC5/cfg_PM.c **** *
  77:Generated_Source\PSoC5/cfg_PM.c **** * Return:
  78:Generated_Source\PSoC5/cfg_PM.c **** *  None
  79:Generated_Source\PSoC5/cfg_PM.c **** *
  80:Generated_Source\PSoC5/cfg_PM.c **** *******************************************************************************/
  81:Generated_Source\PSoC5/cfg_PM.c **** void cfg_Sleep(void) 
  82:Generated_Source\PSoC5/cfg_PM.c **** {
 289              		.loc 1 82 0
 290              		.cfi_startproc
 291              		@ args = 0, pretend = 0, frame = 0
 292              		@ frame_needed = 0, uses_anonymous_args = 0
 293              		@ link register save eliminated.
 294              	.LBB6:
 295              	.LBB7:
  42:Generated_Source\PSoC5/cfg_PM.c **** }
 296              		.loc 1 42 0
 297 0000 024A     		ldr	r2, .L8
 298 0002 034B     		ldr	r3, .L8+4
 299 0004 1278     		ldrb	r2, [r2]	@ zero_extendqisi2
 300 0006 1A70     		strb	r2, [r3]
 301 0008 7047     		bx	lr
 302              	.L9:
 303 000a 00BF     		.align	2
 304              	.L8:
 305 000c 78650040 		.word	1073767800
 306 0010 00000000 		.word	.LANCHOR0
 307              	.LBE7:
 308              	.LBE6:
 309              		.cfi_endproc
ARM GAS  C:\Users\elias\AppData\Local\Temp\cc0UgIox.s 			page 18


 310              	.LFE2:
 311              		.size	cfg_Sleep, .-cfg_Sleep
 312              		.section	.text.cfg_Wakeup,"ax",%progbits
 313              		.align	2
 314              		.global	cfg_Wakeup
 315              		.thumb
 316              		.thumb_func
 317              		.type	cfg_Wakeup, %function
 318              	cfg_Wakeup:
 319              	.LFB3:
  83:Generated_Source\PSoC5/cfg_PM.c ****     cfg_SaveConfig();
  84:Generated_Source\PSoC5/cfg_PM.c **** }
  85:Generated_Source\PSoC5/cfg_PM.c **** 
  86:Generated_Source\PSoC5/cfg_PM.c **** 
  87:Generated_Source\PSoC5/cfg_PM.c **** /*******************************************************************************
  88:Generated_Source\PSoC5/cfg_PM.c **** * Function Name: cfg_Wakeup
  89:Generated_Source\PSoC5/cfg_PM.c **** ********************************************************************************
  90:Generated_Source\PSoC5/cfg_PM.c **** *
  91:Generated_Source\PSoC5/cfg_PM.c **** * Summary:
  92:Generated_Source\PSoC5/cfg_PM.c **** *  Restores the component after waking up from the low power mode.
  93:Generated_Source\PSoC5/cfg_PM.c **** *
  94:Generated_Source\PSoC5/cfg_PM.c **** * Parameters:
  95:Generated_Source\PSoC5/cfg_PM.c **** *  None
  96:Generated_Source\PSoC5/cfg_PM.c **** *
  97:Generated_Source\PSoC5/cfg_PM.c **** * Return:
  98:Generated_Source\PSoC5/cfg_PM.c **** *  None
  99:Generated_Source\PSoC5/cfg_PM.c **** *
 100:Generated_Source\PSoC5/cfg_PM.c **** *******************************************************************************/
 101:Generated_Source\PSoC5/cfg_PM.c **** void cfg_Wakeup(void)  
 102:Generated_Source\PSoC5/cfg_PM.c **** {
 320              		.loc 1 102 0
 321              		.cfi_startproc
 322              		@ args = 0, pretend = 0, frame = 0
 323              		@ frame_needed = 0, uses_anonymous_args = 0
 324              		@ link register save eliminated.
 325              	.LBB8:
 326              	.LBB9:
  63:Generated_Source\PSoC5/cfg_PM.c **** }
 327              		.loc 1 63 0
 328 0000 024A     		ldr	r2, .L11
 329 0002 034B     		ldr	r3, .L11+4
 330 0004 1278     		ldrb	r2, [r2]	@ zero_extendqisi2
 331 0006 1A70     		strb	r2, [r3]
 332 0008 7047     		bx	lr
 333              	.L12:
 334 000a 00BF     		.align	2
 335              	.L11:
 336 000c 00000000 		.word	.LANCHOR0
 337 0010 78650040 		.word	1073767800
 338              	.LBE9:
 339              	.LBE8:
 340              		.cfi_endproc
 341              	.LFE3:
 342              		.size	cfg_Wakeup, .-cfg_Wakeup
 343              		.bss
 344              		.align	2
 345              		.set	.LANCHOR0,. + 0
ARM GAS  C:\Users\elias\AppData\Local\Temp\cc0UgIox.s 			page 19


 346              		.type	cfg_backup, %object
 347              		.size	cfg_backup, 1
 348              	cfg_backup:
 349 0000 00       		.space	1
 350              		.text
 351              	.Letext0:
 352              		.file 2 "Generated_Source\\PSoC5\\cytypes.h"
 353              		.file 3 "Generated_Source\\PSoC5\\cfg.h"
 354              		.section	.debug_info,"",%progbits
 355              	.Ldebug_info0:
 356 0000 31010000 		.4byte	0x131
 357 0004 0400     		.2byte	0x4
 358 0006 00000000 		.4byte	.Ldebug_abbrev0
 359 000a 04       		.byte	0x4
 360 000b 01       		.uleb128 0x1
 361 000c 30000000 		.4byte	.LASF19
 362 0010 0C       		.byte	0xc
 363 0011 D6010000 		.4byte	.LASF20
 364 0015 E9000000 		.4byte	.LASF21
 365 0019 00000000 		.4byte	.Ldebug_ranges0+0
 366 001d 00000000 		.4byte	0
 367 0021 00000000 		.4byte	.Ldebug_line0
 368 0025 02       		.uleb128 0x2
 369 0026 01       		.byte	0x1
 370 0027 06       		.byte	0x6
 371 0028 F6010000 		.4byte	.LASF0
 372 002c 02       		.uleb128 0x2
 373 002d 01       		.byte	0x1
 374 002e 08       		.byte	0x8
 375 002f 22000000 		.4byte	.LASF1
 376 0033 02       		.uleb128 0x2
 377 0034 02       		.byte	0x2
 378 0035 05       		.byte	0x5
 379 0036 BD010000 		.4byte	.LASF2
 380 003a 02       		.uleb128 0x2
 381 003b 02       		.byte	0x2
 382 003c 07       		.byte	0x7
 383 003d 23010000 		.4byte	.LASF3
 384 0041 02       		.uleb128 0x2
 385 0042 04       		.byte	0x4
 386 0043 05       		.byte	0x5
 387 0044 CD010000 		.4byte	.LASF4
 388 0048 02       		.uleb128 0x2
 389 0049 04       		.byte	0x4
 390 004a 07       		.byte	0x7
 391 004b D7000000 		.4byte	.LASF5
 392 004f 02       		.uleb128 0x2
 393 0050 08       		.byte	0x8
 394 0051 05       		.byte	0x5
 395 0052 AA010000 		.4byte	.LASF6
 396 0056 02       		.uleb128 0x2
 397 0057 08       		.byte	0x8
 398 0058 07       		.byte	0x7
 399 0059 83010000 		.4byte	.LASF7
 400 005d 03       		.uleb128 0x3
 401 005e 04       		.byte	0x4
 402 005f 05       		.byte	0x5
ARM GAS  C:\Users\elias\AppData\Local\Temp\cc0UgIox.s 			page 20


 403 0060 696E7400 		.ascii	"int\000"
 404 0064 02       		.uleb128 0x2
 405 0065 04       		.byte	0x4
 406 0066 07       		.byte	0x7
 407 0067 76010000 		.4byte	.LASF8
 408 006b 04       		.uleb128 0x4
 409 006c C7010000 		.4byte	.LASF12
 410 0070 02       		.byte	0x2
 411 0071 E901     		.2byte	0x1e9
 412 0073 2C000000 		.4byte	0x2c
 413 0077 02       		.uleb128 0x2
 414 0078 04       		.byte	0x4
 415 0079 04       		.byte	0x4
 416 007a 1C000000 		.4byte	.LASF9
 417 007e 02       		.uleb128 0x2
 418 007f 08       		.byte	0x8
 419 0080 04       		.byte	0x4
 420 0081 64010000 		.4byte	.LASF10
 421 0085 02       		.uleb128 0x2
 422 0086 01       		.byte	0x1
 423 0087 08       		.byte	0x8
 424 0088 B8010000 		.4byte	.LASF11
 425 008c 04       		.uleb128 0x4
 426 008d 9A010000 		.4byte	.LASF13
 427 0091 02       		.byte	0x2
 428 0092 9302     		.2byte	0x293
 429 0094 98000000 		.4byte	0x98
 430 0098 05       		.uleb128 0x5
 431 0099 6B000000 		.4byte	0x6b
 432 009d 06       		.uleb128 0x6
 433 009e 01       		.byte	0x1
 434 009f 03       		.byte	0x3
 435 00a0 24       		.byte	0x24
 436 00a1 B2000000 		.4byte	0xb2
 437 00a5 07       		.uleb128 0x7
 438 00a6 48010000 		.4byte	.LASF22
 439 00aa 03       		.byte	0x3
 440 00ab 26       		.byte	0x26
 441 00ac 6B000000 		.4byte	0x6b
 442 00b0 00       		.byte	0
 443 00b1 00       		.byte	0
 444 00b2 08       		.uleb128 0x8
 445 00b3 0A000000 		.4byte	.LASF14
 446 00b7 03       		.byte	0x3
 447 00b8 28       		.byte	0x28
 448 00b9 9D000000 		.4byte	0x9d
 449 00bd 09       		.uleb128 0x9
 450 00be 55010000 		.4byte	.LASF15
 451 00c2 01       		.byte	0x1
 452 00c3 28       		.byte	0x28
 453 00c4 01       		.byte	0x1
 454 00c5 09       		.uleb128 0x9
 455 00c6 36010000 		.4byte	.LASF16
 456 00ca 01       		.byte	0x1
 457 00cb 3D       		.byte	0x3d
 458 00cc 01       		.byte	0x1
 459 00cd 09       		.uleb128 0x9
ARM GAS  C:\Users\elias\AppData\Local\Temp\cc0UgIox.s 			page 21


 460 00ce 00000000 		.4byte	.LASF17
 461 00d2 01       		.byte	0x1
 462 00d3 51       		.byte	0x51
 463 00d4 01       		.byte	0x1
 464 00d5 0A       		.uleb128 0xa
 465 00d6 CD000000 		.4byte	0xcd
 466 00da 00000000 		.4byte	.LFB2
 467 00de 14000000 		.4byte	.LFE2-.LFB2
 468 00e2 01       		.uleb128 0x1
 469 00e3 9C       		.byte	0x9c
 470 00e4 F8000000 		.4byte	0xf8
 471 00e8 0B       		.uleb128 0xb
 472 00e9 BD000000 		.4byte	0xbd
 473 00ed 00000000 		.4byte	.LBB6
 474 00f1 14000000 		.4byte	.LBE6-.LBB6
 475 00f5 01       		.byte	0x1
 476 00f6 53       		.byte	0x53
 477 00f7 00       		.byte	0
 478 00f8 09       		.uleb128 0x9
 479 00f9 9F010000 		.4byte	.LASF18
 480 00fd 01       		.byte	0x1
 481 00fe 65       		.byte	0x65
 482 00ff 01       		.byte	0x1
 483 0100 0A       		.uleb128 0xa
 484 0101 F8000000 		.4byte	0xf8
 485 0105 00000000 		.4byte	.LFB3
 486 0109 14000000 		.4byte	.LFE3-.LFB3
 487 010d 01       		.uleb128 0x1
 488 010e 9C       		.byte	0x9c
 489 010f 23010000 		.4byte	0x123
 490 0113 0B       		.uleb128 0xb
 491 0114 C5000000 		.4byte	0xc5
 492 0118 00000000 		.4byte	.LBB8
 493 011c 14000000 		.4byte	.LBE8-.LBB8
 494 0120 01       		.byte	0x1
 495 0121 67       		.byte	0x67
 496 0122 00       		.byte	0
 497 0123 0C       		.uleb128 0xc
 498 0124 6B010000 		.4byte	.LASF23
 499 0128 01       		.byte	0x1
 500 0129 17       		.byte	0x17
 501 012a B2000000 		.4byte	0xb2
 502 012e 05       		.uleb128 0x5
 503 012f 03       		.byte	0x3
 504 0130 00000000 		.4byte	cfg_backup
 505 0134 00       		.byte	0
 506              		.section	.debug_abbrev,"",%progbits
 507              	.Ldebug_abbrev0:
 508 0000 01       		.uleb128 0x1
 509 0001 11       		.uleb128 0x11
 510 0002 01       		.byte	0x1
 511 0003 25       		.uleb128 0x25
 512 0004 0E       		.uleb128 0xe
 513 0005 13       		.uleb128 0x13
 514 0006 0B       		.uleb128 0xb
 515 0007 03       		.uleb128 0x3
 516 0008 0E       		.uleb128 0xe
ARM GAS  C:\Users\elias\AppData\Local\Temp\cc0UgIox.s 			page 22


 517 0009 1B       		.uleb128 0x1b
 518 000a 0E       		.uleb128 0xe
 519 000b 55       		.uleb128 0x55
 520 000c 17       		.uleb128 0x17
 521 000d 11       		.uleb128 0x11
 522 000e 01       		.uleb128 0x1
 523 000f 10       		.uleb128 0x10
 524 0010 17       		.uleb128 0x17
 525 0011 00       		.byte	0
 526 0012 00       		.byte	0
 527 0013 02       		.uleb128 0x2
 528 0014 24       		.uleb128 0x24
 529 0015 00       		.byte	0
 530 0016 0B       		.uleb128 0xb
 531 0017 0B       		.uleb128 0xb
 532 0018 3E       		.uleb128 0x3e
 533 0019 0B       		.uleb128 0xb
 534 001a 03       		.uleb128 0x3
 535 001b 0E       		.uleb128 0xe
 536 001c 00       		.byte	0
 537 001d 00       		.byte	0
 538 001e 03       		.uleb128 0x3
 539 001f 24       		.uleb128 0x24
 540 0020 00       		.byte	0
 541 0021 0B       		.uleb128 0xb
 542 0022 0B       		.uleb128 0xb
 543 0023 3E       		.uleb128 0x3e
 544 0024 0B       		.uleb128 0xb
 545 0025 03       		.uleb128 0x3
 546 0026 08       		.uleb128 0x8
 547 0027 00       		.byte	0
 548 0028 00       		.byte	0
 549 0029 04       		.uleb128 0x4
 550 002a 16       		.uleb128 0x16
 551 002b 00       		.byte	0
 552 002c 03       		.uleb128 0x3
 553 002d 0E       		.uleb128 0xe
 554 002e 3A       		.uleb128 0x3a
 555 002f 0B       		.uleb128 0xb
 556 0030 3B       		.uleb128 0x3b
 557 0031 05       		.uleb128 0x5
 558 0032 49       		.uleb128 0x49
 559 0033 13       		.uleb128 0x13
 560 0034 00       		.byte	0
 561 0035 00       		.byte	0
 562 0036 05       		.uleb128 0x5
 563 0037 35       		.uleb128 0x35
 564 0038 00       		.byte	0
 565 0039 49       		.uleb128 0x49
 566 003a 13       		.uleb128 0x13
 567 003b 00       		.byte	0
 568 003c 00       		.byte	0
 569 003d 06       		.uleb128 0x6
 570 003e 13       		.uleb128 0x13
 571 003f 01       		.byte	0x1
 572 0040 0B       		.uleb128 0xb
 573 0041 0B       		.uleb128 0xb
ARM GAS  C:\Users\elias\AppData\Local\Temp\cc0UgIox.s 			page 23


 574 0042 3A       		.uleb128 0x3a
 575 0043 0B       		.uleb128 0xb
 576 0044 3B       		.uleb128 0x3b
 577 0045 0B       		.uleb128 0xb
 578 0046 01       		.uleb128 0x1
 579 0047 13       		.uleb128 0x13
 580 0048 00       		.byte	0
 581 0049 00       		.byte	0
 582 004a 07       		.uleb128 0x7
 583 004b 0D       		.uleb128 0xd
 584 004c 00       		.byte	0
 585 004d 03       		.uleb128 0x3
 586 004e 0E       		.uleb128 0xe
 587 004f 3A       		.uleb128 0x3a
 588 0050 0B       		.uleb128 0xb
 589 0051 3B       		.uleb128 0x3b
 590 0052 0B       		.uleb128 0xb
 591 0053 49       		.uleb128 0x49
 592 0054 13       		.uleb128 0x13
 593 0055 38       		.uleb128 0x38
 594 0056 0B       		.uleb128 0xb
 595 0057 00       		.byte	0
 596 0058 00       		.byte	0
 597 0059 08       		.uleb128 0x8
 598 005a 16       		.uleb128 0x16
 599 005b 00       		.byte	0
 600 005c 03       		.uleb128 0x3
 601 005d 0E       		.uleb128 0xe
 602 005e 3A       		.uleb128 0x3a
 603 005f 0B       		.uleb128 0xb
 604 0060 3B       		.uleb128 0x3b
 605 0061 0B       		.uleb128 0xb
 606 0062 49       		.uleb128 0x49
 607 0063 13       		.uleb128 0x13
 608 0064 00       		.byte	0
 609 0065 00       		.byte	0
 610 0066 09       		.uleb128 0x9
 611 0067 2E       		.uleb128 0x2e
 612 0068 00       		.byte	0
 613 0069 3F       		.uleb128 0x3f
 614 006a 19       		.uleb128 0x19
 615 006b 03       		.uleb128 0x3
 616 006c 0E       		.uleb128 0xe
 617 006d 3A       		.uleb128 0x3a
 618 006e 0B       		.uleb128 0xb
 619 006f 3B       		.uleb128 0x3b
 620 0070 0B       		.uleb128 0xb
 621 0071 27       		.uleb128 0x27
 622 0072 19       		.uleb128 0x19
 623 0073 20       		.uleb128 0x20
 624 0074 0B       		.uleb128 0xb
 625 0075 00       		.byte	0
 626 0076 00       		.byte	0
 627 0077 0A       		.uleb128 0xa
 628 0078 2E       		.uleb128 0x2e
 629 0079 01       		.byte	0x1
 630 007a 31       		.uleb128 0x31
ARM GAS  C:\Users\elias\AppData\Local\Temp\cc0UgIox.s 			page 24


 631 007b 13       		.uleb128 0x13
 632 007c 11       		.uleb128 0x11
 633 007d 01       		.uleb128 0x1
 634 007e 12       		.uleb128 0x12
 635 007f 06       		.uleb128 0x6
 636 0080 40       		.uleb128 0x40
 637 0081 18       		.uleb128 0x18
 638 0082 9742     		.uleb128 0x2117
 639 0084 19       		.uleb128 0x19
 640 0085 01       		.uleb128 0x1
 641 0086 13       		.uleb128 0x13
 642 0087 00       		.byte	0
 643 0088 00       		.byte	0
 644 0089 0B       		.uleb128 0xb
 645 008a 1D       		.uleb128 0x1d
 646 008b 00       		.byte	0
 647 008c 31       		.uleb128 0x31
 648 008d 13       		.uleb128 0x13
 649 008e 11       		.uleb128 0x11
 650 008f 01       		.uleb128 0x1
 651 0090 12       		.uleb128 0x12
 652 0091 06       		.uleb128 0x6
 653 0092 58       		.uleb128 0x58
 654 0093 0B       		.uleb128 0xb
 655 0094 59       		.uleb128 0x59
 656 0095 0B       		.uleb128 0xb
 657 0096 00       		.byte	0
 658 0097 00       		.byte	0
 659 0098 0C       		.uleb128 0xc
 660 0099 34       		.uleb128 0x34
 661 009a 00       		.byte	0
 662 009b 03       		.uleb128 0x3
 663 009c 0E       		.uleb128 0xe
 664 009d 3A       		.uleb128 0x3a
 665 009e 0B       		.uleb128 0xb
 666 009f 3B       		.uleb128 0x3b
 667 00a0 0B       		.uleb128 0xb
 668 00a1 49       		.uleb128 0x49
 669 00a2 13       		.uleb128 0x13
 670 00a3 02       		.uleb128 0x2
 671 00a4 18       		.uleb128 0x18
 672 00a5 00       		.byte	0
 673 00a6 00       		.byte	0
 674 00a7 00       		.byte	0
 675              		.section	.debug_aranges,"",%progbits
 676 0000 24000000 		.4byte	0x24
 677 0004 0200     		.2byte	0x2
 678 0006 00000000 		.4byte	.Ldebug_info0
 679 000a 04       		.byte	0x4
 680 000b 00       		.byte	0
 681 000c 0000     		.2byte	0
 682 000e 0000     		.2byte	0
 683 0010 00000000 		.4byte	.LFB2
 684 0014 14000000 		.4byte	.LFE2-.LFB2
 685 0018 00000000 		.4byte	.LFB3
 686 001c 14000000 		.4byte	.LFE3-.LFB3
 687 0020 00000000 		.4byte	0
ARM GAS  C:\Users\elias\AppData\Local\Temp\cc0UgIox.s 			page 25


 688 0024 00000000 		.4byte	0
 689              		.section	.debug_ranges,"",%progbits
 690              	.Ldebug_ranges0:
 691 0000 00000000 		.4byte	.LFB2
 692 0004 14000000 		.4byte	.LFE2
 693 0008 00000000 		.4byte	.LFB3
 694 000c 14000000 		.4byte	.LFE3
 695 0010 00000000 		.4byte	0
 696 0014 00000000 		.4byte	0
 697              		.section	.debug_line,"",%progbits
 698              	.Ldebug_line0:
 699 0000 78000000 		.section	.debug_str,"MS",%progbits,1
 699      02004C00 
 699      00000201 
 699      FB0E0D00 
 699      01010101 
 700              	.LASF17:
 701 0000 6366675F 		.ascii	"cfg_Sleep\000"
 701      536C6565 
 701      7000
 702              	.LASF14:
 703 000a 6366675F 		.ascii	"cfg_BACKUP_STRUCT\000"
 703      4241434B 
 703      55505F53 
 703      54525543 
 703      5400
 704              	.LASF9:
 705 001c 666C6F61 		.ascii	"float\000"
 705      7400
 706              	.LASF1:
 707 0022 756E7369 		.ascii	"unsigned char\000"
 707      676E6564 
 707      20636861 
 707      7200
 708              	.LASF19:
 709 0030 474E5520 		.ascii	"GNU C11 5.4.1 20160609 (release) [ARM/embedded-5-br"
 709      43313120 
 709      352E342E 
 709      31203230 
 709      31363036 
 710 0063 616E6368 		.ascii	"anch revision 237715] -mcpu=cortex-m3 -mthumb -g -O"
 710      20726576 
 710      6973696F 
 710      6E203233 
 710      37373135 
 711 0096 33202D66 		.ascii	"3 -ffunction-sections -ffat-lto-objects -finline-fu"
 711      66756E63 
 711      74696F6E 
 711      2D736563 
 711      74696F6E 
 712 00c9 6E637469 		.ascii	"nctions -flto\000"
 712      6F6E7320 
 712      2D666C74 
 712      6F00
 713              	.LASF5:
 714 00d7 6C6F6E67 		.ascii	"long unsigned int\000"
 714      20756E73 
ARM GAS  C:\Users\elias\AppData\Local\Temp\cc0UgIox.s 			page 26


 714      69676E65 
 714      6420696E 
 714      7400
 715              	.LASF21:
 716 00e9 433A5C47 		.ascii	"C:\\Github\\Tesis\\src\\psoc\\AcondicionamientoAnal"
 716      69746875 
 716      625C5465 
 716      7369735C 
 716      7372635C 
 717 0117 6F676963 		.ascii	"ogico.cydsn\000"
 717      6F2E6379 
 717      64736E00 
 718              	.LASF3:
 719 0123 73686F72 		.ascii	"short unsigned int\000"
 719      7420756E 
 719      7369676E 
 719      65642069 
 719      6E7400
 720              	.LASF16:
 721 0136 6366675F 		.ascii	"cfg_RestoreConfig\000"
 721      52657374 
 721      6F726543 
 721      6F6E6669 
 721      6700
 722              	.LASF22:
 723 0148 636F6E74 		.ascii	"controlState\000"
 723      726F6C53 
 723      74617465 
 723      00
 724              	.LASF15:
 725 0155 6366675F 		.ascii	"cfg_SaveConfig\000"
 725      53617665 
 725      436F6E66 
 725      696700
 726              	.LASF10:
 727 0164 646F7562 		.ascii	"double\000"
 727      6C6500
 728              	.LASF23:
 729 016b 6366675F 		.ascii	"cfg_backup\000"
 729      6261636B 
 729      757000
 730              	.LASF8:
 731 0176 756E7369 		.ascii	"unsigned int\000"
 731      676E6564 
 731      20696E74 
 731      00
 732              	.LASF7:
 733 0183 6C6F6E67 		.ascii	"long long unsigned int\000"
 733      206C6F6E 
 733      6720756E 
 733      7369676E 
 733      65642069 
 734              	.LASF13:
 735 019a 72656738 		.ascii	"reg8\000"
 735      00
 736              	.LASF18:
 737 019f 6366675F 		.ascii	"cfg_Wakeup\000"
ARM GAS  C:\Users\elias\AppData\Local\Temp\cc0UgIox.s 			page 27


 737      57616B65 
 737      757000
 738              	.LASF6:
 739 01aa 6C6F6E67 		.ascii	"long long int\000"
 739      206C6F6E 
 739      6720696E 
 739      7400
 740              	.LASF11:
 741 01b8 63686172 		.ascii	"char\000"
 741      00
 742              	.LASF2:
 743 01bd 73686F72 		.ascii	"short int\000"
 743      7420696E 
 743      7400
 744              	.LASF12:
 745 01c7 75696E74 		.ascii	"uint8\000"
 745      3800
 746              	.LASF4:
 747 01cd 6C6F6E67 		.ascii	"long int\000"
 747      20696E74 
 747      00
 748              	.LASF20:
 749 01d6 47656E65 		.ascii	"Generated_Source\\PSoC5\\cfg_PM.c\000"
 749      72617465 
 749      645F536F 
 749      75726365 
 749      5C50536F 
 750              	.LASF0:
 751 01f6 7369676E 		.ascii	"signed char\000"
 751      65642063 
 751      68617200 
 752              		.comm	__gnu_lto_v1,1,1
 753              		.ident	"GCC: (GNU Tools for ARM Embedded Processors) 5.4.1 20160609 (release) [ARM/embedded-5-bran
