ARM GAS  C:\Users\elias\AppData\Local\Temp\ccwDr4P1.s 			page 1


   1              		.syntax unified
   2              		.cpu cortex-m3
   3              		.fpu softvfp
   4              		.eabi_attribute 20, 1
   5              		.eabi_attribute 21, 1
   6              		.eabi_attribute 23, 3
   7              		.eabi_attribute 24, 1
   8              		.eabi_attribute 25, 1
   9              		.eabi_attribute 26, 1
  10              		.eabi_attribute 30, 2
  11              		.eabi_attribute 34, 1
  12              		.eabi_attribute 18, 4
  13              		.thumb
  14              		.syntax unified
  15              		.file	"Counter_1_PM.c"
  16              		.text
  17              	.Ltext0:
  18              		.section	.gnu.lto_.profile.1b119cf9,"",%progbits
  19 0000 789C6361 		.ascii	"x\234ca`d`a`\000\222\252\374\000\000\303\000?"
  19      60646061 
  19      600092AA 
  19      FC0000C3 
  19      003F
  20              		.text
  21              		.section	.gnu.lto_.icf.1b119cf9,"",%progbits
  22 0000 789C6361 		.ascii	"x\234ca`d\000\001\005\006\004`eX?\363A\013\023#\230"
  22      60640001 
  22      05060460 
  22      65583FF3 
  22      410B1323 
  23 0015 64DA727A 		.ascii	"d\332rz\333\036\016\346\366Ws^\363\261\314]~\377\025"
  23      DB1E0EE6 
  23      F657735E 
  23      F3B1CC5D 
  23      7EFF15
  24 0028 230300EE 		.ascii	"#\003\000\356\003\016\236"
  24      030E9E
  25              		.text
  26              		.section	.gnu.lto_.jmpfuncs.1b119cf9,"",%progbits
  27 0000 789C6361 		.ascii	"x\234ca`d\000\001\001\006\004`\001b\240(\023\224\311"
  27      60640001 
  27      01060460 
  27      0162A028 
  27      1394C9
  28 0013 00000308 		.ascii	"\000\000\003\010\000!"
  28      0021
  29              		.text
  30              		.section	.gnu.lto_.inline.1b119cf9,"",%progbits
  31 0000 789C6361 		.ascii	"x\234ca`d\000\2010\006\004`a``fbd`\0022\331\026\310"
  31      60640081 
  31      30060460 
  31      61606066 
  31      62646002 
  32 0018 8328A022 		.ascii	"\203(\240\"t\021&\006.A\240\010\317\004?\204\".\260"
  32      74112606 
  32      2E41A008 
  32      CF043F84 
ARM GAS  C:\Users\elias\AppData\Local\Temp\ccwDr4P1.s 			page 2


  32      222EB0
  33 002b 667676A0 		.ascii	"fvv\2408\333\007=Tq\006\000\366\220\005\346"
  33      38DB073D 
  33      54710600 
  33      F69005E6 
  34              		.text
  35              		.section	.gnu.lto_.pureconst.1b119cf9,"",%progbits
  36 0000 789C6361 		.ascii	"x\234ca`d\340d```a\0002\230\244X$\000\001y\000L"
  36      6064E064 
  36      60606061 
  36      003298A4 
  36      58240001 
  37              		.text
  38              		.section	.gnu.lto_Counter_1_SaveConfig.1b119cf9,"",%progbits
  39 0000 789C6361 		.ascii	"x\234ca`d\000\201j \326\000bi fdf`d\232p\216\201\241"
  39      60640081 
  39      6A20D600 
  39      62692066 
  39      64666064 
  40 0019 91838991 		.ascii	"\221\203\211\221\021\304h\340`d\250gb\254g\374\312\364"
  40      11C468E0 
  40      6064A867 
  40      62AC67FC 
  40      CAF4
  41 002b 9789F150 		.ascii	"\227\211\361P\373\263\235L\232\313\033\200\340\301\321"
  41      FBB39D4C 
  41      9ACB1B80 
  41      E0C1D1
  42 003a 69CC0D2B 		.ascii	"i\314\015+\0160\266230\374g\002\233\304\300\270\234"
  42      0E30B632 
  42      3330FC67 
  42      029BC4C0 
  42      B89C
  43 004c 519301A8 		.ascii	"Q\223\001\250\354\321\306\177Sy\331Z@\312\024 \222\214"
  43      ECD1C67F 
  43      5379D95A 
  43      40CA1420 
  43      928C
  44 005e 2B18D940 		.ascii	"+\030\331@\326\255\017:\320\360\377\177s\303\201\355"
  44      D6AD0F3A 
  44      D0F0FF7F 
  44      73C381ED 
  45 006e AC5B9981 		.ascii	"\254[\231\201\022\037\200\030d\315G&&\020\315\374\212"
  45      121F8018 
  45      64CD4726 
  45      2610CDFC 
  45      8A
  46 007f 9109A414 		.ascii	"\221\011\244\024l\332\007&F\220\030P\205\232{j^jQbI"
  46      6CDA0726 
  46      46901850 
  46      859A7B6A 
  46      5E6A5162 
  47 0094 6A4A7C70 		.ascii	"jJ|p~iQrjL@p\276\263i\214s~i^IjQ\274a|\200\257^2\003"
  47      7E695172 
  47      6A4C4070 
  47      BEB3698C 
  47      737E695E 
ARM GAS  C:\Users\elias\AppData\Local\Temp\ccwDr4P1.s 			page 3


  48 00b3 00B7BD3A 		.ascii	"\000\267\275:3"
  48      33
  49              		.text
  50              		.section	.gnu.lto_Counter_1_RestoreConfig.1b119cf9,"",%progbits
  51 0000 789C6361 		.ascii	"x\234ca`d\000\201\032 \326\000bi fdf`d\232p\216\201"
  51      60640081 
  51      1A20D600 
  51      62692066 
  51      64666064 
  52 0018 A1918389 		.ascii	"\241\221\203\211\221\021\304h\340`d\250gb\254g\374\312"
  52      9111C468 
  52      E06064A8 
  52      6762AC67 
  52      FCCA
  53 002a F49789F1 		.ascii	"\364\227\211\361P\373\263\235L\232\313\033\200\340\301"
  53      50FBB39D 
  53      4C9ACB1B 
  53      80E0C1
  54 0039 D167060D 		.ascii	"\321g\006\015+\0160\266230\374g\002\233\304\300\270"
  54      2B0E30B6 
  54      323330FC 
  54      67029BC4 
  54      C0B8
  55 004b 9C519301 		.ascii	"\234Q\223\001\250\354\321\306\177Sy\331Z@\312\024 \222"
  55      A8ECD1C6 
  55      7F5379D9 
  55      5A40CA14 
  55      2092
  56 005d 8C2B18D9 		.ascii	"\214+\030\331@\326\255\017:\320\360\377\177s\303\201"
  56      40D6AD0F 
  56      3AD0F0FF 
  56      7F73C381 
  57 006d ED6C076F 		.ascii	"\355l\007o\261\001e>\0001\310\236\217LL \232\371\025"
  57      B101653E 
  57      0031C89E 
  57      8F4C4C20 
  57      9AF915
  58 0080 2313482D 		.ascii	"#\023H-\330\270\017L\214 1\240\0125\367\324\274\324"
  58      D8B80F4C 
  58      8C2031A0 
  58      0A35F7D4 
  58      BCD4
  59 0092 A2C492D4 		.ascii	"\242\304\222\324\224\370\340\374\322\242\344\324\230"
  59      94F8E0FC 
  59      D2A2E4D4 
  59      98
  60 009f 80E07C67 		.ascii	"\200\340|g\323\030\347\374\322\274\222\324\242x\303"
  60      D318E7FC 
  60      D2BC92D4 
  60      A278C3
  61 00ae F8005FBD 		.ascii	"\370\000_\275d\006\000n\207;\233"
  61      6406006E 
  61      873B9B
  62              		.text
  63              		.section	.gnu.lto_Counter_1_Sleep.1b119cf9,"",%progbits
  64 0000 789C8D91 		.ascii	"x\234\215\221\317k\023Q\020\307\347\373\336n\262D\003"
  64      CF6B1351 
ARM GAS  C:\Users\elias\AppData\Local\Temp\ccwDr4P1.s 			page 4


  64      10C7E7FB 
  64      DE6EB244 
  64      03
  65 0011 FE01A578 		.ascii	"\376\001\245x\022{1z\360\352\245\240 \010\305^\013A"
  65      127B317A 
  65      F0EAA5A0 
  65      2008C55E 
  65      0B41
  66 0023 EB5E1308 		.ascii	"\353^\023\010\355\311C^\272Y\333\212\210V\364\324\332"
  66      EDC9435E 
  66      BA59DB8A 
  66      8856F4D4 
  66      DA
  67 0034 4BA5F547 		.ascii	"K\245\365GM\242Mk\240\2075\004z)z\260\236zQ\017AJ\221"
  67      4DA24D6B 
  67      A0873504 
  67      7A297AB0 
  67      9E7A510F 
  68 004b 146241B1 		.ascii	"\024bA\261]gv\265\012\202t`\367\355\316\373\276\371"
  68      5D6776B5 
  68      0A827460 
  68      F7EDCEFB 
  68      BEF9
  69 005d 7CDF8C45 		.ascii	"|\337\214E \211\253\212\350$\257\347\370A\202\240\356"
  69      2089AB8A 
  69      E824AFE7 
  69      F84182A0 
  69      EE
  70 006e BC212A39 		.ascii	"\274!*9J\351\325^2)k#C\346\250\206\035\247\255\337\037"
  70      4AE9D55E 
  70      32296B23 
  70      43E6A886 
  70      1DA7ADDF 
  71 0083 36201FC6 		.ascii	"6 \037\306\001\025\225\266l\024\361U\355)4\307\333\015"
  71      011595B6 
  71      6C14F155 
  71      ED2934C7 
  71      DB0D
  72 0095 D5376F38 		.ascii	"\3257o8><\332=m\026\002\370\232(T\021\2140\217>b\331"
  72      3E3CDA3D 
  72      6D1602F8 
  72      9A285411 
  72      8C308F3E 
  73 00ab A7DAFEFD 		.ascii	"\247\332\376\375t\242,\262\343\361&\026\220\020G\225"
  73      74A22CB2 
  73      E3F12616 
  73      90104795 
  74 00bb CB810943 		.ascii	"\313\201\011C\317\004\365\344\353\251\224\243\310\327"
  74      CF04F5E4 
  74      EBA994A3 
  74      C8D7
  75 00c9 B0E445D4 		.ascii	"\260\344E\324a\235@w\224\222U\267\321\374~\363\313\314"
  75      619D4077 
  75      949255B7 
  75      D1FC7EF3 
  75      CBCC
  76 00db 34E4ACA7 		.ascii	"4\344\254\247-\256\373\300o\276Mv\225\257\025\0043w"
ARM GAS  C:\Users\elias\AppData\Local\Temp\ccwDr4P1.s 			page 5


  76      2DAEFBC0 
  76      6FBE4D76 
  76      95AF1504 
  76      3377
  77 00ed AB35E1C4 		.ascii	"\2535\341\304\277\346a\311\210byn\345\335\221Y\314\224"
  77      BFE661C9 
  77      8862796E 
  77      E5DD9159 
  77      CC94
  78 00ff CA6C4CE3 		.ascii	"\312lL\343\011z\360\030=\314\177\212YP\033\336\217\363"
  78      097AF018 
  78      3DCC7F8A 
  78      59501BDE 
  78      8FF3
  79 0111 E4691597 		.ascii	"\344i\025\227[j\255\335\210\316\203\343\031\313>\242"
  79      5B6AADDD 
  79      88CE83E3 
  79      19CB3EA2 
  80 0121 BCE9E562 		.ascii	"\274\351\345b\236\\\267\262\335\370\226\216\005\204"
  80      9E5CB7B2 
  80      DDF8968E 
  80      0584
  81 012f 45A943E2 		.ascii	"E\251C\342O\323j/\333\033\353V\273w\323\242\376\333"
  81      4FD36A2F 
  81      DB1BEB56 
  81      BB77D3A2 
  81      FEDB
  82 0141 9A15596B 		.ascii	"\232\025Yk4\2667\223\305=3a\3141\316Mr\223$\275\265"
  82      34B63793 
  82      C53D3361 
  82      CC31CE4D 
  82      729324BD 
  83 0156 FEBE9512 		.ascii	"\376\276\225\022{&\312\333\250pg\237Ka\336\274\375\252"
  83      7B26CADB 
  83      A870679F 
  83      4B61DEBC 
  83      FDAA
  84 0168 3AE96416 		.ascii	":\351d\026\245k\346\272\257\023\250\262\347\375\250"
  84      A56BE6BA 
  84      AF13A8B2 
  84      E7FDA8
  85 0177 B5A821C3 		.ascii	"\265\250!\303\212\372\370z-%\220\004\033~\021\371\331"
  85      8AFAF87A 
  85      2D259004 
  85      1B7E11F9 
  85      D9
  86 0188 51166D64 		.ascii	"Q\026md\"7\235\335\0037\207\305\277\374\037~\351\017"
  86      22379DDD 
  86      033787C5 
  86      BFFC1F7E 
  86      E90F
  87 019a BE1EE10F 		.ascii	"\276\036\341\017\356\310\243\304\362/\274\035\015\353"
  87      EEC8A3C4 
  87      F22FBC1D 
  87      0DEB
  88 01a8 33BC205C 		.ascii	"3\274 \\S\202\377\367\372\311\220\347EXA\221'\355\320"
  88      5382FFF7 
ARM GAS  C:\Users\elias\AppData\Local\Temp\ccwDr4P1.s 			page 6


  88      FAC990E7 
  88      45584191 
  88      27EDD0
  89 01bb 16C6827B 		.ascii	"\026\306\202{\027#\251D\2077\271\004\203N\\psn\341\312"
  89      1723A944 
  89      8737B904 
  89      834E5C70 
  89      736EE1CA 
  90 01cf 887B2D3B 		.ascii	"\210{-;\230\037-\014\273C\003\203\371\376\263C\375\371"
  90      981F2D0C 
  90      BB430383 
  90      F9FEB343 
  90      FDF9
  91 01e1 D1DC885B 		.ascii	"\321\334\210[\310\236\311\016\\:5L?\001Z\012\345\237"
  91      C89EC90E 
  91      5C3A354C 
  91      3F015A0A 
  91      E59F
  92              		.text
  93              		.section	.gnu.lto_Counter_1_Wakeup.1b119cf9,"",%progbits
  94 0000 789C654F 		.ascii	"x\234eO\277KBQ\030\375\276{\237\372\260\037\366\007"
  94      BF4B4251 
  94      18FDBE7B 
  94      9FFAB01F 
  94      F607
  95 0012 3434450E 		.ascii	"44E\016%B\255-\016\015\021H\322&H\330[\025D\347w\365"
  95      2542AD2D 
  95      0E0D1148 
  95      D22648D8 
  95      5B1544E7 
  96 0028 F92A9788 		.ascii	"\371*\227\210\242\266p\324\262_BC6\275\304\014$jj)\242"
  96      A2B670D4 
  96      B25F4243 
  96      36BDC40C 
  96      246A6A29 
  97 003d 1F838434 		.ascii	"\037\203\2044\030\324\024j\337}\016\015\035\270|\227"
  97      18D4146A 
  97      DF7D0E0D 
  97      1DB87C97 
  98 004d 73CFB9E7 		.ascii	"s\317\271\347|\012 H,\321\230\2409M\007\035\200l\363"
  98      7C0A2048 
  98      2CD198A0 
  98      394D071D 
  98      806CF3
  99 0060 1620AD32 		.ascii	"\026 \2552\306\353\036\020n\2451\013b\220\243\322\247"
  99      C6EB1E10 
  99      6EA5310B 
  99      6290A3D2 
  99      A7
 100 0071 15447911 		.ascii	"\025Dy\021*\202\316\270\202:~\263\016\303\352Z\263\302"
 100      2A82CEB8 
 100      823A7EB3 
 100      0EC3EA5A 
 100      B3C2
 101 0083 BC054178 		.ascii	"\274\005Ax\271*\371E\321B\223\003\364\230\035\001X@"
 101      B92AF945 
 101      D1429303 
ARM GAS  C:\Users\elias\AppData\Local\Temp\ccwDr4P1.s 			page 7


 101      F4981D01 
 101      5840
 102 0095 2F90ECAD 		.ascii	"/\220\354\255\334\335\031rf\245l\254\377\210Et\312\036"
 102      DCDD1972 
 102      66A56CAC 
 102      FF884574 
 102      CA1E
 103 00a7 278B96E8 		.ascii	"'\213\226\350\365\014a=\273/\267\006\034\034LNt\233"
 103      F50C613D 
 103      BB2FB706 
 103      1C1C4C4E 
 103      749B
 104 00b9 2432EE93 		.ascii	"$2\356\22319y\0233\027\345\247\252K\272\014\316\351"
 104      31397913 
 104      3317E5A7 
 104      AA4BBA0C 
 104      CEE9
 105 00cb C75DB37A 		.ascii	"\307]\263z\347\372b&g(\003*\225\217G\227\336\021\353"
 105      E7FA6226 
 105      6728032A 
 105      958F4797 
 105      DE11EB
 106 00de 428C1097 		.ascii	"B\214\020\227\243\016\222n\335\334\327\334y\334K\013"
 106      A30E926E 
 106      DDDCD7DC 
 106      79DC4B0B 
 107 00ee 9BE77840 		.ascii	"\233\347x@\305\367q\324~\3348?\315\251\276I\223\266"
 107      C5F771D4 
 107      7EDC383F 
 107      CDA9BE49 
 107      93B6
 108 0100 29611EBB 		.ascii	")a\036\273vg<D\037\274b\366\301\210\375\205\235\325"
 108      76673C44 
 108      1FBC62F6 
 108      C188FD85 
 108      9DD5
 109 0112 AE575519 		.ascii	"\256WU\031\206\204#i\007\331\215C\335\303\337\321\260"
 109      86842369 
 109      07D98D43 
 109      DDC3DFD1 
 109      B0
 110 0123 7E1AC352 		.ascii	"~\032\303R\374\277\210\243G\365\000\217Q\247\275\234"
 110      FCBF88A3 
 110      47F5008F 
 110      51A7BD9C 
 111 0133 B649B117 		.ascii	"\266I\261\027ja\306\332\236\267M\022m\222\021M\015\306"
 111      6A61C6DA 
 111      9EB74D12 
 111      6D92114D 
 111      0DC6
 112 0145 E7B49896 		.ascii	"\347\264\230\226XNj+\221P<\225\210j\341`(\036\230\011"
 112      584E6A2B 
 112      91503C95 
 112      886AE160 
 112      281E9809 
 113 0159 07E2A958 		.ascii	"\007\342\251XRKD\374\221\340\302T\024~\001\221f\206"
 113      524B44FC 
ARM GAS  C:\Users\elias\AppData\Local\Temp\ccwDr4P1.s 			page 8


 113      91E0C254 
 113      147E0191 
 113      6686
 114 016b E8       		.ascii	"\350"
 115              		.text
 116              		.section	.gnu.lto_.symbol_nodes.1b119cf9,"",%progbits
 117 0000 789C558A 		.ascii	"x\234U\212\271\015\2000\020\004\347\036\273\000b\002"
 117      B90D8030 
 117      1004E71E 
 117      BB006202 
 118 0010 28149D4B 		.ascii	"(\024\235K\240\036DHL\017H\324\2018\021\341MV3\273\216"
 118      A01E4448 
 118      4C0F48D4 
 118      813811E1 
 118      4D5633BB 
 119 0025 B0905109 		.ascii	"\260\220Q\011XO\310\332\332\234BCza\241\235(\320\006"
 119      584FC8DA 
 119      DA9C4243 
 119      7A61A19D 
 119      28D006
 120 0038 30F5B06E 		.ascii	"0\365\260n\220\022\376\211<\264)\271F\371\263i\341\270"
 120      9012FE89 
 120      3CB429B9 
 120      46F9B369 
 120      E1B8
 121 004a 1E31AFDC 		.ascii	"\0361\257\334\373\310\013\200\236\032\230"
 121      FBC80B80 
 121      9E1A98
 122              		.text
 123              		.section	.gnu.lto_.refs.1b119cf9,"",%progbits
 124 0000 789C05C1 		.ascii	"x\234\005\301\261\001\000\000\010\303\240\304\326\325"
 124      B1010000 
 124      08C3A0C4 
 124      D6D5
 125 000e FFCF158A 		.ascii	"\377\317\025\212\0340cj\326\022y\002r\0002"
 125      1C30636A 
 125      D6127902 
 125      720032
 126              		.text
 127              		.section	.gnu.lto_.decls.1b119cf9,"",%progbits
 128 0000 789C8D54 		.ascii	"x\234\215TmL\223W\024~\317\373\266\245\266\265\0300"
 128      6D4C9357 
 128      147ECFFB 
 128      B6A5B6B5 
 128      1830
 129 0012 8C1F4DC6 		.ascii	"\214\037M\306\034\022~!l\331\342\317%\304\261d\331b"
 129      1C127E21 
 129      6CD9E2CF 
 129      25C4B164 
 129      D962
 130 0024 44DC1F13 		.ascii	"D\334\037\023\006\370\216\021\031%\245,\341\337\345"
 130      06F88E11 
 130      1925A52C 
 130      E1DFE5
 131 0033 4364BA4C 		.ascii	"Cd\272L*s\014\304\310\307>\212P\013\264\010\210\233"
 131      2A730CC4 
 131      C8C73E8A 
ARM GAS  C:\Users\elias\AppData\Local\Temp\ccwDr4P1.s 			page 9


 131      500BB408 
 131      889B
 132 0045 C50FBE04 		.ascii	"\305\017\276\004\345SA\330\204\240c$,a\316maL\331\271"
 132      E55341D8 
 132      84A06324 
 132      2C61CE6D 
 132      614CD9B9 
 133 0059 F7BEE52D 		.ascii	"\367\276\345-\004t7=\355=\267\317y\316s\317=\367j\004"
 133      0474373D 
 133      ED3DB7CF 
 133      79CE73CF 
 133      3DF76A04 
 134 006d 10E8D007 		.ascii	"\020\350\320\007\011\302A\234\306\242\255\342\320\342"
 134      09C2419C 
 134      C6A2ADE2 
 134      D0E2
 135 007b DA21411D 		.ascii	"\332!A\035:4\027\232\033\255\031\315\203\326\212\326"
 135      3A34179A 
 135      1BAD19CD 
 135      83D68AD6 
 136 008b 86461946 		.ascii	"\206F\031F\204\365\303\245\254\3739@Y\3338\334\233\340"
 136      84F5C3A5 
 136      ACFB3940 
 136      59DB38DC 
 136      9BE0
 137 009d DC9BE068 		.ascii	"\334\233\340h\316m\012\316\202v\017m\034m\002m\030\255"
 137      CE6D0ACE 
 137      82760F6D 
 137      1C6D026D 
 137      18AD
 138 00af 176D12AD 		.ascii	"\027m\022\255Q\341\350G\023\225\270\326-4\322=\004\005"
 138      51E1E847 
 138      1395B8D6 
 138      2D34D23D 
 138      0405
 139 00c1 70BE88CB 		.ascii	"p\276\210\313\363\234\375>\025a\365\274\367\224~\012"
 139      F39CFD3E 
 139      1561F5BC 
 139      F7947E0A 
 140 00d1 26411294 		.ascii	"&A\022\224\242\012\000\374\033\230\011\334\230\213\023"
 140      A20A00FC 
 140      1B9809DC 
 140      988B13
 141 00e0 51E013FF 		.ascii	"Q\340\023\377\322\332\020\024\210\350\237\252d\354\243"
 141      D2DA1014 
 141      88E89FAA 
 141      64ECA3
 142 00ef C4C3AA7F 		.ascii	"\304\303\252\1770\022\225\035\224 \356\373\353\252\004"
 142      3012951D 
 142      9420EEFB 
 142      EBAA04
 143 00fe 81A82600 		.ascii	"\201\250&\000\356\372#\002\3706(\362k\366\247a\345`"
 143      EEFA2302 
 143      F83628F2 
 143      6BF6A761 
 143      E560
 144 0110 9B3E3975 		.ascii	"\233>9u\277^/\211@\347\017\226\235o\3074\022\034\245"
ARM GAS  C:\Users\elias\AppData\Local\Temp\ccwDr4P1.s 			page 10


 144      BF5E2F89 
 144      40E70F96 
 144      9D6FC734 
 144      121CA5
 145 0123 84887BD4 		.ascii	"\204\210{\324\312\014\0275UIOD\0101\200\006\335\337"
 145      CA0C1735 
 145      55494F44 
 145      08318006 
 145      DDDF
 146 0135 072BE7CC 		.ascii	"\007+\347\314\350\3564@\004\272O\373\316V\212\341_\261"
 146      E8EE3440 
 146      04BA4FFB 
 146      CE568AE1 
 146      5FB1
 147 0147 B84212A1 		.ascii	"\270B\022\241\201Ca\320\000\026\270\000x(\320\010\341"
 147      814361D0 
 147      0016B800 
 147      7828D008 
 147      E1
 148 0158 F89DAAE1 		.ascii	"\370\235\252\341L]\213\323\237K\273\252\311R\023\231"
 148      4C5D8BD3 
 148      9F4BBBAA 
 148      C9521399 
 149 0168 712CBC56 		.ascii	"q,\274VA|E\204\344\213\024\005N\220\240\036b\250H'="
 149      417C4584 
 149      E48B1405 
 149      4E90A01E 
 149      62A84827 
 150 017d 0301BE87 		.ascii	"\003\001\276\207)\324\353\202]\030y\373\216\257k\273"
 150      29D4EB82 
 150      5D1879FB 
 150      8EAF6BBB 
 151 018d 94C084FE 		.ascii	"\224\300\204\376\373\247oL\344,>o\267\211\224\346\223"
 151      FBA76F4C 
 151      E42C3E6F 
 151      B78994E6 
 151      93
 152 019e EAB718C7 		.ascii	"\352\267\030\307E\225\343b \207\233q\234u\016\224\231"
 152      4595E362 
 152      20879B71 
 152      9C750E94 
 152      99
 153 01af A564C6D1 		.ascii	"\245d\306\321\351}<k@\216j\344h\351a\034\204s4\251\034"
 153      E97D3C6B 
 153      408E6AE4 
 153      68E9611C 
 153      847334A9 
 154 01c4 4D811CCD 		.ascii	"M\201\034\315\214\243\346\376\243\323F\311\3128n9:\276"
 154      8CA3E6FE 
 154      A3D346C9 
 154      CA386E39 
 154      3ABE
 155 01d6 D8A6704C 		.ascii	"\330\246pL\367\007r\264\250\034-\201\034\036\306\361"
 155      F70772B4 
 155      A81C2D81 
 155      1C1EC6F1 
 156 01e6 577B559B 		.ascii	"W{U\233F\"\300H\232\177\232\2523#\311\014!3WO\034t\324"
ARM GAS  C:\Users\elias\AppData\Local\Temp\ccwDr4P1.s 			page 11


 156      4622C048 
 156      9A7F9AAA 
 156      3323C90C 
 156      2133574F 
 157 01fd 15FB4A81 		.ascii	"\025\373J\201\325\015\274*\213\227\261\340\244\2251"
 157      D50DBC2A 
 157      8B97B1E0 
 157      A49531
 158 020c 9C9C79D6 		.ascii	"\234\234y\326l\224<\234\341\233\261\302w9\201o\364\270"
 158      6C943C9C 
 158      E19BB1C2 
 158      7739816F 
 158      F4B8
 159 021e 5441AE69 		.ascii	"TA\256iX\364%5\372\222?\272\215E\217\\\237\0366J7x\364"
 159      58F42535 
 159      FA923FBA 
 159      8D458F5C 
 159      9F1E364A 
 160 0235 C315D765 		.ascii	"\303\025\327e3?\\\035\255K\333\225n-?\334X\012]\032"
 160      333F5C1D 
 160      AD4BDB95 
 160      6E2D3FDC 
 160      580A5D1A 
 161 0249 3867E4EE 		.ascii	"8g\344\356\016to\256\376\355\013\346`\021\335>\227s"
 161      0E746FAE 
 161      FEED0BE6 
 161      6011DD3E 
 161      9773
 162 025b 3E581AE7 		.ascii	">X\032\347D\337\376\263\262D\273$\312\200\235-\341\202"
 162      44DFFEB3 
 162      B244BB24 
 162      CA809D2D 
 162      E182
 163 026d 7BB16379 		.ascii	"{\261cy;_\240\377;k\272=\006i\206\201\305\252/\273\\"
 163      3B5FA0FF 
 163      3B6BBA3D 
 163      06698681 
 163      C5AA2FBB 
 164 0282 3A304497 		.ascii	":0D\227\020R@H!18\315\002tb\327\\\301\256\201k\020M"
 164      10524048 
 164      213138CD 
 164      027462D7 
 164      5CC1AE81 
 165 0299 A3A87AB8 		.ascii	"\243\250z\270\212\213?\342\342w\264\301f\316\237\372"
 165      8A8B3FE2 
 165      E277B4C1 
 165      66CE9FFA 
 166 02a9 A4FC3876 		.ascii	"\244\3748v't\201\001|\352\016\243\014\274\301\026\177"
 166      27748101 
 166      7CEA0EA3 
 166      0CBCC116 
 166      7F
 167 02ba AD1C3149 		.ascii	"\255\0341I\237\361\206v\037{X\257G\001\026T\004\001"
 167      9FF18676 
 167      1F7B58AF 
 167      47011654 
 167      0401
ARM GAS  C:\Users\elias\AppData\Local\Temp\ccwDr4P1.s 			page 12


 168 02cc 822C5C50 		.ascii	"\202,\\P\205c\356\231Q\252bXqt\256aA\003\321\006\226"
 168      8563EE99 
 168      51AA6258 
 168      7174AE61 
 168      4103D106 
 169 02e1 C6D7F232 		.ascii	"\306\327\3622\246\350\305\024\335j\012\013M\301\364"
 169      A6E8C514 
 169      DD6A0A0B 
 169      4DC1F4
 170 02f0 2ED5125D 		.ascii	".\325\022]\270\000\257[ \026\305\366\240X\213\"\366"
 170      B800AF5B 
 170      2016C5F6 
 170      A0588B22 
 170      F6
 171 0301 268ABD81 		.ascii	"&\212\275\201b\221}\271`\266G+\3252v\355\343\013\263"
 171      62917DB9 
 171      60B6472B 
 171      D53276ED 
 171      E30BB3
 172 0314 83124446 		.ascii	"\203\022DF\206FG\326R\006<\351}\315s\307H\323\207,\313"
 172      864647D6 
 172      52063CE9 
 172      7DCD73C7 
 172      48D3872C 
 173 0329 75CC3200 		.ascii	"u\3142\000\241~\306=\364\342\304\321'\215\201}\345\305"
 173      A17EC63D 
 173      F4E2C4D1 
 173      278D817D 
 173      E5C5
 174 033b E6AF89AF 		.ascii	"\346\257\211\257@b\233\376A\301\256\025\213\241;\351"
 174      40629BFE 
 174      41C1AE15 
 174      8BA13BE9 
 175 034b 65131CCA 		.ascii	"e\023\034\312\345%`\023\3402\002:\330\035\244p\224\007"
 175      E5256013 
 175      E032023A 
 175      D81DA470 
 175      9407
 176 035d 83A8B41F 		.ascii	"\203\250\264\037\"\341\026\332m\210d-\301\367\353\300"
 176      22E116DA 
 176      6D88642D 
 176      C1F7EBC0 
 177 036d 5B44F414 		.ascii	"[D\364\024((\333\025\326\262\237\353\016.'\276|\211"
 177      2828DB15 
 177      D6B29FEB 
 177      0E2E27BE 
 177      7C89
 178 037f 29EDDB44 		.ascii	")\355\333Di\003\313M\357\306\334\2039Q\352\340\005-"
 178      6903CB4D 
 178      EFC6DC83 
 178      3951EAE0 
 178      052D
 179 0391 FBE5E749 		.ascii	"\373\345\347I#D\207\362\004\236b\240\011\2061\364\216"
 179      234487F2 
 179      049E62A0 
 179      098631F4 
 179      8E
ARM GAS  C:\Users\elias\AppData\Local\Temp\ccwDr4P1.s 			page 13


 180 03a2 5A529A6F 		.ascii	"ZR\232o\013\3250\204b\237'\034\363y[\233\013\202v\327"
 180      0BD53084 
 180      629F271C 
 180      F3795B9B 
 180      0B8276D7 
 181 03b6 1182CDEF 		.ascii	"\021\202\315\357h\315+#\344\035\226\241\235g\010\250"
 181      68CD2B23 
 181      E41D96A1 
 181      9D6708A8 
 182 03c6 403B7BD4 		.ascii	"@;{\324G`7F=)\372\343\256\316PB\273\356\177\035\344"
 182      47603746 
 182      3D29FAE3 
 182      AECE5042 
 182      BBEE7F1D 
 183 03db E042CD6A 		.ascii	"\340B\315j\2204\304w\3459Sq&\210\367\355\306\360\273"
 183      9034C477 
 183      E5395371 
 183      2688F7ED 
 183      C6F0BB
 184 03ee 9B842B4D 		.ascii	"\233\204+M{'\251\362t>\211\200q\254\340\230\272\375"
 184      7B27A9F2 
 184      743E8980 
 184      71ACE098 
 184      BAFD
 185 0400 5150BAD6 		.ascii	"QP\272\326;\364\233[k:A\313\215OhH\257\231!\325G\364"
 185      3BF49B5B 
 185      6B3A41CB 
 185      8D4F6848 
 185      AF9921D5 
 186 0416 1E98D8F5 		.ascii	"\036\230\330\365\305_D\027\227\314\327\231\326\241\351"
 186      C55F4417 
 186      97CCD799 
 186      D6A1E9
 187 0425 A655F484 		.ascii	"\246U\364\204\202\236`\350\225G\356\371\365h\3728\250"
 187      829E60E8 
 187      9547EEF9 
 187      F568FA38 
 187      A8
 188 0436 E84930F9 		.ascii	"\350I0\371\365\340T\330\031o\315\315\262\313\266\344"
 188      F5E054D8 
 188      196FCDCD 
 188      B2CBB6E4 
 189 0446 B8E4C494 		.ascii	"\270\344\304\224O\345xk\326G\031\351\372\204\367\223"
 189      4FE5786B 
 189      D64719E9 
 189      FA84F793 
 190 0456 22E2E3E2 		.ascii	"\"\342\343\342\204\250\0049K\266\245\330\345#\311\211"
 190      84A80439 
 190      4BB6A5D8 
 190      E523C989 
 191 0466 D65C5B9A 		.ascii	"\326\\[\232|x\177\2425\376\215\303j\320\376\367b\322"
 191      7C787FA2 
 191      35FE8DC3 
 191      6AD0FEF7 
 191      62D2
 192 0478 849754FF 		.ascii	"\204\227T\377\200\234c\267\332\024\236\340\000\362L"
 192      809C63B7 
ARM GAS  C:\Users\elias\AppData\Local\Temp\ccwDr4P1.s 			page 14


 192      DA149EE0 
 192      00F24C
 193 0487 59CEDEA1 		.ascii	"Y\316\336\241\372\037\244\034\225s\263\315\001\000\273"
 193      FA1FA41C 
 193      9573B3CD 
 193      0100BB
 194 0496 35FBD517 		.ascii	"5\373\325\027\245\213\371X\010\340\330\227\225\222\232"
 194      A58BF958 
 194      08E0D897 
 194      95929A
 195 04a5 29072CA4 		.ascii	")\007,\244\246\244\035\315\3156(\013IGRu\271\031Y\366"
 195      A6A41DCD 
 195      CD36280B 
 195      49475275 
 195      B91959F6 
 196 04b9 B8375FD9 		.ascii	"\2707_\331\2027-\317\236\227-\347 k\210\022\303)\023"
 196      82372DCF 
 196      9E972DE7 
 196      206B8812 
 196      C32913
 197 04cc ED88D5D2 		.ascii	"\355\210\325\322\330\275a\312\037\270!\273\315\232y"
 197      D8BD61CA 
 197      1FB821BB 
 197      CD9A79
 198 04db 404ECFC8 		.ascii	"@N\317\310A7lc\322D\273-7\315\256\261\311\351{\377\003"
 198      41376C63 
 198      D244BB2D 
 198      37CDAEB1 
 198      C9E97BFF 
 199 04f0 0D008BC3 		.ascii	"\015\000\213\303"
 200              		.text
 201              		.section	.gnu.lto_.symtab.1b119cf9,"",%progbits
 202 0000 436F756E 		.ascii	"Counter_1_SaveConfig\000"
 202      7465725F 
 202      315F5361 
 202      7665436F 
 202      6E666967 
 203 0015 00       		.ascii	"\000"
 204 0016 00       		.ascii	"\000"
 205 0017 00       		.ascii	"\000"
 206 0018 00000000 		.ascii	"\000\000\000\000\000\000\000\000"
 206      00000000 
 207 0020 AD000000 		.ascii	"\255\000\000\000"
 208 0024 436F756E 		.ascii	"Counter_1_RestoreConfig\000"
 208      7465725F 
 208      315F5265 
 208      73746F72 
 208      65436F6E 
 209 003c 00       		.ascii	"\000"
 210 003d 00       		.ascii	"\000"
 211 003e 00       		.ascii	"\000"
 212 003f 00000000 		.ascii	"\000\000\000\000\000\000\000\000"
 212      00000000 
 213 0047 AF000000 		.ascii	"\257\000\000\000"
 214 004b 436F756E 		.ascii	"Counter_1_Sleep\000"
 214      7465725F 
 214      315F536C 
ARM GAS  C:\Users\elias\AppData\Local\Temp\ccwDr4P1.s 			page 15


 214      65657000 
 215 005b 00       		.ascii	"\000"
 216 005c 00       		.ascii	"\000"
 217 005d 00       		.ascii	"\000"
 218 005e 00000000 		.ascii	"\000\000\000\000\000\000\000\000"
 218      00000000 
 219 0066 B1000000 		.ascii	"\261\000\000\000"
 220 006a 436F756E 		.ascii	"Counter_1_Wakeup\000"
 220      7465725F 
 220      315F5761 
 220      6B657570 
 220      00
 221 007b 00       		.ascii	"\000"
 222 007c 00       		.ascii	"\000"
 223 007d 00       		.ascii	"\000"
 224 007e 00000000 		.ascii	"\000\000\000\000\000\000\000\000"
 224      00000000 
 225 0086 B3000000 		.ascii	"\263\000\000\000"
 226 008a 436F756E 		.ascii	"Counter_1_Stop\000"
 226      7465725F 
 226      315F5374 
 226      6F7000
 227 0099 00       		.ascii	"\000"
 228 009a 02       		.ascii	"\002"
 229 009b 00       		.ascii	"\000"
 230 009c 00000000 		.ascii	"\000\000\000\000\000\000\000\000"
 230      00000000 
 231 00a4 B5000000 		.ascii	"\265\000\000\000"
 232 00a8 436F756E 		.ascii	"Counter_1_Enable\000"
 232      7465725F 
 232      315F456E 
 232      61626C65 
 232      00
 233 00b9 00       		.ascii	"\000"
 234 00ba 02       		.ascii	"\002"
 235 00bb 00       		.ascii	"\000"
 236 00bc 00000000 		.ascii	"\000\000\000\000\000\000\000\000"
 236      00000000 
 237 00c4 B7000000 		.ascii	"\267\000\000\000"
 238              		.text
 239              		.section	.gnu.lto_.opts,"",%progbits
 240 0000 272D666D 		.ascii	"'-fmath-errno' '-fsigned-zeros' '-ftrapping-math' '"
 240      6174682D 
 240      6572726E 
 240      6F272027 
 240      2D667369 
 241 0033 2D666E6F 		.ascii	"-fno-trapv' '-fno-openmp' '-fno-openacc' '-mcpu=cor"
 241      2D747261 
 241      70762720 
 241      272D666E 
 241      6F2D6F70 
 242 0066 7465782D 		.ascii	"tex-m3' '-mthumb' '-g' '-O3' '-ffunction-sections' "
 242      6D332720 
 242      272D6D74 
 242      68756D62 
 242      2720272D 
 243 0099 272D6666 		.ascii	"'-ffat-lto-objects' '-finline-functions' '-flto'\000"
ARM GAS  C:\Users\elias\AppData\Local\Temp\ccwDr4P1.s 			page 16


 243      61742D6C 
 243      746F2D6F 
 243      626A6563 
 243      74732720 
 244              		.text
 245              		.cfi_sections	.debug_frame
 246              		.section	.text.Counter_1_SaveConfig,"ax",%progbits
 247              		.align	2
 248              		.global	Counter_1_SaveConfig
 249              		.thumb
 250              		.thumb_func
 251              		.type	Counter_1_SaveConfig, %function
 252              	Counter_1_SaveConfig:
 253              	.LFB5:
 254              		.cfi_startproc
 255              		@ args = 0, pretend = 0, frame = 0
 256              		@ frame_needed = 0, uses_anonymous_args = 0
 257              		@ link register save eliminated.
 258 0000 7047     		bx	lr
 259              		.cfi_endproc
 260              	.LFE5:
 261              		.size	Counter_1_SaveConfig, .-Counter_1_SaveConfig
 262 0002 00BF     		.section	.text.Counter_1_RestoreConfig,"ax",%progbits
 263              		.align	2
 264              		.global	Counter_1_RestoreConfig
 265              		.thumb
 266              		.thumb_func
 267              		.type	Counter_1_RestoreConfig, %function
 268              	Counter_1_RestoreConfig:
 269              	.LFB1:
 270              		.file 1 "Generated_Source\\PSoC5\\Counter_1_PM.c"
   1:Generated_Source\PSoC5/Counter_1_PM.c **** /*******************************************************************************
   2:Generated_Source\PSoC5/Counter_1_PM.c **** * File Name: Counter_1_PM.c  
   3:Generated_Source\PSoC5/Counter_1_PM.c **** * Version 3.0
   4:Generated_Source\PSoC5/Counter_1_PM.c **** *
   5:Generated_Source\PSoC5/Counter_1_PM.c **** *  Description:
   6:Generated_Source\PSoC5/Counter_1_PM.c **** *    This file provides the power management source code to API for the
   7:Generated_Source\PSoC5/Counter_1_PM.c **** *    Counter.  
   8:Generated_Source\PSoC5/Counter_1_PM.c **** *
   9:Generated_Source\PSoC5/Counter_1_PM.c **** *   Note:
  10:Generated_Source\PSoC5/Counter_1_PM.c **** *     None
  11:Generated_Source\PSoC5/Counter_1_PM.c **** *
  12:Generated_Source\PSoC5/Counter_1_PM.c **** ********************************************************************************
  13:Generated_Source\PSoC5/Counter_1_PM.c **** * Copyright 2008-2012, Cypress Semiconductor Corporation.  All rights reserved.
  14:Generated_Source\PSoC5/Counter_1_PM.c **** * You may use this file only in accordance with the license, terms, conditions, 
  15:Generated_Source\PSoC5/Counter_1_PM.c **** * disclaimers, and limitations in the end user license agreement accompanying 
  16:Generated_Source\PSoC5/Counter_1_PM.c **** * the software package with which this file was provided.
  17:Generated_Source\PSoC5/Counter_1_PM.c **** *******************************************************************************/
  18:Generated_Source\PSoC5/Counter_1_PM.c **** 
  19:Generated_Source\PSoC5/Counter_1_PM.c **** #include "Counter_1.h"
  20:Generated_Source\PSoC5/Counter_1_PM.c **** 
  21:Generated_Source\PSoC5/Counter_1_PM.c **** static Counter_1_backupStruct Counter_1_backup;
  22:Generated_Source\PSoC5/Counter_1_PM.c **** 
  23:Generated_Source\PSoC5/Counter_1_PM.c **** 
  24:Generated_Source\PSoC5/Counter_1_PM.c **** /*******************************************************************************
  25:Generated_Source\PSoC5/Counter_1_PM.c **** * Function Name: Counter_1_SaveConfig
  26:Generated_Source\PSoC5/Counter_1_PM.c **** ********************************************************************************
ARM GAS  C:\Users\elias\AppData\Local\Temp\ccwDr4P1.s 			page 17


  27:Generated_Source\PSoC5/Counter_1_PM.c **** * Summary:
  28:Generated_Source\PSoC5/Counter_1_PM.c **** *     Save the current user configuration
  29:Generated_Source\PSoC5/Counter_1_PM.c **** *
  30:Generated_Source\PSoC5/Counter_1_PM.c **** * Parameters:  
  31:Generated_Source\PSoC5/Counter_1_PM.c **** *  void
  32:Generated_Source\PSoC5/Counter_1_PM.c **** *
  33:Generated_Source\PSoC5/Counter_1_PM.c **** * Return: 
  34:Generated_Source\PSoC5/Counter_1_PM.c **** *  void
  35:Generated_Source\PSoC5/Counter_1_PM.c **** *
  36:Generated_Source\PSoC5/Counter_1_PM.c **** * Global variables:
  37:Generated_Source\PSoC5/Counter_1_PM.c **** *  Counter_1_backup:  Variables of this global structure are modified to 
  38:Generated_Source\PSoC5/Counter_1_PM.c **** *  store the values of non retention configuration registers when Sleep() API is 
  39:Generated_Source\PSoC5/Counter_1_PM.c **** *  called.
  40:Generated_Source\PSoC5/Counter_1_PM.c **** *
  41:Generated_Source\PSoC5/Counter_1_PM.c **** *******************************************************************************/
  42:Generated_Source\PSoC5/Counter_1_PM.c **** void Counter_1_SaveConfig(void) 
  43:Generated_Source\PSoC5/Counter_1_PM.c **** {
  44:Generated_Source\PSoC5/Counter_1_PM.c ****     #if (!Counter_1_UsingFixedFunction)
  45:Generated_Source\PSoC5/Counter_1_PM.c **** 
  46:Generated_Source\PSoC5/Counter_1_PM.c ****         Counter_1_backup.CounterUdb = Counter_1_ReadCounter();
  47:Generated_Source\PSoC5/Counter_1_PM.c **** 
  48:Generated_Source\PSoC5/Counter_1_PM.c ****         #if(!Counter_1_ControlRegRemoved)
  49:Generated_Source\PSoC5/Counter_1_PM.c ****             Counter_1_backup.CounterControlRegister = Counter_1_ReadControlRegister();
  50:Generated_Source\PSoC5/Counter_1_PM.c ****         #endif /* (!Counter_1_ControlRegRemoved) */
  51:Generated_Source\PSoC5/Counter_1_PM.c **** 
  52:Generated_Source\PSoC5/Counter_1_PM.c ****     #endif /* (!Counter_1_UsingFixedFunction) */
  53:Generated_Source\PSoC5/Counter_1_PM.c **** }
  54:Generated_Source\PSoC5/Counter_1_PM.c **** 
  55:Generated_Source\PSoC5/Counter_1_PM.c **** 
  56:Generated_Source\PSoC5/Counter_1_PM.c **** /*******************************************************************************
  57:Generated_Source\PSoC5/Counter_1_PM.c **** * Function Name: Counter_1_RestoreConfig
  58:Generated_Source\PSoC5/Counter_1_PM.c **** ********************************************************************************
  59:Generated_Source\PSoC5/Counter_1_PM.c **** *
  60:Generated_Source\PSoC5/Counter_1_PM.c **** * Summary:
  61:Generated_Source\PSoC5/Counter_1_PM.c **** *  Restores the current user configuration.
  62:Generated_Source\PSoC5/Counter_1_PM.c **** *
  63:Generated_Source\PSoC5/Counter_1_PM.c **** * Parameters:  
  64:Generated_Source\PSoC5/Counter_1_PM.c **** *  void
  65:Generated_Source\PSoC5/Counter_1_PM.c **** *
  66:Generated_Source\PSoC5/Counter_1_PM.c **** * Return: 
  67:Generated_Source\PSoC5/Counter_1_PM.c **** *  void
  68:Generated_Source\PSoC5/Counter_1_PM.c **** *
  69:Generated_Source\PSoC5/Counter_1_PM.c **** * Global variables:
  70:Generated_Source\PSoC5/Counter_1_PM.c **** *  Counter_1_backup:  Variables of this global structure are used to 
  71:Generated_Source\PSoC5/Counter_1_PM.c **** *  restore the values of non retention registers on wakeup from sleep mode.
  72:Generated_Source\PSoC5/Counter_1_PM.c **** *
  73:Generated_Source\PSoC5/Counter_1_PM.c **** *******************************************************************************/
  74:Generated_Source\PSoC5/Counter_1_PM.c **** void Counter_1_RestoreConfig(void) 
  75:Generated_Source\PSoC5/Counter_1_PM.c **** {      
 271              		.loc 1 75 0
 272              		.cfi_startproc
 273              		@ args = 0, pretend = 0, frame = 0
 274              		@ frame_needed = 0, uses_anonymous_args = 0
 275              		@ link register save eliminated.
 276 0000 7047     		bx	lr
 277              		.cfi_endproc
 278              	.LFE1:
ARM GAS  C:\Users\elias\AppData\Local\Temp\ccwDr4P1.s 			page 18


 279              		.size	Counter_1_RestoreConfig, .-Counter_1_RestoreConfig
 280 0002 00BF     		.section	.text.Counter_1_Sleep,"ax",%progbits
 281              		.align	2
 282              		.global	Counter_1_Sleep
 283              		.thumb
 284              		.thumb_func
 285              		.type	Counter_1_Sleep, %function
 286              	Counter_1_Sleep:
 287              	.LFB2:
  76:Generated_Source\PSoC5/Counter_1_PM.c ****     #if (!Counter_1_UsingFixedFunction)
  77:Generated_Source\PSoC5/Counter_1_PM.c **** 
  78:Generated_Source\PSoC5/Counter_1_PM.c ****        Counter_1_WriteCounter(Counter_1_backup.CounterUdb);
  79:Generated_Source\PSoC5/Counter_1_PM.c **** 
  80:Generated_Source\PSoC5/Counter_1_PM.c ****         #if(!Counter_1_ControlRegRemoved)
  81:Generated_Source\PSoC5/Counter_1_PM.c ****             Counter_1_WriteControlRegister(Counter_1_backup.CounterControlRegister);
  82:Generated_Source\PSoC5/Counter_1_PM.c ****         #endif /* (!Counter_1_ControlRegRemoved) */
  83:Generated_Source\PSoC5/Counter_1_PM.c **** 
  84:Generated_Source\PSoC5/Counter_1_PM.c ****     #endif /* (!Counter_1_UsingFixedFunction) */
  85:Generated_Source\PSoC5/Counter_1_PM.c **** }
  86:Generated_Source\PSoC5/Counter_1_PM.c **** 
  87:Generated_Source\PSoC5/Counter_1_PM.c **** 
  88:Generated_Source\PSoC5/Counter_1_PM.c **** /*******************************************************************************
  89:Generated_Source\PSoC5/Counter_1_PM.c **** * Function Name: Counter_1_Sleep
  90:Generated_Source\PSoC5/Counter_1_PM.c **** ********************************************************************************
  91:Generated_Source\PSoC5/Counter_1_PM.c **** * Summary:
  92:Generated_Source\PSoC5/Counter_1_PM.c **** *     Stop and Save the user configuration
  93:Generated_Source\PSoC5/Counter_1_PM.c **** *
  94:Generated_Source\PSoC5/Counter_1_PM.c **** * Parameters:  
  95:Generated_Source\PSoC5/Counter_1_PM.c **** *  void
  96:Generated_Source\PSoC5/Counter_1_PM.c **** *
  97:Generated_Source\PSoC5/Counter_1_PM.c **** * Return: 
  98:Generated_Source\PSoC5/Counter_1_PM.c **** *  void
  99:Generated_Source\PSoC5/Counter_1_PM.c **** *
 100:Generated_Source\PSoC5/Counter_1_PM.c **** * Global variables:
 101:Generated_Source\PSoC5/Counter_1_PM.c **** *  Counter_1_backup.enableState:  Is modified depending on the enable 
 102:Generated_Source\PSoC5/Counter_1_PM.c **** *  state of the block before entering sleep mode.
 103:Generated_Source\PSoC5/Counter_1_PM.c **** *
 104:Generated_Source\PSoC5/Counter_1_PM.c **** *******************************************************************************/
 105:Generated_Source\PSoC5/Counter_1_PM.c **** void Counter_1_Sleep(void) 
 106:Generated_Source\PSoC5/Counter_1_PM.c **** {
 288              		.loc 1 106 0
 289              		.cfi_startproc
 290              		@ args = 0, pretend = 0, frame = 0
 291              		@ frame_needed = 0, uses_anonymous_args = 0
 292              		@ link register save eliminated.
 107:Generated_Source\PSoC5/Counter_1_PM.c ****     #if(!Counter_1_ControlRegRemoved)
 108:Generated_Source\PSoC5/Counter_1_PM.c ****         /* Save Counter's enable state */
 109:Generated_Source\PSoC5/Counter_1_PM.c ****         if(Counter_1_CTRL_ENABLE == (Counter_1_CONTROL & Counter_1_CTRL_ENABLE))
 293              		.loc 1 109 0
 294 0000 034B     		ldr	r3, .L4
 295 0002 044A     		ldr	r2, .L4+4
 296 0004 1B78     		ldrb	r3, [r3]	@ zero_extendqisi2
 297 0006 03F00103 		and	r3, r3, #1
 298 000a 1370     		strb	r3, [r2]
 110:Generated_Source\PSoC5/Counter_1_PM.c ****         {
 111:Generated_Source\PSoC5/Counter_1_PM.c ****             /* Counter is enabled */
 112:Generated_Source\PSoC5/Counter_1_PM.c ****             Counter_1_backup.CounterEnableState = 1u;
ARM GAS  C:\Users\elias\AppData\Local\Temp\ccwDr4P1.s 			page 19


 113:Generated_Source\PSoC5/Counter_1_PM.c ****         }
 114:Generated_Source\PSoC5/Counter_1_PM.c ****         else
 115:Generated_Source\PSoC5/Counter_1_PM.c ****         {
 116:Generated_Source\PSoC5/Counter_1_PM.c ****             /* Counter is disabled */
 117:Generated_Source\PSoC5/Counter_1_PM.c ****             Counter_1_backup.CounterEnableState = 0u;
 118:Generated_Source\PSoC5/Counter_1_PM.c ****         }
 119:Generated_Source\PSoC5/Counter_1_PM.c ****     #else
 120:Generated_Source\PSoC5/Counter_1_PM.c ****         Counter_1_backup.CounterEnableState = 1u;
 121:Generated_Source\PSoC5/Counter_1_PM.c ****         if(Counter_1_backup.CounterEnableState != 0u)
 122:Generated_Source\PSoC5/Counter_1_PM.c ****         {
 123:Generated_Source\PSoC5/Counter_1_PM.c ****             Counter_1_backup.CounterEnableState = 0u;
 124:Generated_Source\PSoC5/Counter_1_PM.c ****         }
 125:Generated_Source\PSoC5/Counter_1_PM.c ****     #endif /* (!Counter_1_ControlRegRemoved) */
 126:Generated_Source\PSoC5/Counter_1_PM.c ****     
 127:Generated_Source\PSoC5/Counter_1_PM.c ****     Counter_1_Stop();
 299              		.loc 1 127 0
 300 000c FFF7FEBF 		b	Counter_1_Stop
 301              	.LVL0:
 302              	.L5:
 303              		.align	2
 304              	.L4:
 305 0010 004F0040 		.word	1073762048
 306 0014 00000000 		.word	.LANCHOR0
 307              		.cfi_endproc
 308              	.LFE2:
 309              		.size	Counter_1_Sleep, .-Counter_1_Sleep
 310              		.section	.text.Counter_1_Wakeup,"ax",%progbits
 311              		.align	2
 312              		.global	Counter_1_Wakeup
 313              		.thumb
 314              		.thumb_func
 315              		.type	Counter_1_Wakeup, %function
 316              	Counter_1_Wakeup:
 317              	.LFB3:
 128:Generated_Source\PSoC5/Counter_1_PM.c ****     Counter_1_SaveConfig();
 129:Generated_Source\PSoC5/Counter_1_PM.c **** }
 130:Generated_Source\PSoC5/Counter_1_PM.c **** 
 131:Generated_Source\PSoC5/Counter_1_PM.c **** 
 132:Generated_Source\PSoC5/Counter_1_PM.c **** /*******************************************************************************
 133:Generated_Source\PSoC5/Counter_1_PM.c **** * Function Name: Counter_1_Wakeup
 134:Generated_Source\PSoC5/Counter_1_PM.c **** ********************************************************************************
 135:Generated_Source\PSoC5/Counter_1_PM.c **** *
 136:Generated_Source\PSoC5/Counter_1_PM.c **** * Summary:
 137:Generated_Source\PSoC5/Counter_1_PM.c **** *  Restores and enables the user configuration
 138:Generated_Source\PSoC5/Counter_1_PM.c **** *  
 139:Generated_Source\PSoC5/Counter_1_PM.c **** * Parameters:  
 140:Generated_Source\PSoC5/Counter_1_PM.c **** *  void
 141:Generated_Source\PSoC5/Counter_1_PM.c **** *
 142:Generated_Source\PSoC5/Counter_1_PM.c **** * Return: 
 143:Generated_Source\PSoC5/Counter_1_PM.c **** *  void
 144:Generated_Source\PSoC5/Counter_1_PM.c **** *
 145:Generated_Source\PSoC5/Counter_1_PM.c **** * Global variables:
 146:Generated_Source\PSoC5/Counter_1_PM.c **** *  Counter_1_backup.enableState:  Is used to restore the enable state of 
 147:Generated_Source\PSoC5/Counter_1_PM.c **** *  block on wakeup from sleep mode.
 148:Generated_Source\PSoC5/Counter_1_PM.c **** *
 149:Generated_Source\PSoC5/Counter_1_PM.c **** *******************************************************************************/
 150:Generated_Source\PSoC5/Counter_1_PM.c **** void Counter_1_Wakeup(void) 
ARM GAS  C:\Users\elias\AppData\Local\Temp\ccwDr4P1.s 			page 20


 151:Generated_Source\PSoC5/Counter_1_PM.c **** {
 318              		.loc 1 151 0
 319              		.cfi_startproc
 320              		@ args = 0, pretend = 0, frame = 0
 321              		@ frame_needed = 0, uses_anonymous_args = 0
 322              		@ link register save eliminated.
 152:Generated_Source\PSoC5/Counter_1_PM.c ****     Counter_1_RestoreConfig();
 153:Generated_Source\PSoC5/Counter_1_PM.c ****     #if(!Counter_1_ControlRegRemoved)
 154:Generated_Source\PSoC5/Counter_1_PM.c ****         if(Counter_1_backup.CounterEnableState == 1u)
 323              		.loc 1 154 0
 324 0000 034B     		ldr	r3, .L10
 325 0002 1B78     		ldrb	r3, [r3]	@ zero_extendqisi2
 326 0004 012B     		cmp	r3, #1
 327 0006 00D0     		beq	.L9
 328 0008 7047     		bx	lr
 329              	.L9:
 155:Generated_Source\PSoC5/Counter_1_PM.c ****         {
 156:Generated_Source\PSoC5/Counter_1_PM.c ****             /* Enable Counter's operation */
 157:Generated_Source\PSoC5/Counter_1_PM.c ****             Counter_1_Enable();
 330              		.loc 1 157 0
 331 000a FFF7FEBF 		b	Counter_1_Enable
 332              	.LVL1:
 333              	.L11:
 334 000e 00BF     		.align	2
 335              	.L10:
 336 0010 00000000 		.word	.LANCHOR0
 337              		.cfi_endproc
 338              	.LFE3:
 339              		.size	Counter_1_Wakeup, .-Counter_1_Wakeup
 340              		.bss
 341              		.align	2
 342              		.set	.LANCHOR0,. + 0
 343              		.type	Counter_1_backup, %object
 344              		.size	Counter_1_backup, 6
 345              	Counter_1_backup:
 346 0000 00000000 		.space	6
 346      0000
 347              		.text
 348              	.Letext0:
 349              		.file 2 "Generated_Source\\PSoC5\\cytypes.h"
 350              		.file 3 "Generated_Source\\PSoC5\\Counter_1.h"
 351              		.section	.debug_info,"",%progbits
 352              	.Ldebug_info0:
 353 0000 70010000 		.4byte	0x170
 354 0004 0400     		.2byte	0x4
 355 0006 00000000 		.4byte	.Ldebug_abbrev0
 356 000a 04       		.byte	0x4
 357 000b 01       		.uleb128 0x1
 358 000c A3000000 		.4byte	.LASF27
 359 0010 0C       		.byte	0xc
 360 0011 51000000 		.4byte	.LASF28
 361 0015 5C010000 		.4byte	.LASF29
 362 0019 00000000 		.4byte	.Ldebug_ranges0+0
 363 001d 00000000 		.4byte	0
 364 0021 00000000 		.4byte	.Ldebug_line0
 365 0025 02       		.uleb128 0x2
 366 0026 01       		.byte	0x1
ARM GAS  C:\Users\elias\AppData\Local\Temp\ccwDr4P1.s 			page 21


 367 0027 06       		.byte	0x6
 368 0028 74020000 		.4byte	.LASF0
 369 002c 02       		.uleb128 0x2
 370 002d 01       		.byte	0x1
 371 002e 08       		.byte	0x8
 372 002f 7D000000 		.4byte	.LASF1
 373 0033 02       		.uleb128 0x2
 374 0034 02       		.byte	0x2
 375 0035 05       		.byte	0x5
 376 0036 44020000 		.4byte	.LASF2
 377 003a 02       		.uleb128 0x2
 378 003b 02       		.byte	0x2
 379 003c 07       		.byte	0x7
 380 003d 1C000000 		.4byte	.LASF3
 381 0041 02       		.uleb128 0x2
 382 0042 04       		.byte	0x4
 383 0043 05       		.byte	0x5
 384 0044 4E020000 		.4byte	.LASF4
 385 0048 02       		.uleb128 0x2
 386 0049 04       		.byte	0x4
 387 004a 07       		.byte	0x7
 388 004b 4A010000 		.4byte	.LASF5
 389 004f 02       		.uleb128 0x2
 390 0050 08       		.byte	0x8
 391 0051 05       		.byte	0x5
 392 0052 31020000 		.4byte	.LASF6
 393 0056 02       		.uleb128 0x2
 394 0057 08       		.byte	0x8
 395 0058 07       		.byte	0x7
 396 0059 DD010000 		.4byte	.LASF7
 397 005d 03       		.uleb128 0x3
 398 005e 04       		.byte	0x4
 399 005f 05       		.byte	0x5
 400 0060 696E7400 		.ascii	"int\000"
 401 0064 02       		.uleb128 0x2
 402 0065 04       		.byte	0x4
 403 0066 07       		.byte	0x7
 404 0067 D0010000 		.4byte	.LASF8
 405 006b 04       		.uleb128 0x4
 406 006c 96010000 		.4byte	.LASF9
 407 0070 02       		.byte	0x2
 408 0071 E901     		.2byte	0x1e9
 409 0073 2C000000 		.4byte	0x2c
 410 0077 04       		.uleb128 0x4
 411 0078 C9010000 		.4byte	.LASF10
 412 007c 02       		.byte	0x2
 413 007d EA01     		.2byte	0x1ea
 414 007f 3A000000 		.4byte	0x3a
 415 0083 02       		.uleb128 0x2
 416 0084 04       		.byte	0x4
 417 0085 04       		.byte	0x4
 418 0086 77000000 		.4byte	.LASF11
 419 008a 02       		.uleb128 0x2
 420 008b 08       		.byte	0x8
 421 008c 04       		.byte	0x4
 422 008d B1010000 		.4byte	.LASF12
 423 0091 02       		.uleb128 0x2
ARM GAS  C:\Users\elias\AppData\Local\Temp\ccwDr4P1.s 			page 22


 424 0092 01       		.byte	0x1
 425 0093 08       		.byte	0x8
 426 0094 3F020000 		.4byte	.LASF13
 427 0098 04       		.uleb128 0x4
 428 0099 00000000 		.4byte	.LASF14
 429 009d 02       		.byte	0x2
 430 009e 9302     		.2byte	0x293
 431 00a0 A4000000 		.4byte	0xa4
 432 00a4 05       		.uleb128 0x5
 433 00a5 6B000000 		.4byte	0x6b
 434 00a9 02       		.uleb128 0x2
 435 00aa 08       		.byte	0x8
 436 00ab 04       		.byte	0x4
 437 00ac 68020000 		.4byte	.LASF15
 438 00b0 02       		.uleb128 0x2
 439 00b1 04       		.byte	0x4
 440 00b2 07       		.byte	0x7
 441 00b3 15020000 		.4byte	.LASF16
 442 00b7 06       		.uleb128 0x6
 443 00b8 06       		.byte	0x6
 444 00b9 03       		.byte	0x3
 445 00ba 40       		.byte	0x40
 446 00bb E4000000 		.4byte	0xe4
 447 00bf 07       		.uleb128 0x7
 448 00c0 1E020000 		.4byte	.LASF17
 449 00c4 03       		.byte	0x3
 450 00c5 42       		.byte	0x42
 451 00c6 6B000000 		.4byte	0x6b
 452 00ca 00       		.byte	0
 453 00cb 07       		.uleb128 0x7
 454 00cc 2F000000 		.4byte	.LASF18
 455 00d0 03       		.byte	0x3
 456 00d1 43       		.byte	0x43
 457 00d2 77000000 		.4byte	0x77
 458 00d6 02       		.byte	0x2
 459 00d7 07       		.uleb128 0x7
 460 00d8 3A000000 		.4byte	.LASF19
 461 00dc 03       		.byte	0x3
 462 00dd 46       		.byte	0x46
 463 00de 6B000000 		.4byte	0x6b
 464 00e2 04       		.byte	0x4
 465 00e3 00       		.byte	0
 466 00e4 08       		.uleb128 0x8
 467 00e5 05000000 		.4byte	.LASF20
 468 00e9 03       		.byte	0x3
 469 00ea 49       		.byte	0x49
 470 00eb B7000000 		.4byte	0xb7
 471 00ef 09       		.uleb128 0x9
 472 00f0 9C010000 		.4byte	.LASF21
 473 00f4 01       		.byte	0x1
 474 00f5 2A       		.byte	0x2a
 475 00f6 01       		.byte	0x1
 476 00f7 09       		.uleb128 0x9
 477 00f8 8B000000 		.4byte	.LASF22
 478 00fc 01       		.byte	0x1
 479 00fd 4A       		.byte	0x4a
 480 00fe 01       		.byte	0x1
ARM GAS  C:\Users\elias\AppData\Local\Temp\ccwDr4P1.s 			page 23


 481 00ff 0A       		.uleb128 0xa
 482 0100 F7000000 		.4byte	0xf7
 483 0104 00000000 		.4byte	.LFB1
 484 0108 02000000 		.4byte	.LFE1-.LFB1
 485 010c 01       		.uleb128 0x1
 486 010d 9C       		.byte	0x9c
 487 010e 0B       		.uleb128 0xb
 488 010f 05020000 		.4byte	.LASF23
 489 0113 01       		.byte	0x1
 490 0114 69       		.byte	0x69
 491 0115 00000000 		.4byte	.LFB2
 492 0119 18000000 		.4byte	.LFE2-.LFB2
 493 011d 01       		.uleb128 0x1
 494 011e 9C       		.byte	0x9c
 495 011f 2D010000 		.4byte	0x12d
 496 0123 0C       		.uleb128 0xc
 497 0124 10000000 		.4byte	.LVL0
 498 0128 5D010000 		.4byte	0x15d
 499 012c 00       		.byte	0
 500 012d 0B       		.uleb128 0xb
 501 012e B8010000 		.4byte	.LASF24
 502 0132 01       		.byte	0x1
 503 0133 96       		.byte	0x96
 504 0134 00000000 		.4byte	.LFB3
 505 0138 14000000 		.4byte	.LFE3-.LFB3
 506 013c 01       		.uleb128 0x1
 507 013d 9C       		.byte	0x9c
 508 013e 4C010000 		.4byte	0x14c
 509 0142 0C       		.uleb128 0xc
 510 0143 0E000000 		.4byte	.LVL1
 511 0147 68010000 		.4byte	0x168
 512 014b 00       		.byte	0
 513 014c 0D       		.uleb128 0xd
 514 014d F4010000 		.4byte	.LASF30
 515 0151 01       		.byte	0x1
 516 0152 15       		.byte	0x15
 517 0153 E4000000 		.4byte	0xe4
 518 0157 05       		.uleb128 0x5
 519 0158 03       		.byte	0x3
 520 0159 00000000 		.4byte	Counter_1_backup
 521 015d 0E       		.uleb128 0xe
 522 015e 80020000 		.4byte	.LASF25
 523 0162 80020000 		.4byte	.LASF25
 524 0166 03       		.byte	0x3
 525 0167 50       		.byte	0x50
 526 0168 0E       		.uleb128 0xe
 527 0169 57020000 		.4byte	.LASF26
 528 016d 57020000 		.4byte	.LASF26
 529 0171 03       		.byte	0x3
 530 0172 71       		.byte	0x71
 531 0173 00       		.byte	0
 532              		.section	.debug_abbrev,"",%progbits
 533              	.Ldebug_abbrev0:
 534 0000 01       		.uleb128 0x1
 535 0001 11       		.uleb128 0x11
 536 0002 01       		.byte	0x1
 537 0003 25       		.uleb128 0x25
ARM GAS  C:\Users\elias\AppData\Local\Temp\ccwDr4P1.s 			page 24


 538 0004 0E       		.uleb128 0xe
 539 0005 13       		.uleb128 0x13
 540 0006 0B       		.uleb128 0xb
 541 0007 03       		.uleb128 0x3
 542 0008 0E       		.uleb128 0xe
 543 0009 1B       		.uleb128 0x1b
 544 000a 0E       		.uleb128 0xe
 545 000b 55       		.uleb128 0x55
 546 000c 17       		.uleb128 0x17
 547 000d 11       		.uleb128 0x11
 548 000e 01       		.uleb128 0x1
 549 000f 10       		.uleb128 0x10
 550 0010 17       		.uleb128 0x17
 551 0011 00       		.byte	0
 552 0012 00       		.byte	0
 553 0013 02       		.uleb128 0x2
 554 0014 24       		.uleb128 0x24
 555 0015 00       		.byte	0
 556 0016 0B       		.uleb128 0xb
 557 0017 0B       		.uleb128 0xb
 558 0018 3E       		.uleb128 0x3e
 559 0019 0B       		.uleb128 0xb
 560 001a 03       		.uleb128 0x3
 561 001b 0E       		.uleb128 0xe
 562 001c 00       		.byte	0
 563 001d 00       		.byte	0
 564 001e 03       		.uleb128 0x3
 565 001f 24       		.uleb128 0x24
 566 0020 00       		.byte	0
 567 0021 0B       		.uleb128 0xb
 568 0022 0B       		.uleb128 0xb
 569 0023 3E       		.uleb128 0x3e
 570 0024 0B       		.uleb128 0xb
 571 0025 03       		.uleb128 0x3
 572 0026 08       		.uleb128 0x8
 573 0027 00       		.byte	0
 574 0028 00       		.byte	0
 575 0029 04       		.uleb128 0x4
 576 002a 16       		.uleb128 0x16
 577 002b 00       		.byte	0
 578 002c 03       		.uleb128 0x3
 579 002d 0E       		.uleb128 0xe
 580 002e 3A       		.uleb128 0x3a
 581 002f 0B       		.uleb128 0xb
 582 0030 3B       		.uleb128 0x3b
 583 0031 05       		.uleb128 0x5
 584 0032 49       		.uleb128 0x49
 585 0033 13       		.uleb128 0x13
 586 0034 00       		.byte	0
 587 0035 00       		.byte	0
 588 0036 05       		.uleb128 0x5
 589 0037 35       		.uleb128 0x35
 590 0038 00       		.byte	0
 591 0039 49       		.uleb128 0x49
 592 003a 13       		.uleb128 0x13
 593 003b 00       		.byte	0
 594 003c 00       		.byte	0
ARM GAS  C:\Users\elias\AppData\Local\Temp\ccwDr4P1.s 			page 25


 595 003d 06       		.uleb128 0x6
 596 003e 13       		.uleb128 0x13
 597 003f 01       		.byte	0x1
 598 0040 0B       		.uleb128 0xb
 599 0041 0B       		.uleb128 0xb
 600 0042 3A       		.uleb128 0x3a
 601 0043 0B       		.uleb128 0xb
 602 0044 3B       		.uleb128 0x3b
 603 0045 0B       		.uleb128 0xb
 604 0046 01       		.uleb128 0x1
 605 0047 13       		.uleb128 0x13
 606 0048 00       		.byte	0
 607 0049 00       		.byte	0
 608 004a 07       		.uleb128 0x7
 609 004b 0D       		.uleb128 0xd
 610 004c 00       		.byte	0
 611 004d 03       		.uleb128 0x3
 612 004e 0E       		.uleb128 0xe
 613 004f 3A       		.uleb128 0x3a
 614 0050 0B       		.uleb128 0xb
 615 0051 3B       		.uleb128 0x3b
 616 0052 0B       		.uleb128 0xb
 617 0053 49       		.uleb128 0x49
 618 0054 13       		.uleb128 0x13
 619 0055 38       		.uleb128 0x38
 620 0056 0B       		.uleb128 0xb
 621 0057 00       		.byte	0
 622 0058 00       		.byte	0
 623 0059 08       		.uleb128 0x8
 624 005a 16       		.uleb128 0x16
 625 005b 00       		.byte	0
 626 005c 03       		.uleb128 0x3
 627 005d 0E       		.uleb128 0xe
 628 005e 3A       		.uleb128 0x3a
 629 005f 0B       		.uleb128 0xb
 630 0060 3B       		.uleb128 0x3b
 631 0061 0B       		.uleb128 0xb
 632 0062 49       		.uleb128 0x49
 633 0063 13       		.uleb128 0x13
 634 0064 00       		.byte	0
 635 0065 00       		.byte	0
 636 0066 09       		.uleb128 0x9
 637 0067 2E       		.uleb128 0x2e
 638 0068 00       		.byte	0
 639 0069 3F       		.uleb128 0x3f
 640 006a 19       		.uleb128 0x19
 641 006b 03       		.uleb128 0x3
 642 006c 0E       		.uleb128 0xe
 643 006d 3A       		.uleb128 0x3a
 644 006e 0B       		.uleb128 0xb
 645 006f 3B       		.uleb128 0x3b
 646 0070 0B       		.uleb128 0xb
 647 0071 27       		.uleb128 0x27
 648 0072 19       		.uleb128 0x19
 649 0073 20       		.uleb128 0x20
 650 0074 0B       		.uleb128 0xb
 651 0075 00       		.byte	0
ARM GAS  C:\Users\elias\AppData\Local\Temp\ccwDr4P1.s 			page 26


 652 0076 00       		.byte	0
 653 0077 0A       		.uleb128 0xa
 654 0078 2E       		.uleb128 0x2e
 655 0079 00       		.byte	0
 656 007a 31       		.uleb128 0x31
 657 007b 13       		.uleb128 0x13
 658 007c 11       		.uleb128 0x11
 659 007d 01       		.uleb128 0x1
 660 007e 12       		.uleb128 0x12
 661 007f 06       		.uleb128 0x6
 662 0080 40       		.uleb128 0x40
 663 0081 18       		.uleb128 0x18
 664 0082 9742     		.uleb128 0x2117
 665 0084 19       		.uleb128 0x19
 666 0085 00       		.byte	0
 667 0086 00       		.byte	0
 668 0087 0B       		.uleb128 0xb
 669 0088 2E       		.uleb128 0x2e
 670 0089 01       		.byte	0x1
 671 008a 3F       		.uleb128 0x3f
 672 008b 19       		.uleb128 0x19
 673 008c 03       		.uleb128 0x3
 674 008d 0E       		.uleb128 0xe
 675 008e 3A       		.uleb128 0x3a
 676 008f 0B       		.uleb128 0xb
 677 0090 3B       		.uleb128 0x3b
 678 0091 0B       		.uleb128 0xb
 679 0092 27       		.uleb128 0x27
 680 0093 19       		.uleb128 0x19
 681 0094 11       		.uleb128 0x11
 682 0095 01       		.uleb128 0x1
 683 0096 12       		.uleb128 0x12
 684 0097 06       		.uleb128 0x6
 685 0098 40       		.uleb128 0x40
 686 0099 18       		.uleb128 0x18
 687 009a 9742     		.uleb128 0x2117
 688 009c 19       		.uleb128 0x19
 689 009d 01       		.uleb128 0x1
 690 009e 13       		.uleb128 0x13
 691 009f 00       		.byte	0
 692 00a0 00       		.byte	0
 693 00a1 0C       		.uleb128 0xc
 694 00a2 898201   		.uleb128 0x4109
 695 00a5 00       		.byte	0
 696 00a6 11       		.uleb128 0x11
 697 00a7 01       		.uleb128 0x1
 698 00a8 9542     		.uleb128 0x2115
 699 00aa 19       		.uleb128 0x19
 700 00ab 31       		.uleb128 0x31
 701 00ac 13       		.uleb128 0x13
 702 00ad 00       		.byte	0
 703 00ae 00       		.byte	0
 704 00af 0D       		.uleb128 0xd
 705 00b0 34       		.uleb128 0x34
 706 00b1 00       		.byte	0
 707 00b2 03       		.uleb128 0x3
 708 00b3 0E       		.uleb128 0xe
ARM GAS  C:\Users\elias\AppData\Local\Temp\ccwDr4P1.s 			page 27


 709 00b4 3A       		.uleb128 0x3a
 710 00b5 0B       		.uleb128 0xb
 711 00b6 3B       		.uleb128 0x3b
 712 00b7 0B       		.uleb128 0xb
 713 00b8 49       		.uleb128 0x49
 714 00b9 13       		.uleb128 0x13
 715 00ba 02       		.uleb128 0x2
 716 00bb 18       		.uleb128 0x18
 717 00bc 00       		.byte	0
 718 00bd 00       		.byte	0
 719 00be 0E       		.uleb128 0xe
 720 00bf 2E       		.uleb128 0x2e
 721 00c0 00       		.byte	0
 722 00c1 3F       		.uleb128 0x3f
 723 00c2 19       		.uleb128 0x19
 724 00c3 3C       		.uleb128 0x3c
 725 00c4 19       		.uleb128 0x19
 726 00c5 6E       		.uleb128 0x6e
 727 00c6 0E       		.uleb128 0xe
 728 00c7 03       		.uleb128 0x3
 729 00c8 0E       		.uleb128 0xe
 730 00c9 3A       		.uleb128 0x3a
 731 00ca 0B       		.uleb128 0xb
 732 00cb 3B       		.uleb128 0x3b
 733 00cc 0B       		.uleb128 0xb
 734 00cd 00       		.byte	0
 735 00ce 00       		.byte	0
 736 00cf 00       		.byte	0
 737              		.section	.debug_aranges,"",%progbits
 738 0000 2C000000 		.4byte	0x2c
 739 0004 0200     		.2byte	0x2
 740 0006 00000000 		.4byte	.Ldebug_info0
 741 000a 04       		.byte	0x4
 742 000b 00       		.byte	0
 743 000c 0000     		.2byte	0
 744 000e 0000     		.2byte	0
 745 0010 00000000 		.4byte	.LFB1
 746 0014 02000000 		.4byte	.LFE1-.LFB1
 747 0018 00000000 		.4byte	.LFB2
 748 001c 18000000 		.4byte	.LFE2-.LFB2
 749 0020 00000000 		.4byte	.LFB3
 750 0024 14000000 		.4byte	.LFE3-.LFB3
 751 0028 00000000 		.4byte	0
 752 002c 00000000 		.4byte	0
 753              		.section	.debug_ranges,"",%progbits
 754              	.Ldebug_ranges0:
 755 0000 00000000 		.4byte	.LFB1
 756 0004 02000000 		.4byte	.LFE1
 757 0008 00000000 		.4byte	.LFB2
 758 000c 18000000 		.4byte	.LFE2
 759 0010 00000000 		.4byte	.LFB3
 760 0014 14000000 		.4byte	.LFE3
 761 0018 00000000 		.4byte	0
 762 001c 00000000 		.4byte	0
 763              		.section	.debug_line,"",%progbits
 764              	.Ldebug_line0:
 765 0000 94000000 		.section	.debug_str,"MS",%progbits,1
ARM GAS  C:\Users\elias\AppData\Local\Temp\ccwDr4P1.s 			page 28


 765      02005800 
 765      00000201 
 765      FB0E0D00 
 765      01010101 
 766              	.LASF14:
 767 0000 72656738 		.ascii	"reg8\000"
 767      00
 768              	.LASF20:
 769 0005 436F756E 		.ascii	"Counter_1_backupStruct\000"
 769      7465725F 
 769      315F6261 
 769      636B7570 
 769      53747275 
 770              	.LASF3:
 771 001c 73686F72 		.ascii	"short unsigned int\000"
 771      7420756E 
 771      7369676E 
 771      65642069 
 771      6E7400
 772              	.LASF18:
 773 002f 436F756E 		.ascii	"CounterUdb\000"
 773      74657255 
 773      646200
 774              	.LASF19:
 775 003a 436F756E 		.ascii	"CounterControlRegister\000"
 775      74657243 
 775      6F6E7472 
 775      6F6C5265 
 775      67697374 
 776              	.LASF28:
 777 0051 47656E65 		.ascii	"Generated_Source\\PSoC5\\Counter_1_PM.c\000"
 777      72617465 
 777      645F536F 
 777      75726365 
 777      5C50536F 
 778              	.LASF11:
 779 0077 666C6F61 		.ascii	"float\000"
 779      7400
 780              	.LASF1:
 781 007d 756E7369 		.ascii	"unsigned char\000"
 781      676E6564 
 781      20636861 
 781      7200
 782              	.LASF22:
 783 008b 436F756E 		.ascii	"Counter_1_RestoreConfig\000"
 783      7465725F 
 783      315F5265 
 783      73746F72 
 783      65436F6E 
 784              	.LASF27:
 785 00a3 474E5520 		.ascii	"GNU C11 5.4.1 20160609 (release) [ARM/embedded-5-br"
 785      43313120 
 785      352E342E 
 785      31203230 
 785      31363036 
 786 00d6 616E6368 		.ascii	"anch revision 237715] -mcpu=cortex-m3 -mthumb -g -O"
 786      20726576 
ARM GAS  C:\Users\elias\AppData\Local\Temp\ccwDr4P1.s 			page 29


 786      6973696F 
 786      6E203233 
 786      37373135 
 787 0109 33202D66 		.ascii	"3 -ffunction-sections -ffat-lto-objects -finline-fu"
 787      66756E63 
 787      74696F6E 
 787      2D736563 
 787      74696F6E 
 788 013c 6E637469 		.ascii	"nctions -flto\000"
 788      6F6E7320 
 788      2D666C74 
 788      6F00
 789              	.LASF5:
 790 014a 6C6F6E67 		.ascii	"long unsigned int\000"
 790      20756E73 
 790      69676E65 
 790      6420696E 
 790      7400
 791              	.LASF29:
 792 015c 433A5C47 		.ascii	"C:\\Github\\Tesis\\src\\psoc\\AcondicionamientoAnal"
 792      69746875 
 792      625C5465 
 792      7369735C 
 792      7372635C 
 793 018a 6F676963 		.ascii	"ogico.cydsn\000"
 793      6F2E6379 
 793      64736E00 
 794              	.LASF9:
 795 0196 75696E74 		.ascii	"uint8\000"
 795      3800
 796              	.LASF21:
 797 019c 436F756E 		.ascii	"Counter_1_SaveConfig\000"
 797      7465725F 
 797      315F5361 
 797      7665436F 
 797      6E666967 
 798              	.LASF12:
 799 01b1 646F7562 		.ascii	"double\000"
 799      6C6500
 800              	.LASF24:
 801 01b8 436F756E 		.ascii	"Counter_1_Wakeup\000"
 801      7465725F 
 801      315F5761 
 801      6B657570 
 801      00
 802              	.LASF10:
 803 01c9 75696E74 		.ascii	"uint16\000"
 803      313600
 804              	.LASF8:
 805 01d0 756E7369 		.ascii	"unsigned int\000"
 805      676E6564 
 805      20696E74 
 805      00
 806              	.LASF7:
 807 01dd 6C6F6E67 		.ascii	"long long unsigned int\000"
 807      206C6F6E 
 807      6720756E 
ARM GAS  C:\Users\elias\AppData\Local\Temp\ccwDr4P1.s 			page 30


 807      7369676E 
 807      65642069 
 808              	.LASF30:
 809 01f4 436F756E 		.ascii	"Counter_1_backup\000"
 809      7465725F 
 809      315F6261 
 809      636B7570 
 809      00
 810              	.LASF23:
 811 0205 436F756E 		.ascii	"Counter_1_Sleep\000"
 811      7465725F 
 811      315F536C 
 811      65657000 
 812              	.LASF16:
 813 0215 73697A65 		.ascii	"sizetype\000"
 813      74797065 
 813      00
 814              	.LASF17:
 815 021e 436F756E 		.ascii	"CounterEnableState\000"
 815      74657245 
 815      6E61626C 
 815      65537461 
 815      746500
 816              	.LASF6:
 817 0231 6C6F6E67 		.ascii	"long long int\000"
 817      206C6F6E 
 817      6720696E 
 817      7400
 818              	.LASF13:
 819 023f 63686172 		.ascii	"char\000"
 819      00
 820              	.LASF2:
 821 0244 73686F72 		.ascii	"short int\000"
 821      7420696E 
 821      7400
 822              	.LASF4:
 823 024e 6C6F6E67 		.ascii	"long int\000"
 823      20696E74 
 823      00
 824              	.LASF26:
 825 0257 436F756E 		.ascii	"Counter_1_Enable\000"
 825      7465725F 
 825      315F456E 
 825      61626C65 
 825      00
 826              	.LASF15:
 827 0268 6C6F6E67 		.ascii	"long double\000"
 827      20646F75 
 827      626C6500 
 828              	.LASF0:
 829 0274 7369676E 		.ascii	"signed char\000"
 829      65642063 
 829      68617200 
 830              	.LASF25:
 831 0280 436F756E 		.ascii	"Counter_1_Stop\000"
 831      7465725F 
 831      315F5374 
ARM GAS  C:\Users\elias\AppData\Local\Temp\ccwDr4P1.s 			page 31


 831      6F7000
 832              		.comm	__gnu_lto_v1,1,1
 833              		.ident	"GCC: (GNU Tools for ARM Embedded Processors) 5.4.1 20160609 (release) [ARM/embedded-5-bran
