ARM GAS  C:\Users\elias\AppData\Local\Temp\ccLgEEjg.s 			page 1


   1              		.syntax unified
   2              		.cpu cortex-m3
   3              		.fpu softvfp
   4              		.eabi_attribute 20, 1
   5              		.eabi_attribute 21, 1
   6              		.eabi_attribute 23, 3
   7              		.eabi_attribute 24, 1
   8              		.eabi_attribute 25, 1
   9              		.eabi_attribute 26, 1
  10              		.eabi_attribute 30, 2
  11              		.eabi_attribute 34, 1
  12              		.eabi_attribute 18, 4
  13              		.thumb
  14              		.syntax unified
  15              		.file	"ctrl.c"
  16              		.text
  17              	.Ltext0:
  18              		.section	.gnu.lto_.profile.20d42d0e,"",%progbits
  19 0000 789C6361 		.ascii	"x\234ca`d`a`\000\222l,\000\000z\000\025"
  19      60646061 
  19      6000926C 
  19      2C00007A 
  19      0015
  20              		.text
  21              		.section	.gnu.lto_.icf.20d42d0e,"",%progbits
  22 0000 789C6361 		.ascii	"x\234ca`d\000\001>\006\004`b\270\373b\316#^\306%g>\177"
  22      60640001 
  22      3E060460 
  22      62B8FB62 
  22      CE235EC6 
  23 0018 E3630000 		.ascii	"\343c\000\0003\275\006\316"
  23      33BD06CE 
  24              		.text
  25              		.section	.gnu.lto_.jmpfuncs.20d42d0e,"",%progbits
  26 0000 789C6361 		.ascii	"x\234ca`d\000\001.\006\004`b`dd\254\007\211\003\000"
  26      60640001 
  26      2E060460 
  26      62606464 
  26      AC078903 
  27 0015 04360095 		.ascii	"\0046\000\225"
  28              		.text
  29              		.section	.gnu.lto_.inline.20d42d0e,"",%progbits
  30 0000 789C6361 		.ascii	"x\234ca`d\000\001\015\006\004`b``afd`b\272\300\317\300"
  30      60640001 
  30      0D060460 
  30      62606061 
  30      66646062 
  31 0018 B6409E09 		.ascii	"\266@\236\011$\306\210)\304\000\000L\242\003\225"
  31      24C68829 
  31      C400004C 
  31      A20395
  32              		.text
  33              		.section	.gnu.lto_.pureconst.20d42d0e,"",%progbits
  34 0000 789C6361 		.ascii	"x\234ca`d`e```b\220b\224\002\000\000\355\000B"
  34      60646065 
  34      60606062 
  34      90629402 
ARM GAS  C:\Users\elias\AppData\Local\Temp\ccLgEEjg.s 			page 2


  34      0000ED00 
  35              		.text
  36              		.section	.gnu.lto_ctrl_Write.20d42d0e,"",%progbits
  37 0000 789C254F 		.ascii	"x\234%O=K\003A\020\235\267{IN\202`\357!Z\305X\210 \376"
  37      3D4B0341 
  37      109DB77B 
  37      494E8260 
  37      EF215AC5 
  38 0018 020B5B31 		.ascii	"\002\013[1m@\344\274.\344\3408\353\354%9l\005\321B\014"
  38      6D40E4BC 
  38      2EE4E038 
  38      EBEC2539 
  38      6C05D142 
  39 002d A962E217 		.ascii	"\251b\342\027\022+\265:\256\262I\374\011&\026)\254\022"
  39      122BB53A 
  39      AEB249FC 
  39      09261629 
  39      AC12
  40 003f D14244E3 		.ascii	"\321BD\343l2\260\274\231a\336\307\032\004\3225\307\260"
  40      6C32B0BC 
  40      9961DEC7 
  40      1A04D235 
  40      C7B0
  41 0051 CC38CF0F 		.ascii	"\3148\317\017\222 \216\272D\201)\000\335(\023T\022("
  41      92208EBA 
  41      44812900 
  41      DD281354 
  41      1228
  42 0063 E14BFC0A 		.ascii	"\341K\374\012\304\207\203G\221m*\256^\343X\252V\204"
  42      C4878347 
  42      916D2AAE 
  42      5EE358AA 
  42      5684
  43 0075 50128DC5 		.ascii	"P\022\215\305D\211\320DV_ujAZ.\201\270\357^<\234\033"
  43      4489D044 
  43      565F756A 
  43      415A2E81 
  43      B8EF5E3C 
  44 008b 99865265 		.ascii	"\231\206Re\245^\363J\206\022hA2\003\353\026\326,\342"
  44      A55EF34A 
  44      86126841 
  44      3203EB16 
  44      D62CE2
  45 009e 05E11219 		.ascii	"\005\341\022\031}\374\326\376;\231MV\265\374\342T\024"
  45      7DFCD6FE 
  45      3B994D56 
  45      B5FCE254 
  45      14
  46 00af 5748EA98 		.ascii	"WH\352\230w;\221\032\217+*\252%\372\302\340l\232AC>"
  46      773B911A 
  46      8F2B2AAA 
  46      25FAC2E0 
  46      6C9A4143 
  47 00c4 D1214742 		.ascii	"\321!GBh\224\003\304g\243\346\212&\261\332i\030\277"
  47      689403C4 
  47      67A3E68A 
  47      26B1DA69 
ARM GAS  C:\Users\elias\AppData\Local\Temp\ccLgEEjg.s 			page 3


  47      18BF
  48 00d6 A43E4528 		.ascii	"\244>E(\305$Io\370\364=3\035?\236\003e\360\252\363\323"
  48      C524496F 
  48      F8F43D33 
  48      1D3F9E03 
  48      65F0AAF3 
  49 00eb BF37EBA8 		.ascii	"\2777\353\250\005\325@\251t(%n`\341\032\026\033\337"
  49      05D540A9 
  49      7428256E 
  49      60E11A16 
  49      1BDF
  50 00fd A28E8A14 		.ascii	"\242\216\212\024\364\216r\324Nh\311\311\027\207,\306"
  50      F48E72D4 
  50      4E68C9C9 
  50      17872CC6 
  51 010d 566CBCB0 		.ascii	"Vl\274\260\345\024\035o\317w\366ws\356\201g;\371\355"
  51      E5141D6F 
  51      CF77F677 
  51      73EE8167 
  51      3BF9ED
  52 0120 9CBBB991 		.ascii	"\234\273\271\221\267}\257\260jS\312v\213\276\347\026"
  52      B77DAFB0 
  52      6A53CA76 
  52      8BBEE716 
  53 0130 FE01FFC7 		.ascii	"\376\001\377\307l\222"
  53      6C92
  54              		.text
  55              		.section	.gnu.lto_ctrl_Read.20d42d0e,"",%progbits
  56 0000 789C6361 		.ascii	"x\234ca`d\000\201\033@\254\000\304\322@\314\310\314"
  56      60640081 
  56      1B40AC00 
  56      C4D240CC 
  56      C8CC
  57 0012 C0C834E1 		.ascii	"\300\3104\341\034\003C#\007\023##\210\321\300\301\310"
  57      1C034323 
  57      07132323 
  57      88D1C0C1 
  57      C8
  58 0023 50CFC458 		.ascii	"P\317\304X\317\370\225\351/\023\343\351\357'z\2704\227"
  58      CFF895E9 
  58      2F13E3E9 
  58      EF277AB8 
  58      3497
  59 0035 37343435 		.ascii	"7445<Xz\217y\372\212\003\214\255\314\014\014\377\231"
  59      3C587A8F 
  59      79FA8A03 
  59      8CADCC0C 
  59      0CFF99
  60 0048 18188D65 		.ascii	"\030\030\215e\030\015d@F,g\324d\000*}\264\361\337T^"
  60      180D6440 
  60      462C67D4 
  60      64002A7D 
  60      B4F1DF54 
  61 005d B6960620 		.ascii	"\266\226\006 P\000)\000\312\254`d\003Y\271>\350@\303"
  61      50002900 
  61      CAAC6064 
  61      0359B93E 
ARM GAS  C:\Users\elias\AppData\Local\Temp\ccLgEEjg.s 			page 4


  61      E840C3
  62 0070 FFFFCD0D 		.ascii	"\377\377\315\015\007\276\262~dffb\000\231\300\360\001"
  62      07BEB27E 
  62      64666662 
  62      0099C0F0 
  62      01
  63 0081 A80264DF 		.ascii	"\250\002d\337G&&\020\315\374\214\361\320\257\256{\307"
  63      47262610 
  63      CDFC8CF1 
  63      D0AFAE7B 
  63      C7
  64 0092 99419A9A 		.ascii	"\231A\232\232\231AvOk=t\236\375\013S+3##\310\374\007"
  64      9941764F 
  64      6B3D749E 
  64      FD0B532B 
  64      332323C8 
  65 00a8 1F76FDE4 		.ascii	"\037v\375\344\204p?\235hl`\001\012\235\375\375p\023"
  65      84703F9D 
  65      686C6001 
  65      0A9DFDFD 
  65      7013
  66 00ba C77CC6B9 		.ascii	"\307|\306\271\215-@W11\256b\224a\\\311\010t\023\343"
  66      8D2D4057 
  66      3131AE62 
  66      94615CC9 
  66      087413E3 
  67 00ce 6AC6F98C 		.ascii	"j\306\371\214\014\257\030\231\240\2061\200\355c\004"
  67      0CAF1899 
  67      A0863180 
  67      ED6304
  68 00dd D90364CB 		.ascii	"\331\003d\313\271\247\346\245\026%\226\244\246\304\007"
  68      B9A7E6A5 
  68      162596A4 
  68      A6C407
  69 00ec E7971625 		.ascii	"\347\227\026%\247\306\004\004\347;\233\306$\227\024"
  69      A7C60404 
  69      E73B9BC6 
  69      249714
  70 00fb E5E82533 		.ascii	"\345\350%3\000\000.\315X\201"
  70      00002ECD 
  70      5881
  71              		.text
  72              		.section	.gnu.lto_.symbol_nodes.20d42d0e,"",%progbits
  73 0000 789C6361 		.ascii	"x\234ca`dPa\000\002&\206z\006\206\011\347\030@\324\256"
  73      60645061 
  73      00022686 
  73      7A068609 
  73      E71840D4 
  74 0015 0645A000 		.ascii	"\006E\240\000c=#\212\000\003\000\217\325\007\236"
  74      633D238A 
  74      0003008F 
  74      D5079E
  75              		.text
  76              		.section	.gnu.lto_.refs.20d42d0e,"",%progbits
  77 0000 789C6361 		.ascii	"x\234ca`\004B \000\000\0009\000\007"
  77      60044220 
  77      00000039 
ARM GAS  C:\Users\elias\AppData\Local\Temp\ccLgEEjg.s 			page 5


  77      0007
  78              		.text
  79              		.section	.gnu.lto_.decls.20d42d0e,"",%progbits
  80 0000 789C8D52 		.ascii	"x\234\215RMHTQ\024\276\337{o\306\3519ZH\310,\2460W\256"
  80      4D485451 
  80      14BEDF7B 
  80      6FC6E939 
  80      5A48C82C 
  81 0018 862C0257 		.ascii	"\206,\002W\021\010\271\213H\264\215!:>L\012\215i\\\270"
  81      1108B98B 
  81      48B48D21 
  81      3A3E4C0A 
  81      8D695CB8 
  82 002c BB3623FD 		.ascii	"\2736#\375-\032!\253\211@kQcN\2165\2435\032\342&h#\030"
  82      2D1A21AB 
  82      89406B51 
  82      634E8E35 
  82      A3351AE2 
  83 0044 41101A09 		.ascii	"A\020\032\011c\013\311\"Q\004\0276\235{\337{\275\301"
  83      630BC922 
  83      51041736 
  83      9D7BDF7B 
  83      BDC1
  84 0056 46E8F0CE 		.ascii	"F\350\360\316}\347\334{\316\367\235s\356\325\030\230"
  84      7DE7DC7B 
  84      CEF79D73 
  84      EED51898 
  85 0066 90A0CAD8 		.ascii	"\220\240\312\330%\372\307H\363$\344\262f\346\210B\232"
  85      25FAC748 
  85      F324E4B2 
  85      66E68842 
  85      9A
  86 0077 269D62FF 		.ascii	"&\235b\377\212\330\327\254\370q\322\031\322\254u\006"
  86      8AD8D7AC 
  86      F871D219 
  86      D2AC7506 
  87 0087 EB7CB708 		.ascii	"\353|\267\010\034u\217\370b\034;\012\362\303\231;\236"
  87      1C758FF8 
  87      621C3B0A 
  87      F2C3993B 
  87      9E
  88 0098 457C86CA 		.ascii	"E|\206\312\254\242\031`\256\220\312L\225.\031\0123\015"
  88      ACA21960 
  88      AE90CA4C 
  88      952E190A 
  88      330D
  89 00aa 7BEBAF30 		.ascii	"{\353\2570+D\261M\007L~V>\362\266H\020\007\035V\222"
  89      2B44B14D 
  89      074C7E56 
  89      3EF2B648 
  89      10071D56 
  90 00bf E9DB755B 		.ascii	"\351\333u[IP\034\002\230\256\235Q\200\267\253\"\273"
  90      49501C02 
  90      98AE9D51 
  90      80B7AB22 
  90      BB
  91 00d0 669B468E 		.ascii	"f\233F\216[6=0=\273U\246*\020\366\327\355\304\351@\222"
ARM GAS  C:\Users\elias\AppData\Local\Temp\ccLgEEjg.s 			page 6


  91      5B363D30 
  91      3DBB55A6 
  91      2A10F6D7 
  91      EDC4E940 
  92 00e5 93C43857 		.ascii	"\223\3048W\0169\223I\015\254\214z6\025\370u\344!\374"
  92      0E399349 
  92      0DAC8C7A 
  92      3615F875 
  92      E421FC
  93 00f8 B5EC7699 		.ascii	"\265\354v\231\351\213\343\370`\356w\251Z)l\345cnlUC"
  93      E98BE3F8 
  93      60EE77A9 
  93      5A296CE5 
  93      636E6C55 
  94 010d 8DFE54C0 		.ascii	"\215\376T\300,o\257\234\314r~\000\343\320\221\204\212"
  94      2C6FAF9C 
  94      CC727E00 
  94      E3D09184 
  94      8A
  95 011e 5104440D 		.ascii	"Q\004D\015~\235\326\033\234_\343\277\236p\267\217\341"
  95      7E9DD61B 
  95      9C5FE3BF 
  95      9E70B78F 
  95      E1
  96 012f B81F47FD 		.ascii	"\270\037G\375\014/P#0E\024\306\340\307s\370\005\376"
  96      0C2F5023 
  96      304514C6 
  96      E0C773F8 
  96      05FE
  97 0141 B7FBC3DF 		.ascii	"\267\373\303\337\335\032\225,q\3325\261\367!:\361H\245"
  97      DD1A952C 
  97      71DA35B1 
  97      F7213AF1 
  97      48A5
  98 0153 122A7468 		.ascii	"\022*th\344\256\317?\314\225\223{PG\025\271\311\351"
  98      E4AECF3F 
  98      CC95937B 
  98      504715B9 
  98      C9E9
  99 0165 A535B7EF 		.ascii	"\2455\267\357\236l%\302\25344W\342%\001N\020 \303+\370"
  99      9E6C25C2 
  99      AB343457 
  99      E225014E 
  99      1020C32B 
 100 017a 684D4133 		.ascii	"hMA3\273\273>\2635[Z=\302G&\370\362\316\344\2618\237"
 100      BBBB3EB3 
 100      355B5A3D 
 100      C24726F8 
 100      F2CEE4B1 
 101 0190 8B529E22 		.ascii	"\213R\236\"\302\220p\212N\210w\301\360\014\2134\303"
 101      C290708A 
 101      4E8877C1 
 101      F00C8B34 
 101      C3
 102 01a1 34AA45E3 		.ascii	"4\252E\343w\327\037\270\324\013r\010\013\267\337E\366"
 102      77D71FB8 
 102      D40B7208 
ARM GAS  C:\Users\elias\AppData\Local\Temp\ccLgEEjg.s 			page 7


 102      0BB7DF45 
 102      F6
 103 01b2 17528A5A 		.ascii	"\027R\212Z\035\316I\311\331nQ\276\355\377\271\244\231"
 103      1DCE49C9 
 103      D96E51BE 
 103      EDFFB9A4 
 103      99
 104 01c3 94731B5F 		.ascii	"\224s\033_\274<\326\317\371)\021\203\214C\230)$\234"
 104      BC3CD6CF 
 104      F9291183 
 104      8C439829 
 104      249C
 105 01d5 92849BD1 		.ascii	"\222\204\233\321\215On\235&\027\371\277\311\315\257"
 105      8D4F6E9D 
 105      2617F9BF 
 105      C9CDAF
 106 01e4 3ECE97A8 		.ascii	">\316\227\250\235\362f\322C\361\241\022\3505E\262\247"
 106      9DF266D2 
 106      43F1A112 
 106      E83545B2 
 106      A7
 107 01f5 8B645B17 		.ascii	"\213d[\027\230l\032\274)\206\221\245n\3368\265\275\206"
 107      986C1ABC 
 107      298691A5 
 107      6EDE38B5 
 107      BD86
 108 0207 6E769259 		.ascii	"nv\222Y\370\221ryo\211\273\244\266+\336\227\313H\247"
 108      F8917279 
 108      6F89BBA4 
 108      B62BDE97 
 108      CB48A7
 109 021a EF1978E5 		.ascii	"\357\031x\345\263\023\177=\030\016]n=\037\352\012\033"
 109      B3137F3D 
 109      180E5D6E 
 109      3D1FEA0A 
 109      1B
 110 022b 9E86334D 		.ascii	"\236\2063MU\365\265\265\314\325\333\325\035\256;\322"
 110      55F5B5B5 
 110      CCD5DBD5 
 110      1DAE3BD2 
 111 023b 60741BA1 		.ascii	"`t\033\241\266\260\321\321\332\330\323\033\012\032-"
 111      B6B0D1D1 
 111      DAD8D31B 
 111      0A1A2D
 112 024a 671B7BEA 		.ascii	"g\033{\352O\264\004\373\302}W\214\253\201\213\354\360"
 112      4FB404FB 
 112      C27D578C 
 112      AB818BEC 
 112      F0
 113 025b 5E110419 		.ascii	"^\021\004\031\010\262}\022\372\234\321\326\241\205\214"
 113      08B27D12 
 113      FA9CD1D6 
 113      A1858C
 114 026a CEBA3FDF 		.ascii	"\316\272?\337/\004\273"
 114      2F04BB
 115              		.text
 116              		.section	.gnu.lto_.symtab.20d42d0e,"",%progbits
ARM GAS  C:\Users\elias\AppData\Local\Temp\ccLgEEjg.s 			page 8


 117 0000 6374726C 		.ascii	"ctrl_Write\000"
 117      5F577269 
 117      746500
 118 000b 00       		.ascii	"\000"
 119 000c 00       		.ascii	"\000"
 120 000d 00       		.ascii	"\000"
 121 000e 00000000 		.ascii	"\000\000\000\000\000\000\000\000"
 121      00000000 
 122 0016 B3000000 		.ascii	"\263\000\000\000"
 123 001a 6374726C 		.ascii	"ctrl_Read\000"
 123      5F526561 
 123      6400
 124 0024 00       		.ascii	"\000"
 125 0025 00       		.ascii	"\000"
 126 0026 00       		.ascii	"\000"
 127 0027 00000000 		.ascii	"\000\000\000\000\000\000\000\000"
 127      00000000 
 128 002f B6000000 		.ascii	"\266\000\000\000"
 129              		.text
 130              		.section	.gnu.lto_.opts,"",%progbits
 131 0000 272D666D 		.ascii	"'-fmath-errno' '-fsigned-zeros' '-ftrapping-math' '"
 131      6174682D 
 131      6572726E 
 131      6F272027 
 131      2D667369 
 132 0033 2D666E6F 		.ascii	"-fno-trapv' '-fno-openmp' '-fno-openacc' '-mcpu=cor"
 132      2D747261 
 132      70762720 
 132      272D666E 
 132      6F2D6F70 
 133 0066 7465782D 		.ascii	"tex-m3' '-mthumb' '-g' '-O3' '-ffunction-sections' "
 133      6D332720 
 133      272D6D74 
 133      68756D62 
 133      2720272D 
 134 0099 272D6666 		.ascii	"'-ffat-lto-objects' '-finline-functions' '-flto'\000"
 134      61742D6C 
 134      746F2D6F 
 134      626A6563 
 134      74732720 
 135              		.text
 136              		.cfi_sections	.debug_frame
 137              		.section	.text.ctrl_Write,"ax",%progbits
 138              		.align	2
 139              		.global	ctrl_Write
 140              		.thumb
 141              		.thumb_func
 142              		.type	ctrl_Write, %function
 143              	ctrl_Write:
 144              	.LFB0:
 145              		.file 1 "Generated_Source\\PSoC5\\ctrl.c"
   1:Generated_Source\PSoC5/ctrl.c **** /*******************************************************************************
   2:Generated_Source\PSoC5/ctrl.c **** * File Name: ctrl.c  
   3:Generated_Source\PSoC5/ctrl.c **** * Version 1.80
   4:Generated_Source\PSoC5/ctrl.c **** *
   5:Generated_Source\PSoC5/ctrl.c **** * Description:
   6:Generated_Source\PSoC5/ctrl.c **** *  This file contains API to enable firmware control of a Control Register.
ARM GAS  C:\Users\elias\AppData\Local\Temp\ccLgEEjg.s 			page 9


   7:Generated_Source\PSoC5/ctrl.c **** *
   8:Generated_Source\PSoC5/ctrl.c **** * Note:
   9:Generated_Source\PSoC5/ctrl.c **** *
  10:Generated_Source\PSoC5/ctrl.c **** ********************************************************************************
  11:Generated_Source\PSoC5/ctrl.c **** * Copyright 2008-2015, Cypress Semiconductor Corporation.  All rights reserved.
  12:Generated_Source\PSoC5/ctrl.c **** * You may use this file only in accordance with the license, terms, conditions, 
  13:Generated_Source\PSoC5/ctrl.c **** * disclaimers, and limitations in the end user license agreement accompanying 
  14:Generated_Source\PSoC5/ctrl.c **** * the software package with which this file was provided.
  15:Generated_Source\PSoC5/ctrl.c **** *******************************************************************************/
  16:Generated_Source\PSoC5/ctrl.c **** 
  17:Generated_Source\PSoC5/ctrl.c **** #include "ctrl.h"
  18:Generated_Source\PSoC5/ctrl.c **** 
  19:Generated_Source\PSoC5/ctrl.c **** /* Check for removal by optimization */
  20:Generated_Source\PSoC5/ctrl.c **** #if !defined(ctrl_Sync_ctrl_reg__REMOVED)
  21:Generated_Source\PSoC5/ctrl.c **** 
  22:Generated_Source\PSoC5/ctrl.c ****     
  23:Generated_Source\PSoC5/ctrl.c **** /*******************************************************************************
  24:Generated_Source\PSoC5/ctrl.c **** * Function Name: ctrl_Write
  25:Generated_Source\PSoC5/ctrl.c **** ********************************************************************************
  26:Generated_Source\PSoC5/ctrl.c **** *
  27:Generated_Source\PSoC5/ctrl.c **** * Summary:
  28:Generated_Source\PSoC5/ctrl.c **** *  Write a byte to the Control Register.
  29:Generated_Source\PSoC5/ctrl.c **** *
  30:Generated_Source\PSoC5/ctrl.c **** * Parameters:
  31:Generated_Source\PSoC5/ctrl.c **** *  control:  The value to be assigned to the Control Register.
  32:Generated_Source\PSoC5/ctrl.c **** *
  33:Generated_Source\PSoC5/ctrl.c **** * Return:
  34:Generated_Source\PSoC5/ctrl.c **** *  None.
  35:Generated_Source\PSoC5/ctrl.c **** *
  36:Generated_Source\PSoC5/ctrl.c **** *******************************************************************************/
  37:Generated_Source\PSoC5/ctrl.c **** void ctrl_Write(uint8 control) 
  38:Generated_Source\PSoC5/ctrl.c **** {
 146              		.loc 1 38 0
 147              		.cfi_startproc
 148              		@ args = 0, pretend = 0, frame = 0
 149              		@ frame_needed = 0, uses_anonymous_args = 0
 150              		@ link register save eliminated.
 151              	.LVL0:
  39:Generated_Source\PSoC5/ctrl.c ****     ctrl_Control = control;
 152              		.loc 1 39 0
 153 0000 014B     		ldr	r3, .L2
 154 0002 1870     		strb	r0, [r3]
 155 0004 7047     		bx	lr
 156              	.L3:
 157 0006 00BF     		.align	2
 158              	.L2:
 159 0008 72640040 		.word	1073767538
 160              		.cfi_endproc
 161              	.LFE0:
 162              		.size	ctrl_Write, .-ctrl_Write
 163              		.section	.text.ctrl_Read,"ax",%progbits
 164              		.align	2
 165              		.global	ctrl_Read
 166              		.thumb
 167              		.thumb_func
 168              		.type	ctrl_Read, %function
 169              	ctrl_Read:
ARM GAS  C:\Users\elias\AppData\Local\Temp\ccLgEEjg.s 			page 10


 170              	.LFB1:
  40:Generated_Source\PSoC5/ctrl.c **** }
  41:Generated_Source\PSoC5/ctrl.c **** 
  42:Generated_Source\PSoC5/ctrl.c **** 
  43:Generated_Source\PSoC5/ctrl.c **** /*******************************************************************************
  44:Generated_Source\PSoC5/ctrl.c **** * Function Name: ctrl_Read
  45:Generated_Source\PSoC5/ctrl.c **** ********************************************************************************
  46:Generated_Source\PSoC5/ctrl.c **** *
  47:Generated_Source\PSoC5/ctrl.c **** * Summary:
  48:Generated_Source\PSoC5/ctrl.c **** *  Reads the current value assigned to the Control Register.
  49:Generated_Source\PSoC5/ctrl.c **** *
  50:Generated_Source\PSoC5/ctrl.c **** * Parameters:
  51:Generated_Source\PSoC5/ctrl.c **** *  None.
  52:Generated_Source\PSoC5/ctrl.c **** *
  53:Generated_Source\PSoC5/ctrl.c **** * Return:
  54:Generated_Source\PSoC5/ctrl.c **** *  Returns the current value in the Control Register.
  55:Generated_Source\PSoC5/ctrl.c **** *
  56:Generated_Source\PSoC5/ctrl.c **** *******************************************************************************/
  57:Generated_Source\PSoC5/ctrl.c **** uint8 ctrl_Read(void) 
  58:Generated_Source\PSoC5/ctrl.c **** {
 171              		.loc 1 58 0
 172              		.cfi_startproc
 173              		@ args = 0, pretend = 0, frame = 0
 174              		@ frame_needed = 0, uses_anonymous_args = 0
 175              		@ link register save eliminated.
  59:Generated_Source\PSoC5/ctrl.c ****     return ctrl_Control;
 176              		.loc 1 59 0
 177 0000 014B     		ldr	r3, .L5
 178 0002 1878     		ldrb	r0, [r3]	@ zero_extendqisi2
  60:Generated_Source\PSoC5/ctrl.c **** }
 179              		.loc 1 60 0
 180 0004 7047     		bx	lr
 181              	.L6:
 182 0006 00BF     		.align	2
 183              	.L5:
 184 0008 72640040 		.word	1073767538
 185              		.cfi_endproc
 186              	.LFE1:
 187              		.size	ctrl_Read, .-ctrl_Read
 188              		.text
 189              	.Letext0:
 190              		.file 2 "Generated_Source\\PSoC5\\cytypes.h"
 191              		.section	.debug_info,"",%progbits
 192              	.Ldebug_info0:
 193 0000 D2000000 		.4byte	0xd2
 194 0004 0400     		.2byte	0x4
 195 0006 00000000 		.4byte	.Ldebug_abbrev0
 196 000a 04       		.byte	0x4
 197 000b 01       		.uleb128 0x1
 198 000c 27000000 		.4byte	.LASF14
 199 0010 0C       		.byte	0xc
 200 0011 1A010000 		.4byte	.LASF15
 201 0015 E0000000 		.4byte	.LASF16
 202 0019 00000000 		.4byte	.Ldebug_ranges0+0
 203 001d 00000000 		.4byte	0
 204 0021 00000000 		.4byte	.Ldebug_line0
 205 0025 02       		.uleb128 0x2
ARM GAS  C:\Users\elias\AppData\Local\Temp\ccLgEEjg.s 			page 11


 206 0026 01       		.byte	0x1
 207 0027 06       		.byte	0x6
 208 0028 A7010000 		.4byte	.LASF0
 209 002c 02       		.uleb128 0x2
 210 002d 01       		.byte	0x1
 211 002e 08       		.byte	0x8
 212 002f 19000000 		.4byte	.LASF1
 213 0033 02       		.uleb128 0x2
 214 0034 02       		.byte	0x2
 215 0035 05       		.byte	0x5
 216 0036 8E010000 		.4byte	.LASF2
 217 003a 02       		.uleb128 0x2
 218 003b 02       		.byte	0x2
 219 003c 07       		.byte	0x7
 220 003d 00000000 		.4byte	.LASF3
 221 0041 02       		.uleb128 0x2
 222 0042 04       		.byte	0x4
 223 0043 05       		.byte	0x5
 224 0044 9E010000 		.4byte	.LASF4
 225 0048 02       		.uleb128 0x2
 226 0049 04       		.byte	0x4
 227 004a 07       		.byte	0x7
 228 004b CE000000 		.4byte	.LASF5
 229 004f 02       		.uleb128 0x2
 230 0050 08       		.byte	0x8
 231 0051 05       		.byte	0x5
 232 0052 7B010000 		.4byte	.LASF6
 233 0056 02       		.uleb128 0x2
 234 0057 08       		.byte	0x8
 235 0058 07       		.byte	0x7
 236 0059 5F010000 		.4byte	.LASF7
 237 005d 03       		.uleb128 0x3
 238 005e 04       		.byte	0x4
 239 005f 05       		.byte	0x5
 240 0060 696E7400 		.ascii	"int\000"
 241 0064 02       		.uleb128 0x2
 242 0065 04       		.byte	0x4
 243 0066 07       		.byte	0x7
 244 0067 52010000 		.4byte	.LASF8
 245 006b 04       		.uleb128 0x4
 246 006c 98010000 		.4byte	.LASF12
 247 0070 02       		.byte	0x2
 248 0071 E901     		.2byte	0x1e9
 249 0073 2C000000 		.4byte	0x2c
 250 0077 02       		.uleb128 0x2
 251 0078 04       		.byte	0x4
 252 0079 04       		.byte	0x4
 253 007a 13000000 		.4byte	.LASF9
 254 007e 02       		.uleb128 0x2
 255 007f 08       		.byte	0x8
 256 0080 04       		.byte	0x4
 257 0081 4B010000 		.4byte	.LASF10
 258 0085 02       		.uleb128 0x2
 259 0086 01       		.byte	0x1
 260 0087 08       		.byte	0x8
 261 0088 89010000 		.4byte	.LASF11
 262 008c 04       		.uleb128 0x4
ARM GAS  C:\Users\elias\AppData\Local\Temp\ccLgEEjg.s 			page 12


 263 008d 76010000 		.4byte	.LASF13
 264 0091 02       		.byte	0x2
 265 0092 9302     		.2byte	0x293
 266 0094 98000000 		.4byte	0x98
 267 0098 05       		.uleb128 0x5
 268 0099 6B000000 		.4byte	0x6b
 269 009d 06       		.uleb128 0x6
 270 009e 40010000 		.4byte	.LASF17
 271 00a2 01       		.byte	0x1
 272 00a3 25       		.byte	0x25
 273 00a4 00000000 		.4byte	.LFB0
 274 00a8 0C000000 		.4byte	.LFE0-.LFB0
 275 00ac 01       		.uleb128 0x1
 276 00ad 9C       		.byte	0x9c
 277 00ae C0000000 		.4byte	0xc0
 278 00b2 07       		.uleb128 0x7
 279 00b3 38010000 		.4byte	.LASF18
 280 00b7 01       		.byte	0x1
 281 00b8 25       		.byte	0x25
 282 00b9 6B000000 		.4byte	0x6b
 283 00bd 01       		.uleb128 0x1
 284 00be 50       		.byte	0x50
 285 00bf 00       		.byte	0
 286 00c0 08       		.uleb128 0x8
 287 00c1 B3010000 		.4byte	.LASF19
 288 00c5 01       		.byte	0x1
 289 00c6 39       		.byte	0x39
 290 00c7 6B000000 		.4byte	0x6b
 291 00cb 00000000 		.4byte	.LFB1
 292 00cf 0C000000 		.4byte	.LFE1-.LFB1
 293 00d3 01       		.uleb128 0x1
 294 00d4 9C       		.byte	0x9c
 295 00d5 00       		.byte	0
 296              		.section	.debug_abbrev,"",%progbits
 297              	.Ldebug_abbrev0:
 298 0000 01       		.uleb128 0x1
 299 0001 11       		.uleb128 0x11
 300 0002 01       		.byte	0x1
 301 0003 25       		.uleb128 0x25
 302 0004 0E       		.uleb128 0xe
 303 0005 13       		.uleb128 0x13
 304 0006 0B       		.uleb128 0xb
 305 0007 03       		.uleb128 0x3
 306 0008 0E       		.uleb128 0xe
 307 0009 1B       		.uleb128 0x1b
 308 000a 0E       		.uleb128 0xe
 309 000b 55       		.uleb128 0x55
 310 000c 17       		.uleb128 0x17
 311 000d 11       		.uleb128 0x11
 312 000e 01       		.uleb128 0x1
 313 000f 10       		.uleb128 0x10
 314 0010 17       		.uleb128 0x17
 315 0011 00       		.byte	0
 316 0012 00       		.byte	0
 317 0013 02       		.uleb128 0x2
 318 0014 24       		.uleb128 0x24
 319 0015 00       		.byte	0
ARM GAS  C:\Users\elias\AppData\Local\Temp\ccLgEEjg.s 			page 13


 320 0016 0B       		.uleb128 0xb
 321 0017 0B       		.uleb128 0xb
 322 0018 3E       		.uleb128 0x3e
 323 0019 0B       		.uleb128 0xb
 324 001a 03       		.uleb128 0x3
 325 001b 0E       		.uleb128 0xe
 326 001c 00       		.byte	0
 327 001d 00       		.byte	0
 328 001e 03       		.uleb128 0x3
 329 001f 24       		.uleb128 0x24
 330 0020 00       		.byte	0
 331 0021 0B       		.uleb128 0xb
 332 0022 0B       		.uleb128 0xb
 333 0023 3E       		.uleb128 0x3e
 334 0024 0B       		.uleb128 0xb
 335 0025 03       		.uleb128 0x3
 336 0026 08       		.uleb128 0x8
 337 0027 00       		.byte	0
 338 0028 00       		.byte	0
 339 0029 04       		.uleb128 0x4
 340 002a 16       		.uleb128 0x16
 341 002b 00       		.byte	0
 342 002c 03       		.uleb128 0x3
 343 002d 0E       		.uleb128 0xe
 344 002e 3A       		.uleb128 0x3a
 345 002f 0B       		.uleb128 0xb
 346 0030 3B       		.uleb128 0x3b
 347 0031 05       		.uleb128 0x5
 348 0032 49       		.uleb128 0x49
 349 0033 13       		.uleb128 0x13
 350 0034 00       		.byte	0
 351 0035 00       		.byte	0
 352 0036 05       		.uleb128 0x5
 353 0037 35       		.uleb128 0x35
 354 0038 00       		.byte	0
 355 0039 49       		.uleb128 0x49
 356 003a 13       		.uleb128 0x13
 357 003b 00       		.byte	0
 358 003c 00       		.byte	0
 359 003d 06       		.uleb128 0x6
 360 003e 2E       		.uleb128 0x2e
 361 003f 01       		.byte	0x1
 362 0040 3F       		.uleb128 0x3f
 363 0041 19       		.uleb128 0x19
 364 0042 03       		.uleb128 0x3
 365 0043 0E       		.uleb128 0xe
 366 0044 3A       		.uleb128 0x3a
 367 0045 0B       		.uleb128 0xb
 368 0046 3B       		.uleb128 0x3b
 369 0047 0B       		.uleb128 0xb
 370 0048 27       		.uleb128 0x27
 371 0049 19       		.uleb128 0x19
 372 004a 11       		.uleb128 0x11
 373 004b 01       		.uleb128 0x1
 374 004c 12       		.uleb128 0x12
 375 004d 06       		.uleb128 0x6
 376 004e 40       		.uleb128 0x40
ARM GAS  C:\Users\elias\AppData\Local\Temp\ccLgEEjg.s 			page 14


 377 004f 18       		.uleb128 0x18
 378 0050 9742     		.uleb128 0x2117
 379 0052 19       		.uleb128 0x19
 380 0053 01       		.uleb128 0x1
 381 0054 13       		.uleb128 0x13
 382 0055 00       		.byte	0
 383 0056 00       		.byte	0
 384 0057 07       		.uleb128 0x7
 385 0058 05       		.uleb128 0x5
 386 0059 00       		.byte	0
 387 005a 03       		.uleb128 0x3
 388 005b 0E       		.uleb128 0xe
 389 005c 3A       		.uleb128 0x3a
 390 005d 0B       		.uleb128 0xb
 391 005e 3B       		.uleb128 0x3b
 392 005f 0B       		.uleb128 0xb
 393 0060 49       		.uleb128 0x49
 394 0061 13       		.uleb128 0x13
 395 0062 02       		.uleb128 0x2
 396 0063 18       		.uleb128 0x18
 397 0064 00       		.byte	0
 398 0065 00       		.byte	0
 399 0066 08       		.uleb128 0x8
 400 0067 2E       		.uleb128 0x2e
 401 0068 00       		.byte	0
 402 0069 3F       		.uleb128 0x3f
 403 006a 19       		.uleb128 0x19
 404 006b 03       		.uleb128 0x3
 405 006c 0E       		.uleb128 0xe
 406 006d 3A       		.uleb128 0x3a
 407 006e 0B       		.uleb128 0xb
 408 006f 3B       		.uleb128 0x3b
 409 0070 0B       		.uleb128 0xb
 410 0071 27       		.uleb128 0x27
 411 0072 19       		.uleb128 0x19
 412 0073 49       		.uleb128 0x49
 413 0074 13       		.uleb128 0x13
 414 0075 11       		.uleb128 0x11
 415 0076 01       		.uleb128 0x1
 416 0077 12       		.uleb128 0x12
 417 0078 06       		.uleb128 0x6
 418 0079 40       		.uleb128 0x40
 419 007a 18       		.uleb128 0x18
 420 007b 9742     		.uleb128 0x2117
 421 007d 19       		.uleb128 0x19
 422 007e 00       		.byte	0
 423 007f 00       		.byte	0
 424 0080 00       		.byte	0
 425              		.section	.debug_aranges,"",%progbits
 426 0000 24000000 		.4byte	0x24
 427 0004 0200     		.2byte	0x2
 428 0006 00000000 		.4byte	.Ldebug_info0
 429 000a 04       		.byte	0x4
 430 000b 00       		.byte	0
 431 000c 0000     		.2byte	0
 432 000e 0000     		.2byte	0
 433 0010 00000000 		.4byte	.LFB0
ARM GAS  C:\Users\elias\AppData\Local\Temp\ccLgEEjg.s 			page 15


 434 0014 0C000000 		.4byte	.LFE0-.LFB0
 435 0018 00000000 		.4byte	.LFB1
 436 001c 0C000000 		.4byte	.LFE1-.LFB1
 437 0020 00000000 		.4byte	0
 438 0024 00000000 		.4byte	0
 439              		.section	.debug_ranges,"",%progbits
 440              	.Ldebug_ranges0:
 441 0000 00000000 		.4byte	.LFB0
 442 0004 0C000000 		.4byte	.LFE0
 443 0008 00000000 		.4byte	.LFB1
 444 000c 0C000000 		.4byte	.LFE1
 445 0010 00000000 		.4byte	0
 446 0014 00000000 		.4byte	0
 447              		.section	.debug_line,"",%progbits
 448              	.Ldebug_line0:
 449 0000 68000000 		.section	.debug_str,"MS",%progbits,1
 449      02004100 
 449      00000201 
 449      FB0E0D00 
 449      01010101 
 450              	.LASF3:
 451 0000 73686F72 		.ascii	"short unsigned int\000"
 451      7420756E 
 451      7369676E 
 451      65642069 
 451      6E7400
 452              	.LASF9:
 453 0013 666C6F61 		.ascii	"float\000"
 453      7400
 454              	.LASF1:
 455 0019 756E7369 		.ascii	"unsigned char\000"
 455      676E6564 
 455      20636861 
 455      7200
 456              	.LASF14:
 457 0027 474E5520 		.ascii	"GNU C11 5.4.1 20160609 (release) [ARM/embedded-5-br"
 457      43313120 
 457      352E342E 
 457      31203230 
 457      31363036 
 458 005a 616E6368 		.ascii	"anch revision 237715] -mcpu=cortex-m3 -mthumb -g -O"
 458      20726576 
 458      6973696F 
 458      6E203233 
 458      37373135 
 459 008d 33202D66 		.ascii	"3 -ffunction-sections -ffat-lto-objects -finline-fu"
 459      66756E63 
 459      74696F6E 
 459      2D736563 
 459      74696F6E 
 460 00c0 6E637469 		.ascii	"nctions -flto\000"
 460      6F6E7320 
 460      2D666C74 
 460      6F00
 461              	.LASF5:
 462 00ce 6C6F6E67 		.ascii	"long unsigned int\000"
 462      20756E73 
ARM GAS  C:\Users\elias\AppData\Local\Temp\ccLgEEjg.s 			page 16


 462      69676E65 
 462      6420696E 
 462      7400
 463              	.LASF16:
 464 00e0 433A5C47 		.ascii	"C:\\Github\\Tesis\\src\\psoc\\AcondicionamientoAnal"
 464      69746875 
 464      625C5465 
 464      7369735C 
 464      7372635C 
 465 010e 6F676963 		.ascii	"ogico.cydsn\000"
 465      6F2E6379 
 465      64736E00 
 466              	.LASF15:
 467 011a 47656E65 		.ascii	"Generated_Source\\PSoC5\\ctrl.c\000"
 467      72617465 
 467      645F536F 
 467      75726365 
 467      5C50536F 
 468              	.LASF18:
 469 0138 636F6E74 		.ascii	"control\000"
 469      726F6C00 
 470              	.LASF17:
 471 0140 6374726C 		.ascii	"ctrl_Write\000"
 471      5F577269 
 471      746500
 472              	.LASF10:
 473 014b 646F7562 		.ascii	"double\000"
 473      6C6500
 474              	.LASF8:
 475 0152 756E7369 		.ascii	"unsigned int\000"
 475      676E6564 
 475      20696E74 
 475      00
 476              	.LASF7:
 477 015f 6C6F6E67 		.ascii	"long long unsigned int\000"
 477      206C6F6E 
 477      6720756E 
 477      7369676E 
 477      65642069 
 478              	.LASF13:
 479 0176 72656738 		.ascii	"reg8\000"
 479      00
 480              	.LASF6:
 481 017b 6C6F6E67 		.ascii	"long long int\000"
 481      206C6F6E 
 481      6720696E 
 481      7400
 482              	.LASF11:
 483 0189 63686172 		.ascii	"char\000"
 483      00
 484              	.LASF2:
 485 018e 73686F72 		.ascii	"short int\000"
 485      7420696E 
 485      7400
 486              	.LASF12:
 487 0198 75696E74 		.ascii	"uint8\000"
 487      3800
ARM GAS  C:\Users\elias\AppData\Local\Temp\ccLgEEjg.s 			page 17


 488              	.LASF4:
 489 019e 6C6F6E67 		.ascii	"long int\000"
 489      20696E74 
 489      00
 490              	.LASF0:
 491 01a7 7369676E 		.ascii	"signed char\000"
 491      65642063 
 491      68617200 
 492              	.LASF19:
 493 01b3 6374726C 		.ascii	"ctrl_Read\000"
 493      5F526561 
 493      6400
 494              		.comm	__gnu_lto_v1,1,1
 495              		.ident	"GCC: (GNU Tools for ARM Embedded Processors) 5.4.1 20160609 (release) [ARM/embedded-5-bran
