ARM GAS  C:\Users\elias\AppData\Local\Temp\ccq4WmeO.s 			page 1


   1              		.syntax unified
   2              		.cpu cortex-m3
   3              		.fpu softvfp
   4              		.eabi_attribute 20, 1
   5              		.eabi_attribute 21, 1
   6              		.eabi_attribute 23, 3
   7              		.eabi_attribute 24, 1
   8              		.eabi_attribute 25, 1
   9              		.eabi_attribute 26, 1
  10              		.eabi_attribute 30, 2
  11              		.eabi_attribute 34, 1
  12              		.eabi_attribute 18, 4
  13              		.thumb
  14              		.syntax unified
  15              		.file	"DMA_Filter_RAM_Lote_dma.c"
  16              		.text
  17              	.Ltext0:
  18              		.section	.gnu.lto_.profile.dcc5e36a,"",%progbits
  19 0000 789C6361 		.ascii	"x\234ca`d`a`\000\222\266\342\000\000\373\000_"
  19      60646061 
  19      600092B6 
  19      E20000FB 
  19      005F
  20              		.text
  21              		.section	.gnu.lto_.icf.dcc5e36a,"",%progbits
  22 0000 789C6361 		.ascii	"x\234ca`d\000\001\021\006\004`f8\265\357\347c^\306\356"
  22      60640001 
  22      11060460 
  22      6638B5EF 
  22      E7635EC6 
  23 0015 396D3758 		.ascii	"9m7X\231n\256\3765\235\223\001\000d\212\0119"
  23      996EAEFE 
  23      359D9301 
  23      00648A09 
  23      39
  24              		.text
  25              		.section	.gnu.lto_.jmpfuncs.dcc5e36a,"",%progbits
  26 0000 789C458D 		.ascii	"x\234E\2151\012\2000\020\004w/\301*\222\017\370\321"
  26      310A8030 
  26      1004772F 
  26      C12A920F 
  26      F8D1
  27 0012 3C206F89 		.ascii	"< o\211V\332\332\211\340o\254D\020\013\321\\R\270\034"
  27      56DADA89 
  27      E06FAC44 
  27      100BD15C 
  27      52B81C
  28 0025 7BDC32EC 		.ascii	"{\3342\354Y\020\252\210_\002\313,\257f\363\315G\270"
  28      5910AA88 
  28      5F02CB2C 
  28      AF66F3CD 
  28      47B8
  29 0037 BDD7E24F 		.ascii	"\275\327\342O\211\006\024&v@\243d\220\342&\273Sl=\246"
  29      89061426 
  29      7640A364 
  29      90E226BB 
  29      536C3DA6 
ARM GAS  C:\Users\elias\AppData\Local\Temp\ccq4WmeO.s 			page 2


  30 004b E42A66D8 		.ascii	"\344*f\330+&\241T\006}\303\032)8\356\363\335V\020\034"
  30      2B26A154 
  30      067DC31A 
  30      2938EEF3 
  30      DD56101C 
  31 005f 4A5A9794 		.ascii	"JZ\227\224\001>\215\013\030\025"
  31      013E8D0B 
  31      1815
  32              		.text
  33              		.section	.gnu.lto_.inline.dcc5e36a,"",%progbits
  34 0000 789C6361 		.ascii	"x\234ca`d\000\001\177\006\004`b`\020\325gd`\3428`\307"
  34      60640001 
  34      7F060460 
  34      626010D5 
  34      676460E2 
  35 0017 C0B6409E 		.ascii	"\300\266@\236\011$\306\314\003\024\237\340\307\300\302"
  35      0924C6CC 
  35      03149FE0 
  35      C7C0C2
  36 0026 0B644FF0 		.ascii	"\013dO\360\003Av\001\006\0066\006\020\013\254\207\215"
  36      03417601 
  36      06063606 
  36      100BAC87 
  36      8D
  37 0037 0FA885E9 		.ascii	"\017\250\205\351\002?\\\013\0237\003\003#P\022\000\264"
  37      023F5C0B 
  37      13370303 
  37      23501200 
  37      B4
  38 0048 960A8E   		.ascii	"\226\012\216"
  39              		.text
  40              		.section	.gnu.lto_.pureconst.dcc5e36a,"",%progbits
  41 0000 789C6361 		.ascii	"x\234ca`d`e```b\220`\222\000\000\000\347\000?"
  41      60646065 
  41      60606062 
  41      90609200 
  41      0000E700 
  42              		.text
  43              		.section	.gnu.lto_DMA_Filter_RAM_Lote_DmaInitialize.dcc5e36a,"",%progbits
  44 0000 789C9592 		.ascii	"x\234\225\222ML\023A\024\307\347\315\264\335\262\375"
  44      4D4C1341 
  44      14C7E7CD 
  44      B4DDB2FD 
  45 0010 809B077B 		.ascii	"\200\233\007{\360\206\\\014FM\274\231\012\321\213\230"
  45      F0865C0C 
  45      464DBC99 
  45      0AD18B98 
  46 0020 06E20D6D 		.ascii	"\006\342\015m\010\335\203\211R\334\226s\007jU\022\017"
  46      08DD8389 
  46      52DC9673 
  46      076A5512 
  46      0F
  47 0031 1201F580 		.ascii	"\022\001\365\200D\015\001\025)\370]Th\3613\261\221\240"
  47      440D0115 
  47      29F85D54 
  47      68F133B1 
  47      91A0
ARM GAS  C:\Users\elias\AppData\Local\Temp\ccq4WmeO.s 			page 3


  48 0043 78D283F1 		.ascii	"x\322\203\361@\014!\201\222\002\321\004\327\367\246"
  48      400C2181 
  48      9202D104 
  48      D7F7A6
  49 0052 B59AC085 		.ascii	"\265\232\300\205M6;\373\366\375\377\377\337\233\035"
  49      4D363BFB 
  49      F6FDFFFF 
  49      DF9B1D
  50 0061 1B0346D7 		.ascii	"\033\003F\327\210`\254\005\237\333\361\006\301\200_"
  50      8860AC05 
  50      9FDBF106 
  50      C1805F
  51 0070 FAC058BB 		.ascii	"\372\300X\273\223\003\320B:\201\3058\304`\205\257sx"
  51      9303D042 
  51      3A81C538 
  51      C46085AF 
  51      7378
  52 0082 BFF6EEA2 		.ascii	"\277\366\356\242^5(e\207\3746\260\274\377\312P\032\022"
  52      5E352865 
  52      87FC36B0 
  52      BCFFCA50 
  52      1A12
  53 0094 28B73883 		.ascii	"(\2678\203=>\250\366\221\305 Ta\347\354\360t\247W\354"
  53      3D3EA8F6 
  53      91C52054 
  53      61E7ECF0 
  53      74A757EC 
  54 00a8 0586EBEB 		.ascii	"\005\206\353\353\335\331\274\250\034 \225\234<.\005"
  54      DDD9BCA8 
  54      1C20959C 
  54      3C2E05
  55 00b7 4A6008C4 		.ascii	"J`\010\304?\025y\300m\250\304\336\305O7\267\211\003"
  55      3F1579C0 
  55      6DA8C4DE 
  55      C54F37B7 
  55      8903
  56 00c9 4AD6D5FF 		.ascii	"J\326\325\377v\336^\224]~\343\222\325\244\273\263Aw"
  56      76DE5E94 
  56      5D7EE392 
  56      D5A4BBB3 
  56      4177
  57 00db 57E95E5B 		.ascii	"W\351^[k\351\362<O\010\000\002\375\270\224\355s\321"
  57      6BE9F23C 
  57      4F080002 
  57      FDB894ED 
  57      73D1
  58 00ed 2B870A7C 		.ascii	"+\207\012|]\270uc\326-\216*\333\216\365\345\011o\321"
  58      5DB87563 
  58      D62D8E2A 
  58      DB8EF5E5 
  58      096FD1
  59 0100 3677CE2D 		.ascii	"6w\316-\003\011!`\244`{\017|0\014d\214QIe<\376kn\321"
  59      03092160 
  59      A4607B0F 
  59      7C300C64 
  59      8C514965 
  60 0119 2B4E2869 		.ascii	"+N(i\367\313\224\365\227h\346|Q:\272\211t\014*\251\377"
ARM GAS  C:\Users\elias\AppData\Local\Temp\ccq4WmeO.s 			page 4


  60      F7CB94F5 
  60      9768E67C 
  60      513ABA89 
  60      740C2AA9 
  61 012e FBD8EF1E 		.ascii	"\373\330\357\036\217\343\254\304k\007m\022\322\336\007"
  61      8FE3ACC4 
  61      6B076D12 
  61      D2DE07
  62 013d 076D7BB2 		.ascii	"\007m{\262>--+.\323=Z\346\253\346Aj\034\337\0064\214"
  62      3E2D2D2B 
  62      2ED33D5A 
  62      E6ABE641 
  62      6A1CDF06 
  63 0153 032D6C1A 		.ascii	"\003-l\032P\274\023\310I\247\202[\015\313\226\320\204"
  63      50BC13C8 
  63      49A7825B 
  63      0DCB96D0 
  63      84
  64 0164 7E4B8E73 		.ascii	"~K\216sz\2129\350\310/\315\215\225\221/\006\366&\246"
  64      7A8A39E8 
  64      C82FCD8D 
  64      95912F06 
  64      F626A6
  65 0177 A6351ADB 		.ascii	"\2465\032\333\256xS\251\205/Zl]^\220\262\002k\235\344"
  65      AE7853A9 
  65      852F5A6C 
  65      5D5E90B2 
  65      026B9DE4 
  66 018b 80E5F9EC 		.ascii	"\200\345\371\354\347Wz?\364\265KUg\360\020\377\357\003"
  66      E7577A3F 
  66      F4B54B55 
  66      67F010FF 
  66      EF03
  67 019d 6467F008 		.ascii	"dg\360\010\372\001;\246\226G\007\335\344c\003\001\217"
  67      FA013BA6 
  67      964707DD 
  67      E4630301 
  67      8F
  68 01ae F1CB0FB8 		.ascii	"\361\313\017\270&\257\256\356\244\230\215\306\016\213"
  68      26AFAEEE 
  68      A4988DC6 
  68      0E8B
  69 01bc E34CF004 		.ascii	"\343L\360\004b\214\232\343B\304Q\210+\354L.\244~z\012"
  69      628C9AE3 
  69      42C45188 
  69      2BEC4C2E 
  69      A47E7A0A 
  70 01d0 4E0C9EE2 		.ascii	"N\014\236\342\036\341\235\020\032C\360\336\256<\220"
  70      1EE19D10 
  70      1A43F0DE 
  70      AE3C90
  71 01df 615C38B6 		.ascii	"a\\8\266\300\232*\261\216#+\20296\207rZ\270E\014\236"
  71      C09A2AB1 
  71      8E232B82 
  71      39368772 
  71      5AB8450C 
  72 01f4 211406C4 		.ascii	"!\024\006\304\205\026\027\316\204(S\3013+\305`}\013"
ARM GAS  C:\Users\elias\AppData\Local\Temp\ccq4WmeO.s 			page 5


  72      851617CE 
  72      842853C1 
  72      332BC560 
  72      7D0B
  73 0206 C1CF4BC1 		.ascii	"\301\317K\301/\012\301\366\315\203u\213\323\261\234"
  73      2F0AC1F6 
  73      CD83758B 
  73      D3B19C
  74 0215 50C1FAFF 		.ascii	"P\301\372\377G\323\006\034&i|\227\242\310\255fD\001"
  74      47D3061C 
  74      26697C97 
  74      A2C8AD66 
  74      4401
  75 0227 C3BD058C 		.ascii	"\303\275\005\214t\011#C\030\363\350Y\360`\352x\000\035"
  75      74092343 
  75      18F3E859 
  75      F060EA78 
  75      001D
  76 0239 0B1C7CF7 		.ascii	"\013\034|\367a\243\3050\233\242F(\330\020n3\233\215"
  76      61A3C530 
  76      9BA24628 
  76      D8106E33 
  76      9B8D
  77 024b C64043B8 		.ascii	"\306@C\270f_cm\235?x\350\344\251\250a\006\353\375u\301"
  77      665F636D 
  77      9D3F78E8 
  77      E4A9A861 
  77      06EBFD75 
  78 0260 23E1A811 		.ascii	"#\341\250\021\014\235n\332\325\314\364\203mf$Z\023n"
  78      0C9D6EDA 
  78      D5CCF483 
  78      6D66245A 
  78      136E
  79 0272 6B897AEB 		.ascii	"k\211z\353\2153F$\0320LU+?\326\332j\230\015f\263?\024"
  79      8D334624 
  79      1A304C55 
  79      2B3FD6DA 
  79      6A980D66 
  80 0289 328D48A4 		.ascii	"2\215H\244B\275\327bG\261\360\007\251\365b\211"
  80      42BDD762 
  80      47B1F007 
  80      A9F56289 
  81              		.text
  82              		.section	.gnu.lto_DMA_Filter_RAM_Lote_DmaRelease.dcc5e36a,"",%progbits
  83 0000 789C654E 		.ascii	"x\234eN=K\003A\024|\263{&\341@\260\327\3026\215\020"
  83      3D4B0341 
  83      147CB37B 
  83      26E140B0 
  83      D7C2368D 
  84 0015 C41F1014 		.ascii	"\304\037\020\024\0051 I\0338Br\205\240\036\034g}\233"
  84      05312049 
  84      1B384272 
  84      85A01E1C 
  84      677D9B
  85 0028 C443ED6C 		.ascii	"\304C\355lL'\351L\242\202\210\215\327\235\301\322\217"
  85      4C27E94C 
  85      A282888D 
ARM GAS  C:\Users\elias\AppData\Local\Temp\ccq4WmeO.s 			page 6


  85      D79DC1D2 
  85      8F
  86 0039 CACA462C 		.ascii	"\312\312F,\202\004\213\004\264\214\347\333\263t`y\313"
  86      82048B04 
  86      B48CE7DB 
  86      B3746079 
  86      CB
  87 004a BC793363 		.ascii	"\274y3c\020H#\305c\221\347,?H\2028~\"\252g\004\240?"
  87      104823C5 
  87      6391E72C 
  87      3F488238 
  87      7E22AA67 
  88 0061 2A03F205 		.ascii	"*\003\362\005||\213\211@\377`\020\212lG1\336\202\263"
  88      7C7C8B89 
  88      40FF6010 
  88      8A6C4731 
  88      DE82B3
  89 0074 9CEA4608 		.ascii	"\234\352F\010$Q,\022'B\007Yb\331\373\365\317\311tj_"
  89      24512C12 
  89      27420759 
  89      62D9FBF5 
  89      CFC9746A 
  90 0089 CBE6FF96 		.ascii	"\313\346\377\226\350B\347\320U1Rq\334T\321\215ywk\032"
  90      E842E7D0 
  90      55315271 
  90      DC54D18D 
  90      79776B1A 
  91 009d 8202C9F4 		.ascii	"\202\002\311\364\210%:l,\204\236r\200Fk\374X\324GM\251"
  91      88253A6C 
  91      2C849E72 
  91      80466BFC 
  91      58D4474D 
  92 00b2 735B41FF 		.ascii	"s[A\3779\375%\002)\240\375\303\360\3635\355O\324\241"
  92      39FD2502 
  92      29A0FDC3 
  92      F0F335ED 
  92      4FD4A1
  93 00c5 5233CC1D 		.ascii	"R3\314\035q\005M\017\037^\356\3156N\353*\341%\316\271"
  93      71054D0F 
  93      1F5EEECD 
  93      364EEB2A 
  93      E125CEB9 
  94 00d9 770F731C 		.ascii	"w\017s\034\177\2016\350\003\206\266\374\357`\304\354"
  94      7F8136E8 
  94      0386B6FC 
  94      EF60C4EC 
  95 00e9 4BB8844F 		.ascii	"K\270\204O\234\027\310)\032\242\021\205\353\211Zc\304"
  95      9C17C829 
  95      1AA21185 
  95      EB895A63 
  95      C4
  96 00fa 7B2EC635 		.ascii	"{.\3065sk\366\256\355V<\273f\225\234=\267j\2277K\316"
  96      736BF6AE 
  96      ED563CBB 
  96      66959C3D 
  96      B76A9737 
  97 0110 F25279A5 		.ascii	"\362Ry\245\220\267V\267\266=\333\265\212\371\202\265"
ARM GAS  C:\Users\elias\AppData\Local\Temp\ccq4WmeO.s 			page 7


  97      90B756B7 
  97      B63DDBB5 
  97      8AF982B5 
  98 0120 E178B655 		.ascii	"\341x\266U\333\251,T\351\027\266\276mt"
  98      DBA92C54 
  98      E917B6BE 
  98      6D74
  99              		.text
 100              		.section	.gnu.lto_.symbol_nodes.dcc5e36a,"",%progbits
 101 0000 789C558C 		.ascii	"x\234U\214\261\015\2000\014\004\317q\222\001\230\000"
 101      B10D8030 
 101      0C04CF71 
 101      92019800 
 102 0010 26759028 		.ascii	"&u\220()\230\207:53\300\"\010'\025\371\346t\377\322"
 102      2998873A 
 102      3533C022 
 102      082715F9 
 102      E674FFD2 
 103 0024 47841D4F 		.ascii	"G\204\035O\020\203\343\002\307Y\026H\260Nm\010&\303"
 103      1083E302 
 103      C7591648 
 103      B04E6D08 
 103      26C3
 104 0036 20C9422F 		.ascii	" \311B/\240\224\331=\232\016\256\026\007\317\226\376"
 104      A094D93D 
 104      9A0EAE16 
 104      07CF96FE 
 105 0046 AE7E5DEF 		.ascii	"\256~]\357W\224\310\3664*\2651\344\336\363\001\314\364"
 105      5794C8F6 
 105      342AB531 
 105      E4DEF301 
 105      CCF4
 106 0058 1F26     		.ascii	"\037&"
 107              		.text
 108              		.section	.gnu.lto_.refs.dcc5e36a,"",%progbits
 109 0000 789C0DC7 		.ascii	"x\234\015\307I\021\000 \000\000!\326c,`\377\254\312"
 109      49110020 
 109      000021D6 
 109      632C60FF 
 109      ACCA
 110 0012 8F25174B 		.ascii	"\217%\027K\245\251\255\323\370\365\000\003\311\0008"
 110      A5A9ADD3 
 110      F8F50003 
 110      C90038
 111              		.text
 112              		.section	.gnu.lto_.decls.dcc5e36a,"",%progbits
 113 0000 789C8D54 		.ascii	"x\234\215T}LSW\024\177\347\275ZjA1\306l.\35164Q\370"
 113      7D4C5357 
 113      147FE7BD 
 113      5A6A4131 
 113      C66C2EE9 
 114 0018 676C64D9 		.ascii	"gld\331\262\277\226\220\"\272D\026#\033\311\022\023"
 114      B2BF9690 
 114      22BA4416 
 114      231BC912 
 114      13
 115 0029 52E97336 		.ascii	"R\351s6\301\262\320\222\214\375\365T\314\374\330\234"
ARM GAS  C:\Users\elias\AppData\Local\Temp\ccq4WmeO.s 			page 8


 115      C1B2D092 
 115      8CFDF554 
 115      CCFCD89C 
 116 0039 648E0D26 		.ascii	"d\216\015&\0211b\021\371*\250\240\302\352\206@E\344"
 116      11316211 
 116      F92AA8A0 
 116      C2EA8640 
 116      45E4
 117 004b C30F281F 		.ascii	"\303\017(\037\202\024td\220\301\300l\350\220\235\373"
 117      82147464 
 117      90C1C06C 
 117      E8909DFB 
 118 005b F1FA5A63 		.ascii	"\361\372Zc\267\335\364\364\335{\356\357\234\337\371"
 118      B7DDF4F4 
 118      DD7BEEEF 
 118      9CDFF9
 119 006a 9D7BDFD3 		.ascii	"\235{\337\323\011 \2201\031!\010\233p:\205\363%\034"
 119      09209031 
 119      1921089B 
 119      703A85F3 
 119      251C
 120 007c 123ED3D0 		.ascii	"\022>\323\320\310\256I`C\217\326\204\346A\273\201\326"
 120      C8AE4960 
 120      438FD684 
 120      E641BB81 
 120      D6
 121 008d 8DE6431B 		.ascii	"\215\346C\033\346\270Q!t\020l\024\332%\264\325hk\320"
 121      E6B85121 
 121      74106C14 
 121      DA25B4D5 
 121      686BD0
 122 00a0 AA79BE07 		.ascii	"\252y\276\007hch\375h~\264.\264q4/\217\325\361x\037"
 122      686368FD 
 122      687EB42E 
 122      B471342F 
 122      8FD5F178 
 123 00b5 E7B91186 		.ascii	"\347\271\021\206\303\303\353J\013\312K\370&\320\206"
 123      C3C3EB4A 
 123      0BCA4BF8 
 123      26D086
 124 00c4 3846E4B8 		.ascii	"8F\344\270pu.\212\260t\262\376\033\303 \370@\022xC\004"
 124      70752E8A 
 124      B074B2FE 
 124      1BC320F8 
 124      40127843 
 125 00d9 00F60FD4 		.ascii	"\000\366\017\324\004ft\211\023Q`\023\325\025\030\002"
 125      04667489 
 125      13516013 
 125      D5151802 
 126 00e9 8788EA54 		.ascii	"\207\210\352TKF\177<\036\226\324A\223h\331\201\007\261"
 126      4B467F3C 
 126      1E96D441 
 126      9368D981 
 126      07B1
 127 00fb 350F1678 		.ascii	"5\017\026x\020\210\032\001\260\245\032\021\224\357\271"
 127      10881A01 
 127      B0A51A11 
ARM GAS  C:\Users\elias\AppData\Local\Temp\ccq4WmeO.s 			page 9


 127      94EFB9
 128 010a 8AD49A55 		.ascii	"\212\324\232U\032\332\016*\372L\375\310i\275$\002\231"
 128      1ADA0E2A 
 128      FA4CFDC8 
 128      69BD2402 
 128      99
 129 011b 8F2CB892 		.ascii	"\217,\270\222\343\317+8\216)\212\270U\353\314\231'O"
 129      E3CF2B38 
 129      8E298AB8 
 129      55EBCC99 
 129      274F
 130 012d 67A47911 		.ascii	"g\244y\0216\032\261f\011\035\325S\215\013+\230\203\354"
 130      361AB166 
 130      091DD553 
 130      8D0B2B98 
 130      83EC
 131 013f BB4EB5D6 		.ascii	"\273N\265\326\031\2457\350\374\372\322\237\236h\334"
 131      19A537E8 
 131      FCFAD29F 
 131      9E68DC
 132 014e 5A6D0411 		.ascii	"Zm\004\021\227\27537\213#q\271\306\010\253\026E\361"
 132      97BD3337 
 132      8B2371B9 
 132      C608AB16 
 132      45F1
 133 0160 C4F16B95 		.ascii	"\304\361k\225z0\306\035T\224}\212\262_1\272V\012P\005"
 133      7A30C61D 
 133      54947D8A 
 133      B25F31BA 
 133      560A5005 
 134 0174 26A80493 		.ascii	"&\250\004\223\0005\020GR\226C\274\000\025\350<\207\316"
 134      00351047 
 134      529643BC 
 134      0015E83C 
 134      87CE
 135 0186 3252CFA8 		.ascii	"2R\317\250o\362\375FEY\005\325`\204\363 Q\010\212\331"
 135      6FF2FD46 
 135      455905D5 
 135      6084F320 
 135      51088AD9 
 136 019a 68640516 		.ascii	"hd\005\026\334\236_\000\035\212\242\200\235:\342+\375"
 136      DC9E5F00 
 136      1D8AA280 
 136      9D3AE22B 
 136      FD
 137 01ab 7D2EDF10 		.ascii	"}.\337\020\360\325\002uV\037\030/7`9&T\002ABLLHa\276"
 137      F0D50275 
 137      561F182F 
 137      37603926 
 137      54024142 
 138 01c4 FF59A494 		.ascii	"\377Y\244\224F\346\342m\177\305\244\016\342\214\264"
 138      46E6E26D 
 138      7FC5A40E 
 138      E28CB4
 139 01d3 008FFB75 		.ascii	"\000\217\373uE\204K\230\350\202\306n\"\354T\311L\251"
 139      45844B98 
 139      E882C66E 
ARM GAS  C:\Users\elias\AppData\Local\Temp\ccq4WmeO.s 			page 10


 139      22EC54C9 
 139      4CA9
 140 01e5 A25F2BC0 		.ascii	"\242_+\300\333&x\013e\\D\031&.\243\036e\324\241\014"
 140      DB26780B 
 140      655C4419 
 140      262EA31E 
 140      65D4A10C 
 141 01f9 4CEEF7E5 		.ascii	"L\356\367\345\317E\322\202H\0367+\250o\326]\020\035"
 141      CF45D282 
 141      481E372B 
 141      A86FD65D 
 141      101D
 142 020b 70363067 		.ascii	"p60gO^\315\011\211\365P\207\313\331\316\"\377J\326\303"
 142      4F5ECD09 
 142      89F55087 
 142      CBD9CE22 
 142      FF4AD6C3 
 143 021f 18226CEF 		.ascii	"\030\"l\357\257\323\313\327\026\320s\332\257\304\350"
 143      AFD3CBD7 
 143      16D073DA 
 143      AFC4E8
 144 022e 68E415E4 		.ascii	"h\344\025\344\271\214<\002\\\205\265\370\337\010:\326"
 144      B98C3C02 
 144      5C85B5F8 
 144      DF083AD6 
 145 023e 9A234F0A 		.ascii	"\232#O\012\013\"\326\227(%5\312\350B\253u\326\255(\207"
 145      0B22D697 
 145      282535CA 
 145      E842AB75 
 145      D6AD2887 
 146 0252 30524770 		.ascii	"0RGp\340\322\304\270\310\265\027\340,\014\342\025i\202"
 146      E0D2C4B8 
 146      C8B517E0 
 146      2C0CE215 
 146      6982
 147 0264 F518FA5D 		.ascii	"\365\030\372]\3313\367r\351(\320\326,z\177,\022\203"
 147      D933F772 
 147      E928D0D6 
 147      2C7A7F2C 
 147      1283
 148 0276 59D35E0A 		.ascii	"Y\323^\012\"\375\211\222\356\344\234-\035\256\013\313"
 148      22FD8992 
 148      EEE49C2D 
 148      1DAE0BCB 
 149 0286 18A7A7F6 		.ascii	"\030\247\247\366\260T\250x\3620L$(h\326(\233\203)=\224"
 149      B054A878 
 149      F2304C24 
 149      2868D628 
 149      9B83293D 
 150 029b B2BDF05C 		.ascii	"\262\275\360\\\235N\252d\224\023\337\237\374M\037\350"
 150      9D4EAA64 
 150      9413DF9F 
 150      FC4D1FE8 
 151 02ab 0D3BD5BF 		.ascii	"\015;\325\277\256\026\017\210\001\337\317\254_\303\355"
 151      AE160F88 
 151      01DFCFAC 
 151      5FC3ED
ARM GAS  C:\Users\elias\AppData\Local\Temp\ccq4WmeO.s 			page 11


 152 02ba E515A45F 		.ascii	"\345\025\244_\261F\372NE\007\035l,;\330\273\027\017"
 152      B146FA4E 
 152      45071D6C 
 152      2C3BD8BB 
 152      170F
 153 02cc 4C454A4D 		.ascii	"LEJM4\257Xy\352\253\352\300%D1\253\333\361\022\252Z"
 153      34AF5879 
 153      EAABEAC0 
 153      254431AB 
 153      DBF112AA 
 154 02e1 A01D4F2F 		.ascii	"\240\035O/\226\237\336ut\266h\227p\372\243\332/\211"
 154      969FDE75 
 154      74B66897 
 154      70FAA3DA 
 154      2F89
 155 02f3 8E36A46E 		.ascii	"\2166\244n\325t\304\362[8u\347\276b\010nQ[\310\301x"
 155      D574C4F2 
 155      5B3875E7 
 155      BE62086E 
 155      515BC8C1 
 156 0308 698F7E51 		.ascii	"i\217~Q\017\246a\340\353\002\021\2334\212\231\213\217"
 156      0FA661E0 
 156      EB02119B 
 156      348A998B 
 156      8F
 157 0319 C617B995 		.ascii	"\306\027\271\225\274\345\004\003\327\264\314\327h\207"
 157      BCE50403 
 157      D7B4CCD7 
 157      6887
 158 0327 70728376 		.ascii	"pr\203v\347\341\304c_\204\364\210u\347\277\357\374M"
 158      E7E1C463 
 158      5F84F488 
 158      75E7BFEF 
 158      FC4D
 159 0339 D69DD07B 		.ascii	"\326\235\320{\327\311\234\035mC\225R\370Z\273h\255\267"
 159      D7C99C1D 
 159      6D439552 
 159      F85ABB68 
 159      ADB7
 160 034b D45AF7F5 		.ascii	"\324Z\367\3655\\\326\261Z=\227e\254\023\367\241C\253"
 160      355CD6B1 
 160      5A3D9765 
 160      AC13F7A1 
 160      43AB
 161 035d B343ADB3 		.ascii	"\263C\255\263\233\326Y\376hrz\205\264W\374\237\247\330"
 161      9BD659FE 
 161      68727A85 
 161      B457FC9F 
 161      A7D8
 162 036f CB4A3AB4 		.ascii	"\313J:\264\177\256\304\030p\336f\316\366\201\363O5\344"
 162      7FAEC418 
 162      70DE66CE 
 162      F681F34F 
 162      35E4
 163 0381 1DE6ECAC 		.ascii	"\035\346\354\254<\236\022\360\335e\276\241\366CW\264"
 163      3C9E12F0 
 163      DD65BEA1 
ARM GAS  C:\Users\elias\AppData\Local\Temp\ccq4WmeO.s 			page 12


 163      F64357B4 
 164 0391 E87BFC75 		.ascii	"\350{\374u?[\324\360/*\373\251\312>U\345\351c?\034\213"
 164      3F5BD4F0 
 164      2F2AFBA9 
 164      CA3E55E5 
 164      E9633F1C 
 165 03a6 E62AEF11 		.ascii	"\346*\357\021\225\270\017=\232\312\036U\245\217\252"
 165      95B80F3D 
 165      9ACA1E55 
 165      A58FAA
 166 03b5 6CABED9E 		.ascii	"l\253\355\236\216\224\012\303\253|z\253\246J\014\317"
 166      8E940AC3 
 166      AB7C7AAB 
 166      A64A0CCF 
 167 03c5 3E44D907 		.ascii	">D\331\007U\366?\274s\217\"8{=a\307}\030\320\330\007"
 167      55F63FBC 
 167      738F2238 
 167      7B3D61C7 
 167      7D18D0D8 
 168 03da 54F661CA 		.ascii	"T\366a\312>rd\254L?\317\276I\364S\246\364\017<\214\224"
 168      3E7264AC 
 168      4C3FCFBE 
 168      49F453A6 
 168      F40F3C8C 
 169 03ef 5CAC9CAA 		.ascii	"\\\254\234\252o\247\275Q\033N+%\245\344\255O\236\255"
 169      6FA7BD51 
 169      1B4E2B25 
 169      A5E4AD4F 
 169      9EAD
 170 0401 52148942 		.ascii	"R\024\211BGXB\376\251\022\350\372>\271\366\243\260\201"
 170      475842FE 
 170      A912E8FA 
 170      3EB9F6A3 
 170      B081
 171 0413 7C2DEEFC 		.ascii	"|-\356\374\235\030uX{/\236\373\266<\200(Z\002>\021|"
 171      9D187558 
 171      7B2F9EFB 
 171      B63C8028 
 171      5A023E11 
 172 0428 B074B073 		.ascii	"\260t\260sE\010\2324LC\217q\364\030E\267<\356o\326\207"
 172      45089A34 
 172      4C438F71 
 172      F41845B7 
 172      3CEE6FD6 
 173 043d A0BB42D0 		.ascii	"\240\273B\320~\216\366S\364B\336\341\311P\2647\004="
 173      7E8EF653 
 173      F442DEE1 
 173      C950B437 
 173      043D
 174 044f CED1E314 		.ascii	"\316\321\343\024\375\320\333\273h\010A\017\205\240'"
 174      FDD0DBBB 
 174      6808410F 
 174      85A027
 175 045e 389A3CD7 		.ascii	"8\232<\327%\245$\246'\3332\235rv\372\366\304\224\364"
 175      25A524A6 
 175      27DB329D 
 175      7276FAF6 
ARM GAS  C:\Users\elias\AppData\Local\Temp\ccq4WmeO.s 			page 13


 175      C494F4
 176 0471 AD594E39 		.ascii	"\255YN9=i\217\345\003\273\315i\263d\332\276\220\015"
 176      3D698FE5 
 176      03BBCD69 
 176      B364DABE 
 176      900D
 177 0483 9B3FFC38 		.ascii	"\233?\3748\306\234\220 \350slvg\302\273\3536\313v9\333"
 177      C69C9020 
 177      E8736C76 
 177      67C2BBEB 
 177      36CB7639 
 178 0498 E294ADE9 		.ascii	"\342\224\255\351\251Y9\331\031\362\216m\251Y\346w\336"
 178      A95939D9 
 178      19F28E6D 
 178      A959E677 
 178      DE
 179 04a9 CCC875E6 		.ascii	"\314\310u\346~&;\342w\013\313\010\360\275\204\027\343"
 179      7E263BE2 
 179      770BCB08 
 179      F0BD8417 
 179      E3
 180 04ba 76BC88D0 		.ascii	"v\274\210\320\272\307\022\237!\274\026\246\226\355r"
 180      BAC7129F 
 180      21BC16A6 
 180      96ED72
 181 04c9 A66C71C8 		.ascii	"\246lq\310\321\346\\\\\230wo\313\266ee\333\234\271\206"
 181      D1E65C5C 
 181      98776FCB 
 181      B66565DB 
 181      9CB986
 182 04dc 8C5C87D3 		.ascii	"\214\\\207\323\342\314q\304\204\251\310\374\011&4\307"
 182      E2CC71C4 
 182      84A9C8FC 
 182      092634C7 
 183 04ec 6F115EE1 		.ascii	"o\021^\341\221\251\262s\323\347N\331n\225\255\211Vk"
 183      91A9B273 
 183      D3E74ED9 
 183      6E95AD89 
 183      566B
 184 04fe B6EC70BC 		.ascii	"\266\354p\274\254\355\230\263\354\273l\237\346`\036"
 184      ACED98B3 
 184      ECBB6C9F 
 184      E6601E
 185 050d 5B967D25 		.ascii	"[\226}%\367'\331\034\226\235\231\362\253a*\333b\261"
 185      F727D91C 
 185      969D99F2 
 185      AB612ADB 
 185      62B1
 186 051f 5B33E57F 		.ascii	"[3\345\177\000\312\377\303G"
 186      00CAFFC3 
 186      47
 187              		.text
 188              		.section	.gnu.lto_.symtab.dcc5e36a,"",%progbits
 189 0000 444D415F 		.ascii	"DMA_Filter_RAM_Lote_DmaInitialize\000"
 189      46696C74 
 189      65725F52 
 189      414D5F4C 
ARM GAS  C:\Users\elias\AppData\Local\Temp\ccq4WmeO.s 			page 14


 189      6F74655F 
 190 0022 00       		.ascii	"\000"
 191 0023 00       		.ascii	"\000"
 192 0024 00       		.ascii	"\000"
 193 0025 00000000 		.ascii	"\000\000\000\000\000\000\000\000"
 193      00000000 
 194 002d BD000000 		.ascii	"\275\000\000\000"
 195 0031 444D415F 		.ascii	"DMA_Filter_RAM_Lote_DmaHandle\000"
 195      46696C74 
 195      65725F52 
 195      414D5F4C 
 195      6F74655F 
 196 004f 00       		.ascii	"\000"
 197 0050 00       		.ascii	"\000"
 198 0051 00       		.ascii	"\000"
 199 0052 00000000 		.ascii	"\000\000\000\000\000\000\000\000"
 199      00000000 
 200 005a E0000000 		.ascii	"\340\000\000\000"
 201 005e 444D415F 		.ascii	"DMA_Filter_RAM_Lote_DmaRelease\000"
 201      46696C74 
 201      65725F52 
 201      414D5F4C 
 201      6F74655F 
 202 007d 00       		.ascii	"\000"
 203 007e 00       		.ascii	"\000"
 204 007f 00       		.ascii	"\000"
 205 0080 00000000 		.ascii	"\000\000\000\000\000\000\000\000"
 205      00000000 
 206 0088 C0000000 		.ascii	"\300\000\000\000"
 207 008c 4379446D 		.ascii	"CyDmaChPriority\000"
 207      61436850 
 207      72696F72 
 207      69747900 
 208 009c 00       		.ascii	"\000"
 209 009d 02       		.ascii	"\002"
 210 009e 00       		.ascii	"\000"
 211 009f 00000000 		.ascii	"\000\000\000\000\000\000\000\000"
 211      00000000 
 212 00a7 CA000000 		.ascii	"\312\000\000\000"
 213 00ab 4379446D 		.ascii	"CyDmaChSetExtendedAddress\000"
 213      61436853 
 213      65744578 
 213      74656E64 
 213      65644164 
 214 00c5 00       		.ascii	"\000"
 215 00c6 02       		.ascii	"\002"
 216 00c7 00       		.ascii	"\000"
 217 00c8 00000000 		.ascii	"\000\000\000\000\000\000\000\000"
 217      00000000 
 218 00d0 D0000000 		.ascii	"\320\000\000\000"
 219 00d4 4379446D 		.ascii	"CyDmaChSetConfiguration\000"
 219      61436853 
 219      6574436F 
 219      6E666967 
 219      75726174 
 220 00ec 00       		.ascii	"\000"
 221 00ed 02       		.ascii	"\002"
ARM GAS  C:\Users\elias\AppData\Local\Temp\ccq4WmeO.s 			page 15


 222 00ee 00       		.ascii	"\000"
 223 00ef 00000000 		.ascii	"\000\000\000\000\000\000\000\000"
 223      00000000 
 224 00f7 D9000000 		.ascii	"\331\000\000\000"
 225 00fb 4379446D 		.ascii	"CyDmaChDisable\000"
 225      61436844 
 225      69736162 
 225      6C6500
 226 010a 00       		.ascii	"\000"
 227 010b 02       		.ascii	"\002"
 228 010c 00       		.ascii	"\000"
 229 010d 00000000 		.ascii	"\000\000\000\000\000\000\000\000"
 229      00000000 
 230 0115 DD000000 		.ascii	"\335\000\000\000"
 231              		.text
 232              		.section	.gnu.lto_.opts,"",%progbits
 233 0000 272D666D 		.ascii	"'-fmath-errno' '-fsigned-zeros' '-ftrapping-math' '"
 233      6174682D 
 233      6572726E 
 233      6F272027 
 233      2D667369 
 234 0033 2D666E6F 		.ascii	"-fno-trapv' '-fno-openmp' '-fno-openacc' '-mcpu=cor"
 234      2D747261 
 234      70762720 
 234      272D666E 
 234      6F2D6F70 
 235 0066 7465782D 		.ascii	"tex-m3' '-mthumb' '-g' '-O3' '-ffunction-sections' "
 235      6D332720 
 235      272D6D74 
 235      68756D62 
 235      2720272D 
 236 0099 272D6666 		.ascii	"'-ffat-lto-objects' '-finline-functions' '-flto'\000"
 236      61742D6C 
 236      746F2D6F 
 236      626A6563 
 236      74732720 
 237              		.text
 238              		.cfi_sections	.debug_frame
 239              		.section	.text.DMA_Filter_RAM_Lote_DmaInitialize,"ax",%progbits
 240              		.align	2
 241              		.global	DMA_Filter_RAM_Lote_DmaInitialize
 242              		.thumb
 243              		.thumb_func
 244              		.type	DMA_Filter_RAM_Lote_DmaInitialize, %function
 245              	DMA_Filter_RAM_Lote_DmaInitialize:
 246              	.LFB0:
 247              		.file 1 "Generated_Source\\PSoC5\\DMA_Filter_RAM_Lote_dma.c"
   1:Generated_Source\PSoC5/DMA_Filter_RAM_Lote_dma.c **** /***************************************************************************
   2:Generated_Source\PSoC5/DMA_Filter_RAM_Lote_dma.c **** * File Name: DMA_Filter_RAM_Lote_dma.c  
   3:Generated_Source\PSoC5/DMA_Filter_RAM_Lote_dma.c **** * Version 1.70
   4:Generated_Source\PSoC5/DMA_Filter_RAM_Lote_dma.c **** *
   5:Generated_Source\PSoC5/DMA_Filter_RAM_Lote_dma.c **** *  Description:
   6:Generated_Source\PSoC5/DMA_Filter_RAM_Lote_dma.c **** *   Provides an API for the DMAC component. The API includes functions
   7:Generated_Source\PSoC5/DMA_Filter_RAM_Lote_dma.c **** *   for the DMA controller, DMA channels and Transfer Descriptors.
   8:Generated_Source\PSoC5/DMA_Filter_RAM_Lote_dma.c **** *
   9:Generated_Source\PSoC5/DMA_Filter_RAM_Lote_dma.c **** *
  10:Generated_Source\PSoC5/DMA_Filter_RAM_Lote_dma.c **** *   Note:
ARM GAS  C:\Users\elias\AppData\Local\Temp\ccq4WmeO.s 			page 16


  11:Generated_Source\PSoC5/DMA_Filter_RAM_Lote_dma.c **** *     This module requires the developer to finish or fill in the auto
  12:Generated_Source\PSoC5/DMA_Filter_RAM_Lote_dma.c **** *     generated funcions and setup the dma channel and TD's.
  13:Generated_Source\PSoC5/DMA_Filter_RAM_Lote_dma.c **** *
  14:Generated_Source\PSoC5/DMA_Filter_RAM_Lote_dma.c **** ********************************************************************************
  15:Generated_Source\PSoC5/DMA_Filter_RAM_Lote_dma.c **** * Copyright 2008-2010, Cypress Semiconductor Corporation.  All rights reserved.
  16:Generated_Source\PSoC5/DMA_Filter_RAM_Lote_dma.c **** * You may use this file only in accordance with the license, terms, conditions, 
  17:Generated_Source\PSoC5/DMA_Filter_RAM_Lote_dma.c **** * disclaimers, and limitations in the end user license agreement accompanying 
  18:Generated_Source\PSoC5/DMA_Filter_RAM_Lote_dma.c **** * the software package with which this file was provided.
  19:Generated_Source\PSoC5/DMA_Filter_RAM_Lote_dma.c **** ********************************************************************************/
  20:Generated_Source\PSoC5/DMA_Filter_RAM_Lote_dma.c **** #include <CYLIB.H>
  21:Generated_Source\PSoC5/DMA_Filter_RAM_Lote_dma.c **** #include <CYDMAC.H>
  22:Generated_Source\PSoC5/DMA_Filter_RAM_Lote_dma.c **** #include <DMA_Filter_RAM_Lote_dma.H>
  23:Generated_Source\PSoC5/DMA_Filter_RAM_Lote_dma.c **** 
  24:Generated_Source\PSoC5/DMA_Filter_RAM_Lote_dma.c **** 
  25:Generated_Source\PSoC5/DMA_Filter_RAM_Lote_dma.c **** 
  26:Generated_Source\PSoC5/DMA_Filter_RAM_Lote_dma.c **** /****************************************************************************
  27:Generated_Source\PSoC5/DMA_Filter_RAM_Lote_dma.c **** * 
  28:Generated_Source\PSoC5/DMA_Filter_RAM_Lote_dma.c **** * The following defines are available in Cyfitter.h
  29:Generated_Source\PSoC5/DMA_Filter_RAM_Lote_dma.c **** * 
  30:Generated_Source\PSoC5/DMA_Filter_RAM_Lote_dma.c **** * 
  31:Generated_Source\PSoC5/DMA_Filter_RAM_Lote_dma.c **** * 
  32:Generated_Source\PSoC5/DMA_Filter_RAM_Lote_dma.c **** * DMA_Filter_RAM_Lote__DRQ_CTL_REG
  33:Generated_Source\PSoC5/DMA_Filter_RAM_Lote_dma.c **** * 
  34:Generated_Source\PSoC5/DMA_Filter_RAM_Lote_dma.c **** * 
  35:Generated_Source\PSoC5/DMA_Filter_RAM_Lote_dma.c **** * DMA_Filter_RAM_Lote__DRQ_NUMBER
  36:Generated_Source\PSoC5/DMA_Filter_RAM_Lote_dma.c **** * 
  37:Generated_Source\PSoC5/DMA_Filter_RAM_Lote_dma.c **** * Number of TD's used by this channel.
  38:Generated_Source\PSoC5/DMA_Filter_RAM_Lote_dma.c **** * DMA_Filter_RAM_Lote__NUMBEROF_TDS
  39:Generated_Source\PSoC5/DMA_Filter_RAM_Lote_dma.c **** * 
  40:Generated_Source\PSoC5/DMA_Filter_RAM_Lote_dma.c **** * Priority of this channel.
  41:Generated_Source\PSoC5/DMA_Filter_RAM_Lote_dma.c **** * DMA_Filter_RAM_Lote__PRIORITY
  42:Generated_Source\PSoC5/DMA_Filter_RAM_Lote_dma.c **** * 
  43:Generated_Source\PSoC5/DMA_Filter_RAM_Lote_dma.c **** * True if DMA_Filter_RAM_Lote_TERMIN_SEL is used.
  44:Generated_Source\PSoC5/DMA_Filter_RAM_Lote_dma.c **** * DMA_Filter_RAM_Lote__TERMIN_EN
  45:Generated_Source\PSoC5/DMA_Filter_RAM_Lote_dma.c **** * 
  46:Generated_Source\PSoC5/DMA_Filter_RAM_Lote_dma.c **** * TERMIN interrupt line to signal terminate.
  47:Generated_Source\PSoC5/DMA_Filter_RAM_Lote_dma.c **** * DMA_Filter_RAM_Lote__TERMIN_SEL
  48:Generated_Source\PSoC5/DMA_Filter_RAM_Lote_dma.c **** * 
  49:Generated_Source\PSoC5/DMA_Filter_RAM_Lote_dma.c **** * 
  50:Generated_Source\PSoC5/DMA_Filter_RAM_Lote_dma.c **** * True if DMA_Filter_RAM_Lote_TERMOUT0_SEL is used.
  51:Generated_Source\PSoC5/DMA_Filter_RAM_Lote_dma.c **** * DMA_Filter_RAM_Lote__TERMOUT0_EN
  52:Generated_Source\PSoC5/DMA_Filter_RAM_Lote_dma.c **** * 
  53:Generated_Source\PSoC5/DMA_Filter_RAM_Lote_dma.c **** * 
  54:Generated_Source\PSoC5/DMA_Filter_RAM_Lote_dma.c **** * TERMOUT0 interrupt line to signal completion.
  55:Generated_Source\PSoC5/DMA_Filter_RAM_Lote_dma.c **** * DMA_Filter_RAM_Lote__TERMOUT0_SEL
  56:Generated_Source\PSoC5/DMA_Filter_RAM_Lote_dma.c **** * 
  57:Generated_Source\PSoC5/DMA_Filter_RAM_Lote_dma.c **** * 
  58:Generated_Source\PSoC5/DMA_Filter_RAM_Lote_dma.c **** * True if DMA_Filter_RAM_Lote_TERMOUT1_SEL is used.
  59:Generated_Source\PSoC5/DMA_Filter_RAM_Lote_dma.c **** * DMA_Filter_RAM_Lote__TERMOUT1_EN
  60:Generated_Source\PSoC5/DMA_Filter_RAM_Lote_dma.c **** * 
  61:Generated_Source\PSoC5/DMA_Filter_RAM_Lote_dma.c **** * 
  62:Generated_Source\PSoC5/DMA_Filter_RAM_Lote_dma.c **** * TERMOUT1 interrupt line to signal completion.
  63:Generated_Source\PSoC5/DMA_Filter_RAM_Lote_dma.c **** * DMA_Filter_RAM_Lote__TERMOUT1_SEL
  64:Generated_Source\PSoC5/DMA_Filter_RAM_Lote_dma.c **** * 
  65:Generated_Source\PSoC5/DMA_Filter_RAM_Lote_dma.c **** ****************************************************************************/
  66:Generated_Source\PSoC5/DMA_Filter_RAM_Lote_dma.c **** 
  67:Generated_Source\PSoC5/DMA_Filter_RAM_Lote_dma.c **** 
ARM GAS  C:\Users\elias\AppData\Local\Temp\ccq4WmeO.s 			page 17


  68:Generated_Source\PSoC5/DMA_Filter_RAM_Lote_dma.c **** /* Zero based index of DMA_Filter_RAM_Lote dma channel */
  69:Generated_Source\PSoC5/DMA_Filter_RAM_Lote_dma.c **** uint8 DMA_Filter_RAM_Lote_DmaHandle = DMA_INVALID_CHANNEL;
  70:Generated_Source\PSoC5/DMA_Filter_RAM_Lote_dma.c **** 
  71:Generated_Source\PSoC5/DMA_Filter_RAM_Lote_dma.c **** /*********************************************************************
  72:Generated_Source\PSoC5/DMA_Filter_RAM_Lote_dma.c **** * Function Name: uint8 DMA_Filter_RAM_Lote_DmaInitalize
  73:Generated_Source\PSoC5/DMA_Filter_RAM_Lote_dma.c **** **********************************************************************
  74:Generated_Source\PSoC5/DMA_Filter_RAM_Lote_dma.c **** * Summary:
  75:Generated_Source\PSoC5/DMA_Filter_RAM_Lote_dma.c **** *   Allocates and initialises a channel of the DMAC to be used by the
  76:Generated_Source\PSoC5/DMA_Filter_RAM_Lote_dma.c **** *   caller.
  77:Generated_Source\PSoC5/DMA_Filter_RAM_Lote_dma.c **** *
  78:Generated_Source\PSoC5/DMA_Filter_RAM_Lote_dma.c **** * Parameters:
  79:Generated_Source\PSoC5/DMA_Filter_RAM_Lote_dma.c **** *   BurstCount.
  80:Generated_Source\PSoC5/DMA_Filter_RAM_Lote_dma.c **** *       
  81:Generated_Source\PSoC5/DMA_Filter_RAM_Lote_dma.c **** *       
  82:Generated_Source\PSoC5/DMA_Filter_RAM_Lote_dma.c **** *   ReqestPerBurst.
  83:Generated_Source\PSoC5/DMA_Filter_RAM_Lote_dma.c **** *       
  84:Generated_Source\PSoC5/DMA_Filter_RAM_Lote_dma.c **** *       
  85:Generated_Source\PSoC5/DMA_Filter_RAM_Lote_dma.c **** *   UpperSrcAddress.
  86:Generated_Source\PSoC5/DMA_Filter_RAM_Lote_dma.c **** *       
  87:Generated_Source\PSoC5/DMA_Filter_RAM_Lote_dma.c **** *       
  88:Generated_Source\PSoC5/DMA_Filter_RAM_Lote_dma.c **** *   UpperDestAddress.
  89:Generated_Source\PSoC5/DMA_Filter_RAM_Lote_dma.c **** *       
  90:Generated_Source\PSoC5/DMA_Filter_RAM_Lote_dma.c **** *
  91:Generated_Source\PSoC5/DMA_Filter_RAM_Lote_dma.c **** * Return:
  92:Generated_Source\PSoC5/DMA_Filter_RAM_Lote_dma.c **** *   The channel that can be used by the caller for DMA activity.
  93:Generated_Source\PSoC5/DMA_Filter_RAM_Lote_dma.c **** *   DMA_INVALID_CHANNEL (0xFF) if there are no channels left. 
  94:Generated_Source\PSoC5/DMA_Filter_RAM_Lote_dma.c **** *
  95:Generated_Source\PSoC5/DMA_Filter_RAM_Lote_dma.c **** *
  96:Generated_Source\PSoC5/DMA_Filter_RAM_Lote_dma.c **** *******************************************************************/
  97:Generated_Source\PSoC5/DMA_Filter_RAM_Lote_dma.c **** uint8 DMA_Filter_RAM_Lote_DmaInitialize(uint8 BurstCount, uint8 ReqestPerBurst, uint16 UpperSrcAddr
  98:Generated_Source\PSoC5/DMA_Filter_RAM_Lote_dma.c **** {
 248              		.loc 1 98 0
 249              		.cfi_startproc
 250              		@ args = 0, pretend = 0, frame = 0
 251              		@ frame_needed = 0, uses_anonymous_args = 0
 252              	.LVL0:
 253 0000 2DE9F041 		push	{r4, r5, r6, r7, r8, lr}
 254              		.cfi_def_cfa_offset 24
 255              		.cfi_offset 4, -24
 256              		.cfi_offset 5, -20
 257              		.cfi_offset 6, -16
 258              		.cfi_offset 7, -12
 259              		.cfi_offset 8, -8
 260              		.cfi_offset 14, -4
 261 0004 1746     		mov	r7, r2
 262 0006 9846     		mov	r8, r3
 263 0008 82B0     		sub	sp, sp, #8
 264              		.cfi_def_cfa_offset 32
  99:Generated_Source\PSoC5/DMA_Filter_RAM_Lote_dma.c **** 
 100:Generated_Source\PSoC5/DMA_Filter_RAM_Lote_dma.c ****     /* Allocate a DMA channel. */
 101:Generated_Source\PSoC5/DMA_Filter_RAM_Lote_dma.c ****     DMA_Filter_RAM_Lote_DmaHandle = (uint8)DMA_Filter_RAM_Lote__DRQ_NUMBER;
 265              		.loc 1 101 0
 266 000a 0C4C     		ldr	r4, .L3
 267 000c 0325     		movs	r5, #3
 102:Generated_Source\PSoC5/DMA_Filter_RAM_Lote_dma.c **** 
 103:Generated_Source\PSoC5/DMA_Filter_RAM_Lote_dma.c ****     /* Configure the channel. */
 104:Generated_Source\PSoC5/DMA_Filter_RAM_Lote_dma.c ****     (void)CyDmaChSetConfiguration(DMA_Filter_RAM_Lote_DmaHandle,
ARM GAS  C:\Users\elias\AppData\Local\Temp\ccq4WmeO.s 			page 18


 268              		.loc 1 104 0
 269 000e 0026     		movs	r6, #0
 270 0010 2B46     		mov	r3, r5
 271              	.LVL1:
 272 0012 0A46     		mov	r2, r1
 273              	.LVL2:
 274 0014 0196     		str	r6, [sp, #4]
 275 0016 0146     		mov	r1, r0
 276              	.LVL3:
 277 0018 0096     		str	r6, [sp]
 278 001a 2846     		mov	r0, r5
 279              	.LVL4:
 101:Generated_Source\PSoC5/DMA_Filter_RAM_Lote_dma.c **** 
 280              		.loc 1 101 0
 281 001c 2570     		strb	r5, [r4]
 282              		.loc 1 104 0
 283 001e FFF7FEFF 		bl	CyDmaChSetConfiguration
 284              	.LVL5:
 105:Generated_Source\PSoC5/DMA_Filter_RAM_Lote_dma.c ****                                   BurstCount,
 106:Generated_Source\PSoC5/DMA_Filter_RAM_Lote_dma.c ****                                   ReqestPerBurst,
 107:Generated_Source\PSoC5/DMA_Filter_RAM_Lote_dma.c ****                                   (uint8)DMA_Filter_RAM_Lote__TERMOUT0_SEL,
 108:Generated_Source\PSoC5/DMA_Filter_RAM_Lote_dma.c ****                                   (uint8)DMA_Filter_RAM_Lote__TERMOUT1_SEL,
 109:Generated_Source\PSoC5/DMA_Filter_RAM_Lote_dma.c ****                                   (uint8)DMA_Filter_RAM_Lote__TERMIN_SEL);
 110:Generated_Source\PSoC5/DMA_Filter_RAM_Lote_dma.c **** 
 111:Generated_Source\PSoC5/DMA_Filter_RAM_Lote_dma.c ****     /* Set the extended address for the transfers */
 112:Generated_Source\PSoC5/DMA_Filter_RAM_Lote_dma.c ****     (void)CyDmaChSetExtendedAddress(DMA_Filter_RAM_Lote_DmaHandle, UpperSrcAddress, UpperDestAddres
 285              		.loc 1 112 0
 286 0022 4246     		mov	r2, r8
 287 0024 3946     		mov	r1, r7
 288 0026 2078     		ldrb	r0, [r4]	@ zero_extendqisi2
 289 0028 FFF7FEFF 		bl	CyDmaChSetExtendedAddress
 290              	.LVL6:
 113:Generated_Source\PSoC5/DMA_Filter_RAM_Lote_dma.c **** 
 114:Generated_Source\PSoC5/DMA_Filter_RAM_Lote_dma.c ****     /* Set the priority for this channel */
 115:Generated_Source\PSoC5/DMA_Filter_RAM_Lote_dma.c ****     (void)CyDmaChPriority(DMA_Filter_RAM_Lote_DmaHandle, (uint8)DMA_Filter_RAM_Lote__PRIORITY);
 291              		.loc 1 115 0
 292 002c 2078     		ldrb	r0, [r4]	@ zero_extendqisi2
 293 002e 0221     		movs	r1, #2
 294 0030 FFF7FEFF 		bl	CyDmaChPriority
 295              	.LVL7:
 116:Generated_Source\PSoC5/DMA_Filter_RAM_Lote_dma.c ****     
 117:Generated_Source\PSoC5/DMA_Filter_RAM_Lote_dma.c ****     return DMA_Filter_RAM_Lote_DmaHandle;
 118:Generated_Source\PSoC5/DMA_Filter_RAM_Lote_dma.c **** }
 296              		.loc 1 118 0
 297 0034 2078     		ldrb	r0, [r4]	@ zero_extendqisi2
 298 0036 02B0     		add	sp, sp, #8
 299              		.cfi_def_cfa_offset 24
 300              		@ sp needed
 301 0038 BDE8F081 		pop	{r4, r5, r6, r7, r8, pc}
 302              	.L4:
 303              		.align	2
 304              	.L3:
 305 003c 00000000 		.word	.LANCHOR0
 306              		.cfi_endproc
 307              	.LFE0:
 308              		.size	DMA_Filter_RAM_Lote_DmaInitialize, .-DMA_Filter_RAM_Lote_DmaInitialize
 309              		.section	.text.DMA_Filter_RAM_Lote_DmaRelease,"ax",%progbits
ARM GAS  C:\Users\elias\AppData\Local\Temp\ccq4WmeO.s 			page 19


 310              		.align	2
 311              		.global	DMA_Filter_RAM_Lote_DmaRelease
 312              		.thumb
 313              		.thumb_func
 314              		.type	DMA_Filter_RAM_Lote_DmaRelease, %function
 315              	DMA_Filter_RAM_Lote_DmaRelease:
 316              	.LFB1:
 119:Generated_Source\PSoC5/DMA_Filter_RAM_Lote_dma.c **** 
 120:Generated_Source\PSoC5/DMA_Filter_RAM_Lote_dma.c **** /*********************************************************************
 121:Generated_Source\PSoC5/DMA_Filter_RAM_Lote_dma.c **** * Function Name: void DMA_Filter_RAM_Lote_DmaRelease
 122:Generated_Source\PSoC5/DMA_Filter_RAM_Lote_dma.c **** **********************************************************************
 123:Generated_Source\PSoC5/DMA_Filter_RAM_Lote_dma.c **** * Summary:
 124:Generated_Source\PSoC5/DMA_Filter_RAM_Lote_dma.c **** *   Frees the channel associated with DMA_Filter_RAM_Lote.
 125:Generated_Source\PSoC5/DMA_Filter_RAM_Lote_dma.c **** *
 126:Generated_Source\PSoC5/DMA_Filter_RAM_Lote_dma.c **** *
 127:Generated_Source\PSoC5/DMA_Filter_RAM_Lote_dma.c **** * Parameters:
 128:Generated_Source\PSoC5/DMA_Filter_RAM_Lote_dma.c **** *   void.
 129:Generated_Source\PSoC5/DMA_Filter_RAM_Lote_dma.c **** *
 130:Generated_Source\PSoC5/DMA_Filter_RAM_Lote_dma.c **** *
 131:Generated_Source\PSoC5/DMA_Filter_RAM_Lote_dma.c **** *
 132:Generated_Source\PSoC5/DMA_Filter_RAM_Lote_dma.c **** * Return:
 133:Generated_Source\PSoC5/DMA_Filter_RAM_Lote_dma.c **** *   void.
 134:Generated_Source\PSoC5/DMA_Filter_RAM_Lote_dma.c **** *
 135:Generated_Source\PSoC5/DMA_Filter_RAM_Lote_dma.c **** *******************************************************************/
 136:Generated_Source\PSoC5/DMA_Filter_RAM_Lote_dma.c **** void DMA_Filter_RAM_Lote_DmaRelease(void) 
 137:Generated_Source\PSoC5/DMA_Filter_RAM_Lote_dma.c **** {
 317              		.loc 1 137 0
 318              		.cfi_startproc
 319              		@ args = 0, pretend = 0, frame = 0
 320              		@ frame_needed = 0, uses_anonymous_args = 0
 321              		@ link register save eliminated.
 138:Generated_Source\PSoC5/DMA_Filter_RAM_Lote_dma.c ****     /* Disable the channel */
 139:Generated_Source\PSoC5/DMA_Filter_RAM_Lote_dma.c ****     (void)CyDmaChDisable(DMA_Filter_RAM_Lote_DmaHandle);
 322              		.loc 1 139 0
 323 0000 014B     		ldr	r3, .L6
 324 0002 1878     		ldrb	r0, [r3]	@ zero_extendqisi2
 325 0004 FFF7FEBF 		b	CyDmaChDisable
 326              	.LVL8:
 327              	.L7:
 328              		.align	2
 329              	.L6:
 330 0008 00000000 		.word	.LANCHOR0
 331              		.cfi_endproc
 332              	.LFE1:
 333              		.size	DMA_Filter_RAM_Lote_DmaRelease, .-DMA_Filter_RAM_Lote_DmaRelease
 334              		.global	DMA_Filter_RAM_Lote_DmaHandle
 335              		.data
 336              		.set	.LANCHOR0,. + 0
 337              		.type	DMA_Filter_RAM_Lote_DmaHandle, %object
 338              		.size	DMA_Filter_RAM_Lote_DmaHandle, 1
 339              	DMA_Filter_RAM_Lote_DmaHandle:
 340 0000 FF       		.byte	-1
 341              		.text
 342              	.Letext0:
 343              		.file 2 "Generated_Source\\PSoC5/cytypes.h"
 344              		.file 3 "Generated_Source\\PSoC5/CYDMAC.H"
 345              		.section	.debug_info,"",%progbits
ARM GAS  C:\Users\elias\AppData\Local\Temp\ccq4WmeO.s 			page 20


 346              	.Ldebug_info0:
 347 0000 A6010000 		.4byte	0x1a6
 348 0004 0400     		.2byte	0x4
 349 0006 00000000 		.4byte	.Ldebug_abbrev0
 350 000a 04       		.byte	0x4
 351 000b 01       		.uleb128 0x1
 352 000c AE000000 		.4byte	.LASF24
 353 0010 0C       		.byte	0xc
 354 0011 64000000 		.4byte	.LASF25
 355 0015 67010000 		.4byte	.LASF26
 356 0019 00000000 		.4byte	.Ldebug_ranges0+0
 357 001d 00000000 		.4byte	0
 358 0021 00000000 		.4byte	.Ldebug_line0
 359 0025 02       		.uleb128 0x2
 360 0026 04       		.byte	0x4
 361 0027 05       		.byte	0x5
 362 0028 696E7400 		.ascii	"int\000"
 363 002c 03       		.uleb128 0x3
 364 002d 04       		.byte	0x4
 365 002e 07       		.byte	0x7
 366 002f E3010000 		.4byte	.LASF0
 367 0033 03       		.uleb128 0x3
 368 0034 08       		.byte	0x8
 369 0035 05       		.byte	0x5
 370 0036 21020000 		.4byte	.LASF1
 371 003a 03       		.uleb128 0x3
 372 003b 08       		.byte	0x8
 373 003c 04       		.byte	0x4
 374 003d 76020000 		.4byte	.LASF2
 375 0041 03       		.uleb128 0x3
 376 0042 01       		.byte	0x1
 377 0043 06       		.byte	0x6
 378 0044 82020000 		.4byte	.LASF3
 379 0048 03       		.uleb128 0x3
 380 0049 01       		.byte	0x1
 381 004a 08       		.byte	0x8
 382 004b 95000000 		.4byte	.LASF4
 383 004f 03       		.uleb128 0x3
 384 0050 02       		.byte	0x2
 385 0051 05       		.byte	0x5
 386 0052 4E020000 		.4byte	.LASF5
 387 0056 03       		.uleb128 0x3
 388 0057 02       		.byte	0x2
 389 0058 07       		.byte	0x7
 390 0059 4B000000 		.4byte	.LASF6
 391 005d 03       		.uleb128 0x3
 392 005e 04       		.byte	0x4
 393 005f 05       		.byte	0x5
 394 0060 42000000 		.4byte	.LASF7
 395 0064 03       		.uleb128 0x3
 396 0065 04       		.byte	0x4
 397 0066 07       		.byte	0x7
 398 0067 55010000 		.4byte	.LASF8
 399 006b 03       		.uleb128 0x3
 400 006c 08       		.byte	0x8
 401 006d 07       		.byte	0x7
 402 006e F0010000 		.4byte	.LASF9
ARM GAS  C:\Users\elias\AppData\Local\Temp\ccq4WmeO.s 			page 21


 403 0072 03       		.uleb128 0x3
 404 0073 04       		.byte	0x4
 405 0074 07       		.byte	0x7
 406 0075 18020000 		.4byte	.LASF10
 407 0079 03       		.uleb128 0x3
 408 007a 01       		.byte	0x1
 409 007b 08       		.byte	0x8
 410 007c 49020000 		.4byte	.LASF11
 411 0080 04       		.uleb128 0x4
 412 0081 A1010000 		.4byte	.LASF12
 413 0085 02       		.byte	0x2
 414 0086 E901     		.2byte	0x1e9
 415 0088 48000000 		.4byte	0x48
 416 008c 04       		.uleb128 0x4
 417 008d DC010000 		.4byte	.LASF13
 418 0091 02       		.byte	0x2
 419 0092 EA01     		.2byte	0x1ea
 420 0094 56000000 		.4byte	0x56
 421 0098 03       		.uleb128 0x3
 422 0099 04       		.byte	0x4
 423 009a 04       		.byte	0x4
 424 009b 5E000000 		.4byte	.LASF14
 425 009f 03       		.uleb128 0x3
 426 00a0 08       		.byte	0x8
 427 00a1 04       		.byte	0x4
 428 00a2 D5010000 		.4byte	.LASF15
 429 00a6 05       		.uleb128 0x5
 430 00a7 10000000 		.4byte	.LASF27
 431 00ab 01       		.byte	0x1
 432 00ac 61       		.byte	0x61
 433 00ad 80000000 		.4byte	0x80
 434 00b1 00000000 		.4byte	.LFB0
 435 00b5 40000000 		.4byte	.LFE0-.LFB0
 436 00b9 01       		.uleb128 0x1
 437 00ba 9C       		.byte	0x9c
 438 00bb 4D010000 		.4byte	0x14d
 439 00bf 06       		.uleb128 0x6
 440 00c0 A3000000 		.4byte	.LASF16
 441 00c4 01       		.byte	0x1
 442 00c5 61       		.byte	0x61
 443 00c6 80000000 		.4byte	0x80
 444 00ca 00000000 		.4byte	.LLST0
 445 00ce 06       		.uleb128 0x6
 446 00cf A7010000 		.4byte	.LASF17
 447 00d3 01       		.byte	0x1
 448 00d4 61       		.byte	0x61
 449 00d5 80000000 		.4byte	0x80
 450 00d9 21000000 		.4byte	.LLST1
 451 00dd 06       		.uleb128 0x6
 452 00de 00000000 		.4byte	.LASF18
 453 00e2 01       		.byte	0x1
 454 00e3 61       		.byte	0x61
 455 00e4 8C000000 		.4byte	0x8c
 456 00e8 42000000 		.4byte	.LLST2
 457 00ec 06       		.uleb128 0x6
 458 00ed 07020000 		.4byte	.LASF19
 459 00f1 01       		.byte	0x1
ARM GAS  C:\Users\elias\AppData\Local\Temp\ccq4WmeO.s 			page 22


 460 00f2 61       		.byte	0x61
 461 00f3 8C000000 		.4byte	0x8c
 462 00f7 63000000 		.4byte	.LLST3
 463 00fb 07       		.uleb128 0x7
 464 00fc 22000000 		.4byte	.LVL5
 465 0100 7D010000 		.4byte	0x17d
 466 0104 23010000 		.4byte	0x123
 467 0108 08       		.uleb128 0x8
 468 0109 01       		.uleb128 0x1
 469 010a 50       		.byte	0x50
 470 010b 02       		.uleb128 0x2
 471 010c 75       		.byte	0x75
 472 010d 00       		.sleb128 0
 473 010e 08       		.uleb128 0x8
 474 010f 01       		.uleb128 0x1
 475 0110 53       		.byte	0x53
 476 0111 02       		.uleb128 0x2
 477 0112 75       		.byte	0x75
 478 0113 00       		.sleb128 0
 479 0114 08       		.uleb128 0x8
 480 0115 02       		.uleb128 0x2
 481 0116 7D       		.byte	0x7d
 482 0117 00       		.sleb128 0
 483 0118 02       		.uleb128 0x2
 484 0119 76       		.byte	0x76
 485 011a 00       		.sleb128 0
 486 011b 08       		.uleb128 0x8
 487 011c 02       		.uleb128 0x2
 488 011d 7D       		.byte	0x7d
 489 011e 04       		.sleb128 4
 490 011f 02       		.uleb128 0x2
 491 0120 76       		.byte	0x76
 492 0121 00       		.sleb128 0
 493 0122 00       		.byte	0
 494 0123 07       		.uleb128 0x7
 495 0124 2C000000 		.4byte	.LVL6
 496 0128 88010000 		.4byte	0x188
 497 012c 3D010000 		.4byte	0x13d
 498 0130 08       		.uleb128 0x8
 499 0131 01       		.uleb128 0x1
 500 0132 51       		.byte	0x51
 501 0133 02       		.uleb128 0x2
 502 0134 77       		.byte	0x77
 503 0135 00       		.sleb128 0
 504 0136 08       		.uleb128 0x8
 505 0137 01       		.uleb128 0x1
 506 0138 52       		.byte	0x52
 507 0139 02       		.uleb128 0x2
 508 013a 78       		.byte	0x78
 509 013b 00       		.sleb128 0
 510 013c 00       		.byte	0
 511 013d 09       		.uleb128 0x9
 512 013e 34000000 		.4byte	.LVL7
 513 0142 93010000 		.4byte	0x193
 514 0146 08       		.uleb128 0x8
 515 0147 01       		.uleb128 0x1
 516 0148 51       		.byte	0x51
ARM GAS  C:\Users\elias\AppData\Local\Temp\ccq4WmeO.s 			page 23


 517 0149 01       		.uleb128 0x1
 518 014a 32       		.byte	0x32
 519 014b 00       		.byte	0
 520 014c 00       		.byte	0
 521 014d 0A       		.uleb128 0xa
 522 014e B6010000 		.4byte	.LASF28
 523 0152 01       		.byte	0x1
 524 0153 88       		.byte	0x88
 525 0154 00000000 		.4byte	.LFB1
 526 0158 0C000000 		.4byte	.LFE1-.LFB1
 527 015c 01       		.uleb128 0x1
 528 015d 9C       		.byte	0x9c
 529 015e 6C010000 		.4byte	0x16c
 530 0162 0B       		.uleb128 0xb
 531 0163 08000000 		.4byte	.LVL8
 532 0167 9E010000 		.4byte	0x19e
 533 016b 00       		.byte	0
 534 016c 0C       		.uleb128 0xc
 535 016d 58020000 		.4byte	.LASF29
 536 0171 01       		.byte	0x1
 537 0172 45       		.byte	0x45
 538 0173 80000000 		.4byte	0x80
 539 0177 05       		.uleb128 0x5
 540 0178 03       		.byte	0x3
 541 0179 00000000 		.4byte	DMA_Filter_RAM_Lote_DmaHandle
 542 017d 0D       		.uleb128 0xd
 543 017e 9D020000 		.4byte	.LASF20
 544 0182 9D020000 		.4byte	.LASF20
 545 0186 03       		.byte	0x3
 546 0187 33       		.byte	0x33
 547 0188 0D       		.uleb128 0xd
 548 0189 2F020000 		.4byte	.LASF21
 549 018d 2F020000 		.4byte	.LASF21
 550 0191 03       		.byte	0x3
 551 0192 2D       		.byte	0x2d
 552 0193 0D       		.uleb128 0xd
 553 0194 32000000 		.4byte	.LASF22
 554 0198 32000000 		.4byte	.LASF22
 555 019c 03       		.byte	0x3
 556 019d 2C       		.byte	0x2c
 557 019e 0D       		.uleb128 0xd
 558 019f 8E020000 		.4byte	.LASF23
 559 01a3 8E020000 		.4byte	.LASF23
 560 01a7 03       		.byte	0x3
 561 01a8 2A       		.byte	0x2a
 562 01a9 00       		.byte	0
 563              		.section	.debug_abbrev,"",%progbits
 564              	.Ldebug_abbrev0:
 565 0000 01       		.uleb128 0x1
 566 0001 11       		.uleb128 0x11
 567 0002 01       		.byte	0x1
 568 0003 25       		.uleb128 0x25
 569 0004 0E       		.uleb128 0xe
 570 0005 13       		.uleb128 0x13
 571 0006 0B       		.uleb128 0xb
 572 0007 03       		.uleb128 0x3
 573 0008 0E       		.uleb128 0xe
ARM GAS  C:\Users\elias\AppData\Local\Temp\ccq4WmeO.s 			page 24


 574 0009 1B       		.uleb128 0x1b
 575 000a 0E       		.uleb128 0xe
 576 000b 55       		.uleb128 0x55
 577 000c 17       		.uleb128 0x17
 578 000d 11       		.uleb128 0x11
 579 000e 01       		.uleb128 0x1
 580 000f 10       		.uleb128 0x10
 581 0010 17       		.uleb128 0x17
 582 0011 00       		.byte	0
 583 0012 00       		.byte	0
 584 0013 02       		.uleb128 0x2
 585 0014 24       		.uleb128 0x24
 586 0015 00       		.byte	0
 587 0016 0B       		.uleb128 0xb
 588 0017 0B       		.uleb128 0xb
 589 0018 3E       		.uleb128 0x3e
 590 0019 0B       		.uleb128 0xb
 591 001a 03       		.uleb128 0x3
 592 001b 08       		.uleb128 0x8
 593 001c 00       		.byte	0
 594 001d 00       		.byte	0
 595 001e 03       		.uleb128 0x3
 596 001f 24       		.uleb128 0x24
 597 0020 00       		.byte	0
 598 0021 0B       		.uleb128 0xb
 599 0022 0B       		.uleb128 0xb
 600 0023 3E       		.uleb128 0x3e
 601 0024 0B       		.uleb128 0xb
 602 0025 03       		.uleb128 0x3
 603 0026 0E       		.uleb128 0xe
 604 0027 00       		.byte	0
 605 0028 00       		.byte	0
 606 0029 04       		.uleb128 0x4
 607 002a 16       		.uleb128 0x16
 608 002b 00       		.byte	0
 609 002c 03       		.uleb128 0x3
 610 002d 0E       		.uleb128 0xe
 611 002e 3A       		.uleb128 0x3a
 612 002f 0B       		.uleb128 0xb
 613 0030 3B       		.uleb128 0x3b
 614 0031 05       		.uleb128 0x5
 615 0032 49       		.uleb128 0x49
 616 0033 13       		.uleb128 0x13
 617 0034 00       		.byte	0
 618 0035 00       		.byte	0
 619 0036 05       		.uleb128 0x5
 620 0037 2E       		.uleb128 0x2e
 621 0038 01       		.byte	0x1
 622 0039 3F       		.uleb128 0x3f
 623 003a 19       		.uleb128 0x19
 624 003b 03       		.uleb128 0x3
 625 003c 0E       		.uleb128 0xe
 626 003d 3A       		.uleb128 0x3a
 627 003e 0B       		.uleb128 0xb
 628 003f 3B       		.uleb128 0x3b
 629 0040 0B       		.uleb128 0xb
 630 0041 27       		.uleb128 0x27
ARM GAS  C:\Users\elias\AppData\Local\Temp\ccq4WmeO.s 			page 25


 631 0042 19       		.uleb128 0x19
 632 0043 49       		.uleb128 0x49
 633 0044 13       		.uleb128 0x13
 634 0045 11       		.uleb128 0x11
 635 0046 01       		.uleb128 0x1
 636 0047 12       		.uleb128 0x12
 637 0048 06       		.uleb128 0x6
 638 0049 40       		.uleb128 0x40
 639 004a 18       		.uleb128 0x18
 640 004b 9742     		.uleb128 0x2117
 641 004d 19       		.uleb128 0x19
 642 004e 01       		.uleb128 0x1
 643 004f 13       		.uleb128 0x13
 644 0050 00       		.byte	0
 645 0051 00       		.byte	0
 646 0052 06       		.uleb128 0x6
 647 0053 05       		.uleb128 0x5
 648 0054 00       		.byte	0
 649 0055 03       		.uleb128 0x3
 650 0056 0E       		.uleb128 0xe
 651 0057 3A       		.uleb128 0x3a
 652 0058 0B       		.uleb128 0xb
 653 0059 3B       		.uleb128 0x3b
 654 005a 0B       		.uleb128 0xb
 655 005b 49       		.uleb128 0x49
 656 005c 13       		.uleb128 0x13
 657 005d 02       		.uleb128 0x2
 658 005e 17       		.uleb128 0x17
 659 005f 00       		.byte	0
 660 0060 00       		.byte	0
 661 0061 07       		.uleb128 0x7
 662 0062 898201   		.uleb128 0x4109
 663 0065 01       		.byte	0x1
 664 0066 11       		.uleb128 0x11
 665 0067 01       		.uleb128 0x1
 666 0068 31       		.uleb128 0x31
 667 0069 13       		.uleb128 0x13
 668 006a 01       		.uleb128 0x1
 669 006b 13       		.uleb128 0x13
 670 006c 00       		.byte	0
 671 006d 00       		.byte	0
 672 006e 08       		.uleb128 0x8
 673 006f 8A8201   		.uleb128 0x410a
 674 0072 00       		.byte	0
 675 0073 02       		.uleb128 0x2
 676 0074 18       		.uleb128 0x18
 677 0075 9142     		.uleb128 0x2111
 678 0077 18       		.uleb128 0x18
 679 0078 00       		.byte	0
 680 0079 00       		.byte	0
 681 007a 09       		.uleb128 0x9
 682 007b 898201   		.uleb128 0x4109
 683 007e 01       		.byte	0x1
 684 007f 11       		.uleb128 0x11
 685 0080 01       		.uleb128 0x1
 686 0081 31       		.uleb128 0x31
 687 0082 13       		.uleb128 0x13
ARM GAS  C:\Users\elias\AppData\Local\Temp\ccq4WmeO.s 			page 26


 688 0083 00       		.byte	0
 689 0084 00       		.byte	0
 690 0085 0A       		.uleb128 0xa
 691 0086 2E       		.uleb128 0x2e
 692 0087 01       		.byte	0x1
 693 0088 3F       		.uleb128 0x3f
 694 0089 19       		.uleb128 0x19
 695 008a 03       		.uleb128 0x3
 696 008b 0E       		.uleb128 0xe
 697 008c 3A       		.uleb128 0x3a
 698 008d 0B       		.uleb128 0xb
 699 008e 3B       		.uleb128 0x3b
 700 008f 0B       		.uleb128 0xb
 701 0090 27       		.uleb128 0x27
 702 0091 19       		.uleb128 0x19
 703 0092 11       		.uleb128 0x11
 704 0093 01       		.uleb128 0x1
 705 0094 12       		.uleb128 0x12
 706 0095 06       		.uleb128 0x6
 707 0096 40       		.uleb128 0x40
 708 0097 18       		.uleb128 0x18
 709 0098 9742     		.uleb128 0x2117
 710 009a 19       		.uleb128 0x19
 711 009b 01       		.uleb128 0x1
 712 009c 13       		.uleb128 0x13
 713 009d 00       		.byte	0
 714 009e 00       		.byte	0
 715 009f 0B       		.uleb128 0xb
 716 00a0 898201   		.uleb128 0x4109
 717 00a3 00       		.byte	0
 718 00a4 11       		.uleb128 0x11
 719 00a5 01       		.uleb128 0x1
 720 00a6 9542     		.uleb128 0x2115
 721 00a8 19       		.uleb128 0x19
 722 00a9 31       		.uleb128 0x31
 723 00aa 13       		.uleb128 0x13
 724 00ab 00       		.byte	0
 725 00ac 00       		.byte	0
 726 00ad 0C       		.uleb128 0xc
 727 00ae 34       		.uleb128 0x34
 728 00af 00       		.byte	0
 729 00b0 03       		.uleb128 0x3
 730 00b1 0E       		.uleb128 0xe
 731 00b2 3A       		.uleb128 0x3a
 732 00b3 0B       		.uleb128 0xb
 733 00b4 3B       		.uleb128 0x3b
 734 00b5 0B       		.uleb128 0xb
 735 00b6 49       		.uleb128 0x49
 736 00b7 13       		.uleb128 0x13
 737 00b8 3F       		.uleb128 0x3f
 738 00b9 19       		.uleb128 0x19
 739 00ba 02       		.uleb128 0x2
 740 00bb 18       		.uleb128 0x18
 741 00bc 00       		.byte	0
 742 00bd 00       		.byte	0
 743 00be 0D       		.uleb128 0xd
 744 00bf 2E       		.uleb128 0x2e
ARM GAS  C:\Users\elias\AppData\Local\Temp\ccq4WmeO.s 			page 27


 745 00c0 00       		.byte	0
 746 00c1 3F       		.uleb128 0x3f
 747 00c2 19       		.uleb128 0x19
 748 00c3 3C       		.uleb128 0x3c
 749 00c4 19       		.uleb128 0x19
 750 00c5 6E       		.uleb128 0x6e
 751 00c6 0E       		.uleb128 0xe
 752 00c7 03       		.uleb128 0x3
 753 00c8 0E       		.uleb128 0xe
 754 00c9 3A       		.uleb128 0x3a
 755 00ca 0B       		.uleb128 0xb
 756 00cb 3B       		.uleb128 0x3b
 757 00cc 0B       		.uleb128 0xb
 758 00cd 00       		.byte	0
 759 00ce 00       		.byte	0
 760 00cf 00       		.byte	0
 761              		.section	.debug_loc,"",%progbits
 762              	.Ldebug_loc0:
 763              	.LLST0:
 764 0000 00000000 		.4byte	.LVL0
 765 0004 1C000000 		.4byte	.LVL4
 766 0008 0100     		.2byte	0x1
 767 000a 50       		.byte	0x50
 768 000b 1C000000 		.4byte	.LVL4
 769 000f 40000000 		.4byte	.LFE0
 770 0013 0400     		.2byte	0x4
 771 0015 F3       		.byte	0xf3
 772 0016 01       		.uleb128 0x1
 773 0017 50       		.byte	0x50
 774 0018 9F       		.byte	0x9f
 775 0019 00000000 		.4byte	0
 776 001d 00000000 		.4byte	0
 777              	.LLST1:
 778 0021 00000000 		.4byte	.LVL0
 779 0025 18000000 		.4byte	.LVL3
 780 0029 0100     		.2byte	0x1
 781 002b 51       		.byte	0x51
 782 002c 18000000 		.4byte	.LVL3
 783 0030 40000000 		.4byte	.LFE0
 784 0034 0400     		.2byte	0x4
 785 0036 F3       		.byte	0xf3
 786 0037 01       		.uleb128 0x1
 787 0038 51       		.byte	0x51
 788 0039 9F       		.byte	0x9f
 789 003a 00000000 		.4byte	0
 790 003e 00000000 		.4byte	0
 791              	.LLST2:
 792 0042 00000000 		.4byte	.LVL0
 793 0046 14000000 		.4byte	.LVL2
 794 004a 0100     		.2byte	0x1
 795 004c 52       		.byte	0x52
 796 004d 14000000 		.4byte	.LVL2
 797 0051 40000000 		.4byte	.LFE0
 798 0055 0400     		.2byte	0x4
 799 0057 F3       		.byte	0xf3
 800 0058 01       		.uleb128 0x1
 801 0059 52       		.byte	0x52
ARM GAS  C:\Users\elias\AppData\Local\Temp\ccq4WmeO.s 			page 28


 802 005a 9F       		.byte	0x9f
 803 005b 00000000 		.4byte	0
 804 005f 00000000 		.4byte	0
 805              	.LLST3:
 806 0063 00000000 		.4byte	.LVL0
 807 0067 12000000 		.4byte	.LVL1
 808 006b 0100     		.2byte	0x1
 809 006d 53       		.byte	0x53
 810 006e 12000000 		.4byte	.LVL1
 811 0072 40000000 		.4byte	.LFE0
 812 0076 0400     		.2byte	0x4
 813 0078 F3       		.byte	0xf3
 814 0079 01       		.uleb128 0x1
 815 007a 53       		.byte	0x53
 816 007b 9F       		.byte	0x9f
 817 007c 00000000 		.4byte	0
 818 0080 00000000 		.4byte	0
 819              		.section	.debug_aranges,"",%progbits
 820 0000 24000000 		.4byte	0x24
 821 0004 0200     		.2byte	0x2
 822 0006 00000000 		.4byte	.Ldebug_info0
 823 000a 04       		.byte	0x4
 824 000b 00       		.byte	0
 825 000c 0000     		.2byte	0
 826 000e 0000     		.2byte	0
 827 0010 00000000 		.4byte	.LFB0
 828 0014 40000000 		.4byte	.LFE0-.LFB0
 829 0018 00000000 		.4byte	.LFB1
 830 001c 0C000000 		.4byte	.LFE1-.LFB1
 831 0020 00000000 		.4byte	0
 832 0024 00000000 		.4byte	0
 833              		.section	.debug_ranges,"",%progbits
 834              	.Ldebug_ranges0:
 835 0000 00000000 		.4byte	.LFB0
 836 0004 40000000 		.4byte	.LFE0
 837 0008 00000000 		.4byte	.LFB1
 838 000c 0C000000 		.4byte	.LFE1
 839 0010 00000000 		.4byte	0
 840 0014 00000000 		.4byte	0
 841              		.section	.debug_line,"",%progbits
 842              	.Ldebug_line0:
 843 0000 8E000000 		.section	.debug_str,"MS",%progbits,1
 843      02006000 
 843      00000201 
 843      FB0E0D00 
 843      01010101 
 844              	.LASF18:
 845 0000 55707065 		.ascii	"UpperSrcAddress\000"
 845      72537263 
 845      41646472 
 845      65737300 
 846              	.LASF27:
 847 0010 444D415F 		.ascii	"DMA_Filter_RAM_Lote_DmaInitialize\000"
 847      46696C74 
 847      65725F52 
 847      414D5F4C 
 847      6F74655F 
ARM GAS  C:\Users\elias\AppData\Local\Temp\ccq4WmeO.s 			page 29


 848              	.LASF22:
 849 0032 4379446D 		.ascii	"CyDmaChPriority\000"
 849      61436850 
 849      72696F72 
 849      69747900 
 850              	.LASF7:
 851 0042 6C6F6E67 		.ascii	"long int\000"
 851      20696E74 
 851      00
 852              	.LASF6:
 853 004b 73686F72 		.ascii	"short unsigned int\000"
 853      7420756E 
 853      7369676E 
 853      65642069 
 853      6E7400
 854              	.LASF14:
 855 005e 666C6F61 		.ascii	"float\000"
 855      7400
 856              	.LASF25:
 857 0064 47656E65 		.ascii	"Generated_Source\\PSoC5\\DMA_Filter_RAM_Lote_dma.c\000"
 857      72617465 
 857      645F536F 
 857      75726365 
 857      5C50536F 
 858              	.LASF4:
 859 0095 756E7369 		.ascii	"unsigned char\000"
 859      676E6564 
 859      20636861 
 859      7200
 860              	.LASF16:
 861 00a3 42757273 		.ascii	"BurstCount\000"
 861      74436F75 
 861      6E7400
 862              	.LASF24:
 863 00ae 474E5520 		.ascii	"GNU C11 5.4.1 20160609 (release) [ARM/embedded-5-br"
 863      43313120 
 863      352E342E 
 863      31203230 
 863      31363036 
 864 00e1 616E6368 		.ascii	"anch revision 237715] -mcpu=cortex-m3 -mthumb -g -O"
 864      20726576 
 864      6973696F 
 864      6E203233 
 864      37373135 
 865 0114 33202D66 		.ascii	"3 -ffunction-sections -ffat-lto-objects -finline-fu"
 865      66756E63 
 865      74696F6E 
 865      2D736563 
 865      74696F6E 
 866 0147 6E637469 		.ascii	"nctions -flto\000"
 866      6F6E7320 
 866      2D666C74 
 866      6F00
 867              	.LASF8:
 868 0155 6C6F6E67 		.ascii	"long unsigned int\000"
 868      20756E73 
 868      69676E65 
ARM GAS  C:\Users\elias\AppData\Local\Temp\ccq4WmeO.s 			page 30


 868      6420696E 
 868      7400
 869              	.LASF26:
 870 0167 433A5C47 		.ascii	"C:\\Github\\Tesis\\src\\psoc\\AcondicionamientoAnal"
 870      69746875 
 870      625C5465 
 870      7369735C 
 870      7372635C 
 871 0195 6F676963 		.ascii	"ogico.cydsn\000"
 871      6F2E6379 
 871      64736E00 
 872              	.LASF12:
 873 01a1 75696E74 		.ascii	"uint8\000"
 873      3800
 874              	.LASF17:
 875 01a7 52657165 		.ascii	"ReqestPerBurst\000"
 875      73745065 
 875      72427572 
 875      737400
 876              	.LASF28:
 877 01b6 444D415F 		.ascii	"DMA_Filter_RAM_Lote_DmaRelease\000"
 877      46696C74 
 877      65725F52 
 877      414D5F4C 
 877      6F74655F 
 878              	.LASF15:
 879 01d5 646F7562 		.ascii	"double\000"
 879      6C6500
 880              	.LASF13:
 881 01dc 75696E74 		.ascii	"uint16\000"
 881      313600
 882              	.LASF0:
 883 01e3 756E7369 		.ascii	"unsigned int\000"
 883      676E6564 
 883      20696E74 
 883      00
 884              	.LASF9:
 885 01f0 6C6F6E67 		.ascii	"long long unsigned int\000"
 885      206C6F6E 
 885      6720756E 
 885      7369676E 
 885      65642069 
 886              	.LASF19:
 887 0207 55707065 		.ascii	"UpperDestAddress\000"
 887      72446573 
 887      74416464 
 887      72657373 
 887      00
 888              	.LASF10:
 889 0218 73697A65 		.ascii	"sizetype\000"
 889      74797065 
 889      00
 890              	.LASF1:
 891 0221 6C6F6E67 		.ascii	"long long int\000"
 891      206C6F6E 
 891      6720696E 
 891      7400
ARM GAS  C:\Users\elias\AppData\Local\Temp\ccq4WmeO.s 			page 31


 892              	.LASF21:
 893 022f 4379446D 		.ascii	"CyDmaChSetExtendedAddress\000"
 893      61436853 
 893      65744578 
 893      74656E64 
 893      65644164 
 894              	.LASF11:
 895 0249 63686172 		.ascii	"char\000"
 895      00
 896              	.LASF5:
 897 024e 73686F72 		.ascii	"short int\000"
 897      7420696E 
 897      7400
 898              	.LASF29:
 899 0258 444D415F 		.ascii	"DMA_Filter_RAM_Lote_DmaHandle\000"
 899      46696C74 
 899      65725F52 
 899      414D5F4C 
 899      6F74655F 
 900              	.LASF2:
 901 0276 6C6F6E67 		.ascii	"long double\000"
 901      20646F75 
 901      626C6500 
 902              	.LASF3:
 903 0282 7369676E 		.ascii	"signed char\000"
 903      65642063 
 903      68617200 
 904              	.LASF23:
 905 028e 4379446D 		.ascii	"CyDmaChDisable\000"
 905      61436844 
 905      69736162 
 905      6C6500
 906              	.LASF20:
 907 029d 4379446D 		.ascii	"CyDmaChSetConfiguration\000"
 907      61436853 
 907      6574436F 
 907      6E666967 
 907      75726174 
 908              		.comm	__gnu_lto_v1,1,1
 909              		.ident	"GCC: (GNU Tools for ARM Embedded Processors) 5.4.1 20160609 (release) [ARM/embedded-5-bran
