ARM GAS  C:\Users\elias\AppData\Local\Temp\cc1Hn6b7.s 			page 1


   1              		.syntax unified
   2              		.cpu cortex-m3
   3              		.fpu softvfp
   4              		.eabi_attribute 20, 1
   5              		.eabi_attribute 21, 1
   6              		.eabi_attribute 23, 3
   7              		.eabi_attribute 24, 1
   8              		.eabi_attribute 25, 1
   9              		.eabi_attribute 26, 1
  10              		.eabi_attribute 30, 2
  11              		.eabi_attribute 34, 1
  12              		.eabi_attribute 18, 4
  13              		.thumb
  14              		.syntax unified
  15              		.file	"DMA_Filter_RAM_Single_dma.c"
  16              		.text
  17              	.Ltext0:
  18              		.section	.gnu.lto_.profile.f57e938f,"",%progbits
  19 0000 789C6361 		.ascii	"x\234ca`d`a`\000\222\266\342\000\000\373\000_"
  19      60646061 
  19      600092B6 
  19      E20000FB 
  19      005F
  20              		.text
  21              		.section	.gnu.lto_.icf.f57e938f,"",%progbits
  22 0000 789C6361 		.ascii	"x\234ca`d\000\001a\006\004`f\230ys[!c\367\234\266\033"
  22      60640001 
  22      61060460 
  22      66987973 
  22      5B2163F7 
  23 0017 AC4C3757 		.ascii	"\254L7W\377\232\316\311\000\000Tz\010`"
  23      FF9ACEC9 
  23      0000547A 
  23      0860
  24              		.text
  25              		.section	.gnu.lto_.jmpfuncs.f57e938f,"",%progbits
  26 0000 789C6361 		.ascii	"x\234ca`d\000\201V\006\004`b`a\004\002~\020\301\002"
  26      60640081 
  26      56060460 
  26      62606104 
  26      027E10C1 
  27 0015 E433FE65 		.ascii	"\3443\376eb<\372\377\373\001\376/L\255\314\014\214L"
  27      623CFAFF 
  27      FB01FE2F 
  27      4CADCC0C 
  27      8C4C
  28 0027 8CCB1965 		.ascii	"\214\313\031e\030\030\330@*+\231\300$3\220\344\001)"
  28      1818D840 
  28      2A2B99C0 
  28      243390E4 
  28      0129
  29 0039 BBD8B261 		.ascii	"\273\330\262a\0163D\031\013\343\012\2202\246J\260\221"
  29      0E334419 
  29      0BE30A90 
  29      32A64AB0 
  29      91
  30 004a 95206B18 		.ascii	"\225 k\030!B \205\353\337\354\374\311\013Q\310\300\270"
ARM GAS  C:\Users\elias\AppData\Local\Temp\cc1Hn6b7.s 			page 2


  30      21422085 
  30      EBDFECFC 
  30      C90B51C8 
  30      C0B8
  31 005c 122C0AA1 		.ascii	"\022,\012\241\230\300\210\201\001\000l\277\027\243"
  31      98C08881 
  31      01006CBF 
  31      17A3
  32              		.text
  33              		.section	.gnu.lto_.inline.f57e938f,"",%progbits
  34 0000 789C6361 		.ascii	"x\234ca`d\000\001\177\006\004`b`\020\325gd`\3428`\307"
  34      60640001 
  34      7F060460 
  34      626010D5 
  34      676460E2 
  35 0017 C0B6409E 		.ascii	"\300\266@\236\011$\306\314\003\024\237\340\307\300\302"
  35      0924C6CC 
  35      03149FE0 
  35      C7C0C2
  36 0026 0B644FF0 		.ascii	"\013dO\360\003Av\001\006\0066\006\020\013\254\207\215"
  36      03417601 
  36      06063606 
  36      100BAC87 
  36      8D
  37 0037 0FA885E9 		.ascii	"\017\250\205\351\002?\\\013\0237\003\003#P\022\000\264"
  37      023F5C0B 
  37      13370303 
  37      23501200 
  37      B4
  38 0048 960A8E   		.ascii	"\226\012\216"
  39              		.text
  40              		.section	.gnu.lto_.pureconst.f57e938f,"",%progbits
  41 0000 789C6361 		.ascii	"x\234ca`d`e```b\220`\222\000\000\000\347\000?"
  41      60646065 
  41      60606062 
  41      90609200 
  41      0000E700 
  42              		.text
  43              		.section	.gnu.lto_DMA_Filter_RAM_Single_DmaInitialize.f57e938f,"",%progbits
  44 0000 789C9592 		.ascii	"x\234\225\222KL\023Q\024\206\357\271\267t\312\320\026"
  44      4B4C1351 
  44      1486EFB9 
  44      B774CAD0 
  44      16
  45 0011 762E64E1 		.ascii	"v.d\341\256\2621$D\343\266BtE\322\320\270\303T\322N"
  45      AEB23124 
  45      44E3B642 
  45      7445D2D0 
  45      B8C354D2 
  46 0026 0C09024E 		.ascii	"\014\011\002N\313\272\027\206\252$.$\341\241\211H\324"
  46      CBBA1786 
  46      AA242E24 
  46      E1A18948 
  46      D4
  47 0037 10509187 		.ascii	"\020P\221\207\357\242b\353;\221H\020X\351\302\270hL"
  47      EFA262EB 
  47      3B914810 
ARM GAS  C:\Users\elias\AppData\Local\Temp\cc1Hn6b7.s 			page 3


  47      58E9C2B8 
  47      684C
  48 0049 43C22305 		.ascii	"C\302#\005\242\011\216\347\334V4\201\015\223Lf\356\231"
  48      A2098EE7 
  48      DC563481 
  48      0D934C66 
  48      EE99
  49 005b F3FFFF77 		.ascii	"\363\377\377w\356\\\007\003F\327\230`\254\025\237\373"
  49      EE5C0703 
  49      46D79860 
  49      AC159FFB 
  50 006b F106C180 		.ascii	"\361\006\301\200_\376\304X\273\213\003\320\213t\001"
  50      5FFEC458 
  50      BB8B03D0 
  50      8B7401
  51 007a 8B7388C3 		.ascii	"\213s\210\303:\337\342\360q\363\303%\275bX\312\016\371"
  51      3ADFE2F0 
  51      71F3C325 
  51      BD6258CA 
  51      0EF9
  52 008c 6D68ED68 		.ascii	"mh\355h\377H\012\022(\2679\203\252r\250,'\213a\250\300"
  52      FF480A12 
  52      28B73983 
  52      AA72A82C 
  52      278B61A8 
  53 00a1 CE85D1D9 		.ascii	"\316\205\321\331.\2578\002\014\337\257\367\314\344\204"
  53      2EAF3802 
  53      0CDFAFF7 
  53      CCE484
  54 00b0 6F885472 		.ascii	"o\210Tr\376\224\024(\201\021\020\377T\344\001\267\301"
  54      FE941428 
  54      811110FF 
  54      54E401B7 
  54      C1
  55 00c1 87BDCBF3 		.ascii	"\207\275\313\3637\367\011\277\222u\017\276\317\026\025"
  55      37F709BF 
  55      92750FBE 
  55      CF1615
  56 00d0 64FDEF4A 		.ascii	"d\375\357Jd%\351\356\354\320\335U\272\267\366f\2524"
  56      6425E9EE 
  56      ECD0DD55 
  56      BAB7F666 
  56      AA34
  57 00e2 C7130280 		.ascii	"\307\023\002\200@?\257\314\014\224\320\222C\031.\227"
  57      403FAFCC 
  57      0C94D092 
  57      43192E97 
  58 00f2 6EDD5870 		.ascii	"n\335Xp\213\200\262\355\330Z\233\366\026l\327\317\273"
  58      8B80B2ED 
  58      D85A9BF6 
  58      166CD7CF 
  58      BB
  59 0103 65202104 		.ascii	"e !\004\214\345m\357A9\214\002\031c\324\2702\236\372"
  59      8CE56DEF 
  59      41398C02 
  59      1963D4B8 
  59      329EFA
ARM GAS  C:\Users\elias\AppData\Local\Temp\cc1Hn6b7.s 			page 4


  60 0116 9559F68A 		.ascii	"\225Y\366\212\323J\332\363:i\377%Z\274P\220N\354\"\235"
  60      D34ADAF3 
  60      3A69FF25 
  60      5ABC5090 
  60      4EEC229D 
  61 012a 041FF57F 		.ascii	"\004\037\365\177\237\374\335\353qvJ\274\016\320&!\355"
  61      9FFCDDEB 
  61      71764ABC 
  61      0ED02621 
  61      ED
  62 013b 7D70D2B6 		.ascii	"}p\322\266\217\327\245\244m[2\325\253\245\277j\036\244"
  62      8FD7A5A4 
  62      6D5B32D5 
  62      ABA5BF6A 
  62      1EA4
  63 014d C6F11D40 		.ascii	"\306\361\035@\3038\321\302\241\001\305\273\200\234t"
  63      C338D1C2 
  63      A101C5BB 
  63      809C74
  64 015c 2AB8D5B0 		.ascii	"*\270\325\260l\005M\350\267\254rNO\221\201\216\334J"
  64      6C054DE8 
  64      B7AC724E 
  64      4F91818E 
  64      DC4A
  65 016e 66AE987C 		.ascii	"f\256\230|1\260/\361jV\243\261\213\024o2\271\364E\213"
  65      31B02FF1 
  65      6A56A3B1 
  65      8B146F32 
  65      B9F4458B 
  66 0182 6FC98B52 		.ascii	"o\311\213R\226a\255\213\034\260\234\235Y|\243\017\302"
  66      9661AD8B 
  66      1CB09C9D 
  66      597CA30F 
  66      C2
  67 0193 40BB5475 		.ascii	"@\273Tu\006\017\361\377>@v\006\217`\020\260c\256s\342"
  67      060FF1FF 
  67      3E407606 
  67      8F6010B0 
  67      63AE73E2 
  68 01a7 9A201F07 		.ascii	"\232 \037\0078\3401~\371\001W\345\225\215\203\024\263"
  68      38E0317E 
  68      F90157E5 
  68      958D8314 
  68      B3
  69 01b8 D3D86973 		.ascii	"\323\330is\234\011\236@\234Q\263%\204%\224\014;\307"
  69      9C099E40 
  69      9C51B325 
  69      8425940C 
  69      3BC7
  70 01ca 97923F3D 		.ascii	"\227\222?=y'\006Oq\217\360N\010\215!x_w\016\310\320"
  70      7927064F 
  70      718FF04E 
  70      088D2178 
  70      5F770EC8 
  71 01df 12CE3DB0 		.ascii	"\022\316=\260&\267Y\247\220\025\301\234\273C\271l\334"
  71      26B759A7 
  71      9015C19C 
ARM GAS  C:\Users\elias\AppData\Local\Temp\cc1Hn6b7.s 			page 5


  71      BB43B96C 
  71      DC
  72 01f0 2206CF10 		.ascii	"\"\006\317\020\012\003,\241Y\302\225\020\305*xn\275"
  72      0A032CA1 
  72      59C29510 
  72      C52A786E 
  72      BD
  73 0201 10ACEF21 		.ascii	"\020\254\357!\370\371v\360\213|p\321\356\301\272\315"
  73      F8F976F0 
  73      8B7C70D1 
  73      EEC1BACD 
  74 0211 E9584EAB 		.ascii	"\351XN\253`\375\377\243\351\000\016/i\374\022E\261\272"
  74      60FDFFA3 
  74      E9000E2F 
  74      69FC1245 
  74      B1BA
  75 0223 9116790C 		.ascii	"\221\026y\014\367\0360R\333\030i\302\310\242g\336\203"
  75      F71E3052 
  75      DB1869C2 
  75      C8A267DE 
  75      83
  76 0234 A9E30174 		.ascii	"\251\343\001t,p\360\252\023F\263a6\304\214H(\330\322"
  76      2C70F0AA 
  76      1346B361 
  76      36C48C48 
  76      28D8D2
  77 0247 66868DFA 		.ascii	"f\206\215\372@\260\245\372p}M\255?t\274\261)f\230\241"
  77      40B0A5FA 
  77      707D4DAD 
  77      3F74BCB1 
  77      296698A1 
  78 025b 3A7F6D28 		.ascii	":\177m(\330\330|\246\311\010E\3166\034\0123\375X\233"
  78      D8D87CA6 
  78      C90845CE 
  78      361C0A33 
  78      FD589B
  79 026e 198D55B7 		.ascii	"\031\215U\267\2645\307\274u\3069#\032\013\030\246\252"
  79      B435C7BC 
  79      75C63923 
  79      1A0B18A6 
  79      AA
  80 027f 959E6C6D 		.ascii	"\225\236lm5\314\240\031\366G\"\246\021\215\226\251u"
  80      35CCA019 
  80      F64722A6 
  80      118D96A9 
  80      75
  81 0290 0D76140A 		.ascii	"\015v\024\012\177\000e\301c1"
  81      7F0065C1 
  81      6331
  82              		.text
  83              		.section	.gnu.lto_DMA_Filter_RAM_Single_DmaRelease.f57e938f,"",%progbits
  84 0000 789C654E 		.ascii	"x\234eN=K\003A\024|\263{&\341@\260\327\3026\215 \222"
  84      3D4B0341 
  84      147CB37B 
  84      26E140B0 
  84      D7C2368D 
  85 0016 1F101405 		.ascii	"\037\020\024\005! \2276p\204\344\220@L\340\210\365m"
ARM GAS  C:\Users\elias\AppData\Local\Temp\cc1Hn6b7.s 			page 6


  85      21209736 
  85      7084E490 
  85      404CE088 
  85      F56D
  86 0028 120FB5B3 		.ascii	"\022\017\265\2631\235\2443\361\003Dl\274\356\014\226"
  86      319DA433 
  86      F103446C 
  86      BCEE0C96 
  87 0038 7E545636 		.ascii	"~TV6b\021$X$\240e<\337\236\245\003\313[\346\315\233"
  87      62112458 
  87      24A0653C 
  87      DF9EA503 
  87      CB5BE6CD 
  88 004d 1983401A 		.ascii	"\031\203@\032\011\036\031\236\363\374 \011\342\350\211"
  88      091E199E 
  88      F3FC2009 
  88      E2E889
  89 005c A8991280 		.ascii	"\250\231\022\200\376\250\024\310\023\360\360-\246\002"
  89      FEA814C8 
  89      13F0F02D 
  89      A602
  90 006a 83FD6120 		.ascii	"\203\375a \322=\305x\363O\227U?\204/\211\"\021;\021"
  90      D23DC578 
  90      F34F9755 
  90      3F842F89 
  90      22113B11 
  91 007e 7A4813CB 		.ascii	"zH\023\313\336\257\177\216g\023{Z\266\370\267D\037:"
  91      DEAF7F8E 
  91      67137B5A 
  91      B6F8B744 
  91      1F3A
  92 0090 87AEAC50 		.ascii	"\207\256\254PEQ[\2057\346\335\255i\010\362%\323c\226"
  92      45515B85 
  92      37E6DDAD 
  92      6908F225 
  92      D36396
  93 00a3 E8B08910 		.ascii	"\350\260\211\020z\312!Z\235\311\243\245\217\332R\347"
  93      7ACA215A 
  93      9DC9A3A5 
  93      8FDA52E7 
  94 00b3 76FCC173 		.ascii	"v\374\301s\362K\370R@\373\007\301\347k\322\233\252\003"
  94      F24BF852 
  94      40FB07C1 
  94      E76BD29B 
  94      AA03
  95 00c5 A5E6983B 		.ascii	"\245\346\230;\344\012\232\036=\274\334\233]\2344U\314"
  95      E40A9A1E 
  95      3DBCDC9B 
  95      5D9C3455 
  95      CC
  96 00d6 4B9C73EF 		.ascii	"K\234s\3573,p\374\005\272\240\017\030\332\362\277\203"
  96      332C70FC 
  96      05BAA00F 
  96      18DAF2BF 
  96      83
  97 00e7 11B12FE1 		.ascii	"\021\261/\341\022\036q\236/gh\204V\030l\306j\2151\357"
  97      121E719E 
ARM GAS  C:\Users\elias\AppData\Local\Temp\cc1Hn6b7.s 			page 7


  97      2F676884 
  97      56186CC6 
  97      6A8D31EF 
  98 00fb B918D75C 		.ascii	"\271\030\327\\\331pj\216[l8e;_\337uKNa+__\315\024\326"
  98      D9706A8E 
  98      5B6C3865 
  98      3B5FDF75 
  98      4B4E612B 
  99 0114 72597BBD 		.ascii	"rY{\275Rm8\256mesv\276R\333\256:vy\247\270T\242_\227"
  99      526D38AE 
  99      6D657376 
  99      BE52DBAE 
  99      3A7679A7 
 100 012d 6E6E46   		.ascii	"nnF"
 101              		.text
 102              		.section	.gnu.lto_.symbol_nodes.f57e938f,"",%progbits
 103 0000 789C558C 		.ascii	"x\234U\214\261\015\2000\014\004\317q\222\001\230\000"
 103      B10D8030 
 103      0C04CF71 
 103      92019800 
 104 0010 26759028 		.ascii	"&u\220()\230\207:53\300\"\010'\025\371\346t\377\322"
 104      2998873A 
 104      3533C022 
 104      082715F9 
 104      E674FFD2 
 105 0024 47841D4F 		.ascii	"G\204\035O\020\203\343\002\307Y\026H\260Nm\010&\303"
 105      1083E302 
 105      C7591648 
 105      B04E6D08 
 105      26C3
 106 0036 20C9422F 		.ascii	" \311B/\240\224\331=\232\016\256\026\007\317\226\376"
 106      A094D93D 
 106      9A0EAE16 
 106      07CF96FE 
 107 0046 AE7E5DEF 		.ascii	"\256~]\357W\224\310\3664*\2651\344\336\363\001\314\364"
 107      5794C8F6 
 107      342AB531 
 107      E4DEF301 
 107      CCF4
 108 0058 1F26     		.ascii	"\037&"
 109              		.text
 110              		.section	.gnu.lto_.refs.f57e938f,"",%progbits
 111 0000 789C0DC7 		.ascii	"x\234\015\307I\021\000 \000\000!\326c,`\377\254\312"
 111      49110020 
 111      000021D6 
 111      632C60FF 
 111      ACCA
 112 0012 8F25174B 		.ascii	"\217%\027K\245\251\255\323\370\365\000\003\311\0008"
 112      A5A9ADD3 
 112      F8F50003 
 112      C90038
 113              		.text
 114              		.section	.gnu.lto_.decls.f57e938f,"",%progbits
 115 0000 789C8D54 		.ascii	"x\234\215TkL\024W\024\2363\263]\326\345e\210ii\262\211"
 115      6B4C1457 
 115      149E33B3 
 115      5DD6E565 
ARM GAS  C:\Users\elias\AppData\Local\Temp\cc1Hn6b7.s 			page 8


 115      886969B2 
 116 0015 D446E117 		.ascii	"\324F\341\027\226\2306\375\325\204\254U\373\003c\244"
 116      969836FD 
 116      D584AC55 
 116      FB0363A4 
 117 0025 256D6242 		.ascii	"%mbB\026v\324Mpi\330%)\3755U\214\250\265\325\306b\241"
 117      1676D44D 
 117      7069D825 
 117      29FD3555 
 117      8CA8B5D5 
 118 003c 1A1053E5 		.ascii	"\032\020S\345!\313S\005T\272V\344)\362T\336\212,hI!"
 118      21CB5305 
 118      54BA56E4 
 118      29F254DE 
 118      8A2C6849 
 119 0051 1581B694 		.ascii	"\025\201\266\224Rz\356cvv\215\333\366f\317\316\275\347"
 119      527AEE63 
 119      76768DDB 
 119      F666CFCE 
 119      BDE7
 120 0063 7EE77CE7 		.ascii	"~\347|\347;\367\316\350\004\020\310\230\016\022\204"
 120      3BF7CEE8 
 120      0410C898 
 120      0E1284
 121 0072 049CCEE0 		.ascii	"\004\234\316\340|\025\207\204\317$4\262k\022\330\320"
 121      7C158784 
 121      CF2434B2 
 121      6B12D8D0 
 122 0082 A3DD4473 		.ascii	"\243\335Ds\243\265\243u\243\015\241\215q\334\270\340"
 122      A3B5A375 
 122      A30DA18D 
 122      71DCB8E0 
 123 0092 3F083604 		.ascii	"?\0106\004\355\032Z\004\332:\264\012\236\3571\332\004"
 123      ED1A5A04 
 123      DA3AB40A 
 123      9EEF31DA 
 123      04
 124 00a3 DA209A07 		.ascii	"\332 \232\007\255\013m\022\255\215\307\352x\374\020"
 124      AD0B6D12 
 124      AD8DC7EA 
 124      78FC10
 125 00b2 E7690FC0 		.ascii	"\347i\017\300\341\346u%\371\344%|Sh\243\034#r\\\240"
 125      E1E67525 
 125      F9E4257C 
 125      5368A31C 
 125      23725CA0 
 126 00c6 3A574458 		.ascii	":WDX-\250\375\3320\002C \011\274!\002\000\373\007j\002"
 126      2DA8FDDA 
 126      30024320 
 126      09BC2102 
 126      00FB076A 
 127 00db 33BAC489 		.ascii	"3\272\304\211(\260\211\352\362\016\201CDu\252%\243?"
 127      28B089EA 
 127      F20E8143 
 127      4475AA25 
 127      A33F
 128 00ed 1E0FABEA 		.ascii	"\036\017\253\352\240I\264\354\300\203\330\232\007\013"
ARM GAS  C:\Users\elias\AppData\Local\Temp\cc1Hn6b7.s 			page 9


 128      A049B4EC 
 128      C083D89A 
 128      070B
 129 00fb 3C08448D 		.ascii	"<\010D\215\000\330R\215\360\311\367BEj\315*\015m\007"
 129      00D8528D 
 129      F0C9F742 
 129      456ACD2A 
 129      0D6D07
 130 010e 157D76B6 		.ascii	"\025}v\266i\316(\211@\346\217\226\212\267\305^Vp\234"
 130      69CE2889 
 130      40E68F96 
 130      8AB7C55E 
 130      56709C
 131 0121 541471A7 		.ascii	"T\024q\247\326\231\037\376\\~&-\210\260\311\2105K\350"
 131      D6991FFE 
 131      5C7E262D 
 131      88B0C988 
 131      354BE8
 132 0134 A898A95F 		.ascii	"\250\230\251_\012e\016\262_|\276\271\306(m\246\363;"
 132      0A650EB2 
 132      5F7CBEB9 
 132      C6286DA6 
 132      F33B
 133 0146 ABBFBBC3 		.ascii	"\253\277\273\303q+\302\010\".{\237\335=\027\214\313"
 133      712BC208 
 133      222E7B9F 
 133      DD3D178C 
 133      CB
 134 0157 754658BB 		.ascii	"uFX\273\"\212gO\337*\327\2031&GQ\016*\312!\305X\034"
 134      228A674F 
 134      DF2AD783 
 134      31264751 
 134      0E2ACA21 
 135 016e 26800B4C 		.ascii	"&\200\013LP\016&\001*!\206\244,\201X\001\312\320Y\212"
 135      500E2601 
 135      2A2186A4 
 135      2C815801 
 135      CAD0598A 
 136 0182 CE8BA49E 		.ascii	"\316\213\244\236\361\261\351\367\352\025e-T\200\021"
 136      F1B1E9F7 
 136      EA15652D 
 136      548011
 137 0191 2E834421 		.ascii	".\203D!(f\223\221\025\230\333\267\260\004:\024E\001"
 137      28669391 
 137      1598DBB7 
 137      B0043A14 
 137      4501
 138 01a3 293AE22B 		.ascii	"):\342+\372u\376\224\301\353\253\002\352\2548<Yb\300"
 138      FA75FE94 
 138      C1EBAB02 
 138      EAAC383C 
 138      5962C0
 139 01b6 724CA804 		.ascii	"rL\250\004|\204\230\230\220\274S\236\277\203\245\217"
 139      7C849898 
 139      90BC539E 
 139      BF83A58F 
 140 01c6 C95CECF3 		.ascii	"\311\\\354\363\224M\353 \306H\013pW\257WD\270\206\211"
ARM GAS  C:\Users\elias\AppData\Local\Temp\cc1Hn6b7.s 			page 10


 140      944DEB20 
 140      C6480B70 
 140      57AF5744 
 140      B88689
 141 01d9 AE68EC26 		.ascii	"\256h\354&\302N\225<+R\364\221\002l1\301[(\343*\312"
 141      C24E953C 
 141      2B52F491 
 141      026C31C1 
 141      5B28E32A 
 142 01ee 307119B5 		.ascii	"0q\031\265(\243\006e`r\317\320\251\371`Z\020\311S\315"
 142      28A30665 
 142      6072CFD0 
 142      A9F9605A 
 142      10C953CD 
 143 0202 0A1A98AB 		.ascii	"\012\032\230\253\316\015\367:\353\230\263'\273\362\254"
 143      CE0DF73A 
 143      EB98B327 
 143      BBF2AC
 144 0211 C47AA8C3 		.ascii	"\304z\250\303\345\\g\276'\214\3650\212\010\373\342\347"
 144      E55C67BE 
 144      278CF530 
 144      8A08FBE2 
 144      E7
 145 0222 D93591B9 		.ascii	"\3315\221\271\364\234\016)Q:\032y\035y\032\220G\200"
 145      F49C0E29 
 145      513A1A79 
 145      1D791A90 
 145      4780
 146 0234 1B1089FF 		.ascii	"\033\020\211\377\365\240c\255\351?\361dQ\277\241P)\254"
 146      F5A063AD 
 146      E93FF164 
 146      51BFA150 
 146      29AC
 147 0246 54C6579A 		.ascii	"T\306W\232\255s\325\212r\024#u\004\007\305\232\230b"
 147      AD73D58A 
 147      72142375 
 147      0407C59A 
 147      9862
 148 0258 72ED05B8 		.ascii	"r\355\005\270\004#xEn\302\006\014\375\366L\205\013\244"
 148      04237845 
 148      6EC2060C 
 148      FDF64C85 
 148      0BA4
 149 026a 6F80B666 		.ascii	"o\200\266f\245\355\373|\321\2275\351U\037\322\037)i"
 149      A5EDFB7C 
 149      D19735E9 
 149      551FD21F 
 149      2969
 150 027c 0AE7CC6E 		.ascii	"\012\347\314n\254\03340Nw\3251)Oqgc\230HP\320\250Q6"
 150      AC1B3430 
 150      4E77D531 
 150      294F7167 
 150      63984850 
 151 0294 FA52BA29 		.ascii	"\372R\272)ek^i\215N\252a\224Sg\012~\321{{\303N\365\217"
 151      656B5E69 
 151      8D4EAA61 
 151      9453670A 
ARM GAS  C:\Users\elias\AppData\Local\Temp\cc1Hn6b7.s 			page 11


 151      7ED17B7B 
 152 02ac 1BE78645 		.ascii	"\033\347\206E\257\357'\326\257\261\326\2222\322\257"
 152      AFEF27D6 
 152      AFB1D692 
 152      32D2AF
 153 02bb 68237DA7 		.ascii	"h#}\247\302}\0166\232\035\354\375\253\207g\202\245\333"
 153      C27D0E36 
 153      9A1DECFD 
 153      AB876782 
 153      A5DB
 154 02cd 34AF587E 		.ascii	"4\257X~\376\313\012\357%D1\021\255x\011U-\320\212\247"
 154      FECB0AEF 
 154      25443111 
 154      AD780955 
 154      2DD08AA7 
 155 02e1 17CD4FEF 		.ascii	"\027\315O\357\016:\233\264K8\373a\325\021\242\243\005"
 155      0E3A9BB4 
 155      4B38FB61 
 155      D511A2A3 
 155      05
 156 02f2 A99B351D 		.ascii	"\251\2335\035\321\374\026\316\364?T\014\276-j\361;\230"
 156      D1FC16CE 
 156      F43F540C 
 156      BE2D6AF1 
 156      3B98
 157 0304 36DAA3DB 		.ascii	"6\332\243\333\352\301\324\015\237\310\025\261I\343\230"
 157      EAC1D40D 
 157      9FC815B1 
 157      49E398
 158 0313 B9FEABD8 		.ascii	"\271\376\253\330\374j%{\015\301\300--\363-\332!\234"
 158      FC6A257B 
 158      0DC1C02D 
 158      2DF32DDA 
 158      219C
 159 0325 B4D3EE3C 		.ascii	"\264\323\356<\231Z\034\012\222fYw\376\373\316\337e\335"
 159      995A1C0A 
 159      92665977 
 159      FEFBCEDF 
 159      65DD
 160 0337 F1BF779D 		.ascii	"\361\277w\235\314\331\3212Z.\005\256\265\213\326zO\255"
 160      CCD9D132 
 160      5A2E05AE 
 160      B58BD67A 
 160      4FAD
 161 0349 F5E0405D 		.ascii	"\365\340@]\203\216\325\352n\220\261N\334\207\016\255"
 161      838ED5EA 
 161      6E90B14E 
 161      DC870EAD 
 162 0359 CE0EB5CE 		.ascii	"\316\016\265\316nZg\311\323\351\331P\351\210\370?O\261"
 162      6E5A67C9 
 162      D3E9D950 
 162      E988F83F 
 162      4FB1
 163 036b 979574F4 		.ascii	"\227\225t\364\320|\241\321\353\354c\316\326\341\313"
 163      D07CA1D1 
 163      EBEC63CE 
 163      D6E1CB
ARM GAS  C:\Users\elias\AppData\Local\Temp\cc1Hn6b7.s 			page 12


 164 037a CB1AB29F 		.ascii	"\313\032\262\2379;\313O'x}\367\231o\264\365\350u-\372"
 164      393BCB4F 
 164      27787DF7 
 164      996FB4F5 
 164      E8752DFA 
 165 038e 017FDD2F 		.ascii	"\001\177\335/\345\327\375\213\312A\252r@Uy\341\344w"
 165      E5D7FD8B 
 165      CA41AA72 
 165      405579E1 
 165      E477
 166 03a0 27C3B9CA 		.ascii	"'\303\271\312\007D%\356C\217\246\262GU9DU\266Tu\317"
 166      074425EE 
 166      438FA6B2 
 166      47553944 
 166      55B65475 
 167 03b5 064B0581 		.ascii	"\006K\005\201U.\337\253t\211\201\331G)\373\210\312\376"
 167      552EDFAB 
 167      748981D9 
 167      4729FB88 
 167      CAFE
 168 03c7 BC6DFE69 		.ascii	"\274m\376i\020g\257%\354\270\017\303\032\373\260\312"
 168      1067AF25 
 168      ECB80FC3 
 168      1AFBB0CA 
 169 03d7 3E46D91F 		.ascii	">F\331\037\035\237\270\250_`\337$\372){\356r]\011\223"
 169      1D9FB8A8 
 169      5F60DF24 
 169      FA297BEE 
 169      725D0993 
 170 03eb 5CAC1C57 		.ascii	"\\\254\034W\316o\245\342\306\013Ja\021y\353\267\315"
 170      CE6FA5E2 
 170      C60B4A61 
 170      1179EBB7 
 170      CD
 171 03fc B91445A2 		.ascii	"\271\024E\242\320G,!\377T\011t\375\220\\\373q\330\210"
 171      D0472C21 
 171      FF540974 
 171      FD905CFB 
 171      71D888
 172 040f 71C7FBFF 		.ascii	"q\307\373\377\212\0179\246\275\027/|[\036C\010-\001"
 172      8A0F39A6 
 172      BD172F7C 
 172      5B1E4308 
 172      2D01
 173 0421 9F08CE29 		.ascii	"\237\010\316)\032\351\014\365C\223\206i\350\011\216"
 173      1AE90CF5 
 173      43938669 
 173      E8098E
 174 0430 9EA0E8A6 		.ascii	"\236\240\350\246\305\301F\275\037\272\313\017\355\341"
 174      C5C146BD 
 174      1FBACB0F 
 174      EDE1
 175 043e 680F452F 		.ascii	"h\017E/e\037\233\366G\267\371\241'9z\222\242\237\264"
 175      651F9BF6 
 175      47B7F9A1 
 175      27397A92 
 175      A29FB4
ARM GAS  C:\Users\elias\AppData\Local\Temp\cc1Hn6b7.s 			page 13


 176 0451 F5AE18FC 		.ascii	"\365\256\030\374\320\243~\350)\216&\3177\267&\304'o"
 176      D0A37EE8 
 176      298E26CF 
 176      37B726C4 
 176      276F
 177 0463 B3A539E5 		.ascii	"\263\2459\345\214\344\335\361\011\311\2116\373\2764"
 177      8CE4DDF1 
 177      09C98936 
 177      FBBE34
 178 0472 3979EB01 		.ascii	"9y\353\001\313\007v\233\323fI\263}.\033\266\357\374"
 178      CB07769B 
 178      D36649B3 
 178      7D2E1BB6 
 178      EFFC
 179 0484 28CA1C17 		.ascii	"(\312\034\027'\3503mvg\334;ol\227\355r\206\305)[\223"
 179      27E8336D 
 179      7667DC3B 
 179      6F6C97ED 
 179      7286C529 
 180 049a 13D33333 		.ascii	"\023\32333R\345=\273\022\323\315ooN\315rf}*;b\367\013"
 180      52E53DBB 
 180      12D3CD6F 
 180      6F4ECD72 
 180      667D2A3B 
 181 04b1 AF10E0BB 		.ascii	"\257\020\340\273[^\216\333\363rJ\353\001Kl\252\020\025"
 181      5B5E8EDB 
 181      F3724AEB 
 181      014B6CAA 
 181      1015
 182 04c3 B09EDD72 		.ascii	"\260\236\335r\232lq\310\341\346,\\\230\367\357\312\260"
 182      9A6C71C8 
 182      E1E62C5C 
 182      98F7EFCA 
 182      B0
 183 04d4 A567D89C 		.ascii	"\245g\330\234Y\206\324,\207\323\342\314tD\005\250\312"
 183      5986D42C 
 183      87D3E2CC 
 183      744405A8 
 183      CA
 184 04e5 FC09A634 		.ascii	"\374\011\2464\307\356\020^\347\221\211\262\363\375\317"
 184      C7EE105E 
 184      E79189B2 
 184      F3FDCF
 185 04f4 9CB2DD2A 		.ascii	"\234\262\335*[\343\255\326\014\331\341xM\3331\247\333"
 185      5BE3ADD6 
 185      0CD9E178 
 185      4DDB31A7 
 185      DB
 186 0505 F7DAF665 		.ascii	"\367\332\366eb\036[\272=\214\373\267\332\034\226\224"
 186      621E5BBA 
 186      3D8CFBB7 
 186      DA1C9694 
 187 0515 34797DC0 		.ascii	"4y}\300\332vX\354\3264\371\037E\237\307\031"
 187      DA7658EC 
 187      D634F91F 
 187      459FC719 
 188              		.text
ARM GAS  C:\Users\elias\AppData\Local\Temp\cc1Hn6b7.s 			page 14


 189              		.section	.gnu.lto_.symtab.f57e938f,"",%progbits
 190 0000 444D415F 		.ascii	"DMA_Filter_RAM_Single_DmaInitialize\000"
 190      46696C74 
 190      65725F52 
 190      414D5F53 
 190      696E676C 
 191 0024 00       		.ascii	"\000"
 192 0025 00       		.ascii	"\000"
 193 0026 00       		.ascii	"\000"
 194 0027 00000000 		.ascii	"\000\000\000\000\000\000\000\000"
 194      00000000 
 195 002f BD000000 		.ascii	"\275\000\000\000"
 196 0033 444D415F 		.ascii	"DMA_Filter_RAM_Single_DmaHandle\000"
 196      46696C74 
 196      65725F52 
 196      414D5F53 
 196      696E676C 
 197 0053 00       		.ascii	"\000"
 198 0054 00       		.ascii	"\000"
 199 0055 00       		.ascii	"\000"
 200 0056 00000000 		.ascii	"\000\000\000\000\000\000\000\000"
 200      00000000 
 201 005e E0000000 		.ascii	"\340\000\000\000"
 202 0062 444D415F 		.ascii	"DMA_Filter_RAM_Single_DmaRelease\000"
 202      46696C74 
 202      65725F52 
 202      414D5F53 
 202      696E676C 
 203 0083 00       		.ascii	"\000"
 204 0084 00       		.ascii	"\000"
 205 0085 00       		.ascii	"\000"
 206 0086 00000000 		.ascii	"\000\000\000\000\000\000\000\000"
 206      00000000 
 207 008e C0000000 		.ascii	"\300\000\000\000"
 208 0092 4379446D 		.ascii	"CyDmaChPriority\000"
 208      61436850 
 208      72696F72 
 208      69747900 
 209 00a2 00       		.ascii	"\000"
 210 00a3 02       		.ascii	"\002"
 211 00a4 00       		.ascii	"\000"
 212 00a5 00000000 		.ascii	"\000\000\000\000\000\000\000\000"
 212      00000000 
 213 00ad CA000000 		.ascii	"\312\000\000\000"
 214 00b1 4379446D 		.ascii	"CyDmaChSetExtendedAddress\000"
 214      61436853 
 214      65744578 
 214      74656E64 
 214      65644164 
 215 00cb 00       		.ascii	"\000"
 216 00cc 02       		.ascii	"\002"
 217 00cd 00       		.ascii	"\000"
 218 00ce 00000000 		.ascii	"\000\000\000\000\000\000\000\000"
 218      00000000 
 219 00d6 D0000000 		.ascii	"\320\000\000\000"
 220 00da 4379446D 		.ascii	"CyDmaChSetConfiguration\000"
 220      61436853 
ARM GAS  C:\Users\elias\AppData\Local\Temp\cc1Hn6b7.s 			page 15


 220      6574436F 
 220      6E666967 
 220      75726174 
 221 00f2 00       		.ascii	"\000"
 222 00f3 02       		.ascii	"\002"
 223 00f4 00       		.ascii	"\000"
 224 00f5 00000000 		.ascii	"\000\000\000\000\000\000\000\000"
 224      00000000 
 225 00fd D9000000 		.ascii	"\331\000\000\000"
 226 0101 4379446D 		.ascii	"CyDmaChDisable\000"
 226      61436844 
 226      69736162 
 226      6C6500
 227 0110 00       		.ascii	"\000"
 228 0111 02       		.ascii	"\002"
 229 0112 00       		.ascii	"\000"
 230 0113 00000000 		.ascii	"\000\000\000\000\000\000\000\000"
 230      00000000 
 231 011b DD000000 		.ascii	"\335\000\000\000"
 232              		.text
 233              		.section	.gnu.lto_.opts,"",%progbits
 234 0000 272D666D 		.ascii	"'-fmath-errno' '-fsigned-zeros' '-ftrapping-math' '"
 234      6174682D 
 234      6572726E 
 234      6F272027 
 234      2D667369 
 235 0033 2D666E6F 		.ascii	"-fno-trapv' '-fno-openmp' '-fno-openacc' '-mcpu=cor"
 235      2D747261 
 235      70762720 
 235      272D666E 
 235      6F2D6F70 
 236 0066 7465782D 		.ascii	"tex-m3' '-mthumb' '-g' '-O3' '-ffunction-sections' "
 236      6D332720 
 236      272D6D74 
 236      68756D62 
 236      2720272D 
 237 0099 272D6666 		.ascii	"'-ffat-lto-objects' '-finline-functions' '-flto'\000"
 237      61742D6C 
 237      746F2D6F 
 237      626A6563 
 237      74732720 
 238              		.text
 239              		.cfi_sections	.debug_frame
 240              		.section	.text.DMA_Filter_RAM_Single_DmaInitialize,"ax",%progbits
 241              		.align	2
 242              		.global	DMA_Filter_RAM_Single_DmaInitialize
 243              		.thumb
 244              		.thumb_func
 245              		.type	DMA_Filter_RAM_Single_DmaInitialize, %function
 246              	DMA_Filter_RAM_Single_DmaInitialize:
 247              	.LFB0:
 248              		.file 1 "Generated_Source\\PSoC5\\DMA_Filter_RAM_Single_dma.c"
   1:Generated_Source\PSoC5/DMA_Filter_RAM_Single_dma.c **** /***************************************************************************
   2:Generated_Source\PSoC5/DMA_Filter_RAM_Single_dma.c **** * File Name: DMA_Filter_RAM_Single_dma.c  
   3:Generated_Source\PSoC5/DMA_Filter_RAM_Single_dma.c **** * Version 1.70
   4:Generated_Source\PSoC5/DMA_Filter_RAM_Single_dma.c **** *
   5:Generated_Source\PSoC5/DMA_Filter_RAM_Single_dma.c **** *  Description:
ARM GAS  C:\Users\elias\AppData\Local\Temp\cc1Hn6b7.s 			page 16


   6:Generated_Source\PSoC5/DMA_Filter_RAM_Single_dma.c **** *   Provides an API for the DMAC component. The API includes functions
   7:Generated_Source\PSoC5/DMA_Filter_RAM_Single_dma.c **** *   for the DMA controller, DMA channels and Transfer Descriptors.
   8:Generated_Source\PSoC5/DMA_Filter_RAM_Single_dma.c **** *
   9:Generated_Source\PSoC5/DMA_Filter_RAM_Single_dma.c **** *
  10:Generated_Source\PSoC5/DMA_Filter_RAM_Single_dma.c **** *   Note:
  11:Generated_Source\PSoC5/DMA_Filter_RAM_Single_dma.c **** *     This module requires the developer to finish or fill in the auto
  12:Generated_Source\PSoC5/DMA_Filter_RAM_Single_dma.c **** *     generated funcions and setup the dma channel and TD's.
  13:Generated_Source\PSoC5/DMA_Filter_RAM_Single_dma.c **** *
  14:Generated_Source\PSoC5/DMA_Filter_RAM_Single_dma.c **** ********************************************************************************
  15:Generated_Source\PSoC5/DMA_Filter_RAM_Single_dma.c **** * Copyright 2008-2010, Cypress Semiconductor Corporation.  All rights reserved.
  16:Generated_Source\PSoC5/DMA_Filter_RAM_Single_dma.c **** * You may use this file only in accordance with the license, terms, conditions, 
  17:Generated_Source\PSoC5/DMA_Filter_RAM_Single_dma.c **** * disclaimers, and limitations in the end user license agreement accompanying 
  18:Generated_Source\PSoC5/DMA_Filter_RAM_Single_dma.c **** * the software package with which this file was provided.
  19:Generated_Source\PSoC5/DMA_Filter_RAM_Single_dma.c **** ********************************************************************************/
  20:Generated_Source\PSoC5/DMA_Filter_RAM_Single_dma.c **** #include <CYLIB.H>
  21:Generated_Source\PSoC5/DMA_Filter_RAM_Single_dma.c **** #include <CYDMAC.H>
  22:Generated_Source\PSoC5/DMA_Filter_RAM_Single_dma.c **** #include <DMA_Filter_RAM_Single_dma.H>
  23:Generated_Source\PSoC5/DMA_Filter_RAM_Single_dma.c **** 
  24:Generated_Source\PSoC5/DMA_Filter_RAM_Single_dma.c **** 
  25:Generated_Source\PSoC5/DMA_Filter_RAM_Single_dma.c **** 
  26:Generated_Source\PSoC5/DMA_Filter_RAM_Single_dma.c **** /****************************************************************************
  27:Generated_Source\PSoC5/DMA_Filter_RAM_Single_dma.c **** * 
  28:Generated_Source\PSoC5/DMA_Filter_RAM_Single_dma.c **** * The following defines are available in Cyfitter.h
  29:Generated_Source\PSoC5/DMA_Filter_RAM_Single_dma.c **** * 
  30:Generated_Source\PSoC5/DMA_Filter_RAM_Single_dma.c **** * 
  31:Generated_Source\PSoC5/DMA_Filter_RAM_Single_dma.c **** * 
  32:Generated_Source\PSoC5/DMA_Filter_RAM_Single_dma.c **** * DMA_Filter_RAM_Single__DRQ_CTL_REG
  33:Generated_Source\PSoC5/DMA_Filter_RAM_Single_dma.c **** * 
  34:Generated_Source\PSoC5/DMA_Filter_RAM_Single_dma.c **** * 
  35:Generated_Source\PSoC5/DMA_Filter_RAM_Single_dma.c **** * DMA_Filter_RAM_Single__DRQ_NUMBER
  36:Generated_Source\PSoC5/DMA_Filter_RAM_Single_dma.c **** * 
  37:Generated_Source\PSoC5/DMA_Filter_RAM_Single_dma.c **** * Number of TD's used by this channel.
  38:Generated_Source\PSoC5/DMA_Filter_RAM_Single_dma.c **** * DMA_Filter_RAM_Single__NUMBEROF_TDS
  39:Generated_Source\PSoC5/DMA_Filter_RAM_Single_dma.c **** * 
  40:Generated_Source\PSoC5/DMA_Filter_RAM_Single_dma.c **** * Priority of this channel.
  41:Generated_Source\PSoC5/DMA_Filter_RAM_Single_dma.c **** * DMA_Filter_RAM_Single__PRIORITY
  42:Generated_Source\PSoC5/DMA_Filter_RAM_Single_dma.c **** * 
  43:Generated_Source\PSoC5/DMA_Filter_RAM_Single_dma.c **** * True if DMA_Filter_RAM_Single_TERMIN_SEL is used.
  44:Generated_Source\PSoC5/DMA_Filter_RAM_Single_dma.c **** * DMA_Filter_RAM_Single__TERMIN_EN
  45:Generated_Source\PSoC5/DMA_Filter_RAM_Single_dma.c **** * 
  46:Generated_Source\PSoC5/DMA_Filter_RAM_Single_dma.c **** * TERMIN interrupt line to signal terminate.
  47:Generated_Source\PSoC5/DMA_Filter_RAM_Single_dma.c **** * DMA_Filter_RAM_Single__TERMIN_SEL
  48:Generated_Source\PSoC5/DMA_Filter_RAM_Single_dma.c **** * 
  49:Generated_Source\PSoC5/DMA_Filter_RAM_Single_dma.c **** * 
  50:Generated_Source\PSoC5/DMA_Filter_RAM_Single_dma.c **** * True if DMA_Filter_RAM_Single_TERMOUT0_SEL is used.
  51:Generated_Source\PSoC5/DMA_Filter_RAM_Single_dma.c **** * DMA_Filter_RAM_Single__TERMOUT0_EN
  52:Generated_Source\PSoC5/DMA_Filter_RAM_Single_dma.c **** * 
  53:Generated_Source\PSoC5/DMA_Filter_RAM_Single_dma.c **** * 
  54:Generated_Source\PSoC5/DMA_Filter_RAM_Single_dma.c **** * TERMOUT0 interrupt line to signal completion.
  55:Generated_Source\PSoC5/DMA_Filter_RAM_Single_dma.c **** * DMA_Filter_RAM_Single__TERMOUT0_SEL
  56:Generated_Source\PSoC5/DMA_Filter_RAM_Single_dma.c **** * 
  57:Generated_Source\PSoC5/DMA_Filter_RAM_Single_dma.c **** * 
  58:Generated_Source\PSoC5/DMA_Filter_RAM_Single_dma.c **** * True if DMA_Filter_RAM_Single_TERMOUT1_SEL is used.
  59:Generated_Source\PSoC5/DMA_Filter_RAM_Single_dma.c **** * DMA_Filter_RAM_Single__TERMOUT1_EN
  60:Generated_Source\PSoC5/DMA_Filter_RAM_Single_dma.c **** * 
  61:Generated_Source\PSoC5/DMA_Filter_RAM_Single_dma.c **** * 
  62:Generated_Source\PSoC5/DMA_Filter_RAM_Single_dma.c **** * TERMOUT1 interrupt line to signal completion.
ARM GAS  C:\Users\elias\AppData\Local\Temp\cc1Hn6b7.s 			page 17


  63:Generated_Source\PSoC5/DMA_Filter_RAM_Single_dma.c **** * DMA_Filter_RAM_Single__TERMOUT1_SEL
  64:Generated_Source\PSoC5/DMA_Filter_RAM_Single_dma.c **** * 
  65:Generated_Source\PSoC5/DMA_Filter_RAM_Single_dma.c **** ****************************************************************************/
  66:Generated_Source\PSoC5/DMA_Filter_RAM_Single_dma.c **** 
  67:Generated_Source\PSoC5/DMA_Filter_RAM_Single_dma.c **** 
  68:Generated_Source\PSoC5/DMA_Filter_RAM_Single_dma.c **** /* Zero based index of DMA_Filter_RAM_Single dma channel */
  69:Generated_Source\PSoC5/DMA_Filter_RAM_Single_dma.c **** uint8 DMA_Filter_RAM_Single_DmaHandle = DMA_INVALID_CHANNEL;
  70:Generated_Source\PSoC5/DMA_Filter_RAM_Single_dma.c **** 
  71:Generated_Source\PSoC5/DMA_Filter_RAM_Single_dma.c **** /*********************************************************************
  72:Generated_Source\PSoC5/DMA_Filter_RAM_Single_dma.c **** * Function Name: uint8 DMA_Filter_RAM_Single_DmaInitalize
  73:Generated_Source\PSoC5/DMA_Filter_RAM_Single_dma.c **** **********************************************************************
  74:Generated_Source\PSoC5/DMA_Filter_RAM_Single_dma.c **** * Summary:
  75:Generated_Source\PSoC5/DMA_Filter_RAM_Single_dma.c **** *   Allocates and initialises a channel of the DMAC to be used by the
  76:Generated_Source\PSoC5/DMA_Filter_RAM_Single_dma.c **** *   caller.
  77:Generated_Source\PSoC5/DMA_Filter_RAM_Single_dma.c **** *
  78:Generated_Source\PSoC5/DMA_Filter_RAM_Single_dma.c **** * Parameters:
  79:Generated_Source\PSoC5/DMA_Filter_RAM_Single_dma.c **** *   BurstCount.
  80:Generated_Source\PSoC5/DMA_Filter_RAM_Single_dma.c **** *       
  81:Generated_Source\PSoC5/DMA_Filter_RAM_Single_dma.c **** *       
  82:Generated_Source\PSoC5/DMA_Filter_RAM_Single_dma.c **** *   ReqestPerBurst.
  83:Generated_Source\PSoC5/DMA_Filter_RAM_Single_dma.c **** *       
  84:Generated_Source\PSoC5/DMA_Filter_RAM_Single_dma.c **** *       
  85:Generated_Source\PSoC5/DMA_Filter_RAM_Single_dma.c **** *   UpperSrcAddress.
  86:Generated_Source\PSoC5/DMA_Filter_RAM_Single_dma.c **** *       
  87:Generated_Source\PSoC5/DMA_Filter_RAM_Single_dma.c **** *       
  88:Generated_Source\PSoC5/DMA_Filter_RAM_Single_dma.c **** *   UpperDestAddress.
  89:Generated_Source\PSoC5/DMA_Filter_RAM_Single_dma.c **** *       
  90:Generated_Source\PSoC5/DMA_Filter_RAM_Single_dma.c **** *
  91:Generated_Source\PSoC5/DMA_Filter_RAM_Single_dma.c **** * Return:
  92:Generated_Source\PSoC5/DMA_Filter_RAM_Single_dma.c **** *   The channel that can be used by the caller for DMA activity.
  93:Generated_Source\PSoC5/DMA_Filter_RAM_Single_dma.c **** *   DMA_INVALID_CHANNEL (0xFF) if there are no channels left. 
  94:Generated_Source\PSoC5/DMA_Filter_RAM_Single_dma.c **** *
  95:Generated_Source\PSoC5/DMA_Filter_RAM_Single_dma.c **** *
  96:Generated_Source\PSoC5/DMA_Filter_RAM_Single_dma.c **** *******************************************************************/
  97:Generated_Source\PSoC5/DMA_Filter_RAM_Single_dma.c **** uint8 DMA_Filter_RAM_Single_DmaInitialize(uint8 BurstCount, uint8 ReqestPerBurst, uint16 UpperSrcAd
  98:Generated_Source\PSoC5/DMA_Filter_RAM_Single_dma.c **** {
 249              		.loc 1 98 0
 250              		.cfi_startproc
 251              		@ args = 0, pretend = 0, frame = 0
 252              		@ frame_needed = 0, uses_anonymous_args = 0
 253              	.LVL0:
 254 0000 2DE9F041 		push	{r4, r5, r6, r7, r8, lr}
 255              		.cfi_def_cfa_offset 24
 256              		.cfi_offset 4, -24
 257              		.cfi_offset 5, -20
 258              		.cfi_offset 6, -16
 259              		.cfi_offset 7, -12
 260              		.cfi_offset 8, -8
 261              		.cfi_offset 14, -4
 262 0004 1746     		mov	r7, r2
 263 0006 9846     		mov	r8, r3
 264 0008 82B0     		sub	sp, sp, #8
 265              		.cfi_def_cfa_offset 32
  99:Generated_Source\PSoC5/DMA_Filter_RAM_Single_dma.c **** 
 100:Generated_Source\PSoC5/DMA_Filter_RAM_Single_dma.c ****     /* Allocate a DMA channel. */
 101:Generated_Source\PSoC5/DMA_Filter_RAM_Single_dma.c ****     DMA_Filter_RAM_Single_DmaHandle = (uint8)DMA_Filter_RAM_Single__DRQ_NUMBER;
 266              		.loc 1 101 0
ARM GAS  C:\Users\elias\AppData\Local\Temp\cc1Hn6b7.s 			page 18


 267 000a 0C4C     		ldr	r4, .L3
 268 000c 0425     		movs	r5, #4
 102:Generated_Source\PSoC5/DMA_Filter_RAM_Single_dma.c **** 
 103:Generated_Source\PSoC5/DMA_Filter_RAM_Single_dma.c ****     /* Configure the channel. */
 104:Generated_Source\PSoC5/DMA_Filter_RAM_Single_dma.c ****     (void)CyDmaChSetConfiguration(DMA_Filter_RAM_Single_DmaHandle,
 269              		.loc 1 104 0
 270 000e 0026     		movs	r6, #0
 271 0010 2B46     		mov	r3, r5
 272              	.LVL1:
 273 0012 0A46     		mov	r2, r1
 274              	.LVL2:
 275 0014 0196     		str	r6, [sp, #4]
 276 0016 0146     		mov	r1, r0
 277              	.LVL3:
 278 0018 0096     		str	r6, [sp]
 279 001a 2846     		mov	r0, r5
 280              	.LVL4:
 101:Generated_Source\PSoC5/DMA_Filter_RAM_Single_dma.c **** 
 281              		.loc 1 101 0
 282 001c 2570     		strb	r5, [r4]
 283              		.loc 1 104 0
 284 001e FFF7FEFF 		bl	CyDmaChSetConfiguration
 285              	.LVL5:
 105:Generated_Source\PSoC5/DMA_Filter_RAM_Single_dma.c ****                                   BurstCount,
 106:Generated_Source\PSoC5/DMA_Filter_RAM_Single_dma.c ****                                   ReqestPerBurst,
 107:Generated_Source\PSoC5/DMA_Filter_RAM_Single_dma.c ****                                   (uint8)DMA_Filter_RAM_Single__TERMOUT0_SEL,
 108:Generated_Source\PSoC5/DMA_Filter_RAM_Single_dma.c ****                                   (uint8)DMA_Filter_RAM_Single__TERMOUT1_SEL,
 109:Generated_Source\PSoC5/DMA_Filter_RAM_Single_dma.c ****                                   (uint8)DMA_Filter_RAM_Single__TERMIN_SEL);
 110:Generated_Source\PSoC5/DMA_Filter_RAM_Single_dma.c **** 
 111:Generated_Source\PSoC5/DMA_Filter_RAM_Single_dma.c ****     /* Set the extended address for the transfers */
 112:Generated_Source\PSoC5/DMA_Filter_RAM_Single_dma.c ****     (void)CyDmaChSetExtendedAddress(DMA_Filter_RAM_Single_DmaHandle, UpperSrcAddress, UpperDestAddr
 286              		.loc 1 112 0
 287 0022 4246     		mov	r2, r8
 288 0024 3946     		mov	r1, r7
 289 0026 2078     		ldrb	r0, [r4]	@ zero_extendqisi2
 290 0028 FFF7FEFF 		bl	CyDmaChSetExtendedAddress
 291              	.LVL6:
 113:Generated_Source\PSoC5/DMA_Filter_RAM_Single_dma.c **** 
 114:Generated_Source\PSoC5/DMA_Filter_RAM_Single_dma.c ****     /* Set the priority for this channel */
 115:Generated_Source\PSoC5/DMA_Filter_RAM_Single_dma.c ****     (void)CyDmaChPriority(DMA_Filter_RAM_Single_DmaHandle, (uint8)DMA_Filter_RAM_Single__PRIORITY);
 292              		.loc 1 115 0
 293 002c 2078     		ldrb	r0, [r4]	@ zero_extendqisi2
 294 002e 0221     		movs	r1, #2
 295 0030 FFF7FEFF 		bl	CyDmaChPriority
 296              	.LVL7:
 116:Generated_Source\PSoC5/DMA_Filter_RAM_Single_dma.c ****     
 117:Generated_Source\PSoC5/DMA_Filter_RAM_Single_dma.c ****     return DMA_Filter_RAM_Single_DmaHandle;
 118:Generated_Source\PSoC5/DMA_Filter_RAM_Single_dma.c **** }
 297              		.loc 1 118 0
 298 0034 2078     		ldrb	r0, [r4]	@ zero_extendqisi2
 299 0036 02B0     		add	sp, sp, #8
 300              		.cfi_def_cfa_offset 24
 301              		@ sp needed
 302 0038 BDE8F081 		pop	{r4, r5, r6, r7, r8, pc}
 303              	.L4:
 304              		.align	2
 305              	.L3:
ARM GAS  C:\Users\elias\AppData\Local\Temp\cc1Hn6b7.s 			page 19


 306 003c 00000000 		.word	.LANCHOR0
 307              		.cfi_endproc
 308              	.LFE0:
 309              		.size	DMA_Filter_RAM_Single_DmaInitialize, .-DMA_Filter_RAM_Single_DmaInitialize
 310              		.section	.text.DMA_Filter_RAM_Single_DmaRelease,"ax",%progbits
 311              		.align	2
 312              		.global	DMA_Filter_RAM_Single_DmaRelease
 313              		.thumb
 314              		.thumb_func
 315              		.type	DMA_Filter_RAM_Single_DmaRelease, %function
 316              	DMA_Filter_RAM_Single_DmaRelease:
 317              	.LFB1:
 119:Generated_Source\PSoC5/DMA_Filter_RAM_Single_dma.c **** 
 120:Generated_Source\PSoC5/DMA_Filter_RAM_Single_dma.c **** /*********************************************************************
 121:Generated_Source\PSoC5/DMA_Filter_RAM_Single_dma.c **** * Function Name: void DMA_Filter_RAM_Single_DmaRelease
 122:Generated_Source\PSoC5/DMA_Filter_RAM_Single_dma.c **** **********************************************************************
 123:Generated_Source\PSoC5/DMA_Filter_RAM_Single_dma.c **** * Summary:
 124:Generated_Source\PSoC5/DMA_Filter_RAM_Single_dma.c **** *   Frees the channel associated with DMA_Filter_RAM_Single.
 125:Generated_Source\PSoC5/DMA_Filter_RAM_Single_dma.c **** *
 126:Generated_Source\PSoC5/DMA_Filter_RAM_Single_dma.c **** *
 127:Generated_Source\PSoC5/DMA_Filter_RAM_Single_dma.c **** * Parameters:
 128:Generated_Source\PSoC5/DMA_Filter_RAM_Single_dma.c **** *   void.
 129:Generated_Source\PSoC5/DMA_Filter_RAM_Single_dma.c **** *
 130:Generated_Source\PSoC5/DMA_Filter_RAM_Single_dma.c **** *
 131:Generated_Source\PSoC5/DMA_Filter_RAM_Single_dma.c **** *
 132:Generated_Source\PSoC5/DMA_Filter_RAM_Single_dma.c **** * Return:
 133:Generated_Source\PSoC5/DMA_Filter_RAM_Single_dma.c **** *   void.
 134:Generated_Source\PSoC5/DMA_Filter_RAM_Single_dma.c **** *
 135:Generated_Source\PSoC5/DMA_Filter_RAM_Single_dma.c **** *******************************************************************/
 136:Generated_Source\PSoC5/DMA_Filter_RAM_Single_dma.c **** void DMA_Filter_RAM_Single_DmaRelease(void) 
 137:Generated_Source\PSoC5/DMA_Filter_RAM_Single_dma.c **** {
 318              		.loc 1 137 0
 319              		.cfi_startproc
 320              		@ args = 0, pretend = 0, frame = 0
 321              		@ frame_needed = 0, uses_anonymous_args = 0
 322              		@ link register save eliminated.
 138:Generated_Source\PSoC5/DMA_Filter_RAM_Single_dma.c ****     /* Disable the channel */
 139:Generated_Source\PSoC5/DMA_Filter_RAM_Single_dma.c ****     (void)CyDmaChDisable(DMA_Filter_RAM_Single_DmaHandle);
 323              		.loc 1 139 0
 324 0000 014B     		ldr	r3, .L6
 325 0002 1878     		ldrb	r0, [r3]	@ zero_extendqisi2
 326 0004 FFF7FEBF 		b	CyDmaChDisable
 327              	.LVL8:
 328              	.L7:
 329              		.align	2
 330              	.L6:
 331 0008 00000000 		.word	.LANCHOR0
 332              		.cfi_endproc
 333              	.LFE1:
 334              		.size	DMA_Filter_RAM_Single_DmaRelease, .-DMA_Filter_RAM_Single_DmaRelease
 335              		.global	DMA_Filter_RAM_Single_DmaHandle
 336              		.data
 337              		.set	.LANCHOR0,. + 0
 338              		.type	DMA_Filter_RAM_Single_DmaHandle, %object
 339              		.size	DMA_Filter_RAM_Single_DmaHandle, 1
 340              	DMA_Filter_RAM_Single_DmaHandle:
 341 0000 FF       		.byte	-1
ARM GAS  C:\Users\elias\AppData\Local\Temp\cc1Hn6b7.s 			page 20


 342              		.text
 343              	.Letext0:
 344              		.file 2 "Generated_Source\\PSoC5/cytypes.h"
 345              		.file 3 "Generated_Source\\PSoC5/CYDMAC.H"
 346              		.section	.debug_info,"",%progbits
 347              	.Ldebug_info0:
 348 0000 A6010000 		.4byte	0x1a6
 349 0004 0400     		.2byte	0x4
 350 0006 00000000 		.4byte	.Ldebug_abbrev0
 351 000a 04       		.byte	0x4
 352 000b 01       		.uleb128 0x1
 353 000c 81000000 		.4byte	.LASF24
 354 0010 0C       		.byte	0xc
 355 0011 42020000 		.4byte	.LASF25
 356 0015 3A010000 		.4byte	.LASF26
 357 0019 00000000 		.4byte	.Ldebug_ranges0+0
 358 001d 00000000 		.4byte	0
 359 0021 00000000 		.4byte	.Ldebug_line0
 360 0025 02       		.uleb128 0x2
 361 0026 04       		.byte	0x4
 362 0027 05       		.byte	0x5
 363 0028 696E7400 		.ascii	"int\000"
 364 002c 03       		.uleb128 0x3
 365 002d 04       		.byte	0x4
 366 002e 07       		.byte	0x7
 367 002f A9010000 		.4byte	.LASF0
 368 0033 03       		.uleb128 0x3
 369 0034 08       		.byte	0x8
 370 0035 05       		.byte	0x5
 371 0036 E7010000 		.4byte	.LASF1
 372 003a 03       		.uleb128 0x3
 373 003b 08       		.byte	0x8
 374 003c 04       		.byte	0x4
 375 003d 7E020000 		.4byte	.LASF2
 376 0041 03       		.uleb128 0x3
 377 0042 01       		.byte	0x1
 378 0043 06       		.byte	0x6
 379 0044 8A020000 		.4byte	.LASF3
 380 0048 03       		.uleb128 0x3
 381 0049 01       		.byte	0x1
 382 004a 08       		.byte	0x8
 383 004b 68000000 		.4byte	.LASF4
 384 004f 03       		.uleb128 0x3
 385 0050 02       		.byte	0x2
 386 0051 05       		.byte	0x5
 387 0052 38020000 		.4byte	.LASF5
 388 0056 03       		.uleb128 0x3
 389 0057 02       		.byte	0x2
 390 0058 07       		.byte	0x7
 391 0059 4F000000 		.4byte	.LASF6
 392 005d 03       		.uleb128 0x3
 393 005e 04       		.byte	0x4
 394 005f 05       		.byte	0x5
 395 0060 75020000 		.4byte	.LASF7
 396 0064 03       		.uleb128 0x3
 397 0065 04       		.byte	0x4
 398 0066 07       		.byte	0x7
ARM GAS  C:\Users\elias\AppData\Local\Temp\cc1Hn6b7.s 			page 21


 399 0067 28010000 		.4byte	.LASF8
 400 006b 03       		.uleb128 0x3
 401 006c 08       		.byte	0x8
 402 006d 07       		.byte	0x7
 403 006e B6010000 		.4byte	.LASF9
 404 0072 03       		.uleb128 0x3
 405 0073 04       		.byte	0x4
 406 0074 07       		.byte	0x7
 407 0075 DE010000 		.4byte	.LASF10
 408 0079 03       		.uleb128 0x3
 409 007a 01       		.byte	0x1
 410 007b 08       		.byte	0x8
 411 007c 0F020000 		.4byte	.LASF11
 412 0080 04       		.uleb128 0x4
 413 0081 74010000 		.4byte	.LASF12
 414 0085 02       		.byte	0x2
 415 0086 E901     		.2byte	0x1e9
 416 0088 48000000 		.4byte	0x48
 417 008c 04       		.uleb128 0x4
 418 008d A2010000 		.4byte	.LASF13
 419 0091 02       		.byte	0x2
 420 0092 EA01     		.2byte	0x1ea
 421 0094 56000000 		.4byte	0x56
 422 0098 03       		.uleb128 0x3
 423 0099 04       		.byte	0x4
 424 009a 04       		.byte	0x4
 425 009b 62000000 		.4byte	.LASF14
 426 009f 03       		.uleb128 0x3
 427 00a0 08       		.byte	0x8
 428 00a1 04       		.byte	0x4
 429 00a2 9B010000 		.4byte	.LASF15
 430 00a6 05       		.uleb128 0x5
 431 00a7 14020000 		.4byte	.LASF27
 432 00ab 01       		.byte	0x1
 433 00ac 61       		.byte	0x61
 434 00ad 80000000 		.4byte	0x80
 435 00b1 00000000 		.4byte	.LFB0
 436 00b5 40000000 		.4byte	.LFE0-.LFB0
 437 00b9 01       		.uleb128 0x1
 438 00ba 9C       		.byte	0x9c
 439 00bb 4D010000 		.4byte	0x14d
 440 00bf 06       		.uleb128 0x6
 441 00c0 76000000 		.4byte	.LASF16
 442 00c4 01       		.byte	0x1
 443 00c5 61       		.byte	0x61
 444 00c6 80000000 		.4byte	0x80
 445 00ca 00000000 		.4byte	.LLST0
 446 00ce 06       		.uleb128 0x6
 447 00cf 40000000 		.4byte	.LASF17
 448 00d3 01       		.byte	0x1
 449 00d4 61       		.byte	0x61
 450 00d5 80000000 		.4byte	0x80
 451 00d9 21000000 		.4byte	.LLST1
 452 00dd 06       		.uleb128 0x6
 453 00de 00000000 		.4byte	.LASF18
 454 00e2 01       		.byte	0x1
 455 00e3 61       		.byte	0x61
ARM GAS  C:\Users\elias\AppData\Local\Temp\cc1Hn6b7.s 			page 22


 456 00e4 8C000000 		.4byte	0x8c
 457 00e8 42000000 		.4byte	.LLST2
 458 00ec 06       		.uleb128 0x6
 459 00ed CD010000 		.4byte	.LASF19
 460 00f1 01       		.byte	0x1
 461 00f2 61       		.byte	0x61
 462 00f3 8C000000 		.4byte	0x8c
 463 00f7 63000000 		.4byte	.LLST3
 464 00fb 07       		.uleb128 0x7
 465 00fc 22000000 		.4byte	.LVL5
 466 0100 7D010000 		.4byte	0x17d
 467 0104 23010000 		.4byte	0x123
 468 0108 08       		.uleb128 0x8
 469 0109 01       		.uleb128 0x1
 470 010a 50       		.byte	0x50
 471 010b 02       		.uleb128 0x2
 472 010c 75       		.byte	0x75
 473 010d 00       		.sleb128 0
 474 010e 08       		.uleb128 0x8
 475 010f 01       		.uleb128 0x1
 476 0110 53       		.byte	0x53
 477 0111 02       		.uleb128 0x2
 478 0112 75       		.byte	0x75
 479 0113 00       		.sleb128 0
 480 0114 08       		.uleb128 0x8
 481 0115 02       		.uleb128 0x2
 482 0116 7D       		.byte	0x7d
 483 0117 00       		.sleb128 0
 484 0118 02       		.uleb128 0x2
 485 0119 76       		.byte	0x76
 486 011a 00       		.sleb128 0
 487 011b 08       		.uleb128 0x8
 488 011c 02       		.uleb128 0x2
 489 011d 7D       		.byte	0x7d
 490 011e 04       		.sleb128 4
 491 011f 02       		.uleb128 0x2
 492 0120 76       		.byte	0x76
 493 0121 00       		.sleb128 0
 494 0122 00       		.byte	0
 495 0123 07       		.uleb128 0x7
 496 0124 2C000000 		.4byte	.LVL6
 497 0128 88010000 		.4byte	0x188
 498 012c 3D010000 		.4byte	0x13d
 499 0130 08       		.uleb128 0x8
 500 0131 01       		.uleb128 0x1
 501 0132 51       		.byte	0x51
 502 0133 02       		.uleb128 0x2
 503 0134 77       		.byte	0x77
 504 0135 00       		.sleb128 0
 505 0136 08       		.uleb128 0x8
 506 0137 01       		.uleb128 0x1
 507 0138 52       		.byte	0x52
 508 0139 02       		.uleb128 0x2
 509 013a 78       		.byte	0x78
 510 013b 00       		.sleb128 0
 511 013c 00       		.byte	0
 512 013d 09       		.uleb128 0x9
ARM GAS  C:\Users\elias\AppData\Local\Temp\cc1Hn6b7.s 			page 23


 513 013e 34000000 		.4byte	.LVL7
 514 0142 93010000 		.4byte	0x193
 515 0146 08       		.uleb128 0x8
 516 0147 01       		.uleb128 0x1
 517 0148 51       		.byte	0x51
 518 0149 01       		.uleb128 0x1
 519 014a 32       		.byte	0x32
 520 014b 00       		.byte	0
 521 014c 00       		.byte	0
 522 014d 0A       		.uleb128 0xa
 523 014e 7A010000 		.4byte	.LASF28
 524 0152 01       		.byte	0x1
 525 0153 88       		.byte	0x88
 526 0154 00000000 		.4byte	.LFB1
 527 0158 0C000000 		.4byte	.LFE1-.LFB1
 528 015c 01       		.uleb128 0x1
 529 015d 9C       		.byte	0x9c
 530 015e 6C010000 		.4byte	0x16c
 531 0162 0B       		.uleb128 0xb
 532 0163 08000000 		.4byte	.LVL8
 533 0167 9E010000 		.4byte	0x19e
 534 016b 00       		.byte	0
 535 016c 0C       		.uleb128 0xc
 536 016d 20000000 		.4byte	.LASF29
 537 0171 01       		.byte	0x1
 538 0172 45       		.byte	0x45
 539 0173 80000000 		.4byte	0x80
 540 0177 05       		.uleb128 0x5
 541 0178 03       		.byte	0x3
 542 0179 00000000 		.4byte	DMA_Filter_RAM_Single_DmaHandle
 543 017d 0D       		.uleb128 0xd
 544 017e A5020000 		.4byte	.LASF20
 545 0182 A5020000 		.4byte	.LASF20
 546 0186 03       		.byte	0x3
 547 0187 33       		.byte	0x33
 548 0188 0D       		.uleb128 0xd
 549 0189 F5010000 		.4byte	.LASF21
 550 018d F5010000 		.4byte	.LASF21
 551 0191 03       		.byte	0x3
 552 0192 2D       		.byte	0x2d
 553 0193 0D       		.uleb128 0xd
 554 0194 10000000 		.4byte	.LASF22
 555 0198 10000000 		.4byte	.LASF22
 556 019c 03       		.byte	0x3
 557 019d 2C       		.byte	0x2c
 558 019e 0D       		.uleb128 0xd
 559 019f 96020000 		.4byte	.LASF23
 560 01a3 96020000 		.4byte	.LASF23
 561 01a7 03       		.byte	0x3
 562 01a8 2A       		.byte	0x2a
 563 01a9 00       		.byte	0
 564              		.section	.debug_abbrev,"",%progbits
 565              	.Ldebug_abbrev0:
 566 0000 01       		.uleb128 0x1
 567 0001 11       		.uleb128 0x11
 568 0002 01       		.byte	0x1
 569 0003 25       		.uleb128 0x25
ARM GAS  C:\Users\elias\AppData\Local\Temp\cc1Hn6b7.s 			page 24


 570 0004 0E       		.uleb128 0xe
 571 0005 13       		.uleb128 0x13
 572 0006 0B       		.uleb128 0xb
 573 0007 03       		.uleb128 0x3
 574 0008 0E       		.uleb128 0xe
 575 0009 1B       		.uleb128 0x1b
 576 000a 0E       		.uleb128 0xe
 577 000b 55       		.uleb128 0x55
 578 000c 17       		.uleb128 0x17
 579 000d 11       		.uleb128 0x11
 580 000e 01       		.uleb128 0x1
 581 000f 10       		.uleb128 0x10
 582 0010 17       		.uleb128 0x17
 583 0011 00       		.byte	0
 584 0012 00       		.byte	0
 585 0013 02       		.uleb128 0x2
 586 0014 24       		.uleb128 0x24
 587 0015 00       		.byte	0
 588 0016 0B       		.uleb128 0xb
 589 0017 0B       		.uleb128 0xb
 590 0018 3E       		.uleb128 0x3e
 591 0019 0B       		.uleb128 0xb
 592 001a 03       		.uleb128 0x3
 593 001b 08       		.uleb128 0x8
 594 001c 00       		.byte	0
 595 001d 00       		.byte	0
 596 001e 03       		.uleb128 0x3
 597 001f 24       		.uleb128 0x24
 598 0020 00       		.byte	0
 599 0021 0B       		.uleb128 0xb
 600 0022 0B       		.uleb128 0xb
 601 0023 3E       		.uleb128 0x3e
 602 0024 0B       		.uleb128 0xb
 603 0025 03       		.uleb128 0x3
 604 0026 0E       		.uleb128 0xe
 605 0027 00       		.byte	0
 606 0028 00       		.byte	0
 607 0029 04       		.uleb128 0x4
 608 002a 16       		.uleb128 0x16
 609 002b 00       		.byte	0
 610 002c 03       		.uleb128 0x3
 611 002d 0E       		.uleb128 0xe
 612 002e 3A       		.uleb128 0x3a
 613 002f 0B       		.uleb128 0xb
 614 0030 3B       		.uleb128 0x3b
 615 0031 05       		.uleb128 0x5
 616 0032 49       		.uleb128 0x49
 617 0033 13       		.uleb128 0x13
 618 0034 00       		.byte	0
 619 0035 00       		.byte	0
 620 0036 05       		.uleb128 0x5
 621 0037 2E       		.uleb128 0x2e
 622 0038 01       		.byte	0x1
 623 0039 3F       		.uleb128 0x3f
 624 003a 19       		.uleb128 0x19
 625 003b 03       		.uleb128 0x3
 626 003c 0E       		.uleb128 0xe
ARM GAS  C:\Users\elias\AppData\Local\Temp\cc1Hn6b7.s 			page 25


 627 003d 3A       		.uleb128 0x3a
 628 003e 0B       		.uleb128 0xb
 629 003f 3B       		.uleb128 0x3b
 630 0040 0B       		.uleb128 0xb
 631 0041 27       		.uleb128 0x27
 632 0042 19       		.uleb128 0x19
 633 0043 49       		.uleb128 0x49
 634 0044 13       		.uleb128 0x13
 635 0045 11       		.uleb128 0x11
 636 0046 01       		.uleb128 0x1
 637 0047 12       		.uleb128 0x12
 638 0048 06       		.uleb128 0x6
 639 0049 40       		.uleb128 0x40
 640 004a 18       		.uleb128 0x18
 641 004b 9742     		.uleb128 0x2117
 642 004d 19       		.uleb128 0x19
 643 004e 01       		.uleb128 0x1
 644 004f 13       		.uleb128 0x13
 645 0050 00       		.byte	0
 646 0051 00       		.byte	0
 647 0052 06       		.uleb128 0x6
 648 0053 05       		.uleb128 0x5
 649 0054 00       		.byte	0
 650 0055 03       		.uleb128 0x3
 651 0056 0E       		.uleb128 0xe
 652 0057 3A       		.uleb128 0x3a
 653 0058 0B       		.uleb128 0xb
 654 0059 3B       		.uleb128 0x3b
 655 005a 0B       		.uleb128 0xb
 656 005b 49       		.uleb128 0x49
 657 005c 13       		.uleb128 0x13
 658 005d 02       		.uleb128 0x2
 659 005e 17       		.uleb128 0x17
 660 005f 00       		.byte	0
 661 0060 00       		.byte	0
 662 0061 07       		.uleb128 0x7
 663 0062 898201   		.uleb128 0x4109
 664 0065 01       		.byte	0x1
 665 0066 11       		.uleb128 0x11
 666 0067 01       		.uleb128 0x1
 667 0068 31       		.uleb128 0x31
 668 0069 13       		.uleb128 0x13
 669 006a 01       		.uleb128 0x1
 670 006b 13       		.uleb128 0x13
 671 006c 00       		.byte	0
 672 006d 00       		.byte	0
 673 006e 08       		.uleb128 0x8
 674 006f 8A8201   		.uleb128 0x410a
 675 0072 00       		.byte	0
 676 0073 02       		.uleb128 0x2
 677 0074 18       		.uleb128 0x18
 678 0075 9142     		.uleb128 0x2111
 679 0077 18       		.uleb128 0x18
 680 0078 00       		.byte	0
 681 0079 00       		.byte	0
 682 007a 09       		.uleb128 0x9
 683 007b 898201   		.uleb128 0x4109
ARM GAS  C:\Users\elias\AppData\Local\Temp\cc1Hn6b7.s 			page 26


 684 007e 01       		.byte	0x1
 685 007f 11       		.uleb128 0x11
 686 0080 01       		.uleb128 0x1
 687 0081 31       		.uleb128 0x31
 688 0082 13       		.uleb128 0x13
 689 0083 00       		.byte	0
 690 0084 00       		.byte	0
 691 0085 0A       		.uleb128 0xa
 692 0086 2E       		.uleb128 0x2e
 693 0087 01       		.byte	0x1
 694 0088 3F       		.uleb128 0x3f
 695 0089 19       		.uleb128 0x19
 696 008a 03       		.uleb128 0x3
 697 008b 0E       		.uleb128 0xe
 698 008c 3A       		.uleb128 0x3a
 699 008d 0B       		.uleb128 0xb
 700 008e 3B       		.uleb128 0x3b
 701 008f 0B       		.uleb128 0xb
 702 0090 27       		.uleb128 0x27
 703 0091 19       		.uleb128 0x19
 704 0092 11       		.uleb128 0x11
 705 0093 01       		.uleb128 0x1
 706 0094 12       		.uleb128 0x12
 707 0095 06       		.uleb128 0x6
 708 0096 40       		.uleb128 0x40
 709 0097 18       		.uleb128 0x18
 710 0098 9742     		.uleb128 0x2117
 711 009a 19       		.uleb128 0x19
 712 009b 01       		.uleb128 0x1
 713 009c 13       		.uleb128 0x13
 714 009d 00       		.byte	0
 715 009e 00       		.byte	0
 716 009f 0B       		.uleb128 0xb
 717 00a0 898201   		.uleb128 0x4109
 718 00a3 00       		.byte	0
 719 00a4 11       		.uleb128 0x11
 720 00a5 01       		.uleb128 0x1
 721 00a6 9542     		.uleb128 0x2115
 722 00a8 19       		.uleb128 0x19
 723 00a9 31       		.uleb128 0x31
 724 00aa 13       		.uleb128 0x13
 725 00ab 00       		.byte	0
 726 00ac 00       		.byte	0
 727 00ad 0C       		.uleb128 0xc
 728 00ae 34       		.uleb128 0x34
 729 00af 00       		.byte	0
 730 00b0 03       		.uleb128 0x3
 731 00b1 0E       		.uleb128 0xe
 732 00b2 3A       		.uleb128 0x3a
 733 00b3 0B       		.uleb128 0xb
 734 00b4 3B       		.uleb128 0x3b
 735 00b5 0B       		.uleb128 0xb
 736 00b6 49       		.uleb128 0x49
 737 00b7 13       		.uleb128 0x13
 738 00b8 3F       		.uleb128 0x3f
 739 00b9 19       		.uleb128 0x19
 740 00ba 02       		.uleb128 0x2
ARM GAS  C:\Users\elias\AppData\Local\Temp\cc1Hn6b7.s 			page 27


 741 00bb 18       		.uleb128 0x18
 742 00bc 00       		.byte	0
 743 00bd 00       		.byte	0
 744 00be 0D       		.uleb128 0xd
 745 00bf 2E       		.uleb128 0x2e
 746 00c0 00       		.byte	0
 747 00c1 3F       		.uleb128 0x3f
 748 00c2 19       		.uleb128 0x19
 749 00c3 3C       		.uleb128 0x3c
 750 00c4 19       		.uleb128 0x19
 751 00c5 6E       		.uleb128 0x6e
 752 00c6 0E       		.uleb128 0xe
 753 00c7 03       		.uleb128 0x3
 754 00c8 0E       		.uleb128 0xe
 755 00c9 3A       		.uleb128 0x3a
 756 00ca 0B       		.uleb128 0xb
 757 00cb 3B       		.uleb128 0x3b
 758 00cc 0B       		.uleb128 0xb
 759 00cd 00       		.byte	0
 760 00ce 00       		.byte	0
 761 00cf 00       		.byte	0
 762              		.section	.debug_loc,"",%progbits
 763              	.Ldebug_loc0:
 764              	.LLST0:
 765 0000 00000000 		.4byte	.LVL0
 766 0004 1C000000 		.4byte	.LVL4
 767 0008 0100     		.2byte	0x1
 768 000a 50       		.byte	0x50
 769 000b 1C000000 		.4byte	.LVL4
 770 000f 40000000 		.4byte	.LFE0
 771 0013 0400     		.2byte	0x4
 772 0015 F3       		.byte	0xf3
 773 0016 01       		.uleb128 0x1
 774 0017 50       		.byte	0x50
 775 0018 9F       		.byte	0x9f
 776 0019 00000000 		.4byte	0
 777 001d 00000000 		.4byte	0
 778              	.LLST1:
 779 0021 00000000 		.4byte	.LVL0
 780 0025 18000000 		.4byte	.LVL3
 781 0029 0100     		.2byte	0x1
 782 002b 51       		.byte	0x51
 783 002c 18000000 		.4byte	.LVL3
 784 0030 40000000 		.4byte	.LFE0
 785 0034 0400     		.2byte	0x4
 786 0036 F3       		.byte	0xf3
 787 0037 01       		.uleb128 0x1
 788 0038 51       		.byte	0x51
 789 0039 9F       		.byte	0x9f
 790 003a 00000000 		.4byte	0
 791 003e 00000000 		.4byte	0
 792              	.LLST2:
 793 0042 00000000 		.4byte	.LVL0
 794 0046 14000000 		.4byte	.LVL2
 795 004a 0100     		.2byte	0x1
 796 004c 52       		.byte	0x52
 797 004d 14000000 		.4byte	.LVL2
ARM GAS  C:\Users\elias\AppData\Local\Temp\cc1Hn6b7.s 			page 28


 798 0051 40000000 		.4byte	.LFE0
 799 0055 0400     		.2byte	0x4
 800 0057 F3       		.byte	0xf3
 801 0058 01       		.uleb128 0x1
 802 0059 52       		.byte	0x52
 803 005a 9F       		.byte	0x9f
 804 005b 00000000 		.4byte	0
 805 005f 00000000 		.4byte	0
 806              	.LLST3:
 807 0063 00000000 		.4byte	.LVL0
 808 0067 12000000 		.4byte	.LVL1
 809 006b 0100     		.2byte	0x1
 810 006d 53       		.byte	0x53
 811 006e 12000000 		.4byte	.LVL1
 812 0072 40000000 		.4byte	.LFE0
 813 0076 0400     		.2byte	0x4
 814 0078 F3       		.byte	0xf3
 815 0079 01       		.uleb128 0x1
 816 007a 53       		.byte	0x53
 817 007b 9F       		.byte	0x9f
 818 007c 00000000 		.4byte	0
 819 0080 00000000 		.4byte	0
 820              		.section	.debug_aranges,"",%progbits
 821 0000 24000000 		.4byte	0x24
 822 0004 0200     		.2byte	0x2
 823 0006 00000000 		.4byte	.Ldebug_info0
 824 000a 04       		.byte	0x4
 825 000b 00       		.byte	0
 826 000c 0000     		.2byte	0
 827 000e 0000     		.2byte	0
 828 0010 00000000 		.4byte	.LFB0
 829 0014 40000000 		.4byte	.LFE0-.LFB0
 830 0018 00000000 		.4byte	.LFB1
 831 001c 0C000000 		.4byte	.LFE1-.LFB1
 832 0020 00000000 		.4byte	0
 833 0024 00000000 		.4byte	0
 834              		.section	.debug_ranges,"",%progbits
 835              	.Ldebug_ranges0:
 836 0000 00000000 		.4byte	.LFB0
 837 0004 40000000 		.4byte	.LFE0
 838 0008 00000000 		.4byte	.LFB1
 839 000c 0C000000 		.4byte	.LFE1
 840 0010 00000000 		.4byte	0
 841 0014 00000000 		.4byte	0
 842              		.section	.debug_line,"",%progbits
 843              	.Ldebug_line0:
 844 0000 90000000 		.section	.debug_str,"MS",%progbits,1
 844      02006200 
 844      00000201 
 844      FB0E0D00 
 844      01010101 
 845              	.LASF18:
 846 0000 55707065 		.ascii	"UpperSrcAddress\000"
 846      72537263 
 846      41646472 
 846      65737300 
 847              	.LASF22:
ARM GAS  C:\Users\elias\AppData\Local\Temp\cc1Hn6b7.s 			page 29


 848 0010 4379446D 		.ascii	"CyDmaChPriority\000"
 848      61436850 
 848      72696F72 
 848      69747900 
 849              	.LASF29:
 850 0020 444D415F 		.ascii	"DMA_Filter_RAM_Single_DmaHandle\000"
 850      46696C74 
 850      65725F52 
 850      414D5F53 
 850      696E676C 
 851              	.LASF17:
 852 0040 52657165 		.ascii	"ReqestPerBurst\000"
 852      73745065 
 852      72427572 
 852      737400
 853              	.LASF6:
 854 004f 73686F72 		.ascii	"short unsigned int\000"
 854      7420756E 
 854      7369676E 
 854      65642069 
 854      6E7400
 855              	.LASF14:
 856 0062 666C6F61 		.ascii	"float\000"
 856      7400
 857              	.LASF4:
 858 0068 756E7369 		.ascii	"unsigned char\000"
 858      676E6564 
 858      20636861 
 858      7200
 859              	.LASF16:
 860 0076 42757273 		.ascii	"BurstCount\000"
 860      74436F75 
 860      6E7400
 861              	.LASF24:
 862 0081 474E5520 		.ascii	"GNU C11 5.4.1 20160609 (release) [ARM/embedded-5-br"
 862      43313120 
 862      352E342E 
 862      31203230 
 862      31363036 
 863 00b4 616E6368 		.ascii	"anch revision 237715] -mcpu=cortex-m3 -mthumb -g -O"
 863      20726576 
 863      6973696F 
 863      6E203233 
 863      37373135 
 864 00e7 33202D66 		.ascii	"3 -ffunction-sections -ffat-lto-objects -finline-fu"
 864      66756E63 
 864      74696F6E 
 864      2D736563 
 864      74696F6E 
 865 011a 6E637469 		.ascii	"nctions -flto\000"
 865      6F6E7320 
 865      2D666C74 
 865      6F00
 866              	.LASF8:
 867 0128 6C6F6E67 		.ascii	"long unsigned int\000"
 867      20756E73 
 867      69676E65 
ARM GAS  C:\Users\elias\AppData\Local\Temp\cc1Hn6b7.s 			page 30


 867      6420696E 
 867      7400
 868              	.LASF26:
 869 013a 433A5C47 		.ascii	"C:\\Github\\Tesis\\src\\psoc\\AcondicionamientoAnal"
 869      69746875 
 869      625C5465 
 869      7369735C 
 869      7372635C 
 870 0168 6F676963 		.ascii	"ogico.cydsn\000"
 870      6F2E6379 
 870      64736E00 
 871              	.LASF12:
 872 0174 75696E74 		.ascii	"uint8\000"
 872      3800
 873              	.LASF28:
 874 017a 444D415F 		.ascii	"DMA_Filter_RAM_Single_DmaRelease\000"
 874      46696C74 
 874      65725F52 
 874      414D5F53 
 874      696E676C 
 875              	.LASF15:
 876 019b 646F7562 		.ascii	"double\000"
 876      6C6500
 877              	.LASF13:
 878 01a2 75696E74 		.ascii	"uint16\000"
 878      313600
 879              	.LASF0:
 880 01a9 756E7369 		.ascii	"unsigned int\000"
 880      676E6564 
 880      20696E74 
 880      00
 881              	.LASF9:
 882 01b6 6C6F6E67 		.ascii	"long long unsigned int\000"
 882      206C6F6E 
 882      6720756E 
 882      7369676E 
 882      65642069 
 883              	.LASF19:
 884 01cd 55707065 		.ascii	"UpperDestAddress\000"
 884      72446573 
 884      74416464 
 884      72657373 
 884      00
 885              	.LASF10:
 886 01de 73697A65 		.ascii	"sizetype\000"
 886      74797065 
 886      00
 887              	.LASF1:
 888 01e7 6C6F6E67 		.ascii	"long long int\000"
 888      206C6F6E 
 888      6720696E 
 888      7400
 889              	.LASF21:
 890 01f5 4379446D 		.ascii	"CyDmaChSetExtendedAddress\000"
 890      61436853 
 890      65744578 
 890      74656E64 
ARM GAS  C:\Users\elias\AppData\Local\Temp\cc1Hn6b7.s 			page 31


 890      65644164 
 891              	.LASF11:
 892 020f 63686172 		.ascii	"char\000"
 892      00
 893              	.LASF27:
 894 0214 444D415F 		.ascii	"DMA_Filter_RAM_Single_DmaInitialize\000"
 894      46696C74 
 894      65725F52 
 894      414D5F53 
 894      696E676C 
 895              	.LASF5:
 896 0238 73686F72 		.ascii	"short int\000"
 896      7420696E 
 896      7400
 897              	.LASF25:
 898 0242 47656E65 		.ascii	"Generated_Source\\PSoC5\\DMA_Filter_RAM_Single_dma."
 898      72617465 
 898      645F536F 
 898      75726365 
 898      5C50536F 
 899 0273 6300     		.ascii	"c\000"
 900              	.LASF7:
 901 0275 6C6F6E67 		.ascii	"long int\000"
 901      20696E74 
 901      00
 902              	.LASF2:
 903 027e 6C6F6E67 		.ascii	"long double\000"
 903      20646F75 
 903      626C6500 
 904              	.LASF3:
 905 028a 7369676E 		.ascii	"signed char\000"
 905      65642063 
 905      68617200 
 906              	.LASF23:
 907 0296 4379446D 		.ascii	"CyDmaChDisable\000"
 907      61436844 
 907      69736162 
 907      6C6500
 908              	.LASF20:
 909 02a5 4379446D 		.ascii	"CyDmaChSetConfiguration\000"
 909      61436853 
 909      6574436F 
 909      6E666967 
 909      75726174 
 910              		.comm	__gnu_lto_v1,1,1
 911              		.ident	"GCC: (GNU Tools for ARM Embedded Processors) 5.4.1 20160609 (release) [ARM/embedded-5-bran
