ARM GAS  C:\Users\elias\AppData\Local\Temp\ccAgoSfz.s 			page 1


   1              		.syntax unified
   2              		.cpu cortex-m3
   3              		.fpu softvfp
   4              		.eabi_attribute 20, 1
   5              		.eabi_attribute 21, 1
   6              		.eabi_attribute 23, 3
   7              		.eabi_attribute 24, 1
   8              		.eabi_attribute 25, 1
   9              		.eabi_attribute 26, 1
  10              		.eabi_attribute 30, 2
  11              		.eabi_attribute 34, 1
  12              		.eabi_attribute 18, 4
  13              		.thumb
  14              		.syntax unified
  15              		.file	"DMA_DelSig_RAM_Single_dma.c"
  16              		.text
  17              	.Ltext0:
  18              		.section	.gnu.lto_.profile.e0502e2b,"",%progbits
  19 0000 789C6361 		.ascii	"x\234ca`d`a`\000\222\266\342\000\000\373\000_"
  19      60646061 
  19      600092B6 
  19      E20000FB 
  19      005F
  20              		.text
  21              		.section	.gnu.lto_.icf.e0502e2b,"",%progbits
  22 0000 789C6361 		.ascii	"x\234ca`d\000\001\021\006\004`fX\271\355\374[n\306\356"
  22      60640001 
  22      11060460 
  22      6658B9ED 
  22      FC5B6EC6 
  23 0015 396D3758 		.ascii	"9m7X\231n\256\3765\235\223\001\000_\212\010\356"
  23      996EAEFE 
  23      359D9301 
  23      005F8A08 
  23      EE
  24              		.text
  25              		.section	.gnu.lto_.jmpfuncs.e0502e2b,"",%progbits
  26 0000 789C6361 		.ascii	"x\234ca`d\000\2012\006\004`b`a\004\002~\020\301\002"
  26      60640081 
  26      32060460 
  26      62606104 
  26      027E10C1 
  27 0015 E433FE65 		.ascii	"\3443\376eb<\372\377\373\001\376/L\255\314\014\214L"
  27      623CFAFF 
  27      FB01FE2F 
  27      4CADCC0C 
  27      8C4C
  28 0027 8CCB1965 		.ascii	"\214\313\031e\030\030\330@*+\231\300$3\220\344a\204"
  28      1818D840 
  28      2A2B99C0 
  28      243390E4 
  28      6184
  29 0039 88335582 		.ascii	"\2103U\202\315\250\004\231\013\025\002\031\260\376\315"
  29      CDA80499 
  29      0B150219 
  29      B0FECD
  30 0048 CE9FBC10 		.ascii	"\316\237\274\020\003\030\030W\200E!\024\023\03010\000"
ARM GAS  C:\Users\elias\AppData\Local\Temp\ccAgoSfz.s 			page 2


  30      03181857 
  30      80452114 
  30      13183130 
  30      00
  31 0059 00709912 		.ascii	"\000p\231\022i"
  31      69
  32              		.text
  33              		.section	.gnu.lto_.inline.e0502e2b,"",%progbits
  34 0000 789C6361 		.ascii	"x\234ca`d\000\001\177\006\004`b`\020\325gd`\3428`\307"
  34      60640001 
  34      7F060460 
  34      626010D5 
  34      676460E2 
  35 0017 C0B6409E 		.ascii	"\300\266@\236\011$\306\314\003\024\237\340\307\300\302"
  35      0924C6CC 
  35      03149FE0 
  35      C7C0C2
  36 0026 0B644FF0 		.ascii	"\013dO\360\003Av\001\006\0066\006\020\013\254\207\215"
  36      03417601 
  36      06063606 
  36      100BAC87 
  36      8D
  37 0037 0FA885E9 		.ascii	"\017\250\205\351\002?\\\013\0237\003\003#P\022\000\264"
  37      023F5C0B 
  37      13370303 
  37      23501200 
  37      B4
  38 0048 960A8E   		.ascii	"\226\012\216"
  39              		.text
  40              		.section	.gnu.lto_.pureconst.e0502e2b,"",%progbits
  41 0000 789C6361 		.ascii	"x\234ca`d`e```b\220`\222\000\000\000\347\000?"
  41      60646065 
  41      60606062 
  41      90609200 
  41      0000E700 
  42              		.text
  43              		.section	.gnu.lto_DMA_DelSig_RAM_Single_DmaInitialize.e0502e2b,"",%progbits
  44 0000 789C9552 		.ascii	"x\234\225RMLSA\020\336\331m\373\312\243-\275y\220\203"
  44      4D4C5341 
  44      10DED96D 
  44      FBCAA32D 
  44      BD799083 
  45 0014 37E46248 		.ascii	"7\344bH\210\306k\245\211'\222\206\306\033\246\022\372"
  45      88C66BA5 
  45      89279286 
  45      C61BA612 
  45      FA
  46 0025 4248B0E0 		.ascii	"BH\260\340k9w\241>\225\304\203$\374\350\001\0335\004"
  46      6B3977A1 
  46      3E95C483 
  46      24FCE801 
  46      1B3504
  47 0038 5414F1BF 		.ascii	"T\024\361\277\250X\374O$\022\004Nz0\036\032CH\370I\201"
  47      A858FC4F 
  47      2412044E 
  47      7A301E1A 
  47      4348F849 
ARM GAS  C:\Users\elias\AppData\Local\Temp\ccAgoSfz.s 			page 3


  48 004d 6882CF99 		.ascii	"h\202\317\231mE\023\270t\223\315\356\316\316\3673\263"
  48      6D4513B8 
  48      7493CDEE 
  48      CECEF733 
  48      B3
  49 005e EB60C068 		.ascii	"\353`\300h\244\005c\035\270\356\307\011\202\001\277"
  49      A405631D 
  49      B8EEC709 
  49      8201BF
  50 006d F489B12E 		.ascii	"\364\211\261.7\007\240\215t\003KrH\302\006\337\346\360"
  50      3707A08D 
  50      74034B72 
  50      48C206DF 
  50      E6F0
  51 007f 71EBC345 		.ascii	"q\353\303E\275zD\312n\371mx\375\350\340h\026,\204\333"
  51      BD7A44CA 
  51      6EF96D78 
  51      FDE8E068 
  51      162C84DB 
  52 0093 9C416D25 		.ascii	"\234Am%\324T\022\305\010Tc\346\302\330l\217O\034\001"
  52      D45412C5 
  52      085463E6 
  52      C2D86C8F 
  52      4F1C01
  53 00a6 86FBAB7D 		.ascii	"\206\373\253}3yQ5L(9\177R\012\204\300(\210\177(\342"
  53      33795135 
  53      4C28397F 
  53      520A84C0 
  53      28887F28 
  54 00bb 809B5085 		.ascii	"\200\233P\205\271+\363\327\367\211\200\202\365\246\337"
  54      B92BF3D7 
  54      F7898082 
  54      F5A6DF
  55 00ca 2F398BB0 		.ascii	"/9\213\260\301w\345\262\206p\267v\341n+\334[{+[\221"
  55      C177E5B2 
  55      8670B776 
  55      E16E2BDC 
  55      5B7B2B5B 
  56 00df E7960020 		.ascii	"\347\226\000 \243\237Wg\206\312\351\310\301\217\307"
  56      A39F5767 
  56      86CAE9C8 
  56      C18FC7
  57 00ee E51BD716 		.ascii	"\345\033\327\026<\"\244h\273\267\327\247|E\332\215s"
  57      3C22A468 
  57      BBB7D7A7 
  57      7C45DA8D 
  57      73
  58 00ff 1E19B284 		.ascii	"\036\031\262\204\200\273\005\332;P\011c@\304(5\256\210"
  58      80BB05DA 
  58      3B500963 
  58      40C42835 
  58      AE88
  59 0111 277FE556 		.ascii	"'\177\345V|\342\224\202\366\275\316\330\177\035-\236"
  59      7CE29482 
  59      F6BDCED8 
  59      7F1D2D9E 
  60 0121 2F42EFED 		.ascii	"/B\357\355\001\235\200*\312\377>\361\273\337\353:+q"
ARM GAS  C:\Users\elias\AppData\Local\Temp\ccAgoSfz.s 			page 4


  60      019D802A 
  60      CAFF3EF1 
  60      BBDFEB3A 
  60      2B71
  61 0133 1CA026A1 		.ascii	"\034\240&\241\333\373\340\242\266\2177d\245m\247d\266"
  61      DBFBE0A2 
  61      B68F3764 
  61      A56DA764 
  61      B6
  62 0144 5F9BFEAA 		.ascii	"_\233\376\252y\3215\226\357\000*\306\205\024\016\015"
  62      79D13596 
  62      EF002AC6 
  62      85140E0D 
  63 0154 48DE0DC4 		.ascii	"H\336\015\304\244S\300\243\212e\253HB\317\262\3069\255"
  63      A453C0A3 
  63      8A65AB48 
  63      42CFB2C6 
  63      39AD
  64 0166 2207DDF9 		.ascii	"\"\007\335\371\325\334\\\031\361\242\340\200\365jV\243"
  64      D5DC5C19 
  64      F1A2E080 
  64      F56A56A3 
  65 0176 B29DCA6F 		.ascii	"\262\235\312o&\263\374EKn\313\013R\3721\326C\014\030"
  65      26B3FC45 
  65      4B6ECB0B 
  65      52FA31D6 
  65      430C18
  66 0189 5E9A597C 		.ascii	"^\232Y|\243\247a\250K\2528\203\207\370\276\017\320;"
  66      A3A761A8 
  66      4BAA3883 
  66      87F8BE0F 
  66      D03B
  67 019b 83479086 		.ascii	"\203G\220\206\377\273\351\000\016\217\361\346\007\\"
  67      FFBBE900 
  67      0E8FF1E6 
  67      075C
  68 01a9 9197370F 		.ascii	"\221\2277\017\222\314nb\227\315\261&x\002IF\311)!R\010"
  68      92CC6E62 
  68      97CDB126 
  68      78024946 
  68      C9292152 
  69 01be C41D668E 		.ascii	"\304\035f\216/g~z\013L\014\236b\217pZBch|\2407\017D"
  69      2F677E7A 
  69      0B4C0C9E 
  69      628F705A 
  69      4263687C 
  70 01d6 9812AE12 		.ascii	"\230\022\256\022\274fv\274N\242W4\346\332\333\224\333"
  70      BC6676BC 
  70      4EA25734 
  70      E6DADB94 
  70      DB
  71 01e7 C6163178 		.ascii	"\306\0261x\206\246P %\264\224p[\242L\011\317m\024\205"
  71      86A65020 
  71      25B49470 
  71      5BA24C09 
  71      CF6D1485 
  72 01fb F512849F 		.ascii	"\365\022\204\237\357\010\277(\010;\367\026\326mN\337"
ARM GAS  C:\Users\elias\AppData\Local\Temp\ccAgoSfz.s 			page 5


  72      EF08BF28 
  72      083BF716 
  72      D66D4EDF 
  73 020b 724A09EB 		.ascii	"rJ\011\353\324\006K\224+\331\265\315iQ\320\365\224\240"
  73      D4064B94 
  73      2BD9B5CD 
  73      6951D0F5 
  73      94A0
  74 021d FB724737 		.ascii	"\373rG7K\272K\370\"\005\016\246\376\003\320?\300Jk\217"
  74      4BBA4BF8 
  74      22050EA6 
  74      FE03D03F 
  74      C04A6B8F 
  75 0231 1B31C36C 		.ascii	"\0331\303lJ\030\321H\270\275\323l6\032C\341\366\272"
  75      4A18D148 
  75      B8BDD36C 
  75      361A43E1 
  75      F6BA
  76 0243 C38DC1FA 		.ascii	"\303\215\301\372@$h\264\205[[\"\015\201\372H\2705\326"
  76      402468B4 
  76      855B5B22 
  76      0D81FA48 
  76      B835D6
  77 0256 D26644A2 		.ascii	"\322fD\242\247\233\01653\375X\247\031O\324\265w\306"
  77      A79B0E35 
  77      33FD58A7 
  77      194FD4B5 
  77      77C6
  78 0268 12BE06E3 		.ascii	"\022\276\006\343\214\021O\204\014S\305*Ntt\030f\330"
  78      8C114F84 
  78      0C53C52A 
  78      4E747418 
  78      66D8
  79 027a 6C0E44A3 		.ascii	"l\016D\243\246\021\217\373\3259\210\031\305\300\037"
  79      A6118FFB 
  79      D5398819 
  79      C5C01F
  80 0289 71E35DBE 		.ascii	"q\343]\276"
  81              		.text
  82              		.section	.gnu.lto_DMA_DelSig_RAM_Single_DmaRelease.e0502e2b,"",%progbits
  83 0000 789C654E 		.ascii	"x\234eN=K\003A\024|\263{&\341@\260\327\3026\215 \222"
  83      3D4B0341 
  83      147CB37B 
  83      26E140B0 
  83      D7C2368D 
  84 0016 1F100C08 		.ascii	"\037\020\014\010B@\356\332\300\021\222#\004b\002A\353"
  84      4240EEDA 
  84      C0119223 
  84      04620241 
  84      EB
  85 0027 DB241E6A 		.ascii	"\333$\036jgc:Ig\342\007\210\330x\335\031,\375\250\254"
  85      67633A49 
  85      67E20788 
  85      D878DD19 
  85      2CFDA8AC 
  86 003b 6CC42248 		.ascii	"l\304\"H\260H@\313x\276=K\007\226\267\314\23373\006"
  86      B04840CB 
ARM GAS  C:\Users\elias\AppData\Local\Temp\ccAgoSfz.s 			page 6


  86      78BE3D4B 
  86      0796B7CC 
  86      9B373306 
  87 004f 8134123C 		.ascii	"\2014\022<2<\027\371A\022\304\321\023Q+%\000\375Q)\220"
  87      323C17F9 
  87      4112C4D1 
  87      13512B25 
  87      00FD5129 
  88 0064 27E0E15B 		.ascii	"'\340\341[\314\004\206\373\243@\244\373\212\361\346"
  88      CC0486FB 
  88      A340A4FB 
  88      8AF1E6
  89 0073 9FAEAA41 		.ascii	"\237\256\252A\010_\022E\"v\"\364\221&\226\275_\377\034"
  89      085F1245 
  89      227622F4 
  89      912696BD 
  89      5FFF1C
  90 0086 CF27F6B4 		.ascii	"\317'\366\264l\371o\211\001t\016]Y\241\212\242\216\012"
  90      6CF96F89 
  90      01740E5D 
  90      59A18AA2 
  90      8E0A
  91 0098 6FCCBB5B 		.ascii	"o\314\273[\323\020\344K\246',\321aS!\364\224#\264\273"
  91      D310E44B 
  91      A6272CD1 
  91      615321F4 
  91      9423B4BB 
  92 00ac D3474B1F 		.ascii	"\323GK\037u\244\316\355\372\303\347\344\227\360\245"
  92      75A4CEED 
  92      FAC3E7E4 
  92      97F0A5
  93 00bb 80F60F82 		.ascii	"\200\366\017\202\317\327\2447S\007J-0w\310\0254=~x\271"
  93      CFD7A437 
  93      53074A2D 
  93      3077C815 
  93      343D7E78 
  94 00d0 377B3869 		.ascii	"7{8i\251\230\2278\347\336gX\342\370\013\364@\0370\264"
  94      A9989738 
  94      E7DE6758 
  94      E2F80BF4 
  94      401F30B4 
  95 00e4 E57F0723 		.ascii	"\345\177\007#b_\302%<\342<_\316\321\030\3550\330\214"
  95      625FC225 
  95      3CE23C5F 
  95      CED118ED 
  95      30D88C
  96 00f7 D51A13DE 		.ascii	"\325\032\023\336s1\256\271\266\341\326\335fq\307-;v"
  96      7331AEB9 
  96      B6E1D6DD 
  96      6671C72D 
  96      3B76
  97 0109 63B75972 		.ascii	"c\267Yr\013[vc=S\310\345\263N\316\255\331\325\212ce"
  97      0B5B7663 
  97      3D53C8E5 
  97      B34ECEAD 
  97      D9D58A63 
  98 011e F38E5DAD 		.ascii	"\363\216]\255Wj\256S\336.\256\224\350\027\223\254n\030"
ARM GAS  C:\Users\elias\AppData\Local\Temp\ccAgoSfz.s 			page 7


  98      576AAE53 
  98      DE2EAE94 
  98      E81793AC 
  98      6E18
  99              		.text
 100              		.section	.gnu.lto_.symbol_nodes.e0502e2b,"",%progbits
 101 0000 789C558C 		.ascii	"x\234U\214\261\015\2000\014\004\317q\222\001\230\000"
 101      B10D8030 
 101      0C04CF71 
 101      92019800 
 102 0010 26759028 		.ascii	"&u\220()\230\207:53\300\"\010'\025\371\346t\377\322"
 102      2998873A 
 102      3533C022 
 102      082715F9 
 102      E674FFD2 
 103 0024 47841D4F 		.ascii	"G\204\035O\020\203\343\002\307Y\026H\260Nm\010&\303"
 103      1083E302 
 103      C7591648 
 103      B04E6D08 
 103      26C3
 104 0036 20C9422F 		.ascii	" \311B/\240\224\331=\232\016\256\026\007\317\226\376"
 104      A094D93D 
 104      9A0EAE16 
 104      07CF96FE 
 105 0046 AE7E5DEF 		.ascii	"\256~]\357W\224\310\3664*\2651\344\336\363\001\314\364"
 105      5794C8F6 
 105      342AB531 
 105      E4DEF301 
 105      CCF4
 106 0058 1F26     		.ascii	"\037&"
 107              		.text
 108              		.section	.gnu.lto_.refs.e0502e2b,"",%progbits
 109 0000 789C0DC7 		.ascii	"x\234\015\307I\021\000 \000\000!\326c,`\377\254\312"
 109      49110020 
 109      000021D6 
 109      632C60FF 
 109      ACCA
 110 0012 8F25174B 		.ascii	"\217%\027K\245\251\255\323\370\365\000\003\311\0008"
 110      A5A9ADD3 
 110      F8F50003 
 110      C90038
 111              		.text
 112              		.section	.gnu.lto_.decls.e0502e2b,"",%progbits
 113 0000 789C8D54 		.ascii	"x\234\215TmLSg\024\276\347\336Zj\3712\304l,i\"sQ\370"
 113      6D4C5367 
 113      14BEE7DE 
 113      5A6AF932 
 113      C46C2C69 
 114 0018 853366CB 		.ascii	"\2053f\313~-!e\352~`\214lfKLH\241w\330\004\313BK2\366"
 114      7E2D2165 
 114      EA7E608C 
 114      6C664B4C 
 114      48A177D8 
 115 0032 EB4E2002 		.ascii	"\353N \002:\247\213a\0035|\230)\250|3\005TV\246B+\342"
 115      3AA78B61 
 115      03357C98 
 115      29A87C33 
ARM GAS  C:\Users\elias\AppData\Local\Temp\ccAgoSfz.s 			page 8


 115      055456A6 
 116 0049 B742F9D0 		.ascii	"\267B\371\320JAG\006\031\014\314\206\216\261\363~\334"
 116      4A414706 
 116      190CCC86 
 116      8EB1F37E 
 116      DC
 117 005a DED6D86D 		.ascii	"\336\326\330mozz\337\367\274\3179\317y\316\373\336\253"
 117      6F7A7ADF 
 117      F7BCCF39 
 117      CF79CEFB 
 117      DEAB
 118 006c 13402063 		.ascii	"\023@ c*B\020\322p:\215\363e\034\022>w\242\221]\223"
 118      2A4210D2 
 118      703A8DF3 
 118      651C123E 
 118      77A2915D 
 119 0081 C0861EED 		.ascii	"\300\206\036\355\022\232\013\355\032\332-4/\332\030"
 119      129A0BED 
 119      1ADA2D34 
 119      2FDA18
 120 0090 C7F984D0 		.ascii	"\307\371\204\320A\260Qh\347\321\342\320V\2435\361|\217"
 120      41B05168 
 120      E7D1E2D0 
 120      56A335F1 
 120      7C8F
 121 00a2 D1C6D186 		.ascii	"\321\306\321\206\320\374h7\321&\320<<V\307\343\275\234"
 121      D0FC6837 
 121      D126D03C 
 121      3C56C7E3 
 121      BD9C
 122 00b4 E75A180E 		.ascii	"\347Z\030\016\027\257kgP^\3027\2116\3121\"\307\205\253"
 122      17AF6B67 
 122      505EC237 
 122      8936CA31 
 122      22C785AB 
 123 00c8 734984E5 		.ascii	"sI\204\345\252\366o\014#\340\005I\340\015\021\000\330"
 123      AAF66F0C 
 123      23E00549 
 123      E00D1100 
 123      D8
 124 00d9 3F501398 		.ascii	"?P\023\230\321%ND\201MTW`\010\034\"\252S-\031\375\361"
 124      D1254E44 
 124      814D5457 
 124      60081C22 
 124      AA532D19 
 125 00ef 78585607 		.ascii	"xXV\007M\242e\007\036\304\326<X\340A j\004\300\226j"
 125      4DA26507 
 125      1EC4D63C 
 125      58E04120 
 125      6A04C096 
 126 0104 4450BE97 		.ascii	"DP\276\227*RkVih;\250\350\311\373\007<\321\222\010d"
 126      2A526B56 
 126      69683BA8 
 126      E8C9FB07 
 126      3CD19208 
 127 0119 FE68B16E 		.ascii	"\376h\261ns\362Y\005\307!E\021\267i\235\371\341\371"
 127      73F25905 
ARM GAS  C:\Users\elias\AppData\Local\Temp\ccAgoSfz.s 			page 9


 127      C7214511 
 127      B7699DF9 
 127      E1F9
 128 012b 8B596941 		.ascii	"\213YiA\204\365F\254YBG\323t\347b4s\220\375\272\232"
 128      84F546AC 
 128      594247D3 
 128      74E76234 
 128      7390FDBA 
 129 0140 DE36A3B4 		.ascii	"\3366\243\264\201\316\257.\377\341\212\305\2558#\210"
 129      81CEAF2E 
 129      FFE18AC5 
 129      AD382388 
 130 0150 B8BC337B 		.ascii	"\270\2743{\375x$.W\033a\325\222(\036;\322\323\240\007"
 130      FD78242E 
 130      571B61D5 
 130      92281E3B 
 130      D2D3A007 
 131 0164 635289A2 		.ascii	"cR\211\242\354U\224B\305X\027#@#\230\240\001L\0024C"
 131      EC559442 
 131      C5581723 
 131      402398A0 
 131      014C0234 
 132 0179 1249590F 		.ascii	"\022IY\017\311\002\234A\347it\236$\365\370\306\246\336"
 132      C9029C41 
 132      E769749E 
 132      24F5F8C6 
 132      A6DE
 133 018b EF549455 		.ascii	"\357T\224U\320\004F8\013\022\205\240\230\365FV`\371"
 133      D0044638 
 133      0B1285A0 
 133      98F54656 
 133      60F9
 134 019d DD8545D0 		.ascii	"\335\205E\320\241(\012\310\324\021_\355o\363\207\015"
 134      A1280AC8 
 134      D4115FED 
 134      6FF3870D 
 135 01ad 015F0B50 		.ascii	"\001_\013PgS\361D\275\001\3131\241\022\010\022bbB*\016"
 135      6753F144 
 135      BD01CB31 
 135      A1120812 
 135      6262422A 
 136 01c2 FBFF8E94 		.ascii	"\373\377\216\224>!s\361\256\377\314\224\016\222\214"
 136      3E2173F1 
 136      AEFFCC94 
 136      0E928C
 137 01d1 B40057EB 		.ascii	"\264\000W\353\032E\204\363\230\350G\215\335D\330\251"
 137      1A4584F3 
 137      98E8478D 
 137      DD44D8A9 
 138 01e1 92D95A45 		.ascii	"\222\331ZE\037/\300&\023\274\2152\316\241\014\023\227"
 138      1F2FC026 
 138      13BC8D32 
 138      CEA10C13 
 138      97
 139 01f2 D18E32DA 		.ascii	"\321\2162\332P\006&\367{\017\317G\322\202H\236VV\320"
 139      500626F7 
 139      7B0FCF47 
ARM GAS  C:\Users\elias\AppData\Local\Temp\ccAgoSfz.s 			page 10


 139      D282489E 
 139      5656D0
 140 0205 E05C6B79 		.ascii	"\340\\kyl\300\331\301\234\267\213\232\217I\254\207:"
 140      6CC0D9C1 
 140      9CB78B9A 
 140      8F49AC87 
 140      3A
 141 0216 5CCE0D54 		.ascii	"\\\316\015T\372cX\017\023\210\260\257~\231Y\031_N\317"
 141      FA63580F 
 141      1388B0AF 
 141      7E995919 
 141      5F4ECF
 142 0229 A95049D0 		.ascii	"\251PI\320\321\310\013\310\323\205<\002\\\204x\374\357"
 142      D1C80BC8 
 142      D3853C02 
 142      5C8478FC 
 142      EF
 143 023a 041D6BCD 		.ascii	"\004\035k\315l\377\301\2431k\253\225\352f\305\267\324"
 143      6CFFC1A3 
 143      316BAB95 
 143      EA66C5B7 
 143      D4
 144 024b 6B9D6B55 		.ascii	"k\235kU\224R\214\324\021\034\324ib\352\310\265\027\340"
 144      94528CD4 
 144      111CD469 
 144      62EAC8B5 
 144      17E0
 145 025d 148CE015 		.ascii	"\024\214\340\025\271\004k1t\272\302\335\240\223\276"
 145      B9046B31 
 145      74BAC2DD 
 145      A093BE
 146 026c 05DA9A25 		.ascii	"\005\332\232%\317\321J1\230u\347kA\244?Q\322L\316Y3"
 146      CFD14A31 
 146      9875E76B 
 146      41A43F51 
 146      D24CCE59 
 147 0281 5DD5B292 		.ascii	"]\325\262\222q\272Z\312\244\012\305U\204a\"AA\267F\331"
 147      71BA5ACA 
 147      A40AC555 
 147      84612241 
 147      41B746D9 
 148 0295 1D4CE9A2 		.ascii	"\035L\351\242\224\356\212\323m:\251\215QN~W\365\253"
 148      94EE8AD3 
 148      6D3AA98D 
 148      514E7E57 
 148      F5AB
 149 02a7 3ED01B76 		.ascii	">\320\033v\252\177^<>,\006|?\263~\215\271\353\317\220"
 149      AA7F5E3C 
 149      3E2C067C 
 149      3FB37E8D 
 149      B9EBCF90 
 150 02bb 7E251AE9 		.ascii	"~%\032\351;\025\033t\260\211\354`\357\237+\236\216\224"
 150      3B151B74 
 150      B089EC60 
 150      EF9F2B9E 
 150      8E94
 151 02cd 2ED3BC62 		.ascii	".\323\274bC\315\201\246\300%D1qn\274\204\252\026p\343"
ARM GAS  C:\Users\elias\AppData\Local\Temp\ccAgoSfz.s 			page 11


 151      43CD81A6 
 151      C0254431 
 151      716EBC84 
 151      AA1670E3 
 152 02e1 E925F2D3 		.ascii	"\351%\362\323\273\212\316+\332%\234\371\250e\037\321"
 152      BB8ACE2B 
 152      DA259CF9 
 152      A8651FD1 
 153 02f1 D187D4BD 		.ascii	"\321\207\324\275\232\216D~\013\247\357=T\014\301-\352"
 153      9A8E447E 
 153      0BA7EF3D 
 153      540CC12D 
 153      EA
 154 0302 0B39180F 		.ascii	"\0139\030\017\355\321e\365`:\206\277.\027\261I>\314"
 154      EDD165F5 
 154      603A86BF 
 154      2E17B149 
 154      3ECC
 155 0314 DC7930B9 		.ascii	"\334y0\271\262U)ZI0\320\243e\356\241\035\302\3115\332"
 155      B255295A 
 155      4930D0A3 
 155      65EEA11D 
 155      C2C935DA 
 156 0328 9D2793CF 		.ascii	"\235'\223\317\274\021\322\014\353\316\177\337\371\353"
 156      BC11D20C 
 156      EBCE7FDF 
 156      F9EB
 157 0336 AC3BA1F7 		.ascii	"\254;\241\367n\2009\373\373F\033\244\360\265\336\244"
 157      6E8039FB 
 157      FB461BA4 
 157      F0B5DEA4 
 158 0346 B5DE506B 		.ascii	"\265\336Pk\335;\330\321\245c\265\272\272d\254\023\367"
 158      DD3BD8D1 
 158      A563B5BA 
 158      BA64AC13 
 158      F7
 159 0357 A15FABB3 		.ascii	"\241_\253\263_\255\363\026\255\263\376\351\324L\264"
 159      5FADF316 
 159      ADB3FEE9 
 159      D44CB4
 160 0366 B44FFC9F 		.ascii	"\264O\374\237\247x\207\225TZ8_m\0148\3572\247{\370\354"
 160      A7788795 
 160      545A385F 
 160      6D0C38EF 
 160      32A77BF8 
 161 037b 0B0D798F 		.ascii	"\013\015y\2179\007\032\216\244\005|\367\231o\324]zA"
 161      39071A8E 
 161      A4057CF7 
 161      996FD45D 
 161      7A41
 162 038d 8B7EC05F 		.ascii	"\213~\300_\367S\225\035\377\242r\210\252\034TU\2368"
 162      F753951D 
 162      FFA27288 
 162      AA1C5455 
 162      9E38
 163 039f F4FDA158 		.ascii	"\364\375\241X\256\362\001Q\211\373p[Sy[U\351\245*\373"
 163      AEF20151 
ARM GAS  C:\Users\elias\AppData\Local\Temp\ccAgoSfz.s 			page 12


 163      89FB705B 
 163      53795B55 
 163      E9A52AFB 
 164 03b3 5A6ECD44 		.ascii	"Zn\315DJU\341U\276\270\321\334(\206g\037\245\354#*\373"
 164      4A55E155 
 164      BEB8D1DC 
 164      2886671F 
 164      A5EC232A 
 165 03c8 EF9EF9A7 		.ascii	"\357\236\371\247\021\234\275\235\260\343>\014k\354\303"
 165      119CBD9D 
 165      B0E33E0C 
 165      6BECC3
 166 03d7 2AFB1865 		.ascii	"*\373\030e\177\264\177\374\244~\201}\223\350\247\314"
 166      7FB47FFC 
 166      A47E817D 
 166      93E8A7CC 
 167 03e7 D7AE2CC6 		.ascii	"\327\256,\306H\215\254\234\342\222\347\205+\326\235"
 167      488DAC9C 
 167      E292E785 
 167      2BD69D
 168 03f6 50AA6BC9 		.ascii	"P\252k\311[\277y\256QQ$\012}\304\022\362O\225@\327\017"
 168      5BBF79AE 
 168      5151240A 
 168      7DC412F2 
 168      4F9540D7 
 169 040b C9B5F7C1 		.ascii	"\311\265\367\301:\214\333\177\357\257\224\2502\355\275"
 169      3A8CDB7F 
 169      EFAF94A8 
 169      32EDBD
 170 041a 78E9DBF2 		.ascii	"x\351\333\362\030\242h\011\370DpI\355\310@t\010\232"
 170      18A26809 
 170      F8447049 
 170      EDC84074 
 170      089A
 171 042c 344C438F 		.ascii	"4LC\217s\3648E_y6\324\255\017A\337\014A\3739\332O\321"
 171      73F43845 
 171      5F7936D4 
 171      AD0F41DF 
 171      0C41FB39 
 172 0443 8B456553 		.ascii	"\213EeS\241hO\010z\202\243'(\372\211\347\316\222!\004"
 172      A1684F08 
 172      7A82A327 
 172      28FA89E7 
 172      CE922104 
 173 0457 3D1A829E 		.ascii	"=\032\202\236\344h\362|+5-%#U\316I\267eg\354HI\313H"
 173      E468F27C 
 173      2B352D25 
 173      2355CE49 
 173      B76567EC 
 174 046f B7D9B373 		.ascii	"\267\331\263s\344\214\324=\226\017\3556\247\315\222"
 174      E48CD43D 
 174      960FED36 
 174      A7CD92
 175 047e 63FB5236 		.ascii	"c\373R6l\331\366q\202y\343FA\237o\263;7\276\373\346"
 175      6CD9F671 
 175      8279E346 
 175      419F6FB3 
ARM GAS  C:\Users\elias\AppData\Local\Temp\ccAgoSfz.s 			page 13


 175      3B37BEFB 
 176 0493 16D92EE7 		.ascii	"\026\331.\347Y\234\2625#=7?/K\336\265==\327\374\316"
 176      599CB235 
 176      233D373F 
 176      2F4BDEB5 
 176      3D3DD7FC 
 177 04a8 86AC0267 		.ascii	"\206\254\002g\301\347\262#y\267\260\202\000\337\333"
 177      C1E7B223 
 177      79B7B082 
 177      00DFDB
 178 04b7 F46ADCAE 		.ascii	"\364j\334\256WSZ\367X\222\263\204\204\260\365\354\220"
 178      57535AF7 
 178      5892B384 
 178      84B0F5EC 
 178      90
 179 04c8 73648B43 		.ascii	"sd\213C\2165\027\340\302\274{{\236-7\317\346,0d\025"
 179      8E3517E0 
 179      C2BC7B7B 
 179      9E2D37CF 
 179      E62C3064 
 180 04dd 389C1667 		.ascii	"8\234\026g\276#!LU\346O1\2459y\253\360\006\217L\227"
 180      BE23214C 
 180      55E64F31 
 180      A53979AB 
 180      F0068F4C 
 181 04f2 9D1F7CE1 		.ascii	"\235\037|\341\224\355V\331\232b\265\346\311\016\307"
 181      94ED56D9 
 181      9A62B5E6 
 181      C90EC7
 182 0501 EBDA8E39 		.ascii	"\353\332\2169\327\376\231-;\037\363\330r\3551\334\237"
 182      D7FE992D 
 182      3B1FF3D8 
 182      72ED31DC 
 182      9F
 183 0512 6A735832 		.ascii	"jsX2s\3445ak\333j\261[s\344\177\000\323_\306&"
 183      73E43561 
 183      6BDB6AB1 
 183      5B73E47F 
 183      00D35FC6 
 184              		.text
 185              		.section	.gnu.lto_.symtab.e0502e2b,"",%progbits
 186 0000 444D415F 		.ascii	"DMA_DelSig_RAM_Single_DmaInitialize\000"
 186      44656C53 
 186      69675F52 
 186      414D5F53 
 186      696E676C 
 187 0024 00       		.ascii	"\000"
 188 0025 00       		.ascii	"\000"
 189 0026 00       		.ascii	"\000"
 190 0027 00000000 		.ascii	"\000\000\000\000\000\000\000\000"
 190      00000000 
 191 002f BD000000 		.ascii	"\275\000\000\000"
 192 0033 444D415F 		.ascii	"DMA_DelSig_RAM_Single_DmaHandle\000"
 192      44656C53 
 192      69675F52 
 192      414D5F53 
 192      696E676C 
ARM GAS  C:\Users\elias\AppData\Local\Temp\ccAgoSfz.s 			page 14


 193 0053 00       		.ascii	"\000"
 194 0054 00       		.ascii	"\000"
 195 0055 00       		.ascii	"\000"
 196 0056 00000000 		.ascii	"\000\000\000\000\000\000\000\000"
 196      00000000 
 197 005e E0000000 		.ascii	"\340\000\000\000"
 198 0062 444D415F 		.ascii	"DMA_DelSig_RAM_Single_DmaRelease\000"
 198      44656C53 
 198      69675F52 
 198      414D5F53 
 198      696E676C 
 199 0083 00       		.ascii	"\000"
 200 0084 00       		.ascii	"\000"
 201 0085 00       		.ascii	"\000"
 202 0086 00000000 		.ascii	"\000\000\000\000\000\000\000\000"
 202      00000000 
 203 008e C0000000 		.ascii	"\300\000\000\000"
 204 0092 4379446D 		.ascii	"CyDmaChPriority\000"
 204      61436850 
 204      72696F72 
 204      69747900 
 205 00a2 00       		.ascii	"\000"
 206 00a3 02       		.ascii	"\002"
 207 00a4 00       		.ascii	"\000"
 208 00a5 00000000 		.ascii	"\000\000\000\000\000\000\000\000"
 208      00000000 
 209 00ad CA000000 		.ascii	"\312\000\000\000"
 210 00b1 4379446D 		.ascii	"CyDmaChSetExtendedAddress\000"
 210      61436853 
 210      65744578 
 210      74656E64 
 210      65644164 
 211 00cb 00       		.ascii	"\000"
 212 00cc 02       		.ascii	"\002"
 213 00cd 00       		.ascii	"\000"
 214 00ce 00000000 		.ascii	"\000\000\000\000\000\000\000\000"
 214      00000000 
 215 00d6 D0000000 		.ascii	"\320\000\000\000"
 216 00da 4379446D 		.ascii	"CyDmaChSetConfiguration\000"
 216      61436853 
 216      6574436F 
 216      6E666967 
 216      75726174 
 217 00f2 00       		.ascii	"\000"
 218 00f3 02       		.ascii	"\002"
 219 00f4 00       		.ascii	"\000"
 220 00f5 00000000 		.ascii	"\000\000\000\000\000\000\000\000"
 220      00000000 
 221 00fd D9000000 		.ascii	"\331\000\000\000"
 222 0101 4379446D 		.ascii	"CyDmaChDisable\000"
 222      61436844 
 222      69736162 
 222      6C6500
 223 0110 00       		.ascii	"\000"
 224 0111 02       		.ascii	"\002"
 225 0112 00       		.ascii	"\000"
 226 0113 00000000 		.ascii	"\000\000\000\000\000\000\000\000"
ARM GAS  C:\Users\elias\AppData\Local\Temp\ccAgoSfz.s 			page 15


 226      00000000 
 227 011b DD000000 		.ascii	"\335\000\000\000"
 228              		.text
 229              		.section	.gnu.lto_.opts,"",%progbits
 230 0000 272D666D 		.ascii	"'-fmath-errno' '-fsigned-zeros' '-ftrapping-math' '"
 230      6174682D 
 230      6572726E 
 230      6F272027 
 230      2D667369 
 231 0033 2D666E6F 		.ascii	"-fno-trapv' '-fno-openmp' '-fno-openacc' '-mcpu=cor"
 231      2D747261 
 231      70762720 
 231      272D666E 
 231      6F2D6F70 
 232 0066 7465782D 		.ascii	"tex-m3' '-mthumb' '-g' '-O3' '-ffunction-sections' "
 232      6D332720 
 232      272D6D74 
 232      68756D62 
 232      2720272D 
 233 0099 272D6666 		.ascii	"'-ffat-lto-objects' '-finline-functions' '-flto'\000"
 233      61742D6C 
 233      746F2D6F 
 233      626A6563 
 233      74732720 
 234              		.text
 235              		.cfi_sections	.debug_frame
 236              		.section	.text.DMA_DelSig_RAM_Single_DmaInitialize,"ax",%progbits
 237              		.align	2
 238              		.global	DMA_DelSig_RAM_Single_DmaInitialize
 239              		.thumb
 240              		.thumb_func
 241              		.type	DMA_DelSig_RAM_Single_DmaInitialize, %function
 242              	DMA_DelSig_RAM_Single_DmaInitialize:
 243              	.LFB0:
 244              		.file 1 "Generated_Source\\PSoC5\\DMA_DelSig_RAM_Single_dma.c"
   1:Generated_Source\PSoC5/DMA_DelSig_RAM_Single_dma.c **** /***************************************************************************
   2:Generated_Source\PSoC5/DMA_DelSig_RAM_Single_dma.c **** * File Name: DMA_DelSig_RAM_Single_dma.c  
   3:Generated_Source\PSoC5/DMA_DelSig_RAM_Single_dma.c **** * Version 1.70
   4:Generated_Source\PSoC5/DMA_DelSig_RAM_Single_dma.c **** *
   5:Generated_Source\PSoC5/DMA_DelSig_RAM_Single_dma.c **** *  Description:
   6:Generated_Source\PSoC5/DMA_DelSig_RAM_Single_dma.c **** *   Provides an API for the DMAC component. The API includes functions
   7:Generated_Source\PSoC5/DMA_DelSig_RAM_Single_dma.c **** *   for the DMA controller, DMA channels and Transfer Descriptors.
   8:Generated_Source\PSoC5/DMA_DelSig_RAM_Single_dma.c **** *
   9:Generated_Source\PSoC5/DMA_DelSig_RAM_Single_dma.c **** *
  10:Generated_Source\PSoC5/DMA_DelSig_RAM_Single_dma.c **** *   Note:
  11:Generated_Source\PSoC5/DMA_DelSig_RAM_Single_dma.c **** *     This module requires the developer to finish or fill in the auto
  12:Generated_Source\PSoC5/DMA_DelSig_RAM_Single_dma.c **** *     generated funcions and setup the dma channel and TD's.
  13:Generated_Source\PSoC5/DMA_DelSig_RAM_Single_dma.c **** *
  14:Generated_Source\PSoC5/DMA_DelSig_RAM_Single_dma.c **** ********************************************************************************
  15:Generated_Source\PSoC5/DMA_DelSig_RAM_Single_dma.c **** * Copyright 2008-2010, Cypress Semiconductor Corporation.  All rights reserved.
  16:Generated_Source\PSoC5/DMA_DelSig_RAM_Single_dma.c **** * You may use this file only in accordance with the license, terms, conditions, 
  17:Generated_Source\PSoC5/DMA_DelSig_RAM_Single_dma.c **** * disclaimers, and limitations in the end user license agreement accompanying 
  18:Generated_Source\PSoC5/DMA_DelSig_RAM_Single_dma.c **** * the software package with which this file was provided.
  19:Generated_Source\PSoC5/DMA_DelSig_RAM_Single_dma.c **** ********************************************************************************/
  20:Generated_Source\PSoC5/DMA_DelSig_RAM_Single_dma.c **** #include <CYLIB.H>
  21:Generated_Source\PSoC5/DMA_DelSig_RAM_Single_dma.c **** #include <CYDMAC.H>
  22:Generated_Source\PSoC5/DMA_DelSig_RAM_Single_dma.c **** #include <DMA_DelSig_RAM_Single_dma.H>
ARM GAS  C:\Users\elias\AppData\Local\Temp\ccAgoSfz.s 			page 16


  23:Generated_Source\PSoC5/DMA_DelSig_RAM_Single_dma.c **** 
  24:Generated_Source\PSoC5/DMA_DelSig_RAM_Single_dma.c **** 
  25:Generated_Source\PSoC5/DMA_DelSig_RAM_Single_dma.c **** 
  26:Generated_Source\PSoC5/DMA_DelSig_RAM_Single_dma.c **** /****************************************************************************
  27:Generated_Source\PSoC5/DMA_DelSig_RAM_Single_dma.c **** * 
  28:Generated_Source\PSoC5/DMA_DelSig_RAM_Single_dma.c **** * The following defines are available in Cyfitter.h
  29:Generated_Source\PSoC5/DMA_DelSig_RAM_Single_dma.c **** * 
  30:Generated_Source\PSoC5/DMA_DelSig_RAM_Single_dma.c **** * 
  31:Generated_Source\PSoC5/DMA_DelSig_RAM_Single_dma.c **** * 
  32:Generated_Source\PSoC5/DMA_DelSig_RAM_Single_dma.c **** * DMA_DelSig_RAM_Single__DRQ_CTL_REG
  33:Generated_Source\PSoC5/DMA_DelSig_RAM_Single_dma.c **** * 
  34:Generated_Source\PSoC5/DMA_DelSig_RAM_Single_dma.c **** * 
  35:Generated_Source\PSoC5/DMA_DelSig_RAM_Single_dma.c **** * DMA_DelSig_RAM_Single__DRQ_NUMBER
  36:Generated_Source\PSoC5/DMA_DelSig_RAM_Single_dma.c **** * 
  37:Generated_Source\PSoC5/DMA_DelSig_RAM_Single_dma.c **** * Number of TD's used by this channel.
  38:Generated_Source\PSoC5/DMA_DelSig_RAM_Single_dma.c **** * DMA_DelSig_RAM_Single__NUMBEROF_TDS
  39:Generated_Source\PSoC5/DMA_DelSig_RAM_Single_dma.c **** * 
  40:Generated_Source\PSoC5/DMA_DelSig_RAM_Single_dma.c **** * Priority of this channel.
  41:Generated_Source\PSoC5/DMA_DelSig_RAM_Single_dma.c **** * DMA_DelSig_RAM_Single__PRIORITY
  42:Generated_Source\PSoC5/DMA_DelSig_RAM_Single_dma.c **** * 
  43:Generated_Source\PSoC5/DMA_DelSig_RAM_Single_dma.c **** * True if DMA_DelSig_RAM_Single_TERMIN_SEL is used.
  44:Generated_Source\PSoC5/DMA_DelSig_RAM_Single_dma.c **** * DMA_DelSig_RAM_Single__TERMIN_EN
  45:Generated_Source\PSoC5/DMA_DelSig_RAM_Single_dma.c **** * 
  46:Generated_Source\PSoC5/DMA_DelSig_RAM_Single_dma.c **** * TERMIN interrupt line to signal terminate.
  47:Generated_Source\PSoC5/DMA_DelSig_RAM_Single_dma.c **** * DMA_DelSig_RAM_Single__TERMIN_SEL
  48:Generated_Source\PSoC5/DMA_DelSig_RAM_Single_dma.c **** * 
  49:Generated_Source\PSoC5/DMA_DelSig_RAM_Single_dma.c **** * 
  50:Generated_Source\PSoC5/DMA_DelSig_RAM_Single_dma.c **** * True if DMA_DelSig_RAM_Single_TERMOUT0_SEL is used.
  51:Generated_Source\PSoC5/DMA_DelSig_RAM_Single_dma.c **** * DMA_DelSig_RAM_Single__TERMOUT0_EN
  52:Generated_Source\PSoC5/DMA_DelSig_RAM_Single_dma.c **** * 
  53:Generated_Source\PSoC5/DMA_DelSig_RAM_Single_dma.c **** * 
  54:Generated_Source\PSoC5/DMA_DelSig_RAM_Single_dma.c **** * TERMOUT0 interrupt line to signal completion.
  55:Generated_Source\PSoC5/DMA_DelSig_RAM_Single_dma.c **** * DMA_DelSig_RAM_Single__TERMOUT0_SEL
  56:Generated_Source\PSoC5/DMA_DelSig_RAM_Single_dma.c **** * 
  57:Generated_Source\PSoC5/DMA_DelSig_RAM_Single_dma.c **** * 
  58:Generated_Source\PSoC5/DMA_DelSig_RAM_Single_dma.c **** * True if DMA_DelSig_RAM_Single_TERMOUT1_SEL is used.
  59:Generated_Source\PSoC5/DMA_DelSig_RAM_Single_dma.c **** * DMA_DelSig_RAM_Single__TERMOUT1_EN
  60:Generated_Source\PSoC5/DMA_DelSig_RAM_Single_dma.c **** * 
  61:Generated_Source\PSoC5/DMA_DelSig_RAM_Single_dma.c **** * 
  62:Generated_Source\PSoC5/DMA_DelSig_RAM_Single_dma.c **** * TERMOUT1 interrupt line to signal completion.
  63:Generated_Source\PSoC5/DMA_DelSig_RAM_Single_dma.c **** * DMA_DelSig_RAM_Single__TERMOUT1_SEL
  64:Generated_Source\PSoC5/DMA_DelSig_RAM_Single_dma.c **** * 
  65:Generated_Source\PSoC5/DMA_DelSig_RAM_Single_dma.c **** ****************************************************************************/
  66:Generated_Source\PSoC5/DMA_DelSig_RAM_Single_dma.c **** 
  67:Generated_Source\PSoC5/DMA_DelSig_RAM_Single_dma.c **** 
  68:Generated_Source\PSoC5/DMA_DelSig_RAM_Single_dma.c **** /* Zero based index of DMA_DelSig_RAM_Single dma channel */
  69:Generated_Source\PSoC5/DMA_DelSig_RAM_Single_dma.c **** uint8 DMA_DelSig_RAM_Single_DmaHandle = DMA_INVALID_CHANNEL;
  70:Generated_Source\PSoC5/DMA_DelSig_RAM_Single_dma.c **** 
  71:Generated_Source\PSoC5/DMA_DelSig_RAM_Single_dma.c **** /*********************************************************************
  72:Generated_Source\PSoC5/DMA_DelSig_RAM_Single_dma.c **** * Function Name: uint8 DMA_DelSig_RAM_Single_DmaInitalize
  73:Generated_Source\PSoC5/DMA_DelSig_RAM_Single_dma.c **** **********************************************************************
  74:Generated_Source\PSoC5/DMA_DelSig_RAM_Single_dma.c **** * Summary:
  75:Generated_Source\PSoC5/DMA_DelSig_RAM_Single_dma.c **** *   Allocates and initialises a channel of the DMAC to be used by the
  76:Generated_Source\PSoC5/DMA_DelSig_RAM_Single_dma.c **** *   caller.
  77:Generated_Source\PSoC5/DMA_DelSig_RAM_Single_dma.c **** *
  78:Generated_Source\PSoC5/DMA_DelSig_RAM_Single_dma.c **** * Parameters:
  79:Generated_Source\PSoC5/DMA_DelSig_RAM_Single_dma.c **** *   BurstCount.
ARM GAS  C:\Users\elias\AppData\Local\Temp\ccAgoSfz.s 			page 17


  80:Generated_Source\PSoC5/DMA_DelSig_RAM_Single_dma.c **** *       
  81:Generated_Source\PSoC5/DMA_DelSig_RAM_Single_dma.c **** *       
  82:Generated_Source\PSoC5/DMA_DelSig_RAM_Single_dma.c **** *   ReqestPerBurst.
  83:Generated_Source\PSoC5/DMA_DelSig_RAM_Single_dma.c **** *       
  84:Generated_Source\PSoC5/DMA_DelSig_RAM_Single_dma.c **** *       
  85:Generated_Source\PSoC5/DMA_DelSig_RAM_Single_dma.c **** *   UpperSrcAddress.
  86:Generated_Source\PSoC5/DMA_DelSig_RAM_Single_dma.c **** *       
  87:Generated_Source\PSoC5/DMA_DelSig_RAM_Single_dma.c **** *       
  88:Generated_Source\PSoC5/DMA_DelSig_RAM_Single_dma.c **** *   UpperDestAddress.
  89:Generated_Source\PSoC5/DMA_DelSig_RAM_Single_dma.c **** *       
  90:Generated_Source\PSoC5/DMA_DelSig_RAM_Single_dma.c **** *
  91:Generated_Source\PSoC5/DMA_DelSig_RAM_Single_dma.c **** * Return:
  92:Generated_Source\PSoC5/DMA_DelSig_RAM_Single_dma.c **** *   The channel that can be used by the caller for DMA activity.
  93:Generated_Source\PSoC5/DMA_DelSig_RAM_Single_dma.c **** *   DMA_INVALID_CHANNEL (0xFF) if there are no channels left. 
  94:Generated_Source\PSoC5/DMA_DelSig_RAM_Single_dma.c **** *
  95:Generated_Source\PSoC5/DMA_DelSig_RAM_Single_dma.c **** *
  96:Generated_Source\PSoC5/DMA_DelSig_RAM_Single_dma.c **** *******************************************************************/
  97:Generated_Source\PSoC5/DMA_DelSig_RAM_Single_dma.c **** uint8 DMA_DelSig_RAM_Single_DmaInitialize(uint8 BurstCount, uint8 ReqestPerBurst, uint16 UpperSrcAd
  98:Generated_Source\PSoC5/DMA_DelSig_RAM_Single_dma.c **** {
 245              		.loc 1 98 0
 246              		.cfi_startproc
 247              		@ args = 0, pretend = 0, frame = 0
 248              		@ frame_needed = 0, uses_anonymous_args = 0
 249              	.LVL0:
 250 0000 2DE9F041 		push	{r4, r5, r6, r7, r8, lr}
 251              		.cfi_def_cfa_offset 24
 252              		.cfi_offset 4, -24
 253              		.cfi_offset 5, -20
 254              		.cfi_offset 6, -16
 255              		.cfi_offset 7, -12
 256              		.cfi_offset 8, -8
 257              		.cfi_offset 14, -4
 258 0004 1746     		mov	r7, r2
 259 0006 9846     		mov	r8, r3
 260 0008 82B0     		sub	sp, sp, #8
 261              		.cfi_def_cfa_offset 32
  99:Generated_Source\PSoC5/DMA_DelSig_RAM_Single_dma.c **** 
 100:Generated_Source\PSoC5/DMA_DelSig_RAM_Single_dma.c ****     /* Allocate a DMA channel. */
 101:Generated_Source\PSoC5/DMA_DelSig_RAM_Single_dma.c ****     DMA_DelSig_RAM_Single_DmaHandle = (uint8)DMA_DelSig_RAM_Single__DRQ_NUMBER;
 262              		.loc 1 101 0
 263 000a 0C4C     		ldr	r4, .L3
 264 000c 0225     		movs	r5, #2
 102:Generated_Source\PSoC5/DMA_DelSig_RAM_Single_dma.c **** 
 103:Generated_Source\PSoC5/DMA_DelSig_RAM_Single_dma.c ****     /* Configure the channel. */
 104:Generated_Source\PSoC5/DMA_DelSig_RAM_Single_dma.c ****     (void)CyDmaChSetConfiguration(DMA_DelSig_RAM_Single_DmaHandle,
 265              		.loc 1 104 0
 266 000e 0026     		movs	r6, #0
 267 0010 2B46     		mov	r3, r5
 268              	.LVL1:
 269 0012 0A46     		mov	r2, r1
 270              	.LVL2:
 271 0014 0196     		str	r6, [sp, #4]
 272 0016 0146     		mov	r1, r0
 273              	.LVL3:
 274 0018 0096     		str	r6, [sp]
 275 001a 2846     		mov	r0, r5
 276              	.LVL4:
ARM GAS  C:\Users\elias\AppData\Local\Temp\ccAgoSfz.s 			page 18


 101:Generated_Source\PSoC5/DMA_DelSig_RAM_Single_dma.c **** 
 277              		.loc 1 101 0
 278 001c 2570     		strb	r5, [r4]
 279              		.loc 1 104 0
 280 001e FFF7FEFF 		bl	CyDmaChSetConfiguration
 281              	.LVL5:
 105:Generated_Source\PSoC5/DMA_DelSig_RAM_Single_dma.c ****                                   BurstCount,
 106:Generated_Source\PSoC5/DMA_DelSig_RAM_Single_dma.c ****                                   ReqestPerBurst,
 107:Generated_Source\PSoC5/DMA_DelSig_RAM_Single_dma.c ****                                   (uint8)DMA_DelSig_RAM_Single__TERMOUT0_SEL,
 108:Generated_Source\PSoC5/DMA_DelSig_RAM_Single_dma.c ****                                   (uint8)DMA_DelSig_RAM_Single__TERMOUT1_SEL,
 109:Generated_Source\PSoC5/DMA_DelSig_RAM_Single_dma.c ****                                   (uint8)DMA_DelSig_RAM_Single__TERMIN_SEL);
 110:Generated_Source\PSoC5/DMA_DelSig_RAM_Single_dma.c **** 
 111:Generated_Source\PSoC5/DMA_DelSig_RAM_Single_dma.c ****     /* Set the extended address for the transfers */
 112:Generated_Source\PSoC5/DMA_DelSig_RAM_Single_dma.c ****     (void)CyDmaChSetExtendedAddress(DMA_DelSig_RAM_Single_DmaHandle, UpperSrcAddress, UpperDestAddr
 282              		.loc 1 112 0
 283 0022 4246     		mov	r2, r8
 284 0024 3946     		mov	r1, r7
 285 0026 2078     		ldrb	r0, [r4]	@ zero_extendqisi2
 286 0028 FFF7FEFF 		bl	CyDmaChSetExtendedAddress
 287              	.LVL6:
 113:Generated_Source\PSoC5/DMA_DelSig_RAM_Single_dma.c **** 
 114:Generated_Source\PSoC5/DMA_DelSig_RAM_Single_dma.c ****     /* Set the priority for this channel */
 115:Generated_Source\PSoC5/DMA_DelSig_RAM_Single_dma.c ****     (void)CyDmaChPriority(DMA_DelSig_RAM_Single_DmaHandle, (uint8)DMA_DelSig_RAM_Single__PRIORITY);
 288              		.loc 1 115 0
 289 002c 2946     		mov	r1, r5
 290 002e 2078     		ldrb	r0, [r4]	@ zero_extendqisi2
 291 0030 FFF7FEFF 		bl	CyDmaChPriority
 292              	.LVL7:
 116:Generated_Source\PSoC5/DMA_DelSig_RAM_Single_dma.c ****     
 117:Generated_Source\PSoC5/DMA_DelSig_RAM_Single_dma.c ****     return DMA_DelSig_RAM_Single_DmaHandle;
 118:Generated_Source\PSoC5/DMA_DelSig_RAM_Single_dma.c **** }
 293              		.loc 1 118 0
 294 0034 2078     		ldrb	r0, [r4]	@ zero_extendqisi2
 295 0036 02B0     		add	sp, sp, #8
 296              		.cfi_def_cfa_offset 24
 297              		@ sp needed
 298 0038 BDE8F081 		pop	{r4, r5, r6, r7, r8, pc}
 299              	.L4:
 300              		.align	2
 301              	.L3:
 302 003c 00000000 		.word	.LANCHOR0
 303              		.cfi_endproc
 304              	.LFE0:
 305              		.size	DMA_DelSig_RAM_Single_DmaInitialize, .-DMA_DelSig_RAM_Single_DmaInitialize
 306              		.section	.text.DMA_DelSig_RAM_Single_DmaRelease,"ax",%progbits
 307              		.align	2
 308              		.global	DMA_DelSig_RAM_Single_DmaRelease
 309              		.thumb
 310              		.thumb_func
 311              		.type	DMA_DelSig_RAM_Single_DmaRelease, %function
 312              	DMA_DelSig_RAM_Single_DmaRelease:
 313              	.LFB1:
 119:Generated_Source\PSoC5/DMA_DelSig_RAM_Single_dma.c **** 
 120:Generated_Source\PSoC5/DMA_DelSig_RAM_Single_dma.c **** /*********************************************************************
 121:Generated_Source\PSoC5/DMA_DelSig_RAM_Single_dma.c **** * Function Name: void DMA_DelSig_RAM_Single_DmaRelease
 122:Generated_Source\PSoC5/DMA_DelSig_RAM_Single_dma.c **** **********************************************************************
 123:Generated_Source\PSoC5/DMA_DelSig_RAM_Single_dma.c **** * Summary:
ARM GAS  C:\Users\elias\AppData\Local\Temp\ccAgoSfz.s 			page 19


 124:Generated_Source\PSoC5/DMA_DelSig_RAM_Single_dma.c **** *   Frees the channel associated with DMA_DelSig_RAM_Single.
 125:Generated_Source\PSoC5/DMA_DelSig_RAM_Single_dma.c **** *
 126:Generated_Source\PSoC5/DMA_DelSig_RAM_Single_dma.c **** *
 127:Generated_Source\PSoC5/DMA_DelSig_RAM_Single_dma.c **** * Parameters:
 128:Generated_Source\PSoC5/DMA_DelSig_RAM_Single_dma.c **** *   void.
 129:Generated_Source\PSoC5/DMA_DelSig_RAM_Single_dma.c **** *
 130:Generated_Source\PSoC5/DMA_DelSig_RAM_Single_dma.c **** *
 131:Generated_Source\PSoC5/DMA_DelSig_RAM_Single_dma.c **** *
 132:Generated_Source\PSoC5/DMA_DelSig_RAM_Single_dma.c **** * Return:
 133:Generated_Source\PSoC5/DMA_DelSig_RAM_Single_dma.c **** *   void.
 134:Generated_Source\PSoC5/DMA_DelSig_RAM_Single_dma.c **** *
 135:Generated_Source\PSoC5/DMA_DelSig_RAM_Single_dma.c **** *******************************************************************/
 136:Generated_Source\PSoC5/DMA_DelSig_RAM_Single_dma.c **** void DMA_DelSig_RAM_Single_DmaRelease(void) 
 137:Generated_Source\PSoC5/DMA_DelSig_RAM_Single_dma.c **** {
 314              		.loc 1 137 0
 315              		.cfi_startproc
 316              		@ args = 0, pretend = 0, frame = 0
 317              		@ frame_needed = 0, uses_anonymous_args = 0
 318              		@ link register save eliminated.
 138:Generated_Source\PSoC5/DMA_DelSig_RAM_Single_dma.c ****     /* Disable the channel */
 139:Generated_Source\PSoC5/DMA_DelSig_RAM_Single_dma.c ****     (void)CyDmaChDisable(DMA_DelSig_RAM_Single_DmaHandle);
 319              		.loc 1 139 0
 320 0000 014B     		ldr	r3, .L6
 321 0002 1878     		ldrb	r0, [r3]	@ zero_extendqisi2
 322 0004 FFF7FEBF 		b	CyDmaChDisable
 323              	.LVL8:
 324              	.L7:
 325              		.align	2
 326              	.L6:
 327 0008 00000000 		.word	.LANCHOR0
 328              		.cfi_endproc
 329              	.LFE1:
 330              		.size	DMA_DelSig_RAM_Single_DmaRelease, .-DMA_DelSig_RAM_Single_DmaRelease
 331              		.global	DMA_DelSig_RAM_Single_DmaHandle
 332              		.data
 333              		.set	.LANCHOR0,. + 0
 334              		.type	DMA_DelSig_RAM_Single_DmaHandle, %object
 335              		.size	DMA_DelSig_RAM_Single_DmaHandle, 1
 336              	DMA_DelSig_RAM_Single_DmaHandle:
 337 0000 FF       		.byte	-1
 338              		.text
 339              	.Letext0:
 340              		.file 2 "Generated_Source\\PSoC5/cytypes.h"
 341              		.file 3 "Generated_Source\\PSoC5/CYDMAC.H"
 342              		.section	.debug_info,"",%progbits
 343              	.Ldebug_info0:
 344 0000 A7010000 		.4byte	0x1a7
 345 0004 0400     		.2byte	0x4
 346 0006 00000000 		.4byte	.Ldebug_abbrev0
 347 000a 04       		.byte	0x4
 348 000b 01       		.uleb128 0x1
 349 000c 82000000 		.4byte	.LASF24
 350 0010 0C       		.byte	0xc
 351 0011 18020000 		.4byte	.LASF25
 352 0015 3B010000 		.4byte	.LASF26
 353 0019 00000000 		.4byte	.Ldebug_ranges0+0
 354 001d 00000000 		.4byte	0
ARM GAS  C:\Users\elias\AppData\Local\Temp\ccAgoSfz.s 			page 20


 355 0021 00000000 		.4byte	.Ldebug_line0
 356 0025 02       		.uleb128 0x2
 357 0026 04       		.byte	0x4
 358 0027 05       		.byte	0x5
 359 0028 696E7400 		.ascii	"int\000"
 360 002c 03       		.uleb128 0x3
 361 002d 04       		.byte	0x4
 362 002e 07       		.byte	0x7
 363 002f AD010000 		.4byte	.LASF0
 364 0033 03       		.uleb128 0x3
 365 0034 08       		.byte	0x8
 366 0035 05       		.byte	0x5
 367 0036 EB010000 		.4byte	.LASF1
 368 003a 03       		.uleb128 0x3
 369 003b 08       		.byte	0x8
 370 003c 04       		.byte	0x4
 371 003d 7E020000 		.4byte	.LASF2
 372 0041 03       		.uleb128 0x3
 373 0042 01       		.byte	0x1
 374 0043 06       		.byte	0x6
 375 0044 8A020000 		.4byte	.LASF3
 376 0048 03       		.uleb128 0x3
 377 0049 01       		.byte	0x1
 378 004a 08       		.byte	0x8
 379 004b 69000000 		.4byte	.LASF4
 380 004f 03       		.uleb128 0x3
 381 0050 02       		.byte	0x2
 382 0051 05       		.byte	0x5
 383 0052 4B020000 		.4byte	.LASF5
 384 0056 03       		.uleb128 0x3
 385 0057 02       		.byte	0x2
 386 0058 07       		.byte	0x7
 387 0059 50000000 		.4byte	.LASF6
 388 005d 03       		.uleb128 0x3
 389 005e 04       		.byte	0x4
 390 005f 05       		.byte	0x5
 391 0060 75020000 		.4byte	.LASF7
 392 0064 03       		.uleb128 0x3
 393 0065 04       		.byte	0x4
 394 0066 07       		.byte	0x7
 395 0067 29010000 		.4byte	.LASF8
 396 006b 03       		.uleb128 0x3
 397 006c 08       		.byte	0x8
 398 006d 07       		.byte	0x7
 399 006e BA010000 		.4byte	.LASF9
 400 0072 03       		.uleb128 0x3
 401 0073 04       		.byte	0x4
 402 0074 07       		.byte	0x7
 403 0075 E2010000 		.4byte	.LASF10
 404 0079 03       		.uleb128 0x3
 405 007a 01       		.byte	0x1
 406 007b 08       		.byte	0x8
 407 007c 13020000 		.4byte	.LASF11
 408 0080 04       		.uleb128 0x4
 409 0081 75010000 		.4byte	.LASF12
 410 0085 02       		.byte	0x2
 411 0086 E901     		.2byte	0x1e9
ARM GAS  C:\Users\elias\AppData\Local\Temp\ccAgoSfz.s 			page 21


 412 0088 48000000 		.4byte	0x48
 413 008c 04       		.uleb128 0x4
 414 008d A6010000 		.4byte	.LASF13
 415 0091 02       		.byte	0x2
 416 0092 EA01     		.2byte	0x1ea
 417 0094 56000000 		.4byte	0x56
 418 0098 03       		.uleb128 0x3
 419 0099 04       		.byte	0x4
 420 009a 04       		.byte	0x4
 421 009b 63000000 		.4byte	.LASF14
 422 009f 03       		.uleb128 0x3
 423 00a0 08       		.byte	0x8
 424 00a1 04       		.byte	0x4
 425 00a2 7B010000 		.4byte	.LASF15
 426 00a6 05       		.uleb128 0x5
 427 00a7 82010000 		.4byte	.LASF27
 428 00ab 01       		.byte	0x1
 429 00ac 61       		.byte	0x61
 430 00ad 80000000 		.4byte	0x80
 431 00b1 00000000 		.4byte	.LFB0
 432 00b5 40000000 		.4byte	.LFE0-.LFB0
 433 00b9 01       		.uleb128 0x1
 434 00ba 9C       		.byte	0x9c
 435 00bb 4E010000 		.4byte	0x14e
 436 00bf 06       		.uleb128 0x6
 437 00c0 77000000 		.4byte	.LASF16
 438 00c4 01       		.byte	0x1
 439 00c5 61       		.byte	0x61
 440 00c6 80000000 		.4byte	0x80
 441 00ca 00000000 		.4byte	.LLST0
 442 00ce 06       		.uleb128 0x6
 443 00cf 41000000 		.4byte	.LASF17
 444 00d3 01       		.byte	0x1
 445 00d4 61       		.byte	0x61
 446 00d5 80000000 		.4byte	0x80
 447 00d9 21000000 		.4byte	.LLST1
 448 00dd 06       		.uleb128 0x6
 449 00de 21000000 		.4byte	.LASF18
 450 00e2 01       		.byte	0x1
 451 00e3 61       		.byte	0x61
 452 00e4 8C000000 		.4byte	0x8c
 453 00e8 42000000 		.4byte	.LLST2
 454 00ec 06       		.uleb128 0x6
 455 00ed D1010000 		.4byte	.LASF19
 456 00f1 01       		.byte	0x1
 457 00f2 61       		.byte	0x61
 458 00f3 8C000000 		.4byte	0x8c
 459 00f7 63000000 		.4byte	.LLST3
 460 00fb 07       		.uleb128 0x7
 461 00fc 22000000 		.4byte	.LVL5
 462 0100 7E010000 		.4byte	0x17e
 463 0104 23010000 		.4byte	0x123
 464 0108 08       		.uleb128 0x8
 465 0109 01       		.uleb128 0x1
 466 010a 50       		.byte	0x50
 467 010b 02       		.uleb128 0x2
 468 010c 75       		.byte	0x75
ARM GAS  C:\Users\elias\AppData\Local\Temp\ccAgoSfz.s 			page 22


 469 010d 00       		.sleb128 0
 470 010e 08       		.uleb128 0x8
 471 010f 01       		.uleb128 0x1
 472 0110 53       		.byte	0x53
 473 0111 02       		.uleb128 0x2
 474 0112 75       		.byte	0x75
 475 0113 00       		.sleb128 0
 476 0114 08       		.uleb128 0x8
 477 0115 02       		.uleb128 0x2
 478 0116 7D       		.byte	0x7d
 479 0117 00       		.sleb128 0
 480 0118 02       		.uleb128 0x2
 481 0119 76       		.byte	0x76
 482 011a 00       		.sleb128 0
 483 011b 08       		.uleb128 0x8
 484 011c 02       		.uleb128 0x2
 485 011d 7D       		.byte	0x7d
 486 011e 04       		.sleb128 4
 487 011f 02       		.uleb128 0x2
 488 0120 76       		.byte	0x76
 489 0121 00       		.sleb128 0
 490 0122 00       		.byte	0
 491 0123 07       		.uleb128 0x7
 492 0124 2C000000 		.4byte	.LVL6
 493 0128 89010000 		.4byte	0x189
 494 012c 3D010000 		.4byte	0x13d
 495 0130 08       		.uleb128 0x8
 496 0131 01       		.uleb128 0x1
 497 0132 51       		.byte	0x51
 498 0133 02       		.uleb128 0x2
 499 0134 77       		.byte	0x77
 500 0135 00       		.sleb128 0
 501 0136 08       		.uleb128 0x8
 502 0137 01       		.uleb128 0x1
 503 0138 52       		.byte	0x52
 504 0139 02       		.uleb128 0x2
 505 013a 78       		.byte	0x78
 506 013b 00       		.sleb128 0
 507 013c 00       		.byte	0
 508 013d 09       		.uleb128 0x9
 509 013e 34000000 		.4byte	.LVL7
 510 0142 94010000 		.4byte	0x194
 511 0146 08       		.uleb128 0x8
 512 0147 01       		.uleb128 0x1
 513 0148 51       		.byte	0x51
 514 0149 02       		.uleb128 0x2
 515 014a 75       		.byte	0x75
 516 014b 00       		.sleb128 0
 517 014c 00       		.byte	0
 518 014d 00       		.byte	0
 519 014e 0A       		.uleb128 0xa
 520 014f 00000000 		.4byte	.LASF28
 521 0153 01       		.byte	0x1
 522 0154 88       		.byte	0x88
 523 0155 00000000 		.4byte	.LFB1
 524 0159 0C000000 		.4byte	.LFE1-.LFB1
 525 015d 01       		.uleb128 0x1
ARM GAS  C:\Users\elias\AppData\Local\Temp\ccAgoSfz.s 			page 23


 526 015e 9C       		.byte	0x9c
 527 015f 6D010000 		.4byte	0x16d
 528 0163 0B       		.uleb128 0xb
 529 0164 08000000 		.4byte	.LVL8
 530 0168 9F010000 		.4byte	0x19f
 531 016c 00       		.byte	0
 532 016d 0C       		.uleb128 0xc
 533 016e 55020000 		.4byte	.LASF29
 534 0172 01       		.byte	0x1
 535 0173 45       		.byte	0x45
 536 0174 80000000 		.4byte	0x80
 537 0178 05       		.uleb128 0x5
 538 0179 03       		.byte	0x3
 539 017a 00000000 		.4byte	DMA_DelSig_RAM_Single_DmaHandle
 540 017e 0D       		.uleb128 0xd
 541 017f A5020000 		.4byte	.LASF20
 542 0183 A5020000 		.4byte	.LASF20
 543 0187 03       		.byte	0x3
 544 0188 33       		.byte	0x33
 545 0189 0D       		.uleb128 0xd
 546 018a F9010000 		.4byte	.LASF21
 547 018e F9010000 		.4byte	.LASF21
 548 0192 03       		.byte	0x3
 549 0193 2D       		.byte	0x2d
 550 0194 0D       		.uleb128 0xd
 551 0195 31000000 		.4byte	.LASF22
 552 0199 31000000 		.4byte	.LASF22
 553 019d 03       		.byte	0x3
 554 019e 2C       		.byte	0x2c
 555 019f 0D       		.uleb128 0xd
 556 01a0 96020000 		.4byte	.LASF23
 557 01a4 96020000 		.4byte	.LASF23
 558 01a8 03       		.byte	0x3
 559 01a9 2A       		.byte	0x2a
 560 01aa 00       		.byte	0
 561              		.section	.debug_abbrev,"",%progbits
 562              	.Ldebug_abbrev0:
 563 0000 01       		.uleb128 0x1
 564 0001 11       		.uleb128 0x11
 565 0002 01       		.byte	0x1
 566 0003 25       		.uleb128 0x25
 567 0004 0E       		.uleb128 0xe
 568 0005 13       		.uleb128 0x13
 569 0006 0B       		.uleb128 0xb
 570 0007 03       		.uleb128 0x3
 571 0008 0E       		.uleb128 0xe
 572 0009 1B       		.uleb128 0x1b
 573 000a 0E       		.uleb128 0xe
 574 000b 55       		.uleb128 0x55
 575 000c 17       		.uleb128 0x17
 576 000d 11       		.uleb128 0x11
 577 000e 01       		.uleb128 0x1
 578 000f 10       		.uleb128 0x10
 579 0010 17       		.uleb128 0x17
 580 0011 00       		.byte	0
 581 0012 00       		.byte	0
 582 0013 02       		.uleb128 0x2
ARM GAS  C:\Users\elias\AppData\Local\Temp\ccAgoSfz.s 			page 24


 583 0014 24       		.uleb128 0x24
 584 0015 00       		.byte	0
 585 0016 0B       		.uleb128 0xb
 586 0017 0B       		.uleb128 0xb
 587 0018 3E       		.uleb128 0x3e
 588 0019 0B       		.uleb128 0xb
 589 001a 03       		.uleb128 0x3
 590 001b 08       		.uleb128 0x8
 591 001c 00       		.byte	0
 592 001d 00       		.byte	0
 593 001e 03       		.uleb128 0x3
 594 001f 24       		.uleb128 0x24
 595 0020 00       		.byte	0
 596 0021 0B       		.uleb128 0xb
 597 0022 0B       		.uleb128 0xb
 598 0023 3E       		.uleb128 0x3e
 599 0024 0B       		.uleb128 0xb
 600 0025 03       		.uleb128 0x3
 601 0026 0E       		.uleb128 0xe
 602 0027 00       		.byte	0
 603 0028 00       		.byte	0
 604 0029 04       		.uleb128 0x4
 605 002a 16       		.uleb128 0x16
 606 002b 00       		.byte	0
 607 002c 03       		.uleb128 0x3
 608 002d 0E       		.uleb128 0xe
 609 002e 3A       		.uleb128 0x3a
 610 002f 0B       		.uleb128 0xb
 611 0030 3B       		.uleb128 0x3b
 612 0031 05       		.uleb128 0x5
 613 0032 49       		.uleb128 0x49
 614 0033 13       		.uleb128 0x13
 615 0034 00       		.byte	0
 616 0035 00       		.byte	0
 617 0036 05       		.uleb128 0x5
 618 0037 2E       		.uleb128 0x2e
 619 0038 01       		.byte	0x1
 620 0039 3F       		.uleb128 0x3f
 621 003a 19       		.uleb128 0x19
 622 003b 03       		.uleb128 0x3
 623 003c 0E       		.uleb128 0xe
 624 003d 3A       		.uleb128 0x3a
 625 003e 0B       		.uleb128 0xb
 626 003f 3B       		.uleb128 0x3b
 627 0040 0B       		.uleb128 0xb
 628 0041 27       		.uleb128 0x27
 629 0042 19       		.uleb128 0x19
 630 0043 49       		.uleb128 0x49
 631 0044 13       		.uleb128 0x13
 632 0045 11       		.uleb128 0x11
 633 0046 01       		.uleb128 0x1
 634 0047 12       		.uleb128 0x12
 635 0048 06       		.uleb128 0x6
 636 0049 40       		.uleb128 0x40
 637 004a 18       		.uleb128 0x18
 638 004b 9742     		.uleb128 0x2117
 639 004d 19       		.uleb128 0x19
ARM GAS  C:\Users\elias\AppData\Local\Temp\ccAgoSfz.s 			page 25


 640 004e 01       		.uleb128 0x1
 641 004f 13       		.uleb128 0x13
 642 0050 00       		.byte	0
 643 0051 00       		.byte	0
 644 0052 06       		.uleb128 0x6
 645 0053 05       		.uleb128 0x5
 646 0054 00       		.byte	0
 647 0055 03       		.uleb128 0x3
 648 0056 0E       		.uleb128 0xe
 649 0057 3A       		.uleb128 0x3a
 650 0058 0B       		.uleb128 0xb
 651 0059 3B       		.uleb128 0x3b
 652 005a 0B       		.uleb128 0xb
 653 005b 49       		.uleb128 0x49
 654 005c 13       		.uleb128 0x13
 655 005d 02       		.uleb128 0x2
 656 005e 17       		.uleb128 0x17
 657 005f 00       		.byte	0
 658 0060 00       		.byte	0
 659 0061 07       		.uleb128 0x7
 660 0062 898201   		.uleb128 0x4109
 661 0065 01       		.byte	0x1
 662 0066 11       		.uleb128 0x11
 663 0067 01       		.uleb128 0x1
 664 0068 31       		.uleb128 0x31
 665 0069 13       		.uleb128 0x13
 666 006a 01       		.uleb128 0x1
 667 006b 13       		.uleb128 0x13
 668 006c 00       		.byte	0
 669 006d 00       		.byte	0
 670 006e 08       		.uleb128 0x8
 671 006f 8A8201   		.uleb128 0x410a
 672 0072 00       		.byte	0
 673 0073 02       		.uleb128 0x2
 674 0074 18       		.uleb128 0x18
 675 0075 9142     		.uleb128 0x2111
 676 0077 18       		.uleb128 0x18
 677 0078 00       		.byte	0
 678 0079 00       		.byte	0
 679 007a 09       		.uleb128 0x9
 680 007b 898201   		.uleb128 0x4109
 681 007e 01       		.byte	0x1
 682 007f 11       		.uleb128 0x11
 683 0080 01       		.uleb128 0x1
 684 0081 31       		.uleb128 0x31
 685 0082 13       		.uleb128 0x13
 686 0083 00       		.byte	0
 687 0084 00       		.byte	0
 688 0085 0A       		.uleb128 0xa
 689 0086 2E       		.uleb128 0x2e
 690 0087 01       		.byte	0x1
 691 0088 3F       		.uleb128 0x3f
 692 0089 19       		.uleb128 0x19
 693 008a 03       		.uleb128 0x3
 694 008b 0E       		.uleb128 0xe
 695 008c 3A       		.uleb128 0x3a
 696 008d 0B       		.uleb128 0xb
ARM GAS  C:\Users\elias\AppData\Local\Temp\ccAgoSfz.s 			page 26


 697 008e 3B       		.uleb128 0x3b
 698 008f 0B       		.uleb128 0xb
 699 0090 27       		.uleb128 0x27
 700 0091 19       		.uleb128 0x19
 701 0092 11       		.uleb128 0x11
 702 0093 01       		.uleb128 0x1
 703 0094 12       		.uleb128 0x12
 704 0095 06       		.uleb128 0x6
 705 0096 40       		.uleb128 0x40
 706 0097 18       		.uleb128 0x18
 707 0098 9742     		.uleb128 0x2117
 708 009a 19       		.uleb128 0x19
 709 009b 01       		.uleb128 0x1
 710 009c 13       		.uleb128 0x13
 711 009d 00       		.byte	0
 712 009e 00       		.byte	0
 713 009f 0B       		.uleb128 0xb
 714 00a0 898201   		.uleb128 0x4109
 715 00a3 00       		.byte	0
 716 00a4 11       		.uleb128 0x11
 717 00a5 01       		.uleb128 0x1
 718 00a6 9542     		.uleb128 0x2115
 719 00a8 19       		.uleb128 0x19
 720 00a9 31       		.uleb128 0x31
 721 00aa 13       		.uleb128 0x13
 722 00ab 00       		.byte	0
 723 00ac 00       		.byte	0
 724 00ad 0C       		.uleb128 0xc
 725 00ae 34       		.uleb128 0x34
 726 00af 00       		.byte	0
 727 00b0 03       		.uleb128 0x3
 728 00b1 0E       		.uleb128 0xe
 729 00b2 3A       		.uleb128 0x3a
 730 00b3 0B       		.uleb128 0xb
 731 00b4 3B       		.uleb128 0x3b
 732 00b5 0B       		.uleb128 0xb
 733 00b6 49       		.uleb128 0x49
 734 00b7 13       		.uleb128 0x13
 735 00b8 3F       		.uleb128 0x3f
 736 00b9 19       		.uleb128 0x19
 737 00ba 02       		.uleb128 0x2
 738 00bb 18       		.uleb128 0x18
 739 00bc 00       		.byte	0
 740 00bd 00       		.byte	0
 741 00be 0D       		.uleb128 0xd
 742 00bf 2E       		.uleb128 0x2e
 743 00c0 00       		.byte	0
 744 00c1 3F       		.uleb128 0x3f
 745 00c2 19       		.uleb128 0x19
 746 00c3 3C       		.uleb128 0x3c
 747 00c4 19       		.uleb128 0x19
 748 00c5 6E       		.uleb128 0x6e
 749 00c6 0E       		.uleb128 0xe
 750 00c7 03       		.uleb128 0x3
 751 00c8 0E       		.uleb128 0xe
 752 00c9 3A       		.uleb128 0x3a
 753 00ca 0B       		.uleb128 0xb
ARM GAS  C:\Users\elias\AppData\Local\Temp\ccAgoSfz.s 			page 27


 754 00cb 3B       		.uleb128 0x3b
 755 00cc 0B       		.uleb128 0xb
 756 00cd 00       		.byte	0
 757 00ce 00       		.byte	0
 758 00cf 00       		.byte	0
 759              		.section	.debug_loc,"",%progbits
 760              	.Ldebug_loc0:
 761              	.LLST0:
 762 0000 00000000 		.4byte	.LVL0
 763 0004 1C000000 		.4byte	.LVL4
 764 0008 0100     		.2byte	0x1
 765 000a 50       		.byte	0x50
 766 000b 1C000000 		.4byte	.LVL4
 767 000f 40000000 		.4byte	.LFE0
 768 0013 0400     		.2byte	0x4
 769 0015 F3       		.byte	0xf3
 770 0016 01       		.uleb128 0x1
 771 0017 50       		.byte	0x50
 772 0018 9F       		.byte	0x9f
 773 0019 00000000 		.4byte	0
 774 001d 00000000 		.4byte	0
 775              	.LLST1:
 776 0021 00000000 		.4byte	.LVL0
 777 0025 18000000 		.4byte	.LVL3
 778 0029 0100     		.2byte	0x1
 779 002b 51       		.byte	0x51
 780 002c 18000000 		.4byte	.LVL3
 781 0030 40000000 		.4byte	.LFE0
 782 0034 0400     		.2byte	0x4
 783 0036 F3       		.byte	0xf3
 784 0037 01       		.uleb128 0x1
 785 0038 51       		.byte	0x51
 786 0039 9F       		.byte	0x9f
 787 003a 00000000 		.4byte	0
 788 003e 00000000 		.4byte	0
 789              	.LLST2:
 790 0042 00000000 		.4byte	.LVL0
 791 0046 14000000 		.4byte	.LVL2
 792 004a 0100     		.2byte	0x1
 793 004c 52       		.byte	0x52
 794 004d 14000000 		.4byte	.LVL2
 795 0051 40000000 		.4byte	.LFE0
 796 0055 0400     		.2byte	0x4
 797 0057 F3       		.byte	0xf3
 798 0058 01       		.uleb128 0x1
 799 0059 52       		.byte	0x52
 800 005a 9F       		.byte	0x9f
 801 005b 00000000 		.4byte	0
 802 005f 00000000 		.4byte	0
 803              	.LLST3:
 804 0063 00000000 		.4byte	.LVL0
 805 0067 12000000 		.4byte	.LVL1
 806 006b 0100     		.2byte	0x1
 807 006d 53       		.byte	0x53
 808 006e 12000000 		.4byte	.LVL1
 809 0072 40000000 		.4byte	.LFE0
 810 0076 0400     		.2byte	0x4
ARM GAS  C:\Users\elias\AppData\Local\Temp\ccAgoSfz.s 			page 28


 811 0078 F3       		.byte	0xf3
 812 0079 01       		.uleb128 0x1
 813 007a 53       		.byte	0x53
 814 007b 9F       		.byte	0x9f
 815 007c 00000000 		.4byte	0
 816 0080 00000000 		.4byte	0
 817              		.section	.debug_aranges,"",%progbits
 818 0000 24000000 		.4byte	0x24
 819 0004 0200     		.2byte	0x2
 820 0006 00000000 		.4byte	.Ldebug_info0
 821 000a 04       		.byte	0x4
 822 000b 00       		.byte	0
 823 000c 0000     		.2byte	0
 824 000e 0000     		.2byte	0
 825 0010 00000000 		.4byte	.LFB0
 826 0014 40000000 		.4byte	.LFE0-.LFB0
 827 0018 00000000 		.4byte	.LFB1
 828 001c 0C000000 		.4byte	.LFE1-.LFB1
 829 0020 00000000 		.4byte	0
 830 0024 00000000 		.4byte	0
 831              		.section	.debug_ranges,"",%progbits
 832              	.Ldebug_ranges0:
 833 0000 00000000 		.4byte	.LFB0
 834 0004 40000000 		.4byte	.LFE0
 835 0008 00000000 		.4byte	.LFB1
 836 000c 0C000000 		.4byte	.LFE1
 837 0010 00000000 		.4byte	0
 838 0014 00000000 		.4byte	0
 839              		.section	.debug_line,"",%progbits
 840              	.Ldebug_line0:
 841 0000 90000000 		.section	.debug_str,"MS",%progbits,1
 841      02006200 
 841      00000201 
 841      FB0E0D00 
 841      01010101 
 842              	.LASF28:
 843 0000 444D415F 		.ascii	"DMA_DelSig_RAM_Single_DmaRelease\000"
 843      44656C53 
 843      69675F52 
 843      414D5F53 
 843      696E676C 
 844              	.LASF18:
 845 0021 55707065 		.ascii	"UpperSrcAddress\000"
 845      72537263 
 845      41646472 
 845      65737300 
 846              	.LASF22:
 847 0031 4379446D 		.ascii	"CyDmaChPriority\000"
 847      61436850 
 847      72696F72 
 847      69747900 
 848              	.LASF17:
 849 0041 52657165 		.ascii	"ReqestPerBurst\000"
 849      73745065 
 849      72427572 
 849      737400
 850              	.LASF6:
ARM GAS  C:\Users\elias\AppData\Local\Temp\ccAgoSfz.s 			page 29


 851 0050 73686F72 		.ascii	"short unsigned int\000"
 851      7420756E 
 851      7369676E 
 851      65642069 
 851      6E7400
 852              	.LASF14:
 853 0063 666C6F61 		.ascii	"float\000"
 853      7400
 854              	.LASF4:
 855 0069 756E7369 		.ascii	"unsigned char\000"
 855      676E6564 
 855      20636861 
 855      7200
 856              	.LASF16:
 857 0077 42757273 		.ascii	"BurstCount\000"
 857      74436F75 
 857      6E7400
 858              	.LASF24:
 859 0082 474E5520 		.ascii	"GNU C11 5.4.1 20160609 (release) [ARM/embedded-5-br"
 859      43313120 
 859      352E342E 
 859      31203230 
 859      31363036 
 860 00b5 616E6368 		.ascii	"anch revision 237715] -mcpu=cortex-m3 -mthumb -g -O"
 860      20726576 
 860      6973696F 
 860      6E203233 
 860      37373135 
 861 00e8 33202D66 		.ascii	"3 -ffunction-sections -ffat-lto-objects -finline-fu"
 861      66756E63 
 861      74696F6E 
 861      2D736563 
 861      74696F6E 
 862 011b 6E637469 		.ascii	"nctions -flto\000"
 862      6F6E7320 
 862      2D666C74 
 862      6F00
 863              	.LASF8:
 864 0129 6C6F6E67 		.ascii	"long unsigned int\000"
 864      20756E73 
 864      69676E65 
 864      6420696E 
 864      7400
 865              	.LASF26:
 866 013b 433A5C47 		.ascii	"C:\\Github\\Tesis\\src\\psoc\\AcondicionamientoAnal"
 866      69746875 
 866      625C5465 
 866      7369735C 
 866      7372635C 
 867 0169 6F676963 		.ascii	"ogico.cydsn\000"
 867      6F2E6379 
 867      64736E00 
 868              	.LASF12:
 869 0175 75696E74 		.ascii	"uint8\000"
 869      3800
 870              	.LASF15:
 871 017b 646F7562 		.ascii	"double\000"
ARM GAS  C:\Users\elias\AppData\Local\Temp\ccAgoSfz.s 			page 30


 871      6C6500
 872              	.LASF27:
 873 0182 444D415F 		.ascii	"DMA_DelSig_RAM_Single_DmaInitialize\000"
 873      44656C53 
 873      69675F52 
 873      414D5F53 
 873      696E676C 
 874              	.LASF13:
 875 01a6 75696E74 		.ascii	"uint16\000"
 875      313600
 876              	.LASF0:
 877 01ad 756E7369 		.ascii	"unsigned int\000"
 877      676E6564 
 877      20696E74 
 877      00
 878              	.LASF9:
 879 01ba 6C6F6E67 		.ascii	"long long unsigned int\000"
 879      206C6F6E 
 879      6720756E 
 879      7369676E 
 879      65642069 
 880              	.LASF19:
 881 01d1 55707065 		.ascii	"UpperDestAddress\000"
 881      72446573 
 881      74416464 
 881      72657373 
 881      00
 882              	.LASF10:
 883 01e2 73697A65 		.ascii	"sizetype\000"
 883      74797065 
 883      00
 884              	.LASF1:
 885 01eb 6C6F6E67 		.ascii	"long long int\000"
 885      206C6F6E 
 885      6720696E 
 885      7400
 886              	.LASF21:
 887 01f9 4379446D 		.ascii	"CyDmaChSetExtendedAddress\000"
 887      61436853 
 887      65744578 
 887      74656E64 
 887      65644164 
 888              	.LASF11:
 889 0213 63686172 		.ascii	"char\000"
 889      00
 890              	.LASF25:
 891 0218 47656E65 		.ascii	"Generated_Source\\PSoC5\\DMA_DelSig_RAM_Single_dma."
 891      72617465 
 891      645F536F 
 891      75726365 
 891      5C50536F 
 892 0249 6300     		.ascii	"c\000"
 893              	.LASF5:
 894 024b 73686F72 		.ascii	"short int\000"
 894      7420696E 
 894      7400
 895              	.LASF29:
ARM GAS  C:\Users\elias\AppData\Local\Temp\ccAgoSfz.s 			page 31


 896 0255 444D415F 		.ascii	"DMA_DelSig_RAM_Single_DmaHandle\000"
 896      44656C53 
 896      69675F52 
 896      414D5F53 
 896      696E676C 
 897              	.LASF7:
 898 0275 6C6F6E67 		.ascii	"long int\000"
 898      20696E74 
 898      00
 899              	.LASF2:
 900 027e 6C6F6E67 		.ascii	"long double\000"
 900      20646F75 
 900      626C6500 
 901              	.LASF3:
 902 028a 7369676E 		.ascii	"signed char\000"
 902      65642063 
 902      68617200 
 903              	.LASF23:
 904 0296 4379446D 		.ascii	"CyDmaChDisable\000"
 904      61436844 
 904      69736162 
 904      6C6500
 905              	.LASF20:
 906 02a5 4379446D 		.ascii	"CyDmaChSetConfiguration\000"
 906      61436853 
 906      6574436F 
 906      6E666967 
 906      75726174 
 907              		.comm	__gnu_lto_v1,1,1
 908              		.ident	"GCC: (GNU Tools for ARM Embedded Processors) 5.4.1 20160609 (release) [ARM/embedded-5-bran
