ARM GAS  C:\Users\elias\AppData\Local\Temp\ccXOZ18X.s 			page 1


   1              		.syntax unified
   2              		.cpu cortex-m3
   3              		.fpu softvfp
   4              		.eabi_attribute 20, 1
   5              		.eabi_attribute 21, 1
   6              		.eabi_attribute 23, 3
   7              		.eabi_attribute 24, 1
   8              		.eabi_attribute 25, 1
   9              		.eabi_attribute 26, 1
  10              		.eabi_attribute 30, 2
  11              		.eabi_attribute 34, 1
  12              		.eabi_attribute 18, 4
  13              		.thumb
  14              		.syntax unified
  15              		.file	"DMA_Filter_RAM_dma.c"
  16              		.text
  17              	.Ltext0:
  18              		.section	.gnu.lto_.profile.7c5f49,"",%progbits
  19 0000 789C6361 		.ascii	"x\234ca`d`a`\000\222\266\342\000\000\373\000_"
  19      60646061 
  19      600092B6 
  19      E20000FB 
  19      005F
  20              		.text
  21              		.section	.gnu.lto_.icf.7c5f49,"",%progbits
  22 0000 789C6361 		.ascii	"x\234ca`d\000\001\021\006\004`f\270\373\377\321e~\306"
  22      60640001 
  22      11060460 
  22      66B8FBFF 
  22      D1657EC6 
  23 0014 EE396D37 		.ascii	"\3569m7X\231n\256\3765\235\223\001\000g\355\011h"
  23      58996EAE 
  23      FE359D93 
  23      010067ED 
  23      0968
  24              		.text
  25              		.section	.gnu.lto_.jmpfuncs.7c5f49,"",%progbits
  26 0000 789C6361 		.ascii	"x\234ca`d\000\201V\006\004`b`a\004\002~\020\301\002"
  26      60640081 
  26      56060460 
  26      62606104 
  26      027E10C1 
  27 0015 E433FE65 		.ascii	"\3443\376eb<\372\377\373\001\376/L\255\314\014\214L"
  27      623CFAFF 
  27      FB01FE2F 
  27      4CADCC0C 
  27      8C4C
  28 0027 8CCB1965 		.ascii	"\214\313\031e\030\030\330@*+\231\300$3\220\344\001)"
  28      1818D840 
  28      2A2B99C0 
  28      243390E4 
  28      0129
  29 0039 DB72E478 		.ascii	"\333r\344x\033\007D\031#\343\012\2202\246J\260\221\225"
  29      1B074419 
  29      23E30A90 
  29      32A64AB0 
  29      9195
ARM GAS  C:\Users\elias\AppData\Local\Temp\ccXOZ18X.s 			page 2


  30 004b 206BA042 		.ascii	" k\240B \205\353\337\354\374\311\013Q\310\300\270\022"
  30      2085EBDF 
  30      ECFCC90B 
  30      51C8C0B8 
  30      12
  31 005c 2C0AA198 		.ascii	",\012\241\230\300\210\201\001\000w\234\027\311"
  31      C0888101 
  31      00779C17 
  31      C9
  32              		.text
  33              		.section	.gnu.lto_.inline.7c5f49,"",%progbits
  34 0000 789C6361 		.ascii	"x\234ca`d\000\001\177\006\004`b`\020\325gd`\3428`\307"
  34      60640001 
  34      7F060460 
  34      626010D5 
  34      676460E2 
  35 0017 C0B6409E 		.ascii	"\300\266@\236\011$\306\314\003\024\237\340\307\300\302"
  35      0924C6CC 
  35      03149FE0 
  35      C7C0C2
  36 0026 0B644FF0 		.ascii	"\013dO\360\003Av\001\006\0066\006\020\013\254\207\215"
  36      03417601 
  36      06063606 
  36      100BAC87 
  36      8D
  37 0037 0FA885E9 		.ascii	"\017\250\205\351\002?\\\013\0237\003\003#P\022\000\264"
  37      023F5C0B 
  37      13370303 
  37      23501200 
  37      B4
  38 0048 960A8E   		.ascii	"\226\012\216"
  39              		.text
  40              		.section	.gnu.lto_.pureconst.7c5f49,"",%progbits
  41 0000 789C6361 		.ascii	"x\234ca`d`e```b\220`\222\000\000\000\347\000?"
  41      60646065 
  41      60606062 
  41      90609200 
  41      0000E700 
  42              		.text
  43              		.section	.gnu.lto_DMA_Filter_RAM_DmaInitialize.7c5f49,"",%progbits
  44 0000 789C9592 		.ascii	"x\234\225\222QHSQ\030\307\317w\316\334]\3279\367\326"
  44      51485351 
  44      18C7CF77 
  44      CEDC5DD7 
  44      39F7D6
  45 0013 437BE86D 		.ascii	"C{\350m\011QA\004\321\233)E\017\202l\364\020\030C\334"
  45      09514104 
  45      D19B2945 
  45      0F826CF4 
  45      101843DC 
  46 0027 7D104AED 		.ascii	"}\020J\355n>\357\350\232%\364\220\240V\0176*D+mY\232"
  46      6E3EEFE8 
  46      9A25F490 
  46      A0560F36 
  46      2A442B6D 
  47 003d CDCA6619 		.ascii	"\315\312f\031\006Ib\031=\324C\3650B\006N\231\212\301"
  47      06496219 
ARM GAS  C:\Users\elias\AppData\Local\Temp\ccXOZ18X.s 			page 3


  47      3DD443F5 
  47      3042064E 
  47      998AC1
  48 0050 BA7DDFD9 		.ascii	"\272}\337\331\262@_\274p\271\347~\367\373\377\377\277"
  48      B2405FBC 
  48      70B9E77E 
  48      F7FBFFFF 
  48      BF
  49 0061 EFDC6363 		.ascii	"\357\334cc\300\350\032\026\2145\342s\017\336 \030\360"
  49      C0E81A16 
  49      8C35E273 
  49      0FDE2018 
  49      F0
  50 0072 ABEF196B 		.ascii	"\253\357\031ksp\000ZH\007\260\010\207\010\254\362<\207"
  50      7370005A 
  50      4807B008 
  50      8708ACF2 
  50      3C87
  51 0084 77EB6FAF 		.ascii	"w\353o\257\350\025\003R\266\313o\375+G\257\015\246 "
  51      E8150352 
  51      B6CB6FFD 
  51      2B47AF0D 
  51      A620
  52 0096 86728B33 		.ascii	"\206r\21338\354\201C\036\262\030\200\012\354\\\030\232"
  52      38EC8143 
  52      1EB21880 
  52      0AEC5C18 
  52      9A
  53 00a7 EB748983 		.ascii	"\353t\211\203\300p}\263{6'\274\375\244\222cg\245@\011"
  53      C0707DB3 
  53      7B3627BC 
  53      FDA49263 
  53      67A54009 
  54 00bb 0C82F8A7 		.ascii	"\014\202\370\247\"\017\270\013^\354]\372x{\2678\246"
  54      220FB80B 
  54      5EEC5DFA 
  54      787BB738 
  54      A6
  55 00cc 645DF199 		.ascii	"d]\361\231\305\222\242l\243(\273\267Ev_\311\336X\353"
  55      C592A26C 
  55      A328BBB7 
  55      45765FC9 
  55      DE58EB
  56 00df A9F21C8F 		.ascii	"\251\362\034\217\011\000\342\374\220\235\355+\245W\016"
  56      0900E2FC 
  56      909DED2B 
  56      A5570E
  57 00ee 6E7CCDDC 		.ascii	"n|\315\334\271\265\340\024\247\224k{~e\322Ut\375\334"
  57      B9B5E014 
  57      A7946B7B 
  57      7E65D255 
  57      74FDDC
  58 0101 E194B531 		.ascii	"\341\224\2651!\340A\301v\030<0\004d\214Q\011e<\361+"
  58      21E041C1 
  58      76183C30 
  58      04648C51 
  58      09653CF1 
ARM GAS  C:\Users\elias\AppData\Local\Temp\ccXOZ18X.s 			page 4


  59 0116 BDE41267 		.ascii	"\275\344\022g\224\264\373u\322\372\0134~\251(}\270\215"
  59      94B4FB75 
  59      D2FA0B34 
  59      7EA9287D 
  59      B88D
  60 0128 7404BCD4 		.ascii	"t\004\274\324\377c\344wO\231\375\242\304k/\355\021\322"
  60      FF63E477 
  60      4F99FDA2 
  60      C46B2FED 
  60      11D2
  61 013a 3E023BED 		.ascii	">\002;\355z\302\227\222\226\025\225\251\036m\352\253"
  61      7AC29792 
  61      961595A9 
  61      1E6DEAAB 
  62 014a 5686D438 		.ascii	"V\206\3248\275\015h\030;Z\3304\240x\007\220\223N\005"
  62      BD0D6818 
  62      3B5AD834 
  62      A0780790 
  62      934E05
  63 015d A71A9665 		.ascii	"\247\032\226e\321\204\376\3122\347\364\024ih\317e\323"
  63      D184FECA 
  63      32E7F414 
  63      6968CF65 
  63      D3
  64 016e DF35F2C5 		.ascii	"\3375\362\305\300\336\330\2539\215\306.Q\274\311d\346"
  64      C0DED8AB 
  64      398DC62E 
  64      51BCC964 
  64      E6
  65 017f 8B16C9CB 		.ascii	"\213\026\311\313\313R\272\261\326I\016X^\234\3754\255"
  65      CB52BAB1 
  65      D6490E58 
  65      5E9CFD34 
  65      AD
  66 0190 C7A1AF4D 		.ascii	"\307\241\257M\252:\203Q\374\275\217\221\235\301\030"
  66      AA3A8351 
  66      FCBD8F91 
  66      9DC118
  67 019f C4013B46 		.ascii	"\304\001;F\247g:\034\344\203H\360\004\277\374\204\033"
  67      A7673A1C 
  67      E48348F0 
  67      04BFFC84 
  67      1B
  68 01b0 F2FADA3E 		.ascii	"\362\372\332>\212\331jl\2678\316\004\343\020a\324\034"
  68      8AD96A6C 
  68      B738CE04 
  68      E31061D4 
  68      1C
  69 01c1 15228A42 		.ascii	"\025\"\212B\\ag\"\223\334(+81x\212{\204wLh\014\301{"
  69      5C616722 
  69      93DC282B 
  69      3831788A 
  69      7B84774C 
  70 01d9 BB724086 		.ascii	"\273r@\206Qa\337\001kr\223u\002Y\021\314\276=\224\303"
  70      5161DF01 
  70      6B729375 
  70      025911CC 
ARM GAS  C:\Users\elias\AppData\Local\Temp\ccXOZ18X.s 			page 5


  70      BE3D94C3 
  71 01ed C22D62F0 		.ascii	"\302-b\360\014\2410 *\264\250p\304\304.\025<\277Z\014"
  71      0CA13020 
  71      2AB4A870 
  71      C4C42E15 
  71      3CBF5A0C 
  72 0201 D67710FC 		.ascii	"\326w\020\374|3\370E!\270d\373`\335\342t,'U\260\376"
  72      7C33F845 
  72      21B864FB 
  72      60DDE274 
  72      2C2755B0 
  73 0216 FFD1B401 		.ascii	"\377\321\264\001\207\2274~\251\242X^\233\022\005\014"
  73      8797347E 
  73      A9A2585E 
  73      9B12050C 
  74 0226 E70E3052 		.ascii	"\347\0160R\233\030S\204\261\210\236\005\017\246\216"
  74      9B185384 
  74      B1889E05 
  74      0FA68E
  75 0235 07D0B1C0 		.ascii	"\007\320\261\300\301\367\2374\232\014\263>l\004\003"
  75      C1F79F34 
  75      9A0CB33E 
  75      6C0403
  76 0244 FEE656B3 		.ascii	"\376\346V\263\301\250\253\3657W\035\251\253\256\251"
  76      C1A8ABF5 
  76      37571DA9 
  76      ABAEA9
  77 0253 0C9C683C 		.ascii	"\014\234h<\0276\314\200\257\262&\020<_\177\240\201\351"
  77      1736CC80 
  77      AFB22610 
  77      3C5F7FA0 
  77      81E9
  78 0265 C75BCD50 		.ascii	"\307[\315P\270\252\271\265)\354\362\031\027\214P\270"
  78      B8AAB9B5 
  78      29ECF219 
  78      178C50B8 
  79 0275 D63055AD 		.ascii	"\3260U\255\374tK\213a\372\315\206\312`\3204B!\267z\257"
  79      FC744B8B 
  79      61FACD86 
  79      CA60D034 
  79      4221B77A 
  80 028a C68E62E1 		.ascii	"\306\216b\341\017X _\340"
  80      0F58205F 
  80      E0
  81              		.text
  82              		.section	.gnu.lto_DMA_Filter_RAM_DmaRelease.7c5f49,"",%progbits
  83 0000 789C654E 		.ascii	"x\234eN=K\003A\024|\263{&\341@\260\327\3026 \001\013"
  83      3D4B0341 
  83      147CB37B 
  83      26E140B0 
  83      D7C23620 
  84 0016 7F405014 		.ascii	"\177@P\024\204\200\\\332\300\021\222+\0045p\304\372"
  84      84805CDA 
  84      C011922B 
  84      043570C4 
  84      FA
  85 0027 36898BDA 		.ascii	"6\211\213\332\331\230N\322\231\370\001\"6^w\006K?*+"
ARM GAS  C:\Users\elias\AppData\Local\Temp\ccXOZ18X.s 			page 6


  85      D9984ED2 
  85      99F80122 
  85      365E7706 
  85      4B3F2A2B 
  86 003b 1BB10812 		.ascii	"\033\261\010\022,\022\3202\236o\317\322\201\345-\363"
  86      2C12D032 
  86      9E6FCFD2 
  86      81E52DF3 
  87 004b E6CD8C45 		.ascii	"\346\315\214E \203\024\217\034\317Y~\220\004q\364D\324"
  87      2083148F 
  87      1CCF597E 
  87      900471F4 
  87      44D4
  88 005d C808C07C 		.ascii	"\310\010\300|T\006\024\010\004\370\026\023\201\376\376"
  88      54061408 
  88      04F81613 
  88      81FEFE
  89 006c 2014D9AE 		.ascii	" \024\331\256b\274\351\323E\325\213\240%Q,\022'B\027"
  89      62BCE9D3 
  89      45D58BA0 
  89      25512C12 
  89      274217
  90 007f 5962D9FB 		.ascii	"Yb\331\373\365\317\361tj\317\310\346\377\226\350\301"
  90      F5CFF174 
  90      6ACFC8E6 
  90      FF96E8C1 
  91 008f E4D09513 		.ascii	"\344\320\225\023\2518n\251\350\306\276\273\265-AZ2="
  91      A9386EA9 
  91      E8C6BEBB 
  91      B52D415A 
  91      323D
  92 00a1 6289091B 		.ascii	"b\211\011\033\013a\246\034\240\331\036?:\346\250%Mn"
  92      0B61A61C 
  92      A0D91E3F 
  92      3AE6A825 
  92      4D6E
  93 00b3 5BF79FD3 		.ascii	"[\367\237\323_BK\001\343\037\206\237\257\351`\242\016"
  93      5F424B01 
  93      E31F869F 
  93      AFE960A2 
  93      0E
  94 00c4 949A61EE 		.ascii	"\224\232a\356\220+\030z\370\360rowp\322P\011/q\316\275"
  94      902B187A 
  94      F8F0726F 
  94      7770D250 
  94      092F71CE 
  95 00d9 CF30C7F1 		.ascii	"\3170\307\361\027\350\200>`\031\313\377\016V\314\276"
  95      17E8803E 
  95      6019CBFF 
  95      0E56CCBE 
  96 00e9 844B04C4 		.ascii	"\204K\004\304yZN\321\020\315(\\O\324\006#\336s1\256"
  96      795A4ED1 
  96      10CD285C 
  96      4FD40623 
  96      DE7331AE 
  97 00fd B9B0E6ED 		.ascii	"\271\260\346\355x~\271\356U\335bm\327\257x\245\215b"
  97      787EB9EE 
ARM GAS  C:\Users\elias\AppData\Local\Temp\ccXOZ18X.s 			page 7


  97      55DD626D 
  97      D7AF78A5 
  97      8D62
  98 010f 6D79A9B4 		.ascii	"my\251\264R\310\273\253\233[u\317w\235|\301\255n\227"
  98      52C8BBAB 
  98      9B5B75CF 
  98      779D7CC1 
  98      AD6E97
  99 0122 7315FA05 		.ascii	"s\025\372\005\214\347kw"
  99      8CE76B77 
 100              		.text
 101              		.section	.gnu.lto_.symbol_nodes.7c5f49,"",%progbits
 102 0000 789C558C 		.ascii	"x\234U\214\261\015\2000\014\004\317q\222\001\230\000"
 102      B10D8030 
 102      0C04CF71 
 102      92019800 
 103 0010 26759028 		.ascii	"&u\220()\230\207:53\300\"\010'\025\371\346t\377\322"
 103      2998873A 
 103      3533C022 
 103      082715F9 
 103      E674FFD2 
 104 0024 47841D4F 		.ascii	"G\204\035O\020\203\343\002\307Y\026H\260Nm\010&\303"
 104      1083E302 
 104      C7591648 
 104      B04E6D08 
 104      26C3
 105 0036 20C9422F 		.ascii	" \311B/\240\224\331=\232\016\256\026\007\317\226\376"
 105      A094D93D 
 105      9A0EAE16 
 105      07CF96FE 
 106 0046 AE7E5DEF 		.ascii	"\256~]\357W\224\310\3664*\2651\344\336\363\001\314\364"
 106      5794C8F6 
 106      342AB531 
 106      E4DEF301 
 106      CCF4
 107 0058 1F26     		.ascii	"\037&"
 108              		.text
 109              		.section	.gnu.lto_.refs.7c5f49,"",%progbits
 110 0000 789C0DC7 		.ascii	"x\234\015\307I\021\000 \000\000!\326c,`\377\254\312"
 110      49110020 
 110      000021D6 
 110      632C60FF 
 110      ACCA
 111 0012 8F25174B 		.ascii	"\217%\027K\245\251\255\323\370\365\000\003\311\0008"
 111      A5A9ADD3 
 111      F8F50003 
 111      C90038
 112              		.text
 113              		.section	.gnu.lto_.decls.7c5f49,"",%progbits
 114 0000 789C8D54 		.ascii	"x\234\215TkL\024W\024\23633]\326\345e\210i1\331\244"
 114      6B4C1457 
 114      149E3333 
 114      5DD6E565 
 114      886931D9 
 115 0015 D444E147 		.ascii	"\324D\341GCK\2326\375\325\206\254U\373\303\306JK\322"
 115      434B9A36 
 115      FDD586AC 
ARM GAS  C:\Users\elias\AppData\Local\Temp\ccXOZ18X.s 			page 8


 115      55FBC3C6 
 115      4A4BD2
 116 0028 C484ACEC 		.ascii	"\304\204\254\354\264n\202K\303.I\351\257\251bUlSI\010"
 116      B46E824B 
 116      C32E49E9 
 116      AFA96255 
 116      6C534908 
 117 003c 2D542B62 		.ascii	"-T+b\252 ./_\200\257\245U`A\344\341\003\026P\220\005"
 117      AA202E2F 
 117      5F80AFA5 
 117      556041E4 
 117      E1031650 
 118 0052 2D295879 		.ascii	"-)Xy\330\026\221\322s\037\263\263\253\335\2667{v\356"
 118      D81691D2 
 118      731FB3B3 
 118      ABDDB637 
 118      7B76EE
 119 0065 3DF73BE7 		.ascii	"=\367;\347;\337\271wF\026@ c\"B\020Rp:\211\363%\034"
 119      3BDFB977 
 119      46164020 
 119      63224210 
 119      52703A89 
 120 007c 123ED3D1 		.ascii	"\022>\323\321\310\256Y`\303\200v\001\315\203\326\216"
 120      C8AE5960 
 120      C3807601 
 120      CD83D68E 
 121 008c D68DE643 		.ascii	"\326\215\346C\273\315q#B\350 \330(\264\263hqh+\320j"
 121      BBCD7123 
 121      42E820D8 
 121      28B4B368 
 121      71682BD0 
 122 00a1 78BEBB68 		.ascii	"x\276\273h\243h\375h~\264.\26414/\217\225y\274\217\363"
 122      A368FD68 
 122      7EB42EB4 
 122      31342F8F 
 122      9579BC8F 
 123 00b6 B487E1F0 		.ascii	"\264\207\341\360\360\272\322\203\362\022\276q\264!\216"
 123      F0BAD283 
 123      F212BE71 
 123      B4218E
 124 00c5 11392E5C 		.ascii	"\0219.\\\235\213\",\035:\365\215q\020| \011\274!\002"
 124      9D8B222C 
 124      1D3AF58D 
 124      71107C20 
 124      09BC2102 
 125 00d9 00FB076A 		.ascii	"\000\373\007j\0023\272\304\211(\260\211\346\012\014"
 125      0233BAC4 
 125      8928B089 
 125      E60A0C
 126 00e8 8143446D 		.ascii	"\201CDm\252'\243?\036\017K\332\240I\364\354\300\203"
 126      AA27A33F 
 126      1E0F4BDA 
 126      A049F4EC 
 126      C083
 127 00fa D89A070B 		.ascii	"\330\232\007\013<\010D\235\000\330R\213\010\312\367"
 127      3C08449D 
 127      00D8528B 
ARM GAS  C:\Users\elias\AppData\Local\Temp\ccXOZ18X.s 			page 9


 127      08CAF7
 128 0109 54455ACD 		.ascii	"TEZ\315\032\015m\007\025=\377\245\332g\220D \363\341"
 128      1A0D6D07 
 128      153DFFA5 
 128      DA679044 
 128      20F3E1
 129 011c F98A75C9 		.ascii	"\371\212u\311'T\034\373UU|[\357\314\217\217\027\036"
 129      27541CFB 
 129      55557C5B 
 129      EFCC8F8F 
 129      171E
 130 012e 4A7322AC 		.ascii	"Js\"\2541a\315\022:j&\033\347\243\231\203\354W\034n"
 130      3161CD12 
 130      3A6A261B 
 130      E7A39983 
 130      EC571C6E 
 131 0142 39699292 		.ascii	"9i\222\222\350\374\312\322\037\236X\334\2123\201\210"
 131      E8FCCAD2 
 131      1F9E58DC 
 131      8A338188 
 132 0152 CBDE8757 		.ascii	"\313\336\207W\017F\342r\205\011\226/\212\342\201\242"
 132      0F46E272 
 132      8509962F 
 132      8AE281A2 
 133 0162 66B7014C 		.ascii	"f\267\001LI{Tu\207\252\356TM\0251\002T\203\031\334`"
 133      497B5475 
 133      87AAEE54 
 133      4D153102 
 133      548319DC 
 134 0177 16A01692 		.ascii	"\026\240\026\222H\312JH\026\240\012\235\307\321y\224"
 134      48CA4A48 
 134      16A00A9D 
 134      C7D17994 
 135 0187 D4337269 		.ascii	"\3243ri\342\255FU]\0165`\202\023 Q\010\212Ycb\005\026"
 135      E2AD4655 
 135      5D0E3560 
 135      82132051 
 135      088A5963 
 136 019e 5F9F9B07 		.ascii	"_\237\233\007\031EQ\300V\231\370\312\177\233-4\006|"
 136      194551C0 
 136      5699F8CA 
 136      7F9B2D34 
 136      067C
 137 01b0 75409D35 		.ascii	"u@\2355\273\306*\215X\216\031\225@\220\0203\023RR\350"
 137      BBC62A8D 
 137      588E1995 
 137      40901033 
 137      135252E8 
 138 01c4 FF2B527A 		.ascii	"\377+Rz\237\314\305\353\376\252\011\031\222L\264\000"
 138      9FCCC5EB 
 138      FEAA0919 
 138      924CB400 
 139 01d4 4FFD8BAA 		.ascii	"O\375\213\252\010g1\321i\235\335L\330\251\222\207\345"
 139      086731D1 
 139      699DDD4C 
 139      D8A99287 
 139      E5
ARM GAS  C:\Users\elias\AppData\Local\Temp\ccXOZ18X.s 			page 10


 140 01e5 AA215E80 		.ascii	"\252!^\200\327\314\360*\3128\2032\314\\\306)\224q\022"
 140      D7CCF02A 
 140      CA388332 
 140      CC5CC629 
 140      947112
 141 01f8 656072BF 		.ascii	"e`r\277\257p6\222\026D\362\324\263\202\372\246\353\213"
 141      AF703692 
 141      1644F2D4 
 141      B382FAA6 
 141      EB8B
 142 020a 6303CE06 		.ascii	"c\003\316\006\346\354\311\257= \261\036\312\270\234"
 142      E6ECC9AF 
 142      3D20B11E 
 142      CAB89C
 143 0219 EE2CF5C7 		.ascii	"\356,\365\307\260\036&\020a_\3742\265,\276\230\236\323"
 143      B01E2610 
 143      615FFC32 
 143      B52CBE98 
 143      9ED3
 144 022b 4E3541A6 		.ascii	"N5A\246\221\347\220\247\011y\0048\017\361\370\337\010"
 144      91E790A7 
 144      09790438 
 144      0FF1F8DF 
 144      08
 145 023c 326B4DF5 		.ascii	"2kM\365\203\246\"yU\231ZV\253\216\014\267\330\246\353"
 145      83A62279 
 145      55995A56 
 145      AB8E0CB7 
 145      D8A6EB
 146 024f 55752F46 		.ascii	"Uu/F\312\004\007\025\272\230\012r\355\0058\006\203x"
 146      CA040715 
 146      BA980A72 
 146      ED053806 
 146      8378
 147 0261 452EC02A 		.ascii	"E.\300*\022z\372\367~Y\312\007\332\232E\357\367\245"
 147      127AFAF7 
 147      7E59CA07 
 147      DA9A45EF 
 147      F7A5
 148 0273 62306BFA 		.ascii	"b0k\372\363A\244\227(\351V\316\331\370x\2567\212qz\352"
 148      F341A497 
 148      28E956CE 
 148      D9F878AE 
 148      378A717A 
 149 0288 0AA412D5 		.ascii	"\012\244\022\325\223\217a\"A\301E\235\362b0\245\207"
 149      938F6122 
 149      41C1459D 
 149      F26230A5 
 149      87
 150 0299 52B6951C 		.ascii	"R\266\225\034?)K?0\312\361o\017\375j\010\364\206\235"
 150      3F294B3F 
 150      30CAF16F 
 150      0FFD6A08 
 150      F4869D
 151 02ac EA9FE70F 		.ascii	"\352\237\347\017\016\210\001\337O\254_\267\333*\253"
 151      0E8801DF 
 151      4FAC5FB7 
ARM GAS  C:\Users\elias\AppData\Local\Temp\ccXOZ18X.s 			page 11


 151      DB2AAB
 152 02bb 48BF124D 		.ascii	"H\277\022M\364\235\212\015:\330Dv\2607\317\354\232\214"
 152      F49D8A0D 
 152      3AD84476 
 152      B037CFEC 
 152      9A8C
 153 02cd 94AA695E 		.ascii	"\224\252i^\321}\370\253\232\300%D1qmx\0115-\320\206"
 153      D17DF8AB 
 153      9AC02544 
 153      31716D78 
 153      09352DD0 
 154 02e2 A797C84F 		.ascii	"\247\227\310O\357\012:/\353\227p\352\203\272\335DG+"
 154      EF0A3A2F 
 154      EB9770EA 
 154      83BADD44 
 154      472B
 155 02f4 52B7E83A 		.ascii	"R\267\350:\022\371-\234\274qG5\006\267\2505\344`\274"
 155      12F92D9C 
 155      BC714735 
 155      06B7A835 
 155      E460BC
 156 0307 B4473F6B 		.ascii	"\264G?k\007\3230\360u\261\210M\032\301\314\303\373\222"
 156      07D330F0 
 156      75B1884D 
 156      1AC1CCC3 
 156      FB92
 157 0319 4BEBD5FC 		.ascii	"K\353\325\374e\004\003\315z\346f\332!\234\264\323\356"
 157      650403CD 
 157      7AE666DA 
 157      219CB4D3 
 157      EE
 158 032a DC1B7FE4 		.ascii	"\334\033\177\344\213\220\372Yw\376\373\316_e\335\011"
 158      8B90FA59 
 158      77FEFBCE 
 158      5F65DD09 
 159 033a BD779DCC 		.ascii	"\275w\235\314\331\321:\344\226\302\327\332Ek\275\246"
 159      D9D13AE4 
 159      96C2D7DA 
 159      456BBDA6 
 160 034a D5BAA3AF 		.ascii	"\325\272\243\257\241If\265z\232\024\254\023\367\241"
 160      A14966B5 
 160      7A9A14AC 
 160      13F7A1
 161 0359 43AFB343 		.ascii	"C\257\263C\253\263\233\326Yy\177b*Z\232\371\277\247"
 161      ABB39BD6 
 161      59797F62 
 161      2A5A9AF9 
 161      BFA7
 162 036b D8CB4ADA 		.ascii	"\330\313J\332\273s\266\314\024p^g\316\266\201\023\013"
 162      BB73B6CC 
 162      14705E67 
 162      CEB68113 
 162      0B
 163 037c 3AF20673 		.ascii	":\362\006sv\272\2136\006|7\231o\250m\3579=\372\026\177"
 163      76BA8B36 
 163      067C3799 
 163      6FA86DEF 
ARM GAS  C:\Users\elias\AppData\Local\Temp\ccXOZ18X.s 			page 12


 163      393DFA16 
 164 0391 DD8F9536 		.ascii	"\335\217\2256\374\213\312~\252\262OSyd\377w\373c\271"
 164      FC8BCA7E 
 164      AAB24F53 
 164      7964FF77 
 164      FB63B9
 165 03a4 CA5B4425 		.ascii	"\312[D%\356C\217\256\262GS\351\243*[\353\272\247\"\245"
 165      EE438FAE 
 165      B24753E9 
 165      A32A5BEB 
 165      BAA722A5 
 166 03b8 0231ACCA 		.ascii	"\0021\254\312\205k\265\325bx\366!\312>\250\261\317x"
 166      856BB5D5 
 166      6278F621 
 166      CA3EA8B1 
 166      CF78
 167 03ca 67EF4770 		.ascii	"g\357Gp\366S\204\035\367a@g\037\320\330oS\366\341}\243"
 167      F653841D 
 167      F7614067 
 167      1FD0D86F 
 167      53F6E17D 
 168 03df 470D73EC 		.ascii	"G\015s\354\233D?e\263\356\212\007\222T\302\312\331\375"
 168      9B443F65 
 168      B3EE8A07 
 168      9254C2CA 
 168      D9FD
 169 03f1 C43F6358 		.ascii	"\304?cX}D-+'o\375\272\351jU\225(t\230%\344\237*\201"
 169      7D442D2B 
 169      276FFDBA 
 169      E96A5595 
 169      28749825 
 170 0409 AEEF906B 		.ascii	"\256\357\220k?\002\2531n\337\215'\251Q\005\372{\361"
 170      3F02AB31 
 170      6EDF8D27 
 170      A95105FA 
 170      7BF1
 171 041b D4B7E52E 		.ascii	"\324\267\345.D\321\022\360\211\340=\345\203\235\321"
 171      44D112F0 
 171      89E03DE5 
 171      839DD1
 172 042a 2168D230 		.ascii	"!h\3220\035=\312\321\243\024}\371Q\377EC\010\272+\004"
 172      1D3DCAD1 
 172      A3147DF9 
 172      51FF4543 
 172      08BA2B04 
 173 043e EDE7683F 		.ascii	"\355\347h?E\317\347\027L\204\242\275!\3501\216\036\243"
 173      45CFE717 
 173      4C84A2BD 
 173      21E8318E 
 173      1EA3
 174 0450 E87BDEDE 		.ascii	"\350{\336\336Ec\010z(\004=\316\321\344i^\27315c\235"
 174      4563087A 
 174      28043DCE 
 174      D1E4695E 
 174      BB313563 
 175 0465 3DCBA5E4 		.ascii	"=\313\245\344dlN\335\230\261v\273\365]\207\335e\267"
 175      646C4EDD 
ARM GAS  C:\Users\elias\AppData\Local\Temp\ccXOZ18X.s 			page 13


 175      98B176BB 
 175      F55D87DD 
 175      65B7
 176 0477 66D93F57 		.ascii	"f\331?W\214\353\337\3730\301\222\222\"\030r\355\016"
 176      8CEBDFFB 
 176      30C19292 
 176      221872ED 
 176      0E
 177 0488 57CA1B2F 		.ascii	"W\312\033/\255W\034J\216\325\245\3302\322\262ss2\225"
 177      AD571C4A 
 177      8ED5A5D8 
 177      32D2B273 
 177      733295
 178 049b 2D9BD2B2 		.ascii	"-\233\322\262-\257\277\222\231\347\312\373Tq&o\023\236"
 178      2DAFBF92 
 178      99E7CAFB 
 178      5471266F 
 178      139E
 179 04ad 23C0375F 		.ascii	"#\3007_\376g\334\226\247\270l\333\255\311\231\302\312"
 179      FE67DC96 
 179      A7B86CDB 
 179      ADC999C2 
 179      CA
 180 04be 672BD8AC 		.ascii	"g+\330\254d)V\247\022k\311\303\205e\333\246\034{v\216"
 180      642956A7 
 180      126BC9C3 
 180      8565DBA6 
 180      1C7B768E 
 181 04d2 DD9567CC 		.ascii	"\335\225g\314\314s\272\254\256\\gB\230:,\037a.K\362"
 181      CC73BAAC 
 181      AE5C6742 
 181      983A2C1F 
 181      612E4BF2 
 182 04e6 0661258F 		.ascii	"\006a%\217LS\\\357|\346R\0346\305\226j\263\345(N\347"
 182      4C535CEF 
 182      7CE6521C 
 182      36C5966A 
 182      B3E5284E 
 183 04fb 0BFA8E25 		.ascii	"\013\372\216%\333\361\261\375\223\\\314c\317v\304p\377"
 183      DBF1B1FD 
 183      935CCC63 
 183      CF76C470 
 183      FF
 184 050c 5ABBD3BA 		.ascii	"Z\273\323\2725K\211\177\266\250\015V\207-K\371\033\017"
 184      354B897F 
 184      B6A80D56 
 184      872D4BF9 
 184      1B0F
 185 051e 3BBCA2   		.ascii	";\274\242"
 186              		.text
 187              		.section	.gnu.lto_.symtab.7c5f49,"",%progbits
 188 0000 444D415F 		.ascii	"DMA_Filter_RAM_DmaInitialize\000"
 188      46696C74 
 188      65725F52 
 188      414D5F44 
 188      6D61496E 
 189 001d 00       		.ascii	"\000"
ARM GAS  C:\Users\elias\AppData\Local\Temp\ccXOZ18X.s 			page 14


 190 001e 00       		.ascii	"\000"
 191 001f 00       		.ascii	"\000"
 192 0020 00000000 		.ascii	"\000\000\000\000\000\000\000\000"
 192      00000000 
 193 0028 BD000000 		.ascii	"\275\000\000\000"
 194 002c 444D415F 		.ascii	"DMA_Filter_RAM_DmaHandle\000"
 194      46696C74 
 194      65725F52 
 194      414D5F44 
 194      6D614861 
 195 0045 00       		.ascii	"\000"
 196 0046 00       		.ascii	"\000"
 197 0047 00       		.ascii	"\000"
 198 0048 00000000 		.ascii	"\000\000\000\000\000\000\000\000"
 198      00000000 
 199 0050 E0000000 		.ascii	"\340\000\000\000"
 200 0054 444D415F 		.ascii	"DMA_Filter_RAM_DmaRelease\000"
 200      46696C74 
 200      65725F52 
 200      414D5F44 
 200      6D615265 
 201 006e 00       		.ascii	"\000"
 202 006f 00       		.ascii	"\000"
 203 0070 00       		.ascii	"\000"
 204 0071 00000000 		.ascii	"\000\000\000\000\000\000\000\000"
 204      00000000 
 205 0079 C0000000 		.ascii	"\300\000\000\000"
 206 007d 4379446D 		.ascii	"CyDmaChPriority\000"
 206      61436850 
 206      72696F72 
 206      69747900 
 207 008d 00       		.ascii	"\000"
 208 008e 02       		.ascii	"\002"
 209 008f 00       		.ascii	"\000"
 210 0090 00000000 		.ascii	"\000\000\000\000\000\000\000\000"
 210      00000000 
 211 0098 CA000000 		.ascii	"\312\000\000\000"
 212 009c 4379446D 		.ascii	"CyDmaChSetExtendedAddress\000"
 212      61436853 
 212      65744578 
 212      74656E64 
 212      65644164 
 213 00b6 00       		.ascii	"\000"
 214 00b7 02       		.ascii	"\002"
 215 00b8 00       		.ascii	"\000"
 216 00b9 00000000 		.ascii	"\000\000\000\000\000\000\000\000"
 216      00000000 
 217 00c1 D0000000 		.ascii	"\320\000\000\000"
 218 00c5 4379446D 		.ascii	"CyDmaChSetConfiguration\000"
 218      61436853 
 218      6574436F 
 218      6E666967 
 218      75726174 
 219 00dd 00       		.ascii	"\000"
 220 00de 02       		.ascii	"\002"
 221 00df 00       		.ascii	"\000"
 222 00e0 00000000 		.ascii	"\000\000\000\000\000\000\000\000"
ARM GAS  C:\Users\elias\AppData\Local\Temp\ccXOZ18X.s 			page 15


 222      00000000 
 223 00e8 D9000000 		.ascii	"\331\000\000\000"
 224 00ec 4379446D 		.ascii	"CyDmaChDisable\000"
 224      61436844 
 224      69736162 
 224      6C6500
 225 00fb 00       		.ascii	"\000"
 226 00fc 02       		.ascii	"\002"
 227 00fd 00       		.ascii	"\000"
 228 00fe 00000000 		.ascii	"\000\000\000\000\000\000\000\000"
 228      00000000 
 229 0106 DD000000 		.ascii	"\335\000\000\000"
 230              		.text
 231              		.section	.gnu.lto_.opts,"",%progbits
 232 0000 272D666D 		.ascii	"'-fmath-errno' '-fsigned-zeros' '-ftrapping-math' '"
 232      6174682D 
 232      6572726E 
 232      6F272027 
 232      2D667369 
 233 0033 2D666E6F 		.ascii	"-fno-trapv' '-fno-openmp' '-fno-openacc' '-mcpu=cor"
 233      2D747261 
 233      70762720 
 233      272D666E 
 233      6F2D6F70 
 234 0066 7465782D 		.ascii	"tex-m3' '-mthumb' '-g' '-O3' '-ffunction-sections' "
 234      6D332720 
 234      272D6D74 
 234      68756D62 
 234      2720272D 
 235 0099 272D6666 		.ascii	"'-ffat-lto-objects' '-finline-functions' '-flto'\000"
 235      61742D6C 
 235      746F2D6F 
 235      626A6563 
 235      74732720 
 236              		.text
 237              		.cfi_sections	.debug_frame
 238              		.section	.text.DMA_Filter_RAM_DmaInitialize,"ax",%progbits
 239              		.align	2
 240              		.global	DMA_Filter_RAM_DmaInitialize
 241              		.thumb
 242              		.thumb_func
 243              		.type	DMA_Filter_RAM_DmaInitialize, %function
 244              	DMA_Filter_RAM_DmaInitialize:
 245              	.LFB0:
 246              		.file 1 "Generated_Source\\PSoC5\\DMA_Filter_RAM_dma.c"
   1:Generated_Source\PSoC5/DMA_Filter_RAM_dma.c **** /***************************************************************************
   2:Generated_Source\PSoC5/DMA_Filter_RAM_dma.c **** * File Name: DMA_Filter_RAM_dma.c  
   3:Generated_Source\PSoC5/DMA_Filter_RAM_dma.c **** * Version 1.70
   4:Generated_Source\PSoC5/DMA_Filter_RAM_dma.c **** *
   5:Generated_Source\PSoC5/DMA_Filter_RAM_dma.c **** *  Description:
   6:Generated_Source\PSoC5/DMA_Filter_RAM_dma.c **** *   Provides an API for the DMAC component. The API includes functions
   7:Generated_Source\PSoC5/DMA_Filter_RAM_dma.c **** *   for the DMA controller, DMA channels and Transfer Descriptors.
   8:Generated_Source\PSoC5/DMA_Filter_RAM_dma.c **** *
   9:Generated_Source\PSoC5/DMA_Filter_RAM_dma.c **** *
  10:Generated_Source\PSoC5/DMA_Filter_RAM_dma.c **** *   Note:
  11:Generated_Source\PSoC5/DMA_Filter_RAM_dma.c **** *     This module requires the developer to finish or fill in the auto
  12:Generated_Source\PSoC5/DMA_Filter_RAM_dma.c **** *     generated funcions and setup the dma channel and TD's.
ARM GAS  C:\Users\elias\AppData\Local\Temp\ccXOZ18X.s 			page 16


  13:Generated_Source\PSoC5/DMA_Filter_RAM_dma.c **** *
  14:Generated_Source\PSoC5/DMA_Filter_RAM_dma.c **** ********************************************************************************
  15:Generated_Source\PSoC5/DMA_Filter_RAM_dma.c **** * Copyright 2008-2010, Cypress Semiconductor Corporation.  All rights reserved.
  16:Generated_Source\PSoC5/DMA_Filter_RAM_dma.c **** * You may use this file only in accordance with the license, terms, conditions, 
  17:Generated_Source\PSoC5/DMA_Filter_RAM_dma.c **** * disclaimers, and limitations in the end user license agreement accompanying 
  18:Generated_Source\PSoC5/DMA_Filter_RAM_dma.c **** * the software package with which this file was provided.
  19:Generated_Source\PSoC5/DMA_Filter_RAM_dma.c **** ********************************************************************************/
  20:Generated_Source\PSoC5/DMA_Filter_RAM_dma.c **** #include <CYLIB.H>
  21:Generated_Source\PSoC5/DMA_Filter_RAM_dma.c **** #include <CYDMAC.H>
  22:Generated_Source\PSoC5/DMA_Filter_RAM_dma.c **** #include <DMA_Filter_RAM_dma.H>
  23:Generated_Source\PSoC5/DMA_Filter_RAM_dma.c **** 
  24:Generated_Source\PSoC5/DMA_Filter_RAM_dma.c **** 
  25:Generated_Source\PSoC5/DMA_Filter_RAM_dma.c **** 
  26:Generated_Source\PSoC5/DMA_Filter_RAM_dma.c **** /****************************************************************************
  27:Generated_Source\PSoC5/DMA_Filter_RAM_dma.c **** * 
  28:Generated_Source\PSoC5/DMA_Filter_RAM_dma.c **** * The following defines are available in Cyfitter.h
  29:Generated_Source\PSoC5/DMA_Filter_RAM_dma.c **** * 
  30:Generated_Source\PSoC5/DMA_Filter_RAM_dma.c **** * 
  31:Generated_Source\PSoC5/DMA_Filter_RAM_dma.c **** * 
  32:Generated_Source\PSoC5/DMA_Filter_RAM_dma.c **** * DMA_Filter_RAM__DRQ_CTL_REG
  33:Generated_Source\PSoC5/DMA_Filter_RAM_dma.c **** * 
  34:Generated_Source\PSoC5/DMA_Filter_RAM_dma.c **** * 
  35:Generated_Source\PSoC5/DMA_Filter_RAM_dma.c **** * DMA_Filter_RAM__DRQ_NUMBER
  36:Generated_Source\PSoC5/DMA_Filter_RAM_dma.c **** * 
  37:Generated_Source\PSoC5/DMA_Filter_RAM_dma.c **** * Number of TD's used by this channel.
  38:Generated_Source\PSoC5/DMA_Filter_RAM_dma.c **** * DMA_Filter_RAM__NUMBEROF_TDS
  39:Generated_Source\PSoC5/DMA_Filter_RAM_dma.c **** * 
  40:Generated_Source\PSoC5/DMA_Filter_RAM_dma.c **** * Priority of this channel.
  41:Generated_Source\PSoC5/DMA_Filter_RAM_dma.c **** * DMA_Filter_RAM__PRIORITY
  42:Generated_Source\PSoC5/DMA_Filter_RAM_dma.c **** * 
  43:Generated_Source\PSoC5/DMA_Filter_RAM_dma.c **** * True if DMA_Filter_RAM_TERMIN_SEL is used.
  44:Generated_Source\PSoC5/DMA_Filter_RAM_dma.c **** * DMA_Filter_RAM__TERMIN_EN
  45:Generated_Source\PSoC5/DMA_Filter_RAM_dma.c **** * 
  46:Generated_Source\PSoC5/DMA_Filter_RAM_dma.c **** * TERMIN interrupt line to signal terminate.
  47:Generated_Source\PSoC5/DMA_Filter_RAM_dma.c **** * DMA_Filter_RAM__TERMIN_SEL
  48:Generated_Source\PSoC5/DMA_Filter_RAM_dma.c **** * 
  49:Generated_Source\PSoC5/DMA_Filter_RAM_dma.c **** * 
  50:Generated_Source\PSoC5/DMA_Filter_RAM_dma.c **** * True if DMA_Filter_RAM_TERMOUT0_SEL is used.
  51:Generated_Source\PSoC5/DMA_Filter_RAM_dma.c **** * DMA_Filter_RAM__TERMOUT0_EN
  52:Generated_Source\PSoC5/DMA_Filter_RAM_dma.c **** * 
  53:Generated_Source\PSoC5/DMA_Filter_RAM_dma.c **** * 
  54:Generated_Source\PSoC5/DMA_Filter_RAM_dma.c **** * TERMOUT0 interrupt line to signal completion.
  55:Generated_Source\PSoC5/DMA_Filter_RAM_dma.c **** * DMA_Filter_RAM__TERMOUT0_SEL
  56:Generated_Source\PSoC5/DMA_Filter_RAM_dma.c **** * 
  57:Generated_Source\PSoC5/DMA_Filter_RAM_dma.c **** * 
  58:Generated_Source\PSoC5/DMA_Filter_RAM_dma.c **** * True if DMA_Filter_RAM_TERMOUT1_SEL is used.
  59:Generated_Source\PSoC5/DMA_Filter_RAM_dma.c **** * DMA_Filter_RAM__TERMOUT1_EN
  60:Generated_Source\PSoC5/DMA_Filter_RAM_dma.c **** * 
  61:Generated_Source\PSoC5/DMA_Filter_RAM_dma.c **** * 
  62:Generated_Source\PSoC5/DMA_Filter_RAM_dma.c **** * TERMOUT1 interrupt line to signal completion.
  63:Generated_Source\PSoC5/DMA_Filter_RAM_dma.c **** * DMA_Filter_RAM__TERMOUT1_SEL
  64:Generated_Source\PSoC5/DMA_Filter_RAM_dma.c **** * 
  65:Generated_Source\PSoC5/DMA_Filter_RAM_dma.c **** ****************************************************************************/
  66:Generated_Source\PSoC5/DMA_Filter_RAM_dma.c **** 
  67:Generated_Source\PSoC5/DMA_Filter_RAM_dma.c **** 
  68:Generated_Source\PSoC5/DMA_Filter_RAM_dma.c **** /* Zero based index of DMA_Filter_RAM dma channel */
  69:Generated_Source\PSoC5/DMA_Filter_RAM_dma.c **** uint8 DMA_Filter_RAM_DmaHandle = DMA_INVALID_CHANNEL;
ARM GAS  C:\Users\elias\AppData\Local\Temp\ccXOZ18X.s 			page 17


  70:Generated_Source\PSoC5/DMA_Filter_RAM_dma.c **** 
  71:Generated_Source\PSoC5/DMA_Filter_RAM_dma.c **** /*********************************************************************
  72:Generated_Source\PSoC5/DMA_Filter_RAM_dma.c **** * Function Name: uint8 DMA_Filter_RAM_DmaInitalize
  73:Generated_Source\PSoC5/DMA_Filter_RAM_dma.c **** **********************************************************************
  74:Generated_Source\PSoC5/DMA_Filter_RAM_dma.c **** * Summary:
  75:Generated_Source\PSoC5/DMA_Filter_RAM_dma.c **** *   Allocates and initialises a channel of the DMAC to be used by the
  76:Generated_Source\PSoC5/DMA_Filter_RAM_dma.c **** *   caller.
  77:Generated_Source\PSoC5/DMA_Filter_RAM_dma.c **** *
  78:Generated_Source\PSoC5/DMA_Filter_RAM_dma.c **** * Parameters:
  79:Generated_Source\PSoC5/DMA_Filter_RAM_dma.c **** *   BurstCount.
  80:Generated_Source\PSoC5/DMA_Filter_RAM_dma.c **** *       
  81:Generated_Source\PSoC5/DMA_Filter_RAM_dma.c **** *       
  82:Generated_Source\PSoC5/DMA_Filter_RAM_dma.c **** *   ReqestPerBurst.
  83:Generated_Source\PSoC5/DMA_Filter_RAM_dma.c **** *       
  84:Generated_Source\PSoC5/DMA_Filter_RAM_dma.c **** *       
  85:Generated_Source\PSoC5/DMA_Filter_RAM_dma.c **** *   UpperSrcAddress.
  86:Generated_Source\PSoC5/DMA_Filter_RAM_dma.c **** *       
  87:Generated_Source\PSoC5/DMA_Filter_RAM_dma.c **** *       
  88:Generated_Source\PSoC5/DMA_Filter_RAM_dma.c **** *   UpperDestAddress.
  89:Generated_Source\PSoC5/DMA_Filter_RAM_dma.c **** *       
  90:Generated_Source\PSoC5/DMA_Filter_RAM_dma.c **** *
  91:Generated_Source\PSoC5/DMA_Filter_RAM_dma.c **** * Return:
  92:Generated_Source\PSoC5/DMA_Filter_RAM_dma.c **** *   The channel that can be used by the caller for DMA activity.
  93:Generated_Source\PSoC5/DMA_Filter_RAM_dma.c **** *   DMA_INVALID_CHANNEL (0xFF) if there are no channels left. 
  94:Generated_Source\PSoC5/DMA_Filter_RAM_dma.c **** *
  95:Generated_Source\PSoC5/DMA_Filter_RAM_dma.c **** *
  96:Generated_Source\PSoC5/DMA_Filter_RAM_dma.c **** *******************************************************************/
  97:Generated_Source\PSoC5/DMA_Filter_RAM_dma.c **** uint8 DMA_Filter_RAM_DmaInitialize(uint8 BurstCount, uint8 ReqestPerBurst, uint16 UpperSrcAddress, 
  98:Generated_Source\PSoC5/DMA_Filter_RAM_dma.c **** {
 247              		.loc 1 98 0
 248              		.cfi_startproc
 249              		@ args = 0, pretend = 0, frame = 0
 250              		@ frame_needed = 0, uses_anonymous_args = 0
 251              	.LVL0:
 252 0000 2DE9F041 		push	{r4, r5, r6, r7, r8, lr}
 253              		.cfi_def_cfa_offset 24
 254              		.cfi_offset 4, -24
 255              		.cfi_offset 5, -20
 256              		.cfi_offset 6, -16
 257              		.cfi_offset 7, -12
 258              		.cfi_offset 8, -8
 259              		.cfi_offset 14, -4
 260 0004 1746     		mov	r7, r2
 261 0006 9846     		mov	r8, r3
 262 0008 82B0     		sub	sp, sp, #8
 263              		.cfi_def_cfa_offset 32
  99:Generated_Source\PSoC5/DMA_Filter_RAM_dma.c **** 
 100:Generated_Source\PSoC5/DMA_Filter_RAM_dma.c ****     /* Allocate a DMA channel. */
 101:Generated_Source\PSoC5/DMA_Filter_RAM_dma.c ****     DMA_Filter_RAM_DmaHandle = (uint8)DMA_Filter_RAM__DRQ_NUMBER;
 264              		.loc 1 101 0
 265 000a 0C4C     		ldr	r4, .L3
 266 000c 0125     		movs	r5, #1
 102:Generated_Source\PSoC5/DMA_Filter_RAM_dma.c **** 
 103:Generated_Source\PSoC5/DMA_Filter_RAM_dma.c ****     /* Configure the channel. */
 104:Generated_Source\PSoC5/DMA_Filter_RAM_dma.c ****     (void)CyDmaChSetConfiguration(DMA_Filter_RAM_DmaHandle,
 267              		.loc 1 104 0
 268 000e 0026     		movs	r6, #0
ARM GAS  C:\Users\elias\AppData\Local\Temp\ccXOZ18X.s 			page 18


 269 0010 2B46     		mov	r3, r5
 270              	.LVL1:
 271 0012 0A46     		mov	r2, r1
 272              	.LVL2:
 273 0014 0196     		str	r6, [sp, #4]
 274 0016 0146     		mov	r1, r0
 275              	.LVL3:
 276 0018 0096     		str	r6, [sp]
 277 001a 2846     		mov	r0, r5
 278              	.LVL4:
 101:Generated_Source\PSoC5/DMA_Filter_RAM_dma.c **** 
 279              		.loc 1 101 0
 280 001c 2570     		strb	r5, [r4]
 281              		.loc 1 104 0
 282 001e FFF7FEFF 		bl	CyDmaChSetConfiguration
 283              	.LVL5:
 105:Generated_Source\PSoC5/DMA_Filter_RAM_dma.c ****                                   BurstCount,
 106:Generated_Source\PSoC5/DMA_Filter_RAM_dma.c ****                                   ReqestPerBurst,
 107:Generated_Source\PSoC5/DMA_Filter_RAM_dma.c ****                                   (uint8)DMA_Filter_RAM__TERMOUT0_SEL,
 108:Generated_Source\PSoC5/DMA_Filter_RAM_dma.c ****                                   (uint8)DMA_Filter_RAM__TERMOUT1_SEL,
 109:Generated_Source\PSoC5/DMA_Filter_RAM_dma.c ****                                   (uint8)DMA_Filter_RAM__TERMIN_SEL);
 110:Generated_Source\PSoC5/DMA_Filter_RAM_dma.c **** 
 111:Generated_Source\PSoC5/DMA_Filter_RAM_dma.c ****     /* Set the extended address for the transfers */
 112:Generated_Source\PSoC5/DMA_Filter_RAM_dma.c ****     (void)CyDmaChSetExtendedAddress(DMA_Filter_RAM_DmaHandle, UpperSrcAddress, UpperDestAddress);
 284              		.loc 1 112 0
 285 0022 4246     		mov	r2, r8
 286 0024 3946     		mov	r1, r7
 287 0026 2078     		ldrb	r0, [r4]	@ zero_extendqisi2
 288 0028 FFF7FEFF 		bl	CyDmaChSetExtendedAddress
 289              	.LVL6:
 113:Generated_Source\PSoC5/DMA_Filter_RAM_dma.c **** 
 114:Generated_Source\PSoC5/DMA_Filter_RAM_dma.c ****     /* Set the priority for this channel */
 115:Generated_Source\PSoC5/DMA_Filter_RAM_dma.c ****     (void)CyDmaChPriority(DMA_Filter_RAM_DmaHandle, (uint8)DMA_Filter_RAM__PRIORITY);
 290              		.loc 1 115 0
 291 002c 2078     		ldrb	r0, [r4]	@ zero_extendqisi2
 292 002e 0221     		movs	r1, #2
 293 0030 FFF7FEFF 		bl	CyDmaChPriority
 294              	.LVL7:
 116:Generated_Source\PSoC5/DMA_Filter_RAM_dma.c ****     
 117:Generated_Source\PSoC5/DMA_Filter_RAM_dma.c ****     return DMA_Filter_RAM_DmaHandle;
 118:Generated_Source\PSoC5/DMA_Filter_RAM_dma.c **** }
 295              		.loc 1 118 0
 296 0034 2078     		ldrb	r0, [r4]	@ zero_extendqisi2
 297 0036 02B0     		add	sp, sp, #8
 298              		.cfi_def_cfa_offset 24
 299              		@ sp needed
 300 0038 BDE8F081 		pop	{r4, r5, r6, r7, r8, pc}
 301              	.L4:
 302              		.align	2
 303              	.L3:
 304 003c 00000000 		.word	.LANCHOR0
 305              		.cfi_endproc
 306              	.LFE0:
 307              		.size	DMA_Filter_RAM_DmaInitialize, .-DMA_Filter_RAM_DmaInitialize
 308              		.section	.text.DMA_Filter_RAM_DmaRelease,"ax",%progbits
 309              		.align	2
 310              		.global	DMA_Filter_RAM_DmaRelease
ARM GAS  C:\Users\elias\AppData\Local\Temp\ccXOZ18X.s 			page 19


 311              		.thumb
 312              		.thumb_func
 313              		.type	DMA_Filter_RAM_DmaRelease, %function
 314              	DMA_Filter_RAM_DmaRelease:
 315              	.LFB1:
 119:Generated_Source\PSoC5/DMA_Filter_RAM_dma.c **** 
 120:Generated_Source\PSoC5/DMA_Filter_RAM_dma.c **** /*********************************************************************
 121:Generated_Source\PSoC5/DMA_Filter_RAM_dma.c **** * Function Name: void DMA_Filter_RAM_DmaRelease
 122:Generated_Source\PSoC5/DMA_Filter_RAM_dma.c **** **********************************************************************
 123:Generated_Source\PSoC5/DMA_Filter_RAM_dma.c **** * Summary:
 124:Generated_Source\PSoC5/DMA_Filter_RAM_dma.c **** *   Frees the channel associated with DMA_Filter_RAM.
 125:Generated_Source\PSoC5/DMA_Filter_RAM_dma.c **** *
 126:Generated_Source\PSoC5/DMA_Filter_RAM_dma.c **** *
 127:Generated_Source\PSoC5/DMA_Filter_RAM_dma.c **** * Parameters:
 128:Generated_Source\PSoC5/DMA_Filter_RAM_dma.c **** *   void.
 129:Generated_Source\PSoC5/DMA_Filter_RAM_dma.c **** *
 130:Generated_Source\PSoC5/DMA_Filter_RAM_dma.c **** *
 131:Generated_Source\PSoC5/DMA_Filter_RAM_dma.c **** *
 132:Generated_Source\PSoC5/DMA_Filter_RAM_dma.c **** * Return:
 133:Generated_Source\PSoC5/DMA_Filter_RAM_dma.c **** *   void.
 134:Generated_Source\PSoC5/DMA_Filter_RAM_dma.c **** *
 135:Generated_Source\PSoC5/DMA_Filter_RAM_dma.c **** *******************************************************************/
 136:Generated_Source\PSoC5/DMA_Filter_RAM_dma.c **** void DMA_Filter_RAM_DmaRelease(void) 
 137:Generated_Source\PSoC5/DMA_Filter_RAM_dma.c **** {
 316              		.loc 1 137 0
 317              		.cfi_startproc
 318              		@ args = 0, pretend = 0, frame = 0
 319              		@ frame_needed = 0, uses_anonymous_args = 0
 320              		@ link register save eliminated.
 138:Generated_Source\PSoC5/DMA_Filter_RAM_dma.c ****     /* Disable the channel */
 139:Generated_Source\PSoC5/DMA_Filter_RAM_dma.c ****     (void)CyDmaChDisable(DMA_Filter_RAM_DmaHandle);
 321              		.loc 1 139 0
 322 0000 014B     		ldr	r3, .L6
 323 0002 1878     		ldrb	r0, [r3]	@ zero_extendqisi2
 324 0004 FFF7FEBF 		b	CyDmaChDisable
 325              	.LVL8:
 326              	.L7:
 327              		.align	2
 328              	.L6:
 329 0008 00000000 		.word	.LANCHOR0
 330              		.cfi_endproc
 331              	.LFE1:
 332              		.size	DMA_Filter_RAM_DmaRelease, .-DMA_Filter_RAM_DmaRelease
 333              		.global	DMA_Filter_RAM_DmaHandle
 334              		.data
 335              		.set	.LANCHOR0,. + 0
 336              		.type	DMA_Filter_RAM_DmaHandle, %object
 337              		.size	DMA_Filter_RAM_DmaHandle, 1
 338              	DMA_Filter_RAM_DmaHandle:
 339 0000 FF       		.byte	-1
 340              		.text
 341              	.Letext0:
 342              		.file 2 "Generated_Source\\PSoC5/cytypes.h"
 343              		.file 3 "Generated_Source\\PSoC5/CYDMAC.H"
 344              		.section	.debug_info,"",%progbits
 345              	.Ldebug_info0:
 346 0000 A6010000 		.4byte	0x1a6
ARM GAS  C:\Users\elias\AppData\Local\Temp\ccXOZ18X.s 			page 20


 347 0004 0400     		.2byte	0x4
 348 0006 00000000 		.4byte	.Ldebug_abbrev0
 349 000a 04       		.byte	0x4
 350 000b 01       		.uleb128 0x1
 351 000c 7A000000 		.4byte	.LASF24
 352 0010 0C       		.byte	0xc
 353 0011 23020000 		.4byte	.LASF25
 354 0015 33010000 		.4byte	.LASF26
 355 0019 00000000 		.4byte	.Ldebug_ranges0+0
 356 001d 00000000 		.4byte	0
 357 0021 00000000 		.4byte	.Ldebug_line0
 358 0025 02       		.uleb128 0x2
 359 0026 04       		.byte	0x4
 360 0027 05       		.byte	0x5
 361 0028 696E7400 		.ascii	"int\000"
 362 002c 03       		.uleb128 0x3
 363 002d 04       		.byte	0x4
 364 002e 07       		.byte	0x7
 365 002f B8010000 		.4byte	.LASF0
 366 0033 03       		.uleb128 0x3
 367 0034 08       		.byte	0x8
 368 0035 05       		.byte	0x5
 369 0036 F6010000 		.4byte	.LASF1
 370 003a 03       		.uleb128 0x3
 371 003b 08       		.byte	0x8
 372 003c 04       		.byte	0x4
 373 003d 62020000 		.4byte	.LASF2
 374 0041 03       		.uleb128 0x3
 375 0042 01       		.byte	0x1
 376 0043 06       		.byte	0x6
 377 0044 6E020000 		.4byte	.LASF3
 378 0048 03       		.uleb128 0x3
 379 0049 01       		.byte	0x1
 380 004a 08       		.byte	0x8
 381 004b 61000000 		.4byte	.LASF4
 382 004f 03       		.uleb128 0x3
 383 0050 02       		.byte	0x2
 384 0051 05       		.byte	0x5
 385 0052 4F020000 		.4byte	.LASF5
 386 0056 03       		.uleb128 0x3
 387 0057 02       		.byte	0x2
 388 0058 07       		.byte	0x7
 389 0059 2F000000 		.4byte	.LASF6
 390 005d 03       		.uleb128 0x3
 391 005e 04       		.byte	0x4
 392 005f 05       		.byte	0x5
 393 0060 59020000 		.4byte	.LASF7
 394 0064 03       		.uleb128 0x3
 395 0065 04       		.byte	0x4
 396 0066 07       		.byte	0x7
 397 0067 21010000 		.4byte	.LASF8
 398 006b 03       		.uleb128 0x3
 399 006c 08       		.byte	0x8
 400 006d 07       		.byte	0x7
 401 006e C5010000 		.4byte	.LASF9
 402 0072 03       		.uleb128 0x3
 403 0073 04       		.byte	0x4
ARM GAS  C:\Users\elias\AppData\Local\Temp\ccXOZ18X.s 			page 21


 404 0074 07       		.byte	0x7
 405 0075 ED010000 		.4byte	.LASF10
 406 0079 03       		.uleb128 0x3
 407 007a 01       		.byte	0x1
 408 007b 08       		.byte	0x8
 409 007c 1E020000 		.4byte	.LASF11
 410 0080 04       		.uleb128 0x4
 411 0081 6D010000 		.4byte	.LASF12
 412 0085 02       		.byte	0x2
 413 0086 E901     		.2byte	0x1e9
 414 0088 48000000 		.4byte	0x48
 415 008c 04       		.uleb128 0x4
 416 008d 97010000 		.4byte	.LASF13
 417 0091 02       		.byte	0x2
 418 0092 EA01     		.2byte	0x1ea
 419 0094 56000000 		.4byte	0x56
 420 0098 03       		.uleb128 0x3
 421 0099 04       		.byte	0x4
 422 009a 04       		.byte	0x4
 423 009b 42000000 		.4byte	.LASF14
 424 009f 03       		.uleb128 0x3
 425 00a0 08       		.byte	0x8
 426 00a1 04       		.byte	0x4
 427 00a2 90010000 		.4byte	.LASF15
 428 00a6 05       		.uleb128 0x5
 429 00a7 73010000 		.4byte	.LASF27
 430 00ab 01       		.byte	0x1
 431 00ac 61       		.byte	0x61
 432 00ad 80000000 		.4byte	0x80
 433 00b1 00000000 		.4byte	.LFB0
 434 00b5 40000000 		.4byte	.LFE0-.LFB0
 435 00b9 01       		.uleb128 0x1
 436 00ba 9C       		.byte	0x9c
 437 00bb 4D010000 		.4byte	0x14d
 438 00bf 06       		.uleb128 0x6
 439 00c0 6F000000 		.4byte	.LASF16
 440 00c4 01       		.byte	0x1
 441 00c5 61       		.byte	0x61
 442 00c6 80000000 		.4byte	0x80
 443 00ca 00000000 		.4byte	.LLST0
 444 00ce 06       		.uleb128 0x6
 445 00cf 20000000 		.4byte	.LASF17
 446 00d3 01       		.byte	0x1
 447 00d4 61       		.byte	0x61
 448 00d5 80000000 		.4byte	0x80
 449 00d9 21000000 		.4byte	.LLST1
 450 00dd 06       		.uleb128 0x6
 451 00de 00000000 		.4byte	.LASF18
 452 00e2 01       		.byte	0x1
 453 00e3 61       		.byte	0x61
 454 00e4 8C000000 		.4byte	0x8c
 455 00e8 42000000 		.4byte	.LLST2
 456 00ec 06       		.uleb128 0x6
 457 00ed DC010000 		.4byte	.LASF19
 458 00f1 01       		.byte	0x1
 459 00f2 61       		.byte	0x61
 460 00f3 8C000000 		.4byte	0x8c
ARM GAS  C:\Users\elias\AppData\Local\Temp\ccXOZ18X.s 			page 22


 461 00f7 63000000 		.4byte	.LLST3
 462 00fb 07       		.uleb128 0x7
 463 00fc 22000000 		.4byte	.LVL5
 464 0100 7D010000 		.4byte	0x17d
 465 0104 23010000 		.4byte	0x123
 466 0108 08       		.uleb128 0x8
 467 0109 01       		.uleb128 0x1
 468 010a 50       		.byte	0x50
 469 010b 02       		.uleb128 0x2
 470 010c 75       		.byte	0x75
 471 010d 00       		.sleb128 0
 472 010e 08       		.uleb128 0x8
 473 010f 01       		.uleb128 0x1
 474 0110 53       		.byte	0x53
 475 0111 02       		.uleb128 0x2
 476 0112 75       		.byte	0x75
 477 0113 00       		.sleb128 0
 478 0114 08       		.uleb128 0x8
 479 0115 02       		.uleb128 0x2
 480 0116 7D       		.byte	0x7d
 481 0117 00       		.sleb128 0
 482 0118 02       		.uleb128 0x2
 483 0119 76       		.byte	0x76
 484 011a 00       		.sleb128 0
 485 011b 08       		.uleb128 0x8
 486 011c 02       		.uleb128 0x2
 487 011d 7D       		.byte	0x7d
 488 011e 04       		.sleb128 4
 489 011f 02       		.uleb128 0x2
 490 0120 76       		.byte	0x76
 491 0121 00       		.sleb128 0
 492 0122 00       		.byte	0
 493 0123 07       		.uleb128 0x7
 494 0124 2C000000 		.4byte	.LVL6
 495 0128 88010000 		.4byte	0x188
 496 012c 3D010000 		.4byte	0x13d
 497 0130 08       		.uleb128 0x8
 498 0131 01       		.uleb128 0x1
 499 0132 51       		.byte	0x51
 500 0133 02       		.uleb128 0x2
 501 0134 77       		.byte	0x77
 502 0135 00       		.sleb128 0
 503 0136 08       		.uleb128 0x8
 504 0137 01       		.uleb128 0x1
 505 0138 52       		.byte	0x52
 506 0139 02       		.uleb128 0x2
 507 013a 78       		.byte	0x78
 508 013b 00       		.sleb128 0
 509 013c 00       		.byte	0
 510 013d 09       		.uleb128 0x9
 511 013e 34000000 		.4byte	.LVL7
 512 0142 93010000 		.4byte	0x193
 513 0146 08       		.uleb128 0x8
 514 0147 01       		.uleb128 0x1
 515 0148 51       		.byte	0x51
 516 0149 01       		.uleb128 0x1
 517 014a 32       		.byte	0x32
ARM GAS  C:\Users\elias\AppData\Local\Temp\ccXOZ18X.s 			page 23


 518 014b 00       		.byte	0
 519 014c 00       		.byte	0
 520 014d 0A       		.uleb128 0xa
 521 014e 9E010000 		.4byte	.LASF28
 522 0152 01       		.byte	0x1
 523 0153 88       		.byte	0x88
 524 0154 00000000 		.4byte	.LFB1
 525 0158 0C000000 		.4byte	.LFE1-.LFB1
 526 015c 01       		.uleb128 0x1
 527 015d 9C       		.byte	0x9c
 528 015e 6C010000 		.4byte	0x16c
 529 0162 0B       		.uleb128 0xb
 530 0163 08000000 		.4byte	.LVL8
 531 0167 9E010000 		.4byte	0x19e
 532 016b 00       		.byte	0
 533 016c 0C       		.uleb128 0xc
 534 016d 48000000 		.4byte	.LASF29
 535 0171 01       		.byte	0x1
 536 0172 45       		.byte	0x45
 537 0173 80000000 		.4byte	0x80
 538 0177 05       		.uleb128 0x5
 539 0178 03       		.byte	0x3
 540 0179 00000000 		.4byte	DMA_Filter_RAM_DmaHandle
 541 017d 0D       		.uleb128 0xd
 542 017e 89020000 		.4byte	.LASF20
 543 0182 89020000 		.4byte	.LASF20
 544 0186 03       		.byte	0x3
 545 0187 33       		.byte	0x33
 546 0188 0D       		.uleb128 0xd
 547 0189 04020000 		.4byte	.LASF21
 548 018d 04020000 		.4byte	.LASF21
 549 0191 03       		.byte	0x3
 550 0192 2D       		.byte	0x2d
 551 0193 0D       		.uleb128 0xd
 552 0194 10000000 		.4byte	.LASF22
 553 0198 10000000 		.4byte	.LASF22
 554 019c 03       		.byte	0x3
 555 019d 2C       		.byte	0x2c
 556 019e 0D       		.uleb128 0xd
 557 019f 7A020000 		.4byte	.LASF23
 558 01a3 7A020000 		.4byte	.LASF23
 559 01a7 03       		.byte	0x3
 560 01a8 2A       		.byte	0x2a
 561 01a9 00       		.byte	0
 562              		.section	.debug_abbrev,"",%progbits
 563              	.Ldebug_abbrev0:
 564 0000 01       		.uleb128 0x1
 565 0001 11       		.uleb128 0x11
 566 0002 01       		.byte	0x1
 567 0003 25       		.uleb128 0x25
 568 0004 0E       		.uleb128 0xe
 569 0005 13       		.uleb128 0x13
 570 0006 0B       		.uleb128 0xb
 571 0007 03       		.uleb128 0x3
 572 0008 0E       		.uleb128 0xe
 573 0009 1B       		.uleb128 0x1b
 574 000a 0E       		.uleb128 0xe
ARM GAS  C:\Users\elias\AppData\Local\Temp\ccXOZ18X.s 			page 24


 575 000b 55       		.uleb128 0x55
 576 000c 17       		.uleb128 0x17
 577 000d 11       		.uleb128 0x11
 578 000e 01       		.uleb128 0x1
 579 000f 10       		.uleb128 0x10
 580 0010 17       		.uleb128 0x17
 581 0011 00       		.byte	0
 582 0012 00       		.byte	0
 583 0013 02       		.uleb128 0x2
 584 0014 24       		.uleb128 0x24
 585 0015 00       		.byte	0
 586 0016 0B       		.uleb128 0xb
 587 0017 0B       		.uleb128 0xb
 588 0018 3E       		.uleb128 0x3e
 589 0019 0B       		.uleb128 0xb
 590 001a 03       		.uleb128 0x3
 591 001b 08       		.uleb128 0x8
 592 001c 00       		.byte	0
 593 001d 00       		.byte	0
 594 001e 03       		.uleb128 0x3
 595 001f 24       		.uleb128 0x24
 596 0020 00       		.byte	0
 597 0021 0B       		.uleb128 0xb
 598 0022 0B       		.uleb128 0xb
 599 0023 3E       		.uleb128 0x3e
 600 0024 0B       		.uleb128 0xb
 601 0025 03       		.uleb128 0x3
 602 0026 0E       		.uleb128 0xe
 603 0027 00       		.byte	0
 604 0028 00       		.byte	0
 605 0029 04       		.uleb128 0x4
 606 002a 16       		.uleb128 0x16
 607 002b 00       		.byte	0
 608 002c 03       		.uleb128 0x3
 609 002d 0E       		.uleb128 0xe
 610 002e 3A       		.uleb128 0x3a
 611 002f 0B       		.uleb128 0xb
 612 0030 3B       		.uleb128 0x3b
 613 0031 05       		.uleb128 0x5
 614 0032 49       		.uleb128 0x49
 615 0033 13       		.uleb128 0x13
 616 0034 00       		.byte	0
 617 0035 00       		.byte	0
 618 0036 05       		.uleb128 0x5
 619 0037 2E       		.uleb128 0x2e
 620 0038 01       		.byte	0x1
 621 0039 3F       		.uleb128 0x3f
 622 003a 19       		.uleb128 0x19
 623 003b 03       		.uleb128 0x3
 624 003c 0E       		.uleb128 0xe
 625 003d 3A       		.uleb128 0x3a
 626 003e 0B       		.uleb128 0xb
 627 003f 3B       		.uleb128 0x3b
 628 0040 0B       		.uleb128 0xb
 629 0041 27       		.uleb128 0x27
 630 0042 19       		.uleb128 0x19
 631 0043 49       		.uleb128 0x49
ARM GAS  C:\Users\elias\AppData\Local\Temp\ccXOZ18X.s 			page 25


 632 0044 13       		.uleb128 0x13
 633 0045 11       		.uleb128 0x11
 634 0046 01       		.uleb128 0x1
 635 0047 12       		.uleb128 0x12
 636 0048 06       		.uleb128 0x6
 637 0049 40       		.uleb128 0x40
 638 004a 18       		.uleb128 0x18
 639 004b 9742     		.uleb128 0x2117
 640 004d 19       		.uleb128 0x19
 641 004e 01       		.uleb128 0x1
 642 004f 13       		.uleb128 0x13
 643 0050 00       		.byte	0
 644 0051 00       		.byte	0
 645 0052 06       		.uleb128 0x6
 646 0053 05       		.uleb128 0x5
 647 0054 00       		.byte	0
 648 0055 03       		.uleb128 0x3
 649 0056 0E       		.uleb128 0xe
 650 0057 3A       		.uleb128 0x3a
 651 0058 0B       		.uleb128 0xb
 652 0059 3B       		.uleb128 0x3b
 653 005a 0B       		.uleb128 0xb
 654 005b 49       		.uleb128 0x49
 655 005c 13       		.uleb128 0x13
 656 005d 02       		.uleb128 0x2
 657 005e 17       		.uleb128 0x17
 658 005f 00       		.byte	0
 659 0060 00       		.byte	0
 660 0061 07       		.uleb128 0x7
 661 0062 898201   		.uleb128 0x4109
 662 0065 01       		.byte	0x1
 663 0066 11       		.uleb128 0x11
 664 0067 01       		.uleb128 0x1
 665 0068 31       		.uleb128 0x31
 666 0069 13       		.uleb128 0x13
 667 006a 01       		.uleb128 0x1
 668 006b 13       		.uleb128 0x13
 669 006c 00       		.byte	0
 670 006d 00       		.byte	0
 671 006e 08       		.uleb128 0x8
 672 006f 8A8201   		.uleb128 0x410a
 673 0072 00       		.byte	0
 674 0073 02       		.uleb128 0x2
 675 0074 18       		.uleb128 0x18
 676 0075 9142     		.uleb128 0x2111
 677 0077 18       		.uleb128 0x18
 678 0078 00       		.byte	0
 679 0079 00       		.byte	0
 680 007a 09       		.uleb128 0x9
 681 007b 898201   		.uleb128 0x4109
 682 007e 01       		.byte	0x1
 683 007f 11       		.uleb128 0x11
 684 0080 01       		.uleb128 0x1
 685 0081 31       		.uleb128 0x31
 686 0082 13       		.uleb128 0x13
 687 0083 00       		.byte	0
 688 0084 00       		.byte	0
ARM GAS  C:\Users\elias\AppData\Local\Temp\ccXOZ18X.s 			page 26


 689 0085 0A       		.uleb128 0xa
 690 0086 2E       		.uleb128 0x2e
 691 0087 01       		.byte	0x1
 692 0088 3F       		.uleb128 0x3f
 693 0089 19       		.uleb128 0x19
 694 008a 03       		.uleb128 0x3
 695 008b 0E       		.uleb128 0xe
 696 008c 3A       		.uleb128 0x3a
 697 008d 0B       		.uleb128 0xb
 698 008e 3B       		.uleb128 0x3b
 699 008f 0B       		.uleb128 0xb
 700 0090 27       		.uleb128 0x27
 701 0091 19       		.uleb128 0x19
 702 0092 11       		.uleb128 0x11
 703 0093 01       		.uleb128 0x1
 704 0094 12       		.uleb128 0x12
 705 0095 06       		.uleb128 0x6
 706 0096 40       		.uleb128 0x40
 707 0097 18       		.uleb128 0x18
 708 0098 9742     		.uleb128 0x2117
 709 009a 19       		.uleb128 0x19
 710 009b 01       		.uleb128 0x1
 711 009c 13       		.uleb128 0x13
 712 009d 00       		.byte	0
 713 009e 00       		.byte	0
 714 009f 0B       		.uleb128 0xb
 715 00a0 898201   		.uleb128 0x4109
 716 00a3 00       		.byte	0
 717 00a4 11       		.uleb128 0x11
 718 00a5 01       		.uleb128 0x1
 719 00a6 9542     		.uleb128 0x2115
 720 00a8 19       		.uleb128 0x19
 721 00a9 31       		.uleb128 0x31
 722 00aa 13       		.uleb128 0x13
 723 00ab 00       		.byte	0
 724 00ac 00       		.byte	0
 725 00ad 0C       		.uleb128 0xc
 726 00ae 34       		.uleb128 0x34
 727 00af 00       		.byte	0
 728 00b0 03       		.uleb128 0x3
 729 00b1 0E       		.uleb128 0xe
 730 00b2 3A       		.uleb128 0x3a
 731 00b3 0B       		.uleb128 0xb
 732 00b4 3B       		.uleb128 0x3b
 733 00b5 0B       		.uleb128 0xb
 734 00b6 49       		.uleb128 0x49
 735 00b7 13       		.uleb128 0x13
 736 00b8 3F       		.uleb128 0x3f
 737 00b9 19       		.uleb128 0x19
 738 00ba 02       		.uleb128 0x2
 739 00bb 18       		.uleb128 0x18
 740 00bc 00       		.byte	0
 741 00bd 00       		.byte	0
 742 00be 0D       		.uleb128 0xd
 743 00bf 2E       		.uleb128 0x2e
 744 00c0 00       		.byte	0
 745 00c1 3F       		.uleb128 0x3f
ARM GAS  C:\Users\elias\AppData\Local\Temp\ccXOZ18X.s 			page 27


 746 00c2 19       		.uleb128 0x19
 747 00c3 3C       		.uleb128 0x3c
 748 00c4 19       		.uleb128 0x19
 749 00c5 6E       		.uleb128 0x6e
 750 00c6 0E       		.uleb128 0xe
 751 00c7 03       		.uleb128 0x3
 752 00c8 0E       		.uleb128 0xe
 753 00c9 3A       		.uleb128 0x3a
 754 00ca 0B       		.uleb128 0xb
 755 00cb 3B       		.uleb128 0x3b
 756 00cc 0B       		.uleb128 0xb
 757 00cd 00       		.byte	0
 758 00ce 00       		.byte	0
 759 00cf 00       		.byte	0
 760              		.section	.debug_loc,"",%progbits
 761              	.Ldebug_loc0:
 762              	.LLST0:
 763 0000 00000000 		.4byte	.LVL0
 764 0004 1C000000 		.4byte	.LVL4
 765 0008 0100     		.2byte	0x1
 766 000a 50       		.byte	0x50
 767 000b 1C000000 		.4byte	.LVL4
 768 000f 40000000 		.4byte	.LFE0
 769 0013 0400     		.2byte	0x4
 770 0015 F3       		.byte	0xf3
 771 0016 01       		.uleb128 0x1
 772 0017 50       		.byte	0x50
 773 0018 9F       		.byte	0x9f
 774 0019 00000000 		.4byte	0
 775 001d 00000000 		.4byte	0
 776              	.LLST1:
 777 0021 00000000 		.4byte	.LVL0
 778 0025 18000000 		.4byte	.LVL3
 779 0029 0100     		.2byte	0x1
 780 002b 51       		.byte	0x51
 781 002c 18000000 		.4byte	.LVL3
 782 0030 40000000 		.4byte	.LFE0
 783 0034 0400     		.2byte	0x4
 784 0036 F3       		.byte	0xf3
 785 0037 01       		.uleb128 0x1
 786 0038 51       		.byte	0x51
 787 0039 9F       		.byte	0x9f
 788 003a 00000000 		.4byte	0
 789 003e 00000000 		.4byte	0
 790              	.LLST2:
 791 0042 00000000 		.4byte	.LVL0
 792 0046 14000000 		.4byte	.LVL2
 793 004a 0100     		.2byte	0x1
 794 004c 52       		.byte	0x52
 795 004d 14000000 		.4byte	.LVL2
 796 0051 40000000 		.4byte	.LFE0
 797 0055 0400     		.2byte	0x4
 798 0057 F3       		.byte	0xf3
 799 0058 01       		.uleb128 0x1
 800 0059 52       		.byte	0x52
 801 005a 9F       		.byte	0x9f
 802 005b 00000000 		.4byte	0
ARM GAS  C:\Users\elias\AppData\Local\Temp\ccXOZ18X.s 			page 28


 803 005f 00000000 		.4byte	0
 804              	.LLST3:
 805 0063 00000000 		.4byte	.LVL0
 806 0067 12000000 		.4byte	.LVL1
 807 006b 0100     		.2byte	0x1
 808 006d 53       		.byte	0x53
 809 006e 12000000 		.4byte	.LVL1
 810 0072 40000000 		.4byte	.LFE0
 811 0076 0400     		.2byte	0x4
 812 0078 F3       		.byte	0xf3
 813 0079 01       		.uleb128 0x1
 814 007a 53       		.byte	0x53
 815 007b 9F       		.byte	0x9f
 816 007c 00000000 		.4byte	0
 817 0080 00000000 		.4byte	0
 818              		.section	.debug_aranges,"",%progbits
 819 0000 24000000 		.4byte	0x24
 820 0004 0200     		.2byte	0x2
 821 0006 00000000 		.4byte	.Ldebug_info0
 822 000a 04       		.byte	0x4
 823 000b 00       		.byte	0
 824 000c 0000     		.2byte	0
 825 000e 0000     		.2byte	0
 826 0010 00000000 		.4byte	.LFB0
 827 0014 40000000 		.4byte	.LFE0-.LFB0
 828 0018 00000000 		.4byte	.LFB1
 829 001c 0C000000 		.4byte	.LFE1-.LFB1
 830 0020 00000000 		.4byte	0
 831 0024 00000000 		.4byte	0
 832              		.section	.debug_ranges,"",%progbits
 833              	.Ldebug_ranges0:
 834 0000 00000000 		.4byte	.LFB0
 835 0004 40000000 		.4byte	.LFE0
 836 0008 00000000 		.4byte	.LFB1
 837 000c 0C000000 		.4byte	.LFE1
 838 0010 00000000 		.4byte	0
 839 0014 00000000 		.4byte	0
 840              		.section	.debug_line,"",%progbits
 841              	.Ldebug_line0:
 842 0000 89000000 		.section	.debug_str,"MS",%progbits,1
 842      02005B00 
 842      00000201 
 842      FB0E0D00 
 842      01010101 
 843              	.LASF18:
 844 0000 55707065 		.ascii	"UpperSrcAddress\000"
 844      72537263 
 844      41646472 
 844      65737300 
 845              	.LASF22:
 846 0010 4379446D 		.ascii	"CyDmaChPriority\000"
 846      61436850 
 846      72696F72 
 846      69747900 
 847              	.LASF17:
 848 0020 52657165 		.ascii	"ReqestPerBurst\000"
 848      73745065 
ARM GAS  C:\Users\elias\AppData\Local\Temp\ccXOZ18X.s 			page 29


 848      72427572 
 848      737400
 849              	.LASF6:
 850 002f 73686F72 		.ascii	"short unsigned int\000"
 850      7420756E 
 850      7369676E 
 850      65642069 
 850      6E7400
 851              	.LASF14:
 852 0042 666C6F61 		.ascii	"float\000"
 852      7400
 853              	.LASF29:
 854 0048 444D415F 		.ascii	"DMA_Filter_RAM_DmaHandle\000"
 854      46696C74 
 854      65725F52 
 854      414D5F44 
 854      6D614861 
 855              	.LASF4:
 856 0061 756E7369 		.ascii	"unsigned char\000"
 856      676E6564 
 856      20636861 
 856      7200
 857              	.LASF16:
 858 006f 42757273 		.ascii	"BurstCount\000"
 858      74436F75 
 858      6E7400
 859              	.LASF24:
 860 007a 474E5520 		.ascii	"GNU C11 5.4.1 20160609 (release) [ARM/embedded-5-br"
 860      43313120 
 860      352E342E 
 860      31203230 
 860      31363036 
 861 00ad 616E6368 		.ascii	"anch revision 237715] -mcpu=cortex-m3 -mthumb -g -O"
 861      20726576 
 861      6973696F 
 861      6E203233 
 861      37373135 
 862 00e0 33202D66 		.ascii	"3 -ffunction-sections -ffat-lto-objects -finline-fu"
 862      66756E63 
 862      74696F6E 
 862      2D736563 
 862      74696F6E 
 863 0113 6E637469 		.ascii	"nctions -flto\000"
 863      6F6E7320 
 863      2D666C74 
 863      6F00
 864              	.LASF8:
 865 0121 6C6F6E67 		.ascii	"long unsigned int\000"
 865      20756E73 
 865      69676E65 
 865      6420696E 
 865      7400
 866              	.LASF26:
 867 0133 433A5C47 		.ascii	"C:\\Github\\Tesis\\src\\psoc\\AcondicionamientoAnal"
 867      69746875 
 867      625C5465 
 867      7369735C 
ARM GAS  C:\Users\elias\AppData\Local\Temp\ccXOZ18X.s 			page 30


 867      7372635C 
 868 0161 6F676963 		.ascii	"ogico.cydsn\000"
 868      6F2E6379 
 868      64736E00 
 869              	.LASF12:
 870 016d 75696E74 		.ascii	"uint8\000"
 870      3800
 871              	.LASF27:
 872 0173 444D415F 		.ascii	"DMA_Filter_RAM_DmaInitialize\000"
 872      46696C74 
 872      65725F52 
 872      414D5F44 
 872      6D61496E 
 873              	.LASF15:
 874 0190 646F7562 		.ascii	"double\000"
 874      6C6500
 875              	.LASF13:
 876 0197 75696E74 		.ascii	"uint16\000"
 876      313600
 877              	.LASF28:
 878 019e 444D415F 		.ascii	"DMA_Filter_RAM_DmaRelease\000"
 878      46696C74 
 878      65725F52 
 878      414D5F44 
 878      6D615265 
 879              	.LASF0:
 880 01b8 756E7369 		.ascii	"unsigned int\000"
 880      676E6564 
 880      20696E74 
 880      00
 881              	.LASF9:
 882 01c5 6C6F6E67 		.ascii	"long long unsigned int\000"
 882      206C6F6E 
 882      6720756E 
 882      7369676E 
 882      65642069 
 883              	.LASF19:
 884 01dc 55707065 		.ascii	"UpperDestAddress\000"
 884      72446573 
 884      74416464 
 884      72657373 
 884      00
 885              	.LASF10:
 886 01ed 73697A65 		.ascii	"sizetype\000"
 886      74797065 
 886      00
 887              	.LASF1:
 888 01f6 6C6F6E67 		.ascii	"long long int\000"
 888      206C6F6E 
 888      6720696E 
 888      7400
 889              	.LASF21:
 890 0204 4379446D 		.ascii	"CyDmaChSetExtendedAddress\000"
 890      61436853 
 890      65744578 
 890      74656E64 
 890      65644164 
ARM GAS  C:\Users\elias\AppData\Local\Temp\ccXOZ18X.s 			page 31


 891              	.LASF11:
 892 021e 63686172 		.ascii	"char\000"
 892      00
 893              	.LASF25:
 894 0223 47656E65 		.ascii	"Generated_Source\\PSoC5\\DMA_Filter_RAM_dma.c\000"
 894      72617465 
 894      645F536F 
 894      75726365 
 894      5C50536F 
 895              	.LASF5:
 896 024f 73686F72 		.ascii	"short int\000"
 896      7420696E 
 896      7400
 897              	.LASF7:
 898 0259 6C6F6E67 		.ascii	"long int\000"
 898      20696E74 
 898      00
 899              	.LASF2:
 900 0262 6C6F6E67 		.ascii	"long double\000"
 900      20646F75 
 900      626C6500 
 901              	.LASF3:
 902 026e 7369676E 		.ascii	"signed char\000"
 902      65642063 
 902      68617200 
 903              	.LASF23:
 904 027a 4379446D 		.ascii	"CyDmaChDisable\000"
 904      61436844 
 904      69736162 
 904      6C6500
 905              	.LASF20:
 906 0289 4379446D 		.ascii	"CyDmaChSetConfiguration\000"
 906      61436853 
 906      6574436F 
 906      6E666967 
 906      75726174 
 907              		.comm	__gnu_lto_v1,1,1
 908              		.ident	"GCC: (GNU Tools for ARM Embedded Processors) 5.4.1 20160609 (release) [ARM/embedded-5-bran
