ARM GAS  C:\Users\elias\AppData\Local\Temp\ccLiRlTk.s 			page 1


   1              		.syntax unified
   2              		.cpu cortex-m3
   3              		.fpu softvfp
   4              		.eabi_attribute 20, 1
   5              		.eabi_attribute 21, 1
   6              		.eabi_attribute 23, 3
   7              		.eabi_attribute 24, 1
   8              		.eabi_attribute 25, 1
   9              		.eabi_attribute 26, 1
  10              		.eabi_attribute 30, 2
  11              		.eabi_attribute 34, 1
  12              		.eabi_attribute 18, 4
  13              		.thumb
  14              		.syntax unified
  15              		.file	"DMA_dma.c"
  16              		.text
  17              	.Ltext0:
  18              		.section	.gnu.lto_.profile.d74b9be3,"",%progbits
  19 0000 789C6361 		.ascii	"x\234ca`d`a`\000\222\266\342\000\000\373\000_"
  19      60646061 
  19      600092B6 
  19      E20000FB 
  19      005F
  20              		.text
  21              		.section	.gnu.lto_.icf.d74b9be3,"",%progbits
  22 0000 789C6361 		.ascii	"x\234ca`d\000\001\021\006\004`fh\356_\177\215\205\261"
  22      60640001 
  22      11060460 
  22      6668EE5F 
  22      7F8D85B1 
  23 0014 7B4EDB0D 		.ascii	"{N\333\015V\246\233\253\177M\347d\000\000V\214\010c"
  23      56A69BAB 
  23      7F4DE764 
  23      0000568C 
  23      0863
  24              		.text
  25              		.section	.gnu.lto_.jmpfuncs.d74b9be3,"",%progbits
  26 0000 789C6361 		.ascii	"x\234ca`d\000\201V\006\004`b`a\004\002~\020\301\002"
  26      60640081 
  26      56060460 
  26      62606104 
  26      027E10C1 
  27 0015 E433FE65 		.ascii	"\3443\376eb<\372\377\373\001\376/L\255\314\014\214L"
  27      623CFAFF 
  27      FB01FE2F 
  27      4CADCC0C 
  27      8C4C
  28 0027 8CCB1965 		.ascii	"\214\313\031e\030\030\330@*+\231\300$3\220\344\001)"
  28      1818D840 
  28      2A2B99C0 
  28      243390E4 
  28      0129
  29 0039 9BB5FBCB 		.ascii	"\233\265\373\313)V\2102\016\306\025 eL\225`#+A\3260"
  29      29568832 
  29      0EC61520 
  29      654C9560 
  29      232B41D6 
ARM GAS  C:\Users\elias\AppData\Local\Temp\ccLiRlTk.s 			page 2


  30 004e 4284400A 		.ascii	"B\204@\012\327\277\331\371\223\027\242\220\201q%X\024"
  30      D7BFD9F9 
  30      9317A290 
  30      81712558 
  30      14
  31 005f 42318111 		.ascii	"B1\201\021\003\003\000\215\362\030\033"
  31      0303008D 
  31      F2181B
  32              		.text
  33              		.section	.gnu.lto_.inline.d74b9be3,"",%progbits
  34 0000 789C6361 		.ascii	"x\234ca`d\000\001\177\006\004`b`\020\325gd`\3428`\307"
  34      60640001 
  34      7F060460 
  34      626010D5 
  34      676460E2 
  35 0017 C0B6409E 		.ascii	"\300\266@\236\011$\306\314\003\024\237\340\307\300\302"
  35      0924C6CC 
  35      03149FE0 
  35      C7C0C2
  36 0026 0B644FF0 		.ascii	"\013dO\360\003Av\001\006\0066\006\020\013\254\207\215"
  36      03417601 
  36      06063606 
  36      100BAC87 
  36      8D
  37 0037 0FA885E9 		.ascii	"\017\250\205\351\002?\\\013\0237\003\003#P\022\000\264"
  37      023F5C0B 
  37      13370303 
  37      23501200 
  37      B4
  38 0048 960A8E   		.ascii	"\226\012\216"
  39              		.text
  40              		.section	.gnu.lto_.pureconst.d74b9be3,"",%progbits
  41 0000 789C6361 		.ascii	"x\234ca`d`e```b\220`\222\000\000\000\347\000?"
  41      60646065 
  41      60606062 
  41      90609200 
  41      0000E700 
  42              		.text
  43              		.section	.gnu.lto_DMA_DmaInitialize.d74b9be3,"",%progbits
  44 0000 789C9592 		.ascii	"x\234\225\222Mh\023A\024\307\347\315$\331\270M\322\334"
  44      4D681341 
  44      14C7E7CD 
  44      24D9B84D 
  44      D2DC
  45 0012 3C988382 		.ascii	"<\230\203\202P{QA\004OBm\301\223R\032\274UKi\366hS7"
  45      507B5141 
  45      044F426D 
  45      C193521A 
  45      BC554B69 
  46 002a E939D3C4 		.ascii	"\3519\323\304\250\005\017\026\332\372\0015\250\224V"
  46      A8050F16 
  46      DAFA0135 
  46      A89456
  47 0039 6D8DF13B 		.ascii	"m\215\361;\255\326\304\017\024-\026m=\351A<\004\011"
  47      ADD6C40F 
  47      142D166D 
  47      3DE9413C 
ARM GAS  C:\Users\elias\AppData\Local\Temp\ccLiRlTk.s 			page 3


  47      0409
  48 004b 81A6256D 		.ascii	"\201\246%mQ\210\353{\223\030\205\366\322\205eg\337\276"
  48      5188EB7B 
  48      931885F6 
  48      D2856567 
  48      DFBE
  49 005d FFFFFF7B 		.ascii	"\377\377\377{\263cc\300\350\232\024\214\235\300\347"
  49      B36363C0 
  49      E89A148C 
  49      9DC0E7
  50 006c 36BC4130 		.ascii	"6\274A0\340\027>0\326\347\344\000\264\220N`\021\016"
  50      E0173E30 
  50      D6E7E400 
  50      B4904E60 
  50      110E
  51 007e 1158E165 		.ascii	"\021X\341e\016\357\327\336\236\327\033\307\244\214\312"
  51      0EEFD7DE 
  51      9ED71BC7 
  51      A48CCA
  52 008d 6FA3CB07 		.ascii	"o\243\313\007.\216g \216r\2133\330\347\203\275>\262"
  52      2E8E6720 
  52      8E728B33 
  52      D8E783BD 
  52      3EB2
  53 009f 188346EC 		.ascii	"\030\203F\354\\\230\230\353\367\210\235\300p}up\266"
  53      5C9898EB 
  53      F7889DC0 
  53      707D7570 
  53      B6
  54 00b0 241A4649 		.ascii	"$\032FI%\255v)P\002\343 \376\251\310\003nB\003\366."
  54      25AD7629 
  54      5002E320 
  54      FEA9C803 
  54      6E4203F6 
  55 00c5 CE5FDF2A 		.ascii	"\316_\337*\366(\331@\342M\336^\225\315\037\257\310n"
  55      F628D940 
  55      E24DDE5E 
  55      95CD1FAF 
  55      C86E
  56 00d7 AD93DD56 		.ascii	"\255\223\335V\262\327\326Z\246\276\304\343\002\2008"
  56      B2D7D65A 
  56      A6BEC4E3 
  56      028038
  57 00e6 3F156747 		.ascii	"?\025gG\352\350\225\203\027_\0137\256-\270\304A\345"
  57      EAE89583 
  57      175F0B37 
  57      AE2DB8C4 
  57      41E5
  58 00f8 1A2D2FCF 		.ascii	"\032-/\317x\252\256\2513.\331\032\027\002\356Tl'\301"
  58      78AAAEA9 
  58      332ED91A 
  58      1702EE54 
  58      6C27C1
  59 010b 071340C6 		.ascii	"\007\023@\306\030\225T\306S\277r\213\036qTI\007_\246"
  59      189554C6 
  59      53BF728B 
  59      1E715449 
ARM GAS  C:\Users\elias\AppData\Local\Temp\ccLiRlTk.s 			page 4


  59      075FA6
  60 011e ADBF4003 		.ascii	"\255\277@\003g\253\322\273\033HS\320@\375\337S\277\207"
  60      67ABD2BB 
  60      1B4853D0 
  60      40FDDF53 
  60      BF87
  61 0130 DC8ED312 		.ascii	"\334\216\323\022\257\355\264GH{\017\034\264\353\311"
  61      AFEDB447 
  61      487B0F1C 
  61      B4EBC9
  62 013f B68CB4AC 		.ascii	"\266\214\264\254\230\314\014i\331\257\232\033\251qz"
  62      98CC0C69 
  62      D9AF9A1B 
  62      A9717A
  63 014e 1BD0300E 		.ascii	"\033\3200\016\264\260i@\361N '\235\012.5,+\242\011\375"
  63      B4B06940 
  63      F14E2027 
  63      9D0A2E35 
  63      2C2BA209 
  64 0163 9525CEE9 		.ascii	"\225%\316\351)r\020-\025s);\371b\340p\374\305\234Fc"
  64      2972102D 
  64      1573293B 
  64      F962E070 
  64      FCC59C46 
  65 0178 DB156F3A 		.ascii	"\333\025o:]\370\242E\312\362\234\224^\254\365\223\003"
  65      5DF8A245 
  65      CAF29C94 
  65      5EACF593 
  65      03
  66 0189 96F3B39F 		.ascii	"\226\363\263\237_\351\011\030\351\223\252\316\340\001"
  66      5FE90918 
  66      E993AACE 
  66      E001
  67 0197 FEDEFBC8 		.ascii	"\376\336\373\310\316\340!$\000;\256L\227\336\331\311"
  67      CEE02124 
  67      003BAE4C 
  67      97DED9C9 
  68 01a7 C7064E78 		.ascii	"\307\006Nx\204_~\300eyiu\027\305\2547vX\034g\202\307"
  68      845F7EC0 
  68      65796975 
  68      17C5AC37 
  68      76581C67 
  69 01bd 1061D41C 		.ascii	"\020a\324\034\023\"\206B\\ag\262\220\376\351\25681x"
  69      13228642 
  69      5C6167B2 
  69      90FEE9AE 
  69      383178
  70 01d0 827B8477 		.ascii	"\202{\204w\\h\014\301\207\007J@\2061\341\330\004k\272"
  70      5C680CC1 
  70      87074A40 
  70      8631E1D8 
  70      046BBA
  71 01e3 C63A85AC 		.ascii	"\306:\205\254\010\346\330\030\312i\341\0261\230F(\014"
  71      08E6D818 
  71      CA69E116 
  71      31984628 
  71      0C
ARM GAS  C:\Users\elias\AppData\Local\Temp\ccLiRlTk.s 			page 5


  72 01f4 88092D26 		.ascii	"\210\011-&\234q\261E\005\177\\\251\006\353\233\010~"
  72      9C71B145 
  72      057F5CA9 
  72      06EB9B08 
  72      7E
  73 0205 5A0B7E56 		.ascii	"Z\013~V\011\266o\034\254[\234\216\345\214\012\326\377"
  73      09B66F1C 
  73      AC5B9C8E 
  73      E58C0AD6 
  73      FF
  74 0216 3F9A36E0 		.ascii	"?\2326\340\360\234\306\257S\024K\253YQ\301pm\002#S\303"
  74      F09CC6AF 
  74      53144BAB 
  74      5951C170 
  74      6D022353 
  75 022b C812461E 		.ascii	"\310\022F\036=+\036L\035\017\240c\201\203\3578lt\033"
  75      3D2B1E4C 
  75      1D0FA063 
  75      8183EF38 
  75      6C741B
  76 023e 6667D808 		.ascii	"fg\330\010t\370\203\275f\227\321\336\352\0176\357oo"
  76      74F883BD 
  76      6697D1DE 
  76      EA0F36EF 
  76      6F6F
  77 0250 39D2D411 		.ascii	"9\322\324\0218\331\271\273\213\351\207z\315P\2709\330"
  77      38D9B9BB 
  77      8BE9877A 
  77      CD50B839 
  77      D8
  78 0261 DB1DF6B4 		.ascii	"\333\035\366\264\031\247\214P\270\3250U\255\376XO\217"
  78      19A78C50 
  78      B8D53055 
  78      ADFE584F 
  78      8F
  79 0272 61FACDAE 		.ascii	"a\372\315\256\246@\3004B!\257zo\301\216j\341\017Y\377"
  79      A640C034 
  79      4221AF7A 
  79      6FC18E6A 
  79      E10F59FF 
  80 0286 5B91     		.ascii	"[\221"
  81              		.text
  82              		.section	.gnu.lto_DMA_DmaRelease.d74b9be3,"",%progbits
  83 0000 789C654E 		.ascii	"x\234eN=K\003Q\020\334\331w&\341@\260\327B\261J#X\370"
  83      3D4B0351 
  83      10DCD977 
  83      26E140B0 
  83      D742B14A 
  84 0017 03444110 		.ascii	"\003DA\020\004I\332@\010\311\225\032\010Z\337K\342\241"
  84      0449DA40 
  84      08C9951A 
  84      085ADF4B 
  84      E2A1
  85 0029 7636A693 		.ascii	"v6\246\223t&~\200\210\215\327\235\301\322\217\312\312"
  85      74267E80 
  85      888DD79D 
  85      C1D28FCA 
ARM GAS  C:\Users\elias\AppData\Local\Temp\ccLiRlTk.s 			page 6


  85      CA
  86 003a 462C8204 		.ascii	"F,\202\004\213\004\264\214\347\356Y:\360\330\307\354"
  86      8B04B48C 
  86      E7EE593A 
  86      F0D8C7EC 
  87 004a ECCC3804 		.ascii	"\354\3148\004R\244d\314\313\234\226\007C\340\243'\242"
  87      52A464CC 
  87      CB9C9607 
  87      43E0A327 
  87      A2
  88 005b 7A8601FD 		.ascii	"z\206\001\375\330\014\310g\370\370\3461\243\267\337"
  88      D80CC867 
  88      F8F8E631 
  88      A3B7DF
  89 006a 0F39DBB1 		.ascii	"\0179\333\261\202\267\340t\321v#\004\206(\346\304\211"
  89      82B7E074 
  89      D1762304 
  89      8628E6C4 
  89      89
  90 007b D0419644 		.ascii	"\320A\226D\366~\375s<\231\332S\331\354\337\022]h\016"
  90      F67EFD73 
  90      3C99DA53 
  90      D9ECDF12 
  90      5D680E
  91 008e 5DE5221B 		.ascii	"]\345\"\033\307M\033\335\270w\267\256\303\024\030\241"
  91      C74D1BDD 
  91      B877B7AE 
  91      C31418A1 
  92 009e 8722D1B0 		.ascii	"\207\"\321\260\021\263N\323G\2435z\314\351Q\323hn+\350"
  92      11B34ED3 
  92      47A3357A 
  92      CCE951D3 
  92      686E2BE8 
  93 00b2 3DA7BF38 		.ascii	"=\247\27780\014\365\017\303\317\327\264?\266\007\326"
  93      300CF50F 
  93      C3CFD7B4 
  93      3FB607D6 
  94 00c2 4E097728 		.ascii	"N\011w(\025\224\036<\274\334\273m\234\324m\302\033\234"
  94      15941E3C 
  94      BCDCBB6D 
  94      9CD46DC2 
  94      1B9C
  95 00d4 4BEF33CC 		.ascii	"K\3573\314H\374\005\332\240\0178j\371\337\301\211\305"
  95      48FC05DA 
  95      A00F386A 
  95      F9DFC189 
  95      C5
  96 00e5 9770099F 		.ascii	"\227p\011\237$/0\0234@#\012\327\023\265b({)&5\347\326"
  96      242F3013 
  96      3440230A 
  96      D713B562 
  96      287B2926 
  97 00fc BC6DAF56 		.ascii	"\274m\257V\332\361*\305|u\267V\366\012\233\371\352\312"
  97      DAF12AC5 
  97      7C75B756 
  97      F60A9BF9 
  97      EACA
ARM GAS  C:\Users\elias\AppData\Local\Temp\ccLiRlTk.s 			page 7


  98 010e 52617563 		.ascii	"Rauc\271X\331*-\224\351\027\355dg]"
  98      B958D92A 
  98      2D94E917 
  98      ED64675D 
  99              		.text
 100              		.section	.gnu.lto_.symbol_nodes.d74b9be3,"",%progbits
 101 0000 789C558C 		.ascii	"x\234U\214\261\015\2000\014\004\317q\222\001\230\000"
 101      B10D8030 
 101      0C04CF71 
 101      92019800 
 102 0010 26759028 		.ascii	"&u\220()\230\207:53\300\"\010'\025\371\346t\377\322"
 102      2998873A 
 102      3533C022 
 102      082715F9 
 102      E674FFD2 
 103 0024 47841D4F 		.ascii	"G\204\035O\020\203\343\002\307Y\026H\260Nm\010&\303"
 103      1083E302 
 103      C7591648 
 103      B04E6D08 
 103      26C3
 104 0036 20C9422F 		.ascii	" \311B/\240\224\331=\232\016\256\026\007\317\226\376"
 104      A094D93D 
 104      9A0EAE16 
 104      07CF96FE 
 105 0046 AE7E5DEF 		.ascii	"\256~]\357W\224\310\3664*\2651\344\336\363\001\314\364"
 105      5794C8F6 
 105      342AB531 
 105      E4DEF301 
 105      CCF4
 106 0058 1F26     		.ascii	"\037&"
 107              		.text
 108              		.section	.gnu.lto_.refs.d74b9be3,"",%progbits
 109 0000 789C0DC7 		.ascii	"x\234\015\307I\021\000 \000\000!\326c,`\377\254\312"
 109      49110020 
 109      000021D6 
 109      632C60FF 
 109      ACCA
 110 0012 8F25174B 		.ascii	"\217%\027K\245\251\255\323\370\365\000\003\311\0008"
 110      A5A9ADD3 
 110      F8F50003 
 110      C90038
 111              		.text
 112              		.section	.gnu.lto_.decls.d74b9be3,"",%progbits
 113 0000 789C8D54 		.ascii	"x\234\215TkL\024W\024\23633.\353\362\262\306\2644\331"
 113      6B4C1457 
 113      149E3333 
 113      2EEBF2B2 
 113      C6B434D9 
 114 0014 A6D444E1 		.ascii	"\246\324D\341GCK\2326\375\325\204\254E\373\303\306\224"
 114      47434B9A 
 114      36FDD584 
 114      AC45FBC3 
 114      C694
 115 0026 D6A48989 		.ascii	"\326\244\211\211Y\330i\335\004\227\206]\222\322\244"
 115      59D869DD 
 115      0497865D 
 115      92D2A4
ARM GAS  C:\Users\elias\AppData\Local\Temp\ccLiRlTk.s 			page 8


 116 0035 C9543055 		.ascii	"\311T0U\324\026\032C\013\305\210\230*\010\310S\236J"
 116      D4161A43 
 116      0BC58898 
 116      2A08C853 
 116      9E4A
 117 0047 17ABF250 		.ascii	"\027\253\362P@\004\345-\310\202\226\024R\020\214R\012"
 117      4004E52D 
 117      C8829614 
 117      52108C52 
 117      0A
 118 0058 F4DCC7EC 		.ascii	"\364\334\307\354\354\232l\343\315\236\235{\317\375\316"
 118      EC9A6CE3 
 118      CD9E9D7B 
 118      CFFDCE
 119 0067 F9CE77EE 		.ascii	"\371\316w\356\235\221\005\020\310x\024$\010\033p:\213"
 119      9D910510 
 119      C8781424 
 119      081B703A 
 119      8B
 120 0078 F3751C12 		.ascii	"\363u\034\022>\367\242\221]\263\300\206\001\355\012"
 120      3EF7A291 
 120      5DB3C086 
 120      01ED0A
 121 0087 9A1BAD13 		.ascii	"\232\033\255\023\3556\332\020\332\030\307M\010\376\203"
 121      ED36DA10 
 121      DA18C74D 
 121      08FE83
 122 0096 6043D0EA 		.ascii	"`C\320\352\3216\243mA\253\340\371\036\240M\242\015\242"
 122      D136A36D 
 122      41ABE0F9 
 122      1EA04DA2 
 122      0DA2
 123 00a8 79D07AD0 		.ascii	"y\320z\320\246\320:x\254\314\343\2078Og\000\0167\257"
 123      A6D03A78 
 123      ACCCE387 
 123      384F6700 
 123      0E37AF
 124 00bb 6BAF4F5E 		.ascii	"k\257O^\3027\2156\3121\"\307\005\252sU\204\365\323\265"
 124      C2378D36 
 124      CA3122C7 
 124      05AA7355 
 124      84F5D3B5 
 125 00cf 3F1A4760 		.ascii	"?\032G`\010$\2017D\000`\377@M`F\2278\021\0056\321\\"
 125      08248137 
 125      440060FF 
 125      404D6046 
 125      97381105 
 126 00e6 DE217088 		.ascii	"\336!p\210\250M\365d\364\307\343a]\0334\211\236\035"
 126      A84DF564 
 126      F4C7E361 
 126      5D1B3489 
 126      9E1D
 127 00f8 78105BF3 		.ascii	"x\020[\363`\201\007\201\250\023\000[j\021>\371\236\253"
 127      60810781 
 127      A813005B 
 127      6A113EF9 
 127      9EAB
ARM GAS  C:\Users\elias\AppData\Local\Temp\ccLiRlTk.s 			page 9


 128 010a 48AB59A3 		.ascii	"H\253Y\243\241\355\240\242\353\362\272\217\310\222\010"
 128      A1EDA0A2 
 128      EBF2BA8F 
 128      C89208
 129 0119 643EBE5C 		.ascii	"d>\276\\\034\037S\246\342\310VU\361M\2753\277\375\263"
 129      1C1F53A6 
 129      E2C85655 
 129      F14DBD33 
 129      BFFDB3
 130 012c 322F2D89 		.ascii	"2/-\211\260\335\2045K\350\250\230m\\\016e\016\262_|"
 130      B0DD8435 
 130      4BE8A898 
 130      6D5C0E65 
 130      0EB25F7C 
 131 0140 E6468D49 		.ascii	"\346F\215Iz\215\316\257\257?u\207\343\326f\023\210\270"
 131      7A8DCEAF 
 131      AF3F7587 
 131      E3D66613 
 131      88B8
 132 0152 BC337FEB 		.ascii	"\2743\177\353T0.\267\230`\323\252(\026\234l-7\200)\372"
 132      54302EB7 
 132      9860D3AA 
 132      28169C6C 
 132      2D378029 
 133 0167 88AA1E52 		.ascii	"\210\252\036R\325\014\325T\034&\300E0C9\230\005\250"
 133      D50CD554 
 133      1C26C045 
 133      30433998 
 133      05A8
 134 0179 846892B2 		.ascii	"\204h\222\262\004b\004(E\347\005t\236#\365L\344\315"
 134      04620428 
 134      45E70574 
 134      9E23F54C 
 134      E4CD
 135 018b 7CD0A8AA 		.ascii	"|\320\250\252\233\240\002LP\006\022\205\240\230\355"
 135      9BA0024C 
 135      50061285 
 135      A098ED
 136 019a 2656606E 		.ascii	"&V`n\337\3222\310(\212\002\022e\342+\372{1\307\350\365"
 136      DFD232C8 
 136      288A0212 
 136      65E22BFA 
 136      7B31C7E8 
 137 01af 55017556 		.ascii	"U\001uV\034\236*1b9fT\002>B\314LH^\216g-X\212's\261"
 137      1C9E2A31 
 137      62396654 
 137      023E42CC 
 137      4C485E8E 
 138 01ca CF533A23 		.ascii	"\317S:#C\264\211\026\340\256~]\025\241\036\023]\322"
 138      43B48916 
 138      E0AE7E5D 
 138      15A11E13 
 138      5DD2
 139 01dc D9CD849D 		.ascii	"\331\315\204\235*\231/R\015\021\002\274c\206\267QF\035"
 139      2A992F52 
 139      0D1102BC 
 139      6386B751 
ARM GAS  C:\Users\elias\AppData\Local\Temp\ccLiRlTk.s 			page 10


 139      461D
 140 01ee CA307319 		.ascii	"\3120s\031\265(\243\006e`r\317P\316b0-\210\344\251f"
 140      B528A306 
 140      656072CF 
 140      50CE6230 
 140      2D88E4A9 
 141 0203 050D2C54 		.ascii	"\005\015,T\347\206{\235\015\314\331\233YY \261\036\312"
 141      E7867B9D 
 141      0DCCD99B 
 141      595920B1 
 141      1ECA
 142 0215 B85CE8CA 		.ascii	"\270\\\350\312\367\204\261\036F\022a\337\3759\2671\""
 142      F784B11E 
 142      461261DF 
 142      FD39B731 
 142      22
 143 0226 979E5386 		.ascii	"\227\236S\206\032)\323\310f\344iB\036\001.C\004\376"
 143      1A29D3C8 
 143      66E46942 
 143      1E012E43 
 143      04FE
 144 0238 3782CC5A 		.ascii	"7\202\314Z\2636:\337\031\266\265P-\254T'\032o\330\026"
 144      B3363ADF 
 144      19B6B550 
 144      2DAC5427 
 144      1A6FD816 
 145 024c AA55F528 		.ascii	"\252U\365(F\312\004\007\305\272\230br\355\0058\017#"
 145      46CA0407 
 145      C5BA9862 
 145      72ED0538 
 145      0F23
 146 025e 7845AEC0 		.ascii	"xE\256\300V\014}z\365\361\017a\222\203vf\265\343\327"
 146      560C7D7A 
 146      F5F10F61 
 146      92837666 
 146      B5E3D7
 147 0271 7CD19774 		.ascii	"|\321\227t\357\313>\234\277S\316DN\371S\376\322u\231"
 147      EFCB3E9C 
 147      BF53CE44 
 147      4EF953FE 
 147      D27599
 148 0284 51BAABB2 		.ascii	"Q\272\253\262\244<\325\235\211a\"AA\213\316\330\342"
 148      A43CD59D 
 148      89612241 
 148      418BCED8 
 148      E2
 149 0295 CBE8A68C 		.ascii	"\313\350\246\214\355y\027jd\351[\3128\375\363\351\277"
 149      ED79176A 
 149      64E95BCA 
 149      38FDF3E9 
 149      BF
 150 02a6 0CDECEB0 		.ascii	"\014\336\316\2603}v\371\324\260\350\365]e\335\032k/"
 150      337D76F9 
 150      D4B0E8F5 
 150      5D65DD1A 
 150      6B2F
 151 02b8 2925DD8A 		.ascii	")%\335\2122\3217*\334\347X\243\330\261\336\255;<\033"
ARM GAS  C:\Users\elias\AppData\Local\Temp\ccLiRlTk.s 			page 11


 151      32D1372A 
 151      DCE758A3 
 151      D8B1DEAD 
 151      3B3C1B
 152 02cb 2C9D007A 		.ascii	",\235\000z\256\345g\216Wx\257 j\331\334\216WP\223\002"
 152      AEE5678E 
 152      5778AF20 
 152      6AD9DC8E 
 152      57509302 
 153 02df ED787651 		.ascii	"\355xvQ\374\354\256\243\363\232~\005\347>\255\372\236"
 153      FCECAEA3 
 153      F39A7E05 
 153      E73EADFA 
 153      9E
 154 02f0 C86843EA 		.ascii	"\310hC\352\033\272\214(~\007g\373\357\253F\337\016\265"
 154      1BBA8C28 
 154      7E0767FB 
 154      EFAB46DF 
 154      0EB5
 155 0302 F91D4B07 		.ascii	"\371\035K\007m\321\037\332\2614\014\237\310\025\261"
 155      6DD11FDA 
 155      B1340C9F 
 155      C815B1
 156 0311 47139879 		.ascii	"G\023\230y,+&\277Z\315\334H0\320\252gn\245\015\302I"
 156      2C2B26BF 
 156      5ACDDC48 
 156      30D0AA67 
 156      6EA50DC2 
 157 0326 276DCEC3 		.ascii	"'m\316\303\351'CAR=U\361\0027\376\026\353\216\377\255"
 157      E9274341 
 157      523D55F1 
 157      0237FE16 
 157      EB8EFFAD 
 158 033a EB62CE9B 		.ascii	"\353b\316\233m\243\345R\340Z{h\255\335Z\255\207\006"
 158      6DA3E552 
 158      E05A7B68 
 158      ADDD5AAD 
 158      8706
 159 034c 1A9A6456 		.ascii	"\032\232dV\253\273I\301:q\037n\352u\336\324\352\274"
 159      ABBB49C1 
 159      3A711F6E 
 159      EA75DED4 
 159      EABC
 160 035e 4DEB2C79 		.ascii	"M\353,y43\027*\365\302\013\236\342\035V\322\321\214"
 160      3433172A 
 160      F5C20B9E 
 160      E21D56D2 
 160      D18C
 161 0370 C54293D7 		.ascii	"\305B\223\327\331\307\234\355\303e+:\262\2379\273\312"
 161      D9C79CED 
 161      C3652B3A 
 161      B29F39BB 
 161      CA
 162 0381 4FEEF6FA 		.ascii	"O\356\366\372\3562\337h\373\321f=\372\036\177\331\317"
 162      EE32DF68 
 162      FBD1663D 
 162      FA1E7FD9 
ARM GAS  C:\Users\elias\AppData\Local\Temp\ccLiRlTk.s 			page 12


 162      CF
 163 0392 E737FC8F 		.ascii	"\3477\374\217\312A\252r@Sy6\373\227\354p\256\362\036"
 163      CA41AA72 
 163      40537936 
 163      FB97EC70 
 163      AEF21E
 164 03a5 5189FBD0 		.ascii	"Q\211\373\320\253\253\354\325T\016Q\225mU\267\347\202"
 164      ABABECD5 
 164      540E5195 
 164      6D55B7E7 
 164      82
 165 03b6 A599C02A 		.ascii	"\245\231\300*W\272+/\212\201\331G)\373\210\306\376\270"
 165      57BA2B2F 
 165      8A81D947 
 165      29FB88C6 
 165      FEB8
 166 03c8 63F15110 		.ascii	"c\361Q\020g\257%\354\270\017\303:\373\260\306>F\331"
 166      67AF25EC 
 166      B80FC33A 
 166      FBB0C63E 
 166      46D9
 167 03da C78F4D9E 		.ascii	"\307\217M\2363,\261/\022\375\220=i^k\010\222\236\261"
 167      332CB12F 
 167      12FD903D 
 167      695E6B08 
 167      929EB1
 168 03ed 720A068F 		.ascii	"r\012\006\217\267\210\333\316\252\205E\344\235\217_"
 168      B788DBCE 
 168      AA8545E4 
 168      9D8F5F
 169 03fc B8A8AA12 		.ascii	"\270\250\252\022\205\216\263\204\374C%\320\365}r\355"
 169      858EB384 
 169      FC4325D0 
 169      F57D72ED 
 170 040c 27601BC6 		.ascii	"'`\033\306\035\353\3777.$K\177/\236\373\262<\200\020"
 170      1DEBFF37 
 170      2E244B7F 
 170      2F9EFBB2 
 170      3C8010
 171 041f 5A023E11 		.ascii	"Z\002>\021|\244h\244+\324\017M\032\246\243'9z\222\242"
 171      7CA468A4 
 171      2BD40F4D 
 171      1AA6A327 
 171      397A92A2 
 172 0433 AF3D196C 		.ascii	"\257=\031l1\370\241{\374\320\036\216\366P\364rf\326"
 172      31F8A17B 
 172      FCD01E8E 
 172      F650F472 
 172      66D6
 173 0445 8C3FBAC3 		.ascii	"\214?\272\303\017=\305\321S\024\375\260\343\316\252"
 173      0F3DC5D1 
 173      5314FDB0 
 173      E3CEAA
 174 0454 D10F3DEA 		.ascii	"\321\017=\352\207\236\346h\362|i\307\356\270\375;\016"
 174      879EE668 
 174      F27C69C7 
 174      EEB8FD3B 
ARM GAS  C:\Users\elias\AppData\Local\Temp\ccLiRlTk.s 			page 13


 174      0E
 175 0465 5A3F72D8 		.ascii	"Z?r\330]vk\262\375\033\305\270\363\343\317\"-\261\261"
 175      5D766BB2 
 175      FD1BC5B8 
 175      F3E3CF22 
 175      2DB1B1
 176 0478 8221CDEE 		.ascii	"\202!\315\356p\305\276\367\306N\305\241\244Z]\212m\177"
 176      70C5BEF7 
 176      C64EC5A1 
 176      A45A5D8A 
 176      6D7F
 177 048a 424A5A6A 		.ascii	"BJZj\222\262oOB\212\345\335\267\222\322]\351_)\316\230"
 177      92B26F4F 
 177      428AE5DD 
 177      B792D25D 
 177      E95F29CE 
 178 049f 03C20602 		.ascii	"\003\302\006\002|?\000n\037!\260\035\264\306$\011a\234"
 178      7C3F006E 
 178      1F21B01D 
 178      B4C62409 
 178      619C
 179 04b1 EB132559 		.ascii	"\353\023%Y\261:\225pK:.,\007\366\244\332SR\355\256t"
 179      B13A9570 
 179      4B3A2E2C 
 179      07F6A4DA 
 179      5352EDAE 
 180 04c6 6352BAD3 		.ascii	"cR\272\323eu\2459#\0030Z>\307\004\226\230]\302\253<"
 180      6575A539 
 180      2303305A 
 180      3EC70496 
 180      985DC2AB 
 181 04db 3241717D 		.ascii	"2Aq}\370\265Kq\330\024[\234\315\226\2528\235\257\350"
 181      F8B54B71 
 181      D8145B9C 
 181      CD96AA38 
 181      9DAFE8
 182 04ee 3B9614C7 		.ascii	";\226\024\307\027\366/\3230\217=\305\021\306\375;\354"
 182      17F62FD3 
 182      308F3DC5 
 182      11C6FD3B 
 182      EC
 183 04ff 4E6B62B2 		.ascii	"Nkb\262\022\312+\331eu\330\222\225\377\000Q$\253!"
 183      12CA2BD9 
 183      6575D892 
 183      95FF0051 
 183      24AB21
 184              		.text
 185              		.section	.gnu.lto_.symtab.d74b9be3,"",%progbits
 186 0000 444D415F 		.ascii	"DMA_DmaInitialize\000"
 186      446D6149 
 186      6E697469 
 186      616C697A 
 186      6500
 187 0012 00       		.ascii	"\000"
 188 0013 00       		.ascii	"\000"
 189 0014 00       		.ascii	"\000"
 190 0015 00000000 		.ascii	"\000\000\000\000\000\000\000\000"
ARM GAS  C:\Users\elias\AppData\Local\Temp\ccLiRlTk.s 			page 14


 190      00000000 
 191 001d BD000000 		.ascii	"\275\000\000\000"
 192 0021 444D415F 		.ascii	"DMA_DmaHandle\000"
 192      446D6148 
 192      616E646C 
 192      6500
 193 002f 00       		.ascii	"\000"
 194 0030 00       		.ascii	"\000"
 195 0031 00       		.ascii	"\000"
 196 0032 00000000 		.ascii	"\000\000\000\000\000\000\000\000"
 196      00000000 
 197 003a E0000000 		.ascii	"\340\000\000\000"
 198 003e 444D415F 		.ascii	"DMA_DmaRelease\000"
 198      446D6152 
 198      656C6561 
 198      736500
 199 004d 00       		.ascii	"\000"
 200 004e 00       		.ascii	"\000"
 201 004f 00       		.ascii	"\000"
 202 0050 00000000 		.ascii	"\000\000\000\000\000\000\000\000"
 202      00000000 
 203 0058 C0000000 		.ascii	"\300\000\000\000"
 204 005c 4379446D 		.ascii	"CyDmaChPriority\000"
 204      61436850 
 204      72696F72 
 204      69747900 
 205 006c 00       		.ascii	"\000"
 206 006d 02       		.ascii	"\002"
 207 006e 00       		.ascii	"\000"
 208 006f 00000000 		.ascii	"\000\000\000\000\000\000\000\000"
 208      00000000 
 209 0077 CA000000 		.ascii	"\312\000\000\000"
 210 007b 4379446D 		.ascii	"CyDmaChSetExtendedAddress\000"
 210      61436853 
 210      65744578 
 210      74656E64 
 210      65644164 
 211 0095 00       		.ascii	"\000"
 212 0096 02       		.ascii	"\002"
 213 0097 00       		.ascii	"\000"
 214 0098 00000000 		.ascii	"\000\000\000\000\000\000\000\000"
 214      00000000 
 215 00a0 D0000000 		.ascii	"\320\000\000\000"
 216 00a4 4379446D 		.ascii	"CyDmaChSetConfiguration\000"
 216      61436853 
 216      6574436F 
 216      6E666967 
 216      75726174 
 217 00bc 00       		.ascii	"\000"
 218 00bd 02       		.ascii	"\002"
 219 00be 00       		.ascii	"\000"
 220 00bf 00000000 		.ascii	"\000\000\000\000\000\000\000\000"
 220      00000000 
 221 00c7 D9000000 		.ascii	"\331\000\000\000"
 222 00cb 4379446D 		.ascii	"CyDmaChDisable\000"
 222      61436844 
 222      69736162 
ARM GAS  C:\Users\elias\AppData\Local\Temp\ccLiRlTk.s 			page 15


 222      6C6500
 223 00da 00       		.ascii	"\000"
 224 00db 02       		.ascii	"\002"
 225 00dc 00       		.ascii	"\000"
 226 00dd 00000000 		.ascii	"\000\000\000\000\000\000\000\000"
 226      00000000 
 227 00e5 DD000000 		.ascii	"\335\000\000\000"
 228              		.text
 229              		.section	.gnu.lto_.opts,"",%progbits
 230 0000 272D666D 		.ascii	"'-fmath-errno' '-fsigned-zeros' '-ftrapping-math' '"
 230      6174682D 
 230      6572726E 
 230      6F272027 
 230      2D667369 
 231 0033 2D666E6F 		.ascii	"-fno-trapv' '-fno-openmp' '-fno-openacc' '-mcpu=cor"
 231      2D747261 
 231      70762720 
 231      272D666E 
 231      6F2D6F70 
 232 0066 7465782D 		.ascii	"tex-m3' '-mthumb' '-g' '-O3' '-ffunction-sections' "
 232      6D332720 
 232      272D6D74 
 232      68756D62 
 232      2720272D 
 233 0099 272D6666 		.ascii	"'-ffat-lto-objects' '-finline-functions' '-flto'\000"
 233      61742D6C 
 233      746F2D6F 
 233      626A6563 
 233      74732720 
 234              		.text
 235              		.cfi_sections	.debug_frame
 236              		.section	.text.DMA_DmaInitialize,"ax",%progbits
 237              		.align	2
 238              		.global	DMA_DmaInitialize
 239              		.thumb
 240              		.thumb_func
 241              		.type	DMA_DmaInitialize, %function
 242              	DMA_DmaInitialize:
 243              	.LFB0:
 244              		.file 1 "Generated_Source\\PSoC5\\DMA_dma.c"
   1:Generated_Source\PSoC5/DMA_dma.c **** /***************************************************************************
   2:Generated_Source\PSoC5/DMA_dma.c **** * File Name: DMA_dma.c  
   3:Generated_Source\PSoC5/DMA_dma.c **** * Version 1.70
   4:Generated_Source\PSoC5/DMA_dma.c **** *
   5:Generated_Source\PSoC5/DMA_dma.c **** *  Description:
   6:Generated_Source\PSoC5/DMA_dma.c **** *   Provides an API for the DMAC component. The API includes functions
   7:Generated_Source\PSoC5/DMA_dma.c **** *   for the DMA controller, DMA channels and Transfer Descriptors.
   8:Generated_Source\PSoC5/DMA_dma.c **** *
   9:Generated_Source\PSoC5/DMA_dma.c **** *
  10:Generated_Source\PSoC5/DMA_dma.c **** *   Note:
  11:Generated_Source\PSoC5/DMA_dma.c **** *     This module requires the developer to finish or fill in the auto
  12:Generated_Source\PSoC5/DMA_dma.c **** *     generated funcions and setup the dma channel and TD's.
  13:Generated_Source\PSoC5/DMA_dma.c **** *
  14:Generated_Source\PSoC5/DMA_dma.c **** ********************************************************************************
  15:Generated_Source\PSoC5/DMA_dma.c **** * Copyright 2008-2010, Cypress Semiconductor Corporation.  All rights reserved.
  16:Generated_Source\PSoC5/DMA_dma.c **** * You may use this file only in accordance with the license, terms, conditions, 
  17:Generated_Source\PSoC5/DMA_dma.c **** * disclaimers, and limitations in the end user license agreement accompanying 
ARM GAS  C:\Users\elias\AppData\Local\Temp\ccLiRlTk.s 			page 16


  18:Generated_Source\PSoC5/DMA_dma.c **** * the software package with which this file was provided.
  19:Generated_Source\PSoC5/DMA_dma.c **** ********************************************************************************/
  20:Generated_Source\PSoC5/DMA_dma.c **** #include <CYLIB.H>
  21:Generated_Source\PSoC5/DMA_dma.c **** #include <CYDMAC.H>
  22:Generated_Source\PSoC5/DMA_dma.c **** #include <DMA_dma.H>
  23:Generated_Source\PSoC5/DMA_dma.c **** 
  24:Generated_Source\PSoC5/DMA_dma.c **** 
  25:Generated_Source\PSoC5/DMA_dma.c **** 
  26:Generated_Source\PSoC5/DMA_dma.c **** /****************************************************************************
  27:Generated_Source\PSoC5/DMA_dma.c **** * 
  28:Generated_Source\PSoC5/DMA_dma.c **** * The following defines are available in Cyfitter.h
  29:Generated_Source\PSoC5/DMA_dma.c **** * 
  30:Generated_Source\PSoC5/DMA_dma.c **** * 
  31:Generated_Source\PSoC5/DMA_dma.c **** * 
  32:Generated_Source\PSoC5/DMA_dma.c **** * DMA__DRQ_CTL_REG
  33:Generated_Source\PSoC5/DMA_dma.c **** * 
  34:Generated_Source\PSoC5/DMA_dma.c **** * 
  35:Generated_Source\PSoC5/DMA_dma.c **** * DMA__DRQ_NUMBER
  36:Generated_Source\PSoC5/DMA_dma.c **** * 
  37:Generated_Source\PSoC5/DMA_dma.c **** * Number of TD's used by this channel.
  38:Generated_Source\PSoC5/DMA_dma.c **** * DMA__NUMBEROF_TDS
  39:Generated_Source\PSoC5/DMA_dma.c **** * 
  40:Generated_Source\PSoC5/DMA_dma.c **** * Priority of this channel.
  41:Generated_Source\PSoC5/DMA_dma.c **** * DMA__PRIORITY
  42:Generated_Source\PSoC5/DMA_dma.c **** * 
  43:Generated_Source\PSoC5/DMA_dma.c **** * True if DMA_TERMIN_SEL is used.
  44:Generated_Source\PSoC5/DMA_dma.c **** * DMA__TERMIN_EN
  45:Generated_Source\PSoC5/DMA_dma.c **** * 
  46:Generated_Source\PSoC5/DMA_dma.c **** * TERMIN interrupt line to signal terminate.
  47:Generated_Source\PSoC5/DMA_dma.c **** * DMA__TERMIN_SEL
  48:Generated_Source\PSoC5/DMA_dma.c **** * 
  49:Generated_Source\PSoC5/DMA_dma.c **** * 
  50:Generated_Source\PSoC5/DMA_dma.c **** * True if DMA_TERMOUT0_SEL is used.
  51:Generated_Source\PSoC5/DMA_dma.c **** * DMA__TERMOUT0_EN
  52:Generated_Source\PSoC5/DMA_dma.c **** * 
  53:Generated_Source\PSoC5/DMA_dma.c **** * 
  54:Generated_Source\PSoC5/DMA_dma.c **** * TERMOUT0 interrupt line to signal completion.
  55:Generated_Source\PSoC5/DMA_dma.c **** * DMA__TERMOUT0_SEL
  56:Generated_Source\PSoC5/DMA_dma.c **** * 
  57:Generated_Source\PSoC5/DMA_dma.c **** * 
  58:Generated_Source\PSoC5/DMA_dma.c **** * True if DMA_TERMOUT1_SEL is used.
  59:Generated_Source\PSoC5/DMA_dma.c **** * DMA__TERMOUT1_EN
  60:Generated_Source\PSoC5/DMA_dma.c **** * 
  61:Generated_Source\PSoC5/DMA_dma.c **** * 
  62:Generated_Source\PSoC5/DMA_dma.c **** * TERMOUT1 interrupt line to signal completion.
  63:Generated_Source\PSoC5/DMA_dma.c **** * DMA__TERMOUT1_SEL
  64:Generated_Source\PSoC5/DMA_dma.c **** * 
  65:Generated_Source\PSoC5/DMA_dma.c **** ****************************************************************************/
  66:Generated_Source\PSoC5/DMA_dma.c **** 
  67:Generated_Source\PSoC5/DMA_dma.c **** 
  68:Generated_Source\PSoC5/DMA_dma.c **** /* Zero based index of DMA dma channel */
  69:Generated_Source\PSoC5/DMA_dma.c **** uint8 DMA_DmaHandle = DMA_INVALID_CHANNEL;
  70:Generated_Source\PSoC5/DMA_dma.c **** 
  71:Generated_Source\PSoC5/DMA_dma.c **** /*********************************************************************
  72:Generated_Source\PSoC5/DMA_dma.c **** * Function Name: uint8 DMA_DmaInitalize
  73:Generated_Source\PSoC5/DMA_dma.c **** **********************************************************************
  74:Generated_Source\PSoC5/DMA_dma.c **** * Summary:
ARM GAS  C:\Users\elias\AppData\Local\Temp\ccLiRlTk.s 			page 17


  75:Generated_Source\PSoC5/DMA_dma.c **** *   Allocates and initialises a channel of the DMAC to be used by the
  76:Generated_Source\PSoC5/DMA_dma.c **** *   caller.
  77:Generated_Source\PSoC5/DMA_dma.c **** *
  78:Generated_Source\PSoC5/DMA_dma.c **** * Parameters:
  79:Generated_Source\PSoC5/DMA_dma.c **** *   BurstCount.
  80:Generated_Source\PSoC5/DMA_dma.c **** *       
  81:Generated_Source\PSoC5/DMA_dma.c **** *       
  82:Generated_Source\PSoC5/DMA_dma.c **** *   ReqestPerBurst.
  83:Generated_Source\PSoC5/DMA_dma.c **** *       
  84:Generated_Source\PSoC5/DMA_dma.c **** *       
  85:Generated_Source\PSoC5/DMA_dma.c **** *   UpperSrcAddress.
  86:Generated_Source\PSoC5/DMA_dma.c **** *       
  87:Generated_Source\PSoC5/DMA_dma.c **** *       
  88:Generated_Source\PSoC5/DMA_dma.c **** *   UpperDestAddress.
  89:Generated_Source\PSoC5/DMA_dma.c **** *       
  90:Generated_Source\PSoC5/DMA_dma.c **** *
  91:Generated_Source\PSoC5/DMA_dma.c **** * Return:
  92:Generated_Source\PSoC5/DMA_dma.c **** *   The channel that can be used by the caller for DMA activity.
  93:Generated_Source\PSoC5/DMA_dma.c **** *   DMA_INVALID_CHANNEL (0xFF) if there are no channels left. 
  94:Generated_Source\PSoC5/DMA_dma.c **** *
  95:Generated_Source\PSoC5/DMA_dma.c **** *
  96:Generated_Source\PSoC5/DMA_dma.c **** *******************************************************************/
  97:Generated_Source\PSoC5/DMA_dma.c **** uint8 DMA_DmaInitialize(uint8 BurstCount, uint8 ReqestPerBurst, uint16 UpperSrcAddress, uint16 Uppe
  98:Generated_Source\PSoC5/DMA_dma.c **** {
 245              		.loc 1 98 0
 246              		.cfi_startproc
 247              		@ args = 0, pretend = 0, frame = 0
 248              		@ frame_needed = 0, uses_anonymous_args = 0
 249              	.LVL0:
 250 0000 2DE9F041 		push	{r4, r5, r6, r7, r8, lr}
 251              		.cfi_def_cfa_offset 24
 252              		.cfi_offset 4, -24
 253              		.cfi_offset 5, -20
 254              		.cfi_offset 6, -16
 255              		.cfi_offset 7, -12
 256              		.cfi_offset 8, -8
 257              		.cfi_offset 14, -4
 258 0004 1746     		mov	r7, r2
 259 0006 9846     		mov	r8, r3
 260 0008 82B0     		sub	sp, sp, #8
 261              		.cfi_def_cfa_offset 32
  99:Generated_Source\PSoC5/DMA_dma.c **** 
 100:Generated_Source\PSoC5/DMA_dma.c ****     /* Allocate a DMA channel. */
 101:Generated_Source\PSoC5/DMA_dma.c ****     DMA_DmaHandle = (uint8)DMA__DRQ_NUMBER;
 262              		.loc 1 101 0
 263 000a 0C4C     		ldr	r4, .L3
 264 000c 0825     		movs	r5, #8
 102:Generated_Source\PSoC5/DMA_dma.c **** 
 103:Generated_Source\PSoC5/DMA_dma.c ****     /* Configure the channel. */
 104:Generated_Source\PSoC5/DMA_dma.c ****     (void)CyDmaChSetConfiguration(DMA_DmaHandle,
 265              		.loc 1 104 0
 266 000e 0026     		movs	r6, #0
 267 0010 2B46     		mov	r3, r5
 268              	.LVL1:
 269 0012 0A46     		mov	r2, r1
 270              	.LVL2:
 271 0014 0196     		str	r6, [sp, #4]
ARM GAS  C:\Users\elias\AppData\Local\Temp\ccLiRlTk.s 			page 18


 272 0016 0146     		mov	r1, r0
 273              	.LVL3:
 274 0018 0096     		str	r6, [sp]
 275 001a 2846     		mov	r0, r5
 276              	.LVL4:
 101:Generated_Source\PSoC5/DMA_dma.c **** 
 277              		.loc 1 101 0
 278 001c 2570     		strb	r5, [r4]
 279              		.loc 1 104 0
 280 001e FFF7FEFF 		bl	CyDmaChSetConfiguration
 281              	.LVL5:
 105:Generated_Source\PSoC5/DMA_dma.c ****                                   BurstCount,
 106:Generated_Source\PSoC5/DMA_dma.c ****                                   ReqestPerBurst,
 107:Generated_Source\PSoC5/DMA_dma.c ****                                   (uint8)DMA__TERMOUT0_SEL,
 108:Generated_Source\PSoC5/DMA_dma.c ****                                   (uint8)DMA__TERMOUT1_SEL,
 109:Generated_Source\PSoC5/DMA_dma.c ****                                   (uint8)DMA__TERMIN_SEL);
 110:Generated_Source\PSoC5/DMA_dma.c **** 
 111:Generated_Source\PSoC5/DMA_dma.c ****     /* Set the extended address for the transfers */
 112:Generated_Source\PSoC5/DMA_dma.c ****     (void)CyDmaChSetExtendedAddress(DMA_DmaHandle, UpperSrcAddress, UpperDestAddress);
 282              		.loc 1 112 0
 283 0022 4246     		mov	r2, r8
 284 0024 3946     		mov	r1, r7
 285 0026 2078     		ldrb	r0, [r4]	@ zero_extendqisi2
 286 0028 FFF7FEFF 		bl	CyDmaChSetExtendedAddress
 287              	.LVL6:
 113:Generated_Source\PSoC5/DMA_dma.c **** 
 114:Generated_Source\PSoC5/DMA_dma.c ****     /* Set the priority for this channel */
 115:Generated_Source\PSoC5/DMA_dma.c ****     (void)CyDmaChPriority(DMA_DmaHandle, (uint8)DMA__PRIORITY);
 288              		.loc 1 115 0
 289 002c 2078     		ldrb	r0, [r4]	@ zero_extendqisi2
 290 002e 0221     		movs	r1, #2
 291 0030 FFF7FEFF 		bl	CyDmaChPriority
 292              	.LVL7:
 116:Generated_Source\PSoC5/DMA_dma.c ****     
 117:Generated_Source\PSoC5/DMA_dma.c ****     return DMA_DmaHandle;
 118:Generated_Source\PSoC5/DMA_dma.c **** }
 293              		.loc 1 118 0
 294 0034 2078     		ldrb	r0, [r4]	@ zero_extendqisi2
 295 0036 02B0     		add	sp, sp, #8
 296              		.cfi_def_cfa_offset 24
 297              		@ sp needed
 298 0038 BDE8F081 		pop	{r4, r5, r6, r7, r8, pc}
 299              	.L4:
 300              		.align	2
 301              	.L3:
 302 003c 00000000 		.word	.LANCHOR0
 303              		.cfi_endproc
 304              	.LFE0:
 305              		.size	DMA_DmaInitialize, .-DMA_DmaInitialize
 306              		.section	.text.DMA_DmaRelease,"ax",%progbits
 307              		.align	2
 308              		.global	DMA_DmaRelease
 309              		.thumb
 310              		.thumb_func
 311              		.type	DMA_DmaRelease, %function
 312              	DMA_DmaRelease:
 313              	.LFB1:
ARM GAS  C:\Users\elias\AppData\Local\Temp\ccLiRlTk.s 			page 19


 119:Generated_Source\PSoC5/DMA_dma.c **** 
 120:Generated_Source\PSoC5/DMA_dma.c **** /*********************************************************************
 121:Generated_Source\PSoC5/DMA_dma.c **** * Function Name: void DMA_DmaRelease
 122:Generated_Source\PSoC5/DMA_dma.c **** **********************************************************************
 123:Generated_Source\PSoC5/DMA_dma.c **** * Summary:
 124:Generated_Source\PSoC5/DMA_dma.c **** *   Frees the channel associated with DMA.
 125:Generated_Source\PSoC5/DMA_dma.c **** *
 126:Generated_Source\PSoC5/DMA_dma.c **** *
 127:Generated_Source\PSoC5/DMA_dma.c **** * Parameters:
 128:Generated_Source\PSoC5/DMA_dma.c **** *   void.
 129:Generated_Source\PSoC5/DMA_dma.c **** *
 130:Generated_Source\PSoC5/DMA_dma.c **** *
 131:Generated_Source\PSoC5/DMA_dma.c **** *
 132:Generated_Source\PSoC5/DMA_dma.c **** * Return:
 133:Generated_Source\PSoC5/DMA_dma.c **** *   void.
 134:Generated_Source\PSoC5/DMA_dma.c **** *
 135:Generated_Source\PSoC5/DMA_dma.c **** *******************************************************************/
 136:Generated_Source\PSoC5/DMA_dma.c **** void DMA_DmaRelease(void) 
 137:Generated_Source\PSoC5/DMA_dma.c **** {
 314              		.loc 1 137 0
 315              		.cfi_startproc
 316              		@ args = 0, pretend = 0, frame = 0
 317              		@ frame_needed = 0, uses_anonymous_args = 0
 318              		@ link register save eliminated.
 138:Generated_Source\PSoC5/DMA_dma.c ****     /* Disable the channel */
 139:Generated_Source\PSoC5/DMA_dma.c ****     (void)CyDmaChDisable(DMA_DmaHandle);
 319              		.loc 1 139 0
 320 0000 014B     		ldr	r3, .L6
 321 0002 1878     		ldrb	r0, [r3]	@ zero_extendqisi2
 322 0004 FFF7FEBF 		b	CyDmaChDisable
 323              	.LVL8:
 324              	.L7:
 325              		.align	2
 326              	.L6:
 327 0008 00000000 		.word	.LANCHOR0
 328              		.cfi_endproc
 329              	.LFE1:
 330              		.size	DMA_DmaRelease, .-DMA_DmaRelease
 331              		.global	DMA_DmaHandle
 332              		.data
 333              		.set	.LANCHOR0,. + 0
 334              		.type	DMA_DmaHandle, %object
 335              		.size	DMA_DmaHandle, 1
 336              	DMA_DmaHandle:
 337 0000 FF       		.byte	-1
 338              		.text
 339              	.Letext0:
 340              		.file 2 "Generated_Source\\PSoC5/cytypes.h"
 341              		.file 3 "Generated_Source\\PSoC5/CYDMAC.H"
 342              		.section	.debug_info,"",%progbits
 343              	.Ldebug_info0:
 344 0000 A6010000 		.4byte	0x1a6
 345 0004 0400     		.2byte	0x4
 346 0006 00000000 		.4byte	.Ldebug_abbrev0
 347 000a 04       		.byte	0x4
 348 000b 01       		.uleb128 0x1
 349 000c 81000000 		.4byte	.LASF24
ARM GAS  C:\Users\elias\AppData\Local\Temp\ccLiRlTk.s 			page 20


 350 0010 0C       		.byte	0xc
 351 0011 7A010000 		.4byte	.LASF25
 352 0015 3A010000 		.4byte	.LASF26
 353 0019 00000000 		.4byte	.Ldebug_ranges0+0
 354 001d 00000000 		.4byte	0
 355 0021 00000000 		.4byte	.Ldebug_line0
 356 0025 02       		.uleb128 0x2
 357 0026 04       		.byte	0x4
 358 0027 05       		.byte	0x5
 359 0028 696E7400 		.ascii	"int\000"
 360 002c 03       		.uleb128 0x3
 361 002d 04       		.byte	0x4
 362 002e 07       		.byte	0x7
 363 002f A9010000 		.4byte	.LASF0
 364 0033 03       		.uleb128 0x3
 365 0034 08       		.byte	0x8
 366 0035 05       		.byte	0x5
 367 0036 F6010000 		.4byte	.LASF1
 368 003a 03       		.uleb128 0x3
 369 003b 08       		.byte	0x8
 370 003c 04       		.byte	0x4
 371 003d 36020000 		.4byte	.LASF2
 372 0041 03       		.uleb128 0x3
 373 0042 01       		.byte	0x1
 374 0043 06       		.byte	0x6
 375 0044 42020000 		.4byte	.LASF3
 376 0048 03       		.uleb128 0x3
 377 0049 01       		.byte	0x1
 378 004a 08       		.byte	0x8
 379 004b 68000000 		.4byte	.LASF4
 380 004f 03       		.uleb128 0x3
 381 0050 02       		.byte	0x2
 382 0051 05       		.byte	0x5
 383 0052 23020000 		.4byte	.LASF5
 384 0056 03       		.uleb128 0x3
 385 0057 02       		.byte	0x2
 386 0058 07       		.byte	0x7
 387 0059 4F000000 		.4byte	.LASF6
 388 005d 03       		.uleb128 0x3
 389 005e 04       		.byte	0x4
 390 005f 05       		.byte	0x5
 391 0060 2D020000 		.4byte	.LASF7
 392 0064 03       		.uleb128 0x3
 393 0065 04       		.byte	0x4
 394 0066 07       		.byte	0x7
 395 0067 28010000 		.4byte	.LASF8
 396 006b 03       		.uleb128 0x3
 397 006c 08       		.byte	0x8
 398 006d 07       		.byte	0x7
 399 006e B6010000 		.4byte	.LASF9
 400 0072 03       		.uleb128 0x3
 401 0073 04       		.byte	0x4
 402 0074 07       		.byte	0x7
 403 0075 ED010000 		.4byte	.LASF10
 404 0079 03       		.uleb128 0x3
 405 007a 01       		.byte	0x1
 406 007b 08       		.byte	0x8
ARM GAS  C:\Users\elias\AppData\Local\Temp\ccLiRlTk.s 			page 21


 407 007c 1E020000 		.4byte	.LASF11
 408 0080 04       		.uleb128 0x4
 409 0081 74010000 		.4byte	.LASF12
 410 0085 02       		.byte	0x2
 411 0086 E901     		.2byte	0x1e9
 412 0088 48000000 		.4byte	0x48
 413 008c 04       		.uleb128 0x4
 414 008d A2010000 		.4byte	.LASF13
 415 0091 02       		.byte	0x2
 416 0092 EA01     		.2byte	0x1ea
 417 0094 56000000 		.4byte	0x56
 418 0098 03       		.uleb128 0x3
 419 0099 04       		.byte	0x4
 420 009a 04       		.byte	0x4
 421 009b 62000000 		.4byte	.LASF14
 422 009f 03       		.uleb128 0x3
 423 00a0 08       		.byte	0x8
 424 00a1 04       		.byte	0x4
 425 00a2 9B010000 		.4byte	.LASF15
 426 00a6 05       		.uleb128 0x5
 427 00a7 3D000000 		.4byte	.LASF27
 428 00ab 01       		.byte	0x1
 429 00ac 61       		.byte	0x61
 430 00ad 80000000 		.4byte	0x80
 431 00b1 00000000 		.4byte	.LFB0
 432 00b5 40000000 		.4byte	.LFE0-.LFB0
 433 00b9 01       		.uleb128 0x1
 434 00ba 9C       		.byte	0x9c
 435 00bb 4D010000 		.4byte	0x14d
 436 00bf 06       		.uleb128 0x6
 437 00c0 76000000 		.4byte	.LASF16
 438 00c4 01       		.byte	0x1
 439 00c5 61       		.byte	0x61
 440 00c6 80000000 		.4byte	0x80
 441 00ca 00000000 		.4byte	.LLST0
 442 00ce 06       		.uleb128 0x6
 443 00cf 2E000000 		.4byte	.LASF17
 444 00d3 01       		.byte	0x1
 445 00d4 61       		.byte	0x61
 446 00d5 80000000 		.4byte	0x80
 447 00d9 21000000 		.4byte	.LLST1
 448 00dd 06       		.uleb128 0x6
 449 00de 00000000 		.4byte	.LASF18
 450 00e2 01       		.byte	0x1
 451 00e3 61       		.byte	0x61
 452 00e4 8C000000 		.4byte	0x8c
 453 00e8 42000000 		.4byte	.LLST2
 454 00ec 06       		.uleb128 0x6
 455 00ed DC010000 		.4byte	.LASF19
 456 00f1 01       		.byte	0x1
 457 00f2 61       		.byte	0x61
 458 00f3 8C000000 		.4byte	0x8c
 459 00f7 63000000 		.4byte	.LLST3
 460 00fb 07       		.uleb128 0x7
 461 00fc 22000000 		.4byte	.LVL5
 462 0100 7D010000 		.4byte	0x17d
 463 0104 23010000 		.4byte	0x123
ARM GAS  C:\Users\elias\AppData\Local\Temp\ccLiRlTk.s 			page 22


 464 0108 08       		.uleb128 0x8
 465 0109 01       		.uleb128 0x1
 466 010a 50       		.byte	0x50
 467 010b 02       		.uleb128 0x2
 468 010c 75       		.byte	0x75
 469 010d 00       		.sleb128 0
 470 010e 08       		.uleb128 0x8
 471 010f 01       		.uleb128 0x1
 472 0110 53       		.byte	0x53
 473 0111 02       		.uleb128 0x2
 474 0112 75       		.byte	0x75
 475 0113 00       		.sleb128 0
 476 0114 08       		.uleb128 0x8
 477 0115 02       		.uleb128 0x2
 478 0116 7D       		.byte	0x7d
 479 0117 00       		.sleb128 0
 480 0118 02       		.uleb128 0x2
 481 0119 76       		.byte	0x76
 482 011a 00       		.sleb128 0
 483 011b 08       		.uleb128 0x8
 484 011c 02       		.uleb128 0x2
 485 011d 7D       		.byte	0x7d
 486 011e 04       		.sleb128 4
 487 011f 02       		.uleb128 0x2
 488 0120 76       		.byte	0x76
 489 0121 00       		.sleb128 0
 490 0122 00       		.byte	0
 491 0123 07       		.uleb128 0x7
 492 0124 2C000000 		.4byte	.LVL6
 493 0128 88010000 		.4byte	0x188
 494 012c 3D010000 		.4byte	0x13d
 495 0130 08       		.uleb128 0x8
 496 0131 01       		.uleb128 0x1
 497 0132 51       		.byte	0x51
 498 0133 02       		.uleb128 0x2
 499 0134 77       		.byte	0x77
 500 0135 00       		.sleb128 0
 501 0136 08       		.uleb128 0x8
 502 0137 01       		.uleb128 0x1
 503 0138 52       		.byte	0x52
 504 0139 02       		.uleb128 0x2
 505 013a 78       		.byte	0x78
 506 013b 00       		.sleb128 0
 507 013c 00       		.byte	0
 508 013d 09       		.uleb128 0x9
 509 013e 34000000 		.4byte	.LVL7
 510 0142 93010000 		.4byte	0x193
 511 0146 08       		.uleb128 0x8
 512 0147 01       		.uleb128 0x1
 513 0148 51       		.byte	0x51
 514 0149 01       		.uleb128 0x1
 515 014a 32       		.byte	0x32
 516 014b 00       		.byte	0
 517 014c 00       		.byte	0
 518 014d 0A       		.uleb128 0xa
 519 014e CD010000 		.4byte	.LASF28
 520 0152 01       		.byte	0x1
ARM GAS  C:\Users\elias\AppData\Local\Temp\ccLiRlTk.s 			page 23


 521 0153 88       		.byte	0x88
 522 0154 00000000 		.4byte	.LFB1
 523 0158 0C000000 		.4byte	.LFE1-.LFB1
 524 015c 01       		.uleb128 0x1
 525 015d 9C       		.byte	0x9c
 526 015e 6C010000 		.4byte	0x16c
 527 0162 0B       		.uleb128 0xb
 528 0163 08000000 		.4byte	.LVL8
 529 0167 9E010000 		.4byte	0x19e
 530 016b 00       		.byte	0
 531 016c 0C       		.uleb128 0xc
 532 016d 10000000 		.4byte	.LASF29
 533 0171 01       		.byte	0x1
 534 0172 45       		.byte	0x45
 535 0173 80000000 		.4byte	0x80
 536 0177 05       		.uleb128 0x5
 537 0178 03       		.byte	0x3
 538 0179 00000000 		.4byte	DMA_DmaHandle
 539 017d 0D       		.uleb128 0xd
 540 017e 5D020000 		.4byte	.LASF20
 541 0182 5D020000 		.4byte	.LASF20
 542 0186 03       		.byte	0x3
 543 0187 33       		.byte	0x33
 544 0188 0D       		.uleb128 0xd
 545 0189 04020000 		.4byte	.LASF21
 546 018d 04020000 		.4byte	.LASF21
 547 0191 03       		.byte	0x3
 548 0192 2D       		.byte	0x2d
 549 0193 0D       		.uleb128 0xd
 550 0194 1E000000 		.4byte	.LASF22
 551 0198 1E000000 		.4byte	.LASF22
 552 019c 03       		.byte	0x3
 553 019d 2C       		.byte	0x2c
 554 019e 0D       		.uleb128 0xd
 555 019f 4E020000 		.4byte	.LASF23
 556 01a3 4E020000 		.4byte	.LASF23
 557 01a7 03       		.byte	0x3
 558 01a8 2A       		.byte	0x2a
 559 01a9 00       		.byte	0
 560              		.section	.debug_abbrev,"",%progbits
 561              	.Ldebug_abbrev0:
 562 0000 01       		.uleb128 0x1
 563 0001 11       		.uleb128 0x11
 564 0002 01       		.byte	0x1
 565 0003 25       		.uleb128 0x25
 566 0004 0E       		.uleb128 0xe
 567 0005 13       		.uleb128 0x13
 568 0006 0B       		.uleb128 0xb
 569 0007 03       		.uleb128 0x3
 570 0008 0E       		.uleb128 0xe
 571 0009 1B       		.uleb128 0x1b
 572 000a 0E       		.uleb128 0xe
 573 000b 55       		.uleb128 0x55
 574 000c 17       		.uleb128 0x17
 575 000d 11       		.uleb128 0x11
 576 000e 01       		.uleb128 0x1
 577 000f 10       		.uleb128 0x10
ARM GAS  C:\Users\elias\AppData\Local\Temp\ccLiRlTk.s 			page 24


 578 0010 17       		.uleb128 0x17
 579 0011 00       		.byte	0
 580 0012 00       		.byte	0
 581 0013 02       		.uleb128 0x2
 582 0014 24       		.uleb128 0x24
 583 0015 00       		.byte	0
 584 0016 0B       		.uleb128 0xb
 585 0017 0B       		.uleb128 0xb
 586 0018 3E       		.uleb128 0x3e
 587 0019 0B       		.uleb128 0xb
 588 001a 03       		.uleb128 0x3
 589 001b 08       		.uleb128 0x8
 590 001c 00       		.byte	0
 591 001d 00       		.byte	0
 592 001e 03       		.uleb128 0x3
 593 001f 24       		.uleb128 0x24
 594 0020 00       		.byte	0
 595 0021 0B       		.uleb128 0xb
 596 0022 0B       		.uleb128 0xb
 597 0023 3E       		.uleb128 0x3e
 598 0024 0B       		.uleb128 0xb
 599 0025 03       		.uleb128 0x3
 600 0026 0E       		.uleb128 0xe
 601 0027 00       		.byte	0
 602 0028 00       		.byte	0
 603 0029 04       		.uleb128 0x4
 604 002a 16       		.uleb128 0x16
 605 002b 00       		.byte	0
 606 002c 03       		.uleb128 0x3
 607 002d 0E       		.uleb128 0xe
 608 002e 3A       		.uleb128 0x3a
 609 002f 0B       		.uleb128 0xb
 610 0030 3B       		.uleb128 0x3b
 611 0031 05       		.uleb128 0x5
 612 0032 49       		.uleb128 0x49
 613 0033 13       		.uleb128 0x13
 614 0034 00       		.byte	0
 615 0035 00       		.byte	0
 616 0036 05       		.uleb128 0x5
 617 0037 2E       		.uleb128 0x2e
 618 0038 01       		.byte	0x1
 619 0039 3F       		.uleb128 0x3f
 620 003a 19       		.uleb128 0x19
 621 003b 03       		.uleb128 0x3
 622 003c 0E       		.uleb128 0xe
 623 003d 3A       		.uleb128 0x3a
 624 003e 0B       		.uleb128 0xb
 625 003f 3B       		.uleb128 0x3b
 626 0040 0B       		.uleb128 0xb
 627 0041 27       		.uleb128 0x27
 628 0042 19       		.uleb128 0x19
 629 0043 49       		.uleb128 0x49
 630 0044 13       		.uleb128 0x13
 631 0045 11       		.uleb128 0x11
 632 0046 01       		.uleb128 0x1
 633 0047 12       		.uleb128 0x12
 634 0048 06       		.uleb128 0x6
ARM GAS  C:\Users\elias\AppData\Local\Temp\ccLiRlTk.s 			page 25


 635 0049 40       		.uleb128 0x40
 636 004a 18       		.uleb128 0x18
 637 004b 9742     		.uleb128 0x2117
 638 004d 19       		.uleb128 0x19
 639 004e 01       		.uleb128 0x1
 640 004f 13       		.uleb128 0x13
 641 0050 00       		.byte	0
 642 0051 00       		.byte	0
 643 0052 06       		.uleb128 0x6
 644 0053 05       		.uleb128 0x5
 645 0054 00       		.byte	0
 646 0055 03       		.uleb128 0x3
 647 0056 0E       		.uleb128 0xe
 648 0057 3A       		.uleb128 0x3a
 649 0058 0B       		.uleb128 0xb
 650 0059 3B       		.uleb128 0x3b
 651 005a 0B       		.uleb128 0xb
 652 005b 49       		.uleb128 0x49
 653 005c 13       		.uleb128 0x13
 654 005d 02       		.uleb128 0x2
 655 005e 17       		.uleb128 0x17
 656 005f 00       		.byte	0
 657 0060 00       		.byte	0
 658 0061 07       		.uleb128 0x7
 659 0062 898201   		.uleb128 0x4109
 660 0065 01       		.byte	0x1
 661 0066 11       		.uleb128 0x11
 662 0067 01       		.uleb128 0x1
 663 0068 31       		.uleb128 0x31
 664 0069 13       		.uleb128 0x13
 665 006a 01       		.uleb128 0x1
 666 006b 13       		.uleb128 0x13
 667 006c 00       		.byte	0
 668 006d 00       		.byte	0
 669 006e 08       		.uleb128 0x8
 670 006f 8A8201   		.uleb128 0x410a
 671 0072 00       		.byte	0
 672 0073 02       		.uleb128 0x2
 673 0074 18       		.uleb128 0x18
 674 0075 9142     		.uleb128 0x2111
 675 0077 18       		.uleb128 0x18
 676 0078 00       		.byte	0
 677 0079 00       		.byte	0
 678 007a 09       		.uleb128 0x9
 679 007b 898201   		.uleb128 0x4109
 680 007e 01       		.byte	0x1
 681 007f 11       		.uleb128 0x11
 682 0080 01       		.uleb128 0x1
 683 0081 31       		.uleb128 0x31
 684 0082 13       		.uleb128 0x13
 685 0083 00       		.byte	0
 686 0084 00       		.byte	0
 687 0085 0A       		.uleb128 0xa
 688 0086 2E       		.uleb128 0x2e
 689 0087 01       		.byte	0x1
 690 0088 3F       		.uleb128 0x3f
 691 0089 19       		.uleb128 0x19
ARM GAS  C:\Users\elias\AppData\Local\Temp\ccLiRlTk.s 			page 26


 692 008a 03       		.uleb128 0x3
 693 008b 0E       		.uleb128 0xe
 694 008c 3A       		.uleb128 0x3a
 695 008d 0B       		.uleb128 0xb
 696 008e 3B       		.uleb128 0x3b
 697 008f 0B       		.uleb128 0xb
 698 0090 27       		.uleb128 0x27
 699 0091 19       		.uleb128 0x19
 700 0092 11       		.uleb128 0x11
 701 0093 01       		.uleb128 0x1
 702 0094 12       		.uleb128 0x12
 703 0095 06       		.uleb128 0x6
 704 0096 40       		.uleb128 0x40
 705 0097 18       		.uleb128 0x18
 706 0098 9742     		.uleb128 0x2117
 707 009a 19       		.uleb128 0x19
 708 009b 01       		.uleb128 0x1
 709 009c 13       		.uleb128 0x13
 710 009d 00       		.byte	0
 711 009e 00       		.byte	0
 712 009f 0B       		.uleb128 0xb
 713 00a0 898201   		.uleb128 0x4109
 714 00a3 00       		.byte	0
 715 00a4 11       		.uleb128 0x11
 716 00a5 01       		.uleb128 0x1
 717 00a6 9542     		.uleb128 0x2115
 718 00a8 19       		.uleb128 0x19
 719 00a9 31       		.uleb128 0x31
 720 00aa 13       		.uleb128 0x13
 721 00ab 00       		.byte	0
 722 00ac 00       		.byte	0
 723 00ad 0C       		.uleb128 0xc
 724 00ae 34       		.uleb128 0x34
 725 00af 00       		.byte	0
 726 00b0 03       		.uleb128 0x3
 727 00b1 0E       		.uleb128 0xe
 728 00b2 3A       		.uleb128 0x3a
 729 00b3 0B       		.uleb128 0xb
 730 00b4 3B       		.uleb128 0x3b
 731 00b5 0B       		.uleb128 0xb
 732 00b6 49       		.uleb128 0x49
 733 00b7 13       		.uleb128 0x13
 734 00b8 3F       		.uleb128 0x3f
 735 00b9 19       		.uleb128 0x19
 736 00ba 02       		.uleb128 0x2
 737 00bb 18       		.uleb128 0x18
 738 00bc 00       		.byte	0
 739 00bd 00       		.byte	0
 740 00be 0D       		.uleb128 0xd
 741 00bf 2E       		.uleb128 0x2e
 742 00c0 00       		.byte	0
 743 00c1 3F       		.uleb128 0x3f
 744 00c2 19       		.uleb128 0x19
 745 00c3 3C       		.uleb128 0x3c
 746 00c4 19       		.uleb128 0x19
 747 00c5 6E       		.uleb128 0x6e
 748 00c6 0E       		.uleb128 0xe
ARM GAS  C:\Users\elias\AppData\Local\Temp\ccLiRlTk.s 			page 27


 749 00c7 03       		.uleb128 0x3
 750 00c8 0E       		.uleb128 0xe
 751 00c9 3A       		.uleb128 0x3a
 752 00ca 0B       		.uleb128 0xb
 753 00cb 3B       		.uleb128 0x3b
 754 00cc 0B       		.uleb128 0xb
 755 00cd 00       		.byte	0
 756 00ce 00       		.byte	0
 757 00cf 00       		.byte	0
 758              		.section	.debug_loc,"",%progbits
 759              	.Ldebug_loc0:
 760              	.LLST0:
 761 0000 00000000 		.4byte	.LVL0
 762 0004 1C000000 		.4byte	.LVL4
 763 0008 0100     		.2byte	0x1
 764 000a 50       		.byte	0x50
 765 000b 1C000000 		.4byte	.LVL4
 766 000f 40000000 		.4byte	.LFE0
 767 0013 0400     		.2byte	0x4
 768 0015 F3       		.byte	0xf3
 769 0016 01       		.uleb128 0x1
 770 0017 50       		.byte	0x50
 771 0018 9F       		.byte	0x9f
 772 0019 00000000 		.4byte	0
 773 001d 00000000 		.4byte	0
 774              	.LLST1:
 775 0021 00000000 		.4byte	.LVL0
 776 0025 18000000 		.4byte	.LVL3
 777 0029 0100     		.2byte	0x1
 778 002b 51       		.byte	0x51
 779 002c 18000000 		.4byte	.LVL3
 780 0030 40000000 		.4byte	.LFE0
 781 0034 0400     		.2byte	0x4
 782 0036 F3       		.byte	0xf3
 783 0037 01       		.uleb128 0x1
 784 0038 51       		.byte	0x51
 785 0039 9F       		.byte	0x9f
 786 003a 00000000 		.4byte	0
 787 003e 00000000 		.4byte	0
 788              	.LLST2:
 789 0042 00000000 		.4byte	.LVL0
 790 0046 14000000 		.4byte	.LVL2
 791 004a 0100     		.2byte	0x1
 792 004c 52       		.byte	0x52
 793 004d 14000000 		.4byte	.LVL2
 794 0051 40000000 		.4byte	.LFE0
 795 0055 0400     		.2byte	0x4
 796 0057 F3       		.byte	0xf3
 797 0058 01       		.uleb128 0x1
 798 0059 52       		.byte	0x52
 799 005a 9F       		.byte	0x9f
 800 005b 00000000 		.4byte	0
 801 005f 00000000 		.4byte	0
 802              	.LLST3:
 803 0063 00000000 		.4byte	.LVL0
 804 0067 12000000 		.4byte	.LVL1
 805 006b 0100     		.2byte	0x1
ARM GAS  C:\Users\elias\AppData\Local\Temp\ccLiRlTk.s 			page 28


 806 006d 53       		.byte	0x53
 807 006e 12000000 		.4byte	.LVL1
 808 0072 40000000 		.4byte	.LFE0
 809 0076 0400     		.2byte	0x4
 810 0078 F3       		.byte	0xf3
 811 0079 01       		.uleb128 0x1
 812 007a 53       		.byte	0x53
 813 007b 9F       		.byte	0x9f
 814 007c 00000000 		.4byte	0
 815 0080 00000000 		.4byte	0
 816              		.section	.debug_aranges,"",%progbits
 817 0000 24000000 		.4byte	0x24
 818 0004 0200     		.2byte	0x2
 819 0006 00000000 		.4byte	.Ldebug_info0
 820 000a 04       		.byte	0x4
 821 000b 00       		.byte	0
 822 000c 0000     		.2byte	0
 823 000e 0000     		.2byte	0
 824 0010 00000000 		.4byte	.LFB0
 825 0014 40000000 		.4byte	.LFE0-.LFB0
 826 0018 00000000 		.4byte	.LFB1
 827 001c 0C000000 		.4byte	.LFE1-.LFB1
 828 0020 00000000 		.4byte	0
 829 0024 00000000 		.4byte	0
 830              		.section	.debug_ranges,"",%progbits
 831              	.Ldebug_ranges0:
 832 0000 00000000 		.4byte	.LFB0
 833 0004 40000000 		.4byte	.LFE0
 834 0008 00000000 		.4byte	.LFB1
 835 000c 0C000000 		.4byte	.LFE1
 836 0010 00000000 		.4byte	0
 837 0014 00000000 		.4byte	0
 838              		.section	.debug_line,"",%progbits
 839              	.Ldebug_line0:
 840 0000 7E000000 		.section	.debug_str,"MS",%progbits,1
 840      02005000 
 840      00000201 
 840      FB0E0D00 
 840      01010101 
 841              	.LASF18:
 842 0000 55707065 		.ascii	"UpperSrcAddress\000"
 842      72537263 
 842      41646472 
 842      65737300 
 843              	.LASF29:
 844 0010 444D415F 		.ascii	"DMA_DmaHandle\000"
 844      446D6148 
 844      616E646C 
 844      6500
 845              	.LASF22:
 846 001e 4379446D 		.ascii	"CyDmaChPriority\000"
 846      61436850 
 846      72696F72 
 846      69747900 
 847              	.LASF17:
 848 002e 52657165 		.ascii	"ReqestPerBurst\000"
 848      73745065 
ARM GAS  C:\Users\elias\AppData\Local\Temp\ccLiRlTk.s 			page 29


 848      72427572 
 848      737400
 849              	.LASF27:
 850 003d 444D415F 		.ascii	"DMA_DmaInitialize\000"
 850      446D6149 
 850      6E697469 
 850      616C697A 
 850      6500
 851              	.LASF6:
 852 004f 73686F72 		.ascii	"short unsigned int\000"
 852      7420756E 
 852      7369676E 
 852      65642069 
 852      6E7400
 853              	.LASF14:
 854 0062 666C6F61 		.ascii	"float\000"
 854      7400
 855              	.LASF4:
 856 0068 756E7369 		.ascii	"unsigned char\000"
 856      676E6564 
 856      20636861 
 856      7200
 857              	.LASF16:
 858 0076 42757273 		.ascii	"BurstCount\000"
 858      74436F75 
 858      6E7400
 859              	.LASF24:
 860 0081 474E5520 		.ascii	"GNU C11 5.4.1 20160609 (release) [ARM/embedded-5-br"
 860      43313120 
 860      352E342E 
 860      31203230 
 860      31363036 
 861 00b4 616E6368 		.ascii	"anch revision 237715] -mcpu=cortex-m3 -mthumb -g -O"
 861      20726576 
 861      6973696F 
 861      6E203233 
 861      37373135 
 862 00e7 33202D66 		.ascii	"3 -ffunction-sections -ffat-lto-objects -finline-fu"
 862      66756E63 
 862      74696F6E 
 862      2D736563 
 862      74696F6E 
 863 011a 6E637469 		.ascii	"nctions -flto\000"
 863      6F6E7320 
 863      2D666C74 
 863      6F00
 864              	.LASF8:
 865 0128 6C6F6E67 		.ascii	"long unsigned int\000"
 865      20756E73 
 865      69676E65 
 865      6420696E 
 865      7400
 866              	.LASF26:
 867 013a 433A5C47 		.ascii	"C:\\Github\\Tesis\\src\\psoc\\AcondicionamientoAnal"
 867      69746875 
 867      625C5465 
 867      7369735C 
ARM GAS  C:\Users\elias\AppData\Local\Temp\ccLiRlTk.s 			page 30


 867      7372635C 
 868 0168 6F676963 		.ascii	"ogico.cydsn\000"
 868      6F2E6379 
 868      64736E00 
 869              	.LASF12:
 870 0174 75696E74 		.ascii	"uint8\000"
 870      3800
 871              	.LASF25:
 872 017a 47656E65 		.ascii	"Generated_Source\\PSoC5\\DMA_dma.c\000"
 872      72617465 
 872      645F536F 
 872      75726365 
 872      5C50536F 
 873              	.LASF15:
 874 019b 646F7562 		.ascii	"double\000"
 874      6C6500
 875              	.LASF13:
 876 01a2 75696E74 		.ascii	"uint16\000"
 876      313600
 877              	.LASF0:
 878 01a9 756E7369 		.ascii	"unsigned int\000"
 878      676E6564 
 878      20696E74 
 878      00
 879              	.LASF9:
 880 01b6 6C6F6E67 		.ascii	"long long unsigned int\000"
 880      206C6F6E 
 880      6720756E 
 880      7369676E 
 880      65642069 
 881              	.LASF28:
 882 01cd 444D415F 		.ascii	"DMA_DmaRelease\000"
 882      446D6152 
 882      656C6561 
 882      736500
 883              	.LASF19:
 884 01dc 55707065 		.ascii	"UpperDestAddress\000"
 884      72446573 
 884      74416464 
 884      72657373 
 884      00
 885              	.LASF10:
 886 01ed 73697A65 		.ascii	"sizetype\000"
 886      74797065 
 886      00
 887              	.LASF1:
 888 01f6 6C6F6E67 		.ascii	"long long int\000"
 888      206C6F6E 
 888      6720696E 
 888      7400
 889              	.LASF21:
 890 0204 4379446D 		.ascii	"CyDmaChSetExtendedAddress\000"
 890      61436853 
 890      65744578 
 890      74656E64 
 890      65644164 
 891              	.LASF11:
ARM GAS  C:\Users\elias\AppData\Local\Temp\ccLiRlTk.s 			page 31


 892 021e 63686172 		.ascii	"char\000"
 892      00
 893              	.LASF5:
 894 0223 73686F72 		.ascii	"short int\000"
 894      7420696E 
 894      7400
 895              	.LASF7:
 896 022d 6C6F6E67 		.ascii	"long int\000"
 896      20696E74 
 896      00
 897              	.LASF2:
 898 0236 6C6F6E67 		.ascii	"long double\000"
 898      20646F75 
 898      626C6500 
 899              	.LASF3:
 900 0242 7369676E 		.ascii	"signed char\000"
 900      65642063 
 900      68617200 
 901              	.LASF23:
 902 024e 4379446D 		.ascii	"CyDmaChDisable\000"
 902      61436844 
 902      69736162 
 902      6C6500
 903              	.LASF20:
 904 025d 4379446D 		.ascii	"CyDmaChSetConfiguration\000"
 904      61436853 
 904      6574436F 
 904      6E666967 
 904      75726174 
 905              		.comm	__gnu_lto_v1,1,1
 906              		.ident	"GCC: (GNU Tools for ARM Embedded Processors) 5.4.1 20160609 (release) [ARM/embedded-5-bran
