ARM GAS  C:\Users\elias\AppData\Local\Temp\cc8sCupE.s 			page 1


   1              		.syntax unified
   2              		.cpu cortex-m3
   3              		.fpu softvfp
   4              		.eabi_attribute 20, 1
   5              		.eabi_attribute 21, 1
   6              		.eabi_attribute 23, 3
   7              		.eabi_attribute 24, 1
   8              		.eabi_attribute 25, 1
   9              		.eabi_attribute 26, 1
  10              		.eabi_attribute 30, 2
  11              		.eabi_attribute 34, 1
  12              		.eabi_attribute 18, 4
  13              		.thumb
  14              		.syntax unified
  15              		.file	"error.c"
  16              		.text
  17              	.Ltext0:
  18              		.section	.gnu.lto_.profile.20d439ba,"",%progbits
  19 0000 789C6361 		.ascii	"x\234ca`d`a`\000\222\366b\000\000\376\000`"
  19      60646061 
  19      600092F6 
  19      620000FE 
  19      0060
  20              		.text
  21              		.section	.gnu.lto_.icf.20d439ba,"",%progbits
  22 0000 789C6361 		.ascii	"x\234ca`d\000\001\005\006\004`e\370\336ww)7\343\301"
  22      60640001 
  22      05060460 
  22      65F8DE77 
  22      772937E3 
  23 0015 7FFB2FB0 		.ascii	"\177\373/\2601]\350?\333\300\310<\257\343\366\023^\226"
  23      315DE83F 
  23      DBC0C83C 
  23      AFE3F613 
  23      5E96
  24 0027 334B4FB7 		.ascii	"3KO\26732\000\000\001\367\016\376"
  24      33320000 
  24      01F70EFE 
  25              		.text
  26              		.section	.gnu.lto_.jmpfuncs.20d439ba,"",%progbits
  27 0000 789C6361 		.ascii	"x\234ca`d\000\001Y\006\004`\005b\240(\023\210\315\004"
  27      60640001 
  27      59060460 
  27      0562A028 
  27      1388CD04 
  28 0014 A5991919 		.ascii	"\245\231\031\031\031\353Y\200\014\000\011\230\000\270"
  28      19EB5980 
  28      0C000998 
  28      00B8
  29              		.text
  30              		.section	.gnu.lto_.inline.20d439ba,"",%progbits
  31 0000 789C6361 		.ascii	"x\234ca`d\000\201J\006\004`e``afd`b\272\300\317\300"
  31      60640081 
  31      4A060460 
  31      65606061 
  31      66646062 
  32 0018 B6409E09 		.ascii	"\266@\236\011$\306\310\300%\015\024b\373\240\007\027"
ARM GAS  C:\Users\elias\AppData\Local\Temp\cc8sCupE.s 			page 2


  32      24C6C8C0 
  32      250D1462 
  32      FBA00717 
  33 0028 62E2060A 		.ascii	"b\342\006\012O\360\003Q\014L\370\245\2311\015d\301\024"
  33      4FF00351 
  33      0C4CF8A5 
  33      99310D64 
  33      C114
  34 003a 620000F7 		.ascii	"b\000\000\367[\013\274"
  34      5B0BBC
  35              		.text
  36              		.section	.gnu.lto_.pureconst.20d439ba,"",%progbits
  37 0000 789C6361 		.ascii	"x\234ca`d\340f```e\220b\224b\222b\226b\221\002\000\003"
  37      6064E066 
  37      60606065 
  37      90629462 
  37      92629662 
  38 0018 FE00A2   		.ascii	"\376\000\242"
  39              		.text
  40              		.section	.gnu.lto_error_Read.20d439ba,"",%progbits
  41 0000 789C6361 		.ascii	"x\234ca`d\000\201\033@\254\010\304\322@\314\310\314"
  41      60640081 
  41      1B40AC08 
  41      C4D240CC 
  41      C8CC
  42 0012 C0C834E1 		.ascii	"\300\3104\341\034\003C#\007\023##\210\321\300\301\310"
  42      1C034323 
  42      07132323 
  42      88D1C0C1 
  42      C8
  43 0023 50CFC458 		.ascii	"P\317\304X\317\370\225\351/\023\343\351\357'z\2704\227"
  43      CFF895E9 
  43      2F13E3E9 
  43      EF277AB8 
  43      3497
  44 0035 37343435 		.ascii	"7445<Xz\231y\372\212\003\214\255\314\014\014\377\231"
  44      3C587A99 
  44      79FA8A03 
  44      8CADCC0C 
  44      0CFF99
  45 0048 18188D65 		.ascii	"\030\030\215e\030\015d@F,g\324d\000*}\264\361\337T^"
  45      180D6440 
  45      462C67D4 
  45      64002A7D 
  45      B4F1DF54 
  46 005d B6960620 		.ascii	"\266\226\006 P\000)\000\312\254`d\003Y\271>\350@\303"
  46      50002900 
  46      CAAC6064 
  46      0359B93E 
  46      E840C3
  47 0070 FFFFCD0D 		.ascii	"\377\377\315\015\007\346\262>dbfb\000\231\300\360\001"
  47      07E6B23E 
  47      64626662 
  47      0099C0F0 
  47      01
  48 0081 A80264DF 		.ascii	"\250\002d\337G&&\020\315\374\214\361\320\257\256\177"
  48      47262610 
ARM GAS  C:\Users\elias\AppData\Local\Temp\cc8sCupE.s 			page 3


  48      CDFC8CF1 
  48      D0AFAE7F 
  49 0091 4798419A 		.ascii	"G\230A\232\232\231AvOk=t\236\375\013S+3##\310\374\233"
  49      9A994176 
  49      4F6B3D74 
  49      9EFD0B53 
  49      2B332323 
  50 00a8 877E5DE0 		.ascii	"\207~]\340\206p\037\237hl`\001\012=]\370\271\217q>\343"
  50      86701F9F 
  50      686C6001 
  50      0A3D5DF8 
  50      B98F713E 
  51 00bd DCC616A0 		.ascii	"\334\306\026\240\253\230\030W1\3120\256d\004\272\211"
  51      AB981857 
  51      31CA30AE 
  51      6404BA89 
  52 00cd 71355094 		.ascii	"q5P\224\341\025#\023\3240\006\260}\214 {\200ly\367\324"
  52      E1152313 
  52      D43006B0 
  52      7D8C207B 
  52      806C79F7 
  53 00e2 BCD4A2C4 		.ascii	"\274\324\242\304\222\324\224\370\340\374\322\242\344"
  53      92D494F8 
  53      E0FCD2A2 
  53      E4
  54 00ef D49880E0 		.ascii	"\324\230\200\340|g\323\230\324\242\242\374\"\275d\006"
  54      7C67D398 
  54      D4A2A2FC 
  54      22BD6406 
  55 00ff 001C5558 		.ascii	"\000\034UX\033"
  55      1B
  56              		.text
  57              		.section	.gnu.lto_error_InterruptEnable.20d439ba,"",%progbits
  58 0000 789C7D90 		.ascii	"x\234}\220\317+DQ\024\307\317\367\336yo\006\221\215"
  58      CF2B4451 
  58      14C7CFF7 
  58      DE796F06 
  58      918D
  59 0012 95295216 		.ascii	"\225)R\0266R\362\027X\330\312l\225\304[X0z\215\365\334"
  59      3652F217 
  59      58D8CA6C 
  59      95C45B58 
  59      307A8DF5 
  60 0027 31F3220B 		.ascii	"1\363\"\013)a\305,$\277g\314\212\331\275f'B\226\244"
  60      2961C52C 
  60      24BF67CC 
  60      8AD9BD66 
  60      274296A4 
  61 003b 340B2469 		.ascii	"4\013$i\210\374\250\361\234\373\336R9u\3379\357\366"
  61      88FCA8F1 
  61      9CFBDE52 
  61      3975DF39 
  61      EFF6
  62 004d 3D9F73BE 		.ascii	"=\237s\2767D \035W\234\27287\363\201$\210\2053\242T"
  62      3744201D 
  62      579CBA38 
  62      37F38124 
ARM GAS  C:\Users\elias\AppData\Local\Temp\cc8sCupE.s 			page 4


  62      888533A2 
  63 0062 4400BA50 		.ascii	"D\000\272P\021PR \211wQ\025(\315\334\025E\307\246\342"
  63      11505220 
  63      89775115 
  63      28CDDC15 
  63      45C7A6E2 
  64 0076 B8DD5893 		.ascii	"\270\335X\223j\313\205#\211<\341\223\010\233\350 \226"
  64      6ACB8523 
  64      893CE193 
  64      089BE820 
  64      96
  65 0087 2DBEDE1C 		.ascii	"-\276\336\034\231\262\015\272\276\312-dj\333\327\225"
  65      99B20DBA 
  65      BECA2D64 
  65      6ADBD795 
  66 0097 9A56EEC7 		.ascii	"\232V\356\307\370\212rS\255\216\004\266 \271\013\335"
  66      F88A7253 
  66      AD8E04B6 
  66      20B90BDD 
  67 00a7 517445FD 		.ascii	"QtE\375^\226\226\013?K\365fF\323[\261\215\366\200\213"
  67      5E96960B 
  67      3F4BF566 
  67      46D35BB1 
  67      8DF6808B 
  68 00bb 1D98BC22 		.ascii	"\035\230\274\"\364M~\300U\236\227V\356\273Q\225\021"
  68      F44D7EC0 
  68      559E9756 
  68      EEBB5195 
  68      11
  69 00cc 5E96EF42 		.ascii	"^\226\357B\344Ha\350\017Q\205\217\336\372E\010\235\345"
  69      E44861E8 
  69      0F51858F 
  69      DEFA4508 
  69      9DE5
  70 00de 03D2EE57 		.ascii	"\003\322\356W\001\032\221\226\222G\024\213O\327\341"
  70      011A9196 
  70      9247148B 
  70      4FD7E1
  71 00ed 6455CD2A 		.ascii	"dU\315*\325\350H^A\223w\221\344\366\020\225!\374a\014"
  71      D5E8485E 
  71      41937791 
  71      E4F61095 
  71      21FC610C 
  72 0101 6535DDA1 		.ascii	"e5\335\241\364=\367|\030\016\272C\334\275\354\224\316"
  72      F43DF77C 
  72      180EBA43 
  72      DCBDEC94 
  72      CE
  73 0112 C36FC291 		.ascii	"\303o\302\221\206o\355\244<\177_\023\374.\036\247\224"
  73      866FEDA4 
  73      3C7F5F13 
  73      FC2E1EA7 
  73      94
  74 0123 56FC5C9C 		.ascii	"V\374\\\234\315\212,VS\031~\030\023\373\210b\017l\020"
  74      CD8A2C56 
  74      53197E18 
  74      13FB8862 
ARM GAS  C:\Users\elias\AppData\Local\Temp\cc8sCupE.s 			page 5


  74      0F6C10
  75 0136 3964C1C4 		.ascii	"9d\301\304\364\247\031\340\214\200xY9]\255\323\010\201"
  75      F4A719E0 
  75      8C807859 
  75      395DADD3 
  75      0881
  76 0148 46E459C9 		.ascii	"F\344Y\311C\227\375}\377\203\0350\214\021\364\200\214"
  76      4397FD7D 
  76      FF831D30 
  76      8C11F480 
  76      8C
  77 0159 5B6DD26A 		.ascii	"[m\322j\372\343-\354\361\033\020\012\354\215\31582B"
  77      FAE32DEC 
  77      F11B100A 
  77      EC8DCD38 
  77      3242
  78 016b 8F98763D 		.ascii	"\217\230v=\303W\353\250\260w~#\026\265\364Y\023\226"
  78      C357EBA8 
  78      B0777E23 
  78      16B5F459 
  78      1396
  79 017d 3D9CB046 		.ascii	"=\234\260F\207b\361){\304\032\354\217\305{{\006-\333"
  79      8762F129 
  79      7BC41AEC 
  79      8FC57B7B 
  79      062DDB
  80 0190 8EDB9D23 		.ascii	"\216\333\235#\32406\221\340zj2\021K\260\352\027\031"
  80      D4303691 
  80      E07A6A32 
  80      114BB0EA 
  80      1719
  81 01a2 CFAED4   		.ascii	"\317\256\324"
  82              		.text
  83              		.section	.gnu.lto_error_InterruptDisable.20d439ba,"",%progbits
  84 0000 789C7D90 		.ascii	"x\234}\220\317+DQ\024\307\317\367\336\2317C\221\225"
  84      CF2B4451 
  84      14C7CFF7 
  84      DE993743 
  84      9195
  85 0012 8D295216 		.ascii	"\215)R\0266\232\222\277@\261\225\331*\211\267\260\231"
  85      369A92BF 
  85      40B195D9 
  85      2A89B7B0 
  85      99
  86 0023 D16BD8CE 		.ascii	"\321k\330\316\235\037\017YH\011\245\244X\370\375kgv"
  86      9D1F0F59 
  86      4809A5A4 
  86      58F8FD6B 
  86      6776
  87 0035 CF2CA650 		.ascii	"\317,\246P(Ia\244Y\014I\371\021\033a\234\373\336R9u"
  87      284961A4 
  87      590C49F9 
  87      111B619C 
  87      FBDE5239 
  88 004a DF39EFF6 		.ascii	"\3379\357\366=\237s\276\327G \035\267\234\302\234\353"
  88      3D9F73BE 
  88      D747201D 
ARM GAS  C:\Users\elias\AppData\Local\Temp\cc8sCupE.s 			page 6


  88      B79CC29C 
  88      EB
  89 005b F84012C4 		.ascii	"\370@\022\304\324\011Q2(\000]\250 (!\220\300\207\370"
  89      D4095132 
  89      28005DA8 
  89      20282190 
  89      C087F8
  90 006e 16C88D95 		.ascii	"\026\310\215\225\262\242yEq\334\331\217a\265\352\300"
  90      B2A27945 
  90      71DCD98F 
  90      61B5EAC0 
  91 007e 964465E1 		.ascii	"\226De\341\222\010+h&\226M\277\025\366\015\331\010]"
  91      92082B68 
  91      26964DBF 
  91      15F60DD9 
  91      085D
  92 0090 5F6D4F65 		.ascii	"_mOe*\233\226\225J)\347\"_5\247\234d\203-\201UHnCk\010"
  92      2A9B9695 
  92      4A29E722 
  92      5F35A79C 
  92      64832D81 
  93 00aa E190DBCC 		.ascii	"\341\220\333\314\332\342\336\317L\225\221\321\370\006"
  93      DAE2DECF 
  93      4C9591D1 
  93      F806
  94 00b8 ACA1C903 		.ascii	"\254\241\311\003c\035\006\357\010}\263\323\355\250r"
  94      631D06EF 
  94      087DB3D3 
  94      EDA872
  95 00c7 39AD9C73 		.ascii	"9\255\234s\343\340\306\010\362\272|\351#[\012\277\376"
  95      E3E0C608 
  95      F2BA7CE9 
  95      235B0ABF 
  95      FE
  96 00d8 10BDF0D1 		.ascii	"\020\275\360\321{\277\012\241\263|@\332\271\034\255"
  96      7BBF0AA1 
  96      B37C40DA 
  96      B91CAD
  97 00e7 D58CB494 		.ascii	"\325\214\264\224<#\233}\272\016$\276\325\270R5\266\344"
  97      3C239B7D 
  97      BA0E24BE 
  97      D5B85235 
  97      B6E4
  98 00f9 1D347A03 		.ascii	"\0354z\003\011n\367Q\021\302\235\306PVS\011\271\317"
  98      096EF751 
  98      11C29DC6 
  98      50565309 
  98      B9CF
  99 010b 89D2FC88 		.ascii	"\211\322\374\210\327\355\343\356Y;w\032x\027\266\364"
  99      D7EDE3EE 
  99      593B771A 
  99      7817B6F4 
 100 011b BBE68E8B 		.ascii	"\273\346\216\213\223\367\025\336\357\364aRi\305\317"
 100      93F715DE 
 100      EFF46152 
 100      69C5CF
 101 012a D9C9B858 		.ascii	"\331\311\270X\304B2\303Oc`\013!l\202\035b\033\213`b"
ARM GAS  C:\Users\elias\AppData\Local\Temp\cc8sCupE.s 			page 7


 101      C44232C3 
 101      4F63600B 
 101      216C821D 
 101      621B8B60 
 102 013f FACBF070 		.ascii	"\372\313\360p~\217\270t\264\220\253\324\010\003\317"
 102      7E8FB874 
 102      B490ABD4 
 102      0803CF
 103 014e C00E4B79 		.ascii	"\300\016Ky\352,\264\346?\332.\323\230A\017\3108\327"
 103      EA2CB4E6 
 103      3FDA2ED3 
 103      98410FC8 
 103      38D7
 104 0160 79776BFA 		.ascii	"ywk\372\343.P\346W \354\261;\266c\313 =\"\345\024:\\"
 104      E32E50E6 
 104      5720ECB1 
 104      3BB663CB 
 104      203D22E5 
 105 0177 B58E1776 		.ascii	"\265\216\027v\317\257\304\242\372N3jZ}qs\2407\022\033"
 105      CFAFC4A2 
 105      FA4E336A 
 105      5A7D7173 
 105      A037121B 
 106 018b B6FACD9E 		.ascii	"\266\372\315\236\256H\254\275\255\307\264\254\230\325"
 106      AE48ACBD 
 106      ADC7B4AC 
 106      98D5
 107 0199 D24FD583 		.ascii	"\322O\325\203\3218\327\303C\361H\234U\277\016e\261@"
 107      D138D7C3 
 107      43F1489C 
 107      55BF0E65 
 107      B140
 108              		.text
 109              		.section	.gnu.lto_error_WriteMask.20d439ba,"",%progbits
 110 0000 789C254F 		.ascii	"x\234%O=K\003A\020\235\267{\232\200\244\260\366@\261"
 110      3D4B0341 
 110      109DB77B 
 110      9A80A4B0 
 110      F640B1
 111 0013 30A40901 		.ascii	"0\244\011\001\361\027X\244\025\323\006$\304\253D\003"
 111      F11758A4 
 111      15D30624 
 111      C4AB4403 
 112 0023 A7D6994B 		.ascii	"\247\326\231Kr\212`!\202\"\202\244\020M\374B\0036js"
 112      728A6021 
 112      822282A4 
 112      104DFC42 
 112      03366A73 
 113 0037 A6106CF4 		.ascii	"\246\020l\364/\210h\012\013IP\013\021=g\223\201\345"
 113      2F88680A 
 113      0B49500B 
 113      113D6793 
 113      81E5
 114 0049 CD2EEF6B 		.ascii	"\315.\357k-\002\231\031\024\030\023\034\222\003MP\033"
 114      2D029919 
 114      1418131C 
 114      92034D50 
ARM GAS  C:\Users\elias\AppData\Local\Temp\cc8sCupE.s 			page 8


 114      1B
 115 005a 0F445E54 		.ascii	"\017D^T\001f\341(\250\250P\304\227\372Uh\256\266\256"
 115      0166E128 
 115      A8A850C4 
 115      97FA5568 
 115      AEB6AE
 116 006d 54A2C632 		.ascii	"T\242\3062O\257\037)\256\007\3605Q\250\272N\204\032"
 116      4FAF1F29 
 116      AE07F035 
 116      51A8BA4E 
 116      841A
 117 007f 12C20A0F 		.ascii	"\022\302\012\017/\326\242z\024$\373\316\312\313],~\300"
 117      2FD6A27A 
 117      1424FBCE 
 117      CACB5D2C 
 117      7EC0
 118 0091 5C62FECE 		.ascii	"\\b\376\316\262\3665P\207\026\005\306m\244l\222\007"
 118      B2F63550 
 118      871605C6 
 118      6DA46C92 
 118      07
 119 00a2 C211E286 		.ascii	"\302\021\342\206\374\334\370\333\212\365W\214\375H\317"
 119      FCDCF8DB 
 119      8AF5578C 
 119      FD48CF
 120 00b1 14C7E837 		.ascii	"\024\307\35075\317\247\003\016\3032\007\215\310\355"
 120      35CFA703 
 120      0EC33207 
 120      8DC8ED
 121 00c0 75C49272 		.ascii	"u\304\222rFBm\341\230\226\035\245\014\352\026\232\273"
 121      46426DE1 
 121      98961DA5 
 121      0CEA169A 
 121      BB
 122 00d1 8DF74E9F 		.ascii	"\215\367N\237\221\211\337\266\337|\214|*_\253n\227\365"
 122      9189DFB6 
 122      DF7C8C7C 
 122      2A5FAB6E 
 122      97F5
 123 00e3 CBCD7DF4 		.ascii	"\313\315}\364\256\345{\217-S\225\177\222U\354y\025\217"
 123      AEE57B8F 
 123      2D53957F 
 123      9255EC79 
 123      158F
 124 00f5 79C0D71A 		.ascii	"y\300\327\032\247\260q\002[\222\317PEY+zC)\270I\033"
 124      A7B07102 
 124      5B92CF50 
 124      45592B7A 
 124      4329B849 
 125 010a C7EE1FDB 		.ascii	"\307\356\037\333\342%Q\022<\234v\026\0347\267\344\314"
 125      E2255112 
 125      3C9C7616 
 125      1C37B7E4 
 125      CC
 126 011b CE640ACB 		.ascii	"\316d\012\313n\336\311Ne\012\223\023Y\307u\013n2O\326"
 126      6EDEC94E 
 126      650A9313 
ARM GAS  C:\Users\elias\AppData\Local\Temp\cc8sCupE.s 			page 9


 126      59C7750B 
 126      6E324FD6 
 127 012f 7C6E71EE 		.ascii	"|nq\356\037\225glc"
 127      1F95676C 
 127      63
 128              		.text
 129              		.section	.gnu.lto_error_ReadMask.20d439ba,"",%progbits
 130 0000 789C6361 		.ascii	"x\234ca`d\000\201\033@\254\010\304\322@\314\310\314"
 130      60640081 
 130      1B40AC08 
 130      C4D240CC 
 130      C8CC
 131 0012 C0C834E1 		.ascii	"\300\3104\341\034\003C#\007\023##\210\321\300\301\310"
 131      1C034323 
 131      07132323 
 131      88D1C0C1 
 131      C8
 132 0023 50CFC458 		.ascii	"P\317\304X\317\370\225\351/\023\343\351\357'z\2704\227"
 132      CFF895E9 
 132      2F13E3E9 
 132      EF277AB8 
 132      3497
 133 0035 37343435 		.ascii	"7445<8\372\337b\372\212\003\214\255\314\014\014\377"
 133      3C38FADF 
 133      62FA8A03 
 133      8CADCC0C 
 133      0CFF
 134 0047 9918188D 		.ascii	"\231\030\030\215e\030\015d@F,g\324d\000*}\264\361\337"
 134      65180D64 
 134      40462C67 
 134      D464002A 
 134      7DB4F1DF 
 135 005b 545EB696 		.ascii	"T^\266\226\006 P\000)\000\312\254`d\003Y\271>\350@\303"
 135      06205000 
 135      2900CAAC 
 135      60640359 
 135      B93EE840 
 136 0070 FFFFCD0D 		.ascii	"\377\377\315\015\007\376\263\037\234\304\305\314\304"
 136      07FEB31F 
 136      9CC4C5CC 
 136      C4
 137 007d 003282E1 		.ascii	"\0002\202\341\003P\011\310\302\217LL \232\371\031\343"
 137      035009C8 
 137      C28F4C4C 
 137      209AF919 
 137      E3
 138 008e A15F5DC7 		.ascii	"\241_]\307VX\200t53\203,\237\326z\350<\373\027\246V"
 138      56588074 
 138      3533832C 
 138      9FD67AE8 
 138      3CFB17A6 
 139 00a3 66464690 		.ascii	"fFF\220\005=[&-f\204p\233O66\260\000\205\3767\374\326"
 139      053D5B26 
 139      2D668470 
 139      9B4F3636 
 139      B00085FE 
 140 00ba 9BCF38B7 		.ascii	"\233\3178\267\261\005\350*&\306U\2142\214+\031\201n"
ARM GAS  C:\Users\elias\AppData\Local\Temp\cc8sCupE.s 			page 10


 140      B105E82A 
 140      26C6558C 
 140      328C2B19 
 140      816E
 141 00cc 625CCD38 		.ascii	"b\\\3158\237\221\341\025#\023\324,\006\260u\214 k\200"
 141      9F91E115 
 141      2313D42C 
 141      06B0758C 
 141      206B80
 142 00df 6C79F7D4 		.ascii	"ly\367\324\274\324\242\304\222\324\224\370\340\374\322"
 142      BCD4A2C4 
 142      92D494F8 
 142      E0FCD2
 143 00ee A2E4D498 		.ascii	"\242\344\324\230\200\340|g\323\230\324\242\242\374\""
 143      80E07C67 
 143      D398D4A2 
 143      A2FC22
 144 00fd BD640600 		.ascii	"\275d\006\000LMW\242"
 144      4C4D57A2 
 145              		.text
 146              		.section	.gnu.lto_.symbol_nodes.20d439ba,"",%progbits
 147 0000 789C55C8 		.ascii	"x\234U\310\261\021\204@\014CQ\311\336\335:\240Rm\011"
 147      B1118440 
 147      0C4351C9 
 147      DEDD3AA0 
 147      526D09
 148 0013 97D10055 		.ascii	"\227\321\000U\020\023S\0034\302`\340\002\254D\363_\001"
 148      10135303 
 148      34C260E0 
 148      02AC44F3 
 148      5F01
 149 0025 31216610 		.ascii	"1!f\020\360\333p\337\322\307\000\212\031L\226\301\345"
 149      F0DB70DF 
 149      D2C7008A 
 149      194C96C1 
 149      E5
 150 0036 198A4A02 		.ascii	"\031\212J\0026\325\007\200\336\207\350\252\366mg\303"
 150      36D50780 
 150      DE87E8AA 
 150      F66D67C3 
 151 0046 BC9F7456 		.ascii	"\274\237tV\254G\274\375\333\336\306\005\023\340#\326"
 151      AC47BCFD 
 151      DBDEC605 
 151      13E023D6 
 152              		.text
 153              		.section	.gnu.lto_.refs.20d439ba,"",%progbits
 154 0000 789C6361 		.ascii	"x\234ca`\004B \000\000\0009\000\007"
 154      60044220 
 154      00000039 
 154      0007
 155              		.text
 156              		.section	.gnu.lto_.decls.20d439ba,"",%progbits
 157 0000 789C9D53 		.ascii	"x\234\235S]L\024W\024\276gfX\226a\205\306(\341a\233"
 157      5D4C1457 
 157      14BE6766 
 157      58966185 
 157      C628E161 
ARM GAS  C:\Users\elias\AppData\Local\Temp\cc8sCupE.s 			page 11


 158 0015 529F7822 		.ascii	"R\237x\"5\246\011\366\2411Y\177b\242MS\"}15\313:\251"
 158      35A609F6 
 158      A131597F 
 158      62A24D53 
 158      227D3135 
 159 002c 1BCD6296 		.ascii	"\033\315b\226!\221\267k\301T\304\250\304(\005\332\012"
 159      2191B76B 
 159      C154C4A8 
 159      C42805DA 
 159      0A
 160 003d 94EA825B 		.ascii	"\224\352\202[A\001\371\023Y\024X4\301`\232\320(4l\262"
 160      4101F913 
 160      59145834 
 160      C1609AD0 
 160      28346CB2 
 161 0051 FA408A51 		.ascii	"\372@\212Q\203\011!\004\327s\357\334qf\267`\232\336"
 161      83092104 
 161      D773EFDC 
 161      7166B760 
 161      9ADE
 162 0063 EC99B9E7 		.ascii	"\354\231\271\347\336\357\373\316w\356\235U\010\0206"
 162      DEEFFBCE 
 162      77EE9D55 
 162      081036
 163 0072 B6A711B2 		.ascii	"\266\247\021\262\202o\035\323\004\016\007\316\213\211"
 163      826F1DD3 
 163      040E07CE 
 163      8B89
 164 0080 35D2316E 		.ascii	"5\3221na\364`\364b\014b\014a\014c\214\220\177\017\206"
 164      61F460F4 
 164      620C620C 
 164      610C638C 
 164      907F0F86 
 165 0094 95313A31 		.ascii	"\2251:1\3061F\305:\210\275\324\301t3DM\306qcD1n\332"
 165      C63146C5 
 165      3A88BDD4 
 165      C1743344 
 165      4DC67163 
 166 00ac F8131803 		.ascii	"\370\023\030\003\002/\013\316\210\360\220:z\377\207"
 166      022F0BCE 
 166      88F0903A 
 166      7AFF87
 167 00bb 5EEF07F4 		.ascii	"^\357\007\364X\277\212M/\265\247\30158C\0378\203\241"
 167      58BF8A4D 
 167      2FB5A7C1 
 167      3538431F 
 167      3883A1
 168 00ce 35F0AB12 		.ascii	"5\360\253\022$\256t\237w\316\300\023\220\211\270\030"
 168      24AE749F 
 168      77CEC013 
 168      9089B818 
 169 00de 02603C81 		.ascii	"\002`<\201\0071\202\2478\221\21011\227\336\017\" \222"
 169      073182A7 
 169      38918831 
 169      3197DE0F 
 169      222092
 170 00f1 39B5C4F8 		.ascii	"9\265\304\370O\360!a\016.b\251\203 \031\271\351[\220"
ARM GAS  C:\Users\elias\AppData\Local\Temp\cc8sCupE.s 			page 12


 170      4FF02161 
 170      0E2E62A9 
 170      832019B9 
 170      E95B90
 171 0104 40B20A80 		.ascii	"@\262\012\200\221\232\014\233^\212#\323\263Y\206Hf\323"
 171      919A0C9B 
 171      5E8A23D3 
 171      B3598648 
 171      66D3
 172 0116 637F3DAA 		.ascii	"c\177=\252\313\226%`\363\271\345\320\356\2020\305q\201"
 172      CB962560 
 172      F3B9E5D0 
 172      EE8230C5 
 172      7181
 173 0128 52E963EB 		.ascii	"R\351c\353d\036Wu\376,\277\221`\243\012\012\246\257"
 173      641E5775 
 173      FE2CBF91 
 173      60A30A0A 
 173      A6AF
 174 013a 271BE259 		.ascii	"'\033\342Y\230nR!\017\323\216S\317\332\234\230\272U"
 174      986E5221 
 174      0FD38E53 
 174      CFDA9C98 
 174      BA55
 175 014c 4800CB17 		.ascii	"H\000\313\027\372\2277\0309#\327\327\306\337f\3129l"
 175      FA973718 
 175      3923D7D7 
 175      C6DF66CA 
 175      396C
 176 015e 2EFD19BF 		.ascii	".\375\031\277>\257@\276z\225\025\211-?\373\262\237\322"
 176      3EAF40BE 
 176      7A951589 
 176      2D3FFBB2 
 176      9FD2
 177 0170 8FA01354 		.ascii	"\217\240\023T\270\0012\264A\001s\350V\361y\232\322\037"
 177      B80132B4 
 177      410173E8 
 177      56F1799A 
 177      D21F
 178 0182 E8AB16EA 		.ascii	"\350\253\026\352\310%\260\315\015\237\271\011t@>\323"
 178      C825B0CD 
 178      0D9FB909 
 178      74403ED3 
 179 0192 6428F803 		.ascii	"d(\370\003\334\020\0067\323\237\252\031\253\314\316"
 179      DC100637 
 179      D39FAA19 
 179      ABCCCE
 180 01a1 BDCC6D57 		.ascii	"\275\314mW\322<\205\313]\307\375v\334'p\023r\361Y\242"
 180      D23C85CB 
 180      5DC7FD76 
 180      DC277013 
 180      72F159A2 
 181 01b5 189D54B6 		.ascii	"\030\235T\266\376x5}K\023m\352\244\261\325\236/\352"
 181      FE78357D 
 181      4B136DEA 
 181      A4B1D59E 
 181      2FEA
ARM GAS  C:\Users\elias\AppData\Local\Temp\cc8sCupE.s 			page 13


 182 01c7 69A40A79 		.ascii	"i\244\012y\022CA\310\262\020b\337\000\201k0\203\347"
 182      124341C8 
 182      B21062DF 
 182      00816B30 
 182      83E7
 183 01d9 750BB620 		.ascii	"u\013\266 \263af\261\315%\177\307[Z}\320\330 \331K\026"
 183      B36166B1 
 183      CD257FC7 
 183      5B5A7DD0 
 183      D820D94B 
 184 01ee E7D82A76 		.ascii	"\347\330*v'W\374;\244\033\005#\213O\\\364\302IJw0\010"
 184      2757FC3B 
 184      A41B0523 
 184      8B4F5CF4 
 184      C2494A77 
 185 0204 7459E5BA 		.ascii	"tY\345\272\354\345zx\271\272\372\247KNY\347\345\316"
 185      ECE57A78 
 185      B9BAFAA7 
 185      4B4E59E7 
 185      E5CE
 186 0216 57FDD494 		.ascii	"W\375\324\224!4\246\306\355\032\267-\215\333v\215^\256"
 186      2134A6C6 
 186      ED1AB72D 
 186      8DDB768D 
 186      5EAE
 187 0228 D13E5D73 		.ascii	"\321>]s\337%\327\000\027y^w\345\037\207\202\367\316"
 187      DF25D700 
 187      17795E77 
 187      E51F8782 
 187      F7CE
 188 023a CF07DDE1 		.ascii	"\317\007\335\341Zx`v\301\261n\037\003\274\217~\020\215"
 188      5A786076 
 188      C1B16E1F 
 188      03BC8F7E 
 188      108D
 189 024c 34D636FF 		.ascii	"4\3266\377\276A\270\3705j\272@\020\364Y.\372\354.\006"
 189      BE41B8F8 
 189      356ABA40 
 189      10F4592E 
 189      FAEC2E06 
 190 0260 B98B8597 		.ascii	"\271\213\205\2273}\212\334h\270\230^\214\255\230\"\253"
 190      337D8ADC 
 190      68B8985E 
 190      8CAD9822 
 190      AB
 191 0271 5139E9FC 		.ascii	"Q9\351\374\357X2w\3542C\\fx\376\3415Yn7d\342\2775\236"
 191      EF583277 
 191      EC32435C 
 191      6678FEE1 
 191      35596E37 
 192 028a CD449918 		.ascii	"\315D\231\030\245M\265\347P\346\236\302\235\334\265"
 192      A54DB5E7 
 192      50E69EC2 
 192      9DDCB5
 193 0299 24EE7209 		.ascii	"$\356r\011\234\014szx\360\227\025\247\0343\350\241\326"
 193      9C0C737A 
 193      78F09715 
ARM GAS  C:\Users\elias\AppData\Local\Temp\cc8sCupE.s 			page 14


 193      A71C33E8 
 193      A1D6
 194 02ab 8B2D0E83 		.ascii	"\213-\016\203\036Y\211\032t\346 b\321#&}\204\323\337"
 194      1E59891A 
 194      74E62062 
 194      D123267D 
 194      84D3DF
 195 02be 542D4E3B 		.ascii	"T-N;T\374(+\377\333G99\337\234H\227\227x9\251\353R\375"
 195      54FC282B 
 195      FFDB4739 
 195      39DF9C48 
 195      97977839 
 196 02d6 A57450F3 		.ascii	"\245tP\363\327\240\217\255A\027\177\216\360\201\332"
 196      D7A08FAD 
 196      41177F8E 
 196      F081DA
 197 02e5 6A7634A3 		.ascii	"jv4\243x]\367-c\367@5\356\243{\352EG\232\353\014\373"
 197      785DF72D 
 197      63F74035 
 197      EEA37BEA 
 197      45479AEB 
 198 02fb 9FE0E56D 		.ascii	"\237\340\345m\234\310\342H\353\372\306\301\305\033\300"
 198      9CC8E248 
 198      EBFAC6C1 
 198      C51BC0
 199 030a 37A26F8C 		.ascii	"7\242o\214V\267KIh\326\260\205\216\012t\224\243\347"
 199      56B74B49 
 199      68D6B085 
 199      8E0A7494 
 199      A3E7
 200 031c 66ABE399 		.ascii	"f\253\343\231I\350\201$\364\204@\263\267\252\005\203"
 200      49E88124 
 200      F48440B3 
 200      B7AA0583 
 201 032c A5C143DF 		.ascii	"\245\301C\337h\336\303\316=_\035\310\363l\335J\322\312"
 201      68DEC3CE 
 201      3D5F1DC8 
 201      F36CDD4A 
 201      D2CA
 202 033e FD01BDF0 		.ascii	"\375\001\275\360\323=Z@\013zu\355\360\241\242\322\362"
 202      D33D5A40 
 202      0B7A75ED 
 202      F0A1A2D2 
 202      F2
 203 034f A04F3BF8 		.ascii	"\240O;\370uQ\251\347\363\203\276\012\275\342\270VVp"
 203      7551A9E7 
 203      F383BE0A 
 203      BDE2B856 
 203      5670
 204 0361 847CB20E 		.ascii	"\204|\262\016\202K\026\370\310fC{o@\307I\371q}W\300"
 204      824B16F8 
 204      C866437B 
 204      6F40C749 
 204      F9717D57 
 205 0376 5B724CCB 		.ascii	"[rL\313IY\335\351/c\313\331\306\362\267A\277\256\355"
 205      4959DDE9 
 205      2F63CBD9 
ARM GAS  C:\Users\elias\AppData\Local\Temp\cc8sCupE.s 			page 15


 205      C6F2B741 
 205      BFAEED
 206 0389 F7961DCD 		.ascii	"\367\226\035\315\262\214\261t\263\247b\327\011\277\356"
 206      B28CB174 
 206      B3A762D7 
 206      09BFEE
 207 0398 C16DBFCF 		.ascii	"\301m\277\317{\254H\363\351\376\322\300z\016<\025\373"
 207      7BAC48F3 
 207      E9FED2C0 
 207      7A0E3C15 
 207      FB
 208 03a9 FC25E830 		.ascii	"\374%\3500\007Y\254N\012M\011j\337\027\276\003\263\222"
 208      0759AC4E 
 208      0A4D096A 
 208      DF17BE03 
 208      B392
 209 03bb E5C5     		.ascii	"\345\305"
 210              		.text
 211              		.section	.gnu.lto_.symtab.20d439ba,"",%progbits
 212 0000 6572726F 		.ascii	"error_Read\000"
 212      725F5265 
 212      616400
 213 000b 00       		.ascii	"\000"
 214 000c 00       		.ascii	"\000"
 215 000d 00       		.ascii	"\000"
 216 000e 00000000 		.ascii	"\000\000\000\000\000\000\000\000"
 216      00000000 
 217 0016 B2000000 		.ascii	"\262\000\000\000"
 218 001a 6572726F 		.ascii	"error_InterruptEnable\000"
 218      725F496E 
 218      74657272 
 218      75707445 
 218      6E61626C 
 219 0030 00       		.ascii	"\000"
 220 0031 00       		.ascii	"\000"
 221 0032 00       		.ascii	"\000"
 222 0033 00000000 		.ascii	"\000\000\000\000\000\000\000\000"
 222      00000000 
 223 003b B5000000 		.ascii	"\265\000\000\000"
 224 003f 6572726F 		.ascii	"error_InterruptDisable\000"
 224      725F496E 
 224      74657272 
 224      75707444 
 224      69736162 
 225 0056 00       		.ascii	"\000"
 226 0057 00       		.ascii	"\000"
 227 0058 00       		.ascii	"\000"
 228 0059 00000000 		.ascii	"\000\000\000\000\000\000\000\000"
 228      00000000 
 229 0061 B7000000 		.ascii	"\267\000\000\000"
 230 0065 6572726F 		.ascii	"error_WriteMask\000"
 230      725F5772 
 230      6974654D 
 230      61736B00 
 231 0075 00       		.ascii	"\000"
 232 0076 00       		.ascii	"\000"
 233 0077 00       		.ascii	"\000"
ARM GAS  C:\Users\elias\AppData\Local\Temp\cc8sCupE.s 			page 16


 234 0078 00000000 		.ascii	"\000\000\000\000\000\000\000\000"
 234      00000000 
 235 0080 BB000000 		.ascii	"\273\000\000\000"
 236 0084 6572726F 		.ascii	"error_ReadMask\000"
 236      725F5265 
 236      61644D61 
 236      736B00
 237 0093 00       		.ascii	"\000"
 238 0094 00       		.ascii	"\000"
 239 0095 00       		.ascii	"\000"
 240 0096 00000000 		.ascii	"\000\000\000\000\000\000\000\000"
 240      00000000 
 241 009e BD000000 		.ascii	"\275\000\000\000"
 242 00a2 43794578 		.ascii	"CyExitCriticalSection\000"
 242      69744372 
 242      69746963 
 242      616C5365 
 242      6374696F 
 243 00b8 00       		.ascii	"\000"
 244 00b9 02       		.ascii	"\002"
 245 00ba 00       		.ascii	"\000"
 246 00bb 00000000 		.ascii	"\000\000\000\000\000\000\000\000"
 246      00000000 
 247 00c3 BF000000 		.ascii	"\277\000\000\000"
 248 00c7 4379456E 		.ascii	"CyEnterCriticalSection\000"
 248      74657243 
 248      72697469 
 248      63616C53 
 248      65637469 
 249 00de 00       		.ascii	"\000"
 250 00df 02       		.ascii	"\002"
 251 00e0 00       		.ascii	"\000"
 252 00e1 00000000 		.ascii	"\000\000\000\000\000\000\000\000"
 252      00000000 
 253 00e9 C1000000 		.ascii	"\301\000\000\000"
 254              		.text
 255              		.section	.gnu.lto_.opts,"",%progbits
 256 0000 272D666D 		.ascii	"'-fmath-errno' '-fsigned-zeros' '-ftrapping-math' '"
 256      6174682D 
 256      6572726E 
 256      6F272027 
 256      2D667369 
 257 0033 2D666E6F 		.ascii	"-fno-trapv' '-fno-openmp' '-fno-openacc' '-mcpu=cor"
 257      2D747261 
 257      70762720 
 257      272D666E 
 257      6F2D6F70 
 258 0066 7465782D 		.ascii	"tex-m3' '-mthumb' '-g' '-O3' '-ffunction-sections' "
 258      6D332720 
 258      272D6D74 
 258      68756D62 
 258      2720272D 
 259 0099 272D6666 		.ascii	"'-ffat-lto-objects' '-finline-functions' '-flto'\000"
 259      61742D6C 
 259      746F2D6F 
 259      626A6563 
 259      74732720 
ARM GAS  C:\Users\elias\AppData\Local\Temp\cc8sCupE.s 			page 17


 260              		.text
 261              		.cfi_sections	.debug_frame
 262              		.section	.text.error_Read,"ax",%progbits
 263              		.align	2
 264              		.global	error_Read
 265              		.thumb
 266              		.thumb_func
 267              		.type	error_Read, %function
 268              	error_Read:
 269              	.LFB0:
 270              		.file 1 "Generated_Source\\PSoC5\\error.c"
   1:Generated_Source\PSoC5/error.c **** /*******************************************************************************
   2:Generated_Source\PSoC5/error.c **** * File Name: error.c  
   3:Generated_Source\PSoC5/error.c **** * Version 1.90
   4:Generated_Source\PSoC5/error.c **** *
   5:Generated_Source\PSoC5/error.c **** * Description:
   6:Generated_Source\PSoC5/error.c **** *  This file contains API to enable firmware to read the value of a Status 
   7:Generated_Source\PSoC5/error.c **** *  Register.
   8:Generated_Source\PSoC5/error.c **** *
   9:Generated_Source\PSoC5/error.c **** * Note:
  10:Generated_Source\PSoC5/error.c **** *
  11:Generated_Source\PSoC5/error.c **** ********************************************************************************
  12:Generated_Source\PSoC5/error.c **** * Copyright 2008-2015, Cypress Semiconductor Corporation.  All rights reserved.
  13:Generated_Source\PSoC5/error.c **** * You may use this file only in accordance with the license, terms, conditions, 
  14:Generated_Source\PSoC5/error.c **** * disclaimers, and limitations in the end user license agreement accompanying 
  15:Generated_Source\PSoC5/error.c **** * the software package with which this file was provided.
  16:Generated_Source\PSoC5/error.c **** *******************************************************************************/
  17:Generated_Source\PSoC5/error.c **** 
  18:Generated_Source\PSoC5/error.c **** #include "error.h"
  19:Generated_Source\PSoC5/error.c **** 
  20:Generated_Source\PSoC5/error.c **** #if !defined(error_sts_sts_reg__REMOVED) /* Check for removal by optimization */
  21:Generated_Source\PSoC5/error.c **** 
  22:Generated_Source\PSoC5/error.c **** 
  23:Generated_Source\PSoC5/error.c **** /*******************************************************************************
  24:Generated_Source\PSoC5/error.c **** * Function Name: error_Read
  25:Generated_Source\PSoC5/error.c **** ********************************************************************************
  26:Generated_Source\PSoC5/error.c **** *
  27:Generated_Source\PSoC5/error.c **** * Summary:
  28:Generated_Source\PSoC5/error.c **** *  Reads the current value assigned to the Status Register.
  29:Generated_Source\PSoC5/error.c **** *
  30:Generated_Source\PSoC5/error.c **** * Parameters:
  31:Generated_Source\PSoC5/error.c **** *  None.
  32:Generated_Source\PSoC5/error.c **** *
  33:Generated_Source\PSoC5/error.c **** * Return:
  34:Generated_Source\PSoC5/error.c **** *  The current value in the Status Register.
  35:Generated_Source\PSoC5/error.c **** *
  36:Generated_Source\PSoC5/error.c **** *******************************************************************************/
  37:Generated_Source\PSoC5/error.c **** uint8 error_Read(void) 
  38:Generated_Source\PSoC5/error.c **** { 
 271              		.loc 1 38 0
 272              		.cfi_startproc
 273              		@ args = 0, pretend = 0, frame = 0
 274              		@ frame_needed = 0, uses_anonymous_args = 0
 275              		@ link register save eliminated.
  39:Generated_Source\PSoC5/error.c ****     return error_Status;
 276              		.loc 1 39 0
 277 0000 014B     		ldr	r3, .L2
ARM GAS  C:\Users\elias\AppData\Local\Temp\cc8sCupE.s 			page 18


 278 0002 1878     		ldrb	r0, [r3]	@ zero_extendqisi2
  40:Generated_Source\PSoC5/error.c **** }
 279              		.loc 1 40 0
 280 0004 7047     		bx	lr
 281              	.L3:
 282 0006 00BF     		.align	2
 283              	.L2:
 284 0008 63640040 		.word	1073767523
 285              		.cfi_endproc
 286              	.LFE0:
 287              		.size	error_Read, .-error_Read
 288              		.section	.text.error_InterruptEnable,"ax",%progbits
 289              		.align	2
 290              		.global	error_InterruptEnable
 291              		.thumb
 292              		.thumb_func
 293              		.type	error_InterruptEnable, %function
 294              	error_InterruptEnable:
 295              	.LFB1:
  41:Generated_Source\PSoC5/error.c **** 
  42:Generated_Source\PSoC5/error.c **** 
  43:Generated_Source\PSoC5/error.c **** /*******************************************************************************
  44:Generated_Source\PSoC5/error.c **** * Function Name: error_InterruptEnable
  45:Generated_Source\PSoC5/error.c **** ********************************************************************************
  46:Generated_Source\PSoC5/error.c **** *
  47:Generated_Source\PSoC5/error.c **** * Summary:
  48:Generated_Source\PSoC5/error.c **** *  Enables the Status Register interrupt.
  49:Generated_Source\PSoC5/error.c **** *
  50:Generated_Source\PSoC5/error.c **** * Parameters:
  51:Generated_Source\PSoC5/error.c **** *  None.
  52:Generated_Source\PSoC5/error.c **** *
  53:Generated_Source\PSoC5/error.c **** * Return:
  54:Generated_Source\PSoC5/error.c **** *  None.
  55:Generated_Source\PSoC5/error.c **** *
  56:Generated_Source\PSoC5/error.c **** *******************************************************************************/
  57:Generated_Source\PSoC5/error.c **** void error_InterruptEnable(void) 
  58:Generated_Source\PSoC5/error.c **** {
 296              		.loc 1 58 0
 297              		.cfi_startproc
 298              		@ args = 0, pretend = 0, frame = 0
 299              		@ frame_needed = 0, uses_anonymous_args = 0
 300 0000 08B5     		push	{r3, lr}
 301              		.cfi_def_cfa_offset 8
 302              		.cfi_offset 3, -8
 303              		.cfi_offset 14, -4
  59:Generated_Source\PSoC5/error.c ****     uint8 interruptState;
  60:Generated_Source\PSoC5/error.c ****     interruptState = CyEnterCriticalSection();
 304              		.loc 1 60 0
 305 0002 FFF7FEFF 		bl	CyEnterCriticalSection
 306              	.LVL0:
  61:Generated_Source\PSoC5/error.c ****     error_Status_Aux_Ctrl |= error_STATUS_INTR_ENBL;
 307              		.loc 1 61 0
 308 0006 044A     		ldr	r2, .L6
 309 0008 1378     		ldrb	r3, [r2]	@ zero_extendqisi2
 310 000a 43F01003 		orr	r3, r3, #16
 311 000e 1370     		strb	r3, [r2]
  62:Generated_Source\PSoC5/error.c ****     CyExitCriticalSection(interruptState);
ARM GAS  C:\Users\elias\AppData\Local\Temp\cc8sCupE.s 			page 19


  63:Generated_Source\PSoC5/error.c **** }
 312              		.loc 1 63 0
 313 0010 BDE80840 		pop	{r3, lr}
 314              		.cfi_restore 14
 315              		.cfi_restore 3
 316              		.cfi_def_cfa_offset 0
  62:Generated_Source\PSoC5/error.c ****     CyExitCriticalSection(interruptState);
 317              		.loc 1 62 0
 318 0014 FFF7FEBF 		b	CyExitCriticalSection
 319              	.LVL1:
 320              	.L7:
 321              		.align	2
 322              	.L6:
 323 0018 93640040 		.word	1073767571
 324              		.cfi_endproc
 325              	.LFE1:
 326              		.size	error_InterruptEnable, .-error_InterruptEnable
 327              		.section	.text.error_InterruptDisable,"ax",%progbits
 328              		.align	2
 329              		.global	error_InterruptDisable
 330              		.thumb
 331              		.thumb_func
 332              		.type	error_InterruptDisable, %function
 333              	error_InterruptDisable:
 334              	.LFB2:
  64:Generated_Source\PSoC5/error.c **** 
  65:Generated_Source\PSoC5/error.c **** 
  66:Generated_Source\PSoC5/error.c **** /*******************************************************************************
  67:Generated_Source\PSoC5/error.c **** * Function Name: error_InterruptDisable
  68:Generated_Source\PSoC5/error.c **** ********************************************************************************
  69:Generated_Source\PSoC5/error.c **** *
  70:Generated_Source\PSoC5/error.c **** * Summary:
  71:Generated_Source\PSoC5/error.c **** *  Disables the Status Register interrupt.
  72:Generated_Source\PSoC5/error.c **** *
  73:Generated_Source\PSoC5/error.c **** * Parameters:
  74:Generated_Source\PSoC5/error.c **** *  None.
  75:Generated_Source\PSoC5/error.c **** *
  76:Generated_Source\PSoC5/error.c **** * Return:
  77:Generated_Source\PSoC5/error.c **** *  None.
  78:Generated_Source\PSoC5/error.c **** *
  79:Generated_Source\PSoC5/error.c **** *******************************************************************************/
  80:Generated_Source\PSoC5/error.c **** void error_InterruptDisable(void) 
  81:Generated_Source\PSoC5/error.c **** {
 335              		.loc 1 81 0
 336              		.cfi_startproc
 337              		@ args = 0, pretend = 0, frame = 0
 338              		@ frame_needed = 0, uses_anonymous_args = 0
 339 0000 08B5     		push	{r3, lr}
 340              		.cfi_def_cfa_offset 8
 341              		.cfi_offset 3, -8
 342              		.cfi_offset 14, -4
  82:Generated_Source\PSoC5/error.c ****     uint8 interruptState;
  83:Generated_Source\PSoC5/error.c ****     interruptState = CyEnterCriticalSection();
 343              		.loc 1 83 0
 344 0002 FFF7FEFF 		bl	CyEnterCriticalSection
 345              	.LVL2:
  84:Generated_Source\PSoC5/error.c ****     error_Status_Aux_Ctrl &= (uint8)(~error_STATUS_INTR_ENBL);
ARM GAS  C:\Users\elias\AppData\Local\Temp\cc8sCupE.s 			page 20


 346              		.loc 1 84 0
 347 0006 044A     		ldr	r2, .L10
 348 0008 1378     		ldrb	r3, [r2]	@ zero_extendqisi2
 349 000a 03F0EF03 		and	r3, r3, #239
 350 000e 1370     		strb	r3, [r2]
  85:Generated_Source\PSoC5/error.c ****     CyExitCriticalSection(interruptState);
  86:Generated_Source\PSoC5/error.c **** }
 351              		.loc 1 86 0
 352 0010 BDE80840 		pop	{r3, lr}
 353              		.cfi_restore 14
 354              		.cfi_restore 3
 355              		.cfi_def_cfa_offset 0
  85:Generated_Source\PSoC5/error.c ****     CyExitCriticalSection(interruptState);
 356              		.loc 1 85 0
 357 0014 FFF7FEBF 		b	CyExitCriticalSection
 358              	.LVL3:
 359              	.L11:
 360              		.align	2
 361              	.L10:
 362 0018 93640040 		.word	1073767571
 363              		.cfi_endproc
 364              	.LFE2:
 365              		.size	error_InterruptDisable, .-error_InterruptDisable
 366              		.section	.text.error_WriteMask,"ax",%progbits
 367              		.align	2
 368              		.global	error_WriteMask
 369              		.thumb
 370              		.thumb_func
 371              		.type	error_WriteMask, %function
 372              	error_WriteMask:
 373              	.LFB3:
  87:Generated_Source\PSoC5/error.c **** 
  88:Generated_Source\PSoC5/error.c **** 
  89:Generated_Source\PSoC5/error.c **** /*******************************************************************************
  90:Generated_Source\PSoC5/error.c **** * Function Name: error_WriteMask
  91:Generated_Source\PSoC5/error.c **** ********************************************************************************
  92:Generated_Source\PSoC5/error.c **** *
  93:Generated_Source\PSoC5/error.c **** * Summary:
  94:Generated_Source\PSoC5/error.c **** *  Writes the current mask value assigned to the Status Register.
  95:Generated_Source\PSoC5/error.c **** *
  96:Generated_Source\PSoC5/error.c **** * Parameters:
  97:Generated_Source\PSoC5/error.c **** *  mask:  Value to write into the mask register.
  98:Generated_Source\PSoC5/error.c **** *
  99:Generated_Source\PSoC5/error.c **** * Return:
 100:Generated_Source\PSoC5/error.c **** *  None.
 101:Generated_Source\PSoC5/error.c **** *
 102:Generated_Source\PSoC5/error.c **** *******************************************************************************/
 103:Generated_Source\PSoC5/error.c **** void error_WriteMask(uint8 mask) 
 104:Generated_Source\PSoC5/error.c **** {
 374              		.loc 1 104 0
 375              		.cfi_startproc
 376              		@ args = 0, pretend = 0, frame = 0
 377              		@ frame_needed = 0, uses_anonymous_args = 0
 378              		@ link register save eliminated.
 379              	.LVL4:
 105:Generated_Source\PSoC5/error.c ****     #if(error_INPUTS < 8u)
 106:Generated_Source\PSoC5/error.c ****     	mask &= ((uint8)(1u << error_INPUTS) - 1u);
ARM GAS  C:\Users\elias\AppData\Local\Temp\cc8sCupE.s 			page 21


 107:Generated_Source\PSoC5/error.c **** 	#endif /* End error_INPUTS < 8u */
 108:Generated_Source\PSoC5/error.c ****     error_Status_Mask = mask;
 380              		.loc 1 108 0
 381 0000 014B     		ldr	r3, .L13
 382 0002 1870     		strb	r0, [r3]
 383 0004 7047     		bx	lr
 384              	.L14:
 385 0006 00BF     		.align	2
 386              	.L13:
 387 0008 83640040 		.word	1073767555
 388              		.cfi_endproc
 389              	.LFE3:
 390              		.size	error_WriteMask, .-error_WriteMask
 391              		.section	.text.error_ReadMask,"ax",%progbits
 392              		.align	2
 393              		.global	error_ReadMask
 394              		.thumb
 395              		.thumb_func
 396              		.type	error_ReadMask, %function
 397              	error_ReadMask:
 398              	.LFB4:
 109:Generated_Source\PSoC5/error.c **** }
 110:Generated_Source\PSoC5/error.c **** 
 111:Generated_Source\PSoC5/error.c **** 
 112:Generated_Source\PSoC5/error.c **** /*******************************************************************************
 113:Generated_Source\PSoC5/error.c **** * Function Name: error_ReadMask
 114:Generated_Source\PSoC5/error.c **** ********************************************************************************
 115:Generated_Source\PSoC5/error.c **** *
 116:Generated_Source\PSoC5/error.c **** * Summary:
 117:Generated_Source\PSoC5/error.c **** *  Reads the current interrupt mask assigned to the Status Register.
 118:Generated_Source\PSoC5/error.c **** *
 119:Generated_Source\PSoC5/error.c **** * Parameters:
 120:Generated_Source\PSoC5/error.c **** *  None.
 121:Generated_Source\PSoC5/error.c **** *
 122:Generated_Source\PSoC5/error.c **** * Return:
 123:Generated_Source\PSoC5/error.c **** *  The value of the interrupt mask of the Status Register.
 124:Generated_Source\PSoC5/error.c **** *
 125:Generated_Source\PSoC5/error.c **** *******************************************************************************/
 126:Generated_Source\PSoC5/error.c **** uint8 error_ReadMask(void) 
 127:Generated_Source\PSoC5/error.c **** {
 399              		.loc 1 127 0
 400              		.cfi_startproc
 401              		@ args = 0, pretend = 0, frame = 0
 402              		@ frame_needed = 0, uses_anonymous_args = 0
 403              		@ link register save eliminated.
 128:Generated_Source\PSoC5/error.c ****     return error_Status_Mask;
 404              		.loc 1 128 0
 405 0000 014B     		ldr	r3, .L16
 406 0002 1878     		ldrb	r0, [r3]	@ zero_extendqisi2
 129:Generated_Source\PSoC5/error.c **** }
 407              		.loc 1 129 0
 408 0004 7047     		bx	lr
 409              	.L17:
 410 0006 00BF     		.align	2
 411              	.L16:
 412 0008 83640040 		.word	1073767555
 413              		.cfi_endproc
ARM GAS  C:\Users\elias\AppData\Local\Temp\cc8sCupE.s 			page 22


 414              	.LFE4:
 415              		.size	error_ReadMask, .-error_ReadMask
 416              		.text
 417              	.Letext0:
 418              		.file 2 "Generated_Source\\PSoC5\\cytypes.h"
 419              		.file 3 "Generated_Source\\PSoC5\\CyLib.h"
 420              		.section	.debug_info,"",%progbits
 421              	.Ldebug_info0:
 422 0000 79010000 		.4byte	0x179
 423 0004 0400     		.2byte	0x4
 424 0006 00000000 		.4byte	.Ldebug_abbrev0
 425 000a 04       		.byte	0x4
 426 000b 01       		.uleb128 0x1
 427 000c A7010000 		.4byte	.LASF24
 428 0010 0C       		.byte	0xc
 429 0011 0C010000 		.4byte	.LASF25
 430 0015 B1000000 		.4byte	.LASF26
 431 0019 00000000 		.4byte	.Ldebug_ranges0+0
 432 001d 00000000 		.4byte	0
 433 0021 00000000 		.4byte	.Ldebug_line0
 434 0025 02       		.uleb128 0x2
 435 0026 01       		.byte	0x1
 436 0027 06       		.byte	0x6
 437 0028 45010000 		.4byte	.LASF0
 438 002c 02       		.uleb128 0x2
 439 002d 01       		.byte	0x1
 440 002e 08       		.byte	0x8
 441 002f F0000000 		.4byte	.LASF1
 442 0033 02       		.uleb128 0x2
 443 0034 02       		.byte	0x2
 444 0035 05       		.byte	0x5
 445 0036 73010000 		.4byte	.LASF2
 446 003a 02       		.uleb128 0x2
 447 003b 02       		.byte	0x2
 448 003c 07       		.byte	0x7
 449 003d 32010000 		.4byte	.LASF3
 450 0041 02       		.uleb128 0x2
 451 0042 04       		.byte	0x4
 452 0043 05       		.byte	0x5
 453 0044 03010000 		.4byte	.LASF4
 454 0048 02       		.uleb128 0x2
 455 0049 04       		.byte	0x4
 456 004a 07       		.byte	0x7
 457 004b 68000000 		.4byte	.LASF5
 458 004f 02       		.uleb128 0x2
 459 0050 08       		.byte	0x8
 460 0051 05       		.byte	0x5
 461 0052 00000000 		.4byte	.LASF6
 462 0056 02       		.uleb128 0x2
 463 0057 08       		.byte	0x8
 464 0058 07       		.byte	0x7
 465 0059 7A000000 		.4byte	.LASF7
 466 005d 03       		.uleb128 0x3
 467 005e 04       		.byte	0x4
 468 005f 05       		.byte	0x5
 469 0060 696E7400 		.ascii	"int\000"
 470 0064 02       		.uleb128 0x2
ARM GAS  C:\Users\elias\AppData\Local\Temp\cc8sCupE.s 			page 23


 471 0065 04       		.byte	0x4
 472 0066 07       		.byte	0x7
 473 0067 82010000 		.4byte	.LASF8
 474 006b 04       		.uleb128 0x4
 475 006c 62000000 		.4byte	.LASF12
 476 0070 02       		.byte	0x2
 477 0071 E901     		.2byte	0x1e9
 478 0073 2C000000 		.4byte	0x2c
 479 0077 02       		.uleb128 0x2
 480 0078 04       		.byte	0x4
 481 0079 04       		.byte	0x4
 482 007a 91000000 		.4byte	.LASF9
 483 007e 02       		.uleb128 0x2
 484 007f 08       		.byte	0x8
 485 0080 04       		.byte	0x4
 486 0081 2B010000 		.4byte	.LASF10
 487 0085 02       		.uleb128 0x2
 488 0086 01       		.byte	0x1
 489 0087 08       		.byte	0x8
 490 0088 FE000000 		.4byte	.LASF11
 491 008c 04       		.uleb128 0x4
 492 008d 7D010000 		.4byte	.LASF13
 493 0091 02       		.byte	0x2
 494 0092 9302     		.2byte	0x293
 495 0094 98000000 		.4byte	0x98
 496 0098 05       		.uleb128 0x5
 497 0099 6B000000 		.4byte	0x6b
 498 009d 02       		.uleb128 0x2
 499 009e 08       		.byte	0x8
 500 009f 04       		.byte	0x4
 501 00a0 67010000 		.4byte	.LASF14
 502 00a4 02       		.uleb128 0x2
 503 00a5 04       		.byte	0x4
 504 00a6 07       		.byte	0x7
 505 00a7 8F010000 		.4byte	.LASF15
 506 00ab 06       		.uleb128 0x6
 507 00ac 97000000 		.4byte	.LASF20
 508 00b0 01       		.byte	0x1
 509 00b1 25       		.byte	0x25
 510 00b2 6B000000 		.4byte	0x6b
 511 00b6 00000000 		.4byte	.LFB0
 512 00ba 0C000000 		.4byte	.LFE0-.LFB0
 513 00be 01       		.uleb128 0x1
 514 00bf 9C       		.byte	0x9c
 515 00c0 07       		.uleb128 0x7
 516 00c1 25000000 		.4byte	.LASF16
 517 00c5 01       		.byte	0x1
 518 00c6 39       		.byte	0x39
 519 00c7 00000000 		.4byte	.LFB1
 520 00cb 1C000000 		.4byte	.LFE1-.LFB1
 521 00cf 01       		.uleb128 0x1
 522 00d0 9C       		.byte	0x9c
 523 00d1 F7000000 		.4byte	0xf7
 524 00d5 08       		.uleb128 0x8
 525 00d6 98010000 		.4byte	.LASF18
 526 00da 01       		.byte	0x1
 527 00db 3B       		.byte	0x3b
ARM GAS  C:\Users\elias\AppData\Local\Temp\cc8sCupE.s 			page 24


 528 00dc 6B000000 		.4byte	0x6b
 529 00e0 00000000 		.4byte	.LLST0
 530 00e4 09       		.uleb128 0x9
 531 00e5 06000000 		.4byte	.LVL0
 532 00e9 66010000 		.4byte	0x166
 533 00ed 0A       		.uleb128 0xa
 534 00ee 18000000 		.4byte	.LVL1
 535 00f2 71010000 		.4byte	0x171
 536 00f6 00       		.byte	0
 537 00f7 07       		.uleb128 0x7
 538 00f8 0E000000 		.4byte	.LASF17
 539 00fc 01       		.byte	0x1
 540 00fd 50       		.byte	0x50
 541 00fe 00000000 		.4byte	.LFB2
 542 0102 1C000000 		.4byte	.LFE2-.LFB2
 543 0106 01       		.uleb128 0x1
 544 0107 9C       		.byte	0x9c
 545 0108 2E010000 		.4byte	0x12e
 546 010c 08       		.uleb128 0x8
 547 010d 98010000 		.4byte	.LASF18
 548 0111 01       		.byte	0x1
 549 0112 52       		.byte	0x52
 550 0113 6B000000 		.4byte	0x6b
 551 0117 13000000 		.4byte	.LLST1
 552 011b 09       		.uleb128 0x9
 553 011c 06000000 		.4byte	.LVL2
 554 0120 66010000 		.4byte	0x166
 555 0124 0A       		.uleb128 0xa
 556 0125 18000000 		.4byte	.LVL3
 557 0129 71010000 		.4byte	0x171
 558 012d 00       		.byte	0
 559 012e 07       		.uleb128 0x7
 560 012f 52000000 		.4byte	.LASF19
 561 0133 01       		.byte	0x1
 562 0134 67       		.byte	0x67
 563 0135 00000000 		.4byte	.LFB3
 564 0139 0C000000 		.4byte	.LFE3-.LFB3
 565 013d 01       		.uleb128 0x1
 566 013e 9C       		.byte	0x9c
 567 013f 51010000 		.4byte	0x151
 568 0143 0B       		.uleb128 0xb
 569 0144 EB000000 		.4byte	.LASF27
 570 0148 01       		.byte	0x1
 571 0149 67       		.byte	0x67
 572 014a 6B000000 		.4byte	0x6b
 573 014e 01       		.uleb128 0x1
 574 014f 50       		.byte	0x50
 575 0150 00       		.byte	0
 576 0151 06       		.uleb128 0x6
 577 0152 A2000000 		.4byte	.LASF21
 578 0156 01       		.byte	0x1
 579 0157 7E       		.byte	0x7e
 580 0158 6B000000 		.4byte	0x6b
 581 015c 00000000 		.4byte	.LFB4
 582 0160 0C000000 		.4byte	.LFE4-.LFB4
 583 0164 01       		.uleb128 0x1
 584 0165 9C       		.byte	0x9c
ARM GAS  C:\Users\elias\AppData\Local\Temp\cc8sCupE.s 			page 25


 585 0166 0C       		.uleb128 0xc
 586 0167 3B000000 		.4byte	.LASF22
 587 016b 3B000000 		.4byte	.LASF22
 588 016f 03       		.byte	0x3
 589 0170 7D       		.byte	0x7d
 590 0171 0C       		.uleb128 0xc
 591 0172 51010000 		.4byte	.LASF23
 592 0176 51010000 		.4byte	.LASF23
 593 017a 03       		.byte	0x3
 594 017b 7E       		.byte	0x7e
 595 017c 00       		.byte	0
 596              		.section	.debug_abbrev,"",%progbits
 597              	.Ldebug_abbrev0:
 598 0000 01       		.uleb128 0x1
 599 0001 11       		.uleb128 0x11
 600 0002 01       		.byte	0x1
 601 0003 25       		.uleb128 0x25
 602 0004 0E       		.uleb128 0xe
 603 0005 13       		.uleb128 0x13
 604 0006 0B       		.uleb128 0xb
 605 0007 03       		.uleb128 0x3
 606 0008 0E       		.uleb128 0xe
 607 0009 1B       		.uleb128 0x1b
 608 000a 0E       		.uleb128 0xe
 609 000b 55       		.uleb128 0x55
 610 000c 17       		.uleb128 0x17
 611 000d 11       		.uleb128 0x11
 612 000e 01       		.uleb128 0x1
 613 000f 10       		.uleb128 0x10
 614 0010 17       		.uleb128 0x17
 615 0011 00       		.byte	0
 616 0012 00       		.byte	0
 617 0013 02       		.uleb128 0x2
 618 0014 24       		.uleb128 0x24
 619 0015 00       		.byte	0
 620 0016 0B       		.uleb128 0xb
 621 0017 0B       		.uleb128 0xb
 622 0018 3E       		.uleb128 0x3e
 623 0019 0B       		.uleb128 0xb
 624 001a 03       		.uleb128 0x3
 625 001b 0E       		.uleb128 0xe
 626 001c 00       		.byte	0
 627 001d 00       		.byte	0
 628 001e 03       		.uleb128 0x3
 629 001f 24       		.uleb128 0x24
 630 0020 00       		.byte	0
 631 0021 0B       		.uleb128 0xb
 632 0022 0B       		.uleb128 0xb
 633 0023 3E       		.uleb128 0x3e
 634 0024 0B       		.uleb128 0xb
 635 0025 03       		.uleb128 0x3
 636 0026 08       		.uleb128 0x8
 637 0027 00       		.byte	0
 638 0028 00       		.byte	0
 639 0029 04       		.uleb128 0x4
 640 002a 16       		.uleb128 0x16
 641 002b 00       		.byte	0
ARM GAS  C:\Users\elias\AppData\Local\Temp\cc8sCupE.s 			page 26


 642 002c 03       		.uleb128 0x3
 643 002d 0E       		.uleb128 0xe
 644 002e 3A       		.uleb128 0x3a
 645 002f 0B       		.uleb128 0xb
 646 0030 3B       		.uleb128 0x3b
 647 0031 05       		.uleb128 0x5
 648 0032 49       		.uleb128 0x49
 649 0033 13       		.uleb128 0x13
 650 0034 00       		.byte	0
 651 0035 00       		.byte	0
 652 0036 05       		.uleb128 0x5
 653 0037 35       		.uleb128 0x35
 654 0038 00       		.byte	0
 655 0039 49       		.uleb128 0x49
 656 003a 13       		.uleb128 0x13
 657 003b 00       		.byte	0
 658 003c 00       		.byte	0
 659 003d 06       		.uleb128 0x6
 660 003e 2E       		.uleb128 0x2e
 661 003f 00       		.byte	0
 662 0040 3F       		.uleb128 0x3f
 663 0041 19       		.uleb128 0x19
 664 0042 03       		.uleb128 0x3
 665 0043 0E       		.uleb128 0xe
 666 0044 3A       		.uleb128 0x3a
 667 0045 0B       		.uleb128 0xb
 668 0046 3B       		.uleb128 0x3b
 669 0047 0B       		.uleb128 0xb
 670 0048 27       		.uleb128 0x27
 671 0049 19       		.uleb128 0x19
 672 004a 49       		.uleb128 0x49
 673 004b 13       		.uleb128 0x13
 674 004c 11       		.uleb128 0x11
 675 004d 01       		.uleb128 0x1
 676 004e 12       		.uleb128 0x12
 677 004f 06       		.uleb128 0x6
 678 0050 40       		.uleb128 0x40
 679 0051 18       		.uleb128 0x18
 680 0052 9742     		.uleb128 0x2117
 681 0054 19       		.uleb128 0x19
 682 0055 00       		.byte	0
 683 0056 00       		.byte	0
 684 0057 07       		.uleb128 0x7
 685 0058 2E       		.uleb128 0x2e
 686 0059 01       		.byte	0x1
 687 005a 3F       		.uleb128 0x3f
 688 005b 19       		.uleb128 0x19
 689 005c 03       		.uleb128 0x3
 690 005d 0E       		.uleb128 0xe
 691 005e 3A       		.uleb128 0x3a
 692 005f 0B       		.uleb128 0xb
 693 0060 3B       		.uleb128 0x3b
 694 0061 0B       		.uleb128 0xb
 695 0062 27       		.uleb128 0x27
 696 0063 19       		.uleb128 0x19
 697 0064 11       		.uleb128 0x11
 698 0065 01       		.uleb128 0x1
ARM GAS  C:\Users\elias\AppData\Local\Temp\cc8sCupE.s 			page 27


 699 0066 12       		.uleb128 0x12
 700 0067 06       		.uleb128 0x6
 701 0068 40       		.uleb128 0x40
 702 0069 18       		.uleb128 0x18
 703 006a 9742     		.uleb128 0x2117
 704 006c 19       		.uleb128 0x19
 705 006d 01       		.uleb128 0x1
 706 006e 13       		.uleb128 0x13
 707 006f 00       		.byte	0
 708 0070 00       		.byte	0
 709 0071 08       		.uleb128 0x8
 710 0072 34       		.uleb128 0x34
 711 0073 00       		.byte	0
 712 0074 03       		.uleb128 0x3
 713 0075 0E       		.uleb128 0xe
 714 0076 3A       		.uleb128 0x3a
 715 0077 0B       		.uleb128 0xb
 716 0078 3B       		.uleb128 0x3b
 717 0079 0B       		.uleb128 0xb
 718 007a 49       		.uleb128 0x49
 719 007b 13       		.uleb128 0x13
 720 007c 02       		.uleb128 0x2
 721 007d 17       		.uleb128 0x17
 722 007e 00       		.byte	0
 723 007f 00       		.byte	0
 724 0080 09       		.uleb128 0x9
 725 0081 898201   		.uleb128 0x4109
 726 0084 00       		.byte	0
 727 0085 11       		.uleb128 0x11
 728 0086 01       		.uleb128 0x1
 729 0087 31       		.uleb128 0x31
 730 0088 13       		.uleb128 0x13
 731 0089 00       		.byte	0
 732 008a 00       		.byte	0
 733 008b 0A       		.uleb128 0xa
 734 008c 898201   		.uleb128 0x4109
 735 008f 00       		.byte	0
 736 0090 11       		.uleb128 0x11
 737 0091 01       		.uleb128 0x1
 738 0092 9542     		.uleb128 0x2115
 739 0094 19       		.uleb128 0x19
 740 0095 31       		.uleb128 0x31
 741 0096 13       		.uleb128 0x13
 742 0097 00       		.byte	0
 743 0098 00       		.byte	0
 744 0099 0B       		.uleb128 0xb
 745 009a 05       		.uleb128 0x5
 746 009b 00       		.byte	0
 747 009c 03       		.uleb128 0x3
 748 009d 0E       		.uleb128 0xe
 749 009e 3A       		.uleb128 0x3a
 750 009f 0B       		.uleb128 0xb
 751 00a0 3B       		.uleb128 0x3b
 752 00a1 0B       		.uleb128 0xb
 753 00a2 49       		.uleb128 0x49
 754 00a3 13       		.uleb128 0x13
 755 00a4 02       		.uleb128 0x2
ARM GAS  C:\Users\elias\AppData\Local\Temp\cc8sCupE.s 			page 28


 756 00a5 18       		.uleb128 0x18
 757 00a6 00       		.byte	0
 758 00a7 00       		.byte	0
 759 00a8 0C       		.uleb128 0xc
 760 00a9 2E       		.uleb128 0x2e
 761 00aa 00       		.byte	0
 762 00ab 3F       		.uleb128 0x3f
 763 00ac 19       		.uleb128 0x19
 764 00ad 3C       		.uleb128 0x3c
 765 00ae 19       		.uleb128 0x19
 766 00af 6E       		.uleb128 0x6e
 767 00b0 0E       		.uleb128 0xe
 768 00b1 03       		.uleb128 0x3
 769 00b2 0E       		.uleb128 0xe
 770 00b3 3A       		.uleb128 0x3a
 771 00b4 0B       		.uleb128 0xb
 772 00b5 3B       		.uleb128 0x3b
 773 00b6 0B       		.uleb128 0xb
 774 00b7 00       		.byte	0
 775 00b8 00       		.byte	0
 776 00b9 00       		.byte	0
 777              		.section	.debug_loc,"",%progbits
 778              	.Ldebug_loc0:
 779              	.LLST0:
 780 0000 06000000 		.4byte	.LVL0
 781 0004 17000000 		.4byte	.LVL1-1
 782 0008 0100     		.2byte	0x1
 783 000a 50       		.byte	0x50
 784 000b 00000000 		.4byte	0
 785 000f 00000000 		.4byte	0
 786              	.LLST1:
 787 0013 06000000 		.4byte	.LVL2
 788 0017 17000000 		.4byte	.LVL3-1
 789 001b 0100     		.2byte	0x1
 790 001d 50       		.byte	0x50
 791 001e 00000000 		.4byte	0
 792 0022 00000000 		.4byte	0
 793              		.section	.debug_aranges,"",%progbits
 794 0000 3C000000 		.4byte	0x3c
 795 0004 0200     		.2byte	0x2
 796 0006 00000000 		.4byte	.Ldebug_info0
 797 000a 04       		.byte	0x4
 798 000b 00       		.byte	0
 799 000c 0000     		.2byte	0
 800 000e 0000     		.2byte	0
 801 0010 00000000 		.4byte	.LFB0
 802 0014 0C000000 		.4byte	.LFE0-.LFB0
 803 0018 00000000 		.4byte	.LFB1
 804 001c 1C000000 		.4byte	.LFE1-.LFB1
 805 0020 00000000 		.4byte	.LFB2
 806 0024 1C000000 		.4byte	.LFE2-.LFB2
 807 0028 00000000 		.4byte	.LFB3
 808 002c 0C000000 		.4byte	.LFE3-.LFB3
 809 0030 00000000 		.4byte	.LFB4
 810 0034 0C000000 		.4byte	.LFE4-.LFB4
 811 0038 00000000 		.4byte	0
 812 003c 00000000 		.4byte	0
ARM GAS  C:\Users\elias\AppData\Local\Temp\cc8sCupE.s 			page 29


 813              		.section	.debug_ranges,"",%progbits
 814              	.Ldebug_ranges0:
 815 0000 00000000 		.4byte	.LFB0
 816 0004 0C000000 		.4byte	.LFE0
 817 0008 00000000 		.4byte	.LFB1
 818 000c 1C000000 		.4byte	.LFE1
 819 0010 00000000 		.4byte	.LFB2
 820 0014 1C000000 		.4byte	.LFE2
 821 0018 00000000 		.4byte	.LFB3
 822 001c 0C000000 		.4byte	.LFE3
 823 0020 00000000 		.4byte	.LFB4
 824 0024 0C000000 		.4byte	.LFE4
 825 0028 00000000 		.4byte	0
 826 002c 00000000 		.4byte	0
 827              		.section	.debug_line,"",%progbits
 828              	.Ldebug_line0:
 829 0000 AE000000 		.section	.debug_str,"MS",%progbits,1
 829      02004D00 
 829      00000201 
 829      FB0E0D00 
 829      01010101 
 830              	.LASF6:
 831 0000 6C6F6E67 		.ascii	"long long int\000"
 831      206C6F6E 
 831      6720696E 
 831      7400
 832              	.LASF17:
 833 000e 6572726F 		.ascii	"error_InterruptDisable\000"
 833      725F496E 
 833      74657272 
 833      75707444 
 833      69736162 
 834              	.LASF16:
 835 0025 6572726F 		.ascii	"error_InterruptEnable\000"
 835      725F496E 
 835      74657272 
 835      75707445 
 835      6E61626C 
 836              	.LASF22:
 837 003b 4379456E 		.ascii	"CyEnterCriticalSection\000"
 837      74657243 
 837      72697469 
 837      63616C53 
 837      65637469 
 838              	.LASF19:
 839 0052 6572726F 		.ascii	"error_WriteMask\000"
 839      725F5772 
 839      6974654D 
 839      61736B00 
 840              	.LASF12:
 841 0062 75696E74 		.ascii	"uint8\000"
 841      3800
 842              	.LASF5:
 843 0068 6C6F6E67 		.ascii	"long unsigned int\000"
 843      20756E73 
 843      69676E65 
 843      6420696E 
ARM GAS  C:\Users\elias\AppData\Local\Temp\cc8sCupE.s 			page 30


 843      7400
 844              	.LASF7:
 845 007a 6C6F6E67 		.ascii	"long long unsigned int\000"
 845      206C6F6E 
 845      6720756E 
 845      7369676E 
 845      65642069 
 846              	.LASF9:
 847 0091 666C6F61 		.ascii	"float\000"
 847      7400
 848              	.LASF20:
 849 0097 6572726F 		.ascii	"error_Read\000"
 849      725F5265 
 849      616400
 850              	.LASF21:
 851 00a2 6572726F 		.ascii	"error_ReadMask\000"
 851      725F5265 
 851      61644D61 
 851      736B00
 852              	.LASF26:
 853 00b1 433A5C47 		.ascii	"C:\\Github\\Tesis\\src\\psoc\\AcondicionamientoAnal"
 853      69746875 
 853      625C5465 
 853      7369735C 
 853      7372635C 
 854 00df 6F676963 		.ascii	"ogico.cydsn\000"
 854      6F2E6379 
 854      64736E00 
 855              	.LASF27:
 856 00eb 6D61736B 		.ascii	"mask\000"
 856      00
 857              	.LASF1:
 858 00f0 756E7369 		.ascii	"unsigned char\000"
 858      676E6564 
 858      20636861 
 858      7200
 859              	.LASF11:
 860 00fe 63686172 		.ascii	"char\000"
 860      00
 861              	.LASF4:
 862 0103 6C6F6E67 		.ascii	"long int\000"
 862      20696E74 
 862      00
 863              	.LASF25:
 864 010c 47656E65 		.ascii	"Generated_Source\\PSoC5\\error.c\000"
 864      72617465 
 864      645F536F 
 864      75726365 
 864      5C50536F 
 865              	.LASF10:
 866 012b 646F7562 		.ascii	"double\000"
 866      6C6500
 867              	.LASF3:
 868 0132 73686F72 		.ascii	"short unsigned int\000"
 868      7420756E 
 868      7369676E 
 868      65642069 
ARM GAS  C:\Users\elias\AppData\Local\Temp\cc8sCupE.s 			page 31


 868      6E7400
 869              	.LASF0:
 870 0145 7369676E 		.ascii	"signed char\000"
 870      65642063 
 870      68617200 
 871              	.LASF23:
 872 0151 43794578 		.ascii	"CyExitCriticalSection\000"
 872      69744372 
 872      69746963 
 872      616C5365 
 872      6374696F 
 873              	.LASF14:
 874 0167 6C6F6E67 		.ascii	"long double\000"
 874      20646F75 
 874      626C6500 
 875              	.LASF2:
 876 0173 73686F72 		.ascii	"short int\000"
 876      7420696E 
 876      7400
 877              	.LASF13:
 878 017d 72656738 		.ascii	"reg8\000"
 878      00
 879              	.LASF8:
 880 0182 756E7369 		.ascii	"unsigned int\000"
 880      676E6564 
 880      20696E74 
 880      00
 881              	.LASF15:
 882 018f 73697A65 		.ascii	"sizetype\000"
 882      74797065 
 882      00
 883              	.LASF18:
 884 0198 696E7465 		.ascii	"interruptState\000"
 884      72727570 
 884      74537461 
 884      746500
 885              	.LASF24:
 886 01a7 474E5520 		.ascii	"GNU C11 5.4.1 20160609 (release) [ARM/embedded-5-br"
 886      43313120 
 886      352E342E 
 886      31203230 
 886      31363036 
 887 01da 616E6368 		.ascii	"anch revision 237715] -mcpu=cortex-m3 -mthumb -g -O"
 887      20726576 
 887      6973696F 
 887      6E203233 
 887      37373135 
 888 020d 33202D66 		.ascii	"3 -ffunction-sections -ffat-lto-objects -finline-fu"
 888      66756E63 
 888      74696F6E 
 888      2D736563 
 888      74696F6E 
 889 0240 6E637469 		.ascii	"nctions -flto\000"
 889      6F6E7320 
 889      2D666C74 
 889      6F00
 890              		.comm	__gnu_lto_v1,1,1
ARM GAS  C:\Users\elias\AppData\Local\Temp\cc8sCupE.s 			page 32


 891              		.ident	"GCC: (GNU Tools for ARM Embedded Processors) 5.4.1 20160609 (release) [ARM/embedded-5-bran
