ARM GAS  C:\Users\elias\AppData\Local\Temp\ccSKbHrh.s 			page 1


   1              		.syntax unified
   2              		.cpu cortex-m3
   3              		.fpu softvfp
   4              		.eabi_attribute 20, 1
   5              		.eabi_attribute 21, 1
   6              		.eabi_attribute 23, 3
   7              		.eabi_attribute 24, 1
   8              		.eabi_attribute 25, 1
   9              		.eabi_attribute 26, 1
  10              		.eabi_attribute 30, 2
  11              		.eabi_attribute 34, 1
  12              		.eabi_attribute 18, 4
  13              		.thumb
  14              		.syntax unified
  15              		.file	"Filter_Coefficients.c"
  16              		.text
  17              	.Ltext0:
  18              		.section	.gnu.lto_.profile.8ce5a8,"",%progbits
  19 0000 789C6361 		.ascii	"x\234ca`\004B \000\000\0009\000\007"
  19      60044220 
  19      00000039 
  19      0007
  20              		.text
  21              		.section	.gnu.lto_.icf.8ce5a8,"",%progbits
  22 0000 789C6361 		.ascii	"x\234ca`d\000\001\016\006\004`d8\377\347V#\027\003\000"
  22      60640001 
  22      0E060460 
  22      6438FFE7 
  22      56231703 
  23 0015 1013033F 		.ascii	"\020\023\003?"
  24              		.text
  25              		.section	.gnu.lto_.jmpfuncs.8ce5a8,"",%progbits
  26 0000 789C6361 		.ascii	"x\234ca`d\000\001&\006d\000\000\000\236\000\010"
  26      60640001 
  26      26066400 
  26      00009E00 
  26      08
  27              		.text
  28              		.section	.gnu.lto_.inline.8ce5a8,"",%progbits
  29 0000 789C6361 		.ascii	"x\234ca`d\000\001&\006d\000\000\000\236\000\010"
  29      60640001 
  29      26066400 
  29      00009E00 
  29      08
  30              		.text
  31              		.section	.gnu.lto_.pureconst.8ce5a8,"",%progbits
  32 0000 789C6361 		.ascii	"x\234ca`\004B \000\000\0009\000\007"
  32      60044220 
  32      00000039 
  32      0007
  33              		.text
  34              		.section	.gnu.lto_Filter_ChannelAFirCoefficients.8ce5a8,"",%progbits
  35 0000 789C4D5A 		.ascii	"x\234MZWsl\315U\275=G\337u\372l\023l0\346\202I\006L"
  35      57736CCD 
  35      55BD3D47 
  35      DF75FA6C 
  35      136C30E6 
ARM GAS  C:\Users\elias\AppData\Local\Temp\ccSKbHrh.s 			page 2


  36 0018 32B6C1D8 		.ascii	"2\266\301\330\230P\305\023\360\300\023oTQE\025\305/"
  36      9850C513 
  36      F0C0136F 
  36      54514515 
  36      C52F
  37 002a E0811760 		.ascii	"\340\201\027`\224\2634\3129\347\2345\322(\347\234s\034"
  37      94B334CA 
  37      39E79C35 
  37      D228E79C 
  37      731C
  38 003c 8D72CED2 		.ascii	"\215r\316\322(\215\304\336\275\3279\350V\251\326]\275"
  38      288DC4DE 
  38      BDD739E8 
  38      56A9D65D 
  38      BD
  39 004d CEE9D3BD 		.ascii	"\316\351\323\275{w\367\356\335\343\367A}\340\177\337"
  39      7B77F7EE 
  39      DDE3F741 
  39      7DE07FDF 
  40 005d FEF107FC 		.ascii	"\376\361\007\374\357\303\007\237M\325\234\266>~\365"
  40      EFC3079F 
  40      4DD59CB6 
  40      3E7EF5
  41 006c D6166C50 		.ascii	"\326\026lP!Q\307\302X\264\037S\245\336\014\342\215/"
  41      2151C7C2 
  41      58B41F53 
  41      A5DE0CE2 
  41      8D2F
  42 007e 4BD75F14 		.ascii	"K\327_\024\376\312\334w9\355\373\\\036\3772Q\327\303"
  42      FECADC77 
  42      39EDFB5C 
  42      1EFF3251 
  42      D7C3
  43 0090 F9E5E722 		.ascii	"\371\345\347\"\373X\256\263\3477+\221\347\025\361\224"
  43      FB58AEB3 
  43      E7372B91 
  43      E715F194 
  44 00a0 C0D5CEAF 		.ascii	"\300\325\316\257\210\376\302\372\210'\371\020\374\231"
  44      88FEC2FA 
  44      8827F910 
  44      FC99
  45 00ae F9C541C1 		.ascii	"\371\305A\301\305\227\205?1\177>L\\\301\373\237\023"
  45      C597853F 
  45      317F3E4C 
  45      5CC1FB9F 
  45      13
  46 00bf 8DAC1E4A 		.ascii	"\215\254\036J\376\272\310\217,/\327%\324~&\362\005W"
  46      FEBAC88F 
  46      2C2FD725 
  46      D47E26F2 
  46      0557
  47 00d1 DFDA7B94 		.ascii	"\337\332{\224\012\375\201\365\202\242\336\000C\270\227"
  47      0AFD81F5 
  47      82A2DE00 
  47      43B897
  48 00e0 F9F4602F 		.ascii	"\371\364`/:s\317t\276\177\367[B\357\230:\013N\313P\333"
  48      3A73CF74 
ARM GAS  C:\Users\elias\AppData\Local\Temp\ccSKbHrh.s 			page 3


  48      BE7FF75B 
  48      42EF983A 
  48      0B4ECB50 
  49 00f5 09D796E4 		.ascii	"\011\327\226\344K\212\305\333\267\254O]\267w|A\370\015"
  49      4B8AC5DB 
  49      B7AC4F5D 
  49      B7777C41 
  49      F80D
  50 0107 F3D187C1 		.ascii	"\363\321\207\301\011t\366\232yd\316u>\364+\3467\375"
  50      0974F69A 
  50      7964CE75 
  50      3EF42BE6 
  50      37FD
  51 0119 A5375F97 		.ascii	"\2457_\227\372\034\\_\320\334j>>\177\311z\325\351\213"
  51      FA1C5C5F 
  51      D0DC6A3E 
  51      3E7FC97A 
  51      D5E98B
  52 012c 17EF5F30 		.ascii	"\027\357_0_\215:\362(\341\347\3328\205\256\027\330\366"
  52      5F8D3AF2 
  52      28E1E7DA 
  52      3885AE17 
  52      D8F6
  53 013e 33A22F13 		.ascii	"3\242/\023\327#\260\315\031\313\265\231\356\006?\221"
  53      D723B0CD 
  53      19CBB599 
  53      EE063F91 
  54 014e CFB97A7F 		.ascii	"\317\271z\177\347|\273M\364S\326\363\013f\2421T'\314"
  54      E77CBB4D 
  54      F453D6F3 
  54      0B66A231 
  54      5427CC
  55 0161 6B8277CB 		.ascii	"k\202w\313\276(\317\277\361\363\027\347{]h\3161\353"
  55      BE28CFBF 
  55      F1F317E7 
  55      7B5D68CE 
  55      31EB
  56 0173 9D3BCB07 		.ascii	"\235;\313\007h\376\021\363\346\341\34004\377\234]\241"
  56      68FE11F3 
  56      E6E1E030 
  56      34FF9C5D 
  56      A1
  57 0184 A1D17384 		.ascii	"\241\321s\204\261:\324csv\273\360\231\360\003\346\023"
  57      B13AD463 
  57      7376BBF0 
  57      99F003E6 
  57      13
  58 0195 DE0AF466 		.ascii	"\336\012\364f\237\351\346Nq?\206\316\313\237+\017\266"
  58      9FE9E64E 
  58      713F86CE 
  58      CB9F2B0F 
  58      B6
  59 01a6 A77E49F4 		.ascii	"\247~I\364=\326\373\003\332\377]\344]\226'c\336.>\212"
  59      3DD6FB03 
  59      DAFF5DE4 
  59      5D962763 
  59      DE2E3E8A 
ARM GAS  C:\Users\elias\AppData\Local\Temp\ccSKbHrh.s 			page 4


  60 01ba BCCBF25D 		.ascii	"\274\313\362]B\204\027\255\337a\336\022\177:\202\301"
  60      428417AD 
  60      DF61DE12 
  60      7F3A82C1 
  61 01ca D8661E12 		.ascii	"\330f\036\022\267]\3605y\377\222\337\357\255(\032\301"
  61      B75DF035 
  61      79FF92DF 
  61      EFAD281A 
  61      C1
  62 01db E73DAC2F 		.ascii	"\347=\254/D'f~A\364P\326\243RK\034\250\177K\033;\242"
  62      4427667E 
  62      41F450D6 
  62      A3524B1C 
  62      A87F4B1B 
  63 01f1 300FBD75 		.ascii	"0\017\275u3\237\031o\331\001\337d\336zm\267\303Z\307"
  63      339F196F 
  63      D901DF64 
  63      DE7A6DB7 
  63      C35AC7
  64 0204 FC7EE06D 		.ascii	"\374~\340mI\017\364\015\326]\015\235\207\206\3503\254"
  64      490FF40D 
  64      D65D0D9D 
  64      8786E833 
  64      AC
  65 0215 5F5DC5E6 		.ascii	"_]\305\346|M\364u\335\375\227\353B\014\346\032\363\240"
  65      7C4DF475 
  65      DDFD97EB 
  65      420CE61A 
  65      F3A0
  66 0227 C7914DE8 		.ascii	"\307\221M\350\253\272}\011\24710\317!\277\357\316\314"
  66      ABBA7D09 
  66      A73130CF 
  66      21BFEFCE 
  66      CC
  67 0238 3A867557 		.ascii	":\206uWX\337:h\330A\373\007\331\372'\347\263\217p\355"
  67      58DF3A68 
  67      D841FB07 
  67      D9FA27E7 
  67      B38F70ED 
  68 024c 65D663C3 		.ascii	"e\326c\303/\3131\332K\314\275\307\025o\030\315E\346"
  68      2FCB31DA 
  68      4BCCBDC7 
  68      156F18CD 
  68      45E6
  69 025e 4D9B1B27 		.ascii	"M\233\033'\360\226\005\346\333\265\367\353h\357o\023"
  69      F09605E6 
  69      DBB5F7EB 
  69      68EF6F13 
  70 026e 0D0E7375 		.ascii	"\015\016su\302\034\363,'M6\373\303\274s\332\327{|\247"
  70      C21CF32C 
  70      274D36FB 
  70      C3BC73DA 
  70      D77B7CA7 
  71 0282 D06799A7 		.ascii	"\320g\231\247l\017W\301\334W\334\334\341\345\012\037"
  71      6C0F57C1 
  71      DC57DCDC 
  71      E1E50A1F 
ARM GAS  C:\Users\elias\AppData\Local\Temp\ccSKbHrh.s 			page 5


  72 0292 CC3DC3FA 		.ascii	"\314=\303\372\356s\225\013\372G\366\315\343\263N\264"
  72      EE73950B 
  72      FA47F6CD 
  72      E3B34EB4 
  73 02a2 665A4F95 		.ascii	"fZO\225\316\306m\214\346\024\363\206\276\267\202\257"
  73      CEC66D8C 
  73      E614F386 
  73      BEB782AF 
  74 02b2 0A9FD4FA 		.ascii	"\012\237\324\372\372\203\007\275}\341\352{\256#\252"
  74      FA8307BD 
  74      7DE1EA7B 
  74      AE23AA
  75 02c1 60BD09D6 		.ascii	"`\275\011\326\347R\242\336\240g\261\036\276\223S\003"
  75      E752A2DE 
  75      A067B11E 
  75      BE935303 
  76 02d1 6B8CB3DE 		.ascii	"k\214\263\336\356\2706\327\2211\346\007\317\215\263"
  76      EEB836D7 
  76      9131E607 
  76      CF8DB3
  77 02e0 F0CD51E6 		.ascii	"\360\315Q\346K+A\255\260\366W\2707I\303\317\360\305"
  77      4B2B41AD 
  77      B0F657B8 
  77      3749C3CF 
  77      F0C5
  78 02f2 1196DBCA 		.ascii	"\021\226\333\312j\016>\212\354\317\325\247\276\256F"
  78      6A0E3E8A 
  78      ECCFD5A7 
  78      BEAE46
  79 0301 C2B8C3AC 		.ascii	"\302\270\303\254\347\345\016\006\240\272!\346a!M9\350"
  79      E7E50E06 
  79      A0BA21E6 
  79      61214D39 
  79      E8
  80 0312 DE20F3D2 		.ascii	"\336 \363\322\201^'\252\377U\242\001oCs\030\353\001"
  80      815E27AA 
  80      FF55A201 
  80      6F437318 
  80      EB01
  81 0324 3D56819B 		.ascii	"=V\201\233\377#\352_\021\263\367\330\257\320\326~V\257"
  81      FF23EA5F 
  81      11B3F7D8 
  81      AFD0D67E 
  81      56AF
  82 0336 5D0E174C 		.ascii	"]\016\027L\335\247\027\265\326\354'4\256\227y\306\315"
  82      DDA717B5 
  82      D6EC2734 
  82      AE9779C6 
  82      CD
  83 0347 C6D197E4 		.ascii	"\306\321\227\344\365\337g\307\315;\351B\345=,\277\336"
  83      F5DF67C7 
  83      CD3BE942 
  83      E53D2CBF 
  83      DE
  84 0358 4E6F6160 		.ascii	"Noa`\263\271\355\327\005590]7\353e{k\001\370\\\227\376"
  84      B3B9EDD7 
  84      05353930 
ARM GAS  C:\Users\elias\AppData\Local\Temp\ccSKbHrh.s 			page 6


  84      5D37EB65 
  84      7B6B01F8 
  85 036f 5CF68EF9 		.ascii	"\\\366\216\371\271N\335wg\373 V\275?%\232\276\023\357"
  85      B94EDD77 
  85      67FB2056 
  85      BD3F259A 
  85      BE13EF
  86 0382 80653B58 		.ascii	"\200e;X>\216rL\332D\036b?\234Yh1\253kg\2757\271\375"
  86      3E8E724C 
  86      DA441E62 
  86      3F9C5968 
  86      31AB6B67 
  87 039a 14A66AD3 		.ascii	"\024\246j\323~\027\260\221\013\323\270\230\017\257E"
  87      7E17B091 
  87      0BD3B898 
  87      0FAF45
  88 03a9 77C2B4DF 		.ascii	"w\302\264\337'\272\323\031\034\203\201oe\271\274bw\001"
  88      27BAD319 
  88      1C83816F 
  88      65B9BC62 
  88      7701
  89 03bb 965BE3EA 		.ascii	"\226[\343\352o=\201Sh}\213^\301K\027\3560\355\234zC"
  89      6F3D8153 
  89      687D8B5E 
  89      C14B17EE 
  89      30ED9C7A 
  90 03d0 E91A8FC5 		.ascii	"\351\032\217\305\347\232\231?\264\317\344\243y\277\303"
  90      E79A993F 
  90      B4CFE4A3 
  90      79BFC3
  91 03df 7E333999 		.ascii	"~39\231\005\3335\261\\X2\030\204\3175\352\201\252}\336"
  91      05DB35B1 
  91      5C583218 
  91      84CF35EA 
  91      81AA7DDE 
  92 03f3 44E71BF4 		.ascii	"D\347\033\364\032\3324\333\207\326\3263\257\276\276"
  92      1ADA34DB 
  92      87D6D633 
  92      AFBEBE
  93 0402 AD466BBF 		.ascii	"\255Fk\277Nt\354`m\014\217\327\261\354)JH\304P,pk\233"
  93      4E74EC60 
  93      6D0C8FD7 
  93      B1EC294A 
  93      48C4502C 
  94 0419 C3D632D1 		.ascii	"\303\3262\321\272Z\326O&\303\266\341'5\372yo^)\336\257"
  94      BA5AD64F 
  94      26C3B6E1 
  94      2735FA79 
  94      6F5E29DE 
  95 042e D6C6DCF6 		.ascii	"\326\306\334\366/\307X\335\360XM\370\007\375\263\310"
  95      2FC758DD 
  95      F0584DF8 
  95      07FDB3C8 
  96 043e 552C5734 		.ascii	"U,W4\027\271`\214/\361\012\271\326y\2019Y\251W\314\274"
  96      17B9608C 
  96      2FF10AB9 
  96      D6798139 
ARM GAS  C:\Users\elias\AppData\Local\Temp\ccSKbHrh.s 			page 7


  96      59A957CC 
  97 0453 463B2651 		.ascii	"F;&Q\005\363\210\313\272\177\023Z\3164\323]\027\204"
  97      05F388CB 
  97      BA7F135A 
  97      CE34D35D 
  97      1784
  98 0465 ED624EAF 		.ascii	"\355bN\257X\023\255)0U\231\356{\254\373gBK\265i\372"
  98      5813AD29 
  98      305599EE 
  98      7BACFB67 
  98      424BB569 
  99 047a D7FF4E68 		.ascii	"\327\377Nh\011\323\230\305\274D\254\027\305\314\323"
  99      09D398C5 
  99      BC44AC17 
  99      C5CCD3
 100 0489 C2C3B1B9 		.ascii	"\302\303\261\271\264\350\226f\204\016B.\322\023\354"
 100      B4E89666 
 100      840E422E 
 100      D213EC
 101 0498 202F111F 		.ascii	" /\021\037\3736\257\326\267\255\215\350h!\313\251\316"
 101      FB36AFD6 
 101      B7AD8DE8 
 101      6821CBA9 
 101      CE
 102 04a9 500FEC5E 		.ascii	"P\017\354^\300<a/\253\006z>\363\3731W.^/\342\352\033"
 102      C03C612F 
 102      AB067A3E 
 102      F3FB3157 
 102      2E5E2FE2 
 103 04bf CEBABC30 		.ascii	"\316\272\2740\\\036\353\263\313\265\337\024\371\216"
 103      5C1EEBB3 
 103      CBB5DF14 
 103      F98E
 104 04cd 656FF3F3 		.ascii	"eo\363\363\032|>W\373\360E\036\026\237\034\246\347\355"
 104      1A7C3E57 
 104      FBF0451E 
 104      169F1CA6 
 104      E7ED
 105 04df 931918C5 		.ascii	"\223\031\030\305l\346=\341\336\201/\313\353\005\374"
 105      6CE63DE1 
 105      DE812FCB 
 105      EB05FC
 106 04ee FA7268E1 		.ascii	"\372rh\341\025\236\317b\375\352%\313\211a\374\006/\265"
 106      159ECF62 
 106      FDEA25CB 
 106      8961FC06 
 106      2FB5
 107 0500 4161BDB0 		.ascii	"Aa\275\260k&\313\331CG\325hl\006\363\361gO$^O\3273&"
 107      6B26CBD9 
 107      4347D568 
 107      6C06F3F1 
 107      674F245E 
 108 0518 B7B4F82B 		.ascii	"\267\264\370+\362z=W_7Zs\214qJc=\371a\261\015\243<\312"
 108      F27A3D57 
 108      5F375A73 
 108      8C714A63 
 108      3DF961B1 
ARM GAS  C:\Users\elias\AppData\Local\Temp\ccSKbHrh.s 			page 8


 109 0530 FA7641E6 		.ascii	"\372vA\3468\246T*\3539m\216V47E\317\201\207\255L\330"
 109      38A6542A 
 109      EB396D8E 
 109      56343745 
 109      CF8187AD 
 110 0546 3659CFD8 		.ascii	"6Y\317\330\363\306\031\370\364\202\216C\302\272\026"
 110      F3C619F8 
 110      F4828E43 
 110      C2BA16
 111 0555 D0FB24D6 		.ascii	"\320\373$\326\0357\303/p\362D\275q\347\024\317\343\375"
 111      1D37C32F 
 111      70F244BD 
 111      71E714CF 
 111      E3FD
 112 0567 045DDF63 		.ascii	"\004]\337c\321!\236\217\327\213\337^V-\332\027\307\374"
 112      D1219E8F 
 112      D78BDF5E 
 112      562DDA17 
 112      C7FC
 113 0579 3622D88B 		.ascii	"6\"\330\213\366}\201\327\316\272\320zt\317\301\362Q"
 113      F67D81D7 
 113      CEBAD07A 
 113      74CFC1F2 
 113      51
 114 058a E57017CC 		.ascii	"\345p\027\314\021\313<|\300\275\013?\212\321;\243\243"
 114      11CB3C7C 
 114      C0BD0B3F 
 114      8AD13BA3 
 114      A3
 115 059b F30E71C1 		.ascii	"\363\016q\301\337\260O\027\265o\341\361h\275 \\\327"
 115      DFB04F17 
 115      B56FE1F1 
 115      68BD205C 
 115      D7
 116 05ac 96606899 		.ascii	"\226`h\231\006\354U,\240\263Q\314\335\345\007\351\360"
 116      06EC552C 
 116      A0B351CC 
 116      DDE507E9 
 116      F0
 117 05bd 8C48DD98 		.ascii	"\214H\335\230\204\322.\030'B\373\235\267i\004cs\315"
 117      84D22E18 
 117      2742FB9D 
 117      B7690463 
 117      73CD
 118 05cf 536C2AB4 		.ascii	"Sl*\264o\013\013B8\353\361\317c\311\030\333\0326NHq"
 118      6F0B0B42 
 118      38EBF1CF 
 118      63C918DB 
 118      1A364E48 
 119 05e4 D42C5A1F 		.ascii	"\324,Z\037\306\272=4+\005\203\027\312<.\266-\030\235"
 119      C6BA3D34 
 119      2B058317 
 119      CA3C2EB6 
 119      2D189D
 120 05f7 0FD14155 		.ascii	"\017\321AU@\264\331\274T\035\005]\337\270\320\236`\255"
 120      40B4D9BC 
 120      541D055D 
ARM GAS  C:\Users\elias\AppData\Local\Temp\ccSKbHrh.s 			page 9


 120      DFB8D09E 
 120      60AD
 121 0609 AFB54C62 		.ascii	"\257\265Lb#s\262\2764T\330\204\366\005i\343\273K\267"
 121      2373B2BE 
 121      3454D884 
 121      F60569E3 
 121      BB4BB7
 122 061c 608D40BD 		.ascii	"`\215@\2753\205\234M\301\370\001\314\037'\002FQ\237"
 122      33859C4D 
 122      C1F801CC 
 122      1F270246 
 122      519F
 123 062e BF0E983B 		.ascii	"\277\016\230;\256\2120Xv\035\364\305\3268\340\351o6"
 123      AE8A3058 
 123      761DF4C5 
 123      D638E0E9 
 123      6F36
 124 0640 9E19F911 		.ascii	"\236\031\371\021\217\350\337+\363\250\364\346\034\254"
 124      8FE8DF2B 
 124      F3A8F4E6 
 124      1CAC
 125 064e 0109FCFD 		.ascii	"\001\011\374\375\264\355\271^\350>\326O[\012W\340|\353"
 125      B4EDB95E 
 125      E83ED64F 
 125      5B0A57E0 
 125      7CEB
 126 0660 7AE62CBF 		.ascii	"z\346,\277\230\316\360\302\372H\365\360?\012}f\232\271"
 126      98CEF0C2 
 126      FA48F5F0 
 126      3F0A7D66 
 126      9AB9
 127 0672 B2F10AF3 		.ascii	"\262\361\012\363<1\357=^\217\303j\357a\363\226\207\356"
 127      3C31EF3D 
 127      5E8FC36A 
 127      EF61F396 
 127      87EE
 128 0684 FDABC88F 		.ascii	"\375\253\310\217,\337\304\027\275bA{\320_+pz\320Z/\363"
 128      2CDFC417 
 128      BD62417B 
 128      D05F2B70 
 128      7AD05A2F 
 129 0699 F2810027 		.ascii	"\362\201\000'\370=\363\272\255\227v,\023\277@t\267\332"
 129      F83DF3BA 
 129      AD97762C 
 129      13BF4074 
 129      B7DA
 130 06ab E385F1EF 		.ascii	"\343\205\361\357X>\237\272+\205|\306\215\255j?\013G"
 130      583E9FBA 
 130      2B857CC6 
 130      8DAD6A3F 
 130      0B47
 131 06bd 636F591F 		.ascii	"coY\037\233\017I\203\247\3360\257\214\014\217G\365\327"
 131      9B0F4983 
 131      A7DE30AF 
 131      8C0C8F47 
 131      F5D7
 132 06cf CC7D2FCD 		.ascii	"\314}/\315\331p\265F~\277r}\377\015\306\270\322\306"
ARM GAS  C:\Users\elias\AppData\Local\Temp\ccSKbHrh.s 			page 10


 132      D970B546 
 132      7EBF727D 
 132      FF0DC6B8 
 132      D2C6
 133 06e1 72F55462 		.ascii	"r\365Tb\271\336\321\307\213\361\332\031\014\366%\353"
 133      B9DED1C7 
 133      8BF1DA19 
 133      0CF625EB 
 134 06f1 C1C5CE5D 		.ascii	"\301\305\316]8\337\205M\017N~\024|\365\234\271=\306"
 134      38DF854D 
 134      0F4E7E14 
 134      7CF59CB9 
 134      3DC6
 135 0703 9181F797 		.ascii	"\221\201\367\227\330\032\025nG!6\2673\326_\242_\237"
 135      D81A156E 
 135      472136B7 
 135      33D65FA2 
 135      5F9F
 136 0715 D1BE53E6 		.ascii	"\321\276S\346\033!\376\201\370\376\011\363\333\270\276"
 136      1B21FE81 
 136      F8FE09F3 
 136      DBB8BE
 137 0724 66F4E798 		.ascii	"f\364\347\230y\301qk\037\254\373U\242\2113\245p\235"
 137      79C1716B 
 137      1FACFB55 
 137      A28933A5 
 137      709D
 138 0736 235663E2 		.ascii	"#Vc\342\257\007\320\232C\346\303\261\267\373\030\233"
 138      AF07D09A 
 138      43E6C3B1 
 138      B7FB189B 
 139 0746 03E6CB27 		.ascii	"\003\346\313'\263c\030\332W\356\315\324F\364\011\276"
 139      B36318DA 
 139      57EECDD4 
 139      46F409BE 
 140 0756 BECF7A7F 		.ascii	"\276\317z\177\\V<Z\267\307<\3726b\002\256\354\343\347"
 140      5C563C5A 
 140      B7C73CFA 
 140      366202AE 
 140      ECE3E7
 141 0769 4F2A5292 		.ascii	"O*R\222\361\374.\353')7N3\204f\236?\233T\206\357m3o"
 141      F1FC2EEB 
 141      2729374E 
 141      3384669E 
 141      3F9B5486 
 142 0781 AF6C5DC1 		.ascii	"\257l]\301:s\317\357\333=cnX\317\303zmZ\237\035S1\226"
 142      3A73CFEF 
 142      DB3D636E 
 142      58CFC37A 
 142      6D5A9F1D 
 143 0798 F5E4F0CC 		.ascii	"\365\344\360\314-\264\177\213\365\2713g<\270\233\371"
 143      2DB47F8B 
 143      F5B93367 
 143      3CB89BF9 
 144 07a8 D55A6F3F 		.ascii	"\325Zo?\352\337d\0362\225t\204\251\3643\242\257s{\177"
 144      EADF641E 
 144      32957484 
ARM GAS  C:\Users\elias\AppData\Local\Temp\ccSKbHrh.s 			page 11


 144      A9F433A2 
 144      AF737B7F 
 145 07bc 2FEA06AB 		.ascii	"/\352\006\253\015+\017K\360\215\277$z\271\233l\016\355"
 145      0D2B0F4B 
 145      F08DBF24 
 145      7AB99B6C 
 145      0EED
 146 07ce 3ACB     		.ascii	":\313"
 147 07d0 A11DCDCF 		.ascii	"\241\035\315\317p\2055\361\304\205X\360U\346\325\347"
 147      708535F1 
 147      C48558F0 
 147      55E6D5E7 
 148 07e0 7BFF216F 		.ascii	"{\377!o\327\351\263\325\354\300+^_ay>/e\013\266\254"
 148      D7E9B3D5 
 148      ECC02B5E 
 148      5F61793E 
 148      2F650BB6 
 149 07f5 65BD2B3E 		.ascii	"e\275+>y\000\323t\231\365\324\202z3\234_\322c\221\351"
 149      7900D374 
 149      99F5D482 
 149      7A339C5F 
 149      D26391E9 
 150 0809 B935C367 		.ascii	"\2715\303g\355\211\02113\360\274Q\366\214\2609o;l\271"
 150      ED891131 
 150      33F0BC51 
 150      F68CB039 
 150      6F3B6CB9 
 151 081d C07A4E5C 		.ascii	"\300zN\\\275\333\214\237\231\207y\017\242\314\370\331"
 151      BDDB8C9F 
 151      9987790F 
 151      A2CCF8D9 
 152 082d A677A8A3 		.ascii	"\246w\250\243;x\306\254\326\007\343_\361\376\014\363"
 152      3B78C6AC 
 152      D607E35F 
 152      F1FE0CF3 
 153 083d C881A641 		.ascii	"\310\201\246A\254\301\303\\\177gbM*\226\215i\335]\367"
 153      ACC1C35C 
 153      7F67624D 
 153      2A968D69 
 153      DD5DF7
 154 0850 D3257C67 		.ascii	"\323%|g\212yc\377P\010\216#\334\235\314:\3076\272;\251"
 154      8A7963FF 
 154      50088E23 
 154      DC9DCC3A 
 154      C736BA3B 
 155 0865 5D276573 		.ascii	"]'es\006Cu\317\325uT,\233\253\326\004\353\035\251\223"
 155      064375CF 
 155      D575542C 
 155      9BABD604 
 155      EB1DA993 
 156 0879 4F30F62D 		.ascii	"O0\366-\277\357J|n@\363\307Y\277[\2121\255?\306|0\261"
 156      BFEF4A7C 
 156      6E40F3C7 
 156      59BF5B8A 
 156      31AD3FC6 
 157 0890 7C12DD19 		.ascii	"|\022\335\031\325\203\225\275\021\205\370{\222\337/"
 157      D58395BD 
ARM GAS  C:\Users\elias\AppData\Local\Temp\ccSKbHrh.s 			page 12


 157      1185F87B 
 157      92DF2F
 158 089f 5EDE1D43 		.ascii	"^\336\035CwF\2649\034.3\316\032f\036\270\0330\207\357"
 158      7746B439 
 158      1C2E33CE 
 158      1A661EB8 
 158      1B3087EF 
 159 08b3 0F315FB8 		.ascii	"\0171_\270*~\205\353\0162o\231\354\317\305*\276\310"
 159      2A7E85EB 
 159      0E326F99 
 159      ECCFC52A 
 159      BEC8
 160 08c5 F5391F27 		.ascii	"\3659\037'7\260\252\016\350\356o]\204\201\3673\367\337"
 160      37B0AA0E 
 160      E8EE6F5D 
 160      8481F733 
 160      F7DF
 161 08d7 6D45A8D3 		.ascii	"mE\250\323\247=\271|\372\006\243\327\313\334\033\234"
 161      A73DB97C 
 161      FA06A3D7 
 161      CBDC1B9C 
 162 08e7 1A85791C 		.ascii	"\032\205y\034\300\325\235\326\366\314\301YzX\217\235"
 162      C0D59DD6 
 162      F6CCC159 
 162      7A588F9D 
 163 08f7 CE594373 		.ascii	"\316YCs\273\231{r\036\357\320\275.\346\031\353\341a"
 163      BB997B72 
 163      1EEFD0BD 
 163      2EE619EB 
 163      E161
 164 0909 E87E27F3 		.ascii	"\350~'\363\276t\377\357Ku\263\\]\377DR\025\234\243C"
 164      BE74FFEF 
 164      4B75B35C 
 164      5DFF4452 
 164      159CA343 
 165 091d 2F4B6E87 		.ascii	"/Kn\207\003\326\310e}\361\362\301\216\352\332\365\304"
 165      03D6C865 
 165      7DF1F2C1 
 165      8EEADAF5 
 165      C4
 166 092e 1BF00D99 		.ascii	"\033\360\015\2311\261^\204\247\334\337\021\352\322c"
 166      31B15E84 
 166      A7DCDF11 
 166      EAD263
 167 093d 19923301 		.ascii	"\031\2223\001\337\\\346\327\003\334\035\253fL\314z\217"
 167      DF5CE6D7 
 167      03DC1DAB 
 167      664CCC7A 
 167      8F
 168 094e B7FD14BE 		.ascii	"\267\375\024\2767\306\203\3313w\024\216\352Zt\365ae"
 168      37C683D9 
 168      3377148E 
 168      EA5A74F5 
 168      6165
 169 0960 9DF89C93 		.ascii	"\235\370\234\223y\370\331e8\214\333\314<\253:w\000\275"
 169      79F8D965 
 169      388CDBCC 
ARM GAS  C:\Users\elias\AppData\Local\Temp\ccSKbHrh.s 			page 13


 169      3CAB3A77 
 169      00BD
 170 0972 6F627EEF 		.ascii	"ob~\357\360\217\206\257\375.\321\351\314\254Q\310\215"
 170      F08F86AF 
 170      FD2ED1E9 
 170      CCAC51C8 
 170      8D
 171 0983 2C1736EC 		.ascii	",\0276\354\374Th\003\323\334\323\303*\330\252\236yr"
 171      FC546803 
 171      D3DCD3C3 
 171      2AD8AA9E 
 171      7972
 172 0995 634B395A 		.ascii	"cK9Z\233\303\255\365\355.\277b&\325\351\326\266\372"
 172      9BC3ADF5 
 172      ED2EBF62 
 172      26D5E9D6 
 172      B6FA
 173 09a7 B763961F 		.ascii	"\267c\226\037\260\3369\026\034\212\367kY\337\212\360"
 173      B0DE3916 
 173      1C8AF76B 
 173      59DF8AF0 
 174 09b7 8DA17735 		.ascii	"\215\241w5z\015]\355\364A\257\326\256P2U\207\346TiW"
 174      7A0D5DED 
 174      F441AFD6 
 174      AE503255 
 174      87E65469 
 175 09cc 7D3C7EC6 		.ascii	"}<~\306\367\"t\354\227\261j\036\035+u\357\326\"\256"
 175      F72274EC 
 175      97B16A1E 
 175      1D2B75EF 
 175      D622AE
 176 09df B0CA55E8 		.ascii	"\260\312U\350\015\264\260\242\023z\271\356\355\340\361"
 176      0DB4B0A2 
 176      137AB9EE 
 176      EDE0F1
 177 09ee 28F432E6 		.ascii	"(\3642\346\333\201\361v\254\222\177\313\213^\340\342"
 177      DB81F176 
 177      AC927FCB 
 177      8B5EE0E2 
 178 09fe 303E57CA 		.ascii	"0>W\312rUm\236y )\321\236w\326iv\277X\277~~\322\204"
 178      72556D9E 
 178      792029D1 
 178      9E77D669 
 178      76BF58BF 
 179 0a16 895CC4BC 		.ascii	"\211\\\304\274~\346\316\037\306\314\347\3465\315ew\301"
 179      7EE6CE1F 
 179      C6CCE7E6 
 179      35CD6577 
 179      C1
 180 0a27 1C85DA9A 		.ascii	"\034\205\332\232\017\247y\030\214\002=3\273\026\277"
 180      0FA77918 
 180      8C023D33 
 180      BB16BF
 181 0a36 2B349F69 		.ascii	"+4\237i\311c\235\231/\033\340\327\357wW7\260f\346\351"
 181      C9639D99 
 181      2F1BE0D7 
 181      EF775737 
ARM GAS  C:\Users\elias\AppData\Local\Temp\ccSKbHrh.s 			page 14


 181      B066E6E9 
 182 0a4a 0DB63B72 		.ascii	"\015\266;r\030c\233\313|\3213\021\213\346\3440\257y"
 182      18639BCB 
 182      7CD13311 
 182      8BE6E430 
 182      AF79
 183 0a5c 7BFA17A1 		.ascii	"{\372\027\241\331L;\223]\011X\302\323\270\272\332Mo"
 183      D94C3B93 
 183      5D0958C2 
 183      D3B8BADA 
 183      4D6F
 184 0a6e 351C394B 		.ascii	"5\0349K/;\236\3209\314\263\007v\245\321\324\305\026"
 184      2F3B9ED0 
 184      39CCB307 
 184      76A5D1D4 
 184      C516
 185 0a80 B85226EB 		.ascii	"\270R&\353y\323\256VL\244\014\346\003o\336n\270\236"
 185      79D3AE56 
 185      4CA40CE6 
 185      036FDE6E 
 185      B89E
 186 0a92 9ED6BD13 		.ascii	"\236\326\275\0239hM\272\236w\207\023#\330\337~\215\350"
 186      39684DBA 
 186      9E778713 
 186      23D8DF7E 
 186      8DE8
 187 0aa4 6C7A9FB9 		.ascii	"lz\237\271A\245\351\350\241\264>\033\213T)\267&\272"
 187      41A5E9E8 
 187      A1B43E1B 
 187      8B5429B7 
 187      26BA
 188 0ab6 EC157E9F 		.ascii	"\354\025~\237\252=\353\255\264\017\213B\012\363\035"
 188      AA3DEBAD 
 188      B40F8B42 
 188      0AF31D
 189 0ac5 578FDB8C 		.ascii	"W\217\333\214{uc\327Noa\233\337\344\221\360\225\217"
 189      7B7563D7 
 189      4E6F619B 
 189      DFE491F0 
 189      958F
 190 0ad7 628D4A62 		.ascii	"b\215Jb\371`uk\021<\221\271\263}\342\021\246I`\236\336"
 190      F960756B 
 190      113C91B9 
 190      B37DE211 
 190      A649609E 
 191 0aec 763B8AC6 		.ascii	"v;\212\306}\221\347\364]R)\0066\236eW\320\205\033\217"
 191      7D91E7F4 
 191      5D522906 
 191      369E6557 
 191      D0851B8F 
 192 0b00 C7E9AF0D 		.ascii	"\307\351\257\015m\232'\317\237'\332\226W_\215\307\035"
 192      6D9A27CF 
 192      9F27DA96 
 192      575F8DC7 
 192      1D
 193 0b11 2C971646 		.ascii	",\227\026F\233\207\202X\346M\315\301\361\350k\214\336"
 193      9B878258 
ARM GAS  C:\Users\elias\AppData\Local\Temp\ccSKbHrh.s 			page 15


 193      E64DCDC1 
 193      F1E86B8C 
 193      DE
 194 0b22 202686CC 		.ascii	" &\206\314|J\030\367\265\260d{\024\003\031\255\367\257"
 194      7C4A18F7 
 194      B5B0647B 
 194      140319AD 
 194      F7AF
 195 0b34 8559076C 		.ascii	"\205Y\007l1\310z\331l[\"\374\"\212\365\270\305\372\023"
 195      31C87AD9 
 195      6C5B22FC 
 195      228AF5B8 
 195      C5FA13
 196 0b47 D41FA9D7 		.ascii	"\324\037\251\327\224u\377W\214\344\327\210N\026\315"
 196      9475FF57 
 196      8CE4D788 
 196      4E16CD
 197 0b56 8CC14D23 		.ascii	"\214\301M#\364\022\342\356\335\304\002\337\317\0039"
 197      F412E2EE 
 197      DDC402DF 
 197      CF0339
 198 0b65 694F7CC1 		.ascii	"iO|\301\222\024\256\215q^\341D\332\266\233\365\276\375"
 198      9214AE8D 
 198      715EE144 
 198      DAB69BF5 
 198      BEFD
 199 0b77 07B3FA30 		.ascii	"\007\263\3720\326\273z\036\327Q_(\363\331\313\361,\314"
 199      D6BB7A1E 
 199      D7515F28 
 199      F3D9CBF1 
 199      2CCC
 200 0b89 B29F233A 		.ascii	"\262\237#:S\332\037\215\241\011ayjf\347\034\275\015"
 200      53DA1F8D 
 200      A1096179 
 200      6A66E71C 
 200      BD0D
 201 0b9b 661E7F72 		.ascii	"f\036\177r1\205\025\357GDW\374\243\013a\254 ='7}-x="
 201      318515EF 
 201      474457FC 
 201      A30B61AC 
 201      203D2737 
 202 0bb3 50471603 		.ascii	"PG\026\003\025Q\030\252\000\335:OR\027Z\277\314\255"
 202      155118AA 
 202      00DD3A4F 
 202      52175ABF 
 202      CCAD
 203 0bc5 2B890ACD 		.ascii	"+\211\012\315\302\363\376z3?\3542O@v\355\345f\252RI"
 203      C2F3FE7A 
 203      333FEC32 
 203      4F4076ED 
 203      E566AA52 
 204 0bda AAD28A8C 		.ascii	"\252\322\212\214\224DFV\344\243$\362\261\322GJ\322G"
 204      94444656 
 204      E4A324F2 
 204      B1D2474A 
 204      D247
 205 0bec 2F31052E 		.ascii	"/1\005.\324\367\314\374\360\332\325\202\372\236\230"
ARM GAS  C:\Users\elias\AppData\Local\Temp\ccSKbHrh.s 			page 16


 205      D4F7CCFC 
 205      F0DAD582 
 205      FA9E98
 206 0bfb D78C040F 		.ascii	"\327\214\004\017a\232<\352\344\235=:\024\365=0\267r"
 206      619A3CEA 
 206      E49D3D3A 
 206      14F53D30 
 206      B772
 207 0c0d 974A7297 		.ascii	"\227Jr\227V\244\244$R2\217\247J\216\247\326\356\252"
 207      56A4A424 
 207      52328FA7 
 207      4A8EA7D6 
 207      EEAA
 208 0c1f 6477B58E 		.ascii	"dw\265\216\371J\216\371=\257\333ih\376\265\016S\315"
 208      F94A8EF9 
 208      3DAFDB69 
 208      68FEB50E 
 208      53CD
 209 0c31 649A9264 		.ascii	"d\232\222d\232\225\313T\222\313\264\322\332J\322\332"
 209      9A95CB54 
 209      92CBB4D2 
 209      DA4AD2DA 
 210 0c41 56A65749 		.ascii	"V\246WI\246\327\012\253\225\204\325\367\255]\337\027"
 210      A6D70AAB 
 210      9584D5F7 
 210      AD5DDF17 
 211 0c51 7AAA3753 		.ascii	"z\2527S3\217\255$\217m\2452\225\2442\275\216\2665X\347"
 211      338FAD24 
 211      8F6DA532 
 211      95A432BD 
 211      8EB63558 
 212 0c66 88B9958A 		.ascii	"\210\271\225\212T\222\212\264Vt%+z\361\321\321%\254"
 212      54928AB4 
 212      5674252B 
 212      7AF1D1D1 
 212      25AC
 213 0c78 BBCF7C75 		.ascii	"\273\317|u\312\335\203\372\366\364\366\210L\256\222"
 213      CADD83FA 
 213      F6F4F688 
 213      4CAE92
 214 0c87 4CAE1594 		.ascii	"L\256\025\224+\011\312g\252<\220\267u\3460\353:\037"
 214      2B09CA67 
 214      AA3C90B7 
 214      75E630EB 
 214      3A1F
 215 0c99 63EFD1A1 		.ascii	"c\357\321\241\310\306U7\214\263\245\215w\225_j&fu\344"
 215      C8C65537 
 215      8CB3A58D 
 215      77955F6A 
 215      266675E4 
 216 0cad 56F37C68 		.ascii	"V\363|hF\225\372\014\020\274\022\204\005yC\357\365\346"
 216      4695FA0C 
 216      10BC1284 
 216      057943EF 
 216      F5E6
 217 0cbf 8148C981 		.ascii	"\201H\311\201(\347\271\376\277\205\256\351\303\2673"
 217      28E7B9FE 
ARM GAS  C:\Users\elias\AppData\Local\Temp\ccSKbHrh.s 			page 17


 217      BF85AEE9 
 217      C3B733
 218 0cce 311363B1 		.ascii	"1\023c\261\312\274b>\304\\\006V\324\373\315Xa3\3569"
 218      CABC623E 
 218      C45C0656 
 218      D4FBCD58 
 218      6133EE39 
 219 0ce2 9987F196 		.ascii	"\231\207\361\226\230[\221\212\222H\305:\234+9\234[7"
 219      985B918A 
 219      9248C53A 
 219      9C2B399C 
 219      5B37
 220 0cf4 1C4A6E38 		.ascii	"\034Jn8\254,\214\222,\214\031J(\011%\254\264\261\222"
 220      AC2C8C92 
 220      2C8C194A 
 220      280925AC 
 220      B4B192
 221 0d07 B4F14642 		.ascii	"\264\361FBO\026\2145\255=\253h\347{B\247\364\351\316"
 221      4F168C35 
 221      AD3DAB68 
 221      E77B42A7 
 221      F4E9CE
 222 0d1a 8CBB94C4 		.ascii	"\214\273\224\304]\231\236\014\263\363\023\314\317\262"
 222      5D999E0C 
 222      B3F313CC 
 222      CFB2
 223 0d28 C30AD19A 		.ascii	"\303\012\321\232q\346[[]\013\230\230c:d7S\021JR\021"
 223      71E65B5B 
 223      5D0B9898 
 223      633A6437 
 223      53114A52 
 224 0d3d C3BDB98B 		.ascii	"\303\275\271\213\320Gt\2423hv\337Lt2\037:\217kE\375"
 224      D04774A2 
 224      336876DF 
 224      4C74321F 
 224      3A8F6B45 
 225 0d52 43EAFD2A 		.ascii	"C\352\375*\246d\025\263\266/%\333WD\362k\017\236\357"
 225      A66415B3 
 225      B62F25DB 
 225      5744F26B 
 225      0F9EEF
 226 0d65 D7133139 		.ascii	"\327\02319\306\234\310}\314\327\347W\3670\330\275\372"
 226      C69CC87D 
 226      CCD7E757 
 226      F730D8BD 
 226      FA
 227 0d76 88B15673 		.ascii	"\210\261Vs\207\372z\264g\267\007\235\301\325\272u\377"
 227      87FA7AB4 
 227      67B7079D 
 227      C1D5BA75 
 227      FF
 228 0d87 9EE353A1 		.ascii	"\236\343S\241wi\327{\0149\303ht2O\03096\303\342\016"
 228      7769D77B 
 228      0C39C368 
 228      74324F18 
 228      3936C3E2 
 229 0d9c 3D31130F 		.ascii	"=1\023\017\346`\375v]\337\376\306\177\012mc:\356:\211"
ARM GAS  C:\Users\elias\AppData\Local\Temp\ccSKbHrh.s 			page 18


 229      E660FD76 
 229      5DDFFEC6 
 229      7F0A6D63 
 229      3AEE3A89 
 230 0db0 43735DCC 		.ascii	"Cs]\314\307N|\0163\322\322\207k$\271\224$\271\254\263"
 230      C74E7C0E 
 230      33D2D287 
 230      6B24B994 
 230      24B9ACB3 
 231 0dc4 BF92B3FF 		.ascii	"\277\222\263\377\354Y_%\036o\326\313B\332\243\035_k"
 231      EC595F25 
 231      1E6FD6CB 
 231      42DAA31D 
 231      5F6B
 232 0dd6 D2A19079 		.ascii	"\322\241\220y<Ur<\365\234\354\230\255o`n%\212\224$\212"
 232      3C55723C 
 232      F59CEC98 
 232      AD6F606E 
 232      258A9424 
 233 0deb CC338B92 		.ascii	"\3143\213\2223\213uFQrF\261R\033JR\033\243u\213\346"
 233      338B7546 
 233      517246B1 
 233      521B4A52 
 233      1BA3758B 
 234 0e00 3CABD6BE 		.ascii	"<\253\326\276\023\027\326\001^\245O\323\253\256M\014"
 234      1317D601 
 234      5EA54FD3 
 234      ABAE4D0C 
 235 0e10 5EA50E43 		.ascii	"^\245\016C\367\013\006\315\310\210\371~\352F3\352+\327"
 235      F70B06CD 
 235      C888F97E 
 235      EA4633EA 
 235      2BD7
 236 0e22 EF873B23 		.ascii	"\357\207;#\320\3352\365~\273V\262]\247E\314#\027P\242"
 236      D0DD32F5 
 236      7EBB56B2 
 236      5DA745CC 
 236      231750A2 
 237 0e36 C73A676E 		.ascii	"\307:gn\036\306+\326\253\214\231\263S\222\263\213\254"
 237      1EC62BD6 
 237      AB8C99B3 
 237      5392B38B 
 237      AC
 238 0e47 BF29C2D8 		.ascii	"\277)\302\330\024\352e\303\314\272)\311\272Y\221\222"
 238      14EA65C3 
 238      CCBA29C9 
 238      BA599192 
 239 0e57 9248697A 		.ascii	"\222Hizm\326\314\331\347i\353\231Q\264\222(\332\012"
 239      6DD6CCD9 
 239      E769EB99 
 239      51B49228 
 239      DA0A
 240 0e69 3495049A 		.ascii	"4\225\004\232Vb[Ib\333\272\003Pr\007\260^\237\356B{"
 240      56625B49 
 240      62DBBA03 
 240      507207B0 
 240      5E9FEE42 
ARM GAS  C:\Users\elias\AppData\Local\Temp\ccSKbHrh.s 			page 19


 241 0e7e 3299F79E 		.ascii	"2\231\367\236,U\240\373\031zn4\266\234a\364\322u`j\306"
 241      2C55A0FB 
 241      197A6E34 
 241      B69C61F4 
 241      D275606A 
 242 0e93 4A4A6225 		.ascii	"JJb%+\023\244$\023tP\024;\002_Na\376\350\3154s\222\311"
 242      2B13A424 
 242      13745014 
 242      3B025F4E 
 242      61FEE8CD 
 243 0eab DA99925B 		.ascii	"\332\231\222[\177,4I\257S]!\273\350N\242^\366\314\304"
 243      7F2C3449 
 243      AF535D21 
 243      BBE84EA2 
 243      5EF6CCC4 
 244 0ebf 8D92C4CD 		.ascii	"\215\222\304\315S\331C;fv\274\356N\372q=\272\027\247"
 244      53D9433B 
 244      6676BCEE 
 244      4EFA713D 
 244      BA17A7
 245 0ed2 AD6FDE0E 		.ascii	"\255o\336\016*\271\035\264N\333JN\333\335\227\2471h"
 245      2AB91DB4 
 245      4EDB4A4E 
 245      DBDD97A7 
 245      3168
 246 0ee4 5E0CF3B5 		.ascii	"^\014\363\265\365q3\320\214f\036\264{>i\006\024z\241"
 246      F57133D0 
 246      8C661EB4 
 246      7B3E6906 
 246      147AA1
 247 0ef7 2A3CC807 		.ascii	"*<\310\007\217\324\233\222\031G+\211\243}\251\373y0"
 247      8FD49B92 
 247      19472B89 
 247      A37DA9FB 
 247      7930
 248 0f09 67B85E47 		.ascii	"g\270^G\315\000FI\000c]\230)\2710\353\335\035X\302\367"
 248      CD004649 
 248      00635D98 
 248      29B930EB 
 248      DD1D58C2 
 249 0f1e 42F4AE31 		.ascii	"B\364\2561\324\351E}\301z\017.l0\017\344A\314\375'B"
 249      D4E9457D 
 249      C17A0F2E 
 249      6C300FE4 
 249      41CCFD27 
 250 0f33 CD136CA0 		.ascii	"\315\023l\240~\336<\223)9\223Yw,J\356X\232\367G\314"
 250      7EDE3C93 
 250      29399359 
 250      772C4AEE 
 250      589AF747 
 251 0f48 8CB29D79 		.ascii	"\214\262\235yy\301V6\372\377\3061\302\372\311Z\206y"
 251      79C15636 
 251      FAFFC631 
 251      C2FAC95A 
 251      8679
 252 0f5a D3CC7CAE 		.ascii	"\323\314|\256\372\255\033\355\3651\217\363\277)5\023"
 252      FAAD1BED 
ARM GAS  C:\Users\elias\AppData\Local\Temp\ccSKbHrh.s 			page 20


 252      F5318FF3 
 252      BF293513 
 253 0f6a 5FCC0B2F 		.ascii	"_\314\013/rw1\374\317\314\007\303\316\354h\317\023\363"
 253      727731FC 
 253      CFCC07C3 
 253      CEEC68CF 
 253      13F3
 254 0f7c F0E17A0F 		.ascii	"\360\341z\017\276\377\250O\364fh\254$4^K\335\2531\367"
 254      BEFFA84F 
 254      F46668AC 
 254      24345E4B 
 254      DDAB31F7 
 255 0f90 7CE6D691 		.ascii	"|\346\326\221Z\311\221\272\335\221=\201\372\357\230"
 255      5AC991BA 
 255      DD913D81 
 255      FAEF98
 256 0f9f CF       		.ascii	"\317"
 257 0fa0 66061CC2 		.ascii	"f\006\034\302\235n\231\007N\337\334\232\233>s+\221\251"
 257      9D6E9907 
 257      4EDFDC9A 
 257      9B3E732B 
 257      91A9
 258 0fb2 2491F976 		.ascii	"$\221\371v<\226\201\347\2574?Z)\200~\311\334{\033\342"
 258      3C9681E7 
 258      AF343F5A 
 258      29807EC9 
 258      DC7B1BE2 
 259 0fc6 C6F72FF4 		.ascii	"\306\367/\364\335\202y\375\252\344\372u4<1\037\3759"
 259      DD8279FD 
 259      AAE4FA75 
 259      343C311F 
 259      FD39
 260 0fd8 D3FD0F0A 		.ascii	"\323\375\017\012\371\0066}\246\303u\347\373\030\276"
 260      F906367D 
 260      A6C375E7 
 260      FB18BE
 261 0fe7 13E6BB63 		.ascii	"\023\346\273cU\346\261\352\230\271\177\312\370\004\252"
 261      55E6B1EA 
 261      98B97FCA 
 261      F804AA
 262 0ff6 3FD2E6CD 		.ascii	"?\322\346\315O,2\223Q:"
 262      4F2C3293 
 262      513A
 263 1000 A06C395E 		.ascii	"\240l9^Gs\016\230;\353b\317\241\3573Ol\213q\233\327"
 263      47730E98 
 263      3BEB62CF 
 263      A1EF334F 
 263      6C8B719B 
 264 1015 B7BA3905 		.ascii	"\267\2729\005\367\275\250\177\227yR\312\203Y\377\216"
 264      F7BDA87F 
 264      977952CA 
 264      8359FF8E 
 265 1025 4E68AC84 		.ascii	"Nh\254\204\354\302\334\333\314\255\304\243\222\304c"
 265      ECC2DCDB 
 265      CCADC4A3 
 265      92C463
 266 1034 40DB4A1C 		.ascii	"@\333J\034\272\267\305|3}\356\014\365\273\365p\0168"
ARM GAS  C:\Users\elias\AppData\Local\Temp\ccSKbHrh.s 			page 21


 266      BAB7C57C 
 266      337DEE0C 
 266      F5BBF570 
 266      0E38
 267 1046 AB60AE4D 		.ascii	"\253`\256M}1t\327\230\012\367\333\320\251\272\220\225"
 267      7D3174D7 
 267      980AF7DB 
 267      D0A9BA90 
 267      95
 268 1057 2CB8C7BA 		.ascii	",\270\307\272Nd\232\027IJ.\222r\226\037kQ\337\2526o"
 268      4E649A17 
 268      494A2E92 
 268      72961F6B 
 268      51DFAA36 
 269 106c EA931914 		.ascii	"\352\223\031\024\255\350\376\231!\251\222\220\324J\005"
 269      ADE8FE99 
 269      21A99290 
 269      D44A05
 270 107b 2A4905F6 		.ascii	"*I\005\366m5\274\342\373\213\314\255\253\037%W?\303"
 270      6D35BCE2 
 270      FB8BCCAD 
 270      AB1F2557 
 270      3FC3
 271 108d 35F19B98 		.ascii	"5\361\233\230\236\363\314W\\\366\016|\177\216yY\356"
 271      9EF3CC57 
 271      5CF60E7C 
 271      7F8E7959 
 271      EE
 272 109e 6827C663 		.ascii	"h'\306c\226y\277\247\246\022\372\214v\347\375<3N\230"
 272      9679BFA7 
 272      A612FA8C 
 272      76E7FD3C 
 272      334E98
 273 10b1 66EE4A0B 		.ascii	"f\356J\013\375'l\374\332\373\334\203\377\205}_\337\376"
 273      FD276CFC 
 273      DAFBDC83 
 273      FF857D5F 
 273      DFFE
 274 10c3 7696F698 		.ascii	"v\226\366\230\367\241:+>\343\315\206\263\215\353\024"
 274      F7A13A2B 
 274      3EE3CD86 
 274      B38DEB14 
 275 10d3 81993250 		.ascii	"\201\2312P\2222\260\322WJ\322Wgn\257\017|\204\271\225"
 275      9232B0D2 
 275      574AD257 
 275      676EAF0F 
 275      7C84B995 
 276 10e7 7E52927E 		.ascii	"~R\222~\262n\371\224\334\362Y\267\317Jn\237\357\307"
 276      B26EF994 
 276      DCF259B7 
 276      CF4A6E9F 
 276      EFC7
 277 10f9 6BCCBD60 		.ascii	"k\314\275`\200\271u\034Qr\034\271\236?\256G\375}\314"
 277      80B9751C 
 277      51721CB9 
 277      9E3FAE47 
 277      FD7DCC
ARM GAS  C:\Users\elias\AppData\Local\Temp\ccSKbHrh.s 			page 22


 278 110c 17DBAF5D 		.ascii	"\027\333\257]\250\257\227y\253\275\322<\346\366h\353"
 278      A8AF9779 
 278      ABBDD23C 
 278      E6F668EB 
 279 111c 9BC71525 		.ascii	"\233\307\025%\307\025\353\220\256\364!\335\272bP\372"
 279      C715EB90 
 279      AEF421DD 
 279      BA6250FA 
 280 112c 8A21A46C 		.ascii	"\212!\244l}\030\255\371k\337\377_\247*}\235je\031\225"
 280      7D18ADF9 
 280      6BDFFF5F 
 280      A72A7D9D 
 280      6A651995 
 281 1140 CE325A69 		.ascii	"\3162ZiE\245\323\212\313\003\207\005h\310O\211\226\356"
 281      45A5D38A 
 281      CB038705 
 281      68C84F89 
 281      96EE
 282 1152 679A8BEA 		.ascii	"g\232\213\352O\330)\327:\302\340\024\177\301>\230\364"
 282      4FD829D7 
 282      3AC2E014 
 282      7FC13E98 
 282      F4
 283 1163 64DE1AFF 		.ascii	"d\336\032\377\230\250{\376\300\014\035\377\234\350\322"
 283      98A87BFE 
 283      C00C1DFF 
 283      9CE8D2
 284 1172 F436F297 		.ascii	"\3646\362\227\177\346{w\"R\372D\324\264\037n\2566?$"
 284      7FE67B77 
 284      2252FA44 
 284      D4B41F6E 
 284      AE363F24 
 285 1186 9ADF35F9 		.ascii	"\232\3375\371\277\302~\340{w\305\252\364\025\253u%\252"
 285      BFC27EE0 
 285      7B77C5AA 
 285      F415AB75 
 285      25AA
 286 1198 F49568ED 		.ascii	"\364\225h\355\326\206?\350\237\360\276p\340<\303W\377"
 286      D6863FE8 
 286      9FF0BE70 
 286      E03CC357 
 286      FF
 287 11a9 9897F92C 		.ascii	"\230\227\371,\307\024:\360GD\207n\016\347`\370?\344"
 287      C7143AF0 
 287      4744876E 
 287      0EE760F8 
 287      3FE4
 288 11bb 3D7A2631 		.ascii	"=z&1\022\206\372\003\336sZ7\314_\230|\317\367\356\346"
 288      1286FA03 
 288      DE735A37 
 288      CC5F987C 
 288      CFF7EEE6 
 289 11cf 58E99BE3 		.ascii	"X\351\233\343\"\347\312?\010\373=\337\273\254\220\322"
 289      22E7CA3F 
 289      08FB3DDF 
 289      BBAC90D2 
 290 11df 59A1CDEE 		.ascii	"Y\241\315\356\311e\264\342\273\276w\367\252J\337\253"
ARM GAS  C:\Users\elias\AppData\Local\Temp\ccSKbHrh.s 			page 23


 290      C965B4E2 
 290      BBBE77F7 
 290      AA4ADFAB 
 291 11ef 5ABF1E50 		.ascii	"Z\277\036P\372\327\003\3611\316x\250\277\345{wpW\372"
 291      FAD703F1 
 291      31CE78A8 
 291      BFE57B77 
 291      7057FA
 292 1202 E07E3591 		.ascii	"\340~5\221\276\203\021\371\015\037'h\252[a\232\357\260"
 292      BE8311F9 
 292      0D1F2768 
 292      AA5B619A 
 292      EFB0
 293 1214 A30756D4 		.ascii	"\243\007V\324\202\376\272\357]JA\351\224BK\307\331\017"
 293      82FEBAEF 
 293      5D4A41E9 
 293      94424BC7 
 293      D90F
 294 1226 857DF2BD 		.ascii	"\205}\362\275\273WW\372^\335\272tT\372\322\3616e|\005"
 294      BB5757FA 
 294      5EDDBA74 
 294      54FAD2F1 
 294      36657C05 
 295 123a 9DFF15A2 		.ascii	"\235\377\025\242\347A{f8\365-\266cJp8\026\210_&z\367"
 295      E7417B66 
 295      38F52DB6 
 295      634A7038 
 295      16885F26 
 296 1250 18710E5B 		.ascii	"\030q\016[\374\022\321\235\222W\363\232\350\233\276"
 296      FC12D19D 
 296      9257F39A 
 296      E89BBE
 297 125f 7737824A 		.ascii	"w7\202J\337\010\336\266\206<\241\007\277\350{w\313\241"
 297      DF08DEB6 
 297      863CA107 
 297      BFE87B77 
 297      CBA1
 298 1271 F42D8795 		.ascii	"\364-\207\2259P:s`\035\245\225>J[W\310J_![\347z\245"
 298      39503A73 
 298      601DA595 
 298      3E4A5B57 
 298      C84A5F21 
 299 1289 CFF5D60D 		.ascii	"\317\365\326\015\201\3227\004\326\357\233\224\376}\223"
 299      81D23704 
 299      D6EF9B94 
 299      FE7D93
 300 1298 F53305A5 		.ascii	"\3653\005\245\177\246`\375\270J\351\037WY\327\303J_"
 300      7FA660FD 
 300      B84AE91F 
 300      5759D7C3 
 300      4A5F
 301 12aa 0F5BD778 		.ascii	"\017[\327xJ_\343Y\277\300P\372\027\030\326\217\207\224"
 301      4A5FE359 
 301      BFC050FA 
 301      1718D68F 
 301      8794
 302 12bc FEF1D04C 		.ascii	"\376\361\320LP\255\351\313~\276w\227tJ_\322Yi\037\245"
ARM GAS  C:\Users\elias\AppData\Local\Temp\ccSKbHrh.s 			page 24


 302      50ADE9CB 
 302      7EBE7797 
 302      744A5FD2 
 302      59691FA5 
 303 12d0 D33EC38D 		.ascii	"\323>\303\215\327\321\237\377\244\331\036\226k\267\307"
 303      D7D19FFF 
 303      A4D91E96 
 303      6BB7C7
 304 12df 7D0C366C 		.ascii	"}\0146l\352\007\237(\304\374\244~\370\211\"\311O*\366"
 304      EA079F28 
 304      C4FCA47E 
 304      F88922C9 
 304      4F2AF6
 305 12f2 E3270A11 		.ascii	"\343'\012\021?\251\030`4a=a\024a-a$\312#\200?\372D\361"
 305      3FA91860 
 305      34613D61 
 305      14612D61 
 305      24CA2380 
 306 130a F427150E 		.ascii	"\364'\025\0169\014\305\241\300\020\302v\302\340\217"
 306      390CC5A1 
 306      C010C276 
 306      C2E08F
 307 1319 527D10CA 		.ascii	"R}\020\312\003\201\001\204\275\204\376\204\335\204v"
 307      03810184 
 307      BD84FE84 
 307      DD8476
 308 1328 94BF7D26 		.ascii	"\224\277}&\370J8L\350#\034 |\001>C\177\"\234$|$\034"
 308      F84A384C 
 308      E8231C20 
 308      7C013E43 
 308      7F229C24 
 309 133f 277C80EE 		.ascii	"'|\200\356\205~O8OxG8Kx\013\375\006\3725\341*\341\025"
 309      857E4F38 
 309      4F784738 
 309      4B780BFD 
 309      06FA35E1 
 310 1356 E132E125 		.ascii	"\3412\341%\364\013\350\347\204[\204g\204\233\204\247"
 310      F40BE8E7 
 310      845B8467 
 310      849B84A7 
 311 1366 D04FA01F 		.ascii	"\320O\240\037\023\356\021\036\341\375C\350\007\320\367"
 311      13EE111E 
 311      E1FD43E8 
 311      07D0F7
 312 1375 094F08F7 		.ascii	"\011O\010\367\010\217\010w\241\357@\337&\274\"\364\020"
 312      088F0877 
 312      A1EF40DF 
 312      26BC22F4 
 312      10
 313 1386 5E106E41 		.ascii	"^\020nAwC\337$\364\022n\020\336\021\256\243|\015\270"
 313      7743DF24 
 313      F4126E10 
 313      DE11AEA3 
 313      7C0DB8
 314 1399 4AE8235C 		.ascii	"J\350#\\!|&\\F\371\022p\2210\320\366I-\020\372\023\316"
 314      217C265C 
 314      46F91270 
ARM GAS  C:\Users\elias\AppData\Local\Temp\ccSKbHrh.s 			page 25


 314      9130D0F6 
 314      492D10FA 
 315 13af A37C0E38 		.ascii	"\243|\0168K\030N\3453\204\241\204\323(\237\002N\022"
 315      4B184EE5 
 315      3384A184 
 315      D3289F02 
 315      4E12
 316 13c1 C652F904 		.ascii	"\306R\371\004a4\3418\312\307\200\243\260\317\010a\002"
 316      6134E138 
 316      CAC780A3 
 316      B0CF0861 
 316      02
 317 13d2 E9C3281F 		.ascii	"\351\303(\037\002\016\022\246S\371\000a*a?\312\373\200"
 317      020E12A6 
 317      53F90061 
 317      2A613FCA 
 317      FB80
 318 13e4 BD84B954 		.ascii	"\275\204\271T\336C\230M\330\215\376wA\357Dy\007a!a;"
 318      DE43984D 
 318      D88DFE77 
 318      41EF4479 
 318      07612161 
 319 13f9 F436E82E 		.ascii	"\3646\350.\302\012*o%,#l\201\356\204\336LXG\345M\204"
 319      C20A2A6F 
 319      252C236C 
 319      81EE84DE 
 319      4C5847E5 
 320 140f 35848DD0 		.ascii	"5\204\215\320\033\240\327\023:\251\274\216\260\211\260"
 320      1BA0D713 
 320      3AA9BC8E 
 320      B089B0
 321 141e 167A0DF4 		.ascii	"\026z\015\364j\302\016*\257\"l#\254\204^\001\275\034"
 321      6AC20E2A 
 321      AF226C23 
 321      AC845E01 
 321      BD1C
 322 1430 EF9711F6 		.ascii	"\357\227\021\366\020\226B/\201^L8D\345E\360\203B\224"
 322      1096422F 
 322      815E4C38 
 322      44E545F0 
 322      834294
 323 1443 1700F309 		.ascii	"\027\000\363\011'H\317#\034#\314Ey\0160\233p\216\312"
 323      2748CF23 
 323      1C23CC45 
 323      790E309B 
 323      708ECA
 324 1456 B3086708 		.ascii	"\263\010g\0103Q\236\001L'\\\241\3624\302%\302T\224\247"
 324      33519E01 
 324      4C275CA1 
 324      F234C225 
 324      C25494A7 
 325 146a 0093E157 		.ascii	"\000\223\341WI\350\177\"\312\023\200\361\204;T\036G"
 325      49E87F22 
 325      CA1380F1 
 325      843B541E 
 325      47
 326 147b E82174A0 		.ascii	"\350!t\240<\026\030\003\373F\023\036\020F\241<\022\030"
ARM GAS  C:\Users\elias\AppData\Local\Temp\ccSKbHrh.s 			page 26


 326      3C161803 
 326      FB46131E 
 326      1046A13C 
 326      1218
 327 148d 41784EE5 		.ascii	"AxN\345\341\204\247\204a(\017\005\206\020\336Ry0\341"
 327      E184A784 
 327      61280F05 
 327      8610DE52 
 327      7930E1
 328 14a0 356110EC 		.ascii	"5a\020\354\023\010=\000\376\355O\370@\272\035\372\233"
 328      13083D00 
 328      FEED4FF8 
 328      40BA1DFA 
 328      9B
 329 14b1 1FE6BF9F 		.ascii	"\037\346\277\237\370\257\217\320G\370\342\207\371\017"
 329      F8AF8FD0 
 329      47F8E287 
 329      F90F
 330 14bf FD8930C8 		.ascii	"\375\2110\310\240\371\357'\363\363\201\320\237\270\027"
 330      A0F9EF27 
 330      F3F381D0 
 330      9FB817
 331 14ce FA3D6104 		.ascii	"\372=a\004\361;\3020\302[\3507\320\257\011\035\304\257"
 331      F13BC230 
 331      C25BE837 
 331      D0AF091D 
 331      C4AF
 332 14e0 0863082F 		.ascii	"\010c\010/Q\377\005\364s\302d*?#L$<\205~\002\375\330"
 332      51FF05F4 
 332      73C2642A 
 332      3F234C24 
 332      3C857E02 
 333 14f6 4FC6F788 		.ascii	"O\306\367\2100\235\364C\224\037\000\367\011s\251|\317"
 333      309DF443 
 333      941F00F7 
 333      0973A97C 
 333      CF
 334 1507 4FD6C95D 		.ascii	"O\326\311]\224\357\000\267\031I\367\020\026\021n\021"
 334      94EF00B7 
 334      1949F710 
 334      16116E11 
 335 1517 1610BAA1 		.ascii	"\026\020\272\241o\372\311\274\331 \254\240\362u\350"
 335      6FFAC9BC 
 335      D920ACA0 
 335      F275E8
 336 1526 6BD057FD 		.ascii	"k\320W\375d]Y!\254\245\362e\350K\320\027\375d]Z l\242"
 336      645D5921 
 336      ACA5F265 
 336      E84BD017 
 336      FD645D5A 
 337 153d F279E873 		.ascii	"\362y\350s\320g\011\333\211\317\020\272\010\247Q>\005"
 337      D06709DB 
 337      89CF10BA 
 337      08A7513E 
 337      05
 338 154e 9C24ECA5 		.ascii	"\234$\354\245\362\011\302n\302q\364\177\014\372(\367"
 338      F209C26E 
ARM GAS  C:\Users\elias\AppData\Local\Temp\ccSKbHrh.s 			page 27


 338      C271F47F 
 338      0CFA28F7 
 339 155e 9FCA47FC 		.ascii	"\237\312G\374\304\017\207a\337!\350\203\204\023\304"
 339      C40F8761 
 339      DF21E883 
 339      8413C4
 340 156d 0708C708 		.ascii	"\007\010\307\010\3731^}\320{\011g\211\367\370\311<\353"
 340      FB315E7D 
 340      D07B0967 
 340      89F7F8C9 
 340      3CEB
 341 157f F6137FED 		.ascii	"\366\023\177\355\202\336I\270Dz\207\237\354\003\355"
 341      82DE49B8 
 341      447A879F 
 341      EC03ED
 342 158e D0DBA0BB 		.ascii	"\320\333\240\273\010\327Io\365\303\374\207\356\204\336"
 342      08D7496F 
 342      F5C3FC87 
 342      EE84DE
 343 159d EC27F3BA 		.ascii	"\354'\363\272\211p\213\236k\304\367\033\240\327\023"
 343      89708B9E 
 343      6BC4F71B 
 343      A0D713
 344 15ac 1E10AF23 		.ascii	"\036\020\257#\334#\254E\377j\240W\023\236Sy\025\341"
 344      DC23AC45 
 344      FF6AA057 
 344      139E5379 
 344      15E1
 345 15be 296125E1 		.ascii	")a%\3411a\005\364r\214_\031\3415a\251\237\354c%\320"
 345      316105F4 
 345      728C5F19 
 345      E13561A9 
 345      9FEC6325 
 346 15d3 8B091FA9 		.ascii	"\213\011\037\251\274\310O\346O!\341=\361\002\350\371"
 346      BCC84FE6 
 346      4F21E13D 
 346      F102E8F9 
 347 15e3 846FC4F3 		.ascii	"\204o\304\363\330\277\011s\375d\235\317\201\236M\030"
 347      D8BF0973 
 347      FD649DCF 
 347      819E4D18 
 348 15f3 427F59DC 		.ascii	"B\177Y\334n\372\313\244\277\000\372\313\200\236N\030"
 348      6EFACBA4 
 348      BF00FACB 
 348      809E4E18 
 349 1603 457F697E 		.ascii	"E\177i~\262\216\2472\322_\012\364d\264;\211\375\234"
 349      B28EA732 
 349      D25F0AF4 
 349      64B43B89 
 349      FD9C
 350 1615 7D18ED49 		.ascii	"}\030\355I\200\036\017=\016z,\364\030\350\321\250?\022"
 350      801E0F3D 
 350      0E7A2CF4 
 350      18E8D1A8 
 350      3F12
 351 1627 F547A0FE 		.ascii	"\365G\240\3760\350\241h_0\332\027\210\366\371C\267\243"
 351      30E8A168 
ARM GAS  C:\Users\elias\AppData\Local\Temp\ccSKbHrh.s 			page 28


 351      5F30DA17 
 351      88F6F943 
 351      B7A3
 352 1639 7FAF86F4 		.ascii	"\177\257\206\364\357\305\220\376=\033\230\277\206|\357"
 352      EFC590FE 
 352      3D1B98BF 
 352      867CEF
 353 1648 C110FB78 		.ascii	"\301\020\373x\015\261\317\035\364[C\354{c\210}\257\014"
 353      0DB1CF1D 
 353      F45B43EC 
 353      7B63887D 
 353      AF0C
 354 165a B1EF25F4 		.ascii	"\261\357%\364\013C\306\347\314\220~\234\0302>G\320\017"
 354      0B43C6E7 
 354      CC907E9C 
 354      18323E47 
 354      D00F
 355 166c 0D19DF7D 		.ascii	"\015\031\337}C\306w\327\300\376\013}\333\020\377\360"
 355      43C677D7 
 355      C0FE0B7D 
 355      DB10FFF0 
 356 167c 18E21F6E 		.ascii	"\030\342\037nC\374c\023\372\206!\376\265f\210\177\255"
 356      43FC6313 
 356      FA8621FE 
 356      B566887F 
 356      AD
 357 168d 1AE25F2B 		.ascii	"\032\342_+\320\227\015\361\317EC\374s\001\372<\3649"
 357      D0970DF1 
 357      CF4543FC 
 357      7301FA3C 
 357      F439
 358 169f 43FC7BC6 		.ascii	"C\374{\306\020\377\236\206>\005}\322\220\3711n\310\374"
 358      10FF9E86 
 358      3E057DD2 
 358      90F9316E 
 358      C8FC
 359 16b1 18C5F747 		.ascii	"\030\305\367G\240\017\0332\277\006\015\231_\003\206"
 359      A00F1B32 
 359      BF060D99 
 359      5F0386
 360 16c0 CCAF7EE8 		.ascii	"\314\257~\350}\206\314\317\036C\346g\027\372\327\011"
 360      7D86CCCF 
 360      1E43E667 
 360      17FAD709 
 361 16d0 BDC390F9 		.ascii	"\275\303\220\371\335f\310\374nEy\013\320i\310\372\320"
 361      DD66C8FC 
 361      6E45790B 
 361      D069C8FA 
 361      D0
 362 16e1 6CC8FAD0 		.ascii	"l\310\372\320h\310\372\320\000\275\336\220\365\245\316"
 362      68C8FAD0 
 362      00BDDE90 
 362      F5A5CE
 363 16f0 90F5A506 		.ascii	"\220\365\245\006z5\364*C\326\247JC\326\247r\350e\320"
 363      7A35F42A 
 363      43D6A74A 
 363      43D6A772 
ARM GAS  C:\Users\elias\AppData\Local\Temp\ccSKbHrh.s 			page 29


 363      E865D0
 364 1703 4B317EC5 		.ascii	"K1~\305\206\254o\205\320\363\241\347\031\262>\346\030"
 364      86AC6F85 
 364      D0F3A1E7 
 364      19B23EE6 
 364      18
 365 1714 B23E66A3 		.ascii	"\262>f\243<\013\230i\310\372\232a\310\372\232\206\362"
 365      3C0B9869 
 365      C8FA9A61 
 365      C8FA9A86 
 365      F2
 366 1725 54608A21 		.ascii	"T`\212!\353s\222!\353s\002\372\037\017=\316\220\365"
 366      EB739221 
 366      EB7302FA 
 366      1F0F3DCE 
 366      90F5
 367 1737 3DD690F5 		.ascii	"=\326\220\365=\032z\024\364HC\366\207pC\366\207P\330"
 367      3D1A7A14 
 367      F44843F6 
 367      877043F6 
 367      8750D8
 368 174a 37047A30 		.ascii	"7\004z0\306#\320\220\375%\000\272\035\372\233M\366\247"
 368      C623D090 
 368      FD2500BA 
 368      1DFA9B4D 
 368      F6A7
 369 175c 571BF627 		.ascii	"W\033\366'\033\366'\033\374\333&\373\333\243M\3667/"
 369      1BF6271B 
 369      FCDB26FB 
 369      DBA34DF6 
 369      372F
 370 176e F47BE877 		.ascii	"\364{\350w6\331\037ol\262?^A\277\204~a\223\375\365\314"
 370      36D91F6F 
 370      6CB23F5E 
 370      41BF847E 
 370      6193FDF5 
 371 1783 26FBEB09 		.ascii	"&\373\353\011\312\217\201G6\331\237\017m2\177\366Q\276"
 371      CA8F8147 
 371      36D99F0F 
 371      6D327FF6 
 371      51BE
 372 1795 07DCB5C9 		.ascii	"\007\334\265\311\376\276m\223\375}\013\345n\340\246"
 372      FEBE6D93 
 372      FD7D0BE5 
 372      6EE0A6
 373 17a4 4DFC71C3 		.ascii	"M\374q\303&\361\301:\312\327\200\2536\361\273e\233\304"
 373      26F1C13A 
 373      CAD780AB 
 373      36F1BB65 
 373      9BC4
 374 17b6 178B285F 		.ascii	"\027\213(_\000\316\333$>\231\265I|2\215\362)\340\244"
 374      00CEDB24 
 374      3E99B549 
 374      7C328DF2 
 374      29E0A4
 375 17c9 4DE29B71 		.ascii	"M\342\233q\233\3047"
 375      9BC437
ARM GAS  C:\Users\elias\AppData\Local\Temp\ccSKbHrh.s 			page 30


 376 17d0 A3281F01 		.ascii	"\243(\037\001\016\333d|\007m\022\037\015\240\274\037"
 376      0EDB647C 
 376      076D121F 
 376      0DA0BC1F 
 377 17e0 D86793F8 		.ascii	"\330g\223\370\252\327&\361U7\354\323\005\275\323&\363"
 377      AAD726F1 
 377      5537ECD3 
 377      05BDD326 
 377      F3
 378 17f1 AADD26F1 		.ascii	"\252\335&\361\231\013z+\364\026\274\337l\223y\336\010"
 378      990B7A2B 
 378      F416BCDF 
 378      6C9379DE 
 378      08
 379 1802 BD017ABD 		.ascii	"\275\001z\275M\342\303Z\364\277\032z\025\364J\330\267"
 379      4DE2C35A 
 379      F4BF1A7A 
 379      15F44AD8 
 379      B7
 380 1813 DC26F3BF 		.ascii	"\334&\363\277\024z\011\364b\233\304\247E6\211O\013\240"
 380      147A09F4 
 380      629BC4A7 
 380      4536894F 
 380      0BA0
 381 1825 E743CFB3 		.ascii	"\347C\317\263I|\233\203\347\262\240gB\317\260I|\234"
 381      497C9B83 
 381      E7B2A067 
 381      42CFB049 
 381      7C9C
 382 1837 66937994 		.ascii	"f\223y\224\202\362d`\222M\342\353D\233\304\327\361("
 382      82F26460 
 382      924DE2EB 
 382      449BC4D7 
 382      F128
 383 1849 8F033A6C 		.ascii	"\217\003:l\022\237\307\330$>\217By$0\302&\353v\230M"
 383      129FC7D8 
 383      243E8F42 
 383      792430C2 
 383      26EB7698 
 384 185e E2FB1094 		.ascii	"\342\373\020\224\007\003\203\340\277\00169\037\330Q"
 384      070383E0 
 384      BF013639 
 384      1FD851
 385 186d FEA6107F 		.ascii	"\376\246\020\177)9_\274(9_<\241\374\021\370\240\304"
 385      29395FBC 
 385      28395F3C 
 385      A1FC11F8 
 385      A0C4
 386 187f BFEF95AC 		.ascii	"\277\357\225\254\353\267(\277\001^+9\337\\*\361\263"
 386      EBB728BF 
 386      015E2B39 
 386      DF5C2AF1 
 386      B3
 387 1890 7325FD3F 		.ascii	"s%\375?\203~\252d\334\217\225\2543\207\320\017\240\357"
 387      837EAA64 
 387      DC8F95AC 
 387      3387D00F 
ARM GAS  C:\Users\elias\AppData\Local\Temp\ccSKbHrh.s 			page 31


 387      A0EF
 388 18a2 2B395FED 		.ascii	"+9_\355*Y\247v\240oC\367(\261\217[\311\374\334\200\276"
 388      2A59A776 
 388      A06F43F7 
 388      28B18F5B 
 388      C9FCDC80 
 389 18b7 0E7D4DC9 		.ascii	"\016}M\311\371n\005\357/A_\204\276\240\344|8\247\344"
 389      F96E05EF 
 389      2F415F84 
 389      BEA0E47C 
 389      38A7E4
 390 18ca 7C38037D 		.ascii	"|8\003}\032\372\224\222\363\345\204\222\363\345\030"
 390      1AFA9492 
 390      F3E58492 
 390      F3E518
 391 18d9 F451E823 		.ascii	"\364Q\350#J\326\375!\224\017\002\373\241\367)9\337\366"
 391      4AD6FD21 
 391      940F02FB 
 391      A1F72939 
 391      DFF6
 392 18eb 28D9B7BA 		.ascii	"(\331\267\272P\336\011\354Pr>nSr>v\241\274\025\330\242"
 392      50DE09EC 
 392      50723E6E 
 392      53723E76 
 392      A1BC15D8 
 393 1900 645D6C56 		.ascii	"d]lVr\276nBy#\260A\311\361\274\016z\015\312\253\201"
 393      72BE6E42 
 393      7923B041 
 393      C9F1BC0E 
 393      7A0DCAAB 
 394 1915 554A4EF7 		.ascii	"UJN\367\025\250\277\014\345\245\202\037\224\343\343"
 394      15A8BF0C 
 394      E5A5821F 
 394      94E3E3
 395 1924 4F3EFC1F 		.ascii	"O>\374\037\004\323R\206"
 395      04D35286 
 396              		.text
 397              		.section	.gnu.lto_.symbol_nodes.8ce5a8,"",%progbits
 398 0000 789C6361 		.ascii	"x\234ca`d\340b\000\002V\006\206F!\020\003\000\004\203"
 398      6064E062 
 398      00025606 
 398      86462110 
 398      03000483 
 399 0014 00A8     		.ascii	"\000\250"
 400              		.text
 401              		.section	.gnu.lto_.refs.8ce5a8,"",%progbits
 402 0000 789C6361 		.ascii	"x\234ca`\004B \000\000\0009\000\007"
 402      60044220 
 402      00000039 
 402      0007
 403              		.text
 404              		.section	.gnu.lto_.decls.8ce5a8,"",%progbits
 405 0000 789C8590 		.ascii	"x\234\205\220M(DQ\024\307\357yo\030\236|\364\232\205"
 405      4D284451 
 405      14C7EF79 
 405      6F189E7C 
 405      F49A85
ARM GAS  C:\Users\elias\AppData\Local\Temp\ccSKbHrh.s 			page 32


 406 0013 F4120B25 		.ascii	"\364\022\013%e\230\244\254DS#\033)\037+%\215+\257\364"
 406      6598A4AC 
 406      4453231B 
 406      291F2B25 
 406      8D2BAFF4 
 407 0027 46E35958 		.ascii	"F\343YX\271\371\210\215\032+\221\205L1\303`|\215\354"
 407      B9F9888D 
 407      1A2B9185 
 407      4C31C360 
 407      7C8DEC
 408 003a 259224C9 		.ascii	"%\222$\311\322hX\010E\2152\013\306\271\363\310P8u\336"
 408      D2685808 
 408      458D320B 
 408      C6B9F3C8 
 408      503875DE 
 409 004e B9FF7BFF 		.ascii	"\271\377{\377\347w\317}&\002\204\3075\226A\254\315\230"
 409      E777CF7D 
 409      260284C7 
 409      359641AC 
 409      CD98
 410 0060 710C016B 		.ascii	"q\014\001k+\371\036\334\271\363c\217k\021S\301\264`"
 410      2BF91EDC 
 410      B9F3638F 
 410      6B1153C1 
 410      B460
 411 0072 86C8EFF1 		.ascii	"\206\310\357\361*\300\363\330]\330,\012\300\327S\017"
 411      2AC0F3D8 
 411      5DD82C0A 
 411      C0D7530F 
 412 0082 B1BCA800 		.ascii	"\261\274\250\000\262\004\314\204ro/~\002\250-\250\013"
 412      B204CC84 
 412      726F2F7E 
 412      02A82DA8 
 412      0B
 413 0093 505FC67C 		.ascii	"P_\306|\016k\200ax\030\023\352\277\030\236\363\243\011"
 413      0E6B8061 
 413      781813EA 
 413      BF189EF3 
 413      A309
 414 00a5 93D11817 		.ascii	"\223\321\030\027Q\237\216\004gECs\316\323\361L$\313"
 414      519F8E04 
 414      67454373 
 414      CED3F14C 
 414      24CB
 415 00b7 E070CC8C 		.ascii	"\340p\314\214\377p\337,\215'8\303L>\310\342\276\025"
 415      FF70DF2C 
 415      8D2738C3 
 415      4C3EC8E2 
 415      BE15
 416 00c9 50200038 		.ascii	"P \00083\254\202\204\3372\005\226Q\242}m\364\332\237"
 416      33AC8284 
 416      DF320596 
 416      51A27D6D 
 416      F4DA9F
 417 00dc 86DD0AC2 		.ascii	"\206\335\012\302\201\353\373\335X\246\241\371\361\364"
 417      81EBFBDD 
 417      58A6A1F9 
ARM GAS  C:\Users\elias\AppData\Local\Temp\ccSKbHrh.s 			page 33


 417      F1F4
 418 00ea 64E42D43 		.ascii	"d\344-C,\341k\341,\262|k\202bi\201\263\303\2477\325"
 418      2CE16BE1 
 418      2CB27C6B 
 418      82626981 
 418      B3C3A737 
 419 00ff BB8CE5C0 		.ascii	"\273\214\345\300&H\260\016\",\201\225\3772\005\361\004"
 419      2648B00E 
 419      222C8195 
 419      FF3205F1 
 419      04
 420 0110 6F1F628F 		.ascii	"o\037b\217\363,5\227@\205\002\345\012\201\015(\346L"
 420      F32C3597 
 420      408502E5 
 420      0A810D28 
 420      E64C
 421 0122 EE82204E 		.ascii	"\356\202 N\263f\\\037\332\332~1\313\236\217W\327@\002"
 421      B3665C1F 
 421      DADA7E31 
 421      CB9E8F57 
 421      D74002
 422 0135 E7C7735F 		.ascii	"\347\307s_b\332-\220?g\346\356G\177<\232-}\320=\377"
 422      62DA2D90 
 422      3F67E6EE 
 422      477F3C9A 
 422      2D7DD03D 
 423 014a D32FBC57 		.ascii	"\323/\274W+\331\311\364\355\277\350W\353\321\352\"/"
 423      2BD9C9F4 
 423      EDBFE857 
 423      EBD1EA22 
 423      2F
 424 015b 0BCEB1F0 		.ascii	"\013\316\261\360\371\276%0\304X:\204@\206E\343uI\215"
 424      F9BE2530 
 424      C4583A84 
 424      408645E3 
 424      75498D
 425 016e 7CA75920 		.ascii	"|\247Y \260\003E$\337\241\366\350\324\335n\357\356\320"
 425      B0034524 
 425      DFA1F6E8 
 425      D4DD6EEF 
 425      EED0
 426 0180 34DA53EB 		.ascii	"4\332S\353P\335v\027\355\352R\235*\325\364\276\264\272"
 426      50DD7617 
 426      EDEA529D 
 426      2AD5F4BE 
 426      B4BA
 427 0192 869602BB 		.ascii	"\206\226\002\273\315FR\372UM\257*\254\243\032uw\350"
 427      CD4652FA 
 427      554DAF2A 
 427      ACA31A75 
 427      77E8
 428 01a4 B4B3BDC9 		.ascii	"\264\263\275\311\325\357v\322\266\306&\227\275\262\315"
 428      D5EF76D2 
 428      B6C62697 
 428      BDB2CD
 429 01b3 39A00FF4 		.ascii	"9\240\017\364\322>k7)\375\305\361yM\022\333\352$\357"
 429      D23E6B37 
ARM GAS  C:\Users\elias\AppData\Local\Temp\ccSKbHrh.s 			page 34


 429      29FDC5F1 
 429      794D12DB 
 429      EA24EF
 430 01c6 8B54C81B 		.ascii	"\213T\310\033"
 431              		.text
 432              		.section	.gnu.lto_.symtab.8ce5a8,"",%progbits
 433 0000 46696C74 		.ascii	"Filter_ChannelAFirCoefficients\000"
 433      65725F43 
 433      68616E6E 
 433      656C4146 
 433      6972436F 
 434 001f 00       		.ascii	"\000"
 435 0020 00       		.ascii	"\000"
 436 0021 00       		.ascii	"\000"
 437 0022 00000000 		.ascii	"\000\000\000\000\000\000\000\000"
 437      00000000 
 438 002a B7000000 		.ascii	"\267\000\000\000"
 439              		.text
 440              		.section	.gnu.lto_.opts,"",%progbits
 441 0000 272D666D 		.ascii	"'-fmath-errno' '-fsigned-zeros' '-ftrapping-math' '"
 441      6174682D 
 441      6572726E 
 441      6F272027 
 441      2D667369 
 442 0033 2D666E6F 		.ascii	"-fno-trapv' '-fno-openmp' '-fno-openacc' '-mcpu=cor"
 442      2D747261 
 442      70762720 
 442      272D666E 
 442      6F2D6F70 
 443 0066 7465782D 		.ascii	"tex-m3' '-mthumb' '-g' '-O3' '-ffunction-sections' "
 443      6D332720 
 443      272D6D74 
 443      68756D62 
 443      2720272D 
 444 0099 272D6666 		.ascii	"'-ffat-lto-objects' '-finline-functions' '-flto'\000"
 444      61742D6C 
 444      746F2D6F 
 444      626A6563 
 444      74732720 
 445              		.text
 446              		.cfi_sections	.debug_frame
 447              		.global	Filter_ChannelAFirCoefficients
 448              		.section	.rodata
 449              		.align	2
 450              		.type	Filter_ChannelAFirCoefficients, %object
 451              		.size	Filter_ChannelAFirCoefficients, 512
 452              	Filter_ChannelAFirCoefficients:
 453 0000 D4       		.byte	-44
 454 0001 0A       		.byte	10
 455 0002 00       		.byte	0
 456 0003 00       		.byte	0
 457 0004 EF       		.byte	-17
 458 0005 0C       		.byte	12
 459 0006 00       		.byte	0
 460 0007 00       		.byte	0
 461 0008 EB       		.byte	-21
 462 0009 0C       		.byte	12
ARM GAS  C:\Users\elias\AppData\Local\Temp\ccSKbHrh.s 			page 35


 463 000a 00       		.byte	0
 464 000b 00       		.byte	0
 465 000c 90       		.byte	-112
 466 000d 0A       		.byte	10
 467 000e 00       		.byte	0
 468 000f 00       		.byte	0
 469 0010 EE       		.byte	-18
 470 0011 05       		.byte	5
 471 0012 00       		.byte	0
 472 0013 00       		.byte	0
 473 0014 6E       		.byte	110
 474 0015 FF       		.byte	-1
 475 0016 FF       		.byte	-1
 476 0017 00       		.byte	0
 477 0018 E4       		.byte	-28
 478 0019 F7       		.byte	-9
 479 001a FF       		.byte	-1
 480 001b 00       		.byte	0
 481 001c 87       		.byte	-121
 482 001d F0       		.byte	-16
 483 001e FF       		.byte	-1
 484 001f 00       		.byte	0
 485 0020 D1       		.byte	-47
 486 0021 EA       		.byte	-22
 487 0022 FF       		.byte	-1
 488 0023 00       		.byte	0
 489 0024 46       		.byte	70
 490 0025 E8       		.byte	-24
 491 0026 FF       		.byte	-1
 492 0027 00       		.byte	0
 493 0028 23       		.byte	35
 494 0029 EA       		.byte	-22
 495 002a FF       		.byte	-1
 496 002b 00       		.byte	0
 497 002c 06       		.byte	6
 498 002d F1       		.byte	-15
 499 002e FF       		.byte	-1
 500 002f 00       		.byte	0
 501 0030 9D       		.byte	-99
 502 0031 FC       		.byte	-4
 503 0032 FF       		.byte	-1
 504 0033 00       		.byte	0
 505 0034 81       		.byte	-127
 506 0035 0B       		.byte	11
 507 0036 00       		.byte	0
 508 0037 00       		.byte	0
 509 0038 3C       		.byte	60
 510 0039 1B       		.byte	27
 511 003a 00       		.byte	0
 512 003b 00       		.byte	0
 513 003c 9E       		.byte	-98
 514 003d 28       		.byte	40
 515 003e 00       		.byte	0
 516 003f 00       		.byte	0
 517 0040 47       		.byte	71
 518 0041 30       		.byte	48
 519 0042 00       		.byte	0
ARM GAS  C:\Users\elias\AppData\Local\Temp\ccSKbHrh.s 			page 36


 520 0043 00       		.byte	0
 521 0044 5B       		.byte	91
 522 0045 2F       		.byte	47
 523 0046 00       		.byte	0
 524 0047 00       		.byte	0
 525 0048 46       		.byte	70
 526 0049 24       		.byte	36
 527 004a 00       		.byte	0
 528 004b 00       		.byte	0
 529 004c 55       		.byte	85
 530 004d 0F       		.byte	15
 531 004e 00       		.byte	0
 532 004f 00       		.byte	0
 533 0050 09       		.byte	9
 534 0051 F3       		.byte	-13
 535 0052 FF       		.byte	-1
 536 0053 00       		.byte	0
 537 0054 F3       		.byte	-13
 538 0055 D3       		.byte	-45
 539 0056 FF       		.byte	-1
 540 0057 00       		.byte	0
 541 0058 1A       		.byte	26
 542 0059 B8       		.byte	-72
 543 005a FF       		.byte	-1
 544 005b 00       		.byte	0
 545 005c F5       		.byte	-11
 546 005d A5       		.byte	-91
 547 005e FF       		.byte	-1
 548 005f 00       		.byte	0
 549 0060 14       		.byte	20
 550 0061 A3       		.byte	-93
 551 0062 FF       		.byte	-1
 552 0063 00       		.byte	0
 553 0064 CA       		.byte	-54
 554 0065 B2       		.byte	-78
 555 0066 FF       		.byte	-1
 556 0067 00       		.byte	0
 557 0068 14       		.byte	20
 558 0069 D5       		.byte	-43
 559 006a FF       		.byte	-1
 560 006b 00       		.byte	0
 561 006c 07       		.byte	7
 562 006d 06       		.byte	6
 563 006e 00       		.byte	0
 564 006f 00       		.byte	0
 565 0070 03       		.byte	3
 566 0071 3E       		.byte	62
 567 0072 00       		.byte	0
 568 0073 00       		.byte	0
 569 0074 AF       		.byte	-81
 570 0075 72       		.byte	114
 571 0076 00       		.byte	0
 572 0077 00       		.byte	0
 573 0078 B7       		.byte	-73
 574 0079 98       		.byte	-104
 575 007a 00       		.byte	0
 576 007b 00       		.byte	0
ARM GAS  C:\Users\elias\AppData\Local\Temp\ccSKbHrh.s 			page 37


 577 007c FC       		.byte	-4
 578 007d A5       		.byte	-91
 579 007e 00       		.byte	0
 580 007f 00       		.byte	0
 581 0080 DC       		.byte	-36
 582 0081 93       		.byte	-109
 583 0082 00       		.byte	0
 584 0083 00       		.byte	0
 585 0084 1A       		.byte	26
 586 0085 61       		.byte	97
 587 0086 00       		.byte	0
 588 0087 00       		.byte	0
 589 0088 ED       		.byte	-19
 590 0089 12       		.byte	18
 591 008a 00       		.byte	0
 592 008b 00       		.byte	0
 593 008c E3       		.byte	-29
 594 008d B4       		.byte	-76
 595 008e FF       		.byte	-1
 596 008f 00       		.byte	0
 597 0090 81       		.byte	-127
 598 0091 57       		.byte	87
 599 0092 FF       		.byte	-1
 600 0093 00       		.byte	0
 601 0094 9E       		.byte	-98
 602 0095 0D       		.byte	13
 603 0096 FF       		.byte	-1
 604 0097 00       		.byte	0
 605 0098 FD       		.byte	-3
 606 0099 E8       		.byte	-24
 607 009a FE       		.byte	-2
 608 009b 00       		.byte	0
 609 009c 8F       		.byte	-113
 610 009d F6       		.byte	-10
 611 009e FE       		.byte	-2
 612 009f 00       		.byte	0
 613 00a0 3A       		.byte	58
 614 00a1 3B       		.byte	59
 615 00a2 FF       		.byte	-1
 616 00a3 00       		.byte	0
 617 00a4 B0       		.byte	-80
 618 00a5 B1       		.byte	-79
 619 00a6 FF       		.byte	-1
 620 00a7 00       		.byte	0
 621 00a8 07       		.byte	7
 622 00a9 4A       		.byte	74
 623 00aa 00       		.byte	0
 624 00ab 00       		.byte	0
 625 00ac 48       		.byte	72
 626 00ad EB       		.byte	-21
 627 00ae 00       		.byte	0
 628 00af 00       		.byte	0
 629 00b0 F4       		.byte	-12
 630 00b1 76       		.byte	118
 631 00b2 01       		.byte	1
 632 00b3 00       		.byte	0
 633 00b4 0F       		.byte	15
ARM GAS  C:\Users\elias\AppData\Local\Temp\ccSKbHrh.s 			page 38


 634 00b5 CE       		.byte	-50
 635 00b6 01       		.byte	1
 636 00b7 00       		.byte	0
 637 00b8 F1       		.byte	-15
 638 00b9 D6       		.byte	-42
 639 00ba 01       		.byte	1
 640 00bb 00       		.byte	0
 641 00bc EA       		.byte	-22
 642 00bd 82       		.byte	-126
 643 00be 01       		.byte	1
 644 00bf 00       		.byte	0
 645 00c0 A0       		.byte	-96
 646 00c1 D2       		.byte	-46
 647 00c2 00       		.byte	0
 648 00c3 00       		.byte	0
 649 00c4 4B       		.byte	75
 650 00c5 D8       		.byte	-40
 651 00c6 FF       		.byte	-1
 652 00c7 00       		.byte	0
 653 00c8 26       		.byte	38
 654 00c9 B7       		.byte	-73
 655 00ca FE       		.byte	-2
 656 00cb 00       		.byte	0
 657 00cc E7       		.byte	-25
 658 00cd 9F       		.byte	-97
 659 00ce FD       		.byte	-3
 660 00cf 00       		.byte	0
 661 00d0 8A       		.byte	-118
 662 00d1 CA       		.byte	-54
 663 00d2 FC       		.byte	-4
 664 00d3 00       		.byte	0
 665 00d4 3F       		.byte	63
 666 00d5 6E       		.byte	110
 667 00d6 FC       		.byte	-4
 668 00d7 00       		.byte	0
 669 00d8 A2       		.byte	-94
 670 00d9 B8       		.byte	-72
 671 00da FC       		.byte	-4
 672 00db 00       		.byte	0
 673 00dc A3       		.byte	-93
 674 00dd C5       		.byte	-59
 675 00de FD       		.byte	-3
 676 00df 00       		.byte	0
 677 00e0 78       		.byte	120
 678 00e1 99       		.byte	-103
 679 00e2 FF       		.byte	-1
 680 00e3 00       		.byte	0
 681 00e4 A8       		.byte	-88
 682 00e5 1D       		.byte	29
 683 00e6 02       		.byte	2
 684 00e7 00       		.byte	0
 685 00e8 F4       		.byte	-12
 686 00e9 21       		.byte	33
 687 00ea 05       		.byte	5
 688 00eb 00       		.byte	0
 689 00ec 11       		.byte	17
 690 00ed 61       		.byte	97
ARM GAS  C:\Users\elias\AppData\Local\Temp\ccSKbHrh.s 			page 39


 691 00ee 08       		.byte	8
 692 00ef 00       		.byte	0
 693 00f0 C6       		.byte	-58
 694 00f1 88       		.byte	-120
 695 00f2 0B       		.byte	11
 696 00f3 00       		.byte	0
 697 00f4 40       		.byte	64
 698 00f5 44       		.byte	68
 699 00f6 0E       		.byte	14
 700 00f7 00       		.byte	0
 701 00f8 33       		.byte	51
 702 00f9 47       		.byte	71
 703 00fa 10       		.byte	16
 704 00fb 00       		.byte	0
 705 00fc 1D       		.byte	29
 706 00fd 58       		.byte	88
 707 00fe 11       		.byte	17
 708 00ff 00       		.byte	0
 709 0100 1D       		.byte	29
 710 0101 58       		.byte	88
 711 0102 11       		.byte	17
 712 0103 00       		.byte	0
 713 0104 33       		.byte	51
 714 0105 47       		.byte	71
 715 0106 10       		.byte	16
 716 0107 00       		.byte	0
 717 0108 40       		.byte	64
 718 0109 44       		.byte	68
 719 010a 0E       		.byte	14
 720 010b 00       		.byte	0
 721 010c C6       		.byte	-58
 722 010d 88       		.byte	-120
 723 010e 0B       		.byte	11
 724 010f 00       		.byte	0
 725 0110 11       		.byte	17
 726 0111 61       		.byte	97
 727 0112 08       		.byte	8
 728 0113 00       		.byte	0
 729 0114 F4       		.byte	-12
 730 0115 21       		.byte	33
 731 0116 05       		.byte	5
 732 0117 00       		.byte	0
 733 0118 A8       		.byte	-88
 734 0119 1D       		.byte	29
 735 011a 02       		.byte	2
 736 011b 00       		.byte	0
 737 011c 78       		.byte	120
 738 011d 99       		.byte	-103
 739 011e FF       		.byte	-1
 740 011f 00       		.byte	0
 741 0120 A3       		.byte	-93
 742 0121 C5       		.byte	-59
 743 0122 FD       		.byte	-3
 744 0123 00       		.byte	0
 745 0124 A2       		.byte	-94
 746 0125 B8       		.byte	-72
 747 0126 FC       		.byte	-4
ARM GAS  C:\Users\elias\AppData\Local\Temp\ccSKbHrh.s 			page 40


 748 0127 00       		.byte	0
 749 0128 3F       		.byte	63
 750 0129 6E       		.byte	110
 751 012a FC       		.byte	-4
 752 012b 00       		.byte	0
 753 012c 8A       		.byte	-118
 754 012d CA       		.byte	-54
 755 012e FC       		.byte	-4
 756 012f 00       		.byte	0
 757 0130 E7       		.byte	-25
 758 0131 9F       		.byte	-97
 759 0132 FD       		.byte	-3
 760 0133 00       		.byte	0
 761 0134 26       		.byte	38
 762 0135 B7       		.byte	-73
 763 0136 FE       		.byte	-2
 764 0137 00       		.byte	0
 765 0138 4B       		.byte	75
 766 0139 D8       		.byte	-40
 767 013a FF       		.byte	-1
 768 013b 00       		.byte	0
 769 013c A0       		.byte	-96
 770 013d D2       		.byte	-46
 771 013e 00       		.byte	0
 772 013f 00       		.byte	0
 773 0140 EA       		.byte	-22
 774 0141 82       		.byte	-126
 775 0142 01       		.byte	1
 776 0143 00       		.byte	0
 777 0144 F1       		.byte	-15
 778 0145 D6       		.byte	-42
 779 0146 01       		.byte	1
 780 0147 00       		.byte	0
 781 0148 0F       		.byte	15
 782 0149 CE       		.byte	-50
 783 014a 01       		.byte	1
 784 014b 00       		.byte	0
 785 014c F4       		.byte	-12
 786 014d 76       		.byte	118
 787 014e 01       		.byte	1
 788 014f 00       		.byte	0
 789 0150 48       		.byte	72
 790 0151 EB       		.byte	-21
 791 0152 00       		.byte	0
 792 0153 00       		.byte	0
 793 0154 07       		.byte	7
 794 0155 4A       		.byte	74
 795 0156 00       		.byte	0
 796 0157 00       		.byte	0
 797 0158 B0       		.byte	-80
 798 0159 B1       		.byte	-79
 799 015a FF       		.byte	-1
 800 015b 00       		.byte	0
 801 015c 3A       		.byte	58
 802 015d 3B       		.byte	59
 803 015e FF       		.byte	-1
 804 015f 00       		.byte	0
ARM GAS  C:\Users\elias\AppData\Local\Temp\ccSKbHrh.s 			page 41


 805 0160 8F       		.byte	-113
 806 0161 F6       		.byte	-10
 807 0162 FE       		.byte	-2
 808 0163 00       		.byte	0
 809 0164 FD       		.byte	-3
 810 0165 E8       		.byte	-24
 811 0166 FE       		.byte	-2
 812 0167 00       		.byte	0
 813 0168 9E       		.byte	-98
 814 0169 0D       		.byte	13
 815 016a FF       		.byte	-1
 816 016b 00       		.byte	0
 817 016c 81       		.byte	-127
 818 016d 57       		.byte	87
 819 016e FF       		.byte	-1
 820 016f 00       		.byte	0
 821 0170 E3       		.byte	-29
 822 0171 B4       		.byte	-76
 823 0172 FF       		.byte	-1
 824 0173 00       		.byte	0
 825 0174 ED       		.byte	-19
 826 0175 12       		.byte	18
 827 0176 00       		.byte	0
 828 0177 00       		.byte	0
 829 0178 1A       		.byte	26
 830 0179 61       		.byte	97
 831 017a 00       		.byte	0
 832 017b 00       		.byte	0
 833 017c DC       		.byte	-36
 834 017d 93       		.byte	-109
 835 017e 00       		.byte	0
 836 017f 00       		.byte	0
 837 0180 FC       		.byte	-4
 838 0181 A5       		.byte	-91
 839 0182 00       		.byte	0
 840 0183 00       		.byte	0
 841 0184 B7       		.byte	-73
 842 0185 98       		.byte	-104
 843 0186 00       		.byte	0
 844 0187 00       		.byte	0
 845 0188 AF       		.byte	-81
 846 0189 72       		.byte	114
 847 018a 00       		.byte	0
 848 018b 00       		.byte	0
 849 018c 03       		.byte	3
 850 018d 3E       		.byte	62
 851 018e 00       		.byte	0
 852 018f 00       		.byte	0
 853 0190 07       		.byte	7
 854 0191 06       		.byte	6
 855 0192 00       		.byte	0
 856 0193 00       		.byte	0
 857 0194 14       		.byte	20
 858 0195 D5       		.byte	-43
 859 0196 FF       		.byte	-1
 860 0197 00       		.byte	0
 861 0198 CA       		.byte	-54
ARM GAS  C:\Users\elias\AppData\Local\Temp\ccSKbHrh.s 			page 42


 862 0199 B2       		.byte	-78
 863 019a FF       		.byte	-1
 864 019b 00       		.byte	0
 865 019c 14       		.byte	20
 866 019d A3       		.byte	-93
 867 019e FF       		.byte	-1
 868 019f 00       		.byte	0
 869 01a0 F5       		.byte	-11
 870 01a1 A5       		.byte	-91
 871 01a2 FF       		.byte	-1
 872 01a3 00       		.byte	0
 873 01a4 1A       		.byte	26
 874 01a5 B8       		.byte	-72
 875 01a6 FF       		.byte	-1
 876 01a7 00       		.byte	0
 877 01a8 F3       		.byte	-13
 878 01a9 D3       		.byte	-45
 879 01aa FF       		.byte	-1
 880 01ab 00       		.byte	0
 881 01ac 09       		.byte	9
 882 01ad F3       		.byte	-13
 883 01ae FF       		.byte	-1
 884 01af 00       		.byte	0
 885 01b0 55       		.byte	85
 886 01b1 0F       		.byte	15
 887 01b2 00       		.byte	0
 888 01b3 00       		.byte	0
 889 01b4 46       		.byte	70
 890 01b5 24       		.byte	36
 891 01b6 00       		.byte	0
 892 01b7 00       		.byte	0
 893 01b8 5B       		.byte	91
 894 01b9 2F       		.byte	47
 895 01ba 00       		.byte	0
 896 01bb 00       		.byte	0
 897 01bc 47       		.byte	71
 898 01bd 30       		.byte	48
 899 01be 00       		.byte	0
 900 01bf 00       		.byte	0
 901 01c0 9E       		.byte	-98
 902 01c1 28       		.byte	40
 903 01c2 00       		.byte	0
 904 01c3 00       		.byte	0
 905 01c4 3C       		.byte	60
 906 01c5 1B       		.byte	27
 907 01c6 00       		.byte	0
 908 01c7 00       		.byte	0
 909 01c8 81       		.byte	-127
 910 01c9 0B       		.byte	11
 911 01ca 00       		.byte	0
 912 01cb 00       		.byte	0
 913 01cc 9D       		.byte	-99
 914 01cd FC       		.byte	-4
 915 01ce FF       		.byte	-1
 916 01cf 00       		.byte	0
 917 01d0 06       		.byte	6
 918 01d1 F1       		.byte	-15
ARM GAS  C:\Users\elias\AppData\Local\Temp\ccSKbHrh.s 			page 43


 919 01d2 FF       		.byte	-1
 920 01d3 00       		.byte	0
 921 01d4 23       		.byte	35
 922 01d5 EA       		.byte	-22
 923 01d6 FF       		.byte	-1
 924 01d7 00       		.byte	0
 925 01d8 46       		.byte	70
 926 01d9 E8       		.byte	-24
 927 01da FF       		.byte	-1
 928 01db 00       		.byte	0
 929 01dc D1       		.byte	-47
 930 01dd EA       		.byte	-22
 931 01de FF       		.byte	-1
 932 01df 00       		.byte	0
 933 01e0 87       		.byte	-121
 934 01e1 F0       		.byte	-16
 935 01e2 FF       		.byte	-1
 936 01e3 00       		.byte	0
 937 01e4 E4       		.byte	-28
 938 01e5 F7       		.byte	-9
 939 01e6 FF       		.byte	-1
 940 01e7 00       		.byte	0
 941 01e8 6E       		.byte	110
 942 01e9 FF       		.byte	-1
 943 01ea FF       		.byte	-1
 944 01eb 00       		.byte	0
 945 01ec EE       		.byte	-18
 946 01ed 05       		.byte	5
 947 01ee 00       		.byte	0
 948 01ef 00       		.byte	0
 949 01f0 90       		.byte	-112
 950 01f1 0A       		.byte	10
 951 01f2 00       		.byte	0
 952 01f3 00       		.byte	0
 953 01f4 EB       		.byte	-21
 954 01f5 0C       		.byte	12
 955 01f6 00       		.byte	0
 956 01f7 00       		.byte	0
 957 01f8 EF       		.byte	-17
 958 01f9 0C       		.byte	12
 959 01fa 00       		.byte	0
 960 01fb 00       		.byte	0
 961 01fc D4       		.byte	-44
 962 01fd 0A       		.byte	10
 963 01fe 00       		.byte	0
 964 01ff 00       		.byte	0
 965              		.text
 966              	.Letext0:
 967              		.file 1 "Generated_Source\\PSoC5\\cytypes.h"
 968              		.file 2 "Generated_Source\\PSoC5\\Filter_Coefficients.c"
 969              		.section	.debug_info,"",%progbits
 970              	.Ldebug_info0:
 971 0000 BB000000 		.4byte	0xbb
 972 0004 0400     		.2byte	0x4
 973 0006 00000000 		.4byte	.Ldebug_abbrev0
 974 000a 04       		.byte	0x4
 975 000b 01       		.uleb128 0x1
ARM GAS  C:\Users\elias\AppData\Local\Temp\ccSKbHrh.s 			page 44


 976 000c 37010000 		.4byte	.LASF14
 977 0010 0C       		.byte	0xc
 978 0011 AD000000 		.4byte	.LASF15
 979 0015 50000000 		.4byte	.LASF16
 980 0019 00000000 		.4byte	.Ldebug_line0
 981 001d 02       		.uleb128 0x2
 982 001e 04       		.byte	0x4
 983 001f 05       		.byte	0x5
 984 0020 696E7400 		.ascii	"int\000"
 985 0024 03       		.uleb128 0x3
 986 0025 04       		.byte	0x4
 987 0026 07       		.byte	0x7
 988 0027 0E000000 		.4byte	.LASF0
 989 002b 03       		.uleb128 0x3
 990 002c 08       		.byte	0x8
 991 002d 05       		.byte	0x5
 992 002e 00000000 		.4byte	.LASF1
 993 0032 03       		.uleb128 0x3
 994 0033 08       		.byte	0x8
 995 0034 04       		.byte	0x4
 996 0035 F9000000 		.4byte	.LASF2
 997 0039 03       		.uleb128 0x3
 998 003a 01       		.byte	0x1
 999 003b 06       		.byte	0x6
 1000 003c ED000000 		.4byte	.LASF3
 1001 0040 03       		.uleb128 0x3
 1002 0041 01       		.byte	0x1
 1003 0042 08       		.byte	0x8
 1004 0043 8A000000 		.4byte	.LASF4
 1005 0047 03       		.uleb128 0x3
 1006 0048 02       		.byte	0x2
 1007 0049 05       		.byte	0x5
 1008 004a 05010000 		.4byte	.LASF5
 1009 004e 03       		.uleb128 0x3
 1010 004f 02       		.byte	0x2
 1011 0050 07       		.byte	0x7
 1012 0051 DA000000 		.4byte	.LASF6
 1013 0055 03       		.uleb128 0x3
 1014 0056 04       		.byte	0x4
 1015 0057 05       		.byte	0x5
 1016 0058 9D000000 		.4byte	.LASF7
 1017 005c 03       		.uleb128 0x3
 1018 005d 04       		.byte	0x4
 1019 005e 07       		.byte	0x7
 1020 005f 21000000 		.4byte	.LASF8
 1021 0063 03       		.uleb128 0x3
 1022 0064 08       		.byte	0x8
 1023 0065 07       		.byte	0x7
 1024 0066 33000000 		.4byte	.LASF9
 1025 006a 03       		.uleb128 0x3
 1026 006b 04       		.byte	0x4
 1027 006c 07       		.byte	0x7
 1028 006d 2E010000 		.4byte	.LASF10
 1029 0071 03       		.uleb128 0x3
 1030 0072 01       		.byte	0x1
 1031 0073 08       		.byte	0x8
 1032 0074 98000000 		.4byte	.LASF11
ARM GAS  C:\Users\elias\AppData\Local\Temp\ccSKbHrh.s 			page 45


 1033 0078 04       		.uleb128 0x4
 1034 0079 1B000000 		.4byte	.LASF17
 1035 007d 01       		.byte	0x1
 1036 007e E901     		.2byte	0x1e9
 1037 0080 40000000 		.4byte	0x40
 1038 0084 03       		.uleb128 0x3
 1039 0085 04       		.byte	0x4
 1040 0086 04       		.byte	0x4
 1041 0087 4A000000 		.4byte	.LASF12
 1042 008b 03       		.uleb128 0x3
 1043 008c 08       		.byte	0x8
 1044 008d 04       		.byte	0x4
 1045 008e A6000000 		.4byte	.LASF13
 1046 0092 05       		.uleb128 0x5
 1047 0093 A3000000 		.4byte	0xa3
 1048 0097 A3000000 		.4byte	0xa3
 1049 009b 06       		.uleb128 0x6
 1050 009c 6A000000 		.4byte	0x6a
 1051 00a0 FF01     		.2byte	0x1ff
 1052 00a2 00       		.byte	0
 1053 00a3 07       		.uleb128 0x7
 1054 00a4 78000000 		.4byte	0x78
 1055 00a8 08       		.uleb128 0x8
 1056 00a9 0F010000 		.4byte	.LASF18
 1057 00ad 02       		.byte	0x2
 1058 00ae 11       		.byte	0x11
 1059 00af B9000000 		.4byte	0xb9
 1060 00b3 05       		.uleb128 0x5
 1061 00b4 03       		.byte	0x3
 1062 00b5 00000000 		.4byte	Filter_ChannelAFirCoefficients
 1063 00b9 07       		.uleb128 0x7
 1064 00ba 92000000 		.4byte	0x92
 1065 00be 00       		.byte	0
 1066              		.section	.debug_abbrev,"",%progbits
 1067              	.Ldebug_abbrev0:
 1068 0000 01       		.uleb128 0x1
 1069 0001 11       		.uleb128 0x11
 1070 0002 01       		.byte	0x1
 1071 0003 25       		.uleb128 0x25
 1072 0004 0E       		.uleb128 0xe
 1073 0005 13       		.uleb128 0x13
 1074 0006 0B       		.uleb128 0xb
 1075 0007 03       		.uleb128 0x3
 1076 0008 0E       		.uleb128 0xe
 1077 0009 1B       		.uleb128 0x1b
 1078 000a 0E       		.uleb128 0xe
 1079 000b 10       		.uleb128 0x10
 1080 000c 17       		.uleb128 0x17
 1081 000d 00       		.byte	0
 1082 000e 00       		.byte	0
 1083 000f 02       		.uleb128 0x2
 1084 0010 24       		.uleb128 0x24
 1085 0011 00       		.byte	0
 1086 0012 0B       		.uleb128 0xb
 1087 0013 0B       		.uleb128 0xb
 1088 0014 3E       		.uleb128 0x3e
 1089 0015 0B       		.uleb128 0xb
ARM GAS  C:\Users\elias\AppData\Local\Temp\ccSKbHrh.s 			page 46


 1090 0016 03       		.uleb128 0x3
 1091 0017 08       		.uleb128 0x8
 1092 0018 00       		.byte	0
 1093 0019 00       		.byte	0
 1094 001a 03       		.uleb128 0x3
 1095 001b 24       		.uleb128 0x24
 1096 001c 00       		.byte	0
 1097 001d 0B       		.uleb128 0xb
 1098 001e 0B       		.uleb128 0xb
 1099 001f 3E       		.uleb128 0x3e
 1100 0020 0B       		.uleb128 0xb
 1101 0021 03       		.uleb128 0x3
 1102 0022 0E       		.uleb128 0xe
 1103 0023 00       		.byte	0
 1104 0024 00       		.byte	0
 1105 0025 04       		.uleb128 0x4
 1106 0026 16       		.uleb128 0x16
 1107 0027 00       		.byte	0
 1108 0028 03       		.uleb128 0x3
 1109 0029 0E       		.uleb128 0xe
 1110 002a 3A       		.uleb128 0x3a
 1111 002b 0B       		.uleb128 0xb
 1112 002c 3B       		.uleb128 0x3b
 1113 002d 05       		.uleb128 0x5
 1114 002e 49       		.uleb128 0x49
 1115 002f 13       		.uleb128 0x13
 1116 0030 00       		.byte	0
 1117 0031 00       		.byte	0
 1118 0032 05       		.uleb128 0x5
 1119 0033 01       		.uleb128 0x1
 1120 0034 01       		.byte	0x1
 1121 0035 49       		.uleb128 0x49
 1122 0036 13       		.uleb128 0x13
 1123 0037 01       		.uleb128 0x1
 1124 0038 13       		.uleb128 0x13
 1125 0039 00       		.byte	0
 1126 003a 00       		.byte	0
 1127 003b 06       		.uleb128 0x6
 1128 003c 21       		.uleb128 0x21
 1129 003d 00       		.byte	0
 1130 003e 49       		.uleb128 0x49
 1131 003f 13       		.uleb128 0x13
 1132 0040 2F       		.uleb128 0x2f
 1133 0041 05       		.uleb128 0x5
 1134 0042 00       		.byte	0
 1135 0043 00       		.byte	0
 1136 0044 07       		.uleb128 0x7
 1137 0045 26       		.uleb128 0x26
 1138 0046 00       		.byte	0
 1139 0047 49       		.uleb128 0x49
 1140 0048 13       		.uleb128 0x13
 1141 0049 00       		.byte	0
 1142 004a 00       		.byte	0
 1143 004b 08       		.uleb128 0x8
 1144 004c 34       		.uleb128 0x34
 1145 004d 00       		.byte	0
 1146 004e 03       		.uleb128 0x3
ARM GAS  C:\Users\elias\AppData\Local\Temp\ccSKbHrh.s 			page 47


 1147 004f 0E       		.uleb128 0xe
 1148 0050 3A       		.uleb128 0x3a
 1149 0051 0B       		.uleb128 0xb
 1150 0052 3B       		.uleb128 0x3b
 1151 0053 0B       		.uleb128 0xb
 1152 0054 49       		.uleb128 0x49
 1153 0055 13       		.uleb128 0x13
 1154 0056 3F       		.uleb128 0x3f
 1155 0057 19       		.uleb128 0x19
 1156 0058 02       		.uleb128 0x2
 1157 0059 18       		.uleb128 0x18
 1158 005a 00       		.byte	0
 1159 005b 00       		.byte	0
 1160 005c 00       		.byte	0
 1161              		.section	.debug_aranges,"",%progbits
 1162 0000 14000000 		.4byte	0x14
 1163 0004 0200     		.2byte	0x2
 1164 0006 00000000 		.4byte	.Ldebug_info0
 1165 000a 04       		.byte	0x4
 1166 000b 00       		.byte	0
 1167 000c 0000     		.2byte	0
 1168 000e 0000     		.2byte	0
 1169 0010 00000000 		.4byte	0
 1170 0014 00000000 		.4byte	0
 1171              		.section	.debug_line,"",%progbits
 1172              	.Ldebug_line0:
 1173 0000 56000000 		.section	.debug_str,"MS",%progbits,1
 1173      02005000 
 1173      00000201 
 1173      FB0E0D00 
 1173      01010101 
 1174              	.LASF1:
 1175 0000 6C6F6E67 		.ascii	"long long int\000"
 1175      206C6F6E 
 1175      6720696E 
 1175      7400
 1176              	.LASF0:
 1177 000e 756E7369 		.ascii	"unsigned int\000"
 1177      676E6564 
 1177      20696E74 
 1177      00
 1178              	.LASF17:
 1179 001b 75696E74 		.ascii	"uint8\000"
 1179      3800
 1180              	.LASF8:
 1181 0021 6C6F6E67 		.ascii	"long unsigned int\000"
 1181      20756E73 
 1181      69676E65 
 1181      6420696E 
 1181      7400
 1182              	.LASF9:
 1183 0033 6C6F6E67 		.ascii	"long long unsigned int\000"
 1183      206C6F6E 
 1183      6720756E 
 1183      7369676E 
 1183      65642069 
 1184              	.LASF12:
ARM GAS  C:\Users\elias\AppData\Local\Temp\ccSKbHrh.s 			page 48


 1185 004a 666C6F61 		.ascii	"float\000"
 1185      7400
 1186              	.LASF16:
 1187 0050 433A5C47 		.ascii	"C:\\Github\\Tesis\\src\\psoc\\AcondicionamientoAnal"
 1187      69746875 
 1187      625C5465 
 1187      7369735C 
 1187      7372635C 
 1188 007e 6F676963 		.ascii	"ogico.cydsn\000"
 1188      6F2E6379 
 1188      64736E00 
 1189              	.LASF4:
 1190 008a 756E7369 		.ascii	"unsigned char\000"
 1190      676E6564 
 1190      20636861 
 1190      7200
 1191              	.LASF11:
 1192 0098 63686172 		.ascii	"char\000"
 1192      00
 1193              	.LASF7:
 1194 009d 6C6F6E67 		.ascii	"long int\000"
 1194      20696E74 
 1194      00
 1195              	.LASF13:
 1196 00a6 646F7562 		.ascii	"double\000"
 1196      6C6500
 1197              	.LASF15:
 1198 00ad 47656E65 		.ascii	"Generated_Source\\PSoC5\\Filter_Coefficients.c\000"
 1198      72617465 
 1198      645F536F 
 1198      75726365 
 1198      5C50536F 
 1199              	.LASF6:
 1200 00da 73686F72 		.ascii	"short unsigned int\000"
 1200      7420756E 
 1200      7369676E 
 1200      65642069 
 1200      6E7400
 1201              	.LASF3:
 1202 00ed 7369676E 		.ascii	"signed char\000"
 1202      65642063 
 1202      68617200 
 1203              	.LASF2:
 1204 00f9 6C6F6E67 		.ascii	"long double\000"
 1204      20646F75 
 1204      626C6500 
 1205              	.LASF5:
 1206 0105 73686F72 		.ascii	"short int\000"
 1206      7420696E 
 1206      7400
 1207              	.LASF18:
 1208 010f 46696C74 		.ascii	"Filter_ChannelAFirCoefficients\000"
 1208      65725F43 
 1208      68616E6E 
 1208      656C4146 
 1208      6972436F 
 1209              	.LASF10:
ARM GAS  C:\Users\elias\AppData\Local\Temp\ccSKbHrh.s 			page 49


 1210 012e 73697A65 		.ascii	"sizetype\000"
 1210      74797065 
 1210      00
 1211              	.LASF14:
 1212 0137 474E5520 		.ascii	"GNU C11 5.4.1 20160609 (release) [ARM/embedded-5-br"
 1212      43313120 
 1212      352E342E 
 1212      31203230 
 1212      31363036 
 1213 016a 616E6368 		.ascii	"anch revision 237715] -mcpu=cortex-m3 -mthumb -g -O"
 1213      20726576 
 1213      6973696F 
 1213      6E203233 
 1213      37373135 
 1214 019d 33202D66 		.ascii	"3 -ffunction-sections -ffat-lto-objects -finline-fu"
 1214      66756E63 
 1214      74696F6E 
 1214      2D736563 
 1214      74696F6E 
 1215 01d0 6E637469 		.ascii	"nctions -flto\000"
 1215      6F6E7320 
 1215      2D666C74 
 1215      6F00
 1216              		.comm	__gnu_lto_v1,1,1
 1217              		.ident	"GCC: (GNU Tools for ARM Embedded Processors) 5.4.1 20160609 (release) [ARM/embedded-5-bran
