ARM GAS  C:\Users\elias\AppData\Local\Temp\ccxEibfP.s 			page 1


   1              		.syntax unified
   2              		.cpu cortex-m3
   3              		.fpu softvfp
   4              		.eabi_attribute 20, 1
   5              		.eabi_attribute 21, 1
   6              		.eabi_attribute 23, 3
   7              		.eabi_attribute 24, 1
   8              		.eabi_attribute 25, 1
   9              		.eabi_attribute 26, 1
  10              		.eabi_attribute 30, 2
  11              		.eabi_attribute 34, 1
  12              		.eabi_attribute 18, 4
  13              		.thumb
  14              		.syntax unified
  15              		.file	"Filter_PVT.c"
  16              		.text
  17              	.Ltext0:
  18              		.section	.gnu.lto_.profile.20f64a3f,"",%progbits
  19 0000 789C6361 		.ascii	"x\234ca`d`a`\000\222\034l\000\000\200\000\031"
  19      60646061 
  19      6000921C 
  19      6C000080 
  19      0019
  20              		.text
  21              		.section	.gnu.lto_.icf.20f64a3f,"",%progbits
  22 0000 789C6361 		.ascii	"x\234ca`d\000\001>\006\004`b\270\376\177\315\017^\306"
  22      60640001 
  22      3E060460 
  22      62B8FE7F 
  22      CD0F5EC6 
  23 0014 DD933F5C 		.ascii	"\335\223?\\`e\000\0004\265\006\261"
  23      60650000 
  23      34B506B1 
  24              		.text
  25              		.section	.gnu.lto_.jmpfuncs.20f64a3f,"",%progbits
  26 0000 789C6361 		.ascii	"x\234ca`d\000\001\036\006\004`b`dd\254g\004\021\014"
  26      60640001 
  26      1E060460 
  26      62606464 
  26      AC670411 
  27 0015 00069A01 		.ascii	"\000\006\232\001\031"
  27      19
  28              		.text
  29              		.section	.gnu.lto_.inline.20f64a3f,"",%progbits
  30 0000 789C6361 		.ascii	"x\234ca`d\000\001\033\006\004`b``eadd\340\000J13]\340"
  30      60640001 
  30      1B060460 
  30      62606065 
  30      616464E0 
  31 001a 67605B20 		.ascii	"g`[ \317\304\000d\260\200d\031\361I2\000\000\2446\005"
  31      CFC40064 
  31      B0806419 
  31      F1493200 
  31      00A43605 
  32 002e 8D       		.ascii	"\215"
  33              		.text
  34              		.section	.gnu.lto_.pureconst.20f64a3f,"",%progbits
ARM GAS  C:\Users\elias\AppData\Local\Temp\ccxEibfP.s 			page 2


  35 0000 789C6361 		.ascii	"x\234ca`d`e```b\220b\224\002\000\000\355\000B"
  35      60646065 
  35      60606062 
  35      90629402 
  35      0000ED00 
  36              		.text
  37              		.section	.gnu.lto_Filter_SetInterruptMode.20f64a3f,"",%progbits
  38 0000 789C2590 		.ascii	"x\234%\220\277KBQ\024\307\317\367^\237I\321_\220PC "
  38      BF4B4251 
  38      14C7CFF7 
  38      5E9F49D1 
  38      5F905043 
  39 0015 0E45100D 		.ascii	"\016E\020\015\315A\015-\222\321dH\330\033\202P0k\365"
  39      CD410D2D 
  39      92D16448 
  39      D81B8250 
  39      306BF5
  40 0028 EAD31AAB 		.ascii	"\352\323\032\253!\313 \244@\264\337\010-Q\301Chi\310"
  40      21CB20A4 
  40      40B4DF08 
  40      2D51C143 
  40      6869C8
  41 003b A0A1351C 		.ascii	"\240\2415\034^\320\222Am\251\235\253\007.\347\334\313"
  41      5ED09241 
  41      6DA99DAB 
  41      072EE7DC 
  41      CB
  42 004c F7FBB9DF 		.ascii	"\367\373\271\337{]\004\3225\313m\204\373\000/H\202\330"
  42      7B5D04D2 
  42      35CB6D84 
  42      FB002F48 
  42      82D8
  43 005e 79264A79 		.ascii	"y&Jy\004\240\007\345\001%\005\222\370\025M\201\352\226"
  43      04A007E5 
  43      01250592 
  43      F8154D81 
  43      EA96
  44 0070 732BFC25 		.ascii	"s+\374%\305\365^\334\227\252l#+\211\332\242C\"\224\340"
  44      C5F55EDC 
  44      97AA6C23 
  44      2B89DAA2 
  44      432294E0 
  45 0084 6755BED4 		.ascii	"gU\276\324|\221\322\007\342\371\255\351|\365\372\212"
  45      7C91D207 
  45      E2F9ADE9 
  45      7CF5FA8A 
  46 0094 4AA595CA 		.ascii	"J\245\225\312/*\231\225@\031\222\035\030\367b\314K|"
  46      2F2A9995 
  46      4019921D 
  46      18F762CC 
  46      4B7C
  47 00a6 4038854F 		.ascii	"@8\205O\213\353\225\326^\277;\243\361C](\316\340\326"
  47      8BEB95D6 
  47      5EBF3BA3 
  47      F1435D28 
  47      CEE0D6
  48 00b9 31AFE76C 		.ascii	"1\257\347l\325n[\312~0\212\322\000\264Ct}\324`\241\216"
ARM GAS  C:\Users\elias\AppData\Local\Temp\ccxEibfP.s 			page 3


  48      D56E5BCA 
  48      7E308AD2 
  48      00B44374 
  48      7DD460A1 
  49 00ce FA2D84EE 		.ascii	"\372-\204\356\322\201\365\267\331z\224\332kIaI0\372"
  49      D281F5B7 
  49      D97A94DA 
  49      6B496149 
  49      30FA
  50 00e0 DE3EAE19 		.ascii	"\336>\256\031?B_?\210sx\251\016\321\2013\202E\344\240"
  50      3F425F3F 
  50      887378A9 
  50      0ED18133 
  50      8245E4A0 
  51 00f4 7A58B999 		.ascii	"zX\271\231\324G\254\316e\253\265\036\255\026\235G<\335"
  51      D447ACCE 
  51      65ABB51E 
  51      AD169D47 
  51      3CDD
  52 0106 9D7CB8BA 		.ascii	"\235|\270\272\333\203mK\271t\324\335\\^\024p\224\312"
  52      DB836D4B 
  52      B974D4DD 
  52      5C5E1470 
  52      94CA
  53 0118 A494EACB 		.ascii	"\244\224\352\313J\211Kxq\301`\302\025\012\320\314O\244"
  53      4A894B78 
  53      71C160C2 
  53      150AD0CC 
  53      4FA4
  54 012a ED574323 		.ascii	"\355WC#;\277\323`\030\347\343\264\3033f\324\214/%\314"
  54      3BBFD360 
  54      18E7E3B4 
  54      C33366D4 
  54      8C2F25CC 
  55 013e E57030B6 		.ascii	"\345p0\266\036\217\230\241@065\021\232^YM\230\361p`"
  55      1E8F98A1 
  55      40303635 
  55      119A5E59 
  55      4D98F170 
  56 0153 617E3442 		.ascii	"a~4Bns\303\214&\326\376\001G\326~&"
  56      6E73C38C 
  56      26D6FE01 
  56      47D67E26 
  57              		.text
  58              		.section	.gnu.lto_Filter_SetDMAMode.20f64a3f,"",%progbits
  59 0000 789C2590 		.ascii	"x\234%\220\277KBQ\024\307\317\367\336z\212\021\376\001"
  59      BF4B4251 
  59      14C7CFF7 
  59      DE7A8A11 
  59      FE01
  60 0012 393404E2 		.ascii	"94\004\342P\010\021\264\0075\005\221\321$H\324\033\202"
  60      500811B4 
  60      07350591 
  60      D12448D4 
  60      1B82
  61 0024 28306BF5 		.ascii	"(0k\365\352\353\345X\015\005I\341d\332o\034\333^n-\345"
  61      EAEBE558 
ARM GAS  C:\Users\elias\AppData\Local\Temp\ccxEibfP.s 			page 4


  61      0D0549E1 
  61      64DA6F1C 
  61      DB5E6E2D 
  62 0039 E652100E 		.ascii	"\346R\020\016o\250!\355\327\224\332\271\317\013\227"
  62      6FA821ED 
  62      D794DAB9 
  62      CF0B97
  63 0048 73EEE1FB 		.ascii	"s\356\341\373\375\334\357\275}\004\322k\226\313(\327"
  63      FDDCEFBD 
  63      7D04D26B 
  63      96CB28D7 
  64 0058 21DE9004 		.ascii	"!\336\220\004\261\377H\224\361\013@7\312\017J\013\244"
  64      B1FF4894 
  64      F10B4037 
  64      CA0F4A0B 
  64      A4
  65 0069 F123DA02 		.ascii	"\361#\332\002\325\234{'\"%\305\353\265\370\036Ue\007"
  65      D59C7B27 
  65      2225C5EB 
  65      B5F81E55 
  65      6507
  66 007b B624EA0A 		.ascii	"\266$\352\012\217D(!\302\252\343R\273&e\030\304}\275"
  66      8F442821 
  66      C2AAE352 
  66      BB266518 
  66      C47DBD
  67 008e ED7E04C2 		.ascii	"\355~\004\302E\245\262J\265\343J\332\022(C\262\003\343"
  67      45A5B24A 
  67      B5E34ADA 
  67      122843B2 
  67      03E3
  68 00a0 214443C4 		.ascii	"!DC\304\003\3029\302Z\334\250t\016\007\215\035\215\037"
  68      03C239C2 
  68      5ADCA874 
  68      0E078D1D 
  68      8D1F
  69 00b2 EE417101 		.ascii	"\356Aq\001C\307\274\235wT\267k)\347\305\270\3774\372"
  69      43C7BC9D 
  69      7754B76B 
  69      29E7C5B8 
  69      FF34FA
  70 00c5 016D113D 		.ascii	"\001m\021=#5Y\251\263\266\204\320U\272\260\376v;\371"
  70      233559A9 
  70      B3B684D0 
  70      55BAB0FE 
  70      763BF9
  71 00d8 496DB6A4 		.ascii	"Im\266\244\260$\230}u\326r\202\337B\337\037\304%B\324"
  71      B024987D 
  71      75D67282 
  71      DF42DF1F 
  71      C42542D4 
  72 00ec 80F0E88C 		.ascii	"\200\360\350\214`\021\271\250\346+\317\007>=c\371\221"
  72      6011B9A8 
  72      E62BCF07 
  72      3E3D63F9 
  72      91
  73 00fd 5D7DF269 		.ascii	"]}\362i\271\360\236\321|\310\275\243w<\331\263T\037"
ARM GAS  C:\Users\elias\AppData\Local\Temp\ccxEibfP.s 			page 5


  73      B9F09ED1 
  73      7CC8BDA3 
  73      773CD9B3 
  73      541F
  74 010f 8F6ABFE5 		.ascii	"\217j\277\345z\240\200\323\314NF\251\001[J\\#\204+&"
  74      7AA080D3 
  74      CC4E46A9 
  74      015B4A5C 
  74      23842B26 
  75 0123 136E5080 		.ascii	"\023nP\200\206\276!\353|Mk\244\367?M\206q@\216;2c\256"
  75      86BE21EB 
  75      7C4D6BA4 
  75      F73F4D86 
  75      71408E3B 
  76 013a 9BC9A594 		.ascii	"\233\311\245\224\271\222\210ml%\227\315\370\\lcj\">"
  76      B992886D 
  76      6C2597CD 
  76      F85C6C63 
  76      6A223E
  77 014d BDBA9632 		.ascii	"\275\272\2262\223\211\271\305\205\261e2\314ms=\265\371"
  77      9389B9C5 
  77      85B16532 
  77      CC6D733D 
  77      B5F9
  78 015f 0FEAE282 		.ascii	"\017\352\342\202\012"
  78      0A
  79              		.text
  80              		.section	.gnu.lto_.symbol_nodes.20f64a3f,"",%progbits
  81 0000 789C6361 		.ascii	"x\234ca`dPa\000\002&\206z\006\206\011\347\030@\324\256"
  81      60645061 
  81      00022686 
  81      7A068609 
  81      E71840D4 
  82 0015 0645A000 		.ascii	"\006E\240\000c=#\212\000\003\000\217\325\007\236"
  82      633D238A 
  82      0003008F 
  82      D5079E
  83              		.text
  84              		.section	.gnu.lto_.refs.20f64a3f,"",%progbits
  85 0000 789C6361 		.ascii	"x\234ca`\004B \000\000\0009\000\007"
  85      60044220 
  85      00000039 
  85      0007
  86              		.text
  87              		.section	.gnu.lto_.decls.20f64a3f,"",%progbits
  88 0000 789C8D52 		.ascii	"x\234\215RAHTQ\024}\347\377\357h\277IJ\242\\\314b\262"
  88      41485451 
  88      147DE7FF 
  88      EF68BF49 
  88      4AA25CCC 
  89 0016 16B31A92 		.ascii	"\026\263\032\222(\244E\024\206\322bB\230\234\225 5~"
  89      28A44514 
  89      86D26242 
  89      989C9520 
  89      357E
  90 0028 4A089569 		.ascii	"J\010\225if\341\356\345XT\233\024\322\230\0144\0275"
  90      66E1EEE5 
ARM GAS  C:\Users\elias\AppData\Local\Temp\ccxEibfP.s 			page 6


  90      58549B14 
  90      D2980C34 
  90      1735
  91 003a E6A85333 		.ascii	"\346\250S3\2463mZ\211\033\301\010\0123H\230\024$\203"
  91      A6336D5A 
  91      891BC108 
  91      0A334898 
  91      142483
  92 004d 32372E6A 		.ascii	"27.j\272\357\375\377\373bF]\376}\377\236\367\356=\357"
  92      BAEFFDFF 
  92      FB62465D 
  92      FE7DFF9E 
  92      F7EE3DEF 
  93 0061 BEF39EC6 		.ascii	"\276\363\236\306\300\204\235P\031\273I\377{\344E2\202"
  93      C0849D50 
  93      19BB49FF 
  93      7BE44532 
  93      82
  94 0072 2CC41C53 		.ascii	",\304\034S\3103\344\223\354O\023\363\232\225?N\236'"
  94      C833E493 
  94      EC4F13F3 
  94      9A953F4E 
  94      9E27
  95 0084 9FB6D660 		.ascii	"\237\266\326`\255o\267\311\177\324\354\264\317\017\005"
  95      AD6FB7C9 
  95      7FD4ECB4 
  95      CF0F05
  96 0093 C5C1ECDD 		.ascii	"\305\301\354\335\262E,@eV\343\0140GHg\246KH\201\302"
  96      B2452C40 
  96      6556E30C 
  96      30474867 
  96      A64B4881 
  97 00a8 CCC09EFA 		.ascii	"\314\300\236\372m\314JQ\354\320!\223\237U\217\242m\222"
  97      6DCC4A51 
  97      ECD02193 
  97      9F558FA2 
  97      6D92
  98 00ba C4618755 		.ascii	"\304a\207Udb\273o\253\010\212\263\001LhWl\341\333\326"
  98      6462BB6F 
  98      AB088AB3 
  98      014C6857 
  98      6CE1DBD6 
  99 00ce 91DDB3BD 		.ascii	"\221\335\263\275\215\224\\\036\372\335\313\225>\267"
  99      8D945C1E 
  99      FADDCB95 
  99      3EB7
 100 00dc AA40C41F 		.ascii	"\252@\304\0377\223u\376\024'\353\341\\9\351(3q\343\323"
 100      379375FE 
 100      1427EBE1 
 100      5C39E928 
 100      3371E3D3 
 101 00f0 48D98602 		.ascii	"H\331\206\002\217\216\"\004^\313m\3561\261XN\364\026"
 101      8F8E2204 
 101      5ECB6DEE 
 101      31B1584E 
 101      F416
 102 0102 7EEE560F 		.ascii	"~\356V\017\213XyS\030]\325\340\323\037\013\232\245\314"
ARM GAS  C:\Users\elias\AppData\Local\Temp\ccxEibfP.s 			page 7


 102      8B587953 
 102      185DD5E0 
 102      D31F0B9A 
 102      A5CC
 103 0114 F2A91CE7 		.ascii	"\362\251\034\347{1\016\035)\250\030\201_\364\340\321"
 103      7B310E1D 
 103      29A81881 
 103      5FF4E0D1 
 104 0124 69BCC579 		.ascii	"i\274\305y\027\377:\314]\225\014\307<8\352a\030\203"
 104      17FF3ACC 
 104      5D950CC7 
 104      3C38EA61 
 104      1883
 105 0136 4F708A2C 		.ascii	"Op\212,\214\302\203\247\360\010\376\345\373\203\237"
 105      8CC283A7 
 105      F008FEE5 
 105      FB839F
 106 0145 5D1AB52C 		.ascii	"]\032\265,y.ib\356uw\372\241J-T\350\320\010~\233{P("
 106      792E6962 
 106      EE7577FA 
 106      A14A2D54 
 106      E8D0087E 
 107 015d 27B85F87 		.ascii	"'\270_\207\227`*\377a\315U\331/\217\022\347^\015\241"
 107      97602AFF 
 107      61CD55D9 
 107      2F8F12E7 
 107      5E0DA1
 108 0170 03784684 		.ascii	"\003xF\204i\"dx\216J\032'\240\231\247[\237\037X\337"
 108      69226478 
 108      8E4A1A27 
 108      A099A75B 
 108      9F1F58DF 
 109 0184 5535C487 		.ascii	"U5\304\207\322|ij\306\337\037\347\263T\347\025iH:M'"
 109      D27C696A 
 109      C6DF1FE7 
 109      B354E715 
 109      69483A4D 
 110 0199 C5BB6078 		.ascii	"\305\273`x\202E\3220\203*\252\\I\344\006t\265C\212\220"
 110      8245D230 
 110      832AAA5C 
 110      49E40674 
 110      B5438A90 
 111 01ad 1E4E044C 		.ascii	"\036N\004L\222W\357g\334\274\347:\347\247%E\326\241"
 111      9257EF67 
 111      DCBCE73A 
 111      E7A72545 
 111      D6A1
 112 01bf C86EA598 		.ascii	"\310n\245\230\224\024\033\335\337\337\272t\322\"\376"
 112      94141BDD 
 112      DFDFBA74 
 112      D222FE
 113 01ce 7F5ACCAD 		.ascii	"\177Z\314\255>*\226\252]\220bg\372\022}\245\320};\224"
 113      3E2A96AA 
 113      5D906267 
 113      FA127DA5 
 113      D07D3B94 
 114 01e2 E77628B7 		.ascii	"\347v(\267\356d\254\261\3676\335/\246I\314)\247\271"
ARM GAS  C:\Users\elias\AppData\Local\Temp\ccxEibfP.s 			page 8


 114      EE64ACB1 
 114      F736DD2F 
 114      A649CC29 
 114      A7B9
 115 01f4 17D04D3D 		.ascii	"\027\320M=\262\363_&J\334w\304\365\220x\025\263\345"
 115      B2F35F26 
 115      4ADC77C4 
 115      F5907815 
 115      B3E5
 116 0206 32D3912F 		.ascii	"2\323\221/\017\267|I\342\177\260\256\365j\324\2104\007"
 116      0FB77C49 
 116      E27FB0AE 
 116      F56AD488 
 116      3407
 117 0218 8DE8B936 		.ascii	"\215\350\2716\012\"\261\216h\240\275\305(\253?\337\350"
 117      0A22B18E 
 117      68A0BDC5 
 117      28AB3FDF 
 117      E8
 118 0229 ADADAE66 		.ascii	"\255\255\256f%\261\326\266h\315\241z\243\315\210\\\214"
 118      25B1D6B6 
 118      68CDA17A 
 118      A3CD885C 
 118      8C
 119 023a 1A2DCDC1 		.ascii	"\032-\315\301\366X$l45\004\333k\2177\205;\243\235\035"
 119      F658246C 
 119      343504DB 
 119      6B8F3785 
 119      3BA39D1D 
 120 024e C635FF15 		.ascii	"\3065\377\025v\344/\031\026\177C\350\202?\314\3669\273"
 120      76E42F19 
 120      167F43E8 
 120      823FCCF6 
 120      39BB
 121 0260 9D0D9C11 		.ascii	"\235\015\234\021\373h\021\343r\315/@D\002\226"
 121      FB6811E3 
 121      72CD2F40 
 121      440296
 122              		.text
 123              		.section	.gnu.lto_.symtab.20f64a3f,"",%progbits
 124 0000 46696C74 		.ascii	"Filter_SetInterruptMode\000"
 124      65725F53 
 124      6574496E 
 124      74657272 
 124      7570744D 
 125 0018 00       		.ascii	"\000"
 126 0019 00       		.ascii	"\000"
 127 001a 00       		.ascii	"\000"
 128 001b 00000000 		.ascii	"\000\000\000\000\000\000\000\000"
 128      00000000 
 129 0023 B3000000 		.ascii	"\263\000\000\000"
 130 0027 46696C74 		.ascii	"Filter_SetDMAMode\000"
 130      65725F53 
 130      6574444D 
 130      414D6F64 
 130      6500
 131 0039 00       		.ascii	"\000"
ARM GAS  C:\Users\elias\AppData\Local\Temp\ccxEibfP.s 			page 9


 132 003a 00       		.ascii	"\000"
 133 003b 00       		.ascii	"\000"
 134 003c 00000000 		.ascii	"\000\000\000\000\000\000\000\000"
 134      00000000 
 135 0044 B5000000 		.ascii	"\265\000\000\000"
 136              		.text
 137              		.section	.gnu.lto_.opts,"",%progbits
 138 0000 272D666D 		.ascii	"'-fmath-errno' '-fsigned-zeros' '-ftrapping-math' '"
 138      6174682D 
 138      6572726E 
 138      6F272027 
 138      2D667369 
 139 0033 2D666E6F 		.ascii	"-fno-trapv' '-fno-openmp' '-fno-openacc' '-mcpu=cor"
 139      2D747261 
 139      70762720 
 139      272D666E 
 139      6F2D6F70 
 140 0066 7465782D 		.ascii	"tex-m3' '-mthumb' '-g' '-O3' '-ffunction-sections' "
 140      6D332720 
 140      272D6D74 
 140      68756D62 
 140      2720272D 
 141 0099 272D6666 		.ascii	"'-ffat-lto-objects' '-finline-functions' '-flto'\000"
 141      61742D6C 
 141      746F2D6F 
 141      626A6563 
 141      74732720 
 142              		.text
 143              		.cfi_sections	.debug_frame
 144              		.section	.text.Filter_SetInterruptMode,"ax",%progbits
 145              		.align	2
 146              		.global	Filter_SetInterruptMode
 147              		.thumb
 148              		.thumb_func
 149              		.type	Filter_SetInterruptMode, %function
 150              	Filter_SetInterruptMode:
 151              	.LFB0:
 152              		.file 1 "Generated_Source\\PSoC5\\Filter_PVT.c"
   1:Generated_Source\PSoC5/Filter_PVT.c **** /*******************************************************************************
   2:Generated_Source\PSoC5/Filter_PVT.c **** * File Name: Filter_PVT.c
   3:Generated_Source\PSoC5/Filter_PVT.c **** * Version 2.30
   4:Generated_Source\PSoC5/Filter_PVT.c **** *
   5:Generated_Source\PSoC5/Filter_PVT.c **** * Description:
   6:Generated_Source\PSoC5/Filter_PVT.c **** *  This file provides source code for FILT component internal functions.
   7:Generated_Source\PSoC5/Filter_PVT.c **** *
   8:Generated_Source\PSoC5/Filter_PVT.c **** * Note:
   9:Generated_Source\PSoC5/Filter_PVT.c **** *  
  10:Generated_Source\PSoC5/Filter_PVT.c **** *******************************************************************************
  11:Generated_Source\PSoC5/Filter_PVT.c **** * Copyright 2008-2013, Cypress Semiconductor Corporation.  All rights reserved.
  12:Generated_Source\PSoC5/Filter_PVT.c **** * You may use this file only in accordance with the license, terms, conditions, 
  13:Generated_Source\PSoC5/Filter_PVT.c **** * disclaimers, and limitations in the end user license agreement accompanying 
  14:Generated_Source\PSoC5/Filter_PVT.c **** * the software package with which this file was provided.
  15:Generated_Source\PSoC5/Filter_PVT.c **** ********************************************************************************/
  16:Generated_Source\PSoC5/Filter_PVT.c **** 
  17:Generated_Source\PSoC5/Filter_PVT.c **** #include "Filter_PVT.h"
  18:Generated_Source\PSoC5/Filter_PVT.c **** 
  19:Generated_Source\PSoC5/Filter_PVT.c **** 
ARM GAS  C:\Users\elias\AppData\Local\Temp\ccxEibfP.s 			page 10


  20:Generated_Source\PSoC5/Filter_PVT.c **** /*******************************************************************************
  21:Generated_Source\PSoC5/Filter_PVT.c **** * Function Name: Filter_SetInterruptMode
  22:Generated_Source\PSoC5/Filter_PVT.c **** ********************************************************************************
  23:Generated_Source\PSoC5/Filter_PVT.c **** *
  24:Generated_Source\PSoC5/Filter_PVT.c **** * Summary:
  25:Generated_Source\PSoC5/Filter_PVT.c **** *  Assign the events which will trigger a DFB interrupt to be triggered. 
  26:Generated_Source\PSoC5/Filter_PVT.c **** *
  27:Generated_Source\PSoC5/Filter_PVT.c **** * Parameters:  
  28:Generated_Source\PSoC5/Filter_PVT.c **** *  events:  Bits [0:5] of events represent the events which will trigger DFB
  29:Generated_Source\PSoC5/Filter_PVT.c **** *           interrupts.
  30:Generated_Source\PSoC5/Filter_PVT.c **** *            Bit 0 - Output value ready in the holding register on channel A
  31:Generated_Source\PSoC5/Filter_PVT.c **** *            Bit 1 - Output value ready in the holding register on channel B
  32:Generated_Source\PSoC5/Filter_PVT.c **** *            Bit 2 - '1' written to Semaphore 0  - See Note
  33:Generated_Source\PSoC5/Filter_PVT.c **** *            Bit 3 - '1' written to Semaphore 1  - See Note
  34:Generated_Source\PSoC5/Filter_PVT.c **** *            Bit 4 - '1' written to Semaphore 2
  35:Generated_Source\PSoC5/Filter_PVT.c **** *
  36:Generated_Source\PSoC5/Filter_PVT.c **** * Return: 
  37:Generated_Source\PSoC5/Filter_PVT.c **** *  void
  38:Generated_Source\PSoC5/Filter_PVT.c **** *
  39:Generated_Source\PSoC5/Filter_PVT.c **** * Note:
  40:Generated_Source\PSoC5/Filter_PVT.c **** *  Semaphore 0 and Semaphore 1 should not be configured as both a DMA request 
  41:Generated_Source\PSoC5/Filter_PVT.c **** *  and an interrupt event, because, after one clock cycle, the system 
  42:Generated_Source\PSoC5/Filter_PVT.c **** *  automatically clears any semaphore which triggered a DMA request.
  43:Generated_Source\PSoC5/Filter_PVT.c **** *
  44:Generated_Source\PSoC5/Filter_PVT.c **** *******************************************************************************/
  45:Generated_Source\PSoC5/Filter_PVT.c **** void Filter_SetInterruptMode(uint8 events) 
  46:Generated_Source\PSoC5/Filter_PVT.c **** {
 153              		.loc 1 46 0
 154              		.cfi_startproc
 155              		@ args = 0, pretend = 0, frame = 0
 156              		@ frame_needed = 0, uses_anonymous_args = 0
 157              		@ link register save eliminated.
 158              	.LVL0:
  47:Generated_Source\PSoC5/Filter_PVT.c ****     events &= Filter_EVENT_MASK;
  48:Generated_Source\PSoC5/Filter_PVT.c ****     Filter_INT_CTRL_REG = events;
 159              		.loc 1 48 0
 160 0000 024B     		ldr	r3, .L2
  47:Generated_Source\PSoC5/Filter_PVT.c ****     events &= Filter_EVENT_MASK;
 161              		.loc 1 47 0
 162 0002 00F01F00 		and	r0, r0, #31
 163              	.LVL1:
 164              		.loc 1 48 0
 165 0006 1870     		strb	r0, [r3]
 166 0008 7047     		bx	lr
 167              	.L3:
 168 000a 00BF     		.align	2
 169              	.L2:
 170 000c 98C70040 		.word	1073792920
 171              		.cfi_endproc
 172              	.LFE0:
 173              		.size	Filter_SetInterruptMode, .-Filter_SetInterruptMode
 174              		.section	.text.Filter_SetDMAMode,"ax",%progbits
 175              		.align	2
 176              		.global	Filter_SetDMAMode
 177              		.thumb
 178              		.thumb_func
 179              		.type	Filter_SetDMAMode, %function
ARM GAS  C:\Users\elias\AppData\Local\Temp\ccxEibfP.s 			page 11


 180              	Filter_SetDMAMode:
 181              	.LFB1:
  49:Generated_Source\PSoC5/Filter_PVT.c **** }
  50:Generated_Source\PSoC5/Filter_PVT.c **** 
  51:Generated_Source\PSoC5/Filter_PVT.c **** 
  52:Generated_Source\PSoC5/Filter_PVT.c **** /*******************************************************************************
  53:Generated_Source\PSoC5/Filter_PVT.c **** * Function Name: Filter_SetDMAMode
  54:Generated_Source\PSoC5/Filter_PVT.c **** ********************************************************************************
  55:Generated_Source\PSoC5/Filter_PVT.c **** *
  56:Generated_Source\PSoC5/Filter_PVT.c **** * Summary:
  57:Generated_Source\PSoC5/Filter_PVT.c **** *  Assign the events which will trigger a DMA request for the DFB.  There are 
  58:Generated_Source\PSoC5/Filter_PVT.c **** *  two different DMA requests that can be triggered.
  59:Generated_Source\PSoC5/Filter_PVT.c **** *
  60:Generated_Source\PSoC5/Filter_PVT.c **** * Parameters:  
  61:Generated_Source\PSoC5/Filter_PVT.c **** *  events:  A set of 4 bits which configure what event, if any, triggers a DMA 
  62:Generated_Source\PSoC5/Filter_PVT.c **** *           request for the DFB.  
  63:Generated_Source\PSoC5/Filter_PVT.c **** *           Bits [0:1] configure the trigger for DMA Request 1
  64:Generated_Source\PSoC5/Filter_PVT.c **** *           Bits [2:3] configure the trigger for DMA Request 2
  65:Generated_Source\PSoC5/Filter_PVT.c **** *            DMA Request 1: 
  66:Generated_Source\PSoC5/Filter_PVT.c **** *               0 - no request will be generated
  67:Generated_Source\PSoC5/Filter_PVT.c **** *               1 - Output value ready in the holding register on channel A
  68:Generated_Source\PSoC5/Filter_PVT.c **** *               2 - Semaphore 0
  69:Generated_Source\PSoC5/Filter_PVT.c **** *               3 - Sempahore 1
  70:Generated_Source\PSoC5/Filter_PVT.c **** *            DMA Request 2: 
  71:Generated_Source\PSoC5/Filter_PVT.c **** *               0 - no request will be generated
  72:Generated_Source\PSoC5/Filter_PVT.c **** *               1 - Output value ready in the holding register on channel B
  73:Generated_Source\PSoC5/Filter_PVT.c **** *               2 - Semaphore 0
  74:Generated_Source\PSoC5/Filter_PVT.c **** *               3 - Sempahore 1
  75:Generated_Source\PSoC5/Filter_PVT.c **** *
  76:Generated_Source\PSoC5/Filter_PVT.c **** * Return: 
  77:Generated_Source\PSoC5/Filter_PVT.c **** *  void
  78:Generated_Source\PSoC5/Filter_PVT.c **** *
  79:Generated_Source\PSoC5/Filter_PVT.c **** * Note:
  80:Generated_Source\PSoC5/Filter_PVT.c **** *  Semaphore 0 and Semaphore 1 should not be configured as both a DMA request 
  81:Generated_Source\PSoC5/Filter_PVT.c **** *  and an interrupt event, because, after one clock cycle, the system 
  82:Generated_Source\PSoC5/Filter_PVT.c **** *  automatically clears any semaphore which triggered a DMA request.
  83:Generated_Source\PSoC5/Filter_PVT.c **** *
  84:Generated_Source\PSoC5/Filter_PVT.c **** *******************************************************************************/
  85:Generated_Source\PSoC5/Filter_PVT.c **** void Filter_SetDMAMode(uint8 events) 
  86:Generated_Source\PSoC5/Filter_PVT.c **** {
 182              		.loc 1 86 0
 183              		.cfi_startproc
 184              		@ args = 0, pretend = 0, frame = 0
 185              		@ frame_needed = 0, uses_anonymous_args = 0
 186              		@ link register save eliminated.
 187              	.LVL2:
  87:Generated_Source\PSoC5/Filter_PVT.c ****     events &= Filter_DMA_CTRL_MASK;
  88:Generated_Source\PSoC5/Filter_PVT.c ****     Filter_DMA_CTRL_REG = events;
 188              		.loc 1 88 0
 189 0000 024B     		ldr	r3, .L5
  87:Generated_Source\PSoC5/Filter_PVT.c ****     events &= Filter_DMA_CTRL_MASK;
 190              		.loc 1 87 0
 191 0002 00F00F00 		and	r0, r0, #15
 192              	.LVL3:
 193              		.loc 1 88 0
 194 0006 1870     		strb	r0, [r3]
 195 0008 7047     		bx	lr
ARM GAS  C:\Users\elias\AppData\Local\Temp\ccxEibfP.s 			page 12


 196              	.L6:
 197 000a 00BF     		.align	2
 198              	.L5:
 199 000c 9CC70040 		.word	1073792924
 200              		.cfi_endproc
 201              	.LFE1:
 202              		.size	Filter_SetDMAMode, .-Filter_SetDMAMode
 203              		.text
 204              	.Letext0:
 205              		.file 2 "Generated_Source\\PSoC5\\cytypes.h"
 206              		.section	.debug_info,"",%progbits
 207              	.Ldebug_info0:
 208 0000 EE000000 		.4byte	0xee
 209 0004 0400     		.2byte	0x4
 210 0006 00000000 		.4byte	.Ldebug_abbrev0
 211 000a 04       		.byte	0x4
 212 000b 01       		.uleb128 0x1
 213 000c 45010000 		.4byte	.LASF17
 214 0010 0C       		.byte	0xc
 215 0011 2D000000 		.4byte	.LASF18
 216 0015 8D000000 		.4byte	.LASF19
 217 0019 00000000 		.4byte	.Ldebug_ranges0+0
 218 001d 00000000 		.4byte	0
 219 0021 00000000 		.4byte	.Ldebug_line0
 220 0025 02       		.uleb128 0x2
 221 0026 04       		.byte	0x4
 222 0027 05       		.byte	0x5
 223 0028 696E7400 		.ascii	"int\000"
 224 002c 03       		.uleb128 0x3
 225 002d 04       		.byte	0x4
 226 002e 07       		.byte	0x7
 227 002f 0E000000 		.4byte	.LASF0
 228 0033 03       		.uleb128 0x3
 229 0034 08       		.byte	0x8
 230 0035 05       		.byte	0x5
 231 0036 00000000 		.4byte	.LASF1
 232 003a 03       		.uleb128 0x3
 233 003b 08       		.byte	0x8
 234 003c 04       		.byte	0x4
 235 003d 09010000 		.4byte	.LASF2
 236 0041 03       		.uleb128 0x3
 237 0042 01       		.byte	0x1
 238 0043 06       		.byte	0x6
 239 0044 FD000000 		.4byte	.LASF3
 240 0048 03       		.uleb128 0x3
 241 0049 01       		.byte	0x1
 242 004a 08       		.byte	0x8
 243 004b C7000000 		.4byte	.LASF4
 244 004f 03       		.uleb128 0x3
 245 0050 02       		.byte	0x2
 246 0051 05       		.byte	0x5
 247 0052 2D010000 		.4byte	.LASF5
 248 0056 03       		.uleb128 0x3
 249 0057 02       		.byte	0x2
 250 0058 07       		.byte	0x7
 251 0059 EA000000 		.4byte	.LASF6
 252 005d 03       		.uleb128 0x3
ARM GAS  C:\Users\elias\AppData\Local\Temp\ccxEibfP.s 			page 13


 253 005e 04       		.byte	0x4
 254 005f 05       		.byte	0x5
 255 0060 DA000000 		.4byte	.LASF7
 256 0064 03       		.uleb128 0x3
 257 0065 04       		.byte	0x4
 258 0066 07       		.byte	0x7
 259 0067 57000000 		.4byte	.LASF8
 260 006b 03       		.uleb128 0x3
 261 006c 08       		.byte	0x8
 262 006d 07       		.byte	0x7
 263 006e 69000000 		.4byte	.LASF9
 264 0072 03       		.uleb128 0x3
 265 0073 04       		.byte	0x4
 266 0074 07       		.byte	0x7
 267 0075 3C010000 		.4byte	.LASF10
 268 0079 03       		.uleb128 0x3
 269 007a 01       		.byte	0x1
 270 007b 08       		.byte	0x8
 271 007c D5000000 		.4byte	.LASF11
 272 0080 04       		.uleb128 0x4
 273 0081 51000000 		.4byte	.LASF14
 274 0085 02       		.byte	0x2
 275 0086 E901     		.2byte	0x1e9
 276 0088 48000000 		.4byte	0x48
 277 008c 03       		.uleb128 0x3
 278 008d 04       		.byte	0x4
 279 008e 04       		.byte	0x4
 280 008f 87000000 		.4byte	.LASF12
 281 0093 03       		.uleb128 0x3
 282 0094 08       		.byte	0x8
 283 0095 04       		.byte	0x4
 284 0096 E3000000 		.4byte	.LASF13
 285 009a 04       		.uleb128 0x4
 286 009b 37010000 		.4byte	.LASF15
 287 009f 02       		.byte	0x2
 288 00a0 9302     		.2byte	0x293
 289 00a2 A6000000 		.4byte	0xa6
 290 00a6 05       		.uleb128 0x5
 291 00a7 80000000 		.4byte	0x80
 292 00ab 06       		.uleb128 0x6
 293 00ac 15010000 		.4byte	.LASF20
 294 00b0 01       		.byte	0x1
 295 00b1 2D       		.byte	0x2d
 296 00b2 00000000 		.4byte	.LFB0
 297 00b6 10000000 		.4byte	.LFE0-.LFB0
 298 00ba 01       		.uleb128 0x1
 299 00bb 9C       		.byte	0x9c
 300 00bc D0000000 		.4byte	0xd0
 301 00c0 07       		.uleb128 0x7
 302 00c1 80000000 		.4byte	.LASF16
 303 00c5 01       		.byte	0x1
 304 00c6 2D       		.byte	0x2d
 305 00c7 80000000 		.4byte	0x80
 306 00cb 00000000 		.4byte	.LLST0
 307 00cf 00       		.byte	0
 308 00d0 08       		.uleb128 0x8
 309 00d1 1B000000 		.4byte	.LASF21
ARM GAS  C:\Users\elias\AppData\Local\Temp\ccxEibfP.s 			page 14


 310 00d5 01       		.byte	0x1
 311 00d6 55       		.byte	0x55
 312 00d7 00000000 		.4byte	.LFB1
 313 00db 10000000 		.4byte	.LFE1-.LFB1
 314 00df 01       		.uleb128 0x1
 315 00e0 9C       		.byte	0x9c
 316 00e1 07       		.uleb128 0x7
 317 00e2 80000000 		.4byte	.LASF16
 318 00e6 01       		.byte	0x1
 319 00e7 55       		.byte	0x55
 320 00e8 80000000 		.4byte	0x80
 321 00ec 1E000000 		.4byte	.LLST1
 322 00f0 00       		.byte	0
 323 00f1 00       		.byte	0
 324              		.section	.debug_abbrev,"",%progbits
 325              	.Ldebug_abbrev0:
 326 0000 01       		.uleb128 0x1
 327 0001 11       		.uleb128 0x11
 328 0002 01       		.byte	0x1
 329 0003 25       		.uleb128 0x25
 330 0004 0E       		.uleb128 0xe
 331 0005 13       		.uleb128 0x13
 332 0006 0B       		.uleb128 0xb
 333 0007 03       		.uleb128 0x3
 334 0008 0E       		.uleb128 0xe
 335 0009 1B       		.uleb128 0x1b
 336 000a 0E       		.uleb128 0xe
 337 000b 55       		.uleb128 0x55
 338 000c 17       		.uleb128 0x17
 339 000d 11       		.uleb128 0x11
 340 000e 01       		.uleb128 0x1
 341 000f 10       		.uleb128 0x10
 342 0010 17       		.uleb128 0x17
 343 0011 00       		.byte	0
 344 0012 00       		.byte	0
 345 0013 02       		.uleb128 0x2
 346 0014 24       		.uleb128 0x24
 347 0015 00       		.byte	0
 348 0016 0B       		.uleb128 0xb
 349 0017 0B       		.uleb128 0xb
 350 0018 3E       		.uleb128 0x3e
 351 0019 0B       		.uleb128 0xb
 352 001a 03       		.uleb128 0x3
 353 001b 08       		.uleb128 0x8
 354 001c 00       		.byte	0
 355 001d 00       		.byte	0
 356 001e 03       		.uleb128 0x3
 357 001f 24       		.uleb128 0x24
 358 0020 00       		.byte	0
 359 0021 0B       		.uleb128 0xb
 360 0022 0B       		.uleb128 0xb
 361 0023 3E       		.uleb128 0x3e
 362 0024 0B       		.uleb128 0xb
 363 0025 03       		.uleb128 0x3
 364 0026 0E       		.uleb128 0xe
 365 0027 00       		.byte	0
 366 0028 00       		.byte	0
ARM GAS  C:\Users\elias\AppData\Local\Temp\ccxEibfP.s 			page 15


 367 0029 04       		.uleb128 0x4
 368 002a 16       		.uleb128 0x16
 369 002b 00       		.byte	0
 370 002c 03       		.uleb128 0x3
 371 002d 0E       		.uleb128 0xe
 372 002e 3A       		.uleb128 0x3a
 373 002f 0B       		.uleb128 0xb
 374 0030 3B       		.uleb128 0x3b
 375 0031 05       		.uleb128 0x5
 376 0032 49       		.uleb128 0x49
 377 0033 13       		.uleb128 0x13
 378 0034 00       		.byte	0
 379 0035 00       		.byte	0
 380 0036 05       		.uleb128 0x5
 381 0037 35       		.uleb128 0x35
 382 0038 00       		.byte	0
 383 0039 49       		.uleb128 0x49
 384 003a 13       		.uleb128 0x13
 385 003b 00       		.byte	0
 386 003c 00       		.byte	0
 387 003d 06       		.uleb128 0x6
 388 003e 2E       		.uleb128 0x2e
 389 003f 01       		.byte	0x1
 390 0040 3F       		.uleb128 0x3f
 391 0041 19       		.uleb128 0x19
 392 0042 03       		.uleb128 0x3
 393 0043 0E       		.uleb128 0xe
 394 0044 3A       		.uleb128 0x3a
 395 0045 0B       		.uleb128 0xb
 396 0046 3B       		.uleb128 0x3b
 397 0047 0B       		.uleb128 0xb
 398 0048 27       		.uleb128 0x27
 399 0049 19       		.uleb128 0x19
 400 004a 11       		.uleb128 0x11
 401 004b 01       		.uleb128 0x1
 402 004c 12       		.uleb128 0x12
 403 004d 06       		.uleb128 0x6
 404 004e 40       		.uleb128 0x40
 405 004f 18       		.uleb128 0x18
 406 0050 9742     		.uleb128 0x2117
 407 0052 19       		.uleb128 0x19
 408 0053 01       		.uleb128 0x1
 409 0054 13       		.uleb128 0x13
 410 0055 00       		.byte	0
 411 0056 00       		.byte	0
 412 0057 07       		.uleb128 0x7
 413 0058 05       		.uleb128 0x5
 414 0059 00       		.byte	0
 415 005a 03       		.uleb128 0x3
 416 005b 0E       		.uleb128 0xe
 417 005c 3A       		.uleb128 0x3a
 418 005d 0B       		.uleb128 0xb
 419 005e 3B       		.uleb128 0x3b
 420 005f 0B       		.uleb128 0xb
 421 0060 49       		.uleb128 0x49
 422 0061 13       		.uleb128 0x13
 423 0062 02       		.uleb128 0x2
ARM GAS  C:\Users\elias\AppData\Local\Temp\ccxEibfP.s 			page 16


 424 0063 17       		.uleb128 0x17
 425 0064 00       		.byte	0
 426 0065 00       		.byte	0
 427 0066 08       		.uleb128 0x8
 428 0067 2E       		.uleb128 0x2e
 429 0068 01       		.byte	0x1
 430 0069 3F       		.uleb128 0x3f
 431 006a 19       		.uleb128 0x19
 432 006b 03       		.uleb128 0x3
 433 006c 0E       		.uleb128 0xe
 434 006d 3A       		.uleb128 0x3a
 435 006e 0B       		.uleb128 0xb
 436 006f 3B       		.uleb128 0x3b
 437 0070 0B       		.uleb128 0xb
 438 0071 27       		.uleb128 0x27
 439 0072 19       		.uleb128 0x19
 440 0073 11       		.uleb128 0x11
 441 0074 01       		.uleb128 0x1
 442 0075 12       		.uleb128 0x12
 443 0076 06       		.uleb128 0x6
 444 0077 40       		.uleb128 0x40
 445 0078 18       		.uleb128 0x18
 446 0079 9742     		.uleb128 0x2117
 447 007b 19       		.uleb128 0x19
 448 007c 00       		.byte	0
 449 007d 00       		.byte	0
 450 007e 00       		.byte	0
 451              		.section	.debug_loc,"",%progbits
 452              	.Ldebug_loc0:
 453              	.LLST0:
 454 0000 00000000 		.4byte	.LVL0
 455 0004 06000000 		.4byte	.LVL1
 456 0008 0100     		.2byte	0x1
 457 000a 50       		.byte	0x50
 458 000b 06000000 		.4byte	.LVL1
 459 000f 10000000 		.4byte	.LFE0
 460 0013 0100     		.2byte	0x1
 461 0015 50       		.byte	0x50
 462 0016 00000000 		.4byte	0
 463 001a 00000000 		.4byte	0
 464              	.LLST1:
 465 001e 00000000 		.4byte	.LVL2
 466 0022 06000000 		.4byte	.LVL3
 467 0026 0100     		.2byte	0x1
 468 0028 50       		.byte	0x50
 469 0029 06000000 		.4byte	.LVL3
 470 002d 10000000 		.4byte	.LFE1
 471 0031 0100     		.2byte	0x1
 472 0033 50       		.byte	0x50
 473 0034 00000000 		.4byte	0
 474 0038 00000000 		.4byte	0
 475              		.section	.debug_aranges,"",%progbits
 476 0000 24000000 		.4byte	0x24
 477 0004 0200     		.2byte	0x2
 478 0006 00000000 		.4byte	.Ldebug_info0
 479 000a 04       		.byte	0x4
 480 000b 00       		.byte	0
ARM GAS  C:\Users\elias\AppData\Local\Temp\ccxEibfP.s 			page 17


 481 000c 0000     		.2byte	0
 482 000e 0000     		.2byte	0
 483 0010 00000000 		.4byte	.LFB0
 484 0014 10000000 		.4byte	.LFE0-.LFB0
 485 0018 00000000 		.4byte	.LFB1
 486 001c 10000000 		.4byte	.LFE1-.LFB1
 487 0020 00000000 		.4byte	0
 488 0024 00000000 		.4byte	0
 489              		.section	.debug_ranges,"",%progbits
 490              	.Ldebug_ranges0:
 491 0000 00000000 		.4byte	.LFB0
 492 0004 10000000 		.4byte	.LFE0
 493 0008 00000000 		.4byte	.LFB1
 494 000c 10000000 		.4byte	.LFE1
 495 0010 00000000 		.4byte	0
 496 0014 00000000 		.4byte	0
 497              		.section	.debug_line,"",%progbits
 498              	.Ldebug_line0:
 499 0000 72000000 		.section	.debug_str,"MS",%progbits,1
 499      02004700 
 499      00000201 
 499      FB0E0D00 
 499      01010101 
 500              	.LASF1:
 501 0000 6C6F6E67 		.ascii	"long long int\000"
 501      206C6F6E 
 501      6720696E 
 501      7400
 502              	.LASF0:
 503 000e 756E7369 		.ascii	"unsigned int\000"
 503      676E6564 
 503      20696E74 
 503      00
 504              	.LASF21:
 505 001b 46696C74 		.ascii	"Filter_SetDMAMode\000"
 505      65725F53 
 505      6574444D 
 505      414D6F64 
 505      6500
 506              	.LASF18:
 507 002d 47656E65 		.ascii	"Generated_Source\\PSoC5\\Filter_PVT.c\000"
 507      72617465 
 507      645F536F 
 507      75726365 
 507      5C50536F 
 508              	.LASF14:
 509 0051 75696E74 		.ascii	"uint8\000"
 509      3800
 510              	.LASF8:
 511 0057 6C6F6E67 		.ascii	"long unsigned int\000"
 511      20756E73 
 511      69676E65 
 511      6420696E 
 511      7400
 512              	.LASF9:
 513 0069 6C6F6E67 		.ascii	"long long unsigned int\000"
 513      206C6F6E 
ARM GAS  C:\Users\elias\AppData\Local\Temp\ccxEibfP.s 			page 18


 513      6720756E 
 513      7369676E 
 513      65642069 
 514              	.LASF16:
 515 0080 6576656E 		.ascii	"events\000"
 515      747300
 516              	.LASF12:
 517 0087 666C6F61 		.ascii	"float\000"
 517      7400
 518              	.LASF19:
 519 008d 433A5C47 		.ascii	"C:\\Github\\Tesis\\src\\psoc\\AcondicionamientoAnal"
 519      69746875 
 519      625C5465 
 519      7369735C 
 519      7372635C 
 520 00bb 6F676963 		.ascii	"ogico.cydsn\000"
 520      6F2E6379 
 520      64736E00 
 521              	.LASF4:
 522 00c7 756E7369 		.ascii	"unsigned char\000"
 522      676E6564 
 522      20636861 
 522      7200
 523              	.LASF11:
 524 00d5 63686172 		.ascii	"char\000"
 524      00
 525              	.LASF7:
 526 00da 6C6F6E67 		.ascii	"long int\000"
 526      20696E74 
 526      00
 527              	.LASF13:
 528 00e3 646F7562 		.ascii	"double\000"
 528      6C6500
 529              	.LASF6:
 530 00ea 73686F72 		.ascii	"short unsigned int\000"
 530      7420756E 
 530      7369676E 
 530      65642069 
 530      6E7400
 531              	.LASF3:
 532 00fd 7369676E 		.ascii	"signed char\000"
 532      65642063 
 532      68617200 
 533              	.LASF2:
 534 0109 6C6F6E67 		.ascii	"long double\000"
 534      20646F75 
 534      626C6500 
 535              	.LASF20:
 536 0115 46696C74 		.ascii	"Filter_SetInterruptMode\000"
 536      65725F53 
 536      6574496E 
 536      74657272 
 536      7570744D 
 537              	.LASF5:
 538 012d 73686F72 		.ascii	"short int\000"
 538      7420696E 
 538      7400
ARM GAS  C:\Users\elias\AppData\Local\Temp\ccxEibfP.s 			page 19


 539              	.LASF15:
 540 0137 72656738 		.ascii	"reg8\000"
 540      00
 541              	.LASF10:
 542 013c 73697A65 		.ascii	"sizetype\000"
 542      74797065 
 542      00
 543              	.LASF17:
 544 0145 474E5520 		.ascii	"GNU C11 5.4.1 20160609 (release) [ARM/embedded-5-br"
 544      43313120 
 544      352E342E 
 544      31203230 
 544      31363036 
 545 0178 616E6368 		.ascii	"anch revision 237715] -mcpu=cortex-m3 -mthumb -g -O"
 545      20726576 
 545      6973696F 
 545      6E203233 
 545      37373135 
 546 01ab 33202D66 		.ascii	"3 -ffunction-sections -ffat-lto-objects -finline-fu"
 546      66756E63 
 546      74696F6E 
 546      2D736563 
 546      74696F6E 
 547 01de 6E637469 		.ascii	"nctions -flto\000"
 547      6F6E7320 
 547      2D666C74 
 547      6F00
 548              		.comm	__gnu_lto_v1,1,1
 549              		.ident	"GCC: (GNU Tools for ARM Embedded Processors) 5.4.1 20160609 (release) [ARM/embedded-5-bran
