ARM GAS  C:\Users\elias\AppData\Local\Temp\ccmxKpuh.s 			page 1


   1              		.syntax unified
   2              		.cpu cortex-m3
   3              		.fpu softvfp
   4              		.eabi_attribute 20, 1
   5              		.eabi_attribute 21, 1
   6              		.eabi_attribute 23, 3
   7              		.eabi_attribute 24, 1
   8              		.eabi_attribute 25, 1
   9              		.eabi_attribute 26, 1
  10              		.eabi_attribute 30, 2
  11              		.eabi_attribute 34, 1
  12              		.eabi_attribute 18, 4
  13              		.thumb
  14              		.syntax unified
  15              		.file	"INp.c"
  16              		.text
  17              	.Ltext0:
  18              		.section	.gnu.lto_.profile.1baf7a81,"",%progbits
  19 0000 789C6361 		.ascii	"x\234ca`d`a`\000\222\222\242\000\000\261\0009"
  19      60646061 
  19      60009292 
  19      A20000B1 
  19      0039
  20              		.text
  21              		.section	.gnu.lto_.icf.1baf7a81,"",%progbits
  22 0000 789C6361 		.ascii	"x\234ca`d\000\001)\006\004`a\230s\354\327%V\306M7\377"
  22      60640001 
  22      29060460 
  22      619873EC 
  22      D72556C6 
  23 0017 B630334D 		.ascii	"\26603M>\366\365:\017\363\361\215\333\237r0\000\000"
  23      3EF6F53A 
  23      0FF3F18D 
  23      DB9F7230 
  23      0000
  24 0029 AE600CB9 		.ascii	"\256`\014\271"
  25              		.text
  26              		.section	.gnu.lto_.jmpfuncs.1baf7a81,"",%progbits
  27 0000 789C6361 		.ascii	"x\234ca`d\000\001!\006\004`a`dd\254g\004\021L\014\014"
  27      60640001 
  27      21060460 
  27      61606464 
  27      AC670411 
  28 0017 CC401100 		.ascii	"\314@\021\000\016\"\001&"
  28      0E220126 
  29              		.text
  30              		.section	.gnu.lto_.inline.1baf7a81,"",%progbits
  31 0000 789C6361 		.ascii	"x\234ca`d\000\201$\006\004`a`\340\344`dd\340\000J1s"
  31      60640081 
  31      24060460 
  31      6160E0E4 
  31      606464E0 
  32 0018 1CB06360 		.ascii	"\034\260c`[ \317\304\300\262@\236\005$\013\024g\307"
  32      5B20CFC4 
  32      C0B2409E 
  32      05240B14 
  32      67C7
ARM GAS  C:\Users\elias\AppData\Local\Temp\ccmxKpuh.s 			page 2


  33 002a 9064BAC0 		.ascii	"\220d\272\300\017\226db`ced`b\373\240\007\021\007\002"
  33      0F966462 
  33      60636564 
  33      6062FBA0 
  33      07110702 
  34 003e 664C2106 		.ascii	"fL!\006\000\346\332\011\346"
  34      00E6DA09 
  34      E6
  35              		.text
  36              		.section	.gnu.lto_.pureconst.1baf7a81,"",%progbits
  37 0000 789C6361 		.ascii	"x\234ca`d\340d```a\220b\224b\222b\226\002\000\002\261"
  37      6064E064 
  37      60606061 
  37      90629462 
  37      92629602 
  38 0017 0081     		.ascii	"\000\201"
  39              		.text
  40              		.section	.gnu.lto_INp_Write.1baf7a81,"",%progbits
  41 0000 789C5551 		.ascii	"x\234UQ;k\024a\024\275\347\373ffcb\304\336\015l\023"
  41      3B6B1461 
  41      14BDE7FB 
  41      66666362 
  41      C4DE0D6C 
  42 0015 432C2420 		.ascii	"C,$ \376\001-\304&\210i\027\302\262N\021P#\311\3066"
  42      FE012DC4 
  42      26886917 
  42      C2B24E11 
  42      5023C9C6 
  43 002a 77B28F80 		.ascii	"w\262\217\200\215iL\232\304\310J\310C\315C+5\3050\215"
  43      8D694C9A 
  43      C4C84AC8 
  43      43CD432B 
  43      35C5308D 
  44 003e A0601052 		.ascii	"\240`\020R\211\212\004\031\301\306\025]L4\272\336;\223"
  44      898A0419 
  44      C1C6155D 
  44      4C34BADE 
  44      3B93
  45 0050 C25CF81E 		.ascii	"\302\\\370\036s\347\234s\317\275\237C \215S\206\250"
  45      73E79C73 
  45      CFBD9F43 
  45      208D5386 
  45      A8
  46 0061 4FCE13B2 		.ascii	"O\316\023\262`\011f\3525Q\320f\000\275p\033h\334`\034"
  46      600966EA 
  46      3551D066 
  46      00BD701B 
  46      68DC601C 
  47 0075 4DF3C720 		.ascii	"M\363\307 \232\214\237\232\336E\226\370\270p\327\362"
  47      9A8C9F9A 
  47      DE4596F8 
  47      B870D7F2 
  48 0085 5288AA25 		.ascii	"R\210\252%j\231D\211\260\210^A}\336\234\334\206\315"
  48      6A994489 
  48      B0885E41 
  48      7DDE9CDC 
  48      86CD
ARM GAS  C:\Users\elias\AppData\Local\Temp\ccmxKpuh.s 			page 3


  49 0097 81E45E8B 		.ascii	"\201\344^\213\232\215\216\236\005\346\011\346\367y\266"
  49      9A8D8E9E 
  49      05E609E6 
  49      F779B6
  50 00a6 550B2CC1 		.ascii	"U\013,\301\012\003g\262\350\313\222$\010\313\350Q\360"
  50      0A0367B2 
  50      E8CB9224 
  50      08CBE851 
  50      F0
  51 00b7 EEDBEDD5 		.ascii	"\356\333\355\325c\366dB\234\342\270~\264\373\276\022"
  51      63F66442 
  51      9CE2B87E 
  51      B4FBBE12 
  52 00c7 C39FD766 		.ascii	"\303\237\327f8\014r\312]\371\237\253!\320\235\215\277"
  52      380C72CA 
  52      5DF99FAB 
  52      21D09D8D 
  52      BF
  53 00d8 773ABD8A 		.ascii	"w:\275\212\272\312\341\001\272S?x\010O:\204f\326.\207"
  53      BACAE101 
  53      BA533F78 
  53      084F3A84 
  53      66D62E87 
  54 00ec DC6A9539 		.ascii	"\334j\2259l\272M{\304HQ#\235\312\017\007Z\333\325\204"
  54      6CBA4D7B 
  54      C4485123 
  54      9DCA0F07 
  54      5ADBD584 
  55 0100 A75B4637 		.ascii	"\247[F7\242\206,\355\376\2331z\332\030\321\257[\037"
  55      A2862CED 
  55      FE9B317A 
  55      DA18D1AF 
  55      5B1F
  56 0112 6632AA59 		.ascii	"f2\252Y\266:\211\351j\264\225\371a\252\326&n\371\336"
  56      B63A89E9 
  56      6AB495F9 
  56      61AAD626 
  56      6EF9DE
  57 0125 ED3D37FD 		.ascii	"\355=7\375\344z\300\216\244\366\266\236mv\316c.\250"
  57      E47AC08E 
  57      A4F6B69E 
  57      6D76CE63 
  57      2EA8
  58 0137 C88C1CAC 		.ascii	"\310\214\034\254\"\213G\020\317X\303<(Fy\277\366\016"
  58      228B4710 
  58      CF58C33C 
  58      284679BF 
  58      F60E
  59 0149 A9A04D35 		.ascii	"\251\240M5\353/\347\242v\025\001\276\002\353\002\336"
  59      EB2FE7A2 
  59      761501BE 
  59      02EB02DE 
  60 0159 8149DA10 		.ascii	"\201I\332\020\247\202RR\243\026\2778\260\341\226\255"
  60      A7825252 
  60      A316BF38 
  60      B0E196AD 
  61 0169 D6795359 		.ascii	"\326ySY\237\265\312r\341`CH\211\364\247\003i\305\011"
ARM GAS  C:\Users\elias\AppData\Local\Temp\ccmxKpuh.s 			page 4


  61      9FB5CA72 
  61      E1604348 
  61      89F4A703 
  61      69C509
  62 017c E8F9F7FD 		.ascii	"\350\371\367\375WFA\016\216\343q\012\332\365RH&1\340"
  62      5746410E 
  62      8EE3710A 
  62      DAF55248 
  62      2631E0
  63 018f 492A9A4E 		.ascii	"I*\232NX\207\314\007\314\035\207\375?\021\377\302\242"
  63      5887CC07 
  63      CC1D87FD 
  63      3F11FFC2 
  63      A2
  64 01a0 2F98087F 		.ascii	"/\230\010\177\273JH\036\242a\240\263\222\311u]\360\257"
  64      BB4A481E 
  64      A261A0B3 
  64      92C9755D 
  64      F0AF
  65 01b2 FB238592 		.ascii	"\373#\205\222\177ep`xl\244\350\347/\015\014\237?\233"
  65      7F657060 
  65      786CA4E8 
  65      E72F0D0C 
  65      9F3F9B
  66 01c5 BFD87FE3 		.ascii	"\277\330\177\343t\221\334\233\205\253c~\373h\251P\032"
  66      7491DC9B 
  66      85AB637E 
  66      FB68A950 
  66      1A
  67 01d6 2A9E1B2A 		.ascii	"*\236\033*\215\376\003\204)\301\253"
  67      8DFE0384 
  67      29C1AB
  68              		.text
  69              		.section	.gnu.lto_INp_SetDriveMode.1baf7a81,"",%progbits
  70 0000 789C7D51 		.ascii	"x\234}QK+EQ\024^\337\336\347\236so\036\177\300U\006"
  70      4B2B4551 
  70      145EDFDE 
  70      E79E736F 
  70      1E7FC055 
  71 0015 4A2652F2 		.ascii	"J&R\362\013\024\231HLoI\234!\0271\266\357+!Rb\"1\221"
  71      0B149948 
  71      4C6F499C 
  71      211731B6 
  71      EF2B2152 
  72 002d F72B23B3 		.ascii	"\367+#\263\353\026C210\220\014NRt\275\"\257k\255s\014"
  72      EB164332 
  72      3130900C 
  72      4E5274BD 
  72      22AF6BAD 
  73 0043 EEC8EEEC 		.ascii	"\356\310\356\354\365\370\372\276\257\265\366\261\010"
  73      F5F8FABE 
  73      AFB5F6B1 
  73      08
  74 0050 24E79653 		.ascii	"$\347\226S5\347\012\276\320\0045sJ\224\010+@\012\023"
  74      35E70ABE 
  74      D0043573 
  74      4A94082B 
ARM GAS  C:\Users\elias\AppData\Local\Temp\ccmxKpuh.s 			page 5


  74      400A13
  75 0063 068D2A8C 		.ascii	"\006\215*\214\342U}+\344\306\274CU\273j\370\\\037?\324"
  75      E2557D2B 
  75      E4C6BC43 
  75      55BB6AF8 
  75      5C1F3FD4 
  76 0077 9BB52C32 		.ascii	"\233\265,2\232\250\240|'\302*j\231\365|\2602[\242\253"
  76      9AA8A07C 
  76      27C22A6A 
  76      99F57CB0 
  76      325BA2AB 
  77 008b 405C3F9E 		.ascii	"@\\?\236\346\257\312kV\214I\032\363\0313:\243\2015h"
  77      E6AFCA6B 
  77      568C491A 
  77      F319333A 
  77      A3813568 
  78 009f 56A0218A 		.ascii	"V\240!\212\372(1@XG\215\220o\366\177\346\312\354\264"
  78      FA283140 
  78      58478D90 
  78      6FF67FE6 
  78      CAECB4
  79 00b2 D85705A6 		.ascii	"\330W\005\246\330\200-c\356vdM\241\2202\3317\373\350"
  79      D8802D63 
  79      EE76644D 
  79      A19032D9 
  79      37FBE8
  80 00c5 C32E512C 		.ascii	"\303.Q,S\232\203\266$\204 \016\266\224\216\204\260\204"
  80      539A83B6 
  80      2484200E 
  80      B6948E84 
  80      B084
  81 00d7 887088F2 		.ascii	"\210p\210\362|e\221G\245$k\017\271\217\011o\301\022"
  81      7C659147 
  81      A5246B0F 
  81      B98F096F 
  81      C112
  82 00e9 E79496A5 		.ascii	"\347\224\226\245\3463\2713\347Ee\264\345O|\220\270\237"
  82      E633B933 
  82      E74565B4 
  82      E54F7C90 
  82      B89F
  83 00fb 2A0DDAF4 		.ascii	"*\015\332\364r\302X\014M{\347\343X\302b\"\315\353\206"
  83      72C2580C 
  83      4D7BE7E3 
  83      58C26222 
  83      CDEB86
  84 010e B0852836 		.ascii	"\260\205(6\021\345\351\266\031%\017\311''\260\323\354"
  84      11E5E9B6 
  84      19250FC9 
  84      2727B0D3 
  84      EC
  85 011f C87DEACB 		.ascii	"\310}\352\313\016z\213!\326_\236L~G\304Rc\020;\254,"
  85      0E7A8B21 
  85      D65F9E4C 
  85      7E47C452 
  85      63103BAC 
  86 0134 92F0172A 		.ascii	"\222\360\027*\2268\014\261\344\376bsK\007\222r\354\372"
ARM GAS  C:\Users\elias\AppData\Local\Temp\ccmxKpuh.s 			page 6


  86      96380CB1 
  86      E4FE6273 
  86      4B079272 
  86      ECFA
  87 0146 92D4FB1F 		.ascii	"\222\324\373\037%\354\033;\305.\021F\271\317\315C\372"
  87      25EC1B3B 
  87      C52E1146 
  87      B9CFCD43 
  87      FA
  88 0157 FF46DE63 		.ascii	"\377F\336c\224\371t\207d\366\263Y\330\376\257\313+\310"
  88      94F97487 
  88      64F6B359 
  88      D8FEAFCB 
  88      2BC8
  89 0169 F3F06355 		.ascii	"\363\360cU\266\270\375\356P\367\260\333\333\325\031"
  89      B6B8FDEE 
  89      50F7B0DB 
  89      DBD519
  90 0178 1F19EA71 		.ascii	"\037\031\352qc\355\235\361\246\306Xk\333@]\017Y}\361"
  90      63ED9DF1 
  90      A6C6586B 
  90      DB405D0F 
  90      597DF1
  91 018b 5EF7173E 		.ascii	"^\367\027>N\244\036"
  91      4EA41E
  92              		.text
  93              		.section	.gnu.lto_INp_Read.1baf7a81,"",%progbits
  94 0000 789C3D4F 		.ascii	"x\234=OM(DQ\024>\337\275o\336\233H\331\033\261\235\215"
  94      4D284451 
  94      143EDFBD 
  94      6FDE9B48 
  94      D91BB19D 
  95 0015 94946C15 		.ascii	"\224\224l\025\331H\246\254\246\244\361\266F\023\353"
  95      D948A6AC 
  95      A6A4F1B6 
  95      4613EB
  96 0024 B96FDE7B 		.ascii	"\271o\336{\224,l\260\361SJ3\014\031+Kc\232\205\"\242"
  96      942C6CB0 
  96      F1534A33 
  96      0C192B4B 
  96      639A8522 
  97 0039 949524CD 		.ascii	"\224\225$\315\302jLD\023\306\271\236\234\272\347\334"
  97      C26A4C44 
  97      13C6B99E 
  97      9CBAE7DC 
  98 0049 7BEEF773 		.ascii	"{\356\367s\216A \035\343\\:\270\266\361\201$\210\345"
  98      8E41201D 
  98      E35C3AB8 
  98      B6F18124 
  98      88E5
  99 005b 4B22272C 		.ascii	"K\"',\000}QaPZ \2157\361%p\376~\266\324\024\315*\225"
  99      007D5161 
  99      505A208D 
  99      37F12570 
  99      FE7EB6D4 
 100 0073 510F3BF5 		.ascii	"Q\017;\365\276\265\\\021\276$j\010BO\004\335\021-\221"
 100      BEB55C11 
ARM GAS  C:\Users\elias\AppData\Local\Temp\ccmxKpuh.s 			page 7


 100      BE246A08 
 100      424F04DD 
 100      112D91
 101 0086 459418FA 		.ascii	"E\224\030\372x\364\275\322bz\212\243S\003\370'\007S"
 101      78F4BDD2 
 101      627A8AA3 
 101      5303F827 
 101      0753
 102 0098 5B1E8E15 		.ascii	"[\036\216\025U\243\341\252\342\255uzgY _\262/'\203\223"
 102      55A3E1AA 
 102      E2AD757A 
 102      6759205F 
 102      B22F2783 
 103 00ad 08E96492 		.ascii	"\010\351d\222\226\245*\323\364\020/B\350*+(\325\027"
 103      96A52AD3 
 103      F4102F42 
 103      E82A2B28 
 103      D517
 104 00bf EF37FBB5 		.ascii	"\3577\373\265\222+%\273\254\372\245+\353U\370RB\233"
 104      922B25BB 
 104      ACFAA52B 
 104      EB55F852 
 104      429B
 105 00d1 E6CBBE17 		.ascii	"\346\313\276\027\012\236\316\266\243\014n\035\177\024"
 105      0A9ECEB6 
 105      A30C6E1D 
 105      7F14
 106 00df 4EB0850D 		.ascii	"N\260\205\015\307\343Q\015\354!\202]\360\240\310s\227"
 106      C7E3510D 
 106      EC21825D 
 106      F0A0C873 
 106      97
 107 00f0 2A703F07 		.ascii	"*p?\007\311\225\010\344n\252\027\033\315\232\017\264"
 107      C99508E4 
 107      6EAA171B 
 107      CD9A0FB4 
 108 0100 629F6115 		.ascii	"b\237a\025dj\013O\"04\030\247\031\265\371\262\021tB"
 108      646A0B4F 
 108      22303418 
 108      A719B5F9 
 108      B2117442 
 109 0114 DC64DAB5 		.ascii	"\334d\332\265WX\227\232&`\340\340\237\206\000\244q\364"
 109      5758979A 
 109      2660E0E0 
 109      9F8600A4 
 109      71F4
 110 0126 8C3F1193 		.ascii	"\214?\021\223~\027\203^\210\327k\037\262\247\355\324"
 110      7E17835E 
 110      88D76B1F 
 110      B2A7EDD4 
 111 0136 E4AC3D35 		.ascii	"\344\254=5\021K\316\245\022v|4\226\034\350\215\017\217"
 111      114BCEA5 
 111      12767C34 
 111      961CE88D 
 111      0F8F
 112 0148 CC7425E8 		.ascii	"\314t%\350\007;yy_"
 112      073B7979 
ARM GAS  C:\Users\elias\AppData\Local\Temp\ccmxKpuh.s 			page 8


 112      5F
 113              		.text
 114              		.section	.gnu.lto_INp_ReadDataReg.1baf7a81,"",%progbits
 115 0000 789C3D4F 		.ascii	"x\234=O\337+\303Q\024?\237{\277\373\321\264\362n\342"
 115      DF2BC351 
 115      143F9F7B 
 115      BFFBD1B4 
 115      F26EE2
 116 0013 752F52F2 		.ascii	"u/R\362\300\253\"/\222\225\247\2254{5-\236w\267\357"
 116      C0AB222F 
 116      9295A795 
 116      347B352D 
 116      9E77B7EF 
 117 0027 4649F182 		.ascii	"FI\361\202\027kR\332\346Gx\0255\313\203\"\303_ i\017"
 117      176B52DA 
 117      E6477815 
 117      35CB8322 
 117      C35F2069 
 118 003c 9E669126 		.ascii	"\236f\221&6\347\370\312\251{\316\275\347~~\234c\021"
 118      36E7F8CA 
 118      A97BCEBD 
 118      E77E7E9C 
 118      6311
 119 004e 4862924B 		.ascii	"Hb\222K\027\327\016>\320\004\265vK\224\364*@.\306\013"
 119      17D70E3E 
 119      D004B576 
 119      4B94F42A 
 119      402EC60B 
 120 0062 4A2824F0 		.ascii	"J($\360\256\276\025\256?\256V|\301\2741)\363\270\233"
 120      AEBE15AE 
 120      3FAE567C 
 120      C1BC3129 
 120      F3B89B
 121 0075 1FD82C94 		.ascii	"\037\330,\224\220\321D-E\350\013\2407 \022y\004\211"
 121      90D1442D 
 121      45E80BA0 
 121      37201279 
 121      0489
 122 0087 A14F27CD 		.ascii	"\241O'\315u\277;m8\272\005\300?\005\270\305\362h\242"
 122      75BF3B6D 
 122      38BA05C0 
 122      3F05B8C5 
 122      F268A2
 123 009a 645A2DDB 		.ascii	"dZ-\333\224\316}\027w>\017(\243\331\227\223\305I\271"
 123      94CE7D17 
 123      773E0F28 
 123      A3D99793 
 123      C549B9
 124 00ad 24B94964 		.ascii	"$\271Id\251\3064\031\342U)\251\272\212\362\347r\263"
 124      A9C63419 
 124      E25529A9 
 124      BA8AF2E7 
 124      72B3
 125 00bf 38284AB6 		.ascii	"8(J\266\326\354\262\221)W<o*\2435\304\324l\2576\\\316"
 125      D6ECB291 
 125      29573C6F 
 125      2AA335C4 
ARM GAS  C:\Users\elias\AppData\Local\Temp\ccmxKpuh.s 			page 9


 125      D46CAF36 
 126 00d5 D3EC248D 		.ascii	"\323\354$\215\305\255F\345\364\314\237C6\231\346Q-\354"
 126      C5AD46E5 
 126      F4CC9F43 
 126      3699E651 
 126      2DEC
 127 00e7 21802278 		.ascii	"!\200\"xP\354#\007\252\302\376\032&[\303\221{\250\335"
 127      50EC2307 
 127      AAC2FE1A 
 127      265BC391 
 127      7BA8DD
 128 00fa 64DB840F 		.ascii	"d\333\204\017\264\343\200aU\244\352K\317\3121\264\030"
 128      B4E38061 
 128      55A4EA4B 
 128      CFCA31B4 
 128      18
 129 010b 278CFAE2 		.ascii	"'\214\372\342\245\345t\\\334d\332}\372xK\013M\301\302"
 129      A5E5745C 
 129      DC64DA7D 
 129      FA784B0B 
 129      4DC1C2
 130 011e E13F0D0E 		.ascii	"\341?\015\016Hp\364\202?\0217\375.\006Y\210\327\353"
 130      4870F482 
 130      3F1137FD 
 130      2E065988 
 130      D7EB
 131 0130 1C89CE46 		.ascii	"\034\211\316F\343\323\363\321\231\251Pl!\036\211\206"
 131      E3D3F3D1 
 131      99A9506C 
 131      211E8986 
 132 0140 C743B1A1 		.ascii	"\307C\261\241\376\360\350\330\\O\204~\000\031Fyy"
 132      FEF0E8D8 
 132      5C4F847E 
 132      00194679 
 132      79
 133              		.text
 134              		.section	.gnu.lto_.symbol_nodes.1baf7a81,"",%progbits
 135 0000 789C6361 		.ascii	"x\234ca`dpc\000\002&\206z\006\206\011\347\030@\324\256"
 135      60647063 
 135      00022686 
 135      7A068609 
 135      E71840D4 
 136 0015 0645A000 		.ascii	"\006E\240\000c=#\252\000S=\023\252\000s=3\212\000\003"
 136      633D23AA 
 136      00533D13 
 136      AA00733D 
 136      338A0003 
 137 0029 0026B60F 		.ascii	"\000&\266\017<"
 137      3C
 138              		.text
 139              		.section	.gnu.lto_.refs.1baf7a81,"",%progbits
 140 0000 789C6361 		.ascii	"x\234ca`\004B \000\000\0009\000\007"
 140      60044220 
 140      00000039 
 140      0007
 141              		.text
 142              		.section	.gnu.lto_.decls.1baf7a81,"",%progbits
ARM GAS  C:\Users\elias\AppData\Local\Temp\ccmxKpuh.s 			page 10


 143 0000 789C8D53 		.ascii	"x\234\215S]H\024Q\024\276gfv\335&\377\220\012\03760"
 143      5D481451 
 143      14BE6766 
 143      76DD26FF 
 143      900A1F36 
 144 0015 9F7C5A12 		.ascii	"\237|Z\022\011|\311\002%\351!\015E{H\220U\007\023Be"
 144      097CC902 
 144      25E9210D 
 144      457B4890 
 144      55071342 
 145 002a 5B03DF6E 		.ascii	"[\003\337n\272\202\026\224\022\346oh>\244\346\246\226"
 145      BA821694 
 145      12E66F68 
 145      3EA4E6A6 
 145      96
 146 003b BBA69BA6 		.ascii	"\273\246\233\246\011e?\010\312\202\024\006\011\253\220"
 146      09653F08 
 146      CA821406 
 146      09AB90
 147 004a 64A12485 		.ascii	"d\241$\205\230m\347\336\231q\026\333\300\303\234\331"
 147      986DE7DE 
 147      997116DB 
 147      C0C39CD9 
 148 005a 73EE3DDF 		.ascii	"s\356=\337w\276{\346\256D\2000;-\021\322\200\277VL\203"
 148      77BE7BE6 
 148      AE448030 
 148      3B2D11D2 
 148      80BF564C 
 149 006f 68268CF3 		.ascii	"h&\214\363\211a\270MF\320\275\350c\350>\362\257\261"
 149      8961B84D 
 149      46D0BDE8 
 149      63E83EF2 
 149      AFB1
 150 0081 7DB3861B 		.ascii	"}\263\206\033d\\\350S\350\223\350\331Z\015hu\373\315"
 150      645CE853 
 150      E893E8D9 
 150      5A0D6875 
 150      FBCD
 151 0093 1B063B13 		.ascii	"\033\006;\023\202\327\261\3360X\246\307\024\202\313"
 151      82D7B1DE 
 151      3058A6C7 
 151      1482CB
 152 00a2 0E831B0B 		.ascii	"\016\203\033\013\203\363\035\000\027\356\234\273\002"
 152      83F31D00 
 152      17EE9CBB 
 152      02
 153 00af 04BB3C77 		.ascii	"\004\273<w,K\360\021D\242\015\220\000\250o\340NT\347"
 153      2C4BF011 
 153      44A20D90 
 153      00A86FE0 
 153      4E54E7
 154 00c2 29060251 		.ascii	")\006\002Q\003}i\317\210V\"\350\241A\306\037\015\017"
 154      037D69CF 
 154      885622E8 
 154      A141C61F 
 154      0D0F
 155 00d4 41DD3889 		.ascii	"A\3358\211\301\016\032H\315u\335\032\010\004\243\001"
ARM GAS  C:\Users\elias\AppData\Local\Temp\ccmxKpuh.s 			page 11


 155      C10E1A48 
 155      CD75DD1A 
 155      0804A301 
 156 00e4 A8A98E08 		.ascii	"\250\251\216\010\341\333\247H\327\254\267!\202~\350"
 156      E1DBA748 
 156      D7ACB721 
 156      827EE8
 157 00f3 80FF7B9D 		.ascii	"\200\377{\235(\012\300\342\317\333}\347ln\212\326H\251"
 157      280AC0E2 
 157      CFDB7DE7 
 157      6C6E8AD6 
 157      48A9
 158 0105 60352633 		.ascii	"`5&3T\267\322o\331\022\300*C\020X\276>\276\035\245\346"
 158      54B7D26F 
 158      D912C02A 
 158      431058BE 
 158      3EBE1DA5 
 159 011a 6CBBAD29 		.ascii	"l\273\255)\360\347\260x\224\305\202?0\260&A\222\374"
 159      F0E7B078 
 159      94C5823F 
 159      30B02641 
 159      92FC
 160 012c 90D12CFF 		.ascii	"\220\321,\377ZI\033\2474\026\006A\0067\210\320\0176"
 160      5A491BA7 
 160      34160641 
 160      063788D0 
 160      0F36
 161 013e A6C12AE3 		.ascii	"\246\301*\343\273\236\322\032\272\321C\315\361\004R"
 161      BB9ED21A 
 161      BAD143CD 
 161      F10452
 162 014d AC70D24A 		.ascii	"\254p\322J\3401$1NV\005\003`\205G`e\374\253-]_\315\022"
 162      E0312431 
 162      4E560503 
 162      60854760 
 162      65FCAB2D 
 163 0165 4AE63C45 		.ascii	"J\346<E\022[[p\015w\212(!N\006\011\323\315\271\366@"
 163      125B5B70 
 163      0D778A28 
 163      214E0609 
 163      D3CDB9F6 
 164 017a 34A64764 		.ascii	"4\246GdH\300\324\355\373\264n\216\277\307\217RK\023"
 164      48C0D4ED 
 164      FBB46E8E 
 164      BFC78F52 
 164      4B13
 165 018c 24C83F06 		.ascii	"$\310?\006O\220p\030\011\011<\205x|\017\201\244\236"
 165      4F907018 
 165      09093C85 
 165      787C0F81 
 165      A49E
 166 019e EEA7ABE7 		.ascii	"\356\247\253\347\2559\261\233v\017\323\345\235\325\224"
 166      AD39B19B 
 166      760FD3E5 
 166      9DD594
 167 01ad 363AED42 		.ascii	"6:\355B\234\300\312\240\317\020\335\307\356\005\201"
 167      9CC0CAA0 
ARM GAS  C:\Users\elias\AppData\Local\Temp\ccmxKpuh.s 			page 12


 167      CF10DDC7 
 167      EE0581
 168 01bc 5E58C219 		.ascii	"^X\302\031\216@\"C\336\255\177o\022/\363!4vu\334\216"
 168      8E402243 
 168      DEAD7F6F 
 168      122FF321 
 168      347675DC 
 169 01d1 5059A6B7 		.ascii	"PY\246\267^G\322\306\033\224\236\345\034\036\203\303"
 169      5E47D2C6 
 169      1B949EE5 
 169      1C1E83C3 
 170 01e1 13CAE1E5 		.ascii	"\023\312\341\345\034\365\233\315\277A\274\3129\346o"
 170      1CF59BCD 
 170      BF41BCCA 
 170      39E66F
 171 01f0 BDAA8D09 		.ascii	"\275\252\215\011\225\315\316k\350~\306u\027i\262\277"
 171      95CDCE6B 
 171      E87EC675 
 171      1769B2BF 
 172 0200 7CD8B91F 		.ascii	"|\330\271\037\2455\364\317\212{\262\261\012F\215\226"
 172      A535F4CF 
 172      8A7BB2B1 
 172      0A468D96 
 173 0210 A3A12DC7 		.ascii	"\243\241-\307xK\177\353\354\214 V\361\226\273\275-i"
 173      784B7FEB 
 173      EC8C2056 
 173      F196BBBD 
 173      2D69
 174 0222 1A89EF9D 		.ascii	"\032\211\357\235\256\232Q\214\033\024\343\241\024>N"
 174      AE9A518C 
 174      1B14E3A1 
 174      143E4E
 175 0231 B1E5FAB1 		.ascii	"\261\345\372\261h\226\361\023\326\036\354\023\316\255"
 175      6896F113 
 175      D61EEC13 
 175      CEAD
 176 023f 3D084688 		.ascii	"=\010F\210u\300\357\310Hs[s\004\310Ia\340/\302\300\265"
 176      75C0EFC8 
 176      48735B73 
 176      04C84961 
 176      E02FC2C0 
 177 0254 ABE4CE6B 		.ascii	"\253\344\316kj`\347\233\304\231L\030\342\236\203\254"
 177      6A60E79B 
 177      C4994C18 
 177      E29E83AC 
 178 0264 CEC333FF 		.ascii	"\316\3033\377m\310\024y\223\335*\034^\334\233h^iLo\012"
 178      6DC81479 
 178      93DD2A1C 
 178      5EDC9B68 
 178      5E694C6F 
 179 0279 22F91F00 		.ascii	"\"\371\037\000\177w\005qb\261\243S\304=\366\310\355"
 179      7F770571 
 179      62B1A353 
 179      C43DF6C8 
 179      ED
 180 028a 14A5D005 		.ascii	"\024\245\320\005\200\031$\343\311\306\031\036\263e\272"
 180      801924E3 
ARM GAS  C:\Users\elias\AppData\Local\Temp\ccmxKpuh.s 			page 13


 180      C9C6191E 
 180      B365BA
 181 0299 5143CDAD 		.ascii	"QC\315\255\321\272D\3027\010L#\362%\022\363\364\320"
 181      D1BA44C2 
 181      37084C23 
 181      F22512F3 
 181      F4D0
 182 02ab F9ACCAC2 		.ascii	"\371\254\312\302K\2162\247b\311\314\312KHON&\246\252"
 182      4B8E32A7 
 182      62C9CCCA 
 182      4B484F4E 
 182      26A6AA
 183 02be B27267EA 		.ascii	"\262rg\352\211L\245\\q\330\235JIanE\225\243X)\270\230"
 183      894CA55C 
 183      71D89D4A 
 183      49616E45 
 183      95A35829 
 184 02d4 5B917EAA 		.ascii	"[\221~\252\240\270\332Y]\251\\\263]!\307\377S\201\214"
 184      A0B8DA59 
 184      5DA95CB3 
 184      5D21C7FF 
 184      53818C
 185 02e7 B66212CB 		.ascii	"\266b\022\313\210s\025g\206\243\354\272r\241\242D\261"
 185      88731567 
 185      86A3ECBA 
 185      72A1A244 
 185      B1
 186 02f8 B0851CC5 		.ascii	"\260\205\034\305^\022\243\007\031v\247=G)\225\034Ji"
 186      5E12A307 
 186      1976A73D 
 186      4729951C 
 186      4A69
 187 030a EA5F93DC 		.ascii	"\352_\223\334\\\336"
 187      5CDE
 188              		.text
 189              		.section	.gnu.lto_.symtab.1baf7a81,"",%progbits
 190 0000 494E705F 		.ascii	"INp_Write\000"
 190      57726974 
 190      6500
 191 000a 00       		.ascii	"\000"
 192 000b 00       		.ascii	"\000"
 193 000c 00       		.ascii	"\000"
 194 000d 00000000 		.ascii	"\000\000\000\000\000\000\000\000"
 194      00000000 
 195 0015 B3000000 		.ascii	"\263\000\000\000"
 196 0019 494E705F 		.ascii	"INp_SetDriveMode\000"
 196      53657444 
 196      72697665 
 196      4D6F6465 
 196      00
 197 002a 00       		.ascii	"\000"
 198 002b 00       		.ascii	"\000"
 199 002c 00       		.ascii	"\000"
 200 002d 00000000 		.ascii	"\000\000\000\000\000\000\000\000"
 200      00000000 
 201 0035 B5000000 		.ascii	"\265\000\000\000"
 202 0039 494E705F 		.ascii	"INp_Read\000"
ARM GAS  C:\Users\elias\AppData\Local\Temp\ccmxKpuh.s 			page 14


 202      52656164 
 202      00
 203 0042 00       		.ascii	"\000"
 204 0043 00       		.ascii	"\000"
 205 0044 00       		.ascii	"\000"
 206 0045 00000000 		.ascii	"\000\000\000\000\000\000\000\000"
 206      00000000 
 207 004d B8000000 		.ascii	"\270\000\000\000"
 208 0051 494E705F 		.ascii	"INp_ReadDataReg\000"
 208      52656164 
 208      44617461 
 208      52656700 
 209 0061 00       		.ascii	"\000"
 210 0062 00       		.ascii	"\000"
 211 0063 00       		.ascii	"\000"
 212 0064 00000000 		.ascii	"\000\000\000\000\000\000\000\000"
 212      00000000 
 213 006c BA000000 		.ascii	"\272\000\000\000"
 214              		.text
 215              		.section	.gnu.lto_.opts,"",%progbits
 216 0000 272D666D 		.ascii	"'-fmath-errno' '-fsigned-zeros' '-ftrapping-math' '"
 216      6174682D 
 216      6572726E 
 216      6F272027 
 216      2D667369 
 217 0033 2D666E6F 		.ascii	"-fno-trapv' '-fno-openmp' '-fno-openacc' '-mcpu=cor"
 217      2D747261 
 217      70762720 
 217      272D666E 
 217      6F2D6F70 
 218 0066 7465782D 		.ascii	"tex-m3' '-mthumb' '-g' '-O3' '-ffunction-sections' "
 218      6D332720 
 218      272D6D74 
 218      68756D62 
 218      2720272D 
 219 0099 272D6666 		.ascii	"'-ffat-lto-objects' '-finline-functions' '-flto'\000"
 219      61742D6C 
 219      746F2D6F 
 219      626A6563 
 219      74732720 
 220              		.text
 221              		.cfi_sections	.debug_frame
 222              		.section	.text.INp_Write,"ax",%progbits
 223              		.align	2
 224              		.global	INp_Write
 225              		.thumb
 226              		.thumb_func
 227              		.type	INp_Write, %function
 228              	INp_Write:
 229              	.LFB0:
 230              		.file 1 "Generated_Source\\PSoC5\\INp.c"
   1:Generated_Source\PSoC5/INp.c **** /*******************************************************************************
   2:Generated_Source\PSoC5/INp.c **** * File Name: INp.c  
   3:Generated_Source\PSoC5/INp.c **** * Version 2.20
   4:Generated_Source\PSoC5/INp.c **** *
   5:Generated_Source\PSoC5/INp.c **** * Description:
   6:Generated_Source\PSoC5/INp.c **** *  This file contains API to enable firmware control of a Pins component.
ARM GAS  C:\Users\elias\AppData\Local\Temp\ccmxKpuh.s 			page 15


   7:Generated_Source\PSoC5/INp.c **** *
   8:Generated_Source\PSoC5/INp.c **** * Note:
   9:Generated_Source\PSoC5/INp.c **** *
  10:Generated_Source\PSoC5/INp.c **** ********************************************************************************
  11:Generated_Source\PSoC5/INp.c **** * Copyright 2008-2015, Cypress Semiconductor Corporation.  All rights reserved.
  12:Generated_Source\PSoC5/INp.c **** * You may use this file only in accordance with the license, terms, conditions, 
  13:Generated_Source\PSoC5/INp.c **** * disclaimers, and limitations in the end user license agreement accompanying 
  14:Generated_Source\PSoC5/INp.c **** * the software package with which this file was provided.
  15:Generated_Source\PSoC5/INp.c **** *******************************************************************************/
  16:Generated_Source\PSoC5/INp.c **** 
  17:Generated_Source\PSoC5/INp.c **** #include "cytypes.h"
  18:Generated_Source\PSoC5/INp.c **** #include "INp.h"
  19:Generated_Source\PSoC5/INp.c **** 
  20:Generated_Source\PSoC5/INp.c **** /* APIs are not generated for P15[7:6] on PSoC 5 */
  21:Generated_Source\PSoC5/INp.c **** #if !(CY_PSOC5A &&\
  22:Generated_Source\PSoC5/INp.c **** 	 INp__PORT == 15 && ((INp__MASK & 0xC0) != 0))
  23:Generated_Source\PSoC5/INp.c **** 
  24:Generated_Source\PSoC5/INp.c **** 
  25:Generated_Source\PSoC5/INp.c **** /*******************************************************************************
  26:Generated_Source\PSoC5/INp.c **** * Function Name: INp_Write
  27:Generated_Source\PSoC5/INp.c **** ****************************************************************************//**
  28:Generated_Source\PSoC5/INp.c **** *
  29:Generated_Source\PSoC5/INp.c **** * \brief Writes the value to the physical port (data output register), masking
  30:Generated_Source\PSoC5/INp.c **** *  and shifting the bits appropriately. 
  31:Generated_Source\PSoC5/INp.c **** *
  32:Generated_Source\PSoC5/INp.c **** * The data output register controls the signal applied to the physical pin in 
  33:Generated_Source\PSoC5/INp.c **** * conjunction with the drive mode parameter. This function avoids changing 
  34:Generated_Source\PSoC5/INp.c **** * other bits in the port by using the appropriate method (read-modify-write or
  35:Generated_Source\PSoC5/INp.c **** * bit banding).
  36:Generated_Source\PSoC5/INp.c **** *
  37:Generated_Source\PSoC5/INp.c **** * <b>Note</b> This function should not be used on a hardware digital output pin 
  38:Generated_Source\PSoC5/INp.c **** * as it is driven by the hardware signal attached to it.
  39:Generated_Source\PSoC5/INp.c **** *
  40:Generated_Source\PSoC5/INp.c **** * \param value
  41:Generated_Source\PSoC5/INp.c **** *  Value to write to the component instance.
  42:Generated_Source\PSoC5/INp.c **** *
  43:Generated_Source\PSoC5/INp.c **** * \return 
  44:Generated_Source\PSoC5/INp.c **** *  None 
  45:Generated_Source\PSoC5/INp.c **** *
  46:Generated_Source\PSoC5/INp.c **** * \sideeffect
  47:Generated_Source\PSoC5/INp.c **** *  If you use read-modify-write operations that are not atomic; the Interrupt 
  48:Generated_Source\PSoC5/INp.c **** *  Service Routines (ISR) can cause corruption of this function. An ISR that 
  49:Generated_Source\PSoC5/INp.c **** *  interrupts this function and performs writes to the Pins component data 
  50:Generated_Source\PSoC5/INp.c **** *  register can cause corrupted port data. To avoid this issue, you should 
  51:Generated_Source\PSoC5/INp.c **** *  either use the Per-Pin APIs (primary method) or disable interrupts around 
  52:Generated_Source\PSoC5/INp.c **** *  this function.
  53:Generated_Source\PSoC5/INp.c **** *
  54:Generated_Source\PSoC5/INp.c **** * \funcusage
  55:Generated_Source\PSoC5/INp.c **** *  \snippet INp_SUT.c usage_INp_Write
  56:Generated_Source\PSoC5/INp.c **** *******************************************************************************/
  57:Generated_Source\PSoC5/INp.c **** void INp_Write(uint8 value)
  58:Generated_Source\PSoC5/INp.c **** {
 231              		.loc 1 58 0
 232              		.cfi_startproc
 233              		@ args = 0, pretend = 0, frame = 0
 234              		@ frame_needed = 0, uses_anonymous_args = 0
 235              		@ link register save eliminated.
ARM GAS  C:\Users\elias\AppData\Local\Temp\ccmxKpuh.s 			page 16


 236              	.LVL0:
  59:Generated_Source\PSoC5/INp.c ****     uint8 staticBits = (INp_DR & (uint8)(~INp_MASK));
 237              		.loc 1 59 0
 238 0000 044A     		ldr	r2, .L2
  60:Generated_Source\PSoC5/INp.c ****     INp_DR = staticBits | ((uint8)(value << INp_SHIFT) & INp_MASK);
 239              		.loc 1 60 0
 240 0002 0001     		lsls	r0, r0, #4
 241              	.LVL1:
  59:Generated_Source\PSoC5/INp.c ****     uint8 staticBits = (INp_DR & (uint8)(~INp_MASK));
 242              		.loc 1 59 0
 243 0004 1378     		ldrb	r3, [r2]	@ zero_extendqisi2
 244              	.LVL2:
 245              		.loc 1 60 0
 246 0006 00F01000 		and	r0, r0, #16
 247 000a 03F0EF03 		and	r3, r3, #239
 248              	.LVL3:
 249 000e 1843     		orrs	r0, r0, r3
 250 0010 1070     		strb	r0, [r2]
 251 0012 7047     		bx	lr
 252              	.L3:
 253              		.align	2
 254              	.L2:
 255 0014 00510040 		.word	1073762560
 256              		.cfi_endproc
 257              	.LFE0:
 258              		.size	INp_Write, .-INp_Write
 259              		.section	.text.INp_SetDriveMode,"ax",%progbits
 260              		.align	2
 261              		.global	INp_SetDriveMode
 262              		.thumb
 263              		.thumb_func
 264              		.type	INp_SetDriveMode, %function
 265              	INp_SetDriveMode:
 266              	.LFB1:
  61:Generated_Source\PSoC5/INp.c **** }
  62:Generated_Source\PSoC5/INp.c **** 
  63:Generated_Source\PSoC5/INp.c **** 
  64:Generated_Source\PSoC5/INp.c **** /*******************************************************************************
  65:Generated_Source\PSoC5/INp.c **** * Function Name: INp_SetDriveMode
  66:Generated_Source\PSoC5/INp.c **** ****************************************************************************//**
  67:Generated_Source\PSoC5/INp.c **** *
  68:Generated_Source\PSoC5/INp.c **** * \brief Sets the drive mode for each of the Pins component's pins.
  69:Generated_Source\PSoC5/INp.c **** * 
  70:Generated_Source\PSoC5/INp.c **** * <b>Note</b> This affects all pins in the Pins component instance. Use the
  71:Generated_Source\PSoC5/INp.c **** * Per-Pin APIs if you wish to control individual pin's drive modes.
  72:Generated_Source\PSoC5/INp.c **** *
  73:Generated_Source\PSoC5/INp.c **** * \param mode
  74:Generated_Source\PSoC5/INp.c **** *  Mode for the selected signals. Valid options are documented in 
  75:Generated_Source\PSoC5/INp.c **** *  \ref driveMode.
  76:Generated_Source\PSoC5/INp.c **** *
  77:Generated_Source\PSoC5/INp.c **** * \return
  78:Generated_Source\PSoC5/INp.c **** *  None
  79:Generated_Source\PSoC5/INp.c **** *
  80:Generated_Source\PSoC5/INp.c **** * \sideeffect
  81:Generated_Source\PSoC5/INp.c **** *  If you use read-modify-write operations that are not atomic, the ISR can
  82:Generated_Source\PSoC5/INp.c **** *  cause corruption of this function. An ISR that interrupts this function 
  83:Generated_Source\PSoC5/INp.c **** *  and performs writes to the Pins component Drive Mode registers can cause 
ARM GAS  C:\Users\elias\AppData\Local\Temp\ccmxKpuh.s 			page 17


  84:Generated_Source\PSoC5/INp.c **** *  corrupted port data. To avoid this issue, you should either use the Per-Pin
  85:Generated_Source\PSoC5/INp.c **** *  APIs (primary method) or disable interrupts around this function.
  86:Generated_Source\PSoC5/INp.c **** *
  87:Generated_Source\PSoC5/INp.c **** * \funcusage
  88:Generated_Source\PSoC5/INp.c **** *  \snippet INp_SUT.c usage_INp_SetDriveMode
  89:Generated_Source\PSoC5/INp.c **** *******************************************************************************/
  90:Generated_Source\PSoC5/INp.c **** void INp_SetDriveMode(uint8 mode)
  91:Generated_Source\PSoC5/INp.c **** {
 267              		.loc 1 91 0
 268              		.cfi_startproc
 269              		@ args = 0, pretend = 0, frame = 0
 270              		@ frame_needed = 0, uses_anonymous_args = 0
 271              		@ link register save eliminated.
 272              	.LVL4:
  92:Generated_Source\PSoC5/INp.c **** 	CyPins_SetPinDriveMode(INp_0, mode);
 273              		.loc 1 92 0
 274 0000 044A     		ldr	r2, .L5
 275 0002 00F00E00 		and	r0, r0, #14
 276              	.LVL5:
 277 0006 1378     		ldrb	r3, [r2]	@ zero_extendqisi2
 278 0008 03F0F103 		and	r3, r3, #241
 279 000c 1843     		orrs	r0, r0, r3
 280 000e 1070     		strb	r0, [r2]
 281 0010 7047     		bx	lr
 282              	.L6:
 283 0012 00BF     		.align	2
 284              	.L5:
 285 0014 04500040 		.word	1073762308
 286              		.cfi_endproc
 287              	.LFE1:
 288              		.size	INp_SetDriveMode, .-INp_SetDriveMode
 289              		.section	.text.INp_Read,"ax",%progbits
 290              		.align	2
 291              		.global	INp_Read
 292              		.thumb
 293              		.thumb_func
 294              		.type	INp_Read, %function
 295              	INp_Read:
 296              	.LFB2:
  93:Generated_Source\PSoC5/INp.c **** }
  94:Generated_Source\PSoC5/INp.c **** 
  95:Generated_Source\PSoC5/INp.c **** 
  96:Generated_Source\PSoC5/INp.c **** /*******************************************************************************
  97:Generated_Source\PSoC5/INp.c **** * Function Name: INp_Read
  98:Generated_Source\PSoC5/INp.c **** ****************************************************************************//**
  99:Generated_Source\PSoC5/INp.c **** *
 100:Generated_Source\PSoC5/INp.c **** * \brief Reads the associated physical port (pin status register) and masks 
 101:Generated_Source\PSoC5/INp.c **** *  the required bits according to the width and bit position of the component
 102:Generated_Source\PSoC5/INp.c **** *  instance. 
 103:Generated_Source\PSoC5/INp.c **** *
 104:Generated_Source\PSoC5/INp.c **** * The pin's status register returns the current logic level present on the 
 105:Generated_Source\PSoC5/INp.c **** * physical pin.
 106:Generated_Source\PSoC5/INp.c **** *
 107:Generated_Source\PSoC5/INp.c **** * \return 
 108:Generated_Source\PSoC5/INp.c **** *  The current value for the pins in the component as a right justified number.
 109:Generated_Source\PSoC5/INp.c **** *
 110:Generated_Source\PSoC5/INp.c **** * \funcusage
ARM GAS  C:\Users\elias\AppData\Local\Temp\ccmxKpuh.s 			page 18


 111:Generated_Source\PSoC5/INp.c **** *  \snippet INp_SUT.c usage_INp_Read  
 112:Generated_Source\PSoC5/INp.c **** *******************************************************************************/
 113:Generated_Source\PSoC5/INp.c **** uint8 INp_Read(void)
 114:Generated_Source\PSoC5/INp.c **** {
 297              		.loc 1 114 0
 298              		.cfi_startproc
 299              		@ args = 0, pretend = 0, frame = 0
 300              		@ frame_needed = 0, uses_anonymous_args = 0
 301              		@ link register save eliminated.
 115:Generated_Source\PSoC5/INp.c ****     return (INp_PS & INp_MASK) >> INp_SHIFT;
 302              		.loc 1 115 0
 303 0000 024B     		ldr	r3, .L8
 304 0002 1878     		ldrb	r0, [r3]	@ zero_extendqisi2
 116:Generated_Source\PSoC5/INp.c **** }
 305              		.loc 1 116 0
 306 0004 C0F30010 		ubfx	r0, r0, #4, #1
 307 0008 7047     		bx	lr
 308              	.L9:
 309 000a 00BF     		.align	2
 310              	.L8:
 311 000c 01510040 		.word	1073762561
 312              		.cfi_endproc
 313              	.LFE2:
 314              		.size	INp_Read, .-INp_Read
 315              		.section	.text.INp_ReadDataReg,"ax",%progbits
 316              		.align	2
 317              		.global	INp_ReadDataReg
 318              		.thumb
 319              		.thumb_func
 320              		.type	INp_ReadDataReg, %function
 321              	INp_ReadDataReg:
 322              	.LFB3:
 117:Generated_Source\PSoC5/INp.c **** 
 118:Generated_Source\PSoC5/INp.c **** 
 119:Generated_Source\PSoC5/INp.c **** /*******************************************************************************
 120:Generated_Source\PSoC5/INp.c **** * Function Name: INp_ReadDataReg
 121:Generated_Source\PSoC5/INp.c **** ****************************************************************************//**
 122:Generated_Source\PSoC5/INp.c **** *
 123:Generated_Source\PSoC5/INp.c **** * \brief Reads the associated physical port's data output register and masks 
 124:Generated_Source\PSoC5/INp.c **** *  the correct bits according to the width and bit position of the component 
 125:Generated_Source\PSoC5/INp.c **** *  instance. 
 126:Generated_Source\PSoC5/INp.c **** *
 127:Generated_Source\PSoC5/INp.c **** * The data output register controls the signal applied to the physical pin in 
 128:Generated_Source\PSoC5/INp.c **** * conjunction with the drive mode parameter. This is not the same as the 
 129:Generated_Source\PSoC5/INp.c **** * preferred INp_Read() API because the 
 130:Generated_Source\PSoC5/INp.c **** * INp_ReadDataReg() reads the data register instead of the status 
 131:Generated_Source\PSoC5/INp.c **** * register. For output pins this is a useful function to determine the value 
 132:Generated_Source\PSoC5/INp.c **** * just written to the pin.
 133:Generated_Source\PSoC5/INp.c **** *
 134:Generated_Source\PSoC5/INp.c **** * \return 
 135:Generated_Source\PSoC5/INp.c **** *  The current value of the data register masked and shifted into a right 
 136:Generated_Source\PSoC5/INp.c **** *  justified number for the component instance.
 137:Generated_Source\PSoC5/INp.c **** *
 138:Generated_Source\PSoC5/INp.c **** * \funcusage
 139:Generated_Source\PSoC5/INp.c **** *  \snippet INp_SUT.c usage_INp_ReadDataReg 
 140:Generated_Source\PSoC5/INp.c **** *******************************************************************************/
 141:Generated_Source\PSoC5/INp.c **** uint8 INp_ReadDataReg(void)
ARM GAS  C:\Users\elias\AppData\Local\Temp\ccmxKpuh.s 			page 19


 142:Generated_Source\PSoC5/INp.c **** {
 323              		.loc 1 142 0
 324              		.cfi_startproc
 325              		@ args = 0, pretend = 0, frame = 0
 326              		@ frame_needed = 0, uses_anonymous_args = 0
 327              		@ link register save eliminated.
 143:Generated_Source\PSoC5/INp.c ****     return (INp_DR & INp_MASK) >> INp_SHIFT;
 328              		.loc 1 143 0
 329 0000 024B     		ldr	r3, .L11
 330 0002 1878     		ldrb	r0, [r3]	@ zero_extendqisi2
 144:Generated_Source\PSoC5/INp.c **** }
 331              		.loc 1 144 0
 332 0004 C0F30010 		ubfx	r0, r0, #4, #1
 333 0008 7047     		bx	lr
 334              	.L12:
 335 000a 00BF     		.align	2
 336              	.L11:
 337 000c 00510040 		.word	1073762560
 338              		.cfi_endproc
 339              	.LFE3:
 340              		.size	INp_ReadDataReg, .-INp_ReadDataReg
 341              		.text
 342              	.Letext0:
 343              		.file 2 "Generated_Source\\PSoC5\\cytypes.h"
 344              		.section	.debug_info,"",%progbits
 345              	.Ldebug_info0:
 346 0000 1D010000 		.4byte	0x11d
 347 0004 0400     		.2byte	0x4
 348 0006 00000000 		.4byte	.Ldebug_abbrev0
 349 000a 04       		.byte	0x4
 350 000b 01       		.uleb128 0x1
 351 000c 2F000000 		.4byte	.LASF20
 352 0010 0C       		.byte	0xc
 353 0011 3C010000 		.4byte	.LASF21
 354 0015 E8000000 		.4byte	.LASF22
 355 0019 00000000 		.4byte	.Ldebug_ranges0+0
 356 001d 00000000 		.4byte	0
 357 0021 00000000 		.4byte	.Ldebug_line0
 358 0025 02       		.uleb128 0x2
 359 0026 01       		.byte	0x1
 360 0027 06       		.byte	0x6
 361 0028 DD010000 		.4byte	.LASF0
 362 002c 02       		.uleb128 0x2
 363 002d 01       		.byte	0x1
 364 002e 08       		.byte	0x8
 365 002f 21000000 		.4byte	.LASF1
 366 0033 02       		.uleb128 0x2
 367 0034 02       		.byte	0x2
 368 0035 05       		.byte	0x5
 369 0036 B3010000 		.4byte	.LASF2
 370 003a 02       		.uleb128 0x2
 371 003b 02       		.byte	0x2
 372 003c 07       		.byte	0x7
 373 003d 22010000 		.4byte	.LASF3
 374 0041 02       		.uleb128 0x2
 375 0042 04       		.byte	0x4
 376 0043 05       		.byte	0x5
ARM GAS  C:\Users\elias\AppData\Local\Temp\ccmxKpuh.s 			page 20


 377 0044 C3010000 		.4byte	.LASF4
 378 0048 02       		.uleb128 0x2
 379 0049 04       		.byte	0x4
 380 004a 07       		.byte	0x7
 381 004b D6000000 		.4byte	.LASF5
 382 004f 02       		.uleb128 0x2
 383 0050 08       		.byte	0x8
 384 0051 05       		.byte	0x5
 385 0052 A0010000 		.4byte	.LASF6
 386 0056 02       		.uleb128 0x2
 387 0057 08       		.byte	0x8
 388 0058 07       		.byte	0x7
 389 0059 7F010000 		.4byte	.LASF7
 390 005d 03       		.uleb128 0x3
 391 005e 04       		.byte	0x4
 392 005f 05       		.byte	0x5
 393 0060 696E7400 		.ascii	"int\000"
 394 0064 02       		.uleb128 0x2
 395 0065 04       		.byte	0x4
 396 0066 07       		.byte	0x7
 397 0067 59010000 		.4byte	.LASF8
 398 006b 04       		.uleb128 0x4
 399 006c BD010000 		.4byte	.LASF12
 400 0070 02       		.byte	0x2
 401 0071 E901     		.2byte	0x1e9
 402 0073 2C000000 		.4byte	0x2c
 403 0077 02       		.uleb128 0x2
 404 0078 04       		.byte	0x4
 405 0079 04       		.byte	0x4
 406 007a 1B000000 		.4byte	.LASF9
 407 007e 02       		.uleb128 0x2
 408 007f 08       		.byte	0x8
 409 0080 04       		.byte	0x4
 410 0081 35010000 		.4byte	.LASF10
 411 0085 02       		.uleb128 0x2
 412 0086 01       		.byte	0x1
 413 0087 08       		.byte	0x8
 414 0088 AE010000 		.4byte	.LASF11
 415 008c 04       		.uleb128 0x4
 416 008d 9B010000 		.4byte	.LASF13
 417 0091 02       		.byte	0x2
 418 0092 9302     		.2byte	0x293
 419 0094 98000000 		.4byte	0x98
 420 0098 05       		.uleb128 0x5
 421 0099 6B000000 		.4byte	0x6b
 422 009d 06       		.uleb128 0x6
 423 009e 00000000 		.4byte	.LASF14
 424 00a2 01       		.byte	0x1
 425 00a3 39       		.byte	0x39
 426 00a4 00000000 		.4byte	.LFB0
 427 00a8 18000000 		.4byte	.LFE0-.LFB0
 428 00ac 01       		.uleb128 0x1
 429 00ad 9C       		.byte	0x9c
 430 00ae D1000000 		.4byte	0xd1
 431 00b2 07       		.uleb128 0x7
 432 00b3 0A000000 		.4byte	.LASF16
 433 00b7 01       		.byte	0x1
ARM GAS  C:\Users\elias\AppData\Local\Temp\ccmxKpuh.s 			page 21


 434 00b8 39       		.byte	0x39
 435 00b9 6B000000 		.4byte	0x6b
 436 00bd 00000000 		.4byte	.LLST0
 437 00c1 08       		.uleb128 0x8
 438 00c2 10000000 		.4byte	.LASF23
 439 00c6 01       		.byte	0x1
 440 00c7 3B       		.byte	0x3b
 441 00c8 6B000000 		.4byte	0x6b
 442 00cc 21000000 		.4byte	.LLST1
 443 00d0 00       		.byte	0
 444 00d1 06       		.uleb128 0x6
 445 00d2 CC010000 		.4byte	.LASF15
 446 00d6 01       		.byte	0x1
 447 00d7 5A       		.byte	0x5a
 448 00d8 00000000 		.4byte	.LFB1
 449 00dc 18000000 		.4byte	.LFE1-.LFB1
 450 00e0 01       		.uleb128 0x1
 451 00e1 9C       		.byte	0x9c
 452 00e2 F6000000 		.4byte	0xf6
 453 00e6 07       		.uleb128 0x7
 454 00e7 96010000 		.4byte	.LASF17
 455 00eb 01       		.byte	0x1
 456 00ec 5A       		.byte	0x5a
 457 00ed 6B000000 		.4byte	0x6b
 458 00f1 39000000 		.4byte	.LLST2
 459 00f5 00       		.byte	0
 460 00f6 09       		.uleb128 0x9
 461 00f7 76010000 		.4byte	.LASF18
 462 00fb 01       		.byte	0x1
 463 00fc 71       		.byte	0x71
 464 00fd 6B000000 		.4byte	0x6b
 465 0101 00000000 		.4byte	.LFB2
 466 0105 10000000 		.4byte	.LFE2-.LFB2
 467 0109 01       		.uleb128 0x1
 468 010a 9C       		.byte	0x9c
 469 010b 09       		.uleb128 0x9
 470 010c 66010000 		.4byte	.LASF19
 471 0110 01       		.byte	0x1
 472 0111 8D       		.byte	0x8d
 473 0112 6B000000 		.4byte	0x6b
 474 0116 00000000 		.4byte	.LFB3
 475 011a 10000000 		.4byte	.LFE3-.LFB3
 476 011e 01       		.uleb128 0x1
 477 011f 9C       		.byte	0x9c
 478 0120 00       		.byte	0
 479              		.section	.debug_abbrev,"",%progbits
 480              	.Ldebug_abbrev0:
 481 0000 01       		.uleb128 0x1
 482 0001 11       		.uleb128 0x11
 483 0002 01       		.byte	0x1
 484 0003 25       		.uleb128 0x25
 485 0004 0E       		.uleb128 0xe
 486 0005 13       		.uleb128 0x13
 487 0006 0B       		.uleb128 0xb
 488 0007 03       		.uleb128 0x3
 489 0008 0E       		.uleb128 0xe
 490 0009 1B       		.uleb128 0x1b
ARM GAS  C:\Users\elias\AppData\Local\Temp\ccmxKpuh.s 			page 22


 491 000a 0E       		.uleb128 0xe
 492 000b 55       		.uleb128 0x55
 493 000c 17       		.uleb128 0x17
 494 000d 11       		.uleb128 0x11
 495 000e 01       		.uleb128 0x1
 496 000f 10       		.uleb128 0x10
 497 0010 17       		.uleb128 0x17
 498 0011 00       		.byte	0
 499 0012 00       		.byte	0
 500 0013 02       		.uleb128 0x2
 501 0014 24       		.uleb128 0x24
 502 0015 00       		.byte	0
 503 0016 0B       		.uleb128 0xb
 504 0017 0B       		.uleb128 0xb
 505 0018 3E       		.uleb128 0x3e
 506 0019 0B       		.uleb128 0xb
 507 001a 03       		.uleb128 0x3
 508 001b 0E       		.uleb128 0xe
 509 001c 00       		.byte	0
 510 001d 00       		.byte	0
 511 001e 03       		.uleb128 0x3
 512 001f 24       		.uleb128 0x24
 513 0020 00       		.byte	0
 514 0021 0B       		.uleb128 0xb
 515 0022 0B       		.uleb128 0xb
 516 0023 3E       		.uleb128 0x3e
 517 0024 0B       		.uleb128 0xb
 518 0025 03       		.uleb128 0x3
 519 0026 08       		.uleb128 0x8
 520 0027 00       		.byte	0
 521 0028 00       		.byte	0
 522 0029 04       		.uleb128 0x4
 523 002a 16       		.uleb128 0x16
 524 002b 00       		.byte	0
 525 002c 03       		.uleb128 0x3
 526 002d 0E       		.uleb128 0xe
 527 002e 3A       		.uleb128 0x3a
 528 002f 0B       		.uleb128 0xb
 529 0030 3B       		.uleb128 0x3b
 530 0031 05       		.uleb128 0x5
 531 0032 49       		.uleb128 0x49
 532 0033 13       		.uleb128 0x13
 533 0034 00       		.byte	0
 534 0035 00       		.byte	0
 535 0036 05       		.uleb128 0x5
 536 0037 35       		.uleb128 0x35
 537 0038 00       		.byte	0
 538 0039 49       		.uleb128 0x49
 539 003a 13       		.uleb128 0x13
 540 003b 00       		.byte	0
 541 003c 00       		.byte	0
 542 003d 06       		.uleb128 0x6
 543 003e 2E       		.uleb128 0x2e
 544 003f 01       		.byte	0x1
 545 0040 3F       		.uleb128 0x3f
 546 0041 19       		.uleb128 0x19
 547 0042 03       		.uleb128 0x3
ARM GAS  C:\Users\elias\AppData\Local\Temp\ccmxKpuh.s 			page 23


 548 0043 0E       		.uleb128 0xe
 549 0044 3A       		.uleb128 0x3a
 550 0045 0B       		.uleb128 0xb
 551 0046 3B       		.uleb128 0x3b
 552 0047 0B       		.uleb128 0xb
 553 0048 27       		.uleb128 0x27
 554 0049 19       		.uleb128 0x19
 555 004a 11       		.uleb128 0x11
 556 004b 01       		.uleb128 0x1
 557 004c 12       		.uleb128 0x12
 558 004d 06       		.uleb128 0x6
 559 004e 40       		.uleb128 0x40
 560 004f 18       		.uleb128 0x18
 561 0050 9742     		.uleb128 0x2117
 562 0052 19       		.uleb128 0x19
 563 0053 01       		.uleb128 0x1
 564 0054 13       		.uleb128 0x13
 565 0055 00       		.byte	0
 566 0056 00       		.byte	0
 567 0057 07       		.uleb128 0x7
 568 0058 05       		.uleb128 0x5
 569 0059 00       		.byte	0
 570 005a 03       		.uleb128 0x3
 571 005b 0E       		.uleb128 0xe
 572 005c 3A       		.uleb128 0x3a
 573 005d 0B       		.uleb128 0xb
 574 005e 3B       		.uleb128 0x3b
 575 005f 0B       		.uleb128 0xb
 576 0060 49       		.uleb128 0x49
 577 0061 13       		.uleb128 0x13
 578 0062 02       		.uleb128 0x2
 579 0063 17       		.uleb128 0x17
 580 0064 00       		.byte	0
 581 0065 00       		.byte	0
 582 0066 08       		.uleb128 0x8
 583 0067 34       		.uleb128 0x34
 584 0068 00       		.byte	0
 585 0069 03       		.uleb128 0x3
 586 006a 0E       		.uleb128 0xe
 587 006b 3A       		.uleb128 0x3a
 588 006c 0B       		.uleb128 0xb
 589 006d 3B       		.uleb128 0x3b
 590 006e 0B       		.uleb128 0xb
 591 006f 49       		.uleb128 0x49
 592 0070 13       		.uleb128 0x13
 593 0071 02       		.uleb128 0x2
 594 0072 17       		.uleb128 0x17
 595 0073 00       		.byte	0
 596 0074 00       		.byte	0
 597 0075 09       		.uleb128 0x9
 598 0076 2E       		.uleb128 0x2e
 599 0077 00       		.byte	0
 600 0078 3F       		.uleb128 0x3f
 601 0079 19       		.uleb128 0x19
 602 007a 03       		.uleb128 0x3
 603 007b 0E       		.uleb128 0xe
 604 007c 3A       		.uleb128 0x3a
ARM GAS  C:\Users\elias\AppData\Local\Temp\ccmxKpuh.s 			page 24


 605 007d 0B       		.uleb128 0xb
 606 007e 3B       		.uleb128 0x3b
 607 007f 0B       		.uleb128 0xb
 608 0080 27       		.uleb128 0x27
 609 0081 19       		.uleb128 0x19
 610 0082 49       		.uleb128 0x49
 611 0083 13       		.uleb128 0x13
 612 0084 11       		.uleb128 0x11
 613 0085 01       		.uleb128 0x1
 614 0086 12       		.uleb128 0x12
 615 0087 06       		.uleb128 0x6
 616 0088 40       		.uleb128 0x40
 617 0089 18       		.uleb128 0x18
 618 008a 9742     		.uleb128 0x2117
 619 008c 19       		.uleb128 0x19
 620 008d 00       		.byte	0
 621 008e 00       		.byte	0
 622 008f 00       		.byte	0
 623              		.section	.debug_loc,"",%progbits
 624              	.Ldebug_loc0:
 625              	.LLST0:
 626 0000 00000000 		.4byte	.LVL0
 627 0004 04000000 		.4byte	.LVL1
 628 0008 0100     		.2byte	0x1
 629 000a 50       		.byte	0x50
 630 000b 04000000 		.4byte	.LVL1
 631 000f 18000000 		.4byte	.LFE0
 632 0013 0400     		.2byte	0x4
 633 0015 F3       		.byte	0xf3
 634 0016 01       		.uleb128 0x1
 635 0017 50       		.byte	0x50
 636 0018 9F       		.byte	0x9f
 637 0019 00000000 		.4byte	0
 638 001d 00000000 		.4byte	0
 639              	.LLST1:
 640 0021 06000000 		.4byte	.LVL2
 641 0025 0E000000 		.4byte	.LVL3
 642 0029 0600     		.2byte	0x6
 643 002b 73       		.byte	0x73
 644 002c 00       		.sleb128 0
 645 002d 09       		.byte	0x9
 646 002e EF       		.byte	0xef
 647 002f 1A       		.byte	0x1a
 648 0030 9F       		.byte	0x9f
 649 0031 00000000 		.4byte	0
 650 0035 00000000 		.4byte	0
 651              	.LLST2:
 652 0039 00000000 		.4byte	.LVL4
 653 003d 06000000 		.4byte	.LVL5
 654 0041 0100     		.2byte	0x1
 655 0043 50       		.byte	0x50
 656 0044 06000000 		.4byte	.LVL5
 657 0048 18000000 		.4byte	.LFE1
 658 004c 0400     		.2byte	0x4
 659 004e F3       		.byte	0xf3
 660 004f 01       		.uleb128 0x1
 661 0050 50       		.byte	0x50
ARM GAS  C:\Users\elias\AppData\Local\Temp\ccmxKpuh.s 			page 25


 662 0051 9F       		.byte	0x9f
 663 0052 00000000 		.4byte	0
 664 0056 00000000 		.4byte	0
 665              		.section	.debug_aranges,"",%progbits
 666 0000 34000000 		.4byte	0x34
 667 0004 0200     		.2byte	0x2
 668 0006 00000000 		.4byte	.Ldebug_info0
 669 000a 04       		.byte	0x4
 670 000b 00       		.byte	0
 671 000c 0000     		.2byte	0
 672 000e 0000     		.2byte	0
 673 0010 00000000 		.4byte	.LFB0
 674 0014 18000000 		.4byte	.LFE0-.LFB0
 675 0018 00000000 		.4byte	.LFB1
 676 001c 18000000 		.4byte	.LFE1-.LFB1
 677 0020 00000000 		.4byte	.LFB2
 678 0024 10000000 		.4byte	.LFE2-.LFB2
 679 0028 00000000 		.4byte	.LFB3
 680 002c 10000000 		.4byte	.LFE3-.LFB3
 681 0030 00000000 		.4byte	0
 682 0034 00000000 		.4byte	0
 683              		.section	.debug_ranges,"",%progbits
 684              	.Ldebug_ranges0:
 685 0000 00000000 		.4byte	.LFB0
 686 0004 18000000 		.4byte	.LFE0
 687 0008 00000000 		.4byte	.LFB1
 688 000c 18000000 		.4byte	.LFE1
 689 0010 00000000 		.4byte	.LFB2
 690 0014 10000000 		.4byte	.LFE2
 691 0018 00000000 		.4byte	.LFB3
 692 001c 10000000 		.4byte	.LFE3
 693 0020 00000000 		.4byte	0
 694 0024 00000000 		.4byte	0
 695              		.section	.debug_line,"",%progbits
 696              	.Ldebug_line0:
 697 0000 8E000000 		.section	.debug_str,"MS",%progbits,1
 697      02004000 
 697      00000201 
 697      FB0E0D00 
 697      01010101 
 698              	.LASF14:
 699 0000 494E705F 		.ascii	"INp_Write\000"
 699      57726974 
 699      6500
 700              	.LASF16:
 701 000a 76616C75 		.ascii	"value\000"
 701      6500
 702              	.LASF23:
 703 0010 73746174 		.ascii	"staticBits\000"
 703      69634269 
 703      747300
 704              	.LASF9:
 705 001b 666C6F61 		.ascii	"float\000"
 705      7400
 706              	.LASF1:
 707 0021 756E7369 		.ascii	"unsigned char\000"
 707      676E6564 
ARM GAS  C:\Users\elias\AppData\Local\Temp\ccmxKpuh.s 			page 26


 707      20636861 
 707      7200
 708              	.LASF20:
 709 002f 474E5520 		.ascii	"GNU C11 5.4.1 20160609 (release) [ARM/embedded-5-br"
 709      43313120 
 709      352E342E 
 709      31203230 
 709      31363036 
 710 0062 616E6368 		.ascii	"anch revision 237715] -mcpu=cortex-m3 -mthumb -g -O"
 710      20726576 
 710      6973696F 
 710      6E203233 
 710      37373135 
 711 0095 33202D66 		.ascii	"3 -ffunction-sections -ffat-lto-objects -finline-fu"
 711      66756E63 
 711      74696F6E 
 711      2D736563 
 711      74696F6E 
 712 00c8 6E637469 		.ascii	"nctions -flto\000"
 712      6F6E7320 
 712      2D666C74 
 712      6F00
 713              	.LASF5:
 714 00d6 6C6F6E67 		.ascii	"long unsigned int\000"
 714      20756E73 
 714      69676E65 
 714      6420696E 
 714      7400
 715              	.LASF22:
 716 00e8 433A5C47 		.ascii	"C:\\Github\\Tesis\\src\\psoc\\AcondicionamientoAnal"
 716      69746875 
 716      625C5465 
 716      7369735C 
 716      7372635C 
 717 0116 6F676963 		.ascii	"ogico.cydsn\000"
 717      6F2E6379 
 717      64736E00 
 718              	.LASF3:
 719 0122 73686F72 		.ascii	"short unsigned int\000"
 719      7420756E 
 719      7369676E 
 719      65642069 
 719      6E7400
 720              	.LASF10:
 721 0135 646F7562 		.ascii	"double\000"
 721      6C6500
 722              	.LASF21:
 723 013c 47656E65 		.ascii	"Generated_Source\\PSoC5\\INp.c\000"
 723      72617465 
 723      645F536F 
 723      75726365 
 723      5C50536F 
 724              	.LASF8:
 725 0159 756E7369 		.ascii	"unsigned int\000"
 725      676E6564 
 725      20696E74 
 725      00
ARM GAS  C:\Users\elias\AppData\Local\Temp\ccmxKpuh.s 			page 27


 726              	.LASF19:
 727 0166 494E705F 		.ascii	"INp_ReadDataReg\000"
 727      52656164 
 727      44617461 
 727      52656700 
 728              	.LASF18:
 729 0176 494E705F 		.ascii	"INp_Read\000"
 729      52656164 
 729      00
 730              	.LASF7:
 731 017f 6C6F6E67 		.ascii	"long long unsigned int\000"
 731      206C6F6E 
 731      6720756E 
 731      7369676E 
 731      65642069 
 732              	.LASF17:
 733 0196 6D6F6465 		.ascii	"mode\000"
 733      00
 734              	.LASF13:
 735 019b 72656738 		.ascii	"reg8\000"
 735      00
 736              	.LASF6:
 737 01a0 6C6F6E67 		.ascii	"long long int\000"
 737      206C6F6E 
 737      6720696E 
 737      7400
 738              	.LASF11:
 739 01ae 63686172 		.ascii	"char\000"
 739      00
 740              	.LASF2:
 741 01b3 73686F72 		.ascii	"short int\000"
 741      7420696E 
 741      7400
 742              	.LASF12:
 743 01bd 75696E74 		.ascii	"uint8\000"
 743      3800
 744              	.LASF4:
 745 01c3 6C6F6E67 		.ascii	"long int\000"
 745      20696E74 
 745      00
 746              	.LASF15:
 747 01cc 494E705F 		.ascii	"INp_SetDriveMode\000"
 747      53657444 
 747      72697665 
 747      4D6F6465 
 747      00
 748              	.LASF0:
 749 01dd 7369676E 		.ascii	"signed char\000"
 749      65642063 
 749      68617200 
 750              		.comm	__gnu_lto_v1,1,1
 751              		.ident	"GCC: (GNU Tools for ARM Embedded Processors) 5.4.1 20160609 (release) [ARM/embedded-5-bran
