ARM GAS  C:\Users\elias\AppData\Local\Temp\ccmwzp5S.s 			page 1


   1              		.syntax unified
   2              		.cpu cortex-m3
   3              		.fpu softvfp
   4              		.eabi_attribute 20, 1
   5              		.eabi_attribute 21, 1
   6              		.eabi_attribute 23, 3
   7              		.eabi_attribute 24, 1
   8              		.eabi_attribute 25, 1
   9              		.eabi_attribute 26, 1
  10              		.eabi_attribute 30, 2
  11              		.eabi_attribute 34, 1
  12              		.eabi_attribute 18, 4
  13              		.thumb
  14              		.syntax unified
  15              		.file	"LPF_1.c"
  16              		.text
  17              	.Ltext0:
  18              		.section	.gnu.lto_.profile.c87370ae,"",%progbits
  19 0000 789C6361 		.ascii	"x\234ca`d`a`\000\222\362B\000\000\272\000<"
  19      60646061 
  19      600092F2 
  19      420000BA 
  19      003C
  20              		.text
  21              		.section	.gnu.lto_.icf.c87370ae,"",%progbits
  22 0000 789C6361 		.ascii	"x\234ca`d\000\0019\006\004`eh:\221\303\270\346\357\215"
  22      60640001 
  22      39060460 
  22      65683A91 
  22      C3B8E6EF 
  23 0015 EB6C4CBD 		.ascii	"\353lL\275\315oO\3602\257\237\371\240\205\211\345S\363"
  23      CD6F4FF0 
  23      32AF9FF9 
  23      A08589E5 
  23      53F3
  24 0027 CF87EC0C 		.ascii	"\317\207\354\014\000\331\342\016\035"
  24      00D9E20E 
  24      1D
  25              		.text
  26              		.section	.gnu.lto_.jmpfuncs.c87370ae,"",%progbits
  27 0000 789C6361 		.ascii	"x\234ca`d\000\001A\006\004`\001b& f\0062\031\031\031"
  27      60640001 
  27      41060460 
  27      01622620 
  27      66063219 
  28 0016 EB190004 		.ascii	"\353\031\000\004d\000\246"
  28      6400A6
  29              		.text
  30              		.section	.gnu.lto_.inline.c87370ae,"",%progbits
  31 0000 789C6361 		.ascii	"x\234ca`d\000\201\030\006\004`a`\340`gd`\342\232\340"
  31      60640081 
  31      18060460 
  31      6160E060 
  31      676460E2 
  32 0016 C7C0B640 		.ascii	"\307\300\266@\236\011$\306\304\300\316\015\024b\373"
  32      9E0924C6 
  32      C4C0CE0D 
ARM GAS  C:\Users\elias\AppData\Local\Temp\ccmwzp5S.s 			page 2


  32      1462FB
  33 0025 A0071762 		.ascii	"\240\007\027b\344\002\022\314\014\314L@q \013&\314\002"
  33      E40212CC 
  33      0CCC4C40 
  33      71200B26 
  33      CC02
  34 0037 D2CCC8C0 		.ascii	"\322\314\310\300\0014\227\231\343\200\035D\234\351\002"
  34      01349799 
  34      E3801D44 
  34      9CE902
  35 0046 3F0BD86C 		.ascii	"?\013\330l\000{\355\007\331"
  35      007BED07 
  35      D9
  36              		.text
  37              		.section	.gnu.lto_.pureconst.c87370ae,"",%progbits
  38 0000 789C6361 		.ascii	"x\234ca`d\340d```a\220b\222`f`\221\002\000\002e\000"
  38      6064E064 
  38      60606061 
  38      90629260 
  38      66609102 
  39 0018 68       		.ascii	"h"
  40              		.text
  41              		.section	.gnu.lto_LPF_1_Start.part.0.c87370ae,"",%progbits
  42 0000 789C7D51 		.ascii	"x\234}Q\317kSA\020\336o\367\345\245F\003\376\001\001"
  42      CF6B5341 
  42      10DE6FF7 
  42      E5A54603 
  42      FE0101
  43 0013 8B10B007 		.ascii	"\213\020\260\007KD\005\017\336\012\365\342\241\264\340"
  43      4B44050F 
  43      DE0AF5E2 
  43      A1B4E0
  44 0022 A95024A6 		.ascii	"\251P$\2467\215\224\364\234M\322\227\250x(\212-\010"
  44      378D94F4 
  44      9C4DD297 
  44      A878288A 
  44      2D08
  45 0034 126994A6 		.ascii	"\022i\224\246\266\332D\255\372N\206 \236j\202\007\275"
  45      B6DA44AD 
  45      FA4E8620 
  45      9E6A8207 
  45      BD
  46 0045 78A8A412 		.ascii	"x\250\244\022\264\025I\260\202\004k\234\331W\305\037"
  46      B41549B0 
  46      82046B9C 
  46      D957C51F 
  47 0055 E0C232FB 		.ascii	"\340\3022\373\276\231\371f\276\357Y\002\202\317\234"
  47      BE99F966 
  47      BEEF5902 
  47      82CF9C
  48 0064 14A29FE2 		.ascii	"\024\242\237\342A\272\360\011X\3235zX\220&J(\216\251"
  48      41BAF009 
  48      58D3357A 
  48      5890264A 
  48      288EA9
  49 0077 1E05F043 		.ascii	"\036\005\360C\367@$-\251\220\304\027\271-Q\3155]\331"
  49      F740242D 
ARM GAS  C:\Users\elias\AppData\Local\Temp\ccmwzp5S.s 			page 3


  49      A990C417 
  49      B92D51CD 
  49      355DD9
  50 008a 37AFE9BC 		.ascii	"7\257\351\274\275\335\210\350b\005\216\022\242+\015"
  50      BDDD88E8 
  50      62058E12 
  50      A22B0D
  51 0099 B7C03CFA 		.ascii	"\267\300<\372\004\2255\312\337\257\005\355).\353\365"
  51      049535CA 
  51      DFAF05ED 
  51      292EEBF5 
  52 00a9 9228C2A6 		.ascii	"\222(\302\246\005@\311\017\205\3677\225\332\017.l\247"
  52      0540C90F 
  52      85F73795 
  52      DA0F2E6C 
  52      A7
  53 00ba D75FEC0E 		.ascii	"\327_\354\016\027\264N\353\312Z.8\253+\251^\207f/@Q"
  53      17B44EEB 
  53      CA5A2E38 
  53      AB2BA95E 
  53      87662F40 
  54 00cf 1B0E8710 		.ascii	"\033\016\207\020\011y\314w\020^\036\326\272\333\315"
  54      0979CC77 
  54      105E1ED6 
  54      BADBCD
  55 00de E8E9CF7B 		.ascii	"\350\351\317{\340\207p\224\224\006W\374\024\242E\227"
  55      E0877094 
  55      940657FC 
  55      14A24597 
  56 00ee 776E498B 		.ascii	"wnI\213\243jS\232c\023\351\255\326\363\227>^\201F\316"
  56      A36A539A 
  56      6313E9AD 
  56      D6F3973E 
  56      5E8146CE 
  57 0102 38D5BA7F 		.ascii	"8\325\272\177K:J\231\015\\\367\343\033\177r[_\320z/"
  57      4B3A4A99 
  57      0D5CF7E3 
  57      1B7F725B 
  57      5FD07A2F 
  58 0116 6117490D 		.ascii	"a\027I\015\303\033\253\257\236\005\362\270\221\322\006"
  58      C31BABAF 
  58      9E05F2B8 
  58      91D206
  59 0125 0796C882 		.ascii	"\007\226\310\202E\3202\270\213<\313X\311\255\226\003"
  59      45D032B8 
  59      8B3CCB58 
  59      C9AD9603 
  60 0135 CC033AF7 		.ascii	"\314\003:\367(\323 \367\274\021K\365\331wAu\300\360"
  60      28D320F7 
  60      BC114BF5 
  60      D9774175 
  60      C0F0
  61 0147 6FBACEA9 		.ascii	"o\272\316\251\035\201W\263\352\227\300\345\177\004\226"
  61      1D8157B3 
  61      EA97C0E5 
  61      7F0496
  62 0156 10A6F242 		.ascii	"\020\246\362B\251\230U\036k\004ebm\242\332\271T\313"
ARM GAS  C:\Users\elias\AppData\Local\Temp\ccmwzp5S.s 			page 4


  62      A998551E 
  62      6B046562 
  62      6DA2DAB9 
  62      54CB
  63 0168 1FFBD355 		.ascii	"\037\373\323U\275~\331\346\016\343kW\342o\323\331\026"
  63      BD7ED9E6 
  63      0EE36B57 
  63      E26FD3D9 
  63      16
  64 0179 81FBB089 		.ascii	"\201\373\260\211\370\001\354\214\302\357\312-S\177\275"
  64      F801EC8C 
  64      C2EFCA2D 
  64      537FBD
  65 0188 73EB4AC0 		.ascii	"s\353J\300\373\354\224R\332\"h\261\260\366)\310\252"
  65      FBEC9452 
  65      DA2268B1 
  65      B0F629C8 
  65      AA
  66 0199 A752ACDA 		.ascii	"\247R\254\332\207\025\204\360\320\250~D\252i\231\314"
  66      871584F0 
  66      D0A87E44 
  66      AA6999CC 
  67 01a9 B76C2D7F 		.ascii	"\267l-\177\304\343\224\036\355\346\334\302\323]\336"
  67      C4E3941E 
  67      EDE6DCC2 
  67      D35DDE
  68 01b8 CA75E0F1 		.ascii	"\312u\340\361\216\023T\301KP\025w}\315\276\316\037\367"
  68      8E1354C1 
  68      4B501577 
  68      7DCDBECE 
  68      1FF7
  69 01ca BA14413F 		.ascii	"\272\024A?\225\315\200\261\377\017~B\203\251\213,jK"
  69      95CD80B1 
  69      FF0F7E42 
  69      83A98B2C 
  69      6A4B
  70 01dc 657EE806 		.ascii	"e~\350\006\322\025w\220\225\033\347Z$\237`\372\373\373"
  70      D2157790 
  70      951BE75A 
  70      249F60FA 
  70      FBFB
  71 01ee 4EC4CEC5 		.ascii	"N\304\316\305&N'bg\306F\342\223\023\321\330\350\320"
  71      264E2762 
  71      67C646E2 
  71      9313D1D8 
  71      E8D0
  72 0200 487CE0E8 		.ascii	"H|\340\350\350\311\241\301\261C\375Q\341K\234=?0lG'"
  72      E8C9A1C1 
  72      B143FD51 
  72      E14B9C3D 
  72      3F306C47 
  73 0215 13F1F1F1 		.ascii	"\023\361\361\361\037\315\330\362\031"
  73      1FCDD8F2 
  73      19
  74              		.text
  75              		.section	.gnu.lto_LPF_1_Start.c87370ae,"",%progbits
  76 0000 789C658F 		.ascii	"x\234e\217\261KBQ\024\306\317\271\367\275\247H\202\177"
ARM GAS  C:\Users\elias\AppData\Local\Temp\ccmwzp5S.s 			page 5


  76      B14B4251 
  76      14C6CFB9 
  76      F7BDA748 
  76      827F
  77 0012 40588D2E 		.ascii	"@X\215.YDSc`K\203\344*H\330[\023\244\346w\365\371\250"
  77      59445363 
  77      604B83E4 
  77      2A48D85B 
  77      13A4E677 
  78 0029 B616DDC2 		.ascii	"\266\026\335\302)4+\244\255\007\015/\251-j\261\245\226"
  78      29342BA4 
  78      AD070D2F 
  78      A92D6AB1 
  78      A596
  79 003b 74901007 		.ascii	"t\220\020\007\205\032\032\354u\316kh\350\300\345\203"
  79      851A1AEC 
  79      75CE6B68 
  79      E8C0E583 
  80 004b EF7EE77E 		.ascii	"\357~\347~\277\253\001\002\317\032\311\002\351\012\035"
  80      BFAB0102 
  80      CF1AC902 
  80      E90A1D
  81 005a D401C5F1 		.ascii	"\324\001\305\361#@),\204\354&AE\264\2338\250\031\211"
  81      2340292C 
  81      84EC2641 
  81      45B49B38 
  81      A81989
  82 006d 1ADBA821 		.ascii	"\032\333\250!\262\2520\202%\244\206\026~\212\251\300"
  82      B2AA3082 
  82      25A48616 
  82      7E8AA9C0 
  83 007d CEC1C015 		.ascii	"\316\301\300\025\211\206\242y;\355/\251\246\207\216"
  83      8986A279 
  83      3BED2FA9 
  83      A6878E
  84 008c 04F045D0 		.ascii	"\004\360E\320\000\330\300\004P\254\177\365]\215\032"
  84      00D8C004 
  84      50AC7FF5 
  84      5D8D1A
  85 009b 158ECDFF 		.ascii	"\025\216\315\377^b\023\015\306hoy\312\367m\345U\215"
  85      5E62130D 
  85      C6686F79 
  85      CAF76DE5 
  85      558D
  86 00ad DB6B4317 		.ascii	"\333kC\027\340H\262\307\024\341\272\211\020\254r\200"
  86      E048B2C7 
  86      14E1BA89 
  86      10AC7280 
  87 00bd E5DAE4BE 		.ascii	"\345\332\344\276\247\363\226-\271\270\346t\236B\037"
  87      A7F3962D 
  87      B9B8E674 
  87      9E421F
  88 00cc C29102B9 		.ascii	"\302\221\002\271\300uG\257!k\252\016\225\212\221wD\014"
  88      C07547AF 
  88      216BAA0E 
  88      958A9177 
  88      440C
ARM GAS  C:\Users\elias\AppData\Local\Temp\ccmwzp5S.s 			page 6


  89 00de 6C0F1F9E 		.ascii	"l\017\037\236\357\"u<)\251\300\227\330\"\3603\234\245"
  89      EF22753C 
  89      29A9C097 
  89      D822F033 
  89      9CA5
  90 00f0 FE73AC23 		.ascii	"\376s\254#\364\260\362b\307\377^m\217\334\257(\277\212"
  90      F4B0F262 
  90      C7FF5E6D 
  90      8FDCAF28 
  90      BF8A
  91 0102 0878C139 		.ascii	"\010x\3019`\010\011\335\244|G;\306\311\377u\232O\020"
  91      600809DD 
  91      A47C473B 
  91      C6C9FF75 
  91      9A4F10
  92 0115 80976811 		.ascii	"\200\227h\021\275\036lh\001\366\020\313\236\233\012"
  92      BD1E6C68 
  92      01F610CB 
  92      9E9B0A
  93 0124 9678C614 		.ascii	"\226x\306\024#\233\3766\267a\356\232\305\355=s'\227"
  93      239BFE36 
  93      B761EE9A 
  93      C5ED3D73 
  93      2797
  94 0136 29EC17F3 		.ascii	")\354\027\363f6\235)\254\257f7\323\251\334\362b\036"
  94      66369D29 
  94      ACAF6637 
  94      D3A9DCF2 
  94      621E
  95 0148 7E00B838 		.ascii	"~\000\2708z\374"
  95      7AFC
  96              		.text
  97              		.section	.gnu.lto_LPF_1_Stop.c87370ae,"",%progbits
  98 0000 789C6361 		.ascii	"x\234ca`d\000\201\032 V\004bi fdf`d\232p\216\201\241"
  98      60640081 
  98      1A205604 
  98      62692066 
  98      64666064 
  99 0019 91838991 		.ascii	"\221\203\211\221\021\304h\340`d\250gb\254g\374\312\364"
  99      11C468E0 
  99      6064A867 
  99      62AC67FC 
  99      CAF4
 100 002b 9789F150 		.ascii	"\227\211\361P\373\263\235L\232\313\033\200\340\301\323"
 100      FBB39D4C 
 100      9ACB1B80 
 100      E0C1D3
 101 003a F7060D2B 		.ascii	"\367\006\015+\0160\266230\374g\002\233\304\300\270\234"
 101      0E30B632 
 101      3330FC67 
 101      029BC4C0 
 101      B89C
 102 004c 519301A8 		.ascii	"Q\223\001\250\354\321\306\177Sy\331Z@\312\024 \222\214"
 102      ECD1C67F 
 102      5379D95A 
 102      40CA1420 
 102      928C
ARM GAS  C:\Users\elias\AppData\Local\Temp\ccmwzp5S.s 			page 7


 103 005e 2B18D940 		.ascii	"+\030\331@\326\255\017:\320\360\377\177s\303\201\211"
 103      D6AD0F3A 
 103      D0F0FF7F 
 103      73C38189 
 104 006e EC07A7B0 		.ascii	"\354\007\247\260\003e>\0001\310\236\217LL \232\371\025"
 104      03653E00 
 104      31C89E8F 
 104      4C4C209A 
 104      F915
 105 0080 2313482D 		.ascii	"#\023H-\330\270\017L\214 1\240\012y\367\324\274\324"
 105      D8B80F4C 
 105      8C2031A0 
 105      0A79F7D4 
 105      BCD4
 106 0092 A2C492D4 		.ascii	"\242\304\222\324\224\370\340\374\322\242\344\324\230"
 106      94F8E0FC 
 106      D2A2E4D4 
 106      98
 107 009f 80E07C67 		.ascii	"\200\340|g\323\030\237\000\267xC\275d\006\000\276Y8"
 107      D3189F00 
 107      B77843BD 
 107      640600BE 
 107      5938
 108 00b1 52       		.ascii	"R"
 109              		.text
 110              		.section	.gnu.lto_LPF_1_SetCutoffFreq.c87370ae,"",%progbits
 111 0000 789C5550 		.ascii	"x\234UPMK[A\024\275g\346\345%\266\344\0274P\021D\262"
 111      4D4B5B41 
 111      14BD67E6 
 111      E525B6E4 
 111      17345011 
 112 0016 919422B8 		.ascii	"\221\224\"\270\350.`6.D\267\212H\214\2736E\342\332y"
 112      E82E6036 
 112      2E44B78A 
 112      488CBB36 
 112      45E2DA79 
 113 002a 89512842 		.ascii	"\211Q(B?@\205\202D\232\212\361;v\327U_\263\257\331\024"
 113      3F408582 
 113      449A8AF1 
 113      3B76D755 
 113      5FB3AFD9 
 114 003f 7792624B 		.ascii	"w\222bKh\025DE\301\246\332x\357{\03330o\346\3359\347"
 114      68154445 
 114      C1A6DA78 
 114      EF7B1B33 
 114      306FE6DD 
 115 0055 DC738F45 		.ascii	"\334s\217E YJ\021u\363\371\21074A\275\331'rB\012\220"
 115      20594A11 
 115      75F3F988 
 115      373441BD 
 115      D9277242 
 116 006b 8B0981A6 		.ascii	"\213\011\201\246\025\246q\245n\025*s\365\317*\272fx"
 116      15A671A5 
 116      6E152A73 
 116      F5CF2ABA 
 116      6678
 117 007d FD58FD17 		.ascii	"\375X\375\0273%\027yM\324T\236\022a\015QFmU\227~\205"
ARM GAS  C:\Users\elias\AppData\Local\Temp\ccmwzp5S.s 			page 8


 117      33251779 
 117      4DD4549E 
 117      12610D51 
 117      466D5597 
 118 0093 750788EF 		.ascii	"u\007\210\357\333\027\363\257\355\256Uc\262\306\274"
 118      DB17F3AF 
 118      EDAE5563 
 118      B2C6BC
 119 00a2 1D313AAF 		.ascii	"\0351:\257\201\02243\3604\202X\204\270@XG\227\200\377"
 119      81123433 
 119      F0348258 
 119      84B84058 
 119      479780FF 
 120 00b6 147FAF68 		.ascii	"\024\177\257h\035\365\210\347\331\237\337\036v\026\205"
 120      1DF588E7 
 120      D99FDF1E 
 120      761685
 121 00c5 E8D6E6C2 		.ascii	"\350\326\346\302K\306u\332\205\274q\237,\213\261G{\377"
 121      4BC675DA 
 121      85BC719F 
 121      2C8BB147 
 121      7BFF
 122 00d7 17C2F68C 		.ascii	"\027\302\366\214\330j\307&:}C\330\202\315#B*\273\203"
 122      D86AC726 
 122      3A7D43D8 
 122      82CD2342 
 122      2ABB83
 123 00ea AE693673 		.ascii	"\256i6s\306=\014~\275\016\206\024\267U<+\277X\220\356"
 123      C63D0C7E 
 123      BD0E8614 
 123      B7553C2B 
 123      BF5890EE 
 124 00fe 0129D8F2 		.ascii	"\001)\330\362!:\343-\243\237s2|\352:*\215W\373\205^"
 124      213AE32D 
 124      A39F7332 
 124      7CEA3A2A 
 124      8D57FB85 
 125 0113 D1CB6989 		.ascii	"\321\313i\211a1_\251\006/U^k\317\352\373\306\307w\017"
 125      61315FA9 
 125      062F555E 
 125      6BCFEAFB 
 125      C6C7770F 
 126 0127 FCDF46D9 		.ascii	"\374\337F\3311\026\2276\213\265\323p\001\313\316\014"
 126      31169736 
 126      8BB5D370 
 126      01CBCE0C 
 127 0137 07646107 		.ascii	"\007da\007\021l\203\375b\027\005P\035\271\233\331\357"
 127      116C83FD 
 127      62170550 
 127      1DB99BD9 
 127      EF
 128 0148 F005B5AF 		.ascii	"\360\005\265\257y\362a\375K\233\210\000U\240\314\340"
 128      79F261FD 
 128      4B9B8800 
 128      55A0CCE0 
 129 0158 23286F04 		.ascii	"#(o\0046\311(\237tPx\346\263\0029-}\212\345\322\254"
 129      36C9289F 
ARM GAS  C:\Users\elias\AppData\Local\Temp\ccmwzp5S.s 			page 9


 129      745078E6 
 129      B302392D 
 129      7D8AE5D2 
 130 016d 16968518 		.ascii	"\026\226\205\030\366\230\304\250k\333\207\370\332\001"
 130      F698C4A8 
 130      6BDB87F8 
 130      DA01
 131 017b 2E5516BD 		.ascii	".U\026\275^-\276\034c\332Z\255}bk\314\242cd\335\277"
 131      5E2DBE1C 
 131      63DA5AAD 
 131      7D626BCC 
 131      A26364DD 
 132 0190 092178F9 		.ascii	"\011!x\371\236)H\014\034\312\343D\352Ejr,\223\032\037"
 132      9E29480C 
 132      1CCAE344 
 132      EA456A72 
 132      2C931A1F 
 133 01a4 1D4A4F4D 		.ascii	"\035JOM&S\303\003C\351x\317p\377@\337\350\223\356$\331"
 133      2653C303 
 133      43E978CF 
 133      70FF40DF 
 133      E893EE24 
 134 01b9 C9A94C7A 		.ascii	"\311\251Lzb\"\220y\3762>x\007\032\301\264\311"
 134      62229079 
 134      FE323E78 
 134      071AC1B4 
 134      C9
 135              		.text
 136              		.section	.gnu.lto_.symbol_nodes.c87370ae,"",%progbits
 137 0000 789C6361 		.ascii	"x\234ca`d\210`\000\002&\326z\006\206\011\347\030\030"
 137      60648860 
 137      000226D6 
 137      7A068609 
 137      E71818
 138 0013 EA191877 		.ascii	"\352\031\030w\266,lP```e`h\024\002I1\3263B\245\030v"
 138      B62C6C50 
 138      60606065 
 138      60681402 
 138      4931D633 
 139 002b 35280205 		.ascii	"5(\002\005\230\352\231P\005\230\353\231Q\004\230\231"
 139      98EA9950 
 139      0598EB99 
 139      51049899 
 140 003b 18181EAD 		.ascii	"\030\030\036\2558\307\310\000\000S\274\023m"
 140      38C7C800 
 140      0053BC13 
 140      6D
 141              		.text
 142              		.section	.gnu.lto_.refs.c87370ae,"",%progbits
 143 0000 789C6361 		.ascii	"x\234ca`d\340f`\000\222\214@\300\004$\031\000\001M\000"
 143      6064E066 
 143      6000928C 
 143      40C00424 
 143      1900014D 
 144 0015 1A       		.ascii	"\032"
 145              		.text
 146              		.section	.gnu.lto_.decls.c87370ae,"",%progbits
ARM GAS  C:\Users\elias\AppData\Local\Temp\ccmwzp5S.s 			page 10


 147 0000 789C8D53 		.ascii	"x\234\215S]H\024Q\024\276gf]\267qK\260\010\037\026Z"
 147      5D481451 
 147      14BE6766 
 147      5DB7714B 
 147      B0081F16 
 148 0015 05C19716 		.ascii	"\005\301\227\026%\002{\211BP\210\010A\364)\020\263\265"
 148      25027B89 
 148      42508808 
 148      41F42910 
 148      B3B5
 149 0027 8450DBD6 		.ascii	"\204P\333\326\300\267k\253\024\366\220\006*\232\340"
 149      C0B76BAB 
 149      14F69006 
 149      2A9AE0
 150 0036 5F96E6CF 		.ascii	"_\226\346\317\216\253\226\332\217f\226\012iE\177\230"
 150      8EAB96DA 
 150      8F66960A 
 150      69457F98 
 151 0046 5A824A48 		.ascii	"Z\202JHFE\372 \245\333\271w\3564\273\242\321a\317\235"
 151      4645FA20 
 151      A5DBB977 
 151      EE34BBA2 
 151      D161CF9D 
 152 005a 7BEE9CEF 		.ascii	"{\356\234\357;\347|w\326D\2000\0331\021\322\204O;\206"
 152      3BE77C77 
 152      D6448030 
 152      1B3111D2 
 152      844F3B86 
 153 006e 7EB410DC 		.ascii	"~\264\020\334\247\023\303\3605\351@W\321}\350\367\321"
 153      A713C3F0 
 153      35E94057 
 153      D17DE8F7 
 153      D1
 154 007f 19F21109 		.ascii	"\031\362\021\0116\226c\026\330>t\033\372 \343G\037\026"
 154      36966316 
 154      D83E741B 
 154      FA20E347 
 154      1F16
 155 0091 3992C8DB 		.ascii	"9\222\310\333\216C\015\340\320\361\214\353)z{\000\207"
 155      8E430DE0 
 155      D0F18CEB 
 155      297A7B00 
 155      87
 156 00a2 2A78B6E2 		.ascii	"*x\266\342\360\211s}\006\020g\233\215\365\240\317\252"
 156      F089737D 
 156      0610679B 
 156      8DF5A0CF 
 156      AA
 157 00b3 F71BD82B 		.ascii	"\367\033\330+\210\234\315\266.\201\277\256\347\232e"
 157      889CCDB6 
 157      2E81BFAE 
 157      E79A65
 158 00c2 1AA64026 		.ascii	"\032\246@&BD\002\240\255\300\235h\316C\334HD\333\350"
 158      424402A0 
 158      ADC09D68 
 158      CE43DC48 
 158      44DBE8
ARM GAS  C:\Users\elias\AppData\Local\Temp\ccmwzp5S.s 			page 11


 159 00d5 477F8D88 		.ascii	"G\177\215\210\024I\337\032d\374'\360\340\327\215\223"
 159      1449DF1A 
 159      64FC27F0 
 159      E0D78D93 
 160 00e5 18EC2040 		.ascii	"\030\354 @Z\254\367-@ \031\005@\013uD\000\337\246\216"
 160      5AACF72D 
 160      40201905 
 160      400B7544 
 160      00DFA68E 
 161 00f9 F49EF532 		.ascii	"\364\236\3652\\n>\264\357\326\302EY\002\266\375\264"
 161      5C6E3EB4 
 161      EFD6C245 
 161      5902B6FD 
 161      B4
 162 010a D692E468 		.ascii	"\326\222\344h\247he\224J\373\015a^\025\253\265\362\212"
 162      A7686594 
 162      4AFB0D61 
 162      5E15ABB5 
 162      F28A
 163 011c 04110A98 		.ascii	"\004\021\012\2300\3741Q3\277\013\303=\012\3301\\\037"
 163      30FC3151 
 163      33BF0BC3 
 163      3D0AD831 
 163      5C1F
 164 012e BF512345 		.ascii	"\277Q#EVr\234\207\332M\220\276\027\332\300\006w\000"
 164      56729C87 
 164      DA4D90BE 
 164      17DAC006 
 164      7700
 165 0140 B5877688 		.ascii	"\265\207v\210\304\365\224Icz\321\364m*<\272\236\016"
 165      C4F59449 
 165      637AD1F4 
 165      6D2A3CBA 
 165      9E0E
 166 0152 A9746EFD 		.ascii	"\251tn\375\246\265\322S<\206\2608\226\005- C+8X\217"
 166      A6B5D253 
 166      3C86B038 
 166      96052D20 
 166      432B3858 
 167 0167 2DEC0A08 		.ascii	"-\354\012\010\334\206il\267\003\242\0219\252\276\177"
 167      DC86696C 
 167      B703A211 
 167      39AABE7F 
 168 0177 26C98779 		.ascii	"&\311\207y\243\377\256\350\015\252\370\241\241\344\255"
 168      A3FFAEE8 
 168      0DAAF8A1 
 168      A1E4AD
 169 0186 052BD6AB 		.ascii	"\005+\326\253\224\372(\205bJ\213$\226\003\235F\275\316"
 169      94FA2885 
 169      624A8B24 
 169      96039D46 
 169      BDCE
 170 0198 C07A2AAF 		.ascii	"\300z*\2577>\273\026%\037\343\345f\236w\015\000R\250"
 170      373EBB16 
 170      251FE3E5 
 170      669E770D 
 170      0052A8
ARM GAS  C:\Users\elias\AppData\Local\Temp\ccmwzp5S.s 			page 12


 171 01ab 2A1DDA78 		.ascii	"*\035\332xf\245eE\224\036\341\024]\006EW \205\217S\324"
 171      66A56545 
 171      941EE114 
 171      5D064557 
 171      20858F53 
 172 01c0 7B566B65 		.ascii	"{Vke9\215sxK\026Z-\250\231M\001?\260x\271\177m\247\026"
 172      398D7378 
 172      4B165A2D 
 172      A8994D01 
 172      3FB078B9 
 173 01d8 B3D7D5E5 		.ascii	"\263\327\325\345\363\033ar\016\333K\257\347\333\226"
 173      F31B6172 
 173      0EDB4BAF 
 173      E7DB96
 174 01e7 4C10ABDC 		.ascii	"L\020\253\334b\363\315\015\216\236\253\272\214\327\001"
 174      62F3CD0D 
 174      8E9EABBA 
 174      8CD701
 175 01f6 7DA0C05D 		.ascii	"}\240\300]\243\236M\301\365\012\245\227\350\367Fj\216"
 175      A39E4DC1 
 175      F50AA597 
 175      E8F7466A 
 175      8E
 176 0207 2470C006 		.ascii	"$p\300\006q6\002\367 \226\221\262,\350EMzP\023,\260"
 176      713602F7 
 176      209691B2 
 176      2CE8454D 
 176      7A50132C 
 177 021c 5855F7C5 		.ascii	"XU\367\305l\302[\347<(\016\236\265\017\314,\233\267"
 177      6CC25BE7 
 177      3C280E9E 
 177      B50FCC2C 
 177      9BB7
 178 022e 957180CB 		.ascii	"\225q\200\313\330\017B\307\217\253\275\315;P\2049vs"
 178      D80F42C7 
 178      8FABBDCD 
 178      3B508439 
 178      7673
 179 0240 3DE1951E 		.ascii	"=\341\225\036\2127Wfgi\320m\264\325\035(\303}.\303\344"
 179      8A375766 
 179      6769D06D 
 179      B4D51D28 
 179      C37D2EC3 
 180 0255 F4D8A115 		.ascii	"\364\330\241\025\255\177F45\350\355\223\344r\340Ai\363"
 180      AD7F4634 
 180      35E8ED93 
 180      E472E041 
 180      69F3
 181 0267 648B25A6 		.ascii	"d\213%\246\211\3267\322\241\207\263a\370%\260\264\207"
 181      89D637D2 
 181      A187B361 
 181      F825B0B4 
 181      87
 182 0278 1A9F1889 		.ascii	"\032\237\030\211\360\370\0016\005\217 \006AW\337\374"
 182      F0F80136 
 182      058F2006 
 182      4157DFFC 
ARM GAS  C:\Users\elias\AppData\Local\Temp\ccmwzp5S.s 			page 13


 183 0288 3E6A2D65 		.ascii	">j-e\243c\333\021c\2738\306h|\020\254\374C\307'&\257"
 183      A363DB11 
 183      63BB38C6 
 183      687C10AC 
 183      FC43C727 
 184 029e 14FF7C67 		.ascii	"\024\377|gVP(\317\377\0115\261\324\340\017\225\353x"
 184      565028CF 
 184      FF0935B1 
 184      D4E00F95 
 184      EB78
 185 02b0 7B527745 		.ascii	"{RwEuE((\261[\300\237l\001\327o,\255\346z\021\265\303"
 185      75452828 
 185      B15BC09F 
 185      6C01D76F 
 185      2CADE67A 
 186 02c7 30B6F5D8 		.ascii	"0\266\365\330\220f\010\024M\312\236\227_\275!A\003\014"
 186      90660814 
 186      4DCA9E97 
 186      5FBD2141 
 186      030C
 187 02d9 070D3022 		.ascii	"\007\0150\"\006\030\341\003\374Z\364~\266\006e\263?"
 187      0618E103 
 187      FC5AF47E 
 187      B60665B3 
 187      3F
 188 02ea 8B91FD54 		.ascii	"\213\221\375Td\263g\304\361\224\244\214\370\214Tw\246"
 188      64B367C4 
 188      F194A48C 
 188      F88C5477 
 188      A6
 189 02fb CBEDC867 		.ascii	"\313\355\310gK\234%\371D\232=1>\236\354Kv\346:]\231"
 189      4B9C25F9 
 189      449A3D31 
 189      3E9EEC4B 
 189      76E63A5D 
 190 0310 6EE7E98C 		.ascii	"n\347\351\214\324\274\002W\226\363dJj^\342\301\223\034"
 190      D4BC0257 
 190      96F3644A 
 190      6A5EE2C1 
 190      931C
 191 0322 E2C82261 		.ascii	"\342\310\"a\001XE\337\347\345\357\026[\247;\261\300"
 191      015845DF 
 191      E7E5EF16 
 191      5BA73BB1 
 191      C0
 192 0333 9D979D9D 		.ascii	"\235\227\235\235\344r\236\017)\310\311u'DmC\230U\350"
 192      E4729E0F 
 192      29C8C975 
 192      27446D43 
 192      9855E8
 193 0346 2ECC775E 		.ascii	".\314w^p\234%;5lNn\216;=\323er9\317$\374\001}\313\220"
 193      709C253B 
 193      356C4E6E 
 193      8E3B3DD3 
 193      657239CF 
 194 0360 6A       		.ascii	"j"
 195              		.text
ARM GAS  C:\Users\elias\AppData\Local\Temp\ccmwzp5S.s 			page 14


 196              		.section	.gnu.lto_.symtab.c87370ae,"",%progbits
 197 0000 4C50465F 		.ascii	"LPF_1_initVar\000"
 197      315F696E 
 197      69745661 
 197      7200
 198 000e 00       		.ascii	"\000"
 199 000f 00       		.ascii	"\000"
 200 0010 00       		.ascii	"\000"
 201 0011 00000000 		.ascii	"\000\000\000\000\000\000\000\000"
 201      00000000 
 202 0019 BE000000 		.ascii	"\276\000\000\000"
 203 001d 4C50465F 		.ascii	"LPF_1_Start\000"
 203      315F5374 
 203      61727400 
 204 0029 00       		.ascii	"\000"
 205 002a 00       		.ascii	"\000"
 206 002b 00       		.ascii	"\000"
 207 002c 00000000 		.ascii	"\000\000\000\000\000\000\000\000"
 207      00000000 
 208 0034 B0000000 		.ascii	"\260\000\000\000"
 209 0038 4C50465F 		.ascii	"LPF_1_Stop\000"
 209      315F5374 
 209      6F7000
 210 0043 00       		.ascii	"\000"
 211 0044 00       		.ascii	"\000"
 212 0045 00       		.ascii	"\000"
 213 0046 00000000 		.ascii	"\000\000\000\000\000\000\000\000"
 213      00000000 
 214 004e B2000000 		.ascii	"\262\000\000\000"
 215 0052 4C50465F 		.ascii	"LPF_1_SetCutoffFreq\000"
 215      315F5365 
 215      74437574 
 215      6F666646 
 215      72657100 
 216 0066 00       		.ascii	"\000"
 217 0067 00       		.ascii	"\000"
 218 0068 00       		.ascii	"\000"
 219 0069 00000000 		.ascii	"\000\000\000\000\000\000\000\000"
 219      00000000 
 220 0071 BB000000 		.ascii	"\273\000\000\000"
 221              		.text
 222              		.section	.gnu.lto_.opts,"",%progbits
 223 0000 272D666D 		.ascii	"'-fmath-errno' '-fsigned-zeros' '-ftrapping-math' '"
 223      6174682D 
 223      6572726E 
 223      6F272027 
 223      2D667369 
 224 0033 2D666E6F 		.ascii	"-fno-trapv' '-fno-openmp' '-fno-openacc' '-mcpu=cor"
 224      2D747261 
 224      70762720 
 224      272D666E 
 224      6F2D6F70 
 225 0066 7465782D 		.ascii	"tex-m3' '-mthumb' '-g' '-O3' '-ffunction-sections' "
 225      6D332720 
 225      272D6D74 
 225      68756D62 
 225      2720272D 
ARM GAS  C:\Users\elias\AppData\Local\Temp\ccmwzp5S.s 			page 15


 226 0099 272D6666 		.ascii	"'-ffat-lto-objects' '-finline-functions' '-flto'\000"
 226      61742D6C 
 226      746F2D6F 
 226      626A6563 
 226      74732720 
 227              		.text
 228              		.cfi_sections	.debug_frame
 229              		.section	.text.LPF_1_Start,"ax",%progbits
 230              		.align	2
 231              		.global	LPF_1_Start
 232              		.thumb
 233              		.thumb_func
 234              		.type	LPF_1_Start, %function
 235              	LPF_1_Start:
 236              	.LFB0:
 237              		.file 1 "Generated_Source\\PSoC5\\LPF_1.c"
   1:Generated_Source\PSoC5/LPF_1.c **** 
   2:Generated_Source\PSoC5/LPF_1.c **** /*******************************************************************************
   3:Generated_Source\PSoC5/LPF_1.c **** * File Name: LPF_1.c  
   4:Generated_Source\PSoC5/LPF_1.c **** * Version 1.0
   5:Generated_Source\PSoC5/LPF_1.c **** *
   6:Generated_Source\PSoC5/LPF_1.c **** *  Description:
   7:Generated_Source\PSoC5/LPF_1.c **** *    This file provides the source code to the API for the LPF
   8:Generated_Source\PSoC5/LPF_1.c **** *    component.
   9:Generated_Source\PSoC5/LPF_1.c **** *
  10:Generated_Source\PSoC5/LPF_1.c **** *   Note:
  11:Generated_Source\PSoC5/LPF_1.c **** *
  12:Generated_Source\PSoC5/LPF_1.c **** ********************************************************************************
  13:Generated_Source\PSoC5/LPF_1.c **** * Copyright (2009), Cypress Semiconductor Corporation.
  14:Generated_Source\PSoC5/LPF_1.c **** ********************************************************************************
  15:Generated_Source\PSoC5/LPF_1.c **** * This software is owned by Cypress Semiconductor Corporation (Cypress) and is 
  16:Generated_Source\PSoC5/LPF_1.c **** * protected by and subject to worldwide patent protection (United States and 
  17:Generated_Source\PSoC5/LPF_1.c **** * foreign), United States copyright laws and international treaty provisions. 
  18:Generated_Source\PSoC5/LPF_1.c **** * Cypress hereby grants to licensee a personal, non-exclusive, non-transferable 
  19:Generated_Source\PSoC5/LPF_1.c **** * license to copy, use, modify, create derivative works of, and compile the 
  20:Generated_Source\PSoC5/LPF_1.c **** * Cypress Source Code and derivative works for the sole purpose of creating 
  21:Generated_Source\PSoC5/LPF_1.c **** * custom software in support of licensee product to be used only in conjunction 
  22:Generated_Source\PSoC5/LPF_1.c **** * with a Cypress integrated circuit as specified in the applicable agreement. 
  23:Generated_Source\PSoC5/LPF_1.c **** * Any reproduction, modification, translation, compilation, or representation of 
  24:Generated_Source\PSoC5/LPF_1.c **** * this software except as specified above is prohibited without the express 
  25:Generated_Source\PSoC5/LPF_1.c **** * written permission of Cypress.
  26:Generated_Source\PSoC5/LPF_1.c **** *
  27:Generated_Source\PSoC5/LPF_1.c **** * Disclaimer: CYPRESS MAKES NO WARRANTY OF ANY KIND, EXPRESS OR IMPLIED, WITH 
  28:Generated_Source\PSoC5/LPF_1.c **** * REGARD TO THIS MATERIAL, INCLUDING, BUT NOT LIMITED TO, THE IMPLIED 
  29:Generated_Source\PSoC5/LPF_1.c **** * WARRANTIES OF MERCHANTABILITY AND FITNESS FOR A PARTICULAR PURPOSE.
  30:Generated_Source\PSoC5/LPF_1.c **** * Cypress reserves the right to make changes without further notice to the 
  31:Generated_Source\PSoC5/LPF_1.c **** * materials described herein. Cypress does not assume any liability arising out 
  32:Generated_Source\PSoC5/LPF_1.c **** * of the application or use of any product or circuit described herein. Cypress 
  33:Generated_Source\PSoC5/LPF_1.c **** * does not authorize its products for use as critical components in life-support 
  34:Generated_Source\PSoC5/LPF_1.c **** * systems where a malfunction or failure may reasonably be expected to result in 
  35:Generated_Source\PSoC5/LPF_1.c **** * significant injury to the user. The inclusion of Cypress' product in a life-
  36:Generated_Source\PSoC5/LPF_1.c **** * support systems application implies that the manufacturer assumes all risk of 
  37:Generated_Source\PSoC5/LPF_1.c **** * such use and in doing so indemnifies Cypress against all charges. Use may be 
  38:Generated_Source\PSoC5/LPF_1.c **** * limited by and subject to the applicable Cypress software license agreement. 
  39:Generated_Source\PSoC5/LPF_1.c **** *******************************************************************************/
  40:Generated_Source\PSoC5/LPF_1.c **** 
  41:Generated_Source\PSoC5/LPF_1.c **** 
ARM GAS  C:\Users\elias\AppData\Local\Temp\ccmwzp5S.s 			page 16


  42:Generated_Source\PSoC5/LPF_1.c **** #include "cytypes.h"
  43:Generated_Source\PSoC5/LPF_1.c **** #include "LPF_1.h"
  44:Generated_Source\PSoC5/LPF_1.c **** 
  45:Generated_Source\PSoC5/LPF_1.c **** 
  46:Generated_Source\PSoC5/LPF_1.c **** uint8 LPF_1_initVar = 0;
  47:Generated_Source\PSoC5/LPF_1.c **** 
  48:Generated_Source\PSoC5/LPF_1.c **** /*******************************************************************************
  49:Generated_Source\PSoC5/LPF_1.c **** * Function Name: LPF_1_Start
  50:Generated_Source\PSoC5/LPF_1.c **** ********************************************************************************
  51:Generated_Source\PSoC5/LPF_1.c **** * Summary:
  52:Generated_Source\PSoC5/LPF_1.c **** *  The start function sets the default frequency cutoff value.
  53:Generated_Source\PSoC5/LPF_1.c **** *
  54:Generated_Source\PSoC5/LPF_1.c **** * Parameters:   none
  55:Generated_Source\PSoC5/LPF_1.c **** *  
  56:Generated_Source\PSoC5/LPF_1.c **** *
  57:Generated_Source\PSoC5/LPF_1.c **** * Return: 
  58:Generated_Source\PSoC5/LPF_1.c **** *  (void) 
  59:Generated_Source\PSoC5/LPF_1.c **** *
  60:Generated_Source\PSoC5/LPF_1.c **** * Theory: 
  61:Generated_Source\PSoC5/LPF_1.c **** *
  62:Generated_Source\PSoC5/LPF_1.c **** * Side Effects:
  63:Generated_Source\PSoC5/LPF_1.c **** *
  64:Generated_Source\PSoC5/LPF_1.c **** *******************************************************************************/
  65:Generated_Source\PSoC5/LPF_1.c **** void LPF_1_Start(void) 
  66:Generated_Source\PSoC5/LPF_1.c **** {
 238              		.loc 1 66 0
 239              		.cfi_startproc
 240              		@ args = 0, pretend = 0, frame = 0
 241              		@ frame_needed = 0, uses_anonymous_args = 0
 242              		@ link register save eliminated.
  67:Generated_Source\PSoC5/LPF_1.c ****     if(LPF_1_initVar == 0)
 243              		.loc 1 67 0
 244 0000 064B     		ldr	r3, .L4
 245 0002 1A78     		ldrb	r2, [r3]	@ zero_extendqisi2
 246 0004 42B9     		cbnz	r2, .L1
 247              	.LBB10:
 248              	.LBB11:
 249              	.LBB12:
  68:Generated_Source\PSoC5/LPF_1.c ****    {
  69:Generated_Source\PSoC5/LPF_1.c ****       LPF_1_initVar = 1;  
  70:Generated_Source\PSoC5/LPF_1.c **** 
  71:Generated_Source\PSoC5/LPF_1.c ****       /* Set power */
  72:Generated_Source\PSoC5/LPF_1.c ****      LPF_1_SetCutoffFreq(LPF_1_DEFAULT_CUTOFF);
  73:Generated_Source\PSoC5/LPF_1.c ****    }
  74:Generated_Source\PSoC5/LPF_1.c **** 
  75:Generated_Source\PSoC5/LPF_1.c **** 
  76:Generated_Source\PSoC5/LPF_1.c **** }
  77:Generated_Source\PSoC5/LPF_1.c **** 
  78:Generated_Source\PSoC5/LPF_1.c **** /*******************************************************************************
  79:Generated_Source\PSoC5/LPF_1.c **** * Function Name: LPF_1_Stop
  80:Generated_Source\PSoC5/LPF_1.c **** ********************************************************************************
  81:Generated_Source\PSoC5/LPF_1.c **** * Summary:
  82:Generated_Source\PSoC5/LPF_1.c **** *   This function is only here for compatibility reasons.
  83:Generated_Source\PSoC5/LPF_1.c **** *
  84:Generated_Source\PSoC5/LPF_1.c **** * Parameters:  
  85:Generated_Source\PSoC5/LPF_1.c **** *  (void) 
  86:Generated_Source\PSoC5/LPF_1.c **** *
ARM GAS  C:\Users\elias\AppData\Local\Temp\ccmwzp5S.s 			page 17


  87:Generated_Source\PSoC5/LPF_1.c **** * Return: 
  88:Generated_Source\PSoC5/LPF_1.c **** *  (void) 
  89:Generated_Source\PSoC5/LPF_1.c **** *
  90:Generated_Source\PSoC5/LPF_1.c **** * Theory: 
  91:Generated_Source\PSoC5/LPF_1.c **** *
  92:Generated_Source\PSoC5/LPF_1.c **** * Side Effects:
  93:Generated_Source\PSoC5/LPF_1.c **** *
  94:Generated_Source\PSoC5/LPF_1.c **** *******************************************************************************/
  95:Generated_Source\PSoC5/LPF_1.c **** void LPF_1_Stop(void)
  96:Generated_Source\PSoC5/LPF_1.c **** {
  97:Generated_Source\PSoC5/LPF_1.c **** 
  98:Generated_Source\PSoC5/LPF_1.c **** }
  99:Generated_Source\PSoC5/LPF_1.c **** 
 100:Generated_Source\PSoC5/LPF_1.c **** /*******************************************************************************
 101:Generated_Source\PSoC5/LPF_1.c **** * Function Name: LPF_1_SetPower
 102:Generated_Source\PSoC5/LPF_1.c **** ********************************************************************************
 103:Generated_Source\PSoC5/LPF_1.c **** * Summary:
 104:Generated_Source\PSoC5/LPF_1.c **** *  Set the power of the PGA
 105:Generated_Source\PSoC5/LPF_1.c **** *
 106:Generated_Source\PSoC5/LPF_1.c **** * Parameters:  
 107:Generated_Source\PSoC5/LPF_1.c **** *  power:   Sets power level between (0) and (3) high power
 108:Generated_Source\PSoC5/LPF_1.c **** *
 109:Generated_Source\PSoC5/LPF_1.c **** * Return: 
 110:Generated_Source\PSoC5/LPF_1.c **** *  (void) 
 111:Generated_Source\PSoC5/LPF_1.c **** *
 112:Generated_Source\PSoC5/LPF_1.c **** * Theory: 
 113:Generated_Source\PSoC5/LPF_1.c **** *
 114:Generated_Source\PSoC5/LPF_1.c **** * Side Effects:
 115:Generated_Source\PSoC5/LPF_1.c **** *
 116:Generated_Source\PSoC5/LPF_1.c **** *******************************************************************************/
 117:Generated_Source\PSoC5/LPF_1.c **** void LPF_1_SetCutoffFreq(uint8 cutoff) 
 118:Generated_Source\PSoC5/LPF_1.c **** {
 119:Generated_Source\PSoC5/LPF_1.c ****    uint8 tmpCR;
 120:Generated_Source\PSoC5/LPF_1.c **** 
 121:Generated_Source\PSoC5/LPF_1.c ****    tmpCR = LPF_1_CR0 & ~LPF_1_RC_MASK;
 250              		.loc 1 121 0
 251 0006 064A     		ldr	r2, .L4+4
 252              	.LBE12:
 253              	.LBE11:
  69:Generated_Source\PSoC5/LPF_1.c **** 
 254              		.loc 1 69 0
 255 0008 0121     		movs	r1, #1
 256 000a 1970     		strb	r1, [r3]
 257              	.LVL0:
 258              	.LBB14:
 259              	.LBB13:
 260              		.loc 1 121 0
 261 000c 1378     		ldrb	r3, [r2]	@ zero_extendqisi2
 262              	.LVL1:
 122:Generated_Source\PSoC5/LPF_1.c ****    LPF_1_CR0 = tmpCR | (cutoff & LPF_1_RC_MASK);
 263              		.loc 1 122 0
 264 000e 03F0CF03 		and	r3, r3, #207
 265              	.LVL2:
 266 0012 43F03003 		orr	r3, r3, #48
 267 0016 1370     		strb	r3, [r2]
 268              	.LVL3:
 269              	.L1:
ARM GAS  C:\Users\elias\AppData\Local\Temp\ccmwzp5S.s 			page 18


 270 0018 7047     		bx	lr
 271              	.L5:
 272 001a 00BF     		.align	2
 273              	.L4:
 274 001c 00000000 		.word	.LANCHOR0
 275 0020 7A580040 		.word	1073764474
 276              	.LBE13:
 277              	.LBE14:
 278              	.LBE10:
 279              		.cfi_endproc
 280              	.LFE0:
 281              		.size	LPF_1_Start, .-LPF_1_Start
 282              		.section	.text.LPF_1_Stop,"ax",%progbits
 283              		.align	2
 284              		.global	LPF_1_Stop
 285              		.thumb
 286              		.thumb_func
 287              		.type	LPF_1_Stop, %function
 288              	LPF_1_Stop:
 289              	.LFB1:
  96:Generated_Source\PSoC5/LPF_1.c **** 
 290              		.loc 1 96 0
 291              		.cfi_startproc
 292              		@ args = 0, pretend = 0, frame = 0
 293              		@ frame_needed = 0, uses_anonymous_args = 0
 294              		@ link register save eliminated.
 295 0000 7047     		bx	lr
 296              		.cfi_endproc
 297              	.LFE1:
 298              		.size	LPF_1_Stop, .-LPF_1_Stop
 299 0002 00BF     		.section	.text.LPF_1_SetCutoffFreq,"ax",%progbits
 300              		.align	2
 301              		.global	LPF_1_SetCutoffFreq
 302              		.thumb
 303              		.thumb_func
 304              		.type	LPF_1_SetCutoffFreq, %function
 305              	LPF_1_SetCutoffFreq:
 306              	.LFB2:
 118:Generated_Source\PSoC5/LPF_1.c ****    uint8 tmpCR;
 307              		.loc 1 118 0
 308              		.cfi_startproc
 309              		@ args = 0, pretend = 0, frame = 0
 310              		@ frame_needed = 0, uses_anonymous_args = 0
 311              		@ link register save eliminated.
 312              	.LVL4:
 121:Generated_Source\PSoC5/LPF_1.c ****    LPF_1_CR0 = tmpCR | (cutoff & LPF_1_RC_MASK);
 313              		.loc 1 121 0
 314 0000 044A     		ldr	r2, .L8
 315              		.loc 1 122 0
 316 0002 00F03000 		and	r0, r0, #48
 317              	.LVL5:
 121:Generated_Source\PSoC5/LPF_1.c ****    LPF_1_CR0 = tmpCR | (cutoff & LPF_1_RC_MASK);
 318              		.loc 1 121 0
 319 0006 1378     		ldrb	r3, [r2]	@ zero_extendqisi2
 320              	.LVL6:
 321              		.loc 1 122 0
 322 0008 03F0CF03 		and	r3, r3, #207
ARM GAS  C:\Users\elias\AppData\Local\Temp\ccmwzp5S.s 			page 19


 323              	.LVL7:
 324 000c 1843     		orrs	r0, r0, r3
 325 000e 1070     		strb	r0, [r2]
 326 0010 7047     		bx	lr
 327              	.L9:
 328 0012 00BF     		.align	2
 329              	.L8:
 330 0014 7A580040 		.word	1073764474
 331              		.cfi_endproc
 332              	.LFE2:
 333              		.size	LPF_1_SetCutoffFreq, .-LPF_1_SetCutoffFreq
 334              		.global	LPF_1_initVar
 335              		.bss
 336              		.set	.LANCHOR0,. + 0
 337              		.type	LPF_1_initVar, %object
 338              		.size	LPF_1_initVar, 1
 339              	LPF_1_initVar:
 340 0000 00       		.space	1
 341              		.text
 342              	.Letext0:
 343              		.file 2 "Generated_Source\\PSoC5\\cytypes.h"
 344              		.section	.debug_info,"",%progbits
 345              	.Ldebug_info0:
 346 0000 49010000 		.4byte	0x149
 347 0004 0400     		.2byte	0x4
 348 0006 00000000 		.4byte	.Ldebug_abbrev0
 349 000a 04       		.byte	0x4
 350 000b 01       		.uleb128 0x1
 351 000c 44000000 		.4byte	.LASF14
 352 0010 0C       		.byte	0xc
 353 0011 17000000 		.4byte	.LASF15
 354 0015 FD000000 		.4byte	.LASF16
 355 0019 18000000 		.4byte	.Ldebug_ranges0+0x18
 356 001d 00000000 		.4byte	0
 357 0021 00000000 		.4byte	.Ldebug_line0
 358 0025 02       		.uleb128 0x2
 359 0026 01       		.byte	0x1
 360 0027 06       		.byte	0x6
 361 0028 DB010000 		.4byte	.LASF0
 362 002c 02       		.uleb128 0x2
 363 002d 01       		.byte	0x1
 364 002e 08       		.byte	0x8
 365 002f 36000000 		.4byte	.LASF1
 366 0033 02       		.uleb128 0x2
 367 0034 02       		.byte	0x2
 368 0035 05       		.byte	0x5
 369 0036 B4010000 		.4byte	.LASF2
 370 003a 02       		.uleb128 0x2
 371 003b 02       		.byte	0x2
 372 003c 07       		.byte	0x7
 373 003d 37010000 		.4byte	.LASF3
 374 0041 02       		.uleb128 0x2
 375 0042 04       		.byte	0x4
 376 0043 05       		.byte	0x5
 377 0044 C4010000 		.4byte	.LASF4
 378 0048 02       		.uleb128 0x2
 379 0049 04       		.byte	0x4
ARM GAS  C:\Users\elias\AppData\Local\Temp\ccmwzp5S.s 			page 20


 380 004a 07       		.byte	0x7
 381 004b EB000000 		.4byte	.LASF5
 382 004f 02       		.uleb128 0x2
 383 0050 08       		.byte	0x8
 384 0051 05       		.byte	0x5
 385 0052 A1010000 		.4byte	.LASF6
 386 0056 02       		.uleb128 0x2
 387 0057 08       		.byte	0x8
 388 0058 07       		.byte	0x7
 389 0059 5E010000 		.4byte	.LASF7
 390 005d 03       		.uleb128 0x3
 391 005e 04       		.byte	0x4
 392 005f 05       		.byte	0x5
 393 0060 696E7400 		.ascii	"int\000"
 394 0064 02       		.uleb128 0x2
 395 0065 04       		.byte	0x4
 396 0066 07       		.byte	0x7
 397 0067 51010000 		.4byte	.LASF8
 398 006b 04       		.uleb128 0x4
 399 006c BE010000 		.4byte	.LASF12
 400 0070 02       		.byte	0x2
 401 0071 E901     		.2byte	0x1e9
 402 0073 2C000000 		.4byte	0x2c
 403 0077 02       		.uleb128 0x2
 404 0078 04       		.byte	0x4
 405 0079 04       		.byte	0x4
 406 007a 11000000 		.4byte	.LASF9
 407 007e 02       		.uleb128 0x2
 408 007f 08       		.byte	0x8
 409 0080 04       		.byte	0x4
 410 0081 4A010000 		.4byte	.LASF10
 411 0085 02       		.uleb128 0x2
 412 0086 01       		.byte	0x1
 413 0087 08       		.byte	0x8
 414 0088 AF010000 		.4byte	.LASF11
 415 008c 04       		.uleb128 0x4
 416 008d 89010000 		.4byte	.LASF13
 417 0091 02       		.byte	0x2
 418 0092 9302     		.2byte	0x293
 419 0094 98000000 		.4byte	0x98
 420 0098 05       		.uleb128 0x5
 421 0099 6B000000 		.4byte	0x6b
 422 009d 06       		.uleb128 0x6
 423 009e 75010000 		.4byte	.LASF17
 424 00a2 01       		.byte	0x1
 425 00a3 75       		.byte	0x75
 426 00a4 01       		.byte	0x1
 427 00a5 C0000000 		.4byte	0xc0
 428 00a9 07       		.uleb128 0x7
 429 00aa 9A010000 		.4byte	.LASF18
 430 00ae 01       		.byte	0x1
 431 00af 75       		.byte	0x75
 432 00b0 6B000000 		.4byte	0x6b
 433 00b4 08       		.uleb128 0x8
 434 00b5 00000000 		.4byte	.LASF19
 435 00b9 01       		.byte	0x1
 436 00ba 77       		.byte	0x77
ARM GAS  C:\Users\elias\AppData\Local\Temp\ccmwzp5S.s 			page 21


 437 00bb 6B000000 		.4byte	0x6b
 438 00bf 00       		.byte	0
 439 00c0 09       		.uleb128 0x9
 440 00c1 8E010000 		.4byte	.LASF20
 441 00c5 01       		.byte	0x1
 442 00c6 41       		.byte	0x41
 443 00c7 01       		.byte	0x1
 444 00c8 0A       		.uleb128 0xa
 445 00c9 C0000000 		.4byte	0xc0
 446 00cd 00000000 		.4byte	.LFB0
 447 00d1 24000000 		.4byte	.LFE0-.LFB0
 448 00d5 01       		.uleb128 0x1
 449 00d6 9C       		.byte	0x9c
 450 00d7 04010000 		.4byte	0x104
 451 00db 0B       		.uleb128 0xb
 452 00dc 9D000000 		.4byte	0x9d
 453 00e0 06000000 		.4byte	.LBB11
 454 00e4 00000000 		.4byte	.Ldebug_ranges0+0
 455 00e8 01       		.byte	0x1
 456 00e9 48       		.byte	0x48
 457 00ea 0C       		.uleb128 0xc
 458 00eb A9000000 		.4byte	0xa9
 459 00ef 00000000 		.4byte	.LLST0
 460 00f3 0D       		.uleb128 0xd
 461 00f4 00000000 		.4byte	.Ldebug_ranges0+0
 462 00f8 0E       		.uleb128 0xe
 463 00f9 B4000000 		.4byte	0xb4
 464 00fd 15000000 		.4byte	.LLST1
 465 0101 00       		.byte	0
 466 0102 00       		.byte	0
 467 0103 00       		.byte	0
 468 0104 0F       		.uleb128 0xf
 469 0105 06000000 		.4byte	.LASF21
 470 0109 01       		.byte	0x1
 471 010a 5F       		.byte	0x5f
 472 010b 00000000 		.4byte	.LFB1
 473 010f 02000000 		.4byte	.LFE1-.LFB1
 474 0113 01       		.uleb128 0x1
 475 0114 9C       		.byte	0x9c
 476 0115 0A       		.uleb128 0xa
 477 0116 9D000000 		.4byte	0x9d
 478 011a 00000000 		.4byte	.LFB2
 479 011e 18000000 		.4byte	.LFE2-.LFB2
 480 0122 01       		.uleb128 0x1
 481 0123 9C       		.byte	0x9c
 482 0124 3B010000 		.4byte	0x13b
 483 0128 0C       		.uleb128 0xc
 484 0129 A9000000 		.4byte	0xa9
 485 012d 2D000000 		.4byte	.LLST2
 486 0131 0E       		.uleb128 0xe
 487 0132 B4000000 		.4byte	0xb4
 488 0136 4E000000 		.4byte	.LLST3
 489 013a 00       		.byte	0
 490 013b 10       		.uleb128 0x10
 491 013c CD010000 		.4byte	.LASF22
 492 0140 01       		.byte	0x1
 493 0141 2E       		.byte	0x2e
ARM GAS  C:\Users\elias\AppData\Local\Temp\ccmwzp5S.s 			page 22


 494 0142 6B000000 		.4byte	0x6b
 495 0146 05       		.uleb128 0x5
 496 0147 03       		.byte	0x3
 497 0148 00000000 		.4byte	LPF_1_initVar
 498 014c 00       		.byte	0
 499              		.section	.debug_abbrev,"",%progbits
 500              	.Ldebug_abbrev0:
 501 0000 01       		.uleb128 0x1
 502 0001 11       		.uleb128 0x11
 503 0002 01       		.byte	0x1
 504 0003 25       		.uleb128 0x25
 505 0004 0E       		.uleb128 0xe
 506 0005 13       		.uleb128 0x13
 507 0006 0B       		.uleb128 0xb
 508 0007 03       		.uleb128 0x3
 509 0008 0E       		.uleb128 0xe
 510 0009 1B       		.uleb128 0x1b
 511 000a 0E       		.uleb128 0xe
 512 000b 55       		.uleb128 0x55
 513 000c 17       		.uleb128 0x17
 514 000d 11       		.uleb128 0x11
 515 000e 01       		.uleb128 0x1
 516 000f 10       		.uleb128 0x10
 517 0010 17       		.uleb128 0x17
 518 0011 00       		.byte	0
 519 0012 00       		.byte	0
 520 0013 02       		.uleb128 0x2
 521 0014 24       		.uleb128 0x24
 522 0015 00       		.byte	0
 523 0016 0B       		.uleb128 0xb
 524 0017 0B       		.uleb128 0xb
 525 0018 3E       		.uleb128 0x3e
 526 0019 0B       		.uleb128 0xb
 527 001a 03       		.uleb128 0x3
 528 001b 0E       		.uleb128 0xe
 529 001c 00       		.byte	0
 530 001d 00       		.byte	0
 531 001e 03       		.uleb128 0x3
 532 001f 24       		.uleb128 0x24
 533 0020 00       		.byte	0
 534 0021 0B       		.uleb128 0xb
 535 0022 0B       		.uleb128 0xb
 536 0023 3E       		.uleb128 0x3e
 537 0024 0B       		.uleb128 0xb
 538 0025 03       		.uleb128 0x3
 539 0026 08       		.uleb128 0x8
 540 0027 00       		.byte	0
 541 0028 00       		.byte	0
 542 0029 04       		.uleb128 0x4
 543 002a 16       		.uleb128 0x16
 544 002b 00       		.byte	0
 545 002c 03       		.uleb128 0x3
 546 002d 0E       		.uleb128 0xe
 547 002e 3A       		.uleb128 0x3a
 548 002f 0B       		.uleb128 0xb
 549 0030 3B       		.uleb128 0x3b
 550 0031 05       		.uleb128 0x5
ARM GAS  C:\Users\elias\AppData\Local\Temp\ccmwzp5S.s 			page 23


 551 0032 49       		.uleb128 0x49
 552 0033 13       		.uleb128 0x13
 553 0034 00       		.byte	0
 554 0035 00       		.byte	0
 555 0036 05       		.uleb128 0x5
 556 0037 35       		.uleb128 0x35
 557 0038 00       		.byte	0
 558 0039 49       		.uleb128 0x49
 559 003a 13       		.uleb128 0x13
 560 003b 00       		.byte	0
 561 003c 00       		.byte	0
 562 003d 06       		.uleb128 0x6
 563 003e 2E       		.uleb128 0x2e
 564 003f 01       		.byte	0x1
 565 0040 3F       		.uleb128 0x3f
 566 0041 19       		.uleb128 0x19
 567 0042 03       		.uleb128 0x3
 568 0043 0E       		.uleb128 0xe
 569 0044 3A       		.uleb128 0x3a
 570 0045 0B       		.uleb128 0xb
 571 0046 3B       		.uleb128 0x3b
 572 0047 0B       		.uleb128 0xb
 573 0048 27       		.uleb128 0x27
 574 0049 19       		.uleb128 0x19
 575 004a 20       		.uleb128 0x20
 576 004b 0B       		.uleb128 0xb
 577 004c 01       		.uleb128 0x1
 578 004d 13       		.uleb128 0x13
 579 004e 00       		.byte	0
 580 004f 00       		.byte	0
 581 0050 07       		.uleb128 0x7
 582 0051 05       		.uleb128 0x5
 583 0052 00       		.byte	0
 584 0053 03       		.uleb128 0x3
 585 0054 0E       		.uleb128 0xe
 586 0055 3A       		.uleb128 0x3a
 587 0056 0B       		.uleb128 0xb
 588 0057 3B       		.uleb128 0x3b
 589 0058 0B       		.uleb128 0xb
 590 0059 49       		.uleb128 0x49
 591 005a 13       		.uleb128 0x13
 592 005b 00       		.byte	0
 593 005c 00       		.byte	0
 594 005d 08       		.uleb128 0x8
 595 005e 34       		.uleb128 0x34
 596 005f 00       		.byte	0
 597 0060 03       		.uleb128 0x3
 598 0061 0E       		.uleb128 0xe
 599 0062 3A       		.uleb128 0x3a
 600 0063 0B       		.uleb128 0xb
 601 0064 3B       		.uleb128 0x3b
 602 0065 0B       		.uleb128 0xb
 603 0066 49       		.uleb128 0x49
 604 0067 13       		.uleb128 0x13
 605 0068 00       		.byte	0
 606 0069 00       		.byte	0
 607 006a 09       		.uleb128 0x9
ARM GAS  C:\Users\elias\AppData\Local\Temp\ccmwzp5S.s 			page 24


 608 006b 2E       		.uleb128 0x2e
 609 006c 00       		.byte	0
 610 006d 3F       		.uleb128 0x3f
 611 006e 19       		.uleb128 0x19
 612 006f 03       		.uleb128 0x3
 613 0070 0E       		.uleb128 0xe
 614 0071 3A       		.uleb128 0x3a
 615 0072 0B       		.uleb128 0xb
 616 0073 3B       		.uleb128 0x3b
 617 0074 0B       		.uleb128 0xb
 618 0075 27       		.uleb128 0x27
 619 0076 19       		.uleb128 0x19
 620 0077 20       		.uleb128 0x20
 621 0078 0B       		.uleb128 0xb
 622 0079 00       		.byte	0
 623 007a 00       		.byte	0
 624 007b 0A       		.uleb128 0xa
 625 007c 2E       		.uleb128 0x2e
 626 007d 01       		.byte	0x1
 627 007e 31       		.uleb128 0x31
 628 007f 13       		.uleb128 0x13
 629 0080 11       		.uleb128 0x11
 630 0081 01       		.uleb128 0x1
 631 0082 12       		.uleb128 0x12
 632 0083 06       		.uleb128 0x6
 633 0084 40       		.uleb128 0x40
 634 0085 18       		.uleb128 0x18
 635 0086 9742     		.uleb128 0x2117
 636 0088 19       		.uleb128 0x19
 637 0089 01       		.uleb128 0x1
 638 008a 13       		.uleb128 0x13
 639 008b 00       		.byte	0
 640 008c 00       		.byte	0
 641 008d 0B       		.uleb128 0xb
 642 008e 1D       		.uleb128 0x1d
 643 008f 01       		.byte	0x1
 644 0090 31       		.uleb128 0x31
 645 0091 13       		.uleb128 0x13
 646 0092 52       		.uleb128 0x52
 647 0093 01       		.uleb128 0x1
 648 0094 55       		.uleb128 0x55
 649 0095 17       		.uleb128 0x17
 650 0096 58       		.uleb128 0x58
 651 0097 0B       		.uleb128 0xb
 652 0098 59       		.uleb128 0x59
 653 0099 0B       		.uleb128 0xb
 654 009a 00       		.byte	0
 655 009b 00       		.byte	0
 656 009c 0C       		.uleb128 0xc
 657 009d 05       		.uleb128 0x5
 658 009e 00       		.byte	0
 659 009f 31       		.uleb128 0x31
 660 00a0 13       		.uleb128 0x13
 661 00a1 02       		.uleb128 0x2
 662 00a2 17       		.uleb128 0x17
 663 00a3 00       		.byte	0
 664 00a4 00       		.byte	0
ARM GAS  C:\Users\elias\AppData\Local\Temp\ccmwzp5S.s 			page 25


 665 00a5 0D       		.uleb128 0xd
 666 00a6 0B       		.uleb128 0xb
 667 00a7 01       		.byte	0x1
 668 00a8 55       		.uleb128 0x55
 669 00a9 17       		.uleb128 0x17
 670 00aa 00       		.byte	0
 671 00ab 00       		.byte	0
 672 00ac 0E       		.uleb128 0xe
 673 00ad 34       		.uleb128 0x34
 674 00ae 00       		.byte	0
 675 00af 31       		.uleb128 0x31
 676 00b0 13       		.uleb128 0x13
 677 00b1 02       		.uleb128 0x2
 678 00b2 17       		.uleb128 0x17
 679 00b3 00       		.byte	0
 680 00b4 00       		.byte	0
 681 00b5 0F       		.uleb128 0xf
 682 00b6 2E       		.uleb128 0x2e
 683 00b7 00       		.byte	0
 684 00b8 3F       		.uleb128 0x3f
 685 00b9 19       		.uleb128 0x19
 686 00ba 03       		.uleb128 0x3
 687 00bb 0E       		.uleb128 0xe
 688 00bc 3A       		.uleb128 0x3a
 689 00bd 0B       		.uleb128 0xb
 690 00be 3B       		.uleb128 0x3b
 691 00bf 0B       		.uleb128 0xb
 692 00c0 27       		.uleb128 0x27
 693 00c1 19       		.uleb128 0x19
 694 00c2 11       		.uleb128 0x11
 695 00c3 01       		.uleb128 0x1
 696 00c4 12       		.uleb128 0x12
 697 00c5 06       		.uleb128 0x6
 698 00c6 40       		.uleb128 0x40
 699 00c7 18       		.uleb128 0x18
 700 00c8 9742     		.uleb128 0x2117
 701 00ca 19       		.uleb128 0x19
 702 00cb 00       		.byte	0
 703 00cc 00       		.byte	0
 704 00cd 10       		.uleb128 0x10
 705 00ce 34       		.uleb128 0x34
 706 00cf 00       		.byte	0
 707 00d0 03       		.uleb128 0x3
 708 00d1 0E       		.uleb128 0xe
 709 00d2 3A       		.uleb128 0x3a
 710 00d3 0B       		.uleb128 0xb
 711 00d4 3B       		.uleb128 0x3b
 712 00d5 0B       		.uleb128 0xb
 713 00d6 49       		.uleb128 0x49
 714 00d7 13       		.uleb128 0x13
 715 00d8 3F       		.uleb128 0x3f
 716 00d9 19       		.uleb128 0x19
 717 00da 02       		.uleb128 0x2
 718 00db 18       		.uleb128 0x18
 719 00dc 00       		.byte	0
 720 00dd 00       		.byte	0
 721 00de 00       		.byte	0
ARM GAS  C:\Users\elias\AppData\Local\Temp\ccmwzp5S.s 			page 26


 722              		.section	.debug_loc,"",%progbits
 723              	.Ldebug_loc0:
 724              	.LLST0:
 725 0000 0C000000 		.4byte	.LVL0
 726 0004 18000000 		.4byte	.LVL3
 727 0008 0300     		.2byte	0x3
 728 000a 08       		.byte	0x8
 729 000b 30       		.byte	0x30
 730 000c 9F       		.byte	0x9f
 731 000d 00000000 		.4byte	0
 732 0011 00000000 		.4byte	0
 733              	.LLST1:
 734 0015 0E000000 		.4byte	.LVL1
 735 0019 12000000 		.4byte	.LVL2
 736 001d 0600     		.2byte	0x6
 737 001f 73       		.byte	0x73
 738 0020 00       		.sleb128 0
 739 0021 09       		.byte	0x9
 740 0022 CF       		.byte	0xcf
 741 0023 1A       		.byte	0x1a
 742 0024 9F       		.byte	0x9f
 743 0025 00000000 		.4byte	0
 744 0029 00000000 		.4byte	0
 745              	.LLST2:
 746 002d 00000000 		.4byte	.LVL4
 747 0031 06000000 		.4byte	.LVL5
 748 0035 0100     		.2byte	0x1
 749 0037 50       		.byte	0x50
 750 0038 06000000 		.4byte	.LVL5
 751 003c 18000000 		.4byte	.LFE2
 752 0040 0400     		.2byte	0x4
 753 0042 F3       		.byte	0xf3
 754 0043 01       		.uleb128 0x1
 755 0044 50       		.byte	0x50
 756 0045 9F       		.byte	0x9f
 757 0046 00000000 		.4byte	0
 758 004a 00000000 		.4byte	0
 759              	.LLST3:
 760 004e 08000000 		.4byte	.LVL6
 761 0052 0C000000 		.4byte	.LVL7
 762 0056 0600     		.2byte	0x6
 763 0058 73       		.byte	0x73
 764 0059 00       		.sleb128 0
 765 005a 09       		.byte	0x9
 766 005b CF       		.byte	0xcf
 767 005c 1A       		.byte	0x1a
 768 005d 9F       		.byte	0x9f
 769 005e 00000000 		.4byte	0
 770 0062 00000000 		.4byte	0
 771              		.section	.debug_aranges,"",%progbits
 772 0000 2C000000 		.4byte	0x2c
 773 0004 0200     		.2byte	0x2
 774 0006 00000000 		.4byte	.Ldebug_info0
 775 000a 04       		.byte	0x4
 776 000b 00       		.byte	0
 777 000c 0000     		.2byte	0
 778 000e 0000     		.2byte	0
ARM GAS  C:\Users\elias\AppData\Local\Temp\ccmwzp5S.s 			page 27


 779 0010 00000000 		.4byte	.LFB0
 780 0014 24000000 		.4byte	.LFE0-.LFB0
 781 0018 00000000 		.4byte	.LFB1
 782 001c 02000000 		.4byte	.LFE1-.LFB1
 783 0020 00000000 		.4byte	.LFB2
 784 0024 18000000 		.4byte	.LFE2-.LFB2
 785 0028 00000000 		.4byte	0
 786 002c 00000000 		.4byte	0
 787              		.section	.debug_ranges,"",%progbits
 788              	.Ldebug_ranges0:
 789 0000 06000000 		.4byte	.LBB11
 790 0004 08000000 		.4byte	.LBE11
 791 0008 0C000000 		.4byte	.LBB14
 792 000c 24000000 		.4byte	.LBE14
 793 0010 00000000 		.4byte	0
 794 0014 00000000 		.4byte	0
 795 0018 00000000 		.4byte	.LFB0
 796 001c 24000000 		.4byte	.LFE0
 797 0020 00000000 		.4byte	.LFB1
 798 0024 02000000 		.4byte	.LFE1
 799 0028 00000000 		.4byte	.LFB2
 800 002c 18000000 		.4byte	.LFE2
 801 0030 00000000 		.4byte	0
 802 0034 00000000 		.4byte	0
 803              		.section	.debug_line,"",%progbits
 804              	.Ldebug_line0:
 805 0000 87000000 		.section	.debug_str,"MS",%progbits,1
 805      02004200 
 805      00000201 
 805      FB0E0D00 
 805      01010101 
 806              	.LASF19:
 807 0000 746D7043 		.ascii	"tmpCR\000"
 807      5200
 808              	.LASF21:
 809 0006 4C50465F 		.ascii	"LPF_1_Stop\000"
 809      315F5374 
 809      6F7000
 810              	.LASF9:
 811 0011 666C6F61 		.ascii	"float\000"
 811      7400
 812              	.LASF15:
 813 0017 47656E65 		.ascii	"Generated_Source\\PSoC5\\LPF_1.c\000"
 813      72617465 
 813      645F536F 
 813      75726365 
 813      5C50536F 
 814              	.LASF1:
 815 0036 756E7369 		.ascii	"unsigned char\000"
 815      676E6564 
 815      20636861 
 815      7200
 816              	.LASF14:
 817 0044 474E5520 		.ascii	"GNU C11 5.4.1 20160609 (release) [ARM/embedded-5-br"
 817      43313120 
 817      352E342E 
 817      31203230 
ARM GAS  C:\Users\elias\AppData\Local\Temp\ccmwzp5S.s 			page 28


 817      31363036 
 818 0077 616E6368 		.ascii	"anch revision 237715] -mcpu=cortex-m3 -mthumb -g -O"
 818      20726576 
 818      6973696F 
 818      6E203233 
 818      37373135 
 819 00aa 33202D66 		.ascii	"3 -ffunction-sections -ffat-lto-objects -finline-fu"
 819      66756E63 
 819      74696F6E 
 819      2D736563 
 819      74696F6E 
 820 00dd 6E637469 		.ascii	"nctions -flto\000"
 820      6F6E7320 
 820      2D666C74 
 820      6F00
 821              	.LASF5:
 822 00eb 6C6F6E67 		.ascii	"long unsigned int\000"
 822      20756E73 
 822      69676E65 
 822      6420696E 
 822      7400
 823              	.LASF16:
 824 00fd 433A5C47 		.ascii	"C:\\Github\\Tesis\\src\\psoc\\AcondicionamientoAnal"
 824      69746875 
 824      625C5465 
 824      7369735C 
 824      7372635C 
 825 012b 6F676963 		.ascii	"ogico.cydsn\000"
 825      6F2E6379 
 825      64736E00 
 826              	.LASF3:
 827 0137 73686F72 		.ascii	"short unsigned int\000"
 827      7420756E 
 827      7369676E 
 827      65642069 
 827      6E7400
 828              	.LASF10:
 829 014a 646F7562 		.ascii	"double\000"
 829      6C6500
 830              	.LASF8:
 831 0151 756E7369 		.ascii	"unsigned int\000"
 831      676E6564 
 831      20696E74 
 831      00
 832              	.LASF7:
 833 015e 6C6F6E67 		.ascii	"long long unsigned int\000"
 833      206C6F6E 
 833      6720756E 
 833      7369676E 
 833      65642069 
 834              	.LASF17:
 835 0175 4C50465F 		.ascii	"LPF_1_SetCutoffFreq\000"
 835      315F5365 
 835      74437574 
 835      6F666646 
 835      72657100 
 836              	.LASF13:
ARM GAS  C:\Users\elias\AppData\Local\Temp\ccmwzp5S.s 			page 29


 837 0189 72656738 		.ascii	"reg8\000"
 837      00
 838              	.LASF20:
 839 018e 4C50465F 		.ascii	"LPF_1_Start\000"
 839      315F5374 
 839      61727400 
 840              	.LASF18:
 841 019a 6375746F 		.ascii	"cutoff\000"
 841      666600
 842              	.LASF6:
 843 01a1 6C6F6E67 		.ascii	"long long int\000"
 843      206C6F6E 
 843      6720696E 
 843      7400
 844              	.LASF11:
 845 01af 63686172 		.ascii	"char\000"
 845      00
 846              	.LASF2:
 847 01b4 73686F72 		.ascii	"short int\000"
 847      7420696E 
 847      7400
 848              	.LASF12:
 849 01be 75696E74 		.ascii	"uint8\000"
 849      3800
 850              	.LASF4:
 851 01c4 6C6F6E67 		.ascii	"long int\000"
 851      20696E74 
 851      00
 852              	.LASF22:
 853 01cd 4C50465F 		.ascii	"LPF_1_initVar\000"
 853      315F696E 
 853      69745661 
 853      7200
 854              	.LASF0:
 855 01db 7369676E 		.ascii	"signed char\000"
 855      65642063 
 855      68617200 
 856              		.comm	__gnu_lto_v1,1,1
 857              		.ident	"GCC: (GNU Tools for ARM Embedded Processors) 5.4.1 20160609 (release) [ARM/embedded-5-bran
