ARM GAS  C:\Users\elias\AppData\Local\Temp\ccS8U5Xc.s 			page 1


   1              		.syntax unified
   2              		.cpu cortex-m3
   3              		.fpu softvfp
   4              		.eabi_attribute 20, 1
   5              		.eabi_attribute 21, 1
   6              		.eabi_attribute 23, 3
   7              		.eabi_attribute 24, 1
   8              		.eabi_attribute 25, 1
   9              		.eabi_attribute 26, 1
  10              		.eabi_attribute 30, 2
  11              		.eabi_attribute 34, 1
  12              		.eabi_attribute 18, 4
  13              		.thumb
  14              		.syntax unified
  15              		.file	"Opa_LP_PM.c"
  16              		.text
  17              	.Ltext0:
  18              		.section	.gnu.lto_.profile.285c1165,"",%progbits
  19 0000 789C6361 		.ascii	"x\234ca`d`a`\000\222\252\374\000\000\303\000?"
  19      60646061 
  19      600092AA 
  19      FC0000C3 
  19      003F
  20              		.text
  21              		.section	.gnu.lto_.icf.285c1165,"",%progbits
  22 0000 789C6361 		.ascii	"x\234ca`d\000\001\005\006\004`eX?\363A\013\023#\230"
  22      60640001 
  22      05060460 
  22      65583FF3 
  22      410B1323 
  23 0015 64EA3C7C 		.ascii	"d\352<|\353&/\363\244\355\213\3572\263\374Z<\253\213"
  23      EB262FF3 
  23      A4ED8BEF 
  23      32B3FC5A 
  23      3CAB8B
  24 0028 950100EC 		.ascii	"\225\001\000\354_\016/"
  24      5F0E2F
  25              		.text
  26              		.section	.gnu.lto_.jmpfuncs.285c1165,"",%progbits
  27 0000 789C6361 		.ascii	"x\234ca`d\000\001\001\006\004`\001b\240(\023\224\311"
  27      60640001 
  27      01060460 
  27      0162A028 
  27      1394C9
  28 0013 00000308 		.ascii	"\000\000\003\010\000!"
  28      0021
  29              		.text
  30              		.section	.gnu.lto_.inline.285c1165,"",%progbits
  31 0000 789C6361 		.ascii	"x\234ca`d\000\2010\006\004`a``fbd`\0022\331\026\310"
  31      60640081 
  31      30060460 
  31      61606066 
  31      62646002 
  32 0018 8328A022 		.ascii	"\203(\240\"t\021&\006.N\240\010O\237\037B\021\027X3"
  32      74112606 
  32      2E4EA008 
  32      4F9F1F42 
ARM GAS  C:\Users\elias\AppData\Local\Temp\ccS8U5Xc.s 			page 2


  32      11175833 
  33 002c 3B3B509C 		.ascii	";;P\234\355\203\036\2528\003\000\364\316\005\334"
  33      ED831EAA 
  33      380300F4 
  33      CE05DC
  34              		.text
  35              		.section	.gnu.lto_.pureconst.285c1165,"",%progbits
  36 0000 789C6361 		.ascii	"x\234ca`d\340d```a\0002\230\244X$\000\001y\000L"
  36      6064E064 
  36      60606061 
  36      003298A4 
  36      58240001 
  37              		.text
  38              		.section	.gnu.lto_Opa_LP_SaveConfig.285c1165,"",%progbits
  39 0000 789C6361 		.ascii	"x\234ca`d\000\201j V\005bi fdf`d\232p\216\201\241\221"
  39      60640081 
  39      6A205605 
  39      62692066 
  39      64666064 
  40 001a 83899111 		.ascii	"\203\211\221\021\304h\340`d\250gb\254g\374\312\364\227"
  40      C468E060 
  40      64A86762 
  40      AC67FCCA 
  40      F497
  41 002c 89F150FB 		.ascii	"\211\361P\373\263\235L\232\313\033\200\340\301\322\311"
  41      B39D4C9A 
  41      CB1B80E0 
  41      C1D2C9
  42 003b CC0D2B0E 		.ascii	"\314\015+\0160\266230\374g\002\233\304\300\270\234Q"
  42      30B63233 
  42      30FC6702 
  42      9BC4C0B8 
  42      9C51
  43 004d 9301A8EC 		.ascii	"\223\001\250\354\321\306\177Sy\331Z@\312\024 \222\214"
  43      D1C67F53 
  43      79D95A40 
  43      CA142092 
  43      8C
  44 005e 2B18D940 		.ascii	"+\030\331@\326\255\017:\320\360\377\177s\303\201\271"
  44      D6AD0F3A 
  44      D0F0FF7F 
  44      73C381B9 
  45 006e AC0F9980 		.ascii	"\254\017\231\200\022\037\200\030d\315G \007H3\277bd"
  45      121F8018 
  45      64CD4720 
  45      074833BF 
  45      6264
  46 0080 0229059B 		.ascii	"\002)\005\233\366\201\211\021$\006T\241\354\236\232"
  46      F6818911 
  46      240654A1 
  46      EC9E9A
  47 008f 975A9458 		.ascii	"\227Z\224X\222\232\022\037\234_Z\224\234\032\023\020"
  47      929A121F 
  47      9C5F5A94 
  47      9C1A1310 
  48 009f 9CEF6C1A 		.ascii	"\234\357l\032\343_\220\030\357\023\020\037\340\253\227"
  48      E35F9018 
ARM GAS  C:\Users\elias\AppData\Local\Temp\ccS8U5Xc.s 			page 3


  48      EF13101F 
  48      E0AB97
  49 00ae CC0000F4 		.ascii	"\314\000\000\364\2678\306"
  49      B738C6
  50              		.text
  51              		.section	.gnu.lto_Opa_LP_RestoreConfig.285c1165,"",%progbits
  52 0000 789C6361 		.ascii	"x\234ca`d\000\201j V\005bi fdf`d\232p\216\201\241\221"
  52      60640081 
  52      6A205605 
  52      62692066 
  52      64666064 
  53 001a 83899111 		.ascii	"\203\211\221\021\304h\340`d\250gb\254g\374\312\364\227"
  53      C468E060 
  53      64A86762 
  53      AC67FCCA 
  53      F497
  54 002c 89F150FB 		.ascii	"\211\361P\373\263\235L\232\313\033\200\340\301\322y"
  54      B39D4C9A 
  54      CB1B80E0 
  54      C1D279
  55 003b CC0D2B0E 		.ascii	"\314\015+\0160\266230\374g\002\233\304\300\270\234Q"
  55      30B63233 
  55      30FC6702 
  55      9BC4C0B8 
  55      9C51
  56 004d 9301A8EC 		.ascii	"\223\001\250\354\321\306\177Sy\331Z@\312\024 \222\214"
  56      D1C67F53 
  56      79D95A40 
  56      CA142092 
  56      8C
  57 005e 2B18D940 		.ascii	"+\030\331@\326\255\017:\320\360\377\177s\303\201\257"
  57      D6AD0F3A 
  57      D0F0FF7F 
  57      73C381AF 
  58 006e AC1F9981 		.ascii	"\254\037\231\201\022\037\200\030d\315G&&\020\315\374"
  58      121F8018 
  58      64CD4726 
  58      2610CDFC 
  59 007e 8A9109A4 		.ascii	"\212\221\011\244\024l\332\007&F\220\030P\205\262{j^"
  59      146CDA07 
  59      26469018 
  59      5085B27B 
  59      6A5E
  60 0090 6A516249 		.ascii	"jQbIjJ|p~iQrjL@p\276\263i\214\177Ab\274O@|\200\257^"
  60      6A4A7C70 
  60      7E695172 
  60      6A4C4070 
  60      BEB3698C 
  61 00ae 3203001B 		.ascii	"2\003\000\033\3669:"
  61      F6393A
  62              		.text
  63              		.section	.gnu.lto_Opa_LP_Sleep.285c1165,"",%progbits
  64 0000 789C8D91 		.ascii	"x\234\215\221\317k\023Q\020\307\347\373\336\356f\015"
  64      CF6B1351 
  64      10C7E7FB 
  64      DEEE660D 
  65 0010 06F30714 		.ascii	"\006\363\007\024\021\304C/V\004\217\365\"\330\213b\260"
ARM GAS  C:\Users\elias\AppData\Local\Temp\ccS8U5Xc.s 			page 4


  65      11C4432F 
  65      56048FF5 
  65      22D88B62 
  65      B0
  66 0021 D74A0835 		.ascii	"\327J\0105W+E\317y\351f\215\025,\275\330@Qz\021Z\177"
  66      572B45CF 
  66      79E9668D 
  66      152CBDD8 
  66      40517A11 
  67 0037 D4246AAB 		.ascii	"\324$j\253\301\313\032\364VZ<\210\207\012\3768\004\011"
  67      C1CB1AF4 
  67      565A3C88 
  67      870AFE38 
  67      0409
  68 0049 4552680F 		.ascii	"ERh\017\021\3338\363\026\253 H\007v\337\333y\337\231"
  68      11DB38F3 
  68      16AB2048 
  68      0776DFDB 
  68      79DF99
  69 005c F9ECF739 		.ascii	"\371\354\3679\004\222\310)\242c\274\236\346\007\036"
  69      0492C829 
  69      A263BC9E 
  69      E6071E
  70 006b 414DAF12 		.ascii	"AM\257\022\025}\245t%M&\351t\007\311\034\324p\343\264"
  70      157DA574 
  70      254D26E9 
  70      7407C91C 
  70      D470E3B4 
  71 007f F37BE302 		.ascii	"\363{\343\002\2621>\250\240\264\343\242\200m\265\243"
  71      B2313EA8 
  71      A0B4E3A2 
  71      806DB5A3 
  72 008f D02CB71A 		.ascii	"\320,\267\032\252\177\336p|~\333>a\026\"\204\232\250"
  72      AA7FDE70 
  72      7C7EDB3E 
  72      61162284 
  72      9AA8
  73 00a1 A7EC30C2 		.ascii	"\247\3540\302<\372\211e_\353\273wR^IdG\342C,\300\023"
  73      3CFA8965 
  73      5FEBBB77 
  73      525E4964 
  73      47E2432C 
  74 00b7 A2EAC5C8 		.ascii	"\242\352\305\310\364z\201\211>x\257g\022\276\242P\303"
  74      F47A8189 
  74      3E78AF67 
  74      12BEA250 
  74      C3
  75 00c8 91175187 		.ascii	"\221\027Q\207u2tS)Yu\013\315\037\267\276\317\236\224"
  75      75327453 
  75      2959750B 
  75      CD1FB7BE 
  75      CF9E94
  76 00db D2403BDC 		.ascii	"\322@;\334v&l\256%\266T\250\025d\312\352\355r\325\217"
  76      76266CAE 
  76      25B654A8 
  76      1564CAEA 
  76      ED72D58F 
ARM GAS  C:\Users\elias\AppData\Local\Temp\ccS8U5Xc.s 			page 5


  77 00ef 3FEF978B 		.ascii	"?\357\227\213F\024\257\326\226\247\017\315\341^\261"
  77      4614AFD6 
  77      96A70FCD 
  77      E15EB1
  78 00fe C45C1A0F 		.ascii	"\304\\\032\017\321\207\007\350\343\361\2170\007j!\370"
  78      D18707E8 
  78      E3F18F30 
  78      076A21F8 
  79 010e 799602AD 		.ascii	"y\226\002\255\342v\357J\265\273Z\352\001\007\217Y\366"
  79      E276EF4A 
  79      B5BB5AEA 
  79      01078F59 
  79      F6
  80 011f 05A5F5E0 		.ascii	"\005\245\365\340p<O\376\266\272\321\350\246b\001aQ\372"
  80      703C4FFE 
  80      B6BAD1E8 
  80      A6620161 
  80      51FA
  81 0131 90E069AA 		.ascii	"\220\340i\252\244\231nb\253\366\261~@\324\177\2439\026"
  81      A4996E62 
  81      ABF6B17E 
  81      40D47FA3 
  81      3916
  82 0143 ADD1D858 		.ascii	"\255\321\330XO\024v\314Mc\322\234\233d\217$\335^y\377"
  82      4F1476CC 
  82      4D63D29C 
  82      9B648F24 
  82      DD5E79FF 
  83 0157 262978C6 		.ascii	"&)x\306\346]T\331\330'\322\230\017\247^\326&\375\201"
  83      E65D54D9 
  83      D827D298 
  83      0FA75ED6 
  83      26FD81
  84 016a 4531CD5C 		.ascii	"E1\315\\\012\265\207\0323\357ZgQ\307\000+\226\312+\365"
  84      0AB5871A 
  84      33EF5A67 
  84      51C7002B 
  84      96CA2BF5 
  85 017e A40CF100 		.ascii	"\244\014\361\000<\345\262o\010\242\355\033)a\370wj\242"
  85      3CE5B26F 
  85      08A2ED1B 
  85      2961F877 
  85      6AA2
  86 0190 C736119E 		.ascii	"\3076\021\236\241\300\376\372\226\334\241\356\240%\357"
  86      A1C0FEFA 
  86      96DCA1EE 
  86      A025EF
  87 019f 7CDA23DF 		.ascii	"|\332#\337/\352\363\377\241.\375A]\266\250{~\360\255"
  87      2FEAF3FF 
  87      A12EFD41 
  87      5DB6A87B 
  87      7EF0AD
  88 01b2 E385B56E 		.ascii	"\343\205\265nS\271\366^\333\230\210*C\226Y\242\303\224"
  88      53B9F65E 
  88      DB98882A 
  88      439659A2 
  88      C394
ARM GAS  C:\Users\elias\AppData\Local\Temp\ccS8U5Xc.s 			page 6


  89 01c4 9CE6E2A3 		.ascii	"\234\346\342\243C\371+\371\361\334\265\374\345\354\360"
  89      43F92BF9 
  89      F1DCB5FC 
  89      E5ECF0
  90 01d3 D8F5F1D1 		.ascii	"\330\365\361\321\374Hfx\354\314\251\221\013Ws\331s\231"
  90      FC486678 
  90      ECCCA991 
  90      0B5773D9 
  90      7399
  91 01e5 6CE6FCF1 		.ascii	"l\346\374\361Q\372\005]3\3435"
  91      51FA055D 
  91      33E335
  92              		.text
  93              		.section	.gnu.lto_Opa_LP_Wakeup.285c1165,"",%progbits
  94 0000 789C654F 		.ascii	"x\234eO\277KBQ\030\375\276{\337\323\207\030\366\007"
  94      BF4B4251 
  94      18FDBE7B 
  94      DFD38718 
  94      F607
  95 0012 4404D1E0 		.ascii	"D\004\321\340P6\324\332\322\020D\221$m\202\210\271f"
  95      5036D4DA 
  95      D2104491 
  95      246D8288 
  95      B966
  96 0024 48CDEFEA 		.ascii	"H\315\357\352\363U.\021D6\205Sh\277\013\032\262\351"
  96      F3552E11 
  96      44368553 
  96      68BF0B1A 
  96      B2E9
  97 0036 25622051 		.ascii	"%b Q4\264\324R\015\022\322\240\220\243\276\276\373\034"
  97      34B4D452 
  97      0D12D2A0 
  97      90A3BEBE 
  97      FB1C
  98 0048 1A3A70F9 		.ascii	"\032:p\371.\347\236s\317\371\024@\220X\2421Bs\202\016"
  98      2EE79E73 
  98      CFF91440 
  98      9058A231 
  98      4273820E 
  99 005c AA806CE7 		.ascii	"\252\200l\347\021 \2451\306\253>\020\036\2456\005\302"
  99      1120A531 
  99      C6AB3E10 
  99      1EA53605 
  99      C2
 100 006d CB51E9D1 		.ascii	"\313Q\351\321\012\242\274\010\015Ag\\A\035\333\254\303"
 100      0AA2BC08 
 100      0D41675C 
 100      411DDBAC 
 100      C3
 101 007e B0BC592F 		.ascii	"\260\274Y/1\177A\020\336\017\273\343\242h\241\311\001"
 101      317F4110 
 101      DE0FBBE3 
 101      A268A1C9 
 101      01
 102 008f 6CE64400 		.ascii	"l\346D\000\026\320\017$\373\274\352\356\365\2712R6\324"
 102      16D00F24 
 102      FBBCEAEE 
ARM GAS  C:\Users\elias\AppData\Local\Temp\ccS8U5Xc.s 			page 7


 102      F5B93252 
 102      36D4
 103 00a1 7BC422BA 		.ascii	"{\304\"\272d\217\213EK\330\266!\254\266\373.\347Q9\230"
 103      648F8B45 
 103      4BD8B621 
 103      ACB6FB2E 
 103      E7513998 
 104 00b5 9CE82649 		.ascii	"\234\350&Id\\\21319y\035\323\267-\373Y\225.\203s\372"
 104      645C8B31 
 104      39791DD3 
 104      B72DFB59 
 104      952E8373 
 105 00ca 3167969F 		.ascii	"1g\226\237\334?\314\344\014e@\251\364\375\346\326;b"
 105      DC3FCCE4 
 105      0C6540A9 
 105      F4FDE6D6 
 105      3B62
 106 00dc 4B887EE2 		.ascii	"K\210~\342\262\324A\322\215\207\227\212'\217\007)\341"
 106      B2D441D2 
 106      8D87978A 
 106      278F0729 
 106      E1
 107 00ed F01C8FA9 		.ascii	"\360\034\217\251\370\021\0168\217\3337\227Y-0j\3226"
 107      F8110E38 
 107      8FDB3797 
 107      592D306A 
 107      D236
 108 00ff 2798C7AE 		.ascii	"'\230\307\256\323\031O1\000\037\230y5\006\377\302\256"
 108      D3194F31 
 108      001F9879 
 108      3506FFC2 
 108      AE
 109 0110 2BF71B9A 		.ascii	"+\367\033\232\014C\302\231\264\203\354\306\241\352\343"
 109      0C43C299 
 109      B483ECC6 
 109      A1EAE3
 110 011f 5F6858BB 		.ascii	"_hX\2735\257\024\377/\242\332T\017\360\034u\332\313"
 110      35AF14FF 
 110      2FA2DA54 
 110      0FF01C75 
 110      DACB
 111 0131 E5981467 		.ascii	"\345\230\024g\241\006\246\255\375Y\307$\321$\031\321"
 111      A106A6AD 
 111      FD59C724 
 111      D12419D1 
 112 0141 D4607826 		.ascii	"\324`x&\276\022OF\327\342\313\221Pb=\031\213\207\203"
 112      BE124F46 
 112      D7E2CB91 
 112      50623D19 
 112      8B8783
 113 0154 A1C4F464 		.ascii	"\241\304\364dxa5\032\231\013F\202\363c1\370\005iz\205"
 113      7861351A 
 113      990B4682 
 113      F36331F8 
 113      05697A85 
 114 0168 8D       		.ascii	"\215"
 115              		.text
ARM GAS  C:\Users\elias\AppData\Local\Temp\ccS8U5Xc.s 			page 8


 116              		.section	.gnu.lto_.symbol_nodes.285c1165,"",%progbits
 117 0000 789C558A 		.ascii	"x\234U\212\271\015\2000\020\004\347\036\273\000b\007"
 117      B90D8030 
 117      1004E71E 
 117      BB006207 
 118 0010 D027D2B9 		.ascii	"\320'\322\271\004\212\240\012D\015TA\033H\234\210\360"
 118      048AA00A 
 118      440D5441 
 118      1B489C88 
 118      F0
 119 0021 26AB995D 		.ascii	"&\253\231]GX\311\250\004l\027d\035}I\241!\243\260\320"
 119      4758C9A8 
 119      046C1764 
 119      1D7D49A1 
 119      21A3B0D0 
 120 0035 4114E813 		.ascii	"A\024\350\023\230z\3300H\011\377D\036\372\234\\\243"
 120      987AD830 
 120      4809FF44 
 120      1EFA9C5C 
 120      A3
 121 0046 FCD9B4B0 		.ascii	"\374\331\264\260?\315\274r\237\215\027_\015\031\260"
 121      3FCDBC72 
 121      9F8D175F 
 121      0D19B0
 122              		.text
 123              		.section	.gnu.lto_.refs.285c1165,"",%progbits
 124 0000 789C6361 		.ascii	"x\234ca`d\340c```bbdfadfcda`fd\000\000\002y\0003"
 124      6064E063 
 124      60606062 
 124      62646661 
 124      64666364 
 125              		.text
 126              		.section	.gnu.lto_.decls.285c1165,"",%progbits
 127 0000 789C8D94 		.ascii	"x\234\215\224\177lSU\024\307\357y\257\353\272\267vF"
 127      7F6C5355 
 127      14C7EF79 
 127      AFEBBAB7 
 127      7646
 128 0012 866609FD 		.ascii	"\206f\011\375\243\"$\375\203L\246\301\360\247\320($"
 128      A32224FD 
 128      834CA6C1 
 128      F0A7D028 
 128      24
 129 0023 FE5A189B 		.ascii	"\376Z\030\233\377\220,]}\"aY\273\321\231\360\337\335"
 129      FF902C5D 
 129      7D226159 
 129      BBD199F0 
 129      DFDD
 130 0035 3A523143 		.ascii	":R1C\201\204\221\015'sD\334\244[\273\265\373\011B\331"
 130      8184910D 
 130      277344DC 
 130      A45BBBB5 
 130      FB0942D9 
 131 0049 EF9F4465 		.ascii	"\357\237De\222\0204\324Lb\226(\031?\324\340\030\365"
 131      921034D4 
 131      4C629628 
 131      193FD4E0 
ARM GAS  C:\Users\elias\AppData\Local\Temp\ccS8U5Xc.s 			page 9


 131      18F5
 132 005b DCFBEEE3 		.ascii	"\334\373\356\343u\244Cov\336\356\271\357|?\367\234s"
 132      75A4436F 
 132      76DEEEB9 
 132      EF7C3FF7 
 132      9C73
 133 006d EFAB8900 		.ascii	"\357\253\211\000a\243;\203\220L\234nFK\342@\227\224"
 133      61A33B83 
 133      904C9C6E 
 133      464BE240 
 133      9794
 134 007f 106398D1 		.ascii	"\020c\230\321:\320\302h]hQ\264\036\264>4F\030%+G\207"
 134      3AD0C268 
 134      5D6851B4 
 134      1EB43E34 
 134      4618252B 
 135 0095 58D71920 		.ascii	"X\327\031 \326\236\034\3414q\3414ql\317,\021gG\233B"
 135      D69E1CE1 
 135      3471E134 
 135      716CCF2C 
 135      1167479B 
 136 00aa 9B409B46 		.ascii	"\233@\233F\033F\273\2106\203\026\022\214Kh\222\320\365"
 136      1B46BB88 
 136      36831612 
 136      8C4B6892 
 136      D0F5
 137 00bc AC9223AB 		.ascii	"\254\222#\253!3\205\371_\254\350S\352]\226 y:\366\231"
 137      213385F9 
 137      5FACE853 
 137      EA5D9620 
 137      793AF699 
 138 00d0 E5065C07 		.ascii	"\345\006\\\007\231\210\246\022\000\355\011\334\210f"
 138      9988A612 
 138      00ED09DC 
 138      8866
 139 00de DCC58944 		.ascii	"\334\305\211D\264\211\276\364x\020\021\"\351S\003\306"
 139      B489BEF4 
 139      78101122 
 139      E95303C6 
 140 00ee FF841E92 		.ascii	"\377\204\036\222\372\340\020\203\016B\244\371z_\205"
 140      FAE01083 
 140      0E42A4F9 
 140      7A5F85
 141 00fd 08246303 		.ascii	"\010$c\003\320\\]\221\302{\"#=g}\033\336\016^\364\243"
 141      D05C5D91 
 141      C27B2223 
 141      3D677D1B 
 141      DE0E5EF4 
 142 0112 DB879A9F 		.ascii	"\333\207\232\237\221%`\363\233\017\332\336\310\017Q"
 142      912560F3 
 142      9B0FDADE 
 142      C80F51
 143 0121 1C472995 		.ascii	"\034G)\2256\031\235\371\276.\362\271|_\2025\012\230"
 143      36199DF9 
 143      BE2EF2B9 
 143      7C5F8235 
 143      0A98
ARM GAS  C:\Users\elias\AppData\Local\Temp\ccS8U5Xc.s 			page 10


 144 0133 D0BD33DB 		.ascii	"\320\2753\3334\237\203\356Z\005\034\350.O\236j\222\362"
 144      349F83EE 
 144      5A051CE8 
 144      2E4F9E6A 
 144      92F2
 145 0145 1AB82E40 		.ascii	"\032\270.@\035&(y\036\316\201\035\276\001<\024\010A"
 145      1D262879 
 145      1ECE811D 
 145      BE013C14 
 145      0841
 146 0157 1E3ECB4C 		.ascii	"\036>\313L\032\351\227\313S\263\226\365-t1B\023K\261"
 146      1AE997CB 
 146      53B396F5 
 146      2D743142 
 146      134BB1
 147 016a 971B69BC 		.ascii	"\227\033i\274\216\322\032\211EA\033\310\320\016\371"
 147      8ED21A89 
 147      45411BC8 
 147      D00EF9
 148 0179 2CC93676 		.ascii	",\3116v\006\004\276\206\033\230o\007\254Ge\327\341h"
 148      0604BE86 
 148      1B986F07 
 148      AC4765D7 
 148      E168
 149 018b D02C6FE3 		.ascii	"\320,o\343\2116\234\232\374\321\246Q\342wUz\230\322"
 149      89369C9A 
 149      FCD1A651 
 149      E277557A 
 149      98D2
 150 019d 5A134774 		.ascii	"Z\023Gt\032\210\316TD\230#>\275>2o\225K8\242\345\374"
 150      1A88CE54 
 150      4498233E 
 150      BD3E326F 
 150      954B38A2 
 151 01b3 0F7F6621 		.ascii	"\017\177f!\242\005\021scVz\264\206\322\3278#b0\"\251"
 151      A2051173 
 151      63567AB4 
 151      86D2D738 
 151      23623022 
 152 01c8 8C2ECE38 		.ascii	"\214.\3168\335\036\373Y\222=\234Qs\355\326\270I0\356"
 152      DD1EFB59 
 152      923D9C51 
 152      73EDD6B8 
 152      4930EE
 153 01db 8EA732BA 		.ascii	"\216\2472\272\015Fw*#\312\031\365#\3213\222\\\311\031"
 153      0D46772A 
 153      23CA19F5 
 153      23D13392 
 153      5CC919
 154 01ee B57F8746 		.ascii	"\265\177\207FY)\011J\023\377\004_m\244CZ%1\203\020\343"
 154      5929094A 
 154      13FF045F 
 154      6DA4435A 
 154      25318310 
 155 0203 049CF470 		.ascii	"\004\234\364p\365\302r\375\303\034\371\013\340\362\366"
 155      F5C272FD 
 155      C31CF90B 
ARM GAS  C:\Users\elias\AppData\Local\Temp\ccS8U5Xc.s 			page 11


 155      E0F2F6
 156 0212 78FF4D49 		.ascii	"x\377MI\223\307\377R\353\262\270\266\327\320\366\352"
 156      93C7FF52 
 156      EBB2B8B6 
 156      D7D0F6EA 
 157 0222 DA3EAE6D 		.ascii	"\332>\256m\275\262x\326&\2074\355P\303OsVyPs\302\207"
 157      BDB278D6 
 157      268734ED 
 157      50C34F73 
 157      56795073 
 158 0238 7E6DB7E0 		.ascii	"~m\267\340\231\332\025H\002\363\177\037x`\323|\366\272"
 158      99DA1548 
 158      02F37F1F 
 158      7860D37C 
 158      F6BA
 159 024a F1D8FCA3 		.ascii	"\361\330\374\243ly\214\307JW\347\317-\230\300\251\234"
 159      6C798CC7 
 159      4A57E7CF 
 159      2D98C0A9 
 159      9C
 160 025b 65479E18 		.ascii	"eG\236\030\270R~2\210\367\005.\202\002\027\214\255\355"
 160      B8527E32 
 160      88F7052E 
 160      8202178C 
 160      ADED
 161 026d 0A3E3FC6 		.ascii	"\012>?\306\243\241\213\255\324\234G\340\025;l\266\023"
 161      A3A18BAD 
 161      D49C47E0 
 161      153B6CB6 
 161      13
 162 027e F8169C8C 		.ascii	"\370\026\234\214\312\242\340<^\223A\274&\313\222<7\326"
 162      CAA2E03C 
 162      5E9341BC 
 162      26CB923C 
 162      37D6
 163 0290 F755366C 		.ascii	"\367U6l\310u\2662Ib)\270\251\271\223\322\200\231c\007"
 163      C875B632 
 163      496229B8 
 163      A9B993D2 
 163      80996307 
 164 02a4 101B875C 		.ascii	"\020\033\207\\\035\361\022\273X\005\354\223?\306RX\254"
 164      1DF112BB 
 164      5805EC93 
 164      3FC65258 
 164      AC
 165 02b5 A5142AF5 		.ascii	"\245\024*\365\015\010\217D<\\\306\235.\301\006\336\000"
 165      0D088F44 
 165      3C5CC69D 
 165      2EC106DE 
 165      00
 166 02c6 9E6BBC59 		.ascii	"\236k\274Y\245\324\302\336\023\221\245\270\340\307\003"
 166      A5D4C2DE 
 166      1391A5B8 
 166      E0C703
 167 02d5 17A236F9 		.ascii	"\027\2426\371\266V^o\220\256\203\\g\0324\214 quz\364"
 167      B6565E6F 
 167      90AE835C 
ARM GAS  C:\Users\elias\AppData\Local\Temp\ccS8U5Xc.s 			page 12


 167      671A348C 
 167      2071757A 
 168 02ea 39ECC230 		.ascii	"9\354\3020\276\0362\272\300\366\342[\364\015\236<\242"
 168      BE1E32BA 
 168      C0F6E25B 
 168      F40D9E3C 
 168      A2
 169 02fb 6C3C4329 		.ascii	"l<C)\036\326R\244\362^-\335\311c\373\265\330\307\311"
 169      1ED652A4 
 169      F25E2DDD 
 169      C963FBB5 
 169      D8C7C9
 170 030e F7F39F9F 		.ascii	"\367\363\237\237Q\330\210\232\373u\367\256\231\025\354"
 170      51D8889A 
 170      FB75F7AE 
 170      9915EC
 171 031d 61E07FF5 		.ascii	"a\340\177\365\020f\027\276Lf\312\001\3765K\321\023\215"
 171      106617BE 
 171      4C66CA01 
 171      FE354BD1 
 171      138D
 172 032f 27324171 		.ascii	"'2Aq\246\221O\246\221\353\207Y\334t\274\206:`\002\273"
 172      A6914FA6 
 172      91EB8759 
 172      DC74BC86 
 172      3A6002BB 
 173 0343 3E6E9431 		.ascii	">n\2241\006\212VF\354\273?\302\031\326O\330\031\341"
 173      068A5646 
 173      ECBB3FC2 
 173      19D64FD8 
 173      19E1
 174 0355 C7BE6622 		.ascii	"\307\276f\"\207G\032\237\373\024X\371}\303\377\030="
 174      87471A9F 
 174      FB1458F9 
 174      7DC3FF18 
 174      3D
 175 0366 33DC5B6F 		.ascii	"3\334[oY\021\315J6\242\247E\3644\217^\272\025\376\315"
 175      5911CD4A 
 175      36A2A745 
 175      F4348F5E 
 175      BA15FECD 
 176 037a BA229ADD 		.ascii	"\272\"\232\335f#z\006\254z>8%\317\276\353s\227\276U"
 176      66237A06 
 176      AC7A3E38 
 176      25CFBEEB 
 176      7397BE55 
 177 038e 585AE4FE 		.ascii	"XZ\344\376Huy+>\330\267\327\262\343\235b\207\253\240"
 177      4875792B 
 177      3ED8B7D7 
 177      B2E39D62 
 177      87ABA0
 178 03a1 80BCB843 		.ascii	"\200\274\270C\255P\253\334~\365\375\322\"ou\225G\335"
 178      AD50ABDC 
 178      7EF5FDD2 
 178      226F7595 
 178      47DD
 179 03b3 5358E475 		.ascii	"SX\344um\331#\024\205o\347{\310Z\341\354R\017\370\275"
ARM GAS  C:\Users\elias\AppData\Local\Temp\ccS8U5Xc.s 			page 13


 179      6DD92314 
 179      856FE77B 
 179      C85AE1EC 
 179      520FF8BD 
 180 03c7 558260D5 		.ascii	"U\202`\325\231\345\252\352\263\011\347=\367~\265\332"
 180      99E5AAEA 
 180      B309E73D 
 180      F77EB5DA 
 181 03d7 97ADBFF2 		.ascii	"\227\255\277\362{}\216\247\362\363?$\272\364\365\012"
 181      7B7D8EA7 
 181      F2F33F24 
 181      BAF4F50A 
 182 03e7 7759B9AA 		.ascii	"wY\271\252{en\317~\004\251|\261\310\217\372\214\352"
 182      7B656ECF 
 182      7E04A97C 
 182      B1C88FFA 
 182      8CEA
 183 03f9 7D15FEAD 		.ascii	"}\025\376\255/\254\202\363\034\364\037\364\251\007\220"
 183      2FAC82F3 
 183      1CF41FF4 
 183      A90790
 184 0408 A727BB7D 		.ascii	"\247'\273}\233\353\315b\314a\367\256b\327nS\225\272"
 184      9BEBCD62 
 184      CC61F7AE 
 184      62D76E53 
 184      95BA
 185 041a 77EBBFFB 		.ascii	"w\353\277\373\030\376 "
 185      18FE20
 186              		.text
 187              		.section	.gnu.lto_.symtab.285c1165,"",%progbits
 188 0000 4F70615F 		.ascii	"Opa_LP_SaveConfig\000"
 188      4C505F53 
 188      61766543 
 188      6F6E6669 
 188      6700
 189 0012 00       		.ascii	"\000"
 190 0013 00       		.ascii	"\000"
 191 0014 00       		.ascii	"\000"
 192 0015 00000000 		.ascii	"\000\000\000\000\000\000\000\000"
 192      00000000 
 193 001d AD000000 		.ascii	"\255\000\000\000"
 194 0021 4F70615F 		.ascii	"Opa_LP_RestoreConfig\000"
 194      4C505F52 
 194      6573746F 
 194      7265436F 
 194      6E666967 
 195 0036 00       		.ascii	"\000"
 196 0037 00       		.ascii	"\000"
 197 0038 00       		.ascii	"\000"
 198 0039 00000000 		.ascii	"\000\000\000\000\000\000\000\000"
 198      00000000 
 199 0041 AF000000 		.ascii	"\257\000\000\000"
 200 0045 4F70615F 		.ascii	"Opa_LP_Sleep\000"
 200      4C505F53 
 200      6C656570 
 200      00
 201 0052 00       		.ascii	"\000"
ARM GAS  C:\Users\elias\AppData\Local\Temp\ccS8U5Xc.s 			page 14


 202 0053 00       		.ascii	"\000"
 203 0054 00       		.ascii	"\000"
 204 0055 00000000 		.ascii	"\000\000\000\000\000\000\000\000"
 204      00000000 
 205 005d B1000000 		.ascii	"\261\000\000\000"
 206 0061 4F70615F 		.ascii	"Opa_LP_Wakeup\000"
 206      4C505F57 
 206      616B6575 
 206      7000
 207 006f 00       		.ascii	"\000"
 208 0070 00       		.ascii	"\000"
 209 0071 00       		.ascii	"\000"
 210 0072 00000000 		.ascii	"\000\000\000\000\000\000\000\000"
 210      00000000 
 211 007a B3000000 		.ascii	"\263\000\000\000"
 212 007e 4F70615F 		.ascii	"Opa_LP_Stop\000"
 212      4C505F53 
 212      746F7000 
 213 008a 00       		.ascii	"\000"
 214 008b 02       		.ascii	"\002"
 215 008c 00       		.ascii	"\000"
 216 008d 00000000 		.ascii	"\000\000\000\000\000\000\000\000"
 216      00000000 
 217 0095 B5000000 		.ascii	"\265\000\000\000"
 218 0099 4F70615F 		.ascii	"Opa_LP_Enable\000"
 218      4C505F45 
 218      6E61626C 
 218      6500
 219 00a7 00       		.ascii	"\000"
 220 00a8 02       		.ascii	"\002"
 221 00a9 00       		.ascii	"\000"
 222 00aa 00000000 		.ascii	"\000\000\000\000\000\000\000\000"
 222      00000000 
 223 00b2 B7000000 		.ascii	"\267\000\000\000"
 224              		.text
 225              		.section	.gnu.lto_.opts,"",%progbits
 226 0000 272D666D 		.ascii	"'-fmath-errno' '-fsigned-zeros' '-ftrapping-math' '"
 226      6174682D 
 226      6572726E 
 226      6F272027 
 226      2D667369 
 227 0033 2D666E6F 		.ascii	"-fno-trapv' '-fno-openmp' '-fno-openacc' '-mcpu=cor"
 227      2D747261 
 227      70762720 
 227      272D666E 
 227      6F2D6F70 
 228 0066 7465782D 		.ascii	"tex-m3' '-mthumb' '-g' '-O3' '-ffunction-sections' "
 228      6D332720 
 228      272D6D74 
 228      68756D62 
 228      2720272D 
 229 0099 272D6666 		.ascii	"'-ffat-lto-objects' '-finline-functions' '-flto'\000"
 229      61742D6C 
 229      746F2D6F 
 229      626A6563 
 229      74732720 
 230              		.text
ARM GAS  C:\Users\elias\AppData\Local\Temp\ccS8U5Xc.s 			page 15


 231              		.cfi_sections	.debug_frame
 232              		.section	.text.Opa_LP_SaveConfig,"ax",%progbits
 233              		.align	2
 234              		.global	Opa_LP_SaveConfig
 235              		.thumb
 236              		.thumb_func
 237              		.type	Opa_LP_SaveConfig, %function
 238              	Opa_LP_SaveConfig:
 239              	.LFB5:
 240              		.cfi_startproc
 241              		@ args = 0, pretend = 0, frame = 0
 242              		@ frame_needed = 0, uses_anonymous_args = 0
 243              		@ link register save eliminated.
 244 0000 7047     		bx	lr
 245              		.cfi_endproc
 246              	.LFE5:
 247              		.size	Opa_LP_SaveConfig, .-Opa_LP_SaveConfig
 248 0002 00BF     		.section	.text.Opa_LP_RestoreConfig,"ax",%progbits
 249              		.align	2
 250              		.global	Opa_LP_RestoreConfig
 251              		.thumb
 252              		.thumb_func
 253              		.type	Opa_LP_RestoreConfig, %function
 254              	Opa_LP_RestoreConfig:
 255              	.LFB1:
 256              		.file 1 "Generated_Source\\PSoC5\\Opa_LP_PM.c"
   1:Generated_Source\PSoC5/Opa_LP_PM.c **** /*******************************************************************************
   2:Generated_Source\PSoC5/Opa_LP_PM.c **** * File Name: Opa_LP_PM.c
   3:Generated_Source\PSoC5/Opa_LP_PM.c **** * Version 1.90
   4:Generated_Source\PSoC5/Opa_LP_PM.c **** *
   5:Generated_Source\PSoC5/Opa_LP_PM.c **** * Description:
   6:Generated_Source\PSoC5/Opa_LP_PM.c **** *  This file provides the power management source code to the API for the 
   7:Generated_Source\PSoC5/Opa_LP_PM.c **** *  OpAmp (Analog Buffer) component.
   8:Generated_Source\PSoC5/Opa_LP_PM.c **** *
   9:Generated_Source\PSoC5/Opa_LP_PM.c **** * Note:
  10:Generated_Source\PSoC5/Opa_LP_PM.c **** *
  11:Generated_Source\PSoC5/Opa_LP_PM.c **** ********************************************************************************
  12:Generated_Source\PSoC5/Opa_LP_PM.c **** * Copyright 2008-2012, Cypress Semiconductor Corporation.  All rights reserved.
  13:Generated_Source\PSoC5/Opa_LP_PM.c **** * You may use this file only in accordance with the license, terms, conditions, 
  14:Generated_Source\PSoC5/Opa_LP_PM.c **** * disclaimers, and limitations in the end user license agreement accompanying 
  15:Generated_Source\PSoC5/Opa_LP_PM.c **** * the software package with which this file was provided.
  16:Generated_Source\PSoC5/Opa_LP_PM.c **** *******************************************************************************/
  17:Generated_Source\PSoC5/Opa_LP_PM.c **** 
  18:Generated_Source\PSoC5/Opa_LP_PM.c **** #include "Opa_LP.h"
  19:Generated_Source\PSoC5/Opa_LP_PM.c **** 
  20:Generated_Source\PSoC5/Opa_LP_PM.c **** static Opa_LP_BACKUP_STRUCT  Opa_LP_backup;
  21:Generated_Source\PSoC5/Opa_LP_PM.c **** 
  22:Generated_Source\PSoC5/Opa_LP_PM.c **** 
  23:Generated_Source\PSoC5/Opa_LP_PM.c **** /*******************************************************************************  
  24:Generated_Source\PSoC5/Opa_LP_PM.c **** * Function Name: Opa_LP_SaveConfig
  25:Generated_Source\PSoC5/Opa_LP_PM.c **** ********************************************************************************
  26:Generated_Source\PSoC5/Opa_LP_PM.c **** *
  27:Generated_Source\PSoC5/Opa_LP_PM.c **** * Summary:
  28:Generated_Source\PSoC5/Opa_LP_PM.c **** *  Saves the current user configuration registers.
  29:Generated_Source\PSoC5/Opa_LP_PM.c **** * 
  30:Generated_Source\PSoC5/Opa_LP_PM.c **** * Parameters:
  31:Generated_Source\PSoC5/Opa_LP_PM.c **** *  void
ARM GAS  C:\Users\elias\AppData\Local\Temp\ccS8U5Xc.s 			page 16


  32:Generated_Source\PSoC5/Opa_LP_PM.c **** * 
  33:Generated_Source\PSoC5/Opa_LP_PM.c **** * Return:
  34:Generated_Source\PSoC5/Opa_LP_PM.c **** *  void
  35:Generated_Source\PSoC5/Opa_LP_PM.c **** *
  36:Generated_Source\PSoC5/Opa_LP_PM.c **** *******************************************************************************/
  37:Generated_Source\PSoC5/Opa_LP_PM.c **** void Opa_LP_SaveConfig(void) 
  38:Generated_Source\PSoC5/Opa_LP_PM.c **** {
  39:Generated_Source\PSoC5/Opa_LP_PM.c ****     /* Nothing to save as registers are System reset on retention flops */
  40:Generated_Source\PSoC5/Opa_LP_PM.c **** }
  41:Generated_Source\PSoC5/Opa_LP_PM.c **** 
  42:Generated_Source\PSoC5/Opa_LP_PM.c **** 
  43:Generated_Source\PSoC5/Opa_LP_PM.c **** /*******************************************************************************  
  44:Generated_Source\PSoC5/Opa_LP_PM.c **** * Function Name: Opa_LP_RestoreConfig
  45:Generated_Source\PSoC5/Opa_LP_PM.c **** ********************************************************************************
  46:Generated_Source\PSoC5/Opa_LP_PM.c **** *
  47:Generated_Source\PSoC5/Opa_LP_PM.c **** * Summary:
  48:Generated_Source\PSoC5/Opa_LP_PM.c **** *  Restores the current user configuration registers.
  49:Generated_Source\PSoC5/Opa_LP_PM.c **** *
  50:Generated_Source\PSoC5/Opa_LP_PM.c **** * Parameters:
  51:Generated_Source\PSoC5/Opa_LP_PM.c **** *  void
  52:Generated_Source\PSoC5/Opa_LP_PM.c **** *
  53:Generated_Source\PSoC5/Opa_LP_PM.c **** * Return:
  54:Generated_Source\PSoC5/Opa_LP_PM.c **** *  void
  55:Generated_Source\PSoC5/Opa_LP_PM.c **** *
  56:Generated_Source\PSoC5/Opa_LP_PM.c **** *******************************************************************************/
  57:Generated_Source\PSoC5/Opa_LP_PM.c **** void Opa_LP_RestoreConfig(void) 
  58:Generated_Source\PSoC5/Opa_LP_PM.c **** {
 257              		.loc 1 58 0
 258              		.cfi_startproc
 259              		@ args = 0, pretend = 0, frame = 0
 260              		@ frame_needed = 0, uses_anonymous_args = 0
 261              		@ link register save eliminated.
 262 0000 7047     		bx	lr
 263              		.cfi_endproc
 264              	.LFE1:
 265              		.size	Opa_LP_RestoreConfig, .-Opa_LP_RestoreConfig
 266 0002 00BF     		.section	.text.Opa_LP_Sleep,"ax",%progbits
 267              		.align	2
 268              		.global	Opa_LP_Sleep
 269              		.thumb
 270              		.thumb_func
 271              		.type	Opa_LP_Sleep, %function
 272              	Opa_LP_Sleep:
 273              	.LFB2:
  59:Generated_Source\PSoC5/Opa_LP_PM.c ****     /* Nothing to restore */
  60:Generated_Source\PSoC5/Opa_LP_PM.c **** }
  61:Generated_Source\PSoC5/Opa_LP_PM.c **** 
  62:Generated_Source\PSoC5/Opa_LP_PM.c **** 
  63:Generated_Source\PSoC5/Opa_LP_PM.c **** /*******************************************************************************   
  64:Generated_Source\PSoC5/Opa_LP_PM.c **** * Function Name: Opa_LP_Sleep
  65:Generated_Source\PSoC5/Opa_LP_PM.c **** ********************************************************************************
  66:Generated_Source\PSoC5/Opa_LP_PM.c **** *
  67:Generated_Source\PSoC5/Opa_LP_PM.c **** * Summary:
  68:Generated_Source\PSoC5/Opa_LP_PM.c **** *  Disables block's operation and saves its configuration. Should be called 
  69:Generated_Source\PSoC5/Opa_LP_PM.c **** *  just prior to entering sleep.
  70:Generated_Source\PSoC5/Opa_LP_PM.c **** *
  71:Generated_Source\PSoC5/Opa_LP_PM.c **** * Parameters:
ARM GAS  C:\Users\elias\AppData\Local\Temp\ccS8U5Xc.s 			page 17


  72:Generated_Source\PSoC5/Opa_LP_PM.c **** *  void
  73:Generated_Source\PSoC5/Opa_LP_PM.c **** *
  74:Generated_Source\PSoC5/Opa_LP_PM.c **** * Return:
  75:Generated_Source\PSoC5/Opa_LP_PM.c **** *  void
  76:Generated_Source\PSoC5/Opa_LP_PM.c **** *
  77:Generated_Source\PSoC5/Opa_LP_PM.c **** * Global variables:
  78:Generated_Source\PSoC5/Opa_LP_PM.c **** *  Opa_LP_backup: The structure field 'enableState' is modified 
  79:Generated_Source\PSoC5/Opa_LP_PM.c **** *  depending on the enable state of the block before entering to sleep mode.
  80:Generated_Source\PSoC5/Opa_LP_PM.c **** *
  81:Generated_Source\PSoC5/Opa_LP_PM.c **** *******************************************************************************/
  82:Generated_Source\PSoC5/Opa_LP_PM.c **** void Opa_LP_Sleep(void) 
  83:Generated_Source\PSoC5/Opa_LP_PM.c **** {
 274              		.loc 1 83 0
 275              		.cfi_startproc
 276              		@ args = 0, pretend = 0, frame = 0
 277              		@ frame_needed = 0, uses_anonymous_args = 0
 278              		@ link register save eliminated.
  84:Generated_Source\PSoC5/Opa_LP_PM.c ****     /* Save OpAmp enable state */
  85:Generated_Source\PSoC5/Opa_LP_PM.c ****     if((Opa_LP_PM_ACT_CFG_REG & Opa_LP_ACT_PWR_EN) != 0u)
 279              		.loc 1 85 0
 280 0000 074B     		ldr	r3, .L7
 281 0002 1B78     		ldrb	r3, [r3]	@ zero_extendqisi2
 282 0004 03F00403 		and	r3, r3, #4
 283 0008 03F0FF02 		and	r2, r3, #255
 284 000c 13B9     		cbnz	r3, .L6
  86:Generated_Source\PSoC5/Opa_LP_PM.c ****     {
  87:Generated_Source\PSoC5/Opa_LP_PM.c ****         /* Component is enabled */
  88:Generated_Source\PSoC5/Opa_LP_PM.c ****         Opa_LP_backup.enableState = 1u;
  89:Generated_Source\PSoC5/Opa_LP_PM.c ****          /* Stops the component */
  90:Generated_Source\PSoC5/Opa_LP_PM.c ****          Opa_LP_Stop();
  91:Generated_Source\PSoC5/Opa_LP_PM.c ****     }
  92:Generated_Source\PSoC5/Opa_LP_PM.c ****     else
  93:Generated_Source\PSoC5/Opa_LP_PM.c ****     {
  94:Generated_Source\PSoC5/Opa_LP_PM.c ****         /* Component is disabled */
  95:Generated_Source\PSoC5/Opa_LP_PM.c ****         Opa_LP_backup.enableState = 0u;
 285              		.loc 1 95 0
 286 000e 054B     		ldr	r3, .L7+4
 287 0010 1A70     		strb	r2, [r3]
 288 0012 7047     		bx	lr
 289              	.L6:
  88:Generated_Source\PSoC5/Opa_LP_PM.c ****          /* Stops the component */
 290              		.loc 1 88 0
 291 0014 034B     		ldr	r3, .L7+4
 292 0016 0122     		movs	r2, #1
 293 0018 1A70     		strb	r2, [r3]
  90:Generated_Source\PSoC5/Opa_LP_PM.c ****     }
 294              		.loc 1 90 0
 295 001a FFF7FEBF 		b	Opa_LP_Stop
 296              	.LVL0:
 297              	.L8:
 298 001e 00BF     		.align	2
 299              	.L7:
 300 0020 A4430040 		.word	1073759140
 301 0024 00000000 		.word	.LANCHOR0
 302              		.cfi_endproc
 303              	.LFE2:
 304              		.size	Opa_LP_Sleep, .-Opa_LP_Sleep
ARM GAS  C:\Users\elias\AppData\Local\Temp\ccS8U5Xc.s 			page 18


 305              		.section	.text.Opa_LP_Wakeup,"ax",%progbits
 306              		.align	2
 307              		.global	Opa_LP_Wakeup
 308              		.thumb
 309              		.thumb_func
 310              		.type	Opa_LP_Wakeup, %function
 311              	Opa_LP_Wakeup:
 312              	.LFB3:
  96:Generated_Source\PSoC5/Opa_LP_PM.c ****     }
  97:Generated_Source\PSoC5/Opa_LP_PM.c ****     /* Saves the configuration */
  98:Generated_Source\PSoC5/Opa_LP_PM.c ****     Opa_LP_SaveConfig();
  99:Generated_Source\PSoC5/Opa_LP_PM.c **** }
 100:Generated_Source\PSoC5/Opa_LP_PM.c **** 
 101:Generated_Source\PSoC5/Opa_LP_PM.c **** 
 102:Generated_Source\PSoC5/Opa_LP_PM.c **** /*******************************************************************************  
 103:Generated_Source\PSoC5/Opa_LP_PM.c **** * Function Name: Opa_LP_Wakeup
 104:Generated_Source\PSoC5/Opa_LP_PM.c **** ********************************************************************************
 105:Generated_Source\PSoC5/Opa_LP_PM.c **** *
 106:Generated_Source\PSoC5/Opa_LP_PM.c **** * Summary:
 107:Generated_Source\PSoC5/Opa_LP_PM.c **** *  Enables block's operation and restores its configuration. Should be called
 108:Generated_Source\PSoC5/Opa_LP_PM.c **** *  just after awaking from sleep.
 109:Generated_Source\PSoC5/Opa_LP_PM.c **** *
 110:Generated_Source\PSoC5/Opa_LP_PM.c **** * Parameters:
 111:Generated_Source\PSoC5/Opa_LP_PM.c **** *  void
 112:Generated_Source\PSoC5/Opa_LP_PM.c **** *
 113:Generated_Source\PSoC5/Opa_LP_PM.c **** * Return:
 114:Generated_Source\PSoC5/Opa_LP_PM.c **** *  void
 115:Generated_Source\PSoC5/Opa_LP_PM.c **** *
 116:Generated_Source\PSoC5/Opa_LP_PM.c **** * Global variables:
 117:Generated_Source\PSoC5/Opa_LP_PM.c **** *  Opa_LP_backup: The structure field 'enableState' is used to 
 118:Generated_Source\PSoC5/Opa_LP_PM.c **** *  restore the enable state of block after wakeup from sleep mode.
 119:Generated_Source\PSoC5/Opa_LP_PM.c **** *
 120:Generated_Source\PSoC5/Opa_LP_PM.c **** *******************************************************************************/
 121:Generated_Source\PSoC5/Opa_LP_PM.c **** void Opa_LP_Wakeup(void) 
 122:Generated_Source\PSoC5/Opa_LP_PM.c **** {
 313              		.loc 1 122 0
 314              		.cfi_startproc
 315              		@ args = 0, pretend = 0, frame = 0
 316              		@ frame_needed = 0, uses_anonymous_args = 0
 317              		@ link register save eliminated.
 123:Generated_Source\PSoC5/Opa_LP_PM.c ****     /* Restore the user configuration */
 124:Generated_Source\PSoC5/Opa_LP_PM.c ****     Opa_LP_RestoreConfig();
 125:Generated_Source\PSoC5/Opa_LP_PM.c **** 
 126:Generated_Source\PSoC5/Opa_LP_PM.c ****     /* Enables the component operation */
 127:Generated_Source\PSoC5/Opa_LP_PM.c ****     if(Opa_LP_backup.enableState == 1u)
 318              		.loc 1 127 0
 319 0000 034B     		ldr	r3, .L12
 320 0002 1B78     		ldrb	r3, [r3]	@ zero_extendqisi2
 321 0004 012B     		cmp	r3, #1
 322 0006 00D0     		beq	.L11
 323 0008 7047     		bx	lr
 324              	.L11:
 128:Generated_Source\PSoC5/Opa_LP_PM.c ****     {
 129:Generated_Source\PSoC5/Opa_LP_PM.c ****         Opa_LP_Enable();
 325              		.loc 1 129 0
 326 000a FFF7FEBF 		b	Opa_LP_Enable
 327              	.LVL1:
ARM GAS  C:\Users\elias\AppData\Local\Temp\ccS8U5Xc.s 			page 19


 328              	.L13:
 329 000e 00BF     		.align	2
 330              	.L12:
 331 0010 00000000 		.word	.LANCHOR0
 332              		.cfi_endproc
 333              	.LFE3:
 334              		.size	Opa_LP_Wakeup, .-Opa_LP_Wakeup
 335              		.bss
 336              		.align	2
 337              		.set	.LANCHOR0,. + 0
 338              		.type	Opa_LP_backup, %object
 339              		.size	Opa_LP_backup, 1
 340              	Opa_LP_backup:
 341 0000 00       		.space	1
 342              		.text
 343              	.Letext0:
 344              		.file 2 "Generated_Source\\PSoC5\\cytypes.h"
 345              		.file 3 "Generated_Source\\PSoC5\\Opa_LP.h"
 346              		.section	.debug_info,"",%progbits
 347              	.Ldebug_info0:
 348 0000 4C010000 		.4byte	0x14c
 349 0004 0400     		.2byte	0x4
 350 0006 00000000 		.4byte	.Ldebug_abbrev0
 351 000a 04       		.byte	0x4
 352 000b 01       		.uleb128 0x1
 353 000c 9E010000 		.4byte	.LASF23
 354 0010 0C       		.byte	0xc
 355 0011 15010000 		.4byte	.LASF24
 356 0015 A1000000 		.4byte	.LASF25
 357 0019 00000000 		.4byte	.Ldebug_ranges0+0
 358 001d 00000000 		.4byte	0
 359 0021 00000000 		.4byte	.Ldebug_line0
 360 0025 02       		.uleb128 0x2
 361 0026 01       		.byte	0x1
 362 0027 06       		.byte	0x6
 363 0028 52010000 		.4byte	.LASF0
 364 002c 02       		.uleb128 0x2
 365 002d 01       		.byte	0x1
 366 002e 08       		.byte	0x8
 367 002f ED000000 		.4byte	.LASF1
 368 0033 02       		.uleb128 0x2
 369 0034 02       		.byte	0x2
 370 0035 05       		.byte	0x5
 371 0036 6A010000 		.4byte	.LASF2
 372 003a 02       		.uleb128 0x2
 373 003b 02       		.byte	0x2
 374 003c 07       		.byte	0x7
 375 003d 3F010000 		.4byte	.LASF3
 376 0041 02       		.uleb128 0x2
 377 0042 04       		.byte	0x4
 378 0043 05       		.byte	0x5
 379 0044 0C010000 		.4byte	.LASF4
 380 0048 02       		.uleb128 0x2
 381 0049 04       		.byte	0x4
 382 004a 07       		.byte	0x7
 383 004b 65000000 		.4byte	.LASF5
 384 004f 02       		.uleb128 0x2
ARM GAS  C:\Users\elias\AppData\Local\Temp\ccS8U5Xc.s 			page 20


 385 0050 08       		.byte	0x8
 386 0051 05       		.byte	0x5
 387 0052 00000000 		.4byte	.LASF6
 388 0056 02       		.uleb128 0x2
 389 0057 08       		.byte	0x8
 390 0058 07       		.byte	0x7
 391 0059 77000000 		.4byte	.LASF7
 392 005d 03       		.uleb128 0x3
 393 005e 04       		.byte	0x4
 394 005f 05       		.byte	0x5
 395 0060 696E7400 		.ascii	"int\000"
 396 0064 02       		.uleb128 0x2
 397 0065 04       		.byte	0x4
 398 0066 07       		.byte	0x7
 399 0067 1A000000 		.4byte	.LASF8
 400 006b 04       		.uleb128 0x4
 401 006c 5F000000 		.4byte	.LASF12
 402 0070 02       		.byte	0x2
 403 0071 E901     		.2byte	0x1e9
 404 0073 2C000000 		.4byte	0x2c
 405 0077 02       		.uleb128 0x2
 406 0078 04       		.byte	0x4
 407 0079 04       		.byte	0x4
 408 007a 8E000000 		.4byte	.LASF9
 409 007e 02       		.uleb128 0x2
 410 007f 08       		.byte	0x8
 411 0080 04       		.byte	0x4
 412 0081 38010000 		.4byte	.LASF10
 413 0085 02       		.uleb128 0x2
 414 0086 01       		.byte	0x1
 415 0087 08       		.byte	0x8
 416 0088 FB000000 		.4byte	.LASF11
 417 008c 04       		.uleb128 0x4
 418 008d 74010000 		.4byte	.LASF13
 419 0091 02       		.byte	0x2
 420 0092 9302     		.2byte	0x293
 421 0094 98000000 		.4byte	0x98
 422 0098 05       		.uleb128 0x5
 423 0099 6B000000 		.4byte	0x6b
 424 009d 02       		.uleb128 0x2
 425 009e 08       		.byte	0x8
 426 009f 04       		.byte	0x4
 427 00a0 5E010000 		.4byte	.LASF14
 428 00a4 02       		.uleb128 0x2
 429 00a5 04       		.byte	0x4
 430 00a6 07       		.byte	0x7
 431 00a7 87010000 		.4byte	.LASF15
 432 00ab 06       		.uleb128 0x6
 433 00ac 01       		.byte	0x1
 434 00ad 03       		.byte	0x3
 435 00ae 26       		.byte	0x26
 436 00af C0000000 		.4byte	0xc0
 437 00b3 07       		.uleb128 0x7
 438 00b4 0E000000 		.4byte	.LASF26
 439 00b8 03       		.byte	0x3
 440 00b9 28       		.byte	0x28
 441 00ba 6B000000 		.4byte	0x6b
ARM GAS  C:\Users\elias\AppData\Local\Temp\ccS8U5Xc.s 			page 21


 442 00be 00       		.byte	0
 443 00bf 00       		.byte	0
 444 00c0 08       		.uleb128 0x8
 445 00c1 3C000000 		.4byte	.LASF16
 446 00c5 03       		.byte	0x3
 447 00c6 29       		.byte	0x29
 448 00c7 AB000000 		.4byte	0xab
 449 00cb 09       		.uleb128 0x9
 450 00cc DB000000 		.4byte	.LASF17
 451 00d0 01       		.byte	0x1
 452 00d1 25       		.byte	0x25
 453 00d2 01       		.byte	0x1
 454 00d3 09       		.uleb128 0x9
 455 00d4 27000000 		.4byte	.LASF18
 456 00d8 01       		.byte	0x1
 457 00d9 39       		.byte	0x39
 458 00da 01       		.byte	0x1
 459 00db 0A       		.uleb128 0xa
 460 00dc D3000000 		.4byte	0xd3
 461 00e0 00000000 		.4byte	.LFB1
 462 00e4 02000000 		.4byte	.LFE1-.LFB1
 463 00e8 01       		.uleb128 0x1
 464 00e9 9C       		.byte	0x9c
 465 00ea 0B       		.uleb128 0xb
 466 00eb 94000000 		.4byte	.LASF19
 467 00ef 01       		.byte	0x1
 468 00f0 52       		.byte	0x52
 469 00f1 00000000 		.4byte	.LFB2
 470 00f5 28000000 		.4byte	.LFE2-.LFB2
 471 00f9 01       		.uleb128 0x1
 472 00fa 9C       		.byte	0x9c
 473 00fb 09010000 		.4byte	0x109
 474 00ff 0C       		.uleb128 0xc
 475 0100 1E000000 		.4byte	.LVL0
 476 0104 39010000 		.4byte	0x139
 477 0108 00       		.byte	0
 478 0109 0B       		.uleb128 0xb
 479 010a 51000000 		.4byte	.LASF20
 480 010e 01       		.byte	0x1
 481 010f 79       		.byte	0x79
 482 0110 00000000 		.4byte	.LFB3
 483 0114 14000000 		.4byte	.LFE3-.LFB3
 484 0118 01       		.uleb128 0x1
 485 0119 9C       		.byte	0x9c
 486 011a 28010000 		.4byte	0x128
 487 011e 0C       		.uleb128 0xc
 488 011f 0E000000 		.4byte	.LVL1
 489 0123 44010000 		.4byte	0x144
 490 0127 00       		.byte	0
 491 0128 0D       		.uleb128 0xd
 492 0129 90010000 		.4byte	.LASF27
 493 012d 01       		.byte	0x1
 494 012e 14       		.byte	0x14
 495 012f C0000000 		.4byte	0xc0
 496 0133 05       		.uleb128 0x5
 497 0134 03       		.byte	0x3
 498 0135 00000000 		.4byte	Opa_LP_backup
ARM GAS  C:\Users\elias\AppData\Local\Temp\ccS8U5Xc.s 			page 22


 499 0139 0E       		.uleb128 0xe
 500 013a 00010000 		.4byte	.LASF21
 501 013e 00010000 		.4byte	.LASF21
 502 0142 03       		.byte	0x3
 503 0143 34       		.byte	0x34
 504 0144 0E       		.uleb128 0xe
 505 0145 79010000 		.4byte	.LASF22
 506 0149 79010000 		.4byte	.LASF22
 507 014d 03       		.byte	0x3
 508 014e 3B       		.byte	0x3b
 509 014f 00       		.byte	0
 510              		.section	.debug_abbrev,"",%progbits
 511              	.Ldebug_abbrev0:
 512 0000 01       		.uleb128 0x1
 513 0001 11       		.uleb128 0x11
 514 0002 01       		.byte	0x1
 515 0003 25       		.uleb128 0x25
 516 0004 0E       		.uleb128 0xe
 517 0005 13       		.uleb128 0x13
 518 0006 0B       		.uleb128 0xb
 519 0007 03       		.uleb128 0x3
 520 0008 0E       		.uleb128 0xe
 521 0009 1B       		.uleb128 0x1b
 522 000a 0E       		.uleb128 0xe
 523 000b 55       		.uleb128 0x55
 524 000c 17       		.uleb128 0x17
 525 000d 11       		.uleb128 0x11
 526 000e 01       		.uleb128 0x1
 527 000f 10       		.uleb128 0x10
 528 0010 17       		.uleb128 0x17
 529 0011 00       		.byte	0
 530 0012 00       		.byte	0
 531 0013 02       		.uleb128 0x2
 532 0014 24       		.uleb128 0x24
 533 0015 00       		.byte	0
 534 0016 0B       		.uleb128 0xb
 535 0017 0B       		.uleb128 0xb
 536 0018 3E       		.uleb128 0x3e
 537 0019 0B       		.uleb128 0xb
 538 001a 03       		.uleb128 0x3
 539 001b 0E       		.uleb128 0xe
 540 001c 00       		.byte	0
 541 001d 00       		.byte	0
 542 001e 03       		.uleb128 0x3
 543 001f 24       		.uleb128 0x24
 544 0020 00       		.byte	0
 545 0021 0B       		.uleb128 0xb
 546 0022 0B       		.uleb128 0xb
 547 0023 3E       		.uleb128 0x3e
 548 0024 0B       		.uleb128 0xb
 549 0025 03       		.uleb128 0x3
 550 0026 08       		.uleb128 0x8
 551 0027 00       		.byte	0
 552 0028 00       		.byte	0
 553 0029 04       		.uleb128 0x4
 554 002a 16       		.uleb128 0x16
 555 002b 00       		.byte	0
ARM GAS  C:\Users\elias\AppData\Local\Temp\ccS8U5Xc.s 			page 23


 556 002c 03       		.uleb128 0x3
 557 002d 0E       		.uleb128 0xe
 558 002e 3A       		.uleb128 0x3a
 559 002f 0B       		.uleb128 0xb
 560 0030 3B       		.uleb128 0x3b
 561 0031 05       		.uleb128 0x5
 562 0032 49       		.uleb128 0x49
 563 0033 13       		.uleb128 0x13
 564 0034 00       		.byte	0
 565 0035 00       		.byte	0
 566 0036 05       		.uleb128 0x5
 567 0037 35       		.uleb128 0x35
 568 0038 00       		.byte	0
 569 0039 49       		.uleb128 0x49
 570 003a 13       		.uleb128 0x13
 571 003b 00       		.byte	0
 572 003c 00       		.byte	0
 573 003d 06       		.uleb128 0x6
 574 003e 13       		.uleb128 0x13
 575 003f 01       		.byte	0x1
 576 0040 0B       		.uleb128 0xb
 577 0041 0B       		.uleb128 0xb
 578 0042 3A       		.uleb128 0x3a
 579 0043 0B       		.uleb128 0xb
 580 0044 3B       		.uleb128 0x3b
 581 0045 0B       		.uleb128 0xb
 582 0046 01       		.uleb128 0x1
 583 0047 13       		.uleb128 0x13
 584 0048 00       		.byte	0
 585 0049 00       		.byte	0
 586 004a 07       		.uleb128 0x7
 587 004b 0D       		.uleb128 0xd
 588 004c 00       		.byte	0
 589 004d 03       		.uleb128 0x3
 590 004e 0E       		.uleb128 0xe
 591 004f 3A       		.uleb128 0x3a
 592 0050 0B       		.uleb128 0xb
 593 0051 3B       		.uleb128 0x3b
 594 0052 0B       		.uleb128 0xb
 595 0053 49       		.uleb128 0x49
 596 0054 13       		.uleb128 0x13
 597 0055 38       		.uleb128 0x38
 598 0056 0B       		.uleb128 0xb
 599 0057 00       		.byte	0
 600 0058 00       		.byte	0
 601 0059 08       		.uleb128 0x8
 602 005a 16       		.uleb128 0x16
 603 005b 00       		.byte	0
 604 005c 03       		.uleb128 0x3
 605 005d 0E       		.uleb128 0xe
 606 005e 3A       		.uleb128 0x3a
 607 005f 0B       		.uleb128 0xb
 608 0060 3B       		.uleb128 0x3b
 609 0061 0B       		.uleb128 0xb
 610 0062 49       		.uleb128 0x49
 611 0063 13       		.uleb128 0x13
 612 0064 00       		.byte	0
ARM GAS  C:\Users\elias\AppData\Local\Temp\ccS8U5Xc.s 			page 24


 613 0065 00       		.byte	0
 614 0066 09       		.uleb128 0x9
 615 0067 2E       		.uleb128 0x2e
 616 0068 00       		.byte	0
 617 0069 3F       		.uleb128 0x3f
 618 006a 19       		.uleb128 0x19
 619 006b 03       		.uleb128 0x3
 620 006c 0E       		.uleb128 0xe
 621 006d 3A       		.uleb128 0x3a
 622 006e 0B       		.uleb128 0xb
 623 006f 3B       		.uleb128 0x3b
 624 0070 0B       		.uleb128 0xb
 625 0071 27       		.uleb128 0x27
 626 0072 19       		.uleb128 0x19
 627 0073 20       		.uleb128 0x20
 628 0074 0B       		.uleb128 0xb
 629 0075 00       		.byte	0
 630 0076 00       		.byte	0
 631 0077 0A       		.uleb128 0xa
 632 0078 2E       		.uleb128 0x2e
 633 0079 00       		.byte	0
 634 007a 31       		.uleb128 0x31
 635 007b 13       		.uleb128 0x13
 636 007c 11       		.uleb128 0x11
 637 007d 01       		.uleb128 0x1
 638 007e 12       		.uleb128 0x12
 639 007f 06       		.uleb128 0x6
 640 0080 40       		.uleb128 0x40
 641 0081 18       		.uleb128 0x18
 642 0082 9742     		.uleb128 0x2117
 643 0084 19       		.uleb128 0x19
 644 0085 00       		.byte	0
 645 0086 00       		.byte	0
 646 0087 0B       		.uleb128 0xb
 647 0088 2E       		.uleb128 0x2e
 648 0089 01       		.byte	0x1
 649 008a 3F       		.uleb128 0x3f
 650 008b 19       		.uleb128 0x19
 651 008c 03       		.uleb128 0x3
 652 008d 0E       		.uleb128 0xe
 653 008e 3A       		.uleb128 0x3a
 654 008f 0B       		.uleb128 0xb
 655 0090 3B       		.uleb128 0x3b
 656 0091 0B       		.uleb128 0xb
 657 0092 27       		.uleb128 0x27
 658 0093 19       		.uleb128 0x19
 659 0094 11       		.uleb128 0x11
 660 0095 01       		.uleb128 0x1
 661 0096 12       		.uleb128 0x12
 662 0097 06       		.uleb128 0x6
 663 0098 40       		.uleb128 0x40
 664 0099 18       		.uleb128 0x18
 665 009a 9742     		.uleb128 0x2117
 666 009c 19       		.uleb128 0x19
 667 009d 01       		.uleb128 0x1
 668 009e 13       		.uleb128 0x13
 669 009f 00       		.byte	0
ARM GAS  C:\Users\elias\AppData\Local\Temp\ccS8U5Xc.s 			page 25


 670 00a0 00       		.byte	0
 671 00a1 0C       		.uleb128 0xc
 672 00a2 898201   		.uleb128 0x4109
 673 00a5 00       		.byte	0
 674 00a6 11       		.uleb128 0x11
 675 00a7 01       		.uleb128 0x1
 676 00a8 9542     		.uleb128 0x2115
 677 00aa 19       		.uleb128 0x19
 678 00ab 31       		.uleb128 0x31
 679 00ac 13       		.uleb128 0x13
 680 00ad 00       		.byte	0
 681 00ae 00       		.byte	0
 682 00af 0D       		.uleb128 0xd
 683 00b0 34       		.uleb128 0x34
 684 00b1 00       		.byte	0
 685 00b2 03       		.uleb128 0x3
 686 00b3 0E       		.uleb128 0xe
 687 00b4 3A       		.uleb128 0x3a
 688 00b5 0B       		.uleb128 0xb
 689 00b6 3B       		.uleb128 0x3b
 690 00b7 0B       		.uleb128 0xb
 691 00b8 49       		.uleb128 0x49
 692 00b9 13       		.uleb128 0x13
 693 00ba 02       		.uleb128 0x2
 694 00bb 18       		.uleb128 0x18
 695 00bc 00       		.byte	0
 696 00bd 00       		.byte	0
 697 00be 0E       		.uleb128 0xe
 698 00bf 2E       		.uleb128 0x2e
 699 00c0 00       		.byte	0
 700 00c1 3F       		.uleb128 0x3f
 701 00c2 19       		.uleb128 0x19
 702 00c3 3C       		.uleb128 0x3c
 703 00c4 19       		.uleb128 0x19
 704 00c5 6E       		.uleb128 0x6e
 705 00c6 0E       		.uleb128 0xe
 706 00c7 03       		.uleb128 0x3
 707 00c8 0E       		.uleb128 0xe
 708 00c9 3A       		.uleb128 0x3a
 709 00ca 0B       		.uleb128 0xb
 710 00cb 3B       		.uleb128 0x3b
 711 00cc 0B       		.uleb128 0xb
 712 00cd 00       		.byte	0
 713 00ce 00       		.byte	0
 714 00cf 00       		.byte	0
 715              		.section	.debug_aranges,"",%progbits
 716 0000 2C000000 		.4byte	0x2c
 717 0004 0200     		.2byte	0x2
 718 0006 00000000 		.4byte	.Ldebug_info0
 719 000a 04       		.byte	0x4
 720 000b 00       		.byte	0
 721 000c 0000     		.2byte	0
 722 000e 0000     		.2byte	0
 723 0010 00000000 		.4byte	.LFB1
 724 0014 02000000 		.4byte	.LFE1-.LFB1
 725 0018 00000000 		.4byte	.LFB2
 726 001c 28000000 		.4byte	.LFE2-.LFB2
ARM GAS  C:\Users\elias\AppData\Local\Temp\ccS8U5Xc.s 			page 26


 727 0020 00000000 		.4byte	.LFB3
 728 0024 14000000 		.4byte	.LFE3-.LFB3
 729 0028 00000000 		.4byte	0
 730 002c 00000000 		.4byte	0
 731              		.section	.debug_ranges,"",%progbits
 732              	.Ldebug_ranges0:
 733 0000 00000000 		.4byte	.LFB1
 734 0004 02000000 		.4byte	.LFE1
 735 0008 00000000 		.4byte	.LFB2
 736 000c 28000000 		.4byte	.LFE2
 737 0010 00000000 		.4byte	.LFB3
 738 0014 14000000 		.4byte	.LFE3
 739 0018 00000000 		.4byte	0
 740 001c 00000000 		.4byte	0
 741              		.section	.debug_line,"",%progbits
 742              	.Ldebug_line0:
 743 0000 91000000 		.section	.debug_str,"MS",%progbits,1
 743      02005200 
 743      00000201 
 743      FB0E0D00 
 743      01010101 
 744              	.LASF6:
 745 0000 6C6F6E67 		.ascii	"long long int\000"
 745      206C6F6E 
 745      6720696E 
 745      7400
 746              	.LASF26:
 747 000e 656E6162 		.ascii	"enableState\000"
 747      6C655374 
 747      61746500 
 748              	.LASF8:
 749 001a 756E7369 		.ascii	"unsigned int\000"
 749      676E6564 
 749      20696E74 
 749      00
 750              	.LASF18:
 751 0027 4F70615F 		.ascii	"Opa_LP_RestoreConfig\000"
 751      4C505F52 
 751      6573746F 
 751      7265436F 
 751      6E666967 
 752              	.LASF16:
 753 003c 4F70615F 		.ascii	"Opa_LP_BACKUP_STRUCT\000"
 753      4C505F42 
 753      41434B55 
 753      505F5354 
 753      52554354 
 754              	.LASF20:
 755 0051 4F70615F 		.ascii	"Opa_LP_Wakeup\000"
 755      4C505F57 
 755      616B6575 
 755      7000
 756              	.LASF12:
 757 005f 75696E74 		.ascii	"uint8\000"
 757      3800
 758              	.LASF5:
 759 0065 6C6F6E67 		.ascii	"long unsigned int\000"
ARM GAS  C:\Users\elias\AppData\Local\Temp\ccS8U5Xc.s 			page 27


 759      20756E73 
 759      69676E65 
 759      6420696E 
 759      7400
 760              	.LASF7:
 761 0077 6C6F6E67 		.ascii	"long long unsigned int\000"
 761      206C6F6E 
 761      6720756E 
 761      7369676E 
 761      65642069 
 762              	.LASF9:
 763 008e 666C6F61 		.ascii	"float\000"
 763      7400
 764              	.LASF19:
 765 0094 4F70615F 		.ascii	"Opa_LP_Sleep\000"
 765      4C505F53 
 765      6C656570 
 765      00
 766              	.LASF25:
 767 00a1 433A5C47 		.ascii	"C:\\Github\\Tesis\\src\\psoc\\AcondicionamientoAnal"
 767      69746875 
 767      625C5465 
 767      7369735C 
 767      7372635C 
 768 00cf 6F676963 		.ascii	"ogico.cydsn\000"
 768      6F2E6379 
 768      64736E00 
 769              	.LASF17:
 770 00db 4F70615F 		.ascii	"Opa_LP_SaveConfig\000"
 770      4C505F53 
 770      61766543 
 770      6F6E6669 
 770      6700
 771              	.LASF1:
 772 00ed 756E7369 		.ascii	"unsigned char\000"
 772      676E6564 
 772      20636861 
 772      7200
 773              	.LASF11:
 774 00fb 63686172 		.ascii	"char\000"
 774      00
 775              	.LASF21:
 776 0100 4F70615F 		.ascii	"Opa_LP_Stop\000"
 776      4C505F53 
 776      746F7000 
 777              	.LASF4:
 778 010c 6C6F6E67 		.ascii	"long int\000"
 778      20696E74 
 778      00
 779              	.LASF24:
 780 0115 47656E65 		.ascii	"Generated_Source\\PSoC5\\Opa_LP_PM.c\000"
 780      72617465 
 780      645F536F 
 780      75726365 
 780      5C50536F 
 781              	.LASF10:
 782 0138 646F7562 		.ascii	"double\000"
ARM GAS  C:\Users\elias\AppData\Local\Temp\ccS8U5Xc.s 			page 28


 782      6C6500
 783              	.LASF3:
 784 013f 73686F72 		.ascii	"short unsigned int\000"
 784      7420756E 
 784      7369676E 
 784      65642069 
 784      6E7400
 785              	.LASF0:
 786 0152 7369676E 		.ascii	"signed char\000"
 786      65642063 
 786      68617200 
 787              	.LASF14:
 788 015e 6C6F6E67 		.ascii	"long double\000"
 788      20646F75 
 788      626C6500 
 789              	.LASF2:
 790 016a 73686F72 		.ascii	"short int\000"
 790      7420696E 
 790      7400
 791              	.LASF13:
 792 0174 72656738 		.ascii	"reg8\000"
 792      00
 793              	.LASF22:
 794 0179 4F70615F 		.ascii	"Opa_LP_Enable\000"
 794      4C505F45 
 794      6E61626C 
 794      6500
 795              	.LASF15:
 796 0187 73697A65 		.ascii	"sizetype\000"
 796      74797065 
 796      00
 797              	.LASF27:
 798 0190 4F70615F 		.ascii	"Opa_LP_backup\000"
 798      4C505F62 
 798      61636B75 
 798      7000
 799              	.LASF23:
 800 019e 474E5520 		.ascii	"GNU C11 5.4.1 20160609 (release) [ARM/embedded-5-br"
 800      43313120 
 800      352E342E 
 800      31203230 
 800      31363036 
 801 01d1 616E6368 		.ascii	"anch revision 237715] -mcpu=cortex-m3 -mthumb -g -O"
 801      20726576 
 801      6973696F 
 801      6E203233 
 801      37373135 
 802 0204 33202D66 		.ascii	"3 -ffunction-sections -ffat-lto-objects -finline-fu"
 802      66756E63 
 802      74696F6E 
 802      2D736563 
 802      74696F6E 
 803 0237 6E637469 		.ascii	"nctions -flto\000"
 803      6F6E7320 
 803      2D666C74 
 803      6F00
 804              		.comm	__gnu_lto_v1,1,1
ARM GAS  C:\Users\elias\AppData\Local\Temp\ccS8U5Xc.s 			page 29


 805              		.ident	"GCC: (GNU Tools for ARM Embedded Processors) 5.4.1 20160609 (release) [ARM/embedded-5-bran
