ARM GAS  C:\Users\elias\AppData\Local\Temp\cc2h0DPJ.s 			page 1


   1              		.syntax unified
   2              		.cpu cortex-m3
   3              		.fpu softvfp
   4              		.eabi_attribute 20, 1
   5              		.eabi_attribute 21, 1
   6              		.eabi_attribute 23, 3
   7              		.eabi_attribute 24, 1
   8              		.eabi_attribute 25, 1
   9              		.eabi_attribute 26, 1
  10              		.eabi_attribute 30, 2
  11              		.eabi_attribute 34, 1
  12              		.eabi_attribute 18, 4
  13              		.thumb
  14              		.syntax unified
  15              		.file	"Opa_ref_IN.c"
  16              		.text
  17              	.Ltext0:
  18              		.section	.gnu.lto_.profile.e050339a,"",%progbits
  19 0000 789C6361 		.ascii	"x\234ca`d`a`\000\222\3366\000\001<\000\222"
  19      60646061 
  19      600092DE 
  19      3600013C 
  19      0092
  20              		.text
  21              		.section	.gnu.lto_.icf.e050339a,"",%progbits
  22 0000 789C6361 		.ascii	"x\234ca`d\000\001\035\006\004`g\230\270\243\347\012"
  22      60640001 
  22      1D060460 
  22      6798B8A3 
  22      E70A
  23 0012 3BE38B59 		.ascii	";\343\213Y\023\273\230\230^-\274\276\207\203\371\365"
  23      13BB9898 
  23      5E2DBCBE 
  23      8783F9F5 
  24 0022 8713EB19 		.ascii	"\207\023\353\031Y\326\374\275q\235\215u\373\366I\273"
  24      59D6FCBD 
  24      719D8D75 
  24      FBF649BB 
  25 0032 78D9DA9A 		.ascii	"x\331\332\232^,cf\000\000\331\357\024\324"
  25      5E2C6366 
  25      0000D9EF 
  25      14D4
  26              		.text
  27              		.section	.gnu.lto_.jmpfuncs.e050339a,"",%progbits
  28 0000 789C6361 		.ascii	"x\234ca`d\000\001q\006\004`\003b\240(\023\003\0033\003"
  28      60640001 
  28      71060460 
  28      0362A028 
  28      13030333 
  29 0015 032B4880 		.ascii	"\003+H\200\221\221\261\236\001\000\006i\000\266"
  29      9191B19E 
  29      01000669 
  29      00B6
  30              		.text
  31              		.section	.gnu.lto_.inline.e050339a,"",%progbits
  32 0000 789C6361 		.ascii	"x\234ca`d\000\2016\006\004`\003\"VF\006&\266\017z\014"
  32      60640081 
ARM GAS  C:\Users\elias\AppData\Local\Temp\cc2h0DPJ.s 			page 2


  32      36060460 
  32      03225646 
  32      0626B60F 
  33 0016 6C0BE499 		.ascii	"l\013\344\231@b\214\014\234\034@!\236\007\261p!&\006"
  33      40628C0C 
  33      9C1C4021 
  33      9E07B170 
  33      212606
  34 0029 1E6EA090 		.ascii	"\036n\240\220\320\205\036F\270\0303\203\230\020PLm\316"
  34      D0851E46 
  34      B8183383 
  34      9810504C 
  34      6DCE
  35 003b 3F84182B 		.ascii	"?\204\030+\003\257 \272:F.\260=\\\234\214\214\014@s"
  35      03AF20BA 
  35      3A462EB0 
  35      3D5C9C8C 
  35      8C0C4073 
  36 004f 1998E106 		.ascii	"\031\230\341\0063]\340g\001\273\002\0006\030\017;"
  36      335DE067 
  36      01BB0200 
  36      36180F3B 
  37              		.text
  38              		.section	.gnu.lto_.pureconst.e050339a,"",%progbits
  39 0000 789C6361 		.ascii	"x\234ca`d\340e```c\220b\224b\222b\226b\225b\223\002"
  39      6064E065 
  39      60606063 
  39      90629462 
  39      92629662 
  40 0018 00059B00 		.ascii	"\000\005\233\000\306"
  40      C6
  41              		.text
  42              		.section	.gnu.lto_Opa_ref_IN_Stop.part.0.e050339a,"",%progbits
  43 0000 789C7D50 		.ascii	"x\234}P=K\003A\020\2357{\211)\024,,SX\210\220B\261\361"
  43      3D4B0341 
  43      109D377B 
  43      8929142C 
  43      2C535888 
  44 0018 07888568 		.ascii	"\007\210\205h\241b\332@\010\361,\215\034Zg\317\313!"
  44      A162DA40 
  44      08F12C8D 
  44      1C5A67CF 
  44      CB21
  45 002a 5805C158 		.ascii	"X\005\301XI\312|\250DK+C@,\204\370\027D\360\004\013"
  45      49CA7CA8 
  45      444B2B43 
  45      402C84F8 
  45      1744F004 
  46 003f 492022F8 		.ascii	"I \"\370\025g\357z\007v\337\354\314\3337o\327\"\220"
  46      1567EF7A 
  46      0776DFEC 
  46      CCDB376F 
  46      D72290
  47 0052 89058169 		.ascii	"\211\005\201i\301\031Y\210\021\254rW\022\013\034\"C"
  47      C1195988 
  47      11AC7257 
  47      120B1C22 
ARM GAS  C:\Users\elias\AppData\Local\Temp\cc2h0DPJ.s 			page 3


  47      43
  48 0063 1974130A 		.ascii	"\031t\023\0120\211N\200\212\026+\024\361\316?\214\316"
  48      30894E80 
  48      8A162B14 
  48      F1CE3F8C 
  48      CE
  49 0074 4170CDA9 		.ascii	"Ap\315\251\232\226x\274\375\232\323\3656|E4\344P\233"
  49      9A9678BC 
  49      FD9AD3F5 
  49      367C4534 
  49      E4509B
  50 0087 50438A84 		.ascii	"PC\212\204\366t\365{<\026/\031\332d\324D\035qc\240\265"
  50      F674F57B 
  50      3C162F19 
  50      DA64D444 
  50      1D7163A0 
  51 009c A1F570E8 		.ascii	"\241\365p\350\351rk\0021\220\257\300f#\352\011\313L"
  51      E9726B02 
  51      3190AFC0 
  51      6623EA09 
  51      CB4C
  52 00ae ECB16550 		.ascii	"\354\261eP\365\231C\014\320\371<\354\326\217`\024<\005"
  52      F599430C 
  52      D0F93CEC 
  52      D68F6014 
  52      3C05
  53 00c0 51AFF89D 		.ascii	"Q\257\370\235\207\221\001\373\212a\206\335\270\315\267"
  53      879101FB 
  53      8A6186DD 
  53      B8CDB7
  54 00cf 5874FCB8 		.ascii	"Xt\374\270t\265%\245\347\326\340\205\2538uK\256\036"
  54      74B525A5 
  54      E7D6E085 
  54      AB38754B 
  54      AE1E
  55 00e1 F7954213 		.ascii	"\367\225B\023I4\220\024\037g\250\202\002x\337\361H\220"
  55      49349014 
  55      1F67A882 
  55      0278DFF1 
  55      4890
  56 00f3 23CDF6DD 		.ascii	"#\315\366\335\275;jD\224\364q.T\031\\\011\207\376\257"
  56      BD3B6A44 
  56      94F4712E 
  56      54195C09 
  56      87FEAF
  57 0106 77217C51 		.ascii	"w!|Q\221\247\365Y\205\216_\261\337>Y17\303?\351\211"
  57      91A7F559 
  57      858E5FB1 
  57      DF3E5931 
  57      37C33FE9 
  58 011b 4B290B63 		.ascii	"K)\013cj\311\336\266\235\334\256\275\231M\027\366\234"
  58      6AC9DEB6 
  58      9DDCAEBD 
  58      994D17F6 
  58      9C
  59 012c BC9D594F 		.ascii	"\274\235YO\027\026\3473k;\271\254coe\227Wg\363\364\007"
  59      1716E733 
ARM GAS  C:\Users\elias\AppData\Local\Temp\cc2h0DPJ.s 			page 4


  59      6B3BB9AC 
  59      636F6597 
  59      5767F3F4 
  60 0141 CFCD7BEF 		.ascii	"\317\315{\357"
  61              		.text
  62              		.section	.gnu.lto_Opa_ref_IN_Init.e050339a,"",%progbits
  63 0000 789C8D51 		.ascii	"x\234\215Q\317KTQ\024>\337\275\357=G*p\323\252Y\264"
  63      CF4B5451 
  63      143EDFBD 
  63      EF3D472A 
  63      70D3AA59 
  64 0015 484C8D10 		.ascii	"HL\215\020\244\277\300\305\320&%\267\302 \366Z62h-\275"
  64      A4BFC0C5 
  64      D02625B7 
  64      C220F65A 
  64      3632682D 
  65 002a E3F81445 		.ascii	"\343\370\024E(\221\204\302\230\320b\254\361\307L\326"
  65      289184C2 
  65      98D062AC 
  65      F1C74CD6 
  66 003a A2DD6316 		.ascii	"\242\335c\026.\\\024-k\223\010*\272\262P(\031{\236\363"
  66      2E5C142D 
  66      6B93082A 
  66      BAB25028 
  66      197B9EF3 
  67 004e 6E2E4290 		.ascii	"n.B\220.\274s\357y\367;\337\367\335s\034\002\311J)\242"
  67      2EBC73EF 
  67      79F73BDF 
  67      F7DD731C 
  67      02C94A29 
  68 0063 1BBC5FE1 		.ascii	"\033\274_\341\017\232\240\236|\"\312%\024 \007\223\000"
  68      0F9AA09E 
  68      7C22CA25 
  68      14200793 
  68      00
  69 0074 0D290CE1 		.ascii	"\015)\014\341P\035+T\307\266?\252\346\242\341\265\261"
  69      501D2B54 
  69      C7B63FAA 
  69      E6A2E1B5 
  69      B1
  70 0085 35ADCD42 		.ascii	"5\255\315B\210@\023E*f\"\024\321L\014\333\254\374yz"
  70      88401345 
  70      2A662214 
  70      D14C0CDB 
  70      ACFC797A 
  71 0099 C91B11D8 		.ascii	"\311\033\021\330U{\211\005x\"\267r74Q\2247a\305\335"
  71      557B8905 
  71      7822B772 
  71      37345194 
  71      3761C5DD 
  72 00ad 55094D81 		.ascii	"U\011M\201\206#\301\225\340I \332\347\002\221\376\241"
  72      8623C195 
  72      E04920DA 
  72      E70291FE 
  72      A1
  73 00be 94EC7A13 		.ascii	"\224\354z\023\303\015\302\372\352\371\343\242\243\233"
  73      C30DC2FA 
ARM GAS  C:\Users\elias\AppData\Local\Temp\cc2h0DPJ.s 			page 5


  73      EAF9E3A2 
  73      A39B
  74 00cc 20E7A99F 		.ascii	" \347\251\237\337'U\343\2741\303&,|\275`\312&\021h\205"
  74      DF2755E3 
  74      BC31C326 
  74      2C7CBD60 
  74      CA261168 
  75 00e1 37D02C87 		.ascii	"7\320,\207\366$\332\222\326\321[42||\366Y\251\356@\011"
  75      F624DA92 
  75      D6D15B34 
  75      327C7CF6 
  75      59A9EE40 
  76 00f6 44A38424 		.ascii	"D\243\204$m\243z4\261Vz\370\257Y\263\323\"\005\261\333"
  76      6DA37A34 
  76      B1567AF8 
  76      AF59B3D3 
  76      2205B1DB 
  77 010a 48E1CC53 		.ascii	"H\341\314S\260\310\036\011K\360\362Z\363\345LP\375\034"
  77      B0C81E09 
  77      4BF0F25A 
  77      F3E54C50 
  77      FD1C
  78 011c D3EA183B 		.ascii	"\323\352\030;\367\245v\335f\337\3129\343\360\237\350"
  78      F7A576DD 
  78      66DFCA39 
  78      E3F09FE8 
  79 012c E5EFD717 		.ascii	"\345\357\327\027\013x\221\033\311\231\206@;XA\022\313"
  79      0B78911B 
  79      C9998640 
  79      3B584112 
  79      CB
  80 013d AC4F28A3 		.ascii	"\254O(\243\000\266\221\257\215\262\015K\351X\326\203"
  80      00B691AF 
  80      8DB20D4B 
  80      E958D683 
  81 014d C5F258BD 		.ascii	"\305\362X\275\3608\250\001\025\353v\006\2029\237\362"
  81      F038A801 
  81      15EB7606 
  81      82399FF2 
  82 015d 1D53328B 		.ascii	"\035S2\213}\334z\253%u\317\257Y\375k\343\227g\341Rq"
  82      7DDC7AAB 
  82      2575CFAF 
  82      59FD6BE3 
  82      9767E152 
  83 0172 DAA1FFD1 		.ascii	"\332\241\377\321|\037kz\304C\012W/\307c\226\016\322"
  83      7C1F6B7A 
  83      C4430A57 
  83      2FC76396 
  83      0ED2
  84 0184 1EE71F5C 		.ascii	"\036\347\037\\\311\3439\354s7y\226<\331k)\377\201\237"
  84      C9E339EC 
  84      73377996 
  84      3CD96B29 
  84      FF819F
  85 0197 ED1DF0EF 		.ascii	"\355\035\360\357\245\2733\203\331>\277\247\253;\323"
  85      A5BB3383 
  85      D93EBFA7 
ARM GAS  C:\Users\elias\AppData\Local\Temp\cc2h0DPJ.s 			page 6


  85      AB3BD3
  86 01a6 71ABA7B3 		.ascii	"q\253\247\263\2777\235\365\357\247o\337\271\331Gn\177"
  86      BF379DF5 
  86      EFA76FDF 
  86      B9D9476E 
  86      7F
  87 01b7 E6919F3D 		.ascii	"\346\221\237=\001\326_\316\251"
  87      01D65FCE 
  87      A9
  88              		.text
  89              		.section	.gnu.lto_Opa_ref_IN_Enable.e050339a,"",%progbits
  90 0000 789C7D92 		.ascii	"x\234}\222\315K\002A\024\300\337\233\311u\245\302?\240"
  90      CD4B0241 
  90      14C0DF9B 
  90      C975A5C2 
  90      3FA0
  91 0012 0E1D22F0 		.ascii	"\016\035\"\360\322\255\277 (\272T\344\241K R\3331C\352"
  91      D2ADBF20 
  91      28BA54E4 
  91      A14B2052 
  91      DB3143EA 
  92 0026 9A6BBA28 		.ascii	"\232k\272(A`\207\"\210\362\022T\366a\337\024\035Z\204"
  92      41608722 
  92      88F21254 
  92      F661DF14 
  92      1D5A84
  93 0039 AE7AAE53 		.ascii	"\256z\256S\004\256\320!\012*3\250\355\315\216$\0306"
  93      04AED021 
  93      0A2A33A8 
  93      EDCD8E24 
  93      1836
  94 004b 306F7676 		.ascii	"0ovv\337\373\275\037\274m\002\004\261F\031@\027\235"
  94      DFFBBD1F 
  94      BC6D0204 
  94      B1461940 
  94      179D
  95 005d 6DB49103 		.ascii	"m\264\221\003\262T\036 \2522D\361\240\253\010\021\206"
  95      B2541E20 
  95      AA3244F1 
  95      A0AB0811 
  95      86
  96 006e 117C635F 		.ascii	"\021|c_\014s\011\353\222\371\266tZ\367\305\015\256o"
  96      0C7309EB 
  96      92F9B674 
  96      5AF7C50D 
  96      AE6F
  97 0080 9B687000 		.ascii	"\233hp\000\2339$\300-\364\001\245=\034}/\267*q\221\326"
  97      9B3924C0 
  97      2DF401A5 
  97      3D1C7D2F 
  97      B72A7191 
  98 0095 213FE236 		.ascii	"!?\3426*\242]v\304\324m;\246\233\025\327YK3\003\203"
  98      2AA25D76 
  98      C4D46D3B 
  98      A69B15D7 
  98      594B3303 
  99 00aa 534B0A2E 		.ascii	"SK\012.\021\024\021T\021<\"\000<S\251\220xaL\234\334"
ARM GAS  C:\Users\elias\AppData\Local\Temp\cc2h0DPJ.s 			page 7


  99      11141154 
  99      113C2200 
  99      3C53A990 
  99      78614C9C 
 100 00bf C2DCE7C2 		.ascii	"\302\334\347\302{\311-h1.\204V\214\\\301\375\312\014"
 100      7BC92D68 
 100      312E8456 
 100      8C5CC1FD 
 100      CA0C
 101 00d1 CE5034BE 		.ascii	"\316P4\276\216f\236\\\362Z>\214\352M\364\252\230}-\261"
 101      8E669E5C 
 101      F25A3E8C 
 101      EA4DF4AA 
 101      987D2DB1 
 102 00e5 34AE47E3 		.ascii	"4\256G\343\244\3121\203\355\270\203\355d\264\213i\004"
 102      A4CA3183 
 102      EDB883ED 
 102      64B48B69 
 102      04
 103 00f6 0B631F8A 		.ascii	"\013c\037\212\304qI\234\277\272]\362\012\004\342=\340"
 103      C471499C 
 103      BFBA5DF2 
 103      0A04E23D 
 103      E0
 104 0107 1EA552D7 		.ascii	"\036\245R\327\025\0249\377\321\366\211F\014p\024\363"
 104      151439FF 
 104      D1F68946 
 104      0C7014F3 
 105 0117 AB7392E9 		.ascii	"\253s\222\351\242\222\374b\"\253J\247\315\204t\272*"
 105      A292FC62 
 105      22AB4AA7 
 105      CD8474BA 
 105      2A
 106 0128 9CA7BC35 		.ascii	"\234\247\2745\312\301/%[\347TE\334\330e\263\352\304"
 106      CAC12F25 
 106      5BE75445 
 106      DCD865B3 
 106      EAC4
 107 013a F0B04EA9 		.ascii	"\360\260N\251!\354\310QR\244\222\265\232B\311T\251\346"
 107      21ECC851 
 107      52A492B5 
 107      9A42C954 
 107      A9E6
 108 014c CE486698 		.ascii	"\316Hf\230t:\255:U.\222\266\247\2069\376\305\234\324"
 108      743AAD3A 
 108      552E92B6 
 108      A78639FE 
 108      C59CD4
 109 015f 397908F1 		.ascii	"9y\010\361G\242a\365\251#\341\201G\2347\327\372D\266"
 109      47A261F5 
 109      A923E181 
 109      479C37D7 
 109      FA44B6
 110 0172 F3A73CD3 		.ascii	"\363\247<\323\274h\2424\337\316~mJ\013\007g\264\211"
 110      BC68A234 
 110      DFCE7E6D 
 110      4A0B0767 
ARM GAS  C:\Users\elias\AppData\Local\Temp\cc2h0DPJ.s 			page 8


 110      B489
 111 0184 803F341B 		.ascii	"\200?4\033\036\327\306\206\375\241\336\236\261\241\351"
 111      1ED7C686 
 111      FDA1DE9E 
 111      B1A1E9
 112 0193 6020AC4D 		.ascii	"` \254M\006\006\006\273\307\341\007_M\317\016"
 112      060606BB 
 112      C7E1075F 
 112      4DCF0E
 113              		.text
 114              		.section	.gnu.lto_Opa_ref_IN_Start.e050339a,"",%progbits
 115 0000 789C9594 		.ascii	"x\234\225\224\313O\023Q\024\306\357\231G\247O\313B\027"
 115      CB4F1351 
 115      14C6EF99 
 115      47A74FCB 
 115      4217
 116 0012 2684B890 		.ascii	"&\204\270\220(j\204D\375\013\\\0207j$qEB\010\326\245"
 116      286A8444 
 116      FD0B5C10 
 116      376A2471 
 116      454208D6 
 117 0027 90C6C74E 		.ascii	"\220\306\307Nn[J\301(\302B\202\250\301(\246\010h[yH"
 117      6E5B4AC1 
 117      28C24282 
 117      A8C128A6 
 117      08685B79 
 118 003c 05A120E2 		.ascii	"\005\241 \342#\004b\202\013p\001\022-\011!\212\246\212"
 118      23046282 
 118      0B700112 
 118      2D09218A 
 118      A68A
 119 004e 2858CF99 		.ascii	"(X\317\231[J\205\244\321Iz\246s\037\337\371\235\357"
 119      5B4A85A4 
 119      D1497AA6 
 119      731FDFF9 
 119      9DEF
 120 0060 DC198501 		.ascii	"\334\031\205\001\243\353\244\312\330>\274\037\304\037"
 120      A3EBA4CA 
 120      D83EBC1F 
 120      C41F
 121 006e A80CA4DA 		.ascii	"\250\014\244\3321\306\\FI\222'r\0317+}Y\214[eP\304\260"
 121      31C65C46 
 121      49922772 
 121      19372B7D 
 121      598C5B65 
 122 0085 02407FB8 		.ascii	"\002@\177\270\021X\271$+P\016\337\244U\011\206|\321"
 122      1158B924 
 122      2B500EDF 
 122      A4550986 
 122      7CD1
 123 0097 B094E3E7 		.ascii	"\260\224\343\347x\315x?\347\361\226\010xe\306\342\222"
 123      78CD783F 
 123      E7F19608 
 123      7865C6E2 
 123      92
 124 00a8 9E82811F 		.ascii	"\236\202\201\037r\030.\233\015\375\276f3T\320\262\035"
 124      72182E9B 
ARM GAS  C:\Users\elias\AppData\Local\Temp\cc2h0DPJ.s 			page 9


 124      0DFDBE66 
 124      3354D0B2 
 124      1D
 125 00b9 62125AC0 		.ascii	"b\022Z\300@\034\201\023\021\036\217{x\344\227a\260Q"
 125      401C8113 
 125      111E8F7B 
 125      78E49761 
 125      B051
 126 00cb DB2A33AF 		.ascii	"\333*3\257\2140\0304\012F\012&\012f\012\026\012V\012"
 126      8C301834 
 126      0A460A26 
 126      0A660A16 
 126      0A560A
 127 00de 360A5B28 		.ascii	"6\012[(\330)0\266\210\242\004\370E\222\350.G\301]\037"
 127      D82930B6 
 127      88A204F8 
 127      4592E82E 
 127      47C15D1F 
 128 00f2 9A0E6994 		.ascii	"\232\016i\224\307#\313\310P\357\035\032\327b\222W\226"
 128      C723CBC8 
 128      50EF1D1A 
 128      D7629257 
 128      96
 129 0103 8090C2E1 		.ascii	"\200\220\302\341\205wZ\371*\257\342<\003\307\252\221"
 129      85775AF9 
 129      2AAFE23C 
 129      03C7AA91 
 130 0113 9A86E747 		.ascii	"\232\206\347G\337\016\233\233\340\226\213\353\3432\264"
 130      DF0E9B9B 
 130      E0968BEB 
 130      E332B4
 131 0122 62A9F721 		.ascii	"b\251\367!\023\211\333\240\011\330{\250\230\362d\255"
 131      1389DBA0 
 131      09D87BA8 
 131      98F264AD 
 132 0132 AB0616C2 		.ascii	"\253\006\026\302\3136R\005`\320N\353\030A\310l\"\227"
 132      CB365205 
 132      60D04EEB 
 132      1841C86C 
 132      2297
 133 0144 1862C10F 		.ascii	"\030b\301\017\203:\303\177d|\220\314\370\0203\342\212"
 133      833AC37F 
 133      647C90CC 
 133      F81033E2 
 133      8A
 134 0155 2EDF68C8 		.ascii	".\337h\310L90\011\004pf\026\334\031\264\265\271\361"
 134      4C393009 
 134      04706616 
 134      DC19B4B5 
 134      B9F1
 135 0167 AA5F9177 		.ascii	"\252_\221w\351\365\324}\235\276,e\337\345\334\315#M"
 135      E9F5D47D 
 135      9DBE2C65 
 135      DFE5DCCD 
 135      234D
 136 0179 93161EE4 		.ascii	"\223\026\036\344F\332\020\004\031\375\206\003\231\220"
 136      46DA1004 
ARM GAS  C:\Users\elias\AppData\Local\Temp\cc2h0DPJ.s 			page 10


 136      19FD8603 
 136      9990
 137 0187 27D82004 		.ascii	"'\330 \004\331\270\274\372\346\3656Mh\312\360\0105\243"
 137      D9B8BCFA 
 137      E6F5364D 
 137      68CAF008 
 137      35A3
 138 0199 30F4F3D2 		.ascii	"0\364\363\322H\333\371\277\273\305\3755\333\365^\305"
 138      48DBF9BF 
 138      BBC5FD35 
 138      DBF55EC5 
 139 01a9 856BA953 		.ascii	"\205k\251Ss{H\213A\007\315J\233\332\014\235`\300t]\344"
 139      737B488B 
 139      4107CD4A 
 139      9BDA0C9D 
 139      60C0745D 
 140 01be 9496EABF 		.ascii	"\224\226\352\277\242+\335y\263\262[<M\005]\\\301\221"
 140      A22BDD79 
 140      B3B25B3C 
 140      4D055D5C 
 140      C191
 141 01d0 F8EDE57B 		.ascii	"\370\355\345{V2\242\302EF\250\360\0302\241[7\242\207"
 141      5632A2C2 
 141      4546A8F0 
 141      1832A15B 
 141      37A287
 142 01e3 AC8F8267 		.ascii	"\254\217\202g\245\022\011\205\244Q\250\306\332\203>"
 142      A5120985 
 142      A451A8C6 
 142      DA833E
 143 01f2 13E9A8B0 		.ascii	"\023\351\250\260\002\020\026\205\324\003\255I/\371\004"
 143      02101685 
 143      D403AD49 
 143      2FF904
 144 0201 255145D4 		.ascii	"%QE\324\375z\257\0205\245\337\323\233\300\370a\020\313"
 144      FD7AAF10 
 144      35A5DFD3 
 144      9BC0F861 
 144      10CB
 145 0213 CDB863CD 		.ascii	"\315\270c\315\274\177\311\331\247\3474S\377\"\035\333"
 145      BC7FC9D9 
 145      A7E73453 
 145      FF221DDB 
 146 0223 F45688E3 		.ascii	"\364V\210\343\242$\316,\242|\237\3236\370\334Q\243&"
 146      A224CE2C 
 146      A27C9FD3 
 146      36F8DC51 
 146      A326
 147 0235 5A206F36 		.ascii	"Z o6\371\251nr?\321\25089\340j\375\244\012[\227\022"
 147      F9A96E72 
 147      3FD1A838 
 147      39E06AFD 
 147      A40A5B97 
 148 024a B67E0CC4 		.ascii	"\266~\014\304\346\244T\236\201$Od\255\236J\314*D,B\307"
 148      E6A4549E 
 148      81244F64 
 148      AD9E4ACC 
ARM GAS  C:\Users\elias\AppData\Local\Temp\cc2h0DPJ.s 			page 11


 148      2A442C42 
 149 025f DD3B5967 		.ascii	"\335;Yg\027\307z\206\301`\262\304~\275\3044\222Cz\211"
 149      17C77A86 
 149      C160B2C4 
 149      7EBDC434 
 149      92437A89 
 150 0273 1661EB58 		.ascii	"\026a\353X\303E\241j\305McW|\001\243@k\366\011\264\336"
 150      C345A16A 
 150      C54D6357 
 150      7C01A340 
 150      6BF609B4 
 151 0288 F1EE5A7B 		.ascii	"\361\356Z{\252\316\263\244\316\360\272\325\272\202M"
 151      AACEB3A4 
 151      CEF0BAD5 
 151      BA824D
 152 0297 883C8F2F 		.ascii	"\210<\217/E\022\\\370\260\001+\215\334\210\216e\023"
 152      45125CF8 
 152      B0012B8D 
 152      DC888E65 
 152      13
 153 02a8 58D1865A 		.ascii	"X\321\206Z\020\252[p\327\224\267\252U\022\\\235\011"
 153      10AA5B70 
 153      D794B7AA 
 153      55125C9D 
 153      09
 154 02b9 AEE59EAA 		.ascii	"\256\345\236\252\270)U\350ER\350\345\006.;\212l\002"
 154      B82955E8 
 154      4552E8E5 
 154      062E3B8A 
 154      6C02
 155 02cb 49B3FF95 		.ascii	"I\263\377\225\016bg\363x\004n\344S[\365\267r\021_/<"
 155      0E6267F3 
 155      78046EE4 
 155      535BF5B7 
 155      72115F2F 
 156 02e0 02F811DB 		.ascii	"\002\370\021\333\231\3578\343p\026\237u\234**(=\347"
 156      99EF38E3 
 156      70169F75 
 156      9C2A2A28 
 156      3DE7
 157 02f2 2C71141E 		.ascii	",q\024\036/(=|\250\360XYq\221\323q\272\350\310\321\375"
 157      2F283D7C 
 157      A8F05859 
 157      7191D371 
 157      BAE8C8D1 
 158 0307 254C2D2B 		.ascii	"%L-+\275\340p\376\001\354\326\331w"
 158      BDE070FE 
 158      01ECD6D9 
 158      77
 159              		.text
 160              		.section	.gnu.lto_Opa_ref_IN_Stop.e050339a,"",%progbits
 161 0000 789C7D91 		.ascii	"x\234}\221\315K\033a\020\306\347y\337\315fk+\365\017"
 161      CD4B1B61 
 161      10C6E779 
 161      DFCD666B 
 161      2BF50F
 162 0013 10E94104 		.ascii	"\020\351A\004/*H\377\202\036J{\250E\257B\020]\217*\241"
ARM GAS  C:\Users\elias\AppData\Local\Temp\cc2h0DPJ.s 			page 12


 162      2F2A48FF 
 162      821E4A7B 
 162      A845AF42 
 162      105D8F2A 
 163 0028 BD366FBA 		.ascii	"\2756o\272\331&\024\204\\\232\236\312^\012~\233\372"
 163      D9261484 
 163      5C9A9ECA 
 163      5E0A7E9B 
 163      FA
 164 0039 8134B487 		.ascii	"\2014\264\207\030\360\032A<\331C?\016\241\210\202B{"
 164      18F01A41 
 164      3CD9433F 
 164      0EA18882 
 164      427B
 165 004b B01AB733 		.ascii	"\260\032\2673\273\245\202\242\003;\303\316>\363\314"
 165      BBA582A2 
 165      033BC3CE 
 165      3EF3CC
 166 005a 8F1D8B40 		.ascii	"\217\035\213@\022\003\212\250\213k??H\020T\261N\224"
 166      12038AA8 
 166      8B6B3F3F 
 166      481054B1 
 166      4E94
 167 006c 7594D2BB 		.ascii	"u\224\322\273\275dZ\254\317\035d\356hX\322\206\005H"
 167      BD645AAC 
 167      CF1D64EE 
 167      6858D286 
 167      0548
 168 007e 350E28A3 		.ascii	"5\016(\243\264\205\014~\253\246B-\337\250\250\356\031"
 168      B4850C7E 
 168      ABA6422D 
 168      DFA8A8EE 
 168      19
 169 008f C3F16DEB 		.ascii	"\303\361m\353\264\317\314V\341k\242PE\033\0103\350&"
 169      B4CFCC56 
 169      E16BA250 
 169      451B0833 
 169      E826
 170 00a1 96FD5839 		.ascii	"\226\375X9\177\323j\347Dv/\376\210Y\330\202Q\036\254"
 170      7FD36AE7 
 170      44762FFE 
 170      8859D882 
 170      511EAC
 171 00b4 9A30F44C 		.ascii	"\2320\364L\365kr\263\324r[\221\257\241%%$\331\222\034"
 171      F56B72B3 
 171      D4725B91 
 171      AFA12525 
 171      24D9921C 
 172 00c8 4944473C 		.ascii	"IDG<&\010\307JI\325\015\324\376\274\256\007/\304\311"
 172      2608C74A 
 172      49D50DD4 
 172      FEBCAE07 
 172      2FC4C9
 173 00db D30253F2 		.ascii	"\323\002S\362k\333\311_\312\327\012\262\264>\235/;\361"
 173      6BDBC95F 
 173      CAD70AB2 
 173      B43E9D2F 
ARM GAS  C:\Users\elias\AppData\Local\Temp\cc2h0DPJ.s 			page 13


 173      3BF1
 174 00ed EBFB7CD6 		.ascii	"\353\373|\326X\334\372\264\275Q\274\033\340]6\307\230"
 174      58DCFAB4 
 174      BD51BC1B 
 174      E05D36C7 
 174      98
 175 00fe 1AF368C7 		.ascii	"\032\363h\307\034\332\231f\001\001\250\001\357\314\216"
 175      1CDA9966 
 175      0101A801 
 175      EFCC8E
 176 010d ED74EC98 		.ascii	"\355t\354\230=|\265\023Yh4\201E\226\362\326\022Ds\223"
 176      3D7CB513 
 176      59683481 
 176      4596F2D6 
 176      12447393 
 177 0121 DB12BBB1 		.ascii	"\333\022\273\261\007E\210\215\240\210\3304\3013{~a^"
 177      0745888D 
 177      A088D834 
 177      C1337B7E 
 177      615E
 178 0133 C550EBFF 		.ascii	"\305P\353\377\240N>\026\302[\0276\313\377m\312\227\240"
 178      A04E3E16 
 178      C25B1736 
 178      CBFF6DCA 
 178      97A0
 179 0145 C4E20AC4 		.ascii	"\304\342\012\304\265\323\037\"\010;\2068\017\372b\017"
 179      B5D31F22 
 179      083B8638 
 179      0FFA620F 
 180 0155 E726EE15 		.ascii	"\347&\356\025Y\370\035\271=\257\343B]>\250\234\264\012"
 180      59F81DB9 
 180      3DAFE342 
 180      5D3EA89C 
 180      B40A
 181 0167 31405815 		.ascii	"1@X\025\035\311\0214\355\366\352\237\360\332D)\277\273"
 181      1DC91134 
 181      EDF6EA9F 
 181      F0DA4429 
 181      BFBB
 182 0179 5239F892 		.ascii	"R9\370\222\3144M\301\2306_[!\037\201\260\206\014_/\021"
 182      CC344DC1 
 182      98365F5B 
 182      211F81B0 
 182      860C5F2F 
 183 018e 4D58D1D9 		.ascii	"MX\321\331\366\361\262\372\366q4$q\3042n\363m;\037\272"
 183      F6F1B2FA 
 183      F6713424 
 183      71C4326E 
 183      F36D3B1F 
 184 01a3 136E7AE4 		.ascii	"\023nz\344\231;\226\032\232|\236\036u\207\237\016M>"
 184      993B961A 
 184      9A7C9E1E 
 184      75879F0E 
 184      4D3E
 185 01b5 B83F3C30 		.ascii	"\270?<05\222J\273\343\251GOzF\351/\341\037\317,"
 185      35924ABB 
 185      E3A9474F 
ARM GAS  C:\Users\elias\AppData\Local\Temp\cc2h0DPJ.s 			page 14


 185      7A46E92F 
 185      E11FCF2C 
 186              		.text
 187              		.section	.gnu.lto_Opa_ref_IN_SetPower.e050339a,"",%progbits
 188 0000 789C8D91 		.ascii	"x\234\215\221\261K[Q\024\306\317w\357K\362\022\364/"
 188      B14B5B51 
 188      14C6CF77 
 188      EF4BF212 
 188      F42F
 189 0012 68040721 		.ascii	"h\004\007!J\213T\244\177\201\203\330AE\327H\010\366"
 189      4A8B54A4 
 189      7F8183D8 
 189      4145D748 
 189      08F6
 190 0024 756C24D8 		.ascii	"ul$\330:z\3433H]l\207\012\212\242HB\322\276X\0237\267"
 190      3A7AE333 
 190      485D6C87 
 190      0A8AA248 
 190      42D2BE58 
 191 003b 3443870E 		.ascii	"4C\207\016-]\005A\03428\245\020\241\325\330x\316{\235"
 191      2D5D0541 
 191      1C3238A5 
 191      10A1D5D8 
 191      78CE7B9D 
 192 004f 1CA417EE 		.ascii	"\034\244\027\356\271\347^\276\363;\337\275\327\"\220"
 192      B9E75EBE 
 192      F33BDFBD 
 192      D72290
 193 005e 8CA8227A 		.ascii	"\214\250\"z\302\353#\236\320\004\365\356;Q\316V\200"
 193      C2EB239E 
 193      D004F5EE 
 193      3B51CE56 
 193      80
 194 006f 24C6062D 		.ascii	"$\306\006-+,\343J\335*4\326\232'j\250dx\234\027\275"
 194      2B2CE34A 
 194      DD2A34D6 
 194      9A276AA8 
 194      64789C17 
 195 0084 1153AE23 		.ascii	"\021S\256#\257\211\272\312'\021J\030bUa{\243d\351\004"
 195      AF89BACA 
 195      27114A18 
 195      6255617B 
 195      A364E904 
 196 0098 88F3AB5A 		.ascii	"\210\363\253Z\241/Q4f\305\230\367sF\3475P\206\346\002"
 196      A12F5134 
 196      66C598F7 
 196      7346E735 
 196      5086E602 
 197 00ac 8CC6F134 		.ascii	"\214\306\3614N|@\370\210\204h/j\177?\364\206W\205\336"
 197      4E7C40F8 
 197      8884682F 
 197      6A7F3FF4 
 197      865785DE 
 198 00c0 1F30F109 		.ascii	"\0370\361\011aqy4S7\335\256k\352g\261/\327\261\230\342"
 198      61717934 
 198      5337DDAE 
 198      6BEA67B1 
ARM GAS  C:\Users\elias\AppData\Local\Temp\cc2h0DPJ.s 			page 15


 198      2FD7B198 
 199 00d5 32A52584 		.ascii	"2\245%\204$\204!\204\210\244\266\004\242\026Oq\377K"
 199      24842184 
 199      88A4B604 
 199      A2164F71 
 199      FF4B
 200 00e7 29597513 		.ascii	")Yu\023\215\353\365\257\336\033\341\271Zn\262\231o\374"
 200      8DEBF5AF 
 200      DE1BE1B9 
 200      5A6EB299 
 200      6FFC
 201 00f9 88B4555E 		.ascii	"\210\264U^k\337\346\301\317\316`\260;\255\346\214\305"
 201      6BDFE6C1 
 201      CFCE60B0 
 201      3BADE68C 
 201      C5
 202 010a 27DDFD3F 		.ascii	"'\335\375?\305\236=\354\346V\371\212\026*\210\303C\234"
 202      C59E3DEC 
 202      E656F98A 
 202      162A88C3 
 202      439C
 203 011c 2D1D620F 		.ascii	"-\035b\017\324\204\333\011\0074\035\000\333\225\352"
 203      D484DB09 
 203      07341D00 
 203      DB95EA
 204 012b 5A541016 		.ascii	"ZT\020\026:\300g\226r\323M\210\346!\332\021\323\230"
 204      3AC06796 
 204      72D34D88 
 204      E621DA11 
 204      D398
 205 013d 41BEC36F 		.ascii	"A\276\303o\217\003d\350\241\212\352\275\376\021WK\207"
 205      8F0364E8 
 205      A18AEABD 
 205      FE11574B 
 205      87
 206 014e B73B5B5E 		.ascii	"\267;[^$\350\257Q\363\333\273\277\377IlF\262\360\377"
 206      24E8AF51 
 206      F3DBBBBF 
 206      FF496C46 
 206      B2F0FF
 207 0161 1C1DFB8E 		.ascii	"\034\035\373\216l\272\304J\375\346\271\250\375\277m"
 207      6CBAC44A 
 207      FDE6B9A8 
 207      FDBF6D
 208 0170 29C853F2 		.ascii	")\310S\362\303\016\214;\257\234lz\321y\221\232\315\274"
 208      C30E8C3B 
 208      AF9C6C7A 
 208      D179919A 
 208      CDBC
 209 0182 CECE3BC9 		.ascii	"\316\316;\311\351\331\314\330\263\344\324B:\225u^\246"
 209      E9D9CCD8 
 209      B3E4D442 
 209      3A95755E 
 209      A6
 210 0193 262687E7 		.ascii	"&&\207\347)\264\220Yr\262w\337\371\264S"
 210      29B49059 
 210      72B277DF 
ARM GAS  C:\Users\elias\AppData\Local\Temp\cc2h0DPJ.s 			page 16


 210      F9B453
 211              		.text
 212              		.section	.gnu.lto_.symbol_nodes.e050339a,"",%progbits
 213 0000 789C6361 		.ascii	"x\234ca`d\250b\000\002&\266z\006\206\011\347\030\030"
 213      6064A862 
 213      000226B6 
 213      7A068609 
 213      E71818
 214 0013 EA191877 		.ascii	"\352\031\030w\266,lP\000\0121\3263B\205\030v5(\002\005"
 214      B62C6C50 
 214      000A31D6 
 214      33428518 
 214      76352802 
 215 0028 98EA9950 		.ascii	"\230\352\231P\005\230\353\231Q\004X\031\030\032\205"
 215      0598EB99 
 215      51045819 
 215      181A85
 216 0037 40A6B1D4 		.ascii	"@\246\261\324\263\240\252d\255gE\021`\006*]\324\366"
 216      B3A0AA64 
 216      AD674511 
 216      60062A5D 
 216      D4F6
 217 0049 54920100 		.ascii	"T\222\001\000\252'\032\344"
 217      AA271AE4 
 218              		.text
 219              		.section	.gnu.lto_.refs.e050339a,"",%progbits
 220 0000 789C6361 		.ascii	"x\234ca`d\340d```bf`addaf\000\000\0016\000!"
 220      6064E064 
 220      60606062 
 220      66606164 
 220      64616600 
 221              		.text
 222              		.section	.gnu.lto_.decls.e050339a,"",%progbits
 223 0000 789C8D54 		.ascii	"x\234\215T]L\023Y\024\276gfZ\330\261\200\342jx\350C"
 223      5D4C1359 
 223      14BE6766 
 223      5AD8B180 
 223      E26A78E8 
 224 0015 359A907D 		.ascii	"5\232\220}h0\033\023y\323\230]\342\203?\011\021_LH\305"
 224      68301B13 
 224      79D3985D 
 224      E2833F09 
 224      115F4C48 
 225 002a 51490C90 		.ascii	"QI\014\220Z\263\321\247\253\305\210n\\q\223B\000\243"
 225      5AB3D1A7 
 225      ABC5886E 
 225      5C719342 
 225      00A3
 226 003c 45132D0A 		.ascii	"E\023-\012RKAA\024\026\005J\014\356\232uw\203`l\202"
 226      524B4141 
 226      1416054A 
 226      0CEE9A75 
 226      7783606C 
 227 0051 F81331AE 		.ascii	"\370\0231\256\273d\263\272j\367\334;w\234i\323\252'"
 227      BB64B3BA 
 227      6AF7DC3B 
 227      779C69D3 
ARM GAS  C:\Users\elias\AppData\Local\Temp\cc2h0DPJ.s 			page 17


 227      AA27
 228 0063 3D33F774 		.ascii	"=3\367t\276\363}\347gZ\205\000a\266\336F\310\003\274"
 228      BEF37DE7 
 228      675A8500 
 228      61B6DE46 
 228      C803BC
 229 0076 87304CA0 		.ascii	"\2070L\240e\341\271\214\230fG\357@\017\243G\320\243"
 229      65E1B98C 
 229      986647EF 
 229      400FA347 
 229      D0A3
 230 0088 E83DE803 		.ascii	"\350=\350\003\350\214a\210$\033\303*\202\303\211>\212"
 230      E88C6188 
 230      241BC32A 
 230      82C3893E 
 230      8A
 231 0099 3E2C9E81 		.ascii	">,\236\201x\236j\214\333f\311\351O\311\223\004f Mn\344"
 231      789E6A8C 
 231      DB66C9E9 
 231      4FC99304 
 231      66204D6E 
 232 00ae 137A9134 		.ascii	"\023z\22149Q\321\227\221\023K\243\251\010\234\241\033"
 232      3951D197 
 232      91134BA3 
 232      A9089CA1 
 232      1B
 233 00bf C9D06F4F 		.ascii	"\311\320oO\012\227\3011\206\336n\251\277'C\357\003\226"
 233      0A97C131 
 233      86DE6EA9 
 233      BF2743EF 
 233      0396
 234 00d1 DEFB33F4 		.ascii	"\336\3733\364\220\256\357w\022$NG\217gO\302\004\310"
 234      90AEEF77 
 234      12244E47 
 234      8F674FC2 
 234      04C8
 235 00e3 442C9300 		.ascii	"D,\223\000\350W\340Nt\347!\036$\242\037\214\257>\030"
 235      E857E04E 
 235      74E7211E 
 235      24A21F8C 
 235      AF3E18
 236 00f6 1110C938 		.ascii	"\021\020\3118\232d\374#\362!a\030'1\331A$\351\261Q\267"
 236      9A64FC23 
 236      F2216118 
 236      2731D941 
 236      24E9B151 
 237 010b 4802C914 		.ascii	"H\002\311\024\000=42,|)\025\0315\0332|\204\274i\377"
 237      003D3432 
 237      2C7C2915 
 237      19351B32 
 237      7C84BC69 
 238 0120 B1DEE336 		.ascii	"\261\336\3436Y\002v~\370:\364\255\273\235\242\325S*"
 238      5902767E 
 238      F83AF4AD 
 238      BB9DA2D5 
 238      532A
 239 0132 159B93B9 		.ascii	"\025\233\223\271[\033>)\317I\220\257\202\202\341\253"
ARM GAS  C:\Users\elias\AppData\Local\Temp\cc2h0DPJ.s 			page 18


 239      5B1B3E29 
 239      CF4990AF 
 239      8282E1AB 
 240 0142 F1E6E95C 		.ascii	"\361\346\351\\\014\277T\301\205\341\273\261\226f\251"
 240      0CBF54C1 
 240      85E1BBB1 
 240      9666A9
 241 0151 A081E7F9 		.ascii	"\240\201\347\371\251K\201\262\305p\021\234p\001p\370"
 241      A94B81B2 
 241      C570119C 
 241      700170F8 
 242 0161 D00E0578 		.ascii	"\320\016\005x\335\246\350L?\337}\343\317Y\032\244\203"
 242      DDA6E84C 
 242      3FDF7DE3 
 242      CF591AA4 
 242      83
 243 0172 611A0FF4 		.ascii	"a\032\017\364\3465\370kc\230V\304P\020\002\031\332\300"
 243      E635F86B 
 243      639856C4 
 243      50100219 
 243      DAC0
 244 0184 CD8A0CB1 		.ascii	"\315\212\014\261\035\0208\017\223Xo\007,\305\314\326"
 244      1D10380F 
 244      93586F07 
 244      2CC5CCD6 
 245 0194 58D3F51C 		.ascii	"X\323\365\034\271\204\027\372q\305\316$\305{\267\356"
 245      B98417FA 
 245      71C5CE24 
 245      C57BB7EE 
 246 01a4 DC77A062 		.ascii	"\334w\240b<L\007Oi\364\010\245\007\025\006\201K\246"
 246      3C4C074F 
 246      69F408A5 
 246      07150681 
 246      4BA6
 247 01b6 DC25AB5C 		.ascii	"\334%\253\\\230\313\215\004\336\2649\344-\\\356\376"
 247      98CB8D04 
 247      DEB439E4 
 247      2D5CEEFE 
 248 01c6 70CB933C 		.ascii	"p\313\223<A\361\217\225\342\262Iq\331J\021\341\024\347"
 248      41F18F95 
 248      E2B24971 
 248      D94A11E1 
 248      14E7
 249 01d8 8389C7D9 		.ascii	"\203\211\307\331r%\247\370\341e\250\021\220\"\210\024"
 249      7225A7F8 
 249      E165A811 
 249      90228814 
 250 01e8 FF8E3868 		.ascii	"\377\2168h\375\001JWs\216.\223\243\313\312\021\345\034"
 250      FD014A57 
 250      738E2E93 
 250      A3CBCA11 
 250      E51C
 251 01fa AF3A6AC3 		.ascii	"\257:j\303\271\362~\316\321\367\327\037_\011\212\251"
 251      B9F27ECE 
 251      D1F7D71F 
 251      5F098AA9 
 252 020a 514E11D4 		.ascii	"QN\021\324)\272M\212n+E\017\247\250K\014\375f\223\217"
ARM GAS  C:\Users\elias\AppData\Local\Temp\cc2h0DPJ.s 			page 19


 252      29BA4D8A 
 252      6E2B450F 
 252      A7A84B0C 
 252      FD66938F 
 253 021e 02E7E83C 		.ascii	"\002\347\350<\364\250-\033W\347T!\001,\236\355}\235"
 253      F4A82D1B 
 253      57E75421 
 253      012C9EED 
 253      7D9D
 254 0230 A3C7EC71 		.ascii	"\243\307\354q\323\211\351\367\363\344S\034+\375:}\361"
 254      D389E9F7 
 254      F3E4531C 
 254      2BFD3A7D 
 254      F1
 255 0241 990285EA 		.ascii	"\231\002\205\35296\347x\323\355\335\215\207\361\265"
 255      3936E778 
 255      D3EDDD8D 
 255      87F1B5
 256 0250 807E50A1 		.ascii	"\200~P\241\317Tt\252x\255\303\221\320?\317P{\001\201"
 256      CF5474AA 
 256      78ADC391 
 256      D03FCF50 
 256      7B0181
 257 0263 AF9D50E4 		.ascii	"\257\235P\344$p\015\012\031+CA/\356\346*\356\006\025"
 257      24700D0A 
 257      192B4341 
 257      2FEEE62A 
 257      EE0615
 258 0276 661A4F3F 		.ascii	"f\032O?\267+\370\372q\036\\\022~\327\33675k\317\270"
 258      B72BF8FA 
 258      711E5C12 
 258      7ED7DE37 
 258      356BCFB8 
 259 028a CE1B7C9D 		.ascii	"\316\033|\235\327A\354s\366\354\323\226/\364e\304\003"
 259      D741EC73 
 259      F6ECD396 
 259      2FF465C4 
 259      03
 260 029b DD8B1AFC 		.ascii	"\335\213\032\374\024\337\240z\027\203\301\025\263\254"
 260      14DFA07A 
 260      1783C115 
 260      B3AC
 261 02a9 2BD6410C 		.ascii	"+\326A\014\360A\334\231\214\025\317\351\3653\242x\343"
 261      F041DC99 
 261      8C15CFE9 
 261      F533A278 
 261      E3
 262 02ba F884248F 		.ascii	"\370\204$\217\350s\251;6\332*/?K\203g\350\340\304\324"
 262      E873A93B 
 262      36DA2A2F 
 262      3F4B8367 
 262      E8E0C4D4 
 263 02ce 3C7C2319 		.ascii	"<|#\031\354'\235O\264Dx<\210E\301\020,\307\244\271\332"
 263      EC279D4F 
 263      B444783C 
 263      8845C110 
 263      2CC7A4B9 
ARM GAS  C:\Users\elias\AppData\Local\Temp\cc2h0DPJ.s 			page 20


 264 02e3 BF7FB7AB 		.ascii	"\277\177\267\253\330\273\377\363z\037\177\326\232\310"
 264      D8BBFFF3 
 264      7A1F7FD6 
 264      9AC8
 265 02f1 9227F4E9 		.ascii	"\222'\364\351v\005\232\002Y\240\026\246I\037I\223n,"
 265      76059A02 
 265      59A016A6 
 265      491F4993 
 265      6E2C
 266 0303 6173F38F 		.ascii	"as\363\217\007\250\013\206\261\272[f\2677A\325\247\023"
 266      07A80B86 
 266      B1BA5B66 
 266      B73741D5 
 266      A713
 267 0315 FDE545A7 		.ascii	"\375\345E\247\315q\224\255\003G\231\037\313\345Hs\230"
 267      CD7194AD 
 267      0347991F 
 267      CBE54873 
 267      98
 268 0326 A3E0E0FF 		.ascii	"\243\340\340\377\002xG\364\367\367\336\256I\002\367"
 268      027847F4 
 268      F7F7DEAE 
 268      4902F7
 269 0335 27816302 		.ascii	"'\201c\002\034\343\340\377f:\2378\222\320\354Gk\242"
 269      1CE3E0FF 
 269      663A9F38 
 269      92D0EC47 
 269      6BA2
 270 0347 C7049ADD 		.ascii	"\307\004\232\335\027o\254\361\224{\265\035\345\3536"
 270      176FACF1 
 270      947BB51D 
 270      E5EB36
 271 0356 9497FAAA 		.ascii	"\224\227\372\252k\3345\036\257\317]\224]\262a\263k\355"
 271      6BDC351E 
 271      AFCF5D94 
 271      5DB261B3 
 271      6BED
 272 0368 8A156459 		.ascii	"\212\025dY\211V\245y=>m{yi\365^o\205\266uSi\365\332"
 272      8956A579 
 272      3D3E6D7B 
 272      7969F55E 
 272      6F85B675 
 273 0380 955BCD34 		.ascii	"\225[\3154w\005\311\263\220\254\253\252\364-\260\304"
 273      7705C9B3 
 273      90ACABAA 
 273      F42DB0C4 
 274 0390 DF5479B6 		.ascii	"\337Ty\266\355\326\346'\311\240D^\212\356Bk\254\371"
 274      EDD6E627 
 274      C9A0445E 
 274      8AEE426B 
 274      ACF9
 275 03a2 36557FA7 		.ascii	"6U\177\247ym{+\253|\253\226d\250\240b\237o_\215\266"
 275      796D7B2B 
 275      AB7CAB96 
 275      64A8A062 
 275      9F6F5F8D 
 276 03b7 C7BD8BE4 		.ascii	"\307\275\213\344[r+Q\276\314\343U\274\332\316U\377\003"
ARM GAS  C:\Users\elias\AppData\Local\Temp\cc2h0DPJ.s 			page 21


 276      5B722B51 
 276      BECCE355 
 276      BCDACE55 
 276      FF03
 277 03c9 CE92E186 		.ascii	"\316\222\341\206"
 278              		.text
 279              		.section	.gnu.lto_.symtab.e050339a,"",%progbits
 280 0000 4F70615F 		.ascii	"Opa_ref_IN_Init\000"
 280      7265665F 
 280      494E5F49 
 280      6E697400 
 281 0010 00       		.ascii	"\000"
 282 0011 00       		.ascii	"\000"
 283 0012 00       		.ascii	"\000"
 284 0013 00000000 		.ascii	"\000\000\000\000\000\000\000\000"
 284      00000000 
 285 001b B0000000 		.ascii	"\260\000\000\000"
 286 001f 4F70615F 		.ascii	"Opa_ref_IN_Enable\000"
 286      7265665F 
 286      494E5F45 
 286      6E61626C 
 286      6500
 287 0031 00       		.ascii	"\000"
 288 0032 00       		.ascii	"\000"
 289 0033 00       		.ascii	"\000"
 290 0034 00000000 		.ascii	"\000\000\000\000\000\000\000\000"
 290      00000000 
 291 003c B2000000 		.ascii	"\262\000\000\000"
 292 0040 4F70615F 		.ascii	"Opa_ref_IN_Start\000"
 292      7265665F 
 292      494E5F53 
 292      74617274 
 292      00
 293 0051 00       		.ascii	"\000"
 294 0052 00       		.ascii	"\000"
 295 0053 00       		.ascii	"\000"
 296 0054 00000000 		.ascii	"\000\000\000\000\000\000\000\000"
 296      00000000 
 297 005c B4000000 		.ascii	"\264\000\000\000"
 298 0060 4F70615F 		.ascii	"Opa_ref_IN_initVar\000"
 298      7265665F 
 298      494E5F69 
 298      6E697456 
 298      617200
 299 0073 00       		.ascii	"\000"
 300 0074 00       		.ascii	"\000"
 301 0075 00       		.ascii	"\000"
 302 0076 00000000 		.ascii	"\000\000\000\000\000\000\000\000"
 302      00000000 
 303 007e C2000000 		.ascii	"\302\000\000\000"
 304 0082 4F70615F 		.ascii	"Opa_ref_IN_Stop\000"
 304      7265665F 
 304      494E5F53 
 304      746F7000 
 305 0092 00       		.ascii	"\000"
 306 0093 00       		.ascii	"\000"
 307 0094 00       		.ascii	"\000"
ARM GAS  C:\Users\elias\AppData\Local\Temp\cc2h0DPJ.s 			page 22


 308 0095 00000000 		.ascii	"\000\000\000\000\000\000\000\000"
 308      00000000 
 309 009d B6000000 		.ascii	"\266\000\000\000"
 310 00a1 4F70615F 		.ascii	"Opa_ref_IN_SetPower\000"
 310      7265665F 
 310      494E5F53 
 310      6574506F 
 310      77657200 
 311 00b5 00       		.ascii	"\000"
 312 00b6 00       		.ascii	"\000"
 313 00b7 00       		.ascii	"\000"
 314 00b8 00000000 		.ascii	"\000\000\000\000\000\000\000\000"
 314      00000000 
 315 00c0 BF000000 		.ascii	"\277\000\000\000"
 316              		.text
 317              		.section	.gnu.lto_.opts,"",%progbits
 318 0000 272D666D 		.ascii	"'-fmath-errno' '-fsigned-zeros' '-ftrapping-math' '"
 318      6174682D 
 318      6572726E 
 318      6F272027 
 318      2D667369 
 319 0033 2D666E6F 		.ascii	"-fno-trapv' '-fno-openmp' '-fno-openacc' '-mcpu=cor"
 319      2D747261 
 319      70762720 
 319      272D666E 
 319      6F2D6F70 
 320 0066 7465782D 		.ascii	"tex-m3' '-mthumb' '-g' '-O3' '-ffunction-sections' "
 320      6D332720 
 320      272D6D74 
 320      68756D62 
 320      2720272D 
 321 0099 272D6666 		.ascii	"'-ffat-lto-objects' '-finline-functions' '-flto'\000"
 321      61742D6C 
 321      746F2D6F 
 321      626A6563 
 321      74732720 
 322              		.text
 323              		.cfi_sections	.debug_frame
 324              		.section	.text.Opa_ref_IN_Init,"ax",%progbits
 325              		.align	2
 326              		.global	Opa_ref_IN_Init
 327              		.thumb
 328              		.thumb_func
 329              		.type	Opa_ref_IN_Init, %function
 330              	Opa_ref_IN_Init:
 331              	.LFB0:
 332              		.file 1 "Generated_Source\\PSoC5\\Opa_ref_IN.c"
   1:Generated_Source\PSoC5/Opa_ref_IN.c **** /*******************************************************************************
   2:Generated_Source\PSoC5/Opa_ref_IN.c **** * File Name: Opa_ref_IN.c
   3:Generated_Source\PSoC5/Opa_ref_IN.c **** * Version 1.90
   4:Generated_Source\PSoC5/Opa_ref_IN.c **** *
   5:Generated_Source\PSoC5/Opa_ref_IN.c **** * Description:
   6:Generated_Source\PSoC5/Opa_ref_IN.c **** *  This file provides the source code to the API for OpAmp (Analog Buffer) 
   7:Generated_Source\PSoC5/Opa_ref_IN.c **** *  Component.
   8:Generated_Source\PSoC5/Opa_ref_IN.c **** *
   9:Generated_Source\PSoC5/Opa_ref_IN.c **** * Note:
  10:Generated_Source\PSoC5/Opa_ref_IN.c **** *
ARM GAS  C:\Users\elias\AppData\Local\Temp\cc2h0DPJ.s 			page 23


  11:Generated_Source\PSoC5/Opa_ref_IN.c **** ********************************************************************************
  12:Generated_Source\PSoC5/Opa_ref_IN.c **** * Copyright 2008-2012, Cypress Semiconductor Corporation.  All rights reserved.
  13:Generated_Source\PSoC5/Opa_ref_IN.c **** * You may use this file only in accordance with the license, terms, conditions, 
  14:Generated_Source\PSoC5/Opa_ref_IN.c **** * disclaimers, and limitations in the end user license agreement accompanying 
  15:Generated_Source\PSoC5/Opa_ref_IN.c **** * the software package with which this file was provided.
  16:Generated_Source\PSoC5/Opa_ref_IN.c **** *******************************************************************************/
  17:Generated_Source\PSoC5/Opa_ref_IN.c **** 
  18:Generated_Source\PSoC5/Opa_ref_IN.c **** #include "Opa_ref_IN.h"
  19:Generated_Source\PSoC5/Opa_ref_IN.c **** 
  20:Generated_Source\PSoC5/Opa_ref_IN.c **** uint8 Opa_ref_IN_initVar = 0u;
  21:Generated_Source\PSoC5/Opa_ref_IN.c **** 
  22:Generated_Source\PSoC5/Opa_ref_IN.c **** 
  23:Generated_Source\PSoC5/Opa_ref_IN.c **** /*******************************************************************************   
  24:Generated_Source\PSoC5/Opa_ref_IN.c **** * Function Name: Opa_ref_IN_Init
  25:Generated_Source\PSoC5/Opa_ref_IN.c **** ********************************************************************************
  26:Generated_Source\PSoC5/Opa_ref_IN.c **** *
  27:Generated_Source\PSoC5/Opa_ref_IN.c **** * Summary:
  28:Generated_Source\PSoC5/Opa_ref_IN.c **** *  Initialize component's parameters to the parameters set by user in the 
  29:Generated_Source\PSoC5/Opa_ref_IN.c **** *  customizer of the component placed onto schematic. Usually called in 
  30:Generated_Source\PSoC5/Opa_ref_IN.c **** *  Opa_ref_IN_Start().
  31:Generated_Source\PSoC5/Opa_ref_IN.c **** *
  32:Generated_Source\PSoC5/Opa_ref_IN.c **** * Parameters:
  33:Generated_Source\PSoC5/Opa_ref_IN.c **** *  void
  34:Generated_Source\PSoC5/Opa_ref_IN.c **** *
  35:Generated_Source\PSoC5/Opa_ref_IN.c **** * Return:
  36:Generated_Source\PSoC5/Opa_ref_IN.c **** *  void
  37:Generated_Source\PSoC5/Opa_ref_IN.c **** *
  38:Generated_Source\PSoC5/Opa_ref_IN.c **** *******************************************************************************/
  39:Generated_Source\PSoC5/Opa_ref_IN.c **** void Opa_ref_IN_Init(void) 
  40:Generated_Source\PSoC5/Opa_ref_IN.c **** {
 333              		.loc 1 40 0
 334              		.cfi_startproc
 335              		@ args = 0, pretend = 0, frame = 0
 336              		@ frame_needed = 0, uses_anonymous_args = 0
 337              		@ link register save eliminated.
 338              	.LVL0:
 339              	.LBB10:
 340              	.LBB11:
  41:Generated_Source\PSoC5/Opa_ref_IN.c ****     Opa_ref_IN_SetPower(Opa_ref_IN_DEFAULT_POWER);
  42:Generated_Source\PSoC5/Opa_ref_IN.c **** }
  43:Generated_Source\PSoC5/Opa_ref_IN.c **** 
  44:Generated_Source\PSoC5/Opa_ref_IN.c **** 
  45:Generated_Source\PSoC5/Opa_ref_IN.c **** /*******************************************************************************   
  46:Generated_Source\PSoC5/Opa_ref_IN.c **** * Function Name: Opa_ref_IN_Enable
  47:Generated_Source\PSoC5/Opa_ref_IN.c **** ********************************************************************************
  48:Generated_Source\PSoC5/Opa_ref_IN.c **** *
  49:Generated_Source\PSoC5/Opa_ref_IN.c **** * Summary:
  50:Generated_Source\PSoC5/Opa_ref_IN.c **** *  Enables the OpAmp block operation
  51:Generated_Source\PSoC5/Opa_ref_IN.c **** *
  52:Generated_Source\PSoC5/Opa_ref_IN.c **** * Parameters:
  53:Generated_Source\PSoC5/Opa_ref_IN.c **** *  void
  54:Generated_Source\PSoC5/Opa_ref_IN.c **** *
  55:Generated_Source\PSoC5/Opa_ref_IN.c **** * Return:
  56:Generated_Source\PSoC5/Opa_ref_IN.c **** *  void
  57:Generated_Source\PSoC5/Opa_ref_IN.c **** *
  58:Generated_Source\PSoC5/Opa_ref_IN.c **** *******************************************************************************/
  59:Generated_Source\PSoC5/Opa_ref_IN.c **** void Opa_ref_IN_Enable(void) 
ARM GAS  C:\Users\elias\AppData\Local\Temp\cc2h0DPJ.s 			page 24


  60:Generated_Source\PSoC5/Opa_ref_IN.c **** {
  61:Generated_Source\PSoC5/Opa_ref_IN.c ****     /* Enable negative charge pumps in ANIF */
  62:Generated_Source\PSoC5/Opa_ref_IN.c ****     Opa_ref_IN_PUMP_CR1_REG  |= (Opa_ref_IN_PUMP_CR1_CLKSEL | Opa_ref_IN_PUMP_CR1_FORCE);
  63:Generated_Source\PSoC5/Opa_ref_IN.c **** 
  64:Generated_Source\PSoC5/Opa_ref_IN.c ****     /* Enable power to buffer in active mode */
  65:Generated_Source\PSoC5/Opa_ref_IN.c ****     Opa_ref_IN_PM_ACT_CFG_REG |= Opa_ref_IN_ACT_PWR_EN;
  66:Generated_Source\PSoC5/Opa_ref_IN.c **** 
  67:Generated_Source\PSoC5/Opa_ref_IN.c ****     /* Enable power to buffer in alternative active mode */
  68:Generated_Source\PSoC5/Opa_ref_IN.c ****     Opa_ref_IN_PM_STBY_CFG_REG |= Opa_ref_IN_STBY_PWR_EN;
  69:Generated_Source\PSoC5/Opa_ref_IN.c **** }
  70:Generated_Source\PSoC5/Opa_ref_IN.c **** 
  71:Generated_Source\PSoC5/Opa_ref_IN.c **** 
  72:Generated_Source\PSoC5/Opa_ref_IN.c **** /*******************************************************************************
  73:Generated_Source\PSoC5/Opa_ref_IN.c **** * Function Name:   Opa_ref_IN_Start
  74:Generated_Source\PSoC5/Opa_ref_IN.c **** ********************************************************************************
  75:Generated_Source\PSoC5/Opa_ref_IN.c **** *
  76:Generated_Source\PSoC5/Opa_ref_IN.c **** * Summary:
  77:Generated_Source\PSoC5/Opa_ref_IN.c **** *  The start function initializes the Analog Buffer with the default values and 
  78:Generated_Source\PSoC5/Opa_ref_IN.c **** *  sets the power to the given level. A power level of 0, is same as 
  79:Generated_Source\PSoC5/Opa_ref_IN.c **** *  executing the stop function.
  80:Generated_Source\PSoC5/Opa_ref_IN.c **** *
  81:Generated_Source\PSoC5/Opa_ref_IN.c **** * Parameters:
  82:Generated_Source\PSoC5/Opa_ref_IN.c **** *  void
  83:Generated_Source\PSoC5/Opa_ref_IN.c **** *
  84:Generated_Source\PSoC5/Opa_ref_IN.c **** * Return:
  85:Generated_Source\PSoC5/Opa_ref_IN.c **** *  void
  86:Generated_Source\PSoC5/Opa_ref_IN.c **** *
  87:Generated_Source\PSoC5/Opa_ref_IN.c **** * Global variables:
  88:Generated_Source\PSoC5/Opa_ref_IN.c **** *  Opa_ref_IN_initVar: Used to check the initial configuration, modified 
  89:Generated_Source\PSoC5/Opa_ref_IN.c **** *  when this function is called for the first time.
  90:Generated_Source\PSoC5/Opa_ref_IN.c **** *
  91:Generated_Source\PSoC5/Opa_ref_IN.c **** *******************************************************************************/
  92:Generated_Source\PSoC5/Opa_ref_IN.c **** void Opa_ref_IN_Start(void) 
  93:Generated_Source\PSoC5/Opa_ref_IN.c **** {
  94:Generated_Source\PSoC5/Opa_ref_IN.c ****     if(Opa_ref_IN_initVar == 0u)
  95:Generated_Source\PSoC5/Opa_ref_IN.c ****     {
  96:Generated_Source\PSoC5/Opa_ref_IN.c ****         Opa_ref_IN_initVar = 1u;
  97:Generated_Source\PSoC5/Opa_ref_IN.c ****         Opa_ref_IN_Init();
  98:Generated_Source\PSoC5/Opa_ref_IN.c ****     }
  99:Generated_Source\PSoC5/Opa_ref_IN.c **** 
 100:Generated_Source\PSoC5/Opa_ref_IN.c ****     Opa_ref_IN_Enable();
 101:Generated_Source\PSoC5/Opa_ref_IN.c **** }
 102:Generated_Source\PSoC5/Opa_ref_IN.c **** 
 103:Generated_Source\PSoC5/Opa_ref_IN.c **** 
 104:Generated_Source\PSoC5/Opa_ref_IN.c **** /*******************************************************************************
 105:Generated_Source\PSoC5/Opa_ref_IN.c **** * Function Name: Opa_ref_IN_Stop
 106:Generated_Source\PSoC5/Opa_ref_IN.c **** ********************************************************************************
 107:Generated_Source\PSoC5/Opa_ref_IN.c **** *
 108:Generated_Source\PSoC5/Opa_ref_IN.c **** * Summary:
 109:Generated_Source\PSoC5/Opa_ref_IN.c **** *  Powers down amplifier to lowest power state.
 110:Generated_Source\PSoC5/Opa_ref_IN.c **** *
 111:Generated_Source\PSoC5/Opa_ref_IN.c **** * Parameters:
 112:Generated_Source\PSoC5/Opa_ref_IN.c **** *  void
 113:Generated_Source\PSoC5/Opa_ref_IN.c **** *
 114:Generated_Source\PSoC5/Opa_ref_IN.c **** * Return:
 115:Generated_Source\PSoC5/Opa_ref_IN.c **** *  void
 116:Generated_Source\PSoC5/Opa_ref_IN.c **** *
ARM GAS  C:\Users\elias\AppData\Local\Temp\cc2h0DPJ.s 			page 25


 117:Generated_Source\PSoC5/Opa_ref_IN.c **** *******************************************************************************/
 118:Generated_Source\PSoC5/Opa_ref_IN.c **** void Opa_ref_IN_Stop(void) 
 119:Generated_Source\PSoC5/Opa_ref_IN.c **** {
 120:Generated_Source\PSoC5/Opa_ref_IN.c ****     /* Disable power to buffer in active mode template */
 121:Generated_Source\PSoC5/Opa_ref_IN.c ****     Opa_ref_IN_PM_ACT_CFG_REG &= (uint8)(~Opa_ref_IN_ACT_PWR_EN);
 122:Generated_Source\PSoC5/Opa_ref_IN.c **** 
 123:Generated_Source\PSoC5/Opa_ref_IN.c ****     /* Disable power to buffer in alternative active mode template */
 124:Generated_Source\PSoC5/Opa_ref_IN.c ****     Opa_ref_IN_PM_STBY_CFG_REG &= (uint8)(~Opa_ref_IN_STBY_PWR_EN);
 125:Generated_Source\PSoC5/Opa_ref_IN.c ****     
 126:Generated_Source\PSoC5/Opa_ref_IN.c ****     /* Disable negative charge pumps for ANIF only if all ABuf is turned OFF */
 127:Generated_Source\PSoC5/Opa_ref_IN.c ****     if(Opa_ref_IN_PM_ACT_CFG_REG == 0u)
 128:Generated_Source\PSoC5/Opa_ref_IN.c ****     {
 129:Generated_Source\PSoC5/Opa_ref_IN.c ****         Opa_ref_IN_PUMP_CR1_REG &= (uint8)(~(Opa_ref_IN_PUMP_CR1_CLKSEL | Opa_ref_IN_PUMP_CR1_FORCE
 130:Generated_Source\PSoC5/Opa_ref_IN.c ****     }
 131:Generated_Source\PSoC5/Opa_ref_IN.c **** }
 132:Generated_Source\PSoC5/Opa_ref_IN.c **** 
 133:Generated_Source\PSoC5/Opa_ref_IN.c **** 
 134:Generated_Source\PSoC5/Opa_ref_IN.c **** /*******************************************************************************
 135:Generated_Source\PSoC5/Opa_ref_IN.c **** * Function Name: Opa_ref_IN_SetPower
 136:Generated_Source\PSoC5/Opa_ref_IN.c **** ********************************************************************************
 137:Generated_Source\PSoC5/Opa_ref_IN.c **** *
 138:Generated_Source\PSoC5/Opa_ref_IN.c **** * Summary:
 139:Generated_Source\PSoC5/Opa_ref_IN.c **** *  Sets power level of Analog buffer.
 140:Generated_Source\PSoC5/Opa_ref_IN.c **** *
 141:Generated_Source\PSoC5/Opa_ref_IN.c **** * Parameters: 
 142:Generated_Source\PSoC5/Opa_ref_IN.c **** *  power: PSoC3: Sets power level between low (1) and high power (3).
 143:Generated_Source\PSoC5/Opa_ref_IN.c **** *         PSoC5: Sets power level High (0)
 144:Generated_Source\PSoC5/Opa_ref_IN.c **** *
 145:Generated_Source\PSoC5/Opa_ref_IN.c **** * Return:
 146:Generated_Source\PSoC5/Opa_ref_IN.c **** *  void
 147:Generated_Source\PSoC5/Opa_ref_IN.c **** *
 148:Generated_Source\PSoC5/Opa_ref_IN.c **** **********************************************************************************/
 149:Generated_Source\PSoC5/Opa_ref_IN.c **** void Opa_ref_IN_SetPower(uint8 power) 
 150:Generated_Source\PSoC5/Opa_ref_IN.c **** {
 151:Generated_Source\PSoC5/Opa_ref_IN.c ****     #if (CY_PSOC3 || CY_PSOC5LP)
 152:Generated_Source\PSoC5/Opa_ref_IN.c ****         Opa_ref_IN_CR_REG &= (uint8)(~Opa_ref_IN_PWR_MASK);
 341              		.loc 1 152 0
 342 0000 044B     		ldr	r3, .L2
 343 0002 1A78     		ldrb	r2, [r3]	@ zero_extendqisi2
 344 0004 02F0FC02 		and	r2, r2, #252
 345 0008 1A70     		strb	r2, [r3]
 153:Generated_Source\PSoC5/Opa_ref_IN.c ****         Opa_ref_IN_CR_REG |= power & Opa_ref_IN_PWR_MASK;      /* Set device power */
 346              		.loc 1 153 0
 347 000a 1A78     		ldrb	r2, [r3]	@ zero_extendqisi2
 348 000c 42F00302 		orr	r2, r2, #3
 349 0010 1A70     		strb	r2, [r3]
 350              	.LVL1:
 351 0012 7047     		bx	lr
 352              	.L3:
 353              		.align	2
 354              	.L2:
 355 0014 5A580040 		.word	1073764442
 356              	.LBE11:
 357              	.LBE10:
 358              		.cfi_endproc
 359              	.LFE0:
 360              		.size	Opa_ref_IN_Init, .-Opa_ref_IN_Init
ARM GAS  C:\Users\elias\AppData\Local\Temp\cc2h0DPJ.s 			page 26


 361              		.section	.text.Opa_ref_IN_Enable,"ax",%progbits
 362              		.align	2
 363              		.global	Opa_ref_IN_Enable
 364              		.thumb
 365              		.thumb_func
 366              		.type	Opa_ref_IN_Enable, %function
 367              	Opa_ref_IN_Enable:
 368              	.LFB1:
  60:Generated_Source\PSoC5/Opa_ref_IN.c ****     /* Enable negative charge pumps in ANIF */
 369              		.loc 1 60 0
 370              		.cfi_startproc
 371              		@ args = 0, pretend = 0, frame = 0
 372              		@ frame_needed = 0, uses_anonymous_args = 0
 373              		@ link register save eliminated.
  62:Generated_Source\PSoC5/Opa_ref_IN.c **** 
 374              		.loc 1 62 0
 375 0000 0748     		ldr	r0, .L5
  65:Generated_Source\PSoC5/Opa_ref_IN.c **** 
 376              		.loc 1 65 0
 377 0002 0849     		ldr	r1, .L5+4
  62:Generated_Source\PSoC5/Opa_ref_IN.c **** 
 378              		.loc 1 62 0
 379 0004 0378     		ldrb	r3, [r0]	@ zero_extendqisi2
  68:Generated_Source\PSoC5/Opa_ref_IN.c **** }
 380              		.loc 1 68 0
 381 0006 084A     		ldr	r2, .L5+8
  62:Generated_Source\PSoC5/Opa_ref_IN.c **** 
 382              		.loc 1 62 0
 383 0008 43F06003 		orr	r3, r3, #96
 384 000c 0370     		strb	r3, [r0]
  65:Generated_Source\PSoC5/Opa_ref_IN.c **** 
 385              		.loc 1 65 0
 386 000e 0B78     		ldrb	r3, [r1]	@ zero_extendqisi2
 387 0010 43F00203 		orr	r3, r3, #2
 388 0014 0B70     		strb	r3, [r1]
  68:Generated_Source\PSoC5/Opa_ref_IN.c **** }
 389              		.loc 1 68 0
 390 0016 1378     		ldrb	r3, [r2]	@ zero_extendqisi2
 391 0018 43F00203 		orr	r3, r3, #2
 392 001c 1370     		strb	r3, [r2]
 393 001e 7047     		bx	lr
 394              	.L6:
 395              		.align	2
 396              	.L5:
 397 0020 77580040 		.word	1073764471
 398 0024 A4430040 		.word	1073759140
 399 0028 B4430040 		.word	1073759156
 400              		.cfi_endproc
 401              	.LFE1:
 402              		.size	Opa_ref_IN_Enable, .-Opa_ref_IN_Enable
 403              		.section	.text.Opa_ref_IN_Start,"ax",%progbits
 404              		.align	2
 405              		.global	Opa_ref_IN_Start
 406              		.thumb
 407              		.thumb_func
 408              		.type	Opa_ref_IN_Start, %function
 409              	Opa_ref_IN_Start:
ARM GAS  C:\Users\elias\AppData\Local\Temp\cc2h0DPJ.s 			page 27


 410              	.LFB2:
  93:Generated_Source\PSoC5/Opa_ref_IN.c ****     if(Opa_ref_IN_initVar == 0u)
 411              		.loc 1 93 0
 412              		.cfi_startproc
 413              		@ args = 0, pretend = 0, frame = 0
 414              		@ frame_needed = 0, uses_anonymous_args = 0
 415              		@ link register save eliminated.
  94:Generated_Source\PSoC5/Opa_ref_IN.c ****     {
 416              		.loc 1 94 0
 417 0000 0E4A     		ldr	r2, .L10
 418 0002 1378     		ldrb	r3, [r2]	@ zero_extendqisi2
 419 0004 53B9     		cbnz	r3, .L8
 420              	.LBB12:
 421              	.LBB13:
 422              	.LBB14:
 152:Generated_Source\PSoC5/Opa_ref_IN.c ****         Opa_ref_IN_CR_REG |= power & Opa_ref_IN_PWR_MASK;      /* Set device power */
 423              		.loc 1 152 0
 424 0006 0E4B     		ldr	r3, .L10+4
 425              	.LBE14:
 426              	.LBE13:
 427              	.LBE12:
  96:Generated_Source\PSoC5/Opa_ref_IN.c ****         Opa_ref_IN_Init();
 428              		.loc 1 96 0
 429 0008 0121     		movs	r1, #1
 430 000a 1170     		strb	r1, [r2]
 431              	.LVL2:
 432              	.LBB17:
 433              	.LBB16:
 434              	.LBB15:
 152:Generated_Source\PSoC5/Opa_ref_IN.c ****         Opa_ref_IN_CR_REG |= power & Opa_ref_IN_PWR_MASK;      /* Set device power */
 435              		.loc 1 152 0
 436 000c 1A78     		ldrb	r2, [r3]	@ zero_extendqisi2
 437 000e 02F0FC02 		and	r2, r2, #252
 438 0012 1A70     		strb	r2, [r3]
 439              		.loc 1 153 0
 440 0014 1A78     		ldrb	r2, [r3]	@ zero_extendqisi2
 441 0016 42F00302 		orr	r2, r2, #3
 442 001a 1A70     		strb	r2, [r3]
 443              	.LVL3:
 444              	.L8:
 445              	.LBE15:
 446              	.LBE16:
 447              	.LBE17:
 448              	.LBB18:
 449              	.LBB19:
  62:Generated_Source\PSoC5/Opa_ref_IN.c **** 
 450              		.loc 1 62 0
 451 001c 0948     		ldr	r0, .L10+8
  65:Generated_Source\PSoC5/Opa_ref_IN.c **** 
 452              		.loc 1 65 0
 453 001e 0A49     		ldr	r1, .L10+12
  62:Generated_Source\PSoC5/Opa_ref_IN.c **** 
 454              		.loc 1 62 0
 455 0020 0378     		ldrb	r3, [r0]	@ zero_extendqisi2
  68:Generated_Source\PSoC5/Opa_ref_IN.c **** }
 456              		.loc 1 68 0
 457 0022 0A4A     		ldr	r2, .L10+16
ARM GAS  C:\Users\elias\AppData\Local\Temp\cc2h0DPJ.s 			page 28


  62:Generated_Source\PSoC5/Opa_ref_IN.c **** 
 458              		.loc 1 62 0
 459 0024 43F06003 		orr	r3, r3, #96
 460 0028 0370     		strb	r3, [r0]
  65:Generated_Source\PSoC5/Opa_ref_IN.c **** 
 461              		.loc 1 65 0
 462 002a 0B78     		ldrb	r3, [r1]	@ zero_extendqisi2
 463 002c 43F00203 		orr	r3, r3, #2
 464 0030 0B70     		strb	r3, [r1]
  68:Generated_Source\PSoC5/Opa_ref_IN.c **** }
 465              		.loc 1 68 0
 466 0032 1378     		ldrb	r3, [r2]	@ zero_extendqisi2
 467 0034 43F00203 		orr	r3, r3, #2
 468 0038 1370     		strb	r3, [r2]
 469 003a 7047     		bx	lr
 470              	.L11:
 471              		.align	2
 472              	.L10:
 473 003c 00000000 		.word	.LANCHOR0
 474 0040 5A580040 		.word	1073764442
 475 0044 77580040 		.word	1073764471
 476 0048 A4430040 		.word	1073759140
 477 004c B4430040 		.word	1073759156
 478              	.LBE19:
 479              	.LBE18:
 480              		.cfi_endproc
 481              	.LFE2:
 482              		.size	Opa_ref_IN_Start, .-Opa_ref_IN_Start
 483              		.section	.text.Opa_ref_IN_Stop,"ax",%progbits
 484              		.align	2
 485              		.global	Opa_ref_IN_Stop
 486              		.thumb
 487              		.thumb_func
 488              		.type	Opa_ref_IN_Stop, %function
 489              	Opa_ref_IN_Stop:
 490              	.LFB3:
 119:Generated_Source\PSoC5/Opa_ref_IN.c ****     /* Disable power to buffer in active mode template */
 491              		.loc 1 119 0
 492              		.cfi_startproc
 493              		@ args = 0, pretend = 0, frame = 0
 494              		@ frame_needed = 0, uses_anonymous_args = 0
 495              		@ link register save eliminated.
 121:Generated_Source\PSoC5/Opa_ref_IN.c **** 
 496              		.loc 1 121 0
 497 0000 084B     		ldr	r3, .L14
 124:Generated_Source\PSoC5/Opa_ref_IN.c ****     
 498              		.loc 1 124 0
 499 0002 0949     		ldr	r1, .L14+4
 121:Generated_Source\PSoC5/Opa_ref_IN.c **** 
 500              		.loc 1 121 0
 501 0004 1A78     		ldrb	r2, [r3]	@ zero_extendqisi2
 502 0006 02F0FD02 		and	r2, r2, #253
 503 000a 1A70     		strb	r2, [r3]
 124:Generated_Source\PSoC5/Opa_ref_IN.c ****     
 504              		.loc 1 124 0
 505 000c 0A78     		ldrb	r2, [r1]	@ zero_extendqisi2
 506 000e 02F0FD02 		and	r2, r2, #253
ARM GAS  C:\Users\elias\AppData\Local\Temp\cc2h0DPJ.s 			page 29


 507 0012 0A70     		strb	r2, [r1]
 127:Generated_Source\PSoC5/Opa_ref_IN.c ****     {
 508              		.loc 1 127 0
 509 0014 1B78     		ldrb	r3, [r3]	@ zero_extendqisi2
 510 0016 23B9     		cbnz	r3, .L12
 511              	.LBB22:
 129:Generated_Source\PSoC5/Opa_ref_IN.c ****     }
 512              		.loc 1 129 0
 513 0018 044A     		ldr	r2, .L14+8
 514 001a 1378     		ldrb	r3, [r2]	@ zero_extendqisi2
 515 001c 03F09F03 		and	r3, r3, #159
 516 0020 1370     		strb	r3, [r2]
 517              	.L12:
 518 0022 7047     		bx	lr
 519              	.L15:
 520              		.align	2
 521              	.L14:
 522 0024 A4430040 		.word	1073759140
 523 0028 B4430040 		.word	1073759156
 524 002c 77580040 		.word	1073764471
 525              	.LBE22:
 526              		.cfi_endproc
 527              	.LFE3:
 528              		.size	Opa_ref_IN_Stop, .-Opa_ref_IN_Stop
 529              		.section	.text.Opa_ref_IN_SetPower,"ax",%progbits
 530              		.align	2
 531              		.global	Opa_ref_IN_SetPower
 532              		.thumb
 533              		.thumb_func
 534              		.type	Opa_ref_IN_SetPower, %function
 535              	Opa_ref_IN_SetPower:
 536              	.LFB4:
 150:Generated_Source\PSoC5/Opa_ref_IN.c ****     #if (CY_PSOC3 || CY_PSOC5LP)
 537              		.loc 1 150 0
 538              		.cfi_startproc
 539              		@ args = 0, pretend = 0, frame = 0
 540              		@ frame_needed = 0, uses_anonymous_args = 0
 541              		@ link register save eliminated.
 542              	.LVL4:
 152:Generated_Source\PSoC5/Opa_ref_IN.c ****         Opa_ref_IN_CR_REG |= power & Opa_ref_IN_PWR_MASK;      /* Set device power */
 543              		.loc 1 152 0
 544 0000 054B     		ldr	r3, .L17
 545              		.loc 1 153 0
 546 0002 00F00300 		and	r0, r0, #3
 547              	.LVL5:
 152:Generated_Source\PSoC5/Opa_ref_IN.c ****         Opa_ref_IN_CR_REG |= power & Opa_ref_IN_PWR_MASK;      /* Set device power */
 548              		.loc 1 152 0
 549 0006 1A78     		ldrb	r2, [r3]	@ zero_extendqisi2
 550 0008 02F0FC02 		and	r2, r2, #252
 551 000c 1A70     		strb	r2, [r3]
 552              		.loc 1 153 0
 553 000e 1A78     		ldrb	r2, [r3]	@ zero_extendqisi2
 554 0010 1043     		orrs	r0, r0, r2
 555 0012 1870     		strb	r0, [r3]
 556 0014 7047     		bx	lr
 557              	.L18:
 558 0016 00BF     		.align	2
ARM GAS  C:\Users\elias\AppData\Local\Temp\cc2h0DPJ.s 			page 30


 559              	.L17:
 560 0018 5A580040 		.word	1073764442
 561              		.cfi_endproc
 562              	.LFE4:
 563              		.size	Opa_ref_IN_SetPower, .-Opa_ref_IN_SetPower
 564              		.global	Opa_ref_IN_initVar
 565              		.bss
 566              		.set	.LANCHOR0,. + 0
 567              		.type	Opa_ref_IN_initVar, %object
 568              		.size	Opa_ref_IN_initVar, 1
 569              	Opa_ref_IN_initVar:
 570 0000 00       		.space	1
 571              		.text
 572              	.Letext0:
 573              		.file 2 "Generated_Source\\PSoC5\\cytypes.h"
 574              		.section	.debug_info,"",%progbits
 575              	.Ldebug_info0:
 576 0000 A3010000 		.4byte	0x1a3
 577 0004 0400     		.2byte	0x4
 578 0006 00000000 		.4byte	.Ldebug_abbrev0
 579 000a 04       		.byte	0x4
 580 000b 01       		.uleb128 0x1
 581 000c B9000000 		.4byte	.LASF19
 582 0010 0C       		.byte	0xc
 583 0011 BA010000 		.4byte	.LASF20
 584 0015 5E000000 		.4byte	.LASF21
 585 0019 18000000 		.4byte	.Ldebug_ranges0+0x18
 586 001d 00000000 		.4byte	0
 587 0021 00000000 		.4byte	.Ldebug_line0
 588 0025 02       		.uleb128 0x2
 589 0026 01       		.byte	0x1
 590 0027 06       		.byte	0x6
 591 0028 AE010000 		.4byte	.LASF0
 592 002c 02       		.uleb128 0x2
 593 002d 01       		.byte	0x1
 594 002e 08       		.byte	0x8
 595 002f 1B000000 		.4byte	.LASF1
 596 0033 02       		.uleb128 0x2
 597 0034 02       		.byte	0x2
 598 0035 05       		.byte	0x5
 599 0036 FA010000 		.4byte	.LASF2
 600 003a 02       		.uleb128 0x2
 601 003b 02       		.byte	0x2
 602 003c 07       		.byte	0x7
 603 003d 9B010000 		.4byte	.LASF3
 604 0041 02       		.uleb128 0x2
 605 0042 04       		.byte	0x4
 606 0043 05       		.byte	0x5
 607 0044 65010000 		.4byte	.LASF4
 608 0048 02       		.uleb128 0x2
 609 0049 04       		.byte	0x4
 610 004a 07       		.byte	0x7
 611 004b 2F000000 		.4byte	.LASF5
 612 004f 02       		.uleb128 0x2
 613 0050 08       		.byte	0x8
 614 0051 05       		.byte	0x5
 615 0052 00000000 		.4byte	.LASF6
ARM GAS  C:\Users\elias\AppData\Local\Temp\cc2h0DPJ.s 			page 31


 616 0056 02       		.uleb128 0x2
 617 0057 08       		.byte	0x8
 618 0058 07       		.byte	0x7
 619 0059 41000000 		.4byte	.LASF7
 620 005d 03       		.uleb128 0x3
 621 005e 04       		.byte	0x4
 622 005f 05       		.byte	0x5
 623 0060 696E7400 		.ascii	"int\000"
 624 0064 02       		.uleb128 0x2
 625 0065 04       		.byte	0x4
 626 0066 07       		.byte	0x7
 627 0067 0E000000 		.4byte	.LASF8
 628 006b 04       		.uleb128 0x4
 629 006c 29000000 		.4byte	.LASF12
 630 0070 02       		.byte	0x2
 631 0071 E901     		.2byte	0x1e9
 632 0073 2C000000 		.4byte	0x2c
 633 0077 02       		.uleb128 0x2
 634 0078 04       		.byte	0x4
 635 0079 04       		.byte	0x4
 636 007a 58000000 		.4byte	.LASF9
 637 007e 02       		.uleb128 0x2
 638 007f 08       		.byte	0x8
 639 0080 04       		.byte	0x4
 640 0081 80010000 		.4byte	.LASF10
 641 0085 02       		.uleb128 0x2
 642 0086 01       		.byte	0x1
 643 0087 08       		.byte	0x8
 644 0088 60010000 		.4byte	.LASF11
 645 008c 04       		.uleb128 0x4
 646 008d 04020000 		.4byte	.LASF13
 647 0091 02       		.byte	0x2
 648 0092 9302     		.2byte	0x293
 649 0094 98000000 		.4byte	0x98
 650 0098 05       		.uleb128 0x5
 651 0099 6B000000 		.4byte	0x6b
 652 009d 02       		.uleb128 0x2
 653 009e 08       		.byte	0x8
 654 009f 04       		.byte	0x4
 655 00a0 DE010000 		.4byte	.LASF14
 656 00a4 02       		.uleb128 0x2
 657 00a5 04       		.byte	0x4
 658 00a6 07       		.byte	0x7
 659 00a7 0F020000 		.4byte	.LASF15
 660 00ab 06       		.uleb128 0x6
 661 00ac EA010000 		.4byte	.LASF16
 662 00b0 01       		.byte	0x1
 663 00b1 76       		.byte	0x76
 664 00b2 01       		.byte	0x1
 665 00b3 07       		.uleb128 0x7
 666 00b4 87010000 		.4byte	.LASF22
 667 00b8 01       		.byte	0x1
 668 00b9 95       		.byte	0x95
 669 00ba 01       		.byte	0x1
 670 00bb CB000000 		.4byte	0xcb
 671 00bf 08       		.uleb128 0x8
 672 00c0 09020000 		.4byte	.LASF23
ARM GAS  C:\Users\elias\AppData\Local\Temp\cc2h0DPJ.s 			page 32


 673 00c4 01       		.byte	0x1
 674 00c5 95       		.byte	0x95
 675 00c6 6B000000 		.4byte	0x6b
 676 00ca 00       		.byte	0
 677 00cb 06       		.uleb128 0x6
 678 00cc A9000000 		.4byte	.LASF17
 679 00d0 01       		.byte	0x1
 680 00d1 27       		.byte	0x27
 681 00d2 01       		.byte	0x1
 682 00d3 06       		.uleb128 0x6
 683 00d4 6E010000 		.4byte	.LASF18
 684 00d8 01       		.byte	0x1
 685 00d9 3B       		.byte	0x3b
 686 00da 01       		.byte	0x1
 687 00db 09       		.uleb128 0x9
 688 00dc CB000000 		.4byte	0xcb
 689 00e0 00000000 		.4byte	.LFB0
 690 00e4 18000000 		.4byte	.LFE0-.LFB0
 691 00e8 01       		.uleb128 0x1
 692 00e9 9C       		.byte	0x9c
 693 00ea 08010000 		.4byte	0x108
 694 00ee 0A       		.uleb128 0xa
 695 00ef B3000000 		.4byte	0xb3
 696 00f3 00000000 		.4byte	.LBB10
 697 00f7 18000000 		.4byte	.LBE10-.LBB10
 698 00fb 01       		.byte	0x1
 699 00fc 29       		.byte	0x29
 700 00fd 0B       		.uleb128 0xb
 701 00fe BF000000 		.4byte	0xbf
 702 0102 00000000 		.4byte	.LLST0
 703 0106 00       		.byte	0
 704 0107 00       		.byte	0
 705 0108 0C       		.uleb128 0xc
 706 0109 D3000000 		.4byte	0xd3
 707 010d 00000000 		.4byte	.LFB1
 708 0111 2C000000 		.4byte	.LFE1-.LFB1
 709 0115 01       		.uleb128 0x1
 710 0116 9C       		.byte	0x9c
 711 0117 0D       		.uleb128 0xd
 712 0118 98000000 		.4byte	.LASF24
 713 011c 01       		.byte	0x1
 714 011d 5C       		.byte	0x5c
 715 011e 00000000 		.4byte	.LFB2
 716 0122 50000000 		.4byte	.LFE2-.LFB2
 717 0126 01       		.uleb128 0x1
 718 0127 9C       		.byte	0x9c
 719 0128 69010000 		.4byte	0x169
 720 012c 0E       		.uleb128 0xe
 721 012d CB000000 		.4byte	0xcb
 722 0131 06000000 		.4byte	.LBB12
 723 0135 00000000 		.4byte	.Ldebug_ranges0+0
 724 0139 01       		.byte	0x1
 725 013a 61       		.byte	0x61
 726 013b 59010000 		.4byte	0x159
 727 013f 0F       		.uleb128 0xf
 728 0140 B3000000 		.4byte	0xb3
 729 0144 06000000 		.4byte	.LBB13
ARM GAS  C:\Users\elias\AppData\Local\Temp\cc2h0DPJ.s 			page 33


 730 0148 00000000 		.4byte	.Ldebug_ranges0+0
 731 014c 01       		.byte	0x1
 732 014d 29       		.byte	0x29
 733 014e 0B       		.uleb128 0xb
 734 014f BF000000 		.4byte	0xbf
 735 0153 14000000 		.4byte	.LLST1
 736 0157 00       		.byte	0
 737 0158 00       		.byte	0
 738 0159 10       		.uleb128 0x10
 739 015a D3000000 		.4byte	0xd3
 740 015e 1C000000 		.4byte	.LBB18
 741 0162 34000000 		.4byte	.LBE18-.LBB18
 742 0166 01       		.byte	0x1
 743 0167 64       		.byte	0x64
 744 0168 00       		.byte	0
 745 0169 0C       		.uleb128 0xc
 746 016a AB000000 		.4byte	0xab
 747 016e 00000000 		.4byte	.LFB3
 748 0172 30000000 		.4byte	.LFE3-.LFB3
 749 0176 01       		.uleb128 0x1
 750 0177 9C       		.byte	0x9c
 751 0178 09       		.uleb128 0x9
 752 0179 B3000000 		.4byte	0xb3
 753 017d 00000000 		.4byte	.LFB4
 754 0181 1C000000 		.4byte	.LFE4-.LFB4
 755 0185 01       		.uleb128 0x1
 756 0186 9C       		.byte	0x9c
 757 0187 95010000 		.4byte	0x195
 758 018b 0B       		.uleb128 0xb
 759 018c BF000000 		.4byte	0xbf
 760 0190 28000000 		.4byte	.LLST2
 761 0194 00       		.byte	0
 762 0195 11       		.uleb128 0x11
 763 0196 18020000 		.4byte	.LASF25
 764 019a 01       		.byte	0x1
 765 019b 14       		.byte	0x14
 766 019c 6B000000 		.4byte	0x6b
 767 01a0 05       		.uleb128 0x5
 768 01a1 03       		.byte	0x3
 769 01a2 00000000 		.4byte	Opa_ref_IN_initVar
 770 01a6 00       		.byte	0
 771              		.section	.debug_abbrev,"",%progbits
 772              	.Ldebug_abbrev0:
 773 0000 01       		.uleb128 0x1
 774 0001 11       		.uleb128 0x11
 775 0002 01       		.byte	0x1
 776 0003 25       		.uleb128 0x25
 777 0004 0E       		.uleb128 0xe
 778 0005 13       		.uleb128 0x13
 779 0006 0B       		.uleb128 0xb
 780 0007 03       		.uleb128 0x3
 781 0008 0E       		.uleb128 0xe
 782 0009 1B       		.uleb128 0x1b
 783 000a 0E       		.uleb128 0xe
 784 000b 55       		.uleb128 0x55
 785 000c 17       		.uleb128 0x17
 786 000d 11       		.uleb128 0x11
ARM GAS  C:\Users\elias\AppData\Local\Temp\cc2h0DPJ.s 			page 34


 787 000e 01       		.uleb128 0x1
 788 000f 10       		.uleb128 0x10
 789 0010 17       		.uleb128 0x17
 790 0011 00       		.byte	0
 791 0012 00       		.byte	0
 792 0013 02       		.uleb128 0x2
 793 0014 24       		.uleb128 0x24
 794 0015 00       		.byte	0
 795 0016 0B       		.uleb128 0xb
 796 0017 0B       		.uleb128 0xb
 797 0018 3E       		.uleb128 0x3e
 798 0019 0B       		.uleb128 0xb
 799 001a 03       		.uleb128 0x3
 800 001b 0E       		.uleb128 0xe
 801 001c 00       		.byte	0
 802 001d 00       		.byte	0
 803 001e 03       		.uleb128 0x3
 804 001f 24       		.uleb128 0x24
 805 0020 00       		.byte	0
 806 0021 0B       		.uleb128 0xb
 807 0022 0B       		.uleb128 0xb
 808 0023 3E       		.uleb128 0x3e
 809 0024 0B       		.uleb128 0xb
 810 0025 03       		.uleb128 0x3
 811 0026 08       		.uleb128 0x8
 812 0027 00       		.byte	0
 813 0028 00       		.byte	0
 814 0029 04       		.uleb128 0x4
 815 002a 16       		.uleb128 0x16
 816 002b 00       		.byte	0
 817 002c 03       		.uleb128 0x3
 818 002d 0E       		.uleb128 0xe
 819 002e 3A       		.uleb128 0x3a
 820 002f 0B       		.uleb128 0xb
 821 0030 3B       		.uleb128 0x3b
 822 0031 05       		.uleb128 0x5
 823 0032 49       		.uleb128 0x49
 824 0033 13       		.uleb128 0x13
 825 0034 00       		.byte	0
 826 0035 00       		.byte	0
 827 0036 05       		.uleb128 0x5
 828 0037 35       		.uleb128 0x35
 829 0038 00       		.byte	0
 830 0039 49       		.uleb128 0x49
 831 003a 13       		.uleb128 0x13
 832 003b 00       		.byte	0
 833 003c 00       		.byte	0
 834 003d 06       		.uleb128 0x6
 835 003e 2E       		.uleb128 0x2e
 836 003f 00       		.byte	0
 837 0040 3F       		.uleb128 0x3f
 838 0041 19       		.uleb128 0x19
 839 0042 03       		.uleb128 0x3
 840 0043 0E       		.uleb128 0xe
 841 0044 3A       		.uleb128 0x3a
 842 0045 0B       		.uleb128 0xb
 843 0046 3B       		.uleb128 0x3b
ARM GAS  C:\Users\elias\AppData\Local\Temp\cc2h0DPJ.s 			page 35


 844 0047 0B       		.uleb128 0xb
 845 0048 27       		.uleb128 0x27
 846 0049 19       		.uleb128 0x19
 847 004a 20       		.uleb128 0x20
 848 004b 0B       		.uleb128 0xb
 849 004c 00       		.byte	0
 850 004d 00       		.byte	0
 851 004e 07       		.uleb128 0x7
 852 004f 2E       		.uleb128 0x2e
 853 0050 01       		.byte	0x1
 854 0051 3F       		.uleb128 0x3f
 855 0052 19       		.uleb128 0x19
 856 0053 03       		.uleb128 0x3
 857 0054 0E       		.uleb128 0xe
 858 0055 3A       		.uleb128 0x3a
 859 0056 0B       		.uleb128 0xb
 860 0057 3B       		.uleb128 0x3b
 861 0058 0B       		.uleb128 0xb
 862 0059 27       		.uleb128 0x27
 863 005a 19       		.uleb128 0x19
 864 005b 20       		.uleb128 0x20
 865 005c 0B       		.uleb128 0xb
 866 005d 01       		.uleb128 0x1
 867 005e 13       		.uleb128 0x13
 868 005f 00       		.byte	0
 869 0060 00       		.byte	0
 870 0061 08       		.uleb128 0x8
 871 0062 05       		.uleb128 0x5
 872 0063 00       		.byte	0
 873 0064 03       		.uleb128 0x3
 874 0065 0E       		.uleb128 0xe
 875 0066 3A       		.uleb128 0x3a
 876 0067 0B       		.uleb128 0xb
 877 0068 3B       		.uleb128 0x3b
 878 0069 0B       		.uleb128 0xb
 879 006a 49       		.uleb128 0x49
 880 006b 13       		.uleb128 0x13
 881 006c 00       		.byte	0
 882 006d 00       		.byte	0
 883 006e 09       		.uleb128 0x9
 884 006f 2E       		.uleb128 0x2e
 885 0070 01       		.byte	0x1
 886 0071 31       		.uleb128 0x31
 887 0072 13       		.uleb128 0x13
 888 0073 11       		.uleb128 0x11
 889 0074 01       		.uleb128 0x1
 890 0075 12       		.uleb128 0x12
 891 0076 06       		.uleb128 0x6
 892 0077 40       		.uleb128 0x40
 893 0078 18       		.uleb128 0x18
 894 0079 9742     		.uleb128 0x2117
 895 007b 19       		.uleb128 0x19
 896 007c 01       		.uleb128 0x1
 897 007d 13       		.uleb128 0x13
 898 007e 00       		.byte	0
 899 007f 00       		.byte	0
 900 0080 0A       		.uleb128 0xa
ARM GAS  C:\Users\elias\AppData\Local\Temp\cc2h0DPJ.s 			page 36


 901 0081 1D       		.uleb128 0x1d
 902 0082 01       		.byte	0x1
 903 0083 31       		.uleb128 0x31
 904 0084 13       		.uleb128 0x13
 905 0085 11       		.uleb128 0x11
 906 0086 01       		.uleb128 0x1
 907 0087 12       		.uleb128 0x12
 908 0088 06       		.uleb128 0x6
 909 0089 58       		.uleb128 0x58
 910 008a 0B       		.uleb128 0xb
 911 008b 59       		.uleb128 0x59
 912 008c 0B       		.uleb128 0xb
 913 008d 00       		.byte	0
 914 008e 00       		.byte	0
 915 008f 0B       		.uleb128 0xb
 916 0090 05       		.uleb128 0x5
 917 0091 00       		.byte	0
 918 0092 31       		.uleb128 0x31
 919 0093 13       		.uleb128 0x13
 920 0094 02       		.uleb128 0x2
 921 0095 17       		.uleb128 0x17
 922 0096 00       		.byte	0
 923 0097 00       		.byte	0
 924 0098 0C       		.uleb128 0xc
 925 0099 2E       		.uleb128 0x2e
 926 009a 00       		.byte	0
 927 009b 31       		.uleb128 0x31
 928 009c 13       		.uleb128 0x13
 929 009d 11       		.uleb128 0x11
 930 009e 01       		.uleb128 0x1
 931 009f 12       		.uleb128 0x12
 932 00a0 06       		.uleb128 0x6
 933 00a1 40       		.uleb128 0x40
 934 00a2 18       		.uleb128 0x18
 935 00a3 9742     		.uleb128 0x2117
 936 00a5 19       		.uleb128 0x19
 937 00a6 00       		.byte	0
 938 00a7 00       		.byte	0
 939 00a8 0D       		.uleb128 0xd
 940 00a9 2E       		.uleb128 0x2e
 941 00aa 01       		.byte	0x1
 942 00ab 3F       		.uleb128 0x3f
 943 00ac 19       		.uleb128 0x19
 944 00ad 03       		.uleb128 0x3
 945 00ae 0E       		.uleb128 0xe
 946 00af 3A       		.uleb128 0x3a
 947 00b0 0B       		.uleb128 0xb
 948 00b1 3B       		.uleb128 0x3b
 949 00b2 0B       		.uleb128 0xb
 950 00b3 27       		.uleb128 0x27
 951 00b4 19       		.uleb128 0x19
 952 00b5 11       		.uleb128 0x11
 953 00b6 01       		.uleb128 0x1
 954 00b7 12       		.uleb128 0x12
 955 00b8 06       		.uleb128 0x6
 956 00b9 40       		.uleb128 0x40
 957 00ba 18       		.uleb128 0x18
ARM GAS  C:\Users\elias\AppData\Local\Temp\cc2h0DPJ.s 			page 37


 958 00bb 9742     		.uleb128 0x2117
 959 00bd 19       		.uleb128 0x19
 960 00be 01       		.uleb128 0x1
 961 00bf 13       		.uleb128 0x13
 962 00c0 00       		.byte	0
 963 00c1 00       		.byte	0
 964 00c2 0E       		.uleb128 0xe
 965 00c3 1D       		.uleb128 0x1d
 966 00c4 01       		.byte	0x1
 967 00c5 31       		.uleb128 0x31
 968 00c6 13       		.uleb128 0x13
 969 00c7 52       		.uleb128 0x52
 970 00c8 01       		.uleb128 0x1
 971 00c9 55       		.uleb128 0x55
 972 00ca 17       		.uleb128 0x17
 973 00cb 58       		.uleb128 0x58
 974 00cc 0B       		.uleb128 0xb
 975 00cd 59       		.uleb128 0x59
 976 00ce 0B       		.uleb128 0xb
 977 00cf 01       		.uleb128 0x1
 978 00d0 13       		.uleb128 0x13
 979 00d1 00       		.byte	0
 980 00d2 00       		.byte	0
 981 00d3 0F       		.uleb128 0xf
 982 00d4 1D       		.uleb128 0x1d
 983 00d5 01       		.byte	0x1
 984 00d6 31       		.uleb128 0x31
 985 00d7 13       		.uleb128 0x13
 986 00d8 52       		.uleb128 0x52
 987 00d9 01       		.uleb128 0x1
 988 00da 55       		.uleb128 0x55
 989 00db 17       		.uleb128 0x17
 990 00dc 58       		.uleb128 0x58
 991 00dd 0B       		.uleb128 0xb
 992 00de 59       		.uleb128 0x59
 993 00df 0B       		.uleb128 0xb
 994 00e0 00       		.byte	0
 995 00e1 00       		.byte	0
 996 00e2 10       		.uleb128 0x10
 997 00e3 1D       		.uleb128 0x1d
 998 00e4 00       		.byte	0
 999 00e5 31       		.uleb128 0x31
 1000 00e6 13       		.uleb128 0x13
 1001 00e7 11       		.uleb128 0x11
 1002 00e8 01       		.uleb128 0x1
 1003 00e9 12       		.uleb128 0x12
 1004 00ea 06       		.uleb128 0x6
 1005 00eb 58       		.uleb128 0x58
 1006 00ec 0B       		.uleb128 0xb
 1007 00ed 59       		.uleb128 0x59
 1008 00ee 0B       		.uleb128 0xb
 1009 00ef 00       		.byte	0
 1010 00f0 00       		.byte	0
 1011 00f1 11       		.uleb128 0x11
 1012 00f2 34       		.uleb128 0x34
 1013 00f3 00       		.byte	0
 1014 00f4 03       		.uleb128 0x3
ARM GAS  C:\Users\elias\AppData\Local\Temp\cc2h0DPJ.s 			page 38


 1015 00f5 0E       		.uleb128 0xe
 1016 00f6 3A       		.uleb128 0x3a
 1017 00f7 0B       		.uleb128 0xb
 1018 00f8 3B       		.uleb128 0x3b
 1019 00f9 0B       		.uleb128 0xb
 1020 00fa 49       		.uleb128 0x49
 1021 00fb 13       		.uleb128 0x13
 1022 00fc 3F       		.uleb128 0x3f
 1023 00fd 19       		.uleb128 0x19
 1024 00fe 02       		.uleb128 0x2
 1025 00ff 18       		.uleb128 0x18
 1026 0100 00       		.byte	0
 1027 0101 00       		.byte	0
 1028 0102 00       		.byte	0
 1029              		.section	.debug_loc,"",%progbits
 1030              	.Ldebug_loc0:
 1031              	.LLST0:
 1032 0000 00000000 		.4byte	.LVL0
 1033 0004 12000000 		.4byte	.LVL1
 1034 0008 0200     		.2byte	0x2
 1035 000a 33       		.byte	0x33
 1036 000b 9F       		.byte	0x9f
 1037 000c 00000000 		.4byte	0
 1038 0010 00000000 		.4byte	0
 1039              	.LLST1:
 1040 0014 0C000000 		.4byte	.LVL2
 1041 0018 1C000000 		.4byte	.LVL3
 1042 001c 0200     		.2byte	0x2
 1043 001e 33       		.byte	0x33
 1044 001f 9F       		.byte	0x9f
 1045 0020 00000000 		.4byte	0
 1046 0024 00000000 		.4byte	0
 1047              	.LLST2:
 1048 0028 00000000 		.4byte	.LVL4
 1049 002c 06000000 		.4byte	.LVL5
 1050 0030 0100     		.2byte	0x1
 1051 0032 50       		.byte	0x50
 1052 0033 06000000 		.4byte	.LVL5
 1053 0037 1C000000 		.4byte	.LFE4
 1054 003b 0400     		.2byte	0x4
 1055 003d F3       		.byte	0xf3
 1056 003e 01       		.uleb128 0x1
 1057 003f 50       		.byte	0x50
 1058 0040 9F       		.byte	0x9f
 1059 0041 00000000 		.4byte	0
 1060 0045 00000000 		.4byte	0
 1061              		.section	.debug_aranges,"",%progbits
 1062 0000 3C000000 		.4byte	0x3c
 1063 0004 0200     		.2byte	0x2
 1064 0006 00000000 		.4byte	.Ldebug_info0
 1065 000a 04       		.byte	0x4
 1066 000b 00       		.byte	0
 1067 000c 0000     		.2byte	0
 1068 000e 0000     		.2byte	0
 1069 0010 00000000 		.4byte	.LFB0
 1070 0014 18000000 		.4byte	.LFE0-.LFB0
 1071 0018 00000000 		.4byte	.LFB1
ARM GAS  C:\Users\elias\AppData\Local\Temp\cc2h0DPJ.s 			page 39


 1072 001c 2C000000 		.4byte	.LFE1-.LFB1
 1073 0020 00000000 		.4byte	.LFB2
 1074 0024 50000000 		.4byte	.LFE2-.LFB2
 1075 0028 00000000 		.4byte	.LFB3
 1076 002c 30000000 		.4byte	.LFE3-.LFB3
 1077 0030 00000000 		.4byte	.LFB4
 1078 0034 1C000000 		.4byte	.LFE4-.LFB4
 1079 0038 00000000 		.4byte	0
 1080 003c 00000000 		.4byte	0
 1081              		.section	.debug_ranges,"",%progbits
 1082              	.Ldebug_ranges0:
 1083 0000 06000000 		.4byte	.LBB12
 1084 0004 08000000 		.4byte	.LBE12
 1085 0008 0C000000 		.4byte	.LBB17
 1086 000c 1C000000 		.4byte	.LBE17
 1087 0010 00000000 		.4byte	0
 1088 0014 00000000 		.4byte	0
 1089 0018 00000000 		.4byte	.LFB0
 1090 001c 18000000 		.4byte	.LFE0
 1091 0020 00000000 		.4byte	.LFB1
 1092 0024 2C000000 		.4byte	.LFE1
 1093 0028 00000000 		.4byte	.LFB2
 1094 002c 50000000 		.4byte	.LFE2
 1095 0030 00000000 		.4byte	.LFB3
 1096 0034 30000000 		.4byte	.LFE3
 1097 0038 00000000 		.4byte	.LFB4
 1098 003c 1C000000 		.4byte	.LFE4
 1099 0040 00000000 		.4byte	0
 1100 0044 00000000 		.4byte	0
 1101              		.section	.debug_line,"",%progbits
 1102              	.Ldebug_line0:
 1103 0000 CA000000 		.section	.debug_str,"MS",%progbits,1
 1103      02004700 
 1103      00000201 
 1103      FB0E0D00 
 1103      01010101 
 1104              	.LASF6:
 1105 0000 6C6F6E67 		.ascii	"long long int\000"
 1105      206C6F6E 
 1105      6720696E 
 1105      7400
 1106              	.LASF8:
 1107 000e 756E7369 		.ascii	"unsigned int\000"
 1107      676E6564 
 1107      20696E74 
 1107      00
 1108              	.LASF1:
 1109 001b 756E7369 		.ascii	"unsigned char\000"
 1109      676E6564 
 1109      20636861 
 1109      7200
 1110              	.LASF12:
 1111 0029 75696E74 		.ascii	"uint8\000"
 1111      3800
 1112              	.LASF5:
 1113 002f 6C6F6E67 		.ascii	"long unsigned int\000"
 1113      20756E73 
ARM GAS  C:\Users\elias\AppData\Local\Temp\cc2h0DPJ.s 			page 40


 1113      69676E65 
 1113      6420696E 
 1113      7400
 1114              	.LASF7:
 1115 0041 6C6F6E67 		.ascii	"long long unsigned int\000"
 1115      206C6F6E 
 1115      6720756E 
 1115      7369676E 
 1115      65642069 
 1116              	.LASF9:
 1117 0058 666C6F61 		.ascii	"float\000"
 1117      7400
 1118              	.LASF21:
 1119 005e 433A5C47 		.ascii	"C:\\Github\\Tesis\\src\\psoc\\AcondicionamientoAnal"
 1119      69746875 
 1119      625C5465 
 1119      7369735C 
 1119      7372635C 
 1120 008c 6F676963 		.ascii	"ogico.cydsn\000"
 1120      6F2E6379 
 1120      64736E00 
 1121              	.LASF24:
 1122 0098 4F70615F 		.ascii	"Opa_ref_IN_Start\000"
 1122      7265665F 
 1122      494E5F53 
 1122      74617274 
 1122      00
 1123              	.LASF17:
 1124 00a9 4F70615F 		.ascii	"Opa_ref_IN_Init\000"
 1124      7265665F 
 1124      494E5F49 
 1124      6E697400 
 1125              	.LASF19:
 1126 00b9 474E5520 		.ascii	"GNU C11 5.4.1 20160609 (release) [ARM/embedded-5-br"
 1126      43313120 
 1126      352E342E 
 1126      31203230 
 1126      31363036 
 1127 00ec 616E6368 		.ascii	"anch revision 237715] -mcpu=cortex-m3 -mthumb -g -O"
 1127      20726576 
 1127      6973696F 
 1127      6E203233 
 1127      37373135 
 1128 011f 33202D66 		.ascii	"3 -ffunction-sections -ffat-lto-objects -finline-fu"
 1128      66756E63 
 1128      74696F6E 
 1128      2D736563 
 1128      74696F6E 
 1129 0152 6E637469 		.ascii	"nctions -flto\000"
 1129      6F6E7320 
 1129      2D666C74 
 1129      6F00
 1130              	.LASF11:
 1131 0160 63686172 		.ascii	"char\000"
 1131      00
 1132              	.LASF4:
 1133 0165 6C6F6E67 		.ascii	"long int\000"
ARM GAS  C:\Users\elias\AppData\Local\Temp\cc2h0DPJ.s 			page 41


 1133      20696E74 
 1133      00
 1134              	.LASF18:
 1135 016e 4F70615F 		.ascii	"Opa_ref_IN_Enable\000"
 1135      7265665F 
 1135      494E5F45 
 1135      6E61626C 
 1135      6500
 1136              	.LASF10:
 1137 0180 646F7562 		.ascii	"double\000"
 1137      6C6500
 1138              	.LASF22:
 1139 0187 4F70615F 		.ascii	"Opa_ref_IN_SetPower\000"
 1139      7265665F 
 1139      494E5F53 
 1139      6574506F 
 1139      77657200 
 1140              	.LASF3:
 1141 019b 73686F72 		.ascii	"short unsigned int\000"
 1141      7420756E 
 1141      7369676E 
 1141      65642069 
 1141      6E7400
 1142              	.LASF0:
 1143 01ae 7369676E 		.ascii	"signed char\000"
 1143      65642063 
 1143      68617200 
 1144              	.LASF20:
 1145 01ba 47656E65 		.ascii	"Generated_Source\\PSoC5\\Opa_ref_IN.c\000"
 1145      72617465 
 1145      645F536F 
 1145      75726365 
 1145      5C50536F 
 1146              	.LASF14:
 1147 01de 6C6F6E67 		.ascii	"long double\000"
 1147      20646F75 
 1147      626C6500 
 1148              	.LASF16:
 1149 01ea 4F70615F 		.ascii	"Opa_ref_IN_Stop\000"
 1149      7265665F 
 1149      494E5F53 
 1149      746F7000 
 1150              	.LASF2:
 1151 01fa 73686F72 		.ascii	"short int\000"
 1151      7420696E 
 1151      7400
 1152              	.LASF13:
 1153 0204 72656738 		.ascii	"reg8\000"
 1153      00
 1154              	.LASF23:
 1155 0209 706F7765 		.ascii	"power\000"
 1155      7200
 1156              	.LASF15:
 1157 020f 73697A65 		.ascii	"sizetype\000"
 1157      74797065 
 1157      00
 1158              	.LASF25:
ARM GAS  C:\Users\elias\AppData\Local\Temp\cc2h0DPJ.s 			page 42


 1159 0218 4F70615F 		.ascii	"Opa_ref_IN_initVar\000"
 1159      7265665F 
 1159      494E5F69 
 1159      6E697456 
 1159      617200
 1160              		.comm	__gnu_lto_v1,1,1
 1161              		.ident	"GCC: (GNU Tools for ARM Embedded Processors) 5.4.1 20160609 (release) [ARM/embedded-5-bran
