ARM GAS  C:\Users\elias\AppData\Local\Temp\ccOmCkrC.s 			page 1


   1              		.syntax unified
   2              		.cpu cortex-m3
   3              		.fpu softvfp
   4              		.eabi_attribute 20, 1
   5              		.eabi_attribute 21, 1
   6              		.eabi_attribute 23, 3
   7              		.eabi_attribute 24, 1
   8              		.eabi_attribute 25, 1
   9              		.eabi_attribute 26, 1
  10              		.eabi_attribute 30, 2
  11              		.eabi_attribute 34, 1
  12              		.eabi_attribute 18, 4
  13              		.thumb
  14              		.syntax unified
  15              		.file	"OPAadder.c"
  16              		.text
  17              	.Ltext0:
  18              		.section	.gnu.lto_.profile.c8ab5b5a,"",%progbits
  19 0000 789C6361 		.ascii	"x\234ca`d`a`\000\222\3366\000\001<\000\222"
  19      60646061 
  19      600092DE 
  19      3600013C 
  19      0092
  20              		.text
  21              		.section	.gnu.lto_.icf.c8ab5b5a,"",%progbits
  22 0000 789C6361 		.ascii	"x\234ca`d\000\001\035\006\004`g\230\270\243\347\012"
  22      60640001 
  22      1D060460 
  22      6798B8A3 
  22      E70A
  23 0012 3BE38B59 		.ascii	";\343\213Y\023\273\230\230^-\274\276\207\203\371\365"
  23      13BB9898 
  23      5E2DBCBE 
  23      8783F9F5 
  24 0022 8713EB19 		.ascii	"\207\023\353\031Y\326\374\275q\235\215u\373\366I\273"
  24      59D6FCBD 
  24      719D8D75 
  24      FBF649BB 
  25 0032 78D9DA9A 		.ascii	"x\331\332\232^,cf\000\000\331\357\024\324"
  25      5E2C6366 
  25      0000D9EF 
  25      14D4
  26              		.text
  27              		.section	.gnu.lto_.jmpfuncs.c8ab5b5a,"",%progbits
  28 0000 789C6361 		.ascii	"x\234ca`d\000\001q\006\004`\003b\240(\023\003\0033\003"
  28      60640001 
  28      71060460 
  28      0362A028 
  28      13030333 
  29 0015 032B4880 		.ascii	"\003+H\200\221\221\261\236\001\000\006i\000\266"
  29      9191B19E 
  29      01000669 
  29      00B6
  30              		.text
  31              		.section	.gnu.lto_.inline.c8ab5b5a,"",%progbits
  32 0000 789C6361 		.ascii	"x\234ca`d\000\2016\006\004`\003\"VF\006&\266\017z\014"
  32      60640081 
ARM GAS  C:\Users\elias\AppData\Local\Temp\ccOmCkrC.s 			page 2


  32      36060460 
  32      03225646 
  32      0626B60F 
  33 0016 6C0BE499 		.ascii	"l\013\344\231@b\214\014\234\034@!\236\007\261p!&\006"
  33      40628C0C 
  33      9C1C4021 
  33      9E07B170 
  33      212606
  34 0029 1E6EA090 		.ascii	"\036n\240\220\320\205\036F\270\0303\203\230\020PLm\316"
  34      D0851E46 
  34      B8183383 
  34      9810504C 
  34      6DCE
  35 003b 3F84182B 		.ascii	"?\204\030+\003\257 \272:F.\260=\\\234\214\214\014@s"
  35      03AF20BA 
  35      3A462EB0 
  35      3D5C9C8C 
  35      8C0C4073 
  36 004f 1998E106 		.ascii	"\031\230\341\0063]\340g\001\273\002\0006\030\017;"
  36      335DE067 
  36      01BB0200 
  36      36180F3B 
  37              		.text
  38              		.section	.gnu.lto_.pureconst.c8ab5b5a,"",%progbits
  39 0000 789C6361 		.ascii	"x\234ca`d\340e```c\220b\224b\222b\226b\225b\223\002"
  39      6064E065 
  39      60606063 
  39      90629462 
  39      92629662 
  40 0018 00059B00 		.ascii	"\000\005\233\000\306"
  40      C6
  41              		.text
  42              		.section	.gnu.lto_OPAadder_Stop.part.0.c8ab5b5a,"",%progbits
  43 0000 789C7D50 		.ascii	"x\234}P\277KBQ\024>\337\271Os(hht\210hq(Z\332\213\206"
  43      BF4B4251 
  43      143EDFB9 
  43      4F732868 
  43      68748868 
  44 001a A025C955 		.ascii	"\240%\311U\010\321\267&H\255y_\372\010\232\\\262)\034"
  44      08D1B726 
  44      48AD795F 
  44      FA089A5C 
  44      B2291C
  45 002d 3533ACB1 		.ascii	"53\254\261)\021\242!\260\177!\202\014\032B\301\010\372"
  45      2911A221 
  45      B07F2182 
  45      0C1A42C1 
  45      08FA
  46 003f 65E7BCB7 		.ascii	"e\347\274\267w\340\336\357\334s\276\373\235\357^\207"
  46      77E0DEEF 
  46      DC73BEFB 
  46      9DEF5E87 
  47 004f 401A2B02 		.ascii	"@\032+\002\363\202\013\262\020!8\225\236$\0168@\206"
  47      F3820BB2 
  47      10213895 
  47      9E240E38 
  47      4086
ARM GAS  C:\Users\elias\AppData\Local\Temp\ccOmCkrC.s 			page 3


  48 0061 51F46206 		.ascii	"Q\364b\006\320\304\306@E\207\015\212x\347\037F\367\260"
  48      D0C4C640 
  48      45870D8A 
  48      78E71F46 
  48      F7B0
  49 0073 7FCD89BA 		.ascii	"\177\315\211\272\225x\274\375Z\262\215\016|C4\346@\233"
  49      9578BCFD 
  49      5AB28D0E 
  49      7C4334E6 
  49      409B
  50 0085 50478284 		.ascii	"PG\202\204\366t\365{<\025-+m6l\242\201\250\032hoY;\036"
  50      F674F57B 
  50      3C152D2B 
  50      6D366CA2 
  50      81A81A68 
  51 009d 976CA53D 		.ascii	"\227l\245=\203\010\3107`\335\210\006\302\322\211\003"
  51      8308C837 
  51      60DD8806 
  51      C2D28903 
  52 00ad 7614CD90 		.ascii	"v\024\315\2209\300>\272\237G\275\306\276\012\224\014"
  52      39C03EBA 
  52      9F47BDC6 
  52      BE0A940C 
  53 00bd 44BCEA77 		.ascii	"D\274\352w\037&F\354\033\206\316\272\361\232o\221\360"
  53      1F2646EC 
  53      1B86CEBA 
  53      F19A6F91 
  53      F0
  54 00ce F871E959 		.ascii	"\370q\351YGJ\317\355\321\013\327p\352\225=;\355\033"
  54      474ACFED 
  54      D10BD770 
  54      EA953D3B 
  54      ED1B
  55 00e0 8326E238 		.ascii	"\203&\3428C\\l\234\243\006\352\243\364\035\015\0059"
  55      435C6C9C 
  55      A306EAA3 
  55      F41D0D05 
  55      39
  56 00f1 D4ECDCDD 		.ascii	"\324\354\334\335{\223*b\244\217\226Pen\025\312\371_"
  56      7B932A62 
  56      A48F9650 
  56      656E15CA 
  56      F95F
  57 0103 EF42F8A2 		.ascii	"\357B\370\242\"/\033\262\011\014\277\342\240s\262\241"
  57      222F1BB2 
  57      090CBFE2 
  57      A073B2A1 
  58 0113 37832F19 		.ascii	"7\203/\031\210K)\013cn\335\335q\013\231]7\267\235\312"
  58      884B290B 
  58      636EDDDD 
  58      710B995D 
  58      37B79DCA 
  59 0127 EF15B26E 		.ascii	"\357\025\262n:\231\312\257-\2477\223\253\231\\\316-"
  59      3A99CAAF 
  59      2DA73793 
  59      AB995CCE 
  59      2D
ARM GAS  C:\Users\elias\AppData\Local\Temp\ccOmCkrC.s 			page 4


  60 0138 2C66E90F 		.ascii	",f\351\017\211\344{\003"
  60      89E47B03 
  61              		.text
  62              		.section	.gnu.lto_OPAadder_Init.c8ab5b5a,"",%progbits
  63 0000 789C8D51 		.ascii	"x\234\215Q\317KTQ\024>\337\275\357='Lp\323\312Y\210"
  63      CF4B5451 
  63      143EDFBD 
  63      EF3D274C 
  63      70D3CA59 
  64 0015 30900611 		.ascii	"0\220\006\021H\177@\264p\231\344V\010q\336\326\221\207"
  64      487F40B4 
  64      7099E456 
  64      0871DED6 
  64      9187
  65 0027 E2D23B8E 		.ascii	"\342\322;\216O)\002\213H0\212\021MF\035\177\314\370"
  65      4F29028B 
  65      48308A11 
  65      4D461D7F 
  65      CCF8
  66 0039 63E1EE31 		.ascii	"c\341\3561\013\027.\214\226\265)\204\014]\251(TL\275"
  66      0B172E8C 
  66      96B52984 
  66      0C5DA928 
  66      544CBD
  67 004c CE79B716 		.ascii	"\316y\267\026\022H\027\336\271\367\274\373\235\357\373"
  67      124817DE 
  67      B9F7BCFB 
  67      9DEFFB
  68 005b EE390E81 		.ascii	"\3569\016\201du)\242\016\336[\370\203&\250g\373D\371"
  68      647529A2 
  68      0EDE5BF8 
  68      8326A867 
  68      FB44F9
  69 006e 9402E460 		.ascii	"\224\002\344`R\240Q\205Q\\\250\237\012\265\311\303\035"
  69      52A05185 
  69      515CA89F 
  69      0AB5C9C3 
  69      1D
  70 007f D55E32BC 		.ascii	"\325^2\274>\177y\241\315b\204P\023\305*a\"\224\320N"
  70      3E7F79A1 
  70      CD628450 
  70      13C52A61 
  70      2294D04E 
  71 0093 0C3BA8FE 		.ascii	"\014;\250\376z\331\344\215\013\254\325^b\021\236\310"
  71      7AD9E48D 
  71      0BACD55E 
  71      62119EC8 
  72 00a3 AD3F8C4C 		.ascii	"\255?\214L\034\027LTu\217TJS\250\341Hp%x\022\210N\270"
  72      1C174C54 
  72      758F544A 
  72      53A8E148 
  72      70257812 
  73 00ba 40A44F95 		.ascii	"@\244O\225\222]\037`\254YX\337\276\232*9:\0039??\373"
  73      925D1F60 
  73      AC5958DF 
  73      BE9A2A39 
  73      3A03393F 
ARM GAS  C:\Users\elias\AppData\Local\Temp\ccOmCkrC.s 			page 5


  74 00d0 F45465E6 		.ascii	"\364Te\346\215\0313Q\361C\243\251\230T\250\025\226\240"
  74      8D193351 
  74      F143A3A9 
  74      9854A815 
  74      96A0
  75 00e2 590E9D69 		.ascii	"Y\016\235i\334I[G\313\3100\374\361\353\231r\303\271"
  75      DC495B47 
  75      CBC830FC 
  75      F1EB9972 
  75      C3B9
  76 00f4 12884619 		.ascii	"\022\210F\031i:D\355\307\223\335rp\331\254\371\332!"
  76      693A44ED 
  76      C793DD72 
  76      70D9ACF9 
  76      DA21
  77 0106 0589DB58 		.ascii	"\005\211\333X\341\237\247`\205=\022V\341\025\264\346"
  77      E19FA760 
  77      853D1256 
  77      E115B4E6 
  78 0116 CBE9B0F6 		.ascii	"\313\351\260\366.\241\325\011v\356}\375\246\315>V\362"
  78      2EA1D509 
  78      76EE7DFD 
  78      A6CD3E56 
  78      F2
  79 0127 C6E13FF1 		.ascii	"\306\341?\361\354\367\205\353E\274\311\217\347Ms\250"
  79      ECF785EB 
  79      45BCC98F 
  79      E74D73A8 
  80 0137 1DAC238D 		.ascii	"\035\254#\2155\326'TP\004\333(\324'\330\206\245t,\353"
  80      35D62754 
  80      5004DB28 
  80      D427D886 
  80      A5742CEB 
  81 014b F94A65F2 		.ascii	"\371Je\362\232\3608\250\003U\353v\032\202\271\232r\203"
  81      9AF038A8 
  81      0355EB76 
  81      1A82B99A 
  81      7283
  82 015d 2999C53E 		.ascii	")\231\305>n\357\226%u\257\256\331\374c\343\233g\341"
  82      6EEF9625 
  82      75AFAED9 
  82      FC63E39B 
  82      67E1
  83 016f 52F1B743 		.ascii	"R\361\267C\377\243\271\225hz\304C\2126o$c\226\016\322"
  83      FFA3B995 
  83      687AC443 
  83      8A366F24 
  83      63960ED2 
  84 0183 31E7DBAE 		.ascii	"1\347\333\256\344\311\034N\270\233<K\236l[\227?\340"
  84      E4C91C4E 
  84      B89B3C4B 
  84      9E6C5B97 
  84      3FE0
  85 0195 077D437E 		.ascii	"\007}C~\366QOn8\350\367{\273{r\367\357\366>\350\276"
  85      F6514F6E 
  85      38E8F77B 
  85      BB7B72F7 
ARM GAS  C:\Users\elias\AppData\Local\Temp\ccOmCkrC.s 			page 6


  85      EFF63EE8 
  86 01aa D797CDFA 		.ascii	"\327\227\315\372\301\355~r\007s#~\360\033!\240\315\311"
  86      C1ED7E72 
  86      0773237E 
  86      F01B21A0 
  86      CDC9
  87              		.text
  88              		.section	.gnu.lto_OPAadder_Enable.c8ab5b5a,"",%progbits
  89 0000 789C7D92 		.ascii	"x\234}\222\317K\002A\024\200\337\233\321u\245\242? "
  89      CF4B0241 
  89      1480DF9B 
  89      D175A5A2 
  89      3F20
  90 0012 0F115DBC 		.ascii	"\017\021]\274t\353\017\210\240\216EA\247 D\367\232 "
  90      74EB0F88 
  90      A08E4541 
  90      A72044F7 
  90      9A20
  91 0024 7589A035 		.ascii	"u\211\2405[\224 \260C\021Dy\0112\373\241\226E\321\241"
  91      5B9420B0 
  91      43114479 
  91      0932FBA1 
  91      9645D1A1 
  92 0038 45886E76 		.ascii	"E\210nv\256S\004\032t\010\003\313\014j{\263#\011\206"
  92      AE53041A 
  92      740803CB 
  92      0C6A7BB3 
  92      230986
  93 004b 0DCC9B9D 		.ascii	"\015\314\233\235\335\367\276\367\301[\007 \2105\301"
  93      DDF7BEF7 
  93      C15B0720 
  93      8835C1
  94 005a 007AE9EC 		.ascii	"\000z\351\354\242\215\034\220\305\013\000a\225!\212"
  94      A28D1C90 
  94      C50B0061 
  94      95218A
  95 0069 075D4558 		.ascii	"\007]EX`\270\200o\354\213a>Z\272`\336]\235\326Cq\233"
  95      60B8806F 
  95      EC8B613E 
  95      5ABA60DE 
  95      5D9DD643 
  96 007f EB49130D 		.ascii	"\353I\023\015\016`1\233\004\270\213^\240\264\307\354"
  96      0E60319B 
  96      04B88B5E 
  96      A0B4C7EC 
  97 008f F75A87B2 		.ascii	"\367Z\207\262$\322\272\345GL\242\"\332\245\307L\335"
  97      24D2BAE5 
  97      474CA222 
  97      DAA5C74C 
  97      DD
  98 00a0 B222BA59 		.ascii	"\262\"\272Ys\236\266\267108\265\244\340\024A\021A\025"
  98      739EB6B7 
  98      313038B5 
  98      A4E01441 
  98      114115
  99 00b3 C12D0240 		.ascii	"\301-\002@\231J\205\304+c\342\344%\314\177.\277\337"
  99      994A85C4 
ARM GAS  C:\Users\elias\AppData\Local\Temp\ccOmCkrC.s 			page 7


  99      2B63E2E4 
  99      25CC7F2E 
  99      BFDF
 100 00c5 B8042DC2 		.ascii	"\270\004-\302\205\320\272\221\277uU\230\301\031\212"
 100      85D0BA91 
 100      BF755598 
 100      C1198A
 101 00d4 C657E1D4 		.ascii	"\306W\341\324\213S^\253\231\260\356\240W\305t\345\211"
 101      8B535EAB 
 101      99B0EEA0 
 101      57C574E5 
 101      89
 102 00e5 25702BBC 		.ascii	"%p+\274D\252\034S\350\301=\364\220\321>&\020J\030\371"
 102      44AA1C53 
 102      E8C13DF4 
 102      90D13E26 
 102      104A18F9 
 103 00f9 50248E4B 		.ascii	"P$\216K\342\342\345\335j\247@ >\000\036P*u]G\221\363"
 103      E2E2E5DD 
 103      6AA74020 
 103      3E001E50 
 103      2A755D47 
 104 010f 1FED9068 		.ascii	"\037\355\220h\304\000[\261\2601'\231N*)\254D\323\252"
 104      C4005BB1 
 104      B0312799 
 104      4E2A29AC 
 104      44D3AA
 105 0122 74DA894A 		.ascii	"t\332\211J\247\313\333\263xg\203r\364KI79\325\021\327"
 105      A7CBDBB3 
 105      78678372 
 105      F44B4937 
 105      39D511D7 
 106 0136 56D5AC3B 		.ascii	"V\325\254;1\3144)\265\204em%E*\2256\346%R\245\222{#"
 106      31CC3429 
 106      B584656D 
 106      25452A95 
 106      36E62552 
 107 014e 96625229 		.ascii	"\226bR)WW\252\235\307,w\203r\374K9iRr\023\342\217C\313"
 107      5757AA9D 
 107      C72C7783 
 107      72FC4B39 
 107      69527213 
 108 0166 EA9CEDE0 		.ascii	"\352\234\355\340\206g\\47\207D\266\375\243\224i\\4P"
 108      86675C34 
 108      378744B6 
 108      FDA39469 
 108      5C3450
 109 0179 1A6FCFB0 		.ascii	"\032o\317\2606\255\205|3Z`j<8\033\362k\223\243\343\301"
 109      36AD857C 
 109      335A606A 
 109      3C381BF2 
 109      6B93A3E3 
 110 018e C1FEC991 		.ascii	"\301\376\311\221\321\001_ \240\205\372\374\360\003\314"
 110      D1015F20 
 110      A085FAFC 
 110      F003CC
 111 019d D7CDFE   		.ascii	"\327\315\376"
ARM GAS  C:\Users\elias\AppData\Local\Temp\ccOmCkrC.s 			page 8


 112              		.text
 113              		.section	.gnu.lto_OPAadder_Start.c8ab5b5a,"",%progbits
 114 0000 789C9594 		.ascii	"x\234\225\224\335KSq\030\307\177\317y\331\331\253\363"
 114      DD4B5371 
 114      18C77FCF 
 114      79D9D9AB 
 114      F3
 115 0011 A22E0291 		.ascii	"\242.\002\221\010\2044H\241\372\003\242\013/\223\244"
 115      08843448 
 115      A1FA03A2 
 115      0B2F93A4 
 116 0021 3B214477 		.ascii	";!Dw\2331\212 \002\177\233\316i\224\351EbV\330\2131"
 116      9B318A20 
 116      027F9BCE 
 116      6994E945 
 116      6256D88B 
 117 0036 536B5BBE 		.ascii	"Sk[\276\344\322t.\323\012Q\002\273\320.4\251\011\"e"
 117      E4D2742E 
 117      D30A5102 
 117      BBD02E34 
 117      A9092265 
 118 004a B1324B5B 		.ascii	"\2612K[\317s~s.\205Q\007\366\234\235\337\313\367\371"
 118      CF737E73 
 118      2E855107 
 118      F69C9DDF 
 118      CBF7F9
 119 005d 3CDFE777 		.ascii	"<\337\347w\216\302\200\321uRe,\017\357\207\361\007*"
 119      8EC280D1 
 119      7552652C 
 119      0FEF87F1 
 119      072A
 120 006f 03A96192 		.ascii	"\003\251a\2221\227Q\222\344\351|\306\315\312`6\343V"
 120      31975192 
 120      E4E97CC6 
 120      CDCA6036 
 120      E356
 121 0081 191431AC 		.ascii	"\031\0241\254\000\320\037n\004V)\311\012T\3027iC\202"
 121      00D01F6E 
 121      045629C9 
 121      0A54C237 
 121      694382
 122 0094 88371A92 		.ascii	"\2107\032\222r}\034\257y\317\347\002\336\036\006\217"
 122      727D1CAF 
 122      79CFE702 
 122      DE1E068F 
 123 00a4 CC585CD2 		.ascii	"\314X\\\322S0\360A.\303e\013\301\337\327l\206jZ\266"
 123      5330F041 
 123      2EC3650B 
 123      C1DFD76C 
 123      866A5AB6 
 124 00b8 574C423B 		.ascii	"WLB;\030\210\303\177\"\314\343\361*\036\376e\030i\321"
 124      1888C37F 
 124      22CCE3F1 
 124      2A1EFE65 
 124      1869D1
 125 00cb 76C9CC23 		.ascii	"v\311\314##\014\006\215\202\221\202\211\202\231\202"
 125      230C068D 
ARM GAS  C:\Users\elias\AppData\Local\Temp\ccOmCkrC.s 			page 9


 125      82918289 
 125      829982
 126 00da 85829582 		.ascii	"\205\202\225\202\215B\006\005;\005\306VP\224\000\277"
 126      8D420605 
 126      3B05C656 
 126      509400BF 
 127 00ea 4812DDE5 		.ascii	"H\022\335\345(\270\233\202s\215\032\345\251\222edh\362"
 127      28B89B82 
 127      738D1AE5 
 127      A9926564 
 127      68F2
 128 00fc 44A6B498 		.ascii	"D\246\264\230\344\221% \244Ph\371\235V\271\301k9\317"
 128      E4912520 
 128      A45068F9 
 128      9D56B9C1 
 128      6B39CF
 129 010f C4B13AA4 		.ascii	"\304\261:\244\246\341\245\211\267\243\346V\270\345\342"
 129      A6E1A589 
 129      B7A3E656 
 129      B8E5E2
 130 011e FAB80C1D 		.ascii	"\372\270\014\035X\352\003\310B\342Nh\005\366\036\252"
 130      58EA03C8 
 130      42E24E68 
 130      05F61EAA 
 131 012e 67ABB2B7 		.ascii	"g\253\262\267T\375\313\2415\033\251\0020\350\242u\214"
 131      54FDCBA1 
 131      351BA902 
 131      30E8A275 
 131      8C
 132 013f 2064369D 		.ascii	" d6\235O\014\261\300\207;:\303\177d|\230\314\370\010"
 132      4F0CB1C0 
 132      873B3AC3 
 132      7F647C98 
 132      CCF808
 133 0152 33E28A5E 		.ascii	"3\342\212^\357D\320L90\011\370qf\001\334\231\264\265"
 133      EF44D04C 
 133      393009F8 
 133      716601DC 
 133      99B4B5
 134 0165 ADE5AA4F 		.ascii	"\255\345\252O\221s\364z\032\277\316]\226r\356q\356\346"
 134      9173F47A 
 134      1ABFCE5D 
 134      9672EE71 
 134      EEE6
 135 0177 E1D6190B 		.ascii	"\341\326\031\013\017p#m\010\200\214~\303\241,(\020l"
 135      0F70236D 
 135      08808C7E 
 135      C3A12C28 
 135      106C
 136 0189 10841C5C 		.ascii	"\020\204\034\\^w\363z\247&4ex\214\232Q\210\374\2744"
 136      5E77F37A 
 136      A7263465 
 136      788C9A51 
 136      88FCBC34 
 137 019d D6E9FCBB 		.ascii	"\326\351\374\273[\334W\277G\357U\\\270\226:\265\230"
 137      5BDC57BF 
 137      47EF555C 
ARM GAS  C:\Users\elias\AppData\Local\Temp\ccOmCkrC.s 			page 10


 137      B8963AB5 
 137      98
 138 01ae 475A0CBA 		.ascii	"GZ\014\272iV\332\321f\350\001\003\246\353%\247\264T"
 138      6956DAD1 
 138      66E80103 
 138      A6EB25A7 
 138      B454
 139 01c0 FF155DE9 		.ascii	"\377\025]\351\356\233\365\375\342i6\340\342\012\216"
 139      EE9BF5FD 
 139      E26936E0 
 139      E20A8E
 140 01cf C46FAFDD 		.ascii	"\304o\257\335\267\222\021\325.2B\205'\220\005}\272\021"
 140      B79211D5 
 140      2E324285 
 140      2790057D 
 140      BA11
 141 01e1 FD647D14 		.ascii	"\375d}\024\252\326k\220PH\032\205j\254+\3405\221\216"
 141      AAD66B90 
 141      50481A85 
 141      6AAC2BE0 
 141      35918E
 142 01f4 0AEB0021 		.ascii	"\012\353\000!QH\023\320\232\364\222OQ\022UD\335\257"
 142      514813D0 
 142      9AF4924F 
 142      51125544 
 142      DDAF
 143 0206 0F085153 		.ascii	"\017\010QS\372=\003\011\214\037\006\261\334\214;6\315"
 143      FA3D0309 
 143      8C1F06B1 
 143      DC8C3B36 
 143      CD
 144 0217 FB979C83 		.ascii	"\373\227\234\203zN3\365/\334\275[o\2058.J\342\314\""
 144      7A4E33F5 
 144      2FDCBD5B 
 144      6F85382E 
 144      4AE2CC22 
 145 022b CAF7716D 		.ascii	"\312\367qm\233\317\335\365j\242\005\362N\223\237\351"
 145      9BCFDDF5 
 145      6AA205F2 
 145      4E939FE9 
 146 023b 260F118D 		.ascii	"&\017\021\215\212\223\303\256\216O\252\260u5a\353G\177"
 146      8A93C3AE 
 146      8E4FAAB0 
 146      753561EB 
 146      477F
 147 024d 6C514AE5 		.ascii	"lQJ\345\031N\362\2047\353\251\301\254B\304\"t\334\003"
 147      194EF284 
 147      37EBA9C1 
 147      AC42C422 
 147      74DC03
 148 0260 338D7671 		.ascii	"3\215vq\254\347\031\214$K\034\322KL#\031\321K\264\010"
 148      ACE7198C 
 148      244B1CD2 
 148      4B4C2319 
 148      D14BB408 
 149 0274 5B279B2F 		.ascii	"['\233/\010U+n\232\274\342\365\033\005Z\233W\240\015"
 149      08552B6E 
ARM GAS  C:\Users\elias\AppData\Local\Temp\ccOmCkrC.s 			page 11


 149      9ABCE2F5 
 149      1B055A9B 
 149      57A00D
 150 0287 4CF535D8 		.ascii	"L\3655\330Su\236'uF\267\254\326\025lB\344E|5\234\340"
 150      53759E27 
 150      7546B7AC 
 150      D6156C42 
 150      E4457C35 
 151 029d C2876D58 		.ascii	"\302\207mXi\344\306t,\233\300\2126_\024\242\031\270"
 151      69E4C674 
 151      2C9BC08A 
 151      365F14A2 
 151      19B8
 152 02af 69D653DB 		.ascii	"i\326S\333!\011\254\236\004\326Z\177m\334\224\2523\236"
 152      2109AC9E 
 152      04D65A7F 
 152      6DDC94AA 
 152      339E
 153 02c1 D479B90D 		.ascii	"\324y\271\015\313\216\";8\322\354\177\245s\330\331\022"
 153      CB8E223B 
 153      38D2EC7F 
 153      A573D8D9 
 153      12
 154 02d2 9E801B85 		.ascii	"\236\200\033\205\324U\375\245\\\301\267\013O\000~\303"
 154      D455FDA5 
 154      5CC1B70B 
 154      4F007EC3 
 155 02e2 F6153A4E 		.ascii	"\366\025:N;\234\245g\035\345\247\212+\3169\313\034%"
 155      3B9CA567 
 155      1DE5A78A 
 155      2BCE39CB 
 155      1C25
 156 02f4 45C515C7 		.ascii	"E\305\025\307\216\224\034/:ZZ^\356p\036,c\352\231\212"
 156      8E941C2F 
 156      3A5A5A5E 
 156      EE701E2C 
 156      63EA998A 
 157 0308 F30EE71F 		.ascii	"\363\016\347\037\257h\327\375"
 157      AF68D7FD 
 158              		.text
 159              		.section	.gnu.lto_OPAadder_Stop.c8ab5b5a,"",%progbits
 160 0000 789C7D91 		.ascii	"x\234}\221\315K\033a\020\306\347y\337\315f\353\007\315"
 160      CD4B1B61 
 160      10C6E779 
 160      DFCD66EB 
 160      07CD
 161 0012 1F20524A 		.ascii	"\037 RJ/^\252 \375\003\212\207B\017V\364*\224`\366Z"
 161      2F5EAA20 
 161      FD038A87 
 161      420F56F4 
 161      2A9460F6 
 162 0027 21D44B11 		.ascii	"!\324K\021\362\306\3156\241P\360\322x*{\021\374j\233"
 162      F2C6CD36 
 162      A150F0D2 
 162      782A7B11 
 162      FC6A9B
 163 003a A62DA5A1 		.ascii	"\246-\245\241=\244\201^#\210'{\250z\010\"\012\012\366"
ARM GAS  C:\Users\elias\AppData\Local\Temp\ccOmCkrC.s 			page 12


 163      3DA4815E 
 163      2388277B 
 163      A87A0822 
 163      0A0AF6
 164 004d E0475C67 		.ascii	"\340G\\gvK\205\026\035\330\031v\366\231g~\354X\004\222"
 164      764B8516 
 164      1DD81976 
 164      F699677E 
 164      EC580492 
 165 0061 18564477 		.ascii	"\030VDw\270\016\362\203\004A\3156\211\362\216Rz\275"
 165      B80EF283 
 165      0441CD36 
 165      89F28E52 
 165      7ABD
 166 0073 9F4C87F5 		.ascii	"\237L\207\365\255\227L\227\206%mX\200T\343\200rJ[\310"
 166      AD974C97 
 166      86256D58 
 166      8054E380 
 166      724A5BC8 
 167 0087 E1B76A2B 		.ascii	"\341\267j+4\212\255\232\352[0\034\233?N\007\314b\035"
 167      348AAD9A 
 167      EA5B301C 
 167      9B3F4E07 
 167      CC621D
 168 009a BE260A55 		.ascii	"\276&\012U\264\201\260\200>b\331v\365\374U\267]\020"
 168      B481B080 
 168      3E62D976 
 168      F5FC55B7 
 168      5D10
 169 00ac D9ADF823 		.ascii	"\331\255\370#\026a\013Fe\264n\302\3203\365_\311\357"
 169      16610B46 
 169      65B46EC2 
 169      D033F55F 
 169      C9EF
 170 00be E58E4E45 		.ascii	"\345\216NE\276\206\226\224\220dKr$\021\035\360\230 "
 170      BE869694 
 170      90644B72 
 170      24111DF0 
 170      9820
 171 00d0 1C2A2555 		.ascii	"\034*%U\267\3208y\321\014\236\211\223\247\005\246\354"
 171      B7D03879 
 171      D10C9E89 
 171      93A705A6 
 171      EC
 172 00e1 37569347 		.ascii	"7V\223G\312\327\012\262\264\371\262Xq\342\327\371b\336"
 172      CAD70AB2 
 172      B4F9B258 
 172      71E2D7F9 
 172      62DE
 173 00f3 58DCFABA 		.ascii	"X\334\372\272\372y\366f\200\327\371\002cj,\243\007K"
 173      FA79F666 
 173      80D7F902 
 173      636A2CA3 
 173      074B
 174 0105 E8619A15 		.ascii	"\350a\232\025\004\240\026\2743;\266\323\261c~\377\371"
 174      04A016BC 
 174      333BB6D3 
ARM GAS  C:\Users\elias\AppData\Local\Temp\ccOmCkrC.s 			page 13


 174      B1637EFF 
 174      F9
 175 0116 5A64A1D1 		.ascii	"Zd\241\321\006\336\260\224\267\226!\232\353\334\336"
 175      06DEB094 
 175      B796219A 
 175      EBDCDE
 176 0125 B21B7B50 		.ascii	"\262\033{P\204\330\012\246c\317\004\217l\370\245e\025"
 176      84D80AA6 
 176      63CF048F 
 176      6CF8A565 
 176      15
 177 0136 337DFAC3 		.ascii	"3}\372\303t\374\245\024\336\270ty\367\327\245\362\017"
 177      74FCA514 
 177      DEB87479 
 177      F7D7A5F2 
 177      0F
 178 0147 9358FCC7 		.ascii	"\223X\374\307p\345\364\373\210\301\216\031\316\203\201"
 178      70E5F4FB 
 178      88C18E19 
 178      CE8381
 179 0156 D8C3B90E 		.ascii	"\330\303\271\016\273*\013\267P\330\360z/\325\225\275"
 179      BB2A0BB7 
 179      50D8F07A 
 179      2FD595BD 
 180 0166 DA71B710 		.ascii	"\332q\267\020\003\204\017\242#\271\201\246\365~\275"
 180      03840FA2 
 180      23B981A6 
 180      F57EBD
 181 0175 032F254A 		.ascii	"\003/%J\371\333\265\332\336\317d\256mJ\306\244|m\205"
 181      F9DBB5DA 
 181      DECF64AE 
 181      6D4AC6A4 
 181      7C6D85
 182 0188 7C03C247 		.ascii	"|\003\302G\344\370x\211h\302\212\256\266\213\231\372"
 182      E4F87889 
 182      68C28AAE 
 182      B68B99FA 
 183 0198 DCC36848 		.ascii	"\334\303hH\342\200e\334\346\323\336~\340>q\263\351\247"
 183      E28065DC 
 183      E6D3DE7E 
 183      E03E71B3 
 183      E9A7
 184 01aa 6EE6F1D8 		.ascii	"n\346\361\330\344Tv\302\035\037\031\233\034\2727\376"
 184      E45476C2 
 184      1D1F199B 
 184      1CBA37FE 
 185 01ba 68E47E3A 		.ascii	"h\344~:\223q\263w'\350\002\252\016\316<"
 185      9371B377 
 185      27E802AA 
 185      0ECE3C
 186              		.text
 187              		.section	.gnu.lto_OPAadder_SetPower.c8ab5b5a,"",%progbits
 188 0000 789C8D91 		.ascii	"x\234\215\221=KcA\024\206\317;s\223\\\303\372\013\214"
 188      3D4B6341 
 188      1486CF3B 
 188      73935CC3 
 188      FA0B8C
ARM GAS  C:\Users\elias\AppData\Local\Temp\ccOmCkrC.s 			page 14


 189 0013 2082F8B1 		.ascii	" \202\370\261\260(\342\017\020\013\301F\3216 bnk\344"
 189      B028E20F 
 189      100BC146 
 189      D1362062 
 189      6E6BE4
 190 0026 E262E9C4 		.ascii	"\342b\351\304k\020m\2641\240(\212\030\242\306\217\304"
 190      6B106DB4 
 190      31A0288A 
 190      18A2C68F 
 190      C4
 191 0037 CE2EA6B0 		.ascii	"\316.\246\260\260Pl\005A,RX\271\240\260\272q\3439\367"
 191      B0506C05 
 191      412C5258 
 191      B9A0B0BA 
 191      71E339F7 
 192 004b 5A598803 		.ascii	"ZY\210\003s\346\314\360\236\347\2743c\021HF\235\"\352"
 192      73E6CCF0 
 192      9EE7BC33 
 192      63114846 
 192      9D22EA
 193 005e E0B58127 		.ascii	"\340\265\201'4A-_\022\245l\005Hbl\320\214\302\014\236"
 193      34412D5F 
 193      12A56C05 
 193      48626CD0 
 193      8CC20C9E 
 194 0072 D59B4279 		.ascii	"\325\233By\276r\252\332s\206\307]6\337evKHk\242\232"
 194      BE72AADA 
 194      7386C75D 
 194      36DF6576 
 194      4B486BA2 
 195 0087 F249841C 		.ascii	"\362I\204\034\332Y\265\263\266\224\263t\013\210\363"
 195      DA59B5B3 
 195      B694B374 
 195      0B88F3
 196 0096 E7E24E63 		.ascii	"\347\342Nck\326\230Yc\336\342F\2475\260\013\315\005"
 196      6BD69859 
 196      63DEE246 
 196      A735B00B 
 196      CD05
 197 00a8 E88EA133 		.ascii	"\350\216\2413F|@\330C\253h\357\213\377W\352\303sBo\012"
 197      467C40D8 
 197      43AB68EF 
 197      8BFF57EA 
 197      C373426F 
 198 00bd 98D84758 		.ascii	"\230\330GX\\\036\017\227L\255\346\231\322m\364\3545"
 198      5C1E0F97 
 198      4CADE699 
 198      D26DF4EC 
 198      35
 199 00ce 1A555CA6 		.ascii	"\032U\\\246\264\204\220\2040\204\020\221\324\226@\364"
 199      B4849084 
 199      30841091 
 199      D49640F4 
 200 00de C853DCFF 		.ascii	"\310S\334\377QJV]A\371u\361<\357\012\317\323r\223L\272"
 200      514A565D 
 200      41F975F1 
 200      3CEF0ACF 
ARM GAS  C:\Users\elias\AppData\Local\Temp\ccOmCkrC.s 			page 15


 200      D372934C 
 201 00f3 7C157952 		.ascii	"|\025yRi\255}\233\333\327\325\266`wSH\031\213Oj[/\331"
 201      69AD7D9B 
 201      DBD7D5B6 
 201      60775348 
 201      198B4F6A 
 202 010a 1F9BD848 		.ascii	"\037\233\330H\315\361\025-\034 \206<bl\351\020\233\240"
 202      CDF1152D 
 202      1C20863C 
 202      626CE910 
 202      9BA0
 203 011c 0ABC6A38 		.ascii	"\012\274j8\240\351\000\370tP\230\257\023\204\205*p\304"
 203      A0E900F8 
 203      745098AF 
 203      1384852A 
 203      70C4
 204 012e 526E9A81 		.ascii	"Rn\232\201h\276\242\0353\215\031\344;\274\370\031 C"
 204      68BEA21D 
 204      338D19E4 
 204      3BBCF819 
 204      2043
 205 0140 5F55143E 		.ascii	"_U\024>\365\217xZ:,\254\257\346#A\177\215\242\337\336"
 205      F58F785A 
 205      3A2CACAF 
 205      E623417F 
 205      8DA2DFDE 
 206 0154 FBFB21B1 		.ascii	"\373\373!\261\031\311\302\3579:\361\035\331\364\200"
 206      19C9C2EF 
 206      393AF11D 
 206      D9F480
 207 0163 D9D2BF01 		.ascii	"\331\322\277\001Q\373\177\373\250 O\311\017\333\334"
 207      51FB7FFB 
 207      A8204FC9 
 207      0FDBDC
 208 0172 EF4C38EE 		.ascii	"\357L8\356\330\224\223\030\035I\376v\307\235\370\320"
 208      D8949318 
 208      1D49FE76 
 208      C79DF8D0 
 209 0182 48B2AF27 		.ascii	"H\262\257'>8\324;\226H8\356\257q\012M&\247\035\367\035"
 209      3E38D43B 
 209      964838EE 
 209      AF710A4D 
 209      26A71DF7 
 210 0197 3503B3E2 		.ascii	"5\003\263\342"
 211              		.text
 212              		.section	.gnu.lto_.symbol_nodes.c8ab5b5a,"",%progbits
 213 0000 789C6361 		.ascii	"x\234ca`d\250b\000\002&\266z\006\206\011\347\030\030"
 213      6064A862 
 213      000226B6 
 213      7A068609 
 213      E71818
 214 0013 EA191877 		.ascii	"\352\031\030w\266,lP\000\0121\3263B\205\030v5(\002\005"
 214      B62C6C50 
 214      000A31D6 
 214      33428518 
 214      76352802 
 215 0028 98EA9950 		.ascii	"\230\352\231P\005\230\353\231Q\004X\031\030\032\205"
ARM GAS  C:\Users\elias\AppData\Local\Temp\ccOmCkrC.s 			page 16


 215      0598EB99 
 215      51045819 
 215      181A85
 216 0037 40A6B1D4 		.ascii	"@\246\261\324\263\240\252d\255gE\021`\006*]\324\366"
 216      B3A0AA64 
 216      AD674511 
 216      60062A5D 
 216      D4F6
 217 0049 54920100 		.ascii	"T\222\001\000\252'\032\344"
 217      AA271AE4 
 218              		.text
 219              		.section	.gnu.lto_.refs.c8ab5b5a,"",%progbits
 220 0000 789C6361 		.ascii	"x\234ca`d\340d```bf`addaf\000\000\0016\000!"
 220      6064E064 
 220      60606062 
 220      66606164 
 220      64616600 
 221              		.text
 222              		.section	.gnu.lto_.decls.c8ab5b5a,"",%progbits
 223 0000 789C8D94 		.ascii	"x\234\215\224_HTi\024\300\277s\357\235\321\256\243V"
 223      5F485469 
 223      14C0BF73 
 223      EF9DD1AE 
 223      A356
 224 0012 54F8300F 		.ascii	"T\3700\017\223\020\3704\031\021\324[!\025=T\206\344"
 224      9310F834 
 224      1911D45B 
 224      21153D54 
 224      86E4
 225 0024 5310935E 		.ascii	"S\020\223^J\010\225ib\351e\371Lw\333\214J\003--\362"
 225      4A089569 
 225      62E965F9 
 225      4C77DB8C 
 225      4A032D2D 
 226 0039 4F5056DA 		.ascii	"OPV\332L\3438fMi\226:\263\340n\321\022\204F\356\272"
 226      4CE33866 
 226      4D69963A 
 226      B3E06ED1 
 226      128446EE 
 227 004e 6DB815EC 		.ascii	"m\270\025\354\222Df6\235\357\273\337\365\336\221\231"
 227      92446636 
 227      9DEFBBDF 
 227      F5DE9199 
 228 005e EA30E7DE 		.ascii	"\3520\347\336\357\314=\347w\376\335\031\205\000a\262"
 228      EFCC3DE7 
 228      77FEDD19 
 228      850061B2 
 229 006e DD46C828 		.ascii	"\335F\310(\336;\320\214\243\244\341\271\230\230bG\355"
 229      DE3BD08C 
 229      A3A4E1B9 
 229      98986247 
 229      ED
 230 007f 420DA006 		.ascii	"B\015\240\006QC\250a\324~TF\030$\211\302|\025\301p\242"
 230      5143A861 
 230      D47E5446 
 230      182489C2 
 230      7C15C170 
ARM GAS  C:\Users\elias\AppData\Local\Temp\ccOmCkrC.s 			page 17


 231 0094 8EA00E89 		.ascii	"\216\240\016\211g \236/\024\306\266Yb\"\013\342$\341"
 231      67209E2F 
 231      14C6B659 
 231      62220BE2 
 231      24E1
 232 00a6 D39F2436 		.ascii	"\323\237$6\370\215|\301$1!\321\227\021\023M\222S\021"
 232      F88D7CC1 
 232      243121D1 
 232      9711134D 
 232      925311
 233 00b9 7E46DE60 		.ascii	"~F\336`\212~\303\013X\006#\206\332i\251?\234\242\367"
 233      8A7EC30B 
 233      58062386 
 233      DA69A93F 
 233      9CA2F7
 234 00cc 7E4BEF91 		.ascii	"~K\357\221\024=$\353{N\202xK\350t\372\030<\003\231\210"
 234      143D24EB 
 234      7B4E8278 
 234      4BE874FA 
 234      183C0399 
 235 00e1 651200FD 		.ascii	"e\022\000\375\012\\\211\256\334\304\203D\364\203\361"
 235      0A5C89AE 
 235      DCC48344 
 235      F483F1
 236 00f0 D5BC10E1 		.ascii	"\325\274\020\341\"\031G\023\306?\"\036\342\206p\210"
 236      22194713 
 236      C63F221E 
 236      E2867088 
 237 0100 490711A4 		.ascii	"I\007\021\244\333F\335\"\010$3\001\350\246\021a\341"
 237      DB46DD22 
 237      08243301 
 237      E8A61161 
 237      E1
 238 0111 2DA8C8A8 		.ascii	"-\250\310\250\331H\303G\310\233\376\271j.n\223%`\347"
 238      D948C347 
 238      C89BFEB9 
 238      6A2E6E93 
 238      2560E7
 239 0124 17331D5B 		.ascii	"\0273\035[\334\235\024\245\216Ri\2659\231\3075\201\013"
 239      DC9D14A5 
 239      8E5269B5 
 239      3999C735 
 239      810B
 240 0136 F2B4044B 		.ascii	"\362\264\004KUP\320\374\177\264y2\013\315e*\270\320"
 240      5550D0FC 
 240      7FB47932 
 240      0BCD652A 
 240      B8D0
 241 0148 9C8B9D6F 		.ascii	"\234\213\235o\226r\032y\\5u)P\274\002\256\203\023\256"
 241      96721A79 
 241      5C357529 
 241      50BC02AE 
 241      8313AE
 242 015b 010E1F3A 		.ascii	"\001\016\037:!\007\257\373\024\235\324\023\351\253q"
 242      2107AFFB 
 242      149DD413 
 242      E9AB71
ARM GAS  C:\Users\elias\AppData\Local\Temp\ccOmCkrC.s 			page 18


 243 016a E4B6D281 		.ascii	"\344\266\322\201\000\235\250\357\313n\254\256\211bX"
 243      009DA8EF 
 243      CB6EACAE 
 243      896258
 244 0179 3EF3820E 		.ascii	">\363\202\016\220\341*\270Y\221\035l\007\004\256\300"
 244      90E12AB8 
 244      59911D6C 
 244      0704AEC0 
 245 0189 18D6DB05 		.ascii	"\030\326\333\005\271\030\031\372\370\364x\246\\\300"
 245      B91819FA 
 245      F8F478A6 
 245      5CC0
 246 0197 0BFD7A46 		.ascii	"\013\375zF\177B\306h\363L\367\"\3148\021\240\003\027"
 246      7F42C668 
 246      F34CF722 
 246      CC3811A0 
 246      0317
 247 01a9 357A9CD2 		.ascii	"5z\234\322\243\012s\201\033f\272\033\326t\001\236\256"
 247      A30A7381 
 247      1B66BA1B 
 247      D674019E 
 247      AE
 248 01ba 6BB67736 		.ascii	"k\266w6C\336\305\323\375{\252\366\255] \336[\0217M\304"
 248      43DEC5D3 
 248      FD7BAAF6 
 248      AD5D20DE 
 248      5B11374D 
 249 01cf 4D2B22C8 		.ascii	"M+\"\310\021O.\377u>[\366p\304\205\251s'\263\021\321"
 249      114F2EFF 
 249      753E5BF6 
 249      70C485A9 
 249      7327B311 
 250 01e4 8A880FC3 		.ascii	"\212\210\017\303\016ZWE\351F\316\3506\031\335VF\210"
 250      0E5A5745 
 250      E946CEE8 
 250      3619DD56 
 250      4688
 251 01f6 3366697B 		.ascii	"3fi{L\221+9\243-\374O\223C0\306G8\243Ug\364\230\214"
 251      4C912B39 
 251      A32DFC4F 
 251      934330C6 
 251      4738A355 
 252 020e 1E2B23CC 		.ascii	"\036+#\314\031\303\277\267\235P\345\0379\303\377\323"
 252      19C3BFB7 
 252      9D50E51F 
 252      39C3FFD3 
 253 021e DF57D371 		.ascii	"\337W\323quN\025\342\300\3547}3\231\272\315\0367\325"
 253      754E15E2 
 253      C0EC377D 
 253      3399BACD 
 253      1E37D5
 254 0231 4F7ECE90 		.ascii	"O~\316\220\353\200\031\322\223\311\353S\012\344\251"
 254      EB8019D2 
 254      93C9EB53 
 254      0AE4A9
 255 0240 97D99C27 		.ascii	"\227\331\234'\236\377z\360\3541|- \002*\3346\023:U\274"
 255      9EFF7AF0 
ARM GAS  C:\Users\elias\AppData\Local\Temp\ccOmCkrC.s 			page 19


 255      EC317C2D 
 255      20022ADC 
 255      36133A55 
 256 0255 FE8223A1 		.ascii	"\376\202#\241\377\265S{\016\201\265N\310w\022\270\003"
 256      FFB5537B 
 256      0E81B54E 
 256      C87712B8 
 256      03
 257 0266 798CCABC 		.ascii	"y\214\312\274\240\017ws\013w\203\031^\236mymW\360\365"
 257      A00F7773 
 257      0B778319 
 257      5E9E6D79 
 257      6D57F0F5 
 258 027a E31C5C12 		.ascii	"\343\034\\\022~\327y{\374\215=\345:\357\361u\336\005"
 258      7ED7797B 
 258      FC8D3DE5 
 258      3AEFF175 
 258      DE05
 259 028c B14FFF87 		.ascii	"\261O\377\207\350\237Y\3722&\352{\2267VS|\203\352\\"
 259      E89F59FA 
 259      3226EA7B 
 259      96375653 
 259      7C83EA5C 
 260 02a0 CC0D7ACD 		.ascii	"\314\015z\315\262z\255s\350\347s\370m,\272aZ\257\237"
 260      B27AAD73 
 260      E8E773F8 
 260      6D2CBA61 
 260      5AAF9F
 261 02b3 816A1BEA 		.ascii	"\201j\033\352?*\362-\336+\014\265\274\013\331V]\242"
 261      3F2AF22D 
 261      DE2B0CB5 
 261      BC0BD956 
 261      5DA2
 262 02c5 ADED74E0 		.ascii	"\255\355t\340\331x\006\276\221\314\355\276\316\023-"
 262      D97806BE 
 262      91CCEDBE 
 262      CE132D
 263 02d4 116E0F60 		.ascii	"\021n\017`Q0\010\2530h\272\346\335S\273\212\275W\177"
 263      513008AB 
 263      3068BAE6 
 263      DD53BB8A 
 263      BD577F
 264 02e7 5FEFA353 		.ascii	"_\357\243Sm\36149\246O\267\273\241\251!\015\324\274"
 264      6DF13439 
 264      A64FB7BB 
 264      A1A9210D 
 264      D4BC
 265 02f9 24E1C349 		.ascii	"$\341\303I\302\215%\354n>SE]0\204\325=4\273}\000\252"
 265      C28D25EC 
 265      6E3E5345 
 265      5D3084D5 
 265      3D34BB7D 
 266 030f 3E9DD0A3 		.ascii	">\235\320\243\267~\233\243\226\255\003G\2714\232\305"
 266      B77E9BA3 
 266      96AD0347 
 266      B9349AC5 
 267 031f 3DCD618E 		.ascii	"=\315a\216\200\203\377\013\340\035\275O\374\361iS\202"
ARM GAS  C:\Users\elias\AppData\Local\Temp\ccOmCkrC.s 			page 20


 267      8083FF0B 
 267      E01DBD4F 
 267      FCF16953 
 267      82
 268 0330 7324C139 		.ascii	"s$\3019*\234\243\334y\366\245\377\225#\301\233\375h"
 268      2A9CA3DC 
 268      79F6A5FF 
 268      9523C19B 
 268      FD68
 269 0342 4DEF98F0 		.ascii	"M\357\230\360f\367e;\0137yJK5\357\336\"_E\245\273\322"
 269      66F7653B 
 269      0B37794A 
 269      4B35EFDE 
 269      225F45A5 
 270 0358 E3F5B9F3 		.ascii	"\343\365\271\363\323\267\356\330\355*X\263\206\344n"
 270      D3B7EED8 
 270      ED2A58B3 
 270      86E46E
 271 0367 D5CA35AF 		.ascii	"\325\3125\257\307\247\225\356-\2528\354-\321\366\024"
 271      C7A795EE 
 271      2DAA38EC 
 271      2DD1F614 
 272 0377 165514AC 		.ascii	"\026U\024\254\333c\004\271KH\346<`[y\231/{\336\332\\"
 272      DB6304B9 
 272      4B48E63C 
 272      605B7999 
 272      2F7BDEDA 
 273 038c EED97750 		.ascii	"\356\331wP\313\262\340\021\235\231\220m\211ii\276\302"
 273      CBB2E011 
 273      9D99906D 
 273      896969BE 
 273      C2
 274 039d 8A1F34AF 		.ascii	"\212\0374\257\355pY\271o\375\312\024YK\216\370\216T"
 274      ED7059B9 
 274      6FFDCA14 
 274      594B8EF8 
 274      8E54
 275 03af 6A87DC07 		.ascii	"j\207\334\007\310\342\371\3102LZ\354\361*^m\377\372"
 275      C8E2F9C8 
 275      324C5AEC 
 275      F12A5E6D 
 275      FFFA
 276 03c1 2FFD1DDB 		.ascii	"/\375\035\333\177"
 276      7F
 277              		.text
 278              		.section	.gnu.lto_.symtab.c8ab5b5a,"",%progbits
 279 0000 4F504161 		.ascii	"OPAadder_Init\000"
 279      64646572 
 279      5F496E69 
 279      7400
 280 000e 00       		.ascii	"\000"
 281 000f 00       		.ascii	"\000"
 282 0010 00       		.ascii	"\000"
 283 0011 00000000 		.ascii	"\000\000\000\000\000\000\000\000"
 283      00000000 
 284 0019 B0000000 		.ascii	"\260\000\000\000"
 285 001d 4F504161 		.ascii	"OPAadder_Enable\000"
ARM GAS  C:\Users\elias\AppData\Local\Temp\ccOmCkrC.s 			page 21


 285      64646572 
 285      5F456E61 
 285      626C6500 
 286 002d 00       		.ascii	"\000"
 287 002e 00       		.ascii	"\000"
 288 002f 00       		.ascii	"\000"
 289 0030 00000000 		.ascii	"\000\000\000\000\000\000\000\000"
 289      00000000 
 290 0038 B2000000 		.ascii	"\262\000\000\000"
 291 003c 4F504161 		.ascii	"OPAadder_Start\000"
 291      64646572 
 291      5F537461 
 291      727400
 292 004b 00       		.ascii	"\000"
 293 004c 00       		.ascii	"\000"
 294 004d 00       		.ascii	"\000"
 295 004e 00000000 		.ascii	"\000\000\000\000\000\000\000\000"
 295      00000000 
 296 0056 B4000000 		.ascii	"\264\000\000\000"
 297 005a 4F504161 		.ascii	"OPAadder_initVar\000"
 297      64646572 
 297      5F696E69 
 297      74566172 
 297      00
 298 006b 00       		.ascii	"\000"
 299 006c 00       		.ascii	"\000"
 300 006d 00       		.ascii	"\000"
 301 006e 00000000 		.ascii	"\000\000\000\000\000\000\000\000"
 301      00000000 
 302 0076 C2000000 		.ascii	"\302\000\000\000"
 303 007a 4F504161 		.ascii	"OPAadder_Stop\000"
 303      64646572 
 303      5F53746F 
 303      7000
 304 0088 00       		.ascii	"\000"
 305 0089 00       		.ascii	"\000"
 306 008a 00       		.ascii	"\000"
 307 008b 00000000 		.ascii	"\000\000\000\000\000\000\000\000"
 307      00000000 
 308 0093 B6000000 		.ascii	"\266\000\000\000"
 309 0097 4F504161 		.ascii	"OPAadder_SetPower\000"
 309      64646572 
 309      5F536574 
 309      506F7765 
 309      7200
 310 00a9 00       		.ascii	"\000"
 311 00aa 00       		.ascii	"\000"
 312 00ab 00       		.ascii	"\000"
 313 00ac 00000000 		.ascii	"\000\000\000\000\000\000\000\000"
 313      00000000 
 314 00b4 BF000000 		.ascii	"\277\000\000\000"
 315              		.text
 316              		.section	.gnu.lto_.opts,"",%progbits
 317 0000 272D666D 		.ascii	"'-fmath-errno' '-fsigned-zeros' '-ftrapping-math' '"
 317      6174682D 
 317      6572726E 
 317      6F272027 
ARM GAS  C:\Users\elias\AppData\Local\Temp\ccOmCkrC.s 			page 22


 317      2D667369 
 318 0033 2D666E6F 		.ascii	"-fno-trapv' '-fno-openmp' '-fno-openacc' '-mcpu=cor"
 318      2D747261 
 318      70762720 
 318      272D666E 
 318      6F2D6F70 
 319 0066 7465782D 		.ascii	"tex-m3' '-mthumb' '-g' '-O3' '-ffunction-sections' "
 319      6D332720 
 319      272D6D74 
 319      68756D62 
 319      2720272D 
 320 0099 272D6666 		.ascii	"'-ffat-lto-objects' '-finline-functions' '-flto'\000"
 320      61742D6C 
 320      746F2D6F 
 320      626A6563 
 320      74732720 
 321              		.text
 322              		.cfi_sections	.debug_frame
 323              		.section	.text.OPAadder_Init,"ax",%progbits
 324              		.align	2
 325              		.global	OPAadder_Init
 326              		.thumb
 327              		.thumb_func
 328              		.type	OPAadder_Init, %function
 329              	OPAadder_Init:
 330              	.LFB0:
 331              		.file 1 "Generated_Source\\PSoC5\\OPAadder.c"
   1:Generated_Source\PSoC5/OPAadder.c **** /*******************************************************************************
   2:Generated_Source\PSoC5/OPAadder.c **** * File Name: OPAadder.c
   3:Generated_Source\PSoC5/OPAadder.c **** * Version 1.90
   4:Generated_Source\PSoC5/OPAadder.c **** *
   5:Generated_Source\PSoC5/OPAadder.c **** * Description:
   6:Generated_Source\PSoC5/OPAadder.c **** *  This file provides the source code to the API for OpAmp (Analog Buffer) 
   7:Generated_Source\PSoC5/OPAadder.c **** *  Component.
   8:Generated_Source\PSoC5/OPAadder.c **** *
   9:Generated_Source\PSoC5/OPAadder.c **** * Note:
  10:Generated_Source\PSoC5/OPAadder.c **** *
  11:Generated_Source\PSoC5/OPAadder.c **** ********************************************************************************
  12:Generated_Source\PSoC5/OPAadder.c **** * Copyright 2008-2012, Cypress Semiconductor Corporation.  All rights reserved.
  13:Generated_Source\PSoC5/OPAadder.c **** * You may use this file only in accordance with the license, terms, conditions, 
  14:Generated_Source\PSoC5/OPAadder.c **** * disclaimers, and limitations in the end user license agreement accompanying 
  15:Generated_Source\PSoC5/OPAadder.c **** * the software package with which this file was provided.
  16:Generated_Source\PSoC5/OPAadder.c **** *******************************************************************************/
  17:Generated_Source\PSoC5/OPAadder.c **** 
  18:Generated_Source\PSoC5/OPAadder.c **** #include "OPAadder.h"
  19:Generated_Source\PSoC5/OPAadder.c **** 
  20:Generated_Source\PSoC5/OPAadder.c **** uint8 OPAadder_initVar = 0u;
  21:Generated_Source\PSoC5/OPAadder.c **** 
  22:Generated_Source\PSoC5/OPAadder.c **** 
  23:Generated_Source\PSoC5/OPAadder.c **** /*******************************************************************************   
  24:Generated_Source\PSoC5/OPAadder.c **** * Function Name: OPAadder_Init
  25:Generated_Source\PSoC5/OPAadder.c **** ********************************************************************************
  26:Generated_Source\PSoC5/OPAadder.c **** *
  27:Generated_Source\PSoC5/OPAadder.c **** * Summary:
  28:Generated_Source\PSoC5/OPAadder.c **** *  Initialize component's parameters to the parameters set by user in the 
  29:Generated_Source\PSoC5/OPAadder.c **** *  customizer of the component placed onto schematic. Usually called in 
  30:Generated_Source\PSoC5/OPAadder.c **** *  OPAadder_Start().
ARM GAS  C:\Users\elias\AppData\Local\Temp\ccOmCkrC.s 			page 23


  31:Generated_Source\PSoC5/OPAadder.c **** *
  32:Generated_Source\PSoC5/OPAadder.c **** * Parameters:
  33:Generated_Source\PSoC5/OPAadder.c **** *  void
  34:Generated_Source\PSoC5/OPAadder.c **** *
  35:Generated_Source\PSoC5/OPAadder.c **** * Return:
  36:Generated_Source\PSoC5/OPAadder.c **** *  void
  37:Generated_Source\PSoC5/OPAadder.c **** *
  38:Generated_Source\PSoC5/OPAadder.c **** *******************************************************************************/
  39:Generated_Source\PSoC5/OPAadder.c **** void OPAadder_Init(void) 
  40:Generated_Source\PSoC5/OPAadder.c **** {
 332              		.loc 1 40 0
 333              		.cfi_startproc
 334              		@ args = 0, pretend = 0, frame = 0
 335              		@ frame_needed = 0, uses_anonymous_args = 0
 336              		@ link register save eliminated.
 337              	.LVL0:
 338              	.LBB10:
 339              	.LBB11:
  41:Generated_Source\PSoC5/OPAadder.c ****     OPAadder_SetPower(OPAadder_DEFAULT_POWER);
  42:Generated_Source\PSoC5/OPAadder.c **** }
  43:Generated_Source\PSoC5/OPAadder.c **** 
  44:Generated_Source\PSoC5/OPAadder.c **** 
  45:Generated_Source\PSoC5/OPAadder.c **** /*******************************************************************************   
  46:Generated_Source\PSoC5/OPAadder.c **** * Function Name: OPAadder_Enable
  47:Generated_Source\PSoC5/OPAadder.c **** ********************************************************************************
  48:Generated_Source\PSoC5/OPAadder.c **** *
  49:Generated_Source\PSoC5/OPAadder.c **** * Summary:
  50:Generated_Source\PSoC5/OPAadder.c **** *  Enables the OpAmp block operation
  51:Generated_Source\PSoC5/OPAadder.c **** *
  52:Generated_Source\PSoC5/OPAadder.c **** * Parameters:
  53:Generated_Source\PSoC5/OPAadder.c **** *  void
  54:Generated_Source\PSoC5/OPAadder.c **** *
  55:Generated_Source\PSoC5/OPAadder.c **** * Return:
  56:Generated_Source\PSoC5/OPAadder.c **** *  void
  57:Generated_Source\PSoC5/OPAadder.c **** *
  58:Generated_Source\PSoC5/OPAadder.c **** *******************************************************************************/
  59:Generated_Source\PSoC5/OPAadder.c **** void OPAadder_Enable(void) 
  60:Generated_Source\PSoC5/OPAadder.c **** {
  61:Generated_Source\PSoC5/OPAadder.c ****     /* Enable negative charge pumps in ANIF */
  62:Generated_Source\PSoC5/OPAadder.c ****     OPAadder_PUMP_CR1_REG  |= (OPAadder_PUMP_CR1_CLKSEL | OPAadder_PUMP_CR1_FORCE);
  63:Generated_Source\PSoC5/OPAadder.c **** 
  64:Generated_Source\PSoC5/OPAadder.c ****     /* Enable power to buffer in active mode */
  65:Generated_Source\PSoC5/OPAadder.c ****     OPAadder_PM_ACT_CFG_REG |= OPAadder_ACT_PWR_EN;
  66:Generated_Source\PSoC5/OPAadder.c **** 
  67:Generated_Source\PSoC5/OPAadder.c ****     /* Enable power to buffer in alternative active mode */
  68:Generated_Source\PSoC5/OPAadder.c ****     OPAadder_PM_STBY_CFG_REG |= OPAadder_STBY_PWR_EN;
  69:Generated_Source\PSoC5/OPAadder.c **** }
  70:Generated_Source\PSoC5/OPAadder.c **** 
  71:Generated_Source\PSoC5/OPAadder.c **** 
  72:Generated_Source\PSoC5/OPAadder.c **** /*******************************************************************************
  73:Generated_Source\PSoC5/OPAadder.c **** * Function Name:   OPAadder_Start
  74:Generated_Source\PSoC5/OPAadder.c **** ********************************************************************************
  75:Generated_Source\PSoC5/OPAadder.c **** *
  76:Generated_Source\PSoC5/OPAadder.c **** * Summary:
  77:Generated_Source\PSoC5/OPAadder.c **** *  The start function initializes the Analog Buffer with the default values and 
  78:Generated_Source\PSoC5/OPAadder.c **** *  sets the power to the given level. A power level of 0, is same as 
  79:Generated_Source\PSoC5/OPAadder.c **** *  executing the stop function.
ARM GAS  C:\Users\elias\AppData\Local\Temp\ccOmCkrC.s 			page 24


  80:Generated_Source\PSoC5/OPAadder.c **** *
  81:Generated_Source\PSoC5/OPAadder.c **** * Parameters:
  82:Generated_Source\PSoC5/OPAadder.c **** *  void
  83:Generated_Source\PSoC5/OPAadder.c **** *
  84:Generated_Source\PSoC5/OPAadder.c **** * Return:
  85:Generated_Source\PSoC5/OPAadder.c **** *  void
  86:Generated_Source\PSoC5/OPAadder.c **** *
  87:Generated_Source\PSoC5/OPAadder.c **** * Global variables:
  88:Generated_Source\PSoC5/OPAadder.c **** *  OPAadder_initVar: Used to check the initial configuration, modified 
  89:Generated_Source\PSoC5/OPAadder.c **** *  when this function is called for the first time.
  90:Generated_Source\PSoC5/OPAadder.c **** *
  91:Generated_Source\PSoC5/OPAadder.c **** *******************************************************************************/
  92:Generated_Source\PSoC5/OPAadder.c **** void OPAadder_Start(void) 
  93:Generated_Source\PSoC5/OPAadder.c **** {
  94:Generated_Source\PSoC5/OPAadder.c ****     if(OPAadder_initVar == 0u)
  95:Generated_Source\PSoC5/OPAadder.c ****     {
  96:Generated_Source\PSoC5/OPAadder.c ****         OPAadder_initVar = 1u;
  97:Generated_Source\PSoC5/OPAadder.c ****         OPAadder_Init();
  98:Generated_Source\PSoC5/OPAadder.c ****     }
  99:Generated_Source\PSoC5/OPAadder.c **** 
 100:Generated_Source\PSoC5/OPAadder.c ****     OPAadder_Enable();
 101:Generated_Source\PSoC5/OPAadder.c **** }
 102:Generated_Source\PSoC5/OPAadder.c **** 
 103:Generated_Source\PSoC5/OPAadder.c **** 
 104:Generated_Source\PSoC5/OPAadder.c **** /*******************************************************************************
 105:Generated_Source\PSoC5/OPAadder.c **** * Function Name: OPAadder_Stop
 106:Generated_Source\PSoC5/OPAadder.c **** ********************************************************************************
 107:Generated_Source\PSoC5/OPAadder.c **** *
 108:Generated_Source\PSoC5/OPAadder.c **** * Summary:
 109:Generated_Source\PSoC5/OPAadder.c **** *  Powers down amplifier to lowest power state.
 110:Generated_Source\PSoC5/OPAadder.c **** *
 111:Generated_Source\PSoC5/OPAadder.c **** * Parameters:
 112:Generated_Source\PSoC5/OPAadder.c **** *  void
 113:Generated_Source\PSoC5/OPAadder.c **** *
 114:Generated_Source\PSoC5/OPAadder.c **** * Return:
 115:Generated_Source\PSoC5/OPAadder.c **** *  void
 116:Generated_Source\PSoC5/OPAadder.c **** *
 117:Generated_Source\PSoC5/OPAadder.c **** *******************************************************************************/
 118:Generated_Source\PSoC5/OPAadder.c **** void OPAadder_Stop(void) 
 119:Generated_Source\PSoC5/OPAadder.c **** {
 120:Generated_Source\PSoC5/OPAadder.c ****     /* Disable power to buffer in active mode template */
 121:Generated_Source\PSoC5/OPAadder.c ****     OPAadder_PM_ACT_CFG_REG &= (uint8)(~OPAadder_ACT_PWR_EN);
 122:Generated_Source\PSoC5/OPAadder.c **** 
 123:Generated_Source\PSoC5/OPAadder.c ****     /* Disable power to buffer in alternative active mode template */
 124:Generated_Source\PSoC5/OPAadder.c ****     OPAadder_PM_STBY_CFG_REG &= (uint8)(~OPAadder_STBY_PWR_EN);
 125:Generated_Source\PSoC5/OPAadder.c ****     
 126:Generated_Source\PSoC5/OPAadder.c ****     /* Disable negative charge pumps for ANIF only if all ABuf is turned OFF */
 127:Generated_Source\PSoC5/OPAadder.c ****     if(OPAadder_PM_ACT_CFG_REG == 0u)
 128:Generated_Source\PSoC5/OPAadder.c ****     {
 129:Generated_Source\PSoC5/OPAadder.c ****         OPAadder_PUMP_CR1_REG &= (uint8)(~(OPAadder_PUMP_CR1_CLKSEL | OPAadder_PUMP_CR1_FORCE));
 130:Generated_Source\PSoC5/OPAadder.c ****     }
 131:Generated_Source\PSoC5/OPAadder.c **** }
 132:Generated_Source\PSoC5/OPAadder.c **** 
 133:Generated_Source\PSoC5/OPAadder.c **** 
 134:Generated_Source\PSoC5/OPAadder.c **** /*******************************************************************************
 135:Generated_Source\PSoC5/OPAadder.c **** * Function Name: OPAadder_SetPower
 136:Generated_Source\PSoC5/OPAadder.c **** ********************************************************************************
ARM GAS  C:\Users\elias\AppData\Local\Temp\ccOmCkrC.s 			page 25


 137:Generated_Source\PSoC5/OPAadder.c **** *
 138:Generated_Source\PSoC5/OPAadder.c **** * Summary:
 139:Generated_Source\PSoC5/OPAadder.c **** *  Sets power level of Analog buffer.
 140:Generated_Source\PSoC5/OPAadder.c **** *
 141:Generated_Source\PSoC5/OPAadder.c **** * Parameters: 
 142:Generated_Source\PSoC5/OPAadder.c **** *  power: PSoC3: Sets power level between low (1) and high power (3).
 143:Generated_Source\PSoC5/OPAadder.c **** *         PSoC5: Sets power level High (0)
 144:Generated_Source\PSoC5/OPAadder.c **** *
 145:Generated_Source\PSoC5/OPAadder.c **** * Return:
 146:Generated_Source\PSoC5/OPAadder.c **** *  void
 147:Generated_Source\PSoC5/OPAadder.c **** *
 148:Generated_Source\PSoC5/OPAadder.c **** **********************************************************************************/
 149:Generated_Source\PSoC5/OPAadder.c **** void OPAadder_SetPower(uint8 power) 
 150:Generated_Source\PSoC5/OPAadder.c **** {
 151:Generated_Source\PSoC5/OPAadder.c ****     #if (CY_PSOC3 || CY_PSOC5LP)
 152:Generated_Source\PSoC5/OPAadder.c ****         OPAadder_CR_REG &= (uint8)(~OPAadder_PWR_MASK);
 340              		.loc 1 152 0
 341 0000 044B     		ldr	r3, .L2
 342 0002 1A78     		ldrb	r2, [r3]	@ zero_extendqisi2
 343 0004 02F0FC02 		and	r2, r2, #252
 344 0008 1A70     		strb	r2, [r3]
 153:Generated_Source\PSoC5/OPAadder.c ****         OPAadder_CR_REG |= power & OPAadder_PWR_MASK;      /* Set device power */
 345              		.loc 1 153 0
 346 000a 1A78     		ldrb	r2, [r3]	@ zero_extendqisi2
 347 000c 42F00302 		orr	r2, r2, #3
 348 0010 1A70     		strb	r2, [r3]
 349              	.LVL1:
 350 0012 7047     		bx	lr
 351              	.L3:
 352              		.align	2
 353              	.L2:
 354 0014 5A580040 		.word	1073764442
 355              	.LBE11:
 356              	.LBE10:
 357              		.cfi_endproc
 358              	.LFE0:
 359              		.size	OPAadder_Init, .-OPAadder_Init
 360              		.section	.text.OPAadder_Enable,"ax",%progbits
 361              		.align	2
 362              		.global	OPAadder_Enable
 363              		.thumb
 364              		.thumb_func
 365              		.type	OPAadder_Enable, %function
 366              	OPAadder_Enable:
 367              	.LFB1:
  60:Generated_Source\PSoC5/OPAadder.c ****     /* Enable negative charge pumps in ANIF */
 368              		.loc 1 60 0
 369              		.cfi_startproc
 370              		@ args = 0, pretend = 0, frame = 0
 371              		@ frame_needed = 0, uses_anonymous_args = 0
 372              		@ link register save eliminated.
  62:Generated_Source\PSoC5/OPAadder.c **** 
 373              		.loc 1 62 0
 374 0000 0748     		ldr	r0, .L5
  65:Generated_Source\PSoC5/OPAadder.c **** 
 375              		.loc 1 65 0
 376 0002 0849     		ldr	r1, .L5+4
ARM GAS  C:\Users\elias\AppData\Local\Temp\ccOmCkrC.s 			page 26


  62:Generated_Source\PSoC5/OPAadder.c **** 
 377              		.loc 1 62 0
 378 0004 0378     		ldrb	r3, [r0]	@ zero_extendqisi2
  68:Generated_Source\PSoC5/OPAadder.c **** }
 379              		.loc 1 68 0
 380 0006 084A     		ldr	r2, .L5+8
  62:Generated_Source\PSoC5/OPAadder.c **** 
 381              		.loc 1 62 0
 382 0008 43F06003 		orr	r3, r3, #96
 383 000c 0370     		strb	r3, [r0]
  65:Generated_Source\PSoC5/OPAadder.c **** 
 384              		.loc 1 65 0
 385 000e 0B78     		ldrb	r3, [r1]	@ zero_extendqisi2
 386 0010 43F00203 		orr	r3, r3, #2
 387 0014 0B70     		strb	r3, [r1]
  68:Generated_Source\PSoC5/OPAadder.c **** }
 388              		.loc 1 68 0
 389 0016 1378     		ldrb	r3, [r2]	@ zero_extendqisi2
 390 0018 43F00203 		orr	r3, r3, #2
 391 001c 1370     		strb	r3, [r2]
 392 001e 7047     		bx	lr
 393              	.L6:
 394              		.align	2
 395              	.L5:
 396 0020 77580040 		.word	1073764471
 397 0024 A4430040 		.word	1073759140
 398 0028 B4430040 		.word	1073759156
 399              		.cfi_endproc
 400              	.LFE1:
 401              		.size	OPAadder_Enable, .-OPAadder_Enable
 402              		.section	.text.OPAadder_Start,"ax",%progbits
 403              		.align	2
 404              		.global	OPAadder_Start
 405              		.thumb
 406              		.thumb_func
 407              		.type	OPAadder_Start, %function
 408              	OPAadder_Start:
 409              	.LFB2:
  93:Generated_Source\PSoC5/OPAadder.c ****     if(OPAadder_initVar == 0u)
 410              		.loc 1 93 0
 411              		.cfi_startproc
 412              		@ args = 0, pretend = 0, frame = 0
 413              		@ frame_needed = 0, uses_anonymous_args = 0
 414              		@ link register save eliminated.
  94:Generated_Source\PSoC5/OPAadder.c ****     {
 415              		.loc 1 94 0
 416 0000 0E4A     		ldr	r2, .L10
 417 0002 1378     		ldrb	r3, [r2]	@ zero_extendqisi2
 418 0004 53B9     		cbnz	r3, .L8
 419              	.LBB12:
 420              	.LBB13:
 421              	.LBB14:
 152:Generated_Source\PSoC5/OPAadder.c ****         OPAadder_CR_REG |= power & OPAadder_PWR_MASK;      /* Set device power */
 422              		.loc 1 152 0
 423 0006 0E4B     		ldr	r3, .L10+4
 424              	.LBE14:
 425              	.LBE13:
ARM GAS  C:\Users\elias\AppData\Local\Temp\ccOmCkrC.s 			page 27


 426              	.LBE12:
  96:Generated_Source\PSoC5/OPAadder.c ****         OPAadder_Init();
 427              		.loc 1 96 0
 428 0008 0121     		movs	r1, #1
 429 000a 1170     		strb	r1, [r2]
 430              	.LVL2:
 431              	.LBB17:
 432              	.LBB16:
 433              	.LBB15:
 152:Generated_Source\PSoC5/OPAadder.c ****         OPAadder_CR_REG |= power & OPAadder_PWR_MASK;      /* Set device power */
 434              		.loc 1 152 0
 435 000c 1A78     		ldrb	r2, [r3]	@ zero_extendqisi2
 436 000e 02F0FC02 		and	r2, r2, #252
 437 0012 1A70     		strb	r2, [r3]
 438              		.loc 1 153 0
 439 0014 1A78     		ldrb	r2, [r3]	@ zero_extendqisi2
 440 0016 42F00302 		orr	r2, r2, #3
 441 001a 1A70     		strb	r2, [r3]
 442              	.LVL3:
 443              	.L8:
 444              	.LBE15:
 445              	.LBE16:
 446              	.LBE17:
 447              	.LBB18:
 448              	.LBB19:
  62:Generated_Source\PSoC5/OPAadder.c **** 
 449              		.loc 1 62 0
 450 001c 0948     		ldr	r0, .L10+8
  65:Generated_Source\PSoC5/OPAadder.c **** 
 451              		.loc 1 65 0
 452 001e 0A49     		ldr	r1, .L10+12
  62:Generated_Source\PSoC5/OPAadder.c **** 
 453              		.loc 1 62 0
 454 0020 0378     		ldrb	r3, [r0]	@ zero_extendqisi2
  68:Generated_Source\PSoC5/OPAadder.c **** }
 455              		.loc 1 68 0
 456 0022 0A4A     		ldr	r2, .L10+16
  62:Generated_Source\PSoC5/OPAadder.c **** 
 457              		.loc 1 62 0
 458 0024 43F06003 		orr	r3, r3, #96
 459 0028 0370     		strb	r3, [r0]
  65:Generated_Source\PSoC5/OPAadder.c **** 
 460              		.loc 1 65 0
 461 002a 0B78     		ldrb	r3, [r1]	@ zero_extendqisi2
 462 002c 43F00203 		orr	r3, r3, #2
 463 0030 0B70     		strb	r3, [r1]
  68:Generated_Source\PSoC5/OPAadder.c **** }
 464              		.loc 1 68 0
 465 0032 1378     		ldrb	r3, [r2]	@ zero_extendqisi2
 466 0034 43F00203 		orr	r3, r3, #2
 467 0038 1370     		strb	r3, [r2]
 468 003a 7047     		bx	lr
 469              	.L11:
 470              		.align	2
 471              	.L10:
 472 003c 00000000 		.word	.LANCHOR0
 473 0040 5A580040 		.word	1073764442
ARM GAS  C:\Users\elias\AppData\Local\Temp\ccOmCkrC.s 			page 28


 474 0044 77580040 		.word	1073764471
 475 0048 A4430040 		.word	1073759140
 476 004c B4430040 		.word	1073759156
 477              	.LBE19:
 478              	.LBE18:
 479              		.cfi_endproc
 480              	.LFE2:
 481              		.size	OPAadder_Start, .-OPAadder_Start
 482              		.section	.text.OPAadder_Stop,"ax",%progbits
 483              		.align	2
 484              		.global	OPAadder_Stop
 485              		.thumb
 486              		.thumb_func
 487              		.type	OPAadder_Stop, %function
 488              	OPAadder_Stop:
 489              	.LFB3:
 119:Generated_Source\PSoC5/OPAadder.c ****     /* Disable power to buffer in active mode template */
 490              		.loc 1 119 0
 491              		.cfi_startproc
 492              		@ args = 0, pretend = 0, frame = 0
 493              		@ frame_needed = 0, uses_anonymous_args = 0
 494              		@ link register save eliminated.
 121:Generated_Source\PSoC5/OPAadder.c **** 
 495              		.loc 1 121 0
 496 0000 084B     		ldr	r3, .L14
 124:Generated_Source\PSoC5/OPAadder.c ****     
 497              		.loc 1 124 0
 498 0002 0949     		ldr	r1, .L14+4
 121:Generated_Source\PSoC5/OPAadder.c **** 
 499              		.loc 1 121 0
 500 0004 1A78     		ldrb	r2, [r3]	@ zero_extendqisi2
 501 0006 02F0FD02 		and	r2, r2, #253
 502 000a 1A70     		strb	r2, [r3]
 124:Generated_Source\PSoC5/OPAadder.c ****     
 503              		.loc 1 124 0
 504 000c 0A78     		ldrb	r2, [r1]	@ zero_extendqisi2
 505 000e 02F0FD02 		and	r2, r2, #253
 506 0012 0A70     		strb	r2, [r1]
 127:Generated_Source\PSoC5/OPAadder.c ****     {
 507              		.loc 1 127 0
 508 0014 1B78     		ldrb	r3, [r3]	@ zero_extendqisi2
 509 0016 23B9     		cbnz	r3, .L12
 510              	.LBB22:
 129:Generated_Source\PSoC5/OPAadder.c ****     }
 511              		.loc 1 129 0
 512 0018 044A     		ldr	r2, .L14+8
 513 001a 1378     		ldrb	r3, [r2]	@ zero_extendqisi2
 514 001c 03F09F03 		and	r3, r3, #159
 515 0020 1370     		strb	r3, [r2]
 516              	.L12:
 517 0022 7047     		bx	lr
 518              	.L15:
 519              		.align	2
 520              	.L14:
 521 0024 A4430040 		.word	1073759140
 522 0028 B4430040 		.word	1073759156
 523 002c 77580040 		.word	1073764471
ARM GAS  C:\Users\elias\AppData\Local\Temp\ccOmCkrC.s 			page 29


 524              	.LBE22:
 525              		.cfi_endproc
 526              	.LFE3:
 527              		.size	OPAadder_Stop, .-OPAadder_Stop
 528              		.section	.text.OPAadder_SetPower,"ax",%progbits
 529              		.align	2
 530              		.global	OPAadder_SetPower
 531              		.thumb
 532              		.thumb_func
 533              		.type	OPAadder_SetPower, %function
 534              	OPAadder_SetPower:
 535              	.LFB4:
 150:Generated_Source\PSoC5/OPAadder.c ****     #if (CY_PSOC3 || CY_PSOC5LP)
 536              		.loc 1 150 0
 537              		.cfi_startproc
 538              		@ args = 0, pretend = 0, frame = 0
 539              		@ frame_needed = 0, uses_anonymous_args = 0
 540              		@ link register save eliminated.
 541              	.LVL4:
 152:Generated_Source\PSoC5/OPAadder.c ****         OPAadder_CR_REG |= power & OPAadder_PWR_MASK;      /* Set device power */
 542              		.loc 1 152 0
 543 0000 054B     		ldr	r3, .L17
 544              		.loc 1 153 0
 545 0002 00F00300 		and	r0, r0, #3
 546              	.LVL5:
 152:Generated_Source\PSoC5/OPAadder.c ****         OPAadder_CR_REG |= power & OPAadder_PWR_MASK;      /* Set device power */
 547              		.loc 1 152 0
 548 0006 1A78     		ldrb	r2, [r3]	@ zero_extendqisi2
 549 0008 02F0FC02 		and	r2, r2, #252
 550 000c 1A70     		strb	r2, [r3]
 551              		.loc 1 153 0
 552 000e 1A78     		ldrb	r2, [r3]	@ zero_extendqisi2
 553 0010 1043     		orrs	r0, r0, r2
 554 0012 1870     		strb	r0, [r3]
 555 0014 7047     		bx	lr
 556              	.L18:
 557 0016 00BF     		.align	2
 558              	.L17:
 559 0018 5A580040 		.word	1073764442
 560              		.cfi_endproc
 561              	.LFE4:
 562              		.size	OPAadder_SetPower, .-OPAadder_SetPower
 563              		.global	OPAadder_initVar
 564              		.bss
 565              		.set	.LANCHOR0,. + 0
 566              		.type	OPAadder_initVar, %object
 567              		.size	OPAadder_initVar, 1
 568              	OPAadder_initVar:
 569 0000 00       		.space	1
 570              		.text
 571              	.Letext0:
 572              		.file 2 "Generated_Source\\PSoC5\\cytypes.h"
 573              		.section	.debug_info,"",%progbits
 574              	.Ldebug_info0:
 575 0000 A3010000 		.4byte	0x1a3
 576 0004 0400     		.2byte	0x4
 577 0006 00000000 		.4byte	.Ldebug_abbrev0
ARM GAS  C:\Users\elias\AppData\Local\Temp\ccOmCkrC.s 			page 30


 578 000a 04       		.byte	0x4
 579 000b 01       		.uleb128 0x1
 580 000c 76010000 		.4byte	.LASF19
 581 0010 0C       		.byte	0xc
 582 0011 A6000000 		.4byte	.LASF20
 583 0015 5E000000 		.4byte	.LASF21
 584 0019 18000000 		.4byte	.Ldebug_ranges0+0x18
 585 001d 00000000 		.4byte	0
 586 0021 00000000 		.4byte	.Ldebug_line0
 587 0025 02       		.uleb128 0x2
 588 0026 01       		.byte	0x1
 589 0027 06       		.byte	0x6
 590 0028 13010000 		.4byte	.LASF0
 591 002c 02       		.uleb128 0x2
 592 002d 01       		.byte	0x1
 593 002e 08       		.byte	0x8
 594 002f 1B000000 		.4byte	.LASF1
 595 0033 02       		.uleb128 0x2
 596 0034 02       		.byte	0x2
 597 0035 05       		.byte	0x5
 598 0036 4A010000 		.4byte	.LASF2
 599 003a 02       		.uleb128 0x2
 600 003b 02       		.byte	0x2
 601 003c 07       		.byte	0x7
 602 003d 00010000 		.4byte	.LASF3
 603 0041 02       		.uleb128 0x2
 604 0042 04       		.byte	0x4
 605 0043 05       		.byte	0x5
 606 0044 DE000000 		.4byte	.LASF4
 607 0048 02       		.uleb128 0x2
 608 0049 04       		.byte	0x4
 609 004a 07       		.byte	0x7
 610 004b 2F000000 		.4byte	.LASF5
 611 004f 02       		.uleb128 0x2
 612 0050 08       		.byte	0x8
 613 0051 05       		.byte	0x5
 614 0052 00000000 		.4byte	.LASF6
 615 0056 02       		.uleb128 0x2
 616 0057 08       		.byte	0x8
 617 0058 07       		.byte	0x7
 618 0059 41000000 		.4byte	.LASF7
 619 005d 03       		.uleb128 0x3
 620 005e 04       		.byte	0x4
 621 005f 05       		.byte	0x5
 622 0060 696E7400 		.ascii	"int\000"
 623 0064 02       		.uleb128 0x2
 624 0065 04       		.byte	0x4
 625 0066 07       		.byte	0x7
 626 0067 0E000000 		.4byte	.LASF8
 627 006b 04       		.uleb128 0x4
 628 006c 29000000 		.4byte	.LASF12
 629 0070 02       		.byte	0x2
 630 0071 E901     		.2byte	0x1e9
 631 0073 2C000000 		.4byte	0x2c
 632 0077 02       		.uleb128 0x2
 633 0078 04       		.byte	0x4
 634 0079 04       		.byte	0x4
ARM GAS  C:\Users\elias\AppData\Local\Temp\ccOmCkrC.s 			page 31


 635 007a 58000000 		.4byte	.LASF9
 636 007e 02       		.uleb128 0x2
 637 007f 08       		.byte	0x8
 638 0080 04       		.byte	0x4
 639 0081 E7000000 		.4byte	.LASF10
 640 0085 02       		.uleb128 0x2
 641 0086 01       		.byte	0x1
 642 0087 08       		.byte	0x8
 643 0088 C8000000 		.4byte	.LASF11
 644 008c 04       		.uleb128 0x4
 645 008d 54010000 		.4byte	.LASF13
 646 0091 02       		.byte	0x2
 647 0092 9302     		.2byte	0x293
 648 0094 98000000 		.4byte	0x98
 649 0098 05       		.uleb128 0x5
 650 0099 6B000000 		.4byte	0x6b
 651 009d 02       		.uleb128 0x2
 652 009e 08       		.byte	0x8
 653 009f 04       		.byte	0x4
 654 00a0 2E010000 		.4byte	.LASF14
 655 00a4 02       		.uleb128 0x2
 656 00a5 04       		.byte	0x4
 657 00a6 07       		.byte	0x7
 658 00a7 6D010000 		.4byte	.LASF15
 659 00ab 06       		.uleb128 0x6
 660 00ac 5F010000 		.4byte	.LASF16
 661 00b0 01       		.byte	0x1
 662 00b1 76       		.byte	0x76
 663 00b2 01       		.byte	0x1
 664 00b3 07       		.uleb128 0x7
 665 00b4 EE000000 		.4byte	.LASF22
 666 00b8 01       		.byte	0x1
 667 00b9 95       		.byte	0x95
 668 00ba 01       		.byte	0x1
 669 00bb CB000000 		.4byte	0xcb
 670 00bf 08       		.uleb128 0x8
 671 00c0 59010000 		.4byte	.LASF23
 672 00c4 01       		.byte	0x1
 673 00c5 95       		.byte	0x95
 674 00c6 6B000000 		.4byte	0x6b
 675 00ca 00       		.byte	0
 676 00cb 06       		.uleb128 0x6
 677 00cc 98000000 		.4byte	.LASF17
 678 00d0 01       		.byte	0x1
 679 00d1 27       		.byte	0x27
 680 00d2 01       		.byte	0x1
 681 00d3 06       		.uleb128 0x6
 682 00d4 3A010000 		.4byte	.LASF18
 683 00d8 01       		.byte	0x1
 684 00d9 3B       		.byte	0x3b
 685 00da 01       		.byte	0x1
 686 00db 09       		.uleb128 0x9
 687 00dc CB000000 		.4byte	0xcb
 688 00e0 00000000 		.4byte	.LFB0
 689 00e4 18000000 		.4byte	.LFE0-.LFB0
 690 00e8 01       		.uleb128 0x1
 691 00e9 9C       		.byte	0x9c
ARM GAS  C:\Users\elias\AppData\Local\Temp\ccOmCkrC.s 			page 32


 692 00ea 08010000 		.4byte	0x108
 693 00ee 0A       		.uleb128 0xa
 694 00ef B3000000 		.4byte	0xb3
 695 00f3 00000000 		.4byte	.LBB10
 696 00f7 18000000 		.4byte	.LBE10-.LBB10
 697 00fb 01       		.byte	0x1
 698 00fc 29       		.byte	0x29
 699 00fd 0B       		.uleb128 0xb
 700 00fe BF000000 		.4byte	0xbf
 701 0102 00000000 		.4byte	.LLST0
 702 0106 00       		.byte	0
 703 0107 00       		.byte	0
 704 0108 0C       		.uleb128 0xc
 705 0109 D3000000 		.4byte	0xd3
 706 010d 00000000 		.4byte	.LFB1
 707 0111 2C000000 		.4byte	.LFE1-.LFB1
 708 0115 01       		.uleb128 0x1
 709 0116 9C       		.byte	0x9c
 710 0117 0D       		.uleb128 0xd
 711 0118 1F010000 		.4byte	.LASF24
 712 011c 01       		.byte	0x1
 713 011d 5C       		.byte	0x5c
 714 011e 00000000 		.4byte	.LFB2
 715 0122 50000000 		.4byte	.LFE2-.LFB2
 716 0126 01       		.uleb128 0x1
 717 0127 9C       		.byte	0x9c
 718 0128 69010000 		.4byte	0x169
 719 012c 0E       		.uleb128 0xe
 720 012d CB000000 		.4byte	0xcb
 721 0131 06000000 		.4byte	.LBB12
 722 0135 00000000 		.4byte	.Ldebug_ranges0+0
 723 0139 01       		.byte	0x1
 724 013a 61       		.byte	0x61
 725 013b 59010000 		.4byte	0x159
 726 013f 0F       		.uleb128 0xf
 727 0140 B3000000 		.4byte	0xb3
 728 0144 06000000 		.4byte	.LBB13
 729 0148 00000000 		.4byte	.Ldebug_ranges0+0
 730 014c 01       		.byte	0x1
 731 014d 29       		.byte	0x29
 732 014e 0B       		.uleb128 0xb
 733 014f BF000000 		.4byte	0xbf
 734 0153 14000000 		.4byte	.LLST1
 735 0157 00       		.byte	0
 736 0158 00       		.byte	0
 737 0159 10       		.uleb128 0x10
 738 015a D3000000 		.4byte	0xd3
 739 015e 1C000000 		.4byte	.LBB18
 740 0162 34000000 		.4byte	.LBE18-.LBB18
 741 0166 01       		.byte	0x1
 742 0167 64       		.byte	0x64
 743 0168 00       		.byte	0
 744 0169 0C       		.uleb128 0xc
 745 016a AB000000 		.4byte	0xab
 746 016e 00000000 		.4byte	.LFB3
 747 0172 30000000 		.4byte	.LFE3-.LFB3
 748 0176 01       		.uleb128 0x1
ARM GAS  C:\Users\elias\AppData\Local\Temp\ccOmCkrC.s 			page 33


 749 0177 9C       		.byte	0x9c
 750 0178 09       		.uleb128 0x9
 751 0179 B3000000 		.4byte	0xb3
 752 017d 00000000 		.4byte	.LFB4
 753 0181 1C000000 		.4byte	.LFE4-.LFB4
 754 0185 01       		.uleb128 0x1
 755 0186 9C       		.byte	0x9c
 756 0187 95010000 		.4byte	0x195
 757 018b 0B       		.uleb128 0xb
 758 018c BF000000 		.4byte	0xbf
 759 0190 28000000 		.4byte	.LLST2
 760 0194 00       		.byte	0
 761 0195 11       		.uleb128 0x11
 762 0196 CD000000 		.4byte	.LASF25
 763 019a 01       		.byte	0x1
 764 019b 14       		.byte	0x14
 765 019c 6B000000 		.4byte	0x6b
 766 01a0 05       		.uleb128 0x5
 767 01a1 03       		.byte	0x3
 768 01a2 00000000 		.4byte	OPAadder_initVar
 769 01a6 00       		.byte	0
 770              		.section	.debug_abbrev,"",%progbits
 771              	.Ldebug_abbrev0:
 772 0000 01       		.uleb128 0x1
 773 0001 11       		.uleb128 0x11
 774 0002 01       		.byte	0x1
 775 0003 25       		.uleb128 0x25
 776 0004 0E       		.uleb128 0xe
 777 0005 13       		.uleb128 0x13
 778 0006 0B       		.uleb128 0xb
 779 0007 03       		.uleb128 0x3
 780 0008 0E       		.uleb128 0xe
 781 0009 1B       		.uleb128 0x1b
 782 000a 0E       		.uleb128 0xe
 783 000b 55       		.uleb128 0x55
 784 000c 17       		.uleb128 0x17
 785 000d 11       		.uleb128 0x11
 786 000e 01       		.uleb128 0x1
 787 000f 10       		.uleb128 0x10
 788 0010 17       		.uleb128 0x17
 789 0011 00       		.byte	0
 790 0012 00       		.byte	0
 791 0013 02       		.uleb128 0x2
 792 0014 24       		.uleb128 0x24
 793 0015 00       		.byte	0
 794 0016 0B       		.uleb128 0xb
 795 0017 0B       		.uleb128 0xb
 796 0018 3E       		.uleb128 0x3e
 797 0019 0B       		.uleb128 0xb
 798 001a 03       		.uleb128 0x3
 799 001b 0E       		.uleb128 0xe
 800 001c 00       		.byte	0
 801 001d 00       		.byte	0
 802 001e 03       		.uleb128 0x3
 803 001f 24       		.uleb128 0x24
 804 0020 00       		.byte	0
 805 0021 0B       		.uleb128 0xb
ARM GAS  C:\Users\elias\AppData\Local\Temp\ccOmCkrC.s 			page 34


 806 0022 0B       		.uleb128 0xb
 807 0023 3E       		.uleb128 0x3e
 808 0024 0B       		.uleb128 0xb
 809 0025 03       		.uleb128 0x3
 810 0026 08       		.uleb128 0x8
 811 0027 00       		.byte	0
 812 0028 00       		.byte	0
 813 0029 04       		.uleb128 0x4
 814 002a 16       		.uleb128 0x16
 815 002b 00       		.byte	0
 816 002c 03       		.uleb128 0x3
 817 002d 0E       		.uleb128 0xe
 818 002e 3A       		.uleb128 0x3a
 819 002f 0B       		.uleb128 0xb
 820 0030 3B       		.uleb128 0x3b
 821 0031 05       		.uleb128 0x5
 822 0032 49       		.uleb128 0x49
 823 0033 13       		.uleb128 0x13
 824 0034 00       		.byte	0
 825 0035 00       		.byte	0
 826 0036 05       		.uleb128 0x5
 827 0037 35       		.uleb128 0x35
 828 0038 00       		.byte	0
 829 0039 49       		.uleb128 0x49
 830 003a 13       		.uleb128 0x13
 831 003b 00       		.byte	0
 832 003c 00       		.byte	0
 833 003d 06       		.uleb128 0x6
 834 003e 2E       		.uleb128 0x2e
 835 003f 00       		.byte	0
 836 0040 3F       		.uleb128 0x3f
 837 0041 19       		.uleb128 0x19
 838 0042 03       		.uleb128 0x3
 839 0043 0E       		.uleb128 0xe
 840 0044 3A       		.uleb128 0x3a
 841 0045 0B       		.uleb128 0xb
 842 0046 3B       		.uleb128 0x3b
 843 0047 0B       		.uleb128 0xb
 844 0048 27       		.uleb128 0x27
 845 0049 19       		.uleb128 0x19
 846 004a 20       		.uleb128 0x20
 847 004b 0B       		.uleb128 0xb
 848 004c 00       		.byte	0
 849 004d 00       		.byte	0
 850 004e 07       		.uleb128 0x7
 851 004f 2E       		.uleb128 0x2e
 852 0050 01       		.byte	0x1
 853 0051 3F       		.uleb128 0x3f
 854 0052 19       		.uleb128 0x19
 855 0053 03       		.uleb128 0x3
 856 0054 0E       		.uleb128 0xe
 857 0055 3A       		.uleb128 0x3a
 858 0056 0B       		.uleb128 0xb
 859 0057 3B       		.uleb128 0x3b
 860 0058 0B       		.uleb128 0xb
 861 0059 27       		.uleb128 0x27
 862 005a 19       		.uleb128 0x19
ARM GAS  C:\Users\elias\AppData\Local\Temp\ccOmCkrC.s 			page 35


 863 005b 20       		.uleb128 0x20
 864 005c 0B       		.uleb128 0xb
 865 005d 01       		.uleb128 0x1
 866 005e 13       		.uleb128 0x13
 867 005f 00       		.byte	0
 868 0060 00       		.byte	0
 869 0061 08       		.uleb128 0x8
 870 0062 05       		.uleb128 0x5
 871 0063 00       		.byte	0
 872 0064 03       		.uleb128 0x3
 873 0065 0E       		.uleb128 0xe
 874 0066 3A       		.uleb128 0x3a
 875 0067 0B       		.uleb128 0xb
 876 0068 3B       		.uleb128 0x3b
 877 0069 0B       		.uleb128 0xb
 878 006a 49       		.uleb128 0x49
 879 006b 13       		.uleb128 0x13
 880 006c 00       		.byte	0
 881 006d 00       		.byte	0
 882 006e 09       		.uleb128 0x9
 883 006f 2E       		.uleb128 0x2e
 884 0070 01       		.byte	0x1
 885 0071 31       		.uleb128 0x31
 886 0072 13       		.uleb128 0x13
 887 0073 11       		.uleb128 0x11
 888 0074 01       		.uleb128 0x1
 889 0075 12       		.uleb128 0x12
 890 0076 06       		.uleb128 0x6
 891 0077 40       		.uleb128 0x40
 892 0078 18       		.uleb128 0x18
 893 0079 9742     		.uleb128 0x2117
 894 007b 19       		.uleb128 0x19
 895 007c 01       		.uleb128 0x1
 896 007d 13       		.uleb128 0x13
 897 007e 00       		.byte	0
 898 007f 00       		.byte	0
 899 0080 0A       		.uleb128 0xa
 900 0081 1D       		.uleb128 0x1d
 901 0082 01       		.byte	0x1
 902 0083 31       		.uleb128 0x31
 903 0084 13       		.uleb128 0x13
 904 0085 11       		.uleb128 0x11
 905 0086 01       		.uleb128 0x1
 906 0087 12       		.uleb128 0x12
 907 0088 06       		.uleb128 0x6
 908 0089 58       		.uleb128 0x58
 909 008a 0B       		.uleb128 0xb
 910 008b 59       		.uleb128 0x59
 911 008c 0B       		.uleb128 0xb
 912 008d 00       		.byte	0
 913 008e 00       		.byte	0
 914 008f 0B       		.uleb128 0xb
 915 0090 05       		.uleb128 0x5
 916 0091 00       		.byte	0
 917 0092 31       		.uleb128 0x31
 918 0093 13       		.uleb128 0x13
 919 0094 02       		.uleb128 0x2
ARM GAS  C:\Users\elias\AppData\Local\Temp\ccOmCkrC.s 			page 36


 920 0095 17       		.uleb128 0x17
 921 0096 00       		.byte	0
 922 0097 00       		.byte	0
 923 0098 0C       		.uleb128 0xc
 924 0099 2E       		.uleb128 0x2e
 925 009a 00       		.byte	0
 926 009b 31       		.uleb128 0x31
 927 009c 13       		.uleb128 0x13
 928 009d 11       		.uleb128 0x11
 929 009e 01       		.uleb128 0x1
 930 009f 12       		.uleb128 0x12
 931 00a0 06       		.uleb128 0x6
 932 00a1 40       		.uleb128 0x40
 933 00a2 18       		.uleb128 0x18
 934 00a3 9742     		.uleb128 0x2117
 935 00a5 19       		.uleb128 0x19
 936 00a6 00       		.byte	0
 937 00a7 00       		.byte	0
 938 00a8 0D       		.uleb128 0xd
 939 00a9 2E       		.uleb128 0x2e
 940 00aa 01       		.byte	0x1
 941 00ab 3F       		.uleb128 0x3f
 942 00ac 19       		.uleb128 0x19
 943 00ad 03       		.uleb128 0x3
 944 00ae 0E       		.uleb128 0xe
 945 00af 3A       		.uleb128 0x3a
 946 00b0 0B       		.uleb128 0xb
 947 00b1 3B       		.uleb128 0x3b
 948 00b2 0B       		.uleb128 0xb
 949 00b3 27       		.uleb128 0x27
 950 00b4 19       		.uleb128 0x19
 951 00b5 11       		.uleb128 0x11
 952 00b6 01       		.uleb128 0x1
 953 00b7 12       		.uleb128 0x12
 954 00b8 06       		.uleb128 0x6
 955 00b9 40       		.uleb128 0x40
 956 00ba 18       		.uleb128 0x18
 957 00bb 9742     		.uleb128 0x2117
 958 00bd 19       		.uleb128 0x19
 959 00be 01       		.uleb128 0x1
 960 00bf 13       		.uleb128 0x13
 961 00c0 00       		.byte	0
 962 00c1 00       		.byte	0
 963 00c2 0E       		.uleb128 0xe
 964 00c3 1D       		.uleb128 0x1d
 965 00c4 01       		.byte	0x1
 966 00c5 31       		.uleb128 0x31
 967 00c6 13       		.uleb128 0x13
 968 00c7 52       		.uleb128 0x52
 969 00c8 01       		.uleb128 0x1
 970 00c9 55       		.uleb128 0x55
 971 00ca 17       		.uleb128 0x17
 972 00cb 58       		.uleb128 0x58
 973 00cc 0B       		.uleb128 0xb
 974 00cd 59       		.uleb128 0x59
 975 00ce 0B       		.uleb128 0xb
 976 00cf 01       		.uleb128 0x1
ARM GAS  C:\Users\elias\AppData\Local\Temp\ccOmCkrC.s 			page 37


 977 00d0 13       		.uleb128 0x13
 978 00d1 00       		.byte	0
 979 00d2 00       		.byte	0
 980 00d3 0F       		.uleb128 0xf
 981 00d4 1D       		.uleb128 0x1d
 982 00d5 01       		.byte	0x1
 983 00d6 31       		.uleb128 0x31
 984 00d7 13       		.uleb128 0x13
 985 00d8 52       		.uleb128 0x52
 986 00d9 01       		.uleb128 0x1
 987 00da 55       		.uleb128 0x55
 988 00db 17       		.uleb128 0x17
 989 00dc 58       		.uleb128 0x58
 990 00dd 0B       		.uleb128 0xb
 991 00de 59       		.uleb128 0x59
 992 00df 0B       		.uleb128 0xb
 993 00e0 00       		.byte	0
 994 00e1 00       		.byte	0
 995 00e2 10       		.uleb128 0x10
 996 00e3 1D       		.uleb128 0x1d
 997 00e4 00       		.byte	0
 998 00e5 31       		.uleb128 0x31
 999 00e6 13       		.uleb128 0x13
 1000 00e7 11       		.uleb128 0x11
 1001 00e8 01       		.uleb128 0x1
 1002 00e9 12       		.uleb128 0x12
 1003 00ea 06       		.uleb128 0x6
 1004 00eb 58       		.uleb128 0x58
 1005 00ec 0B       		.uleb128 0xb
 1006 00ed 59       		.uleb128 0x59
 1007 00ee 0B       		.uleb128 0xb
 1008 00ef 00       		.byte	0
 1009 00f0 00       		.byte	0
 1010 00f1 11       		.uleb128 0x11
 1011 00f2 34       		.uleb128 0x34
 1012 00f3 00       		.byte	0
 1013 00f4 03       		.uleb128 0x3
 1014 00f5 0E       		.uleb128 0xe
 1015 00f6 3A       		.uleb128 0x3a
 1016 00f7 0B       		.uleb128 0xb
 1017 00f8 3B       		.uleb128 0x3b
 1018 00f9 0B       		.uleb128 0xb
 1019 00fa 49       		.uleb128 0x49
 1020 00fb 13       		.uleb128 0x13
 1021 00fc 3F       		.uleb128 0x3f
 1022 00fd 19       		.uleb128 0x19
 1023 00fe 02       		.uleb128 0x2
 1024 00ff 18       		.uleb128 0x18
 1025 0100 00       		.byte	0
 1026 0101 00       		.byte	0
 1027 0102 00       		.byte	0
 1028              		.section	.debug_loc,"",%progbits
 1029              	.Ldebug_loc0:
 1030              	.LLST0:
 1031 0000 00000000 		.4byte	.LVL0
 1032 0004 12000000 		.4byte	.LVL1
 1033 0008 0200     		.2byte	0x2
ARM GAS  C:\Users\elias\AppData\Local\Temp\ccOmCkrC.s 			page 38


 1034 000a 33       		.byte	0x33
 1035 000b 9F       		.byte	0x9f
 1036 000c 00000000 		.4byte	0
 1037 0010 00000000 		.4byte	0
 1038              	.LLST1:
 1039 0014 0C000000 		.4byte	.LVL2
 1040 0018 1C000000 		.4byte	.LVL3
 1041 001c 0200     		.2byte	0x2
 1042 001e 33       		.byte	0x33
 1043 001f 9F       		.byte	0x9f
 1044 0020 00000000 		.4byte	0
 1045 0024 00000000 		.4byte	0
 1046              	.LLST2:
 1047 0028 00000000 		.4byte	.LVL4
 1048 002c 06000000 		.4byte	.LVL5
 1049 0030 0100     		.2byte	0x1
 1050 0032 50       		.byte	0x50
 1051 0033 06000000 		.4byte	.LVL5
 1052 0037 1C000000 		.4byte	.LFE4
 1053 003b 0400     		.2byte	0x4
 1054 003d F3       		.byte	0xf3
 1055 003e 01       		.uleb128 0x1
 1056 003f 50       		.byte	0x50
 1057 0040 9F       		.byte	0x9f
 1058 0041 00000000 		.4byte	0
 1059 0045 00000000 		.4byte	0
 1060              		.section	.debug_aranges,"",%progbits
 1061 0000 3C000000 		.4byte	0x3c
 1062 0004 0200     		.2byte	0x2
 1063 0006 00000000 		.4byte	.Ldebug_info0
 1064 000a 04       		.byte	0x4
 1065 000b 00       		.byte	0
 1066 000c 0000     		.2byte	0
 1067 000e 0000     		.2byte	0
 1068 0010 00000000 		.4byte	.LFB0
 1069 0014 18000000 		.4byte	.LFE0-.LFB0
 1070 0018 00000000 		.4byte	.LFB1
 1071 001c 2C000000 		.4byte	.LFE1-.LFB1
 1072 0020 00000000 		.4byte	.LFB2
 1073 0024 50000000 		.4byte	.LFE2-.LFB2
 1074 0028 00000000 		.4byte	.LFB3
 1075 002c 30000000 		.4byte	.LFE3-.LFB3
 1076 0030 00000000 		.4byte	.LFB4
 1077 0034 1C000000 		.4byte	.LFE4-.LFB4
 1078 0038 00000000 		.4byte	0
 1079 003c 00000000 		.4byte	0
 1080              		.section	.debug_ranges,"",%progbits
 1081              	.Ldebug_ranges0:
 1082 0000 06000000 		.4byte	.LBB12
 1083 0004 08000000 		.4byte	.LBE12
 1084 0008 0C000000 		.4byte	.LBB17
 1085 000c 1C000000 		.4byte	.LBE17
 1086 0010 00000000 		.4byte	0
 1087 0014 00000000 		.4byte	0
 1088 0018 00000000 		.4byte	.LFB0
 1089 001c 18000000 		.4byte	.LFE0
 1090 0020 00000000 		.4byte	.LFB1
ARM GAS  C:\Users\elias\AppData\Local\Temp\ccOmCkrC.s 			page 39


 1091 0024 2C000000 		.4byte	.LFE1
 1092 0028 00000000 		.4byte	.LFB2
 1093 002c 50000000 		.4byte	.LFE2
 1094 0030 00000000 		.4byte	.LFB3
 1095 0034 30000000 		.4byte	.LFE3
 1096 0038 00000000 		.4byte	.LFB4
 1097 003c 1C000000 		.4byte	.LFE4
 1098 0040 00000000 		.4byte	0
 1099 0044 00000000 		.4byte	0
 1100              		.section	.debug_line,"",%progbits
 1101              	.Ldebug_line0:
 1102 0000 C8000000 		.section	.debug_str,"MS",%progbits,1
 1102      02004500 
 1102      00000201 
 1102      FB0E0D00 
 1102      01010101 
 1103              	.LASF6:
 1104 0000 6C6F6E67 		.ascii	"long long int\000"
 1104      206C6F6E 
 1104      6720696E 
 1104      7400
 1105              	.LASF8:
 1106 000e 756E7369 		.ascii	"unsigned int\000"
 1106      676E6564 
 1106      20696E74 
 1106      00
 1107              	.LASF1:
 1108 001b 756E7369 		.ascii	"unsigned char\000"
 1108      676E6564 
 1108      20636861 
 1108      7200
 1109              	.LASF12:
 1110 0029 75696E74 		.ascii	"uint8\000"
 1110      3800
 1111              	.LASF5:
 1112 002f 6C6F6E67 		.ascii	"long unsigned int\000"
 1112      20756E73 
 1112      69676E65 
 1112      6420696E 
 1112      7400
 1113              	.LASF7:
 1114 0041 6C6F6E67 		.ascii	"long long unsigned int\000"
 1114      206C6F6E 
 1114      6720756E 
 1114      7369676E 
 1114      65642069 
 1115              	.LASF9:
 1116 0058 666C6F61 		.ascii	"float\000"
 1116      7400
 1117              	.LASF21:
 1118 005e 433A5C47 		.ascii	"C:\\Github\\Tesis\\src\\psoc\\AcondicionamientoAnal"
 1118      69746875 
 1118      625C5465 
 1118      7369735C 
 1118      7372635C 
 1119 008c 6F676963 		.ascii	"ogico.cydsn\000"
 1119      6F2E6379 
ARM GAS  C:\Users\elias\AppData\Local\Temp\ccOmCkrC.s 			page 40


 1119      64736E00 
 1120              	.LASF17:
 1121 0098 4F504161 		.ascii	"OPAadder_Init\000"
 1121      64646572 
 1121      5F496E69 
 1121      7400
 1122              	.LASF20:
 1123 00a6 47656E65 		.ascii	"Generated_Source\\PSoC5\\OPAadder.c\000"
 1123      72617465 
 1123      645F536F 
 1123      75726365 
 1123      5C50536F 
 1124              	.LASF11:
 1125 00c8 63686172 		.ascii	"char\000"
 1125      00
 1126              	.LASF25:
 1127 00cd 4F504161 		.ascii	"OPAadder_initVar\000"
 1127      64646572 
 1127      5F696E69 
 1127      74566172 
 1127      00
 1128              	.LASF4:
 1129 00de 6C6F6E67 		.ascii	"long int\000"
 1129      20696E74 
 1129      00
 1130              	.LASF10:
 1131 00e7 646F7562 		.ascii	"double\000"
 1131      6C6500
 1132              	.LASF22:
 1133 00ee 4F504161 		.ascii	"OPAadder_SetPower\000"
 1133      64646572 
 1133      5F536574 
 1133      506F7765 
 1133      7200
 1134              	.LASF3:
 1135 0100 73686F72 		.ascii	"short unsigned int\000"
 1135      7420756E 
 1135      7369676E 
 1135      65642069 
 1135      6E7400
 1136              	.LASF0:
 1137 0113 7369676E 		.ascii	"signed char\000"
 1137      65642063 
 1137      68617200 
 1138              	.LASF24:
 1139 011f 4F504161 		.ascii	"OPAadder_Start\000"
 1139      64646572 
 1139      5F537461 
 1139      727400
 1140              	.LASF14:
 1141 012e 6C6F6E67 		.ascii	"long double\000"
 1141      20646F75 
 1141      626C6500 
 1142              	.LASF18:
 1143 013a 4F504161 		.ascii	"OPAadder_Enable\000"
 1143      64646572 
 1143      5F456E61 
ARM GAS  C:\Users\elias\AppData\Local\Temp\ccOmCkrC.s 			page 41


 1143      626C6500 
 1144              	.LASF2:
 1145 014a 73686F72 		.ascii	"short int\000"
 1145      7420696E 
 1145      7400
 1146              	.LASF13:
 1147 0154 72656738 		.ascii	"reg8\000"
 1147      00
 1148              	.LASF23:
 1149 0159 706F7765 		.ascii	"power\000"
 1149      7200
 1150              	.LASF16:
 1151 015f 4F504161 		.ascii	"OPAadder_Stop\000"
 1151      64646572 
 1151      5F53746F 
 1151      7000
 1152              	.LASF15:
 1153 016d 73697A65 		.ascii	"sizetype\000"
 1153      74797065 
 1153      00
 1154              	.LASF19:
 1155 0176 474E5520 		.ascii	"GNU C11 5.4.1 20160609 (release) [ARM/embedded-5-br"
 1155      43313120 
 1155      352E342E 
 1155      31203230 
 1155      31363036 
 1156 01a9 616E6368 		.ascii	"anch revision 237715] -mcpu=cortex-m3 -mthumb -g -O"
 1156      20726576 
 1156      6973696F 
 1156      6E203233 
 1156      37373135 
 1157 01dc 33202D66 		.ascii	"3 -ffunction-sections -ffat-lto-objects -finline-fu"
 1157      66756E63 
 1157      74696F6E 
 1157      2D736563 
 1157      74696F6E 
 1158 020f 6E637469 		.ascii	"nctions -flto\000"
 1158      6F6E7320 
 1158      2D666C74 
 1158      6F00
 1159              		.comm	__gnu_lto_v1,1,1
 1160              		.ident	"GCC: (GNU Tools for ARM Embedded Processors) 5.4.1 20160609 (release) [ARM/embedded-5-bran
