ARM GAS  C:\Users\elias\AppData\Local\Temp\cclEDZwh.s 			page 1


   1              		.syntax unified
   2              		.cpu cortex-m3
   3              		.fpu softvfp
   4              		.eabi_attribute 20, 1
   5              		.eabi_attribute 21, 1
   6              		.eabi_attribute 23, 3
   7              		.eabi_attribute 24, 1
   8              		.eabi_attribute 25, 1
   9              		.eabi_attribute 26, 1
  10              		.eabi_attribute 30, 2
  11              		.eabi_attribute 34, 1
  12              		.eabi_attribute 18, 4
  13              		.thumb
  14              		.syntax unified
  15              		.file	"OPAadder_PM.c"
  16              		.text
  17              	.Ltext0:
  18              		.section	.gnu.lto_.profile.d286a54e,"",%progbits
  19 0000 789C6361 		.ascii	"x\234ca`d`a`\000\222\252\374\000\000\303\000?"
  19      60646061 
  19      600092AA 
  19      FC0000C3 
  19      003F
  20              		.text
  21              		.section	.gnu.lto_.icf.d286a54e,"",%progbits
  22 0000 789C6361 		.ascii	"x\234ca`d\000\001\005\006\004`eX?\363A\013\023#\230"
  22      60640001 
  22      05060460 
  22      65583FF3 
  22      410B1323 
  23 0015 64FA76BE 		.ascii	"d\372v\276{33\363\244\355\213\3572\263\374Z<\253\213"
  23      7B3333F3 
  23      A4ED8BEF 
  23      32B3FC5A 
  23      3CAB8B
  24 0028 950100ED 		.ascii	"\225\001\000\355\037\016)"
  24      1F0E29
  25              		.text
  26              		.section	.gnu.lto_.jmpfuncs.d286a54e,"",%progbits
  27 0000 789C6361 		.ascii	"x\234ca`d\000\001\001\006\004`\001b\240(\023\224\311"
  27      60640001 
  27      01060460 
  27      0162A028 
  27      1394C9
  28 0013 00000308 		.ascii	"\000\000\003\010\000!"
  28      0021
  29              		.text
  30              		.section	.gnu.lto_.inline.d286a54e,"",%progbits
  31 0000 789C6361 		.ascii	"x\234ca`d\000\2010\006\004`a``fbd`\0022\331\026\310"
  31      60640081 
  31      30060460 
  31      61606066 
  31      62646002 
  32 0018 8328A022 		.ascii	"\203(\240\"t\021&\006.N\240\010O\237\037B\021\027X3"
  32      74112606 
  32      2E4EA008 
  32      4F9F1F42 
ARM GAS  C:\Users\elias\AppData\Local\Temp\cclEDZwh.s 			page 2


  32      11175833 
  33 002c 3B3B509C 		.ascii	";;P\234\355\203\036\2528\003\000\364\316\005\334"
  33      ED831EAA 
  33      380300F4 
  33      CE05DC
  34              		.text
  35              		.section	.gnu.lto_.pureconst.d286a54e,"",%progbits
  36 0000 789C6361 		.ascii	"x\234ca`d\340d```a\0002\230\244X$\000\001y\000L"
  36      6064E064 
  36      60606061 
  36      003298A4 
  36      58240001 
  37              		.text
  38              		.section	.gnu.lto_OPAadder_SaveConfig.d286a54e,"",%progbits
  39 0000 789C6361 		.ascii	"x\234ca`d\000\201j V\007bi fdf`d\232p\216\201\241\221"
  39      60640081 
  39      6A205607 
  39      62692066 
  39      64666064 
  40 001a 83899111 		.ascii	"\203\211\221\021\304h\340`d\250gb\254g\374\312\364\227"
  40      C468E060 
  40      64A86762 
  40      AC67FCCA 
  40      F497
  41 002c 89F150FB 		.ascii	"\211\361P\373\263\235L\232\313\033\200\340\301\322\311"
  41      B39D4C9A 
  41      CB1B80E0 
  41      C1D2C9
  42 003b CC0D2B0E 		.ascii	"\314\015+\0160\266230\374g\002\233\304\300\270\234Q"
  42      30B63233 
  42      30FC6702 
  42      9BC4C0B8 
  42      9C51
  43 004d 9301A8EC 		.ascii	"\223\001\250\354\321\306\177Sy\331Z@\312\024 \222\214"
  43      D1C67F53 
  43      79D95A40 
  43      CA142092 
  43      8C
  44 005e 2B18D940 		.ascii	"+\030\331@\326\255\017:\320\360\377\177s\303\201\271"
  44      D6AD0F3A 
  44      D0F0FF7F 
  44      73C381B9 
  45 006e AC0F9980 		.ascii	"\254\017\231\200\022\037\200\030d\315G \007H3\277bd"
  45      121F8018 
  45      64CD4720 
  45      074833BF 
  45      6264
  46 0080 0229059B 		.ascii	"\002)\005\233\366\201\211\021$\006T\241\352\236\232"
  46      F6818911 
  46      240654A1 
  46      EA9E9A
  47 008f 975A9458 		.ascii	"\227Z\224X\222\232\022\037\234_Z\224\234\032\023\020"
  47      929A121F 
  47      9C5F5A94 
  47      9C1A1310 
  48 009f 9CEF6C1A 		.ascii	"\234\357l\032\343\037\340\230\230\222\222Z\024\037\340"
  48      E31FE098 
ARM GAS  C:\Users\elias\AppData\Local\Temp\cclEDZwh.s 			page 3


  48      9892925A 
  48      141FE0
  49 00ae AB97CC00 		.ascii	"\253\227\314\000\000i\3569\217"
  49      0069EE39 
  49      8F
  50              		.text
  51              		.section	.gnu.lto_OPAadder_RestoreConfig.d286a54e,"",%progbits
  52 0000 789C6361 		.ascii	"x\234ca`d\000\201j V\007bi fdf`d\232p\216\201\241\221"
  52      60640081 
  52      6A205607 
  52      62692066 
  52      64666064 
  53 001a 83899111 		.ascii	"\203\211\221\021\304h\340`d\250gb\254g\374\312\364\227"
  53      C468E060 
  53      64A86762 
  53      AC67FCCA 
  53      F497
  54 002c 89F150FB 		.ascii	"\211\361P\373\263\235L\232\313\033\200\340\301\322y"
  54      B39D4C9A 
  54      CB1B80E0 
  54      C1D279
  55 003b CC0D2B0E 		.ascii	"\314\015+\0160\266230\374g\002\233\304\300\270\234Q"
  55      30B63233 
  55      30FC6702 
  55      9BC4C0B8 
  55      9C51
  56 004d 9301A8EC 		.ascii	"\223\001\250\354\321\306\177Sy\331Z@\312\024 \222\214"
  56      D1C67F53 
  56      79D95A40 
  56      CA142092 
  56      8C
  57 005e 2B18D940 		.ascii	"+\030\331@\326\255\017:\320\360\377\177s\303\201\257"
  57      D6AD0F3A 
  57      D0F0FF7F 
  57      73C381AF 
  58 006e AC1F9981 		.ascii	"\254\037\231\201\022\037\200\030d\315G&&\020\315\374"
  58      121F8018 
  58      64CD4726 
  58      2610CDFC 
  59 007e 8A9109A4 		.ascii	"\212\221\011\244\024l\332\007&F\220\030P\205\252{j^"
  59      146CDA07 
  59      26469018 
  59      5085AA7B 
  59      6A5E
  60 0090 6A516249 		.ascii	"jQbIjJ|p~iQrjL@p\276\263i\214\177\200cbJJjQ|\200\257"
  60      6A4A7C70 
  60      7E695172 
  60      6A4C4070 
  60      BEB3698C 
  61 00af 5E320300 		.ascii	"^2\003\000\222\006:\003"
  61      92063A03 
  62              		.text
  63              		.section	.gnu.lto_OPAadder_Sleep.d286a54e,"",%progbits
  64 0000 789C8D91 		.ascii	"x\234\215\221\317k\023Q\020\307\347\373\336\356f\015"
  64      CF6B1351 
  64      10C7E7FB 
  64      DEEE660D 
ARM GAS  C:\Users\elias\AppData\Local\Temp\cclEDZwh.s 			page 4


  65 0010 86E60F28 		.ascii	"\206\346\017(\342E\244\027+\202\307\012\"\330S1\330"
  65      E245A417 
  65      2B82C70A 
  65      22D85331 
  65      D8
  66 0021 6BA18466 		.ascii	"k\241\204f\257\026\203\236\363\322\315\032+(\275\330"
  66      AF16839E 
  66      F3D2CD1A 
  66      2B28BDD8 
  67 0031 40417A11 		.ascii	"@Az\021Z\177\324$j\253\301\313\032\354\255\264x\020"
  67      5A7FD424 
  67      6AABC1CB 
  67      1AECADB4 
  67      7810
  68 0043 0F15FC71 		.ascii	"\017\025\374q\010\022\212\244\320\"\021\3338\263K\253"
  68      08128AA4 
  68      D02211DB 
  68      38B34BAB 
  69 0053 208803BB 		.ascii	" \210\003\273\357\355\274\357\314|\366\373,\002Id\025"
  69      EFEDBCEF 
  69      CC7CF6FB 
  69      2C024964 
  69      15
  70 0064 D1495ECF 		.ascii	"\321I^\317\361\003\207\240f\326\211\212\256R\272\222"
  70      F10387A0 
  70      66D6898A 
  70      AE52BA92 
  71 0074 2693B4BA 		.ascii	"&\223\264\272Cd\216j\330q\332:\330\330\200l\214\013"
  71      43648E6A 
  71      D871DA3A 
  71      D8D8806C 
  71      8C0B
  72 0086 2A286DD9 		.ascii	"*(m\331(`W\355)4\313\255\206\032X0\034\237V\333\247"
  72      286057ED 
  72      2934CBAD 
  72      861A5830 
  72      1C9F56DB 
  73 009b CD628840 		.ascii	"\315b\210@\023\365T4\214\260\200\001b\331\227\372\376"
  73      13F55434 
  73      8CB08001 
  73      62D997FA 
  73      FE
  74 00ac DD945312 		.ascii	"\335\224S\022\331\361\370\020\213p\204\250z94\275\236"
  74      D9F1F810 
  74      8B7084A8 
  74      7A3934BD 
  74      9E
  75 00bd 6FC2F7CE 		.ascii	"o\302\367\316\353\331\204\253(\320\260\344E\324a\235"
  75      EBD984AB 
  75      28D0B0E4 
  75      45D4619D 
  76 00cd 0CDD564A 		.ascii	"\014\335VJV\335B\363\307\255osg\244\324\327\026\267"
  76      56DD42F3 
  76      C7AD6F73 
  76      67A4D4D7 
  76      16B7
  77 00df 9D0D9A1B 		.ascii	"\235\015\232\033\211\035\025h\005\231\262~\273\\u\343"
ARM GAS  C:\Users\elias\AppData\Local\Temp\cclEDZwh.s 			page 5


  77      891D1568 
  77      0599B27E 
  77      BB5C75E3 
  78 00ef CFFBE5A2 		.ascii	"\317\373\345\242\021\305\253\215\225\231\276y\334+\226"
  78      11C5AB8D 
  78      9599BE79 
  78      DC2B96
  79 00fe 984BE321 		.ascii	"\230K\343!\372\361\000\375<\376\021\346A-\370?/\222"
  79      FAF100FD 
  79      3CFE11E6 
  79      412DF83F 
  79      2F92
  80 0110 AF55DC6E 		.ascii	"\257U\334n\265\367=\354\223z@\3411\313>\243\264\351"
  80      B5F73DEC 
  80      937A40E1 
  80      31CB3EA3 
  80      B4E9
  81 0122 1F8BE7C9 		.ascii	"\037\213\347\311\337V\267\032\335T, ,I\037\022<M\225"
  81      DF56B71A 
  81      DD542C20 
  81      2C491F12 
  81      3C4D95
  82 0135 34D34DED 		.ascii	"4\323M\355\324>\274=\"\352?\321\254\010\255\321\330"
  82      D43EBC3D 
  82      22EA3FD1 
  82      AC08ADD1 
  82      D8
  83 0146 DA4C14F6 		.ascii	"\332L\024\366\314Mc\322\234\233f\217$\335^{\367&)x&"
  83      CC4D63D2 
  83      9C9B668F 
  83      24DD5E7B 
  83      F7262978 
  84 015b CADBA8B2 		.ascii	"\312\333\250\262\261O\2441\037\336yY\233v\007\227\304"
  84      B14FA431 
  84      1FDE7959 
  84      9B760797 
  84      C4
  85 016c 347335D0 		.ascii	"4s5\320\016j\314\274\0379\213:\006Y\261\\^\253'e\210"
  85      0E6ACCBC 
  85      1F398B3A 
  85      0659B15C 
  85      5EAB2765 
  86 0181 03E02997 		.ascii	"\003\340)\227}\205\037\356\336H\011\303\337S\023=\266"
  86      7D851FEE 
  86      DE4809C3 
  86      DF53133D 
  86      B6
  87 0192 89F00C05 		.ascii	"\211\360\014\005\366\327\215\310-\352\016E\344\235\217"
  87      F6D78DC8 
  87      2DEA0E45 
  87      E49D8F
  88 01a1 87E4FF8B 		.ascii	"\207\344\377\213\372\374_\250\313\277QW\"\324C?\370"
  88      FAFC5FA8 
  88      CBBF5157 
  88      22D4433F 
  88      F8
  89 01b2 D6F122B2 		.ascii	"\326\361\"\262n[\331\321\275\2661\025V\206#f\211\016"
ARM GAS  C:\Users\elias\AppData\Local\Temp\cclEDZwh.s 			page 6


  89      6E5BD9D1 
  89      BDB63115 
  89      56862366 
  89      890E
  90 01c4 53729A8B 		.ascii	"Sr\232\213O\014{W\274|\366\232\227\033\037\235\274\236"
  90      4F0C7B57 
  90      BC7CF69A 
  90      971B1F9D 
  90      BC9E
  91 01d6 9FF0C632 		.ascii	"\237\360\3062\243\223\027\316\216]\312\234\317\346r"
  91      A39317CE 
  91      8E5DCA9C 
  91      CFE672
  92 01e5 5E7E3C33 		.ascii	"^~<3rj\202~\001\024l\345J"
  92      726A827E 
  92      01146CE5 
  92      4A
  93              		.text
  94              		.section	.gnu.lto_OPAadder_Wakeup.d286a54e,"",%progbits
  95 0000 789C654F 		.ascii	"x\234eO\277KBQ\030\375\276{\337\323\207\030\366\007"
  95      BF4B4251 
  95      18FDBE7B 
  95      DFD38718 
  95      F607
  96 0012 44B44438 		.ascii	"D\264D8\224\015\265\006\321\020\004\221$m\202\210\276"
  96      940DB506 
  96      D1100491 
  96      246D8288 
  96      BE
  97 0023 35416A7E 		.ascii	"5Aj~W\237\257r\211 \262)\234B\373]\320\220M/\021\003"
  97      579FAF72 
  97      8920B229 
  97      9C42FB5D 
  97      D0904D2F 
  98 0039 899A5A6A 		.ascii	"\211\232Zj\251\006\011iP\310Q_\337}\015\015\035\270"
  98      A9060969 
  98      50C8515F 
  98      DF7D0D0D 
  98      1DB8
  99 004b 7C9773CF 		.ascii	"|\227s\317\271\347|\012 H\254\320\030\2439E\007U@\266"
  99      B9E77C0A 
  99      2048ACD0 
  99      18A33945 
  99      075540B6 
 100 005f F30890D1 		.ascii	"\363\010\220\321\030\343\365\000\010\237\322\230\001"
 100      18E3F500 
 100      089FD298 
 100      01
 101 006c E1E7A8FC 		.ascii	"\341\347\250\374\322\012\242\274\010\015\301`\\A\003"
 101      D20AA2BC 
 101      080DC160 
 101      5C4103
 102 007b BBACC7B0 		.ascii	"\273\254\307\260\272\331\254\260`I\020\336\016\373\223"
 102      BAD9ACB0 
 102      604910DE 
 102      0EFB93
 103 008a A26CA3C5 		.ascii	"\242l\243\305\001\034\346F\000\2260\010$\373\270\352"
ARM GAS  C:\Users\elias\AppData\Local\Temp\cclEDZwh.s 			page 7


 103      011CE646 
 103      00963008 
 103      24FBB8EA 
 104 009a EF0D7872 		.ascii	"\357\015xrR6\362\373\210e\364\310\036\027\313\266p\034"
 104      5236F2FB 
 104      8865F4C8 
 104      1E17CBB6 
 104      701C
 105 00ac 53D85DEF 		.ascii	"S\330]\357]\301\247r\2608\321m\222\310\270\016cr\362"
 105      5DC1A772 
 105      B038D16D 
 105      92C8B80E 
 105      6372F2
 106 00bf 26666F3B 		.ascii	"&fo;NG\225.\223s\372\261`U\237\274\337\314\342\014e"
 106      4E47952E 
 106      9373FAB1 
 106      60559FBC 
 106      DFCCE20C 
 107 00d4 40A5F2F5 		.ascii	"@\245\362\365\3525zbK\210A\342\362\324A\322\255\207"
 107      EA357A62 
 107      4B8841E2 
 107      F2D441D2 
 107      AD87
 108 00e6 E79AAF88 		.ascii	"\347\232\257\210\007\031\341\362\034\217\251\370\021"
 108      0719E1F2 
 108      1C8FA9F8 
 108      11
 109 00f3 0EB98FDB 		.ascii	"\016\271\217\3337\227y-4n\3216'X\304\276\333\031O1\004"
 109      3797792D 
 109      346ED136 
 109      2758C4BE 
 109      DB194F31 
 110 0108 EF987B31 		.ascii	"\357\230{1\207\377\302\256k\367\033\232\014C\302\231"
 110      87FFC2AE 
 110      6BF71B9A 
 110      0C43C299 
 111 0118 B483ECC6 		.ascii	"\264\203\354\306\241\036\340\237h\332\273\015\277\024"
 111      A11EE09F 
 111      68DABB0D 
 111      BF14
 112 0126 FF2FA23A 		.ascii	"\377/\242:T\017\360\034\015\332\313\343\232\024w\241"
 112      540FF01C 
 112      0DDACBE3 
 112      9A1477A1 
 113 0136 1666EDFD 		.ascii	"\026f\355\375\005\327$\321&\031\321\324`t^_\325\323"
 113      05D724D1 
 113      2619D1D4 
 113      60745E5F 
 113      D5D3
 114 0148 F1353D19 		.ascii	"\3615=\031\213\244\326\323\011=\032\216\244\346\246"
 114      8BA4D6D3 
 114      093D1A8E 
 114      A4E6A6
 115 0157 A34BE1D9 		.ascii	"\243K\341\331x2\251\247c\341\305\211\004\374\000\233"
 115      7832A9A7 
 115      63E1C589 
 115      04FC009B 
ARM GAS  C:\Users\elias\AppData\Local\Temp\cclEDZwh.s 			page 8


 116 0167 658676   		.ascii	"e\206v"
 117              		.text
 118              		.section	.gnu.lto_.symbol_nodes.d286a54e,"",%progbits
 119 0000 789C558A 		.ascii	"x\234U\212\271\015\2000\020\004\347\036\273\000b\007"
 119      B90D8030 
 119      1004E71E 
 119      BB006207 
 120 0010 D027D2B9 		.ascii	"\320'\322\271\004\212\240\012D\015TA\033H\234\210\360"
 120      048AA00A 
 120      440D5441 
 120      1B489C88 
 120      F0
 121 0021 26AB995D 		.ascii	"&\253\231]GX\311\250\004l\027d\035}I\241!\243\260\320"
 121      4758C9A8 
 121      046C1764 
 121      1D7D49A1 
 121      21A3B0D0 
 122 0035 4114E813 		.ascii	"A\024\350\023\230z\3300H\011\377D\036\372\234\\\243"
 122      987AD830 
 122      4809FF44 
 122      1EFA9C5C 
 122      A3
 123 0046 FCD9B4B0 		.ascii	"\374\331\264\260?\315\274r\237\215\027_\015\031\260"
 123      3FCDBC72 
 123      9F8D175F 
 123      0D19B0
 124              		.text
 125              		.section	.gnu.lto_.refs.d286a54e,"",%progbits
 126 0000 789C6361 		.ascii	"x\234ca`d\340c```bbdfadfcda`fd\000\000\002y\0003"
 126      6064E063 
 126      60606062 
 126      62646661 
 126      64666364 
 127              		.text
 128              		.section	.gnu.lto_.decls.d286a54e,"",%progbits
 129 0000 789C8D94 		.ascii	"x\234\215\224\177LSW\024\307\357y\257\345\307k\205D"
 129      7F4C5357 
 129      14C7EF79 
 129      AFE5C76B 
 129      8544
 130 0012 3643B2FE 		.ascii	"6C\262\376\301\210$\375cA\331\262\305?\207\215\272d"
 130      C18824FD 
 130      6341D9B2 
 130      C53F878D 
 130      BA64
 131 0024 D946ACB8 		.ascii	"\331F\254\270d!!\005\236\316@hW\213\211\331?\027\250"
 131      64212105 
 131      9ECE4068 
 131      578B89D9 
 131      3F17A8
 132 0037 73E38FA9 		.ascii	"s\343\217\251sj`#8\026\235\216\037-\264\2108\006\245"
 132      736A6023 
 132      38169D8E 
 132      1F2DB488 
 132      3806A5
 133 004a 0E0481B9 		.ascii	"\016\004\201\271ehD\267\254\011\376\210\311\2660%\032"
 133      656844B7 
ARM GAS  C:\Users\elias\AppData\Local\Temp\cclEDZwh.s 			page 9


 133      AC09FE88 
 133      C9B63025 
 133      1A
 134 005b D36177EE 		.ascii	"\323aw\356}\357\365\026S\346nz\336\273\347\275\363\375"
 134      7DEFF516 
 134      53E66E7A 
 134      DEBBE7BD 
 134      F3FD
 135 006d 9C73CFBD 		.ascii	"\234s\317\275\257&\002\204\215~3!/\340t#Z\002\007\272"
 135      AF260284 
 135      8D7E3321 
 135      2FE07423 
 135      5A0207BA 
 136 0081 64271123 		.ascii	"d'\021#\003\255\007-\200\326\207\026B\033@\033Dc\204"
 136      03AD072D 
 136      80D68716 
 136      421B401B 
 136      446384
 137 0094 71B272F4 		.ascii	"q\262r\364\350\317\015\006\350\317\236\036\2014q\201"
 137      E8CF0D06 
 137      E8CF9E1E 
 137      81347181 
 138 00a4 34712C67 		.ascii	"4q,g\266\036gC\273\2146\2116\215v\021m\004m\006\255"
 138      B61E6743 
 138      BB8C3689 
 138      368D7611 
 138      6D046D06 
 139 00b9 5B678CA2 		.ascii	"[g\214\242I\272n`\225\032\331\0322S\230\317b\205\376"
 139      49BA6E60 
 139      951AD91A 
 139      325398CF 
 139      6285FE
 140 00cc 63BDCB12 		.ascii	"c\275\313\022$:\302\207\262n\302<\310Do*\001\320\256"
 140      243AC287 
 140      B26EC23C 
 140      C8446F2A 
 140      01D0AE
 141 00df C08D68C6 		.ascii	"\300\215h\306]\234HD\233\030\217\222\203\350!\2221\025"
 141      5D9C4844 
 141      9B188F92 
 141      83E82192 
 141      3115
 142 00f1 30FED3F5 		.ascii	"0\376\323\365\2200\006\207\010:\350\"\3157\372\252\213"
 142      90300687 
 142      083AE822 
 142      CD37FAAA 
 142      8B
 143 0102 40120940 		.ascii	"@\022\011@s\015E\012\357\251\212\214\232\2154\274\035"
 143      730D450A 
 143      EFA98A8C 
 143      9A8D34BC 
 143      1D
 144 0113 7CD1771E 		.ascii	"|\321w\036\036\275j\221%`\363\337\037\237\331Z\334M"
 144      1EBD6A91 
 144      2560F3DF 
 144      1F9FD95A 
 144      DC4D
ARM GAS  C:\Users\elias\AppData\Local\Temp\cclEDZwh.s 			page 10


 145 0125 711CA654 		.ascii	"q\034\246T*\026\235\371\331\037\374R^\222`\255\002&"
 145      2A169DF9 
 145      D91FFC52 
 145      5E9260AD 
 145      0226
 146 0137 74FF9E6D 		.ascii	"t\377\236m[\310A\3679\005\012\320]\236\372\242M\312"
 146      5BC841F7 
 146      39050AD0 
 146      5D9EFAA2 
 146      4DCA
 147 0149 3FCE75CD 		.ascii	"?\316u\315\264\300\004;\327A\027\330\340[\300M\201n"
 147      B4C0043B 
 147      D74117D8 
 147      E05BC04D 
 147      816E
 148 015b C8C76B95 		.ascii	"\310\307k\225I#E\373Nw\344\024\236\244\213A\032K\204"
 148      492345FB 
 148      4E77E414 
 148      9EA48B41 
 148      1A4B84
 149 016e 5F6EA511 		.ascii	"_n\245\021?\245\215\022\213\2023 \303Y`i\331\224\335"
 149      3FA58D12 
 149      8B823320 
 149      C3596069 
 149      D994DD
 150 0181 BE819B58 		.ascii	"\276\201\233Xo\017\024\242\362\372\241\337F\263\345"
 150      6F0F14A2 
 150      F2FAA1DF 
 150      46B3E5
 151 0190 2DBCD0D9 		.ascii	"-\274\320\331\305G\023:%r_\245\237P\332d\342\210^\201"
 151      C547133A 
 151      25725FA5 
 151      9F50DA64 
 151      E2885E81 
 152 01a4 E84D4504 		.ascii	"\350ME\0048\342\363\366+\263\222\\\301\021\037\235\232"
 152      38E2F3F6 
 152      2BB3925C 
 152      C1111F9D 
 152      9A
 153 01b5 8F4A8838 		.ascii	"\217J\2108\211\210\271\011+=\334H\351\353\234\021\024"
 153      8988B909 
 153      2B3DDC48 
 153      E9EB9C11 
 153      14
 154 01c6 8C602AA3 		.ascii	"\214`*\243\2173\256\304\246\307\314r-g\3745p\243\313"
 154      8F33AEC4 
 154      A6C7CC72 
 154      2D67FC35 
 154      70A3CB
 155 01d9 AA33EE5F 		.ascii	"\2523\356_Je\364\013F\177*#\304\031q\3329e\222?\344"
 155      4A65F40B 
 155      467F2A23 
 155      C41971DA 
 155      3965923F 
 156 01ee 8C60F3C1 		.ascii	"\214`\363\301\367\020\021\2434\326\337\362Z+\215j\013"
 156      F71011A3 
 156      34D6DFF2 
ARM GAS  C:\Users\elias\AppData\Local\Temp\cclEDZwh.s 			page 11


 156      5A2B8D6A 
 156      0B
 157 01ff 090B4098 		.ascii	"\011\013@\230\003p2\300\305=\361\301\270E\356\006\256"
 157      037032C0 
 157      C53DF1C1 
 157      B845EE06 
 157      AE
 158 0210 EE8C8F74 		.ascii	"\356\214\217t\344j\362\310C\325\237\315\265\347\204"
 158      E46AF2C8 
 158      43D59FCD 
 158      B5E784
 159 021f F69CA11D 		.ascii	"\366\234\241\035\344\332\243\267?\0352\313\303\2326"
 159      E4DAA3B7 
 159      3F1D32CB 
 159      C39A36
 160 022e 7AFCD739 		.ascii	"z\374\3279\253<\2439\201\003\267\316f\341\226\332\024"
 160      AB3CA339 
 160      8103B7CE 
 160      66E196DA 
 160      14
 161 023f 4800F3FF 		.ascii	"H\000\363\377\030z\274F\363\331\353\326#\013O,\362u"
 161      187ABC46 
 161      F3D9EBD6 
 161      230B4F2C 
 161      F275
 162 0251 1E2BFDB2 		.ascii	"\036+\375\262\320u\317\004v\3454\333\361\330\362\217"
 162      D075CF04 
 162      76E534DB 
 162      F1D8F28F 
 163 0261 75270EE2 		.ascii	"u'\016\342q\201\021P`X\244\266)x\375\030w\206.v\322"
 163      71811150 
 163      6058A4B6 
 163      2978FD18 
 163      77862E76 
 164 0276 8C7C02AF 		.ascii	"\214|\002\257\330`\243\215\300\367`gT\026\005\337\341"
 164      D860A38D 
 164      C0F76067 
 164      541605DF 
 164      E1
 165 0287 29B980A7 		.ascii	")\271\200\247dY\222\347&\006OY`}\236\275\223Ib\241\226"
 165      645992E7 
 165      26064F59 
 165      607D9EBD 
 165      934962A1 
 166 029c 97DA7B29 		.ascii	"\227\332{)m\316\340\330!\304F \317@l`\347\252\204}\361"
 166      6DCEE0D8 
 166      21C44620 
 166      CF406C60 
 166      E7AA847D 
 167 02b1 4758098B 		.ascii	"GX\011\213M\224\302\007F\002\302#\021\017c\230i\024"
 167      4D94C207 
 167      4602C223 
 167      110F6398 
 167      6914
 168 02c3 D6F306F0 		.ascii	"\326\363\006\360Z#\355*\245Y\354=\321\253\324\317\367"
 168      5A23ED2A 
 168      A559EC3D 
ARM GAS  C:\Users\elias\AppData\Local\Temp\cclEDZwh.s 			page 12


 168      D1ABD4CF 
 168      F7
 169 02d4 8D27FF04 		.ascii	"\215'\377\004e\231J\332\362\036\\\035\316\204<{\032"
 169      65994ADA 
 169      F21E5C1D 
 169      CE843C7B 
 169      1A
 170 02e5 36FC80C8 		.ascii	"6\374\200\310\325\361\241\347\021q\021_GE\033X2\236"
 170      D5F1A1E7 
 170      1171115F 
 170      47451B58 
 170      329E
 171 02f7 E3C0D87C 		.ascii	"\343\300\330|(\273\350kJq\267\022\301\322\245&\372\006"
 171      28BBE86B 
 171      4A71B712 
 171      C1D2A526 
 171      FA06
 172 0309 8F3DAFC5 		.ascii	"\217=\257\305&\253?\317\377~\306\241\0105K\376\007\327"
 172      26AB3FCF 
 172      FF7EC6A1 
 172      08354BFE 
 172      07D7
 173 031b 32146C62 		.ascii	"2\024lb\363\377j\"\314\336\373*\221)\237\320\326\021"
 173      F3FF6A22 
 173      CCDEFB2A 
 173      91299FD0 
 173      D611
 174 032d 3AD67A2C 		.ascii	":\326z,\023\024{\032\371T\032\271\261\233\345m\2375"
 174      13147B1A 
 174      F9541AB9 
 174      B19BE56D 
 174      9F35
 175 033f D20298C4 		.ascii	"\322\002\230\304\266_\022\313\230\000E[F\370\247?\003"
 175      B65F12CB 
 175      9800455B 
 175      46F8A73F 
 175      03
 176 0350 666B0BDB 		.ascii	"fk\013\333$\374\330\327N\346\360H\361\271_\006+?pxg"
 176      24FCD8D7 
 176      4EE6F048 
 176      F1B95F06 
 176      2B3F7078 
 177 0365 A77B7CCA 		.ascii	"\247{|\312\237\273\"\232-YDO\353\321\323<:~;p\327\272"
 177      9FBB229A 
 177      2D59444F 
 177      EBD1D33C 
 177      3A7E3B70 
 178 037b 229A1D67 		.ascii	"\"\232\035g\021=\003V\243\036\234\222\274w\312J]55\252"
 178      113D0356 
 178      A31E9C92 
 178      BC77CA4A 
 178      5D3535AA 
 179 038f B7D2E9DA 		.ascii	"\267\322\351\332\247:\334\365\273\366\354\316\332\366"
 179      A73ADCF5 
 179      BBF6ECCE 
 179      DAF6
 180 039d 767981A3 		.ascii	"vy\201\243\244\204\024mS\353U\257\313\247\326T:\335"
ARM GAS  C:\Users\elias\AppData\Local\Temp\cclEDZwh.s 			page 13


 180      A484146D 
 180      53EB55AF 
 180      CBA7D654 
 180      3ADD
 181 03af 0DDE6AB5 		.ascii	"\015\336j\265\242\314\351v\274Z\221\324\224\275U\\M"
 181      A2CCE976 
 181      BC5A91D4 
 181      94BD555C 
 181      4D
 182 03c0 D625DDED 		.ascii	"\326%\335\355\352^\237\333\253Sr\004\271NU=\271I\367"
 182      EA5E9FDB 
 182      AB537204 
 182      B94E553D 
 182      B949F7
 183 03d3 5D57ADDA 		.ascii	"]W\255\332\340Y#^\373\334\236\302gd*~\237\010\300\226"
 183      E059235E 
 183      FBDC9EC2 
 183      67642A7E 
 183      9F08C096 
 184 03e7 7A57559D 		.ascii	"zWU\235*\374*Wum\203\307\242\362\307N\037R\314\015{"
 184      2AFC2A57 
 184      756D83C7 
 184      A2F2C74E 
 184      1F52CC0D 
 185 03fc EA7D9B5E 		.ascii	"\352}\233^\\\005Z\275\337\267\337\243\356E\246(}s\251"
 185      5C055ABD 
 185      DFB7DFA3 
 185      EE45A628 
 185      7D73A9
 186 040f E3CDF2B2 		.ascii	"\343\315\362\262J\347\216\355\345\216\035&\257\272{"
 186      4AE78EED 
 186      E58E1D26 
 186      AFBA7B
 187 041e D3BFCBC1 		.ascii	"\323\277\313\301\010p"
 187      0870
 188              		.text
 189              		.section	.gnu.lto_.symtab.d286a54e,"",%progbits
 190 0000 4F504161 		.ascii	"OPAadder_SaveConfig\000"
 190      64646572 
 190      5F536176 
 190      65436F6E 
 190      66696700 
 191 0014 00       		.ascii	"\000"
 192 0015 00       		.ascii	"\000"
 193 0016 00       		.ascii	"\000"
 194 0017 00000000 		.ascii	"\000\000\000\000\000\000\000\000"
 194      00000000 
 195 001f AD000000 		.ascii	"\255\000\000\000"
 196 0023 4F504161 		.ascii	"OPAadder_RestoreConfig\000"
 196      64646572 
 196      5F526573 
 196      746F7265 
 196      436F6E66 
 197 003a 00       		.ascii	"\000"
 198 003b 00       		.ascii	"\000"
 199 003c 00       		.ascii	"\000"
 200 003d 00000000 		.ascii	"\000\000\000\000\000\000\000\000"
ARM GAS  C:\Users\elias\AppData\Local\Temp\cclEDZwh.s 			page 14


 200      00000000 
 201 0045 AF000000 		.ascii	"\257\000\000\000"
 202 0049 4F504161 		.ascii	"OPAadder_Sleep\000"
 202      64646572 
 202      5F536C65 
 202      657000
 203 0058 00       		.ascii	"\000"
 204 0059 00       		.ascii	"\000"
 205 005a 00       		.ascii	"\000"
 206 005b 00000000 		.ascii	"\000\000\000\000\000\000\000\000"
 206      00000000 
 207 0063 B1000000 		.ascii	"\261\000\000\000"
 208 0067 4F504161 		.ascii	"OPAadder_Wakeup\000"
 208      64646572 
 208      5F57616B 
 208      65757000 
 209 0077 00       		.ascii	"\000"
 210 0078 00       		.ascii	"\000"
 211 0079 00       		.ascii	"\000"
 212 007a 00000000 		.ascii	"\000\000\000\000\000\000\000\000"
 212      00000000 
 213 0082 B3000000 		.ascii	"\263\000\000\000"
 214 0086 4F504161 		.ascii	"OPAadder_Stop\000"
 214      64646572 
 214      5F53746F 
 214      7000
 215 0094 00       		.ascii	"\000"
 216 0095 02       		.ascii	"\002"
 217 0096 00       		.ascii	"\000"
 218 0097 00000000 		.ascii	"\000\000\000\000\000\000\000\000"
 218      00000000 
 219 009f B5000000 		.ascii	"\265\000\000\000"
 220 00a3 4F504161 		.ascii	"OPAadder_Enable\000"
 220      64646572 
 220      5F456E61 
 220      626C6500 
 221 00b3 00       		.ascii	"\000"
 222 00b4 02       		.ascii	"\002"
 223 00b5 00       		.ascii	"\000"
 224 00b6 00000000 		.ascii	"\000\000\000\000\000\000\000\000"
 224      00000000 
 225 00be B7000000 		.ascii	"\267\000\000\000"
 226              		.text
 227              		.section	.gnu.lto_.opts,"",%progbits
 228 0000 272D666D 		.ascii	"'-fmath-errno' '-fsigned-zeros' '-ftrapping-math' '"
 228      6174682D 
 228      6572726E 
 228      6F272027 
 228      2D667369 
 229 0033 2D666E6F 		.ascii	"-fno-trapv' '-fno-openmp' '-fno-openacc' '-mcpu=cor"
 229      2D747261 
 229      70762720 
 229      272D666E 
 229      6F2D6F70 
 230 0066 7465782D 		.ascii	"tex-m3' '-mthumb' '-g' '-O3' '-ffunction-sections' "
 230      6D332720 
 230      272D6D74 
ARM GAS  C:\Users\elias\AppData\Local\Temp\cclEDZwh.s 			page 15


 230      68756D62 
 230      2720272D 
 231 0099 272D6666 		.ascii	"'-ffat-lto-objects' '-finline-functions' '-flto'\000"
 231      61742D6C 
 231      746F2D6F 
 231      626A6563 
 231      74732720 
 232              		.text
 233              		.cfi_sections	.debug_frame
 234              		.section	.text.OPAadder_SaveConfig,"ax",%progbits
 235              		.align	2
 236              		.global	OPAadder_SaveConfig
 237              		.thumb
 238              		.thumb_func
 239              		.type	OPAadder_SaveConfig, %function
 240              	OPAadder_SaveConfig:
 241              	.LFB5:
 242              		.cfi_startproc
 243              		@ args = 0, pretend = 0, frame = 0
 244              		@ frame_needed = 0, uses_anonymous_args = 0
 245              		@ link register save eliminated.
 246 0000 7047     		bx	lr
 247              		.cfi_endproc
 248              	.LFE5:
 249              		.size	OPAadder_SaveConfig, .-OPAadder_SaveConfig
 250 0002 00BF     		.section	.text.OPAadder_RestoreConfig,"ax",%progbits
 251              		.align	2
 252              		.global	OPAadder_RestoreConfig
 253              		.thumb
 254              		.thumb_func
 255              		.type	OPAadder_RestoreConfig, %function
 256              	OPAadder_RestoreConfig:
 257              	.LFB1:
 258              		.file 1 "Generated_Source\\PSoC5\\OPAadder_PM.c"
   1:Generated_Source\PSoC5/OPAadder_PM.c **** /*******************************************************************************
   2:Generated_Source\PSoC5/OPAadder_PM.c **** * File Name: OPAadder_PM.c
   3:Generated_Source\PSoC5/OPAadder_PM.c **** * Version 1.90
   4:Generated_Source\PSoC5/OPAadder_PM.c **** *
   5:Generated_Source\PSoC5/OPAadder_PM.c **** * Description:
   6:Generated_Source\PSoC5/OPAadder_PM.c **** *  This file provides the power management source code to the API for the 
   7:Generated_Source\PSoC5/OPAadder_PM.c **** *  OpAmp (Analog Buffer) component.
   8:Generated_Source\PSoC5/OPAadder_PM.c **** *
   9:Generated_Source\PSoC5/OPAadder_PM.c **** * Note:
  10:Generated_Source\PSoC5/OPAadder_PM.c **** *
  11:Generated_Source\PSoC5/OPAadder_PM.c **** ********************************************************************************
  12:Generated_Source\PSoC5/OPAadder_PM.c **** * Copyright 2008-2012, Cypress Semiconductor Corporation.  All rights reserved.
  13:Generated_Source\PSoC5/OPAadder_PM.c **** * You may use this file only in accordance with the license, terms, conditions, 
  14:Generated_Source\PSoC5/OPAadder_PM.c **** * disclaimers, and limitations in the end user license agreement accompanying 
  15:Generated_Source\PSoC5/OPAadder_PM.c **** * the software package with which this file was provided.
  16:Generated_Source\PSoC5/OPAadder_PM.c **** *******************************************************************************/
  17:Generated_Source\PSoC5/OPAadder_PM.c **** 
  18:Generated_Source\PSoC5/OPAadder_PM.c **** #include "OPAadder.h"
  19:Generated_Source\PSoC5/OPAadder_PM.c **** 
  20:Generated_Source\PSoC5/OPAadder_PM.c **** static OPAadder_BACKUP_STRUCT  OPAadder_backup;
  21:Generated_Source\PSoC5/OPAadder_PM.c **** 
  22:Generated_Source\PSoC5/OPAadder_PM.c **** 
  23:Generated_Source\PSoC5/OPAadder_PM.c **** /*******************************************************************************  
ARM GAS  C:\Users\elias\AppData\Local\Temp\cclEDZwh.s 			page 16


  24:Generated_Source\PSoC5/OPAadder_PM.c **** * Function Name: OPAadder_SaveConfig
  25:Generated_Source\PSoC5/OPAadder_PM.c **** ********************************************************************************
  26:Generated_Source\PSoC5/OPAadder_PM.c **** *
  27:Generated_Source\PSoC5/OPAadder_PM.c **** * Summary:
  28:Generated_Source\PSoC5/OPAadder_PM.c **** *  Saves the current user configuration registers.
  29:Generated_Source\PSoC5/OPAadder_PM.c **** * 
  30:Generated_Source\PSoC5/OPAadder_PM.c **** * Parameters:
  31:Generated_Source\PSoC5/OPAadder_PM.c **** *  void
  32:Generated_Source\PSoC5/OPAadder_PM.c **** * 
  33:Generated_Source\PSoC5/OPAadder_PM.c **** * Return:
  34:Generated_Source\PSoC5/OPAadder_PM.c **** *  void
  35:Generated_Source\PSoC5/OPAadder_PM.c **** *
  36:Generated_Source\PSoC5/OPAadder_PM.c **** *******************************************************************************/
  37:Generated_Source\PSoC5/OPAadder_PM.c **** void OPAadder_SaveConfig(void) 
  38:Generated_Source\PSoC5/OPAadder_PM.c **** {
  39:Generated_Source\PSoC5/OPAadder_PM.c ****     /* Nothing to save as registers are System reset on retention flops */
  40:Generated_Source\PSoC5/OPAadder_PM.c **** }
  41:Generated_Source\PSoC5/OPAadder_PM.c **** 
  42:Generated_Source\PSoC5/OPAadder_PM.c **** 
  43:Generated_Source\PSoC5/OPAadder_PM.c **** /*******************************************************************************  
  44:Generated_Source\PSoC5/OPAadder_PM.c **** * Function Name: OPAadder_RestoreConfig
  45:Generated_Source\PSoC5/OPAadder_PM.c **** ********************************************************************************
  46:Generated_Source\PSoC5/OPAadder_PM.c **** *
  47:Generated_Source\PSoC5/OPAadder_PM.c **** * Summary:
  48:Generated_Source\PSoC5/OPAadder_PM.c **** *  Restores the current user configuration registers.
  49:Generated_Source\PSoC5/OPAadder_PM.c **** *
  50:Generated_Source\PSoC5/OPAadder_PM.c **** * Parameters:
  51:Generated_Source\PSoC5/OPAadder_PM.c **** *  void
  52:Generated_Source\PSoC5/OPAadder_PM.c **** *
  53:Generated_Source\PSoC5/OPAadder_PM.c **** * Return:
  54:Generated_Source\PSoC5/OPAadder_PM.c **** *  void
  55:Generated_Source\PSoC5/OPAadder_PM.c **** *
  56:Generated_Source\PSoC5/OPAadder_PM.c **** *******************************************************************************/
  57:Generated_Source\PSoC5/OPAadder_PM.c **** void OPAadder_RestoreConfig(void) 
  58:Generated_Source\PSoC5/OPAadder_PM.c **** {
 259              		.loc 1 58 0
 260              		.cfi_startproc
 261              		@ args = 0, pretend = 0, frame = 0
 262              		@ frame_needed = 0, uses_anonymous_args = 0
 263              		@ link register save eliminated.
 264 0000 7047     		bx	lr
 265              		.cfi_endproc
 266              	.LFE1:
 267              		.size	OPAadder_RestoreConfig, .-OPAadder_RestoreConfig
 268 0002 00BF     		.section	.text.OPAadder_Sleep,"ax",%progbits
 269              		.align	2
 270              		.global	OPAadder_Sleep
 271              		.thumb
 272              		.thumb_func
 273              		.type	OPAadder_Sleep, %function
 274              	OPAadder_Sleep:
 275              	.LFB2:
  59:Generated_Source\PSoC5/OPAadder_PM.c ****     /* Nothing to restore */
  60:Generated_Source\PSoC5/OPAadder_PM.c **** }
  61:Generated_Source\PSoC5/OPAadder_PM.c **** 
  62:Generated_Source\PSoC5/OPAadder_PM.c **** 
  63:Generated_Source\PSoC5/OPAadder_PM.c **** /*******************************************************************************   
ARM GAS  C:\Users\elias\AppData\Local\Temp\cclEDZwh.s 			page 17


  64:Generated_Source\PSoC5/OPAadder_PM.c **** * Function Name: OPAadder_Sleep
  65:Generated_Source\PSoC5/OPAadder_PM.c **** ********************************************************************************
  66:Generated_Source\PSoC5/OPAadder_PM.c **** *
  67:Generated_Source\PSoC5/OPAadder_PM.c **** * Summary:
  68:Generated_Source\PSoC5/OPAadder_PM.c **** *  Disables block's operation and saves its configuration. Should be called 
  69:Generated_Source\PSoC5/OPAadder_PM.c **** *  just prior to entering sleep.
  70:Generated_Source\PSoC5/OPAadder_PM.c **** *
  71:Generated_Source\PSoC5/OPAadder_PM.c **** * Parameters:
  72:Generated_Source\PSoC5/OPAadder_PM.c **** *  void
  73:Generated_Source\PSoC5/OPAadder_PM.c **** *
  74:Generated_Source\PSoC5/OPAadder_PM.c **** * Return:
  75:Generated_Source\PSoC5/OPAadder_PM.c **** *  void
  76:Generated_Source\PSoC5/OPAadder_PM.c **** *
  77:Generated_Source\PSoC5/OPAadder_PM.c **** * Global variables:
  78:Generated_Source\PSoC5/OPAadder_PM.c **** *  OPAadder_backup: The structure field 'enableState' is modified 
  79:Generated_Source\PSoC5/OPAadder_PM.c **** *  depending on the enable state of the block before entering to sleep mode.
  80:Generated_Source\PSoC5/OPAadder_PM.c **** *
  81:Generated_Source\PSoC5/OPAadder_PM.c **** *******************************************************************************/
  82:Generated_Source\PSoC5/OPAadder_PM.c **** void OPAadder_Sleep(void) 
  83:Generated_Source\PSoC5/OPAadder_PM.c **** {
 276              		.loc 1 83 0
 277              		.cfi_startproc
 278              		@ args = 0, pretend = 0, frame = 0
 279              		@ frame_needed = 0, uses_anonymous_args = 0
 280              		@ link register save eliminated.
  84:Generated_Source\PSoC5/OPAadder_PM.c ****     /* Save OpAmp enable state */
  85:Generated_Source\PSoC5/OPAadder_PM.c ****     if((OPAadder_PM_ACT_CFG_REG & OPAadder_ACT_PWR_EN) != 0u)
 281              		.loc 1 85 0
 282 0000 074B     		ldr	r3, .L7
 283 0002 1B78     		ldrb	r3, [r3]	@ zero_extendqisi2
 284 0004 03F00203 		and	r3, r3, #2
 285 0008 03F0FF02 		and	r2, r3, #255
 286 000c 13B9     		cbnz	r3, .L6
  86:Generated_Source\PSoC5/OPAadder_PM.c ****     {
  87:Generated_Source\PSoC5/OPAadder_PM.c ****         /* Component is enabled */
  88:Generated_Source\PSoC5/OPAadder_PM.c ****         OPAadder_backup.enableState = 1u;
  89:Generated_Source\PSoC5/OPAadder_PM.c ****          /* Stops the component */
  90:Generated_Source\PSoC5/OPAadder_PM.c ****          OPAadder_Stop();
  91:Generated_Source\PSoC5/OPAadder_PM.c ****     }
  92:Generated_Source\PSoC5/OPAadder_PM.c ****     else
  93:Generated_Source\PSoC5/OPAadder_PM.c ****     {
  94:Generated_Source\PSoC5/OPAadder_PM.c ****         /* Component is disabled */
  95:Generated_Source\PSoC5/OPAadder_PM.c ****         OPAadder_backup.enableState = 0u;
 287              		.loc 1 95 0
 288 000e 054B     		ldr	r3, .L7+4
 289 0010 1A70     		strb	r2, [r3]
 290 0012 7047     		bx	lr
 291              	.L6:
  88:Generated_Source\PSoC5/OPAadder_PM.c ****          /* Stops the component */
 292              		.loc 1 88 0
 293 0014 034B     		ldr	r3, .L7+4
 294 0016 0122     		movs	r2, #1
 295 0018 1A70     		strb	r2, [r3]
  90:Generated_Source\PSoC5/OPAadder_PM.c ****     }
 296              		.loc 1 90 0
 297 001a FFF7FEBF 		b	OPAadder_Stop
 298              	.LVL0:
ARM GAS  C:\Users\elias\AppData\Local\Temp\cclEDZwh.s 			page 18


 299              	.L8:
 300 001e 00BF     		.align	2
 301              	.L7:
 302 0020 A4430040 		.word	1073759140
 303 0024 00000000 		.word	.LANCHOR0
 304              		.cfi_endproc
 305              	.LFE2:
 306              		.size	OPAadder_Sleep, .-OPAadder_Sleep
 307              		.section	.text.OPAadder_Wakeup,"ax",%progbits
 308              		.align	2
 309              		.global	OPAadder_Wakeup
 310              		.thumb
 311              		.thumb_func
 312              		.type	OPAadder_Wakeup, %function
 313              	OPAadder_Wakeup:
 314              	.LFB3:
  96:Generated_Source\PSoC5/OPAadder_PM.c ****     }
  97:Generated_Source\PSoC5/OPAadder_PM.c ****     /* Saves the configuration */
  98:Generated_Source\PSoC5/OPAadder_PM.c ****     OPAadder_SaveConfig();
  99:Generated_Source\PSoC5/OPAadder_PM.c **** }
 100:Generated_Source\PSoC5/OPAadder_PM.c **** 
 101:Generated_Source\PSoC5/OPAadder_PM.c **** 
 102:Generated_Source\PSoC5/OPAadder_PM.c **** /*******************************************************************************  
 103:Generated_Source\PSoC5/OPAadder_PM.c **** * Function Name: OPAadder_Wakeup
 104:Generated_Source\PSoC5/OPAadder_PM.c **** ********************************************************************************
 105:Generated_Source\PSoC5/OPAadder_PM.c **** *
 106:Generated_Source\PSoC5/OPAadder_PM.c **** * Summary:
 107:Generated_Source\PSoC5/OPAadder_PM.c **** *  Enables block's operation and restores its configuration. Should be called
 108:Generated_Source\PSoC5/OPAadder_PM.c **** *  just after awaking from sleep.
 109:Generated_Source\PSoC5/OPAadder_PM.c **** *
 110:Generated_Source\PSoC5/OPAadder_PM.c **** * Parameters:
 111:Generated_Source\PSoC5/OPAadder_PM.c **** *  void
 112:Generated_Source\PSoC5/OPAadder_PM.c **** *
 113:Generated_Source\PSoC5/OPAadder_PM.c **** * Return:
 114:Generated_Source\PSoC5/OPAadder_PM.c **** *  void
 115:Generated_Source\PSoC5/OPAadder_PM.c **** *
 116:Generated_Source\PSoC5/OPAadder_PM.c **** * Global variables:
 117:Generated_Source\PSoC5/OPAadder_PM.c **** *  OPAadder_backup: The structure field 'enableState' is used to 
 118:Generated_Source\PSoC5/OPAadder_PM.c **** *  restore the enable state of block after wakeup from sleep mode.
 119:Generated_Source\PSoC5/OPAadder_PM.c **** *
 120:Generated_Source\PSoC5/OPAadder_PM.c **** *******************************************************************************/
 121:Generated_Source\PSoC5/OPAadder_PM.c **** void OPAadder_Wakeup(void) 
 122:Generated_Source\PSoC5/OPAadder_PM.c **** {
 315              		.loc 1 122 0
 316              		.cfi_startproc
 317              		@ args = 0, pretend = 0, frame = 0
 318              		@ frame_needed = 0, uses_anonymous_args = 0
 319              		@ link register save eliminated.
 123:Generated_Source\PSoC5/OPAadder_PM.c ****     /* Restore the user configuration */
 124:Generated_Source\PSoC5/OPAadder_PM.c ****     OPAadder_RestoreConfig();
 125:Generated_Source\PSoC5/OPAadder_PM.c **** 
 126:Generated_Source\PSoC5/OPAadder_PM.c ****     /* Enables the component operation */
 127:Generated_Source\PSoC5/OPAadder_PM.c ****     if(OPAadder_backup.enableState == 1u)
 320              		.loc 1 127 0
 321 0000 034B     		ldr	r3, .L12
 322 0002 1B78     		ldrb	r3, [r3]	@ zero_extendqisi2
 323 0004 012B     		cmp	r3, #1
ARM GAS  C:\Users\elias\AppData\Local\Temp\cclEDZwh.s 			page 19


 324 0006 00D0     		beq	.L11
 325 0008 7047     		bx	lr
 326              	.L11:
 128:Generated_Source\PSoC5/OPAadder_PM.c ****     {
 129:Generated_Source\PSoC5/OPAadder_PM.c ****         OPAadder_Enable();
 327              		.loc 1 129 0
 328 000a FFF7FEBF 		b	OPAadder_Enable
 329              	.LVL1:
 330              	.L13:
 331 000e 00BF     		.align	2
 332              	.L12:
 333 0010 00000000 		.word	.LANCHOR0
 334              		.cfi_endproc
 335              	.LFE3:
 336              		.size	OPAadder_Wakeup, .-OPAadder_Wakeup
 337              		.bss
 338              		.align	2
 339              		.set	.LANCHOR0,. + 0
 340              		.type	OPAadder_backup, %object
 341              		.size	OPAadder_backup, 1
 342              	OPAadder_backup:
 343 0000 00       		.space	1
 344              		.text
 345              	.Letext0:
 346              		.file 2 "Generated_Source\\PSoC5\\cytypes.h"
 347              		.file 3 "Generated_Source\\PSoC5\\OPAadder.h"
 348              		.section	.debug_info,"",%progbits
 349              	.Ldebug_info0:
 350 0000 4C010000 		.4byte	0x14c
 351 0004 0400     		.2byte	0x4
 352 0006 00000000 		.4byte	.Ldebug_abbrev0
 353 000a 04       		.byte	0x4
 354 000b 01       		.uleb128 0x1
 355 000c B0010000 		.4byte	.LASF23
 356 0010 0C       		.byte	0xc
 357 0011 27000000 		.4byte	.LASF24
 358 0015 81000000 		.4byte	.LASF25
 359 0019 00000000 		.4byte	.Ldebug_ranges0+0
 360 001d 00000000 		.4byte	0
 361 0021 00000000 		.4byte	.Ldebug_line0
 362 0025 02       		.uleb128 0x2
 363 0026 01       		.byte	0x1
 364 0027 06       		.byte	0x6
 365 0028 24010000 		.4byte	.LASF0
 366 002c 02       		.uleb128 0x2
 367 002d 01       		.byte	0x1
 368 002e 08       		.byte	0x8
 369 002f BB000000 		.4byte	.LASF1
 370 0033 02       		.uleb128 0x2
 371 0034 02       		.byte	0x2
 372 0035 05       		.byte	0x5
 373 0036 7A010000 		.4byte	.LASF2
 374 003a 02       		.uleb128 0x2
 375 003b 02       		.byte	0x2
 376 003c 07       		.byte	0x7
 377 003d 11010000 		.4byte	.LASF3
 378 0041 02       		.uleb128 0x2
ARM GAS  C:\Users\elias\AppData\Local\Temp\cclEDZwh.s 			page 20


 379 0042 04       		.byte	0x4
 380 0043 05       		.byte	0x5
 381 0044 F1000000 		.4byte	.LASF4
 382 0048 02       		.uleb128 0x2
 383 0049 04       		.byte	0x4
 384 004a 07       		.byte	0x7
 385 004b 52000000 		.4byte	.LASF5
 386 004f 02       		.uleb128 0x2
 387 0050 08       		.byte	0x8
 388 0051 05       		.byte	0x5
 389 0052 00000000 		.4byte	.LASF6
 390 0056 02       		.uleb128 0x2
 391 0057 08       		.byte	0x8
 392 0058 07       		.byte	0x7
 393 0059 64000000 		.4byte	.LASF7
 394 005d 03       		.uleb128 0x3
 395 005e 04       		.byte	0x4
 396 005f 05       		.byte	0x5
 397 0060 696E7400 		.ascii	"int\000"
 398 0064 02       		.uleb128 0x2
 399 0065 04       		.byte	0x4
 400 0066 07       		.byte	0x7
 401 0067 1A000000 		.4byte	.LASF8
 402 006b 04       		.uleb128 0x4
 403 006c 4C000000 		.4byte	.LASF12
 404 0070 02       		.byte	0x2
 405 0071 E901     		.2byte	0x1e9
 406 0073 2C000000 		.4byte	0x2c
 407 0077 02       		.uleb128 0x2
 408 0078 04       		.byte	0x4
 409 0079 04       		.byte	0x4
 410 007a 7B000000 		.4byte	.LASF9
 411 007e 02       		.uleb128 0x2
 412 007f 08       		.byte	0x8
 413 0080 04       		.byte	0x4
 414 0081 0A010000 		.4byte	.LASF10
 415 0085 02       		.uleb128 0x2
 416 0086 01       		.byte	0x1
 417 0087 08       		.byte	0x8
 418 0088 D8000000 		.4byte	.LASF11
 419 008c 04       		.uleb128 0x4
 420 008d 84010000 		.4byte	.LASF13
 421 0091 02       		.byte	0x2
 422 0092 9302     		.2byte	0x293
 423 0094 98000000 		.4byte	0x98
 424 0098 05       		.uleb128 0x5
 425 0099 6B000000 		.4byte	0x6b
 426 009d 02       		.uleb128 0x2
 427 009e 08       		.byte	0x8
 428 009f 04       		.byte	0x4
 429 00a0 5E010000 		.4byte	.LASF14
 430 00a4 02       		.uleb128 0x2
 431 00a5 04       		.byte	0x4
 432 00a6 07       		.byte	0x7
 433 00a7 A7010000 		.4byte	.LASF15
 434 00ab 06       		.uleb128 0x6
 435 00ac 01       		.byte	0x1
ARM GAS  C:\Users\elias\AppData\Local\Temp\cclEDZwh.s 			page 21


 436 00ad 03       		.byte	0x3
 437 00ae 26       		.byte	0x26
 438 00af C0000000 		.4byte	0xc0
 439 00b3 07       		.uleb128 0x7
 440 00b4 0E000000 		.4byte	.LASF26
 441 00b8 03       		.byte	0x3
 442 00b9 28       		.byte	0x28
 443 00ba 6B000000 		.4byte	0x6b
 444 00be 00       		.byte	0
 445 00bf 00       		.byte	0
 446 00c0 08       		.uleb128 0x8
 447 00c1 47010000 		.4byte	.LASF16
 448 00c5 03       		.byte	0x3
 449 00c6 29       		.byte	0x29
 450 00c7 AB000000 		.4byte	0xab
 451 00cb 09       		.uleb128 0x9
 452 00cc DD000000 		.4byte	.LASF17
 453 00d0 01       		.byte	0x1
 454 00d1 25       		.byte	0x25
 455 00d2 01       		.byte	0x1
 456 00d3 09       		.uleb128 0x9
 457 00d4 30010000 		.4byte	.LASF18
 458 00d8 01       		.byte	0x1
 459 00d9 39       		.byte	0x39
 460 00da 01       		.byte	0x1
 461 00db 0A       		.uleb128 0xa
 462 00dc D3000000 		.4byte	0xd3
 463 00e0 00000000 		.4byte	.LFB1
 464 00e4 02000000 		.4byte	.LFE1-.LFB1
 465 00e8 01       		.uleb128 0x1
 466 00e9 9C       		.byte	0x9c
 467 00ea 0B       		.uleb128 0xb
 468 00eb C9000000 		.4byte	.LASF19
 469 00ef 01       		.byte	0x1
 470 00f0 52       		.byte	0x52
 471 00f1 00000000 		.4byte	.LFB2
 472 00f5 28000000 		.4byte	.LFE2-.LFB2
 473 00f9 01       		.uleb128 0x1
 474 00fa 9C       		.byte	0x9c
 475 00fb 09010000 		.4byte	0x109
 476 00ff 0C       		.uleb128 0xc
 477 0100 1E000000 		.4byte	.LVL0
 478 0104 39010000 		.4byte	0x139
 479 0108 00       		.byte	0
 480 0109 0B       		.uleb128 0xb
 481 010a 89010000 		.4byte	.LASF20
 482 010e 01       		.byte	0x1
 483 010f 79       		.byte	0x79
 484 0110 00000000 		.4byte	.LFB3
 485 0114 14000000 		.4byte	.LFE3-.LFB3
 486 0118 01       		.uleb128 0x1
 487 0119 9C       		.byte	0x9c
 488 011a 28010000 		.4byte	0x128
 489 011e 0C       		.uleb128 0xc
 490 011f 0E000000 		.4byte	.LVL1
 491 0123 44010000 		.4byte	0x144
 492 0127 00       		.byte	0
ARM GAS  C:\Users\elias\AppData\Local\Temp\cclEDZwh.s 			page 22


 493 0128 0D       		.uleb128 0xd
 494 0129 FA000000 		.4byte	.LASF27
 495 012d 01       		.byte	0x1
 496 012e 14       		.byte	0x14
 497 012f C0000000 		.4byte	0xc0
 498 0133 05       		.uleb128 0x5
 499 0134 03       		.byte	0x3
 500 0135 00000000 		.4byte	OPAadder_backup
 501 0139 0E       		.uleb128 0xe
 502 013a 99010000 		.4byte	.LASF21
 503 013e 99010000 		.4byte	.LASF21
 504 0142 03       		.byte	0x3
 505 0143 34       		.byte	0x34
 506 0144 0E       		.uleb128 0xe
 507 0145 6A010000 		.4byte	.LASF22
 508 0149 6A010000 		.4byte	.LASF22
 509 014d 03       		.byte	0x3
 510 014e 3B       		.byte	0x3b
 511 014f 00       		.byte	0
 512              		.section	.debug_abbrev,"",%progbits
 513              	.Ldebug_abbrev0:
 514 0000 01       		.uleb128 0x1
 515 0001 11       		.uleb128 0x11
 516 0002 01       		.byte	0x1
 517 0003 25       		.uleb128 0x25
 518 0004 0E       		.uleb128 0xe
 519 0005 13       		.uleb128 0x13
 520 0006 0B       		.uleb128 0xb
 521 0007 03       		.uleb128 0x3
 522 0008 0E       		.uleb128 0xe
 523 0009 1B       		.uleb128 0x1b
 524 000a 0E       		.uleb128 0xe
 525 000b 55       		.uleb128 0x55
 526 000c 17       		.uleb128 0x17
 527 000d 11       		.uleb128 0x11
 528 000e 01       		.uleb128 0x1
 529 000f 10       		.uleb128 0x10
 530 0010 17       		.uleb128 0x17
 531 0011 00       		.byte	0
 532 0012 00       		.byte	0
 533 0013 02       		.uleb128 0x2
 534 0014 24       		.uleb128 0x24
 535 0015 00       		.byte	0
 536 0016 0B       		.uleb128 0xb
 537 0017 0B       		.uleb128 0xb
 538 0018 3E       		.uleb128 0x3e
 539 0019 0B       		.uleb128 0xb
 540 001a 03       		.uleb128 0x3
 541 001b 0E       		.uleb128 0xe
 542 001c 00       		.byte	0
 543 001d 00       		.byte	0
 544 001e 03       		.uleb128 0x3
 545 001f 24       		.uleb128 0x24
 546 0020 00       		.byte	0
 547 0021 0B       		.uleb128 0xb
 548 0022 0B       		.uleb128 0xb
 549 0023 3E       		.uleb128 0x3e
ARM GAS  C:\Users\elias\AppData\Local\Temp\cclEDZwh.s 			page 23


 550 0024 0B       		.uleb128 0xb
 551 0025 03       		.uleb128 0x3
 552 0026 08       		.uleb128 0x8
 553 0027 00       		.byte	0
 554 0028 00       		.byte	0
 555 0029 04       		.uleb128 0x4
 556 002a 16       		.uleb128 0x16
 557 002b 00       		.byte	0
 558 002c 03       		.uleb128 0x3
 559 002d 0E       		.uleb128 0xe
 560 002e 3A       		.uleb128 0x3a
 561 002f 0B       		.uleb128 0xb
 562 0030 3B       		.uleb128 0x3b
 563 0031 05       		.uleb128 0x5
 564 0032 49       		.uleb128 0x49
 565 0033 13       		.uleb128 0x13
 566 0034 00       		.byte	0
 567 0035 00       		.byte	0
 568 0036 05       		.uleb128 0x5
 569 0037 35       		.uleb128 0x35
 570 0038 00       		.byte	0
 571 0039 49       		.uleb128 0x49
 572 003a 13       		.uleb128 0x13
 573 003b 00       		.byte	0
 574 003c 00       		.byte	0
 575 003d 06       		.uleb128 0x6
 576 003e 13       		.uleb128 0x13
 577 003f 01       		.byte	0x1
 578 0040 0B       		.uleb128 0xb
 579 0041 0B       		.uleb128 0xb
 580 0042 3A       		.uleb128 0x3a
 581 0043 0B       		.uleb128 0xb
 582 0044 3B       		.uleb128 0x3b
 583 0045 0B       		.uleb128 0xb
 584 0046 01       		.uleb128 0x1
 585 0047 13       		.uleb128 0x13
 586 0048 00       		.byte	0
 587 0049 00       		.byte	0
 588 004a 07       		.uleb128 0x7
 589 004b 0D       		.uleb128 0xd
 590 004c 00       		.byte	0
 591 004d 03       		.uleb128 0x3
 592 004e 0E       		.uleb128 0xe
 593 004f 3A       		.uleb128 0x3a
 594 0050 0B       		.uleb128 0xb
 595 0051 3B       		.uleb128 0x3b
 596 0052 0B       		.uleb128 0xb
 597 0053 49       		.uleb128 0x49
 598 0054 13       		.uleb128 0x13
 599 0055 38       		.uleb128 0x38
 600 0056 0B       		.uleb128 0xb
 601 0057 00       		.byte	0
 602 0058 00       		.byte	0
 603 0059 08       		.uleb128 0x8
 604 005a 16       		.uleb128 0x16
 605 005b 00       		.byte	0
 606 005c 03       		.uleb128 0x3
ARM GAS  C:\Users\elias\AppData\Local\Temp\cclEDZwh.s 			page 24


 607 005d 0E       		.uleb128 0xe
 608 005e 3A       		.uleb128 0x3a
 609 005f 0B       		.uleb128 0xb
 610 0060 3B       		.uleb128 0x3b
 611 0061 0B       		.uleb128 0xb
 612 0062 49       		.uleb128 0x49
 613 0063 13       		.uleb128 0x13
 614 0064 00       		.byte	0
 615 0065 00       		.byte	0
 616 0066 09       		.uleb128 0x9
 617 0067 2E       		.uleb128 0x2e
 618 0068 00       		.byte	0
 619 0069 3F       		.uleb128 0x3f
 620 006a 19       		.uleb128 0x19
 621 006b 03       		.uleb128 0x3
 622 006c 0E       		.uleb128 0xe
 623 006d 3A       		.uleb128 0x3a
 624 006e 0B       		.uleb128 0xb
 625 006f 3B       		.uleb128 0x3b
 626 0070 0B       		.uleb128 0xb
 627 0071 27       		.uleb128 0x27
 628 0072 19       		.uleb128 0x19
 629 0073 20       		.uleb128 0x20
 630 0074 0B       		.uleb128 0xb
 631 0075 00       		.byte	0
 632 0076 00       		.byte	0
 633 0077 0A       		.uleb128 0xa
 634 0078 2E       		.uleb128 0x2e
 635 0079 00       		.byte	0
 636 007a 31       		.uleb128 0x31
 637 007b 13       		.uleb128 0x13
 638 007c 11       		.uleb128 0x11
 639 007d 01       		.uleb128 0x1
 640 007e 12       		.uleb128 0x12
 641 007f 06       		.uleb128 0x6
 642 0080 40       		.uleb128 0x40
 643 0081 18       		.uleb128 0x18
 644 0082 9742     		.uleb128 0x2117
 645 0084 19       		.uleb128 0x19
 646 0085 00       		.byte	0
 647 0086 00       		.byte	0
 648 0087 0B       		.uleb128 0xb
 649 0088 2E       		.uleb128 0x2e
 650 0089 01       		.byte	0x1
 651 008a 3F       		.uleb128 0x3f
 652 008b 19       		.uleb128 0x19
 653 008c 03       		.uleb128 0x3
 654 008d 0E       		.uleb128 0xe
 655 008e 3A       		.uleb128 0x3a
 656 008f 0B       		.uleb128 0xb
 657 0090 3B       		.uleb128 0x3b
 658 0091 0B       		.uleb128 0xb
 659 0092 27       		.uleb128 0x27
 660 0093 19       		.uleb128 0x19
 661 0094 11       		.uleb128 0x11
 662 0095 01       		.uleb128 0x1
 663 0096 12       		.uleb128 0x12
ARM GAS  C:\Users\elias\AppData\Local\Temp\cclEDZwh.s 			page 25


 664 0097 06       		.uleb128 0x6
 665 0098 40       		.uleb128 0x40
 666 0099 18       		.uleb128 0x18
 667 009a 9742     		.uleb128 0x2117
 668 009c 19       		.uleb128 0x19
 669 009d 01       		.uleb128 0x1
 670 009e 13       		.uleb128 0x13
 671 009f 00       		.byte	0
 672 00a0 00       		.byte	0
 673 00a1 0C       		.uleb128 0xc
 674 00a2 898201   		.uleb128 0x4109
 675 00a5 00       		.byte	0
 676 00a6 11       		.uleb128 0x11
 677 00a7 01       		.uleb128 0x1
 678 00a8 9542     		.uleb128 0x2115
 679 00aa 19       		.uleb128 0x19
 680 00ab 31       		.uleb128 0x31
 681 00ac 13       		.uleb128 0x13
 682 00ad 00       		.byte	0
 683 00ae 00       		.byte	0
 684 00af 0D       		.uleb128 0xd
 685 00b0 34       		.uleb128 0x34
 686 00b1 00       		.byte	0
 687 00b2 03       		.uleb128 0x3
 688 00b3 0E       		.uleb128 0xe
 689 00b4 3A       		.uleb128 0x3a
 690 00b5 0B       		.uleb128 0xb
 691 00b6 3B       		.uleb128 0x3b
 692 00b7 0B       		.uleb128 0xb
 693 00b8 49       		.uleb128 0x49
 694 00b9 13       		.uleb128 0x13
 695 00ba 02       		.uleb128 0x2
 696 00bb 18       		.uleb128 0x18
 697 00bc 00       		.byte	0
 698 00bd 00       		.byte	0
 699 00be 0E       		.uleb128 0xe
 700 00bf 2E       		.uleb128 0x2e
 701 00c0 00       		.byte	0
 702 00c1 3F       		.uleb128 0x3f
 703 00c2 19       		.uleb128 0x19
 704 00c3 3C       		.uleb128 0x3c
 705 00c4 19       		.uleb128 0x19
 706 00c5 6E       		.uleb128 0x6e
 707 00c6 0E       		.uleb128 0xe
 708 00c7 03       		.uleb128 0x3
 709 00c8 0E       		.uleb128 0xe
 710 00c9 3A       		.uleb128 0x3a
 711 00ca 0B       		.uleb128 0xb
 712 00cb 3B       		.uleb128 0x3b
 713 00cc 0B       		.uleb128 0xb
 714 00cd 00       		.byte	0
 715 00ce 00       		.byte	0
 716 00cf 00       		.byte	0
 717              		.section	.debug_aranges,"",%progbits
 718 0000 2C000000 		.4byte	0x2c
 719 0004 0200     		.2byte	0x2
 720 0006 00000000 		.4byte	.Ldebug_info0
ARM GAS  C:\Users\elias\AppData\Local\Temp\cclEDZwh.s 			page 26


 721 000a 04       		.byte	0x4
 722 000b 00       		.byte	0
 723 000c 0000     		.2byte	0
 724 000e 0000     		.2byte	0
 725 0010 00000000 		.4byte	.LFB1
 726 0014 02000000 		.4byte	.LFE1-.LFB1
 727 0018 00000000 		.4byte	.LFB2
 728 001c 28000000 		.4byte	.LFE2-.LFB2
 729 0020 00000000 		.4byte	.LFB3
 730 0024 14000000 		.4byte	.LFE3-.LFB3
 731 0028 00000000 		.4byte	0
 732 002c 00000000 		.4byte	0
 733              		.section	.debug_ranges,"",%progbits
 734              	.Ldebug_ranges0:
 735 0000 00000000 		.4byte	.LFB1
 736 0004 02000000 		.4byte	.LFE1
 737 0008 00000000 		.4byte	.LFB2
 738 000c 28000000 		.4byte	.LFE2
 739 0010 00000000 		.4byte	.LFB3
 740 0014 14000000 		.4byte	.LFE3
 741 0018 00000000 		.4byte	0
 742 001c 00000000 		.4byte	0
 743              		.section	.debug_line,"",%progbits
 744              	.Ldebug_line0:
 745 0000 95000000 		.section	.debug_str,"MS",%progbits,1
 745      02005600 
 745      00000201 
 745      FB0E0D00 
 745      01010101 
 746              	.LASF6:
 747 0000 6C6F6E67 		.ascii	"long long int\000"
 747      206C6F6E 
 747      6720696E 
 747      7400
 748              	.LASF26:
 749 000e 656E6162 		.ascii	"enableState\000"
 749      6C655374 
 749      61746500 
 750              	.LASF8:
 751 001a 756E7369 		.ascii	"unsigned int\000"
 751      676E6564 
 751      20696E74 
 751      00
 752              	.LASF24:
 753 0027 47656E65 		.ascii	"Generated_Source\\PSoC5\\OPAadder_PM.c\000"
 753      72617465 
 753      645F536F 
 753      75726365 
 753      5C50536F 
 754              	.LASF12:
 755 004c 75696E74 		.ascii	"uint8\000"
 755      3800
 756              	.LASF5:
 757 0052 6C6F6E67 		.ascii	"long unsigned int\000"
 757      20756E73 
 757      69676E65 
 757      6420696E 
ARM GAS  C:\Users\elias\AppData\Local\Temp\cclEDZwh.s 			page 27


 757      7400
 758              	.LASF7:
 759 0064 6C6F6E67 		.ascii	"long long unsigned int\000"
 759      206C6F6E 
 759      6720756E 
 759      7369676E 
 759      65642069 
 760              	.LASF9:
 761 007b 666C6F61 		.ascii	"float\000"
 761      7400
 762              	.LASF25:
 763 0081 433A5C47 		.ascii	"C:\\Github\\Tesis\\src\\psoc\\AcondicionamientoAnal"
 763      69746875 
 763      625C5465 
 763      7369735C 
 763      7372635C 
 764 00af 6F676963 		.ascii	"ogico.cydsn\000"
 764      6F2E6379 
 764      64736E00 
 765              	.LASF1:
 766 00bb 756E7369 		.ascii	"unsigned char\000"
 766      676E6564 
 766      20636861 
 766      7200
 767              	.LASF19:
 768 00c9 4F504161 		.ascii	"OPAadder_Sleep\000"
 768      64646572 
 768      5F536C65 
 768      657000
 769              	.LASF11:
 770 00d8 63686172 		.ascii	"char\000"
 770      00
 771              	.LASF17:
 772 00dd 4F504161 		.ascii	"OPAadder_SaveConfig\000"
 772      64646572 
 772      5F536176 
 772      65436F6E 
 772      66696700 
 773              	.LASF4:
 774 00f1 6C6F6E67 		.ascii	"long int\000"
 774      20696E74 
 774      00
 775              	.LASF27:
 776 00fa 4F504161 		.ascii	"OPAadder_backup\000"
 776      64646572 
 776      5F626163 
 776      6B757000 
 777              	.LASF10:
 778 010a 646F7562 		.ascii	"double\000"
 778      6C6500
 779              	.LASF3:
 780 0111 73686F72 		.ascii	"short unsigned int\000"
 780      7420756E 
 780      7369676E 
 780      65642069 
 780      6E7400
 781              	.LASF0:
ARM GAS  C:\Users\elias\AppData\Local\Temp\cclEDZwh.s 			page 28


 782 0124 7369676E 		.ascii	"signed char\000"
 782      65642063 
 782      68617200 
 783              	.LASF18:
 784 0130 4F504161 		.ascii	"OPAadder_RestoreConfig\000"
 784      64646572 
 784      5F526573 
 784      746F7265 
 784      436F6E66 
 785              	.LASF16:
 786 0147 4F504161 		.ascii	"OPAadder_BACKUP_STRUCT\000"
 786      64646572 
 786      5F424143 
 786      4B55505F 
 786      53545255 
 787              	.LASF14:
 788 015e 6C6F6E67 		.ascii	"long double\000"
 788      20646F75 
 788      626C6500 
 789              	.LASF22:
 790 016a 4F504161 		.ascii	"OPAadder_Enable\000"
 790      64646572 
 790      5F456E61 
 790      626C6500 
 791              	.LASF2:
 792 017a 73686F72 		.ascii	"short int\000"
 792      7420696E 
 792      7400
 793              	.LASF13:
 794 0184 72656738 		.ascii	"reg8\000"
 794      00
 795              	.LASF20:
 796 0189 4F504161 		.ascii	"OPAadder_Wakeup\000"
 796      64646572 
 796      5F57616B 
 796      65757000 
 797              	.LASF21:
 798 0199 4F504161 		.ascii	"OPAadder_Stop\000"
 798      64646572 
 798      5F53746F 
 798      7000
 799              	.LASF15:
 800 01a7 73697A65 		.ascii	"sizetype\000"
 800      74797065 
 800      00
 801              	.LASF23:
 802 01b0 474E5520 		.ascii	"GNU C11 5.4.1 20160609 (release) [ARM/embedded-5-br"
 802      43313120 
 802      352E342E 
 802      31203230 
 802      31363036 
 803 01e3 616E6368 		.ascii	"anch revision 237715] -mcpu=cortex-m3 -mthumb -g -O"
 803      20726576 
 803      6973696F 
 803      6E203233 
 803      37373135 
 804 0216 33202D66 		.ascii	"3 -ffunction-sections -ffat-lto-objects -finline-fu"
ARM GAS  C:\Users\elias\AppData\Local\Temp\cclEDZwh.s 			page 29


 804      66756E63 
 804      74696F6E 
 804      2D736563 
 804      74696F6E 
 805 0249 6E637469 		.ascii	"nctions -flto\000"
 805      6F6E7320 
 805      2D666C74 
 805      6F00
 806              		.comm	__gnu_lto_v1,1,1
 807              		.ident	"GCC: (GNU Tools for ARM Embedded Processors) 5.4.1 20160609 (release) [ARM/embedded-5-bran
