ARM GAS  C:\Users\elias\AppData\Local\Temp\ccL158Hf.s 			page 1


   1              		.syntax unified
   2              		.cpu cortex-m3
   3              		.fpu softvfp
   4              		.eabi_attribute 20, 1
   5              		.eabi_attribute 21, 1
   6              		.eabi_attribute 23, 3
   7              		.eabi_attribute 24, 1
   8              		.eabi_attribute 25, 1
   9              		.eabi_attribute 26, 1
  10              		.eabi_attribute 30, 2
  11              		.eabi_attribute 34, 1
  12              		.eabi_attribute 18, 4
  13              		.thumb
  14              		.syntax unified
  15              		.file	"OPAlp_PM.c"
  16              		.text
  17              	.Ltext0:
  18              		.section	.gnu.lto_.profile.6b7175af,"",%progbits
  19 0000 789C6361 		.ascii	"x\234ca`d`a`\000\222\252\374\000\000\303\000?"
  19      60646061 
  19      600092AA 
  19      FC0000C3 
  19      003F
  20              		.text
  21              		.section	.gnu.lto_.icf.6b7175af,"",%progbits
  22 0000 789C6361 		.ascii	"x\234ca`d\000\001\005\006\004`eX?\363A\013\023#\230"
  22      60640001 
  22      05060460 
  22      65583FF3 
  22      410B1323 
  23 0015 643A7CFE 		.ascii	"d:|\376\375G\036\346I\333\027\337ef\371\265xV\027+\003"
  23      FD471EE6 
  23      49DB17DF 
  23      6566F9B5 
  23      7856172B 
  24 002a 00F3E90E 		.ascii	"\000\363\351\016\241"
  24      A1
  25              		.text
  26              		.section	.gnu.lto_.jmpfuncs.6b7175af,"",%progbits
  27 0000 789C6361 		.ascii	"x\234ca`d\000\001\001\006\004`\001b\240(\023\224\311"
  27      60640001 
  27      01060460 
  27      0162A028 
  27      1394C9
  28 0013 00000308 		.ascii	"\000\000\003\010\000!"
  28      0021
  29              		.text
  30              		.section	.gnu.lto_.inline.6b7175af,"",%progbits
  31 0000 789C6361 		.ascii	"x\234ca`d\000\2010\006\004`a``fbd`\0022\331\026\310"
  31      60640081 
  31      30060460 
  31      61606066 
  31      62646002 
  32 0018 8328A022 		.ascii	"\203(\240\"t\021&\006.N\240\010O\237\037B\021\027X3"
  32      74112606 
  32      2E4EA008 
  32      4F9F1F42 
ARM GAS  C:\Users\elias\AppData\Local\Temp\ccL158Hf.s 			page 2


  32      11175833 
  33 002c 3B3B509C 		.ascii	";;P\234\355\203\036\2528\003\000\364\316\005\334"
  33      ED831EAA 
  33      380300F4 
  33      CE05DC
  34              		.text
  35              		.section	.gnu.lto_.pureconst.6b7175af,"",%progbits
  36 0000 789C6361 		.ascii	"x\234ca`d\340d```a\0002\230\244X$\000\001y\000L"
  36      6064E064 
  36      60606061 
  36      003298A4 
  36      58240001 
  37              		.text
  38              		.section	.gnu.lto_OPAlp_SaveConfig.6b7175af,"",%progbits
  39 0000 789C6361 		.ascii	"x\234ca`d\000\201j V\001bi fdf`d\232p\216\201\241\221"
  39      60640081 
  39      6A205601 
  39      62692066 
  39      64666064 
  40 001a 83899111 		.ascii	"\203\211\221\021\304h\340`d\250gb\254g\374\312\364\227"
  40      C468E060 
  40      64A86762 
  40      AC67FCCA 
  40      F497
  41 002c 89F150FB 		.ascii	"\211\361P\373\263\235L\232\313\033\200\340\301\322\311"
  41      B39D4C9A 
  41      CB1B80E0 
  41      C1D2C9
  42 003b CC0D2B0E 		.ascii	"\314\015+\0160\266230\374g\002\233\304\300\270\234Q"
  42      30B63233 
  42      30FC6702 
  42      9BC4C0B8 
  42      9C51
  43 004d 9301A8EC 		.ascii	"\223\001\250\354\321\306\177Sy\331Z@\312\024 \222\214"
  43      D1C67F53 
  43      79D95A40 
  43      CA142092 
  43      8C
  44 005e 2B18D940 		.ascii	"+\030\331@\326\255\017:\320\360\377\177s\303\201\271"
  44      D6AD0F3A 
  44      D0F0FF7F 
  44      73C381B9 
  45 006e AC0F9980 		.ascii	"\254\017\231\200\022\037\200\030d\315G \007H3\277bd"
  45      121F8018 
  45      64CD4720 
  45      074833BF 
  45      6264
  46 0080 0229059B 		.ascii	"\002)\005\233\366\201\211\021$\006T\241\344\236\232"
  46      F6818911 
  46      240654A1 
  46      E49E9A
  47 008f 975A9458 		.ascii	"\227Z\224X\222\232\022\037\234_Z\224\234\032\023\020"
  47      929A121F 
  47      9C5F5A94 
  47      9C1A1310 
  48 009f 9CEF6C1A 		.ascii	"\234\357l\032\343\037\340\230S\020\037\340\253\227\314"
  48      E31FE098 
ARM GAS  C:\Users\elias\AppData\Local\Temp\ccL158Hf.s 			page 3


  48      53101FE0 
  48      AB97CC
  49 00ae 0000B9BD 		.ascii	"\000\000\271\2758e"
  49      3865
  50              		.text
  51              		.section	.gnu.lto_OPAlp_RestoreConfig.6b7175af,"",%progbits
  52 0000 789C6361 		.ascii	"x\234ca`d\000\201j V\001bi fdf`d\232p\216\201\241\221"
  52      60640081 
  52      6A205601 
  52      62692066 
  52      64666064 
  53 001a 83899111 		.ascii	"\203\211\221\021\304h\340`d\250gb\254g\374\312\364\227"
  53      C468E060 
  53      64A86762 
  53      AC67FCCA 
  53      F497
  54 002c 89F150FB 		.ascii	"\211\361P\373\263\235L\232\313\033\200\340\301\322y"
  54      B39D4C9A 
  54      CB1B80E0 
  54      C1D279
  55 003b CC0D2B0E 		.ascii	"\314\015+\0160\266230\374g\002\233\304\300\270\234Q"
  55      30B63233 
  55      30FC6702 
  55      9BC4C0B8 
  55      9C51
  56 004d 9301A8EC 		.ascii	"\223\001\250\354\321\306\177Sy\331Z@\312\024 \222\214"
  56      D1C67F53 
  56      79D95A40 
  56      CA142092 
  56      8C
  57 005e 2B18D940 		.ascii	"+\030\331@\326\255\017:\320\360\377\177s\303\201\257"
  57      D6AD0F3A 
  57      D0F0FF7F 
  57      73C381AF 
  58 006e AC1F9981 		.ascii	"\254\037\231\201\022\037\200\030d\315G&&\020\315\374"
  58      121F8018 
  58      64CD4726 
  58      2610CDFC 
  59 007e 8A9109A4 		.ascii	"\212\221\011\244\024l\332\007&F\220\030P\205\222{j^"
  59      146CDA07 
  59      26469018 
  59      5085927B 
  59      6A5E
  60 0090 6A516249 		.ascii	"jQbIjJ|p~iQrjL@p\276\263i\214\177\200cNA|\200\257^2"
  60      6A4A7C70 
  60      7E695172 
  60      6A4C4070 
  60      BEB3698C 
  61 00ae 0300E079 		.ascii	"\003\000\340y8\331"
  61      38D9
  62              		.text
  63              		.section	.gnu.lto_OPAlp_Sleep.6b7175af,"",%progbits
  64 0000 789C8D91 		.ascii	"x\234\215\221\317k\023Q\020\307\347\373\336\356f\015"
  64      CF6B1351 
  64      10C7E7FB 
  64      DEEE660D 
  65 0010 06F30714 		.ascii	"\006\363\007\024\021\361\322\213\025\301c\005\021\354"
ARM GAS  C:\Users\elias\AppData\Local\Temp\ccL158Hf.s 			page 4


  65      11F1D28B 
  65      15C16305 
  65      11EC
  66 001e 490CF668 		.ascii	"I\014\366h\241\224\232\233X)z\316K7k\254\240\364b\003"
  66      A1949A9B 
  66      58297ACE 
  66      4B376BAC 
  66      A0F46203 
  67 0032 052982D0 		.ascii	"\005)\202\320\372\243&Q[\015\275\254A/R\332\223x\250"
  67      FAA32651 
  67      5B0DBDAC 
  67      412F52DA 
  67      9378A8
  68 0045 E08F4390 		.ascii	"\340\217C\220P$\205\364\020\261\2153o\261\012B\351\300"
  68      502485F4 
  68      10B18D33 
  68      6FB10A42 
  68      E9C0
  69 0057 EE7B3BEF 		.ascii	"\356{;\357;3\237\375>\207@\022#\212\350\030\257\247"
  69      3B339FFD 
  69      3E874012 
  69      238AE818 
  69      AFA7
  70 0069 F9814750 		.ascii	"\371\201GPS\253Dy_)]J\223I:\235~2\0075\3348\355\374"
  70      53AB4479 
  70      5F295D4A 
  70      93493A9D 
  70      7E320735 
  71 0081 D9B8806C 		.ascii	"\331\270\200l\214\017\312)\355\270\310aKm+\324\213\215"
  71      8C0FCA29 
  71      EDB8C861 
  71      4B6D2BD4 
  71      8B8D
  72 0093 9AEA9D33 		.ascii	"\232\352\2353\034_\3365O\230\371\010\241&\352*;\214"
  72      1C5FDE35 
  72      4F98F908 
  72      A126EA2A 
  72      3B8C
  73 00a5 30875E62 		.ascii	"0\207^b\331\267\352\316\275\224W\020\331\221\370\020"
  73      D9B7EACE 
  73      BD945710 
  73      D991F810 
  74 00b5 F3F084A8 		.ascii	"\363\360\204\250|12\335n`\242\217\336\233\351\204\257"
  74      7C3132DD 
  74      6E60A28F 
  74      DE9BE984 
  74      AF
  75 00c6 28D470E4 		.ascii	"(\324p\344E\324b\235\014\335TJV\335@\375\347\355\037"
  75      45D4629D 
  75      0CDD544A 
  75      56DD40FD 
  75      E7ED1F
  76 00d9 3327A534 		.ascii	"3'\2454\320\016\267\235\016\353k\211\266\012\265\202"
  76      D00EB79D 
  76      0EEB6B89 
  76      B60AB582 
  77 00e9 4C59BD53 		.ascii	"LY\275S,\373\361\347\303b\336\210bymi\352\320,\356\347"
ARM GAS  C:\Users\elias\AppData\Local\Temp\ccL158Hf.s 			page 5


  77      2CFBF1E7 
  77      C362DE88 
  77      62796D69 
  77      EAD02CEE 
  78 00fe 0BCCA5F1 		.ascii	"\013\314\245\361\030=x\204\036\036\377\004\263\240\006"
  78      183D7884 
  78      1E1EFF04 
  78      B3A006
  79 010d 825FE728 		.ascii	"\202_\347(\320*n7\263\334~\357J=\340\343)\313\276\242"
  79      D02A6E37 
  79      B3DC7EEF 
  79      4A3DE0E3 
  79      29CBBEA2 
  80 0121 B01E1C8E 		.ascii	"\260\036\034\216\347\311\337\2267j\235T, ,H\037\022"
  80      E7C9DF96 
  80      376A9D54 
  80      2C202C48 
  80      1F12
  81 0133 3C4DA534 		.ascii	"<M\2454\323M\264+\237\036\034\020\365\277h\216E\253"
  81      D34DB42B 
  81      9F1E1C10 
  81      F5BF688E 
  81      45AB
  82 0145 D536D613 		.ascii	"\3256\326\023\271ms\313\2304\347&\331#I7W>\274M\012"
  82      B96D73CB 
  82      9834E726 
  82      D9234937 
  82      573EBC4D 
  83 015a 9EB17917 		.ascii	"\236\261y\027e6\366\2314\346\303\273\257+\223~\337\202"
  83      6536F699 
  83      34E6C3BB 
  83      AF2B937E 
  83      DF82
  84 016c 98662E85 		.ascii	"\230f.\205\332C\205\231w\254\263\250\242\217\025\213"
  84      DA438599 
  84      77ACB3A8 
  84      A28F158B 
  85 017c C5956A52 		.ascii	"\305\225jR\206x\000\236s\331w\004\321\326\315\2240\374"
  85      8678009E 
  85      73D97704 
  85      D1D6CD94 
  85      30FC
  86 018e 3F35D165 		.ascii	"?5\321e\233\010/\220c\177}K\356P\247\337\222\267>\357"
  86      9B082F90 
  86      637F7D4B 
  86      EE50A7DF 
  86      92B73EEF 
  87 01a2 92EF17F5 		.ascii	"\222\357\027\365\345^\250\213\177Q\227,\352\256\037"
  87      E55EA88B 
  87      7F51972C 
  87      EAAE1F
  88 01b1 7CEB7865 		.ascii	"|\353xe\255\333T\256\275\327&&\242\322\200e\226h1%\247"
  88      ADDB54AE 
  88      BDD72626 
  88      A2D28065 
  88      96683125 
  89 01c6 B9F8E840 		.ascii	"\271\370\350@\366jv|\344z\366\362\360\340\330\215\361"
ARM GAS  C:\Users\elias\AppData\Local\Temp\ccL158Hf.s 			page 6


  89      F66A767C 
  89      E47AF6F2 
  89      F0E0D88D 
  89      F1
  90 01d7 D1EC5066 		.ascii	"\321\354Pfp\354\354\251\241\013\2313W\256\015g\316\037"
  90      70ECECA9 
  90      A10B9933 
  90      57AE0D67 
  90      CE1F
  91 01e9 1FA5DF1A 		.ascii	"\037\245\337\032\302\343("
  91      C2E328
  92              		.text
  93              		.section	.gnu.lto_OPAlp_Wakeup.6b7175af,"",%progbits
  94 0000 789C654F 		.ascii	"x\234eO\277KBQ\030\375\276{\337\323\207\030\366\007"
  94      BF4B4251 
  94      18FDBE7B 
  94      DFD38718 
  94      F607
  95 0012 4444B438 		.ascii	"DD\2648\224\015\265\006\321\020\004\221$m\202\204\275"
  95      940DB506 
  95      D1100491 
  95      246D8284 
  95      BD
  96 0023 2D32A4E6 		.ascii	"-2\244\346w\375\361*\227\010\"\233\302)\264\337\005"
  96      77FDF12A 
  96      9708229B 
  96      C229B4DF 
  96      05
  97 0034 0DD9F414 		.ascii	"\015\331\364\0241\220\250\251\245\226j\220\220\006\205"
  97      3190A8A9 
  97      A5966A90 
  97      900685
  98 0043 1CF5F5DD 		.ascii	"\034\365\365\335\347\320\320\201\313w9\367\234{\316"
  98      E7D0D081 
  98      CB7739F7 
  98      9C7BCE
  99 0052 A70082C4 		.ascii	"\247\000\202\304\022\215\021\232\023tP\005d{O\000\011"
  99      128D119A 
  99      13745005 
  99      647B4F00 
  99      09
 100 0063 8D315EF5 		.ascii	"\2151^\365\201\360(\265)\020^\216J\217V\020\345Eh\010"
 100      81F028B5 
 100      29105E8E 
 100      4A8F5610 
 100      E5456808 
 101 0077 06E30A1A 		.ascii	"\006\343\012\032\330f\035\206\345\355z\221\371\363\202"
 101      D8661D86 
 101      E5ED7A91 
 101      F9F382
 102 0086 F07EDC1D 		.ascii	"\360~\334\035\027\005\013M\016`3'\0020\217~ \331\347"
 102      17050B4D 
 102      0E603327 
 102      02308F7E 
 102      20D9E7
 103 0099 4DF7A0CF 		.ascii	"M\367\240\317\225\226\262\241\336#\026\320%{\\-Z\302"
 103      9596B2A1 
ARM GAS  C:\Users\elias\AppData\Local\Temp\ccL158Hf.s 			page 7


 103      DE2316D0 
 103      257B5C2D 
 103      5AC2
 104 00ab B653C26A 		.ascii	"\266S\302j\273KY\217\312\301\344D7I\"\343Z\214\311\311"
 104      BB4B598F 
 104      CAC1E444 
 104      374922E3 
 104      5A8CC9C9 
 105 00bf EB98BC6F 		.ascii	"\353\230\274o\331%U\272R\234\323\217Y\263\374\354\376"
 105      D92555BA 
 105      529CD38F 
 105      59B3FCEC 
 105      FE
 106 00d0 61266728 		.ascii	"a&g(\003\212\305\3577\267\321\021;B\364\023\227\241"
 106      038AC5EF 
 106      37B7D111 
 106      3B42F413 
 106      97A1
 107 00e2 0E926E3C 		.ascii	"\016\222n<\276T<9<J\010\207\347xJ\305Op\300y\334\275"
 107      BE543C39 
 107      3C4A0887 
 107      E7784AC5 
 107      4F70C079 
 108 00f8 BBCE6881 		.ascii	"\273\316h\201Q\223\2669\303\034v\235\316x\216\001\370"
 108      5193B639 
 108      C31C769D 
 108      CE788E01 
 108      F8
 109 0109 C0F46B6A 		.ascii	"\300\364kj\360/\354\266\362\260\245\3110$\\H;\310n\034"
 109      F02FECB6 
 109      F2B0A5C9 
 109      30245C48 
 109      3BC86E1C 
 110 011d AA3EFE85 		.ascii	"\252>\376\205)k\277\346\225\342\377ET\233\352\001^\242"
 110      296BBFE6 
 110      95E2FF45 
 110      549BEA01 
 110      5EA2
 111 012f 417BB91C 		.ascii	"A{\271\034\223\342,\324\300\244u8\347\230$\232$#\232"
 111      93E22CD4 
 111      C0A47538 
 111      E798249A 
 111      24239A
 112 0142 1A0CCFEA 		.ascii	"\032\014\317\352kz|yC_\211\204b\233\361\250\036\016"
 112      6B7A7C79 
 112      435F8984 
 112      629BF1A8 
 112      1E0E
 113 0154 86623393 		.ascii	"\206b3\223\341\205\340\364\352z$8?\026\205_\320G\205"
 113      E185E0F4 
 113      EA7A2438 
 113      3F16855F 
 113      D04785
 114 0167 1C       		.ascii	"\034"
 115              		.text
 116              		.section	.gnu.lto_.symbol_nodes.6b7175af,"",%progbits
 117 0000 789C558A 		.ascii	"x\234U\212\271\015\2000\020\004\347\036\273\000b\007"
ARM GAS  C:\Users\elias\AppData\Local\Temp\ccL158Hf.s 			page 8


 117      B90D8030 
 117      1004E71E 
 117      BB006207 
 118 0010 D027D2B9 		.ascii	"\320'\322\271\004\212\240\012D\015TA\033H\234\210\360"
 118      048AA00A 
 118      440D5441 
 118      1B489C88 
 118      F0
 119 0021 26AB995D 		.ascii	"&\253\231]GX\311\250\004l\027d\035}I\241!\243\260\320"
 119      4758C9A8 
 119      046C1764 
 119      1D7D49A1 
 119      21A3B0D0 
 120 0035 4114E813 		.ascii	"A\024\350\023\230z\3300H\011\377D\036\372\234\\\243"
 120      987AD830 
 120      4809FF44 
 120      1EFA9C5C 
 120      A3
 121 0046 FCD9B4B0 		.ascii	"\374\331\264\260?\315\274r\237\215\027_\015\031\260"
 121      3FCDBC72 
 121      9F8D175F 
 121      0D19B0
 122              		.text
 123              		.section	.gnu.lto_.refs.6b7175af,"",%progbits
 124 0000 789C6361 		.ascii	"x\234ca`d\340c```bbdfadfcda`fd\000\000\002y\0003"
 124      6064E063 
 124      60606062 
 124      62646661 
 124      64666364 
 125              		.text
 126              		.section	.gnu.lto_.decls.6b7175af,"",%progbits
 127 0000 789C8D94 		.ascii	"x\234\215\224\177L[U\024\307\357y\257-\345Q\3102\324"
 127      7F4C5B55 
 127      14C7EF79 
 127      AF2DE551 
 127      C832D4
 128 0013 F0471311 		.ascii	"\360G\023\021\267\244\211\206\015\215\313\376\323\331"
 128      B7A48986 
 128      0D8DCBFE 
 128      D3D9
 129 0021 E84C8C4A 		.ascii	"\350L\214J\3261\377YB\012{N\262\206VVL\366\337\005j"
 129      D631FF59 
 129      420A7B4E 
 129      B2865656 
 129      4CF6DF05 
 130 0036 2A6A3266 		.ascii	"*j2f\262\021\230S\034:A~\264\3202`\216\3211a0`\321H"
 130      B2119853 
 130      1C3A417E 
 130      B4D03260 
 130      8ED13161 
 131 004e FC319651 		.ascii	"\3741\226Q\303\026\262\251\021Y5v\206\325s\357\273o"
 131      C316B2A9 
 131      11593576 
 131      86D573EF 
 131      BB6F
 132 0060 AF2C657A 		.ascii	"\257,ez\323\363\336=\357\235\357\347\236s\356}5\021"
 132      D3F3DE3D 
ARM GAS  C:\Users\elias\AppData\Local\Temp\ccL158Hf.s 			page 9


 132      EF9DEFE7 
 132      9E73EE7D 
 132      3511
 133 0072 206CF49B 		.ascii	" l\364\233\011Y\305\373VtS8\320%{\2101,h=h!\264>\264"
 133      0959C5FB 
 133      56745338 
 133      D0257B88 
 133      312C683D 
 134 008b 08DA00DA 		.ascii	"\010\332\000\332 \032#\214\223\265\243G<\327\031 \236"
 134      201A238C 
 134      93B5A347 
 134      3CD71920 
 134      9E
 135 009c DD3F4219 		.ascii	"\335?B\031\342B\031\342\330\232\331\"\316\216v\011m"
 135      E24219E2 
 135      D89AD922 
 135      CE8E7609 
 135      6D
 136 00ad 126D1AED 		.ascii	"\022m\032\355\002\3329\264\031\264n\301\030E\223\204"
 136      02DA39B4 
 136      19B46EC1 
 136      18459384 
 137 00bd 6E609D1C 		.ascii	"n`\235\034Y\015Yi\314\377bE\036P\357\252\004\251O\242"
 137      590D5969 
 137      CCFF6245 
 137      1E50EFAA 
 137      04A94FA2 
 138 00d1 87ADF3F0 		.ascii	"\207\255\363\360\023\310D4\225\000hW\340F4\343.N$\242"
 138      13C84434 
 138      95006857 
 138      E04634E3 
 138      2E4E24A2 
 139 00e5 4DF447F7 		.ascii	"M\364G\367\006\021!\222>5`\374'\364\220\322\007\207"
 139      06112192 
 139      3E3560FC 
 139      27F490D2 
 139      0787
 140 00f7 18741022 		.ascii	"\030t\020\"\315\327\373*D \031\013\200\346\352\2124"
 140      CDD7FB2A 
 140      4420190B 
 140      80E6EA8A 
 140      34
 141 0108 DE7D19E9 		.ascii	"\336}\031\3519\353\313\360v\360\242;G\206G\314\262\004"
 141      39EBCBF0 
 141      76F0A23B 
 141      478647CC 
 141      B204
 142 011a 6CBE90EC 		.ascii	"l\276\220\354x\261\270\233\342h\242Tz\302\350\314\267"
 142      78B1B89B 
 142      E268A254 
 142      7AC2E8CC 
 142      B7
 143 012b 81F04772 		.ascii	"\201\360GrB\202\215\012\230\320\375c\266u1\017\335\207"
 143      42828D0A 
 143      98D0FD63 
 143      B675310F 
 143      DD87
ARM GAS  C:\Users\elias\AppData\Local\Temp\ccL158Hf.s 			page 10


 144 013d 14284477 		.ascii	"\024(Dwu\352x\253Tp\214\353\032h\241\011\366<\002]`"
 144      75EA78AB 
 144      54708CEB 
 144      1A68A109 
 144      F63C025D 
 145 0152 872F0137 		.ascii	"\207/\0017\005\272\241\000\257\025&\215\364C\242\243"
 145      05BAA100 
 145      AF15268D 
 145      F443A2A3 
 146 0162 CD52D446 		.ascii	"\315R\324F\227\3034\236\214>\325Bc\001J\353$\026\005"
 146      97C3349E 
 146      8C3ED542 
 146      63014AEB 
 146      241605
 147 0175 1D204327 		.ascii	"\035 C'\024\263$;\330\036\020\370\002\3461\337\036("
 147      14B3243B 
 147      D81E10F8 
 147      02E631DF 
 147      1E28
 148 0187 42250D9F 		.ascii	"B%\015\237\375\333*?\313\023\245\215\303\037\3334Jl"
 148      FDDB2A3F 
 148      CB13A58D 
 148      C31FDB34 
 148      4A6C
 149 0199 45A58D94 		.ascii	"E\245\215\224\326\2338\242\327@\364\246#B\034qjt\246"
 149      D69B38A2 
 149      D740F4A6 
 149      23421C71 
 149      6A74A6
 150 01ac 3D577671 		.ascii	"=Wvq\304\225\205\331q\005\021m\210\230\233\260\321\246"
 150      C49585D9 
 150      7105116D 
 150      88989BB0 
 150      D1A6
 151 01be 3A4A9FE3 		.ascii	":J\237\343\214\260\301\010\2473\3728\343\352\320\255"
 151      8CB0C108 
 151      A733FA38 
 151      E3EAD0AD 
 152 01ce 299B5CCE 		.ascii	")\233\\\316\031?\277\337\365\243Y0V.\2463\372\015F\177"
 152      193FBFDF 
 152      F5A35930 
 152      562EA633 
 152      FA0D467F 
 153 01e2 3A23C219 		.ascii	":#\302\031uM\301k\262\354\341\214\300\235\304R62\342"
 153      754DC16B 
 153      B2ECE18C 
 153      C09DC452 
 153      3632E2
 154 01f5 94C6AF05 		.ascii	"\224\306\257\005\267\265\3201\255\222\250A\210r\002"
 154      B7B5D031 
 154      AD92A841 
 154      887202
 155 0204 4E06B8FA 		.ascii	"N\006\270\372\314/\267\036\227\233\201\253;\353\227"
 155      CC2FB71E 
 155      979B81AB 
 155      3BEB97
 156 0213 0E2B9A3A 		.ascii	"\016+\232:\366\227\032\310\346\322\323\206\364\264."
ARM GAS  C:\Users\elias\AppData\Local\Temp\ccL158Hf.s 			page 11


 156      F6971AC8 
 156      E6D2D386 
 156      F4B42E
 157 0222 1DE4D2E3 		.ascii	"\035\344\322\343\211Pc\236\374\231\246\035;vu\316&\367"
 157      8950639E 
 157      FC99A61D 
 157      3B7675CE 
 157      26F7
 158 0234 694EE89D 		.ascii	"iN\350\235\353\235V\334R\273\002)`\376\257\303\311\\"
 158      EB9D56DC 
 158      52BB0229 
 158      60FEAFC3 
 158      C95C
 159 0246 CD67AF5B 		.ascii	"\315g\257[\216,\336\315\221Gx\254\364\335b\327M\023"
 159      8E2CDECD 
 159      914778AC 
 159      F4DD62D7 
 159      4D13
 160 0258 3894536C 		.ascii	"8\224Sl\307\343\315\227=\315A<.p\016\0248k,mW\360\372"
 160      C7E3CD97 
 160      3DCD413C 
 160      2E700E14 
 160      386B2C6D 
 161 026f 2EEE0C5D 		.ascii	".\356\014]>I-\005\004\236\266\303V;\201\021p0*\213\202"
 161      3E492D05 
 161      049EB6C3 
 161      563B8111 
 161      70302A8B 
 162 0284 AFF0949C 		.ascii	"\257\360\224\234\301S\262*\311s\023\203\237\347\300"
 162      C153B22A 
 162      C9731383 
 162      9FE7C0
 163 0293 A67CC749 		.ascii	"\246|\307I&\211/\004\237<\321Ki\203\205c\207\021\033"
 163      26892F04 
 163      9F3CD14B 
 163      69838563 
 163      87111B
 164 02a6 837C1DB1 		.ascii	"\203|\035\261\205\235\253\022\366\305\037a),\327S\012"
 164      859DAB12 
 164      F6C51F61 
 164      292CD753 
 164      0A
 165 02b7 6FE90B10 		.ascii	"o\351\013\020\036\211x8\217+\215\302&\336\000\236k\354"
 165      1E897838 
 165      8F2B8DC2 
 165      26DE009E 
 165      6BEC
 166 02c9 844AA995 		.ascii	"\204J\251\225\275'\"Kq\276?\230\275\376{\256|C+o\250"
 166      BD27224B 
 166      71BE3F98 
 166      BDFE7BAE 
 166      7C432B6F 
 167 02de B93DA840 		.ascii	"\271=\250@\276#\003\033\276F\344\372\370\310\303\330"
 167      BE23031B 
 167      BE46E4FA 
 167      F8C8C3D8 
 168 02ee 860BF87A 		.ascii	"\206\013\370z\314h\003[\214\257q\371n\317\235\254\315"
ARM GAS  C:\Users\elias\AppData\Local\Temp\ccL158Hf.s 			page 12


 168      CC68035B 
 168      8CAF71F9 
 168      6ECF9DAC 
 168      CD
 169 02ff ED94E26E 		.ascii	"\355\224\342n%\303U\267\353\351K<vH\213\275\227\375"
 169      25C355B7 
 169      EBE94B3C 
 169      76488BBD 
 169      97FD
 170 0311 10FFFB19 		.ascii	"\020\377\373\031\207\315\250I\004n\177oQ\260\211\015"
 170      87CDA849 
 170      046E7F6F 
 170      51B0890D 
 171 0321 FFAB8930 		.ascii	"\377\253\2110{\363\323T\226\234\324\352\210\034m9\232"
 171      7BF3D354 
 171      969CD4EA 
 171      881C6D39 
 171      9A
 172 0332 058A2383 		.ascii	"\005\212#\203|*\203\\\337\315\262\326\017\353h!Lb\333"
 172      7C2A835C 
 172      DFCDB2D6 
 172      0FEB6821 
 172      4C62DB
 173 0345 2F1A654C 		.ascii	"/\032eL\200\242\225\021\375\346\267\220\331\366\036"
 173      80A29511 
 173      FDE6B790 
 173      D9F61E
 174 0354 DB24FCD8 		.ascii	"\333$\374\3307N\346\361H\343s\277\0046~\340\360\216"
 174      374EE6F1 
 174      48E373BF 
 174      04367EE0 
 174      F08E
 175 0366 D1F37FCE 		.ascii	"\321\363\177\316\254X\326D\263\222\215\350i\021=\315"
 175      AC58D644 
 175      B3928DE8 
 175      69113DCD 
 176 0376 A3FFB911 		.ascii	"\243\377\271\021Z\262\255\211f\307\331\210\236\001\233"
 176      5AB2AD89 
 176      66C7D988 
 176      9E019B
 177 0385 9E0F4EC9 		.ascii	"\236\017N\311\206\327Jwx|\345.\367\333\252\323[\375"
 177      86D74A77 
 177      787CE52E 
 177      F7DBAAD3 
 177      5BFD
 178 0397 46D57EEB 		.ascii	"F\325~\353\316W\313\012\235%%\244h\247Z\255\326\270"
 178      CE57CB0A 
 178      9D2525A4 
 178      68A75AAD 
 178      D6B8
 179 03a9 FDEABE72 		.ascii	"\375\352\276r\227\267\266\246R\335[\352\362:\237\331"
 179      97B7B6A6 
 179      52DD5BEA 
 179      F23A9FD9 
 180 03b9 AB094A5F 		.ascii	"\253\011J_)\256$\371\332|\227z\320\357\255\021\372\034"
 180      29AE24F9 
 180      DA7C977A 
ARM GAS  C:\Users\elias\AppData\Local\Temp\ccL158Hf.s 			page 13


 180      D0EFAD11 
 180      FA1C
 181 03cb 01F4A8AA 		.ascii	"\001\364\250\252\317\246\315_w\037Pk}\212x\341\367\372"
 181      CFA6CD5F 
 181      771F506B 
 181      7D8A78E1 
 181      F7FA
 182 03dd 1E7D10BA 		.ascii	"\036}\020\272\370M\"t/T\273+<\252p*\334\225\007j}9*"
 182      F84D2274 
 182      2F54BB2B 
 182      3CAA702A 
 182      DC95076A 
 183 03f4 7FE6F2A3 		.ascii	"\177\346\362\243\330\\[U\355\337\376\330:\254\312C\376"
 183      D85C5B55 
 183      EDDFFED8 
 183      3AACCA43 
 183      FE
 184 0405 433EF520 		.ascii	"C>\365 \322D\226\317\357p\276\\VZ\356\332\275\253\314"
 184      D24496CF 
 184      EF70BE5C 
 184      565AEEDA 
 184      BDABCC
 185 0418 B9DB54A3 		.ascii	"\271\333T\243\356\337\376/\276\265\374\303"
 185      EEDFFE2F 
 185      BEB5FCC3 
 186              		.text
 187              		.section	.gnu.lto_.symtab.6b7175af,"",%progbits
 188 0000 4F50416C 		.ascii	"OPAlp_SaveConfig\000"
 188      705F5361 
 188      7665436F 
 188      6E666967 
 188      00
 189 0011 00       		.ascii	"\000"
 190 0012 00       		.ascii	"\000"
 191 0013 00       		.ascii	"\000"
 192 0014 00000000 		.ascii	"\000\000\000\000\000\000\000\000"
 192      00000000 
 193 001c AD000000 		.ascii	"\255\000\000\000"
 194 0020 4F50416C 		.ascii	"OPAlp_RestoreConfig\000"
 194      705F5265 
 194      73746F72 
 194      65436F6E 
 194      66696700 
 195 0034 00       		.ascii	"\000"
 196 0035 00       		.ascii	"\000"
 197 0036 00       		.ascii	"\000"
 198 0037 00000000 		.ascii	"\000\000\000\000\000\000\000\000"
 198      00000000 
 199 003f AF000000 		.ascii	"\257\000\000\000"
 200 0043 4F50416C 		.ascii	"OPAlp_Sleep\000"
 200      705F536C 
 200      65657000 
 201 004f 00       		.ascii	"\000"
 202 0050 00       		.ascii	"\000"
 203 0051 00       		.ascii	"\000"
 204 0052 00000000 		.ascii	"\000\000\000\000\000\000\000\000"
 204      00000000 
ARM GAS  C:\Users\elias\AppData\Local\Temp\ccL158Hf.s 			page 14


 205 005a B1000000 		.ascii	"\261\000\000\000"
 206 005e 4F50416C 		.ascii	"OPAlp_Wakeup\000"
 206      705F5761 
 206      6B657570 
 206      00
 207 006b 00       		.ascii	"\000"
 208 006c 00       		.ascii	"\000"
 209 006d 00       		.ascii	"\000"
 210 006e 00000000 		.ascii	"\000\000\000\000\000\000\000\000"
 210      00000000 
 211 0076 B3000000 		.ascii	"\263\000\000\000"
 212 007a 4F50416C 		.ascii	"OPAlp_Stop\000"
 212      705F5374 
 212      6F7000
 213 0085 00       		.ascii	"\000"
 214 0086 02       		.ascii	"\002"
 215 0087 00       		.ascii	"\000"
 216 0088 00000000 		.ascii	"\000\000\000\000\000\000\000\000"
 216      00000000 
 217 0090 B5000000 		.ascii	"\265\000\000\000"
 218 0094 4F50416C 		.ascii	"OPAlp_Enable\000"
 218      705F456E 
 218      61626C65 
 218      00
 219 00a1 00       		.ascii	"\000"
 220 00a2 02       		.ascii	"\002"
 221 00a3 00       		.ascii	"\000"
 222 00a4 00000000 		.ascii	"\000\000\000\000\000\000\000\000"
 222      00000000 
 223 00ac B7000000 		.ascii	"\267\000\000\000"
 224              		.text
 225              		.section	.gnu.lto_.opts,"",%progbits
 226 0000 272D666D 		.ascii	"'-fmath-errno' '-fsigned-zeros' '-ftrapping-math' '"
 226      6174682D 
 226      6572726E 
 226      6F272027 
 226      2D667369 
 227 0033 2D666E6F 		.ascii	"-fno-trapv' '-fno-openmp' '-fno-openacc' '-mcpu=cor"
 227      2D747261 
 227      70762720 
 227      272D666E 
 227      6F2D6F70 
 228 0066 7465782D 		.ascii	"tex-m3' '-mthumb' '-g' '-O3' '-ffunction-sections' "
 228      6D332720 
 228      272D6D74 
 228      68756D62 
 228      2720272D 
 229 0099 272D6666 		.ascii	"'-ffat-lto-objects' '-finline-functions' '-flto'\000"
 229      61742D6C 
 229      746F2D6F 
 229      626A6563 
 229      74732720 
 230              		.text
 231              		.cfi_sections	.debug_frame
 232              		.section	.text.OPAlp_SaveConfig,"ax",%progbits
 233              		.align	2
 234              		.global	OPAlp_SaveConfig
ARM GAS  C:\Users\elias\AppData\Local\Temp\ccL158Hf.s 			page 15


 235              		.thumb
 236              		.thumb_func
 237              		.type	OPAlp_SaveConfig, %function
 238              	OPAlp_SaveConfig:
 239              	.LFB5:
 240              		.cfi_startproc
 241              		@ args = 0, pretend = 0, frame = 0
 242              		@ frame_needed = 0, uses_anonymous_args = 0
 243              		@ link register save eliminated.
 244 0000 7047     		bx	lr
 245              		.cfi_endproc
 246              	.LFE5:
 247              		.size	OPAlp_SaveConfig, .-OPAlp_SaveConfig
 248 0002 00BF     		.section	.text.OPAlp_RestoreConfig,"ax",%progbits
 249              		.align	2
 250              		.global	OPAlp_RestoreConfig
 251              		.thumb
 252              		.thumb_func
 253              		.type	OPAlp_RestoreConfig, %function
 254              	OPAlp_RestoreConfig:
 255              	.LFB1:
 256              		.file 1 "Generated_Source\\PSoC5\\OPAlp_PM.c"
   1:Generated_Source\PSoC5/OPAlp_PM.c **** /*******************************************************************************
   2:Generated_Source\PSoC5/OPAlp_PM.c **** * File Name: OPAlp_PM.c
   3:Generated_Source\PSoC5/OPAlp_PM.c **** * Version 1.90
   4:Generated_Source\PSoC5/OPAlp_PM.c **** *
   5:Generated_Source\PSoC5/OPAlp_PM.c **** * Description:
   6:Generated_Source\PSoC5/OPAlp_PM.c **** *  This file provides the power management source code to the API for the 
   7:Generated_Source\PSoC5/OPAlp_PM.c **** *  OpAmp (Analog Buffer) component.
   8:Generated_Source\PSoC5/OPAlp_PM.c **** *
   9:Generated_Source\PSoC5/OPAlp_PM.c **** * Note:
  10:Generated_Source\PSoC5/OPAlp_PM.c **** *
  11:Generated_Source\PSoC5/OPAlp_PM.c **** ********************************************************************************
  12:Generated_Source\PSoC5/OPAlp_PM.c **** * Copyright 2008-2012, Cypress Semiconductor Corporation.  All rights reserved.
  13:Generated_Source\PSoC5/OPAlp_PM.c **** * You may use this file only in accordance with the license, terms, conditions, 
  14:Generated_Source\PSoC5/OPAlp_PM.c **** * disclaimers, and limitations in the end user license agreement accompanying 
  15:Generated_Source\PSoC5/OPAlp_PM.c **** * the software package with which this file was provided.
  16:Generated_Source\PSoC5/OPAlp_PM.c **** *******************************************************************************/
  17:Generated_Source\PSoC5/OPAlp_PM.c **** 
  18:Generated_Source\PSoC5/OPAlp_PM.c **** #include "OPAlp.h"
  19:Generated_Source\PSoC5/OPAlp_PM.c **** 
  20:Generated_Source\PSoC5/OPAlp_PM.c **** static OPAlp_BACKUP_STRUCT  OPAlp_backup;
  21:Generated_Source\PSoC5/OPAlp_PM.c **** 
  22:Generated_Source\PSoC5/OPAlp_PM.c **** 
  23:Generated_Source\PSoC5/OPAlp_PM.c **** /*******************************************************************************  
  24:Generated_Source\PSoC5/OPAlp_PM.c **** * Function Name: OPAlp_SaveConfig
  25:Generated_Source\PSoC5/OPAlp_PM.c **** ********************************************************************************
  26:Generated_Source\PSoC5/OPAlp_PM.c **** *
  27:Generated_Source\PSoC5/OPAlp_PM.c **** * Summary:
  28:Generated_Source\PSoC5/OPAlp_PM.c **** *  Saves the current user configuration registers.
  29:Generated_Source\PSoC5/OPAlp_PM.c **** * 
  30:Generated_Source\PSoC5/OPAlp_PM.c **** * Parameters:
  31:Generated_Source\PSoC5/OPAlp_PM.c **** *  void
  32:Generated_Source\PSoC5/OPAlp_PM.c **** * 
  33:Generated_Source\PSoC5/OPAlp_PM.c **** * Return:
  34:Generated_Source\PSoC5/OPAlp_PM.c **** *  void
  35:Generated_Source\PSoC5/OPAlp_PM.c **** *
ARM GAS  C:\Users\elias\AppData\Local\Temp\ccL158Hf.s 			page 16


  36:Generated_Source\PSoC5/OPAlp_PM.c **** *******************************************************************************/
  37:Generated_Source\PSoC5/OPAlp_PM.c **** void OPAlp_SaveConfig(void) 
  38:Generated_Source\PSoC5/OPAlp_PM.c **** {
  39:Generated_Source\PSoC5/OPAlp_PM.c ****     /* Nothing to save as registers are System reset on retention flops */
  40:Generated_Source\PSoC5/OPAlp_PM.c **** }
  41:Generated_Source\PSoC5/OPAlp_PM.c **** 
  42:Generated_Source\PSoC5/OPAlp_PM.c **** 
  43:Generated_Source\PSoC5/OPAlp_PM.c **** /*******************************************************************************  
  44:Generated_Source\PSoC5/OPAlp_PM.c **** * Function Name: OPAlp_RestoreConfig
  45:Generated_Source\PSoC5/OPAlp_PM.c **** ********************************************************************************
  46:Generated_Source\PSoC5/OPAlp_PM.c **** *
  47:Generated_Source\PSoC5/OPAlp_PM.c **** * Summary:
  48:Generated_Source\PSoC5/OPAlp_PM.c **** *  Restores the current user configuration registers.
  49:Generated_Source\PSoC5/OPAlp_PM.c **** *
  50:Generated_Source\PSoC5/OPAlp_PM.c **** * Parameters:
  51:Generated_Source\PSoC5/OPAlp_PM.c **** *  void
  52:Generated_Source\PSoC5/OPAlp_PM.c **** *
  53:Generated_Source\PSoC5/OPAlp_PM.c **** * Return:
  54:Generated_Source\PSoC5/OPAlp_PM.c **** *  void
  55:Generated_Source\PSoC5/OPAlp_PM.c **** *
  56:Generated_Source\PSoC5/OPAlp_PM.c **** *******************************************************************************/
  57:Generated_Source\PSoC5/OPAlp_PM.c **** void OPAlp_RestoreConfig(void) 
  58:Generated_Source\PSoC5/OPAlp_PM.c **** {
 257              		.loc 1 58 0
 258              		.cfi_startproc
 259              		@ args = 0, pretend = 0, frame = 0
 260              		@ frame_needed = 0, uses_anonymous_args = 0
 261              		@ link register save eliminated.
 262 0000 7047     		bx	lr
 263              		.cfi_endproc
 264              	.LFE1:
 265              		.size	OPAlp_RestoreConfig, .-OPAlp_RestoreConfig
 266 0002 00BF     		.section	.text.OPAlp_Sleep,"ax",%progbits
 267              		.align	2
 268              		.global	OPAlp_Sleep
 269              		.thumb
 270              		.thumb_func
 271              		.type	OPAlp_Sleep, %function
 272              	OPAlp_Sleep:
 273              	.LFB2:
  59:Generated_Source\PSoC5/OPAlp_PM.c ****     /* Nothing to restore */
  60:Generated_Source\PSoC5/OPAlp_PM.c **** }
  61:Generated_Source\PSoC5/OPAlp_PM.c **** 
  62:Generated_Source\PSoC5/OPAlp_PM.c **** 
  63:Generated_Source\PSoC5/OPAlp_PM.c **** /*******************************************************************************   
  64:Generated_Source\PSoC5/OPAlp_PM.c **** * Function Name: OPAlp_Sleep
  65:Generated_Source\PSoC5/OPAlp_PM.c **** ********************************************************************************
  66:Generated_Source\PSoC5/OPAlp_PM.c **** *
  67:Generated_Source\PSoC5/OPAlp_PM.c **** * Summary:
  68:Generated_Source\PSoC5/OPAlp_PM.c **** *  Disables block's operation and saves its configuration. Should be called 
  69:Generated_Source\PSoC5/OPAlp_PM.c **** *  just prior to entering sleep.
  70:Generated_Source\PSoC5/OPAlp_PM.c **** *
  71:Generated_Source\PSoC5/OPAlp_PM.c **** * Parameters:
  72:Generated_Source\PSoC5/OPAlp_PM.c **** *  void
  73:Generated_Source\PSoC5/OPAlp_PM.c **** *
  74:Generated_Source\PSoC5/OPAlp_PM.c **** * Return:
  75:Generated_Source\PSoC5/OPAlp_PM.c **** *  void
ARM GAS  C:\Users\elias\AppData\Local\Temp\ccL158Hf.s 			page 17


  76:Generated_Source\PSoC5/OPAlp_PM.c **** *
  77:Generated_Source\PSoC5/OPAlp_PM.c **** * Global variables:
  78:Generated_Source\PSoC5/OPAlp_PM.c **** *  OPAlp_backup: The structure field 'enableState' is modified 
  79:Generated_Source\PSoC5/OPAlp_PM.c **** *  depending on the enable state of the block before entering to sleep mode.
  80:Generated_Source\PSoC5/OPAlp_PM.c **** *
  81:Generated_Source\PSoC5/OPAlp_PM.c **** *******************************************************************************/
  82:Generated_Source\PSoC5/OPAlp_PM.c **** void OPAlp_Sleep(void) 
  83:Generated_Source\PSoC5/OPAlp_PM.c **** {
 274              		.loc 1 83 0
 275              		.cfi_startproc
 276              		@ args = 0, pretend = 0, frame = 0
 277              		@ frame_needed = 0, uses_anonymous_args = 0
 278              		@ link register save eliminated.
  84:Generated_Source\PSoC5/OPAlp_PM.c ****     /* Save OpAmp enable state */
  85:Generated_Source\PSoC5/OPAlp_PM.c ****     if((OPAlp_PM_ACT_CFG_REG & OPAlp_ACT_PWR_EN) != 0u)
 279              		.loc 1 85 0
 280 0000 074B     		ldr	r3, .L7
 281 0002 1B78     		ldrb	r3, [r3]	@ zero_extendqisi2
 282 0004 03F00803 		and	r3, r3, #8
 283 0008 03F0FF02 		and	r2, r3, #255
 284 000c 13B9     		cbnz	r3, .L6
  86:Generated_Source\PSoC5/OPAlp_PM.c ****     {
  87:Generated_Source\PSoC5/OPAlp_PM.c ****         /* Component is enabled */
  88:Generated_Source\PSoC5/OPAlp_PM.c ****         OPAlp_backup.enableState = 1u;
  89:Generated_Source\PSoC5/OPAlp_PM.c ****          /* Stops the component */
  90:Generated_Source\PSoC5/OPAlp_PM.c ****          OPAlp_Stop();
  91:Generated_Source\PSoC5/OPAlp_PM.c ****     }
  92:Generated_Source\PSoC5/OPAlp_PM.c ****     else
  93:Generated_Source\PSoC5/OPAlp_PM.c ****     {
  94:Generated_Source\PSoC5/OPAlp_PM.c ****         /* Component is disabled */
  95:Generated_Source\PSoC5/OPAlp_PM.c ****         OPAlp_backup.enableState = 0u;
 285              		.loc 1 95 0
 286 000e 054B     		ldr	r3, .L7+4
 287 0010 1A70     		strb	r2, [r3]
 288 0012 7047     		bx	lr
 289              	.L6:
  88:Generated_Source\PSoC5/OPAlp_PM.c ****          /* Stops the component */
 290              		.loc 1 88 0
 291 0014 034B     		ldr	r3, .L7+4
 292 0016 0122     		movs	r2, #1
 293 0018 1A70     		strb	r2, [r3]
  90:Generated_Source\PSoC5/OPAlp_PM.c ****     }
 294              		.loc 1 90 0
 295 001a FFF7FEBF 		b	OPAlp_Stop
 296              	.LVL0:
 297              	.L8:
 298 001e 00BF     		.align	2
 299              	.L7:
 300 0020 A4430040 		.word	1073759140
 301 0024 00000000 		.word	.LANCHOR0
 302              		.cfi_endproc
 303              	.LFE2:
 304              		.size	OPAlp_Sleep, .-OPAlp_Sleep
 305              		.section	.text.OPAlp_Wakeup,"ax",%progbits
 306              		.align	2
 307              		.global	OPAlp_Wakeup
 308              		.thumb
ARM GAS  C:\Users\elias\AppData\Local\Temp\ccL158Hf.s 			page 18


 309              		.thumb_func
 310              		.type	OPAlp_Wakeup, %function
 311              	OPAlp_Wakeup:
 312              	.LFB3:
  96:Generated_Source\PSoC5/OPAlp_PM.c ****     }
  97:Generated_Source\PSoC5/OPAlp_PM.c ****     /* Saves the configuration */
  98:Generated_Source\PSoC5/OPAlp_PM.c ****     OPAlp_SaveConfig();
  99:Generated_Source\PSoC5/OPAlp_PM.c **** }
 100:Generated_Source\PSoC5/OPAlp_PM.c **** 
 101:Generated_Source\PSoC5/OPAlp_PM.c **** 
 102:Generated_Source\PSoC5/OPAlp_PM.c **** /*******************************************************************************  
 103:Generated_Source\PSoC5/OPAlp_PM.c **** * Function Name: OPAlp_Wakeup
 104:Generated_Source\PSoC5/OPAlp_PM.c **** ********************************************************************************
 105:Generated_Source\PSoC5/OPAlp_PM.c **** *
 106:Generated_Source\PSoC5/OPAlp_PM.c **** * Summary:
 107:Generated_Source\PSoC5/OPAlp_PM.c **** *  Enables block's operation and restores its configuration. Should be called
 108:Generated_Source\PSoC5/OPAlp_PM.c **** *  just after awaking from sleep.
 109:Generated_Source\PSoC5/OPAlp_PM.c **** *
 110:Generated_Source\PSoC5/OPAlp_PM.c **** * Parameters:
 111:Generated_Source\PSoC5/OPAlp_PM.c **** *  void
 112:Generated_Source\PSoC5/OPAlp_PM.c **** *
 113:Generated_Source\PSoC5/OPAlp_PM.c **** * Return:
 114:Generated_Source\PSoC5/OPAlp_PM.c **** *  void
 115:Generated_Source\PSoC5/OPAlp_PM.c **** *
 116:Generated_Source\PSoC5/OPAlp_PM.c **** * Global variables:
 117:Generated_Source\PSoC5/OPAlp_PM.c **** *  OPAlp_backup: The structure field 'enableState' is used to 
 118:Generated_Source\PSoC5/OPAlp_PM.c **** *  restore the enable state of block after wakeup from sleep mode.
 119:Generated_Source\PSoC5/OPAlp_PM.c **** *
 120:Generated_Source\PSoC5/OPAlp_PM.c **** *******************************************************************************/
 121:Generated_Source\PSoC5/OPAlp_PM.c **** void OPAlp_Wakeup(void) 
 122:Generated_Source\PSoC5/OPAlp_PM.c **** {
 313              		.loc 1 122 0
 314              		.cfi_startproc
 315              		@ args = 0, pretend = 0, frame = 0
 316              		@ frame_needed = 0, uses_anonymous_args = 0
 317              		@ link register save eliminated.
 123:Generated_Source\PSoC5/OPAlp_PM.c ****     /* Restore the user configuration */
 124:Generated_Source\PSoC5/OPAlp_PM.c ****     OPAlp_RestoreConfig();
 125:Generated_Source\PSoC5/OPAlp_PM.c **** 
 126:Generated_Source\PSoC5/OPAlp_PM.c ****     /* Enables the component operation */
 127:Generated_Source\PSoC5/OPAlp_PM.c ****     if(OPAlp_backup.enableState == 1u)
 318              		.loc 1 127 0
 319 0000 034B     		ldr	r3, .L12
 320 0002 1B78     		ldrb	r3, [r3]	@ zero_extendqisi2
 321 0004 012B     		cmp	r3, #1
 322 0006 00D0     		beq	.L11
 323 0008 7047     		bx	lr
 324              	.L11:
 128:Generated_Source\PSoC5/OPAlp_PM.c ****     {
 129:Generated_Source\PSoC5/OPAlp_PM.c ****         OPAlp_Enable();
 325              		.loc 1 129 0
 326 000a FFF7FEBF 		b	OPAlp_Enable
 327              	.LVL1:
 328              	.L13:
 329 000e 00BF     		.align	2
 330              	.L12:
 331 0010 00000000 		.word	.LANCHOR0
ARM GAS  C:\Users\elias\AppData\Local\Temp\ccL158Hf.s 			page 19


 332              		.cfi_endproc
 333              	.LFE3:
 334              		.size	OPAlp_Wakeup, .-OPAlp_Wakeup
 335              		.bss
 336              		.align	2
 337              		.set	.LANCHOR0,. + 0
 338              		.type	OPAlp_backup, %object
 339              		.size	OPAlp_backup, 1
 340              	OPAlp_backup:
 341 0000 00       		.space	1
 342              		.text
 343              	.Letext0:
 344              		.file 2 "Generated_Source\\PSoC5\\cytypes.h"
 345              		.file 3 "Generated_Source\\PSoC5\\OPAlp.h"
 346              		.section	.debug_info,"",%progbits
 347              	.Ldebug_info0:
 348 0000 4C010000 		.4byte	0x14c
 349 0004 0400     		.2byte	0x4
 350 0006 00000000 		.4byte	.Ldebug_abbrev0
 351 000a 04       		.byte	0x4
 352 000b 01       		.uleb128 0x1
 353 000c 95010000 		.4byte	.LASF23
 354 0010 0C       		.byte	0xc
 355 0011 C3000000 		.4byte	.LASF24
 356 0015 76000000 		.4byte	.LASF25
 357 0019 00000000 		.4byte	.Ldebug_ranges0+0
 358 001d 00000000 		.4byte	0
 359 0021 00000000 		.4byte	.Ldebug_line0
 360 0025 02       		.uleb128 0x2
 361 0026 01       		.byte	0x1
 362 0027 06       		.byte	0x6
 363 0028 21010000 		.4byte	.LASF0
 364 002c 02       		.uleb128 0x2
 365 002d 01       		.byte	0x1
 366 002e 08       		.byte	0x8
 367 002f B0000000 		.4byte	.LASF1
 368 0033 02       		.uleb128 0x2
 369 0034 02       		.byte	0x2
 370 0035 05       		.byte	0x5
 371 0036 65010000 		.4byte	.LASF2
 372 003a 02       		.uleb128 0x2
 373 003b 02       		.byte	0x2
 374 003c 07       		.byte	0x7
 375 003d 0E010000 		.4byte	.LASF3
 376 0041 02       		.uleb128 0x2
 377 0042 04       		.byte	0x4
 378 0043 05       		.byte	0x5
 379 0044 F8000000 		.4byte	.LASF4
 380 0048 02       		.uleb128 0x2
 381 0049 04       		.byte	0x4
 382 004a 07       		.byte	0x7
 383 004b 47000000 		.4byte	.LASF5
 384 004f 02       		.uleb128 0x2
 385 0050 08       		.byte	0x8
 386 0051 05       		.byte	0x5
 387 0052 00000000 		.4byte	.LASF6
 388 0056 02       		.uleb128 0x2
ARM GAS  C:\Users\elias\AppData\Local\Temp\ccL158Hf.s 			page 20


 389 0057 08       		.byte	0x8
 390 0058 07       		.byte	0x7
 391 0059 59000000 		.4byte	.LASF7
 392 005d 03       		.uleb128 0x3
 393 005e 04       		.byte	0x4
 394 005f 05       		.byte	0x5
 395 0060 696E7400 		.ascii	"int\000"
 396 0064 02       		.uleb128 0x2
 397 0065 04       		.byte	0x4
 398 0066 07       		.byte	0x7
 399 0067 1B000000 		.4byte	.LASF8
 400 006b 04       		.uleb128 0x4
 401 006c 41000000 		.4byte	.LASF12
 402 0070 02       		.byte	0x2
 403 0071 E901     		.2byte	0x1e9
 404 0073 2C000000 		.4byte	0x2c
 405 0077 02       		.uleb128 0x2
 406 0078 04       		.byte	0x4
 407 0079 04       		.byte	0x4
 408 007a 70000000 		.4byte	.LASF9
 409 007e 02       		.uleb128 0x2
 410 007f 08       		.byte	0x8
 411 0080 04       		.byte	0x4
 412 0081 F1000000 		.4byte	.LASF10
 413 0085 02       		.uleb128 0x2
 414 0086 01       		.byte	0x1
 415 0087 08       		.byte	0x8
 416 0088 BE000000 		.4byte	.LASF11
 417 008c 04       		.uleb128 0x4
 418 008d 3C000000 		.4byte	.LASF13
 419 0091 02       		.byte	0x2
 420 0092 9302     		.2byte	0x293
 421 0094 98000000 		.4byte	0x98
 422 0098 05       		.uleb128 0x5
 423 0099 6B000000 		.4byte	0x6b
 424 009d 02       		.uleb128 0x2
 425 009e 08       		.byte	0x8
 426 009f 04       		.byte	0x4
 427 00a0 4E010000 		.4byte	.LASF14
 428 00a4 02       		.uleb128 0x2
 429 00a5 04       		.byte	0x4
 430 00a6 07       		.byte	0x7
 431 00a7 7B010000 		.4byte	.LASF15
 432 00ab 06       		.uleb128 0x6
 433 00ac 01       		.byte	0x1
 434 00ad 03       		.byte	0x3
 435 00ae 26       		.byte	0x26
 436 00af C0000000 		.4byte	0xc0
 437 00b3 07       		.uleb128 0x7
 438 00b4 E5000000 		.4byte	.LASF26
 439 00b8 03       		.byte	0x3
 440 00b9 28       		.byte	0x28
 441 00ba 6B000000 		.4byte	0x6b
 442 00be 00       		.byte	0
 443 00bf 00       		.byte	0
 444 00c0 08       		.uleb128 0x8
 445 00c1 2D010000 		.4byte	.LASF16
ARM GAS  C:\Users\elias\AppData\Local\Temp\ccL158Hf.s 			page 21


 446 00c5 03       		.byte	0x3
 447 00c6 29       		.byte	0x29
 448 00c7 AB000000 		.4byte	0xab
 449 00cb 09       		.uleb128 0x9
 450 00cc 84010000 		.4byte	.LASF17
 451 00d0 01       		.byte	0x1
 452 00d1 25       		.byte	0x25
 453 00d2 01       		.byte	0x1
 454 00d3 09       		.uleb128 0x9
 455 00d4 28000000 		.4byte	.LASF18
 456 00d8 01       		.byte	0x1
 457 00d9 39       		.byte	0x39
 458 00da 01       		.byte	0x1
 459 00db 0A       		.uleb128 0xa
 460 00dc D3000000 		.4byte	0xd3
 461 00e0 00000000 		.4byte	.LFB1
 462 00e4 02000000 		.4byte	.LFE1-.LFB1
 463 00e8 01       		.uleb128 0x1
 464 00e9 9C       		.byte	0x9c
 465 00ea 0B       		.uleb128 0xb
 466 00eb 6F010000 		.4byte	.LASF19
 467 00ef 01       		.byte	0x1
 468 00f0 52       		.byte	0x52
 469 00f1 00000000 		.4byte	.LFB2
 470 00f5 28000000 		.4byte	.LFE2-.LFB2
 471 00f9 01       		.uleb128 0x1
 472 00fa 9C       		.byte	0x9c
 473 00fb 09010000 		.4byte	0x109
 474 00ff 0C       		.uleb128 0xc
 475 0100 1E000000 		.4byte	.LVL0
 476 0104 39010000 		.4byte	0x139
 477 0108 00       		.byte	0
 478 0109 0B       		.uleb128 0xb
 479 010a 0E000000 		.4byte	.LASF20
 480 010e 01       		.byte	0x1
 481 010f 79       		.byte	0x79
 482 0110 00000000 		.4byte	.LFB3
 483 0114 14000000 		.4byte	.LFE3-.LFB3
 484 0118 01       		.uleb128 0x1
 485 0119 9C       		.byte	0x9c
 486 011a 28010000 		.4byte	0x128
 487 011e 0C       		.uleb128 0xc
 488 011f 0E000000 		.4byte	.LVL1
 489 0123 44010000 		.4byte	0x144
 490 0127 00       		.byte	0
 491 0128 0D       		.uleb128 0xd
 492 0129 01010000 		.4byte	.LASF27
 493 012d 01       		.byte	0x1
 494 012e 14       		.byte	0x14
 495 012f C0000000 		.4byte	0xc0
 496 0133 05       		.uleb128 0x5
 497 0134 03       		.byte	0x3
 498 0135 00000000 		.4byte	OPAlp_backup
 499 0139 0E       		.uleb128 0xe
 500 013a 5A010000 		.4byte	.LASF21
 501 013e 5A010000 		.4byte	.LASF21
 502 0142 03       		.byte	0x3
ARM GAS  C:\Users\elias\AppData\Local\Temp\ccL158Hf.s 			page 22


 503 0143 34       		.byte	0x34
 504 0144 0E       		.uleb128 0xe
 505 0145 41010000 		.4byte	.LASF22
 506 0149 41010000 		.4byte	.LASF22
 507 014d 03       		.byte	0x3
 508 014e 3B       		.byte	0x3b
 509 014f 00       		.byte	0
 510              		.section	.debug_abbrev,"",%progbits
 511              	.Ldebug_abbrev0:
 512 0000 01       		.uleb128 0x1
 513 0001 11       		.uleb128 0x11
 514 0002 01       		.byte	0x1
 515 0003 25       		.uleb128 0x25
 516 0004 0E       		.uleb128 0xe
 517 0005 13       		.uleb128 0x13
 518 0006 0B       		.uleb128 0xb
 519 0007 03       		.uleb128 0x3
 520 0008 0E       		.uleb128 0xe
 521 0009 1B       		.uleb128 0x1b
 522 000a 0E       		.uleb128 0xe
 523 000b 55       		.uleb128 0x55
 524 000c 17       		.uleb128 0x17
 525 000d 11       		.uleb128 0x11
 526 000e 01       		.uleb128 0x1
 527 000f 10       		.uleb128 0x10
 528 0010 17       		.uleb128 0x17
 529 0011 00       		.byte	0
 530 0012 00       		.byte	0
 531 0013 02       		.uleb128 0x2
 532 0014 24       		.uleb128 0x24
 533 0015 00       		.byte	0
 534 0016 0B       		.uleb128 0xb
 535 0017 0B       		.uleb128 0xb
 536 0018 3E       		.uleb128 0x3e
 537 0019 0B       		.uleb128 0xb
 538 001a 03       		.uleb128 0x3
 539 001b 0E       		.uleb128 0xe
 540 001c 00       		.byte	0
 541 001d 00       		.byte	0
 542 001e 03       		.uleb128 0x3
 543 001f 24       		.uleb128 0x24
 544 0020 00       		.byte	0
 545 0021 0B       		.uleb128 0xb
 546 0022 0B       		.uleb128 0xb
 547 0023 3E       		.uleb128 0x3e
 548 0024 0B       		.uleb128 0xb
 549 0025 03       		.uleb128 0x3
 550 0026 08       		.uleb128 0x8
 551 0027 00       		.byte	0
 552 0028 00       		.byte	0
 553 0029 04       		.uleb128 0x4
 554 002a 16       		.uleb128 0x16
 555 002b 00       		.byte	0
 556 002c 03       		.uleb128 0x3
 557 002d 0E       		.uleb128 0xe
 558 002e 3A       		.uleb128 0x3a
 559 002f 0B       		.uleb128 0xb
ARM GAS  C:\Users\elias\AppData\Local\Temp\ccL158Hf.s 			page 23


 560 0030 3B       		.uleb128 0x3b
 561 0031 05       		.uleb128 0x5
 562 0032 49       		.uleb128 0x49
 563 0033 13       		.uleb128 0x13
 564 0034 00       		.byte	0
 565 0035 00       		.byte	0
 566 0036 05       		.uleb128 0x5
 567 0037 35       		.uleb128 0x35
 568 0038 00       		.byte	0
 569 0039 49       		.uleb128 0x49
 570 003a 13       		.uleb128 0x13
 571 003b 00       		.byte	0
 572 003c 00       		.byte	0
 573 003d 06       		.uleb128 0x6
 574 003e 13       		.uleb128 0x13
 575 003f 01       		.byte	0x1
 576 0040 0B       		.uleb128 0xb
 577 0041 0B       		.uleb128 0xb
 578 0042 3A       		.uleb128 0x3a
 579 0043 0B       		.uleb128 0xb
 580 0044 3B       		.uleb128 0x3b
 581 0045 0B       		.uleb128 0xb
 582 0046 01       		.uleb128 0x1
 583 0047 13       		.uleb128 0x13
 584 0048 00       		.byte	0
 585 0049 00       		.byte	0
 586 004a 07       		.uleb128 0x7
 587 004b 0D       		.uleb128 0xd
 588 004c 00       		.byte	0
 589 004d 03       		.uleb128 0x3
 590 004e 0E       		.uleb128 0xe
 591 004f 3A       		.uleb128 0x3a
 592 0050 0B       		.uleb128 0xb
 593 0051 3B       		.uleb128 0x3b
 594 0052 0B       		.uleb128 0xb
 595 0053 49       		.uleb128 0x49
 596 0054 13       		.uleb128 0x13
 597 0055 38       		.uleb128 0x38
 598 0056 0B       		.uleb128 0xb
 599 0057 00       		.byte	0
 600 0058 00       		.byte	0
 601 0059 08       		.uleb128 0x8
 602 005a 16       		.uleb128 0x16
 603 005b 00       		.byte	0
 604 005c 03       		.uleb128 0x3
 605 005d 0E       		.uleb128 0xe
 606 005e 3A       		.uleb128 0x3a
 607 005f 0B       		.uleb128 0xb
 608 0060 3B       		.uleb128 0x3b
 609 0061 0B       		.uleb128 0xb
 610 0062 49       		.uleb128 0x49
 611 0063 13       		.uleb128 0x13
 612 0064 00       		.byte	0
 613 0065 00       		.byte	0
 614 0066 09       		.uleb128 0x9
 615 0067 2E       		.uleb128 0x2e
 616 0068 00       		.byte	0
ARM GAS  C:\Users\elias\AppData\Local\Temp\ccL158Hf.s 			page 24


 617 0069 3F       		.uleb128 0x3f
 618 006a 19       		.uleb128 0x19
 619 006b 03       		.uleb128 0x3
 620 006c 0E       		.uleb128 0xe
 621 006d 3A       		.uleb128 0x3a
 622 006e 0B       		.uleb128 0xb
 623 006f 3B       		.uleb128 0x3b
 624 0070 0B       		.uleb128 0xb
 625 0071 27       		.uleb128 0x27
 626 0072 19       		.uleb128 0x19
 627 0073 20       		.uleb128 0x20
 628 0074 0B       		.uleb128 0xb
 629 0075 00       		.byte	0
 630 0076 00       		.byte	0
 631 0077 0A       		.uleb128 0xa
 632 0078 2E       		.uleb128 0x2e
 633 0079 00       		.byte	0
 634 007a 31       		.uleb128 0x31
 635 007b 13       		.uleb128 0x13
 636 007c 11       		.uleb128 0x11
 637 007d 01       		.uleb128 0x1
 638 007e 12       		.uleb128 0x12
 639 007f 06       		.uleb128 0x6
 640 0080 40       		.uleb128 0x40
 641 0081 18       		.uleb128 0x18
 642 0082 9742     		.uleb128 0x2117
 643 0084 19       		.uleb128 0x19
 644 0085 00       		.byte	0
 645 0086 00       		.byte	0
 646 0087 0B       		.uleb128 0xb
 647 0088 2E       		.uleb128 0x2e
 648 0089 01       		.byte	0x1
 649 008a 3F       		.uleb128 0x3f
 650 008b 19       		.uleb128 0x19
 651 008c 03       		.uleb128 0x3
 652 008d 0E       		.uleb128 0xe
 653 008e 3A       		.uleb128 0x3a
 654 008f 0B       		.uleb128 0xb
 655 0090 3B       		.uleb128 0x3b
 656 0091 0B       		.uleb128 0xb
 657 0092 27       		.uleb128 0x27
 658 0093 19       		.uleb128 0x19
 659 0094 11       		.uleb128 0x11
 660 0095 01       		.uleb128 0x1
 661 0096 12       		.uleb128 0x12
 662 0097 06       		.uleb128 0x6
 663 0098 40       		.uleb128 0x40
 664 0099 18       		.uleb128 0x18
 665 009a 9742     		.uleb128 0x2117
 666 009c 19       		.uleb128 0x19
 667 009d 01       		.uleb128 0x1
 668 009e 13       		.uleb128 0x13
 669 009f 00       		.byte	0
 670 00a0 00       		.byte	0
 671 00a1 0C       		.uleb128 0xc
 672 00a2 898201   		.uleb128 0x4109
 673 00a5 00       		.byte	0
ARM GAS  C:\Users\elias\AppData\Local\Temp\ccL158Hf.s 			page 25


 674 00a6 11       		.uleb128 0x11
 675 00a7 01       		.uleb128 0x1
 676 00a8 9542     		.uleb128 0x2115
 677 00aa 19       		.uleb128 0x19
 678 00ab 31       		.uleb128 0x31
 679 00ac 13       		.uleb128 0x13
 680 00ad 00       		.byte	0
 681 00ae 00       		.byte	0
 682 00af 0D       		.uleb128 0xd
 683 00b0 34       		.uleb128 0x34
 684 00b1 00       		.byte	0
 685 00b2 03       		.uleb128 0x3
 686 00b3 0E       		.uleb128 0xe
 687 00b4 3A       		.uleb128 0x3a
 688 00b5 0B       		.uleb128 0xb
 689 00b6 3B       		.uleb128 0x3b
 690 00b7 0B       		.uleb128 0xb
 691 00b8 49       		.uleb128 0x49
 692 00b9 13       		.uleb128 0x13
 693 00ba 02       		.uleb128 0x2
 694 00bb 18       		.uleb128 0x18
 695 00bc 00       		.byte	0
 696 00bd 00       		.byte	0
 697 00be 0E       		.uleb128 0xe
 698 00bf 2E       		.uleb128 0x2e
 699 00c0 00       		.byte	0
 700 00c1 3F       		.uleb128 0x3f
 701 00c2 19       		.uleb128 0x19
 702 00c3 3C       		.uleb128 0x3c
 703 00c4 19       		.uleb128 0x19
 704 00c5 6E       		.uleb128 0x6e
 705 00c6 0E       		.uleb128 0xe
 706 00c7 03       		.uleb128 0x3
 707 00c8 0E       		.uleb128 0xe
 708 00c9 3A       		.uleb128 0x3a
 709 00ca 0B       		.uleb128 0xb
 710 00cb 3B       		.uleb128 0x3b
 711 00cc 0B       		.uleb128 0xb
 712 00cd 00       		.byte	0
 713 00ce 00       		.byte	0
 714 00cf 00       		.byte	0
 715              		.section	.debug_aranges,"",%progbits
 716 0000 2C000000 		.4byte	0x2c
 717 0004 0200     		.2byte	0x2
 718 0006 00000000 		.4byte	.Ldebug_info0
 719 000a 04       		.byte	0x4
 720 000b 00       		.byte	0
 721 000c 0000     		.2byte	0
 722 000e 0000     		.2byte	0
 723 0010 00000000 		.4byte	.LFB1
 724 0014 02000000 		.4byte	.LFE1-.LFB1
 725 0018 00000000 		.4byte	.LFB2
 726 001c 28000000 		.4byte	.LFE2-.LFB2
 727 0020 00000000 		.4byte	.LFB3
 728 0024 14000000 		.4byte	.LFE3-.LFB3
 729 0028 00000000 		.4byte	0
 730 002c 00000000 		.4byte	0
ARM GAS  C:\Users\elias\AppData\Local\Temp\ccL158Hf.s 			page 26


 731              		.section	.debug_ranges,"",%progbits
 732              	.Ldebug_ranges0:
 733 0000 00000000 		.4byte	.LFB1
 734 0004 02000000 		.4byte	.LFE1
 735 0008 00000000 		.4byte	.LFB2
 736 000c 28000000 		.4byte	.LFE2
 737 0010 00000000 		.4byte	.LFB3
 738 0014 14000000 		.4byte	.LFE3
 739 0018 00000000 		.4byte	0
 740 001c 00000000 		.4byte	0
 741              		.section	.debug_line,"",%progbits
 742              	.Ldebug_line0:
 743 0000 8F000000 		.section	.debug_str,"MS",%progbits,1
 743      02005000 
 743      00000201 
 743      FB0E0D00 
 743      01010101 
 744              	.LASF6:
 745 0000 6C6F6E67 		.ascii	"long long int\000"
 745      206C6F6E 
 745      6720696E 
 745      7400
 746              	.LASF20:
 747 000e 4F50416C 		.ascii	"OPAlp_Wakeup\000"
 747      705F5761 
 747      6B657570 
 747      00
 748              	.LASF8:
 749 001b 756E7369 		.ascii	"unsigned int\000"
 749      676E6564 
 749      20696E74 
 749      00
 750              	.LASF18:
 751 0028 4F50416C 		.ascii	"OPAlp_RestoreConfig\000"
 751      705F5265 
 751      73746F72 
 751      65436F6E 
 751      66696700 
 752              	.LASF13:
 753 003c 72656738 		.ascii	"reg8\000"
 753      00
 754              	.LASF12:
 755 0041 75696E74 		.ascii	"uint8\000"
 755      3800
 756              	.LASF5:
 757 0047 6C6F6E67 		.ascii	"long unsigned int\000"
 757      20756E73 
 757      69676E65 
 757      6420696E 
 757      7400
 758              	.LASF7:
 759 0059 6C6F6E67 		.ascii	"long long unsigned int\000"
 759      206C6F6E 
 759      6720756E 
 759      7369676E 
 759      65642069 
 760              	.LASF9:
ARM GAS  C:\Users\elias\AppData\Local\Temp\ccL158Hf.s 			page 27


 761 0070 666C6F61 		.ascii	"float\000"
 761      7400
 762              	.LASF25:
 763 0076 433A5C47 		.ascii	"C:\\Github\\Tesis\\src\\psoc\\AcondicionamientoAnal"
 763      69746875 
 763      625C5465 
 763      7369735C 
 763      7372635C 
 764 00a4 6F676963 		.ascii	"ogico.cydsn\000"
 764      6F2E6379 
 764      64736E00 
 765              	.LASF1:
 766 00b0 756E7369 		.ascii	"unsigned char\000"
 766      676E6564 
 766      20636861 
 766      7200
 767              	.LASF11:
 768 00be 63686172 		.ascii	"char\000"
 768      00
 769              	.LASF24:
 770 00c3 47656E65 		.ascii	"Generated_Source\\PSoC5\\OPAlp_PM.c\000"
 770      72617465 
 770      645F536F 
 770      75726365 
 770      5C50536F 
 771              	.LASF26:
 772 00e5 656E6162 		.ascii	"enableState\000"
 772      6C655374 
 772      61746500 
 773              	.LASF10:
 774 00f1 646F7562 		.ascii	"double\000"
 774      6C6500
 775              	.LASF4:
 776 00f8 6C6F6E67 		.ascii	"long int\000"
 776      20696E74 
 776      00
 777              	.LASF27:
 778 0101 4F50416C 		.ascii	"OPAlp_backup\000"
 778      705F6261 
 778      636B7570 
 778      00
 779              	.LASF3:
 780 010e 73686F72 		.ascii	"short unsigned int\000"
 780      7420756E 
 780      7369676E 
 780      65642069 
 780      6E7400
 781              	.LASF0:
 782 0121 7369676E 		.ascii	"signed char\000"
 782      65642063 
 782      68617200 
 783              	.LASF16:
 784 012d 4F50416C 		.ascii	"OPAlp_BACKUP_STRUCT\000"
 784      705F4241 
 784      434B5550 
 784      5F535452 
 784      55435400 
ARM GAS  C:\Users\elias\AppData\Local\Temp\ccL158Hf.s 			page 28


 785              	.LASF22:
 786 0141 4F50416C 		.ascii	"OPAlp_Enable\000"
 786      705F456E 
 786      61626C65 
 786      00
 787              	.LASF14:
 788 014e 6C6F6E67 		.ascii	"long double\000"
 788      20646F75 
 788      626C6500 
 789              	.LASF21:
 790 015a 4F50416C 		.ascii	"OPAlp_Stop\000"
 790      705F5374 
 790      6F7000
 791              	.LASF2:
 792 0165 73686F72 		.ascii	"short int\000"
 792      7420696E 
 792      7400
 793              	.LASF19:
 794 016f 4F50416C 		.ascii	"OPAlp_Sleep\000"
 794      705F536C 
 794      65657000 
 795              	.LASF15:
 796 017b 73697A65 		.ascii	"sizetype\000"
 796      74797065 
 796      00
 797              	.LASF17:
 798 0184 4F50416C 		.ascii	"OPAlp_SaveConfig\000"
 798      705F5361 
 798      7665436F 
 798      6E666967 
 798      00
 799              	.LASF23:
 800 0195 474E5520 		.ascii	"GNU C11 5.4.1 20160609 (release) [ARM/embedded-5-br"
 800      43313120 
 800      352E342E 
 800      31203230 
 800      31363036 
 801 01c8 616E6368 		.ascii	"anch revision 237715] -mcpu=cortex-m3 -mthumb -g -O"
 801      20726576 
 801      6973696F 
 801      6E203233 
 801      37373135 
 802 01fb 33202D66 		.ascii	"3 -ffunction-sections -ffat-lto-objects -finline-fu"
 802      66756E63 
 802      74696F6E 
 802      2D736563 
 802      74696F6E 
 803 022e 6E637469 		.ascii	"nctions -flto\000"
 803      6F6E7320 
 803      2D666C74 
 803      6F00
 804              		.comm	__gnu_lto_v1,1,1
 805              		.ident	"GCC: (GNU Tools for ARM Embedded Processors) 5.4.1 20160609 (release) [ARM/embedded-5-bran
