ARM GAS  C:\Users\elias\AppData\Local\Temp\ccv9kn4I.s 			page 1


   1              		.syntax unified
   2              		.cpu cortex-m3
   3              		.fpu softvfp
   4              		.eabi_attribute 20, 1
   5              		.eabi_attribute 21, 1
   6              		.eabi_attribute 23, 3
   7              		.eabi_attribute 24, 1
   8              		.eabi_attribute 25, 1
   9              		.eabi_attribute 26, 1
  10              		.eabi_attribute 30, 2
  11              		.eabi_attribute 34, 1
  12              		.eabi_attribute 18, 4
  13              		.thumb
  14              		.syntax unified
  15              		.file	"OPAlp.c"
  16              		.text
  17              	.Ltext0:
  18              		.section	.gnu.lto_.profile.f57eb34d,"",%progbits
  19 0000 789C6361 		.ascii	"x\234ca`d`a`\000\222\3366\000\001<\000\222"
  19      60646061 
  19      600092DE 
  19      3600013C 
  19      0092
  20              		.text
  21              		.section	.gnu.lto_.icf.f57eb34d,"",%progbits
  22 0000 789C6361 		.ascii	"x\234ca`d\000\001\035\006\004`g\230\270\243\347\012"
  22      60640001 
  22      1D060460 
  22      6798B8A3 
  22      E70A
  23 0012 3BE3FD15 		.ascii	";\343\375\025\227\337\3622}\272\263t\037\017\363\252"
  23      97DFF232 
  23      7DBAB374 
  23      1F0FF3AA 
  24 0022 B31B9772 		.ascii	"\263\033\227r\261\254\371{\343:\033k\337\222\256\325"
  24      B1ACF97B 
  24      E33A1B6B 
  24      DF92AED5 
  25 0032 3C6C471B 		.ascii	"<lG\033\273\326q3\000\000\345u\024\300"
  25      BBD67133 
  25      0000E575 
  25      14C0
  26              		.text
  27              		.section	.gnu.lto_.jmpfuncs.f57eb34d,"",%progbits
  28 0000 789C6361 		.ascii	"x\234ca`d\000\001q\006\004`\003b\240(\023\003\0033\003"
  28      60640001 
  28      71060460 
  28      0362A028 
  28      13030333 
  29 0015 032B4880 		.ascii	"\003+H\200\221\221\261\236\001\000\006i\000\266"
  29      9191B19E 
  29      01000669 
  29      00B6
  30              		.text
  31              		.section	.gnu.lto_.inline.f57eb34d,"",%progbits
  32 0000 789C6361 		.ascii	"x\234ca`d\000\2016\006\004`\003\"VF\006&\266\017z\014"
  32      60640081 
ARM GAS  C:\Users\elias\AppData\Local\Temp\ccv9kn4I.s 			page 2


  32      36060460 
  32      03225646 
  32      0626B60F 
  33 0016 6C0BE499 		.ascii	"l\013\344\231@b\214\014\234\034@!\236\007\261p!&\006"
  33      40628C0C 
  33      9C1C4021 
  33      9E07B170 
  33      212606
  34 0029 1E6EA090 		.ascii	"\036n\240\220\320\205\036F\270\0303\203\230\020PLm\316"
  34      D0851E46 
  34      B8183383 
  34      9810504C 
  34      6DCE
  35 003b 3F84182B 		.ascii	"?\204\030+\003\257 \272:F.\260=\\\234\214\214\014@s"
  35      03AF20BA 
  35      3A462EB0 
  35      3D5C9C8C 
  35      8C0C4073 
  36 004f 1998E106 		.ascii	"\031\230\341\0063]\340g\001\273\002\0006\030\017;"
  36      335DE067 
  36      01BB0200 
  36      36180F3B 
  37              		.text
  38              		.section	.gnu.lto_.pureconst.f57eb34d,"",%progbits
  39 0000 789C6361 		.ascii	"x\234ca`d\340e```c\220b\224b\222b\226b\225b\223\002"
  39      6064E065 
  39      60606063 
  39      90629462 
  39      92629662 
  40 0018 00059B00 		.ascii	"\000\005\233\000\306"
  40      C6
  41              		.text
  42              		.section	.gnu.lto_OPAlp_Stop.part.0.f57eb34d,"",%progbits
  43 0000 789C7D50 		.ascii	"x\234}P=K\003A\020\2357{\211)\024,,\003j\231B\261\261"
  43      3D4B0341 
  43      109D377B 
  43      8929142C 
  43      2C036A99 
  44 0017 572C041B 		.ascii	"W,\004\033\203i\003\"\361:1\022\024\354\262gr\010Vi"
  44      83690322 
  44      F13A3112 
  44      14ECB267 
  44      72085669 
  45 002b 8C95A44C 		.ascii	"\214\225\244LL\224hie\010\210\205\020\377\202\010F\260"
  45      4C946869 
  45      65088885 
  45      10FF8208 
  45      46B0
  46 003d 90042282 		.ascii	"\220\004\"\202_q\346\256w`\367\315\316\274}\363v\035"
  46      5F71E6AE 
  46      7760F7CD 
  46      CEBC7DF3 
  46      761D
  47 004f 02692C08 		.ascii	"\002i,\010L\013\316\310B\204\340\224:\2228\340\000\031"
  47      4C0BCEC8 
  47      4284E094 
  47      3A9238E0 
ARM GAS  C:\Users\elias\AppData\Local\Temp\ccv9kn4I.s 			page 3


  47      0019
  48 0061 46D18B19 		.ascii	"F\321\213\031@\023\033\003\345\0356\310\343\235\177"
  48      40131B03 
  48      E51D36C8 
  48      E39D7F
  49 0070 18EDC3EE 		.ascii	"\030\355\303\3565'\252V\342\361\366k\316\326Z\360\015"
  49      3527AA56 
  49      E2F1F66B 
  49      CED65AF0 
  49      0D
  50 0081 D190036D 		.ascii	"\321\220\003mB\025\011\022\332\323\325\357\361X\264"
  50      42150912 
  50      DAD3D5EF 
  50      F158B4
  51 0090 A8B4A9B0 		.ascii	"\250\264\251\260\211\032\242j\240\271f\355pX\260\245"
  51      891AA26A 
  51      A0B966ED 
  51      7058B0A5 
  52 00a0 E6042220 		.ascii	"\346\004\" \337\200u#\352\011K'\366\330Q4}\346\000\273"
  52      DF807523 
  52      EA094B27 
  52      F6D85134 
  52      7DE600BB 
  53 00b4 687F1E75 		.ascii	"h\177\036uj\373*P0\020\361\262\337~\030\031\260o\030"
  53      6AFB2A50 
  53      3010F1B2 
  53      DF7E1819 
  53      B06F18
  54 00c7 3AEBC6AB 		.ascii	":\353\306\253\277E\302\343\307\245g\035)=7\007/\\\301"
  54      BF45C2E3 
  54      C7A5671D 
  54      293D3707 
  54      2F5CC1
  55 00da A957F4EC 		.ascii	"\251W\364\354\270o\014\352\210\343\014q\261\321@\005"
  55      B86F0CEA 
  55      88E30C71 
  55      B1D14005 
  56 00ea D445E13B 		.ascii	"\324E\341;\032\012r\250\331\272\273\367FU\304H\037\347"
  56      1A0A72A8 
  56      D9BABBF7 
  56      4655C448 
  56      1FE7
  57 00fc 4295B965 		.ascii	"B\225\271e(\347\177\275\013\341\213\212\274\254\317"
  57      28E77FBD 
  57      0BE18B8A 
  57      BCACCF
  58 010b 2630FC8A 		.ascii	"&0\374\212\203\326\311\212\336\014\276\244'.\245,\214"
  58      83D6C98A 
  58      DE0CBEA4 
  58      272EA52C 
  58      8C
  59 011c C96577DB 		.ascii	"\311ew\333\315m\354\272\233\353\251\354^.\343\246\223"
  59      CD6DECBA 
  59      9BEBA9EC 
  59      5E2EE3A6 
  59      93
  60 012d A9ECD27C 		.ascii	"\251\354\322|z5\271\270\2653\233\241?\016\012y\323"
ARM GAS  C:\Users\elias\AppData\Local\Temp\ccv9kn4I.s 			page 4


  60      7A35B9B8 
  60      B5339BA1 
  60      3F0E0A79 
  60      D3
  61              		.text
  62              		.section	.gnu.lto_OPAlp_Init.f57eb34d,"",%progbits
  63 0000 789C8D51 		.ascii	"x\234\215QAK\033A\024~\337\314\356\032\021\301KO\006"
  63      414B1B41 
  63      147EDFCC 
  63      EE1A11C1 
  63      4B4F06
  64 0013 94828816 		.ascii	"\224\202\210\026\244P\374\001\322\203\275)z\015H\261"
  64      A450FC01 
  64      D283BD29 
  64      7A0D48B1 
  65 0023 7B934642 		.ascii	"{\223FB\213G'\306U\224B[$\202\242\344\240\0205\266&"
  65      8B4727C6 
  65      5594425B 
  65      2482A2E4 
  65      A01035B6 
  66 0038 D50ADE96 		.ascii	"\325\012\336\226\010\036z\320\263\010\255\010Z\354I"
  66      081E7AD0 
  66      B308AD08 
  66      5AEC49
  67 0047 45A1146D 		.ascii	"E\241\024m|o\247\036JA:\260o\346\355|\357{\337\274\317"
  67      7C6FA71E 
  67      4A413AB0 
  67      6FE6ED7C 
  67      EF7BDFBC 
  68 005c 2190AC67 		.ascii	"!\220\254g\212\250\231\367z\376\240\011\352\335.Q:\246"
  68      8AA899F7 
  68      7AFEA009 
  68      EADD2E51 
  68      3AA6
  69 006e 00399818 		.ascii	"\0009\230\030hXa\030W\352F\241<~\262\245Z\362\206\327"
  69      68586118 
  69      57EA46A1 
  69      3C7EB2A5 
  69      5AF286D7 
  70 0082 E1F19436 		.ascii	"\341\361\2246K!\002MTQ\021\023!\217\026b\330Q\351w\266"
  70      4B21024D 
  70      54511113 
  70      218F1662 
  70      D851E977 
  71 0097 D61B1558 		.ascii	"\326\033\025X\243\275\304\022<i\267\326\023\232J%c\302"
  71      A3BDC412 
  71      3C69B7D6 
  71      139A4A25 
  71      63C2
  72 00a9 927BAA62 		.ascii	"\222{\252b\232\002\015G\202+\301\223@t\306\005\322\372"
  72      9A020D47 
  72      822BC193 
  72      4074C605 
  72      D2FA
  73 00bb 5C29D9F5 		.ascii	"\\)\331\365\021F\352\204uq\366m\336\321\017!\347\367"
  73      1146EA84 
  73      7571F66D 
ARM GAS  C:\Users\elias\AppData\Local\Temp\ccv9kn4I.s 			page 5


  73      DED10F21 
  73      E7F7
  74 00cd 17DFDEA8 		.ascii	"\027\337\336\250\246\005cFL\230\333\2571E\023\013\264"
  74      A6056346 
  74      4C98DBAF 
  74      3145130B 
  74      B4
  75 00de C23234B7 		.ascii	"\30224\267\303\2238\036\307\255\242\02541|bn\246Pu\251"
  75      C393381E 
  75      C7ADA215 
  75      34317C62 
  75      6EA65075 
  76 00f3 04A25140 		.ascii	"\004\242Q@\234NP\3765\271SH\374-\326|o\225\202HmE\341"
  76      9C4E50FE 
  76      35B95348 
  76      FC2DD67C 
  76      6F958248 
  77 010a 9FA76095 		.ascii	"\237\247`\2255\022>\300\313h\315\227\323Ay/\242\325"
  77      35123EC0 
  77      CB68CD97 
  77      D341792F 
  77      A2D5
  78 011c 1176333B 		.ascii	"\021v3;\266\257m\372\265\2306\016\377:(l\237V\3450\237"
  78      B6AF6DFA 
  78      B598360E 
  78      FF3A286C 
  78      9F56E530 
  79 0131 1E4D9BBA 		.ascii	"\036M\233\272@;XC\034\037Y\000\241\210\034XG\346z\214"
  79      403B5843 
  79      1C1F5900 
  79      A1881C58 
  79      47E67A8C 
  80 0145 75584EC7 		.ascii	"uXN\307\322^\256\026\307\253\205\307\3015P\262r\247"
  80      D25EAE16 
  80      C7AB85C7 
  80      C13550B2 
  80      72A7
  81 0157 2198FB29 		.ascii	"!\230\373)?1%\263\330\327}ydI\335\373k\326\377\310\370"
  81      3F3125B3 
  81      D8D77D79 
  81      6449DDFB 
  81      6BD6FFC8 
  82 016c E959B854 		.ascii	"\351Y\270T\334\215\350\177znD==b\227\302\365\007\221"
  82      DC8DE87F 
  82      7A6E443D 
  82      3D6297C2 
  82      F50791
  83 017f CF3242FA 		.ascii	"\3172B\372\301\371gW\362\310\2103\036'\233\311\3266"
  83      C1F96757 
  83      F2C88833 
  83      1E279BC9 
  83      D636
  84 0191 74FA2FFD 		.ascii	"t\372/\375\324\363W\376\213\276\336\344\353T\277\237"
  84      D4F357FE 
  84      8BBEDEE4 
  84      EB54BF9F 
  85 01a1 E8EE4D3E 		.ascii	"\350\356M>mOtuw\014\014\266\365\223;\230\034\362S\267"
ARM GAS  C:\Users\elias\AppData\Local\Temp\ccv9kn4I.s 			page 6


  85      6D4F7475 
  85      770C0CB6 
  85      F5933B98 
  85      1CF253B7 
  86 01b5 C202CC4B 		.ascii	"\302\002\314K"
  87              		.text
  88              		.section	.gnu.lto_OPAlp_Enable.f57eb34d,"",%progbits
  89 0000 789C7D92 		.ascii	"x\234}\222\315K\002A\024\300\337\233q\267\225\212\376"
  89      CD4B0241 
  89      14C0DF9B 
  89      71B7958A 
  89      FE
  90 0011 8082EAE8 		.ascii	"\200\202\352\350\245[\177@\004u,\022:\005\021\346-2"
  90      A55B7F40 
  90      04752C12 
  90      3A0511E6 
  90      2D32
  91 0023 C4BABA6A 		.ascii	"\304\272\272j\213\021\004u\310\244(/\201f\037fY\024"
  91      8B110475 
  91      C8A4282F 
  91      81661F66 
  91      5914
  92 0035 1E128F1D 		.ascii	"\036\022\217\035\364\\'\011\334\240C\024\330'\224\275"
  92      F45C2709 
  92      DCA04314 
  92      D82794BD 
  93 0045 D90905C3 		.ascii	"\331\011\005\303\006\346\315\316\356{\277\367\203\267"
  93      06E6CDCE 
  93      EE7BBFF7 
  93      83B7
  94 0053 3640106B 		.ascii	"6@\020k\234\001\364\322\331I\0339 [-\000\0044\206(\036"
  94      9C01F4D2 
  94      D9491B39 
  94      205B2D00 
  94      04348628 
  95 0068 740DC1CF 		.ascii	"t\015\301\317\320\217/\354\213a>l^2G\\\247U*\357p=\221"
  95      D08F2FEC 
  95      8B613E6C 
  95      5E32475C 
  95      A7552AEF 
  96 007f 43830354 		.ascii	"C\203\003T\231E\002\214\243\003(\355.\375\275\336\256"
  96      9945028C 
  96      A30328ED 
  96      2EFDBDDE 
  96      AE
  97 0090 2E8AB41E 		.ascii	".\212\264\036\371\021\023\250\212v\251\261\234^\255"
  97      F91113A8 
  97      8A76A9B1 
  97      9C5EAD
  98 009f 86F4DC87 		.ascii	"\206\364\334\207r\326\326\312\300\340\324\222\202\""
  98      72D6D6CA 
  98      C0E0D492 
  98      8222
  99 00ad 822A8226 		.ascii	"\202*\202&\202]\004\200'*\025\022\317\214\211\223\233"
  99      825D0480 
  99      272A1512 
  99      CF8C8993 
ARM GAS  C:\Users\elias\AppData\Local\Temp\ccv9kn4I.s 			page 7


  99      9B
 100 00be 98FF5C7E 		.ascii	"\230\377\\~\335h\021\264\020\027B\021#_l\2510\2033\024"
 100      DD6811B4 
 100      10174211 
 100      235F6CA9 
 100      30833314 
 101 00d2 8DAF02C9 		.ascii	"\215\257\002\311GE^\337\216\003\272\215^\225S\225{\026"
 101      47455EDF 
 101      8E03BA8D 
 101      5E955395 
 101      7B16
 102 00e4 C3EDC022 		.ascii	"\303\355\300\"\251rLb\027\356a\027\031\355c\014\301"
 102      A9724C62 
 102      17EE6117 
 102      19ED630C 
 102      C1
 103 00f5 C4D0BB2A 		.ascii	"\304\320\273*q\\\022\203\331\233\265\016\201@,\001\036"
 103      715C1283 
 103      D99BB50E 
 103      81402C01 
 103      1E
 104 0106 502A758D 		.ascii	"P*u\215\240\310\371\217vH4b\200\245X\210\372$S\241\222"
 104      A0C8F98F 
 104      76483462 
 104      80A55888 
 104      FA2453A1 
 105 011b C24A38A5 		.ascii	"\302J8\245I\247\335\260t\312\026\317W;\352\224\243\032"
 105      49A7DDB0 
 105      74CA16CF 
 105      573BEA94 
 105      A31A
 106 012d 25D5E0F4 		.ascii	"%\325\340\364\213\330\314V\256\025\351\244\341q\203"
 106      8BD8CC56 
 106      AE15E9A4 
 106      E17183
 107 013c 525358DA 		.ascii	"RSX\332RR\245\222\031]\220H\215Jn\215\245$\223J\231"
 107      5252A592 
 107      195D9048 
 107      8D4A6E8D 
 107      A524934A 
 108 0151 5FA58F8B 		.ascii	"_\245\217\213\245\252\275N9\251QN\033\224\354\204\370"
 108      A5AABD4E 
 108      39A9514E 
 108      1B94EC84 
 108      F8
 109 0162 E3D0B43A 		.ascii	"\343\320\264:c9\330\341\001\203\271\255!\221m\375(O"
 109      6339D8E1 
 109      0183B9AD 
 109      21916DFD 
 109      284F
 110 0174 342E1A28 		.ascii	"4.\032(\215\267{\330=\353\366N\371\334\323\223N\317"
 110      8DB77BD8 
 110      3DEBF64E 
 110      F9DCD393 
 110      4ECF
 111 0186 BCD7E59E 		.ascii	"\274\327\345\236\030uz\006\373'FF\007f\346\372\\\360"
 111      18757A06 
ARM GAS  C:\Users\elias\AppData\Local\Temp\ccv9kn4I.s 			page 8


 111      FB274646 
 111      0766E6FA 
 111      5CF0
 112 0198 0387F8CC 		.ascii	"\003\207\370\314,"
 112      2C
 113              		.text
 114              		.section	.gnu.lto_OPAlp_Start.f57eb34d,"",%progbits
 115 0000 789C9594 		.ascii	"x\234\225\224\337K\223a\024\307\237\363>\357\273\315"
 115      DF4B9361 
 115      14C79FF3 
 115      3EEFBBCD 
 116 0010 CD392FEA 		.ascii	"\3159/\352\"\020\213@\302\202\024\252? \272\3602I\350"
 116      22108B40 
 116      C28214AA 
 116      3F20BAF0 
 116      3249E8
 117 0023 4A88B0DD 		.ascii	"J\210\260\335E\212X]\372lsN\243L/4\263\302\213\004M"
 117      458A585D 
 117      FA6C734E 
 117      A34C2F34 
 117      B3C28B04 
 118 0038 ADCDFC91 		.ascii	"\255\315\374\221k\246s\232\225\210\336\330\205\012\371"
 118      6BA6739A 
 118      9588DED8 
 118      850AF9
 119 0047 839A2452 		.ascii	"\203\232$R\032\353\207\245\255s\336g\316\2450j\260\263"
 119      1AEB87A5 
 119      AD73DE67 
 119      CEA5306A 
 119      B0B3
 120 0059 ED79CEF9 		.ascii	"\355y\316\371\236\317\371>\317;\225\001\243\327y\215"
 120      9ECFF93E 
 120      CF3B9501 
 120      A3D7798D 
 121 0069 B123F879 		.ascii	"\261#\370y\022\337\2401Pj'\031s\230\024\205O\3470aV"
 121      12DFA031 
 121      506A2719 
 121      73981485 
 121      4FE73061 
 122 007e 07329948 		.ascii	"\0072\231H\345\240\312e\025\200\276\010\023\260r\205"
 122      E5A0CA65 
 122      1580BE08 
 122      13B07285 
 123 008e AB500E5F 		.ascii	"\253P\016_\225-\005B\236\260_\311n\025\370Zp\177\316"
 123      952D0542 
 123      9EB05FC9 
 123      6E15F85A 
 123      707FCE
 124 00a1 156D4170 		.ascii	"\025mAps\306\242\212\336\202A+d3L[\352\372]o5TP\332"
 124      73C6A28A 
 124      DE82412B 
 124      64334C5B 
 124      EAFA5D6F 
 125 00b9 21B9096D 		.ascii	"!\271\011m` \016\357\271\240\210F]\"\370\3130\334d\334"
 125      60200EEF 
 125      B9A08846 
 125      5D22F8CB 
ARM GAS  C:\Users\elias\AppData\Local\Temp\ccv9kn4I.s 			page 9


 125      30DC64DC 
 126 00cd C7999B23 		.ascii	"\307\231\233#\014\006#\005\023\205\024\012f\012\026"
 126      0C062305 
 126      1385140A 
 126      660A16
 127 00dc 0AA914AC 		.ascii	"\012\251\024\254\024\322(\330(0\266\206\242\004\270"
 127      14D228D8 
 127      2830B686 
 127      A204B8
 128 00eb AE28F4C9 		.ascii	"\256(\364\311\303\340l\350\232_\324\250\217\213sdhp"
 128      C3E06CE8 
 128      9A5FD4A8 
 128      8F8B7364 
 128      6870
 129 00fd 87A68C11 		.ascii	"\207\246\214\021\305\315\025 $\277\177u\316X\276%\252"
 129      C5CD1520 
 129      24BF7F75 
 129      CE58BE25 
 129      AA
 130 010e 8448C7B5 		.ascii	"\204H\307\265j\244\246\345\225\211\267\243\346fx\340"
 130      6AA4A6E5 
 130      9589B7A3 
 130      E66678E0 
 131 011e 10FA3A87 		.ascii	"\020\372:\207v\034\365\021d q\0074\003[\204\212YW\346"
 131      761CF511 
 131      64207107 
 131      34035B84 
 131      8A5957E6 
 132 0132 8EAA77D5 		.ascii	"\216\252w\325\277a%U\000\006\235\224\307\010\202\263"
 132      BF612555 
 132      00069D94 
 132      C70882B3 
 133 0142 E91C6288 		.ascii	"\351\034b\210\370\336\257\353\014\377\321\361q\274\343"
 133      F8DEAFEB 
 133      0CFFD1F1 
 133      71BCE3
 134 0151 13EC8819 		.ascii	"\023\354\210\031\275\236\211.3\365\300&\340\305\235"
 134      BD9E892E 
 134      33F5C026 
 134      E0C59D
 135 0160 2570A653 		.ascii	"%p\246SiK\323\355V\225\037\326\347\251\3732\177S\311"
 135      694BD3ED 
 135      56951FD6 
 135      E7A9FB32 
 135      7F53C9
 136 0173 7A288453 		.ascii	"z(\204S\004\233g,\302'LT\340\003\216~\303\211\014\310"
 136      049B672C 
 136      C2274C54 
 136      E0038E7E 
 136      C3890CC8 
 137 0187 956CD005 		.ascii	"\225l\320\005Y\230^}\377n\207Qjrx\212\232a\010\375\274"
 137      59985E7D 
 137      FF6E8751 
 137      6A72788A 
 137      9A6108FD 
 138 019c 31D651F8 		.ascii	"1\326Q\370\367i\211\326\232\003\372YE\245k\211[\313"
 138      F76989D6 
ARM GAS  C:\Users\elias\AppData\Local\Temp\ccv9kn4I.s 			page 10


 138      9A03FA59 
 138      45A56B89 
 138      5BCB
 139 01ae 47498B41 		.ascii	"GI\213A7\355*{\216\031z\300\200\355z\311)c\242\377\252"
 139      37ED2A7B 
 139      8E197AC0 
 139      80ED7AC9 
 139      2963A2FF 
 140 01c3 AED4575F 		.ascii	"\256\324W_9\303\345\317w>\207Pqi\256c\344\243\221\234"
 140      39C3E5CF 
 140      773E8750 
 140      7169AE63 
 140      E4A3919C 
 141 01d7 A8709013 		.ascii	"\250p\220\023\032<\203\014\350\323\235\350'\357\303"
 141      1A3C830C 
 141      E8D39DE8 
 141      27EFC3
 142 01e6 E0DAAC44 		.ascii	"\340\332\254DD\251i\222\262\221N\237'\205t4\330\004"
 142      44A96992 
 142      B2914E9F 
 142      27857434 
 142      D804
 143 01f8 F0CB491A 		.ascii	"\360\313I\032\200r\222K>GIT\221\203\217\037\223\242"
 143      8072924B 
 143      3E474954 
 143      91838F1F 
 143      93A2
 144 020a 29C96B02 		.ascii	")\311k\0021\214\037\006\231n\306\212m\367\376\245\347"
 144      318C1F06 
 144      996EC68A 
 144      6DF7FEA5 
 144      E7
 145 021b 80DED34C 		.ascii	"\200\336\323L\007\030\354\336\257\237\205\274/j\354"
 145      0718ECDE 
 145      AF9F85BC 
 145      2F6AEC
 146 022a D222CAB7 		.ascii	"\322\"\312\267;\306]Fw\327h\2613\340{]~\241\273<H4\032"
 146      3BC65D46 
 146      77D768B1 
 146      33E07B5D 
 146      7EA1BB3C 
 147 0241 6E0E39DA 		.ascii	"n\0169\332?i\322\326\3571[?x#\313J\"\317P\234'\270="
 147      3F69D2D6 
 147      EF315B3F 
 147      7823CB4A 
 147      22CF509C 
 148 0258 4F257695 		.ascii	"O%v\225\"\026\251\343\014\314\324\331\344\275^`0\034"
 148      2216A9E3 
 148      0CCCD4D9 
 148      E4BD5E60 
 148      301C
 149 026a 1F71501F 		.ascii	"\037qP\0371\211dH\037\321\"m\235l,\223\252\251X4y\313"
 149      31896448 
 149      1FD1226D 
 149      9D6C2C93 
 149      AAA95834 
 150 0280 E33549B4 		.ascii	"\3435I\264\026\217D\013L\365\325\332\022uF\342:\243"
ARM GAS  C:\Users\elias\AppData\Local\Temp\ccv9kn4I.s 			page 11


 150      168F440B 
 150      4CF5D5DA 
 150      127546E2 
 150      3AA3
 151 0292 3B56EB0A 		.ascii	";V\353\012V)\322\024\210\214k\222\313\004/wa%\221\033"
 151      5629D214 
 151      888C6B92 
 151      CB042F77 
 151      6125911B 
 152 02a6 D3B1AC12 		.ascii	"\323\261\254\022+\334xM\212\246a\321\254\273\252]\221"
 152      2BDC784D 
 152      8AA661D1 
 152      ACBBAA5D 
 152      91
 153 02b7 583D31AC 		.ascii	"X=1\254\215\376\252hJ\242\316\253\270\316\353]X6\024"
 153      8DFEAA68 
 153      4AA2CEAB 
 153      B8CEEB5D 
 153      583614
 154 02ca D9C391A4 		.ascii	"\331\303\221\244\376\215\316ac+x\003\356\345\321\251"
 154      FE8DCE61 
 154      632B7803 
 154      EEE5D1A9 
 155 02da EA4FE51A 		.ascii	"\352O\345\032>^x\003\360O\354`\236\375\212\275\364b"
 155      3E5E7803 
 155      F04FEC60 
 155      9EFD8ABD 
 155      F462
 156 02ec 99FDD285 		.ascii	"\231\375\322\205\202\342\253\245E\366\302\374\202\342"
 156      82E2ABA5 
 156      45F6C2FC 
 156      82E2
 157 02fa 33A70ACF 		.ascii	"3\247\012\317\346\237\276\\r\274\210i%\305\327\355\245"
 157      E69FBE5C 
 157      72BC8869 
 157      25C5D7ED 
 157      A5
 158 030b 7F007C50 		.ascii	"\177\000|P\326C"
 158      D643
 159              		.text
 160              		.section	.gnu.lto_OPAlp_Stop.f57eb34d,"",%progbits
 161 0000 789C7D91 		.ascii	"x\234}\221\275K\034a\020\306\347y\337\275\275\325\304"
 161      BD4B1C61 
 161      10C6E779 
 161      DFBDBDD5 
 161      C4
 162 0011 8F3F40FC 		.ascii	"\217?@\374(m\242\020\362\007\204\024\202\205\212\266"
 162      286DA210 
 162      F2078414 
 162      82858AB6 
 163 0021 8204BD4E 		.ascii	"\202\004\275Nb\020\223\366\336so\271# \330x)\202l#\370"
 163      621093F6 
 163      DE736FB9 
 163      2320D878 
 163      29826C23 
 164 0036 9578F103 		.ascii	"\225x\361\003\361\320\342r`{6V\2460I\261\004Q0\020\011"
 164      F1D0E272 
ARM GAS  C:\Users\elias\AppData\Local\Temp\ccv9kn4I.s 			page 12


 164      607B3656 
 164      A63049B1 
 164      04513010 
 165 004b 26D1CDCC 		.ascii	"&\321\315\314\256(Dt`g\330\331g\236\371\261c\021H\242"
 165      AE284474 
 165      6067D8D9 
 165      679EF9B1 
 165      631148A2 
 166 005f 4711B571 		.ascii	"G\021\265q}\314\017\022\0045]%\3128J\351\375\0162\265"
 166      7DCC0F12 
 166      04355D25 
 166      CA384AE9 
 166      FD0E32B5 
 167 0073 D64E3399 		.ascii	"\326N3\231\207\032\226\264a\001R\215\003J+m!\2153u\241"
 167      871A96B4 
 167      6101528D 
 167      034A2B6D 
 167      218D3375 
 168 0088 50C90525 		.ascii	"P\311\005%\325>o8\276\354\376\3514\013ex\232(T\321\006"
 168      D53E6F38 
 168      BEECFEE9 
 168      340B6578 
 168      9A2854D1 
 169 009d C23CDA89 		.ascii	"\302<\332\211e\337V/g\352\354\254\310Z\343\217X\200"
 169      65DF562F 
 169      67EAECAC 
 169      C85AE38F 
 169      5880
 170 00af 2D18C5FE 		.ascii	"-\030\305\376\262\011C\327\224\017\223\237\012\265\017"
 170      B20943D7 
 170      940F939F 
 170      0AB50F
 171 00be 14791A5A 		.ascii	"\024y\032ZRB\222-\311\221Dt\312c\202\360C)\251:@\345"
 171      5242922D 
 171      C9914474 
 171      CA6382F0 
 171      4329A93A 
 172 00d4 F79BAA3F 		.ascii	"\367\233\252?!N\256\026\230\202W\331K\376T\236V\220"
 172      214EAE16 
 172      988257D9 
 172      4BFE549E 
 172      5690
 173 00e6 A5D5A95C 		.ascii	"\245\325\251\\\321\211_\347r\031cqk{os\272\301\307l"
 173      D1895FE7 
 173      72196371 
 173      6B7B6F73 
 173      BAC1C76C 
 174 00fa 26CB981A 		.ascii	"&\313\230\032Kh\302\"\232\230f\031>(\200\373\327\216"
 174      4B68C222 
 174      9A986619 
 174      3E2880FB 
 174      D78E
 175 010c ED74ECF8 		.ascii	"\355t\354\370\356\360$\250\027\013\215_\300{\226\362"
 175      EEF024A8 
 175      170B8D5F 
 175      C07B96F2 
 176 011c D6024473 		.ascii	"\326\002Ds\237\333\007vc\017\212\020\003\377u\354\231"
ARM GAS  C:\Users\elias\AppData\Local\Temp\ccv9kn4I.s 			page 13


 176      9FDB0776 
 176      630F8A10 
 176      03FF75EC 
 176      99
 177 012d E091032F 		.ascii	"\340\221\003/\277\244b\246\215+\246\363\255|Xs\343\262"
 177      BFA462A6 
 177      8D2BA6F3 
 177      AD7C5873 
 177      E3B2
 178 013f 72ED52FC 		.ascii	"r\355R\374\217I,n1\3349\3751b\260c\206K\2773\366p\356"
 178      8F492C6E 
 178      31DC39FD 
 178      3162B063 
 178      864BBF33 
 179 0156 C35E9585 		.ascii	"\303^\225\205_\221=p\233o\324\305\343\322y\235\020\003"
 179      5F913D70 
 179      9B6FD4C5 
 179      E3D2799D 
 179      1003
 180 0168 8435D191 		.ascii	"\2045\321\221\334@\323~\207\376\016\267Q\224\362\267"
 180      DC40D37E 
 180      87FE0EB7 
 180      5194F2B7 
 181 0178 4BA5E3CF 		.ascii	"K\245\343\317\311\364\205\311\033\323\350i+\344\033"
 181      C9F485C9 
 181      1BD3E869 
 181      2BE41B
 182 0187 10D691E6 		.ascii	"\020\326\221\346\343%\242\011+\272\332\021&\313o\273"
 182      E325A209 
 182      2BBADA11 
 182      26CB6FBB 
 183 0197 A3218953 		.ascii	"\243!\211S\226q\233O\333\322\225z\221\032\177>\221\032"
 183      96719B4F 
 183      DBD2957A 
 183      911A7F3E 
 183      911A
 184 01a9 191A187B 		.ascii	"\031\032\030{5>\234\032\354\033\030{\366d\260\267\357"
 184      353E9C1A 
 184      EC1B187B 
 184      F664B0B7 
 184      EF
 185 01ba E9E8CB47 		.ascii	"\351\350\313G\303\364\017\362\375\315\215"
 185      C3F40FF2 
 185      FDCD8D
 186              		.text
 187              		.section	.gnu.lto_OPAlp_SetPower.f57eb34d,"",%progbits
 188 0000 789C8D91 		.ascii	"x\234\215\221\261K#A\024\306\3377\263\311\256\201\373"
 188      B14B2341 
 188      14C6DF37 
 188      B3C9AE81 
 188      FB
 189 0011 0B2EA2D8 		.ascii	"\013.\242\330\004\021D9\356\017\020\013\301F\3216 \342"
 189      04114439 
 189      EE0F100B 
 189      C146D136 
 189      20E2
 190 0023 6D279710 		.ascii	"m'\227\020\224+\235\270\256\242\2156\012\212b\243D]"
ARM GAS  C:\Users\elias\AppData\Local\Temp\ccv9kn4I.s 			page 14


 190      942B9DB8 
 190      AEA28D36 
 190      0A8A62A3 
 190      445D
 191 0035 3D130BC1 		.ascii	"=\023\013\301.\227\203+,\264\026\3618\256\010h\245\020"
 191      2E97832B 
 191      2CB416F1 
 191      38AE0868 
 191      A510
 192 0047 513CBDF8 		.ascii	"Q<\275\370\336\256\225\20580o\336\016\337\374\276of"
 192      DEAE9585 
 192      38306FDE 
 192      0EDFFCBE 
 192      6F66
 193 0059 2D02C948 		.ascii	"-\002\311H(\242\024\257\037yB\023\324\302\011Q\336Q"
 193      28A214AF 
 193      1F794213 
 193      D4C20951 
 193      DE51
 194 006b 8034C601 		.ascii	"\2004\306\001M(L\340V=)Tf\252G\252\265`x\374\331\014"
 194      4D284CE0 
 194      563D2954 
 194      66AA47AA 
 194      B56078FC 
 195 0081 3ACD5619 		.ascii	":\315V\031\276&\252\253\220D(\240\225U\033+\363\005"
 195      BE26AAAB 
 195      904428A0 
 195      95551B2B 
 195      F305
 196 0093 4BB780B8 		.ascii	"K\267\200\270\277-m4\2466\215\2314\346.m\264\257\201"
 196      BF2D6D34 
 196      A6368D99 
 196      34E62E6D 
 196      B4AF81
 197 00a6 2D683E80 		.ascii	"-h>\200OIt$\2117\010\333H\211\366o\351\377\342\207\370"
 197      4F497424 
 197      893708DB 
 197      4889F66F 
 197      E9FFE287 
 198 00bb 94D09B23 		.ascii	"\224\320\233#&v\020\227\224\373\003eS\257{\246|\221"
 198      26761097 
 198      94FB0365 
 198      53AF7BA6 
 198      7C91
 199 00cd F8F190E0 		.ascii	"\370\361\220\340\304\276VZJLJ\034B\260\245u\244\020"
 199      C4BE565A 
 199      4A4C4A1C 
 199      42B0A575 
 199      A410
 200 00df 5DF394F4 		.ascii	"]\363\224\3647J\311\252\253\250<\314\375\012\322\302"
 200      374AC9AA 
 200      ABA83CCC 
 200      FD0AD2C2 
 201 00ef F3B4DC64 		.ascii	"\363\264\334d\311\257\234\3325\345k\035\306<\\\234>"
 201      C9AF9CDA 
 201      35E56B1D 
 201      C63C5C9C 
ARM GAS  C:\Users\elias\AppData\Local\Temp\ccv9kn4I.s 			page 15


 201      3E
 202 0100 D3D1E7EF 		.ascii	"\323\321\347\357b\336X\274u\036\374\274\264\327\261"
 202      62DE58BC 
 202      751EFCBC 
 202      B4D7B1
 203 010f 969FE23B 		.ascii	"\226\237\342;Z\330E\022\001\222\234i\017\353\240*\274"
 203      5AD84512 
 203      01929C69 
 203      0FEBA02A 
 203      BC
 204 0120 C77884D3 		.ascii	"\307x\204\323\021\261\266[\234i\020\204\205G\340;K\331"
 204      11B1B65B 
 204      9C691084 
 204      8547E03B 
 204      4BD9
 205 0132 7509A279 		.ascii	"u\011\242y\213\266\3174fP\030\361\270-B\306\336:Q|\345"
 205      8BB6CF34 
 205      665018F1 
 205      B82D42C6 
 205      DE3A517C 
 206 0147 6F7B5A1C 		.ascii	"o{Z\034fW\227\003;\362\327(\205\366\336\375\213\304"
 206      66579703 
 206      3BF2D728 
 206      85F6DEFD 
 206      8BC4
 207 0159 61240BDF 		.ascii	"a$\013\337\227\350 L\344\320\025&\313\377zE\035\376"
 207      97E8204C 
 207      E4D01526 
 207      CBFF7A45 
 207      1DFE
 208 016b DC6B0579 		.ascii	"\334k\005yK~\331\246\036\367\253\233\033\036s\277\014"
 208      4B7ED9A6 
 208      1EF7AB9B 
 208      1B1E73BF 
 208      0C
 209 017c 0D66C673 		.ascii	"\015f\306s#n\272\1770\323\3759\335\327\3375\232m\037"
 209      236EBA7F 
 209      30D3FD39 
 209      DDD7DF35 
 209      9A6D1F
 210 018f A15836F3 		.ascii	"\241X6\363\315\315=\003\032\001\262t"
 210      CDCD3D03 
 210      1A01B274 
 211              		.text
 212              		.section	.gnu.lto_.symbol_nodes.f57eb34d,"",%progbits
 213 0000 789C6361 		.ascii	"x\234ca`d\250b\000\002&\266z\006\206\011\347\030\030"
 213      6064A862 
 213      000226B6 
 213      7A068609 
 213      E71818
 214 0013 EA191877 		.ascii	"\352\031\030w\266,lP\000\0121\3263B\205\030v5(\002\005"
 214      B62C6C50 
 214      000A31D6 
 214      33428518 
 214      76352802 
 215 0028 98EA9950 		.ascii	"\230\352\231P\005\230\353\231Q\004X\031\030\032\205"
 215      0598EB99 
ARM GAS  C:\Users\elias\AppData\Local\Temp\ccv9kn4I.s 			page 16


 215      51045819 
 215      181A85
 216 0037 40A6B1D4 		.ascii	"@\246\261\324\263\240\252d\255gE\021`\006*]\324\366"
 216      B3A0AA64 
 216      AD674511 
 216      60062A5D 
 216      D4F6
 217 0049 54920100 		.ascii	"T\222\001\000\252'\032\344"
 217      AA271AE4 
 218              		.text
 219              		.section	.gnu.lto_.refs.f57eb34d,"",%progbits
 220 0000 789C6361 		.ascii	"x\234ca`d\340d```bf`addaf\000\000\0016\000!"
 220      6064E064 
 220      60606062 
 220      66606164 
 220      64616600 
 221              		.text
 222              		.section	.gnu.lto_.decls.f57eb34d,"",%progbits
 223 0000 789C8D94 		.ascii	"x\234\215\224]h\023Y\024\200\357\231\231&e\232V\266"
 223      5D681359 
 223      1480EF99 
 223      9926659A 
 223      56B6
 224 0012 ACD28780 		.ascii	"\254\322\207\200Q\021\372 \241E\004\367APD\335\365A"
 224      5111FA20 
 224      A14504F7 
 224      415044DD 
 224      F541
 225 0024 0BA57D12 		.ascii	"\013\245}\022$\326A\013\245-\331\210\310\276\334n+\376"
 225      24D6410B 
 225      A52DD988 
 225      C8BEDC6E 
 225      2BFE
 226 0036 2166B7D8 		.ascii	"!f\267\330b*\266*h\264\321\244i\332j\2556\376\324\246"
 226      622AB62A 
 226      68B4D1A4 
 226      69DA6AAD 
 226      36FED4A6 
 227 004a 42C5EECA 		.ascii	"B\305\356\312\202\264\270\201(\376\203b\375\255\232"
 227      82B4B881 
 227      28FE8362 
 227      FDAD9A
 228 0059 3DF7CE9D 		.ascii	"=\367\316\235\235II\324C\316\314=\231s\276\3637\211"
 228      9D4949D4 
 228      43CECC3D 
 228      9973BEF3 
 228      3789
 229 006b 42803059 		.ascii	"B\2000Y\237GH\037\336\203h\246Q\354x\256&\246\330P\317"
 229      9F47481F 
 229      DE8368A6 
 229      51EC78AE 
 229      26A6D850 
 230 0080 A14650A3 		.ascii	"\241FP\243\2501\324~\324aTF\270F2\205\371*\202\341D"
 230      A831D47E 
 230      D4615446 
 230      B8463285 
 230      F92A82E1 
ARM GAS  C:\Users\elias\AppData\Local\Temp\ccv9kn4I.s 			page 17


 231 0095 1D451D11 		.ascii	"\035E\035\021\317@<\237-\214\235g\211\031\232\025'\011"
 231      CF403C9F 
 231      2D8C9D67 
 231      89199A15 
 231      2709
 232 00a7 9FE12CB1 		.ascii	"\237\341,\261\321o\344\213f\211\211\211\276\214\230"
 232      D16FE48B 
 232      66898989 
 232      BE8C98
 233 00b6 44969C8A 		.ascii	"D\226\234\212\3603\362Fs\364\333?\213e0\306PC\226\372"
 233      F033F246 
 233      73F4DB3F 
 233      8B6530C6 
 233      504396FA 
 234 00ca FB73F43E 		.ascii	"\373s\364>l\351}(G\017\331\372\376,A\2723v(\177\022"
 234      6CE97D28 
 234      470FD9FA 
 234      FE2C41BA 
 234      3376287F 
 235 00df EE814CC4 		.ascii	"\356\201L\3042\011\200~\005\256DWn\342A\"\372\301\370"
 235      3209807E 
 235      05AE4457 
 235      6EE24122 
 235      FAC1F8
 236 00f2 EA7F21C2 		.ascii	"\352\177!\302E2\216&\214\177D<\244\015\341\020\223\016"
 236      45328E26 
 236      8C7F443C 
 236      A40DE110 
 236      930E
 237 0104 2248B78D 		.ascii	"\"H\267\215\272E\020Hf\002\320M#\302\302\233U\221Q\263"
 237      BA451048 
 237      6602D04D 
 237      23C2C29B 
 237      559151B3 
 238 0118 91868F90 		.ascii	"\221\206\217\2207\335\371\2465-\313\022\260\363\277"
 238      37DDF9A6 
 238      352DCB12 
 238      B0F3BF
 239 0127 1F826BDD 		.ascii	"\037\202k\335!\212\342\247TZbNf\242%rT\236\226\240X"
 239      218AE2A7 
 239      545A624E 
 239      66A22572 
 239      549E96A0 
 240 013c 0505CD57 		.ascii	"\005\005\315W\343\201T\021\232?\252\340B\363\363XG@"
 240      E3815411 
 240      9A3FAAE0 
 240      42F3F358 
 240      4740
 241 014e 2A69E371 		.ascii	"*i\343q\315\324\245@\365<\350\006'\234\005\034>\204"
 241      CDD4A540 
 241      F53CE806 
 241      279C051C 
 241      3E84
 242 0160 A004AF5B 		.ascii	"\240\004\257[\024\235\024\270\375\276\243pa\027\215"
 242      149D14B8 
 242      FDBEA370 
 242      61178D
ARM GAS  C:\Users\elias\AppData\Local\Temp\ccv9kn4I.s 			page 18


 243 016f 476872E6 		.ascii	"Ghr\346\302\234\266\346\226\004\206\2251/\010\202\014"
 243      C29CB6E6 
 243      96048695 
 243      312F0882 
 243      0C
 244 0180 67C0CD8A 		.ascii	"g\300\315\212\014\262\035\0208\015\223X\3579X\210\221"
 244      0CB21D10 
 244      380D9358 
 244      EF395888 
 244      91
 245 0191 23EF5ABB 		.ascii	"#\357Z\273A^\301\013\375z\306pF\306\216\277\306n\311"
 245      415EC10B 
 245      FD7AC670 
 245      46C68EBF 
 245      C66EC9
 246 01a4 983119A1 		.ascii	"\2301\031\241\361c\032\335G\351\357\012s\201\363f\272"
 246      F1631ADD 
 246      47E9EF0A 
 246      7381F366 
 246      BA
 247 01b5 F3D67411 		.ascii	"\363\326t\021\236n\360\331\323E\362\317<[\"\320s%_\020"
 247      9E6EF0D9 
 247      D345F2CF 
 247      3C5B22D0 
 247      73255F10 
 248 01c9 DE5A093D 		.ascii	"\336Z\011=&\241\307J\210r\302Dh?\225\344*\216\030\177"
 248      26A1C74A 
 248      8872C244 
 248      683F95E4 
 248      2A8E187F 
 249 01dd E54F2A88 		.ascii	"\345O*\210\350B\304\373\233\016\352o\242t%g\364\232"
 249      E842C4FB 
 249      9B0EEA6F 
 249      A2742567 
 249      F49A
 250 01ef 8C5E2B23 		.ascii	"\214^+#\306\031M\376=\367e\331\303\031\355\037g\312"
 250      C6194DFE 
 250      3DF765D9 
 250      C319ED1F 
 250      67CA
 251 0201 05626A94 		.ascii	"\005bj\224#\272tD\237\211\350\263\"\3729\"\230\242\007"
 251      23BA7444 
 251      9F89E8B3 
 251      22FA3922 
 251      98A207
 252 0214 ED721D47 		.ascii	"\355r\035G\204w?8\223\217\213s\252\220\006f?\277\370"
 252      84773F38 
 252      938F8B73 
 252      AA900666 
 252      3FBFF8
 253 0227 A150B7D9 		.ascii	"\241P\267\331\343#\177\244\276\024\310\277\261\263\364"
 253      E3237FA4 
 253      BE14C8BF 
 253      B1B3F4
 254 0236 77AAFB89 		.ascii	"w\252\373\211\002\245\352)6\344d\353\255\272\366=\370"
 254      02A5EA29 
 254      36E464EB 
ARM GAS  C:\Users\elias\AppData\Local\Temp\ccv9kn4I.s 			page 19


 254      ADBAF63D 
 254      F8
 255 0247 4EC010A8 		.ascii	"N\300\020\2500h\346s\252x\335\213\003\241/OP[\011\201"
 255      3068E673 
 255      AA78DD8B 
 255      03A12F4F 
 255      505B0981 
 256 025b A54E2873 		.ascii	"\245N(s\022\270\004\245\014\312\274\340\".\346\002."
 256      12B804A5 
 256      0CCABCE0 
 256      222EE602 
 256      2E
 257 026c 06133C6C 		.ascii	"\006\023<l\357|fS\360\335\343\034\334\020~\027\032\234"
 257      EF7C6653 
 257      F0DDE31C 
 257      DC107E17 
 257      1A9C
 258 027e 7A6ECBB9 		.ascii	"zn\313\271\313+|\227\227A,\263o`_\233]_Er&6\267\255"
 258      CB2B7C97 
 258      97412CB3 
 258      6F605F9B 
 258      5D5F4572 
 259 0296 99E2EBE3 		.ascii	"\231\342\353\343w17\0300\313\032\260\216a\230\217\341"
 259      77313718 
 259      30CB1AB0 
 259      8E61988F 
 259      E1
 260 02a7 F664E2A7 		.ascii	"\366d\342\247i\275~\006\352\275{?.\313'\201\033\247"
 260      69BD7E06 
 260      EABD7B3F 
 260      2ECB2781 
 260      1BA7
 261 02b9 1EA7C2B0 		.ascii	"\036\247\302\260\370$\355:A\343\367\246\012\360udnW"
 261      F824ED3A 
 261      41E3F7A6 
 261      0AF07564 
 261      6E57
 262 02cb 759E6889 		.ascii	"u\236h\211p;\216E\3015X\214A\323-\257\377\261\251\330"
 262      703B8E45 
 262      C135588C 
 262      41D32DAF 
 262      FFB1A9D8 
 263 02df 7BF3F7F5 		.ascii	"{\363\367\365>\376\344x\332.\367\360\214R\357\341#\207"
 263      3EFEE478 
 263      DA2EF7F0 
 263      8C52EFE1 
 263      2387
 264 02f1 EDA09666 		.ascii	"\355\240\226f\011\277\231%\334XBU\340\317&\352\202\021"
 264      09BF9925 
 264      DC584255 
 264      E0CF26EA 
 264      8211
 265 0303 ACEE86D9 		.ascii	"\254\356\206\331\355uP\365\351\304\356\274\010\3479"
 265      ED7550F5 
 265      E9C4EEBC 
 265      08E739
 266 0312 F6B375E0 		.ascii	"\366\263u\340(\213\023E\334\323\034\346(8\370_\000\336"
ARM GAS  C:\Users\elias\AppData\Local\Temp\ccv9kn4I.s 			page 20


 266      288B1345 
 266      DCD31CE6 
 266      2838F85F 
 266      00DE
 267 0324 D1FBC0DD 		.ascii	"\321\373\300\335O\2532\234\2072\234\023\3029\301\235"
 267      4FAB329C 
 267      87329C13 
 267      C239C19D 
 268 0334 671E861F 		.ascii	"g\036\206\03792\274\331/\326\364\036\023\336\354\376"
 268      3932BCD9 
 268      2FD6F41E 
 268      13DEECFE 
 269 0344 C3C68A55 		.ascii	"\303\306\212Uu\215\233+}\015\215\356F\217\327\347.\313"
 269      758D9B2B 
 269      7D0D8DEE 
 269      468FD7E7 
 269      2ECB
 270 0356 5FB7A1CA 		.ascii	"_\267\241\312\265\272\274\234\314_\247\325k^\217O\333"
 270      B5BABC9C 
 270      CC5FA7D5 
 270      6B5E8F4F 
 270      DB
 271 0367 BAB9B261 		.ascii	"\272\271\262a\207\267F\333TQ\331\260z\331&\036\341\256"
 271      87B746DB 
 271      5451D9B0 
 271      7AD9261E 
 271      E1AE
 272 0379 21AA1EFA 		.ascii	"!\252\036\372K}\255\317\241\037\327\324{\266\324i\005"
 272      4B7DADCF 
 272      A11FD7D4 
 272      7BB6D469 
 272      05
 273 038a 061271AA 		.ascii	"\006\022q\252\211/\022G\315W\321\260S\363\346\355\250"
 273      892F1247 
 273      CD57D1B0 
 273      53F3E6ED 
 273      A8
 274 039b ADF72D5F 		.ascii	"\255\367-_\220#G\315.\337\256F\355W\367vR\250\207\325"
 274      902347CD 
 274      2EDFAE46 
 274      ED57F776 
 274      52A887D5 
 275 03af 62966A8F 		.ascii	"b\226j\217W\361j\333\226\377\00761\320O"
 275      57F16ADB 
 275      96FF0736 
 275      31D04F
 276              		.text
 277              		.section	.gnu.lto_.symtab.f57eb34d,"",%progbits
 278 0000 4F50416C 		.ascii	"OPAlp_Init\000"
 278      705F496E 
 278      697400
 279 000b 00       		.ascii	"\000"
 280 000c 00       		.ascii	"\000"
 281 000d 00       		.ascii	"\000"
 282 000e 00000000 		.ascii	"\000\000\000\000\000\000\000\000"
 282      00000000 
 283 0016 B0000000 		.ascii	"\260\000\000\000"
ARM GAS  C:\Users\elias\AppData\Local\Temp\ccv9kn4I.s 			page 21


 284 001a 4F50416C 		.ascii	"OPAlp_Enable\000"
 284      705F456E 
 284      61626C65 
 284      00
 285 0027 00       		.ascii	"\000"
 286 0028 00       		.ascii	"\000"
 287 0029 00       		.ascii	"\000"
 288 002a 00000000 		.ascii	"\000\000\000\000\000\000\000\000"
 288      00000000 
 289 0032 B2000000 		.ascii	"\262\000\000\000"
 290 0036 4F50416C 		.ascii	"OPAlp_Start\000"
 290      705F5374 
 290      61727400 
 291 0042 00       		.ascii	"\000"
 292 0043 00       		.ascii	"\000"
 293 0044 00       		.ascii	"\000"
 294 0045 00000000 		.ascii	"\000\000\000\000\000\000\000\000"
 294      00000000 
 295 004d B4000000 		.ascii	"\264\000\000\000"
 296 0051 4F50416C 		.ascii	"OPAlp_initVar\000"
 296      705F696E 
 296      69745661 
 296      7200
 297 005f 00       		.ascii	"\000"
 298 0060 00       		.ascii	"\000"
 299 0061 00       		.ascii	"\000"
 300 0062 00000000 		.ascii	"\000\000\000\000\000\000\000\000"
 300      00000000 
 301 006a C2000000 		.ascii	"\302\000\000\000"
 302 006e 4F50416C 		.ascii	"OPAlp_Stop\000"
 302      705F5374 
 302      6F7000
 303 0079 00       		.ascii	"\000"
 304 007a 00       		.ascii	"\000"
 305 007b 00       		.ascii	"\000"
 306 007c 00000000 		.ascii	"\000\000\000\000\000\000\000\000"
 306      00000000 
 307 0084 B6000000 		.ascii	"\266\000\000\000"
 308 0088 4F50416C 		.ascii	"OPAlp_SetPower\000"
 308      705F5365 
 308      74506F77 
 308      657200
 309 0097 00       		.ascii	"\000"
 310 0098 00       		.ascii	"\000"
 311 0099 00       		.ascii	"\000"
 312 009a 00000000 		.ascii	"\000\000\000\000\000\000\000\000"
 312      00000000 
 313 00a2 BF000000 		.ascii	"\277\000\000\000"
 314              		.text
 315              		.section	.gnu.lto_.opts,"",%progbits
 316 0000 272D666D 		.ascii	"'-fmath-errno' '-fsigned-zeros' '-ftrapping-math' '"
 316      6174682D 
 316      6572726E 
 316      6F272027 
 316      2D667369 
 317 0033 2D666E6F 		.ascii	"-fno-trapv' '-fno-openmp' '-fno-openacc' '-mcpu=cor"
 317      2D747261 
ARM GAS  C:\Users\elias\AppData\Local\Temp\ccv9kn4I.s 			page 22


 317      70762720 
 317      272D666E 
 317      6F2D6F70 
 318 0066 7465782D 		.ascii	"tex-m3' '-mthumb' '-g' '-O3' '-ffunction-sections' "
 318      6D332720 
 318      272D6D74 
 318      68756D62 
 318      2720272D 
 319 0099 272D6666 		.ascii	"'-ffat-lto-objects' '-finline-functions' '-flto'\000"
 319      61742D6C 
 319      746F2D6F 
 319      626A6563 
 319      74732720 
 320              		.text
 321              		.cfi_sections	.debug_frame
 322              		.section	.text.OPAlp_Init,"ax",%progbits
 323              		.align	2
 324              		.global	OPAlp_Init
 325              		.thumb
 326              		.thumb_func
 327              		.type	OPAlp_Init, %function
 328              	OPAlp_Init:
 329              	.LFB0:
 330              		.file 1 "Generated_Source\\PSoC5\\OPAlp.c"
   1:Generated_Source\PSoC5/OPAlp.c **** /*******************************************************************************
   2:Generated_Source\PSoC5/OPAlp.c **** * File Name: OPAlp.c
   3:Generated_Source\PSoC5/OPAlp.c **** * Version 1.90
   4:Generated_Source\PSoC5/OPAlp.c **** *
   5:Generated_Source\PSoC5/OPAlp.c **** * Description:
   6:Generated_Source\PSoC5/OPAlp.c **** *  This file provides the source code to the API for OpAmp (Analog Buffer) 
   7:Generated_Source\PSoC5/OPAlp.c **** *  Component.
   8:Generated_Source\PSoC5/OPAlp.c **** *
   9:Generated_Source\PSoC5/OPAlp.c **** * Note:
  10:Generated_Source\PSoC5/OPAlp.c **** *
  11:Generated_Source\PSoC5/OPAlp.c **** ********************************************************************************
  12:Generated_Source\PSoC5/OPAlp.c **** * Copyright 2008-2012, Cypress Semiconductor Corporation.  All rights reserved.
  13:Generated_Source\PSoC5/OPAlp.c **** * You may use this file only in accordance with the license, terms, conditions, 
  14:Generated_Source\PSoC5/OPAlp.c **** * disclaimers, and limitations in the end user license agreement accompanying 
  15:Generated_Source\PSoC5/OPAlp.c **** * the software package with which this file was provided.
  16:Generated_Source\PSoC5/OPAlp.c **** *******************************************************************************/
  17:Generated_Source\PSoC5/OPAlp.c **** 
  18:Generated_Source\PSoC5/OPAlp.c **** #include "OPAlp.h"
  19:Generated_Source\PSoC5/OPAlp.c **** 
  20:Generated_Source\PSoC5/OPAlp.c **** uint8 OPAlp_initVar = 0u;
  21:Generated_Source\PSoC5/OPAlp.c **** 
  22:Generated_Source\PSoC5/OPAlp.c **** 
  23:Generated_Source\PSoC5/OPAlp.c **** /*******************************************************************************   
  24:Generated_Source\PSoC5/OPAlp.c **** * Function Name: OPAlp_Init
  25:Generated_Source\PSoC5/OPAlp.c **** ********************************************************************************
  26:Generated_Source\PSoC5/OPAlp.c **** *
  27:Generated_Source\PSoC5/OPAlp.c **** * Summary:
  28:Generated_Source\PSoC5/OPAlp.c **** *  Initialize component's parameters to the parameters set by user in the 
  29:Generated_Source\PSoC5/OPAlp.c **** *  customizer of the component placed onto schematic. Usually called in 
  30:Generated_Source\PSoC5/OPAlp.c **** *  OPAlp_Start().
  31:Generated_Source\PSoC5/OPAlp.c **** *
  32:Generated_Source\PSoC5/OPAlp.c **** * Parameters:
  33:Generated_Source\PSoC5/OPAlp.c **** *  void
ARM GAS  C:\Users\elias\AppData\Local\Temp\ccv9kn4I.s 			page 23


  34:Generated_Source\PSoC5/OPAlp.c **** *
  35:Generated_Source\PSoC5/OPAlp.c **** * Return:
  36:Generated_Source\PSoC5/OPAlp.c **** *  void
  37:Generated_Source\PSoC5/OPAlp.c **** *
  38:Generated_Source\PSoC5/OPAlp.c **** *******************************************************************************/
  39:Generated_Source\PSoC5/OPAlp.c **** void OPAlp_Init(void) 
  40:Generated_Source\PSoC5/OPAlp.c **** {
 331              		.loc 1 40 0
 332              		.cfi_startproc
 333              		@ args = 0, pretend = 0, frame = 0
 334              		@ frame_needed = 0, uses_anonymous_args = 0
 335              		@ link register save eliminated.
 336              	.LVL0:
 337              	.LBB10:
 338              	.LBB11:
  41:Generated_Source\PSoC5/OPAlp.c ****     OPAlp_SetPower(OPAlp_DEFAULT_POWER);
  42:Generated_Source\PSoC5/OPAlp.c **** }
  43:Generated_Source\PSoC5/OPAlp.c **** 
  44:Generated_Source\PSoC5/OPAlp.c **** 
  45:Generated_Source\PSoC5/OPAlp.c **** /*******************************************************************************   
  46:Generated_Source\PSoC5/OPAlp.c **** * Function Name: OPAlp_Enable
  47:Generated_Source\PSoC5/OPAlp.c **** ********************************************************************************
  48:Generated_Source\PSoC5/OPAlp.c **** *
  49:Generated_Source\PSoC5/OPAlp.c **** * Summary:
  50:Generated_Source\PSoC5/OPAlp.c **** *  Enables the OpAmp block operation
  51:Generated_Source\PSoC5/OPAlp.c **** *
  52:Generated_Source\PSoC5/OPAlp.c **** * Parameters:
  53:Generated_Source\PSoC5/OPAlp.c **** *  void
  54:Generated_Source\PSoC5/OPAlp.c **** *
  55:Generated_Source\PSoC5/OPAlp.c **** * Return:
  56:Generated_Source\PSoC5/OPAlp.c **** *  void
  57:Generated_Source\PSoC5/OPAlp.c **** *
  58:Generated_Source\PSoC5/OPAlp.c **** *******************************************************************************/
  59:Generated_Source\PSoC5/OPAlp.c **** void OPAlp_Enable(void) 
  60:Generated_Source\PSoC5/OPAlp.c **** {
  61:Generated_Source\PSoC5/OPAlp.c ****     /* Enable negative charge pumps in ANIF */
  62:Generated_Source\PSoC5/OPAlp.c ****     OPAlp_PUMP_CR1_REG  |= (OPAlp_PUMP_CR1_CLKSEL | OPAlp_PUMP_CR1_FORCE);
  63:Generated_Source\PSoC5/OPAlp.c **** 
  64:Generated_Source\PSoC5/OPAlp.c ****     /* Enable power to buffer in active mode */
  65:Generated_Source\PSoC5/OPAlp.c ****     OPAlp_PM_ACT_CFG_REG |= OPAlp_ACT_PWR_EN;
  66:Generated_Source\PSoC5/OPAlp.c **** 
  67:Generated_Source\PSoC5/OPAlp.c ****     /* Enable power to buffer in alternative active mode */
  68:Generated_Source\PSoC5/OPAlp.c ****     OPAlp_PM_STBY_CFG_REG |= OPAlp_STBY_PWR_EN;
  69:Generated_Source\PSoC5/OPAlp.c **** }
  70:Generated_Source\PSoC5/OPAlp.c **** 
  71:Generated_Source\PSoC5/OPAlp.c **** 
  72:Generated_Source\PSoC5/OPAlp.c **** /*******************************************************************************
  73:Generated_Source\PSoC5/OPAlp.c **** * Function Name:   OPAlp_Start
  74:Generated_Source\PSoC5/OPAlp.c **** ********************************************************************************
  75:Generated_Source\PSoC5/OPAlp.c **** *
  76:Generated_Source\PSoC5/OPAlp.c **** * Summary:
  77:Generated_Source\PSoC5/OPAlp.c **** *  The start function initializes the Analog Buffer with the default values and 
  78:Generated_Source\PSoC5/OPAlp.c **** *  sets the power to the given level. A power level of 0, is same as 
  79:Generated_Source\PSoC5/OPAlp.c **** *  executing the stop function.
  80:Generated_Source\PSoC5/OPAlp.c **** *
  81:Generated_Source\PSoC5/OPAlp.c **** * Parameters:
  82:Generated_Source\PSoC5/OPAlp.c **** *  void
ARM GAS  C:\Users\elias\AppData\Local\Temp\ccv9kn4I.s 			page 24


  83:Generated_Source\PSoC5/OPAlp.c **** *
  84:Generated_Source\PSoC5/OPAlp.c **** * Return:
  85:Generated_Source\PSoC5/OPAlp.c **** *  void
  86:Generated_Source\PSoC5/OPAlp.c **** *
  87:Generated_Source\PSoC5/OPAlp.c **** * Global variables:
  88:Generated_Source\PSoC5/OPAlp.c **** *  OPAlp_initVar: Used to check the initial configuration, modified 
  89:Generated_Source\PSoC5/OPAlp.c **** *  when this function is called for the first time.
  90:Generated_Source\PSoC5/OPAlp.c **** *
  91:Generated_Source\PSoC5/OPAlp.c **** *******************************************************************************/
  92:Generated_Source\PSoC5/OPAlp.c **** void OPAlp_Start(void) 
  93:Generated_Source\PSoC5/OPAlp.c **** {
  94:Generated_Source\PSoC5/OPAlp.c ****     if(OPAlp_initVar == 0u)
  95:Generated_Source\PSoC5/OPAlp.c ****     {
  96:Generated_Source\PSoC5/OPAlp.c ****         OPAlp_initVar = 1u;
  97:Generated_Source\PSoC5/OPAlp.c ****         OPAlp_Init();
  98:Generated_Source\PSoC5/OPAlp.c ****     }
  99:Generated_Source\PSoC5/OPAlp.c **** 
 100:Generated_Source\PSoC5/OPAlp.c ****     OPAlp_Enable();
 101:Generated_Source\PSoC5/OPAlp.c **** }
 102:Generated_Source\PSoC5/OPAlp.c **** 
 103:Generated_Source\PSoC5/OPAlp.c **** 
 104:Generated_Source\PSoC5/OPAlp.c **** /*******************************************************************************
 105:Generated_Source\PSoC5/OPAlp.c **** * Function Name: OPAlp_Stop
 106:Generated_Source\PSoC5/OPAlp.c **** ********************************************************************************
 107:Generated_Source\PSoC5/OPAlp.c **** *
 108:Generated_Source\PSoC5/OPAlp.c **** * Summary:
 109:Generated_Source\PSoC5/OPAlp.c **** *  Powers down amplifier to lowest power state.
 110:Generated_Source\PSoC5/OPAlp.c **** *
 111:Generated_Source\PSoC5/OPAlp.c **** * Parameters:
 112:Generated_Source\PSoC5/OPAlp.c **** *  void
 113:Generated_Source\PSoC5/OPAlp.c **** *
 114:Generated_Source\PSoC5/OPAlp.c **** * Return:
 115:Generated_Source\PSoC5/OPAlp.c **** *  void
 116:Generated_Source\PSoC5/OPAlp.c **** *
 117:Generated_Source\PSoC5/OPAlp.c **** *******************************************************************************/
 118:Generated_Source\PSoC5/OPAlp.c **** void OPAlp_Stop(void) 
 119:Generated_Source\PSoC5/OPAlp.c **** {
 120:Generated_Source\PSoC5/OPAlp.c ****     /* Disable power to buffer in active mode template */
 121:Generated_Source\PSoC5/OPAlp.c ****     OPAlp_PM_ACT_CFG_REG &= (uint8)(~OPAlp_ACT_PWR_EN);
 122:Generated_Source\PSoC5/OPAlp.c **** 
 123:Generated_Source\PSoC5/OPAlp.c ****     /* Disable power to buffer in alternative active mode template */
 124:Generated_Source\PSoC5/OPAlp.c ****     OPAlp_PM_STBY_CFG_REG &= (uint8)(~OPAlp_STBY_PWR_EN);
 125:Generated_Source\PSoC5/OPAlp.c ****     
 126:Generated_Source\PSoC5/OPAlp.c ****     /* Disable negative charge pumps for ANIF only if all ABuf is turned OFF */
 127:Generated_Source\PSoC5/OPAlp.c ****     if(OPAlp_PM_ACT_CFG_REG == 0u)
 128:Generated_Source\PSoC5/OPAlp.c ****     {
 129:Generated_Source\PSoC5/OPAlp.c ****         OPAlp_PUMP_CR1_REG &= (uint8)(~(OPAlp_PUMP_CR1_CLKSEL | OPAlp_PUMP_CR1_FORCE));
 130:Generated_Source\PSoC5/OPAlp.c ****     }
 131:Generated_Source\PSoC5/OPAlp.c **** }
 132:Generated_Source\PSoC5/OPAlp.c **** 
 133:Generated_Source\PSoC5/OPAlp.c **** 
 134:Generated_Source\PSoC5/OPAlp.c **** /*******************************************************************************
 135:Generated_Source\PSoC5/OPAlp.c **** * Function Name: OPAlp_SetPower
 136:Generated_Source\PSoC5/OPAlp.c **** ********************************************************************************
 137:Generated_Source\PSoC5/OPAlp.c **** *
 138:Generated_Source\PSoC5/OPAlp.c **** * Summary:
 139:Generated_Source\PSoC5/OPAlp.c **** *  Sets power level of Analog buffer.
ARM GAS  C:\Users\elias\AppData\Local\Temp\ccv9kn4I.s 			page 25


 140:Generated_Source\PSoC5/OPAlp.c **** *
 141:Generated_Source\PSoC5/OPAlp.c **** * Parameters: 
 142:Generated_Source\PSoC5/OPAlp.c **** *  power: PSoC3: Sets power level between low (1) and high power (3).
 143:Generated_Source\PSoC5/OPAlp.c **** *         PSoC5: Sets power level High (0)
 144:Generated_Source\PSoC5/OPAlp.c **** *
 145:Generated_Source\PSoC5/OPAlp.c **** * Return:
 146:Generated_Source\PSoC5/OPAlp.c **** *  void
 147:Generated_Source\PSoC5/OPAlp.c **** *
 148:Generated_Source\PSoC5/OPAlp.c **** **********************************************************************************/
 149:Generated_Source\PSoC5/OPAlp.c **** void OPAlp_SetPower(uint8 power) 
 150:Generated_Source\PSoC5/OPAlp.c **** {
 151:Generated_Source\PSoC5/OPAlp.c ****     #if (CY_PSOC3 || CY_PSOC5LP)
 152:Generated_Source\PSoC5/OPAlp.c ****         OPAlp_CR_REG &= (uint8)(~OPAlp_PWR_MASK);
 339              		.loc 1 152 0
 340 0000 044B     		ldr	r3, .L2
 341 0002 1A78     		ldrb	r2, [r3]	@ zero_extendqisi2
 342 0004 02F0FC02 		and	r2, r2, #252
 343 0008 1A70     		strb	r2, [r3]
 153:Generated_Source\PSoC5/OPAlp.c ****         OPAlp_CR_REG |= power & OPAlp_PWR_MASK;      /* Set device power */
 344              		.loc 1 153 0
 345 000a 1A78     		ldrb	r2, [r3]	@ zero_extendqisi2
 346 000c 42F00302 		orr	r2, r2, #3
 347 0010 1A70     		strb	r2, [r3]
 348              	.LVL1:
 349 0012 7047     		bx	lr
 350              	.L3:
 351              		.align	2
 352              	.L2:
 353 0014 5E580040 		.word	1073764446
 354              	.LBE11:
 355              	.LBE10:
 356              		.cfi_endproc
 357              	.LFE0:
 358              		.size	OPAlp_Init, .-OPAlp_Init
 359              		.section	.text.OPAlp_Enable,"ax",%progbits
 360              		.align	2
 361              		.global	OPAlp_Enable
 362              		.thumb
 363              		.thumb_func
 364              		.type	OPAlp_Enable, %function
 365              	OPAlp_Enable:
 366              	.LFB1:
  60:Generated_Source\PSoC5/OPAlp.c ****     /* Enable negative charge pumps in ANIF */
 367              		.loc 1 60 0
 368              		.cfi_startproc
 369              		@ args = 0, pretend = 0, frame = 0
 370              		@ frame_needed = 0, uses_anonymous_args = 0
 371              		@ link register save eliminated.
  62:Generated_Source\PSoC5/OPAlp.c **** 
 372              		.loc 1 62 0
 373 0000 0748     		ldr	r0, .L5
  65:Generated_Source\PSoC5/OPAlp.c **** 
 374              		.loc 1 65 0
 375 0002 0849     		ldr	r1, .L5+4
  62:Generated_Source\PSoC5/OPAlp.c **** 
 376              		.loc 1 62 0
 377 0004 0378     		ldrb	r3, [r0]	@ zero_extendqisi2
ARM GAS  C:\Users\elias\AppData\Local\Temp\ccv9kn4I.s 			page 26


  68:Generated_Source\PSoC5/OPAlp.c **** }
 378              		.loc 1 68 0
 379 0006 084A     		ldr	r2, .L5+8
  62:Generated_Source\PSoC5/OPAlp.c **** 
 380              		.loc 1 62 0
 381 0008 43F06003 		orr	r3, r3, #96
 382 000c 0370     		strb	r3, [r0]
  65:Generated_Source\PSoC5/OPAlp.c **** 
 383              		.loc 1 65 0
 384 000e 0B78     		ldrb	r3, [r1]	@ zero_extendqisi2
 385 0010 43F00803 		orr	r3, r3, #8
 386 0014 0B70     		strb	r3, [r1]
  68:Generated_Source\PSoC5/OPAlp.c **** }
 387              		.loc 1 68 0
 388 0016 1378     		ldrb	r3, [r2]	@ zero_extendqisi2
 389 0018 43F00803 		orr	r3, r3, #8
 390 001c 1370     		strb	r3, [r2]
 391 001e 7047     		bx	lr
 392              	.L6:
 393              		.align	2
 394              	.L5:
 395 0020 77580040 		.word	1073764471
 396 0024 A4430040 		.word	1073759140
 397 0028 B4430040 		.word	1073759156
 398              		.cfi_endproc
 399              	.LFE1:
 400              		.size	OPAlp_Enable, .-OPAlp_Enable
 401              		.section	.text.OPAlp_Start,"ax",%progbits
 402              		.align	2
 403              		.global	OPAlp_Start
 404              		.thumb
 405              		.thumb_func
 406              		.type	OPAlp_Start, %function
 407              	OPAlp_Start:
 408              	.LFB2:
  93:Generated_Source\PSoC5/OPAlp.c ****     if(OPAlp_initVar == 0u)
 409              		.loc 1 93 0
 410              		.cfi_startproc
 411              		@ args = 0, pretend = 0, frame = 0
 412              		@ frame_needed = 0, uses_anonymous_args = 0
 413              		@ link register save eliminated.
  94:Generated_Source\PSoC5/OPAlp.c ****     {
 414              		.loc 1 94 0
 415 0000 0E4A     		ldr	r2, .L10
 416 0002 1378     		ldrb	r3, [r2]	@ zero_extendqisi2
 417 0004 53B9     		cbnz	r3, .L8
 418              	.LBB12:
 419              	.LBB13:
 420              	.LBB14:
 152:Generated_Source\PSoC5/OPAlp.c ****         OPAlp_CR_REG |= power & OPAlp_PWR_MASK;      /* Set device power */
 421              		.loc 1 152 0
 422 0006 0E4B     		ldr	r3, .L10+4
 423              	.LBE14:
 424              	.LBE13:
 425              	.LBE12:
  96:Generated_Source\PSoC5/OPAlp.c ****         OPAlp_Init();
 426              		.loc 1 96 0
ARM GAS  C:\Users\elias\AppData\Local\Temp\ccv9kn4I.s 			page 27


 427 0008 0121     		movs	r1, #1
 428 000a 1170     		strb	r1, [r2]
 429              	.LVL2:
 430              	.LBB17:
 431              	.LBB16:
 432              	.LBB15:
 152:Generated_Source\PSoC5/OPAlp.c ****         OPAlp_CR_REG |= power & OPAlp_PWR_MASK;      /* Set device power */
 433              		.loc 1 152 0
 434 000c 1A78     		ldrb	r2, [r3]	@ zero_extendqisi2
 435 000e 02F0FC02 		and	r2, r2, #252
 436 0012 1A70     		strb	r2, [r3]
 437              		.loc 1 153 0
 438 0014 1A78     		ldrb	r2, [r3]	@ zero_extendqisi2
 439 0016 42F00302 		orr	r2, r2, #3
 440 001a 1A70     		strb	r2, [r3]
 441              	.LVL3:
 442              	.L8:
 443              	.LBE15:
 444              	.LBE16:
 445              	.LBE17:
 446              	.LBB18:
 447              	.LBB19:
  62:Generated_Source\PSoC5/OPAlp.c **** 
 448              		.loc 1 62 0
 449 001c 0948     		ldr	r0, .L10+8
  65:Generated_Source\PSoC5/OPAlp.c **** 
 450              		.loc 1 65 0
 451 001e 0A49     		ldr	r1, .L10+12
  62:Generated_Source\PSoC5/OPAlp.c **** 
 452              		.loc 1 62 0
 453 0020 0378     		ldrb	r3, [r0]	@ zero_extendqisi2
  68:Generated_Source\PSoC5/OPAlp.c **** }
 454              		.loc 1 68 0
 455 0022 0A4A     		ldr	r2, .L10+16
  62:Generated_Source\PSoC5/OPAlp.c **** 
 456              		.loc 1 62 0
 457 0024 43F06003 		orr	r3, r3, #96
 458 0028 0370     		strb	r3, [r0]
  65:Generated_Source\PSoC5/OPAlp.c **** 
 459              		.loc 1 65 0
 460 002a 0B78     		ldrb	r3, [r1]	@ zero_extendqisi2
 461 002c 43F00803 		orr	r3, r3, #8
 462 0030 0B70     		strb	r3, [r1]
  68:Generated_Source\PSoC5/OPAlp.c **** }
 463              		.loc 1 68 0
 464 0032 1378     		ldrb	r3, [r2]	@ zero_extendqisi2
 465 0034 43F00803 		orr	r3, r3, #8
 466 0038 1370     		strb	r3, [r2]
 467 003a 7047     		bx	lr
 468              	.L11:
 469              		.align	2
 470              	.L10:
 471 003c 00000000 		.word	.LANCHOR0
 472 0040 5E580040 		.word	1073764446
 473 0044 77580040 		.word	1073764471
 474 0048 A4430040 		.word	1073759140
 475 004c B4430040 		.word	1073759156
ARM GAS  C:\Users\elias\AppData\Local\Temp\ccv9kn4I.s 			page 28


 476              	.LBE19:
 477              	.LBE18:
 478              		.cfi_endproc
 479              	.LFE2:
 480              		.size	OPAlp_Start, .-OPAlp_Start
 481              		.section	.text.OPAlp_Stop,"ax",%progbits
 482              		.align	2
 483              		.global	OPAlp_Stop
 484              		.thumb
 485              		.thumb_func
 486              		.type	OPAlp_Stop, %function
 487              	OPAlp_Stop:
 488              	.LFB3:
 119:Generated_Source\PSoC5/OPAlp.c ****     /* Disable power to buffer in active mode template */
 489              		.loc 1 119 0
 490              		.cfi_startproc
 491              		@ args = 0, pretend = 0, frame = 0
 492              		@ frame_needed = 0, uses_anonymous_args = 0
 493              		@ link register save eliminated.
 121:Generated_Source\PSoC5/OPAlp.c **** 
 494              		.loc 1 121 0
 495 0000 084B     		ldr	r3, .L14
 124:Generated_Source\PSoC5/OPAlp.c ****     
 496              		.loc 1 124 0
 497 0002 0949     		ldr	r1, .L14+4
 121:Generated_Source\PSoC5/OPAlp.c **** 
 498              		.loc 1 121 0
 499 0004 1A78     		ldrb	r2, [r3]	@ zero_extendqisi2
 500 0006 02F0F702 		and	r2, r2, #247
 501 000a 1A70     		strb	r2, [r3]
 124:Generated_Source\PSoC5/OPAlp.c ****     
 502              		.loc 1 124 0
 503 000c 0A78     		ldrb	r2, [r1]	@ zero_extendqisi2
 504 000e 02F0F702 		and	r2, r2, #247
 505 0012 0A70     		strb	r2, [r1]
 127:Generated_Source\PSoC5/OPAlp.c ****     {
 506              		.loc 1 127 0
 507 0014 1B78     		ldrb	r3, [r3]	@ zero_extendqisi2
 508 0016 23B9     		cbnz	r3, .L12
 509              	.LBB22:
 129:Generated_Source\PSoC5/OPAlp.c ****     }
 510              		.loc 1 129 0
 511 0018 044A     		ldr	r2, .L14+8
 512 001a 1378     		ldrb	r3, [r2]	@ zero_extendqisi2
 513 001c 03F09F03 		and	r3, r3, #159
 514 0020 1370     		strb	r3, [r2]
 515              	.L12:
 516 0022 7047     		bx	lr
 517              	.L15:
 518              		.align	2
 519              	.L14:
 520 0024 A4430040 		.word	1073759140
 521 0028 B4430040 		.word	1073759156
 522 002c 77580040 		.word	1073764471
 523              	.LBE22:
 524              		.cfi_endproc
 525              	.LFE3:
ARM GAS  C:\Users\elias\AppData\Local\Temp\ccv9kn4I.s 			page 29


 526              		.size	OPAlp_Stop, .-OPAlp_Stop
 527              		.section	.text.OPAlp_SetPower,"ax",%progbits
 528              		.align	2
 529              		.global	OPAlp_SetPower
 530              		.thumb
 531              		.thumb_func
 532              		.type	OPAlp_SetPower, %function
 533              	OPAlp_SetPower:
 534              	.LFB4:
 150:Generated_Source\PSoC5/OPAlp.c ****     #if (CY_PSOC3 || CY_PSOC5LP)
 535              		.loc 1 150 0
 536              		.cfi_startproc
 537              		@ args = 0, pretend = 0, frame = 0
 538              		@ frame_needed = 0, uses_anonymous_args = 0
 539              		@ link register save eliminated.
 540              	.LVL4:
 152:Generated_Source\PSoC5/OPAlp.c ****         OPAlp_CR_REG |= power & OPAlp_PWR_MASK;      /* Set device power */
 541              		.loc 1 152 0
 542 0000 054B     		ldr	r3, .L17
 543              		.loc 1 153 0
 544 0002 00F00300 		and	r0, r0, #3
 545              	.LVL5:
 152:Generated_Source\PSoC5/OPAlp.c ****         OPAlp_CR_REG |= power & OPAlp_PWR_MASK;      /* Set device power */
 546              		.loc 1 152 0
 547 0006 1A78     		ldrb	r2, [r3]	@ zero_extendqisi2
 548 0008 02F0FC02 		and	r2, r2, #252
 549 000c 1A70     		strb	r2, [r3]
 550              		.loc 1 153 0
 551 000e 1A78     		ldrb	r2, [r3]	@ zero_extendqisi2
 552 0010 1043     		orrs	r0, r0, r2
 553 0012 1870     		strb	r0, [r3]
 554 0014 7047     		bx	lr
 555              	.L18:
 556 0016 00BF     		.align	2
 557              	.L17:
 558 0018 5E580040 		.word	1073764446
 559              		.cfi_endproc
 560              	.LFE4:
 561              		.size	OPAlp_SetPower, .-OPAlp_SetPower
 562              		.global	OPAlp_initVar
 563              		.bss
 564              		.set	.LANCHOR0,. + 0
 565              		.type	OPAlp_initVar, %object
 566              		.size	OPAlp_initVar, 1
 567              	OPAlp_initVar:
 568 0000 00       		.space	1
 569              		.text
 570              	.Letext0:
 571              		.file 2 "Generated_Source\\PSoC5\\cytypes.h"
 572              		.section	.debug_info,"",%progbits
 573              	.Ldebug_info0:
 574 0000 A3010000 		.4byte	0x1a3
 575 0004 0400     		.2byte	0x4
 576 0006 00000000 		.4byte	.Ldebug_abbrev0
 577 000a 04       		.byte	0x4
 578 000b 01       		.uleb128 0x1
 579 000c 61010000 		.4byte	.LASF19
ARM GAS  C:\Users\elias\AppData\Local\Temp\ccv9kn4I.s 			page 30


 580 0010 0C       		.byte	0xc
 581 0011 0D010000 		.4byte	.LASF20
 582 0015 74000000 		.4byte	.LASF21
 583 0019 18000000 		.4byte	.Ldebug_ranges0+0x18
 584 001d 00000000 		.4byte	0
 585 0021 00000000 		.4byte	.Ldebug_line0
 586 0025 02       		.uleb128 0x2
 587 0026 01       		.byte	0x1
 588 0027 06       		.byte	0x6
 589 0028 01010000 		.4byte	.LASF0
 590 002c 02       		.uleb128 0x2
 591 002d 01       		.byte	0x1
 592 002e 08       		.byte	0x8
 593 002f BC000000 		.4byte	.LASF1
 594 0033 02       		.uleb128 0x2
 595 0034 02       		.byte	0x2
 596 0035 05       		.byte	0x5
 597 0036 43010000 		.4byte	.LASF2
 598 003a 02       		.uleb128 0x2
 599 003b 02       		.byte	0x2
 600 003c 07       		.byte	0x7
 601 003d EE000000 		.4byte	.LASF3
 602 0041 02       		.uleb128 0x2
 603 0042 04       		.byte	0x4
 604 0043 05       		.byte	0x5
 605 0044 CF000000 		.4byte	.LASF4
 606 0048 02       		.uleb128 0x2
 607 0049 04       		.byte	0x4
 608 004a 07       		.byte	0x7
 609 004b 3A000000 		.4byte	.LASF5
 610 004f 02       		.uleb128 0x2
 611 0050 08       		.byte	0x8
 612 0051 05       		.byte	0x5
 613 0052 00000000 		.4byte	.LASF6
 614 0056 02       		.uleb128 0x2
 615 0057 08       		.byte	0x8
 616 0058 07       		.byte	0x7
 617 0059 4C000000 		.4byte	.LASF7
 618 005d 03       		.uleb128 0x3
 619 005e 04       		.byte	0x4
 620 005f 05       		.byte	0x5
 621 0060 696E7400 		.ascii	"int\000"
 622 0064 02       		.uleb128 0x2
 623 0065 04       		.byte	0x4
 624 0066 07       		.byte	0x7
 625 0067 1B000000 		.4byte	.LASF8
 626 006b 04       		.uleb128 0x4
 627 006c 34000000 		.4byte	.LASF12
 628 0070 02       		.byte	0x2
 629 0071 E901     		.2byte	0x1e9
 630 0073 2C000000 		.4byte	0x2c
 631 0077 02       		.uleb128 0x2
 632 0078 04       		.byte	0x4
 633 0079 04       		.byte	0x4
 634 007a 63000000 		.4byte	.LASF9
 635 007e 02       		.uleb128 0x2
 636 007f 08       		.byte	0x8
ARM GAS  C:\Users\elias\AppData\Local\Temp\ccv9kn4I.s 			page 31


 637 0080 04       		.byte	0x4
 638 0081 E7000000 		.4byte	.LASF10
 639 0085 02       		.uleb128 0x2
 640 0086 01       		.byte	0x1
 641 0087 08       		.byte	0x8
 642 0088 CA000000 		.4byte	.LASF11
 643 008c 04       		.uleb128 0x4
 644 008d 4D010000 		.4byte	.LASF13
 645 0091 02       		.byte	0x2
 646 0092 9302     		.2byte	0x293
 647 0094 98000000 		.4byte	0x98
 648 0098 05       		.uleb128 0x5
 649 0099 6B000000 		.4byte	0x6b
 650 009d 02       		.uleb128 0x2
 651 009e 08       		.byte	0x8
 652 009f 04       		.byte	0x4
 653 00a0 2C010000 		.4byte	.LASF14
 654 00a4 02       		.uleb128 0x2
 655 00a5 04       		.byte	0x4
 656 00a6 07       		.byte	0x7
 657 00a7 58010000 		.4byte	.LASF15
 658 00ab 06       		.uleb128 0x6
 659 00ac 38010000 		.4byte	.LASF16
 660 00b0 01       		.byte	0x1
 661 00b1 76       		.byte	0x76
 662 00b2 01       		.byte	0x1
 663 00b3 07       		.uleb128 0x7
 664 00b4 D8000000 		.4byte	.LASF22
 665 00b8 01       		.byte	0x1
 666 00b9 95       		.byte	0x95
 667 00ba 01       		.byte	0x1
 668 00bb CB000000 		.4byte	0xcb
 669 00bf 08       		.uleb128 0x8
 670 00c0 52010000 		.4byte	.LASF23
 671 00c4 01       		.byte	0x1
 672 00c5 95       		.byte	0x95
 673 00c6 6B000000 		.4byte	0x6b
 674 00ca 00       		.byte	0
 675 00cb 06       		.uleb128 0x6
 676 00cc 69000000 		.4byte	.LASF17
 677 00d0 01       		.byte	0x1
 678 00d1 27       		.byte	0x27
 679 00d2 01       		.byte	0x1
 680 00d3 06       		.uleb128 0x6
 681 00d4 0E000000 		.4byte	.LASF18
 682 00d8 01       		.byte	0x1
 683 00d9 3B       		.byte	0x3b
 684 00da 01       		.byte	0x1
 685 00db 09       		.uleb128 0x9
 686 00dc CB000000 		.4byte	0xcb
 687 00e0 00000000 		.4byte	.LFB0
 688 00e4 18000000 		.4byte	.LFE0-.LFB0
 689 00e8 01       		.uleb128 0x1
 690 00e9 9C       		.byte	0x9c
 691 00ea 08010000 		.4byte	0x108
 692 00ee 0A       		.uleb128 0xa
 693 00ef B3000000 		.4byte	0xb3
ARM GAS  C:\Users\elias\AppData\Local\Temp\ccv9kn4I.s 			page 32


 694 00f3 00000000 		.4byte	.LBB10
 695 00f7 18000000 		.4byte	.LBE10-.LBB10
 696 00fb 01       		.byte	0x1
 697 00fc 29       		.byte	0x29
 698 00fd 0B       		.uleb128 0xb
 699 00fe BF000000 		.4byte	0xbf
 700 0102 00000000 		.4byte	.LLST0
 701 0106 00       		.byte	0
 702 0107 00       		.byte	0
 703 0108 0C       		.uleb128 0xc
 704 0109 D3000000 		.4byte	0xd3
 705 010d 00000000 		.4byte	.LFB1
 706 0111 2C000000 		.4byte	.LFE1-.LFB1
 707 0115 01       		.uleb128 0x1
 708 0116 9C       		.byte	0x9c
 709 0117 0D       		.uleb128 0xd
 710 0118 28000000 		.4byte	.LASF24
 711 011c 01       		.byte	0x1
 712 011d 5C       		.byte	0x5c
 713 011e 00000000 		.4byte	.LFB2
 714 0122 50000000 		.4byte	.LFE2-.LFB2
 715 0126 01       		.uleb128 0x1
 716 0127 9C       		.byte	0x9c
 717 0128 69010000 		.4byte	0x169
 718 012c 0E       		.uleb128 0xe
 719 012d CB000000 		.4byte	0xcb
 720 0131 06000000 		.4byte	.LBB12
 721 0135 00000000 		.4byte	.Ldebug_ranges0+0
 722 0139 01       		.byte	0x1
 723 013a 61       		.byte	0x61
 724 013b 59010000 		.4byte	0x159
 725 013f 0F       		.uleb128 0xf
 726 0140 B3000000 		.4byte	0xb3
 727 0144 06000000 		.4byte	.LBB13
 728 0148 00000000 		.4byte	.Ldebug_ranges0+0
 729 014c 01       		.byte	0x1
 730 014d 29       		.byte	0x29
 731 014e 0B       		.uleb128 0xb
 732 014f BF000000 		.4byte	0xbf
 733 0153 14000000 		.4byte	.LLST1
 734 0157 00       		.byte	0
 735 0158 00       		.byte	0
 736 0159 10       		.uleb128 0x10
 737 015a D3000000 		.4byte	0xd3
 738 015e 1C000000 		.4byte	.LBB18
 739 0162 34000000 		.4byte	.LBE18-.LBB18
 740 0166 01       		.byte	0x1
 741 0167 64       		.byte	0x64
 742 0168 00       		.byte	0
 743 0169 0C       		.uleb128 0xc
 744 016a AB000000 		.4byte	0xab
 745 016e 00000000 		.4byte	.LFB3
 746 0172 30000000 		.4byte	.LFE3-.LFB3
 747 0176 01       		.uleb128 0x1
 748 0177 9C       		.byte	0x9c
 749 0178 09       		.uleb128 0x9
 750 0179 B3000000 		.4byte	0xb3
ARM GAS  C:\Users\elias\AppData\Local\Temp\ccv9kn4I.s 			page 33


 751 017d 00000000 		.4byte	.LFB4
 752 0181 1C000000 		.4byte	.LFE4-.LFB4
 753 0185 01       		.uleb128 0x1
 754 0186 9C       		.byte	0x9c
 755 0187 95010000 		.4byte	0x195
 756 018b 0B       		.uleb128 0xb
 757 018c BF000000 		.4byte	0xbf
 758 0190 28000000 		.4byte	.LLST2
 759 0194 00       		.byte	0
 760 0195 11       		.uleb128 0x11
 761 0196 AE000000 		.4byte	.LASF25
 762 019a 01       		.byte	0x1
 763 019b 14       		.byte	0x14
 764 019c 6B000000 		.4byte	0x6b
 765 01a0 05       		.uleb128 0x5
 766 01a1 03       		.byte	0x3
 767 01a2 00000000 		.4byte	OPAlp_initVar
 768 01a6 00       		.byte	0
 769              		.section	.debug_abbrev,"",%progbits
 770              	.Ldebug_abbrev0:
 771 0000 01       		.uleb128 0x1
 772 0001 11       		.uleb128 0x11
 773 0002 01       		.byte	0x1
 774 0003 25       		.uleb128 0x25
 775 0004 0E       		.uleb128 0xe
 776 0005 13       		.uleb128 0x13
 777 0006 0B       		.uleb128 0xb
 778 0007 03       		.uleb128 0x3
 779 0008 0E       		.uleb128 0xe
 780 0009 1B       		.uleb128 0x1b
 781 000a 0E       		.uleb128 0xe
 782 000b 55       		.uleb128 0x55
 783 000c 17       		.uleb128 0x17
 784 000d 11       		.uleb128 0x11
 785 000e 01       		.uleb128 0x1
 786 000f 10       		.uleb128 0x10
 787 0010 17       		.uleb128 0x17
 788 0011 00       		.byte	0
 789 0012 00       		.byte	0
 790 0013 02       		.uleb128 0x2
 791 0014 24       		.uleb128 0x24
 792 0015 00       		.byte	0
 793 0016 0B       		.uleb128 0xb
 794 0017 0B       		.uleb128 0xb
 795 0018 3E       		.uleb128 0x3e
 796 0019 0B       		.uleb128 0xb
 797 001a 03       		.uleb128 0x3
 798 001b 0E       		.uleb128 0xe
 799 001c 00       		.byte	0
 800 001d 00       		.byte	0
 801 001e 03       		.uleb128 0x3
 802 001f 24       		.uleb128 0x24
 803 0020 00       		.byte	0
 804 0021 0B       		.uleb128 0xb
 805 0022 0B       		.uleb128 0xb
 806 0023 3E       		.uleb128 0x3e
 807 0024 0B       		.uleb128 0xb
ARM GAS  C:\Users\elias\AppData\Local\Temp\ccv9kn4I.s 			page 34


 808 0025 03       		.uleb128 0x3
 809 0026 08       		.uleb128 0x8
 810 0027 00       		.byte	0
 811 0028 00       		.byte	0
 812 0029 04       		.uleb128 0x4
 813 002a 16       		.uleb128 0x16
 814 002b 00       		.byte	0
 815 002c 03       		.uleb128 0x3
 816 002d 0E       		.uleb128 0xe
 817 002e 3A       		.uleb128 0x3a
 818 002f 0B       		.uleb128 0xb
 819 0030 3B       		.uleb128 0x3b
 820 0031 05       		.uleb128 0x5
 821 0032 49       		.uleb128 0x49
 822 0033 13       		.uleb128 0x13
 823 0034 00       		.byte	0
 824 0035 00       		.byte	0
 825 0036 05       		.uleb128 0x5
 826 0037 35       		.uleb128 0x35
 827 0038 00       		.byte	0
 828 0039 49       		.uleb128 0x49
 829 003a 13       		.uleb128 0x13
 830 003b 00       		.byte	0
 831 003c 00       		.byte	0
 832 003d 06       		.uleb128 0x6
 833 003e 2E       		.uleb128 0x2e
 834 003f 00       		.byte	0
 835 0040 3F       		.uleb128 0x3f
 836 0041 19       		.uleb128 0x19
 837 0042 03       		.uleb128 0x3
 838 0043 0E       		.uleb128 0xe
 839 0044 3A       		.uleb128 0x3a
 840 0045 0B       		.uleb128 0xb
 841 0046 3B       		.uleb128 0x3b
 842 0047 0B       		.uleb128 0xb
 843 0048 27       		.uleb128 0x27
 844 0049 19       		.uleb128 0x19
 845 004a 20       		.uleb128 0x20
 846 004b 0B       		.uleb128 0xb
 847 004c 00       		.byte	0
 848 004d 00       		.byte	0
 849 004e 07       		.uleb128 0x7
 850 004f 2E       		.uleb128 0x2e
 851 0050 01       		.byte	0x1
 852 0051 3F       		.uleb128 0x3f
 853 0052 19       		.uleb128 0x19
 854 0053 03       		.uleb128 0x3
 855 0054 0E       		.uleb128 0xe
 856 0055 3A       		.uleb128 0x3a
 857 0056 0B       		.uleb128 0xb
 858 0057 3B       		.uleb128 0x3b
 859 0058 0B       		.uleb128 0xb
 860 0059 27       		.uleb128 0x27
 861 005a 19       		.uleb128 0x19
 862 005b 20       		.uleb128 0x20
 863 005c 0B       		.uleb128 0xb
 864 005d 01       		.uleb128 0x1
ARM GAS  C:\Users\elias\AppData\Local\Temp\ccv9kn4I.s 			page 35


 865 005e 13       		.uleb128 0x13
 866 005f 00       		.byte	0
 867 0060 00       		.byte	0
 868 0061 08       		.uleb128 0x8
 869 0062 05       		.uleb128 0x5
 870 0063 00       		.byte	0
 871 0064 03       		.uleb128 0x3
 872 0065 0E       		.uleb128 0xe
 873 0066 3A       		.uleb128 0x3a
 874 0067 0B       		.uleb128 0xb
 875 0068 3B       		.uleb128 0x3b
 876 0069 0B       		.uleb128 0xb
 877 006a 49       		.uleb128 0x49
 878 006b 13       		.uleb128 0x13
 879 006c 00       		.byte	0
 880 006d 00       		.byte	0
 881 006e 09       		.uleb128 0x9
 882 006f 2E       		.uleb128 0x2e
 883 0070 01       		.byte	0x1
 884 0071 31       		.uleb128 0x31
 885 0072 13       		.uleb128 0x13
 886 0073 11       		.uleb128 0x11
 887 0074 01       		.uleb128 0x1
 888 0075 12       		.uleb128 0x12
 889 0076 06       		.uleb128 0x6
 890 0077 40       		.uleb128 0x40
 891 0078 18       		.uleb128 0x18
 892 0079 9742     		.uleb128 0x2117
 893 007b 19       		.uleb128 0x19
 894 007c 01       		.uleb128 0x1
 895 007d 13       		.uleb128 0x13
 896 007e 00       		.byte	0
 897 007f 00       		.byte	0
 898 0080 0A       		.uleb128 0xa
 899 0081 1D       		.uleb128 0x1d
 900 0082 01       		.byte	0x1
 901 0083 31       		.uleb128 0x31
 902 0084 13       		.uleb128 0x13
 903 0085 11       		.uleb128 0x11
 904 0086 01       		.uleb128 0x1
 905 0087 12       		.uleb128 0x12
 906 0088 06       		.uleb128 0x6
 907 0089 58       		.uleb128 0x58
 908 008a 0B       		.uleb128 0xb
 909 008b 59       		.uleb128 0x59
 910 008c 0B       		.uleb128 0xb
 911 008d 00       		.byte	0
 912 008e 00       		.byte	0
 913 008f 0B       		.uleb128 0xb
 914 0090 05       		.uleb128 0x5
 915 0091 00       		.byte	0
 916 0092 31       		.uleb128 0x31
 917 0093 13       		.uleb128 0x13
 918 0094 02       		.uleb128 0x2
 919 0095 17       		.uleb128 0x17
 920 0096 00       		.byte	0
 921 0097 00       		.byte	0
ARM GAS  C:\Users\elias\AppData\Local\Temp\ccv9kn4I.s 			page 36


 922 0098 0C       		.uleb128 0xc
 923 0099 2E       		.uleb128 0x2e
 924 009a 00       		.byte	0
 925 009b 31       		.uleb128 0x31
 926 009c 13       		.uleb128 0x13
 927 009d 11       		.uleb128 0x11
 928 009e 01       		.uleb128 0x1
 929 009f 12       		.uleb128 0x12
 930 00a0 06       		.uleb128 0x6
 931 00a1 40       		.uleb128 0x40
 932 00a2 18       		.uleb128 0x18
 933 00a3 9742     		.uleb128 0x2117
 934 00a5 19       		.uleb128 0x19
 935 00a6 00       		.byte	0
 936 00a7 00       		.byte	0
 937 00a8 0D       		.uleb128 0xd
 938 00a9 2E       		.uleb128 0x2e
 939 00aa 01       		.byte	0x1
 940 00ab 3F       		.uleb128 0x3f
 941 00ac 19       		.uleb128 0x19
 942 00ad 03       		.uleb128 0x3
 943 00ae 0E       		.uleb128 0xe
 944 00af 3A       		.uleb128 0x3a
 945 00b0 0B       		.uleb128 0xb
 946 00b1 3B       		.uleb128 0x3b
 947 00b2 0B       		.uleb128 0xb
 948 00b3 27       		.uleb128 0x27
 949 00b4 19       		.uleb128 0x19
 950 00b5 11       		.uleb128 0x11
 951 00b6 01       		.uleb128 0x1
 952 00b7 12       		.uleb128 0x12
 953 00b8 06       		.uleb128 0x6
 954 00b9 40       		.uleb128 0x40
 955 00ba 18       		.uleb128 0x18
 956 00bb 9742     		.uleb128 0x2117
 957 00bd 19       		.uleb128 0x19
 958 00be 01       		.uleb128 0x1
 959 00bf 13       		.uleb128 0x13
 960 00c0 00       		.byte	0
 961 00c1 00       		.byte	0
 962 00c2 0E       		.uleb128 0xe
 963 00c3 1D       		.uleb128 0x1d
 964 00c4 01       		.byte	0x1
 965 00c5 31       		.uleb128 0x31
 966 00c6 13       		.uleb128 0x13
 967 00c7 52       		.uleb128 0x52
 968 00c8 01       		.uleb128 0x1
 969 00c9 55       		.uleb128 0x55
 970 00ca 17       		.uleb128 0x17
 971 00cb 58       		.uleb128 0x58
 972 00cc 0B       		.uleb128 0xb
 973 00cd 59       		.uleb128 0x59
 974 00ce 0B       		.uleb128 0xb
 975 00cf 01       		.uleb128 0x1
 976 00d0 13       		.uleb128 0x13
 977 00d1 00       		.byte	0
 978 00d2 00       		.byte	0
ARM GAS  C:\Users\elias\AppData\Local\Temp\ccv9kn4I.s 			page 37


 979 00d3 0F       		.uleb128 0xf
 980 00d4 1D       		.uleb128 0x1d
 981 00d5 01       		.byte	0x1
 982 00d6 31       		.uleb128 0x31
 983 00d7 13       		.uleb128 0x13
 984 00d8 52       		.uleb128 0x52
 985 00d9 01       		.uleb128 0x1
 986 00da 55       		.uleb128 0x55
 987 00db 17       		.uleb128 0x17
 988 00dc 58       		.uleb128 0x58
 989 00dd 0B       		.uleb128 0xb
 990 00de 59       		.uleb128 0x59
 991 00df 0B       		.uleb128 0xb
 992 00e0 00       		.byte	0
 993 00e1 00       		.byte	0
 994 00e2 10       		.uleb128 0x10
 995 00e3 1D       		.uleb128 0x1d
 996 00e4 00       		.byte	0
 997 00e5 31       		.uleb128 0x31
 998 00e6 13       		.uleb128 0x13
 999 00e7 11       		.uleb128 0x11
 1000 00e8 01       		.uleb128 0x1
 1001 00e9 12       		.uleb128 0x12
 1002 00ea 06       		.uleb128 0x6
 1003 00eb 58       		.uleb128 0x58
 1004 00ec 0B       		.uleb128 0xb
 1005 00ed 59       		.uleb128 0x59
 1006 00ee 0B       		.uleb128 0xb
 1007 00ef 00       		.byte	0
 1008 00f0 00       		.byte	0
 1009 00f1 11       		.uleb128 0x11
 1010 00f2 34       		.uleb128 0x34
 1011 00f3 00       		.byte	0
 1012 00f4 03       		.uleb128 0x3
 1013 00f5 0E       		.uleb128 0xe
 1014 00f6 3A       		.uleb128 0x3a
 1015 00f7 0B       		.uleb128 0xb
 1016 00f8 3B       		.uleb128 0x3b
 1017 00f9 0B       		.uleb128 0xb
 1018 00fa 49       		.uleb128 0x49
 1019 00fb 13       		.uleb128 0x13
 1020 00fc 3F       		.uleb128 0x3f
 1021 00fd 19       		.uleb128 0x19
 1022 00fe 02       		.uleb128 0x2
 1023 00ff 18       		.uleb128 0x18
 1024 0100 00       		.byte	0
 1025 0101 00       		.byte	0
 1026 0102 00       		.byte	0
 1027              		.section	.debug_loc,"",%progbits
 1028              	.Ldebug_loc0:
 1029              	.LLST0:
 1030 0000 00000000 		.4byte	.LVL0
 1031 0004 12000000 		.4byte	.LVL1
 1032 0008 0200     		.2byte	0x2
 1033 000a 33       		.byte	0x33
 1034 000b 9F       		.byte	0x9f
 1035 000c 00000000 		.4byte	0
ARM GAS  C:\Users\elias\AppData\Local\Temp\ccv9kn4I.s 			page 38


 1036 0010 00000000 		.4byte	0
 1037              	.LLST1:
 1038 0014 0C000000 		.4byte	.LVL2
 1039 0018 1C000000 		.4byte	.LVL3
 1040 001c 0200     		.2byte	0x2
 1041 001e 33       		.byte	0x33
 1042 001f 9F       		.byte	0x9f
 1043 0020 00000000 		.4byte	0
 1044 0024 00000000 		.4byte	0
 1045              	.LLST2:
 1046 0028 00000000 		.4byte	.LVL4
 1047 002c 06000000 		.4byte	.LVL5
 1048 0030 0100     		.2byte	0x1
 1049 0032 50       		.byte	0x50
 1050 0033 06000000 		.4byte	.LVL5
 1051 0037 1C000000 		.4byte	.LFE4
 1052 003b 0400     		.2byte	0x4
 1053 003d F3       		.byte	0xf3
 1054 003e 01       		.uleb128 0x1
 1055 003f 50       		.byte	0x50
 1056 0040 9F       		.byte	0x9f
 1057 0041 00000000 		.4byte	0
 1058 0045 00000000 		.4byte	0
 1059              		.section	.debug_aranges,"",%progbits
 1060 0000 3C000000 		.4byte	0x3c
 1061 0004 0200     		.2byte	0x2
 1062 0006 00000000 		.4byte	.Ldebug_info0
 1063 000a 04       		.byte	0x4
 1064 000b 00       		.byte	0
 1065 000c 0000     		.2byte	0
 1066 000e 0000     		.2byte	0
 1067 0010 00000000 		.4byte	.LFB0
 1068 0014 18000000 		.4byte	.LFE0-.LFB0
 1069 0018 00000000 		.4byte	.LFB1
 1070 001c 2C000000 		.4byte	.LFE1-.LFB1
 1071 0020 00000000 		.4byte	.LFB2
 1072 0024 50000000 		.4byte	.LFE2-.LFB2
 1073 0028 00000000 		.4byte	.LFB3
 1074 002c 30000000 		.4byte	.LFE3-.LFB3
 1075 0030 00000000 		.4byte	.LFB4
 1076 0034 1C000000 		.4byte	.LFE4-.LFB4
 1077 0038 00000000 		.4byte	0
 1078 003c 00000000 		.4byte	0
 1079              		.section	.debug_ranges,"",%progbits
 1080              	.Ldebug_ranges0:
 1081 0000 06000000 		.4byte	.LBB12
 1082 0004 08000000 		.4byte	.LBE12
 1083 0008 0C000000 		.4byte	.LBB17
 1084 000c 1C000000 		.4byte	.LBE17
 1085 0010 00000000 		.4byte	0
 1086 0014 00000000 		.4byte	0
 1087 0018 00000000 		.4byte	.LFB0
 1088 001c 18000000 		.4byte	.LFE0
 1089 0020 00000000 		.4byte	.LFB1
 1090 0024 2C000000 		.4byte	.LFE1
 1091 0028 00000000 		.4byte	.LFB2
 1092 002c 50000000 		.4byte	.LFE2
ARM GAS  C:\Users\elias\AppData\Local\Temp\ccv9kn4I.s 			page 39


 1093 0030 00000000 		.4byte	.LFB3
 1094 0034 30000000 		.4byte	.LFE3
 1095 0038 00000000 		.4byte	.LFB4
 1096 003c 1C000000 		.4byte	.LFE4
 1097 0040 00000000 		.4byte	0
 1098 0044 00000000 		.4byte	0
 1099              		.section	.debug_line,"",%progbits
 1100              	.Ldebug_line0:
 1101 0000 C5000000 		.section	.debug_str,"MS",%progbits,1
 1101      02004200 
 1101      00000201 
 1101      FB0E0D00 
 1101      01010101 
 1102              	.LASF6:
 1103 0000 6C6F6E67 		.ascii	"long long int\000"
 1103      206C6F6E 
 1103      6720696E 
 1103      7400
 1104              	.LASF18:
 1105 000e 4F50416C 		.ascii	"OPAlp_Enable\000"
 1105      705F456E 
 1105      61626C65 
 1105      00
 1106              	.LASF8:
 1107 001b 756E7369 		.ascii	"unsigned int\000"
 1107      676E6564 
 1107      20696E74 
 1107      00
 1108              	.LASF24:
 1109 0028 4F50416C 		.ascii	"OPAlp_Start\000"
 1109      705F5374 
 1109      61727400 
 1110              	.LASF12:
 1111 0034 75696E74 		.ascii	"uint8\000"
 1111      3800
 1112              	.LASF5:
 1113 003a 6C6F6E67 		.ascii	"long unsigned int\000"
 1113      20756E73 
 1113      69676E65 
 1113      6420696E 
 1113      7400
 1114              	.LASF7:
 1115 004c 6C6F6E67 		.ascii	"long long unsigned int\000"
 1115      206C6F6E 
 1115      6720756E 
 1115      7369676E 
 1115      65642069 
 1116              	.LASF9:
 1117 0063 666C6F61 		.ascii	"float\000"
 1117      7400
 1118              	.LASF17:
 1119 0069 4F50416C 		.ascii	"OPAlp_Init\000"
 1119      705F496E 
 1119      697400
 1120              	.LASF21:
 1121 0074 433A5C47 		.ascii	"C:\\Github\\Tesis\\src\\psoc\\AcondicionamientoAnal"
 1121      69746875 
ARM GAS  C:\Users\elias\AppData\Local\Temp\ccv9kn4I.s 			page 40


 1121      625C5465 
 1121      7369735C 
 1121      7372635C 
 1122 00a2 6F676963 		.ascii	"ogico.cydsn\000"
 1122      6F2E6379 
 1122      64736E00 
 1123              	.LASF25:
 1124 00ae 4F50416C 		.ascii	"OPAlp_initVar\000"
 1124      705F696E 
 1124      69745661 
 1124      7200
 1125              	.LASF1:
 1126 00bc 756E7369 		.ascii	"unsigned char\000"
 1126      676E6564 
 1126      20636861 
 1126      7200
 1127              	.LASF11:
 1128 00ca 63686172 		.ascii	"char\000"
 1128      00
 1129              	.LASF4:
 1130 00cf 6C6F6E67 		.ascii	"long int\000"
 1130      20696E74 
 1130      00
 1131              	.LASF22:
 1132 00d8 4F50416C 		.ascii	"OPAlp_SetPower\000"
 1132      705F5365 
 1132      74506F77 
 1132      657200
 1133              	.LASF10:
 1134 00e7 646F7562 		.ascii	"double\000"
 1134      6C6500
 1135              	.LASF3:
 1136 00ee 73686F72 		.ascii	"short unsigned int\000"
 1136      7420756E 
 1136      7369676E 
 1136      65642069 
 1136      6E7400
 1137              	.LASF0:
 1138 0101 7369676E 		.ascii	"signed char\000"
 1138      65642063 
 1138      68617200 
 1139              	.LASF20:
 1140 010d 47656E65 		.ascii	"Generated_Source\\PSoC5\\OPAlp.c\000"
 1140      72617465 
 1140      645F536F 
 1140      75726365 
 1140      5C50536F 
 1141              	.LASF14:
 1142 012c 6C6F6E67 		.ascii	"long double\000"
 1142      20646F75 
 1142      626C6500 
 1143              	.LASF16:
 1144 0138 4F50416C 		.ascii	"OPAlp_Stop\000"
 1144      705F5374 
 1144      6F7000
 1145              	.LASF2:
 1146 0143 73686F72 		.ascii	"short int\000"
ARM GAS  C:\Users\elias\AppData\Local\Temp\ccv9kn4I.s 			page 41


 1146      7420696E 
 1146      7400
 1147              	.LASF13:
 1148 014d 72656738 		.ascii	"reg8\000"
 1148      00
 1149              	.LASF23:
 1150 0152 706F7765 		.ascii	"power\000"
 1150      7200
 1151              	.LASF15:
 1152 0158 73697A65 		.ascii	"sizetype\000"
 1152      74797065 
 1152      00
 1153              	.LASF19:
 1154 0161 474E5520 		.ascii	"GNU C11 5.4.1 20160609 (release) [ARM/embedded-5-br"
 1154      43313120 
 1154      352E342E 
 1154      31203230 
 1154      31363036 
 1155 0194 616E6368 		.ascii	"anch revision 237715] -mcpu=cortex-m3 -mthumb -g -O"
 1155      20726576 
 1155      6973696F 
 1155      6E203233 
 1155      37373135 
 1156 01c7 33202D66 		.ascii	"3 -ffunction-sections -ffat-lto-objects -finline-fu"
 1156      66756E63 
 1156      74696F6E 
 1156      2D736563 
 1156      74696F6E 
 1157 01fa 6E637469 		.ascii	"nctions -flto\000"
 1157      6F6E7320 
 1157      2D666C74 
 1157      6F00
 1158              		.comm	__gnu_lto_v1,1,1
 1159              		.ident	"GCC: (GNU Tools for ARM Embedded Processors) 5.4.1 20160609 (release) [ARM/embedded-5-bran
