ARM GAS  C:\Users\elias\AppData\Local\Temp\ccv1QT7g.s 			page 1


   1              		.syntax unified
   2              		.cpu cortex-m3
   3              		.fpu softvfp
   4              		.eabi_attribute 20, 1
   5              		.eabi_attribute 21, 1
   6              		.eabi_attribute 23, 3
   7              		.eabi_attribute 24, 1
   8              		.eabi_attribute 25, 1
   9              		.eabi_attribute 26, 1
  10              		.eabi_attribute 30, 2
  11              		.eabi_attribute 34, 1
  12              		.eabi_attribute 18, 4
  13              		.thumb
  14              		.syntax unified
  15              		.file	"PGA_PM.c"
  16              		.text
  17              	.Ltext0:
  18              		.section	.gnu.lto_.profile.e0505902,"",%progbits
  19 0000 789C6361 		.ascii	"x\234ca`d`a`\000\222\252\374\000\000\303\000?"
  19      60646061 
  19      600092AA 
  19      FC0000C3 
  19      003F
  20              		.text
  21              		.section	.gnu.lto_.icf.e0505902,"",%progbits
  22 0000 789C6361 		.ascii	"x\234ca`d\000\001\005\006\004`eX?\363A\013\023#\230"
  22      60640001 
  22      05060460 
  22      65583FF3 
  22      410B1323 
  23 0015 643A3469 		.ascii	"d:4i\333\006\036\346\275\017\337\265\263\262\\k]7\213"
  23      DB061EE6 
  23      BD0FDFB5 
  23      B3B25C6B 
  23      5D378B
  24 0028 990100EB 		.ascii	"\231\001\000\353C\016\025"
  24      430E15
  25              		.text
  26              		.section	.gnu.lto_.jmpfuncs.e0505902,"",%progbits
  27 0000 789C6361 		.ascii	"x\234ca`d\000\001\001\006\004`\001b\240(\023\224\311"
  27      60640001 
  27      01060460 
  27      0162A028 
  27      1394C9
  28 0013 00000308 		.ascii	"\000\000\003\010\000!"
  28      0021
  29              		.text
  30              		.section	.gnu.lto_.inline.e0505902,"",%progbits
  31 0000 789C6361 		.ascii	"x\234ca`d\000\2010\006\004`a``fbd`\0022\331\026\310"
  31      60640081 
  31      30060460 
  31      61606066 
  31      62646002 
  32 0018 8328A022 		.ascii	"\203(\240\"t\021&\006.N\240\010O\237\037B\021\027X3"
  32      74112606 
  32      2E4EA008 
  32      4F9F1F42 
ARM GAS  C:\Users\elias\AppData\Local\Temp\ccv1QT7g.s 			page 2


  32      11175833 
  33 002c 3B3B509C 		.ascii	";;P\234\355\203\036\2528\003\000\364\316\005\334"
  33      ED831EAA 
  33      380300F4 
  33      CE05DC
  34              		.text
  35              		.section	.gnu.lto_.pureconst.e0505902,"",%progbits
  36 0000 789C6361 		.ascii	"x\234ca`d\340d```a\0002\230\244X$\000\001y\000L"
  36      6064E064 
  36      60606061 
  36      003298A4 
  36      58240001 
  37              		.text
  38              		.section	.gnu.lto_PGA_SaveConfig.e0505902,"",%progbits
  39 0000 789C6361 		.ascii	"x\234ca`d\000\201j V\002bi fdf`d\232p\216\201\241\221"
  39      60640081 
  39      6A205602 
  39      62692066 
  39      64666064 
  40 001a 83899111 		.ascii	"\203\211\221\021\304h\340`d\250gb\254g\374\312\364\227"
  40      C468E060 
  40      64A86762 
  40      AC67FCCA 
  40      F497
  41 002c 89F150FB 		.ascii	"\211\361P\373\263\235L\232\313\033\200\340\301\322\311"
  41      B39D4C9A 
  41      CB1B80E0 
  41      C1D2C9
  42 003b CC0D2B0E 		.ascii	"\314\015+\0160\266230\374g\002\233\304\300\270\234Q"
  42      30B63233 
  42      30FC6702 
  42      9BC4C0B8 
  42      9C51
  43 004d 9301A8EC 		.ascii	"\223\001\250\354\321\306\177Sy\331Z@\312\024 \222\214"
  43      D1C67F53 
  43      79D95A40 
  43      CA142092 
  43      8C
  44 005e 2B18D940 		.ascii	"+\030\331@\326\255\017:\320\360\377\177s\303\201\271"
  44      D6AD0F3A 
  44      D0F0FF7F 
  44      73C381B9 
  45 006e AC0F9980 		.ascii	"\254\017\231\200\022\037\200\030d\315G \007H3\277bd"
  45      121F8018 
  45      64CD4720 
  45      074833BF 
  45      6264
  46 0080 0229059B 		.ascii	"\002)\005\233\366\201\211\021$\006T\241\340\236\232"
  46      F6818911 
  46      240654A1 
  46      E09E9A
  47 008f 975A9458 		.ascii	"\227Z\224X\222\232\022\037\234_Z\224\234\032\023\020"
  47      929A121F 
  47      9C5F5A94 
  47      9C1A1310 
  48 009f 9CEF6C1A 		.ascii	"\234\357l\032\023\340\356\030\037\340\253\227\314\000"
  48      13E0EE18 
ARM GAS  C:\Users\elias\AppData\Local\Temp\ccv1QT7g.s 			page 3


  48      1FE0AB97 
  48      CC00
  49 00ad 00455437 		.ascii	"\000ET7}"
  49      7D
  50              		.text
  51              		.section	.gnu.lto_PGA_RestoreConfig.e0505902,"",%progbits
  52 0000 789C6361 		.ascii	"x\234ca`d\000\201j V\002bi fdf`d\232p\216\201\241\221"
  52      60640081 
  52      6A205602 
  52      62692066 
  52      64666064 
  53 001a 83899111 		.ascii	"\203\211\221\021\304h\340`d\250gb\254g\374\312\364\227"
  53      C468E060 
  53      64A86762 
  53      AC67FCCA 
  53      F497
  54 002c 89F150FB 		.ascii	"\211\361P\373\263\235L\232\313\033\200\340\301\322y"
  54      B39D4C9A 
  54      CB1B80E0 
  54      C1D279
  55 003b CC0D2B0E 		.ascii	"\314\015+\0160\266230\374g\002\233\304\300\270\234Q"
  55      30B63233 
  55      30FC6702 
  55      9BC4C0B8 
  55      9C51
  56 004d 9301A8EC 		.ascii	"\223\001\250\354\321\306\177Sy\331Z@\312\024 \222\214"
  56      D1C67F53 
  56      79D95A40 
  56      CA142092 
  56      8C
  57 005e 2B18D940 		.ascii	"+\030\331@\326\255\017:\320\360\377\177s\303\201\257"
  57      D6AD0F3A 
  57      D0F0FF7F 
  57      73C381AF 
  58 006e AC1F9981 		.ascii	"\254\037\231\201\022\037\200\030d\315G&&\020\315\374"
  58      121F8018 
  58      64CD4726 
  58      2610CDFC 
  59 007e 8A9109A4 		.ascii	"\212\221\011\244\024l\332\007&F\220\030P\205\202{j^"
  59      146CDA07 
  59      26469018 
  59      5085827B 
  59      6A5E
  60 0090 6A516249 		.ascii	"jQbIjJ|p~iQrjL@p\276\263iL\200\273c|\200\257^2\003\000"
  60      6A4A7C70 
  60      7E695172 
  60      6A4C4070 
  60      BEB3694C 
  61 00ae 6B2837F1 		.ascii	"k(7\361"
  62              		.text
  63              		.section	.gnu.lto_PGA_Sleep.e0505902,"",%progbits
  64 0000 789C8D91 		.ascii	"x\234\215\221\317k\023Q\020\307\347\373\336\356f\015"
  64      CF6B1351 
  64      10C7E7FB 
  64      DEEE660D 
  65 0010 29E40F28 		.ascii	")\344\017(\245x\353\305\212\340\261\202\010\346$\004"
  65      A578EBC5 
ARM GAS  C:\Users\elias\AppData\Local\Temp\ccv1QT7g.s 			page 4


  65      8AE0B182 
  65      08E62404 
  66 0020 7BF05228 		.ascii	"{\360R(\245\346j\241\3509/\335\254\261\036\304\213\015"
  66      A5E66AA1 
  66      E8392FDD 
  66      ACB11EC4 
  66      8B0D
  67 0032 08D2637F 		.ascii	"\010\322c\177hM\242\255\272\267\030\252^\212\2364\207"
  67      684DA2AD 
  67      BAB718AA 
  67      5E8A9E34 
  67      87
  68 0043 0A5A9520 		.ascii	"\012Z\225 \241H\012\355!j\033g\336j\025\004q`\367\275"
  68      A1480AED 
  68      216A1B67 
  68      DE6A1504 
  68      7160F7BD 
  69 0057 9DF79D99 		.ascii	"\235\367\235\231\317~\237C \211\011Et\224\327S\374\300"
  69      CF7E9F43 
  69      20890945 
  69      7494D753 
  69      FCC0
  70 0069 23A89B2F 		.ascii	"#\250\233/\211\012\276R\272\234&\223t\272#dR\032n\234"
  70      890ABE52 
  70      BA9C2693 
  70      74BA2364 
  70      521A6E9C 
  71 007d 767E6D5C 		.ascii	"v~m\\@6\306\007\345\225v\\\344\261\247\366\025\032\245"
  71      4036C607 
  71      E595765C 
  71      E4B1A7F6 
  71      151AA5
  72 0090 56A48616 		.ascii	"V\244\206\026\014\307\373g\355\343f\261\216P\023\365"
  72      0CC7FB67 
  72      EDE366B1 
  72      8E5013F5 
  73 00a0 941D4658 		.ascii	"\224\035FX\300\020\261\354C\355\340V\237W\024\331`|"
  73      C010B1EC 
  73      43EDE056 
  73      9F5714D9 
  73      607C
  74 00b2 88457842 		.ascii	"\210ExBT9_7\275^`\352M\357\351\\\302W\024j8\362\"\352"
  74      54395F37 
  74      BD5E60EA 
  74      4DEFE95C 
  74      C257146A 
  75 00ca B04E86EE 		.ascii	"\260N\206\356(%\253n\241\361\365\372\227\333'\2444\320"
  75      2825AB6E 
  75      A1F1F5FA 
  75      97DB27A4 
  75      34D0
  76 00dc 0EB79D0B 		.ascii	"\016\267\235\013\033\257\022\273*\324\0122\245\371\351"
  76      1BAF12BB 
  76      2AD40A32 
  76      A5F9E9
  77 00eb E39B9F9F 		.ascii	"\343\233\237\237K\245\202\021E\364m\253\231\232\307"
  77      4BA58211 
ARM GAS  C:\Users\elias\AppData\Local\Temp\ccv1QT7g.s 			page 5


  77      45F46DAB 
  77      999AC7
  78 00fa 9D4291B9 		.ascii	"\235B\221\2714\226\321\217%\364\363\370\273\230\007"
  78      3496D18F 
  78      25F4F3F8 
  78      BB9807
  79 0109 B5107C3F 		.ascii	"\265\020|?K\201Vq\273\325\365\027W}\251\007\307=\226"
  79      4B815671 
  79      BBD5F517 
  79      577DA907 
  79      C73D96
  80 011c 6DA1B819 		.ascii	"m\241\270\031\014\304\363\344o+\333Q\267/\026\020V\244"
  80      0CC4F3E4 
  80      6F2BDB51 
  80      B72F1610 
  80      56A4
  81 012e 0F099EA6 		.ascii	"\017\011\236\246r\232\351fv\253o\013GD\375'\232c\321"
  81      729AE966 
  81      76AB6F0B 
  81      4744FD27 
  81      9A63D1
  82 0141 A2687B33 		.ascii	"\242h{3\221\3377\327\214Isn\226=\222t{\343\365zR\360"
  82      91DF37D7 
  82      8C49736E 
  82      963D9274 
  82      7BE3F57A 
  83 0157 8CCDBBA8 		.ascii	"\214\315\273\250\260\261\367\2451\037\336xR\235\365"
  83      B0B1F7A5 
  83      311FDE78 
  83      529DF5
  84 0166 8757C434 		.ascii	"\207W\3044s!\324\036\252\314|`\235E\015\303\254X+m\324"
  84      7321D41E 
  84      AACC7C60 
  84      9D450DC3 
  84      AC582B6D 
  85 017b 9232C463 		.ascii	"\2222\304c\340\007\\\366\031A}\357yJ\030\376\236\232"
  85      E0075CF6 
  85      19417DEF 
  85      794A18FE 
  85      9E9A
  86 018d E8B14D84 		.ascii	"\350\261M\204\207\310\263\277\276%w\250;b\311;\357\016"
  86      87C8B3BF 
  86      BE2577A8 
  86      3B62C93B 
  86      EF0E
  87 019f C9FF1775 		.ascii	"\311\377\027u\365_\250k\277Q\037Y\324C?\370\326\361"
  87      F55FA86B 
  87      BF511F59 
  87      D4433FF8 
  87      D6F1
  88 01b1 D85AB7A3 		.ascii	"\330Z\267\243\\{\257m\314\324\313\031\313,\321aJNs\361"
  88      5C7BAF6D 
  88      CCD4CB19 
  88      CB2CD161 
  88      4A4E73F1 
  89 01c5 60267729 		.ascii	"`&w)7=q9wq|t\352\312\364dn,;:u\346\344X6sz<{\356\330"
  89      373D7139 
ARM GAS  C:\Users\elias\AppData\Local\Temp\ccv1QT7g.s 			page 6


  89      77717C74 
  89      EACAF464 
  89      6E2C3B3A 
  90 01e4 24FD008D 		.ascii	"$\375\000\215\343\343e"
  90      E3E365
  91              		.text
  92              		.section	.gnu.lto_PGA_Wakeup.e0505902,"",%progbits
  93 0000 789C654F 		.ascii	"x\234eO\277KBQ\030\375\276{\337\323\207\030\366\007"
  93      BF4B4251 
  93      18FDBE7B 
  93      DFD38718 
  93      F607
  94 0012 44489B43 		.ascii	"DH\233C\331Pk\020\015B\020H\322&H\330[\023\244\346w"
  94      D9506B10 
  94      0D421048 
  94      D22648D8 
  94      5B13A4E6 
  95 0027 F5F92A97 		.ascii	"\365\371*\227(\310\266\220\206\320~'4d\323K\304@\242"
  95      28C8B690 
  95      86D07E27 
  95      3464D34B 
  95      C440A2
  96 003a A6965AAA 		.ascii	"\246\226Z\252AB\032\014r\324\327w\237CC\007.\337\345"
  96      41421A0C 
  96      72D4D777 
  96      9F434307 
  96      2EDFE5
  97 004d DC73EE39 		.ascii	"\334s\3569\237\002\010\022K4\306hN\321A\025\220\355"
  97      9F020812 
  97      4B34C668 
  97      4ED14115 
  97      90ED
  98 005f 3C026434 		.ascii	"<\002d4\306x#\000\302\2474g@\3709*\003ZA\224\027\241"
  98      C6782300 
  98      C2A73467 
  98      40F8392A 
  98      035A4194 
  99 0075 21188C2B 		.ascii	"!\030\214+h`\227\365\030\3266[U\026*\011\302\333Q\177"
  99      686097F5 
  99      18D6365B 
  99      55162A09 
  99      C2DB517F 
 100 0089 52946DB4 		.ascii	"R\224m\2648\200\303\334\010\300\022\206\200d\037\225"
 100      3880C3DC 
 100      08C01286 
 100      80641F95 
 101 0099 7E61C893 		.ascii	"~a\310\223\223\262\340\340\021\313\350\221=.\027m\341"
 101      93B2E0E0 
 101      11CBE891 
 101      3D2E176D 
 101      E1
 102 00aa 38A6B0BB 		.ascii	"8\246\260\273\336\273=\237\312\301\342DwH\"\343\276"
 102      DEBB3D9F 
 102      CAC1E244 
 102      774822E3 
 102      BE
 103 00bb 199393B7 		.ascii	"\031\223\223\2670{[q\016U\35129\247\037\367\255\332"
ARM GAS  C:\Users\elias\AppData\Local\Temp\ccv1QT7g.s 			page 7


 103      307B5B71 
 103      0E55E932 
 103      39A71FF7 
 103      ADDA
 104 00cd 93F78759 		.ascii	"\223\367\207Y\234\241\014\250V\277^\275FOl\0111L\\\236"
 104      9CA10CA8 
 104      56BF5EBD 
 104      464F6C09 
 104      314C5C9E 
 105 00e1 3A48BAFD 		.ascii	":H\272\375\360\\\367\025\361 #\\\236\343\011\025?\306"
 105      F05CF715 
 105      F120235C 
 105      9EE30915 
 105      3FC6
 106 00f3 11F771FB 		.ascii	"\021\367q\373\346*\257\205\307-\332\346\024\213\330"
 106      E62AAF85 
 106      C72DDAE6 
 106      148BD8
 107 0102 773BE319 		.ascii	"w;\343\031\206\341\035s/\346\350_\330u\375~C\223aH8"
 107      86E11D73 
 107      2FE6E85F 
 107      D875FD7E 
 107      43936148 
 108 0117 977690DD 		.ascii	"\227v\220\33584\002\374\023M{\267\351\227\342\377ET"
 108      383402FC 
 108      134D7BB7 
 108      E997E2FF 
 108      4554
 109 0129 87EA015E 		.ascii	"\207\352\001^\240A{y\\\223\342.\324\306\254]\230wM\022"
 109      A0417B79 
 109      5C93E22E 
 109      D4C6AC5D 
 109      98774D12 
 110 013d 1D92114D 		.ascii	"\035\222\021M\015\202\021}UO/\257\351+\211Xj=\235\324"
 110      0D82117D 
 110      554F2FAF 
 110      E92B8958 
 110      6A3D9DD4 
 111 0151 E3D1586A 		.ascii	"\343\321Xjn:\036\215\314&\242\013\023I\370\005Z\215"
 111      6E3A1E8D 
 111      CC26A20B 
 111      1349F805 
 111      5A8D
 112 0163 83CE     		.ascii	"\203\316"
 113              		.text
 114              		.section	.gnu.lto_.symbol_nodes.e0505902,"",%progbits
 115 0000 789C558A 		.ascii	"x\234U\212\271\015\2000\020\004\347\036\273\000b\007"
 115      B90D8030 
 115      1004E71E 
 115      BB006207 
 116 0010 D027D2B9 		.ascii	"\320'\322\271\004\212\240\012D\015TA\033H\234\210\360"
 116      048AA00A 
 116      440D5441 
 116      1B489C88 
 116      F0
 117 0021 26AB995D 		.ascii	"&\253\231]GX\311\250\004l\027d\035}I\241!\243\260\320"
 117      4758C9A8 
ARM GAS  C:\Users\elias\AppData\Local\Temp\ccv1QT7g.s 			page 8


 117      046C1764 
 117      1D7D49A1 
 117      21A3B0D0 
 118 0035 4114E813 		.ascii	"A\024\350\023\230z\3300H\011\377D\036\372\234\\\243"
 118      987AD830 
 118      4809FF44 
 118      1EFA9C5C 
 118      A3
 119 0046 FCD9B4B0 		.ascii	"\374\331\264\260?\315\274r\237\215\027_\015\031\260"
 119      3FCDBC72 
 119      9F8D175F 
 119      0D19B0
 120              		.text
 121              		.section	.gnu.lto_.refs.e0505902,"",%progbits
 122 0000 789C6361 		.ascii	"x\234ca`d\340c```bbdfadfcda`fd\000\000\002y\0003"
 122      6064E063 
 122      60606062 
 122      62646661 
 122      64666364 
 123              		.text
 124              		.section	.gnu.lto_.decls.e0505902,"",%progbits
 125 0000 789C8D54 		.ascii	"x\234\215TkL\034U\024\276gf\331]\226-\326\242\206\037"
 125      6B4C1C55 
 125      14BE6766 
 125      D95D962D 
 125      D6A2861F 
 126 0014 6B82CD36 		.ascii	"k\202\3156Y\377\320Rb\322\304\037Z7\212\211\251!P\332"
 126      59FFD052 
 126      62D2C41F 
 126      5A378A89 
 126      A92150DA 
 127 0028 98D410C0 		.ascii	"\230\324\020\300)6%\200\260\230\364\337\245\320\364"
 127      29362580 
 127      B098F4DF 
 127      A5D0F4
 128 0037 15845ADA 		.ascii	"\025\204Z\332\012m-\326D)\257]\336\217>X\261\362\020"
 128      0A6D2DD6 
 128      4429AF5D 
 128      DE8F3E58 
 128      B1F210
 129 004a 501EAB4D 		.ascii	"P\036\253M\203I\267\241\033m\324\212\224\252\325\224"
 129      8349B7A1 
 129      1B6DD48A 
 129      94AAD594 
 130 005a F5DC3333 		.ascii	"\365\33433\235\245Y\2547{f\357\271\363}\3379\347\336"
 130      9DA559AC 
 130      377B66EF 
 130      B9F37DDF 
 130      39E7DE
 131 006d 73C7C480 		.ascii	"s\307\304\200\211Qof\314\204\323Mha\0341\270\266\203"
 131      89516F66 
 131      CC84D34D 
 131      68611C31 
 131      B8B683
 132 0080 19035FB3 		.ascii	"\031\003_\263V4/Z;Z'Z7Z/\232P\230d+G\253\266\256k\200"
 132      56342F5A 
 132      3B5A275A 
ARM GAS  C:\Users\elias\AppData\Local\Temp\ccv1QT7g.s 			page 9


 132      375A2F9A 
 132      5098642B 
 133 009a B6F6E8F0 		.ascii	"\266\366\350\360F\301y\243\340D\314X\015\347@\233A\233"
 133      46C179A3 
 133      E044CC58 
 133      0DE7409B 
 133      419B
 134 00ac 429B451B 		.ascii	"B\233E\033G\363\243\005\320Z4\215\253h\222\306\353^"
 134      47F3A305 
 134      D05A348D 
 134      AB6892C6 
 134      EB5E
 135 00be 25475183 		.ascii	"%GQ\203%B\363qZ\235\377Q\357\003\011\302\347\272\252"
 135      2542F371 
 135      5A9DFF51 
 135      EF0309C2 
 135      E7BAAA
 136 00d1 AD73701D 		.ascii	"\255sp\035d\246m*\003P\237@\306T#\027'\022S'\372\322"
 136      64A66D2A 
 136      03509F40 
 136      C6542317 
 136      27125327 
 137 00e7 C3C13488 		.ascii	"\303\3014\210\244O\0151\372i|\010\353\203D\014u\320"
 137      A44F0D31 
 137      FA697C08 
 137      EB83440C 
 137      75D0
 138 00f9 48AAAFEF 		.ascii	"H\252\257\357\253F\002\311\010\000\252\2533\"\364\036"
 138      AB4602C9 
 138      0800AAAB 
 138      3322F41E 
 139 0109 C948CF59 		.ascii	"\311H\317Y\017C\333AE\373\376\366\205\354\262\004b~"
 139      0F43DB41 
 139      45FBFEF6 
 139      85ECB204 
 139      627E
 140 011b E37EE36B 		.ascii	"\343~\343k\311-\034G\015\347\322\363\306\316LW\372\316"
 140      C92D1C47 
 140      0DE7D2F3 
 140      C6CE4C57 
 140      FACE
 141 012d C84B12AC 		.ascii	"\310K\022\254\263\201\011\335\337'\353\347\343\321}"
 141      B38109DD 
 141      DF27EBE7 
 141      E3D17D
 142 013c CA0649E8 		.ascii	"\312\006I\350>\030;]/%\236$^\005O2\301\216g\240\031"
 142      3E183B5D 
 142      2F259E24 
 142      5E054F32 
 142      C18E67A0 
 143 0151 1CD00478 		.ascii	"\034\320\004x(\320\002\211\370\3145\251J\207\306\252"
 143      28D00289 
 143      F8CC35A9 
 143      4A87C6AA 
 144 0161 47ADEB1B 		.ascii	"G\255\353\033\370\202\217\007\357um\256\343\376J\316"
 144      F8828F07 
 144      EF756DAE 
ARM GAS  C:\Users\elias\AppData\Local\Temp\ccv1QT7g.s 			page 10


 144      E3FE4ACE 
 145 0171 CB258182 		.ascii	"\313%\201\202F\220\341\002$\213$\033\305\0310\370\034"
 145      4690E102 
 145      248B241B 
 145      C51930F8 
 145      1C
 146 0182 E630DF56 		.ascii	"\3460\337VX\217\314\332\375\341\011\253\374\"%Z\265"
 146      588FCCDA 
 146      FDE109AB 
 146      FC22255A 
 146      B5
 147 0193 F4D3AC49 		.ascii	"\364\323\254IU\361/*\3740\347\373M$\321fH\264EJxI\242"
 147      55F12F2A 
 147      FC30E7FB 
 147      4D24D166 
 147      48B4454A 
 148 01aa BDAF7611 		.ascii	"\275\257v\021\344m$1\367\333\300\274\005%\032P\"0l\347"
 148      E46D2431 
 148      F7DBC0BC 
 148      05251A50 
 148      22306CE7 
 149 01be 35E59CBF 		.ascii	"5\345\234\277L\032>C\303\027\251\321N\0327>:\210\015"
 149      4C1A3E43 
 149      C317A9D1 
 149      4E1A373E 
 149      3A880D
 150 01d1 B29334C2 		.ascii	"\262\2234\302c\355\267t\215\305\221H\215\016C\243#R"
 150      63EDB774 
 150      8DC59148 
 150      8D0E43A3 
 150      2352
 151 01e3 A39334FE 		.ascii	"\243\2234\376\034\272t\327,\347\222F\250\272a\370\011"
 151      1CBA74D7 
 151      2CE79246 
 151      A8BA61F8 
 151      09
 152 01f4 D408721E 		.ascii	"\324\010r\036\354\031y\251\216\017\251\225t\031\012"
 152      EC1979A9 
 152      8E0FA995 
 152      74190A
 153 0203 5DA48093 		.ascii	"]\244\200\223nb\337\\\272\331\277F>\014D\037\370\303"
 153      6E62DF5C 
 153      BAD9BF46 
 153      3E0C441F 
 153      F8C3
 154 0215 773C5EA5 		.ascii	"w<^\245\373?\036\266\373k\200\330=\006\273Gg\367\022"
 154      FB3F1EB6 
 154      FB6B80D8 
 154      3D06BB47 
 154      67F712
 155 0228 BBB97EE8 		.ascii	"\273\271~\350\214E\256U\331w*C\3018\365 \023\321\235"
 155      8C45AE55 
 155      D9772A43 
 155      C138F520 
 155      13D19D
 156 023b 599838AB 		.ascii	"Y\2308\253\271k\321\375\253\257\352@\274|N\205z\017"
 156      B96BD1FD 
ARM GAS  C:\Users\elias\AppData\Local\Temp\ccv1QT7g.s 			page 11


 156      ABAFEA40 
 156      BC7C4E85 
 156      7A0F
 157 024d DCBA60C5 		.ascii	"\334\272`\305w\016\033\204A\370\277\364\337_\243\372"
 157      770E1B84 
 157      41F8BFF4 
 157      DF5FA3FA 
 158 025d E275DDB1 		.ascii	"\342u\335\261\371\3458\271\221\260\322\354|\363m\023"
 158      F9E538B9 
 158      91B0D2EC 
 158      7CF36D13 
 159 026d B86C9F89 		.ascii	"\270l\237\211\226\010^\036/8u\020\373\011\374`\203+"
 159      96085E1E 
 159      2F387510 
 159      FB09FC60 
 159      832B
 160 027f 46620E1B 		.ascii	"Fb\016\033>\017\341\321\361\205\363\334\234\310 \325"
 160      3E0FE1D1 
 160      F185F3DC 
 160      9CC820D5 
 161 028f 019B1C0C 		.ascii	"\001\233\034\014\006\301%T\005\012.c\033]\3026\302\010"
 161      06C12554 
 161      050A2E63 
 161      1B5DC236 
 161      C208
 162 02a1 47BF5B08 		.ascii	"G\277[\010Y\345)5\233\241\223?\004\354\362u\325\251"
 162      59E52935 
 162      9BA1933F 
 162      04ECF275 
 162      D5A9
 163 02b3 1A6CEA8F 		.ascii	"\032l\352\217\225C\344\230\257\374\374\3015\0138\235"
 163      9543E498 
 163      AFFCFCC1 
 163      350B389D 
 164 02c3 4E5782F3 		.ascii	"NW\202\363\274\020\017\366\216l<\333\306y\205\231\022"
 164      BC100FF6 
 164      8E6C3CDB 
 164      C6798599 
 164      12
 165 02d4 18C20446 		.ascii	"\030\302\004F!A\017\266Q\264h\212\370x\020\330?\363"
 165      21410FB6 
 165      51B4688A 
 165      F87810D8 
 165      3FF3
 166 02e6 B60EBC18 		.ascii	"\266\016\274\030\0058\000\0062\360\020\371e\024d?!i"
 166      05380006 
 166      32F010F9 
 166      6514643F 
 166      2169
 167 02f8 03FC1715 		.ascii	"\003\374\027\025\316\255\002\301\264\322\3058F\327\305"
 167      CEAD02C1 
 167      B4D2C538 
 167      46D7C5
 168 0307 CF39BCC7 		.ascii	"\3179\274\307\"n\213\320A\020\214\340&\\\005'\214\241"
 168      226E8BD0 
 168      41108CE0 
 168      265C0527 
ARM GAS  C:\Users\elias\AppData\Local\Temp\ccv1QT7g.s 			page 12


 168      8CA1
 169 0319 7D85360C 		.ascii	"}\2056\014N\242\251\261\247\313Nq\177\271L\321\277\210"
 169      4EA2A9B1 
 169      A7CB4E71 
 169      7FB94CD1 
 169      BF88
 170 032b 123DD5A1 		.ascii	"\022=\325\241\336\266\300r\323\221X\371\216z*U\203\025"
 170      DEB6C072 
 170      D39158F9 
 170      8E7A2A55 
 170      8315
 171 033d 53164870 		.ascii	"S\026HpE\215\014\023\030\360q\301\325r\256=\215g9\216"
 171      458D0C13 
 171      18F071C1 
 171      D572AE3D 
 171      8D67398E 
 172 0351 D0AF8DB3 		.ascii	"\320\257\215\263\024\305Q\304\243\247;\226\3436|\312"
 172      14C551C4 
 172      A3A73B96 
 172      E3367CCA 
 173 0361 39B6E43D 		.ascii	"9\266\344=\337[\3079\177\235\260}*6\242\322>\372\314"
 173      DF5BC739 
 173      7F9DB07D 
 173      2A36A2D2 
 173      3EFACC
 174 0374 4EC20664 		.ascii	"N\302\006d-U\336\375\336l\303^\250\370\177\2750y\373"
 174      2D55DEFD 
 174      DE6CC35E 
 174      A8F87FBD 
 174      3079FB
 175 0387 93B045E6 		.ascii	"\223\260E\346\364\325\222:O\324\235\260\200\315\025"
 175      F4D5923A 
 175      4FD49DB0 
 175      80CD15
 176 0396 853E1D85 		.ascii	"\205>\035\205\2567eV\375\207\345<\011\246p\013\2775"
 176      AE376556 
 176      FD87E53C 
 176      09A6700B 
 176      BF35
 177 03a8 0AF9066C 		.ascii	"\012\371\006lj!]S\277zc\354G\304v\343Gm\335h<!\215\364"
 177      6A215D53 
 177      BF7A63EC 
 177      47C476E3 
 177      476DDD68 
 178 03c0 67C04EB7 		.ascii	"g\300N\267\012\377\021\335W\036\\\264\254@\213\242\015"
 178      0AFF11DD 
 178      571E5CB4 
 178      AC408BA2 
 178      0D
 179 03d1 F4AC869E 		.ascii	"\364\254\206\236%\364?!\357\217\366\025hqg\015t\000"
 179      25F43F21 
 179      EF8FF615 
 179      6871670D 
 179      7400
 180 03e3 EC7A3E38 		.ascii	"\354z>8e\361\351i[\2633s\336W\334E\205\273\367\344["
 180      65F1E969 
 180      5BB33373 
ARM GAS  C:\Users\elias\AppData\Local\Temp\ccv1QT7g.s 			page 13


 180      DE57DC45 
 180      85BBF7E4 
 181 03f8 D3DECC4A 		.ascii	"\323\336\314Jr\247\244\260\2444\245P)\311\361(\357d"
 181      72A7A4B0 
 181      A434A550 
 181      29C9F128 
 181      EF64
 182 040a 67169595 		.ascii	"g\026\225\225\344)\273\3223\213\334/\354\022\360\364"
 182      E429BBD2 
 182      338BDC2F 
 182      EC12F0F4 
 183 041a 6DC979EC 		.ascii	"m\311y\354I1\313PJ=E%\0327\226\244\012\024\245\330&"
 183      4931CB50 
 183      4A3D4525 
 183      1A3796A4 
 183      0A14A5D8 
 184 042f 663B73F6 		.ascii	"f;s\366*e\305VZ\364\024\025?\273\272`\362\273\214\030"
 184      2A65C556 
 184      5AF41415 
 184      3FBBBA60 
 184      F2BB8C18 
 185 0443 AF16E6E4 		.ascii	"\257\026\346\344\026(4\315\315\311\333\213\344\322<"
 185      162834CD 
 185      CDC9DB8B 
 185      E4D23C
 186 0452 77C6E60C 		.ascii	"w\306\346\014%?\246lO\241g\313s\253H\344\355\363\354"
 186      253FA66C 
 186      4FA167CB 
 186      73AB48E4 
 186      EDF3EC
 187 0465 2B564A51 		.ascii	"+VJQ\206\010)H\210SH+\323\203hZL\305EJ\371\225\255\356"
 187      86082948 
 187      8853482B 
 187      D383685A 
 187      4CC5454A 
 188 047d 37B2D2B3 		.ascii	"7\262\322\2633\267gd\271\267\233J\224\374-\377\002\324"
 188      33B76764 
 188      B9B79B4A 
 188      94FC2DFF 
 188      02D4
 189 048f 3A3E01   		.ascii	":>\001"
 190              		.text
 191              		.section	.gnu.lto_.symtab.e0505902,"",%progbits
 192 0000 5047415F 		.ascii	"PGA_SaveConfig\000"
 192      53617665 
 192      436F6E66 
 192      696700
 193 000f 00       		.ascii	"\000"
 194 0010 00       		.ascii	"\000"
 195 0011 00       		.ascii	"\000"
 196 0012 00000000 		.ascii	"\000\000\000\000\000\000\000\000"
 196      00000000 
 197 001a AD000000 		.ascii	"\255\000\000\000"
 198 001e 5047415F 		.ascii	"PGA_RestoreConfig\000"
 198      52657374 
 198      6F726543 
 198      6F6E6669 
ARM GAS  C:\Users\elias\AppData\Local\Temp\ccv1QT7g.s 			page 14


 198      6700
 199 0030 00       		.ascii	"\000"
 200 0031 00       		.ascii	"\000"
 201 0032 00       		.ascii	"\000"
 202 0033 00000000 		.ascii	"\000\000\000\000\000\000\000\000"
 202      00000000 
 203 003b AF000000 		.ascii	"\257\000\000\000"
 204 003f 5047415F 		.ascii	"PGA_Sleep\000"
 204      536C6565 
 204      7000
 205 0049 00       		.ascii	"\000"
 206 004a 00       		.ascii	"\000"
 207 004b 00       		.ascii	"\000"
 208 004c 00000000 		.ascii	"\000\000\000\000\000\000\000\000"
 208      00000000 
 209 0054 B1000000 		.ascii	"\261\000\000\000"
 210 0058 5047415F 		.ascii	"PGA_Wakeup\000"
 210      57616B65 
 210      757000
 211 0063 00       		.ascii	"\000"
 212 0064 00       		.ascii	"\000"
 213 0065 00       		.ascii	"\000"
 214 0066 00000000 		.ascii	"\000\000\000\000\000\000\000\000"
 214      00000000 
 215 006e B3000000 		.ascii	"\263\000\000\000"
 216 0072 5047415F 		.ascii	"PGA_Stop\000"
 216      53746F70 
 216      00
 217 007b 00       		.ascii	"\000"
 218 007c 02       		.ascii	"\002"
 219 007d 00       		.ascii	"\000"
 220 007e 00000000 		.ascii	"\000\000\000\000\000\000\000\000"
 220      00000000 
 221 0086 B5000000 		.ascii	"\265\000\000\000"
 222 008a 5047415F 		.ascii	"PGA_Enable\000"
 222      456E6162 
 222      6C6500
 223 0095 00       		.ascii	"\000"
 224 0096 02       		.ascii	"\002"
 225 0097 00       		.ascii	"\000"
 226 0098 00000000 		.ascii	"\000\000\000\000\000\000\000\000"
 226      00000000 
 227 00a0 B7000000 		.ascii	"\267\000\000\000"
 228              		.text
 229              		.section	.gnu.lto_.opts,"",%progbits
 230 0000 272D666D 		.ascii	"'-fmath-errno' '-fsigned-zeros' '-ftrapping-math' '"
 230      6174682D 
 230      6572726E 
 230      6F272027 
 230      2D667369 
 231 0033 2D666E6F 		.ascii	"-fno-trapv' '-fno-openmp' '-fno-openacc' '-mcpu=cor"
 231      2D747261 
 231      70762720 
 231      272D666E 
 231      6F2D6F70 
 232 0066 7465782D 		.ascii	"tex-m3' '-mthumb' '-g' '-O3' '-ffunction-sections' "
 232      6D332720 
ARM GAS  C:\Users\elias\AppData\Local\Temp\ccv1QT7g.s 			page 15


 232      272D6D74 
 232      68756D62 
 232      2720272D 
 233 0099 272D6666 		.ascii	"'-ffat-lto-objects' '-finline-functions' '-flto'\000"
 233      61742D6C 
 233      746F2D6F 
 233      626A6563 
 233      74732720 
 234              		.text
 235              		.cfi_sections	.debug_frame
 236              		.section	.text.PGA_SaveConfig,"ax",%progbits
 237              		.align	2
 238              		.global	PGA_SaveConfig
 239              		.thumb
 240              		.thumb_func
 241              		.type	PGA_SaveConfig, %function
 242              	PGA_SaveConfig:
 243              	.LFB5:
 244              		.cfi_startproc
 245              		@ args = 0, pretend = 0, frame = 0
 246              		@ frame_needed = 0, uses_anonymous_args = 0
 247              		@ link register save eliminated.
 248 0000 7047     		bx	lr
 249              		.cfi_endproc
 250              	.LFE5:
 251              		.size	PGA_SaveConfig, .-PGA_SaveConfig
 252 0002 00BF     		.section	.text.PGA_RestoreConfig,"ax",%progbits
 253              		.align	2
 254              		.global	PGA_RestoreConfig
 255              		.thumb
 256              		.thumb_func
 257              		.type	PGA_RestoreConfig, %function
 258              	PGA_RestoreConfig:
 259              	.LFB1:
 260              		.file 1 "Generated_Source\\PSoC5\\PGA_PM.c"
   1:Generated_Source\PSoC5/PGA_PM.c **** /*******************************************************************************
   2:Generated_Source\PSoC5/PGA_PM.c **** * File Name: PGA_PM.c  
   3:Generated_Source\PSoC5/PGA_PM.c **** * Version 2.0
   4:Generated_Source\PSoC5/PGA_PM.c **** *
   5:Generated_Source\PSoC5/PGA_PM.c **** * Description:
   6:Generated_Source\PSoC5/PGA_PM.c **** *  This file provides the power manager source code to the API for PGA 
   7:Generated_Source\PSoC5/PGA_PM.c **** *  Component.
   8:Generated_Source\PSoC5/PGA_PM.c **** *
   9:Generated_Source\PSoC5/PGA_PM.c **** * Note:
  10:Generated_Source\PSoC5/PGA_PM.c **** *
  11:Generated_Source\PSoC5/PGA_PM.c **** ********************************************************************************
  12:Generated_Source\PSoC5/PGA_PM.c **** * Copyright 2008-2012, Cypress Semiconductor Corporation.  All rights reserved.
  13:Generated_Source\PSoC5/PGA_PM.c **** * You may use this file only in accordance with the license, terms, conditions, 
  14:Generated_Source\PSoC5/PGA_PM.c **** * disclaimers, and limitations in the end user license agreement accompanying 
  15:Generated_Source\PSoC5/PGA_PM.c **** * the software package with which this file was provided.
  16:Generated_Source\PSoC5/PGA_PM.c **** *******************************************************************************/
  17:Generated_Source\PSoC5/PGA_PM.c **** 
  18:Generated_Source\PSoC5/PGA_PM.c **** #include "PGA.h"
  19:Generated_Source\PSoC5/PGA_PM.c **** 
  20:Generated_Source\PSoC5/PGA_PM.c **** static PGA_BACKUP_STRUCT  PGA_backup;
  21:Generated_Source\PSoC5/PGA_PM.c **** 
  22:Generated_Source\PSoC5/PGA_PM.c **** 
ARM GAS  C:\Users\elias\AppData\Local\Temp\ccv1QT7g.s 			page 16


  23:Generated_Source\PSoC5/PGA_PM.c **** /*******************************************************************************
  24:Generated_Source\PSoC5/PGA_PM.c **** * Function Name: PGA_SaveConfig
  25:Generated_Source\PSoC5/PGA_PM.c **** ********************************************************************************
  26:Generated_Source\PSoC5/PGA_PM.c **** *
  27:Generated_Source\PSoC5/PGA_PM.c **** * Summary:
  28:Generated_Source\PSoC5/PGA_PM.c **** *  Save the current user register configuration.
  29:Generated_Source\PSoC5/PGA_PM.c **** *
  30:Generated_Source\PSoC5/PGA_PM.c **** * Parameters:
  31:Generated_Source\PSoC5/PGA_PM.c **** *  void
  32:Generated_Source\PSoC5/PGA_PM.c **** *
  33:Generated_Source\PSoC5/PGA_PM.c **** * Return:
  34:Generated_Source\PSoC5/PGA_PM.c **** *  void
  35:Generated_Source\PSoC5/PGA_PM.c **** *
  36:Generated_Source\PSoC5/PGA_PM.c **** *******************************************************************************/
  37:Generated_Source\PSoC5/PGA_PM.c **** void PGA_SaveConfig(void) 
  38:Generated_Source\PSoC5/PGA_PM.c **** {
  39:Generated_Source\PSoC5/PGA_PM.c ****     /* Nothing to save as registers are System reset on retention flops */
  40:Generated_Source\PSoC5/PGA_PM.c **** }
  41:Generated_Source\PSoC5/PGA_PM.c **** 
  42:Generated_Source\PSoC5/PGA_PM.c **** 
  43:Generated_Source\PSoC5/PGA_PM.c **** /*******************************************************************************  
  44:Generated_Source\PSoC5/PGA_PM.c **** * Function Name: PGA_RestoreConfig
  45:Generated_Source\PSoC5/PGA_PM.c **** ********************************************************************************
  46:Generated_Source\PSoC5/PGA_PM.c **** *
  47:Generated_Source\PSoC5/PGA_PM.c **** * Summary:
  48:Generated_Source\PSoC5/PGA_PM.c **** *  Restore the register configurations.
  49:Generated_Source\PSoC5/PGA_PM.c **** *
  50:Generated_Source\PSoC5/PGA_PM.c **** * Parameters:
  51:Generated_Source\PSoC5/PGA_PM.c **** *  void
  52:Generated_Source\PSoC5/PGA_PM.c **** *
  53:Generated_Source\PSoC5/PGA_PM.c **** * Return:
  54:Generated_Source\PSoC5/PGA_PM.c **** *  void
  55:Generated_Source\PSoC5/PGA_PM.c **** *
  56:Generated_Source\PSoC5/PGA_PM.c **** *******************************************************************************/
  57:Generated_Source\PSoC5/PGA_PM.c **** void PGA_RestoreConfig(void) 
  58:Generated_Source\PSoC5/PGA_PM.c **** {
 261              		.loc 1 58 0
 262              		.cfi_startproc
 263              		@ args = 0, pretend = 0, frame = 0
 264              		@ frame_needed = 0, uses_anonymous_args = 0
 265              		@ link register save eliminated.
 266 0000 7047     		bx	lr
 267              		.cfi_endproc
 268              	.LFE1:
 269              		.size	PGA_RestoreConfig, .-PGA_RestoreConfig
 270 0002 00BF     		.section	.text.PGA_Sleep,"ax",%progbits
 271              		.align	2
 272              		.global	PGA_Sleep
 273              		.thumb
 274              		.thumb_func
 275              		.type	PGA_Sleep, %function
 276              	PGA_Sleep:
 277              	.LFB2:
  59:Generated_Source\PSoC5/PGA_PM.c ****     /* Nothing to restore */
  60:Generated_Source\PSoC5/PGA_PM.c **** }
  61:Generated_Source\PSoC5/PGA_PM.c **** 
  62:Generated_Source\PSoC5/PGA_PM.c **** 
ARM GAS  C:\Users\elias\AppData\Local\Temp\ccv1QT7g.s 			page 17


  63:Generated_Source\PSoC5/PGA_PM.c **** /*******************************************************************************   
  64:Generated_Source\PSoC5/PGA_PM.c **** * Function Name: PGA_Sleep
  65:Generated_Source\PSoC5/PGA_PM.c **** ********************************************************************************
  66:Generated_Source\PSoC5/PGA_PM.c **** *
  67:Generated_Source\PSoC5/PGA_PM.c **** * Summary:
  68:Generated_Source\PSoC5/PGA_PM.c **** *  Disables block's operation and saves its configuration. Should be called 
  69:Generated_Source\PSoC5/PGA_PM.c **** *  just prior to entering sleep.
  70:Generated_Source\PSoC5/PGA_PM.c **** *
  71:Generated_Source\PSoC5/PGA_PM.c **** * Parameters:
  72:Generated_Source\PSoC5/PGA_PM.c **** *  None
  73:Generated_Source\PSoC5/PGA_PM.c **** *
  74:Generated_Source\PSoC5/PGA_PM.c **** * Return:
  75:Generated_Source\PSoC5/PGA_PM.c **** *  None
  76:Generated_Source\PSoC5/PGA_PM.c **** *
  77:Generated_Source\PSoC5/PGA_PM.c **** * Global variables:
  78:Generated_Source\PSoC5/PGA_PM.c **** *  PGA_backup: The structure field 'enableState' is modified 
  79:Generated_Source\PSoC5/PGA_PM.c **** *  depending on the enable state of the block before entering to sleep mode.
  80:Generated_Source\PSoC5/PGA_PM.c **** *
  81:Generated_Source\PSoC5/PGA_PM.c **** *******************************************************************************/
  82:Generated_Source\PSoC5/PGA_PM.c **** void PGA_Sleep(void) 
  83:Generated_Source\PSoC5/PGA_PM.c **** {
 278              		.loc 1 83 0
 279              		.cfi_startproc
 280              		@ args = 0, pretend = 0, frame = 0
 281              		@ frame_needed = 0, uses_anonymous_args = 0
 282              		@ link register save eliminated.
  84:Generated_Source\PSoC5/PGA_PM.c ****     /* Save PGA enable state */
  85:Generated_Source\PSoC5/PGA_PM.c ****     if((PGA_PM_ACT_CFG_REG & PGA_ACT_PWR_EN) != 0u)
 283              		.loc 1 85 0
 284 0000 064B     		ldr	r3, .L7
 285 0002 1B78     		ldrb	r3, [r3]	@ zero_extendqisi2
 286 0004 13F00103 		ands	r3, r3, #1
 287 0008 02D1     		bne	.L6
  86:Generated_Source\PSoC5/PGA_PM.c ****     {
  87:Generated_Source\PSoC5/PGA_PM.c ****         /* Component is enabled */
  88:Generated_Source\PSoC5/PGA_PM.c ****         PGA_backup.enableState = 1u;
  89:Generated_Source\PSoC5/PGA_PM.c ****         /* Stop the configuration */
  90:Generated_Source\PSoC5/PGA_PM.c ****         PGA_Stop();
  91:Generated_Source\PSoC5/PGA_PM.c ****     }
  92:Generated_Source\PSoC5/PGA_PM.c ****     else
  93:Generated_Source\PSoC5/PGA_PM.c ****     {
  94:Generated_Source\PSoC5/PGA_PM.c ****         /* Component is disabled */
  95:Generated_Source\PSoC5/PGA_PM.c ****         PGA_backup.enableState = 0u;
 288              		.loc 1 95 0
 289 000a 054A     		ldr	r2, .L7+4
 290 000c 1370     		strb	r3, [r2]
 291 000e 7047     		bx	lr
 292              	.L6:
  88:Generated_Source\PSoC5/PGA_PM.c ****         /* Stop the configuration */
 293              		.loc 1 88 0
 294 0010 034B     		ldr	r3, .L7+4
 295 0012 0122     		movs	r2, #1
 296 0014 1A70     		strb	r2, [r3]
  90:Generated_Source\PSoC5/PGA_PM.c ****     }
 297              		.loc 1 90 0
 298 0016 FFF7FEBF 		b	PGA_Stop
 299              	.LVL0:
ARM GAS  C:\Users\elias\AppData\Local\Temp\ccv1QT7g.s 			page 18


 300              	.L8:
 301 001a 00BF     		.align	2
 302              	.L7:
 303 001c A9430040 		.word	1073759145
 304 0020 00000000 		.word	.LANCHOR0
 305              		.cfi_endproc
 306              	.LFE2:
 307              		.size	PGA_Sleep, .-PGA_Sleep
 308              		.section	.text.PGA_Wakeup,"ax",%progbits
 309              		.align	2
 310              		.global	PGA_Wakeup
 311              		.thumb
 312              		.thumb_func
 313              		.type	PGA_Wakeup, %function
 314              	PGA_Wakeup:
 315              	.LFB3:
  96:Generated_Source\PSoC5/PGA_PM.c ****     }
  97:Generated_Source\PSoC5/PGA_PM.c ****     /* Save the configuration */
  98:Generated_Source\PSoC5/PGA_PM.c ****     PGA_SaveConfig();
  99:Generated_Source\PSoC5/PGA_PM.c **** }
 100:Generated_Source\PSoC5/PGA_PM.c **** 
 101:Generated_Source\PSoC5/PGA_PM.c **** 
 102:Generated_Source\PSoC5/PGA_PM.c **** /*******************************************************************************
 103:Generated_Source\PSoC5/PGA_PM.c **** * Function Name: PGA_Wakeup
 104:Generated_Source\PSoC5/PGA_PM.c **** ********************************************************************************
 105:Generated_Source\PSoC5/PGA_PM.c **** *
 106:Generated_Source\PSoC5/PGA_PM.c **** * Summary:
 107:Generated_Source\PSoC5/PGA_PM.c **** *  Enables block's operation and restores its configuration. Should be called
 108:Generated_Source\PSoC5/PGA_PM.c **** *  just after awaking from sleep.
 109:Generated_Source\PSoC5/PGA_PM.c **** *
 110:Generated_Source\PSoC5/PGA_PM.c **** * Parameters:
 111:Generated_Source\PSoC5/PGA_PM.c **** *  None
 112:Generated_Source\PSoC5/PGA_PM.c **** *
 113:Generated_Source\PSoC5/PGA_PM.c **** * Return:
 114:Generated_Source\PSoC5/PGA_PM.c **** *  void
 115:Generated_Source\PSoC5/PGA_PM.c **** *
 116:Generated_Source\PSoC5/PGA_PM.c **** * Global variables:
 117:Generated_Source\PSoC5/PGA_PM.c **** *  PGA_backup: The structure field 'enableState' is used to 
 118:Generated_Source\PSoC5/PGA_PM.c **** *  restore the enable state of block after wakeup from sleep mode.
 119:Generated_Source\PSoC5/PGA_PM.c **** * 
 120:Generated_Source\PSoC5/PGA_PM.c **** *******************************************************************************/
 121:Generated_Source\PSoC5/PGA_PM.c **** void PGA_Wakeup(void) 
 122:Generated_Source\PSoC5/PGA_PM.c **** {
 316              		.loc 1 122 0
 317              		.cfi_startproc
 318              		@ args = 0, pretend = 0, frame = 0
 319              		@ frame_needed = 0, uses_anonymous_args = 0
 320              		@ link register save eliminated.
 123:Generated_Source\PSoC5/PGA_PM.c ****     /* Restore the configurations */
 124:Generated_Source\PSoC5/PGA_PM.c ****     PGA_RestoreConfig();
 125:Generated_Source\PSoC5/PGA_PM.c ****      /* Enables the component operation */
 126:Generated_Source\PSoC5/PGA_PM.c ****     if(PGA_backup.enableState == 1u)
 321              		.loc 1 126 0
 322 0000 034B     		ldr	r3, .L12
 323 0002 1B78     		ldrb	r3, [r3]	@ zero_extendqisi2
 324 0004 012B     		cmp	r3, #1
 325 0006 00D0     		beq	.L11
ARM GAS  C:\Users\elias\AppData\Local\Temp\ccv1QT7g.s 			page 19


 326 0008 7047     		bx	lr
 327              	.L11:
 127:Generated_Source\PSoC5/PGA_PM.c ****     {
 128:Generated_Source\PSoC5/PGA_PM.c ****         PGA_Enable();
 328              		.loc 1 128 0
 329 000a FFF7FEBF 		b	PGA_Enable
 330              	.LVL1:
 331              	.L13:
 332 000e 00BF     		.align	2
 333              	.L12:
 334 0010 00000000 		.word	.LANCHOR0
 335              		.cfi_endproc
 336              	.LFE3:
 337              		.size	PGA_Wakeup, .-PGA_Wakeup
 338              		.bss
 339              		.align	2
 340              		.set	.LANCHOR0,. + 0
 341              		.type	PGA_backup, %object
 342              		.size	PGA_backup, 4
 343              	PGA_backup:
 344 0000 00000000 		.space	4
 345              		.text
 346              	.Letext0:
 347              		.file 2 "Generated_Source\\PSoC5\\cytypes.h"
 348              		.file 3 "Generated_Source\\PSoC5\\PGA.h"
 349              		.section	.debug_info,"",%progbits
 350              	.Ldebug_info0:
 351 0000 70010000 		.4byte	0x170
 352 0004 0400     		.2byte	0x4
 353 0006 00000000 		.4byte	.Ldebug_abbrev0
 354 000a 04       		.byte	0x4
 355 000b 01       		.uleb128 0x1
 356 000c 05010000 		.4byte	.LASF27
 357 0010 0C       		.byte	0xc
 358 0011 D1010000 		.4byte	.LASF28
 359 0015 5E000000 		.4byte	.LASF29
 360 0019 00000000 		.4byte	.Ldebug_ranges0+0
 361 001d 00000000 		.4byte	0
 362 0021 00000000 		.4byte	.Ldebug_line0
 363 0025 02       		.uleb128 0x2
 364 0026 01       		.byte	0x1
 365 0027 06       		.byte	0x6
 366 0028 12020000 		.4byte	.LASF0
 367 002c 02       		.uleb128 0x2
 368 002d 01       		.byte	0x1
 369 002e 08       		.byte	0x8
 370 002f AD000000 		.4byte	.LASF1
 371 0033 02       		.uleb128 0x2
 372 0034 02       		.byte	0x2
 373 0035 05       		.byte	0x5
 374 0036 C2000000 		.4byte	.LASF2
 375 003a 02       		.uleb128 0x2
 376 003b 02       		.byte	0x2
 377 003c 07       		.byte	0x7
 378 003d 1E020000 		.4byte	.LASF3
 379 0041 02       		.uleb128 0x2
 380 0042 04       		.byte	0x4
ARM GAS  C:\Users\elias\AppData\Local\Temp\ccv1QT7g.s 			page 20


 381 0043 05       		.byte	0x5
 382 0044 F1010000 		.4byte	.LASF4
 383 0048 02       		.uleb128 0x2
 384 0049 04       		.byte	0x4
 385 004a 07       		.byte	0x7
 386 004b 4C000000 		.4byte	.LASF5
 387 004f 02       		.uleb128 0x2
 388 0050 08       		.byte	0x8
 389 0051 05       		.byte	0x5
 390 0052 00000000 		.4byte	.LASF6
 391 0056 02       		.uleb128 0x2
 392 0057 08       		.byte	0x8
 393 0058 07       		.byte	0x7
 394 0059 EE000000 		.4byte	.LASF7
 395 005d 03       		.uleb128 0x3
 396 005e 04       		.byte	0x4
 397 005f 05       		.byte	0x5
 398 0060 696E7400 		.ascii	"int\000"
 399 0064 02       		.uleb128 0x2
 400 0065 04       		.byte	0x4
 401 0066 07       		.byte	0x7
 402 0067 E1000000 		.4byte	.LASF8
 403 006b 04       		.uleb128 0x4
 404 006c 98000000 		.4byte	.LASF12
 405 0070 02       		.byte	0x2
 406 0071 E901     		.2byte	0x1e9
 407 0073 2C000000 		.4byte	0x2c
 408 0077 02       		.uleb128 0x2
 409 0078 04       		.byte	0x4
 410 0079 04       		.byte	0x4
 411 007a 29000000 		.4byte	.LASF9
 412 007e 02       		.uleb128 0x2
 413 007f 08       		.byte	0x8
 414 0080 04       		.byte	0x4
 415 0081 BB000000 		.4byte	.LASF10
 416 0085 02       		.uleb128 0x2
 417 0086 01       		.byte	0x1
 418 0087 08       		.byte	0x8
 419 0088 CC010000 		.4byte	.LASF11
 420 008c 04       		.uleb128 0x4
 421 008d AC010000 		.4byte	.LASF13
 422 0091 02       		.byte	0x2
 423 0092 9302     		.2byte	0x293
 424 0094 98000000 		.4byte	0x98
 425 0098 05       		.uleb128 0x5
 426 0099 6B000000 		.4byte	0x6b
 427 009d 02       		.uleb128 0x2
 428 009e 08       		.byte	0x8
 429 009f 04       		.byte	0x4
 430 00a0 06020000 		.4byte	.LASF14
 431 00a4 02       		.uleb128 0x2
 432 00a5 04       		.byte	0x4
 433 00a6 07       		.byte	0x7
 434 00a7 B1010000 		.4byte	.LASF15
 435 00ab 06       		.uleb128 0x6
 436 00ac 04       		.byte	0x4
 437 00ad 03       		.byte	0x3
ARM GAS  C:\Users\elias\AppData\Local\Temp\ccv1QT7g.s 			page 21


 438 00ae 2D       		.byte	0x2d
 439 00af E4000000 		.4byte	0xe4
 440 00b3 07       		.uleb128 0x7
 441 00b4 FA010000 		.4byte	.LASF16
 442 00b8 03       		.byte	0x3
 443 00b9 2F       		.byte	0x2f
 444 00ba 6B000000 		.4byte	0x6b
 445 00be 00       		.byte	0
 446 00bf 07       		.uleb128 0x7
 447 00c0 C3010000 		.4byte	.LASF17
 448 00c4 03       		.byte	0x3
 449 00c5 30       		.byte	0x30
 450 00c6 6B000000 		.4byte	0x6b
 451 00ca 01       		.byte	0x1
 452 00cb 07       		.uleb128 0x7
 453 00cc 31020000 		.4byte	.LASF18
 454 00d0 03       		.byte	0x3
 455 00d1 31       		.byte	0x31
 456 00d2 6B000000 		.4byte	0x6b
 457 00d6 02       		.byte	0x2
 458 00d7 07       		.uleb128 0x7
 459 00d8 0E000000 		.4byte	.LASF19
 460 00dc 03       		.byte	0x3
 461 00dd 32       		.byte	0x32
 462 00de 6B000000 		.4byte	0x6b
 463 00e2 03       		.byte	0x3
 464 00e3 00       		.byte	0
 465 00e4 08       		.uleb128 0x8
 466 00e5 3A000000 		.4byte	.LASF20
 467 00e9 03       		.byte	0x3
 468 00ea 33       		.byte	0x33
 469 00eb AB000000 		.4byte	0xab
 470 00ef 09       		.uleb128 0x9
 471 00f0 9E000000 		.4byte	.LASF21
 472 00f4 01       		.byte	0x1
 473 00f5 25       		.byte	0x25
 474 00f6 01       		.byte	0x1
 475 00f7 09       		.uleb128 0x9
 476 00f8 17000000 		.4byte	.LASF22
 477 00fc 01       		.byte	0x1
 478 00fd 39       		.byte	0x39
 479 00fe 01       		.byte	0x1
 480 00ff 0A       		.uleb128 0xa
 481 0100 F7000000 		.4byte	0xf7
 482 0104 00000000 		.4byte	.LFB1
 483 0108 02000000 		.4byte	.LFE1-.LFB1
 484 010c 01       		.uleb128 0x1
 485 010d 9C       		.byte	0x9c
 486 010e 0B       		.uleb128 0xb
 487 010f CC000000 		.4byte	.LASF23
 488 0113 01       		.byte	0x1
 489 0114 52       		.byte	0x52
 490 0115 00000000 		.4byte	.LFB2
 491 0119 24000000 		.4byte	.LFE2-.LFB2
 492 011d 01       		.uleb128 0x1
 493 011e 9C       		.byte	0x9c
 494 011f 2D010000 		.4byte	0x12d
ARM GAS  C:\Users\elias\AppData\Local\Temp\ccv1QT7g.s 			page 22


 495 0123 0C       		.uleb128 0xc
 496 0124 1A000000 		.4byte	.LVL0
 497 0128 5D010000 		.4byte	0x15d
 498 012c 00       		.byte	0
 499 012d 0B       		.uleb128 0xb
 500 012e D6000000 		.4byte	.LASF24
 501 0132 01       		.byte	0x1
 502 0133 79       		.byte	0x79
 503 0134 00000000 		.4byte	.LFB3
 504 0138 14000000 		.4byte	.LFE3-.LFB3
 505 013c 01       		.uleb128 0x1
 506 013d 9C       		.byte	0x9c
 507 013e 4C010000 		.4byte	0x14c
 508 0142 0C       		.uleb128 0xc
 509 0143 0E000000 		.4byte	.LVL1
 510 0147 68010000 		.4byte	0x168
 511 014b 00       		.byte	0
 512 014c 0D       		.uleb128 0xd
 513 014d 2F000000 		.4byte	.LASF30
 514 0151 01       		.byte	0x1
 515 0152 14       		.byte	0x14
 516 0153 E4000000 		.4byte	0xe4
 517 0157 05       		.uleb128 0x5
 518 0158 03       		.byte	0x3
 519 0159 00000000 		.4byte	PGA_backup
 520 015d 0E       		.uleb128 0xe
 521 015e BA010000 		.4byte	.LASF25
 522 0162 BA010000 		.4byte	.LASF25
 523 0166 03       		.byte	0x3
 524 0167 3F       		.byte	0x3f
 525 0168 0E       		.uleb128 0xe
 526 0169 3A020000 		.4byte	.LASF26
 527 016d 3A020000 		.4byte	.LASF26
 528 0171 03       		.byte	0x3
 529 0172 47       		.byte	0x47
 530 0173 00       		.byte	0
 531              		.section	.debug_abbrev,"",%progbits
 532              	.Ldebug_abbrev0:
 533 0000 01       		.uleb128 0x1
 534 0001 11       		.uleb128 0x11
 535 0002 01       		.byte	0x1
 536 0003 25       		.uleb128 0x25
 537 0004 0E       		.uleb128 0xe
 538 0005 13       		.uleb128 0x13
 539 0006 0B       		.uleb128 0xb
 540 0007 03       		.uleb128 0x3
 541 0008 0E       		.uleb128 0xe
 542 0009 1B       		.uleb128 0x1b
 543 000a 0E       		.uleb128 0xe
 544 000b 55       		.uleb128 0x55
 545 000c 17       		.uleb128 0x17
 546 000d 11       		.uleb128 0x11
 547 000e 01       		.uleb128 0x1
 548 000f 10       		.uleb128 0x10
 549 0010 17       		.uleb128 0x17
 550 0011 00       		.byte	0
 551 0012 00       		.byte	0
ARM GAS  C:\Users\elias\AppData\Local\Temp\ccv1QT7g.s 			page 23


 552 0013 02       		.uleb128 0x2
 553 0014 24       		.uleb128 0x24
 554 0015 00       		.byte	0
 555 0016 0B       		.uleb128 0xb
 556 0017 0B       		.uleb128 0xb
 557 0018 3E       		.uleb128 0x3e
 558 0019 0B       		.uleb128 0xb
 559 001a 03       		.uleb128 0x3
 560 001b 0E       		.uleb128 0xe
 561 001c 00       		.byte	0
 562 001d 00       		.byte	0
 563 001e 03       		.uleb128 0x3
 564 001f 24       		.uleb128 0x24
 565 0020 00       		.byte	0
 566 0021 0B       		.uleb128 0xb
 567 0022 0B       		.uleb128 0xb
 568 0023 3E       		.uleb128 0x3e
 569 0024 0B       		.uleb128 0xb
 570 0025 03       		.uleb128 0x3
 571 0026 08       		.uleb128 0x8
 572 0027 00       		.byte	0
 573 0028 00       		.byte	0
 574 0029 04       		.uleb128 0x4
 575 002a 16       		.uleb128 0x16
 576 002b 00       		.byte	0
 577 002c 03       		.uleb128 0x3
 578 002d 0E       		.uleb128 0xe
 579 002e 3A       		.uleb128 0x3a
 580 002f 0B       		.uleb128 0xb
 581 0030 3B       		.uleb128 0x3b
 582 0031 05       		.uleb128 0x5
 583 0032 49       		.uleb128 0x49
 584 0033 13       		.uleb128 0x13
 585 0034 00       		.byte	0
 586 0035 00       		.byte	0
 587 0036 05       		.uleb128 0x5
 588 0037 35       		.uleb128 0x35
 589 0038 00       		.byte	0
 590 0039 49       		.uleb128 0x49
 591 003a 13       		.uleb128 0x13
 592 003b 00       		.byte	0
 593 003c 00       		.byte	0
 594 003d 06       		.uleb128 0x6
 595 003e 13       		.uleb128 0x13
 596 003f 01       		.byte	0x1
 597 0040 0B       		.uleb128 0xb
 598 0041 0B       		.uleb128 0xb
 599 0042 3A       		.uleb128 0x3a
 600 0043 0B       		.uleb128 0xb
 601 0044 3B       		.uleb128 0x3b
 602 0045 0B       		.uleb128 0xb
 603 0046 01       		.uleb128 0x1
 604 0047 13       		.uleb128 0x13
 605 0048 00       		.byte	0
 606 0049 00       		.byte	0
 607 004a 07       		.uleb128 0x7
 608 004b 0D       		.uleb128 0xd
ARM GAS  C:\Users\elias\AppData\Local\Temp\ccv1QT7g.s 			page 24


 609 004c 00       		.byte	0
 610 004d 03       		.uleb128 0x3
 611 004e 0E       		.uleb128 0xe
 612 004f 3A       		.uleb128 0x3a
 613 0050 0B       		.uleb128 0xb
 614 0051 3B       		.uleb128 0x3b
 615 0052 0B       		.uleb128 0xb
 616 0053 49       		.uleb128 0x49
 617 0054 13       		.uleb128 0x13
 618 0055 38       		.uleb128 0x38
 619 0056 0B       		.uleb128 0xb
 620 0057 00       		.byte	0
 621 0058 00       		.byte	0
 622 0059 08       		.uleb128 0x8
 623 005a 16       		.uleb128 0x16
 624 005b 00       		.byte	0
 625 005c 03       		.uleb128 0x3
 626 005d 0E       		.uleb128 0xe
 627 005e 3A       		.uleb128 0x3a
 628 005f 0B       		.uleb128 0xb
 629 0060 3B       		.uleb128 0x3b
 630 0061 0B       		.uleb128 0xb
 631 0062 49       		.uleb128 0x49
 632 0063 13       		.uleb128 0x13
 633 0064 00       		.byte	0
 634 0065 00       		.byte	0
 635 0066 09       		.uleb128 0x9
 636 0067 2E       		.uleb128 0x2e
 637 0068 00       		.byte	0
 638 0069 3F       		.uleb128 0x3f
 639 006a 19       		.uleb128 0x19
 640 006b 03       		.uleb128 0x3
 641 006c 0E       		.uleb128 0xe
 642 006d 3A       		.uleb128 0x3a
 643 006e 0B       		.uleb128 0xb
 644 006f 3B       		.uleb128 0x3b
 645 0070 0B       		.uleb128 0xb
 646 0071 27       		.uleb128 0x27
 647 0072 19       		.uleb128 0x19
 648 0073 20       		.uleb128 0x20
 649 0074 0B       		.uleb128 0xb
 650 0075 00       		.byte	0
 651 0076 00       		.byte	0
 652 0077 0A       		.uleb128 0xa
 653 0078 2E       		.uleb128 0x2e
 654 0079 00       		.byte	0
 655 007a 31       		.uleb128 0x31
 656 007b 13       		.uleb128 0x13
 657 007c 11       		.uleb128 0x11
 658 007d 01       		.uleb128 0x1
 659 007e 12       		.uleb128 0x12
 660 007f 06       		.uleb128 0x6
 661 0080 40       		.uleb128 0x40
 662 0081 18       		.uleb128 0x18
 663 0082 9742     		.uleb128 0x2117
 664 0084 19       		.uleb128 0x19
 665 0085 00       		.byte	0
ARM GAS  C:\Users\elias\AppData\Local\Temp\ccv1QT7g.s 			page 25


 666 0086 00       		.byte	0
 667 0087 0B       		.uleb128 0xb
 668 0088 2E       		.uleb128 0x2e
 669 0089 01       		.byte	0x1
 670 008a 3F       		.uleb128 0x3f
 671 008b 19       		.uleb128 0x19
 672 008c 03       		.uleb128 0x3
 673 008d 0E       		.uleb128 0xe
 674 008e 3A       		.uleb128 0x3a
 675 008f 0B       		.uleb128 0xb
 676 0090 3B       		.uleb128 0x3b
 677 0091 0B       		.uleb128 0xb
 678 0092 27       		.uleb128 0x27
 679 0093 19       		.uleb128 0x19
 680 0094 11       		.uleb128 0x11
 681 0095 01       		.uleb128 0x1
 682 0096 12       		.uleb128 0x12
 683 0097 06       		.uleb128 0x6
 684 0098 40       		.uleb128 0x40
 685 0099 18       		.uleb128 0x18
 686 009a 9742     		.uleb128 0x2117
 687 009c 19       		.uleb128 0x19
 688 009d 01       		.uleb128 0x1
 689 009e 13       		.uleb128 0x13
 690 009f 00       		.byte	0
 691 00a0 00       		.byte	0
 692 00a1 0C       		.uleb128 0xc
 693 00a2 898201   		.uleb128 0x4109
 694 00a5 00       		.byte	0
 695 00a6 11       		.uleb128 0x11
 696 00a7 01       		.uleb128 0x1
 697 00a8 9542     		.uleb128 0x2115
 698 00aa 19       		.uleb128 0x19
 699 00ab 31       		.uleb128 0x31
 700 00ac 13       		.uleb128 0x13
 701 00ad 00       		.byte	0
 702 00ae 00       		.byte	0
 703 00af 0D       		.uleb128 0xd
 704 00b0 34       		.uleb128 0x34
 705 00b1 00       		.byte	0
 706 00b2 03       		.uleb128 0x3
 707 00b3 0E       		.uleb128 0xe
 708 00b4 3A       		.uleb128 0x3a
 709 00b5 0B       		.uleb128 0xb
 710 00b6 3B       		.uleb128 0x3b
 711 00b7 0B       		.uleb128 0xb
 712 00b8 49       		.uleb128 0x49
 713 00b9 13       		.uleb128 0x13
 714 00ba 02       		.uleb128 0x2
 715 00bb 18       		.uleb128 0x18
 716 00bc 00       		.byte	0
 717 00bd 00       		.byte	0
 718 00be 0E       		.uleb128 0xe
 719 00bf 2E       		.uleb128 0x2e
 720 00c0 00       		.byte	0
 721 00c1 3F       		.uleb128 0x3f
 722 00c2 19       		.uleb128 0x19
ARM GAS  C:\Users\elias\AppData\Local\Temp\ccv1QT7g.s 			page 26


 723 00c3 3C       		.uleb128 0x3c
 724 00c4 19       		.uleb128 0x19
 725 00c5 6E       		.uleb128 0x6e
 726 00c6 0E       		.uleb128 0xe
 727 00c7 03       		.uleb128 0x3
 728 00c8 0E       		.uleb128 0xe
 729 00c9 3A       		.uleb128 0x3a
 730 00ca 0B       		.uleb128 0xb
 731 00cb 3B       		.uleb128 0x3b
 732 00cc 0B       		.uleb128 0xb
 733 00cd 00       		.byte	0
 734 00ce 00       		.byte	0
 735 00cf 00       		.byte	0
 736              		.section	.debug_aranges,"",%progbits
 737 0000 2C000000 		.4byte	0x2c
 738 0004 0200     		.2byte	0x2
 739 0006 00000000 		.4byte	.Ldebug_info0
 740 000a 04       		.byte	0x4
 741 000b 00       		.byte	0
 742 000c 0000     		.2byte	0
 743 000e 0000     		.2byte	0
 744 0010 00000000 		.4byte	.LFB1
 745 0014 02000000 		.4byte	.LFE1-.LFB1
 746 0018 00000000 		.4byte	.LFB2
 747 001c 24000000 		.4byte	.LFE2-.LFB2
 748 0020 00000000 		.4byte	.LFB3
 749 0024 14000000 		.4byte	.LFE3-.LFB3
 750 0028 00000000 		.4byte	0
 751 002c 00000000 		.4byte	0
 752              		.section	.debug_ranges,"",%progbits
 753              	.Ldebug_ranges0:
 754 0000 00000000 		.4byte	.LFB1
 755 0004 02000000 		.4byte	.LFE1
 756 0008 00000000 		.4byte	.LFB2
 757 000c 24000000 		.4byte	.LFE2
 758 0010 00000000 		.4byte	.LFB3
 759 0014 14000000 		.4byte	.LFE3
 760 0018 00000000 		.4byte	0
 761 001c 00000000 		.4byte	0
 762              		.section	.debug_line,"",%progbits
 763              	.Ldebug_line0:
 764 0000 8B000000 		.section	.debug_str,"MS",%progbits,1
 764      02004C00 
 764      00000201 
 764      FB0E0D00 
 764      01010101 
 765              	.LASF6:
 766 0000 6C6F6E67 		.ascii	"long long int\000"
 766      206C6F6E 
 766      6720696E 
 766      7400
 767              	.LASF19:
 768 000e 73634352 		.ascii	"scCR3Reg\000"
 768      33526567 
 768      00
 769              	.LASF22:
 770 0017 5047415F 		.ascii	"PGA_RestoreConfig\000"
ARM GAS  C:\Users\elias\AppData\Local\Temp\ccv1QT7g.s 			page 27


 770      52657374 
 770      6F726543 
 770      6F6E6669 
 770      6700
 771              	.LASF9:
 772 0029 666C6F61 		.ascii	"float\000"
 772      7400
 773              	.LASF30:
 774 002f 5047415F 		.ascii	"PGA_backup\000"
 774      6261636B 
 774      757000
 775              	.LASF20:
 776 003a 5047415F 		.ascii	"PGA_BACKUP_STRUCT\000"
 776      4241434B 
 776      55505F53 
 776      54525543 
 776      5400
 777              	.LASF5:
 778 004c 6C6F6E67 		.ascii	"long unsigned int\000"
 778      20756E73 
 778      69676E65 
 778      6420696E 
 778      7400
 779              	.LASF29:
 780 005e 433A5C47 		.ascii	"C:\\Github\\Tesis\\src\\psoc\\AcondicionamientoAnal"
 780      69746875 
 780      625C5465 
 780      7369735C 
 780      7372635C 
 781 008c 6F676963 		.ascii	"ogico.cydsn\000"
 781      6F2E6379 
 781      64736E00 
 782              	.LASF12:
 783 0098 75696E74 		.ascii	"uint8\000"
 783      3800
 784              	.LASF21:
 785 009e 5047415F 		.ascii	"PGA_SaveConfig\000"
 785      53617665 
 785      436F6E66 
 785      696700
 786              	.LASF1:
 787 00ad 756E7369 		.ascii	"unsigned char\000"
 787      676E6564 
 787      20636861 
 787      7200
 788              	.LASF10:
 789 00bb 646F7562 		.ascii	"double\000"
 789      6C6500
 790              	.LASF2:
 791 00c2 73686F72 		.ascii	"short int\000"
 791      7420696E 
 791      7400
 792              	.LASF23:
 793 00cc 5047415F 		.ascii	"PGA_Sleep\000"
 793      536C6565 
 793      7000
 794              	.LASF24:
ARM GAS  C:\Users\elias\AppData\Local\Temp\ccv1QT7g.s 			page 28


 795 00d6 5047415F 		.ascii	"PGA_Wakeup\000"
 795      57616B65 
 795      757000
 796              	.LASF8:
 797 00e1 756E7369 		.ascii	"unsigned int\000"
 797      676E6564 
 797      20696E74 
 797      00
 798              	.LASF7:
 799 00ee 6C6F6E67 		.ascii	"long long unsigned int\000"
 799      206C6F6E 
 799      6720756E 
 799      7369676E 
 799      65642069 
 800              	.LASF27:
 801 0105 474E5520 		.ascii	"GNU C11 5.4.1 20160609 (release) [ARM/embedded-5-br"
 801      43313120 
 801      352E342E 
 801      31203230 
 801      31363036 
 802 0138 616E6368 		.ascii	"anch revision 237715] -mcpu=cortex-m3 -mthumb -g -O"
 802      20726576 
 802      6973696F 
 802      6E203233 
 802      37373135 
 803 016b 33202D66 		.ascii	"3 -ffunction-sections -ffat-lto-objects -finline-fu"
 803      66756E63 
 803      74696F6E 
 803      2D736563 
 803      74696F6E 
 804 019e 6E637469 		.ascii	"nctions -flto\000"
 804      6F6E7320 
 804      2D666C74 
 804      6F00
 805              	.LASF13:
 806 01ac 72656738 		.ascii	"reg8\000"
 806      00
 807              	.LASF15:
 808 01b1 73697A65 		.ascii	"sizetype\000"
 808      74797065 
 808      00
 809              	.LASF25:
 810 01ba 5047415F 		.ascii	"PGA_Stop\000"
 810      53746F70 
 810      00
 811              	.LASF17:
 812 01c3 73634352 		.ascii	"scCR1Reg\000"
 812      31526567 
 812      00
 813              	.LASF11:
 814 01cc 63686172 		.ascii	"char\000"
 814      00
 815              	.LASF28:
 816 01d1 47656E65 		.ascii	"Generated_Source\\PSoC5\\PGA_PM.c\000"
 816      72617465 
 816      645F536F 
 816      75726365 
ARM GAS  C:\Users\elias\AppData\Local\Temp\ccv1QT7g.s 			page 29


 816      5C50536F 
 817              	.LASF4:
 818 01f1 6C6F6E67 		.ascii	"long int\000"
 818      20696E74 
 818      00
 819              	.LASF16:
 820 01fa 656E6162 		.ascii	"enableState\000"
 820      6C655374 
 820      61746500 
 821              	.LASF14:
 822 0206 6C6F6E67 		.ascii	"long double\000"
 822      20646F75 
 822      626C6500 
 823              	.LASF0:
 824 0212 7369676E 		.ascii	"signed char\000"
 824      65642063 
 824      68617200 
 825              	.LASF3:
 826 021e 73686F72 		.ascii	"short unsigned int\000"
 826      7420756E 
 826      7369676E 
 826      65642069 
 826      6E7400
 827              	.LASF18:
 828 0231 73634352 		.ascii	"scCR2Reg\000"
 828      32526567 
 828      00
 829              	.LASF26:
 830 023a 5047415F 		.ascii	"PGA_Enable\000"
 830      456E6162 
 830      6C6500
 831              		.comm	__gnu_lto_v1,1,1
 832              		.ident	"GCC: (GNU Tools for ARM Embedded Processors) 5.4.1 20160609 (release) [ARM/embedded-5-bran
