ARM GAS  C:\Users\elias\AppData\Local\Temp\ccAVOQM4.s 			page 1


   1              		.syntax unified
   2              		.cpu cortex-m3
   3              		.fpu softvfp
   4              		.eabi_attribute 20, 1
   5              		.eabi_attribute 21, 1
   6              		.eabi_attribute 23, 3
   7              		.eabi_attribute 24, 1
   8              		.eabi_attribute 25, 1
   9              		.eabi_attribute 26, 1
  10              		.eabi_attribute 30, 2
  11              		.eabi_attribute 34, 1
  12              		.eabi_attribute 18, 4
  13              		.thumb
  14              		.syntax unified
  15              		.file	"PGAin.c"
  16              		.text
  17              	.Ltext0:
  18              		.section	.gnu.lto_.profile.15c5e4c8,"",%progbits
  19 0000 789C6361 		.ascii	"x\234ca`d`a`\000\222\222\242\000\000\261\0009"
  19      60646061 
  19      60009292 
  19      A20000B1 
  19      0039
  20              		.text
  21              		.section	.gnu.lto_.icf.15c5e4c8,"",%progbits
  22 0000 789C6361 		.ascii	"x\234ca`d\000\001)\006\004`ax5\365\355[N\306\203\313"
  22      60640001 
  22      29060460 
  22      617835F5 
  22      ED5B4EC6 
  23 0016 DF4E6762 		.ascii	"\337Ngb:\260\373\310m.\346/\313\216\035\340`\000\000"
  23      3AB0FBC8 
  23      6D2EE62F 
  23      CB8E1DE0 
  23      600000
  24 0029 B0EE0CC6 		.ascii	"\260\356\014\306"
  25              		.text
  26              		.section	.gnu.lto_.jmpfuncs.15c5e4c8,"",%progbits
  27 0000 789C6361 		.ascii	"x\234ca`d\000\001!\006\004`a`dd\254g\004\021L\014\014"
  27      60640001 
  27      21060460 
  27      61606464 
  27      AC670411 
  28 0017 CC401100 		.ascii	"\314@\021\000\016\"\001&"
  28      0E220126 
  29              		.text
  30              		.section	.gnu.lto_.inline.15c5e4c8,"",%progbits
  31 0000 789C6361 		.ascii	"x\234ca`d\000\201$\006\004`a`\340\344`dd\340\000J1s"
  31      60640081 
  31      24060460 
  31      6160E0E4 
  31      606464E0 
  32 0018 1CB06360 		.ascii	"\034\260c`[ \317\304\300\262@\236\005$\013\024g\307"
  32      5B20CFC4 
  32      C0B2409E 
  32      05240B14 
  32      67C7
ARM GAS  C:\Users\elias\AppData\Local\Temp\ccAVOQM4.s 			page 2


  33 002a 9064BAC0 		.ascii	"\220d\272\300\017\226db`ced`b\373\240\007\021\007\002"
  33      0F966462 
  33      60636564 
  33      6062FBA0 
  33      07110702 
  34 003e 664C2106 		.ascii	"fL!\006\000\346\332\011\346"
  34      00E6DA09 
  34      E6
  35              		.text
  36              		.section	.gnu.lto_.pureconst.15c5e4c8,"",%progbits
  37 0000 789C6361 		.ascii	"x\234ca`d\340d```a\220b\224b\222b\226\002\000\002\261"
  37      6064E064 
  37      60606061 
  37      90629462 
  37      92629602 
  38 0017 0081     		.ascii	"\000\201"
  39              		.text
  40              		.section	.gnu.lto_PGAin_Write.15c5e4c8,"",%progbits
  41 0000 789C5551 		.ascii	"x\234UQMKTa\024>\317\373\336\017\323\212\366\015$\201"
  41      4D4B5461 
  41      143ECFFB 
  41      DE0FD38A 
  41      F60D2481 
  42 0014 982D228A 		.ascii	"\230-\"\212~@\265p+\272\035\220a\272\213\001?@\307\266"
  42      7E40B570 
  42      2BBA1D90 
  42      61BA8B01 
  42      3F40C7B6 
  43 0028 BED7F910 		.ascii	"\276\327\371\020\\\271I\0114aD45\035k\025\271\270\334"
  43      5CB94909 
  43      34614434 
  43      351D6B15 
  43      B9B8DC
  44 003b A58211B8 		.ascii	"\245\202\021\270\351\203\020\027Wpa#9$iM\347\334\353"
  44      E9831017 
  44      57706123 
  44      3924694D 
  44      E7DCEB
  45 004e 220FBC1F 		.ascii	"\"\017\274\037\367\334\347y\316s\316k\021H\342\256\""
  45      F7DCE779 
  45      CE73CE6B 
  45      1148E2AE 
  45      22
  46 005f 7AC0E74D 		.ascii	"z\300\347M^\320\0045\271C\3447)@.\246\0114\2520\212"
  46      5ED00435 
  46      B943E437 
  46      29402EA6 
  46      0934AA30 
  47 0074 BAFAA310 		.ascii	"\272\372\243\020\216G\357U\307\242\341\330[x\245\315"
  47      8E47EF55 
  47      C7A2E1D8 
  47      5B78A5CD 
  48 0084 52809226 		.ascii	"R\200\222&j\250X\211\260\210\016F\035l\216\357B\337"
  48      6AA85889 
  48      B0880E46 
  48      1D6C8EEF 
  48      42DF
ARM GAS  C:\Users\elias\AppData\Local\Temp\ccAVOQM4.s 			page 3


  49 0096 06F1BD1C 		.ascii	"\006\361\275\034\326k-\355\013\306\214\031s\2346\272"
  49      D66B2DED 
  49      0BC68C19 
  49      739C36BA 
  50 00a6 A4812568 		.ascii	"\244\201%hf\340a\012\367S\304\011\302k\264\013\370\364"
  50      66E0610A 
  50      F753C409 
  50      C26BB40B 
  50      F8F4
  51 00b8 CBEEDA75 		.ascii	"\313\356\332u}'&N\232\250r\265m^\210\301\257\376i\023"
  51      7D27264E 
  51      9AA872B5 
  51      6D5E88C1 
  51      AFFE6913 
  52 00cc F8ADC25D 		.ascii	"\370\255\302]\376\237+\301\320\375\215\277/\2569Eq\325"
  52      FE9F2BC1 
  52      D0FD8DBF 
  52      2FAE3945 
  52      71D5
  53 00de 8A15B425 		.ascii	"\212\025\264%~\260\012\207;\204d\326\273\003\323h\024"
  53      7EB00A87 
  53      3B8464D6 
  53      BB03D368 
  53      14
  54 00ef 4C50B7EB 		.ascii	"LP\267\353\372\212\342\242\212;\345\037\026\244\266"
  54      FA8AE2A2 
  54      8A3BE51F 
  54      16A4B6
  55 00fe 2D094736 		.ascii	"-\011G6W6\242\032/\351\376X)9u\204\360\367\304\367i"
  55      5736A21A 
  55      2FE9FE58 
  55      29397584 
  55      F0F7C4F7 
  56 0113 57340B5A 		.ascii	"W4\013Z&1U\012?\272'\252\244u\354\366\363\327\227GN"
  56      2631550A 
  56      3FBA27AA 
  56      A475ECF6 
  56      F3D79747 
  57 0128 F259ADF8 		.ascii	"\362Y\255\370\306\342\324\336\304\314\231;\207Y\277"
  57      C6E2D4DE 
  57      C4CC993B 
  57      8759BF
  58 0137 C833B2B0 		.ascii	"\3103\262\260\206\024\336\200=c\035s\240\010\205\363"
  58      8614DE80 
  58      3D631D73 
  58      A00885F3 
  59 0147 F2372482 		.ascii	"\3627$\202:\321\254l\315\206\315\"\002\374\000\252\014"
  59      3AD1AC6C 
  59      CD86CD22 
  59      02FC00AA 
  59      0C
  60 0158 DE878ADB 		.ascii	"\336\207\212\333`\247\214\022R\255\034\035\\\330\260"
  60      60A78C12 
  60      52AD1C1D 
  60      5CD8B0
  61 0167 0B5AEA7C 		.ascii	"\013Z\352|*Vg\264\260lX\330`R,}r!-8\006}\370y\276\255"
  61      2A5667B4 
ARM GAS  C:\Users\elias\AppData\Local\Temp\ccAVOQM4.s 			page 4


  61      B06C58D8 
  61      60522C7D 
  61      72212D38 
  62 0181 0464E106 		.ascii	"\004d\341\006\336&\240S'\201\270\261\001\207S\341T\314"
  62      DE26A053 
  62      2781B8B1 
  62      018753E1 
  62      54CC
  63 0193 BA64DE37 		.ascii	"\272d\3367\246\345\262\377w\354\237Yt\210\261\340\314"
  63      A6E5B2FF 
  63      77EC9F59 
  63      7488B1E0 
  63      CC
  64 01a4 1642FC10 		.ascii	"\026B\374\0205\005\231\025O\356V\2477\340\015e\362\336"
  64      35059915 
  64      4FEE56A7 
  64      37E00D65 
  64      F2DE
  65 01b6 B3DE9EC1 		.ascii	"\263\336\236\301\221\241\254\227\356\352\031|\372(\335"
  65      91A1AC97 
  65      EEEA197C 
  65      FA28DD
  66 01c5 D5F93837 		.ascii	"\325\37187p/K\366\363L\337\210\327<\234\317\344s\331"
  66      702F4BF6 
  66      F34CDF88 
  66      D73C9CCF 
  66      E473D9
  67 01d8 27B9FCF0 		.ascii	"'\271\374\360?\352J\302\335"
  67      3FEA4AC2 
  67      DD
  68              		.text
  69              		.section	.gnu.lto_PGAin_SetDriveMode.15c5e4c8,"",%progbits
  70 0000 789C7D51 		.ascii	"x\234}QM+DQ\030~\237s\356\334;\223\314\0370E\026d#%"
  70      4D2B4451 
  70      187E9F73 
  70      EEDC3B93 
  70      CC1F3045 
  71 0018 3F408AAD 		.ascii	"?@\212\255\314vJ\342.,\230\210\26533&\205\205\022%\304"
  71      CC764AE2 
  71      2E2C9888 
  71      B5333326 
  71      85851225 
  72 002d 46BEBFB2 		.ascii	"F\276\277\262\262Pc\212%eaa\201,&)\032_\221\257\361"
  72      B250638A 
  72      25656161 
  72      812C2629 
  72      1A5F91AF 
  73 0042 BEF75ACC 		.ascii	"\276\367Z\314\312\351\236\367\343\351y\236\336\367\\"
  73      CAE99EF7 
  73      E3E9799E 
  73      DEF75C
  74 0051 8B40726E 		.ascii	"\213@rn9Uq.\343\013MP\023'D\211\240\002\2440A\320\220"
  74      3955712E 
  74      E30B4D50 
  74      13274489 
  74      A002A430 
  75 0068 C2105ED5 		.ascii	"\302\020^\325\267Bv$\267\257j\226\015\237\353\243\207"
ARM GAS  C:\Users\elias\AppData\Local\Temp\ccAVOQM4.s 			page 5


  75      B7427624 
  75      B7AF6A96 
  75      0D9FEBA3 
  75      87
  76 0079 3AB39241 		.ascii	":\263\222AZ\023\025\224\347DXF\015\263\236\367\226&"
  76      5A131594 
  76      E7445846 
  76      0DB39EF7 
  76      9626
  77 008b 4B742588 		.ascii	"Kt%\210\353\307\223\374e\270z\311\230\2441\205\230\321"
  77      EBC793FC 
  77      65B87AC9 
  77      98A43185 
  77      98D1
  78 009d 690DAC40 		.ascii	"i\015\254@\263\002\365\021\324E\210\001\302*\252\205"
  78      B302F511 
  78      D4458801 
  78      C22AAA85 
  79 00ad 7CB3FB33 		.ascii	"|\263\3733Uj\017\213}\205o\2125\3302\346v[\306\024\012"
  79      556A0F8B 
  79      7D856F8A 
  79      35D832E6 
  79      765BC614 
  80 00c2 299379B3 		.ascii	")\223y\263\017?\354\022\3052\2459hKB\000\342`K\351H"
  80      0F3FEC12 
  80      C532A539 
  80      684B4200 
  80      E2604BE9 
  81 00d7 084A0809 		.ascii	"\010J\010\011\207(\317W\026yTJ\262\316!\3731\232\233"
  81      8728CF57 
  81      1679544A 
  81      B2CE21FB 
  81      319A9B
  82 00ea B5C439A5 		.ascii	"\265\3049\245e\251\351t\366\324yQimy\023?\237\315\034"
  82      65A9E974 
  82      F6D47951 
  82      696D7913 
  82      3F9FCD1C 
  83 00fe 84FD766E 		.ascii	"\204\375vn1a,\206\306\257f\217\324\002\346\023\303\274"
  83      31612C86 
  83      C6AF668F 
  83      D402E613 
  83      C3BC
  84 0110 6E001B88 		.ascii	"n\000\033\210`\035\021\236n\023\013\240\034\222O\216"
  84      601D119E 
  84      6E130BA0 
  84      1C924F8E 
  85 0120 6FA7D991 		.ascii	"o\247\331\221\373\324\227\355\367\026C\254\2778\036"
  85      FBD497ED 
  85      F71643AC 
  85      BF381E
  86 012f FB0E89A5 		.ascii	"\373\016\211\245F\037\266XY$\341/P,q\030b\311\375\371"
  86      461FB658 
  86      5924E12F 
  86      502C7118 
  86      62C9FDF9 
  87 0143 FA86F625 		.ascii	"\372\206\366%al{\222\324\373\037%\350\031;\305.!F\271"
ARM GAS  C:\Users\elias\AppData\Local\Temp\ccAVOQM4.s 			page 6


  87      616C7B92 
  87      D4FB1F25 
  87      E8193BC5 
  87      2E2146B9 
  88 0157 CF4E43FA 		.ascii	"\317NC\372\377F\336\341\221\231OwHf>\233\205\355\375"
  88      FF46DEE1 
  88      91994F77 
  88      48663E9B 
  88      85EDFD
  89 016a BABC823C 		.ascii	"\272\274\202<\017?Vy\213\333\353\366w\014\270]\355\321"
  89      0F3F5679 
  89      8BDBEBF6 
  89      770CB85D 
  89      EDD1
  90 017c F8607FA7 		.ascii	"\370`\177\247\033k\215\306\233\032b\255-\215\335\275"
  90      1B6B8DC6 
  90      9B1A62AD 
  90      2D8DDDBD 
  91 018c B59D64F5 		.ascii	"\265\235d\365\304\273\334_-\216\245S"
  91      C4BBDC5F 
  91      2D8EA553 
  92              		.text
  93              		.section	.gnu.lto_PGAin_Read.15c5e4c8,"",%progbits
  94 0000 789C354F 		.ascii	"x\2345O\315K\002Q\020\237\337{\353\256\024E\367\204"
  94      CD4B0251 
  94      109FDF7B 
  94      EBAE1445 
  94      F784
  95 0012 EAE82582 		.ascii	"\352\350%\202\010\242[\004y\225\204NB\204\355\241\213"
  95      08A25B04 
  95      7995844E 
  95      4284EDA1 
  95      8B
  96 0023 82D4D95D 		.ascii	"\202\324\331]\327-\210\016]\252K%\004\241}Q\376\007"
  96      D72D880E 
  96      5DAA4B25 
  96      04A17D51 
  96      FE07
  97 0035 E629288A 		.ascii	"\346)(\212\212 ($B\014:\231\030\201T6\317\255\2017\363"
  97      8A202824 
  97      420C3A99 
  97      18815436 
  97      CFAD8137 
  98 004a DEBCDFC7 		.ascii	"\336\274\337\307\214F \025\323\\\006\270\366\362\201"
  98      8C462015 
  98      D35C06B8 
  98      F6F281
  99 0059 2488B52B 		.ascii	"$\210\265+\"\333/\000u\261\374\240\224@\012\037\342"
  99      22DB2F00 
  99      75B1FCA0 
  99      94400A1F 
  99      E2
 100 006a 5BE0E2F3 		.ascii	"[\340\342\363|\265#\230\263\254\264\365\274\327\034"
 100      7CB52398 
 100      B3ACB4F5 
 100      BCD71C
 101 0079 DDCC17E1 		.ascii	"\335\314\027\341J\242\226 \014\0070\024P\0229\004\211"
ARM GAS  C:\Users\elias\AppData\Local\Temp\ccAVOQM4.s 			page 7


 101      4AA29620 
 101      0C073014 
 101      50123904 
 101      89
 102 008a A12F859F 		.ascii	"\241/\205\237\365.=cq\364+\000\377\344\241+\313\223"
 102      F52E3D63 
 102      71F42B00 
 102      FFE4A12B 
 102      CB93
 103 009c A9A2D56A 		.ascii	"\251\242\325j9V\361\3368{0\014\220+\331\227\223\306"
 103      3956F1DE 
 103      387B300C 
 103      902BD997 
 103      93C6
 104 00ae 49F854D2 		.ascii	"I\370T\322I\311R\215ij\210w!T\225U\224\232+\345\235"
 104      49C9528D 
 104      696A8877 
 104      21549555 
 104      949A2BE5 
 105 00c3 31A5E448 		.ascii	"1\245\344H\311.\033n\351\332h\010WJ(\323\364k\371\261"
 105      C92E1B6E 
 105      E9DA6808 
 105      574A28D3 
 105      F46BF9B1 
 106 00d7 D37B1676 		.ascii	"\323{\026vmK\343\226k\337=ug\261mgxT\015\007\010`\037"
 106      6D4BE396 
 106      6BDF3D75 
 106      67B16D67 
 106      78540D07 
 107 00ee 3C280E91 		.ascii	"<(\016\221\005U\341|M\222#\341\311\335\326.\267\333"
 107      0555E17C 
 107      4D9223E1 
 107      C9DDD62E 
 107      B7DB
 108 0100 7CA00747 		.ascii	"|\240\007G\014\253\"]_n\010\317Pc\234b\324\227*\232"
 108      0CAB225D 
 108      5F6E08CF 
 108      50639C62 
 108      D4972A9A 
 109 0114 D7F17193 		.ascii	"\327\361q\223i7\231\323-\251h\002\032\216\377i\025x"
 109      693799D3 
 109      2DA96802 
 109      1A8EFF69 
 109      1578
 110 0126 2085A337 		.ascii	" \205\2437\374\211\350\324^\014j!^\257/d\306\315\344"
 110      FC89E8D4 
 110      5E0C6A21 
 110      5EAF2F64 
 110      C6CDE4
 111 0139 EC823937 		.ascii	"\354\20297\023I,&cf4\034IL\214D\303\241\361\371\370"
 111      13492C26 
 111      6366341C 
 111      494C8C44 
 111      C3A1F1F9 
 112 014e 608C7E01 		.ascii	"`\214~\001\267\012z\277"
 112      B70A7ABF 
 113              		.text
ARM GAS  C:\Users\elias\AppData\Local\Temp\ccAVOQM4.s 			page 8


 114              		.section	.gnu.lto_PGAin_ReadDataReg.15c5e4c8,"",%progbits
 115 0000 789C354F 		.ascii	"x\2345O\275KBQ\024?\277{\237O1\202\366\204jt\211 \032"
 115      BD4B4251 
 115      143FBF7B 
 115      9F4F3182 
 115      F6846A74 
 116 0017 6A8B2057 		.ascii	"j\213 WIh\022\"\354\015-\012R\263W\237\026HCKE\240\010"
 116      49681222 
 116      EC0D2D0A 
 116      52B3579F 
 116      1648434B 
 117 002e 41A87D90 		.ascii	"A\250}\220\375\001\2019\005E_[\264H\210CC\230\030A\037"
 117      FD018139 
 117      05455F5B 
 117      B4488843 
 117      43981841 
 118 0043 DAB9BD3A 		.ascii	"\332\271\275:p\317\271\367\334\337\3079\006\201t\314"
 118      70CFB9F7 
 118      DCDFC739 
 118      068174CC 
 119 0053 7319E13A 		.ascii	"s\031\341:\310\007\222 6\257\211\222\036\001\350\213"
 119      C8079220 
 119      36AF8992 
 119      1E01E88B 
 120 0063 F2801202 		.ascii	"\362\200\022\002\011\274\211o\201\313\367\213\015\257"
 120      09BC896F 
 120      81CBF78B 
 120      0DAF
 121 0071 BFA8544A 		.ascii	"\277\250TJ\325\367\213\223;\245*2\222\250'\010\343>"
 121      D5F78B93 
 121      3BA52A32 
 121      92A82708 
 121      E33E
 122 0083 8CF9B444 		.ascii	"\214\371\264D\021~b\350\323iw\253\337L+\216a\015\340"
 122      117E62E8 
 122      D36977AB 
 122      DF4C2B8E 
 122      610DE0
 123 0096 9F124C6D 		.ascii	"\237\022Lmy2WU\275\236\255\252g\336\363[\257\033\224"
 123      79325755 
 123      BD9EADAA 
 123      67DEF35B 
 123      AF1B94
 124 00a9 91ECCBC9 		.ascii	"\221\354\313\311\340$\\:\231\244e\251\3054=\304\253"
 124      E0245C3A 
 124      99A465A9 
 124      C5343DC4 
 124      AB
 125 00ba 10BACA26 		.ascii	"\020\272\312&j\037\331nyJ+\331R\262\313v\246v\343\356"
 125      6A1FD96E 
 125      794A2BD9 
 125      52B2CB76 
 125      A676E3EE 
 126 00ce 888C94D0 		.ascii	"\210\214\224\320\246\017\217\273/\246\363\254\354%\225"
 126      A60F8FBB 
 126      2FA6F3AC 
 126      EC2595
ARM GAS  C:\Users\elias\AppData\Local\Temp\ccAVOQM4.s 			page 9


 127 00dd C1AD7A36 		.ascii	"\301\255z6\367\351. \237L\363\250\006\016\340C\031<"
 127      F7E92E20 
 127      9F4CF3A8 
 127      060EE043 
 127      193C
 128 00ef 280E5100 		.ascii	"(\016Q\0005a\177\315\222-\341\310\335\267\256\362}\232"
 128      35617FCD 
 128      922DE1C8 
 128      DDB7AEF2 
 128      7D9A
 129 0101 0F0CE088 		.ascii	"\017\014\340\210aM\244\332\353\035\341\030\032\214\323"
 129      614DA4DA 
 129      EB1DE118 
 129      1A8CD3
 130 0110 8CF65AC3 		.ascii	"\214\366Z\303p:.n2\355.]\311IM\0230p\374Ok\300\001i"
 130      703A2E6E 
 130      32ED2E5D 
 130      C9494D13 
 130      3070FC4F 
 131 0128 1C3DE34F 		.ascii	"\034=\343O\304\244\337\305\240\027\342\365\206\002V"
 131      C4A4DFC5 
 131      A017E2F5 
 131      860256
 132 0137 D48A2FAE 		.ascii	"\324\212/\256XK\013\241\330j<b\205\203\241\330\314D"
 132      584B0BA1 
 132      D86A3C62 
 132      8583A1D8 
 132      CC44
 133 0149 3818985E 		.ascii	"8\030\230^\216\216F\350\007\222\260z\326"
 133      8E8E46E8 
 133      0792B07A 
 133      D6
 134              		.text
 135              		.section	.gnu.lto_.symbol_nodes.15c5e4c8,"",%progbits
 136 0000 789C6361 		.ascii	"x\234ca`dpc\000\002&\206z\006\206\011\347\030@\324\256"
 136      60647063 
 136      00022686 
 136      7A068609 
 136      E71840D4 
 137 0015 0645A000 		.ascii	"\006E\240\000c=#\252\000S=\023\252\000s=3\212\000\003"
 137      633D23AA 
 137      00533D13 
 137      AA00733D 
 137      338A0003 
 138 0029 0026B60F 		.ascii	"\000&\266\017<"
 138      3C
 139              		.text
 140              		.section	.gnu.lto_.refs.15c5e4c8,"",%progbits
 141 0000 789C6361 		.ascii	"x\234ca`\004B \000\000\0009\000\007"
 141      60044220 
 141      00000039 
 141      0007
 142              		.text
 143              		.section	.gnu.lto_.decls.15c5e4c8,"",%progbits
 144 0000 789C8D53 		.ascii	"x\234\215SMHTQ\024\276\347\2757\243=\377J\242\\\014"
 144      4D485451 
 144      14BEE7BD 
ARM GAS  C:\Users\elias\AppData\Local\Temp\ccAVOQM4.s 			page 10


 144      37A33DFF 
 144      4AA25C0C 
 145 0014 65AE5C49 		.ascii	"e\256\\I\"\201++\224\\\225\242h\033AF}\330l4\2461p\021"
 145      22812B2B 
 145      945C95A2 
 145      681B4146 
 145      7DD86C34 
 146 002c 5CFFFA73 		.ascii	"\\\377\372s\241\022Z\232\240\265\2501'\265f\306f&\315"
 146      A1125A9A 
 146      A0B5A831 
 146      27B566C6 
 146      6626CD
 147 003f 1FD02210 		.ascii	"\037\320\"\020\024M\020\203\204\321\205\344\204\222"
 147      144D1083 
 147      84D185E4 
 147      8492
 148 004d 1B299BCE 		.ascii	"\033)\233\316\275\357=\337`\023xx\347\3159\367\236\357"
 148      BDEF3DDF 
 148      60137878 
 148      E7CD39F7 
 148      9EEF
 149 005f 3BDF3DEF 		.ascii	";\337=\357\216D\2000\313\221\010y\204\277\026L\303h"
 149      8E448030 
 149      CB910879 
 149      84BF164C 
 149      C368
 150 0071 268C4B89 		.ascii	"&\214K\211a\270M\334\350^t\037z\200\374kl\337\254\341"
 150      61B84DDC 
 150      E85E741F 
 150      7A80FC6B 
 150      6CDFACE1 
 151 0085 861817FA 		.ascii	"\206\030\027\372\004\3728z\201V\003Z\335a\363F\301N"
 151      04FA387A 
 151      8156035A 
 151      DD61F346 
 151      C14E
 152 0097 47E075AC 		.ascii	"G\340u\2547\012\226\3511E\340\012\242\340|Qp\201#\340"
 152      370A96E9 
 152      3145E00A 
 152      A2E07C51 
 152      708123E0 
 153 00ab A29D735F 		.ascii	"\242\235s_\200p\237\247-v\025V@$\332\000\011\200\372"
 153      80709FA7 
 153      2D761556 
 153      4024DA00 
 153      0980FA
 154 00be 06EE4475 		.ascii	"\006\356Du\236b \0205\320\227\016\214h%\202\036\032"
 154      9E622010 
 154      35D0970E 
 154      8C682582 
 154      1E1A
 155 00d0 64FCD1F0 		.ascii	"d\374\321\360\020\326\215\223\030\354\240\201\324\\"
 155      10D68D93 
 155      18ECA081 
 155      D45C
 156 00de D7AD8140 		.ascii	"\327\255\201@0\032\200\232\352\210\010\276C\212t\315"
 156      301A809A 
ARM GAS  C:\Users\elias\AppData\Local\Temp\ccAVOQM4.s 			page 11


 156      EA8808BE 
 156      438A74CD 
 157 00ee 7A1B22E8 		.ascii	"z\033\"\350\207v\177Y\2317\211\002\260\370\333\236\363"
 157      87767F59 
 157      99378902 
 157      B0F8DB9E 
 157      F3
 158 00ff 4A868BA2 		.ascii	"J\206\213\242\265S*\2341&3\334\262>\020\273+\200E\206"
 158      B5532A9C 
 158      312633DC 
 158      B23E10BB 
 158      2B804586 
 159 0113 30B07CCB 		.ascii	"0\260|\313\277\227\240\346l\273\273#\370'N<\315ba18"
 159      BF97A0E6 
 159      6CBBBB23 
 159      F8274E3C 
 159      CD626131 
 160 0128 B82941BA 		.ascii	"\270)A\272\374\202\321\254\375Z\317\361Sz\034\206@\006"
 160      FC82D1AC 
 160      FD5ACFF1 
 160      537A1C86 
 160      4006
 161 013a 17883000 		.ascii	"\027\2100\000\031L\203E\306\367}J\033\351\366sjN!\220"
 161      194C8345 
 161      C6F77D4A 
 161      1BE9F673 
 161      6A4E2190 
 162 014e 6581F316 		.ascii	"e\201\363\026\002\257!\235q\262*\030\004\013\274\002"
 162      02AF219D 
 162      71B22A18 
 162      040BBC02 
 163 015e 0BE3DF78 		.ascii	"\013\343\337x\334\367\335,\241d\316S!\261\265\205\346"
 163      DCF7DD2C 
 163      A164CE53 
 163      21B1B585 
 163      E6
 164 016f 915E1125 		.ascii	"\221^\021%$\313 a\2723\327\023L\304\364\244\014\251"
 164      24CB2061 
 164      BA33D713 
 164      4CC4F4A4 
 164      0CA9
 165 0181 98BA025F 		.ascii	"\230\272\002_\267\314)]\374(M4U\202\322S\360\006\011"
 165      B7CC295D 
 165      FC284D34 
 165      5582D253 
 165      F00609
 166 0194 479090C0 		.ascii	"G\220\220\300[H\301\3670H\352\351Z}\015cqi\375\264\177"
 166      5B48C1F7 
 166      3048EAE9 
 166      5A7D0D63 
 166      7169FDB4 
 167 01a9 84AE8537 		.ascii	"\204\256\2057\262\272\351d3\342\004V\006NC\264\223\335"
 167      B2BAE964 
 167      33E20456 
 167      064E43B4 
 167      93DD
 168 01bb 0B022F61 		.ascii	"\013\002/a\025g\350\2064D\206B\376\337Ib9\037Bpkv\351"
ARM GAS  C:\Users\elias\AppData\Local\Temp\ccAVOQM4.s 			page 12


 168      1567E886 
 168      34448642 
 168      FEDF4962 
 168      391F4270 
 169 01d2 98CA32B9 		.ascii	"\230\3122\271;\033O\333\033(\275\3049<\006\207'\222"
 169      3B1B4FDB 
 169      1B28BDC4 
 169      393C0687 
 169      2792
 170 01e4 C3CB3996 		.ascii	"\303\3139\226V\002- \3329\307|\353LSR\244lv^C\367;\256"
 170      56022D20 
 170      DA39C77C 
 170      EB4C5352 
 170      A46C765E 
 171 01fc BB4293ED 		.ascii	"\273B\223\355\372\021ZH\320\032.~\024\017dc\025\214"
 171      FA115A48 
 171      D01A2E7E 
 171      140F6463 
 171      158C
 172 020e 1A2D4723 		.ascii	"\032-G#[\372x\313\273\316\360\214 \336\341-\273\356"
 172      5BFA78CB 
 172      BBCEF08C 
 172      20DEE12D 
 172      BBEE
 173 0220 ED4CE9B2 		.ascii	"\355L\351\262\003\237u\331\214\303op\370#9\002\234c"
 173      039F75D9 
 173      8CC36F70 
 173      F8233902 
 173      9C63
 174 0232 B7F9E7B2 		.ascii	"\267\371\347\262Y\306o\330t\264o8\267\371,\034#\266"
 174      59C66FD8 
 174      74B46F38 
 174      B7F92C1C 
 174      23B6
 175 0244 01BF24EE 		.ascii	"\001\277$\356\316\356\316\030\220\323\243\300?D\201"
 175      CEEECE18 
 175      90D3A3C0 
 175      3F4481
 176 0253 6B77C955 		.ascii	"kw\311U\322\361\200\035p\034\2072f\210{\017\262:\020"
 176      D2F1801D 
 176      701C8732 
 176      66887B0F 
 176      B23A10
 177 0266 CF7C68D8 		.ascii	"\317|h\330\024\377\220]+\234^\362\247D^i\214o\002\342"
 177      14FF905D 
 177      2B9C5EF2 
 177      A7445E69 
 177      8C6F02E2 
 178 027a F93F007F 		.ascii	"\371?\000\177\367\005ql\371i\257\210{\354\221{(J\241"
 178      F705716C 
 178      F969AF88 
 178      7BEC917B 
 178      284AA1
 179 028d 0B00D348 		.ascii	"\013\000\323H\306\223\355\213<f\313t\273\221\232\237"
 179      C693ED8B 
 179      3C66CB74 
 179      BB919A9F 
ARM GAS  C:\Users\elias\AppData\Local\Temp\ccAVOQM4.s 			page 13


 180 029d 24EA1209 		.ascii	"$\352\022\011\337 0\211\310)$\346i\\a\376e[M\371u\273"
 180      DF203089 
 180      C82924E6 
 180      695C61FE 
 180      655B4DF9 
 181 02b3 CDA1C4E6 		.ascii	"\315\241\304\346_+I\315\315\314$\246:[\215#\373\\\276"
 181      5F2B49CD 
 181      CDCC24A6 
 181      3A5B8D23 
 181      FB5CBE
 182 02c6 52A3D8AD 		.ascii	"R\243\330\255\016\245\252\274\270\266\316^\251\224\025"
 182      0EA5AABC 
 182      B8B6CE5E 
 182      A99415
 183 02d5 16D7E65E 		.ascii	"\026\327\346^(\253\254w\324\337Tne\334 g\377S\30193"
 183      28ABAC77 
 183      D4DF546E 
 183      65DC2067 
 183      FF53C139 
 184 02ea 2A49B24A 		.ascii	"*I\262J^\2548\362\354\266\333\312\325\332*EV\227\212"
 184      5EAC38F2 
 184      ECB6DBCA 
 184      D5DA2A45 
 184      56978A
 185 02fd 146BD509 		.ascii	"\024k\325\011#\314\263:\254EJ\265dW\252\263\377\002"
 185      23CCB33A 
 185      AC454AB5 
 185      6457AAB3 
 185      FF02
 186 030f DD226220 		.ascii	"\335\"b "
 187              		.text
 188              		.section	.gnu.lto_.symtab.15c5e4c8,"",%progbits
 189 0000 50474169 		.ascii	"PGAin_Write\000"
 189      6E5F5772 
 189      69746500 
 190 000c 00       		.ascii	"\000"
 191 000d 00       		.ascii	"\000"
 192 000e 00       		.ascii	"\000"
 193 000f 00000000 		.ascii	"\000\000\000\000\000\000\000\000"
 193      00000000 
 194 0017 B3000000 		.ascii	"\263\000\000\000"
 195 001b 50474169 		.ascii	"PGAin_SetDriveMode\000"
 195      6E5F5365 
 195      74447269 
 195      76654D6F 
 195      646500
 196 002e 00       		.ascii	"\000"
 197 002f 00       		.ascii	"\000"
 198 0030 00       		.ascii	"\000"
 199 0031 00000000 		.ascii	"\000\000\000\000\000\000\000\000"
 199      00000000 
 200 0039 B5000000 		.ascii	"\265\000\000\000"
 201 003d 50474169 		.ascii	"PGAin_Read\000"
 201      6E5F5265 
 201      616400
 202 0048 00       		.ascii	"\000"
 203 0049 00       		.ascii	"\000"
ARM GAS  C:\Users\elias\AppData\Local\Temp\ccAVOQM4.s 			page 14


 204 004a 00       		.ascii	"\000"
 205 004b 00000000 		.ascii	"\000\000\000\000\000\000\000\000"
 205      00000000 
 206 0053 B8000000 		.ascii	"\270\000\000\000"
 207 0057 50474169 		.ascii	"PGAin_ReadDataReg\000"
 207      6E5F5265 
 207      61644461 
 207      74615265 
 207      6700
 208 0069 00       		.ascii	"\000"
 209 006a 00       		.ascii	"\000"
 210 006b 00       		.ascii	"\000"
 211 006c 00000000 		.ascii	"\000\000\000\000\000\000\000\000"
 211      00000000 
 212 0074 BA000000 		.ascii	"\272\000\000\000"
 213              		.text
 214              		.section	.gnu.lto_.opts,"",%progbits
 215 0000 272D666D 		.ascii	"'-fmath-errno' '-fsigned-zeros' '-ftrapping-math' '"
 215      6174682D 
 215      6572726E 
 215      6F272027 
 215      2D667369 
 216 0033 2D666E6F 		.ascii	"-fno-trapv' '-fno-openmp' '-fno-openacc' '-mcpu=cor"
 216      2D747261 
 216      70762720 
 216      272D666E 
 216      6F2D6F70 
 217 0066 7465782D 		.ascii	"tex-m3' '-mthumb' '-g' '-O3' '-ffunction-sections' "
 217      6D332720 
 217      272D6D74 
 217      68756D62 
 217      2720272D 
 218 0099 272D6666 		.ascii	"'-ffat-lto-objects' '-finline-functions' '-flto'\000"
 218      61742D6C 
 218      746F2D6F 
 218      626A6563 
 218      74732720 
 219              		.text
 220              		.cfi_sections	.debug_frame
 221              		.section	.text.PGAin_Write,"ax",%progbits
 222              		.align	2
 223              		.global	PGAin_Write
 224              		.thumb
 225              		.thumb_func
 226              		.type	PGAin_Write, %function
 227              	PGAin_Write:
 228              	.LFB0:
 229              		.file 1 "Generated_Source\\PSoC5\\PGAin.c"
   1:Generated_Source\PSoC5/PGAin.c **** /*******************************************************************************
   2:Generated_Source\PSoC5/PGAin.c **** * File Name: PGAin.c  
   3:Generated_Source\PSoC5/PGAin.c **** * Version 2.20
   4:Generated_Source\PSoC5/PGAin.c **** *
   5:Generated_Source\PSoC5/PGAin.c **** * Description:
   6:Generated_Source\PSoC5/PGAin.c **** *  This file contains API to enable firmware control of a Pins component.
   7:Generated_Source\PSoC5/PGAin.c **** *
   8:Generated_Source\PSoC5/PGAin.c **** * Note:
   9:Generated_Source\PSoC5/PGAin.c **** *
ARM GAS  C:\Users\elias\AppData\Local\Temp\ccAVOQM4.s 			page 15


  10:Generated_Source\PSoC5/PGAin.c **** ********************************************************************************
  11:Generated_Source\PSoC5/PGAin.c **** * Copyright 2008-2015, Cypress Semiconductor Corporation.  All rights reserved.
  12:Generated_Source\PSoC5/PGAin.c **** * You may use this file only in accordance with the license, terms, conditions, 
  13:Generated_Source\PSoC5/PGAin.c **** * disclaimers, and limitations in the end user license agreement accompanying 
  14:Generated_Source\PSoC5/PGAin.c **** * the software package with which this file was provided.
  15:Generated_Source\PSoC5/PGAin.c **** *******************************************************************************/
  16:Generated_Source\PSoC5/PGAin.c **** 
  17:Generated_Source\PSoC5/PGAin.c **** #include "cytypes.h"
  18:Generated_Source\PSoC5/PGAin.c **** #include "PGAin.h"
  19:Generated_Source\PSoC5/PGAin.c **** 
  20:Generated_Source\PSoC5/PGAin.c **** /* APIs are not generated for P15[7:6] on PSoC 5 */
  21:Generated_Source\PSoC5/PGAin.c **** #if !(CY_PSOC5A &&\
  22:Generated_Source\PSoC5/PGAin.c **** 	 PGAin__PORT == 15 && ((PGAin__MASK & 0xC0) != 0))
  23:Generated_Source\PSoC5/PGAin.c **** 
  24:Generated_Source\PSoC5/PGAin.c **** 
  25:Generated_Source\PSoC5/PGAin.c **** /*******************************************************************************
  26:Generated_Source\PSoC5/PGAin.c **** * Function Name: PGAin_Write
  27:Generated_Source\PSoC5/PGAin.c **** ****************************************************************************//**
  28:Generated_Source\PSoC5/PGAin.c **** *
  29:Generated_Source\PSoC5/PGAin.c **** * \brief Writes the value to the physical port (data output register), masking
  30:Generated_Source\PSoC5/PGAin.c **** *  and shifting the bits appropriately. 
  31:Generated_Source\PSoC5/PGAin.c **** *
  32:Generated_Source\PSoC5/PGAin.c **** * The data output register controls the signal applied to the physical pin in 
  33:Generated_Source\PSoC5/PGAin.c **** * conjunction with the drive mode parameter. This function avoids changing 
  34:Generated_Source\PSoC5/PGAin.c **** * other bits in the port by using the appropriate method (read-modify-write or
  35:Generated_Source\PSoC5/PGAin.c **** * bit banding).
  36:Generated_Source\PSoC5/PGAin.c **** *
  37:Generated_Source\PSoC5/PGAin.c **** * <b>Note</b> This function should not be used on a hardware digital output pin 
  38:Generated_Source\PSoC5/PGAin.c **** * as it is driven by the hardware signal attached to it.
  39:Generated_Source\PSoC5/PGAin.c **** *
  40:Generated_Source\PSoC5/PGAin.c **** * \param value
  41:Generated_Source\PSoC5/PGAin.c **** *  Value to write to the component instance.
  42:Generated_Source\PSoC5/PGAin.c **** *
  43:Generated_Source\PSoC5/PGAin.c **** * \return 
  44:Generated_Source\PSoC5/PGAin.c **** *  None 
  45:Generated_Source\PSoC5/PGAin.c **** *
  46:Generated_Source\PSoC5/PGAin.c **** * \sideeffect
  47:Generated_Source\PSoC5/PGAin.c **** *  If you use read-modify-write operations that are not atomic; the Interrupt 
  48:Generated_Source\PSoC5/PGAin.c **** *  Service Routines (ISR) can cause corruption of this function. An ISR that 
  49:Generated_Source\PSoC5/PGAin.c **** *  interrupts this function and performs writes to the Pins component data 
  50:Generated_Source\PSoC5/PGAin.c **** *  register can cause corrupted port data. To avoid this issue, you should 
  51:Generated_Source\PSoC5/PGAin.c **** *  either use the Per-Pin APIs (primary method) or disable interrupts around 
  52:Generated_Source\PSoC5/PGAin.c **** *  this function.
  53:Generated_Source\PSoC5/PGAin.c **** *
  54:Generated_Source\PSoC5/PGAin.c **** * \funcusage
  55:Generated_Source\PSoC5/PGAin.c **** *  \snippet PGAin_SUT.c usage_PGAin_Write
  56:Generated_Source\PSoC5/PGAin.c **** *******************************************************************************/
  57:Generated_Source\PSoC5/PGAin.c **** void PGAin_Write(uint8 value)
  58:Generated_Source\PSoC5/PGAin.c **** {
 230              		.loc 1 58 0
 231              		.cfi_startproc
 232              		@ args = 0, pretend = 0, frame = 0
 233              		@ frame_needed = 0, uses_anonymous_args = 0
 234              		@ link register save eliminated.
 235              	.LVL0:
  59:Generated_Source\PSoC5/PGAin.c ****     uint8 staticBits = (PGAin_DR & (uint8)(~PGAin_MASK));
 236              		.loc 1 59 0
ARM GAS  C:\Users\elias\AppData\Local\Temp\ccAVOQM4.s 			page 16


 237 0000 044A     		ldr	r2, .L2
  60:Generated_Source\PSoC5/PGAin.c ****     PGAin_DR = staticBits | ((uint8)(value << PGAin_SHIFT) & PGAin_MASK);
 238              		.loc 1 60 0
 239 0002 0001     		lsls	r0, r0, #4
 240              	.LVL1:
  59:Generated_Source\PSoC5/PGAin.c ****     uint8 staticBits = (PGAin_DR & (uint8)(~PGAin_MASK));
 241              		.loc 1 59 0
 242 0004 1378     		ldrb	r3, [r2]	@ zero_extendqisi2
 243              	.LVL2:
 244              		.loc 1 60 0
 245 0006 00F01000 		and	r0, r0, #16
 246 000a 03F0EF03 		and	r3, r3, #239
 247              	.LVL3:
 248 000e 1843     		orrs	r0, r0, r3
 249 0010 1070     		strb	r0, [r2]
 250 0012 7047     		bx	lr
 251              	.L3:
 252              		.align	2
 253              	.L2:
 254 0014 30510040 		.word	1073762608
 255              		.cfi_endproc
 256              	.LFE0:
 257              		.size	PGAin_Write, .-PGAin_Write
 258              		.section	.text.PGAin_SetDriveMode,"ax",%progbits
 259              		.align	2
 260              		.global	PGAin_SetDriveMode
 261              		.thumb
 262              		.thumb_func
 263              		.type	PGAin_SetDriveMode, %function
 264              	PGAin_SetDriveMode:
 265              	.LFB1:
  61:Generated_Source\PSoC5/PGAin.c **** }
  62:Generated_Source\PSoC5/PGAin.c **** 
  63:Generated_Source\PSoC5/PGAin.c **** 
  64:Generated_Source\PSoC5/PGAin.c **** /*******************************************************************************
  65:Generated_Source\PSoC5/PGAin.c **** * Function Name: PGAin_SetDriveMode
  66:Generated_Source\PSoC5/PGAin.c **** ****************************************************************************//**
  67:Generated_Source\PSoC5/PGAin.c **** *
  68:Generated_Source\PSoC5/PGAin.c **** * \brief Sets the drive mode for each of the Pins component's pins.
  69:Generated_Source\PSoC5/PGAin.c **** * 
  70:Generated_Source\PSoC5/PGAin.c **** * <b>Note</b> This affects all pins in the Pins component instance. Use the
  71:Generated_Source\PSoC5/PGAin.c **** * Per-Pin APIs if you wish to control individual pin's drive modes.
  72:Generated_Source\PSoC5/PGAin.c **** *
  73:Generated_Source\PSoC5/PGAin.c **** * \param mode
  74:Generated_Source\PSoC5/PGAin.c **** *  Mode for the selected signals. Valid options are documented in 
  75:Generated_Source\PSoC5/PGAin.c **** *  \ref driveMode.
  76:Generated_Source\PSoC5/PGAin.c **** *
  77:Generated_Source\PSoC5/PGAin.c **** * \return
  78:Generated_Source\PSoC5/PGAin.c **** *  None
  79:Generated_Source\PSoC5/PGAin.c **** *
  80:Generated_Source\PSoC5/PGAin.c **** * \sideeffect
  81:Generated_Source\PSoC5/PGAin.c **** *  If you use read-modify-write operations that are not atomic, the ISR can
  82:Generated_Source\PSoC5/PGAin.c **** *  cause corruption of this function. An ISR that interrupts this function 
  83:Generated_Source\PSoC5/PGAin.c **** *  and performs writes to the Pins component Drive Mode registers can cause 
  84:Generated_Source\PSoC5/PGAin.c **** *  corrupted port data. To avoid this issue, you should either use the Per-Pin
  85:Generated_Source\PSoC5/PGAin.c **** *  APIs (primary method) or disable interrupts around this function.
  86:Generated_Source\PSoC5/PGAin.c **** *
ARM GAS  C:\Users\elias\AppData\Local\Temp\ccAVOQM4.s 			page 17


  87:Generated_Source\PSoC5/PGAin.c **** * \funcusage
  88:Generated_Source\PSoC5/PGAin.c **** *  \snippet PGAin_SUT.c usage_PGAin_SetDriveMode
  89:Generated_Source\PSoC5/PGAin.c **** *******************************************************************************/
  90:Generated_Source\PSoC5/PGAin.c **** void PGAin_SetDriveMode(uint8 mode)
  91:Generated_Source\PSoC5/PGAin.c **** {
 266              		.loc 1 91 0
 267              		.cfi_startproc
 268              		@ args = 0, pretend = 0, frame = 0
 269              		@ frame_needed = 0, uses_anonymous_args = 0
 270              		@ link register save eliminated.
 271              	.LVL4:
  92:Generated_Source\PSoC5/PGAin.c **** 	CyPins_SetPinDriveMode(PGAin_0, mode);
 272              		.loc 1 92 0
 273 0000 044A     		ldr	r2, .L5
 274 0002 00F00E00 		and	r0, r0, #14
 275              	.LVL5:
 276 0006 1378     		ldrb	r3, [r2]	@ zero_extendqisi2
 277 0008 03F0F103 		and	r3, r3, #241
 278 000c 1843     		orrs	r0, r0, r3
 279 000e 1070     		strb	r0, [r2]
 280 0010 7047     		bx	lr
 281              	.L6:
 282 0012 00BF     		.align	2
 283              	.L5:
 284 0014 1C500040 		.word	1073762332
 285              		.cfi_endproc
 286              	.LFE1:
 287              		.size	PGAin_SetDriveMode, .-PGAin_SetDriveMode
 288              		.section	.text.PGAin_Read,"ax",%progbits
 289              		.align	2
 290              		.global	PGAin_Read
 291              		.thumb
 292              		.thumb_func
 293              		.type	PGAin_Read, %function
 294              	PGAin_Read:
 295              	.LFB2:
  93:Generated_Source\PSoC5/PGAin.c **** }
  94:Generated_Source\PSoC5/PGAin.c **** 
  95:Generated_Source\PSoC5/PGAin.c **** 
  96:Generated_Source\PSoC5/PGAin.c **** /*******************************************************************************
  97:Generated_Source\PSoC5/PGAin.c **** * Function Name: PGAin_Read
  98:Generated_Source\PSoC5/PGAin.c **** ****************************************************************************//**
  99:Generated_Source\PSoC5/PGAin.c **** *
 100:Generated_Source\PSoC5/PGAin.c **** * \brief Reads the associated physical port (pin status register) and masks 
 101:Generated_Source\PSoC5/PGAin.c **** *  the required bits according to the width and bit position of the component
 102:Generated_Source\PSoC5/PGAin.c **** *  instance. 
 103:Generated_Source\PSoC5/PGAin.c **** *
 104:Generated_Source\PSoC5/PGAin.c **** * The pin's status register returns the current logic level present on the 
 105:Generated_Source\PSoC5/PGAin.c **** * physical pin.
 106:Generated_Source\PSoC5/PGAin.c **** *
 107:Generated_Source\PSoC5/PGAin.c **** * \return 
 108:Generated_Source\PSoC5/PGAin.c **** *  The current value for the pins in the component as a right justified number.
 109:Generated_Source\PSoC5/PGAin.c **** *
 110:Generated_Source\PSoC5/PGAin.c **** * \funcusage
 111:Generated_Source\PSoC5/PGAin.c **** *  \snippet PGAin_SUT.c usage_PGAin_Read  
 112:Generated_Source\PSoC5/PGAin.c **** *******************************************************************************/
 113:Generated_Source\PSoC5/PGAin.c **** uint8 PGAin_Read(void)
ARM GAS  C:\Users\elias\AppData\Local\Temp\ccAVOQM4.s 			page 18


 114:Generated_Source\PSoC5/PGAin.c **** {
 296              		.loc 1 114 0
 297              		.cfi_startproc
 298              		@ args = 0, pretend = 0, frame = 0
 299              		@ frame_needed = 0, uses_anonymous_args = 0
 300              		@ link register save eliminated.
 115:Generated_Source\PSoC5/PGAin.c ****     return (PGAin_PS & PGAin_MASK) >> PGAin_SHIFT;
 301              		.loc 1 115 0
 302 0000 024B     		ldr	r3, .L8
 303 0002 1878     		ldrb	r0, [r3]	@ zero_extendqisi2
 116:Generated_Source\PSoC5/PGAin.c **** }
 304              		.loc 1 116 0
 305 0004 C0F30010 		ubfx	r0, r0, #4, #1
 306 0008 7047     		bx	lr
 307              	.L9:
 308 000a 00BF     		.align	2
 309              	.L8:
 310 000c 31510040 		.word	1073762609
 311              		.cfi_endproc
 312              	.LFE2:
 313              		.size	PGAin_Read, .-PGAin_Read
 314              		.section	.text.PGAin_ReadDataReg,"ax",%progbits
 315              		.align	2
 316              		.global	PGAin_ReadDataReg
 317              		.thumb
 318              		.thumb_func
 319              		.type	PGAin_ReadDataReg, %function
 320              	PGAin_ReadDataReg:
 321              	.LFB3:
 117:Generated_Source\PSoC5/PGAin.c **** 
 118:Generated_Source\PSoC5/PGAin.c **** 
 119:Generated_Source\PSoC5/PGAin.c **** /*******************************************************************************
 120:Generated_Source\PSoC5/PGAin.c **** * Function Name: PGAin_ReadDataReg
 121:Generated_Source\PSoC5/PGAin.c **** ****************************************************************************//**
 122:Generated_Source\PSoC5/PGAin.c **** *
 123:Generated_Source\PSoC5/PGAin.c **** * \brief Reads the associated physical port's data output register and masks 
 124:Generated_Source\PSoC5/PGAin.c **** *  the correct bits according to the width and bit position of the component 
 125:Generated_Source\PSoC5/PGAin.c **** *  instance. 
 126:Generated_Source\PSoC5/PGAin.c **** *
 127:Generated_Source\PSoC5/PGAin.c **** * The data output register controls the signal applied to the physical pin in 
 128:Generated_Source\PSoC5/PGAin.c **** * conjunction with the drive mode parameter. This is not the same as the 
 129:Generated_Source\PSoC5/PGAin.c **** * preferred PGAin_Read() API because the 
 130:Generated_Source\PSoC5/PGAin.c **** * PGAin_ReadDataReg() reads the data register instead of the status 
 131:Generated_Source\PSoC5/PGAin.c **** * register. For output pins this is a useful function to determine the value 
 132:Generated_Source\PSoC5/PGAin.c **** * just written to the pin.
 133:Generated_Source\PSoC5/PGAin.c **** *
 134:Generated_Source\PSoC5/PGAin.c **** * \return 
 135:Generated_Source\PSoC5/PGAin.c **** *  The current value of the data register masked and shifted into a right 
 136:Generated_Source\PSoC5/PGAin.c **** *  justified number for the component instance.
 137:Generated_Source\PSoC5/PGAin.c **** *
 138:Generated_Source\PSoC5/PGAin.c **** * \funcusage
 139:Generated_Source\PSoC5/PGAin.c **** *  \snippet PGAin_SUT.c usage_PGAin_ReadDataReg 
 140:Generated_Source\PSoC5/PGAin.c **** *******************************************************************************/
 141:Generated_Source\PSoC5/PGAin.c **** uint8 PGAin_ReadDataReg(void)
 142:Generated_Source\PSoC5/PGAin.c **** {
 322              		.loc 1 142 0
 323              		.cfi_startproc
ARM GAS  C:\Users\elias\AppData\Local\Temp\ccAVOQM4.s 			page 19


 324              		@ args = 0, pretend = 0, frame = 0
 325              		@ frame_needed = 0, uses_anonymous_args = 0
 326              		@ link register save eliminated.
 143:Generated_Source\PSoC5/PGAin.c ****     return (PGAin_DR & PGAin_MASK) >> PGAin_SHIFT;
 327              		.loc 1 143 0
 328 0000 024B     		ldr	r3, .L11
 329 0002 1878     		ldrb	r0, [r3]	@ zero_extendqisi2
 144:Generated_Source\PSoC5/PGAin.c **** }
 330              		.loc 1 144 0
 331 0004 C0F30010 		ubfx	r0, r0, #4, #1
 332 0008 7047     		bx	lr
 333              	.L12:
 334 000a 00BF     		.align	2
 335              	.L11:
 336 000c 30510040 		.word	1073762608
 337              		.cfi_endproc
 338              	.LFE3:
 339              		.size	PGAin_ReadDataReg, .-PGAin_ReadDataReg
 340              		.text
 341              	.Letext0:
 342              		.file 2 "Generated_Source\\PSoC5\\cytypes.h"
 343              		.section	.debug_info,"",%progbits
 344              	.Ldebug_info0:
 345 0000 1D010000 		.4byte	0x11d
 346 0004 0400     		.2byte	0x4
 347 0006 00000000 		.4byte	.Ldebug_abbrev0
 348 000a 04       		.byte	0x4
 349 000b 01       		.uleb128 0x1
 350 000c 43000000 		.4byte	.LASF20
 351 0010 0C       		.byte	0xc
 352 0011 C8010000 		.4byte	.LASF21
 353 0015 FC000000 		.4byte	.LASF22
 354 0019 00000000 		.4byte	.Ldebug_ranges0+0
 355 001d 00000000 		.4byte	0
 356 0021 00000000 		.4byte	.Ldebug_line0
 357 0025 02       		.uleb128 0x2
 358 0026 01       		.byte	0x1
 359 0027 06       		.byte	0x6
 360 0028 E7010000 		.4byte	.LASF0
 361 002c 02       		.uleb128 0x2
 362 002d 01       		.byte	0x1
 363 002e 08       		.byte	0x8
 364 002f 22000000 		.4byte	.LASF1
 365 0033 02       		.uleb128 0x2
 366 0034 02       		.byte	0x2
 367 0035 05       		.byte	0x5
 368 0036 AF010000 		.4byte	.LASF2
 369 003a 02       		.uleb128 0x2
 370 003b 02       		.byte	0x2
 371 003c 07       		.byte	0x7
 372 003d 36010000 		.4byte	.LASF3
 373 0041 02       		.uleb128 0x2
 374 0042 04       		.byte	0x4
 375 0043 05       		.byte	0x5
 376 0044 BF010000 		.4byte	.LASF4
 377 0048 02       		.uleb128 0x2
 378 0049 04       		.byte	0x4
ARM GAS  C:\Users\elias\AppData\Local\Temp\ccAVOQM4.s 			page 20


 379 004a 07       		.byte	0x7
 380 004b EA000000 		.4byte	.LASF5
 381 004f 02       		.uleb128 0x2
 382 0050 08       		.byte	0x8
 383 0051 05       		.byte	0x5
 384 0052 9C010000 		.4byte	.LASF6
 385 0056 02       		.uleb128 0x2
 386 0057 08       		.byte	0x8
 387 0058 07       		.byte	0x7
 388 0059 6F010000 		.4byte	.LASF7
 389 005d 03       		.uleb128 0x3
 390 005e 04       		.byte	0x4
 391 005f 05       		.byte	0x5
 392 0060 696E7400 		.ascii	"int\000"
 393 0064 02       		.uleb128 0x2
 394 0065 04       		.byte	0x4
 395 0066 07       		.byte	0x7
 396 0067 62010000 		.4byte	.LASF8
 397 006b 04       		.uleb128 0x4
 398 006c B9010000 		.4byte	.LASF12
 399 0070 02       		.byte	0x2
 400 0071 E901     		.2byte	0x1e9
 401 0073 2C000000 		.4byte	0x2c
 402 0077 02       		.uleb128 0x2
 403 0078 04       		.byte	0x4
 404 0079 04       		.byte	0x4
 405 007a 1C000000 		.4byte	.LASF9
 406 007e 02       		.uleb128 0x2
 407 007f 08       		.byte	0x8
 408 0080 04       		.byte	0x4
 409 0081 5B010000 		.4byte	.LASF10
 410 0085 02       		.uleb128 0x2
 411 0086 01       		.byte	0x1
 412 0087 08       		.byte	0x8
 413 0088 AA010000 		.4byte	.LASF11
 414 008c 04       		.uleb128 0x4
 415 008d 97010000 		.4byte	.LASF13
 416 0091 02       		.byte	0x2
 417 0092 9302     		.2byte	0x293
 418 0094 98000000 		.4byte	0x98
 419 0098 05       		.uleb128 0x5
 420 0099 6B000000 		.4byte	0x6b
 421 009d 06       		.uleb128 0x6
 422 009e 8B010000 		.4byte	.LASF14
 423 00a2 01       		.byte	0x1
 424 00a3 39       		.byte	0x39
 425 00a4 00000000 		.4byte	.LFB0
 426 00a8 18000000 		.4byte	.LFE0-.LFB0
 427 00ac 01       		.uleb128 0x1
 428 00ad 9C       		.byte	0x9c
 429 00ae D1000000 		.4byte	0xd1
 430 00b2 07       		.uleb128 0x7
 431 00b3 00000000 		.4byte	.LASF16
 432 00b7 01       		.byte	0x1
 433 00b8 39       		.byte	0x39
 434 00b9 6B000000 		.4byte	0x6b
 435 00bd 00000000 		.4byte	.LLST0
ARM GAS  C:\Users\elias\AppData\Local\Temp\ccAVOQM4.s 			page 21


 436 00c1 08       		.uleb128 0x8
 437 00c2 06000000 		.4byte	.LASF23
 438 00c6 01       		.byte	0x1
 439 00c7 3B       		.byte	0x3b
 440 00c8 6B000000 		.4byte	0x6b
 441 00cc 21000000 		.4byte	.LLST1
 442 00d0 00       		.byte	0
 443 00d1 06       		.uleb128 0x6
 444 00d2 30000000 		.4byte	.LASF15
 445 00d6 01       		.byte	0x1
 446 00d7 5A       		.byte	0x5a
 447 00d8 00000000 		.4byte	.LFB1
 448 00dc 18000000 		.4byte	.LFE1-.LFB1
 449 00e0 01       		.uleb128 0x1
 450 00e1 9C       		.byte	0x9c
 451 00e2 F6000000 		.4byte	0xf6
 452 00e6 07       		.uleb128 0x7
 453 00e7 86010000 		.4byte	.LASF17
 454 00eb 01       		.byte	0x1
 455 00ec 5A       		.byte	0x5a
 456 00ed 6B000000 		.4byte	0x6b
 457 00f1 39000000 		.4byte	.LLST2
 458 00f5 00       		.byte	0
 459 00f6 09       		.uleb128 0x9
 460 00f7 11000000 		.4byte	.LASF18
 461 00fb 01       		.byte	0x1
 462 00fc 71       		.byte	0x71
 463 00fd 6B000000 		.4byte	0x6b
 464 0101 00000000 		.4byte	.LFB2
 465 0105 10000000 		.4byte	.LFE2-.LFB2
 466 0109 01       		.uleb128 0x1
 467 010a 9C       		.byte	0x9c
 468 010b 09       		.uleb128 0x9
 469 010c 49010000 		.4byte	.LASF19
 470 0110 01       		.byte	0x1
 471 0111 8D       		.byte	0x8d
 472 0112 6B000000 		.4byte	0x6b
 473 0116 00000000 		.4byte	.LFB3
 474 011a 10000000 		.4byte	.LFE3-.LFB3
 475 011e 01       		.uleb128 0x1
 476 011f 9C       		.byte	0x9c
 477 0120 00       		.byte	0
 478              		.section	.debug_abbrev,"",%progbits
 479              	.Ldebug_abbrev0:
 480 0000 01       		.uleb128 0x1
 481 0001 11       		.uleb128 0x11
 482 0002 01       		.byte	0x1
 483 0003 25       		.uleb128 0x25
 484 0004 0E       		.uleb128 0xe
 485 0005 13       		.uleb128 0x13
 486 0006 0B       		.uleb128 0xb
 487 0007 03       		.uleb128 0x3
 488 0008 0E       		.uleb128 0xe
 489 0009 1B       		.uleb128 0x1b
 490 000a 0E       		.uleb128 0xe
 491 000b 55       		.uleb128 0x55
 492 000c 17       		.uleb128 0x17
ARM GAS  C:\Users\elias\AppData\Local\Temp\ccAVOQM4.s 			page 22


 493 000d 11       		.uleb128 0x11
 494 000e 01       		.uleb128 0x1
 495 000f 10       		.uleb128 0x10
 496 0010 17       		.uleb128 0x17
 497 0011 00       		.byte	0
 498 0012 00       		.byte	0
 499 0013 02       		.uleb128 0x2
 500 0014 24       		.uleb128 0x24
 501 0015 00       		.byte	0
 502 0016 0B       		.uleb128 0xb
 503 0017 0B       		.uleb128 0xb
 504 0018 3E       		.uleb128 0x3e
 505 0019 0B       		.uleb128 0xb
 506 001a 03       		.uleb128 0x3
 507 001b 0E       		.uleb128 0xe
 508 001c 00       		.byte	0
 509 001d 00       		.byte	0
 510 001e 03       		.uleb128 0x3
 511 001f 24       		.uleb128 0x24
 512 0020 00       		.byte	0
 513 0021 0B       		.uleb128 0xb
 514 0022 0B       		.uleb128 0xb
 515 0023 3E       		.uleb128 0x3e
 516 0024 0B       		.uleb128 0xb
 517 0025 03       		.uleb128 0x3
 518 0026 08       		.uleb128 0x8
 519 0027 00       		.byte	0
 520 0028 00       		.byte	0
 521 0029 04       		.uleb128 0x4
 522 002a 16       		.uleb128 0x16
 523 002b 00       		.byte	0
 524 002c 03       		.uleb128 0x3
 525 002d 0E       		.uleb128 0xe
 526 002e 3A       		.uleb128 0x3a
 527 002f 0B       		.uleb128 0xb
 528 0030 3B       		.uleb128 0x3b
 529 0031 05       		.uleb128 0x5
 530 0032 49       		.uleb128 0x49
 531 0033 13       		.uleb128 0x13
 532 0034 00       		.byte	0
 533 0035 00       		.byte	0
 534 0036 05       		.uleb128 0x5
 535 0037 35       		.uleb128 0x35
 536 0038 00       		.byte	0
 537 0039 49       		.uleb128 0x49
 538 003a 13       		.uleb128 0x13
 539 003b 00       		.byte	0
 540 003c 00       		.byte	0
 541 003d 06       		.uleb128 0x6
 542 003e 2E       		.uleb128 0x2e
 543 003f 01       		.byte	0x1
 544 0040 3F       		.uleb128 0x3f
 545 0041 19       		.uleb128 0x19
 546 0042 03       		.uleb128 0x3
 547 0043 0E       		.uleb128 0xe
 548 0044 3A       		.uleb128 0x3a
 549 0045 0B       		.uleb128 0xb
ARM GAS  C:\Users\elias\AppData\Local\Temp\ccAVOQM4.s 			page 23


 550 0046 3B       		.uleb128 0x3b
 551 0047 0B       		.uleb128 0xb
 552 0048 27       		.uleb128 0x27
 553 0049 19       		.uleb128 0x19
 554 004a 11       		.uleb128 0x11
 555 004b 01       		.uleb128 0x1
 556 004c 12       		.uleb128 0x12
 557 004d 06       		.uleb128 0x6
 558 004e 40       		.uleb128 0x40
 559 004f 18       		.uleb128 0x18
 560 0050 9742     		.uleb128 0x2117
 561 0052 19       		.uleb128 0x19
 562 0053 01       		.uleb128 0x1
 563 0054 13       		.uleb128 0x13
 564 0055 00       		.byte	0
 565 0056 00       		.byte	0
 566 0057 07       		.uleb128 0x7
 567 0058 05       		.uleb128 0x5
 568 0059 00       		.byte	0
 569 005a 03       		.uleb128 0x3
 570 005b 0E       		.uleb128 0xe
 571 005c 3A       		.uleb128 0x3a
 572 005d 0B       		.uleb128 0xb
 573 005e 3B       		.uleb128 0x3b
 574 005f 0B       		.uleb128 0xb
 575 0060 49       		.uleb128 0x49
 576 0061 13       		.uleb128 0x13
 577 0062 02       		.uleb128 0x2
 578 0063 17       		.uleb128 0x17
 579 0064 00       		.byte	0
 580 0065 00       		.byte	0
 581 0066 08       		.uleb128 0x8
 582 0067 34       		.uleb128 0x34
 583 0068 00       		.byte	0
 584 0069 03       		.uleb128 0x3
 585 006a 0E       		.uleb128 0xe
 586 006b 3A       		.uleb128 0x3a
 587 006c 0B       		.uleb128 0xb
 588 006d 3B       		.uleb128 0x3b
 589 006e 0B       		.uleb128 0xb
 590 006f 49       		.uleb128 0x49
 591 0070 13       		.uleb128 0x13
 592 0071 02       		.uleb128 0x2
 593 0072 17       		.uleb128 0x17
 594 0073 00       		.byte	0
 595 0074 00       		.byte	0
 596 0075 09       		.uleb128 0x9
 597 0076 2E       		.uleb128 0x2e
 598 0077 00       		.byte	0
 599 0078 3F       		.uleb128 0x3f
 600 0079 19       		.uleb128 0x19
 601 007a 03       		.uleb128 0x3
 602 007b 0E       		.uleb128 0xe
 603 007c 3A       		.uleb128 0x3a
 604 007d 0B       		.uleb128 0xb
 605 007e 3B       		.uleb128 0x3b
 606 007f 0B       		.uleb128 0xb
ARM GAS  C:\Users\elias\AppData\Local\Temp\ccAVOQM4.s 			page 24


 607 0080 27       		.uleb128 0x27
 608 0081 19       		.uleb128 0x19
 609 0082 49       		.uleb128 0x49
 610 0083 13       		.uleb128 0x13
 611 0084 11       		.uleb128 0x11
 612 0085 01       		.uleb128 0x1
 613 0086 12       		.uleb128 0x12
 614 0087 06       		.uleb128 0x6
 615 0088 40       		.uleb128 0x40
 616 0089 18       		.uleb128 0x18
 617 008a 9742     		.uleb128 0x2117
 618 008c 19       		.uleb128 0x19
 619 008d 00       		.byte	0
 620 008e 00       		.byte	0
 621 008f 00       		.byte	0
 622              		.section	.debug_loc,"",%progbits
 623              	.Ldebug_loc0:
 624              	.LLST0:
 625 0000 00000000 		.4byte	.LVL0
 626 0004 04000000 		.4byte	.LVL1
 627 0008 0100     		.2byte	0x1
 628 000a 50       		.byte	0x50
 629 000b 04000000 		.4byte	.LVL1
 630 000f 18000000 		.4byte	.LFE0
 631 0013 0400     		.2byte	0x4
 632 0015 F3       		.byte	0xf3
 633 0016 01       		.uleb128 0x1
 634 0017 50       		.byte	0x50
 635 0018 9F       		.byte	0x9f
 636 0019 00000000 		.4byte	0
 637 001d 00000000 		.4byte	0
 638              	.LLST1:
 639 0021 06000000 		.4byte	.LVL2
 640 0025 0E000000 		.4byte	.LVL3
 641 0029 0600     		.2byte	0x6
 642 002b 73       		.byte	0x73
 643 002c 00       		.sleb128 0
 644 002d 09       		.byte	0x9
 645 002e EF       		.byte	0xef
 646 002f 1A       		.byte	0x1a
 647 0030 9F       		.byte	0x9f
 648 0031 00000000 		.4byte	0
 649 0035 00000000 		.4byte	0
 650              	.LLST2:
 651 0039 00000000 		.4byte	.LVL4
 652 003d 06000000 		.4byte	.LVL5
 653 0041 0100     		.2byte	0x1
 654 0043 50       		.byte	0x50
 655 0044 06000000 		.4byte	.LVL5
 656 0048 18000000 		.4byte	.LFE1
 657 004c 0400     		.2byte	0x4
 658 004e F3       		.byte	0xf3
 659 004f 01       		.uleb128 0x1
 660 0050 50       		.byte	0x50
 661 0051 9F       		.byte	0x9f
 662 0052 00000000 		.4byte	0
 663 0056 00000000 		.4byte	0
ARM GAS  C:\Users\elias\AppData\Local\Temp\ccAVOQM4.s 			page 25


 664              		.section	.debug_aranges,"",%progbits
 665 0000 34000000 		.4byte	0x34
 666 0004 0200     		.2byte	0x2
 667 0006 00000000 		.4byte	.Ldebug_info0
 668 000a 04       		.byte	0x4
 669 000b 00       		.byte	0
 670 000c 0000     		.2byte	0
 671 000e 0000     		.2byte	0
 672 0010 00000000 		.4byte	.LFB0
 673 0014 18000000 		.4byte	.LFE0-.LFB0
 674 0018 00000000 		.4byte	.LFB1
 675 001c 18000000 		.4byte	.LFE1-.LFB1
 676 0020 00000000 		.4byte	.LFB2
 677 0024 10000000 		.4byte	.LFE2-.LFB2
 678 0028 00000000 		.4byte	.LFB3
 679 002c 10000000 		.4byte	.LFE3-.LFB3
 680 0030 00000000 		.4byte	0
 681 0034 00000000 		.4byte	0
 682              		.section	.debug_ranges,"",%progbits
 683              	.Ldebug_ranges0:
 684 0000 00000000 		.4byte	.LFB0
 685 0004 18000000 		.4byte	.LFE0
 686 0008 00000000 		.4byte	.LFB1
 687 000c 18000000 		.4byte	.LFE1
 688 0010 00000000 		.4byte	.LFB2
 689 0014 10000000 		.4byte	.LFE2
 690 0018 00000000 		.4byte	.LFB3
 691 001c 10000000 		.4byte	.LFE3
 692 0020 00000000 		.4byte	0
 693 0024 00000000 		.4byte	0
 694              		.section	.debug_line,"",%progbits
 695              	.Ldebug_line0:
 696 0000 90000000 		.section	.debug_str,"MS",%progbits,1
 696      02004200 
 696      00000201 
 696      FB0E0D00 
 696      01010101 
 697              	.LASF16:
 698 0000 76616C75 		.ascii	"value\000"
 698      6500
 699              	.LASF23:
 700 0006 73746174 		.ascii	"staticBits\000"
 700      69634269 
 700      747300
 701              	.LASF18:
 702 0011 50474169 		.ascii	"PGAin_Read\000"
 702      6E5F5265 
 702      616400
 703              	.LASF9:
 704 001c 666C6F61 		.ascii	"float\000"
 704      7400
 705              	.LASF1:
 706 0022 756E7369 		.ascii	"unsigned char\000"
 706      676E6564 
 706      20636861 
 706      7200
 707              	.LASF15:
ARM GAS  C:\Users\elias\AppData\Local\Temp\ccAVOQM4.s 			page 26


 708 0030 50474169 		.ascii	"PGAin_SetDriveMode\000"
 708      6E5F5365 
 708      74447269 
 708      76654D6F 
 708      646500
 709              	.LASF20:
 710 0043 474E5520 		.ascii	"GNU C11 5.4.1 20160609 (release) [ARM/embedded-5-br"
 710      43313120 
 710      352E342E 
 710      31203230 
 710      31363036 
 711 0076 616E6368 		.ascii	"anch revision 237715] -mcpu=cortex-m3 -mthumb -g -O"
 711      20726576 
 711      6973696F 
 711      6E203233 
 711      37373135 
 712 00a9 33202D66 		.ascii	"3 -ffunction-sections -ffat-lto-objects -finline-fu"
 712      66756E63 
 712      74696F6E 
 712      2D736563 
 712      74696F6E 
 713 00dc 6E637469 		.ascii	"nctions -flto\000"
 713      6F6E7320 
 713      2D666C74 
 713      6F00
 714              	.LASF5:
 715 00ea 6C6F6E67 		.ascii	"long unsigned int\000"
 715      20756E73 
 715      69676E65 
 715      6420696E 
 715      7400
 716              	.LASF22:
 717 00fc 433A5C47 		.ascii	"C:\\Github\\Tesis\\src\\psoc\\AcondicionamientoAnal"
 717      69746875 
 717      625C5465 
 717      7369735C 
 717      7372635C 
 718 012a 6F676963 		.ascii	"ogico.cydsn\000"
 718      6F2E6379 
 718      64736E00 
 719              	.LASF3:
 720 0136 73686F72 		.ascii	"short unsigned int\000"
 720      7420756E 
 720      7369676E 
 720      65642069 
 720      6E7400
 721              	.LASF19:
 722 0149 50474169 		.ascii	"PGAin_ReadDataReg\000"
 722      6E5F5265 
 722      61644461 
 722      74615265 
 722      6700
 723              	.LASF10:
 724 015b 646F7562 		.ascii	"double\000"
 724      6C6500
 725              	.LASF8:
 726 0162 756E7369 		.ascii	"unsigned int\000"
ARM GAS  C:\Users\elias\AppData\Local\Temp\ccAVOQM4.s 			page 27


 726      676E6564 
 726      20696E74 
 726      00
 727              	.LASF7:
 728 016f 6C6F6E67 		.ascii	"long long unsigned int\000"
 728      206C6F6E 
 728      6720756E 
 728      7369676E 
 728      65642069 
 729              	.LASF17:
 730 0186 6D6F6465 		.ascii	"mode\000"
 730      00
 731              	.LASF14:
 732 018b 50474169 		.ascii	"PGAin_Write\000"
 732      6E5F5772 
 732      69746500 
 733              	.LASF13:
 734 0197 72656738 		.ascii	"reg8\000"
 734      00
 735              	.LASF6:
 736 019c 6C6F6E67 		.ascii	"long long int\000"
 736      206C6F6E 
 736      6720696E 
 736      7400
 737              	.LASF11:
 738 01aa 63686172 		.ascii	"char\000"
 738      00
 739              	.LASF2:
 740 01af 73686F72 		.ascii	"short int\000"
 740      7420696E 
 740      7400
 741              	.LASF12:
 742 01b9 75696E74 		.ascii	"uint8\000"
 742      3800
 743              	.LASF4:
 744 01bf 6C6F6E67 		.ascii	"long int\000"
 744      20696E74 
 744      00
 745              	.LASF21:
 746 01c8 47656E65 		.ascii	"Generated_Source\\PSoC5\\PGAin.c\000"
 746      72617465 
 746      645F536F 
 746      75726365 
 746      5C50536F 
 747              	.LASF0:
 748 01e7 7369676E 		.ascii	"signed char\000"
 748      65642063 
 748      68617200 
 749              		.comm	__gnu_lto_v1,1,1
 750              		.ident	"GCC: (GNU Tools for ARM Embedded Processors) 5.4.1 20160609 (release) [ARM/embedded-5-bran
