ARM GAS  C:\Users\elias\AppData\Local\Temp\cczYaVSG.s 			page 1


   1              		.syntax unified
   2              		.cpu cortex-m3
   3              		.fpu softvfp
   4              		.eabi_attribute 20, 1
   5              		.eabi_attribute 21, 1
   6              		.eabi_attribute 23, 3
   7              		.eabi_attribute 24, 1
   8              		.eabi_attribute 25, 1
   9              		.eabi_attribute 26, 1
  10              		.eabi_attribute 30, 2
  11              		.eabi_attribute 34, 1
  12              		.eabi_attribute 18, 4
  13              		.thumb
  14              		.syntax unified
  15              		.file	"PGAp_PM.c"
  16              		.text
  17              	.Ltext0:
  18              		.section	.gnu.lto_.profile.cd5ec715,"",%progbits
  19 0000 789C6361 		.ascii	"x\234ca`d`a`\000\222\252\374\000\000\303\000?"
  19      60646061 
  19      600092AA 
  19      FC0000C3 
  19      003F
  20              		.text
  21              		.section	.gnu.lto_.icf.cd5ec715,"",%progbits
  22 0000 789C6361 		.ascii	"x\234ca`d\000\001\005\006\004`eX?\363A\013\023#\230"
  22      60640001 
  22      05060460 
  22      65583FF3 
  22      410B1323 
  23 0015 643AB363 		.ascii	"d:\263c\301jv\346\275\017\337\265\263\262\\k]7\213\231"
  23      C16A76E6 
  23      BD0FDFB5 
  23      B3B25C6B 
  23      5D378B99 
  24 0029 0100EC8C 		.ascii	"\001\000\354\214\016%"
  24      0E25
  25              		.text
  26              		.section	.gnu.lto_.jmpfuncs.cd5ec715,"",%progbits
  27 0000 789C6361 		.ascii	"x\234ca`d\000\001\001\006\004`\001b\240(\023\224\311"
  27      60640001 
  27      01060460 
  27      0162A028 
  27      1394C9
  28 0013 00000308 		.ascii	"\000\000\003\010\000!"
  28      0021
  29              		.text
  30              		.section	.gnu.lto_.inline.cd5ec715,"",%progbits
  31 0000 789C6361 		.ascii	"x\234ca`d\000\2010\006\004`a``fbd`\0022\331\026\310"
  31      60640081 
  31      30060460 
  31      61606066 
  31      62646002 
  32 0018 8328A022 		.ascii	"\203(\240\"t\021&\006.N\240\010O\237\037B\021\027X3"
  32      74112606 
  32      2E4EA008 
  32      4F9F1F42 
ARM GAS  C:\Users\elias\AppData\Local\Temp\cczYaVSG.s 			page 2


  32      11175833 
  33 002c 3B3B509C 		.ascii	";;P\234\355\203\036\2528\003\000\364\316\005\334"
  33      ED831EAA 
  33      380300F4 
  33      CE05DC
  34              		.text
  35              		.section	.gnu.lto_.pureconst.cd5ec715,"",%progbits
  36 0000 789C6361 		.ascii	"x\234ca`d\340d```a\0002\230\244X$\000\001y\000L"
  36      6064E064 
  36      60606061 
  36      003298A4 
  36      58240001 
  37              		.text
  38              		.section	.gnu.lto_PGAp_SaveConfig.cd5ec715,"",%progbits
  39 0000 789C6361 		.ascii	"x\234ca`d\000\201j V\006bi fdf`d\232p\216\201\241\221"
  39      60640081 
  39      6A205606 
  39      62692066 
  39      64666064 
  40 001a 83899111 		.ascii	"\203\211\221\021\304h\340`d\250gb\254g\374\312\364\227"
  40      C468E060 
  40      64A86762 
  40      AC67FCCA 
  40      F497
  41 002c 89F150FB 		.ascii	"\211\361P\373\263\235L\232\313\033\200\340\301\322\311"
  41      B39D4C9A 
  41      CB1B80E0 
  41      C1D2C9
  42 003b CC0D2B0E 		.ascii	"\314\015+\0160\266230\374g\002\233\304\300\270\234Q"
  42      30B63233 
  42      30FC6702 
  42      9BC4C0B8 
  42      9C51
  43 004d 9301A8EC 		.ascii	"\223\001\250\354\321\306\177Sy\331Z@\312\024 \222\214"
  43      D1C67F53 
  43      79D95A40 
  43      CA142092 
  43      8C
  44 005e 2B18D940 		.ascii	"+\030\331@\326\255\017:\320\360\377\177s\303\201\271"
  44      D6AD0F3A 
  44      D0F0FF7F 
  44      73C381B9 
  45 006e AC0F9980 		.ascii	"\254\017\231\200\022\037\200\030d\315G \007H3\277bd"
  45      121F8018 
  45      64CD4720 
  45      074833BF 
  45      6264
  46 0080 0229059B 		.ascii	"\002)\005\233\366\201\211\021$\006T\241\350\236\232"
  46      F6818911 
  46      240654A1 
  46      E89E9A
  47 008f 975A9458 		.ascii	"\227Z\224X\222\232\022\037\234_Z\224\234\032\023\020"
  47      929A121F 
  47      9C5F5A94 
  47      9C1A1310 
  48 009f 9CEF6C1A 		.ascii	"\234\357l\032\023\340\356X\020\037\340\253\227\314\000"
  48      13E0EE58 
ARM GAS  C:\Users\elias\AppData\Local\Temp\cczYaVSG.s 			page 3


  48      101FE0AB 
  48      97CC00
  49 00ae 007F3737 		.ascii	"\000\17777\357"
  49      EF
  50              		.text
  51              		.section	.gnu.lto_PGAp_RestoreConfig.cd5ec715,"",%progbits
  52 0000 789C6361 		.ascii	"x\234ca`d\000\201j V\006bi fdf`d\232p\216\201\241\221"
  52      60640081 
  52      6A205606 
  52      62692066 
  52      64666064 
  53 001a 83899111 		.ascii	"\203\211\221\021\304h\340`d\250gb\254g\374\312\364\227"
  53      C468E060 
  53      64A86762 
  53      AC67FCCA 
  53      F497
  54 002c 89F150FB 		.ascii	"\211\361P\373\263\235L\232\313\033\200\340\301\322y"
  54      B39D4C9A 
  54      CB1B80E0 
  54      C1D279
  55 003b CC0D2B0E 		.ascii	"\314\015+\0160\266230\374g\002\233\304\300\270\234Q"
  55      30B63233 
  55      30FC6702 
  55      9BC4C0B8 
  55      9C51
  56 004d 9301A8EC 		.ascii	"\223\001\250\354\321\306\177Sy\331Z@\312\024 \222\214"
  56      D1C67F53 
  56      79D95A40 
  56      CA142092 
  56      8C
  57 005e 2B18D940 		.ascii	"+\030\331@\326\255\017:\320\360\377\177s\303\201\257"
  57      D6AD0F3A 
  57      D0F0FF7F 
  57      73C381AF 
  58 006e AC1F9981 		.ascii	"\254\037\231\201\022\037\200\030d\315G&&\020\315\374"
  58      121F8018 
  58      64CD4726 
  58      2610CDFC 
  59 007e 8A9109A4 		.ascii	"\212\221\011\244\024l\332\007&F\220\030P\205\242{j^"
  59      146CDA07 
  59      26469018 
  59      5085A27B 
  59      6A5E
  60 0090 6A516249 		.ascii	"jQbIjJ|p~iQrjL@p\276\263iL\200\273cA|\200\257^2\003"
  60      6A4A7C70 
  60      7E695172 
  60      6A4C4070 
  60      BEB3694C 
  61 00ae 00A57F38 		.ascii	"\000\245\1778c"
  61      63
  62              		.text
  63              		.section	.gnu.lto_PGAp_Sleep.cd5ec715,"",%progbits
  64 0000 789C8D91 		.ascii	"x\234\215\221\301k\023Q\020\306\347{ow\263\206\024\362"
  64      C16B1351 
  64      10C6E77B 
  64      6F77B386 
  64      14F2
ARM GAS  C:\Users\elias\AppData\Local\Temp\cczYaVSG.s 			page 4


  65 0012 0794A278 		.ascii	"\007\224\242x\352\305\212\340\261\202\010\346$\004{"
  65      EAC58AE0 
  65      B18208E6 
  65      24047B
  66 0021 120AA5D4 		.ascii	"\022\012\245\324\\\255\024=\347\245\233%\326\203\350"
  66      5CAD143D 
  66      E7A59B25 
  66      D683E8
  67 0030 C1060AD2 		.ascii	"\301\006\012\322c[\265&Q\253.^\326\240\036\244\350I"
  67      635BB526 
  67      51AB2E5E 
  67      D6A01EA4 
  67      E849
  68 0042 73A8A055 		.ascii	"s\250\240U\011\022\212\244\220\036\242\266qf\267VA("
  68      09128AA4 
  68      901EA2B6 
  68      7166B756 
  68      4128
  69 0054 0EECBEB7 		.ascii	"\016\354\276\267\363\276\231\371\355\367,\002I\214+"
  69      F3BE99F9 
  69      EDF72C02 
  69      498C2B
  70 0063 A2C3BC9E 		.ascii	"\242\303\274\236\340\007\016A]\177MTp\225\322\3454\231"
  70      E0070E41 
  70      5D7F4D54 
  70      7095D2E5 
  70      3499
  71 0075 A4D51D26 		.ascii	"\244\325\035&\223\322\260\343\264\365{c\003\2621.(\257"
  71      93D2B0E3 
  71      B4F57B63 
  71      03B2312E 
  71      28AF
  72 0087 B465238F 		.ascii	"\264e#\217-\265\255P/5\0035\270`8>\276h\0355\213!|M"
  72      2DB5AD50 
  72      2F350335 
  72      B860383E 
  72      BE681D35 
  73 009f D453D130 		.ascii	"\324S\3210\302\002\006\211e\237j;7\373\234\242\310\016"
  73      C2020689 
  73      659F6A3B 
  73      37FB9CA2 
  73      C80E
  74 00b1 C6875884 		.ascii	"\306\207X\204#D\225\263\241\351\365<\0236\234g\263\011"
  74      234495B3 
  74      A1E9F53C 
  74      13369C67 
  74      B309
  75 00c3 5791AF61 		.ascii	"W\221\257a\311\213\250\315:\031\272\251\224\254\272"
  75      C98BA8CD 
  75      3A19BAA9 
  75      94ACBA
  76 00d2 89FAF7AB 		.ascii	"\211\372\367\253\337\346\216I\251\247-n;\353\327\337"
  76      DFE68E49 
  76      A9A72D6E 
  76      3BEBD7DF 
  77 00e2 243ACAD7 		.ascii	"$:\312\327\0122\245\361\345\363\273\335\317\245R\301"
  77      0A32A5F1 
ARM GAS  C:\Users\elias\AppData\Local\Temp\cczYaVSG.s 			page 5


  77      E5F3BBDD 
  77      CFA552C1 
  78 00f2 8822F8B1 		.ascii	"\210\"\370\261\336H\315\343V\241\310\\\032\267\321\217"
  78      DE48CDE3 
  78      56A1C85C 
  78      1AB7D18F 
  79 0102 25F4F3F8 		.ascii	"%\364\363\370;\230\0075\341\375<M\236Vq\273\271\247"
  79      3B980735 
  79      E1FD3C4D 
  79      9E5671BB 
  79      B9A7
  80 0114 9D57B6D4 		.ascii	"\235W\266\324\003.\356\262l\035\3055o \236'\177[\331"
  80      032EEEB2 
  80      6C1DC535 
  80      6F209E27 
  80      7F5BD9
  81 0127 08BA7DB1 		.ascii	"\010\272}\261\200\260,}H\3604\225\323L7\335\251\276"
  81      80B02C7D 
  81      48F03495 
  81      D34C37DD 
  81      A9BE
  82 0139 BF7140D4 		.ascii	"\277q@\324\177\243Y\021Z\020l\254%\362\333\346\2121"
  82      7FA35911 
  82      5A106CAC 
  82      25F2DBE6 
  82      8A31
  83 014b 69CECDB0 		.ascii	"i\316\315\260G\222n\255\276}\236\024<\023\345mT\330"
  83      47926EAD 
  83      BE7D9E14 
  83      3C13E56D 
  83      54D8
  84 015d D87BD298 		.ascii	"\330{\322\230\017\257=\251\316\270C\313b\2329\347k\007"
  84      0FAF3DA9 
  84      CEB843CB 
  84      629A39E7 
  84      6B07
  85 016f 5566DE89 		.ascii	"Uf\336\211\234E\015C\254X)\255\326\2222\304\001p\237"
  85      9C450D43 
  85      AC5829AD 
  85      D69232C4 
  85      01709F
  86 0182 CBBEC20B 		.ascii	"\313\276\302\013\267^\246\204\341\337\251\211\036\333"
  86      B75EA684 
  86      E1DFA989 
  86      1EDB
  87 0190 4478803C 		.ascii	"Dx\200<\373\353F\344\026u\207#\362\366\207=\362\377"
  87      FBEB46E4 
  87      16758723 
  87      F2F6873D 
  87      F2FF
  88 01a2 457DB81F 		.ascii	"E}\270\037\352\312\037\324G\021\352\236\037|\353x\034"
  88      EACA1FD4 
  88      4711EA9E 
  88      1F7CEB78 
  88      1C
  89 01b3 59B7A9EC 		.ascii	"Y\267\251\354\350^[\230\016\313\231\210Y\242\315\224"
  89      E85E5B98 
ARM GAS  C:\Users\elias\AppData\Local\Temp\cczYaVSG.s 			page 6


  89      0ECB9988 
  89      59A2CD94 
  90 01c3 9CE6E243 		.ascii	"\234\346\342C\231\334\205\334\324\370\245\334\371\261"
  90      99DC85DC 
  90      D4F8A5DC 
  90      F9B1
  91 01d1 91C9CB53 		.ascii	"\221\311\313S\023\271\321\354\310\344\251\343\243\331"
  91      13B9D1EC 
  91      C8E4A9E3 
  91      A3D9
  92 01df CCC98B63 		.ascii	"\314\311\213c\3313G&\350\027$\301\344M"
  92      D9334726 
  92      E81724C1 
  92      E44D
  93              		.text
  94              		.section	.gnu.lto_PGAp_Wakeup.cd5ec715,"",%progbits
  95 0000 789C654F 		.ascii	"x\234eO\277KBQ\030\375\276{\337\323\207\030\366\007"
  95      BF4B4251 
  95      18FDBE7B 
  95      DFD38718 
  95      F607
  96 0012 44144D0E 		.ascii	"D\024M\016eC\255A4\010A I\233 ao\315\220\232\337\325"
  96      6543AD41 
  96      34084120 
  96      499B2061 
  96      6FCD909A 
  97 0028 E7AB5CA2 		.ascii	"\347\253\\\242 \333\302)\264\337\011\015\331\364\022"
  97      20DBC229 
  97      B4DF090D 
  97      D9F412
  98 0037 3190A8A9 		.ascii	"1\220\250\251\245\226j\220\220\006\203\034\365\365\335"
  98      A5966A90 
  98      9006831C 
  98      F5F5DD
  99 0046 E7D0D081 		.ascii	"\347\320\320\201\313w9\367\234{\316\247\000\202\304"
  99      CB7739F7 
  99      9C7BCEA7 
  99      0082C4
 100 0055 128D319A 		.ascii	"\022\2151\232StP\005d\273\217\000i\2151^\017\200\360"
 100      53745005 
 100      64BB8F00 
 100      698D315E 
 100      0F80F0
 101 0068 298D1910 		.ascii	")\215\031\020~\216J\237V\020\345Eh\010\006\343\012\032"
 101      7E8E4A9F 
 101      5610E545 
 101      680806E3 
 101      0A1A
 102 007a D8615D86 		.ascii	"\330a]\206\325\255f\205\005\213\202\360v\324\233\024"
 102      D5AD6685 
 102      058B82F0 
 102      76D49B14 
 103 008a 251B2D0E 		.ascii	"%\033-\016\34007\002\260\210A \331G\271\227\037\360"
 103      E0303702 
 103      B0884120 
 103      D947B997 
 103      1FF0
ARM GAS  C:\Users\elias\AppData\Local\Temp\cczYaVSG.s 			page 7


 104 009c 64A56CA4 		.ascii	"d\245l\244\377\210%\364\310\036\227\213\266p\034S\330"
 104      FF8825F4 
 104      C81E978B 
 104      B6701C53 
 104      D8
 105 00ad 1DEFDDBE 		.ascii	"\035\357\335\276O\345`q\242\333$\221q\337\214\311\311"
 105      4FE56071 
 105      A2DB2491 
 105      71DF8CC9 
 105      C9
 106 00be 9B98B92D 		.ascii	"\233\230\271-;eU\272L\316\351\307\003\253\372\344\375"
 106      3B6555BA 
 106      4CCEE9C7 
 106      03ABFAE4 
 106      FD
 107 00cf 61166728 		.ascii	"a\026g(\003*\225\257W\257\321\025\333B\014\022\227\243"
 107      032A95AF 
 107      57AFD115 
 107      DB420C12 
 107      97A3
 108 00e1 0E926E3D 		.ascii	"\016\222n=<\327|\005<L\013\227\347xB\305\217q\310}\334"
 108      3CD77C05 
 108      3C4C0B97 
 108      E77842C5 
 108      8F71C87D 
 109 00f6 B9B9CA69 		.ascii	"\271\271\312i\241q\213\2669\305\002\366\334\316x\206"
 109      A1718BB6 
 109      39C502F6 
 109      DCCE7886 
 110 0106 2178C7EC 		.ascii	"!x\307\354\2139\374\027v]\273\337\324d\030\022\316\245"
 110      8B39FC17 
 110      765DBBDF 
 110      D4641812 
 110      CEA5
 111 0118 1D64370E 		.ascii	"\035d7\016\365\000\377D\323\336k\370\245\370\177\021"
 111      F500FF44 
 111      D3DE6BF8 
 111      A5F87F11 
 112 0128 D5A17A80 		.ascii	"\325\241z\200\027h\320^\036\327\244\270\013\2650c\347"
 112      1768D05E 
 112      1ED7A4B8 
 112      0BB53063 
 112      E7
 113 0139 E75D9344 		.ascii	"\347]\223D\233dDS\203\321\260\276\252\247\226\327\365"
 113      9B644453 
 113      83D1B0BE 
 113      AAA796D7 
 113      F5
 114 014a 957834B9 		.ascii	"\225x4\271\221J\350\261H497\035\213\204g\327\342\221"
 114      914AE8B1 
 114      48343937 
 114      1D8B8467 
 114      D7E291
 115 015d 858904FC 		.ascii	"\205\211\004\374\002\362\024\204P"
 115      02F21484 
 115      50
 116              		.text
ARM GAS  C:\Users\elias\AppData\Local\Temp\cczYaVSG.s 			page 8


 117              		.section	.gnu.lto_.symbol_nodes.cd5ec715,"",%progbits
 118 0000 789C558A 		.ascii	"x\234U\212\271\015\2000\020\004\347\036\273\000b\007"
 118      B90D8030 
 118      1004E71E 
 118      BB006207 
 119 0010 D027D2B9 		.ascii	"\320'\322\271\004\212\240\012D\015TA\033H\234\210\360"
 119      048AA00A 
 119      440D5441 
 119      1B489C88 
 119      F0
 120 0021 26AB995D 		.ascii	"&\253\231]GX\311\250\004l\027d\035}I\241!\243\260\320"
 120      4758C9A8 
 120      046C1764 
 120      1D7D49A1 
 120      21A3B0D0 
 121 0035 4114E813 		.ascii	"A\024\350\023\230z\3300H\011\377D\036\372\234\\\243"
 121      987AD830 
 121      4809FF44 
 121      1EFA9C5C 
 121      A3
 122 0046 FCD9B4B0 		.ascii	"\374\331\264\260?\315\274r\237\215\027_\015\031\260"
 122      3FCDBC72 
 122      9F8D175F 
 122      0D19B0
 123              		.text
 124              		.section	.gnu.lto_.refs.cd5ec715,"",%progbits
 125 0000 789C6361 		.ascii	"x\234ca`d\340c```bbdfadfcda`fd\000\000\002y\0003"
 125      6064E063 
 125      60606062 
 125      62646661 
 125      64666364 
 126              		.text
 127              		.section	.gnu.lto_.decls.cd5ec715,"",%progbits
 128 0000 789C8D54 		.ascii	"x\234\215T]LTG\024\236s\357\262\273\\\266\213\201\266"
 128      5D4C5447 
 128      149E73EF 
 128      B2BB5CB6 
 128      8B81B6
 129 0013 E161D350 		.ascii	"\341a\323P\263&\244\017(\222&\2764\255\335\2644i\332"
 129      B326A40F 
 129      289226BE 
 129      34ADDDB4 
 129      3469DA
 130 0026 1210FB50 		.ascii	"\022\020\373P\015Y\350-5\022\330\302\322\304\267\241"
 130      0D59E82D 
 130      3512D8C2 
 130      D2C4B7A1 
 131 0036 2CFDB1D1 		.ascii	",\375\261\321B-\032\250X\212\215\202\374,\377BU\\PA"
 131      422D1AA8 
 131      588A8D82 
 131      FC2CFF42 
 131      555C5041 
 132 004a 0B587ED6 		.ascii	"\013X~\326\032\252\211\233R0\246\325\"5\241\304\330"
 132      1AAA899B 
 132      5230A6D5 
 132      2235A1C4 
 132      D8
ARM GAS  C:\Users\elias\AppData\Local\Temp\cczYaVSG.s 			page 9


 133 005b ED99997B 		.ascii	"\355\231\231{\275\213Y\264\223=w\317\231\373}\3379s"
 133      BD8B59B4 
 133      933D77CF 
 133      99FB7DDF 
 133      3973
 134 006d 66E69A08 		.ascii	"f\346\232\010\0206j\315\204\330\321\335\204\026\306"
 134      10366ACD 
 134      84D8D1DD 
 134      8416C6
 135 007c 118373DB 		.ascii	"\021\203s\333\2111\3605iC\363\243u\242u\243\365\242"
 135      8931F035 
 135      6943F3A3 
 135      75A275A3 
 135      F5A2
 136 008e 9D44630A 		.ascii	"\235Dc\012\023d\365h\323\346u\015\320\346\036\035\376"
 136      1364F568 
 136      D3E6750D 
 136      D0E61E1D 
 136      FE
 137 009f 28387F14 		.ascii	"(8\177\024\034\313\031\253\341\034h\323h\223h3h\343"
 137      1CCB19AB 
 137      E11C68D3 
 137      68936833 
 137      68E3
 138 00b1 6801B420 		.ascii	"h\001\264 Z\253\246q\036M\322x\275k\324\310\326`\211"
 138      5AABA671 
 138      1E4DD278 
 138      BD6BD4C8 
 138      D66089
 139 00c4 D07C9256 		.ascii	"\320|\222V\367c\326\373@\202\360w=_Y\257\301,\310Dk"
 139      F763D6FB 
 139      4082F077 
 139      3D5F59AF 
 139      C12CC844 
 140 00d9 2A01104F 		.ascii	"*\001\020O\340F\204\361\020\035\211\010G\237z8\210\006"
 140      E04684F1 
 140      101D8908 
 140      479F7A38 
 140      8806
 141 00eb 9174D710 		.ascii	"\221t\327\020\343?\215\017a}p\021C\0354\222\210\365"
 141      E33F8D0F 
 141      617D7011 
 141      431D3492 
 141      88F5
 142 00fd BE6A2490 		.ascii	"\276j$\220\214\004 B\235\021\241\367HEz\315z\032\336"
 142      8C042042 
 142      9D11A1F7 
 142      48457ACD 
 142      7A1ADE
 143 0110 0EBEE8E6 		.ascii	"\016\276\350\346\333\325-\026Y\002\346\337Xiz=\265\225"
 143      DBD52D16 
 143      5902E6DF 
 143      58697A3D 
 143      B595
 144 0122 E2A8A254 		.ascii	"\342\250\242Tz\301\350\314\224\257\343\260|O\202\004"
 144      7AC1E8CC 
 144      94AFE3B0 
ARM GAS  C:\Users\elias\AppData\Local\Temp\cczYaVSG.s 			page 10


 144      7C4F8204 
 145 0132 054C18DE 		.ascii	"\005L\030\336\235\250\233\263c\370\264\002\311\030>"
 145      9DA89BB3 
 145      63F8B402 
 145      C9183E
 146 0141 B8F46D9D 		.ascii	"\270\364m\235\224t\220\363*h\262\011\266?\013-\340\200"
 146      947490F3 
 146      2A68B209 
 146      B63F0B2D 
 146      E080
 147 0153 13809B02 		.ascii	"\023\200\233\002\255\220\204\317<\223Pj\270R^o_\337"
 147      AD9084CF 
 147      3C93506A 
 147      B8525E6F 
 147      5FDF
 148 0165 40173B68 		.ascii	"@\027;hh\271gs-\015\370(-\227\030\012\232@\206fHeE6"
 148      68B96773 
 148      2D0DF828 
 148      2D97180A 
 148      9A408666 
 149 017d B13D2070 		.ascii	"\261= p\034\256a\275m\260\036\231\007\252\207Z\343\345"
 149      1CAE61BD 
 149      6DB01E99 
 149      07AA875A 
 149      E3E5
 150 018f 9778A18D 		.ascii	"\227x\241\215?L\325(B%\260\244\322/(\375\304\304%\332"
 150      3F4CD528 
 150      4225B0A4 
 150      D22F28FD 
 150      C4C425DA 
 151 01a3 0D89F648 		.ascii	"\015\211\366H\011?\227\010\373*\357\333\345L.\321<6"
 151      093F9708 
 151      FB2AEFDB 
 151      E54C2ED1 
 151      3C36
 152 01b5 35644389 		.ascii	"5dC\211\006\224\010\216\330hU9\245\257p\215\016C\243"
 152      0694088E 
 152      D8685539 
 152      A5AF708D 
 152      0E43A3
 153 01c8 2352A393 		.ascii	"#R\243\223k,\376\265t\014\344\367\270F\223\357\233Y"
 153      6B2CFEB5 
 153      740CE4F7 
 153      B84693EF 
 153      9B59
 154 01da 45D3581A 		.ascii	"E\323X\032\215\324\35024\272\"5\272\271\306\361`\347"
 154      8DD4E832 
 154      34BA2235 
 154      BAB9C6F1 
 154      60E7
 155 01ec 8578B980 		.ascii	"\205x\271\200k\370\033\257\237\001\324\010Q\032\232"
 155      6BF81BAF 
 155      9F01D408 
 155      511A9A
 156 01fb 1E7DB996 		.ascii	"\036}\271\226\016\213\225\364\030\012=\\\001\235^\316"
 156      0E8B95F4 
 156      180A3D5C 
ARM GAS  C:\Users\elias\AppData\Local\Temp\cczYaVSG.s 			page 11


 156      019D5ECE 
 157 020b 6EDB7FF9 		.ascii	"n\333\177\371\035\271\0128{|\341\3109\253`\007\216\214"
 157      1DB90A38 
 157      7B7CE1C8 
 157      39AB6007 
 157      8E8C
 158 021d D80238CD 		.ascii	"\330\0028\315\310}\006\271O'\237\344d\032\232\030T\344"
 158      C87D06B9 
 158      4F279FE4 
 158      641A9A18 
 158      54E4
 159 022f C3827DC7 		.ascii	"\303\202}\3077\037\212\023\373\230\204\341\364\342x"
 159      371F8A13 
 159      FB9884E1 
 159      F4E278
 160 023e BD16AEC3 		.ascii	"\275\026\256\303\360\237\376}\225v\271I@\375\225\277"
 160      F09FFE7D 
 160      9576B949 
 160      40FD95BF 
 161 024e 375BF19D 		.ascii	"7[\361\235C\2010\260\370\317\201\225\247D\314^\327V"
 161      438130B0 
 161      F8CF8195 
 161      A744CC5E 
 161      D756
 162 0260 CFFD1B27 		.ascii	"\317\375\033'wr\25443\327r\313\004)\3121v\"B7\306\012"
 162      7772AC34 
 162      33D772CB 
 162      0429CA31 
 162      76224237 
 163 0276 0F7D86C7 		.ascii	"\017}\206\307\011\002\240\300\240Q\230C\301\347\347"
 163      0902A0C0 
 163      A0519843 
 163      C1E7E7
 164 0285 B87374B1 		.ascii	"\270st\261\221\232\223\010\244;`\223\203\300YHa\252"
 164      919A9308 
 164      A43B6093 
 164      83C05948 
 164      61AA
 165 0297 0C0567F0 		.ascii	"\014\005g\360\024\235\306S\204\031\276\274\2628o\225"
 165      149DC653 
 165      8419BEBC 
 165      B2386F95 
 166 02a7 674535C3 		.ascii	"gE5\303\007\257\007m\362o\"\330w\366\304@\254|\207\007"
 166      07AF076D 
 166      F26F22D8 
 166      77F6C440 
 166      AC7C8707 
 167 02bb E6C13FF6 		.ascii	"\346\301?\366_\265\200\323\351LIt62\361\320\314\350"
 167      5FB580D3 
 167      E94C4974 
 167      3632F1D0 
 167      CCE8
 168 02cd C6FA764A 		.ascii	"\306\372vJ+\314\274\200a,\340\"$\352\3116\262\023\232"
 168      2BCCBC80 
 168      612CE022 
 168      24EAC936 
 168      B2139A
ARM GAS  C:\Users\elias\AppData\Local\Temp\cczYaVSG.s 			page 12


 169 02e0 C6BE1D1C 		.ascii	"\306\276\035\034\034\230\336\251\003OE\001\376\010\006"
 169      1C98DEA9 
 169      034F4501 
 169      FE0806
 170 02ef 32F81079 		.ascii	"2\370\020y.\012r\200#y\003\002\247TJ\255\014A\264\245"
 170      2E0A7280 
 170      23790302 
 170      A7544AAD 
 170      0C41B4A5 
 171 0303 B351CD6F 		.ascii	"\263Q\315oK\200R\370\210D\\\026\246\203 \030\305&\234"
 171      4B8052F8 
 171      88445C16 
 171      A6832018 
 171      C5269C
 172 0316 07275C42 		.ascii	"\007'\\B\273\2006\002NN\023\271\247\312\016\321@\271"
 172      BB803602 
 172      4E4E13B9 
 172      A7CA0ED1 
 172      40B9
 173 0328 CCB30F45 		.ascii	"\314\263\017E\311\236\356\020\227\255k\345\350M\263"
 173      C99EEE10 
 173      97AD6BE5 
 173      E84DB3
 174 0337 BC2C76A5 		.ascii	"\274,v\245\353\327\205\021\013\244$\212\242\256>\203"
 174      EBD78511 
 174      0BA4248A 
 174      A2AE3E83 
 175 0347 3B328EBC 		.ascii	";2\216\274\237\214\035a%\256Q\031\214aAO*\0163VV|z\327"
 175      9F8C1D61 
 175      25AE5119 
 175      8C61414F 
 175      2A0E3356 
 176 035f BEE128A5 		.ascii	"\276\341(\245x$\227;\334\007(}\203g\351\027Y\"V\332"
 176      7824973B 
 176      DC07287D 
 176      8367E917 
 176      592256DA 
 177 0373 CFBFB213 		.ascii	"\317\277\262\023\260\001Y\367|\177\377bV\360,T\374\277"
 177      B00159F7 
 177      7C7FFF62 
 177      56F02C54 
 177      FCBF
 178 0385 B33071EB 		.ascii	"\2630q\353\373\260E\336\313?ZRwMm\215\005\224\224(\364"
 178      FBB045DE 
 178      CB3F5A52 
 178      774D6D8D 
 178      05949428 
 179 039a A92874FD 		.ascii	"\251(t\375P\346\324}]N\223a\022[\370\263\321\202\313"
 179      50E6D47D 
 179      5D4E9361 
 179      125BF8B3 
 179      D182CB
 180 03ad A08885F4 		.ascii	"\240\210\205\364L\336\366\307\330\366\262v\3437-\341"
 180      4CDEF6C7 
 180      D8F6B276 
 180      E3372DE1 
 181 03bd A29D238D 		.ascii	"\242\235#\215\362\247\301\306o\025\376#z\241\277\253"
ARM GAS  C:\Users\elias\AppData\Local\Temp\cczYaVSG.s 			page 13


 181      F2A7C1C6 
 181      6F15FE23 
 181      7AA1BFAB 
 182 03cd CFB40ACD 		.ascii	"\317\264\012\315\026m\240g4\364\014G\337\237\367\337"
 182      166DA067 
 182      34F40C47 
 182      DF9FF7DF 
 183 03dd B4AD42B3 		.ascii	"\264\255B\263;k\240\203`\323\353A\227\304gfl\365\344"
 183      3B6BA083 
 183      60D3EB41 
 183      97C46766 
 183      6CF5E4
 184 03f0 66BB3F56 		.ascii	"f\273?V]\305E\037\354*\260f\274\235\223\354JK#\317g"
 184      5DC5451F 
 184      EC2AB066 
 184      BC9D93EC 
 184      4A4B23CF 
 185 0405 A8456A89 		.ascii	"\250Ej\211\333\253\276\237\233]\\V\222\257\356\310\314"
 185      DBABBE9F 
 185      9B5D5C56 
 185      92AFEEC8 
 185      CC
 186 0416 2E76BDB8 		.ascii	".v\275\270\203\3433\337J\315'\011\334\315RK\275\305"
 186      83E333DF 
 186      4ACD2709 
 186      DCCD524B 
 186      BDC5
 187 0428 251A5B11 		.ascii	"%\032[\021j\205\252\352\211\343\356\273\356\335j\231"
 187      6A85AAEA 
 187      89E3EEBB 
 187      EEDD6A99 
 188 0438 27564C7B 		.ascii	"'VL{\213=\317=F5\365C\"H\257\025\271\363\012U\341\347"
 188      8B3DCF3D 
 188      4635F543 
 188      2248AF15 
 188      B9F30A55 
 189 044e B9F37797 		.ascii	"\271\363w\227y\254\245\371\256\254\315YjAL\331\256\""
 189      79ACA5F9 
 189      AEACCD59 
 189      6A414CD9 
 189      AE22
 190 0460 EF96B56A 		.ascii	"\357\226\265j\313\337\343\335\343QKQ\210\023\322\220"
 190      CBDFE3DD 
 190      E3514B51 
 190      8813D290 
 191 0470 10A772B1 		.ascii	"\020\247r\261l/\242\371d:N\212\312_\335\352z3'37{[V"
 191      6C2FA2F9 
 191      643A4E8A 
 191      CA5FDDEA 
 191      7A332733 
 192 0488 8E6B9BA9 		.ascii	"\216k\233\251D-\330\362\0371\273@\354"
 192      442DD8F2 
 192      1F31BB40 
 192      EC
 193              		.text
 194              		.section	.gnu.lto_.symtab.cd5ec715,"",%progbits
 195 0000 50474170 		.ascii	"PGAp_SaveConfig\000"
ARM GAS  C:\Users\elias\AppData\Local\Temp\cczYaVSG.s 			page 14


 195      5F536176 
 195      65436F6E 
 195      66696700 
 196 0010 00       		.ascii	"\000"
 197 0011 00       		.ascii	"\000"
 198 0012 00       		.ascii	"\000"
 199 0013 00000000 		.ascii	"\000\000\000\000\000\000\000\000"
 199      00000000 
 200 001b AD000000 		.ascii	"\255\000\000\000"
 201 001f 50474170 		.ascii	"PGAp_RestoreConfig\000"
 201      5F526573 
 201      746F7265 
 201      436F6E66 
 201      696700
 202 0032 00       		.ascii	"\000"
 203 0033 00       		.ascii	"\000"
 204 0034 00       		.ascii	"\000"
 205 0035 00000000 		.ascii	"\000\000\000\000\000\000\000\000"
 205      00000000 
 206 003d AF000000 		.ascii	"\257\000\000\000"
 207 0041 50474170 		.ascii	"PGAp_Sleep\000"
 207      5F536C65 
 207      657000
 208 004c 00       		.ascii	"\000"
 209 004d 00       		.ascii	"\000"
 210 004e 00       		.ascii	"\000"
 211 004f 00000000 		.ascii	"\000\000\000\000\000\000\000\000"
 211      00000000 
 212 0057 B1000000 		.ascii	"\261\000\000\000"
 213 005b 50474170 		.ascii	"PGAp_Wakeup\000"
 213      5F57616B 
 213      65757000 
 214 0067 00       		.ascii	"\000"
 215 0068 00       		.ascii	"\000"
 216 0069 00       		.ascii	"\000"
 217 006a 00000000 		.ascii	"\000\000\000\000\000\000\000\000"
 217      00000000 
 218 0072 B3000000 		.ascii	"\263\000\000\000"
 219 0076 50474170 		.ascii	"PGAp_Stop\000"
 219      5F53746F 
 219      7000
 220 0080 00       		.ascii	"\000"
 221 0081 02       		.ascii	"\002"
 222 0082 00       		.ascii	"\000"
 223 0083 00000000 		.ascii	"\000\000\000\000\000\000\000\000"
 223      00000000 
 224 008b B5000000 		.ascii	"\265\000\000\000"
 225 008f 50474170 		.ascii	"PGAp_Enable\000"
 225      5F456E61 
 225      626C6500 
 226 009b 00       		.ascii	"\000"
 227 009c 02       		.ascii	"\002"
 228 009d 00       		.ascii	"\000"
 229 009e 00000000 		.ascii	"\000\000\000\000\000\000\000\000"
 229      00000000 
 230 00a6 B7000000 		.ascii	"\267\000\000\000"
 231              		.text
ARM GAS  C:\Users\elias\AppData\Local\Temp\cczYaVSG.s 			page 15


 232              		.section	.gnu.lto_.opts,"",%progbits
 233 0000 272D666D 		.ascii	"'-fmath-errno' '-fsigned-zeros' '-ftrapping-math' '"
 233      6174682D 
 233      6572726E 
 233      6F272027 
 233      2D667369 
 234 0033 2D666E6F 		.ascii	"-fno-trapv' '-fno-openmp' '-fno-openacc' '-mcpu=cor"
 234      2D747261 
 234      70762720 
 234      272D666E 
 234      6F2D6F70 
 235 0066 7465782D 		.ascii	"tex-m3' '-mthumb' '-g' '-O3' '-ffunction-sections' "
 235      6D332720 
 235      272D6D74 
 235      68756D62 
 235      2720272D 
 236 0099 272D6666 		.ascii	"'-ffat-lto-objects' '-finline-functions' '-flto'\000"
 236      61742D6C 
 236      746F2D6F 
 236      626A6563 
 236      74732720 
 237              		.text
 238              		.cfi_sections	.debug_frame
 239              		.section	.text.PGAp_SaveConfig,"ax",%progbits
 240              		.align	2
 241              		.global	PGAp_SaveConfig
 242              		.thumb
 243              		.thumb_func
 244              		.type	PGAp_SaveConfig, %function
 245              	PGAp_SaveConfig:
 246              	.LFB5:
 247              		.cfi_startproc
 248              		@ args = 0, pretend = 0, frame = 0
 249              		@ frame_needed = 0, uses_anonymous_args = 0
 250              		@ link register save eliminated.
 251 0000 7047     		bx	lr
 252              		.cfi_endproc
 253              	.LFE5:
 254              		.size	PGAp_SaveConfig, .-PGAp_SaveConfig
 255 0002 00BF     		.section	.text.PGAp_RestoreConfig,"ax",%progbits
 256              		.align	2
 257              		.global	PGAp_RestoreConfig
 258              		.thumb
 259              		.thumb_func
 260              		.type	PGAp_RestoreConfig, %function
 261              	PGAp_RestoreConfig:
 262              	.LFB1:
 263              		.file 1 "Generated_Source\\PSoC5\\PGAp_PM.c"
   1:Generated_Source\PSoC5/PGAp_PM.c **** /*******************************************************************************
   2:Generated_Source\PSoC5/PGAp_PM.c **** * File Name: PGAp_PM.c  
   3:Generated_Source\PSoC5/PGAp_PM.c **** * Version 2.0
   4:Generated_Source\PSoC5/PGAp_PM.c **** *
   5:Generated_Source\PSoC5/PGAp_PM.c **** * Description:
   6:Generated_Source\PSoC5/PGAp_PM.c **** *  This file provides the power manager source code to the API for PGA 
   7:Generated_Source\PSoC5/PGAp_PM.c **** *  Component.
   8:Generated_Source\PSoC5/PGAp_PM.c **** *
   9:Generated_Source\PSoC5/PGAp_PM.c **** * Note:
ARM GAS  C:\Users\elias\AppData\Local\Temp\cczYaVSG.s 			page 16


  10:Generated_Source\PSoC5/PGAp_PM.c **** *
  11:Generated_Source\PSoC5/PGAp_PM.c **** ********************************************************************************
  12:Generated_Source\PSoC5/PGAp_PM.c **** * Copyright 2008-2012, Cypress Semiconductor Corporation.  All rights reserved.
  13:Generated_Source\PSoC5/PGAp_PM.c **** * You may use this file only in accordance with the license, terms, conditions, 
  14:Generated_Source\PSoC5/PGAp_PM.c **** * disclaimers, and limitations in the end user license agreement accompanying 
  15:Generated_Source\PSoC5/PGAp_PM.c **** * the software package with which this file was provided.
  16:Generated_Source\PSoC5/PGAp_PM.c **** *******************************************************************************/
  17:Generated_Source\PSoC5/PGAp_PM.c **** 
  18:Generated_Source\PSoC5/PGAp_PM.c **** #include "PGAp.h"
  19:Generated_Source\PSoC5/PGAp_PM.c **** 
  20:Generated_Source\PSoC5/PGAp_PM.c **** static PGAp_BACKUP_STRUCT  PGAp_backup;
  21:Generated_Source\PSoC5/PGAp_PM.c **** 
  22:Generated_Source\PSoC5/PGAp_PM.c **** 
  23:Generated_Source\PSoC5/PGAp_PM.c **** /*******************************************************************************
  24:Generated_Source\PSoC5/PGAp_PM.c **** * Function Name: PGAp_SaveConfig
  25:Generated_Source\PSoC5/PGAp_PM.c **** ********************************************************************************
  26:Generated_Source\PSoC5/PGAp_PM.c **** *
  27:Generated_Source\PSoC5/PGAp_PM.c **** * Summary:
  28:Generated_Source\PSoC5/PGAp_PM.c **** *  Save the current user register configuration.
  29:Generated_Source\PSoC5/PGAp_PM.c **** *
  30:Generated_Source\PSoC5/PGAp_PM.c **** * Parameters:
  31:Generated_Source\PSoC5/PGAp_PM.c **** *  void
  32:Generated_Source\PSoC5/PGAp_PM.c **** *
  33:Generated_Source\PSoC5/PGAp_PM.c **** * Return:
  34:Generated_Source\PSoC5/PGAp_PM.c **** *  void
  35:Generated_Source\PSoC5/PGAp_PM.c **** *
  36:Generated_Source\PSoC5/PGAp_PM.c **** *******************************************************************************/
  37:Generated_Source\PSoC5/PGAp_PM.c **** void PGAp_SaveConfig(void) 
  38:Generated_Source\PSoC5/PGAp_PM.c **** {
  39:Generated_Source\PSoC5/PGAp_PM.c ****     /* Nothing to save as registers are System reset on retention flops */
  40:Generated_Source\PSoC5/PGAp_PM.c **** }
  41:Generated_Source\PSoC5/PGAp_PM.c **** 
  42:Generated_Source\PSoC5/PGAp_PM.c **** 
  43:Generated_Source\PSoC5/PGAp_PM.c **** /*******************************************************************************  
  44:Generated_Source\PSoC5/PGAp_PM.c **** * Function Name: PGAp_RestoreConfig
  45:Generated_Source\PSoC5/PGAp_PM.c **** ********************************************************************************
  46:Generated_Source\PSoC5/PGAp_PM.c **** *
  47:Generated_Source\PSoC5/PGAp_PM.c **** * Summary:
  48:Generated_Source\PSoC5/PGAp_PM.c **** *  Restore the register configurations.
  49:Generated_Source\PSoC5/PGAp_PM.c **** *
  50:Generated_Source\PSoC5/PGAp_PM.c **** * Parameters:
  51:Generated_Source\PSoC5/PGAp_PM.c **** *  void
  52:Generated_Source\PSoC5/PGAp_PM.c **** *
  53:Generated_Source\PSoC5/PGAp_PM.c **** * Return:
  54:Generated_Source\PSoC5/PGAp_PM.c **** *  void
  55:Generated_Source\PSoC5/PGAp_PM.c **** *
  56:Generated_Source\PSoC5/PGAp_PM.c **** *******************************************************************************/
  57:Generated_Source\PSoC5/PGAp_PM.c **** void PGAp_RestoreConfig(void) 
  58:Generated_Source\PSoC5/PGAp_PM.c **** {
 264              		.loc 1 58 0
 265              		.cfi_startproc
 266              		@ args = 0, pretend = 0, frame = 0
 267              		@ frame_needed = 0, uses_anonymous_args = 0
 268              		@ link register save eliminated.
 269 0000 7047     		bx	lr
 270              		.cfi_endproc
 271              	.LFE1:
ARM GAS  C:\Users\elias\AppData\Local\Temp\cczYaVSG.s 			page 17


 272              		.size	PGAp_RestoreConfig, .-PGAp_RestoreConfig
 273 0002 00BF     		.section	.text.PGAp_Sleep,"ax",%progbits
 274              		.align	2
 275              		.global	PGAp_Sleep
 276              		.thumb
 277              		.thumb_func
 278              		.type	PGAp_Sleep, %function
 279              	PGAp_Sleep:
 280              	.LFB2:
  59:Generated_Source\PSoC5/PGAp_PM.c ****     /* Nothing to restore */
  60:Generated_Source\PSoC5/PGAp_PM.c **** }
  61:Generated_Source\PSoC5/PGAp_PM.c **** 
  62:Generated_Source\PSoC5/PGAp_PM.c **** 
  63:Generated_Source\PSoC5/PGAp_PM.c **** /*******************************************************************************   
  64:Generated_Source\PSoC5/PGAp_PM.c **** * Function Name: PGAp_Sleep
  65:Generated_Source\PSoC5/PGAp_PM.c **** ********************************************************************************
  66:Generated_Source\PSoC5/PGAp_PM.c **** *
  67:Generated_Source\PSoC5/PGAp_PM.c **** * Summary:
  68:Generated_Source\PSoC5/PGAp_PM.c **** *  Disables block's operation and saves its configuration. Should be called 
  69:Generated_Source\PSoC5/PGAp_PM.c **** *  just prior to entering sleep.
  70:Generated_Source\PSoC5/PGAp_PM.c **** *
  71:Generated_Source\PSoC5/PGAp_PM.c **** * Parameters:
  72:Generated_Source\PSoC5/PGAp_PM.c **** *  None
  73:Generated_Source\PSoC5/PGAp_PM.c **** *
  74:Generated_Source\PSoC5/PGAp_PM.c **** * Return:
  75:Generated_Source\PSoC5/PGAp_PM.c **** *  None
  76:Generated_Source\PSoC5/PGAp_PM.c **** *
  77:Generated_Source\PSoC5/PGAp_PM.c **** * Global variables:
  78:Generated_Source\PSoC5/PGAp_PM.c **** *  PGAp_backup: The structure field 'enableState' is modified 
  79:Generated_Source\PSoC5/PGAp_PM.c **** *  depending on the enable state of the block before entering to sleep mode.
  80:Generated_Source\PSoC5/PGAp_PM.c **** *
  81:Generated_Source\PSoC5/PGAp_PM.c **** *******************************************************************************/
  82:Generated_Source\PSoC5/PGAp_PM.c **** void PGAp_Sleep(void) 
  83:Generated_Source\PSoC5/PGAp_PM.c **** {
 281              		.loc 1 83 0
 282              		.cfi_startproc
 283              		@ args = 0, pretend = 0, frame = 0
 284              		@ frame_needed = 0, uses_anonymous_args = 0
 285              		@ link register save eliminated.
  84:Generated_Source\PSoC5/PGAp_PM.c ****     /* Save PGA enable state */
  85:Generated_Source\PSoC5/PGAp_PM.c ****     if((PGAp_PM_ACT_CFG_REG & PGAp_ACT_PWR_EN) != 0u)
 286              		.loc 1 85 0
 287 0000 074B     		ldr	r3, .L7
 288 0002 1B78     		ldrb	r3, [r3]	@ zero_extendqisi2
 289 0004 03F00803 		and	r3, r3, #8
 290 0008 03F0FF02 		and	r2, r3, #255
 291 000c 13B9     		cbnz	r3, .L6
  86:Generated_Source\PSoC5/PGAp_PM.c ****     {
  87:Generated_Source\PSoC5/PGAp_PM.c ****         /* Component is enabled */
  88:Generated_Source\PSoC5/PGAp_PM.c ****         PGAp_backup.enableState = 1u;
  89:Generated_Source\PSoC5/PGAp_PM.c ****         /* Stop the configuration */
  90:Generated_Source\PSoC5/PGAp_PM.c ****         PGAp_Stop();
  91:Generated_Source\PSoC5/PGAp_PM.c ****     }
  92:Generated_Source\PSoC5/PGAp_PM.c ****     else
  93:Generated_Source\PSoC5/PGAp_PM.c ****     {
  94:Generated_Source\PSoC5/PGAp_PM.c ****         /* Component is disabled */
  95:Generated_Source\PSoC5/PGAp_PM.c ****         PGAp_backup.enableState = 0u;
ARM GAS  C:\Users\elias\AppData\Local\Temp\cczYaVSG.s 			page 18


 292              		.loc 1 95 0
 293 000e 054B     		ldr	r3, .L7+4
 294 0010 1A70     		strb	r2, [r3]
 295 0012 7047     		bx	lr
 296              	.L6:
  88:Generated_Source\PSoC5/PGAp_PM.c ****         /* Stop the configuration */
 297              		.loc 1 88 0
 298 0014 034B     		ldr	r3, .L7+4
 299 0016 0122     		movs	r2, #1
 300 0018 1A70     		strb	r2, [r3]
  90:Generated_Source\PSoC5/PGAp_PM.c ****     }
 301              		.loc 1 90 0
 302 001a FFF7FEBF 		b	PGAp_Stop
 303              	.LVL0:
 304              	.L8:
 305 001e 00BF     		.align	2
 306              	.L7:
 307 0020 A9430040 		.word	1073759145
 308 0024 00000000 		.word	.LANCHOR0
 309              		.cfi_endproc
 310              	.LFE2:
 311              		.size	PGAp_Sleep, .-PGAp_Sleep
 312              		.section	.text.PGAp_Wakeup,"ax",%progbits
 313              		.align	2
 314              		.global	PGAp_Wakeup
 315              		.thumb
 316              		.thumb_func
 317              		.type	PGAp_Wakeup, %function
 318              	PGAp_Wakeup:
 319              	.LFB3:
  96:Generated_Source\PSoC5/PGAp_PM.c ****     }
  97:Generated_Source\PSoC5/PGAp_PM.c ****     /* Save the configuration */
  98:Generated_Source\PSoC5/PGAp_PM.c ****     PGAp_SaveConfig();
  99:Generated_Source\PSoC5/PGAp_PM.c **** }
 100:Generated_Source\PSoC5/PGAp_PM.c **** 
 101:Generated_Source\PSoC5/PGAp_PM.c **** 
 102:Generated_Source\PSoC5/PGAp_PM.c **** /*******************************************************************************
 103:Generated_Source\PSoC5/PGAp_PM.c **** * Function Name: PGAp_Wakeup
 104:Generated_Source\PSoC5/PGAp_PM.c **** ********************************************************************************
 105:Generated_Source\PSoC5/PGAp_PM.c **** *
 106:Generated_Source\PSoC5/PGAp_PM.c **** * Summary:
 107:Generated_Source\PSoC5/PGAp_PM.c **** *  Enables block's operation and restores its configuration. Should be called
 108:Generated_Source\PSoC5/PGAp_PM.c **** *  just after awaking from sleep.
 109:Generated_Source\PSoC5/PGAp_PM.c **** *
 110:Generated_Source\PSoC5/PGAp_PM.c **** * Parameters:
 111:Generated_Source\PSoC5/PGAp_PM.c **** *  None
 112:Generated_Source\PSoC5/PGAp_PM.c **** *
 113:Generated_Source\PSoC5/PGAp_PM.c **** * Return:
 114:Generated_Source\PSoC5/PGAp_PM.c **** *  void
 115:Generated_Source\PSoC5/PGAp_PM.c **** *
 116:Generated_Source\PSoC5/PGAp_PM.c **** * Global variables:
 117:Generated_Source\PSoC5/PGAp_PM.c **** *  PGAp_backup: The structure field 'enableState' is used to 
 118:Generated_Source\PSoC5/PGAp_PM.c **** *  restore the enable state of block after wakeup from sleep mode.
 119:Generated_Source\PSoC5/PGAp_PM.c **** * 
 120:Generated_Source\PSoC5/PGAp_PM.c **** *******************************************************************************/
 121:Generated_Source\PSoC5/PGAp_PM.c **** void PGAp_Wakeup(void) 
 122:Generated_Source\PSoC5/PGAp_PM.c **** {
ARM GAS  C:\Users\elias\AppData\Local\Temp\cczYaVSG.s 			page 19


 320              		.loc 1 122 0
 321              		.cfi_startproc
 322              		@ args = 0, pretend = 0, frame = 0
 323              		@ frame_needed = 0, uses_anonymous_args = 0
 324              		@ link register save eliminated.
 123:Generated_Source\PSoC5/PGAp_PM.c ****     /* Restore the configurations */
 124:Generated_Source\PSoC5/PGAp_PM.c ****     PGAp_RestoreConfig();
 125:Generated_Source\PSoC5/PGAp_PM.c ****      /* Enables the component operation */
 126:Generated_Source\PSoC5/PGAp_PM.c ****     if(PGAp_backup.enableState == 1u)
 325              		.loc 1 126 0
 326 0000 034B     		ldr	r3, .L12
 327 0002 1B78     		ldrb	r3, [r3]	@ zero_extendqisi2
 328 0004 012B     		cmp	r3, #1
 329 0006 00D0     		beq	.L11
 330 0008 7047     		bx	lr
 331              	.L11:
 127:Generated_Source\PSoC5/PGAp_PM.c ****     {
 128:Generated_Source\PSoC5/PGAp_PM.c ****         PGAp_Enable();
 332              		.loc 1 128 0
 333 000a FFF7FEBF 		b	PGAp_Enable
 334              	.LVL1:
 335              	.L13:
 336 000e 00BF     		.align	2
 337              	.L12:
 338 0010 00000000 		.word	.LANCHOR0
 339              		.cfi_endproc
 340              	.LFE3:
 341              		.size	PGAp_Wakeup, .-PGAp_Wakeup
 342              		.bss
 343              		.align	2
 344              		.set	.LANCHOR0,. + 0
 345              		.type	PGAp_backup, %object
 346              		.size	PGAp_backup, 4
 347              	PGAp_backup:
 348 0000 00000000 		.space	4
 349              		.text
 350              	.Letext0:
 351              		.file 2 "Generated_Source\\PSoC5\\cytypes.h"
 352              		.file 3 "Generated_Source\\PSoC5\\PGAp.h"
 353              		.section	.debug_info,"",%progbits
 354              	.Ldebug_info0:
 355 0000 70010000 		.4byte	0x170
 356 0004 0400     		.2byte	0x4
 357 0006 00000000 		.4byte	.Ldebug_abbrev0
 358 000a 04       		.byte	0x4
 359 000b 01       		.uleb128 0x1
 360 000c 6D000000 		.4byte	.LASF27
 361 0010 0C       		.byte	0xc
 362 0011 10000000 		.4byte	.LASF28
 363 0015 26010000 		.4byte	.LASF29
 364 0019 00000000 		.4byte	.Ldebug_ranges0+0
 365 001d 00000000 		.4byte	0
 366 0021 00000000 		.4byte	.Ldebug_line0
 367 0025 02       		.uleb128 0x2
 368 0026 01       		.byte	0x1
 369 0027 06       		.byte	0x6
 370 0028 1C020000 		.4byte	.LASF0
ARM GAS  C:\Users\elias\AppData\Local\Temp\cczYaVSG.s 			page 20


 371 002c 02       		.uleb128 0x2
 372 002d 01       		.byte	0x1
 373 002e 08       		.byte	0x8
 374 002f 5F000000 		.4byte	.LASF1
 375 0033 02       		.uleb128 0x2
 376 0034 02       		.byte	0x2
 377 0035 05       		.byte	0x5
 378 0036 E6010000 		.4byte	.LASF2
 379 003a 02       		.uleb128 0x2
 380 003b 02       		.byte	0x2
 381 003c 07       		.byte	0x7
 382 003d 28020000 		.4byte	.LASF3
 383 0041 02       		.uleb128 0x2
 384 0042 04       		.byte	0x4
 385 0043 05       		.byte	0x5
 386 0044 FB010000 		.4byte	.LASF4
 387 0048 02       		.uleb128 0x2
 388 0049 04       		.byte	0x4
 389 004a 07       		.byte	0x7
 390 004b 14010000 		.4byte	.LASF5
 391 004f 02       		.uleb128 0x2
 392 0050 08       		.byte	0x8
 393 0051 05       		.byte	0x5
 394 0052 BE010000 		.4byte	.LASF6
 395 0056 02       		.uleb128 0x2
 396 0057 08       		.byte	0x8
 397 0058 07       		.byte	0x7
 398 0059 99010000 		.4byte	.LASF7
 399 005d 03       		.uleb128 0x3
 400 005e 04       		.byte	0x4
 401 005f 05       		.byte	0x5
 402 0060 696E7400 		.ascii	"int\000"
 403 0064 02       		.uleb128 0x2
 404 0065 04       		.byte	0x4
 405 0066 07       		.byte	0x7
 406 0067 8C010000 		.4byte	.LASF8
 407 006b 04       		.uleb128 0x4
 408 006c 60010000 		.4byte	.LASF12
 409 0070 02       		.byte	0x2
 410 0071 E901     		.2byte	0x1e9
 411 0073 2C000000 		.4byte	0x2c
 412 0077 02       		.uleb128 0x2
 413 0078 04       		.byte	0x4
 414 0079 04       		.byte	0x4
 415 007a 59000000 		.4byte	.LASF9
 416 007e 02       		.uleb128 0x2
 417 007f 08       		.byte	0x8
 418 0080 04       		.byte	0x4
 419 0081 79010000 		.4byte	.LASF10
 420 0085 02       		.uleb128 0x2
 421 0086 01       		.byte	0x1
 422 0087 08       		.byte	0x8
 423 0088 D5010000 		.4byte	.LASF11
 424 008c 04       		.uleb128 0x4
 425 008d B0010000 		.4byte	.LASF13
 426 0091 02       		.byte	0x2
 427 0092 9302     		.2byte	0x293
ARM GAS  C:\Users\elias\AppData\Local\Temp\cczYaVSG.s 			page 21


 428 0094 98000000 		.4byte	0x98
 429 0098 05       		.uleb128 0x5
 430 0099 6B000000 		.4byte	0x6b
 431 009d 02       		.uleb128 0x2
 432 009e 08       		.byte	0x8
 433 009f 04       		.byte	0x4
 434 00a0 10020000 		.4byte	.LASF14
 435 00a4 02       		.uleb128 0x2
 436 00a5 04       		.byte	0x4
 437 00a6 07       		.byte	0x7
 438 00a7 B5010000 		.4byte	.LASF15
 439 00ab 06       		.uleb128 0x6
 440 00ac 04       		.byte	0x4
 441 00ad 03       		.byte	0x3
 442 00ae 2D       		.byte	0x2d
 443 00af E4000000 		.4byte	0xe4
 444 00b3 07       		.uleb128 0x7
 445 00b4 04020000 		.4byte	.LASF16
 446 00b8 03       		.byte	0x3
 447 00b9 2F       		.byte	0x2f
 448 00ba 6B000000 		.4byte	0x6b
 449 00be 00       		.byte	0
 450 00bf 07       		.uleb128 0x7
 451 00c0 CC010000 		.4byte	.LASF17
 452 00c4 03       		.byte	0x3
 453 00c5 30       		.byte	0x30
 454 00c6 6B000000 		.4byte	0x6b
 455 00ca 01       		.byte	0x1
 456 00cb 07       		.uleb128 0x7
 457 00cc 3B020000 		.4byte	.LASF18
 458 00d0 03       		.byte	0x3
 459 00d1 31       		.byte	0x31
 460 00d2 6B000000 		.4byte	0x6b
 461 00d6 02       		.byte	0x2
 462 00d7 07       		.uleb128 0x7
 463 00d8 31000000 		.4byte	.LASF19
 464 00dc 03       		.byte	0x3
 465 00dd 32       		.byte	0x32
 466 00de 6B000000 		.4byte	0x6b
 467 00e2 03       		.byte	0x3
 468 00e3 00       		.byte	0
 469 00e4 08       		.uleb128 0x8
 470 00e5 46000000 		.4byte	.LASF20
 471 00e9 03       		.byte	0x3
 472 00ea 33       		.byte	0x33
 473 00eb AB000000 		.4byte	0xab
 474 00ef 09       		.uleb128 0x9
 475 00f0 00000000 		.4byte	.LASF21
 476 00f4 01       		.byte	0x1
 477 00f5 25       		.byte	0x25
 478 00f6 01       		.byte	0x1
 479 00f7 09       		.uleb128 0x9
 480 00f8 66010000 		.4byte	.LASF22
 481 00fc 01       		.byte	0x1
 482 00fd 39       		.byte	0x39
 483 00fe 01       		.byte	0x1
 484 00ff 0A       		.uleb128 0xa
ARM GAS  C:\Users\elias\AppData\Local\Temp\cczYaVSG.s 			page 22


 485 0100 F7000000 		.4byte	0xf7
 486 0104 00000000 		.4byte	.LFB1
 487 0108 02000000 		.4byte	.LFE1-.LFB1
 488 010c 01       		.uleb128 0x1
 489 010d 9C       		.byte	0x9c
 490 010e 0B       		.uleb128 0xb
 491 010f F0010000 		.4byte	.LASF23
 492 0113 01       		.byte	0x1
 493 0114 52       		.byte	0x52
 494 0115 00000000 		.4byte	.LFB2
 495 0119 28000000 		.4byte	.LFE2-.LFB2
 496 011d 01       		.uleb128 0x1
 497 011e 9C       		.byte	0x9c
 498 011f 2D010000 		.4byte	0x12d
 499 0123 0C       		.uleb128 0xc
 500 0124 1E000000 		.4byte	.LVL0
 501 0128 5D010000 		.4byte	0x15d
 502 012c 00       		.byte	0
 503 012d 0B       		.uleb128 0xb
 504 012e DA010000 		.4byte	.LASF24
 505 0132 01       		.byte	0x1
 506 0133 79       		.byte	0x79
 507 0134 00000000 		.4byte	.LFB3
 508 0138 14000000 		.4byte	.LFE3-.LFB3
 509 013c 01       		.uleb128 0x1
 510 013d 9C       		.byte	0x9c
 511 013e 4C010000 		.4byte	0x14c
 512 0142 0C       		.uleb128 0xc
 513 0143 0E000000 		.4byte	.LVL1
 514 0147 68010000 		.4byte	0x168
 515 014b 00       		.byte	0
 516 014c 0D       		.uleb128 0xd
 517 014d 80010000 		.4byte	.LASF30
 518 0151 01       		.byte	0x1
 519 0152 14       		.byte	0x14
 520 0153 E4000000 		.4byte	0xe4
 521 0157 05       		.uleb128 0x5
 522 0158 03       		.byte	0x3
 523 0159 00000000 		.4byte	PGAp_backup
 524 015d 0E       		.uleb128 0xe
 525 015e 44020000 		.4byte	.LASF25
 526 0162 44020000 		.4byte	.LASF25
 527 0166 03       		.byte	0x3
 528 0167 3F       		.byte	0x3f
 529 0168 0E       		.uleb128 0xe
 530 0169 3A000000 		.4byte	.LASF26
 531 016d 3A000000 		.4byte	.LASF26
 532 0171 03       		.byte	0x3
 533 0172 47       		.byte	0x47
 534 0173 00       		.byte	0
 535              		.section	.debug_abbrev,"",%progbits
 536              	.Ldebug_abbrev0:
 537 0000 01       		.uleb128 0x1
 538 0001 11       		.uleb128 0x11
 539 0002 01       		.byte	0x1
 540 0003 25       		.uleb128 0x25
 541 0004 0E       		.uleb128 0xe
ARM GAS  C:\Users\elias\AppData\Local\Temp\cczYaVSG.s 			page 23


 542 0005 13       		.uleb128 0x13
 543 0006 0B       		.uleb128 0xb
 544 0007 03       		.uleb128 0x3
 545 0008 0E       		.uleb128 0xe
 546 0009 1B       		.uleb128 0x1b
 547 000a 0E       		.uleb128 0xe
 548 000b 55       		.uleb128 0x55
 549 000c 17       		.uleb128 0x17
 550 000d 11       		.uleb128 0x11
 551 000e 01       		.uleb128 0x1
 552 000f 10       		.uleb128 0x10
 553 0010 17       		.uleb128 0x17
 554 0011 00       		.byte	0
 555 0012 00       		.byte	0
 556 0013 02       		.uleb128 0x2
 557 0014 24       		.uleb128 0x24
 558 0015 00       		.byte	0
 559 0016 0B       		.uleb128 0xb
 560 0017 0B       		.uleb128 0xb
 561 0018 3E       		.uleb128 0x3e
 562 0019 0B       		.uleb128 0xb
 563 001a 03       		.uleb128 0x3
 564 001b 0E       		.uleb128 0xe
 565 001c 00       		.byte	0
 566 001d 00       		.byte	0
 567 001e 03       		.uleb128 0x3
 568 001f 24       		.uleb128 0x24
 569 0020 00       		.byte	0
 570 0021 0B       		.uleb128 0xb
 571 0022 0B       		.uleb128 0xb
 572 0023 3E       		.uleb128 0x3e
 573 0024 0B       		.uleb128 0xb
 574 0025 03       		.uleb128 0x3
 575 0026 08       		.uleb128 0x8
 576 0027 00       		.byte	0
 577 0028 00       		.byte	0
 578 0029 04       		.uleb128 0x4
 579 002a 16       		.uleb128 0x16
 580 002b 00       		.byte	0
 581 002c 03       		.uleb128 0x3
 582 002d 0E       		.uleb128 0xe
 583 002e 3A       		.uleb128 0x3a
 584 002f 0B       		.uleb128 0xb
 585 0030 3B       		.uleb128 0x3b
 586 0031 05       		.uleb128 0x5
 587 0032 49       		.uleb128 0x49
 588 0033 13       		.uleb128 0x13
 589 0034 00       		.byte	0
 590 0035 00       		.byte	0
 591 0036 05       		.uleb128 0x5
 592 0037 35       		.uleb128 0x35
 593 0038 00       		.byte	0
 594 0039 49       		.uleb128 0x49
 595 003a 13       		.uleb128 0x13
 596 003b 00       		.byte	0
 597 003c 00       		.byte	0
 598 003d 06       		.uleb128 0x6
ARM GAS  C:\Users\elias\AppData\Local\Temp\cczYaVSG.s 			page 24


 599 003e 13       		.uleb128 0x13
 600 003f 01       		.byte	0x1
 601 0040 0B       		.uleb128 0xb
 602 0041 0B       		.uleb128 0xb
 603 0042 3A       		.uleb128 0x3a
 604 0043 0B       		.uleb128 0xb
 605 0044 3B       		.uleb128 0x3b
 606 0045 0B       		.uleb128 0xb
 607 0046 01       		.uleb128 0x1
 608 0047 13       		.uleb128 0x13
 609 0048 00       		.byte	0
 610 0049 00       		.byte	0
 611 004a 07       		.uleb128 0x7
 612 004b 0D       		.uleb128 0xd
 613 004c 00       		.byte	0
 614 004d 03       		.uleb128 0x3
 615 004e 0E       		.uleb128 0xe
 616 004f 3A       		.uleb128 0x3a
 617 0050 0B       		.uleb128 0xb
 618 0051 3B       		.uleb128 0x3b
 619 0052 0B       		.uleb128 0xb
 620 0053 49       		.uleb128 0x49
 621 0054 13       		.uleb128 0x13
 622 0055 38       		.uleb128 0x38
 623 0056 0B       		.uleb128 0xb
 624 0057 00       		.byte	0
 625 0058 00       		.byte	0
 626 0059 08       		.uleb128 0x8
 627 005a 16       		.uleb128 0x16
 628 005b 00       		.byte	0
 629 005c 03       		.uleb128 0x3
 630 005d 0E       		.uleb128 0xe
 631 005e 3A       		.uleb128 0x3a
 632 005f 0B       		.uleb128 0xb
 633 0060 3B       		.uleb128 0x3b
 634 0061 0B       		.uleb128 0xb
 635 0062 49       		.uleb128 0x49
 636 0063 13       		.uleb128 0x13
 637 0064 00       		.byte	0
 638 0065 00       		.byte	0
 639 0066 09       		.uleb128 0x9
 640 0067 2E       		.uleb128 0x2e
 641 0068 00       		.byte	0
 642 0069 3F       		.uleb128 0x3f
 643 006a 19       		.uleb128 0x19
 644 006b 03       		.uleb128 0x3
 645 006c 0E       		.uleb128 0xe
 646 006d 3A       		.uleb128 0x3a
 647 006e 0B       		.uleb128 0xb
 648 006f 3B       		.uleb128 0x3b
 649 0070 0B       		.uleb128 0xb
 650 0071 27       		.uleb128 0x27
 651 0072 19       		.uleb128 0x19
 652 0073 20       		.uleb128 0x20
 653 0074 0B       		.uleb128 0xb
 654 0075 00       		.byte	0
 655 0076 00       		.byte	0
ARM GAS  C:\Users\elias\AppData\Local\Temp\cczYaVSG.s 			page 25


 656 0077 0A       		.uleb128 0xa
 657 0078 2E       		.uleb128 0x2e
 658 0079 00       		.byte	0
 659 007a 31       		.uleb128 0x31
 660 007b 13       		.uleb128 0x13
 661 007c 11       		.uleb128 0x11
 662 007d 01       		.uleb128 0x1
 663 007e 12       		.uleb128 0x12
 664 007f 06       		.uleb128 0x6
 665 0080 40       		.uleb128 0x40
 666 0081 18       		.uleb128 0x18
 667 0082 9742     		.uleb128 0x2117
 668 0084 19       		.uleb128 0x19
 669 0085 00       		.byte	0
 670 0086 00       		.byte	0
 671 0087 0B       		.uleb128 0xb
 672 0088 2E       		.uleb128 0x2e
 673 0089 01       		.byte	0x1
 674 008a 3F       		.uleb128 0x3f
 675 008b 19       		.uleb128 0x19
 676 008c 03       		.uleb128 0x3
 677 008d 0E       		.uleb128 0xe
 678 008e 3A       		.uleb128 0x3a
 679 008f 0B       		.uleb128 0xb
 680 0090 3B       		.uleb128 0x3b
 681 0091 0B       		.uleb128 0xb
 682 0092 27       		.uleb128 0x27
 683 0093 19       		.uleb128 0x19
 684 0094 11       		.uleb128 0x11
 685 0095 01       		.uleb128 0x1
 686 0096 12       		.uleb128 0x12
 687 0097 06       		.uleb128 0x6
 688 0098 40       		.uleb128 0x40
 689 0099 18       		.uleb128 0x18
 690 009a 9742     		.uleb128 0x2117
 691 009c 19       		.uleb128 0x19
 692 009d 01       		.uleb128 0x1
 693 009e 13       		.uleb128 0x13
 694 009f 00       		.byte	0
 695 00a0 00       		.byte	0
 696 00a1 0C       		.uleb128 0xc
 697 00a2 898201   		.uleb128 0x4109
 698 00a5 00       		.byte	0
 699 00a6 11       		.uleb128 0x11
 700 00a7 01       		.uleb128 0x1
 701 00a8 9542     		.uleb128 0x2115
 702 00aa 19       		.uleb128 0x19
 703 00ab 31       		.uleb128 0x31
 704 00ac 13       		.uleb128 0x13
 705 00ad 00       		.byte	0
 706 00ae 00       		.byte	0
 707 00af 0D       		.uleb128 0xd
 708 00b0 34       		.uleb128 0x34
 709 00b1 00       		.byte	0
 710 00b2 03       		.uleb128 0x3
 711 00b3 0E       		.uleb128 0xe
 712 00b4 3A       		.uleb128 0x3a
ARM GAS  C:\Users\elias\AppData\Local\Temp\cczYaVSG.s 			page 26


 713 00b5 0B       		.uleb128 0xb
 714 00b6 3B       		.uleb128 0x3b
 715 00b7 0B       		.uleb128 0xb
 716 00b8 49       		.uleb128 0x49
 717 00b9 13       		.uleb128 0x13
 718 00ba 02       		.uleb128 0x2
 719 00bb 18       		.uleb128 0x18
 720 00bc 00       		.byte	0
 721 00bd 00       		.byte	0
 722 00be 0E       		.uleb128 0xe
 723 00bf 2E       		.uleb128 0x2e
 724 00c0 00       		.byte	0
 725 00c1 3F       		.uleb128 0x3f
 726 00c2 19       		.uleb128 0x19
 727 00c3 3C       		.uleb128 0x3c
 728 00c4 19       		.uleb128 0x19
 729 00c5 6E       		.uleb128 0x6e
 730 00c6 0E       		.uleb128 0xe
 731 00c7 03       		.uleb128 0x3
 732 00c8 0E       		.uleb128 0xe
 733 00c9 3A       		.uleb128 0x3a
 734 00ca 0B       		.uleb128 0xb
 735 00cb 3B       		.uleb128 0x3b
 736 00cc 0B       		.uleb128 0xb
 737 00cd 00       		.byte	0
 738 00ce 00       		.byte	0
 739 00cf 00       		.byte	0
 740              		.section	.debug_aranges,"",%progbits
 741 0000 2C000000 		.4byte	0x2c
 742 0004 0200     		.2byte	0x2
 743 0006 00000000 		.4byte	.Ldebug_info0
 744 000a 04       		.byte	0x4
 745 000b 00       		.byte	0
 746 000c 0000     		.2byte	0
 747 000e 0000     		.2byte	0
 748 0010 00000000 		.4byte	.LFB1
 749 0014 02000000 		.4byte	.LFE1-.LFB1
 750 0018 00000000 		.4byte	.LFB2
 751 001c 28000000 		.4byte	.LFE2-.LFB2
 752 0020 00000000 		.4byte	.LFB3
 753 0024 14000000 		.4byte	.LFE3-.LFB3
 754 0028 00000000 		.4byte	0
 755 002c 00000000 		.4byte	0
 756              		.section	.debug_ranges,"",%progbits
 757              	.Ldebug_ranges0:
 758 0000 00000000 		.4byte	.LFB1
 759 0004 02000000 		.4byte	.LFE1
 760 0008 00000000 		.4byte	.LFB2
 761 000c 28000000 		.4byte	.LFE2
 762 0010 00000000 		.4byte	.LFB3
 763 0014 14000000 		.4byte	.LFE3
 764 0018 00000000 		.4byte	0
 765 001c 00000000 		.4byte	0
 766              		.section	.debug_line,"",%progbits
 767              	.Ldebug_line0:
 768 0000 8D000000 		.section	.debug_str,"MS",%progbits,1
 768      02004E00 
ARM GAS  C:\Users\elias\AppData\Local\Temp\cczYaVSG.s 			page 27


 768      00000201 
 768      FB0E0D00 
 768      01010101 
 769              	.LASF21:
 770 0000 50474170 		.ascii	"PGAp_SaveConfig\000"
 770      5F536176 
 770      65436F6E 
 770      66696700 
 771              	.LASF28:
 772 0010 47656E65 		.ascii	"Generated_Source\\PSoC5\\PGAp_PM.c\000"
 772      72617465 
 772      645F536F 
 772      75726365 
 772      5C50536F 
 773              	.LASF19:
 774 0031 73634352 		.ascii	"scCR3Reg\000"
 774      33526567 
 774      00
 775              	.LASF26:
 776 003a 50474170 		.ascii	"PGAp_Enable\000"
 776      5F456E61 
 776      626C6500 
 777              	.LASF20:
 778 0046 50474170 		.ascii	"PGAp_BACKUP_STRUCT\000"
 778      5F424143 
 778      4B55505F 
 778      53545255 
 778      435400
 779              	.LASF9:
 780 0059 666C6F61 		.ascii	"float\000"
 780      7400
 781              	.LASF1:
 782 005f 756E7369 		.ascii	"unsigned char\000"
 782      676E6564 
 782      20636861 
 782      7200
 783              	.LASF27:
 784 006d 474E5520 		.ascii	"GNU C11 5.4.1 20160609 (release) [ARM/embedded-5-br"
 784      43313120 
 784      352E342E 
 784      31203230 
 784      31363036 
 785 00a0 616E6368 		.ascii	"anch revision 237715] -mcpu=cortex-m3 -mthumb -g -O"
 785      20726576 
 785      6973696F 
 785      6E203233 
 785      37373135 
 786 00d3 33202D66 		.ascii	"3 -ffunction-sections -ffat-lto-objects -finline-fu"
 786      66756E63 
 786      74696F6E 
 786      2D736563 
 786      74696F6E 
 787 0106 6E637469 		.ascii	"nctions -flto\000"
 787      6F6E7320 
 787      2D666C74 
 787      6F00
 788              	.LASF5:
ARM GAS  C:\Users\elias\AppData\Local\Temp\cczYaVSG.s 			page 28


 789 0114 6C6F6E67 		.ascii	"long unsigned int\000"
 789      20756E73 
 789      69676E65 
 789      6420696E 
 789      7400
 790              	.LASF29:
 791 0126 433A5C47 		.ascii	"C:\\Github\\Tesis\\src\\psoc\\AcondicionamientoAnal"
 791      69746875 
 791      625C5465 
 791      7369735C 
 791      7372635C 
 792 0154 6F676963 		.ascii	"ogico.cydsn\000"
 792      6F2E6379 
 792      64736E00 
 793              	.LASF12:
 794 0160 75696E74 		.ascii	"uint8\000"
 794      3800
 795              	.LASF22:
 796 0166 50474170 		.ascii	"PGAp_RestoreConfig\000"
 796      5F526573 
 796      746F7265 
 796      436F6E66 
 796      696700
 797              	.LASF10:
 798 0179 646F7562 		.ascii	"double\000"
 798      6C6500
 799              	.LASF30:
 800 0180 50474170 		.ascii	"PGAp_backup\000"
 800      5F626163 
 800      6B757000 
 801              	.LASF8:
 802 018c 756E7369 		.ascii	"unsigned int\000"
 802      676E6564 
 802      20696E74 
 802      00
 803              	.LASF7:
 804 0199 6C6F6E67 		.ascii	"long long unsigned int\000"
 804      206C6F6E 
 804      6720756E 
 804      7369676E 
 804      65642069 
 805              	.LASF13:
 806 01b0 72656738 		.ascii	"reg8\000"
 806      00
 807              	.LASF15:
 808 01b5 73697A65 		.ascii	"sizetype\000"
 808      74797065 
 808      00
 809              	.LASF6:
 810 01be 6C6F6E67 		.ascii	"long long int\000"
 810      206C6F6E 
 810      6720696E 
 810      7400
 811              	.LASF17:
 812 01cc 73634352 		.ascii	"scCR1Reg\000"
 812      31526567 
 812      00
ARM GAS  C:\Users\elias\AppData\Local\Temp\cczYaVSG.s 			page 29


 813              	.LASF11:
 814 01d5 63686172 		.ascii	"char\000"
 814      00
 815              	.LASF24:
 816 01da 50474170 		.ascii	"PGAp_Wakeup\000"
 816      5F57616B 
 816      65757000 
 817              	.LASF2:
 818 01e6 73686F72 		.ascii	"short int\000"
 818      7420696E 
 818      7400
 819              	.LASF23:
 820 01f0 50474170 		.ascii	"PGAp_Sleep\000"
 820      5F536C65 
 820      657000
 821              	.LASF4:
 822 01fb 6C6F6E67 		.ascii	"long int\000"
 822      20696E74 
 822      00
 823              	.LASF16:
 824 0204 656E6162 		.ascii	"enableState\000"
 824      6C655374 
 824      61746500 
 825              	.LASF14:
 826 0210 6C6F6E67 		.ascii	"long double\000"
 826      20646F75 
 826      626C6500 
 827              	.LASF0:
 828 021c 7369676E 		.ascii	"signed char\000"
 828      65642063 
 828      68617200 
 829              	.LASF3:
 830 0228 73686F72 		.ascii	"short unsigned int\000"
 830      7420756E 
 830      7369676E 
 830      65642069 
 830      6E7400
 831              	.LASF18:
 832 023b 73634352 		.ascii	"scCR2Reg\000"
 832      32526567 
 832      00
 833              	.LASF25:
 834 0244 50474170 		.ascii	"PGAp_Stop\000"
 834      5F53746F 
 834      7000
 835              		.comm	__gnu_lto_v1,1,1
 836              		.ident	"GCC: (GNU Tools for ARM Embedded Processors) 5.4.1 20160609 (release) [ARM/embedded-5-bran
