ARM GAS  C:\Users\elias\AppData\Local\Temp\cclzkwd9.s 			page 1


   1              		.syntax unified
   2              		.cpu cortex-m3
   3              		.fpu softvfp
   4              		.eabi_attribute 20, 1
   5              		.eabi_attribute 21, 1
   6              		.eabi_attribute 23, 3
   7              		.eabi_attribute 24, 1
   8              		.eabi_attribute 25, 1
   9              		.eabi_attribute 26, 1
  10              		.eabi_attribute 30, 2
  11              		.eabi_attribute 34, 1
  12              		.eabi_attribute 18, 4
  13              		.thumb
  14              		.syntax unified
  15              		.file	"PGAshield_PM.c"
  16              		.text
  17              	.Ltext0:
  18              		.section	.gnu.lto_.profile.8cb234,"",%progbits
  19 0000 789C6361 		.ascii	"x\234ca`d`a`\000\222\252\374\000\000\303\000?"
  19      60646061 
  19      600092AA 
  19      FC0000C3 
  19      003F
  20              		.text
  21              		.section	.gnu.lto_.icf.8cb234,"",%progbits
  22 0000 789C6361 		.ascii	"x\234ca`d\000\001\005\006\004`eX?\363A\013\023#\230"
  22      60640001 
  22      05060460 
  22      65583FF3 
  22      410B1323 
  23 0015 643A75E2 		.ascii	"d:u\342\343Z6\346\275\017\337\265\263\262\\k]7\213\231"
  23      E35A36E6 
  23      BD0FDFB5 
  23      B3B25C6B 
  23      5D378B99 
  24 0029 0100F298 		.ascii	"\001\000\362\230\016\205"
  24      0E85
  25              		.text
  26              		.section	.gnu.lto_.jmpfuncs.8cb234,"",%progbits
  27 0000 789C6361 		.ascii	"x\234ca`d\000\001\001\006\004`\001b\240(\023\224\311"
  27      60640001 
  27      01060460 
  27      0162A028 
  27      1394C9
  28 0013 00000308 		.ascii	"\000\000\003\010\000!"
  28      0021
  29              		.text
  30              		.section	.gnu.lto_.inline.8cb234,"",%progbits
  31 0000 789C6361 		.ascii	"x\234ca`d\000\2010\006\004`a``fbd`\0022\331\026\310"
  31      60640081 
  31      30060460 
  31      61606066 
  31      62646002 
  32 0018 8328A022 		.ascii	"\203(\240\"t\021&\006.N\240\010O\237\037B\021\027X3"
  32      74112606 
  32      2E4EA008 
  32      4F9F1F42 
ARM GAS  C:\Users\elias\AppData\Local\Temp\cclzkwd9.s 			page 2


  32      11175833 
  33 002c 3B3B509C 		.ascii	";;P\234\355\203\036\2528\003\000\364\316\005\334"
  33      ED831EAA 
  33      380300F4 
  33      CE05DC
  34              		.text
  35              		.section	.gnu.lto_.pureconst.8cb234,"",%progbits
  36 0000 789C6361 		.ascii	"x\234ca`d\340d```a\0002\230\244X$\000\001y\000L"
  36      6064E064 
  36      60606061 
  36      003298A4 
  36      58240001 
  37              		.text
  38              		.section	.gnu.lto_PGAshield_SaveConfig.8cb234,"",%progbits
  39 0000 789C6361 		.ascii	"x\234ca`d\000\201j \326\000bi fdf`d\232p\216\201\241"
  39      60640081 
  39      6A20D600 
  39      62692066 
  39      64666064 
  40 0019 91838991 		.ascii	"\221\203\211\221\021\304h\340`d\250gb\254g\374\312\364"
  40      11C468E0 
  40      6064A867 
  40      62AC67FC 
  40      CAF4
  41 002b 9789F150 		.ascii	"\227\211\361P\373\263\235L\232\313\033\200\340\301\322"
  41      FBB39D4C 
  41      9ACB1B80 
  41      E0C1D2
  42 003a C9CC0D2B 		.ascii	"\311\314\015+\0160\266230\374g\002\233\304\300\270\234"
  42      0E30B632 
  42      3330FC67 
  42      029BC4C0 
  42      B89C
  43 004c 519301A8 		.ascii	"Q\223\001\250\354\321\306\177Sy\331Z@\312\024 \222\214"
  43      ECD1C67F 
  43      5379D95A 
  43      40CA1420 
  43      928C
  44 005e 2B18D940 		.ascii	"+\030\331@\326\255\017:\320\360\377\177s\303\201\271"
  44      D6AD0F3A 
  44      D0F0FF7F 
  44      73C381B9 
  45 006e AC0F9980 		.ascii	"\254\017\231\200\022\037\200\030d\315G \007H3\277bd"
  45      121F8018 
  45      64CD4720 
  45      074833BF 
  45      6264
  46 0080 0229059B 		.ascii	"\002)\005\233\366\201\211\021$\006T\241\346\236\232"
  46      F6818911 
  46      240654A1 
  46      E69E9A
  47 008f 975A9458 		.ascii	"\227Z\224X\222\232\022\037\234_Z\224\234\032\023\020"
  47      929A121F 
  47      9C5F5A94 
  47      9C1A1310 
  48 009f 9CEF6C1A 		.ascii	"\234\357l\032\023\340\356X\234\221\231\232\223\022\037"
  48      13E0EE58 
ARM GAS  C:\Users\elias\AppData\Local\Temp\cclzkwd9.s 			page 3


  48      9C91999A 
  48      93121F
  49 00ae E0AB97CC 		.ascii	"\340\253\227\314\000\000\2460:\002"
  49      0000A630 
  49      3A02
  50              		.text
  51              		.section	.gnu.lto_PGAshield_RestoreConfig.8cb234,"",%progbits
  52 0000 789C6361 		.ascii	"x\234ca`d\000\201j \326\000bi fdf`d\232p\216\201\241"
  52      60640081 
  52      6A20D600 
  52      62692066 
  52      64666064 
  53 0019 91838991 		.ascii	"\221\203\211\221\021\304h\340`d\250gb\254g\374\312\364"
  53      11C468E0 
  53      6064A867 
  53      62AC67FC 
  53      CAF4
  54 002b 9789F150 		.ascii	"\227\211\361P\373\263\235L\232\313\033\200\340\301\322"
  54      FBB39D4C 
  54      9ACB1B80 
  54      E0C1D2
  55 003a 79CC0D2B 		.ascii	"y\314\015+\0160\266230\374g\002\233\304\300\270\234"
  55      0E30B632 
  55      3330FC67 
  55      029BC4C0 
  55      B89C
  56 004c 519301A8 		.ascii	"Q\223\001\250\354\321\306\177Sy\331Z@\312\024 \222\214"
  56      ECD1C67F 
  56      5379D95A 
  56      40CA1420 
  56      928C
  57 005e 2B18D940 		.ascii	"+\030\331@\326\255\017:\320\360\377\177s\303\201\257"
  57      D6AD0F3A 
  57      D0F0FF7F 
  57      73C381AF 
  58 006e AC1F9981 		.ascii	"\254\037\231\201\022\037\200\030d\315G&&\020\315\374"
  58      121F8018 
  58      64CD4726 
  58      2610CDFC 
  59 007e 8A9109A4 		.ascii	"\212\221\011\244\024l\332\007&F\220\030P\205\232{j^"
  59      146CDA07 
  59      26469018 
  59      50859A7B 
  59      6A5E
  60 0090 6A516249 		.ascii	"jQbIjJ|p~iQrjL@p\276\263iL\200\273cqFfjNJ|\200\257^"
  60      6A4A7C70 
  60      7E695172 
  60      6A4C4070 
  60      BEB3694C 
  61 00b1 320300CE 		.ascii	"2\003\000\316\274:v"
  61      BC3A76
  62              		.text
  63              		.section	.gnu.lto_PGAshield_Sleep.8cb234,"",%progbits
  64 0000 789C8D91 		.ascii	"x\234\215\221\301k\023Q\020\306\347{ow\263\206\024\363"
  64      C16B1351 
  64      10C6E77B 
  64      6F77B386 
ARM GAS  C:\Users\elias\AppData\Local\Temp\cclzkwd9.s 			page 4


  64      14F3
  65 0012 0714F124 		.ascii	"\007\024\361$\366bE\360XA\004s\022\202\275\026Ji\003"
  65      F66245F0 
  65      58410473 
  65      1282BD16 
  65      4A6903
  66 0025 0A62A1D5 		.ascii	"\012b\241\325s^\272\011\261\036\304\213\015\010\322"
  66      735EBA09 
  66      B11EC48B 
  66      0D08D2
  67 0034 635BB526 		.ascii	"c[\265&Q\253\346\266\006\353\251\350Is\250\240Q\011"
  67      51ABE6B6 
  67      06EBA9E8 
  67      4973A8A0 
  67      5109
  68 0046 128AA4D0 		.ascii	"\022\212\244\320\"Q\3338\363V\253 \210\003\273\357\355"
  68      2251DB38 
  68      F356AB20 
  68      8803BBEF 
  68      ED
  69 0057 BC6F667E 		.ascii	"\274of~\373=\207@\022c\212\3500\257'\370\201GP\327_"
  69      FB3D8740 
  69      12638AE8 
  69      30AF27F8 
  69      814750D7 
  70 006c 10E57CA5 		.ascii	"\020\345|\245t)I&\356t\207\310$4\334(\355\374\332\270"
  70      74294926 
  70      EE7487C8 
  70      2434DC28 
  70      EDFCDAB8 
  71 0080 806C8C0F 		.ascii	"\200l\214\017\312*\355\270\310b[\355(\324\213\255\232"
  71      CA2AEDB8 
  71      C8625BED 
  71      28D48BAD 
  71      9A
  72 0091 1A58301C 		.ascii	"\032X0\034\357V\333G\315b\210\202&\352);\214\260\200"
  72      EF56DB47 
  72      CD628882 
  72      26EA293B 
  72      8CB080
  73 00a4 0162D9FB 		.ascii	"\001b\331\373\352\356\215>//\262\203\321!\026\341\011"
  73      EAEE8D3E 
  73      2F2FB283 
  73      D12116E1 
  73      09
  74 00b5 51F96C68 		.ascii	"Q\371lhz\275\300\204\015\357\351\\\314WT\320p\344E\324"
  74      7ABDC084 
  74      0DEFE95C 
  74      CC5754D0 
  74      70E445D4 
  75 00c9 619D0CDD 		.ascii	"a\235\014\335TJV\335B\375\353\325\3177\217Ii\240\035"
  75      544A56DD 
  75      42FDEBD5 
  75      CF378F49 
  75      69A01D
  76 00dc 6E3B57A8 		.ascii	"n;W\250\277\214m\251\202V\220)\215\217\037^\377\374"
  76      BF8C6DA9 
ARM GAS  C:\Users\elias\AppData\Local\Temp\cclzkwd9.s 			page 5


  76      82569029 
  76      8D8F1F5E 
  76      FFFC
  77 00ee 5C2AE68C 		.ascii	"\\*\346\214(j\337\232\215\304<n\345\362\314\245q\033"
  77      286ADF9A 
  77      8DC43C6E 
  77      E5F2CCA5 
  77      711B
  78 0100 FD58423F 		.ascii	"\375XB?\217\277\203yP\013\301\367\323\024h\025\265["
  78      8FBF8379 
  78      500BC1F7 
  78      D3146815 
  78      B55B
  79 0112 ED7D09F7 		.ascii	"\355}\011\367K=\240p\227eM\344\327\203\003\321<\371"
  79      4B3DA070 
  79      97654DE4 
  79      D78303D1 
  79      3CF9
  80 0124 DBF246AD 		.ascii	"\333\362F\255\333\027\011\010\313\322\207\004OS)\311"
  80      DB170908 
  80      CBD28704 
  80      4F5329C9 
  81 0134 74335B95 		.ascii	"t3[\2257\315}\242\376\023\315\261h\265\332\306z,\273"
  81      37CD7DA2 
  81      FE13CDB1 
  81      68B5DAC6 
  81      7A2CBB
  82 0147 63AE1893 		.ascii	"c\256\030\223\344\334,{$\351\366\332\253gq\30136\357"
  82      E4DC2C7B 
  82      24E9F6DA 
  82      AB6771C1 
  82      3336EF
  83 015a A2CCC6DE 		.ascii	"\242\314\306\336\223\306|x\355Ie\326\037\\\026\323\314"
  83      93C67C78 
  83      ED4965D6 
  83      1F5C16D3 
  83      CC
  84 016b 74417BA8 		.ascii	"tA{\2500\363\256u\026U\014\262b\245\270V\215\313\020"
  84      30F3AE75 
  84      16550CB2 
  84      62A5B856 
  84      8DCB10
  85 017e 0FC07D2E 		.ascii	"\017\300}.\373\204 \334~\236\020\206\277\247\306zl\023"
  85      FB8420DC 
  85      7E9E1086 
  85      BFA7C67A 
  85      6C13
  86 0190 E101B2EC 		.ascii	"\341\001\262\354\257o\311\035\352\016Y\362\316\333="
  86      AF6FC91D 
  86      EA0E59F2 
  86      CEDB3D
  87 019f F2FF457D 		.ascii	"\362\377E}\370/\324\225\337\250\217,\352\236\037|\353"
  87      F82FD495 
  87      DFA88F2C 
  87      EA9E1F7C 
  87      EB
  88 01b0 786CADDB 		.ascii	"xl\255\333T\256\275\3276f\302R\3122Kt\230\222\323\\"
ARM GAS  C:\Users\elias\AppData\Local\Temp\cclzkwd9.s 			page 6


  88      54AEBDD7 
  88      3666C252 
  88      CA324B74 
  88      9892D35C 
  89 01c4 7C2895B9 		.ascii	"|(\225\271\230\231\032\273\224\231\030\035\236\274<"
  89      98991ABB 
  89      9499181D 
  89      9EBC3C
  90 01d3 359E1949 		.ascii	"5\236\031I\017O\236:>\222N\235\234>w>sab4}\346\3108"
  90      0F4F9E3A 
  90      3E924E9D 
  90      9C3E773E 
  90      73616234 
  91 01eb FD0043DC 		.ascii	"\375\000C\334\347\240"
  91      E7A0
  92              		.text
  93              		.section	.gnu.lto_PGAshield_Wakeup.8cb234,"",%progbits
  94 0000 789C654F 		.ascii	"x\234eO\277KBQ\030\375\276{\237>\021\303\376\200\210"
  94      BF4B4251 
  94      18FDBE7B 
  94      9F3E11C3 
  94      FE8088
  95 0013 A6C8A16C 		.ascii	"\246\310\241l\2505\210\006!\010$i\023$\364AA$X\315^"
  95      A8358806 
  95      21082469 
  95      1324F441 
  95      412458CD 
  96 0028 7DBECA25 		.ascii	"}\276\312%\012\262-\234B\373\235\320\220M/\021\003\211"
  96      0AB22D9C 
  96      42FB9DD0 
  96      904D2F11 
  96      0389
  97 003a 9A5A6AA9 		.ascii	"\232Zj\251\006\011i0\310Q_\337}\016\015\035\270|\227"
  97      06096930 
  97      C8515FDF 
  97      7D0E0D1D 
  97      B87C97
  98 004d 73CFB9E7 		.ascii	"s\317\271\347|\012 H,\320\030\2419A\007\035\200l\367"
  98      7C0A2048 
  98      2CD018A1 
  98      3941071D 
  98      806CF7
  99 0060 1120E562 		.ascii	"\021 \345b\214\327\274 \334J}\012\204\207\243\322\243"
  99      8CD7BC20 
  99      DC4A7D0A 
  99      8487A3D2 
  99      A3
 100 0071 15447911 		.ascii	"\025Dy\021.\204$\343\012&\261\315:\014+[\2152\363\025"
 100      2E8424E3 
 100      0A26B1CD 
 100      3A0C2B5B 
 100      8D32F315 
 101 0085 04E1EDA8 		.ascii	"\004\341\355\250;.\212&\032\034\300bv\004`\001}@\262"
 101      3B2E8A26 
 101      1A1CC062 
 101      76046001 
 101      7D40B2
ARM GAS  C:\Users\elias\AppData\Local\Temp\cclzkwd9.s 			page 7


 102 0098 8F5237D7 		.ascii	"\217R7\327\347\314H\331P\357\021\213\350\224=.\347M"
 102      E7CC48D9 
 102      50EF118B 
 102      E8943D2E 
 102      E74D
 103 00aa 6159BA30 		.ascii	"aY\2720\333\352\335\276\333\301\301\340D\267H\"\343"
 103      DBEADDBE 
 103      DBC1C1E0 
 103      44B74822 
 103      E3
 104 00bb BE199393 		.ascii	"\276\031\223\22370}[\262R\252t\351\234\323\217\007F"
 104      37307D5B 
 104      B252AA74 
 104      E99CD38F 
 104      0746
 105 00cd E549FD61 		.ascii	"\345I\375a\006g(\003\312\345\257W5\331\021\333B\364"
 105      06672803 
 105      CAE5AF57 
 105      35D911DB 
 105      42F4
 106 00df 1397A50E 		.ascii	"\023\227\245\016\222n><W\335y<L\011\233\347xB\305\217"
 106      926E3E3C 
 106      57DD793C 
 106      4C099BE7 
 106      7842C58F 
 107 00f3 71C07EDC 		.ascii	"q\300~\334\271\271\312\272\374\243\006ms\212y\354\332"
 107      B9B9CABA 
 107      FCA3066D 
 107      738A79EC 
 107      DA
 108 0104 9DF10CFD 		.ascii	"\235\361\014\375\360\216\231\027}\360/\354\272z\277"
 108      F08E9917 
 108      7DF02FEC 
 108      BA7ABF
 109 0113 E9926148 		.ascii	"\351\222aH8\227v\220\3358\324\274\374\023us\257\356"
 109      38977690 
 109      DD38D4BC 
 109      FC137573 
 109      AFEE
 110 0125 91E2FF45 		.ascii	"\221\342\377E\034\026\325\003\274\300$\355\345\264M"
 110      1C16D503 
 110      BCC024ED 
 110      E5B44D
 111 0134 8ABD5013 		.ascii	"\212\275P\023\323fn\3266I\264HF45\030\016h\253Zbq]\213"
 111      D3666ED6 
 111      3649B448 
 111      46343518 
 111      0E68AB5A 
 112 014c 4542F18D 		.ascii	"EB\361\215DT\013\007C\361\231\311p00\275\266\264\254"
 112      44540B07 
 112      43F199C9 
 112      703030BD 
 112      B6B4AC
 113 015f ADC422C1 		.ascii	"\255\304\"\301\271\261(\374\002k\323\2065"
 113      B9B128FC 
 113      026BD386 
 113      35
ARM GAS  C:\Users\elias\AppData\Local\Temp\cclzkwd9.s 			page 8


 114              		.text
 115              		.section	.gnu.lto_.symbol_nodes.8cb234,"",%progbits
 116 0000 789C558A 		.ascii	"x\234U\212\271\015\2000\020\004\347\036\273\000b\007"
 116      B90D8030 
 116      1004E71E 
 116      BB006207 
 117 0010 D027D2B9 		.ascii	"\320'\322\271\004\212\240\012D\015TA\033H\234\210\360"
 117      048AA00A 
 117      440D5441 
 117      1B489C88 
 117      F0
 118 0021 26AB995D 		.ascii	"&\253\231]GX\311\250\004l\027d\035}I\241!\243\260\320"
 118      4758C9A8 
 118      046C1764 
 118      1D7D49A1 
 118      21A3B0D0 
 119 0035 4114E813 		.ascii	"A\024\350\023\230z\3300H\011\377D\036\372\234\\\243"
 119      987AD830 
 119      4809FF44 
 119      1EFA9C5C 
 119      A3
 120 0046 FCD9B4B0 		.ascii	"\374\331\264\260?\315\274r\237\215\027_\015\031\260"
 120      3FCDBC72 
 120      9F8D175F 
 120      0D19B0
 121              		.text
 122              		.section	.gnu.lto_.refs.8cb234,"",%progbits
 123 0000 789C6361 		.ascii	"x\234ca`d\340c```bbdfadfcda`fd\000\000\002y\0003"
 123      6064E063 
 123      60606062 
 123      62646661 
 123      64666364 
 124              		.text
 125              		.section	.gnu.lto_.decls.8cb234,"",%progbits
 126 0000 789C8D54 		.ascii	"x\234\215T]LTG\024\236s\357\262,\313\272\022\261-\017"
 126      5D4C5447 
 126      149E73EF 
 126      B22CCBBA 
 126      12B12D0F 
 127 0014 FB40EDDA 		.ascii	"\373@\355\332\360\004\"i\342[\265\233\2266M\033\002"
 127      F0042269 
 127      E25BB59B 
 127      96364D1B 
 127      02
 128 0025 6293C686 		.ascii	"b\223\306\206\000\275\"\221\260\024\226&\276\015\005"
 128      00BD2291 
 128      B0149626 
 128      BE0D05
 129 0034 ABB54181 		.ascii	"\253\265A\201\026t\261\266\2246\026\344g\201]\004\252"
 129      1674B1B6 
 129      943616E4 
 129      67815D04 
 129      AA
 130 0045 C28A1415 		.ascii	"\302\212\024\025\344\0374\306\246\335\204bk\177\010"
 130      E41F34C6 
 130      A6DD8462 
 130      6B7F08
ARM GAS  C:\Users\elias\AppData\Local\Temp\cclzkwd9.s 			page 9


 131 0054 B536D136 		.ascii	"\2656\3216v{f\346^\357\305\254\245\223=w\347\314\375"
 131      767B66E6 
 131      5EEFC5AC 
 131      A5933D77 
 131      E7CCFD
 132 0067 BEEF9C33 		.ascii	"\276\357\2343s\346\232\010\0206\274fB\266\343t\013Z"
 132      73E69A08 
 132      1036BC66 
 132      42B6E374 
 132      0B5A
 133 0079 184714AE 		.ascii	"\030G\024\256\355\"\372\300\327\244\003\315\207\326"
 133      ED22FAC0 
 133      D7A403CD 
 133      87D6
 134 0087 8DE647EB 		.ascii	"\215\346G\353E\353Cc\012\023d\365\350P\3275\015P\327"
 134      45EB4363 
 134      0A1364F5 
 134      E850D735 
 134      0D50D7
 135 009a 1E1DBE08 		.ascii	"\036\035\276\0108_\004\034\213\031\243\342\034h\263"
 135      385F041C 
 135      8B19A3E2 
 135      1C68B3
 136 00a9 68D36873 		.ascii	"h\323hsh\343hA\264y\264vUc\004MRy\275\217\311\221\325"
 136      68E36841 
 136      B479B476 
 136      5563044D 
 136      5279BD8F 
 137 00c0 106DD05C 		.ascii	"\020m\320\\K\313\377\037\365>\220 \374Y\340\250\345"
 137      4BCBFF1F 
 137      F53E9020 
 137      FC59E0A8 
 137      E5
 138 00d1 26DC0099 		.ascii	"&\334\000\231\250\233J\000\304\023\270\021a\334\305"
 138      A89B4A00 
 138      C413B811 
 138      61DCC5
 139 00e0 8944C444 		.ascii	"\211D\304D[z8\210\012\221\264\251.\306\177*\037\302"
 139      5B7A3888 
 139      0A91B4A9 
 139      2EC67F2A 
 139      1FC2
 140 00f2 DAE022BA 		.ascii	"\332\340\"\272:\250$\341k\373\252\222@\322\003\200p"
 140      3AA824E1 
 140      6BFBAA92 
 140      40D20380 
 140      70
 141 0103 358641EF 		.ascii	"5\206A\357\221\214\264\234\2650|;x\321\343\247\232&"
 141      918CB49C 
 141      B5307C3B 
 141      78D1E3A7 
 141      9A26
 142 0115 25590236 		.ascii	"%Y\0026\377\376~\313K\311\355\024G\015\245R\212\276"
 142      FFFE7ECB 
 142      4BC9ED14 
 142      470DA552 
 142      8ABE
ARM GAS  C:\Users\elias\AppData\Local\Temp\cclzkwd9.s 			page 10


 143 0127 3333555D 		.ascii	"33U]\237\310w%\330`\005\023\272\277O4.\332\321\335h"
 143      9FC87725 
 143      D8600513 
 143      BABF4F34 
 143      2EDAD1DD 
 144 013c 8544741F 		.ascii	"\205Dt\037\\9\321(%4p^%M4\301\256'\241\015\034p\032"
 144      5C39D128 
 144      2534705E 
 144      254D34C1 
 144      AE27A10D 
 145 0153 F050A01D 		.ascii	"\360P\240\035\022\360\231g\022J\255\341\213s1\233\232"
 145      12F09967 
 145      124AADE1 
 145      8B73319B 
 145      9A
 146 0164 E84A170D 		.ascii	"\350J\027\015\325\366n\365\322`\025\245\025\022CA\013"
 146      D5F66EF5 
 146      D26015A5 
 146      15124341 
 146      0B
 147 0175 C8D00AC9 		.ascii	"\310\320\012\311,\311\026v\006\004\276\202\233\230o"
 147      2CC91676 
 147      0604BE82 
 147      9B986F
 148 0184 076C42E6 		.ascii	"\007lB\346Ao\370M9\235\347\271p\274&\274^\210\004\357"
 148      416FF84D 
 148      399DE7B9 
 148      70BC26BC 
 148      5E8804EF 
 149 0198 28F4034A 		.ascii	"(\364\003J\3373q\205N]\241\323\250\340\343\0127~\232"
 149      DF337185 
 149      4E5DA1D3 
 149      A8E0E30A 
 149      377E9A
 150 01ab AC93E41C 		.ascii	"\254\223\344\034.q\244\245m\306\214\022M(1?j\2435\025"
 150      2E71A4A5 
 150      6DC68C12 
 150      4D28313F 
 150      6AA33515 
 151 01bf 946EE71A 		.ascii	"\224n\347\032]\272F\227Q\243\233kt\371\353n\255\223"
 151      5DBA4697 
 151      51A39B6B 
 151      74F9EB6E 
 151      AD93
 152 01d1 DD5C831E 		.ascii	"\335\\\203\036Z\251\223T\215;\227\214\032=\272F\217"
 152      5AA99354 
 152      8D3B978C 
 152      1A3DBA46 
 152      8F
 153 01e2 51C3CF35 		.ascii	"Q\303\3175\374\025\275\177\202L\201\213\324\367\177"
 153      FC15BD7F 
 153      824C818B 
 153      D4F77F
 154 01f1 340A2812 		.ascii	"4\012(\022\242448\366\274\227\016\213R\002\272D\200"
 154      A2343438 
 154      F6BC970E 
 154      8B5202BA 
ARM GAS  C:\Users\elias\AppData\Local\Temp\cclzkwd9.s 			page 11


 154      4480
 155 0203 4BE0A497 		.ascii	"K\340\244\227\323+GZ\232e\331/\350=\015\023\313Q\202"
 155      D32B475A 
 155      9A65D92F 
 155      E83D0D13 
 155      CB5182
 156 0216 1EFC74D4 		.ascii	"\036\374t\324\026\254\001\316>\243\263\317h\354>\316"
 156      16AC01CE 
 156      3EA3B3CF 
 156      68EC3ECE 
 157 0226 F61EEEEE 		.ascii	"\366\036\356\356\263\313#\202\275\\\265\024\212\025"
 157      B3CB2382 
 157      BD5CB514 
 157      8A15
 158 0234 079980EE 		.ascii	"\007\231\200\356\354\312\325\223\252\033\207\356\275"
 158      ECCAD593 
 158      AA1B87EE 
 158      BD
 159 0241 FEEA0376 		.ascii	"\376\352\003vyA@}\007~h\265\340;\207\025\302\300\374"
 159      7941407D 
 159      077E68B5 
 159      E03B8715 
 159      C2C0FC
 160 0254 5F07EEAF 		.ascii	"_\007\356\257\023>{\355\255]\374'V\376\216c\245\271"
 160      133E7BED 
 160      AD5DFC27 
 160      56FE8E63 
 160      A5B9
 161 0266 C5B6DB26 		.ascii	"\305\266\333&H\262\236b-\021\362N\025\035;\210\375\004"
 161      48B29E62 
 161      2D11F24E 
 161      151D3B88 
 161      FD04
 162 0278 41B0C2A0 		.ascii	"A\260\302\240\236\230\303\212\317Cxvt\245\231\232\023"
 162      9E98C38A 
 162      CF437876 
 162      74A5999A 
 162      13
 163 0289 08A43960 		.ascii	"\010\2449`\213\203\300\020$1U\206\202\363\330F\347\260"
 163      8B83C010 
 163      24315586 
 163      82F3D846 
 163      E7B0
 164 029b 8D30C287 		.ascii	"\2150\302\207\013+K\026\371}\321\251\303\015\337\316"
 164      0B2B4B16 
 164      F97DD1A9 
 164      C30DDFCE 
 165 02ab DBE4A3C2 		.ascii	"\333\344\243\302\251\036:=\020#\237\340\216y\360\227"
 165      A91E3A3D 
 165      10239FE0 
 165      8E79F097 
 166 02bb 23D7A3C1 		.ascii	"#\327\243\301\351t&\305;\233\231xhh,\345d'\245\225f"
 166      E97426C5 
 166      3B9B9978 
 166      68682CE5 
 166      6427A595 
 167 02d0 9EC03026 		.ascii	"\236\3000&p\031\342\265`)\254ES\331\307\203\203\203"
ARM GAS  C:\Users\elias\AppData\Local\Temp\cclzkwd9.s 			page 12


 167      7019E2B5 
 167      6029AC45 
 167      53D9C783 
 167      8383
 168 02e2 B36F69C0 		.ascii	"\263oi\300\263\021\200_\203\216\234\177\210\274\030"
 168      B311805F 
 168      838E9C7F 
 168      88BC18
 169 02f1 0139C091 		.ascii	"\0019\300\221|\003\202g\025J-\014A\324\322\331\250\345"
 169      7C038267 
 169      154A2D0C 
 169      41D4D2D9 
 169      A8E5
 170 0303 D7254829 		.ascii	"\327%H)\274C\014\267\205\351 \010.\341&\214\200\023"
 170      BC430CB7 
 170      85E92008 
 170      2EE1268C 
 170      8013
 171 0315 AEA07D83 		.ascii	"\256\240}\2036\012NN\023\261g\312\217\321`\205\314\243"
 171      360A4E4E 
 171      13B167CA 
 171      8FD16085 
 171      CCA3
 172 0327 5F88103D 		.ascii	"_\210\020=\315!n\333\275\345\237\003v\371K\2763R\343"
 172      CD216EDB 
 172      BDE59F03 
 172      76F94BBE 
 172      3352E3
 173 033a AD86BFA2 		.ascii	"\255\206\277\242 >)bd\270\212\001\327\012.\312\271\376"
 173      203E2962 
 173      64B88A01 
 173      D70A2ECA 
 173      B9FE
 174 034c 049EE538 		.ascii	"\004\236\3458B\307\364\263d\305\361\210\335\343\343"
 174      42C7F4B3 
 174      64C5F188 
 174      DDE3E3
 175 035b 95F6CD5F 		.ascii	"\225\366\315_P\212-Y\333\375\312\307\224\276\314\261"
 175      508A2D59 
 175      DBFDCAC7 
 175      94BECCB1 
 176 036b FD026BA8 		.ascii	"\375\002k\250\264\237\177f'`3\262\356V\375q\315l\305"
 176      B49F7F66 
 176      276033B2 
 176      EE56FD71 
 176      CD6CC5
 177 037e 5EA8FC7F 		.ascii	"^\250\374\177\2750q\373\363p\264|N\324\345\257\367\326"
 177      BD3071FB 
 177      F370B47C 
 177      4ED4E5AF 
 177      F7D6
 178 0390 47833529 		.ascii	"G\2035)\002}&\002]4\345\361\251\354FJ\343`\032wpJ\257"
 178      027D2602 
 178      5D34E5F1 
 178      A9EC464A 
 178      E3601A77 
 179 03a7 6312ACA2 		.ascii	"c\022\254\242\216\300\364o\276(\333a\266\333\370M\333"
ARM GAS  C:\Users\elias\AppData\Local\Temp\cclzkwd9.s 			page 13


 179      8EC0F46F 
 179      BE28DB61 
 179      B6DBF84D 
 179      DB
 180 03b8 70D9CE91 		.ascii	"p\331\316\221z\366\263`\343\227\012\377\021=v\341Z\265"
 180      7AF6B360 
 180      E3970AFF 
 180      113D76E1 
 180      5AB5
 181 03ca 6D159AD5 		.ascii	"m\025\232\325\254\243\347T\364\034G\377\275\344\373"
 181      ACA3E754 
 181      F41C47FF 
 181      BDE4FB
 182 03d9 71359A5D 		.ascii	"q5\232]Y\035=\0176-\037\234\222\215\031\351;\312\366"
 182      591D3D0F 
 182      362D1F9C 
 182      928D19E9 
 182      3BCAF6
 183 03ec 162A456F 		.ascii	"\026*Eo\347d\345\276\253\270\334\305{\012\013,\351\257"
 183      E764E5BE 
 183      ABB8DCC5 
 183      7B0A0B2C 
 183      E9AF
 184 03fe 6727BA52 		.ascii	"g'\272RS\311\263\351J\261R\232\353Q\360\255\273\274"
 184      53C9B3E9 
 184      4AB1529A 
 184      EB51F0AD 
 184      BBBC
 185 0410 345FD99D 		.ascii	"4_\331\235\221\345v=\267['e\274\226\234O\236\322\375"
 185      91E5763D 
 185      B75B2765 
 185      BC969C4F 
 185      9ED2FD
 186 0423 4CA5CCE3 		.ascii	"L\245\314\343.Uu\326\033\304\213\024\245$N\367\337\310"
 186      2E5575D6 
 186      1BC48B14 
 186      A5244EF7 
 186      DFC8
 187 0435 DDA79497 		.ascii	"\335\247\224\227\330\015\000\217\273\344\231\265\302"
 187      D80D008F 
 187      BBE499B5 
 187      C2
 188 0442 25EF2506 		.ascii	"%\357%\006\215\027\213s\363\212\024\303B^n\376\276\362"
 188      8D178B73 
 188      F38A14C3 
 188      425E6EFE 
 188      BEF2
 189 0454 124B59BE 		.ascii	"\022KY\276+sk\246R\020U^X\354\331\366\364cD\363\367"
 189      2B736BA6 
 189      5210555E 
 189      58ECD9F6 
 189      F46344F3 
 190 0469 7BF69728 		.ascii	"{\366\227(e(\311\011\251H\210U\270b\226\007\321|1\015"
 190      6528C909 
 190      A9488855 
 190      B8629607 
 190      D17C310D 
ARM GAS  C:\Users\elias\AppData\Local\Temp\cclzkwd9.s 			page 14


 191 047d 170DC5BD 		.ascii	"\027\015\305\275\260\303\365jvFN\326\316\314l\327NS"
 191      B0C3F56A 
 191      76464ED6 
 191      CECC6CD7 
 191      4E53
 192 048f A952B0ED 		.ascii	"\251R\260\355_w\201S\023"
 192      5F778153 
 192      13
 193              		.text
 194              		.section	.gnu.lto_.symtab.8cb234,"",%progbits
 195 0000 50474173 		.ascii	"PGAshield_SaveConfig\000"
 195      6869656C 
 195      645F5361 
 195      7665436F 
 195      6E666967 
 196 0015 00       		.ascii	"\000"
 197 0016 00       		.ascii	"\000"
 198 0017 00       		.ascii	"\000"
 199 0018 00000000 		.ascii	"\000\000\000\000\000\000\000\000"
 199      00000000 
 200 0020 AD000000 		.ascii	"\255\000\000\000"
 201 0024 50474173 		.ascii	"PGAshield_RestoreConfig\000"
 201      6869656C 
 201      645F5265 
 201      73746F72 
 201      65436F6E 
 202 003c 00       		.ascii	"\000"
 203 003d 00       		.ascii	"\000"
 204 003e 00       		.ascii	"\000"
 205 003f 00000000 		.ascii	"\000\000\000\000\000\000\000\000"
 205      00000000 
 206 0047 AF000000 		.ascii	"\257\000\000\000"
 207 004b 50474173 		.ascii	"PGAshield_Sleep\000"
 207      6869656C 
 207      645F536C 
 207      65657000 
 208 005b 00       		.ascii	"\000"
 209 005c 00       		.ascii	"\000"
 210 005d 00       		.ascii	"\000"
 211 005e 00000000 		.ascii	"\000\000\000\000\000\000\000\000"
 211      00000000 
 212 0066 B1000000 		.ascii	"\261\000\000\000"
 213 006a 50474173 		.ascii	"PGAshield_Wakeup\000"
 213      6869656C 
 213      645F5761 
 213      6B657570 
 213      00
 214 007b 00       		.ascii	"\000"
 215 007c 00       		.ascii	"\000"
 216 007d 00       		.ascii	"\000"
 217 007e 00000000 		.ascii	"\000\000\000\000\000\000\000\000"
 217      00000000 
 218 0086 B3000000 		.ascii	"\263\000\000\000"
 219 008a 50474173 		.ascii	"PGAshield_Stop\000"
 219      6869656C 
 219      645F5374 
 219      6F7000
ARM GAS  C:\Users\elias\AppData\Local\Temp\cclzkwd9.s 			page 15


 220 0099 00       		.ascii	"\000"
 221 009a 02       		.ascii	"\002"
 222 009b 00       		.ascii	"\000"
 223 009c 00000000 		.ascii	"\000\000\000\000\000\000\000\000"
 223      00000000 
 224 00a4 B5000000 		.ascii	"\265\000\000\000"
 225 00a8 50474173 		.ascii	"PGAshield_Enable\000"
 225      6869656C 
 225      645F456E 
 225      61626C65 
 225      00
 226 00b9 00       		.ascii	"\000"
 227 00ba 02       		.ascii	"\002"
 228 00bb 00       		.ascii	"\000"
 229 00bc 00000000 		.ascii	"\000\000\000\000\000\000\000\000"
 229      00000000 
 230 00c4 B7000000 		.ascii	"\267\000\000\000"
 231              		.text
 232              		.section	.gnu.lto_.opts,"",%progbits
 233 0000 272D666D 		.ascii	"'-fmath-errno' '-fsigned-zeros' '-ftrapping-math' '"
 233      6174682D 
 233      6572726E 
 233      6F272027 
 233      2D667369 
 234 0033 2D666E6F 		.ascii	"-fno-trapv' '-fno-openmp' '-fno-openacc' '-mcpu=cor"
 234      2D747261 
 234      70762720 
 234      272D666E 
 234      6F2D6F70 
 235 0066 7465782D 		.ascii	"tex-m3' '-mthumb' '-g' '-O3' '-ffunction-sections' "
 235      6D332720 
 235      272D6D74 
 235      68756D62 
 235      2720272D 
 236 0099 272D6666 		.ascii	"'-ffat-lto-objects' '-finline-functions' '-flto'\000"
 236      61742D6C 
 236      746F2D6F 
 236      626A6563 
 236      74732720 
 237              		.text
 238              		.cfi_sections	.debug_frame
 239              		.section	.text.PGAshield_SaveConfig,"ax",%progbits
 240              		.align	2
 241              		.global	PGAshield_SaveConfig
 242              		.thumb
 243              		.thumb_func
 244              		.type	PGAshield_SaveConfig, %function
 245              	PGAshield_SaveConfig:
 246              	.LFB5:
 247              		.cfi_startproc
 248              		@ args = 0, pretend = 0, frame = 0
 249              		@ frame_needed = 0, uses_anonymous_args = 0
 250              		@ link register save eliminated.
 251 0000 7047     		bx	lr
 252              		.cfi_endproc
 253              	.LFE5:
 254              		.size	PGAshield_SaveConfig, .-PGAshield_SaveConfig
ARM GAS  C:\Users\elias\AppData\Local\Temp\cclzkwd9.s 			page 16


 255 0002 00BF     		.section	.text.PGAshield_RestoreConfig,"ax",%progbits
 256              		.align	2
 257              		.global	PGAshield_RestoreConfig
 258              		.thumb
 259              		.thumb_func
 260              		.type	PGAshield_RestoreConfig, %function
 261              	PGAshield_RestoreConfig:
 262              	.LFB1:
 263              		.file 1 "Generated_Source\\PSoC5\\PGAshield_PM.c"
   1:Generated_Source\PSoC5/PGAshield_PM.c **** /*******************************************************************************
   2:Generated_Source\PSoC5/PGAshield_PM.c **** * File Name: PGAshield_PM.c  
   3:Generated_Source\PSoC5/PGAshield_PM.c **** * Version 2.0
   4:Generated_Source\PSoC5/PGAshield_PM.c **** *
   5:Generated_Source\PSoC5/PGAshield_PM.c **** * Description:
   6:Generated_Source\PSoC5/PGAshield_PM.c **** *  This file provides the power manager source code to the API for PGA 
   7:Generated_Source\PSoC5/PGAshield_PM.c **** *  Component.
   8:Generated_Source\PSoC5/PGAshield_PM.c **** *
   9:Generated_Source\PSoC5/PGAshield_PM.c **** * Note:
  10:Generated_Source\PSoC5/PGAshield_PM.c **** *
  11:Generated_Source\PSoC5/PGAshield_PM.c **** ********************************************************************************
  12:Generated_Source\PSoC5/PGAshield_PM.c **** * Copyright 2008-2012, Cypress Semiconductor Corporation.  All rights reserved.
  13:Generated_Source\PSoC5/PGAshield_PM.c **** * You may use this file only in accordance with the license, terms, conditions, 
  14:Generated_Source\PSoC5/PGAshield_PM.c **** * disclaimers, and limitations in the end user license agreement accompanying 
  15:Generated_Source\PSoC5/PGAshield_PM.c **** * the software package with which this file was provided.
  16:Generated_Source\PSoC5/PGAshield_PM.c **** *******************************************************************************/
  17:Generated_Source\PSoC5/PGAshield_PM.c **** 
  18:Generated_Source\PSoC5/PGAshield_PM.c **** #include "PGAshield.h"
  19:Generated_Source\PSoC5/PGAshield_PM.c **** 
  20:Generated_Source\PSoC5/PGAshield_PM.c **** static PGAshield_BACKUP_STRUCT  PGAshield_backup;
  21:Generated_Source\PSoC5/PGAshield_PM.c **** 
  22:Generated_Source\PSoC5/PGAshield_PM.c **** 
  23:Generated_Source\PSoC5/PGAshield_PM.c **** /*******************************************************************************
  24:Generated_Source\PSoC5/PGAshield_PM.c **** * Function Name: PGAshield_SaveConfig
  25:Generated_Source\PSoC5/PGAshield_PM.c **** ********************************************************************************
  26:Generated_Source\PSoC5/PGAshield_PM.c **** *
  27:Generated_Source\PSoC5/PGAshield_PM.c **** * Summary:
  28:Generated_Source\PSoC5/PGAshield_PM.c **** *  Save the current user register configuration.
  29:Generated_Source\PSoC5/PGAshield_PM.c **** *
  30:Generated_Source\PSoC5/PGAshield_PM.c **** * Parameters:
  31:Generated_Source\PSoC5/PGAshield_PM.c **** *  void
  32:Generated_Source\PSoC5/PGAshield_PM.c **** *
  33:Generated_Source\PSoC5/PGAshield_PM.c **** * Return:
  34:Generated_Source\PSoC5/PGAshield_PM.c **** *  void
  35:Generated_Source\PSoC5/PGAshield_PM.c **** *
  36:Generated_Source\PSoC5/PGAshield_PM.c **** *******************************************************************************/
  37:Generated_Source\PSoC5/PGAshield_PM.c **** void PGAshield_SaveConfig(void) 
  38:Generated_Source\PSoC5/PGAshield_PM.c **** {
  39:Generated_Source\PSoC5/PGAshield_PM.c ****     /* Nothing to save as registers are System reset on retention flops */
  40:Generated_Source\PSoC5/PGAshield_PM.c **** }
  41:Generated_Source\PSoC5/PGAshield_PM.c **** 
  42:Generated_Source\PSoC5/PGAshield_PM.c **** 
  43:Generated_Source\PSoC5/PGAshield_PM.c **** /*******************************************************************************  
  44:Generated_Source\PSoC5/PGAshield_PM.c **** * Function Name: PGAshield_RestoreConfig
  45:Generated_Source\PSoC5/PGAshield_PM.c **** ********************************************************************************
  46:Generated_Source\PSoC5/PGAshield_PM.c **** *
  47:Generated_Source\PSoC5/PGAshield_PM.c **** * Summary:
  48:Generated_Source\PSoC5/PGAshield_PM.c **** *  Restore the register configurations.
ARM GAS  C:\Users\elias\AppData\Local\Temp\cclzkwd9.s 			page 17


  49:Generated_Source\PSoC5/PGAshield_PM.c **** *
  50:Generated_Source\PSoC5/PGAshield_PM.c **** * Parameters:
  51:Generated_Source\PSoC5/PGAshield_PM.c **** *  void
  52:Generated_Source\PSoC5/PGAshield_PM.c **** *
  53:Generated_Source\PSoC5/PGAshield_PM.c **** * Return:
  54:Generated_Source\PSoC5/PGAshield_PM.c **** *  void
  55:Generated_Source\PSoC5/PGAshield_PM.c **** *
  56:Generated_Source\PSoC5/PGAshield_PM.c **** *******************************************************************************/
  57:Generated_Source\PSoC5/PGAshield_PM.c **** void PGAshield_RestoreConfig(void) 
  58:Generated_Source\PSoC5/PGAshield_PM.c **** {
 264              		.loc 1 58 0
 265              		.cfi_startproc
 266              		@ args = 0, pretend = 0, frame = 0
 267              		@ frame_needed = 0, uses_anonymous_args = 0
 268              		@ link register save eliminated.
 269 0000 7047     		bx	lr
 270              		.cfi_endproc
 271              	.LFE1:
 272              		.size	PGAshield_RestoreConfig, .-PGAshield_RestoreConfig
 273 0002 00BF     		.section	.text.PGAshield_Sleep,"ax",%progbits
 274              		.align	2
 275              		.global	PGAshield_Sleep
 276              		.thumb
 277              		.thumb_func
 278              		.type	PGAshield_Sleep, %function
 279              	PGAshield_Sleep:
 280              	.LFB2:
  59:Generated_Source\PSoC5/PGAshield_PM.c ****     /* Nothing to restore */
  60:Generated_Source\PSoC5/PGAshield_PM.c **** }
  61:Generated_Source\PSoC5/PGAshield_PM.c **** 
  62:Generated_Source\PSoC5/PGAshield_PM.c **** 
  63:Generated_Source\PSoC5/PGAshield_PM.c **** /*******************************************************************************   
  64:Generated_Source\PSoC5/PGAshield_PM.c **** * Function Name: PGAshield_Sleep
  65:Generated_Source\PSoC5/PGAshield_PM.c **** ********************************************************************************
  66:Generated_Source\PSoC5/PGAshield_PM.c **** *
  67:Generated_Source\PSoC5/PGAshield_PM.c **** * Summary:
  68:Generated_Source\PSoC5/PGAshield_PM.c **** *  Disables block's operation and saves its configuration. Should be called 
  69:Generated_Source\PSoC5/PGAshield_PM.c **** *  just prior to entering sleep.
  70:Generated_Source\PSoC5/PGAshield_PM.c **** *
  71:Generated_Source\PSoC5/PGAshield_PM.c **** * Parameters:
  72:Generated_Source\PSoC5/PGAshield_PM.c **** *  None
  73:Generated_Source\PSoC5/PGAshield_PM.c **** *
  74:Generated_Source\PSoC5/PGAshield_PM.c **** * Return:
  75:Generated_Source\PSoC5/PGAshield_PM.c **** *  None
  76:Generated_Source\PSoC5/PGAshield_PM.c **** *
  77:Generated_Source\PSoC5/PGAshield_PM.c **** * Global variables:
  78:Generated_Source\PSoC5/PGAshield_PM.c **** *  PGAshield_backup: The structure field 'enableState' is modified 
  79:Generated_Source\PSoC5/PGAshield_PM.c **** *  depending on the enable state of the block before entering to sleep mode.
  80:Generated_Source\PSoC5/PGAshield_PM.c **** *
  81:Generated_Source\PSoC5/PGAshield_PM.c **** *******************************************************************************/
  82:Generated_Source\PSoC5/PGAshield_PM.c **** void PGAshield_Sleep(void) 
  83:Generated_Source\PSoC5/PGAshield_PM.c **** {
 281              		.loc 1 83 0
 282              		.cfi_startproc
 283              		@ args = 0, pretend = 0, frame = 0
 284              		@ frame_needed = 0, uses_anonymous_args = 0
 285              		@ link register save eliminated.
ARM GAS  C:\Users\elias\AppData\Local\Temp\cclzkwd9.s 			page 18


  84:Generated_Source\PSoC5/PGAshield_PM.c ****     /* Save PGA enable state */
  85:Generated_Source\PSoC5/PGAshield_PM.c ****     if((PGAshield_PM_ACT_CFG_REG & PGAshield_ACT_PWR_EN) != 0u)
 286              		.loc 1 85 0
 287 0000 074B     		ldr	r3, .L7
 288 0002 1B78     		ldrb	r3, [r3]	@ zero_extendqisi2
 289 0004 03F00203 		and	r3, r3, #2
 290 0008 03F0FF02 		and	r2, r3, #255
 291 000c 13B9     		cbnz	r3, .L6
  86:Generated_Source\PSoC5/PGAshield_PM.c ****     {
  87:Generated_Source\PSoC5/PGAshield_PM.c ****         /* Component is enabled */
  88:Generated_Source\PSoC5/PGAshield_PM.c ****         PGAshield_backup.enableState = 1u;
  89:Generated_Source\PSoC5/PGAshield_PM.c ****         /* Stop the configuration */
  90:Generated_Source\PSoC5/PGAshield_PM.c ****         PGAshield_Stop();
  91:Generated_Source\PSoC5/PGAshield_PM.c ****     }
  92:Generated_Source\PSoC5/PGAshield_PM.c ****     else
  93:Generated_Source\PSoC5/PGAshield_PM.c ****     {
  94:Generated_Source\PSoC5/PGAshield_PM.c ****         /* Component is disabled */
  95:Generated_Source\PSoC5/PGAshield_PM.c ****         PGAshield_backup.enableState = 0u;
 292              		.loc 1 95 0
 293 000e 054B     		ldr	r3, .L7+4
 294 0010 1A70     		strb	r2, [r3]
 295 0012 7047     		bx	lr
 296              	.L6:
  88:Generated_Source\PSoC5/PGAshield_PM.c ****         /* Stop the configuration */
 297              		.loc 1 88 0
 298 0014 034B     		ldr	r3, .L7+4
 299 0016 0122     		movs	r2, #1
 300 0018 1A70     		strb	r2, [r3]
  90:Generated_Source\PSoC5/PGAshield_PM.c ****     }
 301              		.loc 1 90 0
 302 001a FFF7FEBF 		b	PGAshield_Stop
 303              	.LVL0:
 304              	.L8:
 305 001e 00BF     		.align	2
 306              	.L7:
 307 0020 A9430040 		.word	1073759145
 308 0024 00000000 		.word	.LANCHOR0
 309              		.cfi_endproc
 310              	.LFE2:
 311              		.size	PGAshield_Sleep, .-PGAshield_Sleep
 312              		.section	.text.PGAshield_Wakeup,"ax",%progbits
 313              		.align	2
 314              		.global	PGAshield_Wakeup
 315              		.thumb
 316              		.thumb_func
 317              		.type	PGAshield_Wakeup, %function
 318              	PGAshield_Wakeup:
 319              	.LFB3:
  96:Generated_Source\PSoC5/PGAshield_PM.c ****     }
  97:Generated_Source\PSoC5/PGAshield_PM.c ****     /* Save the configuration */
  98:Generated_Source\PSoC5/PGAshield_PM.c ****     PGAshield_SaveConfig();
  99:Generated_Source\PSoC5/PGAshield_PM.c **** }
 100:Generated_Source\PSoC5/PGAshield_PM.c **** 
 101:Generated_Source\PSoC5/PGAshield_PM.c **** 
 102:Generated_Source\PSoC5/PGAshield_PM.c **** /*******************************************************************************
 103:Generated_Source\PSoC5/PGAshield_PM.c **** * Function Name: PGAshield_Wakeup
 104:Generated_Source\PSoC5/PGAshield_PM.c **** ********************************************************************************
ARM GAS  C:\Users\elias\AppData\Local\Temp\cclzkwd9.s 			page 19


 105:Generated_Source\PSoC5/PGAshield_PM.c **** *
 106:Generated_Source\PSoC5/PGAshield_PM.c **** * Summary:
 107:Generated_Source\PSoC5/PGAshield_PM.c **** *  Enables block's operation and restores its configuration. Should be called
 108:Generated_Source\PSoC5/PGAshield_PM.c **** *  just after awaking from sleep.
 109:Generated_Source\PSoC5/PGAshield_PM.c **** *
 110:Generated_Source\PSoC5/PGAshield_PM.c **** * Parameters:
 111:Generated_Source\PSoC5/PGAshield_PM.c **** *  None
 112:Generated_Source\PSoC5/PGAshield_PM.c **** *
 113:Generated_Source\PSoC5/PGAshield_PM.c **** * Return:
 114:Generated_Source\PSoC5/PGAshield_PM.c **** *  void
 115:Generated_Source\PSoC5/PGAshield_PM.c **** *
 116:Generated_Source\PSoC5/PGAshield_PM.c **** * Global variables:
 117:Generated_Source\PSoC5/PGAshield_PM.c **** *  PGAshield_backup: The structure field 'enableState' is used to 
 118:Generated_Source\PSoC5/PGAshield_PM.c **** *  restore the enable state of block after wakeup from sleep mode.
 119:Generated_Source\PSoC5/PGAshield_PM.c **** * 
 120:Generated_Source\PSoC5/PGAshield_PM.c **** *******************************************************************************/
 121:Generated_Source\PSoC5/PGAshield_PM.c **** void PGAshield_Wakeup(void) 
 122:Generated_Source\PSoC5/PGAshield_PM.c **** {
 320              		.loc 1 122 0
 321              		.cfi_startproc
 322              		@ args = 0, pretend = 0, frame = 0
 323              		@ frame_needed = 0, uses_anonymous_args = 0
 324              		@ link register save eliminated.
 123:Generated_Source\PSoC5/PGAshield_PM.c ****     /* Restore the configurations */
 124:Generated_Source\PSoC5/PGAshield_PM.c ****     PGAshield_RestoreConfig();
 125:Generated_Source\PSoC5/PGAshield_PM.c ****      /* Enables the component operation */
 126:Generated_Source\PSoC5/PGAshield_PM.c ****     if(PGAshield_backup.enableState == 1u)
 325              		.loc 1 126 0
 326 0000 034B     		ldr	r3, .L12
 327 0002 1B78     		ldrb	r3, [r3]	@ zero_extendqisi2
 328 0004 012B     		cmp	r3, #1
 329 0006 00D0     		beq	.L11
 330 0008 7047     		bx	lr
 331              	.L11:
 127:Generated_Source\PSoC5/PGAshield_PM.c ****     {
 128:Generated_Source\PSoC5/PGAshield_PM.c ****         PGAshield_Enable();
 332              		.loc 1 128 0
 333 000a FFF7FEBF 		b	PGAshield_Enable
 334              	.LVL1:
 335              	.L13:
 336 000e 00BF     		.align	2
 337              	.L12:
 338 0010 00000000 		.word	.LANCHOR0
 339              		.cfi_endproc
 340              	.LFE3:
 341              		.size	PGAshield_Wakeup, .-PGAshield_Wakeup
 342              		.bss
 343              		.align	2
 344              		.set	.LANCHOR0,. + 0
 345              		.type	PGAshield_backup, %object
 346              		.size	PGAshield_backup, 4
 347              	PGAshield_backup:
 348 0000 00000000 		.space	4
 349              		.text
 350              	.Letext0:
 351              		.file 2 "Generated_Source\\PSoC5\\cytypes.h"
 352              		.file 3 "Generated_Source\\PSoC5\\PGAshield.h"
ARM GAS  C:\Users\elias\AppData\Local\Temp\cclzkwd9.s 			page 20


 353              		.section	.debug_info,"",%progbits
 354              	.Ldebug_info0:
 355 0000 70010000 		.4byte	0x170
 356 0004 0400     		.2byte	0x4
 357 0006 00000000 		.4byte	.Ldebug_abbrev0
 358 000a 04       		.byte	0x4
 359 000b 01       		.uleb128 0x1
 360 000c 64000000 		.4byte	.LASF27
 361 0010 0C       		.byte	0xc
 362 0011 2A000000 		.4byte	.LASF28
 363 0015 9D010000 		.4byte	.LASF29
 364 0019 00000000 		.4byte	.Ldebug_ranges0+0
 365 001d 00000000 		.4byte	0
 366 0021 00000000 		.4byte	.Ldebug_line0
 367 0025 02       		.uleb128 0x2
 368 0026 01       		.byte	0x1
 369 0027 06       		.byte	0x6
 370 0028 44020000 		.4byte	.LASF0
 371 002c 02       		.uleb128 0x2
 372 002d 01       		.byte	0x1
 373 002e 08       		.byte	0x8
 374 002f 56000000 		.4byte	.LASF1
 375 0033 02       		.uleb128 0x2
 376 0034 02       		.byte	0x2
 377 0035 05       		.byte	0x5
 378 0036 08020000 		.4byte	.LASF2
 379 003a 02       		.uleb128 0x2
 380 003b 02       		.byte	0x2
 381 003c 07       		.byte	0x7
 382 003d 50020000 		.4byte	.LASF3
 383 0041 02       		.uleb128 0x2
 384 0042 04       		.byte	0x4
 385 0043 05       		.byte	0x5
 386 0044 12020000 		.4byte	.LASF4
 387 0048 02       		.uleb128 0x2
 388 0049 04       		.byte	0x4
 389 004a 07       		.byte	0x7
 390 004b 0B010000 		.4byte	.LASF5
 391 004f 02       		.uleb128 0x2
 392 0050 08       		.byte	0x8
 393 0051 05       		.byte	0x5
 394 0052 D7010000 		.4byte	.LASF6
 395 0056 02       		.uleb128 0x2
 396 0057 08       		.byte	0x8
 397 0058 07       		.byte	0x7
 398 0059 78010000 		.4byte	.LASF7
 399 005d 03       		.uleb128 0x3
 400 005e 04       		.byte	0x4
 401 005f 05       		.byte	0x5
 402 0060 696E7400 		.ascii	"int\000"
 403 0064 02       		.uleb128 0x2
 404 0065 04       		.byte	0x4
 405 0066 07       		.byte	0x7
 406 0067 6B010000 		.4byte	.LASF8
 407 006b 04       		.uleb128 0x4
 408 006c 35010000 		.4byte	.LASF12
 409 0070 02       		.byte	0x2
ARM GAS  C:\Users\elias\AppData\Local\Temp\cclzkwd9.s 			page 21


 410 0071 E901     		.2byte	0x1e9
 411 0073 2C000000 		.4byte	0x2c
 412 0077 02       		.uleb128 0x2
 413 0078 04       		.byte	0x4
 414 0079 04       		.byte	0x4
 415 007a 50000000 		.4byte	.LASF9
 416 007e 02       		.uleb128 0x2
 417 007f 08       		.byte	0x8
 418 0080 04       		.byte	0x4
 419 0081 3B010000 		.4byte	.LASF10
 420 0085 02       		.uleb128 0x2
 421 0086 01       		.byte	0x1
 422 0087 08       		.byte	0x8
 423 0088 EE010000 		.4byte	.LASF11
 424 008c 04       		.uleb128 0x4
 425 008d 8F010000 		.4byte	.LASF13
 426 0091 02       		.byte	0x2
 427 0092 9302     		.2byte	0x293
 428 0094 98000000 		.4byte	0x98
 429 0098 05       		.uleb128 0x5
 430 0099 6B000000 		.4byte	0x6b
 431 009d 02       		.uleb128 0x2
 432 009e 08       		.byte	0x8
 433 009f 04       		.byte	0x4
 434 00a0 38020000 		.4byte	.LASF14
 435 00a4 02       		.uleb128 0x2
 436 00a5 04       		.byte	0x4
 437 00a6 07       		.byte	0x7
 438 00a7 94010000 		.4byte	.LASF15
 439 00ab 06       		.uleb128 0x6
 440 00ac 04       		.byte	0x4
 441 00ad 03       		.byte	0x3
 442 00ae 2D       		.byte	0x2d
 443 00af E4000000 		.4byte	0xe4
 444 00b3 07       		.uleb128 0x7
 445 00b4 1B020000 		.4byte	.LASF16
 446 00b8 03       		.byte	0x3
 447 00b9 2F       		.byte	0x2f
 448 00ba 6B000000 		.4byte	0x6b
 449 00be 00       		.byte	0
 450 00bf 07       		.uleb128 0x7
 451 00c0 E5010000 		.4byte	.LASF17
 452 00c4 03       		.byte	0x3
 453 00c5 30       		.byte	0x30
 454 00c6 6B000000 		.4byte	0x6b
 455 00ca 01       		.byte	0x1
 456 00cb 07       		.uleb128 0x7
 457 00cc 63020000 		.4byte	.LASF18
 458 00d0 03       		.byte	0x3
 459 00d1 31       		.byte	0x31
 460 00d2 6B000000 		.4byte	0x6b
 461 00d6 02       		.byte	0x2
 462 00d7 07       		.uleb128 0x7
 463 00d8 10000000 		.4byte	.LASF19
 464 00dc 03       		.byte	0x3
 465 00dd 32       		.byte	0x32
 466 00de 6B000000 		.4byte	0x6b
ARM GAS  C:\Users\elias\AppData\Local\Temp\cclzkwd9.s 			page 22


 467 00e2 03       		.byte	0x3
 468 00e3 00       		.byte	0
 469 00e4 08       		.uleb128 0x8
 470 00e5 1D010000 		.4byte	.LASF20
 471 00e9 03       		.byte	0x3
 472 00ea 33       		.byte	0x33
 473 00eb AB000000 		.4byte	0xab
 474 00ef 09       		.uleb128 0x9
 475 00f0 F3010000 		.4byte	.LASF21
 476 00f4 01       		.byte	0x1
 477 00f5 25       		.byte	0x25
 478 00f6 01       		.byte	0x1
 479 00f7 09       		.uleb128 0x9
 480 00f8 53010000 		.4byte	.LASF22
 481 00fc 01       		.byte	0x1
 482 00fd 39       		.byte	0x39
 483 00fe 01       		.byte	0x1
 484 00ff 0A       		.uleb128 0xa
 485 0100 F7000000 		.4byte	0xf7
 486 0104 00000000 		.4byte	.LFB1
 487 0108 02000000 		.4byte	.LFE1-.LFB1
 488 010c 01       		.uleb128 0x1
 489 010d 9C       		.byte	0x9c
 490 010e 0B       		.uleb128 0xb
 491 010f 00000000 		.4byte	.LASF23
 492 0113 01       		.byte	0x1
 493 0114 52       		.byte	0x52
 494 0115 00000000 		.4byte	.LFB2
 495 0119 28000000 		.4byte	.LFE2-.LFB2
 496 011d 01       		.uleb128 0x1
 497 011e 9C       		.byte	0x9c
 498 011f 2D010000 		.4byte	0x12d
 499 0123 0C       		.uleb128 0xc
 500 0124 1E000000 		.4byte	.LVL0
 501 0128 5D010000 		.4byte	0x15d
 502 012c 00       		.byte	0
 503 012d 0B       		.uleb128 0xb
 504 012e 42010000 		.4byte	.LASF24
 505 0132 01       		.byte	0x1
 506 0133 79       		.byte	0x79
 507 0134 00000000 		.4byte	.LFB3
 508 0138 14000000 		.4byte	.LFE3-.LFB3
 509 013c 01       		.uleb128 0x1
 510 013d 9C       		.byte	0x9c
 511 013e 4C010000 		.4byte	0x14c
 512 0142 0C       		.uleb128 0xc
 513 0143 0E000000 		.4byte	.LVL1
 514 0147 68010000 		.4byte	0x168
 515 014b 00       		.byte	0
 516 014c 0D       		.uleb128 0xd
 517 014d 19000000 		.4byte	.LASF30
 518 0151 01       		.byte	0x1
 519 0152 14       		.byte	0x14
 520 0153 E4000000 		.4byte	0xe4
 521 0157 05       		.uleb128 0x5
 522 0158 03       		.byte	0x3
 523 0159 00000000 		.4byte	PGAshield_backup
ARM GAS  C:\Users\elias\AppData\Local\Temp\cclzkwd9.s 			page 23


 524 015d 0E       		.uleb128 0xe
 525 015e 6C020000 		.4byte	.LASF25
 526 0162 6C020000 		.4byte	.LASF25
 527 0166 03       		.byte	0x3
 528 0167 3F       		.byte	0x3f
 529 0168 0E       		.uleb128 0xe
 530 0169 27020000 		.4byte	.LASF26
 531 016d 27020000 		.4byte	.LASF26
 532 0171 03       		.byte	0x3
 533 0172 47       		.byte	0x47
 534 0173 00       		.byte	0
 535              		.section	.debug_abbrev,"",%progbits
 536              	.Ldebug_abbrev0:
 537 0000 01       		.uleb128 0x1
 538 0001 11       		.uleb128 0x11
 539 0002 01       		.byte	0x1
 540 0003 25       		.uleb128 0x25
 541 0004 0E       		.uleb128 0xe
 542 0005 13       		.uleb128 0x13
 543 0006 0B       		.uleb128 0xb
 544 0007 03       		.uleb128 0x3
 545 0008 0E       		.uleb128 0xe
 546 0009 1B       		.uleb128 0x1b
 547 000a 0E       		.uleb128 0xe
 548 000b 55       		.uleb128 0x55
 549 000c 17       		.uleb128 0x17
 550 000d 11       		.uleb128 0x11
 551 000e 01       		.uleb128 0x1
 552 000f 10       		.uleb128 0x10
 553 0010 17       		.uleb128 0x17
 554 0011 00       		.byte	0
 555 0012 00       		.byte	0
 556 0013 02       		.uleb128 0x2
 557 0014 24       		.uleb128 0x24
 558 0015 00       		.byte	0
 559 0016 0B       		.uleb128 0xb
 560 0017 0B       		.uleb128 0xb
 561 0018 3E       		.uleb128 0x3e
 562 0019 0B       		.uleb128 0xb
 563 001a 03       		.uleb128 0x3
 564 001b 0E       		.uleb128 0xe
 565 001c 00       		.byte	0
 566 001d 00       		.byte	0
 567 001e 03       		.uleb128 0x3
 568 001f 24       		.uleb128 0x24
 569 0020 00       		.byte	0
 570 0021 0B       		.uleb128 0xb
 571 0022 0B       		.uleb128 0xb
 572 0023 3E       		.uleb128 0x3e
 573 0024 0B       		.uleb128 0xb
 574 0025 03       		.uleb128 0x3
 575 0026 08       		.uleb128 0x8
 576 0027 00       		.byte	0
 577 0028 00       		.byte	0
 578 0029 04       		.uleb128 0x4
 579 002a 16       		.uleb128 0x16
 580 002b 00       		.byte	0
ARM GAS  C:\Users\elias\AppData\Local\Temp\cclzkwd9.s 			page 24


 581 002c 03       		.uleb128 0x3
 582 002d 0E       		.uleb128 0xe
 583 002e 3A       		.uleb128 0x3a
 584 002f 0B       		.uleb128 0xb
 585 0030 3B       		.uleb128 0x3b
 586 0031 05       		.uleb128 0x5
 587 0032 49       		.uleb128 0x49
 588 0033 13       		.uleb128 0x13
 589 0034 00       		.byte	0
 590 0035 00       		.byte	0
 591 0036 05       		.uleb128 0x5
 592 0037 35       		.uleb128 0x35
 593 0038 00       		.byte	0
 594 0039 49       		.uleb128 0x49
 595 003a 13       		.uleb128 0x13
 596 003b 00       		.byte	0
 597 003c 00       		.byte	0
 598 003d 06       		.uleb128 0x6
 599 003e 13       		.uleb128 0x13
 600 003f 01       		.byte	0x1
 601 0040 0B       		.uleb128 0xb
 602 0041 0B       		.uleb128 0xb
 603 0042 3A       		.uleb128 0x3a
 604 0043 0B       		.uleb128 0xb
 605 0044 3B       		.uleb128 0x3b
 606 0045 0B       		.uleb128 0xb
 607 0046 01       		.uleb128 0x1
 608 0047 13       		.uleb128 0x13
 609 0048 00       		.byte	0
 610 0049 00       		.byte	0
 611 004a 07       		.uleb128 0x7
 612 004b 0D       		.uleb128 0xd
 613 004c 00       		.byte	0
 614 004d 03       		.uleb128 0x3
 615 004e 0E       		.uleb128 0xe
 616 004f 3A       		.uleb128 0x3a
 617 0050 0B       		.uleb128 0xb
 618 0051 3B       		.uleb128 0x3b
 619 0052 0B       		.uleb128 0xb
 620 0053 49       		.uleb128 0x49
 621 0054 13       		.uleb128 0x13
 622 0055 38       		.uleb128 0x38
 623 0056 0B       		.uleb128 0xb
 624 0057 00       		.byte	0
 625 0058 00       		.byte	0
 626 0059 08       		.uleb128 0x8
 627 005a 16       		.uleb128 0x16
 628 005b 00       		.byte	0
 629 005c 03       		.uleb128 0x3
 630 005d 0E       		.uleb128 0xe
 631 005e 3A       		.uleb128 0x3a
 632 005f 0B       		.uleb128 0xb
 633 0060 3B       		.uleb128 0x3b
 634 0061 0B       		.uleb128 0xb
 635 0062 49       		.uleb128 0x49
 636 0063 13       		.uleb128 0x13
 637 0064 00       		.byte	0
ARM GAS  C:\Users\elias\AppData\Local\Temp\cclzkwd9.s 			page 25


 638 0065 00       		.byte	0
 639 0066 09       		.uleb128 0x9
 640 0067 2E       		.uleb128 0x2e
 641 0068 00       		.byte	0
 642 0069 3F       		.uleb128 0x3f
 643 006a 19       		.uleb128 0x19
 644 006b 03       		.uleb128 0x3
 645 006c 0E       		.uleb128 0xe
 646 006d 3A       		.uleb128 0x3a
 647 006e 0B       		.uleb128 0xb
 648 006f 3B       		.uleb128 0x3b
 649 0070 0B       		.uleb128 0xb
 650 0071 27       		.uleb128 0x27
 651 0072 19       		.uleb128 0x19
 652 0073 20       		.uleb128 0x20
 653 0074 0B       		.uleb128 0xb
 654 0075 00       		.byte	0
 655 0076 00       		.byte	0
 656 0077 0A       		.uleb128 0xa
 657 0078 2E       		.uleb128 0x2e
 658 0079 00       		.byte	0
 659 007a 31       		.uleb128 0x31
 660 007b 13       		.uleb128 0x13
 661 007c 11       		.uleb128 0x11
 662 007d 01       		.uleb128 0x1
 663 007e 12       		.uleb128 0x12
 664 007f 06       		.uleb128 0x6
 665 0080 40       		.uleb128 0x40
 666 0081 18       		.uleb128 0x18
 667 0082 9742     		.uleb128 0x2117
 668 0084 19       		.uleb128 0x19
 669 0085 00       		.byte	0
 670 0086 00       		.byte	0
 671 0087 0B       		.uleb128 0xb
 672 0088 2E       		.uleb128 0x2e
 673 0089 01       		.byte	0x1
 674 008a 3F       		.uleb128 0x3f
 675 008b 19       		.uleb128 0x19
 676 008c 03       		.uleb128 0x3
 677 008d 0E       		.uleb128 0xe
 678 008e 3A       		.uleb128 0x3a
 679 008f 0B       		.uleb128 0xb
 680 0090 3B       		.uleb128 0x3b
 681 0091 0B       		.uleb128 0xb
 682 0092 27       		.uleb128 0x27
 683 0093 19       		.uleb128 0x19
 684 0094 11       		.uleb128 0x11
 685 0095 01       		.uleb128 0x1
 686 0096 12       		.uleb128 0x12
 687 0097 06       		.uleb128 0x6
 688 0098 40       		.uleb128 0x40
 689 0099 18       		.uleb128 0x18
 690 009a 9742     		.uleb128 0x2117
 691 009c 19       		.uleb128 0x19
 692 009d 01       		.uleb128 0x1
 693 009e 13       		.uleb128 0x13
 694 009f 00       		.byte	0
ARM GAS  C:\Users\elias\AppData\Local\Temp\cclzkwd9.s 			page 26


 695 00a0 00       		.byte	0
 696 00a1 0C       		.uleb128 0xc
 697 00a2 898201   		.uleb128 0x4109
 698 00a5 00       		.byte	0
 699 00a6 11       		.uleb128 0x11
 700 00a7 01       		.uleb128 0x1
 701 00a8 9542     		.uleb128 0x2115
 702 00aa 19       		.uleb128 0x19
 703 00ab 31       		.uleb128 0x31
 704 00ac 13       		.uleb128 0x13
 705 00ad 00       		.byte	0
 706 00ae 00       		.byte	0
 707 00af 0D       		.uleb128 0xd
 708 00b0 34       		.uleb128 0x34
 709 00b1 00       		.byte	0
 710 00b2 03       		.uleb128 0x3
 711 00b3 0E       		.uleb128 0xe
 712 00b4 3A       		.uleb128 0x3a
 713 00b5 0B       		.uleb128 0xb
 714 00b6 3B       		.uleb128 0x3b
 715 00b7 0B       		.uleb128 0xb
 716 00b8 49       		.uleb128 0x49
 717 00b9 13       		.uleb128 0x13
 718 00ba 02       		.uleb128 0x2
 719 00bb 18       		.uleb128 0x18
 720 00bc 00       		.byte	0
 721 00bd 00       		.byte	0
 722 00be 0E       		.uleb128 0xe
 723 00bf 2E       		.uleb128 0x2e
 724 00c0 00       		.byte	0
 725 00c1 3F       		.uleb128 0x3f
 726 00c2 19       		.uleb128 0x19
 727 00c3 3C       		.uleb128 0x3c
 728 00c4 19       		.uleb128 0x19
 729 00c5 6E       		.uleb128 0x6e
 730 00c6 0E       		.uleb128 0xe
 731 00c7 03       		.uleb128 0x3
 732 00c8 0E       		.uleb128 0xe
 733 00c9 3A       		.uleb128 0x3a
 734 00ca 0B       		.uleb128 0xb
 735 00cb 3B       		.uleb128 0x3b
 736 00cc 0B       		.uleb128 0xb
 737 00cd 00       		.byte	0
 738 00ce 00       		.byte	0
 739 00cf 00       		.byte	0
 740              		.section	.debug_aranges,"",%progbits
 741 0000 2C000000 		.4byte	0x2c
 742 0004 0200     		.2byte	0x2
 743 0006 00000000 		.4byte	.Ldebug_info0
 744 000a 04       		.byte	0x4
 745 000b 00       		.byte	0
 746 000c 0000     		.2byte	0
 747 000e 0000     		.2byte	0
 748 0010 00000000 		.4byte	.LFB1
 749 0014 02000000 		.4byte	.LFE1-.LFB1
 750 0018 00000000 		.4byte	.LFB2
 751 001c 28000000 		.4byte	.LFE2-.LFB2
ARM GAS  C:\Users\elias\AppData\Local\Temp\cclzkwd9.s 			page 27


 752 0020 00000000 		.4byte	.LFB3
 753 0024 14000000 		.4byte	.LFE3-.LFB3
 754 0028 00000000 		.4byte	0
 755 002c 00000000 		.4byte	0
 756              		.section	.debug_ranges,"",%progbits
 757              	.Ldebug_ranges0:
 758 0000 00000000 		.4byte	.LFB1
 759 0004 02000000 		.4byte	.LFE1
 760 0008 00000000 		.4byte	.LFB2
 761 000c 28000000 		.4byte	.LFE2
 762 0010 00000000 		.4byte	.LFB3
 763 0014 14000000 		.4byte	.LFE3
 764 0018 00000000 		.4byte	0
 765 001c 00000000 		.4byte	0
 766              		.section	.debug_line,"",%progbits
 767              	.Ldebug_line0:
 768 0000 97000000 		.section	.debug_str,"MS",%progbits,1
 768      02005800 
 768      00000201 
 768      FB0E0D00 
 768      01010101 
 769              	.LASF23:
 770 0000 50474173 		.ascii	"PGAshield_Sleep\000"
 770      6869656C 
 770      645F536C 
 770      65657000 
 771              	.LASF19:
 772 0010 73634352 		.ascii	"scCR3Reg\000"
 772      33526567 
 772      00
 773              	.LASF30:
 774 0019 50474173 		.ascii	"PGAshield_backup\000"
 774      6869656C 
 774      645F6261 
 774      636B7570 
 774      00
 775              	.LASF28:
 776 002a 47656E65 		.ascii	"Generated_Source\\PSoC5\\PGAshield_PM.c\000"
 776      72617465 
 776      645F536F 
 776      75726365 
 776      5C50536F 
 777              	.LASF9:
 778 0050 666C6F61 		.ascii	"float\000"
 778      7400
 779              	.LASF1:
 780 0056 756E7369 		.ascii	"unsigned char\000"
 780      676E6564 
 780      20636861 
 780      7200
 781              	.LASF27:
 782 0064 474E5520 		.ascii	"GNU C11 5.4.1 20160609 (release) [ARM/embedded-5-br"
 782      43313120 
 782      352E342E 
 782      31203230 
 782      31363036 
 783 0097 616E6368 		.ascii	"anch revision 237715] -mcpu=cortex-m3 -mthumb -g -O"
ARM GAS  C:\Users\elias\AppData\Local\Temp\cclzkwd9.s 			page 28


 783      20726576 
 783      6973696F 
 783      6E203233 
 783      37373135 
 784 00ca 33202D66 		.ascii	"3 -ffunction-sections -ffat-lto-objects -finline-fu"
 784      66756E63 
 784      74696F6E 
 784      2D736563 
 784      74696F6E 
 785 00fd 6E637469 		.ascii	"nctions -flto\000"
 785      6F6E7320 
 785      2D666C74 
 785      6F00
 786              	.LASF5:
 787 010b 6C6F6E67 		.ascii	"long unsigned int\000"
 787      20756E73 
 787      69676E65 
 787      6420696E 
 787      7400
 788              	.LASF20:
 789 011d 50474173 		.ascii	"PGAshield_BACKUP_STRUCT\000"
 789      6869656C 
 789      645F4241 
 789      434B5550 
 789      5F535452 
 790              	.LASF12:
 791 0135 75696E74 		.ascii	"uint8\000"
 791      3800
 792              	.LASF10:
 793 013b 646F7562 		.ascii	"double\000"
 793      6C6500
 794              	.LASF24:
 795 0142 50474173 		.ascii	"PGAshield_Wakeup\000"
 795      6869656C 
 795      645F5761 
 795      6B657570 
 795      00
 796              	.LASF22:
 797 0153 50474173 		.ascii	"PGAshield_RestoreConfig\000"
 797      6869656C 
 797      645F5265 
 797      73746F72 
 797      65436F6E 
 798              	.LASF8:
 799 016b 756E7369 		.ascii	"unsigned int\000"
 799      676E6564 
 799      20696E74 
 799      00
 800              	.LASF7:
 801 0178 6C6F6E67 		.ascii	"long long unsigned int\000"
 801      206C6F6E 
 801      6720756E 
 801      7369676E 
 801      65642069 
 802              	.LASF13:
 803 018f 72656738 		.ascii	"reg8\000"
 803      00
ARM GAS  C:\Users\elias\AppData\Local\Temp\cclzkwd9.s 			page 29


 804              	.LASF15:
 805 0194 73697A65 		.ascii	"sizetype\000"
 805      74797065 
 805      00
 806              	.LASF29:
 807 019d 433A5C47 		.ascii	"C:\\Github\\Tesis\\src\\psoc\\AcondicionamientoAnal"
 807      69746875 
 807      625C5465 
 807      7369735C 
 807      7372635C 
 808 01cb 6F676963 		.ascii	"ogico.cydsn\000"
 808      6F2E6379 
 808      64736E00 
 809              	.LASF6:
 810 01d7 6C6F6E67 		.ascii	"long long int\000"
 810      206C6F6E 
 810      6720696E 
 810      7400
 811              	.LASF17:
 812 01e5 73634352 		.ascii	"scCR1Reg\000"
 812      31526567 
 812      00
 813              	.LASF11:
 814 01ee 63686172 		.ascii	"char\000"
 814      00
 815              	.LASF21:
 816 01f3 50474173 		.ascii	"PGAshield_SaveConfig\000"
 816      6869656C 
 816      645F5361 
 816      7665436F 
 816      6E666967 
 817              	.LASF2:
 818 0208 73686F72 		.ascii	"short int\000"
 818      7420696E 
 818      7400
 819              	.LASF4:
 820 0212 6C6F6E67 		.ascii	"long int\000"
 820      20696E74 
 820      00
 821              	.LASF16:
 822 021b 656E6162 		.ascii	"enableState\000"
 822      6C655374 
 822      61746500 
 823              	.LASF26:
 824 0227 50474173 		.ascii	"PGAshield_Enable\000"
 824      6869656C 
 824      645F456E 
 824      61626C65 
 824      00
 825              	.LASF14:
 826 0238 6C6F6E67 		.ascii	"long double\000"
 826      20646F75 
 826      626C6500 
 827              	.LASF0:
 828 0244 7369676E 		.ascii	"signed char\000"
 828      65642063 
 828      68617200 
ARM GAS  C:\Users\elias\AppData\Local\Temp\cclzkwd9.s 			page 30


 829              	.LASF3:
 830 0250 73686F72 		.ascii	"short unsigned int\000"
 830      7420756E 
 830      7369676E 
 830      65642069 
 830      6E7400
 831              	.LASF18:
 832 0263 73634352 		.ascii	"scCR2Reg\000"
 832      32526567 
 832      00
 833              	.LASF25:
 834 026c 50474173 		.ascii	"PGAshield_Stop\000"
 834      6869656C 
 834      645F5374 
 834      6F7000
 835              		.comm	__gnu_lto_v1,1,1
 836              		.ident	"GCC: (GNU Tools for ARM Embedded Processors) 5.4.1 20160609 (release) [ARM/embedded-5-bran
