ARM GAS  C:\Users\elias\AppData\Local\Temp\ccTW8reI.s 			page 1


   1              		.syntax unified
   2              		.cpu cortex-m3
   3              		.fpu softvfp
   4              		.eabi_attribute 20, 1
   5              		.eabi_attribute 21, 1
   6              		.eabi_attribute 23, 3
   7              		.eabi_attribute 24, 1
   8              		.eabi_attribute 25, 1
   9              		.eabi_attribute 26, 1
  10              		.eabi_attribute 30, 2
  11              		.eabi_attribute 34, 1
  12              		.eabi_attribute 18, 4
  13              		.thumb
  14              		.syntax unified
  15              		.file	"Timer_2_PM.c"
  16              		.text
  17              	.Ltext0:
  18              		.section	.gnu.lto_.profile.20d40605,"",%progbits
  19 0000 789C6361 		.ascii	"x\234ca`d`a`\000\222\252\374\000\000\303\000?"
  19      60646061 
  19      600092AA 
  19      FC0000C3 
  19      003F
  20              		.text
  21              		.section	.gnu.lto_.icf.20d40605,"",%progbits
  22 0000 789C6361 		.ascii	"x\234ca`d\000\001\005\006\004`eX?\363A\013\023#\230"
  22      60640001 
  22      05060460 
  22      65583FF3 
  22      410B1323 
  23 0015 64FAB9F5 		.ascii	"d\372\271\365\311!V\346I\333\027\337ef\371\265xV\027"
  23      C92156E6 
  23      49DB17DF 
  23      6566F9B5 
  23      785617
  24 0028 2B0300F2 		.ascii	"+\003\000\362(\016|"
  24      280E7C
  25              		.text
  26              		.section	.gnu.lto_.jmpfuncs.20d40605,"",%progbits
  27 0000 789C6361 		.ascii	"x\234ca`d\000\001\001\006\004`\001b\240(\023\224\311"
  27      60640001 
  27      01060460 
  27      0162A028 
  27      1394C9
  28 0013 00000308 		.ascii	"\000\000\003\010\000!"
  28      0021
  29              		.text
  30              		.section	.gnu.lto_.inline.20d40605,"",%progbits
  31 0000 789C6361 		.ascii	"x\234ca`d\000\2010\006\004`a``fbd`\0022\331\026\310"
  31      60640081 
  31      30060460 
  31      61606066 
  31      62646002 
  32 0018 8328A022 		.ascii	"\203(\240\"t\021&\006.A\240\010\317\004?\204\".\260"
  32      74112606 
  32      2E41A008 
  32      CF043F84 
ARM GAS  C:\Users\elias\AppData\Local\Temp\ccTW8reI.s 			page 2


  32      222EB0
  33 002b 667676A0 		.ascii	"fvv\2408\333\007=Tq\006\000\366\220\005\346"
  33      38DB073D 
  33      54710600 
  33      F69005E6 
  34              		.text
  35              		.section	.gnu.lto_.pureconst.20d40605,"",%progbits
  36 0000 789C6361 		.ascii	"x\234ca`d\340d```a\0002\230\244X$\000\001y\000L"
  36      6064E064 
  36      60606061 
  36      003298A4 
  36      58240001 
  37              		.text
  38              		.section	.gnu.lto_Timer_2_SaveConfig.20d40605,"",%progbits
  39 0000 789C6361 		.ascii	"x\234ca`d\000\201j V\003bi fdf`d\232p\216\201\241\221"
  39      60640081 
  39      6A205603 
  39      62692066 
  39      64666064 
  40 001a 83899111 		.ascii	"\203\211\221\021\304h\340`d\250gb\254g\374\312\364\227"
  40      C468E060 
  40      64A86762 
  40      AC67FCCA 
  40      F497
  41 002c 89F150FB 		.ascii	"\211\361P\373\263\235L\232\313\033\200\340\301\323i"
  41      B39D4C9A 
  41      CB1B80E0 
  41      C1D369
  42 003b CC0D2B0E 		.ascii	"\314\015+\0160\266230\374g\002\233\304\300\270\234Q"
  42      30B63233 
  42      30FC6702 
  42      9BC4C0B8 
  42      9C51
  43 004d 9301A8EC 		.ascii	"\223\001\250\354\321\306\177Sy\331Z@\312\024 \222\214"
  43      D1C67F53 
  43      79D95A40 
  43      CA142092 
  43      8C
  44 005e 2B18D940 		.ascii	"+\030\331@\326\255\017:\320\360\377\177s\303\201\235"
  44      D6AD0F3A 
  44      D0F0FF7F 
  44      73C3819D 
  45 006e AC0F9981 		.ascii	"\254\017\231\201\022\037\200\030d\315G&&\020\315\374"
  45      121F8018 
  45      64CD4726 
  45      2610CDFC 
  46 007e 8A9109A4 		.ascii	"\212\221\011\244\024l\332\007&F\220\030P\205\212{j^"
  46      146CDA07 
  46      26469018 
  46      50858A7B 
  46      6A5E
  47 0090 6A516249 		.ascii	"jQbIjJ|p~iQrjL@p\276\263iLHfnjQ\274Q|\200\257^2\003"
  47      6A4A7C70 
  47      7E695172 
  47      6A4C4070 
  47      BEB3694C 
  48 00b1 005FB539 		.ascii	"\000_\2659\237"
ARM GAS  C:\Users\elias\AppData\Local\Temp\ccTW8reI.s 			page 3


  48      9F
  49              		.text
  50              		.section	.gnu.lto_Timer_2_RestoreConfig.20d40605,"",%progbits
  51 0000 789C6361 		.ascii	"x\234ca`d\000\201\032 V\003bi fdf`d\232p\216\201\241"
  51      60640081 
  51      1A205603 
  51      62692066 
  51      64666064 
  52 0019 91838991 		.ascii	"\221\203\211\221\021\304h\340`d\250gb\254g\374\312\364"
  52      11C468E0 
  52      6064A867 
  52      62AC67FC 
  52      CAF4
  53 002b 9789F150 		.ascii	"\227\211\361P\373\263\235L\232\313\033\200\340\301\322"
  53      FBB39D4C 
  53      9ACB1B80 
  53      E0C1D2
  54 003a E7060D2B 		.ascii	"\347\006\015+\0160\266230\374g\002\233\304\300\270\234"
  54      0E30B632 
  54      3330FC67 
  54      029BC4C0 
  54      B89C
  55 004c 519301A8 		.ascii	"Q\223\001\250\354\321\306\177Sy\331Z@\312\024 \222\214"
  55      ECD1C67F 
  55      5379D95A 
  55      40CA1420 
  55      928C
  56 005e 2B18D940 		.ascii	"+\030\331@\326\255\017:\320\360\377\177s\303\201\275"
  56      D6AD0F3A 
  56      D0F0FF7F 
  56      73C381BD 
  57 006e 6C07BFB1 		.ascii	"l\007\277\261\001e>\0001\310\236\217LL \232\371\025"
  57      01653E00 
  57      31C89E8F 
  57      4C4C209A 
  57      F915
  58 0080 2313482D 		.ascii	"#\023H-\330\270\017L\214 1\240\012\025\367\324\274\324"
  58      D8B80F4C 
  58      8C2031A0 
  58      0A15F7D4 
  58      BCD4
  59 0092 A2C492D4 		.ascii	"\242\304\222\324\224\370\340\374\322\242\344\324\230"
  59      94F8E0FC 
  59      D2A2E4D4 
  59      98
  60 009f 80E07C67 		.ascii	"\200\340|g\323\230\220\314\334\324\242x\243\370\000"
  60      D39890CC 
  60      DCD4A278 
  60      A3F800
  61 00ae 5FBD6406 		.ascii	"_\275d\006\000\354\\:\274"
  61      00EC5C3A 
  61      BC
  62              		.text
  63              		.section	.gnu.lto_Timer_2_Sleep.20d40605,"",%progbits
  64 0000 789C8D91 		.ascii	"x\234\215\221\317k\023Q\020\307\347\373\336\356fI-\370"
  64      CF6B1351 
  64      10C7E7FB 
ARM GAS  C:\Users\elias\AppData\Local\Temp\ccTW8reI.s 			page 4


  64      DEEE6649 
  64      2DF8
  65 0012 0794E241 		.ascii	"\007\224\342A\204^\214\010^{\021\024\004\241X\217\205"
  65      845E8C08 
  65      5E7B1114 
  65      04A1588F 
  65      85
  66 0023 A0750F1E 		.ascii	"\240u\017\036l!(\036\363\322\315Z\353\241TE\011\202"
  66      6C21281E 
  66      F3D2CD5A 
  66      EBA15445 
  66      0982
  67 0035 EDB1F147 		.ascii	"\355\261\361GM\242\255\032\350a\015\205\"\004E\254\247"
  67      4DA2AD1A 
  67      E8610D85 
  67      220445AC 
  67      A7
  68 0046 5EAA8720 		.ascii	"^\252\207 \245\207\024\"b\261Ygv\265\012\2028\260\373"
  68      A5871422 
  68      62B15967 
  68      76B50A82 
  68      38B0FB
  69 0059 76E77DDF 		.ascii	"v\347}\337|\276o\306\"\220\304yEt\210\327A~\340\020"
  69      7CBE6FC6 
  69      2290C479 
  69      457488D7 
  69      417EE010 
  70 006d D4CC1BA2 		.ascii	"\324\314\033\242\202\253\224^\356'\223\266\3262d\366"
  70      82AB945E 
  70      EE2793B6 
  70      D63264F6 
  71 007d 69D849DA 		.ascii	"i\330I\332\372\365a\003\362a\\P^i\313F\036_\324\256"
  71      FAF56103 
  71      F2615C50 
  71      5E69CB46 
  71      1E5FD4AE 
  72 0091 4263B255 		.ascii	"Bc\262UW\003\363\206c#\3309b\312!\002M\024\251\030F"
  72      5703F386 
  72      6323D839 
  72      62CA2102 
  72      4D14A918 
  73 00a6 98C700B1 		.ascii	"\230\307\000\261\354S\255{\247\327)\212\354@\262\211"
  73      EC53AD7B 
  73      A7D7298A 
  73      EC40B289 
  74 00b6 321C7154 		.ascii	"2\034qT9\023\232(\362M\370>\365\352V\332U\024hX\362"
  74      39139A28 
  74      F24DF83E 
  74      F5EA56DA 
  74      55146858 
  75 00cb 226AB34E 		.ascii	"\"j\263N\240\333J\311\252[h\354\334h\315\226 g}mq\335"
  75      A0DB4AC9 
  75      AA5B68EC 
  75      DC68CD96 
  75      20677D6D 
  76 00e1 BB41E36D 		.ascii	"\273A\343m\252\243\002\255 \230R\2719\255\222\337\322"
  76      AAA302AD 
ARM GAS  C:\Users\elias\AppData\Local\Temp\ccTW8reI.s 			page 5


  76      209852B9 
  76      39AD92DF 
  76      D2
  77 00f2 6CC188A2 		.ascii	"l\301\210\242s\363\365\275\2369\334/\024\331\230\306"
  77      73F3F5BD 
  77      9E39DC2F 
  77      14D998C6 
  78 0102 43F4E101 		.ascii	"C\364\341\001\372\230\377\010s\240\026\374\357'\310"
  78      FA98FF08 
  78      73A016FC 
  78      EF27C8
  79 0111 D72A29B7 		.ascii	"\327*)\267\270\262z\315\225\363\340x\314\262\217(\256"
  79      B8B27ACD 
  79      95F3E078 
  79      CCB28F28 
  79      AE
  80 0122 FB63094F 		.ascii	"\373c\011O\256[\331\252\177\353M\004\204\005\251C\342"
  80      AE5BD9AA 
  80      7FEB4D04 
  80      8405A943 
  80      E2
  81 0133 4FD3723F 		.ascii	"O\323r?\333\233\350\264\277\276\353\021\365\237\326"
  81      DB9BE8B4 
  81      BFBEEB11 
  81      F59FD6
  82 0142 ACD85ABD 		.ascii	"\254\330Z\275\276\265\236\312\357\232\353\306\354\347"
  82      BEB59ECA 
  82      EF9AEBC6 
  82      ECE7
  83 0150 DC143749 		.ascii	"\334\0247I\322\233\315\017+i\261g\342\274\215\012w\366"
  83      D29BCD0F 
  83      2B69B167 
  83      E2BC8D0A 
  83      77F6
  84 0162 8914E6CD 		.ascii	"\211\024\346\315\351\227\325)7\263 ]3W\003\355\240\312"
  84      E997D529 
  84      37B3205D 
  84      335703ED 
  84      A0CA
  85 0174 9EBB716B 		.ascii	"\236\273qkQC\206\025K\223\315ZZ \016\033~\032\373\331"
  85      51438615 
  85      4B93CD5A 
  85      5A200E1B 
  85      7E1AFBD9 
  86 0188 5616AD65 		.ascii	"V\026\255eb7\325\356\236\233\377\305?\373\027~\3617"
  86      6237D5EE 
  86      9E9BFFC5 
  86      3FFB177E 
  86      F137
  87 019a 7E29C6EF 		.ascii	"~)\306\357\335\221G\211\347?\361v<\254\317\360\303h"
  87      DD914789 
  87      E73FF176 
  87      3CACCFF0 
  87      C368
  88 01ac 5509FEEF 		.ascii	"U\011\376\357\353\247\"\236\027\341\005\362<i\22761"
  88      EBA7229E 
  88      17E105F2 
ARM GAS  C:\Users\elias\AppData\Local\Temp\ccTW8reI.s 			page 6


  88      3C699736 
  88      31
  89 01bd 11DE3E15 		.ascii	"\021\336>\025K%\332\274\311%\030t\360\2447\346\345\316"
  89      4B25DABC 
  89      C9251874 
  89      F0A437E6 
  89      E5CE
  90 01cf 5DF62E64 		.ascii	"]\366.d\207\307\257\344F\275\221\241\341\361\343\307"
  90      87C7AFE4 
  90      46BD91A1 
  90      E1F1E3C7 
  91 01df 46CE5EBC 		.ascii	"F\316^\274\344\345\262G\263C\247\017\217\322\017\213"
  91      E4E5B247 
  91      B343A70F 
  91      8FD20F8B 
  92 01ef 73E567   		.ascii	"s\345g"
  93              		.text
  94              		.section	.gnu.lto_Timer_2_Wakeup.20d40605,"",%progbits
  95 0000 789C654F 		.ascii	"x\234eO=HBQ\030\375\276{\237\372\220\302\206\306\206"
  95      3D484251 
  95      18FDBE7B 
  95      9FFA90C2 
  95      86C686
  96 0013 86081C4A 		.ascii	"\206\010\034J\212Z[\032\202 \220\254M\220\26074\244"
  96      8A5A5B1A 
  96      822090AC 
  96      4D90B037 
  96      34A4
  97 0025 2035BFAB 		.ascii	" 5\277\253\317W\271DKm!\264h\331\237\320\220M/1\003"
  97      CF57B944 
  97      4B6D21B4 
  97      68D99FD0 
  97      904D2F31 
  98 003a 899A5A8A 		.ascii	"\211\232Z\212\350g\220\220\006\203\032\032\364\365\335"
  98      E8679090 
  98      06831A1A 
  98      F4F5DD
  99 0049 E7D0D081 		.ascii	"\347\320\320\201\313w9\367\234{\316\247\000\202\304"
  99      CB7739F7 
  99      9C7BCEA7 
  99      0082C4
 100 0058 3C8D419A 		.ascii	"<\215A\232ct\320\005\310\266n\001\222*c\274\352\003"
 100      6374D005 
 100      C8B66E01 
 100      922A63BC 
 100      EA03
 101 006a E1556A13 		.ascii	"\341Uj\023 \2728*\035ZA\224\027\241\"\350\214+\250\343"
 101      20BA382A 
 101      1D5A4194 
 101      17A122E8 
 101      8C2BA8E3 
 102 007e 376B312C 		.ascii	"7k1,\257\327K\314\237\023\204\227\253\302\210\310[h"
 102      AFD74BCC 
 102      9F138497 
 102      ABC288C8 
 102      5B68
 103 0090 72009B39 		.ascii	"r\000\2339\021\2009\364\003\311\336\212\355\355nwZ\312"
ARM GAS  C:\Users\elias\AppData\Local\Temp\ccTW8reI.s 			page 7


 103      118039F4 
 103      03C9DE8A 
 103      EDED6E77 
 103      5ACA
 104 00a2 FA3B8F98 		.ascii	"\372;\217\230G\267\354q2k\011\3336\204\365\354\275l"
 104      47B7EC71 
 104      326B09DB 
 104      3684F5EC 
 104      BD6C
 105 00b4 7B5D1C4C 		.ascii	"{]\034LNt\223$2\356\22319y\035S\027\305\247=\217t\031"
 105      4E749324 
 105      32EE9331 
 105      39791D53 
 105      17C5A73D 
 106 00cb 9CD38F3B 		.ascii	"\234\323\217;f\371\316\363\305L\316P\006\224J\037\217"
 106      66F9CEF3 
 106      C54CCE50 
 106      06944A1F 
 106      8F
 107 00dc 1EBD2536 		.ascii	"\036\275%6\204\350!.C\035$\335\270\271\257x\263\270"
 107      84E8212E 
 107      431D24DD 
 107      B8B9AF78 
 107      B3B8
 108 00ee 9B140ECF 		.ascii	"\233\024\016\317\361\200\212\357c\237\363\270y~\232"
 108      F1808AEF 
 108      639FF3B8 
 108      797E9A
 109 00fd 51034326 		.ascii	"Q\003C&mS\300,\266\235\316x\210\001x\305\364\203\021"
 109      6D53C02C 
 109      B69DCE78 
 109      880178C5 
 109      F48311
 110 0110 FB0B3BAB 		.ascii	"\373\013;\253\\\257\2512\014\011G\322\016\262\033\207"
 110      5CAFA932 
 110      0C0947D2 
 110      0EB21B87 
 111 0120 AA8FBFA3 		.ascii	"\252\217\277\243a\375\324z\245\370\177\021\227M\365"
 111      61FDD47A 
 111      A5F87F11 
 111      974DF5
 112 012f 008F51A7 		.ascii	"\000\217Q\247\275\334\216Iq\026j`\312\262\247\035\223"
 112      BDDC8E49 
 112      71166A60 
 112      CAB2A71D 
 112      93
 113 0140 44936444 		.ascii	"D\223dDS\203\201)-\246%\026V\264\305H(\276\232\210j"
 113      53838129 
 113      2DA62516 
 113      56B4C548 
 113      28BE9A88 
 114 0155 E160283E 		.ascii	"\341`(>9\036\236[Z\326\022\221\321Hpf8\012\277\362\222"
 114      391E9E5B 
 114      5AD61291 
 114      D1487066 
 114      380ABFF2 
 115 016a 86C0     		.ascii	"\206\300"
ARM GAS  C:\Users\elias\AppData\Local\Temp\ccTW8reI.s 			page 8


 116              		.text
 117              		.section	.gnu.lto_.symbol_nodes.20d40605,"",%progbits
 118 0000 789C558A 		.ascii	"x\234U\212\271\015\2000\020\004\347\036\273\000b\002"
 118      B90D8030 
 118      1004E71E 
 118      BB006202 
 119 0010 28149D4B 		.ascii	"(\024\235K\240\036DHL\017H\324\2018\021\341MV3\273\216"
 119      A01E4448 
 119      4C0F48D4 
 119      813811E1 
 119      4D5633BB 
 120 0025 B0905109 		.ascii	"\260\220Q\011XO\310\332\332\234BCza\241\235(\320\006"
 120      584FC8DA 
 120      DA9C4243 
 120      7A61A19D 
 120      28D006
 121 0038 30F5B06E 		.ascii	"0\365\260n\220\022\376\211<\264)\271F\371\263i\341\270"
 121      9012FE89 
 121      3CB429B9 
 121      46F9B369 
 121      E1B8
 122 004a 1E31AFDC 		.ascii	"\0361\257\334\373\310\013\200\236\032\230"
 122      FBC80B80 
 122      9E1A98
 123              		.text
 124              		.section	.gnu.lto_.refs.20d40605,"",%progbits
 125 0000 789C05C1 		.ascii	"x\234\005\301\261\001\000\000\010\303\240\304\326\325"
 125      B1010000 
 125      08C3A0C4 
 125      D6D5
 126 000e FFCF158A 		.ascii	"\377\317\025\212\0340cj\326\022y\002r\0002"
 126      1C30636A 
 126      D6127902 
 126      720032
 127              		.text
 128              		.section	.gnu.lto_.decls.20d40605,"",%progbits
 129 0000 789C8D94 		.ascii	"x\234\215\224\177L[U\024\307\357y\267?\360\255\260\005"
 129      7F4C5B55 
 129      14C7EF79 
 129      B73FF0AD 
 129      B005
 130 0012 36C31FFD 		.ascii	"6\303\037\375\003\027\226\364\037q\314,\331\237&D\346"
 130      031796F4 
 130      1F71CC2C 
 130      D99F2644 
 130      E6
 131 0023 3F9AC5BA 		.ascii	"?\232\305\272\031\315\014\226\372D2\244\265k\227\354"
 131      19CD0C96 
 131      FA4432A4 
 131      B56B97EC 
 132 0033 BF5B069B 		.ascii	"\277[\006\233\301\250@D,.\021!:\266\301ZF\371\351~\324"
 132      C1A84044 
 132      2C2E1121 
 132      3AB6C15A 
 132      46F9E97E 
 133 0048 750CC60F 		.ascii	"u\014\306\017\263e\272E\301H,caa\006\263\371\007\323"
 133      B365BA45 
ARM GAS  C:\Users\elias\AppData\Local\Temp\ccTW8reI.s 			page 9


 133      C1482C63 
 133      616106B3 
 133      F907D3
 134 005b AE9E7BDF 		.ascii	"\256\236{\337{}e)\323\233\236\327{\336\373\236\3179"
 134      7B7D6529 
 134      D39B9ED7 
 134      7BDEFB9E 
 134      CF39
 135 006d F7DCFB9E 		.ascii	"\367\334\373\236\211\000\341c\324L\310\026\234nGK\341"
 135      8900E163 
 135      D44CC816 
 135      9C6E474B 
 135      E1
 136 007e 4097EC23 		.ascii	"@\227\354#\306\260\240\365\242\205\321\372\320\372\321"
 136      C6B0A0F5 
 136      A285D1FA 
 136      D0FAD1
 137 008d 06D086D0 		.ascii	"\006\320\206\3208a\214\254\035\275\332}\235\001\332"
 137      38618CAC 
 137      1DBDDA7D 
 137      9D01DA
 138 009c BDC74738 		.ascii	"\275\307G8\213.\234E\307s>\245\351\354h\223h\023hSh"
 138      8B2E9C45 
 138      C7733EA5 
 138      E9EC6893 
 138      68136853 
 139 00b1 71B40B68 		.ascii	"q\264\013h\323h=\032\343\"\232\244\305\015\254S#_\203"
 139      D3683D1A 
 139      E3229AA4 
 139      C50DAC53 
 139      235F83
 140 00c4 3583F95F 		.ascii	"5\203\371_\254\376'\2547)A\352\253\350\2479\263\360"
 140      ACFE27AC 
 140      372941EA 
 140      ABE8A739 
 140      B3F0
 141 00d6 3350A235 		.ascii	"3P\2425\225\000\250W\020FT\023.N$\242N\364[\351A4\211"
 141      9500A857 
 141      10465413 
 141      2E4E24A2 
 141      4EF45BE9 
 142 00ed A44F0D98 		.ascii	"\244O\015\230\370i\361\220\322\207\200\030t\320\202"
 142      F869F190 
 142      D2878018 
 142      74D082
 143 00fc 545FEFAB 		.ascii	"T_\357\253\026\004\222\221\000TW\217\310\340=V\221^"
 143      16049291 
 143      0054578F 
 143      C8E03D56 
 143      915E
 144 010e B39E46B4 		.ascii	"\263\236F\264C,:\272x\375|.\225\200\317\177[\355./\351"
 144      432C3ABA 
 144      78FD7C2E 
 144      9580CF7F 
 144      5BED2E2F 
 145 0123 61389A18 		.ascii	"a8\232\030\223\2365:s\275>r\234>\220 _\006\023\272\177"
 145      939E353A 
ARM GAS  C:\Users\elias\AppData\Local\Temp\ccTW8reI.s 			page 10


 145      73BD3E72 
 145      9C3E9020 
 145      5F0613BA 
 146 0138 CEB427F2 		.ascii	"\316\264'\362\320\335,C\021\272\311\253_\266K\205\237"
 146      D0DD2C43 
 146      11BAC9AB 
 146      5FB64B85 
 146      9F
 147 0149 8BB823AC 		.ascii	"\213\270#\254\310\004\373\236\206\323`\207S\200\233"
 147      C804FB9E 
 147      86D36087 
 147      53809B
 148 0158 023D5088 		.ascii	"\002=P\210\327J\223JZl\275;\275ak\007[\211\260\371\344"
 148      D74A934A 
 148      5A6CBD3B 
 148      BD616B07 
 148      5B89B0F9 
 149 016d F28E108B 		.ascii	"\362\216\020\213\3253\026\224\270\012\272\201\302I("
 149      D5331694 
 149      B80ABA81 
 149      C24928
 150 017c E14576F3 		.ascii	"\341Ev\363= p\002f\261\336^\330\212\221w\357\335.\247"
 150      3D207002 
 150      66B1DE5E 
 150      D88A9177 
 150      EFDD2EA7 
 151 0190 65A2CE86 		.ascii	"e\242\316\206\336OV\250\012\211\215^\261\261\246 \353"
 151      DE4F56A8 
 151      0A898D5E 
 151      B1B1A620 
 151      EB
 152 01a1 784120CE 		.ascii	"xA \316\030\2103\231\210\260@<\374x!i\241o\010F\254"
 152      18883399 
 152      88B0403C 
 152      FC782169 
 152      A16F0846 
 153 01b6 657ADC8C 		.ascii	"ez\334\214\214\016d\\\033\027\014\2462\"\006#\222\311"
 153      8C0E645C 
 153      1B170CA6 
 153      32220623 
 153      92C9
 154 01c8 E8138CC1 		.ascii	"\350\023\214\301xp\204\322*\301\230\033<\361\013\325"
 154      787084D2 
 154      2AC1981B 
 154      3CF10BD5 
 155 01d8 18739399 		.ascii	"\030s\223\231\214\263\006\343l&\243_0B\215\311\220\225"
 155      8CB306E3 
 155      6C26A35F 
 155      30428DC9 
 155      9095
 156 01ea 1E128CE3 		.ascii	"\036\022\214\343\013\303\177p\306<c\363m\223o5w\035"
 156      0BC37F70 
 156      C63C63F3 
 156      6D936F35 
 156      771D
 157 01fc 8D3581E8 		.ascii	"\2155\201\350\032D\015HT@p2 \000w\242\343o\322o@\000"
 157      1A440D48 
ARM GAS  C:\Users\elias\AppData\Local\Temp\ccTW8reI.s 			page 11


 157      54407032 
 157      200077A2 
 157      E36FD26F 
 158 0212 4EC58F75 		.ascii	"N\305\217uYT@l\250\221\206\330%\223\210\0364\242\007"
 158      5954406C 
 158      A89186D8 
 158      2593881E 
 158      34A207
 159 0225 F5E82111 		.ascii	"\365\350!\021\275\374Qk>\215\252\321\253\321\237\276"
 159      BDFC516B 
 159      3E8DAAD1 
 159      ABD19FBE 
 160 0235 D848E3AA 		.ascii	"\330H\343\252\023nX8\231\203\373j\227!\005\334_\036"
 160      136E5838 
 160      9983FB6A 
 160      972105DC 
 160      5F1E
 161 0247 59CD557D 		.ascii	"Y\315U}\3768\324\234x\264\201\376(\264\322\215\304\351"
 161      FE38D49C 
 161      78B481FE 
 161      28B4D28D 
 161      C4E9
 162 0259 251338E4 		.ascii	"%\0238\344o\371\266\317\377\365CM\3331<3p\001d8gd\266"
 162      6FF9B6CF 
 162      FFF5434D 
 162      DB313C33 
 162      70016438 
 163 0270 CB78FD90 		.ascii	"\313x\375\220\261:\266\322\311,\205\004\236\267\303"
 163      B13AB6D2 
 163      C92C8504 
 163      9EB7C3
 164 027f 763B81F3 		.ascii	"v;\201\363\340\340T\256\202\357\360\250\214\342QIJ\364"
 164      E0E054AE 
 164      82EFF0A8 
 164      8CE25149 
 164      4AF4
 165 0291 E1C0B939 		.ascii	"\341\300\2719+\024\0278:y\010\366\243\274/\321\300\""
 165      2B141738 
 165      3A7908F6 
 165      A3BC2FD1 
 165      C022
 166 02a3 6F0BEC08 		.ascii	"o\013\354\010bcP\240#\236\343\207\253\224\277\366\315"
 166      626350A0 
 166      239EE387 
 166      AB94BFF6 
 166      CD
 167 02b4 BC84953A 		.ascii	"\274\204\225:\306\340\003=\001\021J\304\303\367\230"
 167      C6E0033D 
 167      01114AC4 
 167      C3F798
 168 02c3 E922148B 		.ascii	"\351\"\024\213\365\213ZcmxbX\016\027\020\255L\355\224"
 168      F58B5A63 
 168      6D786258 
 168      0E1710AD 
 168      4CED94
 169 02d6 B70467E7 		.ascii	"\267\004g\347\200\376\243\256\357\263\344\257\235f("
 169      80FEA3AE 
ARM GAS  C:\Users\elias\AppData\Local\Temp\ccTW8reI.s 			page 12


 169      EFB3E4AF 
 169      9D6628
 170 02e5 706481C3 		.ascii	"pd\201\303ed\256\317\277u\0248?\216\202KF'x:\221e\354"
 170      6564AECF 
 170      BF751438 
 170      3F8E824B 
 170      4627783A 
 171 02fc F77842DE 		.ascii	"\367xB\336\326\305\030nY2Z}\277\216\275$\264\303\252"
 171      D6C5186E 
 171      59325A7D 
 171      BF8EBD24 
 171      B4C3AA
 172 030f 36BD8061 		.ascii	"6\275\200a\361\031\032\203m\030\363\240\376\376M\213"
 172      F1191A83 
 172      6D18F3A0 
 172      FEFE4D8B 
 173 031f 8C7D3CF2 		.ascii	"\214}<\362\277\372\0103K_\247\254\264Y\274\325R\177"
 173      BFFA0833 
 173      4B5FA7AC 
 173      B459BCD5 
 173      527F
 174 0331 6BA8D50A 		.ascii	"k\250\325\012\262#K\370\325,\341\372\206\356mo\011\262"
 174      B2234BF8 
 174      D52CE1FA 
 174      86EE6D6F 
 174      09B2
 175 0343 2298C0CE 		.ascii	"\"\230\300\316\217\033\313\270\002\262\366\335\270v"
 175      8F1BCBB8 
 175      02B2F6DD 
 175      B876
 176 0351 2F6CB635 		.ascii	"/l\2665\362}\302\227>\177\"O(\215\327~\022l\342\310"
 176      F27DC297 
 176      3E7F224F 
 176      288DD77E 
 176      126CE2C8 
 177 0365 E13FAA1F 		.ascii	"\341?\252\037-\315,n\\\243\346K6\324S\232zJ\250\377"
 177      2DCD2C6E 
 177      5CA3E64B 
 177      36D4539A 
 177      7A4AA8FF 
 178 0379 BE1DBE63 		.ascii	"\276\035\276c[\243\346\007\332PO\203M\257\007\247$\377"
 178      5BA3E607 
 178      DA504F83 
 178      4DAF07A7 
 178      24FF
 179 038b B5EAF715 		.ascii	"\265\352\367\025_\305\216\012\247\353\220R\346\251}"
 179      5FC58E0A 
 179      A7EB9052 
 179      E6A97D
 180 039a B7BA2A67 		.ascii	"\267\272*g\367+{\213\312JKI\361n\245V\361\271\374\312"
 180      F72B7B8B 
 180      CA4A4B49 
 180      F16EA556 
 180      F1B9FCCA 
 181 03ae 3B154E4F 		.ascii	";\025NO\300\347V\366\357qz\312v\356\327C\366\274\\\342"
 181      C0E756F6 
 181      EF717ACA 
ARM GAS  C:\Users\elias\AppData\Local\Temp\ccTW8reI.s 			page 13


 181      76EED743 
 181      F6BC5CE2 
 182 03c2 265B74EF 		.ascii	"&[t\357U\345\240\337\343\323\030\271il\215\242x\363"
 182      55E5A0DF 
 182      E3D318B9 
 182      696C8DA2 
 182      78F3
 183 03d4 74EF75D7 		.ascii	"t\357u\327\001%\340\265\245\037\372=\336g\236\234\244"
 183      0125E0B5 
 183      A51FFA3D 
 183      DE679E9C 
 183      A4
 184 03e5 E43D928E 		.ascii	"\344=\222\216~\261\326UY\243\244\335J\227\373@\300\273"
 184      7EB1D655 
 184      59A3A4DD 
 184      4A97FB40 
 184      C0BB
 185 03f7 49B8EA23 		.ascii	"I\270\352#\247\0379\346@u\255\177\327zX\367a\377a\257"
 185      A71F39E6 
 185      4075AD7F 
 185      D77A58F7 
 185      61FF61AF 
 186 040b 7210B19B 		.ascii	"r\020\261\233\327r\234~_\300\3557\371\224\252]\377\002"
 186      D7729C7E 
 186      5FC0ED37 
 186      F994AA5D 
 186      FF02
 187 041d 9AB90E1C 		.ascii	"\232\271\016\034"
 188              		.text
 189              		.section	.gnu.lto_.symtab.20d40605,"",%progbits
 190 0000 54696D65 		.ascii	"Timer_2_SaveConfig\000"
 190      725F325F 
 190      53617665 
 190      436F6E66 
 190      696700
 191 0013 00       		.ascii	"\000"
 192 0014 00       		.ascii	"\000"
 193 0015 00       		.ascii	"\000"
 194 0016 00000000 		.ascii	"\000\000\000\000\000\000\000\000"
 194      00000000 
 195 001e AD000000 		.ascii	"\255\000\000\000"
 196 0022 54696D65 		.ascii	"Timer_2_RestoreConfig\000"
 196      725F325F 
 196      52657374 
 196      6F726543 
 196      6F6E6669 
 197 0038 00       		.ascii	"\000"
 198 0039 00       		.ascii	"\000"
 199 003a 00       		.ascii	"\000"
 200 003b 00000000 		.ascii	"\000\000\000\000\000\000\000\000"
 200      00000000 
 201 0043 AF000000 		.ascii	"\257\000\000\000"
 202 0047 54696D65 		.ascii	"Timer_2_Sleep\000"
 202      725F325F 
 202      536C6565 
 202      7000
 203 0055 00       		.ascii	"\000"
ARM GAS  C:\Users\elias\AppData\Local\Temp\ccTW8reI.s 			page 14


 204 0056 00       		.ascii	"\000"
 205 0057 00       		.ascii	"\000"
 206 0058 00000000 		.ascii	"\000\000\000\000\000\000\000\000"
 206      00000000 
 207 0060 B1000000 		.ascii	"\261\000\000\000"
 208 0064 54696D65 		.ascii	"Timer_2_Wakeup\000"
 208      725F325F 
 208      57616B65 
 208      757000
 209 0073 00       		.ascii	"\000"
 210 0074 00       		.ascii	"\000"
 211 0075 00       		.ascii	"\000"
 212 0076 00000000 		.ascii	"\000\000\000\000\000\000\000\000"
 212      00000000 
 213 007e B3000000 		.ascii	"\263\000\000\000"
 214 0082 54696D65 		.ascii	"Timer_2_Stop\000"
 214      725F325F 
 214      53746F70 
 214      00
 215 008f 00       		.ascii	"\000"
 216 0090 02       		.ascii	"\002"
 217 0091 00       		.ascii	"\000"
 218 0092 00000000 		.ascii	"\000\000\000\000\000\000\000\000"
 218      00000000 
 219 009a B5000000 		.ascii	"\265\000\000\000"
 220 009e 54696D65 		.ascii	"Timer_2_Enable\000"
 220      725F325F 
 220      456E6162 
 220      6C6500
 221 00ad 00       		.ascii	"\000"
 222 00ae 02       		.ascii	"\002"
 223 00af 00       		.ascii	"\000"
 224 00b0 00000000 		.ascii	"\000\000\000\000\000\000\000\000"
 224      00000000 
 225 00b8 B7000000 		.ascii	"\267\000\000\000"
 226              		.text
 227              		.section	.gnu.lto_.opts,"",%progbits
 228 0000 272D666D 		.ascii	"'-fmath-errno' '-fsigned-zeros' '-ftrapping-math' '"
 228      6174682D 
 228      6572726E 
 228      6F272027 
 228      2D667369 
 229 0033 2D666E6F 		.ascii	"-fno-trapv' '-fno-openmp' '-fno-openacc' '-mcpu=cor"
 229      2D747261 
 229      70762720 
 229      272D666E 
 229      6F2D6F70 
 230 0066 7465782D 		.ascii	"tex-m3' '-mthumb' '-g' '-O3' '-ffunction-sections' "
 230      6D332720 
 230      272D6D74 
 230      68756D62 
 230      2720272D 
 231 0099 272D6666 		.ascii	"'-ffat-lto-objects' '-finline-functions' '-flto'\000"
 231      61742D6C 
 231      746F2D6F 
 231      626A6563 
 231      74732720 
ARM GAS  C:\Users\elias\AppData\Local\Temp\ccTW8reI.s 			page 15


 232              		.text
 233              		.cfi_sections	.debug_frame
 234              		.section	.text.Timer_2_SaveConfig,"ax",%progbits
 235              		.align	2
 236              		.global	Timer_2_SaveConfig
 237              		.thumb
 238              		.thumb_func
 239              		.type	Timer_2_SaveConfig, %function
 240              	Timer_2_SaveConfig:
 241              	.LFB5:
 242              		.cfi_startproc
 243              		@ args = 0, pretend = 0, frame = 0
 244              		@ frame_needed = 0, uses_anonymous_args = 0
 245              		@ link register save eliminated.
 246 0000 7047     		bx	lr
 247              		.cfi_endproc
 248              	.LFE5:
 249              		.size	Timer_2_SaveConfig, .-Timer_2_SaveConfig
 250 0002 00BF     		.section	.text.Timer_2_RestoreConfig,"ax",%progbits
 251              		.align	2
 252              		.global	Timer_2_RestoreConfig
 253              		.thumb
 254              		.thumb_func
 255              		.type	Timer_2_RestoreConfig, %function
 256              	Timer_2_RestoreConfig:
 257              	.LFB1:
 258              		.file 1 "Generated_Source\\PSoC5\\Timer_2_PM.c"
   1:Generated_Source\PSoC5/Timer_2_PM.c **** /*******************************************************************************
   2:Generated_Source\PSoC5/Timer_2_PM.c **** * File Name: Timer_2_PM.c
   3:Generated_Source\PSoC5/Timer_2_PM.c **** * Version 2.80
   4:Generated_Source\PSoC5/Timer_2_PM.c **** *
   5:Generated_Source\PSoC5/Timer_2_PM.c **** *  Description:
   6:Generated_Source\PSoC5/Timer_2_PM.c **** *     This file provides the power management source code to API for the
   7:Generated_Source\PSoC5/Timer_2_PM.c **** *     Timer.
   8:Generated_Source\PSoC5/Timer_2_PM.c **** *
   9:Generated_Source\PSoC5/Timer_2_PM.c **** *   Note:
  10:Generated_Source\PSoC5/Timer_2_PM.c **** *     None
  11:Generated_Source\PSoC5/Timer_2_PM.c **** *
  12:Generated_Source\PSoC5/Timer_2_PM.c **** *******************************************************************************
  13:Generated_Source\PSoC5/Timer_2_PM.c **** * Copyright 2008-2017, Cypress Semiconductor Corporation.  All rights reserved.
  14:Generated_Source\PSoC5/Timer_2_PM.c **** * You may use this file only in accordance with the license, terms, conditions,
  15:Generated_Source\PSoC5/Timer_2_PM.c **** * disclaimers, and limitations in the end user license agreement accompanying
  16:Generated_Source\PSoC5/Timer_2_PM.c **** * the software package with which this file was provided.
  17:Generated_Source\PSoC5/Timer_2_PM.c **** ********************************************************************************/
  18:Generated_Source\PSoC5/Timer_2_PM.c **** 
  19:Generated_Source\PSoC5/Timer_2_PM.c **** #include "Timer_2.h"
  20:Generated_Source\PSoC5/Timer_2_PM.c **** 
  21:Generated_Source\PSoC5/Timer_2_PM.c **** static Timer_2_backupStruct Timer_2_backup;
  22:Generated_Source\PSoC5/Timer_2_PM.c **** 
  23:Generated_Source\PSoC5/Timer_2_PM.c **** 
  24:Generated_Source\PSoC5/Timer_2_PM.c **** /*******************************************************************************
  25:Generated_Source\PSoC5/Timer_2_PM.c **** * Function Name: Timer_2_SaveConfig
  26:Generated_Source\PSoC5/Timer_2_PM.c **** ********************************************************************************
  27:Generated_Source\PSoC5/Timer_2_PM.c **** *
  28:Generated_Source\PSoC5/Timer_2_PM.c **** * Summary:
  29:Generated_Source\PSoC5/Timer_2_PM.c **** *     Save the current user configuration
  30:Generated_Source\PSoC5/Timer_2_PM.c **** *
ARM GAS  C:\Users\elias\AppData\Local\Temp\ccTW8reI.s 			page 16


  31:Generated_Source\PSoC5/Timer_2_PM.c **** * Parameters:
  32:Generated_Source\PSoC5/Timer_2_PM.c **** *  void
  33:Generated_Source\PSoC5/Timer_2_PM.c **** *
  34:Generated_Source\PSoC5/Timer_2_PM.c **** * Return:
  35:Generated_Source\PSoC5/Timer_2_PM.c **** *  void
  36:Generated_Source\PSoC5/Timer_2_PM.c **** *
  37:Generated_Source\PSoC5/Timer_2_PM.c **** * Global variables:
  38:Generated_Source\PSoC5/Timer_2_PM.c **** *  Timer_2_backup:  Variables of this global structure are modified to
  39:Generated_Source\PSoC5/Timer_2_PM.c **** *  store the values of non retention configuration registers when Sleep() API is
  40:Generated_Source\PSoC5/Timer_2_PM.c **** *  called.
  41:Generated_Source\PSoC5/Timer_2_PM.c **** *
  42:Generated_Source\PSoC5/Timer_2_PM.c **** *******************************************************************************/
  43:Generated_Source\PSoC5/Timer_2_PM.c **** void Timer_2_SaveConfig(void) 
  44:Generated_Source\PSoC5/Timer_2_PM.c **** {
  45:Generated_Source\PSoC5/Timer_2_PM.c ****     #if (!Timer_2_UsingFixedFunction)
  46:Generated_Source\PSoC5/Timer_2_PM.c ****         Timer_2_backup.TimerUdb = Timer_2_ReadCounter();
  47:Generated_Source\PSoC5/Timer_2_PM.c ****         Timer_2_backup.InterruptMaskValue = Timer_2_STATUS_MASK;
  48:Generated_Source\PSoC5/Timer_2_PM.c ****         #if (Timer_2_UsingHWCaptureCounter)
  49:Generated_Source\PSoC5/Timer_2_PM.c ****             Timer_2_backup.TimerCaptureCounter = Timer_2_ReadCaptureCount();
  50:Generated_Source\PSoC5/Timer_2_PM.c ****         #endif /* Back Up capture counter register  */
  51:Generated_Source\PSoC5/Timer_2_PM.c **** 
  52:Generated_Source\PSoC5/Timer_2_PM.c ****         #if(!Timer_2_UDB_CONTROL_REG_REMOVED)
  53:Generated_Source\PSoC5/Timer_2_PM.c ****             Timer_2_backup.TimerControlRegister = Timer_2_ReadControlRegister();
  54:Generated_Source\PSoC5/Timer_2_PM.c ****         #endif /* Backup the enable state of the Timer component */
  55:Generated_Source\PSoC5/Timer_2_PM.c ****     #endif /* Backup non retention registers in UDB implementation. All fixed function registers ar
  56:Generated_Source\PSoC5/Timer_2_PM.c **** }
  57:Generated_Source\PSoC5/Timer_2_PM.c **** 
  58:Generated_Source\PSoC5/Timer_2_PM.c **** 
  59:Generated_Source\PSoC5/Timer_2_PM.c **** /*******************************************************************************
  60:Generated_Source\PSoC5/Timer_2_PM.c **** * Function Name: Timer_2_RestoreConfig
  61:Generated_Source\PSoC5/Timer_2_PM.c **** ********************************************************************************
  62:Generated_Source\PSoC5/Timer_2_PM.c **** *
  63:Generated_Source\PSoC5/Timer_2_PM.c **** * Summary:
  64:Generated_Source\PSoC5/Timer_2_PM.c **** *  Restores the current user configuration.
  65:Generated_Source\PSoC5/Timer_2_PM.c **** *
  66:Generated_Source\PSoC5/Timer_2_PM.c **** * Parameters:
  67:Generated_Source\PSoC5/Timer_2_PM.c **** *  void
  68:Generated_Source\PSoC5/Timer_2_PM.c **** *
  69:Generated_Source\PSoC5/Timer_2_PM.c **** * Return:
  70:Generated_Source\PSoC5/Timer_2_PM.c **** *  void
  71:Generated_Source\PSoC5/Timer_2_PM.c **** *
  72:Generated_Source\PSoC5/Timer_2_PM.c **** * Global variables:
  73:Generated_Source\PSoC5/Timer_2_PM.c **** *  Timer_2_backup:  Variables of this global structure are used to
  74:Generated_Source\PSoC5/Timer_2_PM.c **** *  restore the values of non retention registers on wakeup from sleep mode.
  75:Generated_Source\PSoC5/Timer_2_PM.c **** *
  76:Generated_Source\PSoC5/Timer_2_PM.c **** *******************************************************************************/
  77:Generated_Source\PSoC5/Timer_2_PM.c **** void Timer_2_RestoreConfig(void) 
  78:Generated_Source\PSoC5/Timer_2_PM.c **** {   
 259              		.loc 1 78 0
 260              		.cfi_startproc
 261              		@ args = 0, pretend = 0, frame = 0
 262              		@ frame_needed = 0, uses_anonymous_args = 0
 263              		@ link register save eliminated.
 264 0000 7047     		bx	lr
 265              		.cfi_endproc
 266              	.LFE1:
 267              		.size	Timer_2_RestoreConfig, .-Timer_2_RestoreConfig
ARM GAS  C:\Users\elias\AppData\Local\Temp\ccTW8reI.s 			page 17


 268 0002 00BF     		.section	.text.Timer_2_Sleep,"ax",%progbits
 269              		.align	2
 270              		.global	Timer_2_Sleep
 271              		.thumb
 272              		.thumb_func
 273              		.type	Timer_2_Sleep, %function
 274              	Timer_2_Sleep:
 275              	.LFB2:
  79:Generated_Source\PSoC5/Timer_2_PM.c ****     #if (!Timer_2_UsingFixedFunction)
  80:Generated_Source\PSoC5/Timer_2_PM.c **** 
  81:Generated_Source\PSoC5/Timer_2_PM.c ****         Timer_2_WriteCounter(Timer_2_backup.TimerUdb);
  82:Generated_Source\PSoC5/Timer_2_PM.c ****         Timer_2_STATUS_MASK =Timer_2_backup.InterruptMaskValue;
  83:Generated_Source\PSoC5/Timer_2_PM.c ****         #if (Timer_2_UsingHWCaptureCounter)
  84:Generated_Source\PSoC5/Timer_2_PM.c ****             Timer_2_SetCaptureCount(Timer_2_backup.TimerCaptureCounter);
  85:Generated_Source\PSoC5/Timer_2_PM.c ****         #endif /* Restore Capture counter register*/
  86:Generated_Source\PSoC5/Timer_2_PM.c **** 
  87:Generated_Source\PSoC5/Timer_2_PM.c ****         #if(!Timer_2_UDB_CONTROL_REG_REMOVED)
  88:Generated_Source\PSoC5/Timer_2_PM.c ****             Timer_2_WriteControlRegister(Timer_2_backup.TimerControlRegister);
  89:Generated_Source\PSoC5/Timer_2_PM.c ****         #endif /* Restore the enable state of the Timer component */
  90:Generated_Source\PSoC5/Timer_2_PM.c ****     #endif /* Restore non retention registers in the UDB implementation only */
  91:Generated_Source\PSoC5/Timer_2_PM.c **** }
  92:Generated_Source\PSoC5/Timer_2_PM.c **** 
  93:Generated_Source\PSoC5/Timer_2_PM.c **** 
  94:Generated_Source\PSoC5/Timer_2_PM.c **** /*******************************************************************************
  95:Generated_Source\PSoC5/Timer_2_PM.c **** * Function Name: Timer_2_Sleep
  96:Generated_Source\PSoC5/Timer_2_PM.c **** ********************************************************************************
  97:Generated_Source\PSoC5/Timer_2_PM.c **** *
  98:Generated_Source\PSoC5/Timer_2_PM.c **** * Summary:
  99:Generated_Source\PSoC5/Timer_2_PM.c **** *     Stop and Save the user configuration
 100:Generated_Source\PSoC5/Timer_2_PM.c **** *
 101:Generated_Source\PSoC5/Timer_2_PM.c **** * Parameters:
 102:Generated_Source\PSoC5/Timer_2_PM.c **** *  void
 103:Generated_Source\PSoC5/Timer_2_PM.c **** *
 104:Generated_Source\PSoC5/Timer_2_PM.c **** * Return:
 105:Generated_Source\PSoC5/Timer_2_PM.c **** *  void
 106:Generated_Source\PSoC5/Timer_2_PM.c **** *
 107:Generated_Source\PSoC5/Timer_2_PM.c **** * Global variables:
 108:Generated_Source\PSoC5/Timer_2_PM.c **** *  Timer_2_backup.TimerEnableState:  Is modified depending on the
 109:Generated_Source\PSoC5/Timer_2_PM.c **** *  enable state of the block before entering sleep mode.
 110:Generated_Source\PSoC5/Timer_2_PM.c **** *
 111:Generated_Source\PSoC5/Timer_2_PM.c **** *******************************************************************************/
 112:Generated_Source\PSoC5/Timer_2_PM.c **** void Timer_2_Sleep(void) 
 113:Generated_Source\PSoC5/Timer_2_PM.c **** {
 276              		.loc 1 113 0
 277              		.cfi_startproc
 278              		@ args = 0, pretend = 0, frame = 0
 279              		@ frame_needed = 0, uses_anonymous_args = 0
 280              		@ link register save eliminated.
 114:Generated_Source\PSoC5/Timer_2_PM.c ****     #if(!Timer_2_UDB_CONTROL_REG_REMOVED)
 115:Generated_Source\PSoC5/Timer_2_PM.c ****         /* Save Counter's enable state */
 116:Generated_Source\PSoC5/Timer_2_PM.c ****         if(Timer_2_CTRL_ENABLE == (Timer_2_CONTROL & Timer_2_CTRL_ENABLE))
 281              		.loc 1 116 0
 282 0000 034B     		ldr	r3, .L4
 283 0002 044A     		ldr	r2, .L4+4
 284 0004 1B78     		ldrb	r3, [r3]	@ zero_extendqisi2
 285 0006 03F00103 		and	r3, r3, #1
 286 000a 1370     		strb	r3, [r2]
ARM GAS  C:\Users\elias\AppData\Local\Temp\ccTW8reI.s 			page 18


 117:Generated_Source\PSoC5/Timer_2_PM.c ****         {
 118:Generated_Source\PSoC5/Timer_2_PM.c ****             /* Timer is enabled */
 119:Generated_Source\PSoC5/Timer_2_PM.c ****             Timer_2_backup.TimerEnableState = 1u;
 120:Generated_Source\PSoC5/Timer_2_PM.c ****         }
 121:Generated_Source\PSoC5/Timer_2_PM.c ****         else
 122:Generated_Source\PSoC5/Timer_2_PM.c ****         {
 123:Generated_Source\PSoC5/Timer_2_PM.c ****             /* Timer is disabled */
 124:Generated_Source\PSoC5/Timer_2_PM.c ****             Timer_2_backup.TimerEnableState = 0u;
 125:Generated_Source\PSoC5/Timer_2_PM.c ****         }
 126:Generated_Source\PSoC5/Timer_2_PM.c ****     #endif /* Back up enable state from the Timer control register */
 127:Generated_Source\PSoC5/Timer_2_PM.c ****     Timer_2_Stop();
 287              		.loc 1 127 0
 288 000c FFF7FEBF 		b	Timer_2_Stop
 289              	.LVL0:
 290              	.L5:
 291              		.align	2
 292              	.L4:
 293 0010 184F0040 		.word	1073762072
 294 0014 00000000 		.word	.LANCHOR0
 295              		.cfi_endproc
 296              	.LFE2:
 297              		.size	Timer_2_Sleep, .-Timer_2_Sleep
 298              		.section	.text.Timer_2_Wakeup,"ax",%progbits
 299              		.align	2
 300              		.global	Timer_2_Wakeup
 301              		.thumb
 302              		.thumb_func
 303              		.type	Timer_2_Wakeup, %function
 304              	Timer_2_Wakeup:
 305              	.LFB3:
 128:Generated_Source\PSoC5/Timer_2_PM.c ****     Timer_2_SaveConfig();
 129:Generated_Source\PSoC5/Timer_2_PM.c **** }
 130:Generated_Source\PSoC5/Timer_2_PM.c **** 
 131:Generated_Source\PSoC5/Timer_2_PM.c **** 
 132:Generated_Source\PSoC5/Timer_2_PM.c **** /*******************************************************************************
 133:Generated_Source\PSoC5/Timer_2_PM.c **** * Function Name: Timer_2_Wakeup
 134:Generated_Source\PSoC5/Timer_2_PM.c **** ********************************************************************************
 135:Generated_Source\PSoC5/Timer_2_PM.c **** *
 136:Generated_Source\PSoC5/Timer_2_PM.c **** * Summary:
 137:Generated_Source\PSoC5/Timer_2_PM.c **** *  Restores and enables the user configuration
 138:Generated_Source\PSoC5/Timer_2_PM.c **** *
 139:Generated_Source\PSoC5/Timer_2_PM.c **** * Parameters:
 140:Generated_Source\PSoC5/Timer_2_PM.c **** *  void
 141:Generated_Source\PSoC5/Timer_2_PM.c **** *
 142:Generated_Source\PSoC5/Timer_2_PM.c **** * Return:
 143:Generated_Source\PSoC5/Timer_2_PM.c **** *  void
 144:Generated_Source\PSoC5/Timer_2_PM.c **** *
 145:Generated_Source\PSoC5/Timer_2_PM.c **** * Global variables:
 146:Generated_Source\PSoC5/Timer_2_PM.c **** *  Timer_2_backup.enableState:  Is used to restore the enable state of
 147:Generated_Source\PSoC5/Timer_2_PM.c **** *  block on wakeup from sleep mode.
 148:Generated_Source\PSoC5/Timer_2_PM.c **** *
 149:Generated_Source\PSoC5/Timer_2_PM.c **** *******************************************************************************/
 150:Generated_Source\PSoC5/Timer_2_PM.c **** void Timer_2_Wakeup(void) 
 151:Generated_Source\PSoC5/Timer_2_PM.c **** {
 306              		.loc 1 151 0
 307              		.cfi_startproc
 308              		@ args = 0, pretend = 0, frame = 0
ARM GAS  C:\Users\elias\AppData\Local\Temp\ccTW8reI.s 			page 19


 309              		@ frame_needed = 0, uses_anonymous_args = 0
 310              		@ link register save eliminated.
 152:Generated_Source\PSoC5/Timer_2_PM.c ****     Timer_2_RestoreConfig();
 153:Generated_Source\PSoC5/Timer_2_PM.c ****     #if(!Timer_2_UDB_CONTROL_REG_REMOVED)
 154:Generated_Source\PSoC5/Timer_2_PM.c ****         if(Timer_2_backup.TimerEnableState == 1u)
 311              		.loc 1 154 0
 312 0000 034B     		ldr	r3, .L10
 313 0002 1B78     		ldrb	r3, [r3]	@ zero_extendqisi2
 314 0004 012B     		cmp	r3, #1
 315 0006 00D0     		beq	.L9
 316 0008 7047     		bx	lr
 317              	.L9:
 155:Generated_Source\PSoC5/Timer_2_PM.c ****         {     /* Enable Timer's operation */
 156:Generated_Source\PSoC5/Timer_2_PM.c ****                 Timer_2_Enable();
 318              		.loc 1 156 0
 319 000a FFF7FEBF 		b	Timer_2_Enable
 320              	.LVL1:
 321              	.L11:
 322 000e 00BF     		.align	2
 323              	.L10:
 324 0010 00000000 		.word	.LANCHOR0
 325              		.cfi_endproc
 326              	.LFE3:
 327              		.size	Timer_2_Wakeup, .-Timer_2_Wakeup
 328              		.bss
 329              		.align	2
 330              		.set	.LANCHOR0,. + 0
 331              		.type	Timer_2_backup, %object
 332              		.size	Timer_2_backup, 1
 333              	Timer_2_backup:
 334 0000 00       		.space	1
 335              		.text
 336              	.Letext0:
 337              		.file 2 "Generated_Source\\PSoC5\\cytypes.h"
 338              		.file 3 "Generated_Source\\PSoC5\\Timer_2.h"
 339              		.section	.debug_info,"",%progbits
 340              	.Ldebug_info0:
 341 0000 4C010000 		.4byte	0x14c
 342 0004 0400     		.2byte	0x4
 343 0006 00000000 		.4byte	.Ldebug_abbrev0
 344 000a 04       		.byte	0x4
 345 000b 01       		.uleb128 0x1
 346 000c AB010000 		.4byte	.LASF23
 347 0010 0C       		.byte	0xc
 348 0011 F8000000 		.4byte	.LASF24
 349 0015 91000000 		.4byte	.LASF25
 350 0019 00000000 		.4byte	.Ldebug_ranges0+0
 351 001d 00000000 		.4byte	0
 352 0021 00000000 		.4byte	.Ldebug_line0
 353 0025 02       		.uleb128 0x2
 354 0026 01       		.byte	0x1
 355 0027 06       		.byte	0x6
 356 0028 42010000 		.4byte	.LASF0
 357 002c 02       		.uleb128 0x2
 358 002d 01       		.byte	0x1
 359 002e 08       		.byte	0x8
 360 002f DC000000 		.4byte	.LASF1
ARM GAS  C:\Users\elias\AppData\Local\Temp\ccTW8reI.s 			page 20


 361 0033 02       		.uleb128 0x2
 362 0034 02       		.byte	0x2
 363 0035 05       		.byte	0x5
 364 0036 80010000 		.4byte	.LASF2
 365 003a 02       		.uleb128 0x2
 366 003b 02       		.byte	0x2
 367 003c 07       		.byte	0x7
 368 003d 2F010000 		.4byte	.LASF3
 369 0041 02       		.uleb128 0x2
 370 0042 04       		.byte	0x4
 371 0043 05       		.byte	0x5
 372 0044 EF000000 		.4byte	.LASF4
 373 0048 02       		.uleb128 0x2
 374 0049 04       		.byte	0x4
 375 004a 07       		.byte	0x7
 376 004b 54000000 		.4byte	.LASF5
 377 004f 02       		.uleb128 0x2
 378 0050 08       		.byte	0x8
 379 0051 05       		.byte	0x5
 380 0052 00000000 		.4byte	.LASF6
 381 0056 02       		.uleb128 0x2
 382 0057 08       		.byte	0x8
 383 0058 07       		.byte	0x7
 384 0059 66000000 		.4byte	.LASF7
 385 005d 03       		.uleb128 0x3
 386 005e 04       		.byte	0x4
 387 005f 05       		.byte	0x5
 388 0060 696E7400 		.ascii	"int\000"
 389 0064 02       		.uleb128 0x2
 390 0065 04       		.byte	0x4
 391 0066 07       		.byte	0x7
 392 0067 0E000000 		.4byte	.LASF8
 393 006b 04       		.uleb128 0x4
 394 006c 4E000000 		.4byte	.LASF12
 395 0070 02       		.byte	0x2
 396 0071 E901     		.2byte	0x1e9
 397 0073 2C000000 		.4byte	0x2c
 398 0077 02       		.uleb128 0x2
 399 0078 04       		.byte	0x4
 400 0079 04       		.byte	0x4
 401 007a 8B000000 		.4byte	.LASF9
 402 007e 02       		.uleb128 0x2
 403 007f 08       		.byte	0x8
 404 0080 04       		.byte	0x4
 405 0081 1C010000 		.4byte	.LASF10
 406 0085 02       		.uleb128 0x2
 407 0086 01       		.byte	0x1
 408 0087 08       		.byte	0x8
 409 0088 EA000000 		.4byte	.LASF11
 410 008c 04       		.uleb128 0x4
 411 008d 8A010000 		.4byte	.LASF13
 412 0091 02       		.byte	0x2
 413 0092 9302     		.2byte	0x293
 414 0094 98000000 		.4byte	0x98
 415 0098 05       		.uleb128 0x5
 416 0099 6B000000 		.4byte	0x6b
 417 009d 02       		.uleb128 0x2
ARM GAS  C:\Users\elias\AppData\Local\Temp\ccTW8reI.s 			page 21


 418 009e 08       		.byte	0x8
 419 009f 04       		.byte	0x4
 420 00a0 23010000 		.4byte	.LASF14
 421 00a4 02       		.uleb128 0x2
 422 00a5 04       		.byte	0x4
 423 00a6 07       		.byte	0x7
 424 00a7 77010000 		.4byte	.LASF15
 425 00ab 06       		.uleb128 0x6
 426 00ac 01       		.byte	0x1
 427 00ad 03       		.byte	0x3
 428 00ae 43       		.byte	0x43
 429 00af C0000000 		.4byte	0xc0
 430 00b3 07       		.uleb128 0x7
 431 00b4 CB000000 		.4byte	.LASF26
 432 00b8 03       		.byte	0x3
 433 00b9 45       		.byte	0x45
 434 00ba 6B000000 		.4byte	0x6b
 435 00be 00       		.byte	0
 436 00bf 00       		.byte	0
 437 00c0 08       		.uleb128 0x8
 438 00c1 39000000 		.4byte	.LASF16
 439 00c5 03       		.byte	0x3
 440 00c6 53       		.byte	0x53
 441 00c7 AB000000 		.4byte	0xab
 442 00cb 09       		.uleb128 0x9
 443 00cc 64010000 		.4byte	.LASF17
 444 00d0 01       		.byte	0x1
 445 00d1 2B       		.byte	0x2b
 446 00d2 01       		.byte	0x1
 447 00d3 09       		.uleb128 0x9
 448 00d4 4E010000 		.4byte	.LASF18
 449 00d8 01       		.byte	0x1
 450 00d9 4D       		.byte	0x4d
 451 00da 01       		.byte	0x1
 452 00db 0A       		.uleb128 0xa
 453 00dc D3000000 		.4byte	0xd3
 454 00e0 00000000 		.4byte	.LFB1
 455 00e4 02000000 		.4byte	.LFE1-.LFB1
 456 00e8 01       		.uleb128 0x1
 457 00e9 9C       		.byte	0x9c
 458 00ea 0B       		.uleb128 0xb
 459 00eb 7D000000 		.4byte	.LASF19
 460 00ef 01       		.byte	0x1
 461 00f0 70       		.byte	0x70
 462 00f1 00000000 		.4byte	.LFB2
 463 00f5 18000000 		.4byte	.LFE2-.LFB2
 464 00f9 01       		.uleb128 0x1
 465 00fa 9C       		.byte	0x9c
 466 00fb 09010000 		.4byte	0x109
 467 00ff 0C       		.uleb128 0xc
 468 0100 10000000 		.4byte	.LVL0
 469 0104 39010000 		.4byte	0x139
 470 0108 00       		.byte	0
 471 0109 0B       		.uleb128 0xb
 472 010a 9C010000 		.4byte	.LASF20
 473 010e 01       		.byte	0x1
 474 010f 96       		.byte	0x96
ARM GAS  C:\Users\elias\AppData\Local\Temp\ccTW8reI.s 			page 22


 475 0110 00000000 		.4byte	.LFB3
 476 0114 14000000 		.4byte	.LFE3-.LFB3
 477 0118 01       		.uleb128 0x1
 478 0119 9C       		.byte	0x9c
 479 011a 28010000 		.4byte	0x128
 480 011e 0C       		.uleb128 0xc
 481 011f 0E000000 		.4byte	.LVL1
 482 0123 44010000 		.4byte	0x144
 483 0127 00       		.byte	0
 484 0128 0D       		.uleb128 0xd
 485 0129 2A000000 		.4byte	.LASF27
 486 012d 01       		.byte	0x1
 487 012e 15       		.byte	0x15
 488 012f C0000000 		.4byte	0xc0
 489 0133 05       		.uleb128 0x5
 490 0134 03       		.byte	0x3
 491 0135 00000000 		.4byte	Timer_2_backup
 492 0139 0E       		.uleb128 0xe
 493 013a 8F010000 		.4byte	.LASF21
 494 013e 8F010000 		.4byte	.LASF21
 495 0142 03       		.byte	0x3
 496 0143 5B       		.byte	0x5b
 497 0144 0E       		.uleb128 0xe
 498 0145 1B000000 		.4byte	.LASF22
 499 0149 1B000000 		.4byte	.LASF22
 500 014d 03       		.byte	0x3
 501 014e 8B       		.byte	0x8b
 502 014f 00       		.byte	0
 503              		.section	.debug_abbrev,"",%progbits
 504              	.Ldebug_abbrev0:
 505 0000 01       		.uleb128 0x1
 506 0001 11       		.uleb128 0x11
 507 0002 01       		.byte	0x1
 508 0003 25       		.uleb128 0x25
 509 0004 0E       		.uleb128 0xe
 510 0005 13       		.uleb128 0x13
 511 0006 0B       		.uleb128 0xb
 512 0007 03       		.uleb128 0x3
 513 0008 0E       		.uleb128 0xe
 514 0009 1B       		.uleb128 0x1b
 515 000a 0E       		.uleb128 0xe
 516 000b 55       		.uleb128 0x55
 517 000c 17       		.uleb128 0x17
 518 000d 11       		.uleb128 0x11
 519 000e 01       		.uleb128 0x1
 520 000f 10       		.uleb128 0x10
 521 0010 17       		.uleb128 0x17
 522 0011 00       		.byte	0
 523 0012 00       		.byte	0
 524 0013 02       		.uleb128 0x2
 525 0014 24       		.uleb128 0x24
 526 0015 00       		.byte	0
 527 0016 0B       		.uleb128 0xb
 528 0017 0B       		.uleb128 0xb
 529 0018 3E       		.uleb128 0x3e
 530 0019 0B       		.uleb128 0xb
 531 001a 03       		.uleb128 0x3
ARM GAS  C:\Users\elias\AppData\Local\Temp\ccTW8reI.s 			page 23


 532 001b 0E       		.uleb128 0xe
 533 001c 00       		.byte	0
 534 001d 00       		.byte	0
 535 001e 03       		.uleb128 0x3
 536 001f 24       		.uleb128 0x24
 537 0020 00       		.byte	0
 538 0021 0B       		.uleb128 0xb
 539 0022 0B       		.uleb128 0xb
 540 0023 3E       		.uleb128 0x3e
 541 0024 0B       		.uleb128 0xb
 542 0025 03       		.uleb128 0x3
 543 0026 08       		.uleb128 0x8
 544 0027 00       		.byte	0
 545 0028 00       		.byte	0
 546 0029 04       		.uleb128 0x4
 547 002a 16       		.uleb128 0x16
 548 002b 00       		.byte	0
 549 002c 03       		.uleb128 0x3
 550 002d 0E       		.uleb128 0xe
 551 002e 3A       		.uleb128 0x3a
 552 002f 0B       		.uleb128 0xb
 553 0030 3B       		.uleb128 0x3b
 554 0031 05       		.uleb128 0x5
 555 0032 49       		.uleb128 0x49
 556 0033 13       		.uleb128 0x13
 557 0034 00       		.byte	0
 558 0035 00       		.byte	0
 559 0036 05       		.uleb128 0x5
 560 0037 35       		.uleb128 0x35
 561 0038 00       		.byte	0
 562 0039 49       		.uleb128 0x49
 563 003a 13       		.uleb128 0x13
 564 003b 00       		.byte	0
 565 003c 00       		.byte	0
 566 003d 06       		.uleb128 0x6
 567 003e 13       		.uleb128 0x13
 568 003f 01       		.byte	0x1
 569 0040 0B       		.uleb128 0xb
 570 0041 0B       		.uleb128 0xb
 571 0042 3A       		.uleb128 0x3a
 572 0043 0B       		.uleb128 0xb
 573 0044 3B       		.uleb128 0x3b
 574 0045 0B       		.uleb128 0xb
 575 0046 01       		.uleb128 0x1
 576 0047 13       		.uleb128 0x13
 577 0048 00       		.byte	0
 578 0049 00       		.byte	0
 579 004a 07       		.uleb128 0x7
 580 004b 0D       		.uleb128 0xd
 581 004c 00       		.byte	0
 582 004d 03       		.uleb128 0x3
 583 004e 0E       		.uleb128 0xe
 584 004f 3A       		.uleb128 0x3a
 585 0050 0B       		.uleb128 0xb
 586 0051 3B       		.uleb128 0x3b
 587 0052 0B       		.uleb128 0xb
 588 0053 49       		.uleb128 0x49
ARM GAS  C:\Users\elias\AppData\Local\Temp\ccTW8reI.s 			page 24


 589 0054 13       		.uleb128 0x13
 590 0055 38       		.uleb128 0x38
 591 0056 0B       		.uleb128 0xb
 592 0057 00       		.byte	0
 593 0058 00       		.byte	0
 594 0059 08       		.uleb128 0x8
 595 005a 16       		.uleb128 0x16
 596 005b 00       		.byte	0
 597 005c 03       		.uleb128 0x3
 598 005d 0E       		.uleb128 0xe
 599 005e 3A       		.uleb128 0x3a
 600 005f 0B       		.uleb128 0xb
 601 0060 3B       		.uleb128 0x3b
 602 0061 0B       		.uleb128 0xb
 603 0062 49       		.uleb128 0x49
 604 0063 13       		.uleb128 0x13
 605 0064 00       		.byte	0
 606 0065 00       		.byte	0
 607 0066 09       		.uleb128 0x9
 608 0067 2E       		.uleb128 0x2e
 609 0068 00       		.byte	0
 610 0069 3F       		.uleb128 0x3f
 611 006a 19       		.uleb128 0x19
 612 006b 03       		.uleb128 0x3
 613 006c 0E       		.uleb128 0xe
 614 006d 3A       		.uleb128 0x3a
 615 006e 0B       		.uleb128 0xb
 616 006f 3B       		.uleb128 0x3b
 617 0070 0B       		.uleb128 0xb
 618 0071 27       		.uleb128 0x27
 619 0072 19       		.uleb128 0x19
 620 0073 20       		.uleb128 0x20
 621 0074 0B       		.uleb128 0xb
 622 0075 00       		.byte	0
 623 0076 00       		.byte	0
 624 0077 0A       		.uleb128 0xa
 625 0078 2E       		.uleb128 0x2e
 626 0079 00       		.byte	0
 627 007a 31       		.uleb128 0x31
 628 007b 13       		.uleb128 0x13
 629 007c 11       		.uleb128 0x11
 630 007d 01       		.uleb128 0x1
 631 007e 12       		.uleb128 0x12
 632 007f 06       		.uleb128 0x6
 633 0080 40       		.uleb128 0x40
 634 0081 18       		.uleb128 0x18
 635 0082 9742     		.uleb128 0x2117
 636 0084 19       		.uleb128 0x19
 637 0085 00       		.byte	0
 638 0086 00       		.byte	0
 639 0087 0B       		.uleb128 0xb
 640 0088 2E       		.uleb128 0x2e
 641 0089 01       		.byte	0x1
 642 008a 3F       		.uleb128 0x3f
 643 008b 19       		.uleb128 0x19
 644 008c 03       		.uleb128 0x3
 645 008d 0E       		.uleb128 0xe
ARM GAS  C:\Users\elias\AppData\Local\Temp\ccTW8reI.s 			page 25


 646 008e 3A       		.uleb128 0x3a
 647 008f 0B       		.uleb128 0xb
 648 0090 3B       		.uleb128 0x3b
 649 0091 0B       		.uleb128 0xb
 650 0092 27       		.uleb128 0x27
 651 0093 19       		.uleb128 0x19
 652 0094 11       		.uleb128 0x11
 653 0095 01       		.uleb128 0x1
 654 0096 12       		.uleb128 0x12
 655 0097 06       		.uleb128 0x6
 656 0098 40       		.uleb128 0x40
 657 0099 18       		.uleb128 0x18
 658 009a 9742     		.uleb128 0x2117
 659 009c 19       		.uleb128 0x19
 660 009d 01       		.uleb128 0x1
 661 009e 13       		.uleb128 0x13
 662 009f 00       		.byte	0
 663 00a0 00       		.byte	0
 664 00a1 0C       		.uleb128 0xc
 665 00a2 898201   		.uleb128 0x4109
 666 00a5 00       		.byte	0
 667 00a6 11       		.uleb128 0x11
 668 00a7 01       		.uleb128 0x1
 669 00a8 9542     		.uleb128 0x2115
 670 00aa 19       		.uleb128 0x19
 671 00ab 31       		.uleb128 0x31
 672 00ac 13       		.uleb128 0x13
 673 00ad 00       		.byte	0
 674 00ae 00       		.byte	0
 675 00af 0D       		.uleb128 0xd
 676 00b0 34       		.uleb128 0x34
 677 00b1 00       		.byte	0
 678 00b2 03       		.uleb128 0x3
 679 00b3 0E       		.uleb128 0xe
 680 00b4 3A       		.uleb128 0x3a
 681 00b5 0B       		.uleb128 0xb
 682 00b6 3B       		.uleb128 0x3b
 683 00b7 0B       		.uleb128 0xb
 684 00b8 49       		.uleb128 0x49
 685 00b9 13       		.uleb128 0x13
 686 00ba 02       		.uleb128 0x2
 687 00bb 18       		.uleb128 0x18
 688 00bc 00       		.byte	0
 689 00bd 00       		.byte	0
 690 00be 0E       		.uleb128 0xe
 691 00bf 2E       		.uleb128 0x2e
 692 00c0 00       		.byte	0
 693 00c1 3F       		.uleb128 0x3f
 694 00c2 19       		.uleb128 0x19
 695 00c3 3C       		.uleb128 0x3c
 696 00c4 19       		.uleb128 0x19
 697 00c5 6E       		.uleb128 0x6e
 698 00c6 0E       		.uleb128 0xe
 699 00c7 03       		.uleb128 0x3
 700 00c8 0E       		.uleb128 0xe
 701 00c9 3A       		.uleb128 0x3a
 702 00ca 0B       		.uleb128 0xb
ARM GAS  C:\Users\elias\AppData\Local\Temp\ccTW8reI.s 			page 26


 703 00cb 3B       		.uleb128 0x3b
 704 00cc 0B       		.uleb128 0xb
 705 00cd 00       		.byte	0
 706 00ce 00       		.byte	0
 707 00cf 00       		.byte	0
 708              		.section	.debug_aranges,"",%progbits
 709 0000 2C000000 		.4byte	0x2c
 710 0004 0200     		.2byte	0x2
 711 0006 00000000 		.4byte	.Ldebug_info0
 712 000a 04       		.byte	0x4
 713 000b 00       		.byte	0
 714 000c 0000     		.2byte	0
 715 000e 0000     		.2byte	0
 716 0010 00000000 		.4byte	.LFB1
 717 0014 02000000 		.4byte	.LFE1-.LFB1
 718 0018 00000000 		.4byte	.LFB2
 719 001c 18000000 		.4byte	.LFE2-.LFB2
 720 0020 00000000 		.4byte	.LFB3
 721 0024 14000000 		.4byte	.LFE3-.LFB3
 722 0028 00000000 		.4byte	0
 723 002c 00000000 		.4byte	0
 724              		.section	.debug_ranges,"",%progbits
 725              	.Ldebug_ranges0:
 726 0000 00000000 		.4byte	.LFB1
 727 0004 02000000 		.4byte	.LFE1
 728 0008 00000000 		.4byte	.LFB2
 729 000c 18000000 		.4byte	.LFE2
 730 0010 00000000 		.4byte	.LFB3
 731 0014 14000000 		.4byte	.LFE3
 732 0018 00000000 		.4byte	0
 733 001c 00000000 		.4byte	0
 734              		.section	.debug_line,"",%progbits
 735              	.Ldebug_line0:
 736 0000 90000000 		.section	.debug_str,"MS",%progbits,1
 736      02005400 
 736      00000201 
 736      FB0E0D00 
 736      01010101 
 737              	.LASF6:
 738 0000 6C6F6E67 		.ascii	"long long int\000"
 738      206C6F6E 
 738      6720696E 
 738      7400
 739              	.LASF8:
 740 000e 756E7369 		.ascii	"unsigned int\000"
 740      676E6564 
 740      20696E74 
 740      00
 741              	.LASF22:
 742 001b 54696D65 		.ascii	"Timer_2_Enable\000"
 742      725F325F 
 742      456E6162 
 742      6C6500
 743              	.LASF27:
 744 002a 54696D65 		.ascii	"Timer_2_backup\000"
 744      725F325F 
 744      6261636B 
ARM GAS  C:\Users\elias\AppData\Local\Temp\ccTW8reI.s 			page 27


 744      757000
 745              	.LASF16:
 746 0039 54696D65 		.ascii	"Timer_2_backupStruct\000"
 746      725F325F 
 746      6261636B 
 746      75705374 
 746      72756374 
 747              	.LASF12:
 748 004e 75696E74 		.ascii	"uint8\000"
 748      3800
 749              	.LASF5:
 750 0054 6C6F6E67 		.ascii	"long unsigned int\000"
 750      20756E73 
 750      69676E65 
 750      6420696E 
 750      7400
 751              	.LASF7:
 752 0066 6C6F6E67 		.ascii	"long long unsigned int\000"
 752      206C6F6E 
 752      6720756E 
 752      7369676E 
 752      65642069 
 753              	.LASF19:
 754 007d 54696D65 		.ascii	"Timer_2_Sleep\000"
 754      725F325F 
 754      536C6565 
 754      7000
 755              	.LASF9:
 756 008b 666C6F61 		.ascii	"float\000"
 756      7400
 757              	.LASF25:
 758 0091 433A5C47 		.ascii	"C:\\Github\\Tesis\\src\\psoc\\AcondicionamientoAnal"
 758      69746875 
 758      625C5465 
 758      7369735C 
 758      7372635C 
 759 00bf 6F676963 		.ascii	"ogico.cydsn\000"
 759      6F2E6379 
 759      64736E00 
 760              	.LASF26:
 761 00cb 54696D65 		.ascii	"TimerEnableState\000"
 761      72456E61 
 761      626C6553 
 761      74617465 
 761      00
 762              	.LASF1:
 763 00dc 756E7369 		.ascii	"unsigned char\000"
 763      676E6564 
 763      20636861 
 763      7200
 764              	.LASF11:
 765 00ea 63686172 		.ascii	"char\000"
 765      00
 766              	.LASF4:
 767 00ef 6C6F6E67 		.ascii	"long int\000"
 767      20696E74 
 767      00
ARM GAS  C:\Users\elias\AppData\Local\Temp\ccTW8reI.s 			page 28


 768              	.LASF24:
 769 00f8 47656E65 		.ascii	"Generated_Source\\PSoC5\\Timer_2_PM.c\000"
 769      72617465 
 769      645F536F 
 769      75726365 
 769      5C50536F 
 770              	.LASF10:
 771 011c 646F7562 		.ascii	"double\000"
 771      6C6500
 772              	.LASF14:
 773 0123 6C6F6E67 		.ascii	"long double\000"
 773      20646F75 
 773      626C6500 
 774              	.LASF3:
 775 012f 73686F72 		.ascii	"short unsigned int\000"
 775      7420756E 
 775      7369676E 
 775      65642069 
 775      6E7400
 776              	.LASF0:
 777 0142 7369676E 		.ascii	"signed char\000"
 777      65642063 
 777      68617200 
 778              	.LASF18:
 779 014e 54696D65 		.ascii	"Timer_2_RestoreConfig\000"
 779      725F325F 
 779      52657374 
 779      6F726543 
 779      6F6E6669 
 780              	.LASF17:
 781 0164 54696D65 		.ascii	"Timer_2_SaveConfig\000"
 781      725F325F 
 781      53617665 
 781      436F6E66 
 781      696700
 782              	.LASF15:
 783 0177 73697A65 		.ascii	"sizetype\000"
 783      74797065 
 783      00
 784              	.LASF2:
 785 0180 73686F72 		.ascii	"short int\000"
 785      7420696E 
 785      7400
 786              	.LASF13:
 787 018a 72656738 		.ascii	"reg8\000"
 787      00
 788              	.LASF21:
 789 018f 54696D65 		.ascii	"Timer_2_Stop\000"
 789      725F325F 
 789      53746F70 
 789      00
 790              	.LASF20:
 791 019c 54696D65 		.ascii	"Timer_2_Wakeup\000"
 791      725F325F 
 791      57616B65 
 791      757000
 792              	.LASF23:
ARM GAS  C:\Users\elias\AppData\Local\Temp\ccTW8reI.s 			page 29


 793 01ab 474E5520 		.ascii	"GNU C11 5.4.1 20160609 (release) [ARM/embedded-5-br"
 793      43313120 
 793      352E342E 
 793      31203230 
 793      31363036 
 794 01de 616E6368 		.ascii	"anch revision 237715] -mcpu=cortex-m3 -mthumb -g -O"
 794      20726576 
 794      6973696F 
 794      6E203233 
 794      37373135 
 795 0211 33202D66 		.ascii	"3 -ffunction-sections -ffat-lto-objects -finline-fu"
 795      66756E63 
 795      74696F6E 
 795      2D736563 
 795      74696F6E 
 796 0244 6E637469 		.ascii	"nctions -flto\000"
 796      6F6E7320 
 796      2D666C74 
 796      6F00
 797              		.comm	__gnu_lto_v1,1,1
 798              		.ident	"GCC: (GNU Tools for ARM Embedded Processors) 5.4.1 20160609 (release) [ARM/embedded-5-bran
