ARM GAS  C:\Users\elias\AppData\Local\Temp\ccDKKgZ6.s 			page 1


   1              		.syntax unified
   2              		.cpu cortex-m3
   3              		.fpu softvfp
   4              		.eabi_attribute 20, 1
   5              		.eabi_attribute 21, 1
   6              		.eabi_attribute 23, 3
   7              		.eabi_attribute 24, 1
   8              		.eabi_attribute 25, 1
   9              		.eabi_attribute 26, 1
  10              		.eabi_attribute 30, 2
  11              		.eabi_attribute 34, 1
  12              		.eabi_attribute 18, 4
  13              		.thumb
  14              		.syntax unified
  15              		.file	"Tmr_UartRxWatchdog_PM.c"
  16              		.text
  17              	.Ltext0:
  18              		.section	.gnu.lto_.profile.4d82a7c1,"",%progbits
  19 0000 789C6361 		.ascii	"x\234ca`d`a`\000\222\252\374\000\000\303\000?"
  19      60646061 
  19      600092AA 
  19      FC0000C3 
  19      003F
  20              		.text
  21              		.section	.gnu.lto_.icf.4d82a7c1,"",%progbits
  22 0000 789C6361 		.ascii	"x\234ca`d\000\001\005\006\004`eX?\363A\013\023#\230"
  22      60640001 
  22      05060460 
  22      65583FF3 
  22      410B1323 
  23 0015 647A7871 		.ascii	"dzxq\315-V\346I\333\027\337ef\371\265xV\027+\003\000"
  23      CD2D56E6 
  23      49DB17DF 
  23      6566F9B5 
  23      7856172B 
  24 002b F03C0E60 		.ascii	"\360<\016`"
  25              		.text
  26              		.section	.gnu.lto_.jmpfuncs.4d82a7c1,"",%progbits
  27 0000 789C6361 		.ascii	"x\234ca`d\000\001\001\006\004`\001b\240(\023\224\311"
  27      60640001 
  27      01060460 
  27      0162A028 
  27      1394C9
  28 0013 00000308 		.ascii	"\000\000\003\010\000!"
  28      0021
  29              		.text
  30              		.section	.gnu.lto_.inline.4d82a7c1,"",%progbits
  31 0000 789C6361 		.ascii	"x\234ca`d\000\2010\006\004`a``fbd`\0022\331\026\310"
  31      60640081 
  31      30060460 
  31      61606066 
  31      62646002 
  32 0018 8328A022 		.ascii	"\203(\240\"t\021&\006.A\240\010\317\004?\204\".\260"
  32      74112606 
  32      2E41A008 
  32      CF043F84 
  32      222EB0
ARM GAS  C:\Users\elias\AppData\Local\Temp\ccDKKgZ6.s 			page 2


  33 002b 667676A0 		.ascii	"fvv\2408\333\007=Tq\006\000\366\220\005\346"
  33      38DB073D 
  33      54710600 
  33      F69005E6 
  34              		.text
  35              		.section	.gnu.lto_.pureconst.4d82a7c1,"",%progbits
  36 0000 789C6361 		.ascii	"x\234ca`d\340d```a\0002\230\244X$\000\001y\000L"
  36      6064E064 
  36      60606061 
  36      003298A4 
  36      58240001 
  37              		.text
  38              		.section	.gnu.lto_Tmr_UartRxWatchdog_SaveConfig.4d82a7c1,"",%progbits
  39 0000 789C6361 		.ascii	"x\234ca`d\000\201j 6\004bi fdf`d\232p\216\201\241\221"
  39      60640081 
  39      6A203604 
  39      62692066 
  39      64666064 
  40 001a 83899111 		.ascii	"\203\211\221\021\304h\340`d\250gb\254g\374\312\364\227"
  40      C468E060 
  40      64A86762 
  40      AC67FCCA 
  40      F497
  41 002c 89F150FB 		.ascii	"\211\361P\373\263\235L\232\313\033\200\340\301\323i"
  41      B39D4C9A 
  41      CB1B80E0 
  41      C1D369
  42 003b CC0D2B0E 		.ascii	"\314\015+\0160\266230\374g\002\233\304\300\270\234Q"
  42      30B63233 
  42      30FC6702 
  42      9BC4C0B8 
  42      9C51
  43 004d 9301A8EC 		.ascii	"\223\001\250\354\321\306\177Sy\331Z@\312\024 \222\214"
  43      D1C67F53 
  43      79D95A40 
  43      CA142092 
  43      8C
  44 005e 2B18D940 		.ascii	"+\030\331@\326\255\017:\320\360\377\177s\303\201\235"
  44      D6AD0F3A 
  44      D0F0FF7F 
  44      73C3819D 
  45 006e AC0F9981 		.ascii	"\254\017\231\201\022\037\200\030d\315G&&\020\315\374"
  45      121F8018 
  45      64CD4726 
  45      2610CDFC 
  46 007e 8A9109A4 		.ascii	"\212\221\011\244\024l\332\007&F\220\030P\205\276{j^"
  46      146CDA07 
  46      26469018 
  46      5085BE7B 
  46      6A5E
  47 0090 6A516249 		.ascii	"jQbIjJ|p~iQrjL@p\276\263iLHnQ|hbQIPExbIrFJ~z|\200\257"
  47      6A4A7C70 
  47      7E695172 
  47      6A4C4070 
  47      BEB3694C 
  48 00b9 5E320300 		.ascii	"^2\003\000\013d>L"
  48      0B643E4C 
ARM GAS  C:\Users\elias\AppData\Local\Temp\ccDKKgZ6.s 			page 3


  49              		.text
  50              		.section	.gnu.lto_Tmr_UartRxWatchdog_RestoreConfig.4d82a7c1,"",%progbits
  51 0000 789C6361 		.ascii	"x\234ca`d\000\201\032 6\004bi fdf`d\232p\216\201\241"
  51      60640081 
  51      1A203604 
  51      62692066 
  51      64666064 
  52 0019 91838991 		.ascii	"\221\203\211\221\021\304h\340`d\250gb\254g\374\312\364"
  52      11C468E0 
  52      6064A867 
  52      62AC67FC 
  52      CAF4
  53 002b 9789F150 		.ascii	"\227\211\361P\373\263\235L\232\313\033\200\340\301\322"
  53      FBB39D4C 
  53      9ACB1B80 
  53      E0C1D2
  54 003a E7060D2B 		.ascii	"\347\006\015+\0160\266230\374g\002\233\304\300\270\234"
  54      0E30B632 
  54      3330FC67 
  54      029BC4C0 
  54      B89C
  55 004c 519301A8 		.ascii	"Q\223\001\250\354\321\306\177Sy\331Z@\312\024 \222\214"
  55      ECD1C67F 
  55      5379D95A 
  55      40CA1420 
  55      928C
  56 005e 2B18D940 		.ascii	"+\030\331@\326\255\017:\320\360\377\177s\303\201\275"
  56      D6AD0F3A 
  56      D0F0FF7F 
  56      73C381BD 
  57 006e 6C07BFB1 		.ascii	"l\007\277\261\001e>\0001\310\236\217LL \232\371\025"
  57      01653E00 
  57      31C89E8F 
  57      4C4C209A 
  57      F915
  58 0080 2313482D 		.ascii	"#\023H-\330\270\017L\214 1\240\012}\367\324\274\324"
  58      D8B80F4C 
  58      8C2031A0 
  58      0A7DF7D4 
  58      BCD4
  59 0092 A2C492D4 		.ascii	"\242\304\222\324\224\370\340\374\322\242\344\324\230"
  59      94F8E0FC 
  59      D2A2E4D4 
  59      98
  60 009f 80E07C67 		.ascii	"\200\340|g\323\230\220\334\242\370\320\304\242\222\240"
  60      D39890DC 
  60      A2F8D0C4 
  60      A292A0
  61 00ae 8AF0C492 		.ascii	"\212\360\304\222\344\214\224\374\364\370\000_\275d\006"
  61      E48C94FC 
  61      F4F8005F 
  61      BD6406
  62 00bd 00A4553F 		.ascii	"\000\244U?i"
  62      69
  63              		.text
  64              		.section	.gnu.lto_Tmr_UartRxWatchdog_Sleep.4d82a7c1,"",%progbits
  65 0000 789C8D91 		.ascii	"x\234\215\221\301k\023Q\020\306\347{ow\263\004\203\376"
ARM GAS  C:\Users\elias\AppData\Local\Temp\ccDKKgZ6.s 			page 4


  65      C16B1351 
  65      10C6E77B 
  65      6F77B304 
  65      83FE
  66 0012 01A578ED 		.ascii	"\001\245x\355\305\350\301\253\027AA\020J\253x)\204\220"
  66      C5E8C1AB 
  66      17414110 
  66      4AAB7829 
  66      8490
  67 0024 04BDD840 		.ascii	"\004\275\330@\210\340-/\335\304\266\036\244(zk{\021"
  67      88E02D2F 
  67      DDC4B61E 
  67      A4287A6B 
  67      7B11
  68 0036 52B53589 		.ascii	"R\2655\211\266j\240H\214\205^\212\036\254\247^\252\207"
  68      B66AA048 
  68      8C855E8A 
  68      1EACA75E 
  68      AA87
  69 0048 20258714 		.ascii	" %\207\024*\322b\262\316\354j\025\004q`\367\275\235"
  69      2AD262B2 
  69      CEEC6A15 
  69      047160F7 
  69      BD9D
  70 005a F7BDF97D 		.ascii	"\367\275\371};c\021H\"\255\210N\361z\206\0378\0045\363"
  70      3B631148 
  70      22AD884E 
  70      F17A861F 
  70      380435F3 
  71 006e 8EA8E82A 		.ascii	"\216\250\350*\245W\007\311D\255\3158\231#\032v\230\266"
  71      A55707C9 
  71      44ADCD38 
  71      99231A76 
  71      98B6
  72 0080 7E6D6C40 		.ascii	"~ml@6\306\005\025\224\266l\024\360U\365\024Z\223\355"
  72      36C60515 
  72      94B66C14 
  72      F055F514 
  72      5A93ED
  73 0093 861AAA18 		.ascii	"\206\032\252\030\216\355\362\301I\263\320DY\023\371"
  73      8EEDF2C1 
  73      49B3D044 
  73      5913F9
  74 00a2 2A80112A 		.ascii	"*\200\021*\030\"\226}\256\367\357\307\234\222\310\216"
  74      1822967D 
  74      AEF7EFC7 
  74      9C92C88E 
  75 00b2 87875880 		.ascii	"\207\207X\200#\216\252#M\343\373\236i~\210\274\271\033"
  75      238EAA23 
  75      4DE3FB9E 
  75      697E88BC 
  75      B91B
  76 00c4 75159535 		.ascii	"u\025\2255,y\021uY'\320]\245d\325m\264\016n\267\347"
  76      2C791175 
  76      5927D05D 
  76      A564D56D 
  76      B40E6EB7 
ARM GAS  C:\Users\elias\AppData\Local\Temp\ccDKKgZ6.s 			page 5


  77 00d9 5E43EE7A 		.ascii	"^C\356z\332\342\272\017\312\255\367\221=U\326\012\202"
  77      DAE2BA0F 
  77      CAADF791 
  77      3D55D60A 
  77      82
  78 00ea 995AECF4 		.ascii	"\231Z\354\364\254\360\363\341\\\321\210b\277\362v;6"
  78      ACF0F3E1 
  78      5CD18862 
  78      BFF2763B 
  78      36
  79 00fb 8FD96289 		.ascii	"\217\331b\211\215i<\306\000\036a\200\371O0\017j\303"
  79      8D693CC6 
  79      001E6180 
  79      F94F300F 
  79      6AC3
  80 010d FB7E8E3C 		.ascii	"\373~\216<\255\302r\313k\353\267\\\271\017\216E\226"
  80      ADC272CB 
  80      6BEBB75C 
  80      B90F8E45 
  80      96
  81 011e 7D4269CB 		.ascii	"}Bi\313\033\017y\362\273\325Nc?\026\012\010KR\207\304"
  81      1B0F79F2 
  81      BBD54E63 
  81      3F160A08 
  81      4B5287C4 
  82 0132 9FA6D541 		.ascii	"\237\246\325A\2667\261\327\375V<*\352?\255Y\201\265"
  82      B637B1D7 
  82      FD563C2A 
  82      EA3FAD59 
  82      81B5
  83 0144 46A3B315 		.ascii	"F\243\263\025)\364\314\2241\30787\315M\222\364\316\306"
  83      29F4CC94 
  83      31C73837 
  83      CD4D92F4 
  83      CEC6
  84 0156 C7B5A8D8 		.ascii	"\307\265\250\3303A\336F\225;\373T\012\363\341\235W\265"
  84      3341DE46 
  84      953BFB54 
  84      0AF3E19D 
  84      57B5
  85 0168 6937BE24 		.ascii	"i7\276$]3\263l\337A\215M\367\203\336\242\2168KV&7\352"
  85      5D33B36C 
  85      DF418D4D 
  85      F783DEA2 
  85      8E384B56 
  86 017f 51A138EC 		.ascii	"Q\2418\354\370Y`hWY\264\031\017\354\324\372\207v\376"
  86      F8596068 
  86      5759B419 
  86      0FECD4FA 
  86      8776FE
  87 0192 97FFFC9F 		.ascii	"\227\377\374\237\374\345\337\374\225\200\177\370\227"
  87      FCE5DFFC 
  87      95807FF8 
  87      97
  88 019f 3C4CBCF8 		.ascii	"<L\274\370\311\267\203q}\201\327\364\327\225\360\377"
  88      C9B78371 
  88      7D81D7F4 
ARM GAS  C:\Users\elias\AppData\Local\Temp\ccDKKgZ6.s 			page 6


  88      D795F0FF 
  89 01af 6E40C4E7 		.ascii	"n@\304\347\211\021^\242\300\263vi\007\023\315{\027\002"
  89      89115EA2 
  89      C0B37669 
  89      0713CD7B 
  89      1702
  90 01c1 A944970F 		.ascii	"\251D\227\017\271\004\203\342\3473\343\231\\2\237I'"
  90      B90483E2 
  90      E733E399 
  90      5C329F49 
  90      27
  91 01d2 46B33772 		.ascii	"F\2637r\251\314\330\360h\366\354\351\261K\327s\211\313"
  91      A9CCD8F0 
  91      68F6ECE9 
  91      B14BD773 
  91      89CB
  92 01e4 C95C7EE4 		.ascii	"\311\\~\344\346\225d>u-\235\275\232\030\276x\"E?\000"
  92      E695643E 
  92      752D9DBD 
  92      9A18BE78 
  92      22453F00 
  93 01f8 A83BEAE0 		.ascii	"\250;\352\340"
  94              		.text
  95              		.section	.gnu.lto_Tmr_UartRxWatchdog_Wakeup.4d82a7c1,"",%progbits
  96 0000 789C654F 		.ascii	"x\234eO=HBQ\030\375\276{\237?=\012\033\032\033Z\035"
  96      3D484251 
  96      18FDBE7B 
  96      9F3F3D0A 
  96      1B1A1B5A 
  97 0015 4A845A5B 		.ascii	"J\204Z[\032\202 \010MZ\004\021\225ZR\020\2036\257?\257"
  97      1A822008 
  97      4D5A0411 
  97      955A5210 
  97      8336AF3F 
  98 002a 728996DA 		.ascii	"r\211\226\332\302Q\313\376\204\206lz\211\031H\024\004"
  98      C251CBFE 
  98      84866C7A 
  98      89194814 
  98      04
  99 003b 2D45F433 		.ascii	"-E\3643HH\203A\015\015\372\372\356sh\350\300\345\273"
  99      48488341 
  99      0D0DFAFA 
  99      EE7368E8 
  99      C0E5BB
 100 004e 9C7BCE3D 		.ascii	"\234{\316=\347S\000A\302G\303Ms\234\016Z\000\331\326"
 100      E7530041 
 100      C247C34D 
 100      739C0E5A 
 100      00D9D6
 101 0061 0D40CACE 		.ascii	"\015@\312\316\030\257;@\250Jc\022D?G\245G+\210\362\""
 101      18AF3B40 
 101      A84A6312 
 101      443F47A5 
 101      472B88F2 
 102 0076 EC0849C6 		.ascii	"\354\010I\306\025L\3427\3530\254\2567+\314Y\020\204"
 102      154CE237 
 102      EB30ACAE 
ARM GAS  C:\Users\elias\AppData\Local\Temp\ccDKKgZ6.s 			page 7


 102      372BCC59 
 102      1084
 103 0088 97CB925B 		.ascii	"\227\313\222[\024u\3248\200\301\314\010\300\002:\201"
 103      1475D438 
 103      80C1CC08 
 103      C0023A81 
 104 0098 646FE5EE 		.ascii	"do\345\356\366\2005+e#\275G,\242U\3668\366\350\3020"
 104      F680352B 
 104      6523BD47 
 104      2CA255F6 
 104      38F6E8C2 
 105 00ad 32427F56 		.ascii	"2B\177V/\272\252\205\203\306\211n\223D\306}2&'ob\372"
 105      2FBAAA85 
 105      83C6896E 
 105      9344C67D 
 105      3226276F 
 106 00c3 BCFC74D7 		.ascii	"\274\374t\327']\031\316\351\307\035\255zk\373b\032g"
 106      275D19CE 
 106      E9C71DAD 
 106      7A6BFB62 
 106      1A67
 107 00d5 28032A95 		.ascii	"(\003*\225\217G[\262#6\204\030$.G\035$\335\272\276\257"
 107      8F475BB2 
 107      23368418 
 107      242E471D 
 107      24DDBABE 
 108 00ea A979DC4D 		.ascii	"\251y\334M\011\223\347\270O\305\367p\330|\334<;\311"
 108      0993E7B8 
 108      4FC5F770 
 108      D87CDC3C 
 108      3BC9
 109 00fc D95DA31A 		.ascii	"\331]\243\032mS\302<v\315\316x\200.x\305\354C&\372\027"
 109      6D53C23C 
 109      76CDCE78 
 109      802E78C5 
 109      EC4326FA 
 110 0111 765ABB5A 		.ascii	"vZ\273Z\263\3130$\034J;\310n\034\352\016\376\216\031"
 110      B3CB3024 
 110      1C4A3BC8 
 110      6E1CEA0E 
 110      FE8E19
 111 0124 FDA73124 		.ascii	"\375\2471$\305\377\213X\014\252\007x\204I\332\313j\232"
 111      C5FF8B58 
 111      0CAA0778 
 111      8449DACB 
 111      6A9A
 112 0136 1473A116 		.ascii	"\024s\241\026\246uc\3064I\264IF45pMG\242\221x0\021\011"
 112      A67563C6 
 112      3449B449 
 112      46343570 
 112      4D47A291 
 113 014e 07BCB195 		.ascii	"\007\274\261\225x(\342\237\363\306\246&\374\363\313"
 113      7828E29F 
 113      F3C6A626 
 113      FCF3CB
 114 015d F1802F18 		.ascii	"\361\200/\030OxV\027\202\211\320R8\266\030\230\233\035"
 114      4F785617 
ARM GAS  C:\Users\elias\AppData\Local\Temp\ccDKKgZ6.s 			page 8


 114      8289D052 
 114      38B61898 
 114      9B1D
 115 016f 0BC12F2F 		.ascii	"\013\301//?\213\237"
 115      3F8B9F
 116              		.text
 117              		.section	.gnu.lto_.symbol_nodes.4d82a7c1,"",%progbits
 118 0000 789C558A 		.ascii	"x\234U\212\271\015\2000\020\004\347\036\273\000b\002"
 118      B90D8030 
 118      1004E71E 
 118      BB006202 
 119 0010 28149D4B 		.ascii	"(\024\235K\240\036DHL\017H\324\2018\021\341MV3\273\216"
 119      A01E4448 
 119      4C0F48D4 
 119      813811E1 
 119      4D5633BB 
 120 0025 B0905109 		.ascii	"\260\220Q\011XO\310\332\332\234BCza\241\235(\320\006"
 120      584FC8DA 
 120      DA9C4243 
 120      7A61A19D 
 120      28D006
 121 0038 30F5B06E 		.ascii	"0\365\260n\220\022\376\211<\264)\271F\371\263i\341\270"
 121      9012FE89 
 121      3CB429B9 
 121      46F9B369 
 121      E1B8
 122 004a 1E31AFDC 		.ascii	"\0361\257\334\373\310\013\200\236\032\230"
 122      FBC80B80 
 122      9E1A98
 123              		.text
 124              		.section	.gnu.lto_.refs.4d82a7c1,"",%progbits
 125 0000 789C05C1 		.ascii	"x\234\005\301\261\001\000\000\010\303\240\304\326\325"
 125      B1010000 
 125      08C3A0C4 
 125      D6D5
 126 000e FFCF158A 		.ascii	"\377\317\025\212\0340cj\326\022y\002r\0002"
 126      1C30636A 
 126      D6127902 
 126      720032
 127              		.text
 128              		.section	.gnu.lto_.decls.4d82a7c1,"",%progbits
 129 0000 789C8D94 		.ascii	"x\234\215\224\177lSU\024\307\357y\257\353\312[\001\303"
 129      7F6C5355 
 129      14C7EF79 
 129      AFEBCA5B 
 129      01C3
 130 0012 8CCEA4C6 		.ascii	"\214\316\244\306J \351\037f0\215\011\177j\026\201\177"
 130      4A20E91F 
 130      66308D09 
 130      7F6A1681 
 130      7F
 131 0023 34843288 		.ascii	"4\2042\210\011fv\3459\026\306Z\313\253\021\377\272\353"
 131      096676E5 
 131      3916C65A 
 131      CBAB11FF 
 131      BAEB
 132 0035 362093E8 		.ascii	"6 \223\350\206\"\373at@\202C6\332\255-eX\266:a\354\007"
ARM GAS  C:\Users\elias\AppData\Local\Temp\ccDKKgZ6.s 			page 9


 132      8622FB61 
 132      74408243 
 132      36DAAD2D 
 132      6558B63A 
 133 004c 18C8328D 		.ascii	"\030\3102\215\201dK\246!$v\331\000\311\012\031\365\334"
 133      81644BA6 
 133      212476D9 
 133      00C90A19 
 133      F5DC
 134 005e FBDEE375 		.ascii	"\373\336\343u\344M\271\331y\273\347\335\363\375\234"
 134      E44DB9D9 
 134      79BBE7DD 
 134      F3FD9C
 135 006d 73CFBDAF 		.ascii	"s\317\275\257\026\002\204\215\201<B\352p\272\036-\213"
 135      1602848D 
 135      813C42EA 
 135      70BA1E2D 
 135      8B
 136 007e 035DB29D 		.ascii	"\003]\262\235\030\303\212\326\215\026F\353A\213\242"
 136      18C38AD6 
 136      8D1646EB 
 136      418BA2
 137 008d C5D11268 		.ascii	"\305\321\022h\214p\231,\036\335\332{\235\001\332\273"
 137      8C70992C 
 137      1EDDDA7B 
 137      9D01DABB 
 138 009d A747D824 		.ascii	"\247G\330$.l\022\307r.\323\342\034h\243h\303hch\227"
 138      2E6C12C7 
 138      722ED3E2 
 138      1C68A368 
 138      C3686368 
 139 00b2 D0FAD1AE 		.ascii	"\320\372\321\256\242ui\214\0014A\323\305\227\250\221"
 139      A275698C 
 139      013441D3 
 139      C597A891 
 140 00c2 ED213F87 		.ascii	"\355!?\207\371\177\254\350\177\354wA\200\354\367\261"
 140      F97FACE8 
 140      7FEC7741 
 140      80ECF7B1 
 141 00d2 2F6D37E1 		.ascii	"/m7\341\017\020\211\326T\002\240>\201\033Q\215\2738"
 141      0F1089D6 
 141      5402A03E 
 141      811B518D 
 141      BB38
 142 00e4 11883AD1 		.ascii	"\021\210:\321_=\031D\013\021\364\251\001\343\177\232"
 142      5F3D1944 
 142      0B11F4A9 
 142      01E37F9A 
 143 00f4 1EB2FAE0 		.ascii	"\036\262\372\340\020\203\016\232H\365\365\276j\"\020"
 143      10830E9A 
 143      48F5F5BE 
 143      6A2210
 144 0103 8C04A0BA 		.ascii	"\214\004\240\272\272\"\207\367TEz\315z\032\336\016\276"
 144      BA2287F7 
 144      54457ACD 
 144      7A1ADE0E 
 144      BE
ARM GAS  C:\Users\elias\AppData\Local\Temp\ccDKKgZ6.s 			page 10


 145 0114 E974FA0B 		.ascii	"\351t\372\013\012\242\000l>\231\351\334X\334Eq4Q*l6"
 145      0AA2006C 
 145      3E99E9DC 
 145      58DC4571 
 145      34512A6C 
 146 0129 3A73A33E 		.ascii	":s\243>\362\255x_\200U\022X\320\235\273\3266\275\002"
 146      F2AD785F 
 146      80551258 
 146      D09DBBD6 
 146      36BD02
 147 013c DDE72570 		.ascii	"\335\347%p\242\2730\322\336&\024}\303uu\324i\201\355"
 147      A2BB30D2 
 147      DE26147D 
 147      C37575D4 
 147      6981ED
 148 014f 2FC01970 		.ascii	"/\300\031p\300\217\200\207\002]P\204\317\012\213J\252"
 148      C08F8087 
 148      025D5084 
 148      CF0A8B4A 
 148      AA
 149 0160 9B890D17 		.ascii	"\233\211\015\027\254\356\240\263\021:\025M\277\336J"
 149      ACEEA0B3 
 149      113A154D 
 149      BFDE4A
 150 016f 53F594D6 		.ascii	"S\365\224\326\012,\012:A\204\323P\314\212\354dg@\340"
 150      0A2C0A3A 
 150      4184D350 
 150      CC8AEC64 
 150      6740E0
 151 0182 07B889F5 		.ascii	"\007\270\211\365v\303jT\216OdFl\342\373\274\320\333"
 151      76C36A54 
 151      8E4F6446 
 151      6CE2FBBC 
 151      D0DB
 152 0194 330FBFB6 		.ascii	"3\017\277\266\252\224\324\205!;m\252\245\035oq\306Y"
 152      AA94D485 
 152      213B6DAA 
 152      A51D6F71 
 152      C659
 153 01a6 83713697 		.ascii	"\203q6\227\021\346\214\211{-\361\002\3613\316\350\315"
 153      11E68C89 
 153      7B2DF102 
 153      F133CEE8 
 153      CD
 154 01b7 64132B91 		.ascii	"d\023+\221\321\201\214\353W8\203\252\214\210\301\210"
 154      D1818CEB 
 154      573883AA 
 154      8C88C188 
 155 01c7 E4327A38 		.ascii	"\3442z8\343\363\203}\3636\361+\340\220\231\211\213\207"
 155      E3F3837D 
 155      F336F12B 
 155      E0909989 
 155      8B87
 156 01d9 040D726B 		.ascii	"\004\015rk4\027\322k@zs!Q\016i\1770\177W\022\273U\310"
 156      3417D26B 
 156      407A7321 
 156      510E697F 
ARM GAS  C:\Users\elias\AppData\Local\Temp\ccDKKgZ6.s 			page 11


 156      307F5712 
 157 01f0 FCE4DC0D 		.ascii	"\374\344\334\015\021!S\224N\265\377\372A\363\311\003"
 157      11215394 
 157      4EB5FFFA 
 157      41F3C903 
 158 0200 A926E08D 		.ascii	"\251&\340\215\203\230A\211q\012N\342\234\320\222i\014"
 158      83984189 
 158      710A4EE2 
 158      9CD09269 
 158      0C
 159 0211 D9C5BB2A 		.ascii	"\331\305\273*\241\376\273\301\210E%\244\022\215b+\035"
 159      A1FEBBC1 
 159      884525A4 
 159      128D622B 
 159      1D
 160 0222 B470F939 		.ascii	"\264p\3719C~N\227'\270\374\361\203\343\015\313\304\303"
 160      437E4E97 
 160      27B8FCF1 
 160      83E30DCB 
 160      C4C3
 161 0234 EAB96762 		.ascii	"\352\271gb\023-+\305S\252\023n\370\363\264\015\017\327"
 161      132D2BC5 
 161      53AA136E 
 161      F8F3B40D 
 161      0FD7
 162 0246 21411698 		.ascii	"!A\026\230\377w_f\271\352\263\345\326\346\351\307\005"
 162      FF775F66 
 162      B9EAB3E5 
 162      D6E6E9C7 
 162      05
 163 0257 6282C70A 		.ascii	"b\202\307\012\343\323g\356X\300%\235bg?\365h\274\372"
 163      E3D367EE 
 163      58C0259D 
 163      62673FF5 
 163      68BCFA
 164 026a D841BC38 		.ascii	"\330A\2748\320\017\022$\215\324\016\011\237\207(\015"
 164      D00F1224 
 164      8DD40E09 
 164      9F87280D 
 165 027a D1D913D4 		.ascii	"\321\331\023\324ZD\340\015\007\254w\020\270\010.FeQ"
 165      5A44E00D 
 165      07AC7710 
 165      B8082E46 
 165      6551
 166 028c F013DE97 		.ascii	"\360\023\336\227\013x_\026\004\361a<y+\037\326\024\272"
 166      0B785F16 
 166      04F1613C 
 166      792B1FD6 
 166      14BA
 167 029e 4E300976 		.ascii	"N0\011vdc\317t\003\215|\310\261}\210MA\241\216X\307"
 167      6463CF74 
 167      038D7CC8 
 167      B17D884D 
 167      41A18E58 
 168 02b3 6E5809FB 		.ascii	"nX\011\373\366\233Y\011\263!J\341c=\001\341\221\210"
 168      F69B5909 
 168      B3214AE1 
ARM GAS  C:\Users\elias\AppData\Local\Temp\ccDKKgZ6.s 			page 12


 168      633D01E1 
 168      9188
 169 02c5 879F31D3 		.ascii	"\207\2371\323\000\254\341\015\340\265\246\216\341\255"
 169      00ACE10D 
 169      E0B5A68E 
 169      E1AD
 170 02d3 A1361640 		.ascii	"\2416\026@\2642\265\253~8\231\216Z\305Iu\177\223\311"
 170      B432B5AB 
 170      7E38998E 
 170      5AC54975 
 170      7F93C9
 171 02e6 E4DC7270 		.ascii	"\344\334rp\025\252\232\337\017\000\323\\B\350\240\261"
 171      15AA9ADF 
 171      0F00D35C 
 171      42E8A0B1 
 172 02f6 3B86304D 		.ascii	";\2060M\017\277`V\263\0120\313\354\221\261\264\260\366"
 172      0FBF6056 
 172      B30A30CB 
 172      EC91B1B4 
 172      B0F6
 173 0308 24A57866 		.ascii	"$\245xf\321\370\333\377\204\350f\316=\257r\237l\340"
 173      D1F8DBFF 
 173      84E866CE 
 173      3DAF729F 
 173      6CE0
 174 031a 3CFF2DBA 		.ascii	"<\377-\272\014kQs\277\376\336oV\011\373X\367L}\204k"
 174      0C6B5173 
 174      BFFEDE6F 
 174      5609FB58 
 174      F74C7D84 
 175 032f 778E67F3 		.ascii	"w\216g\363\305\254\272\223\350\321\326\243\371 \271"
 175      C5ACBA93 
 175      E8D1D6A3 
 175      F920B9
 176 033e 4CE42326 		.ascii	"L\344#&r\375@\313\332\216\324R'\014c\347\257\030[\036"
 176      72FD40CB 
 176      DA8ED452 
 176      270C63E7 
 176      AF185B1E 
 177 0352 0249DD46 		.ascii	"\002I\335F\354z:\234god\347\204_\376\252\341\025<\322"
 177      EC7A3A9C 
 177      676F64E7 
 177      845FFEAA 
 177      E1153CD2 
 178 0366 F8F647C1 		.ascii	"\370\366G\301\316\357\034\376\307\350dh\250\337\262"
 178      CEEF1CFE 
 178      C7E86468 
 178      A8DFB2
 179 0375 289A6DD9 		.ascii	"(\232m\331\210\036\323\242\307x\364\243\277\302\267"
 179      881ED3A2 
 179      C778F4A3 
 179      BFC2B7
 180 0384 ED8BA2D9 		.ascii	"\355\213\242\331\2156\242\257\202]\257\007\247\344\345"
 180      8D36A2AF 
 180      825DAF07 
 180      A7E4E5
 181 0393 6D7B03E5 		.ascii	"m{\003\345e\236\200\262\365\323\035\036\305\273{\227"
ARM GAS  C:\Users\elias\AppData\Local\Temp\ccDKKgZ6.s 			page 13


 181      659E80B2 
 181      F5D31D1E 
 181      C5BB7B97 
 182 03a3 AFB2DCED 		.ascii	"\257\262\334\355\371D.\365\325|TUi\333\364^\231\263"
 182      F9442EF5 
 182      D57C5455 
 182      69DBF45E 
 182      99B3
 183 03b5 B4A484AC 		.ascii	"\264\244\204\254\333$\327\310\001\217\"\357*w\373\202"
 183      DB24D7C8 
 183      018F22EF 
 183      2A77FB82 
 184 03c5 01AFBC73 		.ascii	"\001\257\274s\213\333W\372\346N\023\365\226w\213\275"
 184      8BDB57FA 
 184      E64E13F5 
 184      96778BBD 
 185 03d5 C469B2B0 		.ascii	"\304i\262\260U\336\247\370\002\032\271\310,o\265,\373"
 185      55DEA7F8 
 185      021AB9C8 
 185      2C6FB52C 
 185      FB
 186 03e6 5F3259D8 		.ascii	"_2Y\330\341\331#\007\375/\232I\024\237\377\265g\256"
 186      E1D92307 
 186      FD2F9A49 
 186      149FFFB5 
 186      67AE
 187 03f8 AD783731 		.ascii	"\255x71\303\277S\343\251\250\226\315V*<\336=A\377s\333"
 187      C3BF53E3 
 187      A9A896CD 
 187      562A3CDE 
 187      3D41FF73 
 188 040d AAF6CA01 		.ascii	"\252\366\312\0015\312\255`\242\274`U\215\262\341\325"
 188      35CAAD60 
 188      A2BC6055 
 188      8DB2E1D5 
 189 041d 25F27AF7 		.ascii	"%\362z\367+\373\375\362>L\366\312\222H\267\022\010z"
 189      2BFBFDF2 
 189      3E4CF6CA 
 189      9248B712 
 189      087A
 190 042f 154B40AE 		.ascii	"\025K@\256\334\360/\224B?\255"
 190      DCF02F94 
 190      423FAD
 191              		.text
 192              		.section	.gnu.lto_.symtab.4d82a7c1,"",%progbits
 193 0000 546D725F 		.ascii	"Tmr_UartRxWatchdog_SaveConfig\000"
 193      55617274 
 193      52785761 
 193      74636864 
 193      6F675F53 
 194 001e 00       		.ascii	"\000"
 195 001f 00       		.ascii	"\000"
 196 0020 00       		.ascii	"\000"
 197 0021 00000000 		.ascii	"\000\000\000\000\000\000\000\000"
 197      00000000 
 198 0029 AD000000 		.ascii	"\255\000\000\000"
 199 002d 546D725F 		.ascii	"Tmr_UartRxWatchdog_RestoreConfig\000"
ARM GAS  C:\Users\elias\AppData\Local\Temp\ccDKKgZ6.s 			page 14


 199      55617274 
 199      52785761 
 199      74636864 
 199      6F675F52 
 200 004e 00       		.ascii	"\000"
 201 004f 00       		.ascii	"\000"
 202 0050 00       		.ascii	"\000"
 203 0051 00000000 		.ascii	"\000\000\000\000\000\000\000\000"
 203      00000000 
 204 0059 AF000000 		.ascii	"\257\000\000\000"
 205 005d 546D725F 		.ascii	"Tmr_UartRxWatchdog_Sleep\000"
 205      55617274 
 205      52785761 
 205      74636864 
 205      6F675F53 
 206 0076 00       		.ascii	"\000"
 207 0077 00       		.ascii	"\000"
 208 0078 00       		.ascii	"\000"
 209 0079 00000000 		.ascii	"\000\000\000\000\000\000\000\000"
 209      00000000 
 210 0081 B1000000 		.ascii	"\261\000\000\000"
 211 0085 546D725F 		.ascii	"Tmr_UartRxWatchdog_Wakeup\000"
 211      55617274 
 211      52785761 
 211      74636864 
 211      6F675F57 
 212 009f 00       		.ascii	"\000"
 213 00a0 00       		.ascii	"\000"
 214 00a1 00       		.ascii	"\000"
 215 00a2 00000000 		.ascii	"\000\000\000\000\000\000\000\000"
 215      00000000 
 216 00aa B3000000 		.ascii	"\263\000\000\000"
 217 00ae 546D725F 		.ascii	"Tmr_UartRxWatchdog_Stop\000"
 217      55617274 
 217      52785761 
 217      74636864 
 217      6F675F53 
 218 00c6 00       		.ascii	"\000"
 219 00c7 02       		.ascii	"\002"
 220 00c8 00       		.ascii	"\000"
 221 00c9 00000000 		.ascii	"\000\000\000\000\000\000\000\000"
 221      00000000 
 222 00d1 B5000000 		.ascii	"\265\000\000\000"
 223 00d5 546D725F 		.ascii	"Tmr_UartRxWatchdog_Enable\000"
 223      55617274 
 223      52785761 
 223      74636864 
 223      6F675F45 
 224 00ef 00       		.ascii	"\000"
 225 00f0 02       		.ascii	"\002"
 226 00f1 00       		.ascii	"\000"
 227 00f2 00000000 		.ascii	"\000\000\000\000\000\000\000\000"
 227      00000000 
 228 00fa B7000000 		.ascii	"\267\000\000\000"
 229              		.text
 230              		.section	.gnu.lto_.opts,"",%progbits
 231 0000 272D666D 		.ascii	"'-fmath-errno' '-fsigned-zeros' '-ftrapping-math' '"
ARM GAS  C:\Users\elias\AppData\Local\Temp\ccDKKgZ6.s 			page 15


 231      6174682D 
 231      6572726E 
 231      6F272027 
 231      2D667369 
 232 0033 2D666E6F 		.ascii	"-fno-trapv' '-fno-openmp' '-fno-openacc' '-mcpu=cor"
 232      2D747261 
 232      70762720 
 232      272D666E 
 232      6F2D6F70 
 233 0066 7465782D 		.ascii	"tex-m3' '-mthumb' '-g' '-O3' '-ffunction-sections' "
 233      6D332720 
 233      272D6D74 
 233      68756D62 
 233      2720272D 
 234 0099 272D6666 		.ascii	"'-ffat-lto-objects' '-finline-functions' '-flto'\000"
 234      61742D6C 
 234      746F2D6F 
 234      626A6563 
 234      74732720 
 235              		.text
 236              		.cfi_sections	.debug_frame
 237              		.section	.text.Tmr_UartRxWatchdog_SaveConfig,"ax",%progbits
 238              		.align	2
 239              		.global	Tmr_UartRxWatchdog_SaveConfig
 240              		.thumb
 241              		.thumb_func
 242              		.type	Tmr_UartRxWatchdog_SaveConfig, %function
 243              	Tmr_UartRxWatchdog_SaveConfig:
 244              	.LFB5:
 245              		.cfi_startproc
 246              		@ args = 0, pretend = 0, frame = 0
 247              		@ frame_needed = 0, uses_anonymous_args = 0
 248              		@ link register save eliminated.
 249 0000 7047     		bx	lr
 250              		.cfi_endproc
 251              	.LFE5:
 252              		.size	Tmr_UartRxWatchdog_SaveConfig, .-Tmr_UartRxWatchdog_SaveConfig
 253 0002 00BF     		.section	.text.Tmr_UartRxWatchdog_RestoreConfig,"ax",%progbits
 254              		.align	2
 255              		.global	Tmr_UartRxWatchdog_RestoreConfig
 256              		.thumb
 257              		.thumb_func
 258              		.type	Tmr_UartRxWatchdog_RestoreConfig, %function
 259              	Tmr_UartRxWatchdog_RestoreConfig:
 260              	.LFB1:
 261              		.file 1 "Generated_Source\\PSoC5\\Tmr_UartRxWatchdog_PM.c"
   1:Generated_Source\PSoC5/Tmr_UartRxWatchdog_PM.c **** /*******************************************************************************
   2:Generated_Source\PSoC5/Tmr_UartRxWatchdog_PM.c **** * File Name: Tmr_UartRxWatchdog_PM.c
   3:Generated_Source\PSoC5/Tmr_UartRxWatchdog_PM.c **** * Version 2.80
   4:Generated_Source\PSoC5/Tmr_UartRxWatchdog_PM.c **** *
   5:Generated_Source\PSoC5/Tmr_UartRxWatchdog_PM.c **** *  Description:
   6:Generated_Source\PSoC5/Tmr_UartRxWatchdog_PM.c **** *     This file provides the power management source code to API for the
   7:Generated_Source\PSoC5/Tmr_UartRxWatchdog_PM.c **** *     Timer.
   8:Generated_Source\PSoC5/Tmr_UartRxWatchdog_PM.c **** *
   9:Generated_Source\PSoC5/Tmr_UartRxWatchdog_PM.c **** *   Note:
  10:Generated_Source\PSoC5/Tmr_UartRxWatchdog_PM.c **** *     None
  11:Generated_Source\PSoC5/Tmr_UartRxWatchdog_PM.c **** *
ARM GAS  C:\Users\elias\AppData\Local\Temp\ccDKKgZ6.s 			page 16


  12:Generated_Source\PSoC5/Tmr_UartRxWatchdog_PM.c **** *******************************************************************************
  13:Generated_Source\PSoC5/Tmr_UartRxWatchdog_PM.c **** * Copyright 2008-2017, Cypress Semiconductor Corporation.  All rights reserved.
  14:Generated_Source\PSoC5/Tmr_UartRxWatchdog_PM.c **** * You may use this file only in accordance with the license, terms, conditions,
  15:Generated_Source\PSoC5/Tmr_UartRxWatchdog_PM.c **** * disclaimers, and limitations in the end user license agreement accompanying
  16:Generated_Source\PSoC5/Tmr_UartRxWatchdog_PM.c **** * the software package with which this file was provided.
  17:Generated_Source\PSoC5/Tmr_UartRxWatchdog_PM.c **** ********************************************************************************/
  18:Generated_Source\PSoC5/Tmr_UartRxWatchdog_PM.c **** 
  19:Generated_Source\PSoC5/Tmr_UartRxWatchdog_PM.c **** #include "Tmr_UartRxWatchdog.h"
  20:Generated_Source\PSoC5/Tmr_UartRxWatchdog_PM.c **** 
  21:Generated_Source\PSoC5/Tmr_UartRxWatchdog_PM.c **** static Tmr_UartRxWatchdog_backupStruct Tmr_UartRxWatchdog_backup;
  22:Generated_Source\PSoC5/Tmr_UartRxWatchdog_PM.c **** 
  23:Generated_Source\PSoC5/Tmr_UartRxWatchdog_PM.c **** 
  24:Generated_Source\PSoC5/Tmr_UartRxWatchdog_PM.c **** /*******************************************************************************
  25:Generated_Source\PSoC5/Tmr_UartRxWatchdog_PM.c **** * Function Name: Tmr_UartRxWatchdog_SaveConfig
  26:Generated_Source\PSoC5/Tmr_UartRxWatchdog_PM.c **** ********************************************************************************
  27:Generated_Source\PSoC5/Tmr_UartRxWatchdog_PM.c **** *
  28:Generated_Source\PSoC5/Tmr_UartRxWatchdog_PM.c **** * Summary:
  29:Generated_Source\PSoC5/Tmr_UartRxWatchdog_PM.c **** *     Save the current user configuration
  30:Generated_Source\PSoC5/Tmr_UartRxWatchdog_PM.c **** *
  31:Generated_Source\PSoC5/Tmr_UartRxWatchdog_PM.c **** * Parameters:
  32:Generated_Source\PSoC5/Tmr_UartRxWatchdog_PM.c **** *  void
  33:Generated_Source\PSoC5/Tmr_UartRxWatchdog_PM.c **** *
  34:Generated_Source\PSoC5/Tmr_UartRxWatchdog_PM.c **** * Return:
  35:Generated_Source\PSoC5/Tmr_UartRxWatchdog_PM.c **** *  void
  36:Generated_Source\PSoC5/Tmr_UartRxWatchdog_PM.c **** *
  37:Generated_Source\PSoC5/Tmr_UartRxWatchdog_PM.c **** * Global variables:
  38:Generated_Source\PSoC5/Tmr_UartRxWatchdog_PM.c **** *  Tmr_UartRxWatchdog_backup:  Variables of this global structure are modified to
  39:Generated_Source\PSoC5/Tmr_UartRxWatchdog_PM.c **** *  store the values of non retention configuration registers when Sleep() API is
  40:Generated_Source\PSoC5/Tmr_UartRxWatchdog_PM.c **** *  called.
  41:Generated_Source\PSoC5/Tmr_UartRxWatchdog_PM.c **** *
  42:Generated_Source\PSoC5/Tmr_UartRxWatchdog_PM.c **** *******************************************************************************/
  43:Generated_Source\PSoC5/Tmr_UartRxWatchdog_PM.c **** void Tmr_UartRxWatchdog_SaveConfig(void) 
  44:Generated_Source\PSoC5/Tmr_UartRxWatchdog_PM.c **** {
  45:Generated_Source\PSoC5/Tmr_UartRxWatchdog_PM.c ****     #if (!Tmr_UartRxWatchdog_UsingFixedFunction)
  46:Generated_Source\PSoC5/Tmr_UartRxWatchdog_PM.c ****         Tmr_UartRxWatchdog_backup.TimerUdb = Tmr_UartRxWatchdog_ReadCounter();
  47:Generated_Source\PSoC5/Tmr_UartRxWatchdog_PM.c ****         Tmr_UartRxWatchdog_backup.InterruptMaskValue = Tmr_UartRxWatchdog_STATUS_MASK;
  48:Generated_Source\PSoC5/Tmr_UartRxWatchdog_PM.c ****         #if (Tmr_UartRxWatchdog_UsingHWCaptureCounter)
  49:Generated_Source\PSoC5/Tmr_UartRxWatchdog_PM.c ****             Tmr_UartRxWatchdog_backup.TimerCaptureCounter = Tmr_UartRxWatchdog_ReadCaptureCount();
  50:Generated_Source\PSoC5/Tmr_UartRxWatchdog_PM.c ****         #endif /* Back Up capture counter register  */
  51:Generated_Source\PSoC5/Tmr_UartRxWatchdog_PM.c **** 
  52:Generated_Source\PSoC5/Tmr_UartRxWatchdog_PM.c ****         #if(!Tmr_UartRxWatchdog_UDB_CONTROL_REG_REMOVED)
  53:Generated_Source\PSoC5/Tmr_UartRxWatchdog_PM.c ****             Tmr_UartRxWatchdog_backup.TimerControlRegister = Tmr_UartRxWatchdog_ReadControlRegister
  54:Generated_Source\PSoC5/Tmr_UartRxWatchdog_PM.c ****         #endif /* Backup the enable state of the Timer component */
  55:Generated_Source\PSoC5/Tmr_UartRxWatchdog_PM.c ****     #endif /* Backup non retention registers in UDB implementation. All fixed function registers ar
  56:Generated_Source\PSoC5/Tmr_UartRxWatchdog_PM.c **** }
  57:Generated_Source\PSoC5/Tmr_UartRxWatchdog_PM.c **** 
  58:Generated_Source\PSoC5/Tmr_UartRxWatchdog_PM.c **** 
  59:Generated_Source\PSoC5/Tmr_UartRxWatchdog_PM.c **** /*******************************************************************************
  60:Generated_Source\PSoC5/Tmr_UartRxWatchdog_PM.c **** * Function Name: Tmr_UartRxWatchdog_RestoreConfig
  61:Generated_Source\PSoC5/Tmr_UartRxWatchdog_PM.c **** ********************************************************************************
  62:Generated_Source\PSoC5/Tmr_UartRxWatchdog_PM.c **** *
  63:Generated_Source\PSoC5/Tmr_UartRxWatchdog_PM.c **** * Summary:
  64:Generated_Source\PSoC5/Tmr_UartRxWatchdog_PM.c **** *  Restores the current user configuration.
  65:Generated_Source\PSoC5/Tmr_UartRxWatchdog_PM.c **** *
  66:Generated_Source\PSoC5/Tmr_UartRxWatchdog_PM.c **** * Parameters:
  67:Generated_Source\PSoC5/Tmr_UartRxWatchdog_PM.c **** *  void
  68:Generated_Source\PSoC5/Tmr_UartRxWatchdog_PM.c **** *
ARM GAS  C:\Users\elias\AppData\Local\Temp\ccDKKgZ6.s 			page 17


  69:Generated_Source\PSoC5/Tmr_UartRxWatchdog_PM.c **** * Return:
  70:Generated_Source\PSoC5/Tmr_UartRxWatchdog_PM.c **** *  void
  71:Generated_Source\PSoC5/Tmr_UartRxWatchdog_PM.c **** *
  72:Generated_Source\PSoC5/Tmr_UartRxWatchdog_PM.c **** * Global variables:
  73:Generated_Source\PSoC5/Tmr_UartRxWatchdog_PM.c **** *  Tmr_UartRxWatchdog_backup:  Variables of this global structure are used to
  74:Generated_Source\PSoC5/Tmr_UartRxWatchdog_PM.c **** *  restore the values of non retention registers on wakeup from sleep mode.
  75:Generated_Source\PSoC5/Tmr_UartRxWatchdog_PM.c **** *
  76:Generated_Source\PSoC5/Tmr_UartRxWatchdog_PM.c **** *******************************************************************************/
  77:Generated_Source\PSoC5/Tmr_UartRxWatchdog_PM.c **** void Tmr_UartRxWatchdog_RestoreConfig(void) 
  78:Generated_Source\PSoC5/Tmr_UartRxWatchdog_PM.c **** {   
 262              		.loc 1 78 0
 263              		.cfi_startproc
 264              		@ args = 0, pretend = 0, frame = 0
 265              		@ frame_needed = 0, uses_anonymous_args = 0
 266              		@ link register save eliminated.
 267 0000 7047     		bx	lr
 268              		.cfi_endproc
 269              	.LFE1:
 270              		.size	Tmr_UartRxWatchdog_RestoreConfig, .-Tmr_UartRxWatchdog_RestoreConfig
 271 0002 00BF     		.section	.text.Tmr_UartRxWatchdog_Sleep,"ax",%progbits
 272              		.align	2
 273              		.global	Tmr_UartRxWatchdog_Sleep
 274              		.thumb
 275              		.thumb_func
 276              		.type	Tmr_UartRxWatchdog_Sleep, %function
 277              	Tmr_UartRxWatchdog_Sleep:
 278              	.LFB2:
  79:Generated_Source\PSoC5/Tmr_UartRxWatchdog_PM.c ****     #if (!Tmr_UartRxWatchdog_UsingFixedFunction)
  80:Generated_Source\PSoC5/Tmr_UartRxWatchdog_PM.c **** 
  81:Generated_Source\PSoC5/Tmr_UartRxWatchdog_PM.c ****         Tmr_UartRxWatchdog_WriteCounter(Tmr_UartRxWatchdog_backup.TimerUdb);
  82:Generated_Source\PSoC5/Tmr_UartRxWatchdog_PM.c ****         Tmr_UartRxWatchdog_STATUS_MASK =Tmr_UartRxWatchdog_backup.InterruptMaskValue;
  83:Generated_Source\PSoC5/Tmr_UartRxWatchdog_PM.c ****         #if (Tmr_UartRxWatchdog_UsingHWCaptureCounter)
  84:Generated_Source\PSoC5/Tmr_UartRxWatchdog_PM.c ****             Tmr_UartRxWatchdog_SetCaptureCount(Tmr_UartRxWatchdog_backup.TimerCaptureCounter);
  85:Generated_Source\PSoC5/Tmr_UartRxWatchdog_PM.c ****         #endif /* Restore Capture counter register*/
  86:Generated_Source\PSoC5/Tmr_UartRxWatchdog_PM.c **** 
  87:Generated_Source\PSoC5/Tmr_UartRxWatchdog_PM.c ****         #if(!Tmr_UartRxWatchdog_UDB_CONTROL_REG_REMOVED)
  88:Generated_Source\PSoC5/Tmr_UartRxWatchdog_PM.c ****             Tmr_UartRxWatchdog_WriteControlRegister(Tmr_UartRxWatchdog_backup.TimerControlRegister)
  89:Generated_Source\PSoC5/Tmr_UartRxWatchdog_PM.c ****         #endif /* Restore the enable state of the Timer component */
  90:Generated_Source\PSoC5/Tmr_UartRxWatchdog_PM.c ****     #endif /* Restore non retention registers in the UDB implementation only */
  91:Generated_Source\PSoC5/Tmr_UartRxWatchdog_PM.c **** }
  92:Generated_Source\PSoC5/Tmr_UartRxWatchdog_PM.c **** 
  93:Generated_Source\PSoC5/Tmr_UartRxWatchdog_PM.c **** 
  94:Generated_Source\PSoC5/Tmr_UartRxWatchdog_PM.c **** /*******************************************************************************
  95:Generated_Source\PSoC5/Tmr_UartRxWatchdog_PM.c **** * Function Name: Tmr_UartRxWatchdog_Sleep
  96:Generated_Source\PSoC5/Tmr_UartRxWatchdog_PM.c **** ********************************************************************************
  97:Generated_Source\PSoC5/Tmr_UartRxWatchdog_PM.c **** *
  98:Generated_Source\PSoC5/Tmr_UartRxWatchdog_PM.c **** * Summary:
  99:Generated_Source\PSoC5/Tmr_UartRxWatchdog_PM.c **** *     Stop and Save the user configuration
 100:Generated_Source\PSoC5/Tmr_UartRxWatchdog_PM.c **** *
 101:Generated_Source\PSoC5/Tmr_UartRxWatchdog_PM.c **** * Parameters:
 102:Generated_Source\PSoC5/Tmr_UartRxWatchdog_PM.c **** *  void
 103:Generated_Source\PSoC5/Tmr_UartRxWatchdog_PM.c **** *
 104:Generated_Source\PSoC5/Tmr_UartRxWatchdog_PM.c **** * Return:
 105:Generated_Source\PSoC5/Tmr_UartRxWatchdog_PM.c **** *  void
 106:Generated_Source\PSoC5/Tmr_UartRxWatchdog_PM.c **** *
 107:Generated_Source\PSoC5/Tmr_UartRxWatchdog_PM.c **** * Global variables:
 108:Generated_Source\PSoC5/Tmr_UartRxWatchdog_PM.c **** *  Tmr_UartRxWatchdog_backup.TimerEnableState:  Is modified depending on the
ARM GAS  C:\Users\elias\AppData\Local\Temp\ccDKKgZ6.s 			page 18


 109:Generated_Source\PSoC5/Tmr_UartRxWatchdog_PM.c **** *  enable state of the block before entering sleep mode.
 110:Generated_Source\PSoC5/Tmr_UartRxWatchdog_PM.c **** *
 111:Generated_Source\PSoC5/Tmr_UartRxWatchdog_PM.c **** *******************************************************************************/
 112:Generated_Source\PSoC5/Tmr_UartRxWatchdog_PM.c **** void Tmr_UartRxWatchdog_Sleep(void) 
 113:Generated_Source\PSoC5/Tmr_UartRxWatchdog_PM.c **** {
 279              		.loc 1 113 0
 280              		.cfi_startproc
 281              		@ args = 0, pretend = 0, frame = 0
 282              		@ frame_needed = 0, uses_anonymous_args = 0
 283              		@ link register save eliminated.
 114:Generated_Source\PSoC5/Tmr_UartRxWatchdog_PM.c ****     #if(!Tmr_UartRxWatchdog_UDB_CONTROL_REG_REMOVED)
 115:Generated_Source\PSoC5/Tmr_UartRxWatchdog_PM.c ****         /* Save Counter's enable state */
 116:Generated_Source\PSoC5/Tmr_UartRxWatchdog_PM.c ****         if(Tmr_UartRxWatchdog_CTRL_ENABLE == (Tmr_UartRxWatchdog_CONTROL & Tmr_UartRxWatchdog_CTRL_
 284              		.loc 1 116 0
 285 0000 034B     		ldr	r3, .L4
 286 0002 044A     		ldr	r2, .L4+4
 287 0004 1B78     		ldrb	r3, [r3]	@ zero_extendqisi2
 288 0006 03F00103 		and	r3, r3, #1
 289 000a 1370     		strb	r3, [r2]
 117:Generated_Source\PSoC5/Tmr_UartRxWatchdog_PM.c ****         {
 118:Generated_Source\PSoC5/Tmr_UartRxWatchdog_PM.c ****             /* Timer is enabled */
 119:Generated_Source\PSoC5/Tmr_UartRxWatchdog_PM.c ****             Tmr_UartRxWatchdog_backup.TimerEnableState = 1u;
 120:Generated_Source\PSoC5/Tmr_UartRxWatchdog_PM.c ****         }
 121:Generated_Source\PSoC5/Tmr_UartRxWatchdog_PM.c ****         else
 122:Generated_Source\PSoC5/Tmr_UartRxWatchdog_PM.c ****         {
 123:Generated_Source\PSoC5/Tmr_UartRxWatchdog_PM.c ****             /* Timer is disabled */
 124:Generated_Source\PSoC5/Tmr_UartRxWatchdog_PM.c ****             Tmr_UartRxWatchdog_backup.TimerEnableState = 0u;
 125:Generated_Source\PSoC5/Tmr_UartRxWatchdog_PM.c ****         }
 126:Generated_Source\PSoC5/Tmr_UartRxWatchdog_PM.c ****     #endif /* Back up enable state from the Timer control register */
 127:Generated_Source\PSoC5/Tmr_UartRxWatchdog_PM.c ****     Tmr_UartRxWatchdog_Stop();
 290              		.loc 1 127 0
 291 000c FFF7FEBF 		b	Tmr_UartRxWatchdog_Stop
 292              	.LVL0:
 293              	.L5:
 294              		.align	2
 295              	.L4:
 296 0010 244F0040 		.word	1073762084
 297 0014 00000000 		.word	.LANCHOR0
 298              		.cfi_endproc
 299              	.LFE2:
 300              		.size	Tmr_UartRxWatchdog_Sleep, .-Tmr_UartRxWatchdog_Sleep
 301              		.section	.text.Tmr_UartRxWatchdog_Wakeup,"ax",%progbits
 302              		.align	2
 303              		.global	Tmr_UartRxWatchdog_Wakeup
 304              		.thumb
 305              		.thumb_func
 306              		.type	Tmr_UartRxWatchdog_Wakeup, %function
 307              	Tmr_UartRxWatchdog_Wakeup:
 308              	.LFB3:
 128:Generated_Source\PSoC5/Tmr_UartRxWatchdog_PM.c ****     Tmr_UartRxWatchdog_SaveConfig();
 129:Generated_Source\PSoC5/Tmr_UartRxWatchdog_PM.c **** }
 130:Generated_Source\PSoC5/Tmr_UartRxWatchdog_PM.c **** 
 131:Generated_Source\PSoC5/Tmr_UartRxWatchdog_PM.c **** 
 132:Generated_Source\PSoC5/Tmr_UartRxWatchdog_PM.c **** /*******************************************************************************
 133:Generated_Source\PSoC5/Tmr_UartRxWatchdog_PM.c **** * Function Name: Tmr_UartRxWatchdog_Wakeup
 134:Generated_Source\PSoC5/Tmr_UartRxWatchdog_PM.c **** ********************************************************************************
 135:Generated_Source\PSoC5/Tmr_UartRxWatchdog_PM.c **** *
ARM GAS  C:\Users\elias\AppData\Local\Temp\ccDKKgZ6.s 			page 19


 136:Generated_Source\PSoC5/Tmr_UartRxWatchdog_PM.c **** * Summary:
 137:Generated_Source\PSoC5/Tmr_UartRxWatchdog_PM.c **** *  Restores and enables the user configuration
 138:Generated_Source\PSoC5/Tmr_UartRxWatchdog_PM.c **** *
 139:Generated_Source\PSoC5/Tmr_UartRxWatchdog_PM.c **** * Parameters:
 140:Generated_Source\PSoC5/Tmr_UartRxWatchdog_PM.c **** *  void
 141:Generated_Source\PSoC5/Tmr_UartRxWatchdog_PM.c **** *
 142:Generated_Source\PSoC5/Tmr_UartRxWatchdog_PM.c **** * Return:
 143:Generated_Source\PSoC5/Tmr_UartRxWatchdog_PM.c **** *  void
 144:Generated_Source\PSoC5/Tmr_UartRxWatchdog_PM.c **** *
 145:Generated_Source\PSoC5/Tmr_UartRxWatchdog_PM.c **** * Global variables:
 146:Generated_Source\PSoC5/Tmr_UartRxWatchdog_PM.c **** *  Tmr_UartRxWatchdog_backup.enableState:  Is used to restore the enable state of
 147:Generated_Source\PSoC5/Tmr_UartRxWatchdog_PM.c **** *  block on wakeup from sleep mode.
 148:Generated_Source\PSoC5/Tmr_UartRxWatchdog_PM.c **** *
 149:Generated_Source\PSoC5/Tmr_UartRxWatchdog_PM.c **** *******************************************************************************/
 150:Generated_Source\PSoC5/Tmr_UartRxWatchdog_PM.c **** void Tmr_UartRxWatchdog_Wakeup(void) 
 151:Generated_Source\PSoC5/Tmr_UartRxWatchdog_PM.c **** {
 309              		.loc 1 151 0
 310              		.cfi_startproc
 311              		@ args = 0, pretend = 0, frame = 0
 312              		@ frame_needed = 0, uses_anonymous_args = 0
 313              		@ link register save eliminated.
 152:Generated_Source\PSoC5/Tmr_UartRxWatchdog_PM.c ****     Tmr_UartRxWatchdog_RestoreConfig();
 153:Generated_Source\PSoC5/Tmr_UartRxWatchdog_PM.c ****     #if(!Tmr_UartRxWatchdog_UDB_CONTROL_REG_REMOVED)
 154:Generated_Source\PSoC5/Tmr_UartRxWatchdog_PM.c ****         if(Tmr_UartRxWatchdog_backup.TimerEnableState == 1u)
 314              		.loc 1 154 0
 315 0000 034B     		ldr	r3, .L10
 316 0002 1B78     		ldrb	r3, [r3]	@ zero_extendqisi2
 317 0004 012B     		cmp	r3, #1
 318 0006 00D0     		beq	.L9
 319 0008 7047     		bx	lr
 320              	.L9:
 155:Generated_Source\PSoC5/Tmr_UartRxWatchdog_PM.c ****         {     /* Enable Timer's operation */
 156:Generated_Source\PSoC5/Tmr_UartRxWatchdog_PM.c ****                 Tmr_UartRxWatchdog_Enable();
 321              		.loc 1 156 0
 322 000a FFF7FEBF 		b	Tmr_UartRxWatchdog_Enable
 323              	.LVL1:
 324              	.L11:
 325 000e 00BF     		.align	2
 326              	.L10:
 327 0010 00000000 		.word	.LANCHOR0
 328              		.cfi_endproc
 329              	.LFE3:
 330              		.size	Tmr_UartRxWatchdog_Wakeup, .-Tmr_UartRxWatchdog_Wakeup
 331              		.bss
 332              		.align	2
 333              		.set	.LANCHOR0,. + 0
 334              		.type	Tmr_UartRxWatchdog_backup, %object
 335              		.size	Tmr_UartRxWatchdog_backup, 1
 336              	Tmr_UartRxWatchdog_backup:
 337 0000 00       		.space	1
 338              		.text
 339              	.Letext0:
 340              		.file 2 "Generated_Source\\PSoC5\\cytypes.h"
 341              		.file 3 "Generated_Source\\PSoC5\\Tmr_UartRxWatchdog.h"
 342              		.section	.debug_info,"",%progbits
 343              	.Ldebug_info0:
 344 0000 4C010000 		.4byte	0x14c
ARM GAS  C:\Users\elias\AppData\Local\Temp\ccDKKgZ6.s 			page 20


 345 0004 0400     		.2byte	0x4
 346 0006 00000000 		.4byte	.Ldebug_abbrev0
 347 000a 04       		.byte	0x4
 348 000b 01       		.uleb128 0x1
 349 000c 0E020000 		.4byte	.LASF23
 350 0010 0C       		.byte	0xc
 351 0011 8E000000 		.4byte	.LASF24
 352 0015 DA000000 		.4byte	.LASF25
 353 0019 00000000 		.4byte	.Ldebug_ranges0+0
 354 001d 00000000 		.4byte	0
 355 0021 00000000 		.4byte	.Ldebug_line0
 356 0025 02       		.uleb128 0x2
 357 0026 01       		.byte	0x1
 358 0027 06       		.byte	0x6
 359 0028 A8010000 		.4byte	.LASF0
 360 002c 02       		.uleb128 0x2
 361 002d 01       		.byte	0x1
 362 002e 08       		.byte	0x8
 363 002f 25010000 		.4byte	.LASF1
 364 0033 02       		.uleb128 0x2
 365 0034 02       		.byte	0x2
 366 0035 05       		.byte	0x5
 367 0036 D8010000 		.4byte	.LASF2
 368 003a 02       		.uleb128 0x2
 369 003b 02       		.byte	0x2
 370 003c 07       		.byte	0x7
 371 003d 95010000 		.4byte	.LASF3
 372 0041 02       		.uleb128 0x2
 373 0042 04       		.byte	0x4
 374 0043 05       		.byte	0x5
 375 0044 52010000 		.4byte	.LASF4
 376 0048 02       		.uleb128 0x2
 377 0049 04       		.byte	0x4
 378 004a 07       		.byte	0x7
 379 004b 7C000000 		.4byte	.LASF5
 380 004f 02       		.uleb128 0x2
 381 0050 08       		.byte	0x8
 382 0051 05       		.byte	0x5
 383 0052 00000000 		.4byte	.LASF6
 384 0056 02       		.uleb128 0x2
 385 0057 08       		.byte	0x8
 386 0058 07       		.byte	0x7
 387 0059 BD000000 		.4byte	.LASF7
 388 005d 03       		.uleb128 0x3
 389 005e 04       		.byte	0x4
 390 005f 05       		.byte	0x5
 391 0060 696E7400 		.ascii	"int\000"
 392 0064 02       		.uleb128 0x2
 393 0065 04       		.byte	0x4
 394 0066 07       		.byte	0x7
 395 0067 0E000000 		.4byte	.LASF8
 396 006b 04       		.uleb128 0x4
 397 006c 76000000 		.4byte	.LASF12
 398 0070 02       		.byte	0x2
 399 0071 E901     		.2byte	0x1e9
 400 0073 2C000000 		.4byte	0x2c
 401 0077 02       		.uleb128 0x2
ARM GAS  C:\Users\elias\AppData\Local\Temp\ccDKKgZ6.s 			page 21


 402 0078 04       		.byte	0x4
 403 0079 04       		.byte	0x4
 404 007a D4000000 		.4byte	.LASF9
 405 007e 02       		.uleb128 0x2
 406 007f 08       		.byte	0x8
 407 0080 04       		.byte	0x4
 408 0081 74010000 		.4byte	.LASF10
 409 0085 02       		.uleb128 0x2
 410 0086 01       		.byte	0x1
 411 0087 08       		.byte	0x8
 412 0088 33010000 		.4byte	.LASF11
 413 008c 04       		.uleb128 0x4
 414 008d E2010000 		.4byte	.LASF13
 415 0091 02       		.byte	0x2
 416 0092 9302     		.2byte	0x293
 417 0094 98000000 		.4byte	0x98
 418 0098 05       		.uleb128 0x5
 419 0099 6B000000 		.4byte	0x6b
 420 009d 02       		.uleb128 0x2
 421 009e 08       		.byte	0x8
 422 009f 04       		.byte	0x4
 423 00a0 CC010000 		.4byte	.LASF14
 424 00a4 02       		.uleb128 0x2
 425 00a5 04       		.byte	0x4
 426 00a6 07       		.byte	0x7
 427 00a7 05020000 		.4byte	.LASF15
 428 00ab 06       		.uleb128 0x6
 429 00ac 01       		.byte	0x1
 430 00ad 03       		.byte	0x3
 431 00ae 43       		.byte	0x43
 432 00af C0000000 		.4byte	0xc0
 433 00b3 07       		.uleb128 0x7
 434 00b4 14010000 		.4byte	.LASF26
 435 00b8 03       		.byte	0x3
 436 00b9 45       		.byte	0x45
 437 00ba 6B000000 		.4byte	0x6b
 438 00be 00       		.byte	0
 439 00bf 00       		.byte	0
 440 00c0 08       		.uleb128 0x8
 441 00c1 1B000000 		.4byte	.LASF16
 442 00c5 03       		.byte	0x3
 443 00c6 53       		.byte	0x53
 444 00c7 AB000000 		.4byte	0xab
 445 00cb 09       		.uleb128 0x9
 446 00cc E7010000 		.4byte	.LASF17
 447 00d0 01       		.byte	0x1
 448 00d1 2B       		.byte	0x2b
 449 00d2 01       		.byte	0x1
 450 00d3 09       		.uleb128 0x9
 451 00d4 3B000000 		.4byte	.LASF18
 452 00d8 01       		.byte	0x1
 453 00d9 4D       		.byte	0x4d
 454 00da 01       		.byte	0x1
 455 00db 0A       		.uleb128 0xa
 456 00dc D3000000 		.4byte	0xd3
 457 00e0 00000000 		.4byte	.LFB1
 458 00e4 02000000 		.4byte	.LFE1-.LFB1
ARM GAS  C:\Users\elias\AppData\Local\Temp\ccDKKgZ6.s 			page 22


 459 00e8 01       		.uleb128 0x1
 460 00e9 9C       		.byte	0x9c
 461 00ea 0B       		.uleb128 0xb
 462 00eb 5B010000 		.4byte	.LASF19
 463 00ef 01       		.byte	0x1
 464 00f0 70       		.byte	0x70
 465 00f1 00000000 		.4byte	.LFB2
 466 00f5 18000000 		.4byte	.LFE2-.LFB2
 467 00f9 01       		.uleb128 0x1
 468 00fa 9C       		.byte	0x9c
 469 00fb 09010000 		.4byte	0x109
 470 00ff 0C       		.uleb128 0xc
 471 0100 10000000 		.4byte	.LVL0
 472 0104 39010000 		.4byte	0x139
 473 0108 00       		.byte	0
 474 0109 0B       		.uleb128 0xb
 475 010a 5C000000 		.4byte	.LASF20
 476 010e 01       		.byte	0x1
 477 010f 96       		.byte	0x96
 478 0110 00000000 		.4byte	.LFB3
 479 0114 14000000 		.4byte	.LFE3-.LFB3
 480 0118 01       		.uleb128 0x1
 481 0119 9C       		.byte	0x9c
 482 011a 28010000 		.4byte	0x128
 483 011e 0C       		.uleb128 0xc
 484 011f 0E000000 		.4byte	.LVL1
 485 0123 44010000 		.4byte	0x144
 486 0127 00       		.byte	0
 487 0128 0D       		.uleb128 0xd
 488 0129 38010000 		.4byte	.LASF27
 489 012d 01       		.byte	0x1
 490 012e 15       		.byte	0x15
 491 012f C0000000 		.4byte	0xc0
 492 0133 05       		.uleb128 0x5
 493 0134 03       		.byte	0x3
 494 0135 00000000 		.4byte	Tmr_UartRxWatchdog_backup
 495 0139 0E       		.uleb128 0xe
 496 013a B4010000 		.4byte	.LASF21
 497 013e B4010000 		.4byte	.LASF21
 498 0142 03       		.byte	0x3
 499 0143 5B       		.byte	0x5b
 500 0144 0E       		.uleb128 0xe
 501 0145 7B010000 		.4byte	.LASF22
 502 0149 7B010000 		.4byte	.LASF22
 503 014d 03       		.byte	0x3
 504 014e 8B       		.byte	0x8b
 505 014f 00       		.byte	0
 506              		.section	.debug_abbrev,"",%progbits
 507              	.Ldebug_abbrev0:
 508 0000 01       		.uleb128 0x1
 509 0001 11       		.uleb128 0x11
 510 0002 01       		.byte	0x1
 511 0003 25       		.uleb128 0x25
 512 0004 0E       		.uleb128 0xe
 513 0005 13       		.uleb128 0x13
 514 0006 0B       		.uleb128 0xb
 515 0007 03       		.uleb128 0x3
ARM GAS  C:\Users\elias\AppData\Local\Temp\ccDKKgZ6.s 			page 23


 516 0008 0E       		.uleb128 0xe
 517 0009 1B       		.uleb128 0x1b
 518 000a 0E       		.uleb128 0xe
 519 000b 55       		.uleb128 0x55
 520 000c 17       		.uleb128 0x17
 521 000d 11       		.uleb128 0x11
 522 000e 01       		.uleb128 0x1
 523 000f 10       		.uleb128 0x10
 524 0010 17       		.uleb128 0x17
 525 0011 00       		.byte	0
 526 0012 00       		.byte	0
 527 0013 02       		.uleb128 0x2
 528 0014 24       		.uleb128 0x24
 529 0015 00       		.byte	0
 530 0016 0B       		.uleb128 0xb
 531 0017 0B       		.uleb128 0xb
 532 0018 3E       		.uleb128 0x3e
 533 0019 0B       		.uleb128 0xb
 534 001a 03       		.uleb128 0x3
 535 001b 0E       		.uleb128 0xe
 536 001c 00       		.byte	0
 537 001d 00       		.byte	0
 538 001e 03       		.uleb128 0x3
 539 001f 24       		.uleb128 0x24
 540 0020 00       		.byte	0
 541 0021 0B       		.uleb128 0xb
 542 0022 0B       		.uleb128 0xb
 543 0023 3E       		.uleb128 0x3e
 544 0024 0B       		.uleb128 0xb
 545 0025 03       		.uleb128 0x3
 546 0026 08       		.uleb128 0x8
 547 0027 00       		.byte	0
 548 0028 00       		.byte	0
 549 0029 04       		.uleb128 0x4
 550 002a 16       		.uleb128 0x16
 551 002b 00       		.byte	0
 552 002c 03       		.uleb128 0x3
 553 002d 0E       		.uleb128 0xe
 554 002e 3A       		.uleb128 0x3a
 555 002f 0B       		.uleb128 0xb
 556 0030 3B       		.uleb128 0x3b
 557 0031 05       		.uleb128 0x5
 558 0032 49       		.uleb128 0x49
 559 0033 13       		.uleb128 0x13
 560 0034 00       		.byte	0
 561 0035 00       		.byte	0
 562 0036 05       		.uleb128 0x5
 563 0037 35       		.uleb128 0x35
 564 0038 00       		.byte	0
 565 0039 49       		.uleb128 0x49
 566 003a 13       		.uleb128 0x13
 567 003b 00       		.byte	0
 568 003c 00       		.byte	0
 569 003d 06       		.uleb128 0x6
 570 003e 13       		.uleb128 0x13
 571 003f 01       		.byte	0x1
 572 0040 0B       		.uleb128 0xb
ARM GAS  C:\Users\elias\AppData\Local\Temp\ccDKKgZ6.s 			page 24


 573 0041 0B       		.uleb128 0xb
 574 0042 3A       		.uleb128 0x3a
 575 0043 0B       		.uleb128 0xb
 576 0044 3B       		.uleb128 0x3b
 577 0045 0B       		.uleb128 0xb
 578 0046 01       		.uleb128 0x1
 579 0047 13       		.uleb128 0x13
 580 0048 00       		.byte	0
 581 0049 00       		.byte	0
 582 004a 07       		.uleb128 0x7
 583 004b 0D       		.uleb128 0xd
 584 004c 00       		.byte	0
 585 004d 03       		.uleb128 0x3
 586 004e 0E       		.uleb128 0xe
 587 004f 3A       		.uleb128 0x3a
 588 0050 0B       		.uleb128 0xb
 589 0051 3B       		.uleb128 0x3b
 590 0052 0B       		.uleb128 0xb
 591 0053 49       		.uleb128 0x49
 592 0054 13       		.uleb128 0x13
 593 0055 38       		.uleb128 0x38
 594 0056 0B       		.uleb128 0xb
 595 0057 00       		.byte	0
 596 0058 00       		.byte	0
 597 0059 08       		.uleb128 0x8
 598 005a 16       		.uleb128 0x16
 599 005b 00       		.byte	0
 600 005c 03       		.uleb128 0x3
 601 005d 0E       		.uleb128 0xe
 602 005e 3A       		.uleb128 0x3a
 603 005f 0B       		.uleb128 0xb
 604 0060 3B       		.uleb128 0x3b
 605 0061 0B       		.uleb128 0xb
 606 0062 49       		.uleb128 0x49
 607 0063 13       		.uleb128 0x13
 608 0064 00       		.byte	0
 609 0065 00       		.byte	0
 610 0066 09       		.uleb128 0x9
 611 0067 2E       		.uleb128 0x2e
 612 0068 00       		.byte	0
 613 0069 3F       		.uleb128 0x3f
 614 006a 19       		.uleb128 0x19
 615 006b 03       		.uleb128 0x3
 616 006c 0E       		.uleb128 0xe
 617 006d 3A       		.uleb128 0x3a
 618 006e 0B       		.uleb128 0xb
 619 006f 3B       		.uleb128 0x3b
 620 0070 0B       		.uleb128 0xb
 621 0071 27       		.uleb128 0x27
 622 0072 19       		.uleb128 0x19
 623 0073 20       		.uleb128 0x20
 624 0074 0B       		.uleb128 0xb
 625 0075 00       		.byte	0
 626 0076 00       		.byte	0
 627 0077 0A       		.uleb128 0xa
 628 0078 2E       		.uleb128 0x2e
 629 0079 00       		.byte	0
ARM GAS  C:\Users\elias\AppData\Local\Temp\ccDKKgZ6.s 			page 25


 630 007a 31       		.uleb128 0x31
 631 007b 13       		.uleb128 0x13
 632 007c 11       		.uleb128 0x11
 633 007d 01       		.uleb128 0x1
 634 007e 12       		.uleb128 0x12
 635 007f 06       		.uleb128 0x6
 636 0080 40       		.uleb128 0x40
 637 0081 18       		.uleb128 0x18
 638 0082 9742     		.uleb128 0x2117
 639 0084 19       		.uleb128 0x19
 640 0085 00       		.byte	0
 641 0086 00       		.byte	0
 642 0087 0B       		.uleb128 0xb
 643 0088 2E       		.uleb128 0x2e
 644 0089 01       		.byte	0x1
 645 008a 3F       		.uleb128 0x3f
 646 008b 19       		.uleb128 0x19
 647 008c 03       		.uleb128 0x3
 648 008d 0E       		.uleb128 0xe
 649 008e 3A       		.uleb128 0x3a
 650 008f 0B       		.uleb128 0xb
 651 0090 3B       		.uleb128 0x3b
 652 0091 0B       		.uleb128 0xb
 653 0092 27       		.uleb128 0x27
 654 0093 19       		.uleb128 0x19
 655 0094 11       		.uleb128 0x11
 656 0095 01       		.uleb128 0x1
 657 0096 12       		.uleb128 0x12
 658 0097 06       		.uleb128 0x6
 659 0098 40       		.uleb128 0x40
 660 0099 18       		.uleb128 0x18
 661 009a 9742     		.uleb128 0x2117
 662 009c 19       		.uleb128 0x19
 663 009d 01       		.uleb128 0x1
 664 009e 13       		.uleb128 0x13
 665 009f 00       		.byte	0
 666 00a0 00       		.byte	0
 667 00a1 0C       		.uleb128 0xc
 668 00a2 898201   		.uleb128 0x4109
 669 00a5 00       		.byte	0
 670 00a6 11       		.uleb128 0x11
 671 00a7 01       		.uleb128 0x1
 672 00a8 9542     		.uleb128 0x2115
 673 00aa 19       		.uleb128 0x19
 674 00ab 31       		.uleb128 0x31
 675 00ac 13       		.uleb128 0x13
 676 00ad 00       		.byte	0
 677 00ae 00       		.byte	0
 678 00af 0D       		.uleb128 0xd
 679 00b0 34       		.uleb128 0x34
 680 00b1 00       		.byte	0
 681 00b2 03       		.uleb128 0x3
 682 00b3 0E       		.uleb128 0xe
 683 00b4 3A       		.uleb128 0x3a
 684 00b5 0B       		.uleb128 0xb
 685 00b6 3B       		.uleb128 0x3b
 686 00b7 0B       		.uleb128 0xb
ARM GAS  C:\Users\elias\AppData\Local\Temp\ccDKKgZ6.s 			page 26


 687 00b8 49       		.uleb128 0x49
 688 00b9 13       		.uleb128 0x13
 689 00ba 02       		.uleb128 0x2
 690 00bb 18       		.uleb128 0x18
 691 00bc 00       		.byte	0
 692 00bd 00       		.byte	0
 693 00be 0E       		.uleb128 0xe
 694 00bf 2E       		.uleb128 0x2e
 695 00c0 00       		.byte	0
 696 00c1 3F       		.uleb128 0x3f
 697 00c2 19       		.uleb128 0x19
 698 00c3 3C       		.uleb128 0x3c
 699 00c4 19       		.uleb128 0x19
 700 00c5 6E       		.uleb128 0x6e
 701 00c6 0E       		.uleb128 0xe
 702 00c7 03       		.uleb128 0x3
 703 00c8 0E       		.uleb128 0xe
 704 00c9 3A       		.uleb128 0x3a
 705 00ca 0B       		.uleb128 0xb
 706 00cb 3B       		.uleb128 0x3b
 707 00cc 0B       		.uleb128 0xb
 708 00cd 00       		.byte	0
 709 00ce 00       		.byte	0
 710 00cf 00       		.byte	0
 711              		.section	.debug_aranges,"",%progbits
 712 0000 2C000000 		.4byte	0x2c
 713 0004 0200     		.2byte	0x2
 714 0006 00000000 		.4byte	.Ldebug_info0
 715 000a 04       		.byte	0x4
 716 000b 00       		.byte	0
 717 000c 0000     		.2byte	0
 718 000e 0000     		.2byte	0
 719 0010 00000000 		.4byte	.LFB1
 720 0014 02000000 		.4byte	.LFE1-.LFB1
 721 0018 00000000 		.4byte	.LFB2
 722 001c 18000000 		.4byte	.LFE2-.LFB2
 723 0020 00000000 		.4byte	.LFB3
 724 0024 14000000 		.4byte	.LFE3-.LFB3
 725 0028 00000000 		.4byte	0
 726 002c 00000000 		.4byte	0
 727              		.section	.debug_ranges,"",%progbits
 728              	.Ldebug_ranges0:
 729 0000 00000000 		.4byte	.LFB1
 730 0004 02000000 		.4byte	.LFE1
 731 0008 00000000 		.4byte	.LFB2
 732 000c 18000000 		.4byte	.LFE2
 733 0010 00000000 		.4byte	.LFB3
 734 0014 14000000 		.4byte	.LFE3
 735 0018 00000000 		.4byte	0
 736 001c 00000000 		.4byte	0
 737              		.section	.debug_line,"",%progbits
 738              	.Ldebug_line0:
 739 0000 A6000000 		.section	.debug_str,"MS",%progbits,1
 739      02006A00 
 739      00000201 
 739      FB0E0D00 
 739      01010101 
ARM GAS  C:\Users\elias\AppData\Local\Temp\ccDKKgZ6.s 			page 27


 740              	.LASF6:
 741 0000 6C6F6E67 		.ascii	"long long int\000"
 741      206C6F6E 
 741      6720696E 
 741      7400
 742              	.LASF8:
 743 000e 756E7369 		.ascii	"unsigned int\000"
 743      676E6564 
 743      20696E74 
 743      00
 744              	.LASF16:
 745 001b 546D725F 		.ascii	"Tmr_UartRxWatchdog_backupStruct\000"
 745      55617274 
 745      52785761 
 745      74636864 
 745      6F675F62 
 746              	.LASF18:
 747 003b 546D725F 		.ascii	"Tmr_UartRxWatchdog_RestoreConfig\000"
 747      55617274 
 747      52785761 
 747      74636864 
 747      6F675F52 
 748              	.LASF20:
 749 005c 546D725F 		.ascii	"Tmr_UartRxWatchdog_Wakeup\000"
 749      55617274 
 749      52785761 
 749      74636864 
 749      6F675F57 
 750              	.LASF12:
 751 0076 75696E74 		.ascii	"uint8\000"
 751      3800
 752              	.LASF5:
 753 007c 6C6F6E67 		.ascii	"long unsigned int\000"
 753      20756E73 
 753      69676E65 
 753      6420696E 
 753      7400
 754              	.LASF24:
 755 008e 47656E65 		.ascii	"Generated_Source\\PSoC5\\Tmr_UartRxWatchdog_PM.c\000"
 755      72617465 
 755      645F536F 
 755      75726365 
 755      5C50536F 
 756              	.LASF7:
 757 00bd 6C6F6E67 		.ascii	"long long unsigned int\000"
 757      206C6F6E 
 757      6720756E 
 757      7369676E 
 757      65642069 
 758              	.LASF9:
 759 00d4 666C6F61 		.ascii	"float\000"
 759      7400
 760              	.LASF25:
 761 00da 433A5C47 		.ascii	"C:\\Github\\Tesis\\src\\psoc\\AcondicionamientoAnal"
 761      69746875 
 761      625C5465 
 761      7369735C 
ARM GAS  C:\Users\elias\AppData\Local\Temp\ccDKKgZ6.s 			page 28


 761      7372635C 
 762 0108 6F676963 		.ascii	"ogico.cydsn\000"
 762      6F2E6379 
 762      64736E00 
 763              	.LASF26:
 764 0114 54696D65 		.ascii	"TimerEnableState\000"
 764      72456E61 
 764      626C6553 
 764      74617465 
 764      00
 765              	.LASF1:
 766 0125 756E7369 		.ascii	"unsigned char\000"
 766      676E6564 
 766      20636861 
 766      7200
 767              	.LASF11:
 768 0133 63686172 		.ascii	"char\000"
 768      00
 769              	.LASF27:
 770 0138 546D725F 		.ascii	"Tmr_UartRxWatchdog_backup\000"
 770      55617274 
 770      52785761 
 770      74636864 
 770      6F675F62 
 771              	.LASF4:
 772 0152 6C6F6E67 		.ascii	"long int\000"
 772      20696E74 
 772      00
 773              	.LASF19:
 774 015b 546D725F 		.ascii	"Tmr_UartRxWatchdog_Sleep\000"
 774      55617274 
 774      52785761 
 774      74636864 
 774      6F675F53 
 775              	.LASF10:
 776 0174 646F7562 		.ascii	"double\000"
 776      6C6500
 777              	.LASF22:
 778 017b 546D725F 		.ascii	"Tmr_UartRxWatchdog_Enable\000"
 778      55617274 
 778      52785761 
 778      74636864 
 778      6F675F45 
 779              	.LASF3:
 780 0195 73686F72 		.ascii	"short unsigned int\000"
 780      7420756E 
 780      7369676E 
 780      65642069 
 780      6E7400
 781              	.LASF0:
 782 01a8 7369676E 		.ascii	"signed char\000"
 782      65642063 
 782      68617200 
 783              	.LASF21:
 784 01b4 546D725F 		.ascii	"Tmr_UartRxWatchdog_Stop\000"
 784      55617274 
 784      52785761 
ARM GAS  C:\Users\elias\AppData\Local\Temp\ccDKKgZ6.s 			page 29


 784      74636864 
 784      6F675F53 
 785              	.LASF14:
 786 01cc 6C6F6E67 		.ascii	"long double\000"
 786      20646F75 
 786      626C6500 
 787              	.LASF2:
 788 01d8 73686F72 		.ascii	"short int\000"
 788      7420696E 
 788      7400
 789              	.LASF13:
 790 01e2 72656738 		.ascii	"reg8\000"
 790      00
 791              	.LASF17:
 792 01e7 546D725F 		.ascii	"Tmr_UartRxWatchdog_SaveConfig\000"
 792      55617274 
 792      52785761 
 792      74636864 
 792      6F675F53 
 793              	.LASF15:
 794 0205 73697A65 		.ascii	"sizetype\000"
 794      74797065 
 794      00
 795              	.LASF23:
 796 020e 474E5520 		.ascii	"GNU C11 5.4.1 20160609 (release) [ARM/embedded-5-br"
 796      43313120 
 796      352E342E 
 796      31203230 
 796      31363036 
 797 0241 616E6368 		.ascii	"anch revision 237715] -mcpu=cortex-m3 -mthumb -g -O"
 797      20726576 
 797      6973696F 
 797      6E203233 
 797      37373135 
 798 0274 33202D66 		.ascii	"3 -ffunction-sections -ffat-lto-objects -finline-fu"
 798      66756E63 
 798      74696F6E 
 798      2D736563 
 798      74696F6E 
 799 02a7 6E637469 		.ascii	"nctions -flto\000"
 799      6F6E7320 
 799      2D666C74 
 799      6F00
 800              		.comm	__gnu_lto_v1,1,1
 801              		.ident	"GCC: (GNU Tools for ARM Embedded Processors) 5.4.1 20160609 (release) [ARM/embedded-5-bran
