ARM GAS  C:\Users\elias\AppData\Local\Temp\ccxjVEtk.s 			page 1


   1              		.syntax unified
   2              		.cpu cortex-m3
   3              		.fpu softvfp
   4              		.eabi_attribute 20, 1
   5              		.eabi_attribute 21, 1
   6              		.eabi_attribute 23, 3
   7              		.eabi_attribute 24, 1
   8              		.eabi_attribute 25, 1
   9              		.eabi_attribute 26, 1
  10              		.eabi_attribute 30, 2
  11              		.eabi_attribute 34, 1
  12              		.eabi_attribute 18, 4
  13              		.thumb
  14              		.syntax unified
  15              		.file	"Tmr_CaptureWatchdog_PM.c"
  16              		.text
  17              	.Ltext0:
  18              		.section	.gnu.lto_.profile.51baa158,"",%progbits
  19 0000 789C6361 		.ascii	"x\234ca`d`a`\000\222\252\374\000\000\303\000?"
  19      60646061 
  19      600092AA 
  19      FC0000C3 
  19      003F
  20              		.text
  21              		.section	.gnu.lto_.icf.51baa158,"",%progbits
  22 0000 789C6361 		.ascii	"x\234ca`d\000\001\005\006\004`eX?\363A\013\023#\230"
  22      60640001 
  22      05060460 
  22      65583FF3 
  22      410B1323 
  23 0015 645AF664 		.ascii	"dZ\366d\3124~\346I\333\027\337ef\371\265xV\027+\003"
  23      CA347EE6 
  23      49DB17DF 
  23      6566F9B5 
  23      7856172B 
  24 002a 00E8690D 		.ascii	"\000\350i\015\346"
  24      E6
  25              		.text
  26              		.section	.gnu.lto_.jmpfuncs.51baa158,"",%progbits
  27 0000 789C6361 		.ascii	"x\234ca`d\000\001\001\006\004`\001b\240(\023\224\311"
  27      60640001 
  27      01060460 
  27      0162A028 
  27      1394C9
  28 0013 00000308 		.ascii	"\000\000\003\010\000!"
  28      0021
  29              		.text
  30              		.section	.gnu.lto_.inline.51baa158,"",%progbits
  31 0000 789C6361 		.ascii	"x\234ca`d\000\2010\006\004`a``fbd`\0022\331\026\310"
  31      60640081 
  31      30060460 
  31      61606066 
  31      62646002 
  32 0018 8328A022 		.ascii	"\203(\240\"t\021&\006.A\240\010\317\004?\204\".\260"
  32      74112606 
  32      2E41A008 
  32      CF043F84 
ARM GAS  C:\Users\elias\AppData\Local\Temp\ccxjVEtk.s 			page 2


  32      222EB0
  33 002b 667676A0 		.ascii	"fvv\2408\333\007=Tq\006\000\366\220\005\346"
  33      38DB073D 
  33      54710600 
  33      F69005E6 
  34              		.text
  35              		.section	.gnu.lto_.pureconst.51baa158,"",%progbits
  36 0000 789C6361 		.ascii	"x\234ca`d\340d```a\0002\230\244X$\000\001y\000L"
  36      6064E064 
  36      60606061 
  36      003298A4 
  36      58240001 
  37              		.text
  38              		.section	.gnu.lto_Tmr_CaptureWatchdog_SaveConfig.51baa158,"",%progbits
  39 0000 789C6361 		.ascii	"x\234ca`d\000\201j 6\002bi fdf`d\232p\216\201\241\221"
  39      60640081 
  39      6A203602 
  39      62692066 
  39      64666064 
  40 001a 83899111 		.ascii	"\203\211\221\021\304h\340`d\250gb\254g\374\312\364\227"
  40      C468E060 
  40      64A86762 
  40      AC67FCCA 
  40      F497
  41 002c 89F150FB 		.ascii	"\211\361P\373\263\235L\232\313\033\200\340\301\323i"
  41      B39D4C9A 
  41      CB1B80E0 
  41      C1D369
  42 003b CC0D2B0E 		.ascii	"\314\015+\0160\266230\374g\002\233\304\300\270\234Q"
  42      30B63233 
  42      30FC6702 
  42      9BC4C0B8 
  42      9C51
  43 004d 9301A8EC 		.ascii	"\223\001\250\354\321\306\177Sy\331Z@\312\024 \222\214"
  43      D1C67F53 
  43      79D95A40 
  43      CA142092 
  43      8C
  44 005e 2B18D940 		.ascii	"+\030\331@\326\255\017:\320\360\377\177s\303\201\235"
  44      D6AD0F3A 
  44      D0F0FF7F 
  44      73C3819D 
  45 006e AC0F9981 		.ascii	"\254\017\231\201\022\037\200\030d\315G&&\020\315\374"
  45      121F8018 
  45      64CD4726 
  45      2610CDFC 
  46 007e 8A9109A4 		.ascii	"\212\221\011\244\024l\332\007&F\220\030P\205\201{j^"
  46      146CDA07 
  46      26469018 
  46      5085817B 
  46      6A5E
  47 0090 6A516249 		.ascii	"jQbIjJ|p~iQrjL@p\276\263iLHnQ\274sbAIiQjxbIrFJ~z|\200"
  47      6A4A7C70 
  47      7E695172 
  47      6A4C4070 
  47      BEB3694C 
  48 00b9 AF5E3203 		.ascii	"\257^2\003\000L1>\274"
ARM GAS  C:\Users\elias\AppData\Local\Temp\ccxjVEtk.s 			page 3


  48      004C313E 
  48      BC
  49              		.text
  50              		.section	.gnu.lto_Tmr_CaptureWatchdog_RestoreConfig.51baa158,"",%progbits
  51 0000 789C6361 		.ascii	"x\234ca`d\000\201\032 6\002bi fdf`d\232p\216\201\241"
  51      60640081 
  51      1A203602 
  51      62692066 
  51      64666064 
  52 0019 91838991 		.ascii	"\221\203\211\221\021\304h\340`d\250gb\254g\374\312\364"
  52      11C468E0 
  52      6064A867 
  52      62AC67FC 
  52      CAF4
  53 002b 9789F150 		.ascii	"\227\211\361P\373\263\235L\232\313\033\200\340\301\322"
  53      FBB39D4C 
  53      9ACB1B80 
  53      E0C1D2
  54 003a E7060D2B 		.ascii	"\347\006\015+\0160\266230\374g\002\233\304\300\270\234"
  54      0E30B632 
  54      3330FC67 
  54      029BC4C0 
  54      B89C
  55 004c 519301A8 		.ascii	"Q\223\001\250\354\321\306\177Sy\331Z@\312\024 \222\214"
  55      ECD1C67F 
  55      5379D95A 
  55      40CA1420 
  55      928C
  56 005e 2B18D940 		.ascii	"+\030\331@\326\255\017:\320\360\377\177s\303\201\275"
  56      D6AD0F3A 
  56      D0F0FF7F 
  56      73C381BD 
  57 006e 6C07BFB1 		.ascii	"l\007\277\261\001e>\0001\310\236\217LL \232\371\025"
  57      01653E00 
  57      31C89E8F 
  57      4C4C209A 
  57      F915
  58 0080 2313482D 		.ascii	"#\023H-\330\270\017L\214 1\240\012\003\367\324\274\324"
  58      D8B80F4C 
  58      8C2031A0 
  58      0A03F7D4 
  58      BCD4
  59 0092 A2C492D4 		.ascii	"\242\304\222\324\224\370\340\374\322\242\344\324\230"
  59      94F8E0FC 
  59      D2A2E4D4 
  59      98
  60 009f 80E07C67 		.ascii	"\200\340|g\323\230\220\334\242x\347\304\202\222\322"
  60      D39890DC 
  60      A278E7C4 
  60      8292D2
  61 00ae A2D4F0C4 		.ascii	"\242\324\360\304\222\344\214\224\374\364\370\000_\275"
  61      92E48C94 
  61      FCF4F800 
  61      5FBD
  62 00bc 640600E6 		.ascii	"d\006\000\346@?\331"
  62      403FD9
  63              		.text
ARM GAS  C:\Users\elias\AppData\Local\Temp\ccxjVEtk.s 			page 4


  64              		.section	.gnu.lto_Tmr_CaptureWatchdog_Sleep.51baa158,"",%progbits
  65 0000 789C8D91 		.ascii	"x\234\215\221\317k\023Q\020\307\347\373\336n\262D\213"
  65      CF6B1351 
  65      10C7E7FB 
  65      DE6EB244 
  65      8B
  66 0011 FE01A578 		.ascii	"\376\001\245x\355\305\024\301\253\227\202\202 \024+"
  66      EDC514C1 
  66      AB978282 
  66      20142B
  67 0020 78298490 		.ascii	"x)\204\220,z\261\221\220\236\363\322\315\332VD\264E"
  67      2C7AB191 
  67      909EF3D2 
  67      CDDA5644 
  67      B445
  68 0032 6F369742 		.ascii	"o6\227B\353\217\232D\373\303@\0171\004z)*\264\236zQ"
  68      EB8F9A44 
  68      FBC3400F 
  68      31047A29 
  68      2AB49E7A 
  69 0047 0F414A0F 		.ascii	"\017AJ\017)T\304b\023gv\265\012\2028\260\373\336\316"
  69      2954C462 
  69      136776B5 
  69      0A8238B0 
  69      FBDECE
  70 005a FBBEF97C 		.ascii	"\373\276\371|w\306\"\220DZ\021\235\341\365\034?\210"
  70      77C62290 
  70      445A119D 
  70      E1F51C3F 
  70      88
  71 006b 10D4BD37 		.ascii	"\020\324\2757D\005G)\275\326G&fm\305\311\034\327\260"
  71      44054729 
  71      BDD64726 
  71      666DC5C9 
  71      1CD7B0
  72 007e C3B4F56B 		.ascii	"\303\264\365kc\003\2621\016(\257\264e#\217/\352P\241"
  72      6303B231 
  72      0E28AFB4 
  72      65238F2F 
  72      EA50A1
  73 0091 31D1AAA9 		.ascii	"1\321\252\251\376y\303\361\301?\0300\013u\370\232\250"
  73      FE79C3F1 
  73      C13F1830 
  73      0B75F89A 
  73      A8
  74 00a2 AB021861 		.ascii	"\253\002\030a\036\375\304\262O\325\316\203\236HQd\247"
  74      1EFDC4B2 
  74      4FD5CE83 
  74      9E485164 
  74      A7
  75 00b3 C2432C20 		.ascii	"\302C, \"\216\312\227\353\246\333\365L}3\372z:\346("
  75      228ECA97 
  75      EBA6DBF5 
  75      4C7D33FA 
  75      7A3AE628 
  76 00c7 F2352C79 		.ascii	"\3625,y\021\265Y'\320=\245d\325-4\016n\267f\337A\356"
  76      11B55927 
ARM GAS  C:\Users\elias\AppData\Local\Temp\ccxjVEtk.s 			page 5


  76      D03DA564 
  76      D52D340E 
  76      6EB766DF 
  77 00dd 7ADAE2BA 		.ascii	"z\332\342\272\017\375\306\333\350\276\362\265\202`\346"
  77      0FFDC6DB 
  77      E8BEF2B5 
  77      8260E6
  78 00ec EE34279D 		.ascii	"\3564'\235\360\323\314\026\214(V\346V7\217\225\360\250"
  78      F0D3CC16 
  78      8C2856E6 
  78      56378F95 
  78      F0A8
  79 00fe 5064631A 		.ascii	"Pdc\032O\320\213\307\350e\376S\224@-x\337\317\223\247"
  79      4FD08BC7 
  79      E865FE53 
  79      94402D78 
  79      DFCF93A7 
  80 0112 55586EA9 		.ascii	"UXn\251\271~+\270\017\216g,\373\210\342\2667\032\362"
  80      B97E2BB8 
  80      0F8E672C 
  80      FB88E2B6 
  80      371AF2
  81 0125 E477CBBB 		.ascii	"\344w\313\273\265o=\241\200\260(uH\374iZ\353c{\343\373"
  81      B56F3DA1 
  81      80B02875 
  81      48FC695A 
  81      EB637BE3 
  82 013a EDAFF74F 		.ascii	"\355\257\367O\210\372OkV`\255V\333\335\216\346\017\315"
  82      88FA4F6B 
  82      5660AD56 
  82      DBDD8EE6 
  82      0FCD
  83 014c A4312739 		.ascii	"\2441'97\305M\222\364\316\306\373fL\354\231 o\243\314"
  83      37C54D92 
  83      F4CEC6FB 
  83      664CEC99 
  83      206FA3CC 
  84 0160 9D7D2E85 		.ascii	"\235}.\205\371\360\356\253\312\224\023_\224\256\231"
  84      F9F0EEAB 
  84      CA94135F 
  84      94AE99
  85 016f 12DB8FA0 		.ascii	"\022\333\217\240\302\246;AoQE\234%\313\023\033\325\230"
  85      C2A63B41 
  85      6F51459C 
  85      25CB131B 
  85      D598
  86 0181 5022ECF8 		.ascii	"P\"\354\370E`hOY\264\025\017\354T:Gv\376\227\377\362"
  86      4560684F 
  86      59B4150F 
  86      EC543A47 
  86      76FE97FF 
  87 0196 9FFCA5DF 		.ascii	"\237\374\245\337\374\345\200\177\364\227<L\254\374\344"
  87      FCE5807F 
  87      F4973C4C 
  87      ACFCE4
  88 01a5 DBC1B83E 		.ascii	"\333\301\270>\303\253w\327\225\360\377n@\264\313\023"
  88      C3AB77D7 
ARM GAS  C:\Users\elias\AppData\Local\Temp\ccxjVEtk.s 			page 6


  88      95F0FF6E 
  88      40B4CB13 
  89 01b5 23AC22CF 		.ascii	"#\254\"\317\263vh\007\343\365\231\213\201T\242\315\207"
  89      B3766807 
  89      E3F5998B 
  89      8154A2CD 
  89      87
  90 01c6 5C824103 		.ascii	"\\\202A\003\027\334Q7\233\314\271\351\304pf,\233rG\206"
  90      17DC5137 
  90      9BCCB9E9 
  90      C470662C 
  90      9B724786 
  91 01da 86338367 		.ascii	"\2063\203gG\256\334\310&\006\2237scY\367j2\227\272\236"
  91      47AEDCC8 
  91      26069337 
  91      736359F7 
  91      6A3297BA 
  92 01ef CE5C4B0C 		.ascii	"\316\\K\014]:\235\242\037\253\307\352d"
  92      5D3A9DA2 
  92      1FABC7EA 
  92      64
  93              		.text
  94              		.section	.gnu.lto_Tmr_CaptureWatchdog_Wakeup.51baa158,"",%progbits
  95 0000 789C654F 		.ascii	"x\234eO=HBQ\030\375\276{\237\366\222\302\206\306\206"
  95      3D484251 
  95      18FDBE7B 
  95      9FF692C2 
  95      86C686
  96 0013 D686B2A2 		.ascii	"\326\206\262\242\326\026\207 \010$\213\226@D\037\265"
  96      D6168720 
  96      08248B96 
  96      40441FB5 
  97 0023 A4213A7B 		.ascii	"\244!:{\375y\225K\264\324\026\215Z\366'4d\323K\314@"
  97      FD79954B 
  97      B4D4168D 
  97      5AF62734 
  97      64D34BCC 
  98 0038 A2A69622 		.ascii	"\242\246\226\"*\007\011i0\250\241A_\337}\016\015\035"
  98      2A070969 
  98      30A8A141 
  98      5FDF7D0E 
  98      0D1D
  99 004a B87C9773 		.ascii	"\270|\227s\317\271\347|\012 H,\320\030\2479A\007m\200"
  99      CFB9E77C 
  99      0A20482C 
  99      D018A739 
  99      41076D80 
 100 005e 6CFB0E20 		.ascii	"l\373\016 \2412\306+N\020\016\245:\005\242\207\243\322"
 100      A132C62B 
 100      4E100EA5 
 100      3A05A287 
 100      A3D2
 101 0070 A1154479 		.ascii	"\241\025Dy\021*B\234q\005\343\370\315Z\014K\033\365"
 101      112A429C 
 101      7105E3F8 
 101      CD5A0C4B 
 101      1BF5
ARM GAS  C:\Users\elias\AppData\Local\Temp\ccxjVEtk.s 			page 7


 102 0082 221BCA0A 		.ascii	"\"\033\312\012\302\353u~L\344\014\3249\200\311\254\010"
 102      C2EB757E 
 102      4CE40CD4 
 102      3980C9AC 
 102      08
 103 0093 C02C0E01 		.ascii	"\300,\016\001\311j\205\366N\257=-e\203\235G\314\241"
 103      C96A85F6 
 103      4EAF3D2D 
 103      65839D47 
 103      CCA1
 104 00a5 5DF6389D 		.ascii	"]\3668\2353\204i\246\204\361\342\270j;l\034tNt\223$"
 104      338469A6 
 104      84F1E2B8 
 104      6A3B6C1C 
 104      744E7493 
 105 00ba 32EE9331 		.ascii	"2\356\22319y\035\223\227\205\347Z\267t\2458\247\037"
 105      39791D93 
 105      9785E75A 
 105      B774A538 
 105      A71F
 106 00cc 77F5D27D 		.ascii	"w\365\322}\327\027\3239C\031P,~<u\305[bS\210>\3422\324"
 106      D717D339 
 106      4319502C 
 106      7E3C75C5 
 106      5B625388 
 107 00e4 41D28DDB 		.ascii	"A\322\215\333\207\262c\037\367\022\302\3429\036R\361"
 107      87B2631F 
 107      F712C2E2 
 107      391E52F1 
 108 00f4 031CB01E 		.ascii	"\003\034\260\036\267.\3162\252kX\247m\362\270\217m\253"
 108      B72ECE32 
 108      AA6B58A7 
 108      6DF2B88F 
 108      6DAB
 109 0106 331EA10B 		.ascii	"3\036\241\013\3360\375\230\012\375\205\235\227o\326"
 109      DE30FD98 
 109      0AFD859D 
 109      976FD6
 110 0115 55198684 		.ascii	"U\031\206\204ci\007\331\215C\305\311\3371e\374T\373"
 110      636907D9 
 110      8D43C5C9 
 110      DF3165FC 
 110      54FB
 111 0127 A5F87F11 		.ascii	"\245\370\177\021\233I\365\000O0N{\331-\223b-\324\300"
 111      9B49F500 
 111      4F304E7B 
 111      D92D9362 
 111      2DD4C0
 112 013a A461CE58 		.ascii	"\244a\316X&\211&\311\210\246\006\243\323ZH\213\370\243"
 112      268926C9 
 112      88A606A3 
 112      D35A488B 
 112      F8A3
 113 014c 5AD0E70D 		.ascii	"Z\320\347\015\307\"\001m\311\343\015\273'\227\346W#"
 113      C722016D 
 113      C9E30DBB 
 113      2797E657 
ARM GAS  C:\Users\elias\AppData\Local\Temp\ccxjVEtk.s 			page 8


 113      23
 114 015d 3EB77F2D 		.ascii	">\267\177-\032\213h\213\376h`%\030^\366yfG\002\360\013"
 114      1A8B688B 
 114      FE686025 
 114      185EF679 
 114      664702F0 
 115 0172 CFA28C1F 		.ascii	"\317\242\214\037"
 116              		.text
 117              		.section	.gnu.lto_.symbol_nodes.51baa158,"",%progbits
 118 0000 789C558A 		.ascii	"x\234U\212\271\015\2000\020\004\347\036\273\000b\002"
 118      B90D8030 
 118      1004E71E 
 118      BB006202 
 119 0010 28149D4B 		.ascii	"(\024\235K\240\036DHL\017H\324\2018\021\341MV3\273\216"
 119      A01E4448 
 119      4C0F48D4 
 119      813811E1 
 119      4D5633BB 
 120 0025 B0905109 		.ascii	"\260\220Q\011XO\310\332\332\234BCza\241\235(\320\006"
 120      584FC8DA 
 120      DA9C4243 
 120      7A61A19D 
 120      28D006
 121 0038 30F5B06E 		.ascii	"0\365\260n\220\022\376\211<\264)\271F\371\263i\341\270"
 121      9012FE89 
 121      3CB429B9 
 121      46F9B369 
 121      E1B8
 122 004a 1E31AFDC 		.ascii	"\0361\257\334\373\310\013\200\236\032\230"
 122      FBC80B80 
 122      9E1A98
 123              		.text
 124              		.section	.gnu.lto_.refs.51baa158,"",%progbits
 125 0000 789C05C1 		.ascii	"x\234\005\301\261\001\000\000\010\303\240\304\326\325"
 125      B1010000 
 125      08C3A0C4 
 125      D6D5
 126 000e FFCF158A 		.ascii	"\377\317\025\212\0340cj\326\022y\002r\0002"
 126      1C30636A 
 126      D6127902 
 126      720032
 127              		.text
 128              		.section	.gnu.lto_.decls.51baa158,"",%progbits
 129 0000 789C8D94 		.ascii	"x\234\215\224\177lSU\024\307\357y\257]\307\243\200a"
 129      7F6C5355 
 129      14C7EF79 
 129      AF5DC7A3 
 129      8061
 130 0012 C64CD398 		.ascii	"\306L\323\230B \351?\314MB\302\237&\213 \177h\210\345"
 130      4220E93F 
 130      CC4D42C2 
 130      9F268B20 
 130      7F6888E5 
 131 0026 C71F6266 		.ascii	"\307\037bfW\236ca\254\245\274\232\360\207\311\335XQ"
 131      579E6361 
 131      ACA5BC9A 
 131      F087C9DD 
ARM GAS  C:\Users\elias\AppData\Local\Temp\ccxjVEtk.s 			page 9


 131      5851
 132 0038 C01FAB3A 		.ascii	"\300\037\253:\307\246f\223%8FK\273\255\217n\310\217"
 132      C7A66693 
 132      2538464B 
 132      BBAD8F6E 
 132      C88F
 133 004a 3204F60B 		.ascii	"2\004\366\013\002\"\030\035\0113\023qQ\222\251\240\251"
 133      0222181D 
 133      09331371 
 133      5192A9A0 
 133      A9
 134 005b 66ABE7DE 		.ascii	"f\253\347\336\367\036\257#o\312\315\316\333=\357}\317"
 134      F71EAF23 
 134      6FCACDCE 
 134      DB3DEF7D 
 134      CF
 135 006c E79C7BEE 		.ascii	"\347\234{\356\275\265\021 l\234\266\023\362.NK\321r"
 135      BDB51120 
 135      6C9CB613 
 135      F22E4E4B 
 135      D172
 136 007e 38D0259B 		.ascii	"8\320%\233\2109\012\320\342h\011\264n\264^4\025-\215"
 136      88390AD0 
 136      E26809B4 
 136      6EB45E34 
 136      152D8D
 137 0091 C608E7C9 		.ascii	"\306\010\347\311\354\021\327\337\033\014\320\337=<\022"
 137      EC11D7DF 
 137      1B0CD0DF 
 137      3D3C12
 138 00a0 16BA8485 		.ascii	"\026\272\204\205\216\345\234\247\353\\h\303h\203h#h"
 138      8EE59CA7 
 138      EB5C68C3 
 138      68836823 
 138      68
 139 00b1 E758FD68 		.ascii	"\347X\375h\243h1\235q\006M\320\343\3249jdkp\3441\377"
 139      A368319D 
 139      71064DD0 
 139      E3D4396A 
 139      646B70E4 
 140 00c7 8FD5FB1F 		.ascii	"\217\325\373\037\353\235\026 \327\226z\277p\014\276"
 140      EB9D1620 
 140      D7967ABF 
 140      700CBE
 141 00d6 0391E84D 		.ascii	"\003\221\350M%\000\332\023\270\021\315\270\213\023\201"
 141      2500DA13 
 141      B811CDB8 
 141      8B1381
 142 00e5 6813E3D5 		.ascii	"h\023\343\325\203At\211`LM\030\377\323\343!g\014\016"
 142      83417489 
 142      604C4D18 
 142      FFD3E321 
 142      670C0E
 143 00f8 31E9A007 		.ascii	"1\351\240\007i\276\321W=\010\0043\001h\256\021\221\307"
 143      69BED157 
 143      3D080433 
 143      0168AE11 
ARM GAS  C:\Users\elias\AppData\Local\Temp\ccxjVEtk.s 			page 10


 143      91C7
 144 010a 7BA822A3 		.ascii	"{\250\"\243f#\015o\007_t_\327Tn\201(\000\233\337\312"
 144      66230D6F 
 144      075F745F 
 144      D7546E81 
 144      28009BDF 
 145 011f 76AE2989 		.ascii	"v\256)\211Q\034\215\224\012\353\314\316\\mH~*\336\023"
 145      511C8D94 
 145      0AEBCCCE 
 145      5C6D487E 
 145      2ADE13
 146 0132 60B10436 		.ascii	"`\261\0046t\177\273\324:\261\020\335\307%p\243;=\364"
 146      747FBBD4 
 146      3AB110DD 
 146      C72570A3 
 146      3B3DF4
 147 0145 49AB50FC 		.ascii	"I\253P\3741\217\333C\3356\330\364\004\034\005\027t\001"
 147      318FDB43 
 147      DD36D8F4 
 147      041C0517 
 147      7401
 148 0157 6E0AC4A0 		.ascii	"n\012\304\240\030\237\2256\215t\273c`F\\\332N\247\222"
 148      189F9536 
 148      8D74BB63 
 148      60465CDA 
 148      4EA792
 149 016a 745CBDFB 		.ascii	"t\\\275\373l\013\3154PZ'0\025t\202\010G\240\204\025"
 149      6C0BCD34 
 149      505A2730 
 149      15748208 
 149      47A08415 
 150 017e D9C9F680 		.ascii	"\331\311\366\200\300\0270\206\365\306a)F&\325\256\210"
 150      C0173086 
 150      F5C66129 
 150      4626D5AE 
 150      88
 151 018f 5D7C8517 		.ascii	"]|\205\027:\322\364}\277S\243dN\\p\322\306:\332\376"
 151      3AD2F47D 
 151      BF53A364 
 151      4E5C70D2 
 151      C63ADAFE 
 152 01a3 1C671C33 		.ascii	"\034g\0343\031\307\362\031\011\316x\357\332\255\353"
 152      19C7F219 
 152      09CE78EF 
 152      DAADEB
 153 01b2 F3C43739 		.ascii	"\363\30479\343\257\344\327\277\010\310hG\306\225\213"
 153      E3AFE4D7 
 153      BF08C868 
 153      47C6958B 
 154 01c2 9C413546 		.ascii	"\234A5F\322d$\363\031\335\234\021KG\325Eb3p\310\357"
 154      D26424F3 
 154      19DD9C11 
 154      4B47D545 
 154      623370C8 
 155 01d7 91B17D4E 		.ascii	"\221\261}N\035rs8\037\322cBz\362!\275\034\3226S\027"
 155      1D727338 
 155      1FD26342 
ARM GAS  C:\Users\elias\AppData\Local\Temp\ccxjVEtk.s 			page 11


 155      7AF221BD 
 155      1CD23653 
 156 01ec 9B2FF668 		.ascii	"\233/\366h\220\313\207\277\031\225\0202N\351x\372\362"
 156      90CB87BF 
 156      19951032 
 156      4EE978FA 
 156      F2
 157 01fd ABD18EBD 		.ascii	"\253\321\216\275\231F\340\215\203\224IIq\012NTNh\275"
 157      9946E08D 
 157      83944949 
 157      710A4E54 
 157      4E68BD
 158 0210 33DC0662 		.ascii	"3\334\006bV#d\207\356\037pj\204Lz\277\330B\007l<\374"
 158      56236487 
 158      EE1F706A 
 158      844C7ABF 
 158      D842076C 
 159 0226 B8197EDC 		.ascii	"\270\031~\334\010O\363\360\216w&g$\361#m\337\263\251"
 159      084FF3F0 
 159      8E772667 
 159      24F1236D 
 159      DFB3A9
 160 0239 EB071789 		.ascii	"\353\007\027\211\011\315ID~<R\210\233\353\222 \007\314"
 160      09CD4944 
 160      7E3C5288 
 160      9BEB9220 
 160      07CC
 161 024b FFB53FBB 		.ascii	"\377\265?\273@\363\331\347\226\350\304\314|1\303\265"
 161      40F3D9E7 
 161      96E8C4CC 
 161      7C31C3B5 
 162 025b C2B589A3 		.ascii	"\302\265\211\243\2236\360H\207\331\336\217\177v\243"
 162      9336F048 
 162      87D9DE8F 
 162      7F76A3
 163 026a A6F92D3C 		.ascii	"\246\371-<8p\032$8i\246vI\370|\233\322z:u\210\026\024"
 163      38701A24 
 163      3869A676 
 163      49F87C9B 
 163      D27A3A75 
 164 0281 1358E982 		.ascii	"\023X\351\202R\027\201S\340aT\246\202/\361\274\234\300"
 164      52178153 
 164      E06154A6 
 164      822FF1BC 
 164      9CC0
 165 0293 F3322D88 		.ascii	"\3632-\210\177\253'o:`Y\221\347\020\013\301\216\254"
 165      7FAB276F 
 165      3A605991 
 165      E7100BC1 
 165      8EAC
 166 02a5 E99E88D0 		.ascii	"\351\236\210\320\344k\034\333\217\330\014\024\031\210"
 166      E46B1CDB 
 166      8FD80C14 
 166      1988
 167 02b3 67D8092B 		.ascii	"g\330\011+cw?\312J\230\252\247\024v\032\011\010W\"\036"
 167      63773FCA 
 167      4A98AAA7 
ARM GAS  C:\Users\elias\AppData\Local\Temp\ccxjVEtk.s 			page 12


 167      14761A09 
 167      0857221E 
 168 02c7 CE62A633 		.ascii	"\316b\2463\260\2147\200\327\232i\306SC\013\231\200\350"
 168      B08C3780 
 168      D79A69C6 
 168      53430B99 
 168      80E8
 169 02d9 65EA47FD 		.ascii	"e\352G\375\247\370\207\007\355\342\317\332\372~h\357"
 169      A7F88707 
 169      EDE2CFDA 
 169      FA7E68EF 
 170 02e9 893BA0C8 		.ascii	"\211;\240\310c\001\207\257\22097\377\333\275\300\370"
 170      630187AF 
 170      903937FF 
 170      DBBDC0F8 
 171 02f9 E7503060 		.ascii	"\347P0`v\202\245\343Y\272\016\374\031\025\226wP\212"
 171      7682A5E3 
 171      59BA0EFC 
 171      19159677 
 171      508A
 172 030b 7BA6AAEB 		.ascii	"{\246\252\353\356\327\323\027\270\266O\323>X@\037\377"
 172      EED7D317 
 172      B8B64FD3 
 172      3E58401F 
 172      FF
 173 031c 2D3A0FCB 		.ascii	"-:\017\3131\346^\303\0377\012$\354\343\236G\352#\\\232"
 173      31E65EC3 
 173      1F370A24 
 173      ECE39E47 
 173      EA235C9A 
 174 0330 FC3CE710 		.ascii	"\374<\347\020\367\211|%\275M-M\016\220<\026\341C\026"
 174      F7897C25 
 174      BD4D2D4D 
 174      0E903C16 
 174      E14316
 175 0343 E1C6866E 		.ascii	"\341\306\206nl\375\240\216\272a\020;\177\321\\\306\005"
 175      6CFDA08E 
 175      BA61103B 
 175      7FD15CC6 
 175      05
 176 0354 90B465A4 		.ascii	"\220\264e\244\256\334M\330\235\373\331>\341\315_<\270"
 176      AEDC4DD8 
 176      9DFBD93E 
 176      E1CD5F3C 
 176      B8
 177 0365 902BCDBB 		.ascii	"\220+\315\273?\014N~\346\360?\273,\271H`\226\230\255"
 177      3F0C4E7E 
 177      E6F03FBB 
 177      2CB94860 
 177      9698AD
 178 0378 D8148FE8 		.ascii	"\330\024\217\350\342\021.\376\347v\342\216s\226\232"
 178      E2112EFE 
 178      E776E28E 
 178      73969A
 179 0387 1D68533D 		.ascii	"\035hS=\012N\243\034\234\222\2477\354\010U\224\373\202"
 179      0A4EA31C 
 179      9C92A737 
ARM GAS  C:\Users\elias\AppData\Local\Temp\ccxjVEtk.s 			page 13


 179      EC085594 
 179      FB82
 180 0399 4A38246F 		.ascii	"J8$o\366)\376m[\003U\025^\337\033ry\240\366\365\352"
 180      F629FE6D 
 180      5B035515 
 180      5EDF1B72 
 180      79A0F6F5 
 181 03ae AAC2B52F 		.ascii	"\252\302\265/mt\227\227\225\221\322\265r\255\034\362"
 181      6D749797 
 181      9591D2B5 
 181      72AD1CF2 
 182 03be 29F2D60A 		.ascii	")\362\326\012o \034\362\313[\326{\003\345\253\266X\205"
 182      6F201CF2 
 182      CB5BD67B 
 182      03E5ABB6 
 182      5885
 183 03d0 AF7FB1C4 		.ascii	"\257\177\261\304O\226X}yY\336\245\004B:\373I\313\324"
 183      4F96587D 
 183      7959DEA5 
 183      04423AFB 
 183      49CBD4
 184 03e3 35B21C7C 		.ascii	"5\262\034|\312\352\313f\337v9\034,\266\014R\002\301"
 184      CAEACB66 
 184      DF76391C 
 184      2CB60C52 
 184      02C1
 185 03f5 158F5E60 		.ascii	"\025\217^`\3116b\231\341\371Z_e\215l\371\251\322\347"
 185      C9366299 
 185      E1F95A5F 
 185      658D6CF9 
 185      A9D2E7
 186 0408 DF1E0E3E 		.ascii	"\337\036\016>\266\241z\207\034\322d^\005s\331\303\325"
 186      B6A17A87 
 186      1CD2645E 
 186      0573D9C3 
 186      D5
 187 0419 B5CAEA25 		.ascii	"\265\312\352%s\244\366\357Vv\007\345]\230\316=7\323"
 187      73A4F6EF 
 187      567607E5 
 187      5D98CE3D 
 187      37D3
 188 042b AB84C27E 		.ascii	"\253\204\302~\305\026\222\253V\377\013\265\275Al"
 188      C51692AB 
 188      56FF0BB5 
 188      BD416C
 189              		.text
 190              		.section	.gnu.lto_.symtab.51baa158,"",%progbits
 191 0000 546D725F 		.ascii	"Tmr_CaptureWatchdog_SaveConfig\000"
 191      43617074 
 191      75726557 
 191      61746368 
 191      646F675F 
 192 001f 00       		.ascii	"\000"
 193 0020 00       		.ascii	"\000"
 194 0021 00       		.ascii	"\000"
 195 0022 00000000 		.ascii	"\000\000\000\000\000\000\000\000"
 195      00000000 
ARM GAS  C:\Users\elias\AppData\Local\Temp\ccxjVEtk.s 			page 14


 196 002a AD000000 		.ascii	"\255\000\000\000"
 197 002e 546D725F 		.ascii	"Tmr_CaptureWatchdog_RestoreConfig\000"
 197      43617074 
 197      75726557 
 197      61746368 
 197      646F675F 
 198 0050 00       		.ascii	"\000"
 199 0051 00       		.ascii	"\000"
 200 0052 00       		.ascii	"\000"
 201 0053 00000000 		.ascii	"\000\000\000\000\000\000\000\000"
 201      00000000 
 202 005b AF000000 		.ascii	"\257\000\000\000"
 203 005f 546D725F 		.ascii	"Tmr_CaptureWatchdog_Sleep\000"
 203      43617074 
 203      75726557 
 203      61746368 
 203      646F675F 
 204 0079 00       		.ascii	"\000"
 205 007a 00       		.ascii	"\000"
 206 007b 00       		.ascii	"\000"
 207 007c 00000000 		.ascii	"\000\000\000\000\000\000\000\000"
 207      00000000 
 208 0084 B1000000 		.ascii	"\261\000\000\000"
 209 0088 546D725F 		.ascii	"Tmr_CaptureWatchdog_Wakeup\000"
 209      43617074 
 209      75726557 
 209      61746368 
 209      646F675F 
 210 00a3 00       		.ascii	"\000"
 211 00a4 00       		.ascii	"\000"
 212 00a5 00       		.ascii	"\000"
 213 00a6 00000000 		.ascii	"\000\000\000\000\000\000\000\000"
 213      00000000 
 214 00ae B3000000 		.ascii	"\263\000\000\000"
 215 00b2 546D725F 		.ascii	"Tmr_CaptureWatchdog_Stop\000"
 215      43617074 
 215      75726557 
 215      61746368 
 215      646F675F 
 216 00cb 00       		.ascii	"\000"
 217 00cc 02       		.ascii	"\002"
 218 00cd 00       		.ascii	"\000"
 219 00ce 00000000 		.ascii	"\000\000\000\000\000\000\000\000"
 219      00000000 
 220 00d6 B5000000 		.ascii	"\265\000\000\000"
 221 00da 546D725F 		.ascii	"Tmr_CaptureWatchdog_Enable\000"
 221      43617074 
 221      75726557 
 221      61746368 
 221      646F675F 
 222 00f5 00       		.ascii	"\000"
 223 00f6 02       		.ascii	"\002"
 224 00f7 00       		.ascii	"\000"
 225 00f8 00000000 		.ascii	"\000\000\000\000\000\000\000\000"
 225      00000000 
 226 0100 B7000000 		.ascii	"\267\000\000\000"
 227              		.text
ARM GAS  C:\Users\elias\AppData\Local\Temp\ccxjVEtk.s 			page 15


 228              		.section	.gnu.lto_.opts,"",%progbits
 229 0000 272D666D 		.ascii	"'-fmath-errno' '-fsigned-zeros' '-ftrapping-math' '"
 229      6174682D 
 229      6572726E 
 229      6F272027 
 229      2D667369 
 230 0033 2D666E6F 		.ascii	"-fno-trapv' '-fno-openmp' '-fno-openacc' '-mcpu=cor"
 230      2D747261 
 230      70762720 
 230      272D666E 
 230      6F2D6F70 
 231 0066 7465782D 		.ascii	"tex-m3' '-mthumb' '-g' '-O3' '-ffunction-sections' "
 231      6D332720 
 231      272D6D74 
 231      68756D62 
 231      2720272D 
 232 0099 272D6666 		.ascii	"'-ffat-lto-objects' '-finline-functions' '-flto'\000"
 232      61742D6C 
 232      746F2D6F 
 232      626A6563 
 232      74732720 
 233              		.text
 234              		.cfi_sections	.debug_frame
 235              		.section	.text.Tmr_CaptureWatchdog_SaveConfig,"ax",%progbits
 236              		.align	2
 237              		.global	Tmr_CaptureWatchdog_SaveConfig
 238              		.thumb
 239              		.thumb_func
 240              		.type	Tmr_CaptureWatchdog_SaveConfig, %function
 241              	Tmr_CaptureWatchdog_SaveConfig:
 242              	.LFB5:
 243              		.cfi_startproc
 244              		@ args = 0, pretend = 0, frame = 0
 245              		@ frame_needed = 0, uses_anonymous_args = 0
 246              		@ link register save eliminated.
 247 0000 7047     		bx	lr
 248              		.cfi_endproc
 249              	.LFE5:
 250              		.size	Tmr_CaptureWatchdog_SaveConfig, .-Tmr_CaptureWatchdog_SaveConfig
 251 0002 00BF     		.section	.text.Tmr_CaptureWatchdog_RestoreConfig,"ax",%progbits
 252              		.align	2
 253              		.global	Tmr_CaptureWatchdog_RestoreConfig
 254              		.thumb
 255              		.thumb_func
 256              		.type	Tmr_CaptureWatchdog_RestoreConfig, %function
 257              	Tmr_CaptureWatchdog_RestoreConfig:
 258              	.LFB1:
 259              		.file 1 "Generated_Source\\PSoC5\\Tmr_CaptureWatchdog_PM.c"
   1:Generated_Source\PSoC5/Tmr_CaptureWatchdog_PM.c **** /*******************************************************************************
   2:Generated_Source\PSoC5/Tmr_CaptureWatchdog_PM.c **** * File Name: Tmr_CaptureWatchdog_PM.c
   3:Generated_Source\PSoC5/Tmr_CaptureWatchdog_PM.c **** * Version 2.80
   4:Generated_Source\PSoC5/Tmr_CaptureWatchdog_PM.c **** *
   5:Generated_Source\PSoC5/Tmr_CaptureWatchdog_PM.c **** *  Description:
   6:Generated_Source\PSoC5/Tmr_CaptureWatchdog_PM.c **** *     This file provides the power management source code to API for the
   7:Generated_Source\PSoC5/Tmr_CaptureWatchdog_PM.c **** *     Timer.
   8:Generated_Source\PSoC5/Tmr_CaptureWatchdog_PM.c **** *
   9:Generated_Source\PSoC5/Tmr_CaptureWatchdog_PM.c **** *   Note:
ARM GAS  C:\Users\elias\AppData\Local\Temp\ccxjVEtk.s 			page 16


  10:Generated_Source\PSoC5/Tmr_CaptureWatchdog_PM.c **** *     None
  11:Generated_Source\PSoC5/Tmr_CaptureWatchdog_PM.c **** *
  12:Generated_Source\PSoC5/Tmr_CaptureWatchdog_PM.c **** *******************************************************************************
  13:Generated_Source\PSoC5/Tmr_CaptureWatchdog_PM.c **** * Copyright 2008-2017, Cypress Semiconductor Corporation.  All rights reserved.
  14:Generated_Source\PSoC5/Tmr_CaptureWatchdog_PM.c **** * You may use this file only in accordance with the license, terms, conditions,
  15:Generated_Source\PSoC5/Tmr_CaptureWatchdog_PM.c **** * disclaimers, and limitations in the end user license agreement accompanying
  16:Generated_Source\PSoC5/Tmr_CaptureWatchdog_PM.c **** * the software package with which this file was provided.
  17:Generated_Source\PSoC5/Tmr_CaptureWatchdog_PM.c **** ********************************************************************************/
  18:Generated_Source\PSoC5/Tmr_CaptureWatchdog_PM.c **** 
  19:Generated_Source\PSoC5/Tmr_CaptureWatchdog_PM.c **** #include "Tmr_CaptureWatchdog.h"
  20:Generated_Source\PSoC5/Tmr_CaptureWatchdog_PM.c **** 
  21:Generated_Source\PSoC5/Tmr_CaptureWatchdog_PM.c **** static Tmr_CaptureWatchdog_backupStruct Tmr_CaptureWatchdog_backup;
  22:Generated_Source\PSoC5/Tmr_CaptureWatchdog_PM.c **** 
  23:Generated_Source\PSoC5/Tmr_CaptureWatchdog_PM.c **** 
  24:Generated_Source\PSoC5/Tmr_CaptureWatchdog_PM.c **** /*******************************************************************************
  25:Generated_Source\PSoC5/Tmr_CaptureWatchdog_PM.c **** * Function Name: Tmr_CaptureWatchdog_SaveConfig
  26:Generated_Source\PSoC5/Tmr_CaptureWatchdog_PM.c **** ********************************************************************************
  27:Generated_Source\PSoC5/Tmr_CaptureWatchdog_PM.c **** *
  28:Generated_Source\PSoC5/Tmr_CaptureWatchdog_PM.c **** * Summary:
  29:Generated_Source\PSoC5/Tmr_CaptureWatchdog_PM.c **** *     Save the current user configuration
  30:Generated_Source\PSoC5/Tmr_CaptureWatchdog_PM.c **** *
  31:Generated_Source\PSoC5/Tmr_CaptureWatchdog_PM.c **** * Parameters:
  32:Generated_Source\PSoC5/Tmr_CaptureWatchdog_PM.c **** *  void
  33:Generated_Source\PSoC5/Tmr_CaptureWatchdog_PM.c **** *
  34:Generated_Source\PSoC5/Tmr_CaptureWatchdog_PM.c **** * Return:
  35:Generated_Source\PSoC5/Tmr_CaptureWatchdog_PM.c **** *  void
  36:Generated_Source\PSoC5/Tmr_CaptureWatchdog_PM.c **** *
  37:Generated_Source\PSoC5/Tmr_CaptureWatchdog_PM.c **** * Global variables:
  38:Generated_Source\PSoC5/Tmr_CaptureWatchdog_PM.c **** *  Tmr_CaptureWatchdog_backup:  Variables of this global structure are modified to
  39:Generated_Source\PSoC5/Tmr_CaptureWatchdog_PM.c **** *  store the values of non retention configuration registers when Sleep() API is
  40:Generated_Source\PSoC5/Tmr_CaptureWatchdog_PM.c **** *  called.
  41:Generated_Source\PSoC5/Tmr_CaptureWatchdog_PM.c **** *
  42:Generated_Source\PSoC5/Tmr_CaptureWatchdog_PM.c **** *******************************************************************************/
  43:Generated_Source\PSoC5/Tmr_CaptureWatchdog_PM.c **** void Tmr_CaptureWatchdog_SaveConfig(void) 
  44:Generated_Source\PSoC5/Tmr_CaptureWatchdog_PM.c **** {
  45:Generated_Source\PSoC5/Tmr_CaptureWatchdog_PM.c ****     #if (!Tmr_CaptureWatchdog_UsingFixedFunction)
  46:Generated_Source\PSoC5/Tmr_CaptureWatchdog_PM.c ****         Tmr_CaptureWatchdog_backup.TimerUdb = Tmr_CaptureWatchdog_ReadCounter();
  47:Generated_Source\PSoC5/Tmr_CaptureWatchdog_PM.c ****         Tmr_CaptureWatchdog_backup.InterruptMaskValue = Tmr_CaptureWatchdog_STATUS_MASK;
  48:Generated_Source\PSoC5/Tmr_CaptureWatchdog_PM.c ****         #if (Tmr_CaptureWatchdog_UsingHWCaptureCounter)
  49:Generated_Source\PSoC5/Tmr_CaptureWatchdog_PM.c ****             Tmr_CaptureWatchdog_backup.TimerCaptureCounter = Tmr_CaptureWatchdog_ReadCaptureCount()
  50:Generated_Source\PSoC5/Tmr_CaptureWatchdog_PM.c ****         #endif /* Back Up capture counter register  */
  51:Generated_Source\PSoC5/Tmr_CaptureWatchdog_PM.c **** 
  52:Generated_Source\PSoC5/Tmr_CaptureWatchdog_PM.c ****         #if(!Tmr_CaptureWatchdog_UDB_CONTROL_REG_REMOVED)
  53:Generated_Source\PSoC5/Tmr_CaptureWatchdog_PM.c ****             Tmr_CaptureWatchdog_backup.TimerControlRegister = Tmr_CaptureWatchdog_ReadControlRegist
  54:Generated_Source\PSoC5/Tmr_CaptureWatchdog_PM.c ****         #endif /* Backup the enable state of the Timer component */
  55:Generated_Source\PSoC5/Tmr_CaptureWatchdog_PM.c ****     #endif /* Backup non retention registers in UDB implementation. All fixed function registers ar
  56:Generated_Source\PSoC5/Tmr_CaptureWatchdog_PM.c **** }
  57:Generated_Source\PSoC5/Tmr_CaptureWatchdog_PM.c **** 
  58:Generated_Source\PSoC5/Tmr_CaptureWatchdog_PM.c **** 
  59:Generated_Source\PSoC5/Tmr_CaptureWatchdog_PM.c **** /*******************************************************************************
  60:Generated_Source\PSoC5/Tmr_CaptureWatchdog_PM.c **** * Function Name: Tmr_CaptureWatchdog_RestoreConfig
  61:Generated_Source\PSoC5/Tmr_CaptureWatchdog_PM.c **** ********************************************************************************
  62:Generated_Source\PSoC5/Tmr_CaptureWatchdog_PM.c **** *
  63:Generated_Source\PSoC5/Tmr_CaptureWatchdog_PM.c **** * Summary:
  64:Generated_Source\PSoC5/Tmr_CaptureWatchdog_PM.c **** *  Restores the current user configuration.
  65:Generated_Source\PSoC5/Tmr_CaptureWatchdog_PM.c **** *
  66:Generated_Source\PSoC5/Tmr_CaptureWatchdog_PM.c **** * Parameters:
ARM GAS  C:\Users\elias\AppData\Local\Temp\ccxjVEtk.s 			page 17


  67:Generated_Source\PSoC5/Tmr_CaptureWatchdog_PM.c **** *  void
  68:Generated_Source\PSoC5/Tmr_CaptureWatchdog_PM.c **** *
  69:Generated_Source\PSoC5/Tmr_CaptureWatchdog_PM.c **** * Return:
  70:Generated_Source\PSoC5/Tmr_CaptureWatchdog_PM.c **** *  void
  71:Generated_Source\PSoC5/Tmr_CaptureWatchdog_PM.c **** *
  72:Generated_Source\PSoC5/Tmr_CaptureWatchdog_PM.c **** * Global variables:
  73:Generated_Source\PSoC5/Tmr_CaptureWatchdog_PM.c **** *  Tmr_CaptureWatchdog_backup:  Variables of this global structure are used to
  74:Generated_Source\PSoC5/Tmr_CaptureWatchdog_PM.c **** *  restore the values of non retention registers on wakeup from sleep mode.
  75:Generated_Source\PSoC5/Tmr_CaptureWatchdog_PM.c **** *
  76:Generated_Source\PSoC5/Tmr_CaptureWatchdog_PM.c **** *******************************************************************************/
  77:Generated_Source\PSoC5/Tmr_CaptureWatchdog_PM.c **** void Tmr_CaptureWatchdog_RestoreConfig(void) 
  78:Generated_Source\PSoC5/Tmr_CaptureWatchdog_PM.c **** {   
 260              		.loc 1 78 0
 261              		.cfi_startproc
 262              		@ args = 0, pretend = 0, frame = 0
 263              		@ frame_needed = 0, uses_anonymous_args = 0
 264              		@ link register save eliminated.
 265 0000 7047     		bx	lr
 266              		.cfi_endproc
 267              	.LFE1:
 268              		.size	Tmr_CaptureWatchdog_RestoreConfig, .-Tmr_CaptureWatchdog_RestoreConfig
 269 0002 00BF     		.section	.text.Tmr_CaptureWatchdog_Sleep,"ax",%progbits
 270              		.align	2
 271              		.global	Tmr_CaptureWatchdog_Sleep
 272              		.thumb
 273              		.thumb_func
 274              		.type	Tmr_CaptureWatchdog_Sleep, %function
 275              	Tmr_CaptureWatchdog_Sleep:
 276              	.LFB2:
  79:Generated_Source\PSoC5/Tmr_CaptureWatchdog_PM.c ****     #if (!Tmr_CaptureWatchdog_UsingFixedFunction)
  80:Generated_Source\PSoC5/Tmr_CaptureWatchdog_PM.c **** 
  81:Generated_Source\PSoC5/Tmr_CaptureWatchdog_PM.c ****         Tmr_CaptureWatchdog_WriteCounter(Tmr_CaptureWatchdog_backup.TimerUdb);
  82:Generated_Source\PSoC5/Tmr_CaptureWatchdog_PM.c ****         Tmr_CaptureWatchdog_STATUS_MASK =Tmr_CaptureWatchdog_backup.InterruptMaskValue;
  83:Generated_Source\PSoC5/Tmr_CaptureWatchdog_PM.c ****         #if (Tmr_CaptureWatchdog_UsingHWCaptureCounter)
  84:Generated_Source\PSoC5/Tmr_CaptureWatchdog_PM.c ****             Tmr_CaptureWatchdog_SetCaptureCount(Tmr_CaptureWatchdog_backup.TimerCaptureCounter);
  85:Generated_Source\PSoC5/Tmr_CaptureWatchdog_PM.c ****         #endif /* Restore Capture counter register*/
  86:Generated_Source\PSoC5/Tmr_CaptureWatchdog_PM.c **** 
  87:Generated_Source\PSoC5/Tmr_CaptureWatchdog_PM.c ****         #if(!Tmr_CaptureWatchdog_UDB_CONTROL_REG_REMOVED)
  88:Generated_Source\PSoC5/Tmr_CaptureWatchdog_PM.c ****             Tmr_CaptureWatchdog_WriteControlRegister(Tmr_CaptureWatchdog_backup.TimerControlRegiste
  89:Generated_Source\PSoC5/Tmr_CaptureWatchdog_PM.c ****         #endif /* Restore the enable state of the Timer component */
  90:Generated_Source\PSoC5/Tmr_CaptureWatchdog_PM.c ****     #endif /* Restore non retention registers in the UDB implementation only */
  91:Generated_Source\PSoC5/Tmr_CaptureWatchdog_PM.c **** }
  92:Generated_Source\PSoC5/Tmr_CaptureWatchdog_PM.c **** 
  93:Generated_Source\PSoC5/Tmr_CaptureWatchdog_PM.c **** 
  94:Generated_Source\PSoC5/Tmr_CaptureWatchdog_PM.c **** /*******************************************************************************
  95:Generated_Source\PSoC5/Tmr_CaptureWatchdog_PM.c **** * Function Name: Tmr_CaptureWatchdog_Sleep
  96:Generated_Source\PSoC5/Tmr_CaptureWatchdog_PM.c **** ********************************************************************************
  97:Generated_Source\PSoC5/Tmr_CaptureWatchdog_PM.c **** *
  98:Generated_Source\PSoC5/Tmr_CaptureWatchdog_PM.c **** * Summary:
  99:Generated_Source\PSoC5/Tmr_CaptureWatchdog_PM.c **** *     Stop and Save the user configuration
 100:Generated_Source\PSoC5/Tmr_CaptureWatchdog_PM.c **** *
 101:Generated_Source\PSoC5/Tmr_CaptureWatchdog_PM.c **** * Parameters:
 102:Generated_Source\PSoC5/Tmr_CaptureWatchdog_PM.c **** *  void
 103:Generated_Source\PSoC5/Tmr_CaptureWatchdog_PM.c **** *
 104:Generated_Source\PSoC5/Tmr_CaptureWatchdog_PM.c **** * Return:
 105:Generated_Source\PSoC5/Tmr_CaptureWatchdog_PM.c **** *  void
 106:Generated_Source\PSoC5/Tmr_CaptureWatchdog_PM.c **** *
ARM GAS  C:\Users\elias\AppData\Local\Temp\ccxjVEtk.s 			page 18


 107:Generated_Source\PSoC5/Tmr_CaptureWatchdog_PM.c **** * Global variables:
 108:Generated_Source\PSoC5/Tmr_CaptureWatchdog_PM.c **** *  Tmr_CaptureWatchdog_backup.TimerEnableState:  Is modified depending on the
 109:Generated_Source\PSoC5/Tmr_CaptureWatchdog_PM.c **** *  enable state of the block before entering sleep mode.
 110:Generated_Source\PSoC5/Tmr_CaptureWatchdog_PM.c **** *
 111:Generated_Source\PSoC5/Tmr_CaptureWatchdog_PM.c **** *******************************************************************************/
 112:Generated_Source\PSoC5/Tmr_CaptureWatchdog_PM.c **** void Tmr_CaptureWatchdog_Sleep(void) 
 113:Generated_Source\PSoC5/Tmr_CaptureWatchdog_PM.c **** {
 277              		.loc 1 113 0
 278              		.cfi_startproc
 279              		@ args = 0, pretend = 0, frame = 0
 280              		@ frame_needed = 0, uses_anonymous_args = 0
 281              		@ link register save eliminated.
 114:Generated_Source\PSoC5/Tmr_CaptureWatchdog_PM.c ****     #if(!Tmr_CaptureWatchdog_UDB_CONTROL_REG_REMOVED)
 115:Generated_Source\PSoC5/Tmr_CaptureWatchdog_PM.c ****         /* Save Counter's enable state */
 116:Generated_Source\PSoC5/Tmr_CaptureWatchdog_PM.c ****         if(Tmr_CaptureWatchdog_CTRL_ENABLE == (Tmr_CaptureWatchdog_CONTROL & Tmr_CaptureWatchdog_CT
 282              		.loc 1 116 0
 283 0000 034B     		ldr	r3, .L4
 284 0002 044A     		ldr	r2, .L4+4
 285 0004 1B78     		ldrb	r3, [r3]	@ zero_extendqisi2
 286 0006 03F00103 		and	r3, r3, #1
 287 000a 1370     		strb	r3, [r2]
 117:Generated_Source\PSoC5/Tmr_CaptureWatchdog_PM.c ****         {
 118:Generated_Source\PSoC5/Tmr_CaptureWatchdog_PM.c ****             /* Timer is enabled */
 119:Generated_Source\PSoC5/Tmr_CaptureWatchdog_PM.c ****             Tmr_CaptureWatchdog_backup.TimerEnableState = 1u;
 120:Generated_Source\PSoC5/Tmr_CaptureWatchdog_PM.c ****         }
 121:Generated_Source\PSoC5/Tmr_CaptureWatchdog_PM.c ****         else
 122:Generated_Source\PSoC5/Tmr_CaptureWatchdog_PM.c ****         {
 123:Generated_Source\PSoC5/Tmr_CaptureWatchdog_PM.c ****             /* Timer is disabled */
 124:Generated_Source\PSoC5/Tmr_CaptureWatchdog_PM.c ****             Tmr_CaptureWatchdog_backup.TimerEnableState = 0u;
 125:Generated_Source\PSoC5/Tmr_CaptureWatchdog_PM.c ****         }
 126:Generated_Source\PSoC5/Tmr_CaptureWatchdog_PM.c ****     #endif /* Back up enable state from the Timer control register */
 127:Generated_Source\PSoC5/Tmr_CaptureWatchdog_PM.c ****     Tmr_CaptureWatchdog_Stop();
 288              		.loc 1 127 0
 289 000c FFF7FEBF 		b	Tmr_CaptureWatchdog_Stop
 290              	.LVL0:
 291              	.L5:
 292              		.align	2
 293              	.L4:
 294 0010 004F0040 		.word	1073762048
 295 0014 00000000 		.word	.LANCHOR0
 296              		.cfi_endproc
 297              	.LFE2:
 298              		.size	Tmr_CaptureWatchdog_Sleep, .-Tmr_CaptureWatchdog_Sleep
 299              		.section	.text.Tmr_CaptureWatchdog_Wakeup,"ax",%progbits
 300              		.align	2
 301              		.global	Tmr_CaptureWatchdog_Wakeup
 302              		.thumb
 303              		.thumb_func
 304              		.type	Tmr_CaptureWatchdog_Wakeup, %function
 305              	Tmr_CaptureWatchdog_Wakeup:
 306              	.LFB3:
 128:Generated_Source\PSoC5/Tmr_CaptureWatchdog_PM.c ****     Tmr_CaptureWatchdog_SaveConfig();
 129:Generated_Source\PSoC5/Tmr_CaptureWatchdog_PM.c **** }
 130:Generated_Source\PSoC5/Tmr_CaptureWatchdog_PM.c **** 
 131:Generated_Source\PSoC5/Tmr_CaptureWatchdog_PM.c **** 
 132:Generated_Source\PSoC5/Tmr_CaptureWatchdog_PM.c **** /*******************************************************************************
 133:Generated_Source\PSoC5/Tmr_CaptureWatchdog_PM.c **** * Function Name: Tmr_CaptureWatchdog_Wakeup
ARM GAS  C:\Users\elias\AppData\Local\Temp\ccxjVEtk.s 			page 19


 134:Generated_Source\PSoC5/Tmr_CaptureWatchdog_PM.c **** ********************************************************************************
 135:Generated_Source\PSoC5/Tmr_CaptureWatchdog_PM.c **** *
 136:Generated_Source\PSoC5/Tmr_CaptureWatchdog_PM.c **** * Summary:
 137:Generated_Source\PSoC5/Tmr_CaptureWatchdog_PM.c **** *  Restores and enables the user configuration
 138:Generated_Source\PSoC5/Tmr_CaptureWatchdog_PM.c **** *
 139:Generated_Source\PSoC5/Tmr_CaptureWatchdog_PM.c **** * Parameters:
 140:Generated_Source\PSoC5/Tmr_CaptureWatchdog_PM.c **** *  void
 141:Generated_Source\PSoC5/Tmr_CaptureWatchdog_PM.c **** *
 142:Generated_Source\PSoC5/Tmr_CaptureWatchdog_PM.c **** * Return:
 143:Generated_Source\PSoC5/Tmr_CaptureWatchdog_PM.c **** *  void
 144:Generated_Source\PSoC5/Tmr_CaptureWatchdog_PM.c **** *
 145:Generated_Source\PSoC5/Tmr_CaptureWatchdog_PM.c **** * Global variables:
 146:Generated_Source\PSoC5/Tmr_CaptureWatchdog_PM.c **** *  Tmr_CaptureWatchdog_backup.enableState:  Is used to restore the enable state of
 147:Generated_Source\PSoC5/Tmr_CaptureWatchdog_PM.c **** *  block on wakeup from sleep mode.
 148:Generated_Source\PSoC5/Tmr_CaptureWatchdog_PM.c **** *
 149:Generated_Source\PSoC5/Tmr_CaptureWatchdog_PM.c **** *******************************************************************************/
 150:Generated_Source\PSoC5/Tmr_CaptureWatchdog_PM.c **** void Tmr_CaptureWatchdog_Wakeup(void) 
 151:Generated_Source\PSoC5/Tmr_CaptureWatchdog_PM.c **** {
 307              		.loc 1 151 0
 308              		.cfi_startproc
 309              		@ args = 0, pretend = 0, frame = 0
 310              		@ frame_needed = 0, uses_anonymous_args = 0
 311              		@ link register save eliminated.
 152:Generated_Source\PSoC5/Tmr_CaptureWatchdog_PM.c ****     Tmr_CaptureWatchdog_RestoreConfig();
 153:Generated_Source\PSoC5/Tmr_CaptureWatchdog_PM.c ****     #if(!Tmr_CaptureWatchdog_UDB_CONTROL_REG_REMOVED)
 154:Generated_Source\PSoC5/Tmr_CaptureWatchdog_PM.c ****         if(Tmr_CaptureWatchdog_backup.TimerEnableState == 1u)
 312              		.loc 1 154 0
 313 0000 034B     		ldr	r3, .L10
 314 0002 1B78     		ldrb	r3, [r3]	@ zero_extendqisi2
 315 0004 012B     		cmp	r3, #1
 316 0006 00D0     		beq	.L9
 317 0008 7047     		bx	lr
 318              	.L9:
 155:Generated_Source\PSoC5/Tmr_CaptureWatchdog_PM.c ****         {     /* Enable Timer's operation */
 156:Generated_Source\PSoC5/Tmr_CaptureWatchdog_PM.c ****                 Tmr_CaptureWatchdog_Enable();
 319              		.loc 1 156 0
 320 000a FFF7FEBF 		b	Tmr_CaptureWatchdog_Enable
 321              	.LVL1:
 322              	.L11:
 323 000e 00BF     		.align	2
 324              	.L10:
 325 0010 00000000 		.word	.LANCHOR0
 326              		.cfi_endproc
 327              	.LFE3:
 328              		.size	Tmr_CaptureWatchdog_Wakeup, .-Tmr_CaptureWatchdog_Wakeup
 329              		.bss
 330              		.align	2
 331              		.set	.LANCHOR0,. + 0
 332              		.type	Tmr_CaptureWatchdog_backup, %object
 333              		.size	Tmr_CaptureWatchdog_backup, 1
 334              	Tmr_CaptureWatchdog_backup:
 335 0000 00       		.space	1
 336              		.text
 337              	.Letext0:
 338              		.file 2 "Generated_Source\\PSoC5\\cytypes.h"
 339              		.file 3 "Generated_Source\\PSoC5\\Tmr_CaptureWatchdog.h"
 340              		.section	.debug_info,"",%progbits
ARM GAS  C:\Users\elias\AppData\Local\Temp\ccxjVEtk.s 			page 20


 341              	.Ldebug_info0:
 342 0000 4C010000 		.4byte	0x14c
 343 0004 0400     		.2byte	0x4
 344 0006 00000000 		.4byte	.Ldebug_abbrev0
 345 000a 04       		.byte	0x4
 346 000b 01       		.uleb128 0x1
 347 000c 17020000 		.4byte	.LASF23
 348 0010 0C       		.byte	0xc
 349 0011 11010000 		.4byte	.LASF24
 350 0015 7A000000 		.4byte	.LASF25
 351 0019 00000000 		.4byte	.Ldebug_ranges0+0
 352 001d 00000000 		.4byte	0
 353 0021 00000000 		.4byte	.Ldebug_line0
 354 0025 02       		.uleb128 0x2
 355 0026 01       		.byte	0x1
 356 0027 06       		.byte	0x6
 357 0028 AE010000 		.4byte	.LASF0
 358 002c 02       		.uleb128 0x2
 359 002d 01       		.byte	0x1
 360 002e 08       		.byte	0x8
 361 002f 03010000 		.4byte	.LASF1
 362 0033 02       		.uleb128 0x2
 363 0034 02       		.byte	0x2
 364 0035 05       		.byte	0x5
 365 0036 67010000 		.4byte	.LASF2
 366 003a 02       		.uleb128 0x2
 367 003b 02       		.byte	0x2
 368 003c 07       		.byte	0x7
 369 003d 9B010000 		.4byte	.LASF3
 370 0041 02       		.uleb128 0x2
 371 0042 04       		.byte	0x4
 372 0043 05       		.byte	0x5
 373 0044 78010000 		.4byte	.LASF4
 374 0048 02       		.uleb128 0x2
 375 0049 04       		.byte	0x4
 376 004a 07       		.byte	0x7
 377 004b 51000000 		.4byte	.LASF5
 378 004f 02       		.uleb128 0x2
 379 0050 08       		.byte	0x8
 380 0051 05       		.byte	0x5
 381 0052 00000000 		.4byte	.LASF6
 382 0056 02       		.uleb128 0x2
 383 0057 08       		.byte	0x8
 384 0058 07       		.byte	0x7
 385 0059 63000000 		.4byte	.LASF7
 386 005d 03       		.uleb128 0x3
 387 005e 04       		.byte	0x4
 388 005f 05       		.byte	0x5
 389 0060 696E7400 		.ascii	"int\000"
 390 0064 02       		.uleb128 0x2
 391 0065 04       		.byte	0x4
 392 0066 07       		.byte	0x7
 393 0067 0E000000 		.4byte	.LASF8
 394 006b 04       		.uleb128 0x4
 395 006c 4B000000 		.4byte	.LASF12
 396 0070 02       		.byte	0x2
 397 0071 E901     		.2byte	0x1e9
ARM GAS  C:\Users\elias\AppData\Local\Temp\ccxjVEtk.s 			page 21


 398 0073 2C000000 		.4byte	0x2c
 399 0077 02       		.uleb128 0x2
 400 0078 04       		.byte	0x4
 401 0079 04       		.byte	0x4
 402 007a 03020000 		.4byte	.LASF9
 403 007e 02       		.uleb128 0x2
 404 007f 08       		.byte	0x8
 405 0080 04       		.byte	0x4
 406 0081 71010000 		.4byte	.LASF10
 407 0085 02       		.uleb128 0x2
 408 0086 01       		.byte	0x1
 409 0087 08       		.byte	0x8
 410 0088 41010000 		.4byte	.LASF11
 411 008c 04       		.uleb128 0x4
 412 008d 09020000 		.4byte	.LASF13
 413 0091 02       		.byte	0x2
 414 0092 9302     		.2byte	0x293
 415 0094 98000000 		.4byte	0x98
 416 0098 05       		.uleb128 0x5
 417 0099 6B000000 		.4byte	0x6b
 418 009d 02       		.uleb128 0x2
 419 009e 08       		.byte	0x8
 420 009f 04       		.byte	0x4
 421 00a0 F7010000 		.4byte	.LASF14
 422 00a4 02       		.uleb128 0x2
 423 00a5 04       		.byte	0x4
 424 00a6 07       		.byte	0x7
 425 00a7 0E020000 		.4byte	.LASF15
 426 00ab 06       		.uleb128 0x6
 427 00ac 01       		.byte	0x1
 428 00ad 03       		.byte	0x3
 429 00ae 43       		.byte	0x43
 430 00af C0000000 		.4byte	0xc0
 431 00b3 07       		.uleb128 0x7
 432 00b4 3A000000 		.4byte	.LASF26
 433 00b8 03       		.byte	0x3
 434 00b9 45       		.byte	0x45
 435 00ba 6B000000 		.4byte	0x6b
 436 00be 00       		.byte	0
 437 00bf 00       		.byte	0
 438 00c0 08       		.uleb128 0x8
 439 00c1 46010000 		.4byte	.LASF16
 440 00c5 03       		.byte	0x3
 441 00c6 53       		.byte	0x53
 442 00c7 AB000000 		.4byte	0xab
 443 00cb 09       		.uleb128 0x9
 444 00cc 1B000000 		.4byte	.LASF17
 445 00d0 01       		.byte	0x1
 446 00d1 2B       		.byte	0x2b
 447 00d2 01       		.byte	0x1
 448 00d3 09       		.uleb128 0x9
 449 00d4 BA010000 		.4byte	.LASF18
 450 00d8 01       		.byte	0x1
 451 00d9 4D       		.byte	0x4d
 452 00da 01       		.byte	0x1
 453 00db 0A       		.uleb128 0xa
 454 00dc D3000000 		.4byte	0xd3
ARM GAS  C:\Users\elias\AppData\Local\Temp\ccxjVEtk.s 			page 22


 455 00e0 00000000 		.4byte	.LFB1
 456 00e4 02000000 		.4byte	.LFE1-.LFB1
 457 00e8 01       		.uleb128 0x1
 458 00e9 9C       		.byte	0x9c
 459 00ea 0B       		.uleb128 0xb
 460 00eb 81010000 		.4byte	.LASF19
 461 00ef 01       		.byte	0x1
 462 00f0 70       		.byte	0x70
 463 00f1 00000000 		.4byte	.LFB2
 464 00f5 18000000 		.4byte	.LFE2-.LFB2
 465 00f9 01       		.uleb128 0x1
 466 00fa 9C       		.byte	0x9c
 467 00fb 09010000 		.4byte	0x109
 468 00ff 0C       		.uleb128 0xc
 469 0100 10000000 		.4byte	.LVL0
 470 0104 39010000 		.4byte	0x139
 471 0108 00       		.byte	0
 472 0109 0B       		.uleb128 0xb
 473 010a E8000000 		.4byte	.LASF20
 474 010e 01       		.byte	0x1
 475 010f 96       		.byte	0x96
 476 0110 00000000 		.4byte	.LFB3
 477 0114 14000000 		.4byte	.LFE3-.LFB3
 478 0118 01       		.uleb128 0x1
 479 0119 9C       		.byte	0x9c
 480 011a 28010000 		.4byte	0x128
 481 011e 0C       		.uleb128 0xc
 482 011f 0E000000 		.4byte	.LVL1
 483 0123 44010000 		.4byte	0x144
 484 0127 00       		.byte	0
 485 0128 0D       		.uleb128 0xd
 486 0129 DC010000 		.4byte	.LASF27
 487 012d 01       		.byte	0x1
 488 012e 15       		.byte	0x15
 489 012f C0000000 		.4byte	0xc0
 490 0133 05       		.uleb128 0x5
 491 0134 03       		.byte	0x3
 492 0135 00000000 		.4byte	Tmr_CaptureWatchdog_backup
 493 0139 0E       		.uleb128 0xe
 494 013a CF000000 		.4byte	.LASF21
 495 013e CF000000 		.4byte	.LASF21
 496 0142 03       		.byte	0x3
 497 0143 5B       		.byte	0x5b
 498 0144 0E       		.uleb128 0xe
 499 0145 B4000000 		.4byte	.LASF22
 500 0149 B4000000 		.4byte	.LASF22
 501 014d 03       		.byte	0x3
 502 014e 8B       		.byte	0x8b
 503 014f 00       		.byte	0
 504              		.section	.debug_abbrev,"",%progbits
 505              	.Ldebug_abbrev0:
 506 0000 01       		.uleb128 0x1
 507 0001 11       		.uleb128 0x11
 508 0002 01       		.byte	0x1
 509 0003 25       		.uleb128 0x25
 510 0004 0E       		.uleb128 0xe
 511 0005 13       		.uleb128 0x13
ARM GAS  C:\Users\elias\AppData\Local\Temp\ccxjVEtk.s 			page 23


 512 0006 0B       		.uleb128 0xb
 513 0007 03       		.uleb128 0x3
 514 0008 0E       		.uleb128 0xe
 515 0009 1B       		.uleb128 0x1b
 516 000a 0E       		.uleb128 0xe
 517 000b 55       		.uleb128 0x55
 518 000c 17       		.uleb128 0x17
 519 000d 11       		.uleb128 0x11
 520 000e 01       		.uleb128 0x1
 521 000f 10       		.uleb128 0x10
 522 0010 17       		.uleb128 0x17
 523 0011 00       		.byte	0
 524 0012 00       		.byte	0
 525 0013 02       		.uleb128 0x2
 526 0014 24       		.uleb128 0x24
 527 0015 00       		.byte	0
 528 0016 0B       		.uleb128 0xb
 529 0017 0B       		.uleb128 0xb
 530 0018 3E       		.uleb128 0x3e
 531 0019 0B       		.uleb128 0xb
 532 001a 03       		.uleb128 0x3
 533 001b 0E       		.uleb128 0xe
 534 001c 00       		.byte	0
 535 001d 00       		.byte	0
 536 001e 03       		.uleb128 0x3
 537 001f 24       		.uleb128 0x24
 538 0020 00       		.byte	0
 539 0021 0B       		.uleb128 0xb
 540 0022 0B       		.uleb128 0xb
 541 0023 3E       		.uleb128 0x3e
 542 0024 0B       		.uleb128 0xb
 543 0025 03       		.uleb128 0x3
 544 0026 08       		.uleb128 0x8
 545 0027 00       		.byte	0
 546 0028 00       		.byte	0
 547 0029 04       		.uleb128 0x4
 548 002a 16       		.uleb128 0x16
 549 002b 00       		.byte	0
 550 002c 03       		.uleb128 0x3
 551 002d 0E       		.uleb128 0xe
 552 002e 3A       		.uleb128 0x3a
 553 002f 0B       		.uleb128 0xb
 554 0030 3B       		.uleb128 0x3b
 555 0031 05       		.uleb128 0x5
 556 0032 49       		.uleb128 0x49
 557 0033 13       		.uleb128 0x13
 558 0034 00       		.byte	0
 559 0035 00       		.byte	0
 560 0036 05       		.uleb128 0x5
 561 0037 35       		.uleb128 0x35
 562 0038 00       		.byte	0
 563 0039 49       		.uleb128 0x49
 564 003a 13       		.uleb128 0x13
 565 003b 00       		.byte	0
 566 003c 00       		.byte	0
 567 003d 06       		.uleb128 0x6
 568 003e 13       		.uleb128 0x13
ARM GAS  C:\Users\elias\AppData\Local\Temp\ccxjVEtk.s 			page 24


 569 003f 01       		.byte	0x1
 570 0040 0B       		.uleb128 0xb
 571 0041 0B       		.uleb128 0xb
 572 0042 3A       		.uleb128 0x3a
 573 0043 0B       		.uleb128 0xb
 574 0044 3B       		.uleb128 0x3b
 575 0045 0B       		.uleb128 0xb
 576 0046 01       		.uleb128 0x1
 577 0047 13       		.uleb128 0x13
 578 0048 00       		.byte	0
 579 0049 00       		.byte	0
 580 004a 07       		.uleb128 0x7
 581 004b 0D       		.uleb128 0xd
 582 004c 00       		.byte	0
 583 004d 03       		.uleb128 0x3
 584 004e 0E       		.uleb128 0xe
 585 004f 3A       		.uleb128 0x3a
 586 0050 0B       		.uleb128 0xb
 587 0051 3B       		.uleb128 0x3b
 588 0052 0B       		.uleb128 0xb
 589 0053 49       		.uleb128 0x49
 590 0054 13       		.uleb128 0x13
 591 0055 38       		.uleb128 0x38
 592 0056 0B       		.uleb128 0xb
 593 0057 00       		.byte	0
 594 0058 00       		.byte	0
 595 0059 08       		.uleb128 0x8
 596 005a 16       		.uleb128 0x16
 597 005b 00       		.byte	0
 598 005c 03       		.uleb128 0x3
 599 005d 0E       		.uleb128 0xe
 600 005e 3A       		.uleb128 0x3a
 601 005f 0B       		.uleb128 0xb
 602 0060 3B       		.uleb128 0x3b
 603 0061 0B       		.uleb128 0xb
 604 0062 49       		.uleb128 0x49
 605 0063 13       		.uleb128 0x13
 606 0064 00       		.byte	0
 607 0065 00       		.byte	0
 608 0066 09       		.uleb128 0x9
 609 0067 2E       		.uleb128 0x2e
 610 0068 00       		.byte	0
 611 0069 3F       		.uleb128 0x3f
 612 006a 19       		.uleb128 0x19
 613 006b 03       		.uleb128 0x3
 614 006c 0E       		.uleb128 0xe
 615 006d 3A       		.uleb128 0x3a
 616 006e 0B       		.uleb128 0xb
 617 006f 3B       		.uleb128 0x3b
 618 0070 0B       		.uleb128 0xb
 619 0071 27       		.uleb128 0x27
 620 0072 19       		.uleb128 0x19
 621 0073 20       		.uleb128 0x20
 622 0074 0B       		.uleb128 0xb
 623 0075 00       		.byte	0
 624 0076 00       		.byte	0
 625 0077 0A       		.uleb128 0xa
ARM GAS  C:\Users\elias\AppData\Local\Temp\ccxjVEtk.s 			page 25


 626 0078 2E       		.uleb128 0x2e
 627 0079 00       		.byte	0
 628 007a 31       		.uleb128 0x31
 629 007b 13       		.uleb128 0x13
 630 007c 11       		.uleb128 0x11
 631 007d 01       		.uleb128 0x1
 632 007e 12       		.uleb128 0x12
 633 007f 06       		.uleb128 0x6
 634 0080 40       		.uleb128 0x40
 635 0081 18       		.uleb128 0x18
 636 0082 9742     		.uleb128 0x2117
 637 0084 19       		.uleb128 0x19
 638 0085 00       		.byte	0
 639 0086 00       		.byte	0
 640 0087 0B       		.uleb128 0xb
 641 0088 2E       		.uleb128 0x2e
 642 0089 01       		.byte	0x1
 643 008a 3F       		.uleb128 0x3f
 644 008b 19       		.uleb128 0x19
 645 008c 03       		.uleb128 0x3
 646 008d 0E       		.uleb128 0xe
 647 008e 3A       		.uleb128 0x3a
 648 008f 0B       		.uleb128 0xb
 649 0090 3B       		.uleb128 0x3b
 650 0091 0B       		.uleb128 0xb
 651 0092 27       		.uleb128 0x27
 652 0093 19       		.uleb128 0x19
 653 0094 11       		.uleb128 0x11
 654 0095 01       		.uleb128 0x1
 655 0096 12       		.uleb128 0x12
 656 0097 06       		.uleb128 0x6
 657 0098 40       		.uleb128 0x40
 658 0099 18       		.uleb128 0x18
 659 009a 9742     		.uleb128 0x2117
 660 009c 19       		.uleb128 0x19
 661 009d 01       		.uleb128 0x1
 662 009e 13       		.uleb128 0x13
 663 009f 00       		.byte	0
 664 00a0 00       		.byte	0
 665 00a1 0C       		.uleb128 0xc
 666 00a2 898201   		.uleb128 0x4109
 667 00a5 00       		.byte	0
 668 00a6 11       		.uleb128 0x11
 669 00a7 01       		.uleb128 0x1
 670 00a8 9542     		.uleb128 0x2115
 671 00aa 19       		.uleb128 0x19
 672 00ab 31       		.uleb128 0x31
 673 00ac 13       		.uleb128 0x13
 674 00ad 00       		.byte	0
 675 00ae 00       		.byte	0
 676 00af 0D       		.uleb128 0xd
 677 00b0 34       		.uleb128 0x34
 678 00b1 00       		.byte	0
 679 00b2 03       		.uleb128 0x3
 680 00b3 0E       		.uleb128 0xe
 681 00b4 3A       		.uleb128 0x3a
 682 00b5 0B       		.uleb128 0xb
ARM GAS  C:\Users\elias\AppData\Local\Temp\ccxjVEtk.s 			page 26


 683 00b6 3B       		.uleb128 0x3b
 684 00b7 0B       		.uleb128 0xb
 685 00b8 49       		.uleb128 0x49
 686 00b9 13       		.uleb128 0x13
 687 00ba 02       		.uleb128 0x2
 688 00bb 18       		.uleb128 0x18
 689 00bc 00       		.byte	0
 690 00bd 00       		.byte	0
 691 00be 0E       		.uleb128 0xe
 692 00bf 2E       		.uleb128 0x2e
 693 00c0 00       		.byte	0
 694 00c1 3F       		.uleb128 0x3f
 695 00c2 19       		.uleb128 0x19
 696 00c3 3C       		.uleb128 0x3c
 697 00c4 19       		.uleb128 0x19
 698 00c5 6E       		.uleb128 0x6e
 699 00c6 0E       		.uleb128 0xe
 700 00c7 03       		.uleb128 0x3
 701 00c8 0E       		.uleb128 0xe
 702 00c9 3A       		.uleb128 0x3a
 703 00ca 0B       		.uleb128 0xb
 704 00cb 3B       		.uleb128 0x3b
 705 00cc 0B       		.uleb128 0xb
 706 00cd 00       		.byte	0
 707 00ce 00       		.byte	0
 708 00cf 00       		.byte	0
 709              		.section	.debug_aranges,"",%progbits
 710 0000 2C000000 		.4byte	0x2c
 711 0004 0200     		.2byte	0x2
 712 0006 00000000 		.4byte	.Ldebug_info0
 713 000a 04       		.byte	0x4
 714 000b 00       		.byte	0
 715 000c 0000     		.2byte	0
 716 000e 0000     		.2byte	0
 717 0010 00000000 		.4byte	.LFB1
 718 0014 02000000 		.4byte	.LFE1-.LFB1
 719 0018 00000000 		.4byte	.LFB2
 720 001c 18000000 		.4byte	.LFE2-.LFB2
 721 0020 00000000 		.4byte	.LFB3
 722 0024 14000000 		.4byte	.LFE3-.LFB3
 723 0028 00000000 		.4byte	0
 724 002c 00000000 		.4byte	0
 725              		.section	.debug_ranges,"",%progbits
 726              	.Ldebug_ranges0:
 727 0000 00000000 		.4byte	.LFB1
 728 0004 02000000 		.4byte	.LFE1
 729 0008 00000000 		.4byte	.LFB2
 730 000c 18000000 		.4byte	.LFE2
 731 0010 00000000 		.4byte	.LFB3
 732 0014 14000000 		.4byte	.LFE3
 733 0018 00000000 		.4byte	0
 734 001c 00000000 		.4byte	0
 735              		.section	.debug_line,"",%progbits
 736              	.Ldebug_line0:
 737 0000 A8000000 		.section	.debug_str,"MS",%progbits,1
 737      02006C00 
 737      00000201 
ARM GAS  C:\Users\elias\AppData\Local\Temp\ccxjVEtk.s 			page 27


 737      FB0E0D00 
 737      01010101 
 738              	.LASF6:
 739 0000 6C6F6E67 		.ascii	"long long int\000"
 739      206C6F6E 
 739      6720696E 
 739      7400
 740              	.LASF8:
 741 000e 756E7369 		.ascii	"unsigned int\000"
 741      676E6564 
 741      20696E74 
 741      00
 742              	.LASF17:
 743 001b 546D725F 		.ascii	"Tmr_CaptureWatchdog_SaveConfig\000"
 743      43617074 
 743      75726557 
 743      61746368 
 743      646F675F 
 744              	.LASF26:
 745 003a 54696D65 		.ascii	"TimerEnableState\000"
 745      72456E61 
 745      626C6553 
 745      74617465 
 745      00
 746              	.LASF12:
 747 004b 75696E74 		.ascii	"uint8\000"
 747      3800
 748              	.LASF5:
 749 0051 6C6F6E67 		.ascii	"long unsigned int\000"
 749      20756E73 
 749      69676E65 
 749      6420696E 
 749      7400
 750              	.LASF7:
 751 0063 6C6F6E67 		.ascii	"long long unsigned int\000"
 751      206C6F6E 
 751      6720756E 
 751      7369676E 
 751      65642069 
 752              	.LASF25:
 753 007a 433A5C47 		.ascii	"C:\\Github\\Tesis\\src\\psoc\\AcondicionamientoAnal"
 753      69746875 
 753      625C5465 
 753      7369735C 
 753      7372635C 
 754 00a8 6F676963 		.ascii	"ogico.cydsn\000"
 754      6F2E6379 
 754      64736E00 
 755              	.LASF22:
 756 00b4 546D725F 		.ascii	"Tmr_CaptureWatchdog_Enable\000"
 756      43617074 
 756      75726557 
 756      61746368 
 756      646F675F 
 757              	.LASF21:
 758 00cf 546D725F 		.ascii	"Tmr_CaptureWatchdog_Stop\000"
 758      43617074 
ARM GAS  C:\Users\elias\AppData\Local\Temp\ccxjVEtk.s 			page 28


 758      75726557 
 758      61746368 
 758      646F675F 
 759              	.LASF20:
 760 00e8 546D725F 		.ascii	"Tmr_CaptureWatchdog_Wakeup\000"
 760      43617074 
 760      75726557 
 760      61746368 
 760      646F675F 
 761              	.LASF1:
 762 0103 756E7369 		.ascii	"unsigned char\000"
 762      676E6564 
 762      20636861 
 762      7200
 763              	.LASF24:
 764 0111 47656E65 		.ascii	"Generated_Source\\PSoC5\\Tmr_CaptureWatchdog_PM.c\000"
 764      72617465 
 764      645F536F 
 764      75726365 
 764      5C50536F 
 765              	.LASF11:
 766 0141 63686172 		.ascii	"char\000"
 766      00
 767              	.LASF16:
 768 0146 546D725F 		.ascii	"Tmr_CaptureWatchdog_backupStruct\000"
 768      43617074 
 768      75726557 
 768      61746368 
 768      646F675F 
 769              	.LASF2:
 770 0167 73686F72 		.ascii	"short int\000"
 770      7420696E 
 770      7400
 771              	.LASF10:
 772 0171 646F7562 		.ascii	"double\000"
 772      6C6500
 773              	.LASF4:
 774 0178 6C6F6E67 		.ascii	"long int\000"
 774      20696E74 
 774      00
 775              	.LASF19:
 776 0181 546D725F 		.ascii	"Tmr_CaptureWatchdog_Sleep\000"
 776      43617074 
 776      75726557 
 776      61746368 
 776      646F675F 
 777              	.LASF3:
 778 019b 73686F72 		.ascii	"short unsigned int\000"
 778      7420756E 
 778      7369676E 
 778      65642069 
 778      6E7400
 779              	.LASF0:
 780 01ae 7369676E 		.ascii	"signed char\000"
 780      65642063 
 780      68617200 
 781              	.LASF18:
ARM GAS  C:\Users\elias\AppData\Local\Temp\ccxjVEtk.s 			page 29


 782 01ba 546D725F 		.ascii	"Tmr_CaptureWatchdog_RestoreConfig\000"
 782      43617074 
 782      75726557 
 782      61746368 
 782      646F675F 
 783              	.LASF27:
 784 01dc 546D725F 		.ascii	"Tmr_CaptureWatchdog_backup\000"
 784      43617074 
 784      75726557 
 784      61746368 
 784      646F675F 
 785              	.LASF14:
 786 01f7 6C6F6E67 		.ascii	"long double\000"
 786      20646F75 
 786      626C6500 
 787              	.LASF9:
 788 0203 666C6F61 		.ascii	"float\000"
 788      7400
 789              	.LASF13:
 790 0209 72656738 		.ascii	"reg8\000"
 790      00
 791              	.LASF15:
 792 020e 73697A65 		.ascii	"sizetype\000"
 792      74797065 
 792      00
 793              	.LASF23:
 794 0217 474E5520 		.ascii	"GNU C11 5.4.1 20160609 (release) [ARM/embedded-5-br"
 794      43313120 
 794      352E342E 
 794      31203230 
 794      31363036 
 795 024a 616E6368 		.ascii	"anch revision 237715] -mcpu=cortex-m3 -mthumb -g -O"
 795      20726576 
 795      6973696F 
 795      6E203233 
 795      37373135 
 796 027d 33202D66 		.ascii	"3 -ffunction-sections -ffat-lto-objects -finline-fu"
 796      66756E63 
 796      74696F6E 
 796      2D736563 
 796      74696F6E 
 797 02b0 6E637469 		.ascii	"nctions -flto\000"
 797      6F6E7320 
 797      2D666C74 
 797      6F00
 798              		.comm	__gnu_lto_v1,1,1
 799              		.ident	"GCC: (GNU Tools for ARM Embedded Processors) 5.4.1 20160609 (release) [ARM/embedded-5-bran
