ARM GAS  C:\Users\elias\AppData\Local\Temp\ccY6s8xc.s 			page 1


   1              		.syntax unified
   2              		.cpu cortex-m3
   3              		.fpu softvfp
   4              		.eabi_attribute 20, 1
   5              		.eabi_attribute 21, 1
   6              		.eabi_attribute 23, 3
   7              		.eabi_attribute 24, 1
   8              		.eabi_attribute 25, 1
   9              		.eabi_attribute 26, 1
  10              		.eabi_attribute 30, 2
  11              		.eabi_attribute 34, 1
  12              		.eabi_attribute 18, 4
  13              		.thumb
  14              		.syntax unified
  15              		.file	"VDAC_ref_LP_PM.c"
  16              		.text
  17              	.Ltext0:
  18              		.section	.gnu.lto_.profile.51bafa8e,"",%progbits
  19 0000 789C6361 		.ascii	"x\234ca`d`a`\000\222\205\246\000\001\201\000\261"
  19      60646061 
  19      60009285 
  19      A6000181 
  19      00B1
  20              		.text
  21              		.section	.gnu.lto_.icf.51bafa8e,"",%progbits
  22 0000 789C6361 		.ascii	"x\234ca`d\000\001\035\006\004`gx\370\347['/\343\231"
  22      60640001 
  22      1D060460 
  22      6778F8E7 
  22      5B272FE3 
  23 0015 AF973673 		.ascii	"\257\2276s0\255Z\321~\222\205y\332\231\373\037\271X"
  23      30AD5AD1 
  23      7E928579 
  23      DA99FB1F 
  23      B958
  24 0027 A64F6ABA 		.ascii	"\246Oj\272\316\301\332t\373\310\026\026\266s}\013\027"
  24      CEC1DA74 
  24      FBC81616 
  24      B6737D0B 
  24      17
  25 0038 F0320000 		.ascii	"\3602\000\000\361\013\024\364"
  25      F10B14F4 
  26              		.text
  27              		.section	.gnu.lto_.jmpfuncs.51bafa8e,"",%progbits
  28 0000 789C6361 		.ascii	"x\234ca`d\000\001Y\006\004`\003b&(ff``\001R\254Pa\006"
  28      60640001 
  28      59060460 
  28      03622628 
  28      66666060 
  29 001a 06000794 		.ascii	"\006\000\007\224\000?"
  29      003F
  30              		.text
  31              		.section	.gnu.lto_.inline.51bafa8e,"",%progbits
  32 0000 789C6361 		.ascii	"x\234ca`d\000\201\251\014\010\300\306\300\300\315\305"
  32      60640081 
  32      A90C08C0 
  32      C6C0C0CD 
ARM GAS  C:\Users\elias\AppData\Local\Temp\ccY6s8xc.s 			page 2


  32      C5
  33 0011 C8C024D0 		.ascii	"\310\300$\320P\313\300\266@\236\011$\306\304\300.\001"
  33      50CBC0B6 
  33      409E0924 
  33      C6C4C02E 
  33      01
  34 0022 1462BAC0 		.ascii	"\024b\272\300\017\027b\344\002\211s\003\031\023\374"
  34      0F1762E4 
  34      02897303 
  34      1913FC
  35 0031 981938D9 		.ascii	"\230\0318\331\201\322<'\002\341\322,\014|<@!\221\005"
  35      81D23C27 
  35      02E1D22C 
  35      0C7C3C40 
  35      219105
  36 0044 05A83A58 		.ascii	"\005\250:X\031\004\304\200\342\0227\3463\242J\2601p"
  36      1904C480 
  36      E21237E6 
  36      33A24AB0 
  36      3170
  37 0056 080225D8 		.ascii	"\010\002%\330>\350\241\212\203\011\006\000\211\032\016"
  37      3EE8A18A 
  37      83090600 
  37      891A0E
  38 0065 1C       		.ascii	"\034"
  39              		.text
  40              		.section	.gnu.lto_.pureconst.51bafa8e,"",%progbits
  41 0000 789C6361 		.ascii	"x\234ca`d\340e```c\220b\222b\226b\221b\225b\223\000"
  41      6064E065 
  41      60606063 
  41      90629262 
  41      96629162 
  42 0018 0005B100 		.ascii	"\000\005\261\000\307"
  42      C7
  43              		.text
  44              		.section	.gnu.lto_VDAC_ref_LP_RestoreConfig.part.0.51bafa8e,"",%progbits
  45 0000 789C8D52 		.ascii	"x\234\215R\317K\324A\024\237\317\274\371\256\213h\370"
  45      CF4BD441 
  45      149FCFBC 
  45      F9AE8B68 
  45      F8
  46 0011 070875CC 		.ascii	"\007\010u\314\300<\365\007\204\221\027\205E\241\223"
  46      C03CF507 
  46      84911785 
  46      45A193
  47 0020 B0847D3B 		.ascii	"\260\204};&,u\336Y\327o\256\036b/\212(\261xR\373\245"
  47      262C75DE 
  47      59D76FAE 
  47      1E622F8A 
  47      28B17852 
  48 0036 A6669B10 		.ascii	"\246f\233\020\313\222\227\210\002A/\036\212\204\357"
  48      CB929788 
  48      02412F1E 
  48      8A84EF
  49 0045 410C77C1 		.ascii	"A\014w\301H\242u{o\276\213x\262\006\346\275\2317\357"
  49      48A2757B 
  49      6FBE8B78 
ARM GAS  C:\Users\elias\AppData\Local\Temp\ccY6s8xc.s 			page 3


  49      B206E6BD 
  49      9937EF
  50 0058 7DDE673E 		.ascii	"}\336g>3FA\311x\254\225\272\306\276\223'<\005\223\377"
  50      334641C9 
  50      78AC95BA 
  50      C6BE9327 
  50      3C0593FF 
  51 006c CC0B03ED 		.ascii	"\314\013\003\355\274\006\211\317\304\011\220\205\215"
  51      BC0689CF 
  51      C4099085 
  51      8D
  52 0079 43A58D26 		.ascii	"C\245\215&\244\361S\3274\312caQw\314[\036\337\202\002"
  52      A4F153D7 
  52      34CA6361 
  52      5177CC5B 
  52      1EDF8202 
  53 008d D9851202 		.ascii	"\331\205\022\002R\252\256\035\266\302<:\024\247}_9\235"
  53      52AAAE1D 
  53      B6C23C3A 
  53      14A77D5F 
  53      399D
  54 009f 6C8D8D4A 		.ascii	"l\215\215J\332\225\350\020\013\210\011\201\245~k\353"
  54      DA95E810 
  54      0B880981 
  54      A57E6BEB 
  55 00af F5ACCD1F 		.ascii	"\365\254\315\037\265\240\031* h1$\306\210\361\304(U"
  55      B5A0192A 
  55      20683124 
  55      C688F1C4 
  55      2855
  56 00c1 E1222150 		.ascii	"\341\"!P\321F<U\265v>D\371\367\304\356t\036\002\230"
  56      D1463C55 
  56      B5763E44 
  56      F9F7C4EE 
  56      741E0298 
  57 00d5 2570B3A9 		.ascii	"%p\263\251\240\374\245\351X\007\244!\275\267g&j^\264"
  57      A0FCA5E9 
  57      5807A421 
  57      BDB76726 
  57      6A5EB4
  58 00e8 2DAC67AC 		.ascii	"-\254g\254\341\320\346\311\373\255\226\002\236fF3\266"
  58      E1D0E6C9 
  58      FBAD9602 
  58      9E664633 
  58      B6
  59 00f9 2D20C233 		.ascii	"- \3023\264c\021\355L\3539\012P!\262\177b\021\240\216"
  59      B46311ED 
  59      4CEB390A 
  59      5021B27F 
  59      6211A08E 
  60 010d 3067BFFE 		.ascii	"0g\277\376\010/\011\010\341\027\360\202S\271\361\224"
  60      082F0908 
  60      E117F082 
  60      53B9F194 
  61 011d 6B7A31DE 		.ascii	"kz1\336K\306c\024N\037yW\335\232k\215P\351<M\343h\026"
  61      4BC66314 
  61      4E1F7957 
ARM GAS  C:\Users\elias\AppData\Local\Temp\ccY6s8xc.s 			page 4


  61      DD9A6B8D 
  61      50E93C4D 
  62 0134 8B877B4D 		.ascii	"\213\207{M\351\232\315Y\2010\343\254\242\204\017>\355"
  62      E99ACD59 
  62      8130E3AC 
  62      A2840F3E 
  62      ED
  63 0145 7C681668 		.ascii	"|h\026h\353\342\036\226X\372W\002\315\207O\336.\217"
  63      EBE21E96 
  63      58FA5702 
  63      CD874FDE 
  63      2E8F
  64 0157 C7BB3A03 		.ascii	"\307\273:\003\212a\231\373\234:\325\261\202.\307n\356"
  64      8A6199FB 
  64      9C3AD5B1 
  64      822EC76E 
  64      EE
  65 0168 7283DE7E 		.ascii	"r\203\336~n{\221\"\005\262\033\221\002\273\271R\377"
  65      6E7B9122 
  65      05B21B91 
  65      02BBB952 
  65      FF
  66 0179 79C2AFCF 		.ascii	"y\302\257\317\010\257:\302\244\234\260\341\231\260\377"
  66      08AF3AC2 
  66      A49CB0E1 
  66      99B0FF
  67 0188 906DAD21 		.ascii	"\220m\255!\333IC6/\252\230\331<\376\350\264\007\342"
  67      DB494336 
  67      2FAA98D9 
  67      3CFEE8B4 
  67      07E2
  68 019a 58FF7FD5 		.ascii	"X\377\177\325\3368\022\036\337\246\252\311\275\363\001"
  68      DE38121E 
  68      DFA6AAC9 
  68      BDF301
  69 01a9 464A1BB7 		.ascii	"FJ\033\267\245\322}\254\012\277-\207\371\302W{\374\007"
  69      A5D27DAC 
  69      0ABF2D87 
  69      F9C2577B 
  69      FC07
  70 01bb 7EEAEE43 		.ascii	"~\352\356C\377^r`\370Qj\310\037L\014\014w\337\030\274"
  70      FF5E7260 
  70      F8516AC8 
  70      1F4C0C0C 
  70      77DF18BC 
  71 01cf 73EB6677 		.ascii	"s\353fw2\345\337O\366&\222\211\276\353C\352/\222G\345"
  71      32E5DF4F 
  71      F6269289 
  71      BEEB43EA 
  71      2F9247E5 
  72 01e3 16       		.ascii	"\026"
  73              		.text
  74              		.section	.gnu.lto_VDAC_ref_LP_Wakeup.part.1.51bafa8e,"",%progbits
  75 0000 789C6D50 		.ascii	"x\234mP=H\0031\030\315K\322^\007\005\027\267\016\216"
  75      3D480331 
  75      18CD4BD2 
  75      5E070517 
ARM GAS  C:\Users\elias\AppData\Local\Temp\ccY6s8xc.s 			page 5


  75      B70E8E
  76 0013 56507070 		.ascii	"VPppt\220\012\202(\224\026\234\012\207\324s\264Pt\276"
  76      74900A82 
  76      2894169C 
  76      0A87D473 
  76      B45074BE 
  77 0027 9CD76071 		.ascii	"\234\327`q\352\242\233t\350\320\326\037\304\251t;::"
  77      EAA29B74 
  77      E8D0D61F 
  77      C4A9743B 
  77      3A3A
  78 0039 283AB8B8 		.ascii	"(:\270\270\210B)\342\320\212.B=\277\\W?\010/\371\362"
  78      884229E2 
  78      D08A2E42 
  78      3DBF5C57 
  78      3F082FF9 
  79 004e BEF75E22 		.ascii	"\276\367^\"\031\230\251e\2029\302yZ\2101\310\352\035"
  79      1998A965 
  79      8239C279 
  79      5A8831C8 
  79      EA1D
  80 0060 6D247884 		.ascii	"m$x\204\034\302\240\227\020\200\331\250\004\230+\271"
  80      1CC2A097 
  80      1080D9A8 
  80      04982BB9 
  81 0070 808B6F3E 		.ascii	"\200\213o>\342\350\036\365:<\325PT/\272\276\250\232"
  81      E2E81EF5 
  81      3A3CD550 
  81      542FBABE 
  81      A89A
  82 0082 01B4602C 		.ascii	"\001\264`,\344\2216C\003)F\264\327\233\337\223\311x"
  82      E4913643 
  82      032946B4 
  82      D79BDF93 
  82      C978
  83 0094 D9D066C6 		.ascii	"\331\320f\306\227h\"n\002\\g\225\012C_U\353\323\210"
  83      9768226E 
  83      025C6795 
  83      0A435F55 
  83      EBD388
  84 00a7 816941CD 		.ascii	"\201iA\315\001\021\214\331\200K\203b\310y\204}\370A"
  84      01118CD9 
  84      804B8362 
  84      C879847D 
  84      F841
  85 00b9 FB76C28C 		.ascii	"\373v\302\214\032\321N\347\343\331rG\252\242\324\224"
  85      1AD14EE7 
  85      E3D97247 
  85      AAA2D494 
  86 00c9 163CE434 		.ascii	"\026<\3444\212\026\\\022\021\254\207\356\317\361g\312"
  86      8A165C12 
  86      11AC87EE 
  86      CFF167CA 
  87 00d9 707D0162 		.ascii	"p}\001b\237\352\356\275\365\305\265\2200\303o\225\307"
  87      9FEAEEBD 
  87      F5C5B590 
  87      30C36F95 
ARM GAS  C:\Users\elias\AppData\Local\Temp\ccY6s8xc.s 			page 6


  87      C7
  88 00ea 96181FFD 		.ascii	"\226\030\037\375\266\247$\265\236*A\266\2063\257\354"
  88      B6A724B5 
  88      9E2A41B6 
  88      8633AFEC 
  89 00fa 19BD182E 		.ascii	"\031\275\030.\220\3049\222$z\211\032X\237>\345_\347"
  89      90C43992 
  89      247A891A 
  89      589F3EE5 
  89      5FE7
  90 010c 7848F918 		.ascii	"xH\371\030\256\310\231\254\264\260\350YC.\242\310\357"
  90      AEC899AC 
  90      B4B0E859 
  90      432EA2C8 
  90      EF
  91 011d 380C1ED6 		.ascii	"8\014\036\326\2439S\003\312Hm\242\317\2569{Ni{\337\331"
  91      A3395303 
  91      CA486DA2 
  91      CFAE397B 
  91      4E697BDF 
  92 0132 B173C583 		.ascii	"\261s\305\203R\301\311gr\305\364R~ku%m\227\234]{#cg"
  92      52C1C967 
  92      72C5F452 
  92      7E6B7525 
  92      6D979C5D 
  93 014a 36170AEC 		.ascii	"6\027\012\354\017?\240|\341"
  93      0F3FA07C 
  93      E1
  94              		.text
  95              		.section	.gnu.lto_VDAC_ref_LP_SaveConfig.51bafa8e,"",%progbits
  96 0000 789C4D91 		.ascii	"x\234M\221\301KTQ\024\306\317w\357{3\203e\364\007H\270"
  96      C14B5451 
  96      14C6CF77 
  96      EF7B3383 
  96      65F40748 
  97 0015 335B349B 		.ascii	"3[4\233\374\003\302\260\215\301\240\340J\030L_\313\204"
  97      FC03C2B0 
  97      8DC1A0E0 
  97      4A184C5F 
  97      CB84
  98 0027 A1683977 		.ascii	"\241h9w|\363ht\021\202h\020\210+Q\313q\306\002m\"\342"
  98      7CF36874 
  98      11826810 
  98      882B51CB 
  98      71C6026D 
  99 003d 31B87051 		.ascii	"1\270pQ\012aA\272\321\204Y\014\012\012\266(t\246s\336"
  99      0A6141BA 
  99      D184590C 
  99      0A0AB628 
  99      74A673DE 
 100 0051 05EBC2BB 		.ascii	"\005\353\302\273\367\276s\277{\276\3379\327!\220\214"
 100      F7BE73BF 
 100      7BBEDF39 
 100      D721908C 
 101 0061 3A2FB778 		.ascii	":/\267x\275\303\037\\\202\232\334\"\312%\224\322;I2"
 101      BDC31F5C 
 101      829ADC22 
ARM GAS  C:\Users\elias\AppData\Local\Temp\ccY6s8xc.s 			page 7


 101      CA2594D2 
 101      3B4932
 102 0074 2DCEC71B 		.ascii	"-\316\307\033d\256j86\354\000\2621\011PVi\007Y\374R"
 102      64AE6A38 
 102      36EC00B2 
 102      31095056 
 102      690759FC 
 103 0089 170AD5E7 		.ascii	"\027\012\325\347\265\212\352\\0<\366\347\247\264Y\014"
 103      B58AEA5C 
 103      303CF6E7 
 103      A7B4590C 
 104 0099 1168A2A6 		.ascii	"\021h\242\246\212,\010\013\350$\226\375\\mL\267\306"
 104      8A2C080B 
 104      E82496FD 
 104      5C6D4CB7 
 104      C6
 105 00aa F2226BB7 		.ascii	"\362\"k\267\207XDL8J}\241i6}\023\316\272\307*\256(`"
 105      8758444C 
 105      384A7DA1 
 105      69367D13 
 105      CEBAC72A 
 106 00c1 47995C99 		.ascii	"G\231\\\231\210NX+\276\247J\311\252k\250\376\231hlh"
 106      884E582B 
 106      BEA74AC9 
 106      AA6BA8FE 
 106      99686C68 
 107 00d5 B9EE6B87 		.ascii	"\271\356k\207S\317\004\325\355\370\231\012\264\2028"
 107      53CF04D5 
 107      EDF8990A 
 107      B48238
 108 00e4 7DF8B1BD 		.ascii	"}\370\261\275y\315\376\026\3139#\212\265O\233/\023s"
 108      79CDFE16 
 108      CB39238A 
 108      B54F9B2F 
 108      1373
 109 00f6 98CDE599 		.ascii	"\230\315\345\231M\3435\332\260\2046Fx\2039P\015\376"
 109      4DE335DA 
 109      B0843646 
 109      78833950 
 109      0DFE
 110 0108 790FF95A 		.ascii	"y\017\371Z\331t\247_^\035F\367\201v,\263\354\000\371"
 110      D974A75F 
 110      5E1D46F7 
 110      81762CB3 
 110      EC00F9
 111 011b 5DFFA1F5 		.ascii	"]\377\241\365\223\212KG\225\337\255V@(J\036\022<M;I"
 111      938A4B47 
 111      95DFAD56 
 111      40284A1E 
 111      123C4D3B 
 112 0130 4BB7357D 		.ascii	"K\2675}\305\252]V\037\026\276.i\213\343\257[\234\357"
 112      C5AA5D56 
 112      1F16BE2E 
 112      698BE3AF 
 112      5B9CEF
 113 0143 85B0EF1F 		.ascii	"\205\260\357\037\315\312%M\311\322\214\315\034t\310"
 113      CDCA254D 
ARM GAS  C:\Users\elias\AppData\Local\Temp\ccY6s8xc.s 			page 8


 113      C9D28CCD 
 113      1C74C8
 114 0152 FDFF4B73 		.ascii	"\375\377Ks\242\322*\225\243\275x\366\302\024\214\271"
 114      A2D22A95 
 114      A3BD78F6 
 114      C2148CB9 
 115 0162 CEB171EE 		.ascii	"\316\261q\356\263\204\353\237\277m\264HB\023\305]\254"
 115      B384EB9F 
 115      BF6DB448 
 115      4213C55D 
 115      AC
 116 0173 F2E39425 		.ascii	"\362\343\224%%\037\276x_\036O$\213\322x\363,\3201\274"
 116      251FBE78 
 116      5F1E4F24 
 116      8BD278F3 
 116      2CD031BC 
 117 0187 659746F4 		.ascii	"e\227F\364:x\207$CF\364N\324\334:\306\302uW\314\243"
 117      3A788724 
 117      4346F44E 
 117      D4DC3AC6 
 117      C27557CC 
 118 019c A24EB8A3 		.ascii	"\242N\270\243\034f\361\315\373\336c/3\364\304\033I\367"
 118      1C66F1CD 
 118      FBDE632F 
 118      33F4C41B 
 118      49F7
 119 01ae 8F3ECD0C 		.ascii	"\217>\315\014{\203\251\376\321\356\256\301\201{w\273"
 119      7B83A9FE 
 119      D1EEAEC1 
 119      817B77BB 
 120 01be D319EF51 		.ascii	"\323\031\357Q\2727\225N=\270=L\177\001\321\015\270\276"
 120      BA37954E 
 120      3DB83D4C 
 120      7F01D10D 
 120      B8BE
 121              		.text
 122              		.section	.gnu.lto_VDAC_ref_LP_RestoreConfig.51bafa8e,"",%progbits
 123 0000 789C6552 		.ascii	"x\234eRMh\023Q\020\236yow\263\204D\212\347\252=ZAs\362"
 123      4D681351 
 123      109E796F 
 123      77B38444 
 123      8AE7AA3D 
 124 0018 A227A9D4 		.ascii	"\242'\251\324K\205\320\202\247B\320\272\036[\010z\316"
 124      4B85D082 
 124      A742D0BA 
 124      1E5B087A 
 124      CE
 125 0029 4B378B49 		.ascii	"K7\213I\017\305\213U\002\022\012B[\265&Q\333\230V\312"
 125      0FC58B55 
 125      02120A42 
 125      5BB52651 
 125      DB9856CA 
 126 003d 12FC295A 		.ascii	"\022\374)Z-\224*h/j!H\251\320B\025\377\3228\263\017"
 126      2D942A68 
 126      2F6A2148 
 126      A9D04215 
 126      FFD238B3 
ARM GAS  C:\Users\elias\AppData\Local\Temp\ccY6s8xc.s 			page 9


 127 0052 6AC007FB 		.ascii	"j\300\007\373fw\3367\363}\363\3553\000\201\327m\001"
 127      6677DE37 
 127      F37DF3ED 
 127      330081D7 
 127      6D01
 128 0064 7084620F 		.ascii	"p\204b\017=\030\002\024\327\336\000\244m!\344j\014T"
 128      3D180214 
 128      D7DE00A4 
 128      6D21E46A 
 128      0C54
 129 0076 D87A7210 		.ascii	"\330zr\020TD\012\203c\330\344\\\304@\213Ah\352\230\266"
 129      54440A83 
 129      63D8E45C 
 129      C4408B41 
 129      68EA98B6 
 130 008a 2D447E51 		.ascii	"-D~Q6BJH\303\2640\205\337DC`\355j\275*:'\024\255\217"
 130      36424A48 
 130      C3B43085 
 130      DF444360 
 130      ED6ABD2A 
 131 00a3 5E41AA49 		.ascii	"^A\252I\037=\011\320\024\0015\340\004v\002\301>\227"
 131      1F3D09D0 
 131      140135E0 
 131      047602C1 
 131      3E97
 132 00b5 77AF47AD 		.ascii	"w\257G\255\014\303:\364!N\242\305\372\212\275\276j6"
 132      0CC33AF4 
 132      214EA2C5 
 132      FA8ABDBE 
 132      6A36
 133 00c7 5DE5FF36 		.ascii	"]\345\3776\277F\302\010\236D\311\233\301\233\311\233"
 133      BF46C208 
 133      9E44C99B 
 133      C19BC99B 
 134 00d7 CD1BC016 		.ascii	"\315\033\300\026U\261\206m!8\312:\326~\215|\177!\271"
 134      55B1866D 
 134      2138CA3A 
 134      D67E8D7C 
 134      7F21B9
 135 00ea 912B2591 		.ascii	"\221+%\221\214y\265\345\320\216\360\244@\346\234{\277"
 135      8C79B5E5 
 135      D08EF0A4 
 135      40E69C7B 
 135      BF
 136 00fb BCB84F7F 		.ascii	"\274\270O\177N\227\322\312\240\324\354\302\342\015\273"
 136      4E97D2CA 
 136      A0D4ECC2 
 136      E20DBB
 137 010a 80B7D219 		.ascii	"\200\267\322\031R)\361\016\266\343\024\266\223\230\273"
 137      5229F10E 
 137      B6E314B6 
 137      9398BB
 138 0119 5840A8A3 		.ascii	"X@\250\243\373\247\033\\\211\272\335\366\353\374zP\217"
 138      FBA71B5C 
 138      89BADDF6 
 138      EBFC7A50 
 138      8F
ARM GAS  C:\Users\elias\AppData\Local\Temp\ccY6s8xc.s 			page 10


 139 012a D881F708 		.ascii	"\330\201\367\010\366\0113\037\334\013\232\017\011P\334"
 139      F609331F 
 139      DC0B9A0F 
 139      0950DC
 140 0139 ACFE8C6A 		.ascii	"\254\376\214j\000\3404\367\001\226'a5\246\325=\277y"
 140      00E034F7 
 140      01962761 
 140      35A6D53D 
 140      BF79
 141 014b 42A34D42 		.ascii	"B\243MB\257\344G\032\246\226S\230\321r\346\177,<\213"
 141      AFE4471A 
 141      A6965398 
 141      D172E67F 
 141      2C3C8B
 142 015e FC93737F 		.ascii	"\374\223s\177ON\261U\216\241\353\363\363;/M\315fcI\313"
 142      4F4EB155 
 142      8EA1EBF3 
 142      F33B2F4D 
 142      CD666349 
 143 0173 59730735 		.ascii	"Ys\0075\201\321\302o\300\253\375\362\013\272m|\304F"
 143      81D1C26F 
 143      C0ABFDF2 
 143      0BBA6D7C 
 143      C446
 144 0185 54AB9B6B 		.ascii	"T\253\233k\241TCe\225j\363\244\321${\000\313\230\"_"
 144      A1544365 
 144      956AF3A4 
 144      D1247B00 
 144      CB98225F 
 145 0199 CDA0C284 		.ascii	"\315\240\302\204\334\001R<<W^\032\217\352\206v\253\237"
 145      DC01523C 
 145      3C575E1A 
 145      8FEA8676 
 145      AB9F
 146 01ab 16FEDFC6 		.ascii	"\026\376\337\306\312\321o\346\364\306\322\333\247a\036"
 146      CAD16FE6 
 146      F4C6D2DB 
 146      A7611E
 147 01ba 4205F910 		.ascii	"B\005\371\020>\244\273\361\200\325\320\341\350\343R"
 147      3EA4BBF1 
 147      80D5D0E1 
 147      E8E352
 148 01c9 CE8E1DF5 		.ascii	"\316\216\035\365\244\215\217h\246\335\340Z\340\014\306"
 148      A48D8F68 
 148      A6DDE05A 
 148      E00CC6
 149 01d8 68BADAD8 		.ascii	"h\272\332\330\370!&#\330zveJjo\334\212\366\346]\326"
 149      F8212623 
 149      D87A7665 
 149      4A6A6FDC 
 149      8AF6E65D 
 150 01ed EF0DACA1 		.ascii	"\357\015\254\241\276'\201\355\231\335\263\247B\255H"
 150      BE2781ED 
 150      99DDB3A7 
 150      42AD48
 151 01fc 62A0DD0A 		.ascii	"b\240\335\012.\303\006\016\373\225\356``^[4\"\245\211"
 151      2EC3060E 
ARM GAS  C:\Users\elias\AppData\Local\Temp\ccY6s8xc.s 			page 11


 151      FB95EE60 
 151      605E5B34 
 151      22A589
 152 020f EDF01967 		.ascii	"\355\360\031g\320I\236\277\354\\L\364\015]I\0168\375"
 152      D0499EBF 
 152      EC5C4CF4 
 152      0D5D490E 
 152      38FD
 153 0221 F1BEA1AE 		.ascii	"\361\276\241\256\343\375\347N\237\352J$\235K\211\236"
 153      E3FDE74E 
 153      9FEA4A24 
 153      9D4B899E 
 154 0231 78227EF6 		.ascii	"x\"~\366\330\000\374\005\023c\364\304"
 154      D800FC05 
 154      1363F4C4 
 155              		.text
 156              		.section	.gnu.lto_VDAC_ref_LP_Sleep.51bafa8e,"",%progbits
 157 0000 789C9592 		.ascii	"x\234\225\222\317KTQ\024\307\357\271\367\375r&\255?"
 157      CF4B5451 
 157      14C7EFB9 
 157      F7FD7226 
 157      AD3F
 158 0012 40C49DD9 		.ascii	"@\304\235\331\242i\323\037\020Fn\012D\2416\302\0206"
 158      A269D31F 
 158      10466E0A 
 158      44A136C2 
 158      1036
 159 0024 2D1386A2 		.ascii	"-\023\206\242\345\334\36198\266\220Z8\205\024.\325\312"
 159      E5DCF139 
 159      38B6905A 
 159      3885142E 
 159      D5CA
 160 0036 1C2B7F8C 		.ascii	"\034+\177\214\232>\007!\011S\010\025\322M&\015!J3\244"
 160      9A3E0721 
 160      09530815 
 160      D24D260D 
 160      214A33A4 
 161 004a 8B7E38D3 		.ascii	"\213~8\3239\367\3464\025H]\230\373\336\234s\336\371"
 161      39F7E634 
 161      15485D98 
 161      FBDE9C73 
 161      DEF9
 162 005c 7EEFF95C 		.ascii	"~\357\371\\\203\001\243\265&\030;\201\317K\370\003\207"
 162      8301A3B5 
 162      26183B81 
 162      CF4BF803 
 162      87
 163 006d 01BFBDC8 		.ascii	"\001\277\275\310X\324\341\\\304k\230\364\031\264\037"
 163      58D4E15C 
 163      C46B98F4 
 163      19B41F
 164 007c 1160EAB0 		.ascii	"\021`\352\260q\360brk9\200y{\252\012\363\026\330:l\003"
 164      71F06272 
 164      6B398079 
 164      7BAA0AF3 
 164      16D83A6C 
 165 0091 D08B7480 		.ascii	"\320\213t\200E\2700L\313\206\010\354\361}\016\351\216"
ARM GAS  C:\Users\elias\AppData\Local\Temp\ccY6s8xc.s 			page 12


 165      45B8304C 
 165      CB8608EC 
 165      F17D0EE9 
 165      8E
 166 00a2 4C8AD7F6 		.ascii	"L\212\327\366I\\\357>|:%\373=\210\241t\201+\027\014"
 166      495CEF3E 
 166      7C3A25FB 
 166      3D88A174 
 166      812B170C 
 167 00b6 FAA09661 		.ascii	"\372\240\226a\331\373\341|w\271\325Ne\325:\011\375`"
 167      D9FBE17C 
 167      77B9D54E 
 167      65D53A09 
 167      FD60
 168 00c8 91D5A146 		.ascii	"\221\325\241FO\026\012\256\364\356\330\263\323v9g1\001"
 168      4F160AAE 
 168      F4EED8B3 
 168      D3763967 
 168      3101
 169 00da 066D65B4 		.ascii	"\006me\264\371h\363\323\306X\026?#\0279\316\351)2\220"
 169      F968F3D3 
 169      C658163F 
 169      231739CE 
 169      E9293290 
 170 00ee FE7A6BF5 		.ascii	"\376zk\365~\002\250\225+\014\224I\304\322K\366.\217"
 170      7E02A895 
 170      2B0C9449 
 170      C4D24BF6 
 170      2E8F
 171 0100 090EA4BA 		.ascii	"\011\016\244\272\267r/\254\377\365wD%\025\364|\316\316"
 171      B7722FAC 
 171      FFF57744 
 171      2515F47C 
 171      CECE
 172 0112 1EED8507 		.ascii	"\036\355\205\007\321v\264)\340!T\302\000T\242\233G\320"
 172      D176B429 
 172      E02154C2 
 172      0054A29B 
 172      47D0
 173 0124 0B2C03EE 		.ascii	"\013,\003\356\367s\314\025\\w\353\231\334}e\322\367"
 173      F773CC15 
 173      5C77EB99 
 173      DC7D65D2 
 173      F7
 174 0135 000E3CC6 		.ascii	"\000\016<\306\262\015h_w\253\264\034\035~h;\365\245"
 174      B20D685F 
 174      77ABB41C 
 174      1D7E683B 
 174      F5A5
 175 0147 5C173018 		.ascii	"\\\0270\030\244>\214\354\011\026\257Awm\273\331L\324"
 175      A43E8CEC 
 175      0916AF41 
 175      776DBBD9 
 175      4CD4
 176 0159 4FD5A5CE 		.ascii	"O\325\245\316\014\345,\225\332^\267#\3732.\3451\214"
 176      0CE52C95 
 176      DA5EB723 
ARM GAS  C:\Users\elias\AppData\Local\Temp\ccY6s8xc.s 			page 13


 176      FB322EE5 
 176      318C
 177 016b 75E2C828 		.ascii	"u\342\310(\274\265\2602\347#{R\305M\030\3029?\241\306"
 177      BCB5B032 
 177      E7237B52 
 177      C54D18C2 
 177      393FA1C6 
 178 017f 98EC1A4F 		.ascii	"\230\354\032Ov:\201A\232\241\274\031\023\026$\321s^"
 178      763A8141 
 178      9AA1BC19 
 178      131624D1 
 178      735E
 179 0191 0D1A8621 		.ascii	"\015\032\206!\200\025#\035\013\303>\022\261\000\340"
 179      8015231D 
 179      0BC33E12 
 179      B100E0
 180 01a0 A9F293E3 		.ascii	"\251\362\223\343\306\201\233\344N\321\315\277\312?;"
 180      C6819BE4 
 180      4ED1CDBF 
 180      CA3F3B
 181 01af 4CFEF92F 		.ascii	"L\376\371/\371\021%_<#\202\205\321\237\362\246b\365"
 181      F911255F 
 181      3C238285 
 181      D19FF2A6 
 181      62F5
 182 01c1 115C6FF2 		.ascii	"\021\\o\362%'\371\277\217o\027\020\027\2031\210 h\207"
 182      2527F9BF 
 182      8F6F1710 
 182      17833188 
 182      206887
 183 01d4 29AEF939 		.ascii	")\256\3719\361\373\265\221\337\272Lui\012\210\377\317"
 183      F1FBB591 
 183      DFBA4C75 
 183      690A88FF 
 183      CF
 184 01e5 1B05E3D8 		.ascii	"\033\005\343\330\227A\212\300\224ar\342\355\322|\205"
 184      97418AC0 
 184      946172E2 
 184      EDD27C85 
 185 01f5 263F98D4 		.ascii	"&?\230\324\344G\247\347\357:\212|\2244\005L\024\331"
 185      E447A7E7 
 185      EF3A8A7C 
 185      9434054C 
 185      14D9
 186 0207 4F96B2F7 		.ascii	"O\226\262\367\351\016\271\327=\233\025\032m5Li\366k"
 186      E90EB9D7 
 186      3D9B151A 
 186      6D354C69 
 186      F66B
 187 0219 EE4C1AB4 		.ascii	"\356L\032\264\210\257\004\267\305\226\003\3722.v\373"
 187      88AF04B7 
 187      C59603FA 
 187      322E76FB 
 188 0229 75DA8F1D 		.ascii	"u\332\217\0356\343o\006\204\366\340\216i\017\253q\257"
 188      36E36F06 
 188      84F6E08E 
 188      690FAB71 
ARM GAS  C:\Users\elias\AppData\Local\Temp\ccY6s8xc.s 			page 14


 188      AF
 189 023a B1D4C28B 		.ascii	"\261\324\302\213\242\205im\241-\261QC\035\376\003\321"
 189      A285696D 
 189      A12DB151 
 189      431DFE03 
 189      D1
 190 024b CC61883C 		.ascii	"\314a\210<\205\010\364|`\026\002hMy\266\025\225-h\363"
 190      8508F47C 
 190      60160268 
 190      4D79B615 
 190      952D68F3 
 191 025f 66EA1514 		.ascii	"f\352\025\024ZY\254\3040\"=^\037\272\026\012_\276\036"
 191      5A59ACC4 
 191      30223D5E 
 191      1FBA160A 
 191      5FBE1E
 192 0272 BA126C6A 		.ascii	"\272\022lj\275\021n\011574\265\326\235n\276x\366L]0"
 192      BD116E09 
 192      353734B5 
 192      D69D6EBE 
 192      78F64C5D 
 193 0287 1CBA1A3C 		.ascii	"\034\272\032<\337\020l\270p\262\205\375\000\337Rh\266"
 193      DF106CB8 
 193      70B285FD 
 193      00DF5268 
 193      B6
 194              		.text
 195              		.section	.gnu.lto_VDAC_ref_LP_Wakeup.51bafa8e,"",%progbits
 196 0000 789C6D8F 		.ascii	"x\234m\217\277KBQ\024\307\317\271\367\251\017)\364\017"
 196      BF4B4251 
 196      14C7CFB9 
 196      F7A90F29 
 196      F40F
 197 0012 8868CCA0 		.ascii	"\210h\314\240$\2425\010\203 \012$\241I\220\260\327\230"
 197      24A23508 
 197      83200A24 
 197      A14990B0 
 197      D798
 198 0024 20B5E6F5 		.ascii	" \265\346\365\307\253\\\242\245\226\020\241\006\355"
 198      C7AB5CA2 
 198      A59610A1 
 198      06ED
 199 0032 A7090DD9 		.ascii	"\247\011\015\331\364\0221\020\351\307\320RK5HH\203A"
 199      F4123110 
 199      E9C7D052 
 199      4B354848 
 199      8341
 200 0044 8DFA3AF7 		.ascii	"\215\372:\36754\324\201\313\201\357\371~\3579\037\005"
 200      3534D481 
 200      CB81EFF9 
 200      7EEF391F 
 200      05
 201 0055 1064AD52 		.ascii	"\020d\255R\033\240>B\017m\200l\353\006 \2562\306\253"
 201      1BA03E42 
 201      0F6D806C 
 201      EB0620AE 
 201      32C6AB
ARM GAS  C:\Users\elias\AppData\Local\Temp\ccY6s8xc.s 			page 15


 202 0068 2E104EA5 		.ascii	".\020N\2456\006\242\213\243\"eT\020e\027*B\214q\005"
 202      3606A28B 
 202      A3226554 
 202      1065172A 
 202      428C7105 
 203 007c 63F8C5DA 		.ascii	"c\370\305\332\014\313\353\215\022\363\344\004\325\263"
 203      0CCBEB8D 
 203      12F3E404 
 203      D5B3
 204 008a BE3F2CF2 		.ascii	"\276?,\362\006\352\034\300d\326\006\300\034z\200l\257"
 204      06EA1CC0 
 204      64D606C0 
 204      1C7A806C 
 204      AF
 205 009b C5CE76B7 		.ascii	"\305\316v\267=%m}?C\314\243]\236Q\2305\204i&\205\261"
 205      3D256D7D 
 205      3F43CCA3 
 205      5D9E5198 
 205      35846926 
 206 00b1 EBBCBA73 		.ascii	"\353\274\272s\3329\350\234\344\026Y\344\272\017\306"
 206      DA39E89C 
 206      E41659E4 
 206      BA0FC6
 207 00c0 64E76F98 		.ascii	"d\347o\230425&C\362\273R\351\375\311\021k\213\015!\334"
 207      34323526 
 207      43F2BB52 
 207      E9FDC911 
 207      6B8B0D21 
 208 00d5 3A6726A3 		.ascii	":g&\243\010\036`\214\302\034\032\230\270,\326\367\034"
 208      081E608C 
 208      C21C1A98 
 208      B82CD6F7 
 208      1C
 209 00e6 D29CE49C 		.ascii	"\322\234\344\234\354;z\371\326\361\311t:\373oZI\323"
 209      EC3B7AF9 
 209      D6F1C974 
 209      3AFB6F5A 
 209      49D3
 210 00f8 BD526ED6 		.ascii	"\275Rn\326\037*\316,f\342\302\322mxD\220\207\330c\015"
 210      1F2ACE2C 
 210      66E2C2D2 
 210      6D784490 
 210      87D8630D 
 211 010c 372FCED2 		.ascii	"7/\316\322\252wP\347v<\306,v,><A/\274`\3521\331\373"
 211      AA7750E7 
 211      763CC62C 
 211      762C3E3C 
 211      412FBC60 
 212 0124 BBECBC72 		.ascii	"\273\354\274r\275\246\312eHu*\343 98T]\022\303\375?"
 212      BDA6CA65 
 212      48752AE3 
 212      20393854 
 212      5D12C3FD 
 213 0139 83C32452 		.ascii	"\203\303$R\300\202\305\240Z\011\305\"ob\302\270\237"
 213      C082C5A0 
 213      5A09C522 
 213      6F62C2B8 
ARM GAS  C:\Users\elias\AppData\Local\Temp\ccY6s8xc.s 			page 16


 213      9F
 214 014a B242B25A 		.ascii	"\262B\262Z\204J2y\373'\265%-:\277\254-\204\002\221\225"
 214      844A3279 
 214      FB27B525 
 214      2D3ABFAC 
 214      2D840291 
 215 015f 68580BFA 		.ascii	"hX\013\372\003\021\337hpnb\334\027\212j\213\241i\177"
 215      0311DF68 
 215      706E62DC 
 215      178A6A8B 
 215      A1697F
 216 0172 C83F3314 		.ascii	"\310?3\024\206o\345\334\223)"
 216      866FE5DC 
 216      9329
 217              		.text
 218              		.section	.gnu.lto_.symbol_nodes.51bafa8e,"",%progbits
 219 0000 789C5DCD 		.ascii	"x\234]\315=\016\201Q\020\205\341wf\356\037\245Z\204"
 219      3D0E8151 
 219      1085E177 
 219      66EE1FA5 
 219      5A84
 220 0012 95CE8D58 		.ascii	"\225\316\215X\200-\020\233 \321\251\025V\200\330\202"
 220      802D109B 
 220      20D1A915 
 220      5680D882 
 221 0022 56DC4F14 		.ascii	"V\334O\024\256i&\3479\311L@\270\320F\213\303\372\014"
 221      AE6926E7 
 221      39C94C40 
 221      B8D0468B 
 221      C3FA0C
 222 0035 8EEC579B 		.ascii	"\216\354W\233:\207\010u\002\246c\227\277J\305\365K\034"
 222      3A870875 
 222      02A66397 
 222      BF4AC5F5 
 222      4B1C
 223 0047 EAA281BA 		.ascii	"\352\242\201\272\365`\036z\010\036;\220\344\351\003"
 223      F5601E7A 
 223      081E3B90 
 223      E4E903
 224 0056 EDCD7053 		.ascii	"\355\315pS\262\347.G/\277\331\264\360\270\276\3044\263"
 224      B2E72E47 
 224      2FBFD9B4 
 224      F0B8BEC4 
 224      34B3
 225 0068 1B7680FB 		.ascii	"\033v\200\373sfq\304\351\326b\012l\007N\312\3628\345"
 225      736671C4 
 225      E9D6620A 
 225      6C074ECA 
 225      F238E5
 226 007b 0DBC8731 		.ascii	"\015\274\2071`"
 226      60
 227              		.text
 228              		.section	.gnu.lto_.refs.51bafa8e,"",%progbits
 229 0000 789C0DC7 		.ascii	"x\234\015\307\301\011\000 \014\004\301]s\021\301&\354"
 229      C1090020 
 229      0C04C15D 
 229      7311C126 
ARM GAS  C:\Users\elias\AppData\Local\Temp\ccY6s8xc.s 			page 17


 229      EC
 230 0011 BF4AF319 		.ascii	"\277J\363\031\230 \017F\214\245m\360T;\235x\335\270"
 230      98200F46 
 230      8CA56DF0 
 230      543B9D78 
 230      DDB8
 231 0023 F809DB00 		.ascii	"\370\011\333\000q"
 231      71
 232              		.text
 233              		.section	.gnu.lto_.decls.51bafa8e,"",%progbits
 234 0000 789C9595 		.ascii	"x\234\225\225kL\024W\024\307\347\314\254\313\262l\305"
 234      6B4C1457 
 234      14C7E7CC 
 234      ACCBB26C 
 234      C5
 235 0011 8A3198F0 		.ascii	"\2121\230\360\201\032L\370D!\244\251_\232\264\241\255"
 235      811A4CF8 
 235      4421A4A9 
 235      5F9AB4A1 
 235      AD
 236 0022 367DC494 		.ascii	"6}\304\224H\277\330\320\005Gk\244@\327\305\304\244\037"
 236      48BFD8D0 
 236      05476BA4 
 236      40D7C5C4 
 236      A41F
 237 0034 AE42554C 		.ascii	"\256BULS5(\024\264\212Z[T\220\205\005qA\313\242.\017"
 237      53352814 
 237      B48A5A5B 
 237      54908505 
 237      7141CBA2 
 238 004a 5D280F4B 		.ascii	"](\017KyYi\251\255Tm\241\232\2521@\317}Lg\006Yko8\263"
 238      795969A9 
 238      AD546DA1 
 238      9AAA3140 
 238      CF7D4C67 
 239 0064 7367FFFF 		.ascii	"sg\377\377\3379\367\3363\213E\002\211\216\3510I*\302"
 239      DF39F7DE 
 239      338B4502 
 239      898EE930 
 239      492AC2
 240 0077 DB445992 		.ascii	"\333DY\222fp\340TJ\223\364\021\216Q\205\341\301\360"
 240      6670E054 
 240      4A93F411 
 240      8E5185E1 
 240      C1F0
 241 0089 62D46334 		.ascii	"b\324c4`\3700\2320.a\264bPZ\237d\036\324\247\361b0\006"
 241      60F8309A 
 241      302E61B4 
 241      62505A9F 
 241      641ED4A7 
 242 00a1 30FA3106 		.ascii	"0\3721\0061z0Z\204\257S|V\205\340\320\3346\003g\010"
 242      317A305A 
 242      84AF537C 
 242      5685E0D0 
 242      DC360367 
 243 00b6 A3D6C01B 		.ascii	"\243\326\300\033\306\270(\264\212\320k\265\315\036\336"
 243      C6B828B4 
ARM GAS  C:\Users\elias\AppData\Local\Temp\ccY6s8xc.s 			page 18


 243      8AD06BB5 
 243      CD1EDE
 244 00c5 FF599337 		.ascii	"\377Y\2237DM\365bofsF0*C\360d\341\013\265\316\206\020"
 244      444DF562 
 244      6F667346 
 244      302A43F0 
 244      64E10BB5 
 245 00dc 4C234B5B 		.ascii	"L#K[;e\005\005W\021\336\326'\324\353\233\305\3268F\366"
 245      3B650505 
 245      5711DED6 
 245      27D4EB9B 
 245      C5D63846 
 246 00f1 358C6AE1 		.ascii	"5\214j\341\017\012\256O\324\354\011\301\235\222a\346"
 246      0F0AAE4F 
 246      D4EC09C1 
 246      9D9261E6 
 247 0101 70DD6EDB 		.ascii	"p\335n\3330\014\202\"\211\246\222\000\370\025XH<\330"
 247      300C8222 
 247      89A69200 
 247      F8155848 
 247      3CD8
 248 0113 146F6489 		.ascii	"\024od\211\337h\217\376\035\222\220\310\332\255\016"
 248      DF688FFE 
 248      1D9290C8 
 248      DAAD0E
 249 0122 637FC20F 		.ascii	"c\177\302\0173\332`\020\235\016\302\304\347\302,\011"
 249      33DA6010 
 249      9D0EC2C4 
 249      E7C22C09 
 250 0132 13C87A02 		.ascii	"\023\310z\002\340S\315a\340\315\252H\253YK\303\266\235"
 250      E053CD61 
 250      E0CDAA48 
 250      AB594BC3 
 250      B69D
 251 0144 2DBA79C7 		.ascii	"-\272y\307T\276]\221\201\336_\177X\361zB%\301\261\207"
 251      54BE5D91 
 251      81DE5F7F 
 251      58F17A42 
 251      25C1B187 
 252 0158 10F94D7D 		.ascii	"\020\371M}gz\012<\007\225{2,\264\203\005\247\223\235"
 252      677A0A3C 
 252      07957B32 
 252      2CB48305 
 252      A7939D
 253 016b 6563F371 		.ascii	"ec\363q\272\310\016\2618\235\3528P&G\0273_>\211\265"
 253      BAC80EB1 
 253      389DEA38 
 253      50264717 
 253      335F3E89 
 254 0180 40DA6238 		.ascii	"@\332b8\0051p\022\360\200\240\022\242\361\232a\341\244"
 254      05317012 
 254      F080A012 
 254      A2F19A61 
 254      E1A4
 255 0192 DD7B7F6D 		.ascii	"\335{\177m\261,-'~\017\031\365M&\227\226\373\013\320"
 255      B12C2D27 
 255      7E0F19F5 
ARM GAS  C:\Users\elias\AppData\Local\Temp\ccY6s8xc.s 			page 19


 255      4D269796 
 255      FB0BD0
 256 01a5 A6501554 		.ascii	"\246P\025T\200\002' \201\026YA\317@\202o`\030\353\255"
 256      80022720 
 256      81165941 
 256      CF40826F 
 256      6018EBAD 
 257 01b9 82A5E8BC 		.ascii	"\202\245\350\274}\250\275WVV\263B\237\234\261\332\224"
 257      7DA8BD57 
 257      5656B342 
 257      9F9CB1DA 
 257      94
 258 01ca 31F0E0EE 		.ascii	"1\360\340\356W6\236\321\377\305e\307\316=[\011\371\200"
 258      57369ED1 
 258      FFC565C7 
 258      CE3D5B09 
 258      F980
 259 01dc 6AE0B49E 		.ascii	"j\340\264\236\357\2641\237\207\345\333W:\374\243M\311"
 259      EFB4319F 
 259      87E5DB57 
 259      3AFCA34D 
 259      C9
 260 01ed 798A7CB5 		.ascii	"y\212|\265\246|\333\272\002\2652\346\033\305|e*)$d\233"
 260      A67CDBBA 
 260      02B532E6 
 260      1BC57C65 
 260      2A292464 
 261 0202 854AA046 		.ascii	"\205J\240FOWcL\347e\351v\355<\272=\\\331\016,_\200\334"
 261      4F57634C 
 261      E765E976 
 261      ED3CBA3D 
 261      5CD90E2C 
 262 0219 BCA208C6 		.ascii	"\274\242\010\306\003#\243Ng\324\031\031\365\214\321"
 262      0323A34E 
 262      67D41919 
 262      F58CD1
 263 0228 70CADBE6 		.ascii	"p\312\333\346P\3129cl\354^\273\025\031\345\310\230n"
 263      50CA3963 
 263      6CEC5EBB 
 263      1519E5C8 
 263      986E
 264 023a 7510BAEE 		.ascii	"u\020\272\356\227\031\344\214\0169c\20440\010\371\251"
 264      9719E48C 
 264      0E396384 
 264      343008F9 
 264      A9
 265 024b 315AA9E5 		.ascii	"1Z\251\345\214\212\211\216n\207`\340\336QF9g\234\325"
 265      8C8A898E 
 265      6E8760E0 
 265      DE514639 
 265      679CD5
 266 025e 19678D0C 		.ascii	"\031g\215\014\037c\004\206\246\203\240\0048\344\374"
 266      1F630486 
 266      A683A004 
 266      38E4FC
 267 026d A3A116B6 		.ascii	"\243\241\026\266!\204\214N|\376R)\271\300\327\322\250"
 267      21848C4E 
ARM GAS  C:\Users\elias\AppData\Local\Temp\ccY6s8xc.s 			page 20


 267      7CFE5229 
 267      B9C0D7D2 
 267      A8
 268 027e 231A1902 		.ascii	"#\032\031\002o\232\230\375\217\003\007?Q\246\271\273"
 268      6F9A98FD 
 268      8F03073F 
 268      51A6B9BB 
 269 028e FAD35F4E 		.ascii	"\372\323_N\330\260\327b\3540\003t~\333\367\360\031>"
 269      D8B0D762 
 269      EC300374 
 269      7EDBF7F0 
 269      193E
 270 02a0 A75F97EE 		.ascii	"\247_\227\356\035\233\216P\212X\377\312}c\247\306-\020"
 270      1D9B8E50 
 270      8A58FFCA 
 270      7D63A7C6 
 270      2D10
 271 02b2 6FFF9A1E 		.ascii	"o\377\232\036\324\350\335\336\254\222\035\330\307\320"
 271      D4E8DDDE 
 271      AC921DD8 
 271      C7D0
 272 02c0 027668D6 		.ascii	"\002vh\326\223\305\330\361\272\023\267\224L\034%\326"
 272      93C5D8F1 
 272      BA13B794 
 272      4C1C25D6 
 273 02d0 68099263 		.ascii	"h\011\222c 1F\002?\304S*U\301\267x\270\347\361p1\303"
 273      20314602 
 273      3FC4532A 
 273      55C1B778 
 273      B8E7F170 
 274 02e6 8D92C3B7 		.ascii	"\215\222\303\267\254\026|_\030\007O\031\237U6\216\334"
 274      AC167C5F 
 274      18074F19 
 274      9F55368E 
 274      DC
 275 02f7 B686EC87 		.ascii	"\266\206\354\207\213\254\037.\200h\210\242\346?\017"
 275      8BAC1F2E 
 275      806888A2 
 275      E63F0F
 276 0306 D9C4FA27 		.ascii	"\331\304\372'\273^,\316/_I%pN/\351\234\266\376Kl\375"
 276      BB5E2CCE 
 276      2F5F4925 
 276      704E2FE9 
 276      9CB6FE4B 
 277 031c 77BC85F8 		.ascii	"w\274\205\370#\324\304_\312\211\373eE\363\271\335?\240"
 277      23D4C45F 
 277      CA89FB65 
 277      45F3B9DD 
 277      3FA0
 278 032e 1684B3BD 		.ascii	"\026\204\263\275\013\350\336\200\346me\336\232\263\307"
 278      0BE8DE80 
 278      E66D65DE 
 278      9AB3C7
 279 033d 6F5A9520 		.ascii	"oZ\225 \367\006f\356\373#\371{+\343\264w\"\370e\004"
 279      F70666EE 
 279      FB23F97B 
 279      2BE3B477 
ARM GAS  C:\Users\elias\AppData\Local\Temp\ccY6s8xc.s 			page 21


 279      22F86504 
 280 0351 7F6F17E0 		.ascii	"\177o\027\340\364B\361\310U\207r\235K\177\276s\2620"
 280      F442F1C8 
 280      5587729D 
 280      4B7FBE73 
 280      B230
 281 0363 52B9C526 		.ascii	"R\271\305&\226\340g\277{\354\020\027\027\037u\224\356"
 281      96E067BF 
 281      7BEC1017 
 281      171F7594 
 281      EE
 282 0374 93FFF047 		.ascii	"\223\377\360G%\304\277Ua;p\031S\177\007Q\332\256=OW"
 282      25C4BF55 
 282      613B7019 
 282      537F0751 
 282      DAAE3D4F 
 283 0389 9C447F89 		.ascii	"\234D\177\211\271\324\363>\311\2672\341\2259\204\311"
 283      B9D4F33E 
 283      C9B732E1 
 283      953984C9 
 284 0399 54C88EC7 		.ascii	"T\310\216\307\177@%\304F\005\222X\011\035{\331\226\372"
 284      7F4025C4 
 284      46059258 
 284      091D7BD9 
 284      96FA
 285 03ab 09818F25 		.ascii	"\011\201\217%\350\300\035mg;J1(\202.<\242 \304A'\304"
 285      E8C01D6D 
 285      673B4A31 
 285      28822E3C 
 285      A220C441 
 286 03c1 693F4D43 		.ascii	"i?MC\335\301k\221\312\337\274\001\256\214w\022\007D"
 286      DDC16B91 
 286      CADFBC01 
 286      AE8C7712 
 286      0744
 287 03d3 C5CF8981 		.ascii	"\305\317\211\201^t\207\"\361\232\274\341\330.=(\351"
 287      5E748722 
 287      F19ABCE1 
 287      D82E3D28 
 287      E9
 288 03e4 D6F79756 		.ascii	"\326\367\227V\3102\035\231:6\035\271\354\030!x\026\276"
 288      C8321D99 
 288      3A361DB9 
 288      EC182178 
 288      16BE
 289 03f6 FA37F611 		.ascii	"\3727\366\021\262\222i\333\270\326Pn\033\373\017\322"
 289      B29269DB 
 289      B8D6506E 
 289      1BFB0FD2 
 290 0406 07CBD075 		.ascii	"\007\313\320u\257\340n\277\325\216\355\226\377t\355"
 290      AFE06EBF 
 290      D58EED96 
 290      FF74ED
 291 0415 D6397E64 		.ascii	"\3269~d&L\331\255\260\365x\367\227\356\017\003{\374"
 291      264CD9AD 
 291      B0F578F7 
 291      97EE0F03 
ARM GAS  C:\Users\elias\AppData\Local\Temp\ccY6s8xc.s 			page 22


 291      7BFC
 292 0427 1CF61FE6 		.ascii	"\034\366\037\346\260\363\276\377\253wu\031!\013\240"
 292      B0F3BEFF 
 292      AB777519 
 292      210BA0
 293 0436 1FCFE07B 		.ascii	"\037\317\340{}\035W\301\316\327Q\327}\247z\236c\027"
 293      7D1D57C1 
 293      CED751D7 
 293      7DA77A9E 
 293      6317
 294 0448 3D2D6CDE 		.ascii	"=-l\336\205\355\363\231Ro\337\001p\260~\302OT\037;>"
 294      85EDF399 
 294      526FDF01 
 294      70B07EC2 
 294      4F541F3B 
 295 045d 3EA998D4 		.ascii	">\251\230\324t\315\272zP\250\007\231\372\321\215\352"
 295      74CDBA7A 
 295      50A80799 
 295      FAD18DEA 
 296 046d DF1C2635 		.ascii	"\337\034&5\355V]=\004\016\255\236!f\270>R8\026a2\\4"
 296      ED565D3D 
 296      040EAD9E 
 296      2166B83E 
 296      52381661 
 297 0484 1986057E 		.ascii	"\031\206\005~8\004\276\322\244\036\021\352\221\020\352"
 297      3804BED2 
 297      A41E11EA 
 297      9110EA
 298 0493 6A93FA9A 		.ascii	"j\223\372\232P\323\317\330\264W_IIw\251\353\322\337"
 298      50D3CFD8 
 298      B4575F49 
 298      4977A9EB 
 298      D2DF
 299 04a5 5A95FEAE 		.ascii	"Z\225\376\256\272\311\235\343RSr\262\327mX\237\220\353"
 299      BAC99DE3 
 299      525372B2 
 299      D76D589F 
 299      90EB
 300 04b7 74B91312 		.ascii	"t\271\023\022m+\336Y\035\233\222\224$\305\257P\263U"
 300      6D2BDE59 
 300      1D9B9294 
 300      24C5AF50 
 300      B355
 301 04c9 97D3ADAE 		.ascii	"\227\323\255\256MO\315\311se\252kV\245\346\244\274\260"
 301      4D4FCDC9 
 301      7365AA6B 
 301      56A5E6A4 
 301      BCB0
 302 04db C60858F5 		.ascii	"\306\010X\365vB\246\264\304\370\344=\347F5/\227\263"
 302      7642A6B4 
 302      C4F8E43D 
 302      E746352F 
 302      97B3
 303 04ed 92161BBF 		.ascii	"\222\026\033\277Iun\026\231\226\204\254\341Y\223!KU"
 303      49756E16 
 303      999684AC 
 303      E1599321 
ARM GAS  C:\Users\elias\AppData\Local\Temp\ccY6s8xc.s 			page 23


 303      4B55
 304 04ff 73173E0E 		.ascii	"s\027>\0167=z-\333\231\221\245.\373\357Z\023>\224\026"
 304      373D7A2D 
 304      DB9991A5 
 304      2EFBEF5A 
 304      133E9416 
 305 0513 99E8AA3B 		.ascii	"\231\350\252;\315\231\225\247\316\313\333\220\355^\376"
 305      CD9995A7 
 305      CECBDB90 
 305      ED5EFE
 306 0522 5C0840E6 		.ascii	"\\\010@\346\026\367\226\\u\023\232\027\230\314\356\034"
 306      16F7965C 
 306      75139A17 
 306      98CCEE1C 
 307 0532 731919CE 		.ascii	"s\031\031\316\314\215y\271\021*\253&\325\215 \373Z\247"
 307      CC8D79B9 
 307      112AAB26 
 307      D58D20FB 
 307      5AA7
 308 0544 DB99BE99 		.ascii	"\333\231\276\231\246\210~\\\231\352v\345e\272-.u\375"
 308      A6887E5C 
 308      99EA76E5 
 308      65BA2D2E 
 308      75FD
 309 0556 F27F0085 		.ascii	"\362\177\000\205\201\011\307"
 309      8109C7
 310              		.text
 311              		.section	.gnu.lto_.symtab.51bafa8e,"",%progbits
 312 0000 56444143 		.ascii	"VDAC_ref_LP_SaveConfig\000"
 312      5F726566 
 312      5F4C505F 
 312      53617665 
 312      436F6E66 
 313 0017 00       		.ascii	"\000"
 314 0018 00       		.ascii	"\000"
 315 0019 00       		.ascii	"\000"
 316 001a 00000000 		.ascii	"\000\000\000\000\000\000\000\000"
 316      00000000 
 317 0022 B3000000 		.ascii	"\263\000\000\000"
 318 0026 56444143 		.ascii	"VDAC_ref_LP_RestoreConfig\000"
 318      5F726566 
 318      5F4C505F 
 318      52657374 
 318      6F726543 
 319 0040 00       		.ascii	"\000"
 320 0041 00       		.ascii	"\000"
 321 0042 00       		.ascii	"\000"
 322 0043 00000000 		.ascii	"\000\000\000\000\000\000\000\000"
 322      00000000 
 323 004b B5000000 		.ascii	"\265\000\000\000"
 324 004f 56444143 		.ascii	"VDAC_ref_LP_Sleep\000"
 324      5F726566 
 324      5F4C505F 
 324      536C6565 
 324      7000
 325 0061 00       		.ascii	"\000"
 326 0062 00       		.ascii	"\000"
ARM GAS  C:\Users\elias\AppData\Local\Temp\ccY6s8xc.s 			page 24


 327 0063 00       		.ascii	"\000"
 328 0064 00000000 		.ascii	"\000\000\000\000\000\000\000\000"
 328      00000000 
 329 006c B7000000 		.ascii	"\267\000\000\000"
 330 0070 56444143 		.ascii	"VDAC_ref_LP_Wakeup\000"
 330      5F726566 
 330      5F4C505F 
 330      57616B65 
 330      757000
 331 0083 00       		.ascii	"\000"
 332 0084 00       		.ascii	"\000"
 333 0085 00       		.ascii	"\000"
 334 0086 00000000 		.ascii	"\000\000\000\000\000\000\000\000"
 334      00000000 
 335 008e B9000000 		.ascii	"\271\000\000\000"
 336 0092 56444143 		.ascii	"VDAC_ref_LP_Enable\000"
 336      5F726566 
 336      5F4C505F 
 336      456E6162 
 336      6C6500
 337 00a5 00       		.ascii	"\000"
 338 00a6 02       		.ascii	"\002"
 339 00a7 00       		.ascii	"\000"
 340 00a8 00000000 		.ascii	"\000\000\000\000\000\000\000\000"
 340      00000000 
 341 00b0 BB000000 		.ascii	"\273\000\000\000"
 342 00b4 56444143 		.ascii	"VDAC_ref_LP_SetValue\000"
 342      5F726566 
 342      5F4C505F 
 342      53657456 
 342      616C7565 
 343 00c9 00       		.ascii	"\000"
 344 00ca 02       		.ascii	"\002"
 345 00cb 00       		.ascii	"\000"
 346 00cc 00000000 		.ascii	"\000\000\000\000\000\000\000\000"
 346      00000000 
 347 00d4 C4000000 		.ascii	"\304\000\000\000"
 348 00d8 56444143 		.ascii	"VDAC_ref_LP_Stop\000"
 348      5F726566 
 348      5F4C505F 
 348      53746F70 
 348      00
 349 00e9 00       		.ascii	"\000"
 350 00ea 02       		.ascii	"\002"
 351 00eb 00       		.ascii	"\000"
 352 00ec 00000000 		.ascii	"\000\000\000\000\000\000\000\000"
 352      00000000 
 353 00f4 C6000000 		.ascii	"\306\000\000\000"
 354              		.text
 355              		.section	.gnu.lto_.opts,"",%progbits
 356 0000 272D666D 		.ascii	"'-fmath-errno' '-fsigned-zeros' '-ftrapping-math' '"
 356      6174682D 
 356      6572726E 
 356      6F272027 
 356      2D667369 
 357 0033 2D666E6F 		.ascii	"-fno-trapv' '-fno-openmp' '-fno-openacc' '-mcpu=cor"
 357      2D747261 
ARM GAS  C:\Users\elias\AppData\Local\Temp\ccY6s8xc.s 			page 25


 357      70762720 
 357      272D666E 
 357      6F2D6F70 
 358 0066 7465782D 		.ascii	"tex-m3' '-mthumb' '-g' '-O3' '-ffunction-sections' "
 358      6D332720 
 358      272D6D74 
 358      68756D62 
 358      2720272D 
 359 0099 272D6666 		.ascii	"'-ffat-lto-objects' '-finline-functions' '-flto'\000"
 359      61742D6C 
 359      746F2D6F 
 359      626A6563 
 359      74732720 
 360              		.text
 361              		.cfi_sections	.debug_frame
 362              		.section	.text.VDAC_ref_LP_SaveConfig,"ax",%progbits
 363              		.align	2
 364              		.global	VDAC_ref_LP_SaveConfig
 365              		.thumb
 366              		.thumb_func
 367              		.type	VDAC_ref_LP_SaveConfig, %function
 368              	VDAC_ref_LP_SaveConfig:
 369              	.LFB0:
 370              		.file 1 "Generated_Source\\PSoC5\\VDAC_ref_LP_PM.c"
   1:Generated_Source\PSoC5/VDAC_ref_LP_PM.c **** /*******************************************************************************
   2:Generated_Source\PSoC5/VDAC_ref_LP_PM.c **** * File Name: VDAC_ref_LP_PM.c  
   3:Generated_Source\PSoC5/VDAC_ref_LP_PM.c **** * Version 1.90
   4:Generated_Source\PSoC5/VDAC_ref_LP_PM.c **** *
   5:Generated_Source\PSoC5/VDAC_ref_LP_PM.c **** * Description:
   6:Generated_Source\PSoC5/VDAC_ref_LP_PM.c **** *  This file provides the power management source code to API for the
   7:Generated_Source\PSoC5/VDAC_ref_LP_PM.c **** *  VDAC8.  
   8:Generated_Source\PSoC5/VDAC_ref_LP_PM.c **** *
   9:Generated_Source\PSoC5/VDAC_ref_LP_PM.c **** * Note:
  10:Generated_Source\PSoC5/VDAC_ref_LP_PM.c **** *  None
  11:Generated_Source\PSoC5/VDAC_ref_LP_PM.c **** *
  12:Generated_Source\PSoC5/VDAC_ref_LP_PM.c **** ********************************************************************************
  13:Generated_Source\PSoC5/VDAC_ref_LP_PM.c **** * Copyright 2008-2012, Cypress Semiconductor Corporation.  All rights reserved.
  14:Generated_Source\PSoC5/VDAC_ref_LP_PM.c **** * You may use this file only in accordance with the license, terms, conditions, 
  15:Generated_Source\PSoC5/VDAC_ref_LP_PM.c **** * disclaimers, and limitations in the end user license agreement accompanying 
  16:Generated_Source\PSoC5/VDAC_ref_LP_PM.c **** * the software package with which this file was provided.
  17:Generated_Source\PSoC5/VDAC_ref_LP_PM.c **** *******************************************************************************/
  18:Generated_Source\PSoC5/VDAC_ref_LP_PM.c **** 
  19:Generated_Source\PSoC5/VDAC_ref_LP_PM.c **** #include "VDAC_ref_LP.h"
  20:Generated_Source\PSoC5/VDAC_ref_LP_PM.c **** 
  21:Generated_Source\PSoC5/VDAC_ref_LP_PM.c **** static VDAC_ref_LP_backupStruct VDAC_ref_LP_backup;
  22:Generated_Source\PSoC5/VDAC_ref_LP_PM.c **** 
  23:Generated_Source\PSoC5/VDAC_ref_LP_PM.c **** 
  24:Generated_Source\PSoC5/VDAC_ref_LP_PM.c **** /*******************************************************************************
  25:Generated_Source\PSoC5/VDAC_ref_LP_PM.c **** * Function Name: VDAC_ref_LP_SaveConfig
  26:Generated_Source\PSoC5/VDAC_ref_LP_PM.c **** ********************************************************************************
  27:Generated_Source\PSoC5/VDAC_ref_LP_PM.c **** * Summary:
  28:Generated_Source\PSoC5/VDAC_ref_LP_PM.c **** *  Save the current user configuration
  29:Generated_Source\PSoC5/VDAC_ref_LP_PM.c **** *
  30:Generated_Source\PSoC5/VDAC_ref_LP_PM.c **** * Parameters:  
  31:Generated_Source\PSoC5/VDAC_ref_LP_PM.c **** *  void  
  32:Generated_Source\PSoC5/VDAC_ref_LP_PM.c **** *
  33:Generated_Source\PSoC5/VDAC_ref_LP_PM.c **** * Return: 
ARM GAS  C:\Users\elias\AppData\Local\Temp\ccY6s8xc.s 			page 26


  34:Generated_Source\PSoC5/VDAC_ref_LP_PM.c **** *  void
  35:Generated_Source\PSoC5/VDAC_ref_LP_PM.c **** *
  36:Generated_Source\PSoC5/VDAC_ref_LP_PM.c **** *******************************************************************************/
  37:Generated_Source\PSoC5/VDAC_ref_LP_PM.c **** void VDAC_ref_LP_SaveConfig(void) 
  38:Generated_Source\PSoC5/VDAC_ref_LP_PM.c **** {
 371              		.loc 1 38 0
 372              		.cfi_startproc
 373              		@ args = 0, pretend = 0, frame = 0
 374              		@ frame_needed = 0, uses_anonymous_args = 0
 375              		@ link register save eliminated.
  39:Generated_Source\PSoC5/VDAC_ref_LP_PM.c ****     if (!((VDAC_ref_LP_CR1 & VDAC_ref_LP_SRC_MASK) == VDAC_ref_LP_SRC_UDB))
 376              		.loc 1 39 0
 377 0000 044B     		ldr	r3, .L4
 378 0002 1B78     		ldrb	r3, [r3]	@ zero_extendqisi2
 379 0004 9B06     		lsls	r3, r3, #26
 380 0006 03D4     		bmi	.L1
  40:Generated_Source\PSoC5/VDAC_ref_LP_PM.c ****     {
  41:Generated_Source\PSoC5/VDAC_ref_LP_PM.c ****         VDAC_ref_LP_backup.data_value = VDAC_ref_LP_Data;
 381              		.loc 1 41 0
 382 0008 034A     		ldr	r2, .L4+4
 383 000a 044B     		ldr	r3, .L4+8
 384 000c 1278     		ldrb	r2, [r2]	@ zero_extendqisi2
 385 000e 5A70     		strb	r2, [r3, #1]
 386              	.L1:
 387 0010 7047     		bx	lr
 388              	.L5:
 389 0012 00BF     		.align	2
 390              	.L4:
 391 0014 2D580040 		.word	1073764397
 392 0018 835B0040 		.word	1073765251
 393 001c 00000000 		.word	.LANCHOR0
 394              		.cfi_endproc
 395              	.LFE0:
 396              		.size	VDAC_ref_LP_SaveConfig, .-VDAC_ref_LP_SaveConfig
 397              		.section	.text.VDAC_ref_LP_RestoreConfig,"ax",%progbits
 398              		.align	2
 399              		.global	VDAC_ref_LP_RestoreConfig
 400              		.thumb
 401              		.thumb_func
 402              		.type	VDAC_ref_LP_RestoreConfig, %function
 403              	VDAC_ref_LP_RestoreConfig:
 404              	.LFB1:
  42:Generated_Source\PSoC5/VDAC_ref_LP_PM.c ****     }
  43:Generated_Source\PSoC5/VDAC_ref_LP_PM.c **** }
  44:Generated_Source\PSoC5/VDAC_ref_LP_PM.c **** 
  45:Generated_Source\PSoC5/VDAC_ref_LP_PM.c **** 
  46:Generated_Source\PSoC5/VDAC_ref_LP_PM.c **** /*******************************************************************************
  47:Generated_Source\PSoC5/VDAC_ref_LP_PM.c **** * Function Name: VDAC_ref_LP_RestoreConfig
  48:Generated_Source\PSoC5/VDAC_ref_LP_PM.c **** ********************************************************************************
  49:Generated_Source\PSoC5/VDAC_ref_LP_PM.c **** *
  50:Generated_Source\PSoC5/VDAC_ref_LP_PM.c **** * Summary:
  51:Generated_Source\PSoC5/VDAC_ref_LP_PM.c **** *  Restores the current user configuration.
  52:Generated_Source\PSoC5/VDAC_ref_LP_PM.c **** *
  53:Generated_Source\PSoC5/VDAC_ref_LP_PM.c **** * Parameters:  
  54:Generated_Source\PSoC5/VDAC_ref_LP_PM.c **** *  void
  55:Generated_Source\PSoC5/VDAC_ref_LP_PM.c **** *
  56:Generated_Source\PSoC5/VDAC_ref_LP_PM.c **** * Return: 
ARM GAS  C:\Users\elias\AppData\Local\Temp\ccY6s8xc.s 			page 27


  57:Generated_Source\PSoC5/VDAC_ref_LP_PM.c **** *  void
  58:Generated_Source\PSoC5/VDAC_ref_LP_PM.c **** *
  59:Generated_Source\PSoC5/VDAC_ref_LP_PM.c **** *******************************************************************************/
  60:Generated_Source\PSoC5/VDAC_ref_LP_PM.c **** void VDAC_ref_LP_RestoreConfig(void) 
  61:Generated_Source\PSoC5/VDAC_ref_LP_PM.c **** {
 405              		.loc 1 61 0
 406              		.cfi_startproc
 407              		@ args = 0, pretend = 0, frame = 0
 408              		@ frame_needed = 0, uses_anonymous_args = 0
 409              		@ link register save eliminated.
  62:Generated_Source\PSoC5/VDAC_ref_LP_PM.c ****     if (!((VDAC_ref_LP_CR1 & VDAC_ref_LP_SRC_MASK) == VDAC_ref_LP_SRC_UDB))
 410              		.loc 1 62 0
 411 0000 0C4B     		ldr	r3, .L10
 412 0002 1B78     		ldrb	r3, [r3]	@ zero_extendqisi2
 413 0004 9906     		lsls	r1, r3, #26
 414 0006 07D4     		bmi	.L6
  63:Generated_Source\PSoC5/VDAC_ref_LP_PM.c ****     {
  64:Generated_Source\PSoC5/VDAC_ref_LP_PM.c ****         if((VDAC_ref_LP_Strobe & VDAC_ref_LP_STRB_MASK) == VDAC_ref_LP_STRB_EN)
 415              		.loc 1 64 0
 416 0008 0B4B     		ldr	r3, .L10+4
 417 000a 1A78     		ldrb	r2, [r3]	@ zero_extendqisi2
 418 000c 1207     		lsls	r2, r2, #28
 419 000e 04D4     		bmi	.L9
  65:Generated_Source\PSoC5/VDAC_ref_LP_PM.c ****         {
  66:Generated_Source\PSoC5/VDAC_ref_LP_PM.c ****             VDAC_ref_LP_Strobe &= (uint8)(~VDAC_ref_LP_STRB_MASK);
  67:Generated_Source\PSoC5/VDAC_ref_LP_PM.c ****             VDAC_ref_LP_Data = VDAC_ref_LP_backup.data_value;
  68:Generated_Source\PSoC5/VDAC_ref_LP_PM.c ****             VDAC_ref_LP_Strobe |= VDAC_ref_LP_STRB_EN;
  69:Generated_Source\PSoC5/VDAC_ref_LP_PM.c ****         }
  70:Generated_Source\PSoC5/VDAC_ref_LP_PM.c ****         else
  71:Generated_Source\PSoC5/VDAC_ref_LP_PM.c ****         {
  72:Generated_Source\PSoC5/VDAC_ref_LP_PM.c ****             VDAC_ref_LP_Data = VDAC_ref_LP_backup.data_value;
 420              		.loc 1 72 0
 421 0010 0A4A     		ldr	r2, .L10+8
 422 0012 0B4B     		ldr	r3, .L10+12
 423 0014 5278     		ldrb	r2, [r2, #1]	@ zero_extendqisi2
 424 0016 1A70     		strb	r2, [r3]
 425              	.L6:
 426 0018 7047     		bx	lr
 427              	.L9:
 428              	.LBB6:
 429              	.LBB7:
  67:Generated_Source\PSoC5/VDAC_ref_LP_PM.c ****             VDAC_ref_LP_Strobe |= VDAC_ref_LP_STRB_EN;
 430              		.loc 1 67 0
 431 001a 0849     		ldr	r1, .L10+8
  66:Generated_Source\PSoC5/VDAC_ref_LP_PM.c ****             VDAC_ref_LP_Data = VDAC_ref_LP_backup.data_value;
 432              		.loc 1 66 0
 433 001c 1A78     		ldrb	r2, [r3]	@ zero_extendqisi2
  67:Generated_Source\PSoC5/VDAC_ref_LP_PM.c ****             VDAC_ref_LP_Strobe |= VDAC_ref_LP_STRB_EN;
 434              		.loc 1 67 0
 435 001e 4878     		ldrb	r0, [r1, #1]	@ zero_extendqisi2
 436 0020 0749     		ldr	r1, .L10+12
  66:Generated_Source\PSoC5/VDAC_ref_LP_PM.c ****             VDAC_ref_LP_Data = VDAC_ref_LP_backup.data_value;
 437              		.loc 1 66 0
 438 0022 02F0F702 		and	r2, r2, #247
 439 0026 1A70     		strb	r2, [r3]
  67:Generated_Source\PSoC5/VDAC_ref_LP_PM.c ****             VDAC_ref_LP_Strobe |= VDAC_ref_LP_STRB_EN;
 440              		.loc 1 67 0
ARM GAS  C:\Users\elias\AppData\Local\Temp\ccY6s8xc.s 			page 28


 441 0028 0870     		strb	r0, [r1]
  68:Generated_Source\PSoC5/VDAC_ref_LP_PM.c ****         }
 442              		.loc 1 68 0
 443 002a 1A78     		ldrb	r2, [r3]	@ zero_extendqisi2
 444 002c 42F00802 		orr	r2, r2, #8
 445 0030 1A70     		strb	r2, [r3]
 446 0032 7047     		bx	lr
 447              	.L11:
 448              		.align	2
 449              	.L10:
 450 0034 2D580040 		.word	1073764397
 451 0038 9F5A0040 		.word	1073765023
 452 003c 00000000 		.word	.LANCHOR0
 453 0040 835B0040 		.word	1073765251
 454              	.LBE7:
 455              	.LBE6:
 456              		.cfi_endproc
 457              	.LFE1:
 458              		.size	VDAC_ref_LP_RestoreConfig, .-VDAC_ref_LP_RestoreConfig
 459              		.section	.text.VDAC_ref_LP_Sleep,"ax",%progbits
 460              		.align	2
 461              		.global	VDAC_ref_LP_Sleep
 462              		.thumb
 463              		.thumb_func
 464              		.type	VDAC_ref_LP_Sleep, %function
 465              	VDAC_ref_LP_Sleep:
 466              	.LFB2:
  73:Generated_Source\PSoC5/VDAC_ref_LP_PM.c ****         }
  74:Generated_Source\PSoC5/VDAC_ref_LP_PM.c ****     }
  75:Generated_Source\PSoC5/VDAC_ref_LP_PM.c **** }
  76:Generated_Source\PSoC5/VDAC_ref_LP_PM.c **** 
  77:Generated_Source\PSoC5/VDAC_ref_LP_PM.c **** 
  78:Generated_Source\PSoC5/VDAC_ref_LP_PM.c **** /*******************************************************************************
  79:Generated_Source\PSoC5/VDAC_ref_LP_PM.c **** * Function Name: VDAC_ref_LP_Sleep
  80:Generated_Source\PSoC5/VDAC_ref_LP_PM.c **** ********************************************************************************
  81:Generated_Source\PSoC5/VDAC_ref_LP_PM.c **** * Summary:
  82:Generated_Source\PSoC5/VDAC_ref_LP_PM.c **** *  Stop and Save the user configuration
  83:Generated_Source\PSoC5/VDAC_ref_LP_PM.c **** *
  84:Generated_Source\PSoC5/VDAC_ref_LP_PM.c **** * Parameters:  
  85:Generated_Source\PSoC5/VDAC_ref_LP_PM.c **** *  void:  
  86:Generated_Source\PSoC5/VDAC_ref_LP_PM.c **** *
  87:Generated_Source\PSoC5/VDAC_ref_LP_PM.c **** * Return: 
  88:Generated_Source\PSoC5/VDAC_ref_LP_PM.c **** *  void
  89:Generated_Source\PSoC5/VDAC_ref_LP_PM.c **** *
  90:Generated_Source\PSoC5/VDAC_ref_LP_PM.c **** * Global variables:
  91:Generated_Source\PSoC5/VDAC_ref_LP_PM.c **** *  VDAC_ref_LP_backup.enableState:  Is modified depending on the enable 
  92:Generated_Source\PSoC5/VDAC_ref_LP_PM.c **** *  state  of the block before entering sleep mode.
  93:Generated_Source\PSoC5/VDAC_ref_LP_PM.c **** *
  94:Generated_Source\PSoC5/VDAC_ref_LP_PM.c **** *******************************************************************************/
  95:Generated_Source\PSoC5/VDAC_ref_LP_PM.c **** void VDAC_ref_LP_Sleep(void) 
  96:Generated_Source\PSoC5/VDAC_ref_LP_PM.c **** {
 467              		.loc 1 96 0
 468              		.cfi_startproc
 469              		@ args = 0, pretend = 0, frame = 0
 470              		@ frame_needed = 0, uses_anonymous_args = 0
 471 0000 10B5     		push	{r4, lr}
 472              		.cfi_def_cfa_offset 8
ARM GAS  C:\Users\elias\AppData\Local\Temp\ccY6s8xc.s 			page 29


 473              		.cfi_offset 4, -8
 474              		.cfi_offset 14, -4
  97:Generated_Source\PSoC5/VDAC_ref_LP_PM.c ****     /* Save VDAC8's enable state */    
  98:Generated_Source\PSoC5/VDAC_ref_LP_PM.c ****     if(VDAC_ref_LP_ACT_PWR_EN == (VDAC_ref_LP_PWRMGR & VDAC_ref_LP_ACT_PWR_EN))
 475              		.loc 1 98 0
 476 0002 084B     		ldr	r3, .L15
 477 0004 084C     		ldr	r4, .L15+4
 478 0006 1B78     		ldrb	r3, [r3]	@ zero_extendqisi2
 479 0008 C3F3C003 		ubfx	r3, r3, #3, #1
 480 000c 2370     		strb	r3, [r4]
  99:Generated_Source\PSoC5/VDAC_ref_LP_PM.c ****     {
 100:Generated_Source\PSoC5/VDAC_ref_LP_PM.c ****         /* VDAC8 is enabled */
 101:Generated_Source\PSoC5/VDAC_ref_LP_PM.c ****         VDAC_ref_LP_backup.enableState = 1u;
 102:Generated_Source\PSoC5/VDAC_ref_LP_PM.c ****     }
 103:Generated_Source\PSoC5/VDAC_ref_LP_PM.c ****     else
 104:Generated_Source\PSoC5/VDAC_ref_LP_PM.c ****     {
 105:Generated_Source\PSoC5/VDAC_ref_LP_PM.c ****         /* VDAC8 is disabled */
 106:Generated_Source\PSoC5/VDAC_ref_LP_PM.c ****         VDAC_ref_LP_backup.enableState = 0u;
 107:Generated_Source\PSoC5/VDAC_ref_LP_PM.c ****     }
 108:Generated_Source\PSoC5/VDAC_ref_LP_PM.c ****     
 109:Generated_Source\PSoC5/VDAC_ref_LP_PM.c ****     VDAC_ref_LP_Stop();
 481              		.loc 1 109 0
 482 000e FFF7FEFF 		bl	VDAC_ref_LP_Stop
 483              	.LVL0:
 484              	.LBB8:
 485              	.LBB9:
  39:Generated_Source\PSoC5/VDAC_ref_LP_PM.c ****     {
 486              		.loc 1 39 0
 487 0012 064B     		ldr	r3, .L15+8
 488 0014 1B78     		ldrb	r3, [r3]	@ zero_extendqisi2
 489 0016 9B06     		lsls	r3, r3, #26
 490 0018 02D4     		bmi	.L12
  41:Generated_Source\PSoC5/VDAC_ref_LP_PM.c ****     }
 491              		.loc 1 41 0
 492 001a 054B     		ldr	r3, .L15+12
 493 001c 1B78     		ldrb	r3, [r3]	@ zero_extendqisi2
 494 001e 6370     		strb	r3, [r4, #1]
 495              	.L12:
 496 0020 10BD     		pop	{r4, pc}
 497              	.L16:
 498 0022 00BF     		.align	2
 499              	.L15:
 500 0024 A8430040 		.word	1073759144
 501 0028 00000000 		.word	.LANCHOR0
 502 002c 2D580040 		.word	1073764397
 503 0030 835B0040 		.word	1073765251
 504              	.LBE9:
 505              	.LBE8:
 506              		.cfi_endproc
 507              	.LFE2:
 508              		.size	VDAC_ref_LP_Sleep, .-VDAC_ref_LP_Sleep
 509              		.section	.text.VDAC_ref_LP_Wakeup,"ax",%progbits
 510              		.align	2
 511              		.global	VDAC_ref_LP_Wakeup
 512              		.thumb
 513              		.thumb_func
 514              		.type	VDAC_ref_LP_Wakeup, %function
ARM GAS  C:\Users\elias\AppData\Local\Temp\ccY6s8xc.s 			page 30


 515              	VDAC_ref_LP_Wakeup:
 516              	.LFB3:
 110:Generated_Source\PSoC5/VDAC_ref_LP_PM.c ****     VDAC_ref_LP_SaveConfig();
 111:Generated_Source\PSoC5/VDAC_ref_LP_PM.c **** }
 112:Generated_Source\PSoC5/VDAC_ref_LP_PM.c **** 
 113:Generated_Source\PSoC5/VDAC_ref_LP_PM.c **** 
 114:Generated_Source\PSoC5/VDAC_ref_LP_PM.c **** /*******************************************************************************
 115:Generated_Source\PSoC5/VDAC_ref_LP_PM.c **** * Function Name: VDAC_ref_LP_Wakeup
 116:Generated_Source\PSoC5/VDAC_ref_LP_PM.c **** ********************************************************************************
 117:Generated_Source\PSoC5/VDAC_ref_LP_PM.c **** *
 118:Generated_Source\PSoC5/VDAC_ref_LP_PM.c **** * Summary:
 119:Generated_Source\PSoC5/VDAC_ref_LP_PM.c **** *  Restores and enables the user configuration
 120:Generated_Source\PSoC5/VDAC_ref_LP_PM.c **** *  
 121:Generated_Source\PSoC5/VDAC_ref_LP_PM.c **** * Parameters:  
 122:Generated_Source\PSoC5/VDAC_ref_LP_PM.c **** *  void
 123:Generated_Source\PSoC5/VDAC_ref_LP_PM.c **** *
 124:Generated_Source\PSoC5/VDAC_ref_LP_PM.c **** * Return: 
 125:Generated_Source\PSoC5/VDAC_ref_LP_PM.c **** *  void
 126:Generated_Source\PSoC5/VDAC_ref_LP_PM.c **** *
 127:Generated_Source\PSoC5/VDAC_ref_LP_PM.c **** * Global variables:
 128:Generated_Source\PSoC5/VDAC_ref_LP_PM.c **** *  VDAC_ref_LP_backup.enableState:  Is used to restore the enable state of 
 129:Generated_Source\PSoC5/VDAC_ref_LP_PM.c **** *  block on wakeup from sleep mode.
 130:Generated_Source\PSoC5/VDAC_ref_LP_PM.c **** *
 131:Generated_Source\PSoC5/VDAC_ref_LP_PM.c **** *******************************************************************************/
 132:Generated_Source\PSoC5/VDAC_ref_LP_PM.c **** void VDAC_ref_LP_Wakeup(void) 
 133:Generated_Source\PSoC5/VDAC_ref_LP_PM.c **** {
 517              		.loc 1 133 0
 518              		.cfi_startproc
 519              		@ args = 0, pretend = 0, frame = 0
 520              		@ frame_needed = 0, uses_anonymous_args = 0
 521 0000 08B5     		push	{r3, lr}
 522              		.cfi_def_cfa_offset 8
 523              		.cfi_offset 3, -8
 524              		.cfi_offset 14, -4
 525              	.LBB16:
 526              	.LBB17:
  62:Generated_Source\PSoC5/VDAC_ref_LP_PM.c ****     {
 527              		.loc 1 62 0
 528 0002 144B     		ldr	r3, .L27
 529 0004 1B78     		ldrb	r3, [r3]	@ zero_extendqisi2
 530 0006 9A06     		lsls	r2, r3, #26
 531 0008 22D4     		bmi	.L24
  64:Generated_Source\PSoC5/VDAC_ref_LP_PM.c ****         {
 532              		.loc 1 64 0
 533 000a 134A     		ldr	r2, .L27+4
 534 000c 1378     		ldrb	r3, [r2]	@ zero_extendqisi2
 535 000e 1B07     		lsls	r3, r3, #28
 536 0010 07D4     		bmi	.L25
  72:Generated_Source\PSoC5/VDAC_ref_LP_PM.c ****         }
 537              		.loc 1 72 0
 538 0012 124B     		ldr	r3, .L27+8
 539 0014 124A     		ldr	r2, .L27+12
 540 0016 5978     		ldrb	r1, [r3, #1]	@ zero_extendqisi2
 541 0018 1170     		strb	r1, [r2]
 542              	.L18:
 543              	.LBE17:
 544              	.LBE16:
ARM GAS  C:\Users\elias\AppData\Local\Temp\ccY6s8xc.s 			page 31


 134:Generated_Source\PSoC5/VDAC_ref_LP_PM.c ****     VDAC_ref_LP_RestoreConfig();
 135:Generated_Source\PSoC5/VDAC_ref_LP_PM.c ****     
 136:Generated_Source\PSoC5/VDAC_ref_LP_PM.c ****     if(VDAC_ref_LP_backup.enableState == 1u)
 545              		.loc 1 136 0
 546 001a 1B78     		ldrb	r3, [r3]	@ zero_extendqisi2
 547 001c 012B     		cmp	r3, #1
 548 001e 0FD0     		beq	.L26
 549              	.L17:
 550 0020 08BD     		pop	{r3, pc}
 551              	.L25:
 552              	.LBB21:
 553              	.LBB20:
 554              	.LBB18:
 555              	.LBB19:
  66:Generated_Source\PSoC5/VDAC_ref_LP_PM.c ****             VDAC_ref_LP_Data = VDAC_ref_LP_backup.data_value;
 556              		.loc 1 66 0
 557 0022 1178     		ldrb	r1, [r2]	@ zero_extendqisi2
  67:Generated_Source\PSoC5/VDAC_ref_LP_PM.c ****             VDAC_ref_LP_Strobe |= VDAC_ref_LP_STRB_EN;
 558              		.loc 1 67 0
 559 0024 0D4B     		ldr	r3, .L27+8
  66:Generated_Source\PSoC5/VDAC_ref_LP_PM.c ****             VDAC_ref_LP_Data = VDAC_ref_LP_backup.data_value;
 560              		.loc 1 66 0
 561 0026 01F0F701 		and	r1, r1, #247
 562 002a 1170     		strb	r1, [r2]
  67:Generated_Source\PSoC5/VDAC_ref_LP_PM.c ****             VDAC_ref_LP_Strobe |= VDAC_ref_LP_STRB_EN;
 563              		.loc 1 67 0
 564 002c 5878     		ldrb	r0, [r3, #1]	@ zero_extendqisi2
 565 002e 0C49     		ldr	r1, .L27+12
 566 0030 0870     		strb	r0, [r1]
  68:Generated_Source\PSoC5/VDAC_ref_LP_PM.c ****         }
 567              		.loc 1 68 0
 568 0032 1178     		ldrb	r1, [r2]	@ zero_extendqisi2
 569 0034 41F00801 		orr	r1, r1, #8
 570 0038 1170     		strb	r1, [r2]
 571              	.LBE19:
 572              	.LBE18:
 573              	.LBE20:
 574              	.LBE21:
 575              		.loc 1 136 0
 576 003a 1B78     		ldrb	r3, [r3]	@ zero_extendqisi2
 577 003c 012B     		cmp	r3, #1
 578 003e EFD1     		bne	.L17
 579              	.L26:
 580              	.LBB22:
 581              	.LBB23:
 137:Generated_Source\PSoC5/VDAC_ref_LP_PM.c ****     {
 138:Generated_Source\PSoC5/VDAC_ref_LP_PM.c ****         /* Enable VDAC8's operation */
 139:Generated_Source\PSoC5/VDAC_ref_LP_PM.c ****         VDAC_ref_LP_Enable();
 582              		.loc 1 139 0
 583 0040 FFF7FEFF 		bl	VDAC_ref_LP_Enable
 584              	.LVL1:
 140:Generated_Source\PSoC5/VDAC_ref_LP_PM.c **** 
 141:Generated_Source\PSoC5/VDAC_ref_LP_PM.c ****         /* Restore the data register */
 142:Generated_Source\PSoC5/VDAC_ref_LP_PM.c ****         VDAC_ref_LP_SetValue(VDAC_ref_LP_Data);
 585              		.loc 1 142 0
 586 0044 064B     		ldr	r3, .L27+12
 587 0046 1878     		ldrb	r0, [r3]	@ zero_extendqisi2
ARM GAS  C:\Users\elias\AppData\Local\Temp\ccY6s8xc.s 			page 32


 588              	.LBE23:
 589              	.LBE22:
 143:Generated_Source\PSoC5/VDAC_ref_LP_PM.c ****     } /* Do nothing if VDAC8 was disabled before */    
 144:Generated_Source\PSoC5/VDAC_ref_LP_PM.c **** }
 590              		.loc 1 144 0
 591 0048 BDE80840 		pop	{r3, lr}
 592              		.cfi_remember_state
 593              		.cfi_restore 14
 594              		.cfi_restore 3
 595              		.cfi_def_cfa_offset 0
 596              	.LBB25:
 597              	.LBB24:
 142:Generated_Source\PSoC5/VDAC_ref_LP_PM.c ****     } /* Do nothing if VDAC8 was disabled before */    
 598              		.loc 1 142 0
 599 004c FFF7FEBF 		b	VDAC_ref_LP_SetValue
 600              	.LVL2:
 601              	.L24:
 602              		.cfi_restore_state
 603 0050 024B     		ldr	r3, .L27+8
 604 0052 E2E7     		b	.L18
 605              	.L28:
 606              		.align	2
 607              	.L27:
 608 0054 2D580040 		.word	1073764397
 609 0058 9F5A0040 		.word	1073765023
 610 005c 00000000 		.word	.LANCHOR0
 611 0060 835B0040 		.word	1073765251
 612              	.LBE24:
 613              	.LBE25:
 614              		.cfi_endproc
 615              	.LFE3:
 616              		.size	VDAC_ref_LP_Wakeup, .-VDAC_ref_LP_Wakeup
 617              		.bss
 618              		.align	2
 619              		.set	.LANCHOR0,. + 0
 620              		.type	VDAC_ref_LP_backup, %object
 621              		.size	VDAC_ref_LP_backup, 2
 622              	VDAC_ref_LP_backup:
 623 0000 0000     		.space	2
 624              		.text
 625              	.Letext0:
 626              		.file 2 "Generated_Source\\PSoC5\\cytypes.h"
 627              		.file 3 "Generated_Source\\PSoC5\\VDAC_ref_LP.h"
 628              		.section	.debug_info,"",%progbits
 629              	.Ldebug_info0:
 630 0000 91010000 		.4byte	0x191
 631 0004 0400     		.2byte	0x4
 632 0006 00000000 		.4byte	.Ldebug_abbrev0
 633 000a 04       		.byte	0x4
 634 000b 01       		.uleb128 0x1
 635 000c 4D000000 		.4byte	.LASF23
 636 0010 0C       		.byte	0xc
 637 0011 FD010000 		.4byte	.LASF24
 638 0015 06010000 		.4byte	.LASF25
 639 0019 18000000 		.4byte	.Ldebug_ranges0+0x18
 640 001d 00000000 		.4byte	0
 641 0021 00000000 		.4byte	.Ldebug_line0
ARM GAS  C:\Users\elias\AppData\Local\Temp\ccY6s8xc.s 			page 33


 642 0025 02       		.uleb128 0x2
 643 0026 01       		.byte	0x1
 644 0027 06       		.byte	0x6
 645 0028 5F020000 		.4byte	.LASF0
 646 002c 02       		.uleb128 0x2
 647 002d 01       		.byte	0x1
 648 002e 08       		.byte	0x8
 649 002f 3F000000 		.4byte	.LASF1
 650 0033 02       		.uleb128 0x2
 651 0034 02       		.byte	0x2
 652 0035 05       		.byte	0x5
 653 0036 ED010000 		.4byte	.LASF2
 654 003a 02       		.uleb128 0x2
 655 003b 02       		.byte	0x2
 656 003c 07       		.byte	0x7
 657 003d 40010000 		.4byte	.LASF3
 658 0041 02       		.uleb128 0x2
 659 0042 04       		.byte	0x4
 660 0043 05       		.byte	0x5
 661 0044 4A020000 		.4byte	.LASF4
 662 0048 02       		.uleb128 0x2
 663 0049 04       		.byte	0x4
 664 004a 07       		.byte	0x7
 665 004b F4000000 		.4byte	.LASF5
 666 004f 02       		.uleb128 0x2
 667 0050 08       		.byte	0x8
 668 0051 05       		.byte	0x5
 669 0052 DA010000 		.4byte	.LASF6
 670 0056 02       		.uleb128 0x2
 671 0057 08       		.byte	0x8
 672 0058 07       		.byte	0x7
 673 0059 A4010000 		.4byte	.LASF7
 674 005d 03       		.uleb128 0x3
 675 005e 04       		.byte	0x4
 676 005f 05       		.byte	0x5
 677 0060 696E7400 		.ascii	"int\000"
 678 0064 02       		.uleb128 0x2
 679 0065 04       		.byte	0x4
 680 0066 07       		.byte	0x7
 681 0067 97010000 		.4byte	.LASF8
 682 006b 04       		.uleb128 0x4
 683 006c F7010000 		.4byte	.LASF12
 684 0070 02       		.byte	0x2
 685 0071 E901     		.2byte	0x1e9
 686 0073 2C000000 		.4byte	0x2c
 687 0077 02       		.uleb128 0x2
 688 0078 04       		.byte	0x4
 689 0079 04       		.byte	0x4
 690 007a 39000000 		.4byte	.LASF9
 691 007e 02       		.uleb128 0x2
 692 007f 08       		.byte	0x8
 693 0080 04       		.byte	0x4
 694 0081 53010000 		.4byte	.LASF10
 695 0085 02       		.uleb128 0x2
 696 0086 01       		.byte	0x1
 697 0087 08       		.byte	0x8
 698 0088 E8010000 		.4byte	.LASF11
ARM GAS  C:\Users\elias\AppData\Local\Temp\ccY6s8xc.s 			page 34


 699 008c 04       		.uleb128 0x4
 700 008d D5010000 		.4byte	.LASF13
 701 0091 02       		.byte	0x2
 702 0092 9302     		.2byte	0x293
 703 0094 98000000 		.4byte	0x98
 704 0098 05       		.uleb128 0x5
 705 0099 6B000000 		.4byte	0x6b
 706 009d 06       		.uleb128 0x6
 707 009e 02       		.byte	0x2
 708 009f 03       		.byte	0x3
 709 00a0 25       		.byte	0x25
 710 00a1 BE000000 		.4byte	0xbe
 711 00a5 07       		.uleb128 0x7
 712 00a6 53020000 		.4byte	.LASF14
 713 00aa 03       		.byte	0x3
 714 00ab 27       		.byte	0x27
 715 00ac 6B000000 		.4byte	0x6b
 716 00b0 00       		.byte	0
 717 00b1 07       		.uleb128 0x7
 718 00b2 2E000000 		.4byte	.LASF15
 719 00b6 03       		.byte	0x3
 720 00b7 28       		.byte	0x28
 721 00b8 6B000000 		.4byte	0x6b
 722 00bc 01       		.byte	0x1
 723 00bd 00       		.byte	0
 724 00be 08       		.uleb128 0x8
 725 00bf 15000000 		.4byte	.LASF16
 726 00c3 03       		.byte	0x3
 727 00c4 29       		.byte	0x29
 728 00c5 9D000000 		.4byte	0x9d
 729 00c9 09       		.uleb128 0x9
 730 00ca BB010000 		.4byte	.LASF17
 731 00ce 01       		.byte	0x1
 732 00cf 3C       		.byte	0x3c
 733 00d0 01       		.byte	0x1
 734 00d1 09       		.uleb128 0x9
 735 00d2 5A010000 		.4byte	.LASF18
 736 00d6 01       		.byte	0x1
 737 00d7 25       		.byte	0x25
 738 00d8 01       		.byte	0x1
 739 00d9 09       		.uleb128 0x9
 740 00da 84010000 		.4byte	.LASF19
 741 00de 01       		.byte	0x1
 742 00df 84       		.byte	0x84
 743 00e0 01       		.byte	0x1
 744 00e1 0A       		.uleb128 0xa
 745 00e2 D1000000 		.4byte	0xd1
 746 00e6 00000000 		.4byte	.LFB0
 747 00ea 20000000 		.4byte	.LFE0-.LFB0
 748 00ee 01       		.uleb128 0x1
 749 00ef 9C       		.byte	0x9c
 750 00f0 0A       		.uleb128 0xa
 751 00f1 C9000000 		.4byte	0xc9
 752 00f5 00000000 		.4byte	.LFB1
 753 00f9 44000000 		.4byte	.LFE1-.LFB1
 754 00fd 01       		.uleb128 0x1
 755 00fe 9C       		.byte	0x9c
ARM GAS  C:\Users\elias\AppData\Local\Temp\ccY6s8xc.s 			page 35


 756 00ff 0B       		.uleb128 0xb
 757 0100 25020000 		.4byte	.LASF26
 758 0104 01       		.byte	0x1
 759 0105 5F       		.byte	0x5f
 760 0106 00000000 		.4byte	.LFB2
 761 010a 34000000 		.4byte	.LFE2-.LFB2
 762 010e 01       		.uleb128 0x1
 763 010f 9C       		.byte	0x9c
 764 0110 2D010000 		.4byte	0x12d
 765 0114 0C       		.uleb128 0xc
 766 0115 D1000000 		.4byte	0xd1
 767 0119 12000000 		.4byte	.LBB8
 768 011d 22000000 		.4byte	.LBE8-.LBB8
 769 0121 01       		.byte	0x1
 770 0122 6E       		.byte	0x6e
 771 0123 0D       		.uleb128 0xd
 772 0124 12000000 		.4byte	.LVL0
 773 0128 73010000 		.4byte	0x173
 774 012c 00       		.byte	0
 775 012d 0E       		.uleb128 0xe
 776 012e D9000000 		.4byte	0xd9
 777 0132 00000000 		.4byte	.LFB3
 778 0136 64000000 		.4byte	.LFE3-.LFB3
 779 013a 01       		.uleb128 0x1
 780 013b 9C       		.byte	0x9c
 781 013c 62010000 		.4byte	0x162
 782 0140 0F       		.uleb128 0xf
 783 0141 C9000000 		.4byte	0xc9
 784 0145 02000000 		.4byte	.LBB16
 785 0149 00000000 		.4byte	.Ldebug_ranges0+0
 786 014d 01       		.byte	0x1
 787 014e 86       		.byte	0x86
 788 014f 0D       		.uleb128 0xd
 789 0150 44000000 		.4byte	.LVL1
 790 0154 7E010000 		.4byte	0x17e
 791 0158 10       		.uleb128 0x10
 792 0159 50000000 		.4byte	.LVL2
 793 015d 89010000 		.4byte	0x189
 794 0161 00       		.byte	0
 795 0162 11       		.uleb128 0x11
 796 0163 71010000 		.4byte	.LASF27
 797 0167 01       		.byte	0x1
 798 0168 15       		.byte	0x15
 799 0169 BE000000 		.4byte	0xbe
 800 016d 05       		.uleb128 0x5
 801 016e 03       		.byte	0x3
 802 016f 00000000 		.4byte	VDAC_ref_LP_backup
 803 0173 12       		.uleb128 0x12
 804 0174 6B020000 		.4byte	.LASF20
 805 0178 6B020000 		.4byte	.LASF20
 806 017c 03       		.byte	0x3
 807 017d 34       		.byte	0x34
 808 017e 12       		.uleb128 0x12
 809 017f 37020000 		.4byte	.LASF21
 810 0183 37020000 		.4byte	.LASF21
 811 0187 03       		.byte	0x3
 812 0188 3A       		.byte	0x3a
ARM GAS  C:\Users\elias\AppData\Local\Temp\ccY6s8xc.s 			page 36


 813 0189 12       		.uleb128 0x12
 814 018a 00000000 		.4byte	.LASF22
 815 018e 00000000 		.4byte	.LASF22
 816 0192 03       		.byte	0x3
 817 0193 37       		.byte	0x37
 818 0194 00       		.byte	0
 819              		.section	.debug_abbrev,"",%progbits
 820              	.Ldebug_abbrev0:
 821 0000 01       		.uleb128 0x1
 822 0001 11       		.uleb128 0x11
 823 0002 01       		.byte	0x1
 824 0003 25       		.uleb128 0x25
 825 0004 0E       		.uleb128 0xe
 826 0005 13       		.uleb128 0x13
 827 0006 0B       		.uleb128 0xb
 828 0007 03       		.uleb128 0x3
 829 0008 0E       		.uleb128 0xe
 830 0009 1B       		.uleb128 0x1b
 831 000a 0E       		.uleb128 0xe
 832 000b 55       		.uleb128 0x55
 833 000c 17       		.uleb128 0x17
 834 000d 11       		.uleb128 0x11
 835 000e 01       		.uleb128 0x1
 836 000f 10       		.uleb128 0x10
 837 0010 17       		.uleb128 0x17
 838 0011 00       		.byte	0
 839 0012 00       		.byte	0
 840 0013 02       		.uleb128 0x2
 841 0014 24       		.uleb128 0x24
 842 0015 00       		.byte	0
 843 0016 0B       		.uleb128 0xb
 844 0017 0B       		.uleb128 0xb
 845 0018 3E       		.uleb128 0x3e
 846 0019 0B       		.uleb128 0xb
 847 001a 03       		.uleb128 0x3
 848 001b 0E       		.uleb128 0xe
 849 001c 00       		.byte	0
 850 001d 00       		.byte	0
 851 001e 03       		.uleb128 0x3
 852 001f 24       		.uleb128 0x24
 853 0020 00       		.byte	0
 854 0021 0B       		.uleb128 0xb
 855 0022 0B       		.uleb128 0xb
 856 0023 3E       		.uleb128 0x3e
 857 0024 0B       		.uleb128 0xb
 858 0025 03       		.uleb128 0x3
 859 0026 08       		.uleb128 0x8
 860 0027 00       		.byte	0
 861 0028 00       		.byte	0
 862 0029 04       		.uleb128 0x4
 863 002a 16       		.uleb128 0x16
 864 002b 00       		.byte	0
 865 002c 03       		.uleb128 0x3
 866 002d 0E       		.uleb128 0xe
 867 002e 3A       		.uleb128 0x3a
 868 002f 0B       		.uleb128 0xb
 869 0030 3B       		.uleb128 0x3b
ARM GAS  C:\Users\elias\AppData\Local\Temp\ccY6s8xc.s 			page 37


 870 0031 05       		.uleb128 0x5
 871 0032 49       		.uleb128 0x49
 872 0033 13       		.uleb128 0x13
 873 0034 00       		.byte	0
 874 0035 00       		.byte	0
 875 0036 05       		.uleb128 0x5
 876 0037 35       		.uleb128 0x35
 877 0038 00       		.byte	0
 878 0039 49       		.uleb128 0x49
 879 003a 13       		.uleb128 0x13
 880 003b 00       		.byte	0
 881 003c 00       		.byte	0
 882 003d 06       		.uleb128 0x6
 883 003e 13       		.uleb128 0x13
 884 003f 01       		.byte	0x1
 885 0040 0B       		.uleb128 0xb
 886 0041 0B       		.uleb128 0xb
 887 0042 3A       		.uleb128 0x3a
 888 0043 0B       		.uleb128 0xb
 889 0044 3B       		.uleb128 0x3b
 890 0045 0B       		.uleb128 0xb
 891 0046 01       		.uleb128 0x1
 892 0047 13       		.uleb128 0x13
 893 0048 00       		.byte	0
 894 0049 00       		.byte	0
 895 004a 07       		.uleb128 0x7
 896 004b 0D       		.uleb128 0xd
 897 004c 00       		.byte	0
 898 004d 03       		.uleb128 0x3
 899 004e 0E       		.uleb128 0xe
 900 004f 3A       		.uleb128 0x3a
 901 0050 0B       		.uleb128 0xb
 902 0051 3B       		.uleb128 0x3b
 903 0052 0B       		.uleb128 0xb
 904 0053 49       		.uleb128 0x49
 905 0054 13       		.uleb128 0x13
 906 0055 38       		.uleb128 0x38
 907 0056 0B       		.uleb128 0xb
 908 0057 00       		.byte	0
 909 0058 00       		.byte	0
 910 0059 08       		.uleb128 0x8
 911 005a 16       		.uleb128 0x16
 912 005b 00       		.byte	0
 913 005c 03       		.uleb128 0x3
 914 005d 0E       		.uleb128 0xe
 915 005e 3A       		.uleb128 0x3a
 916 005f 0B       		.uleb128 0xb
 917 0060 3B       		.uleb128 0x3b
 918 0061 0B       		.uleb128 0xb
 919 0062 49       		.uleb128 0x49
 920 0063 13       		.uleb128 0x13
 921 0064 00       		.byte	0
 922 0065 00       		.byte	0
 923 0066 09       		.uleb128 0x9
 924 0067 2E       		.uleb128 0x2e
 925 0068 00       		.byte	0
 926 0069 3F       		.uleb128 0x3f
ARM GAS  C:\Users\elias\AppData\Local\Temp\ccY6s8xc.s 			page 38


 927 006a 19       		.uleb128 0x19
 928 006b 03       		.uleb128 0x3
 929 006c 0E       		.uleb128 0xe
 930 006d 3A       		.uleb128 0x3a
 931 006e 0B       		.uleb128 0xb
 932 006f 3B       		.uleb128 0x3b
 933 0070 0B       		.uleb128 0xb
 934 0071 27       		.uleb128 0x27
 935 0072 19       		.uleb128 0x19
 936 0073 20       		.uleb128 0x20
 937 0074 0B       		.uleb128 0xb
 938 0075 00       		.byte	0
 939 0076 00       		.byte	0
 940 0077 0A       		.uleb128 0xa
 941 0078 2E       		.uleb128 0x2e
 942 0079 00       		.byte	0
 943 007a 31       		.uleb128 0x31
 944 007b 13       		.uleb128 0x13
 945 007c 11       		.uleb128 0x11
 946 007d 01       		.uleb128 0x1
 947 007e 12       		.uleb128 0x12
 948 007f 06       		.uleb128 0x6
 949 0080 40       		.uleb128 0x40
 950 0081 18       		.uleb128 0x18
 951 0082 9742     		.uleb128 0x2117
 952 0084 19       		.uleb128 0x19
 953 0085 00       		.byte	0
 954 0086 00       		.byte	0
 955 0087 0B       		.uleb128 0xb
 956 0088 2E       		.uleb128 0x2e
 957 0089 01       		.byte	0x1
 958 008a 3F       		.uleb128 0x3f
 959 008b 19       		.uleb128 0x19
 960 008c 03       		.uleb128 0x3
 961 008d 0E       		.uleb128 0xe
 962 008e 3A       		.uleb128 0x3a
 963 008f 0B       		.uleb128 0xb
 964 0090 3B       		.uleb128 0x3b
 965 0091 0B       		.uleb128 0xb
 966 0092 27       		.uleb128 0x27
 967 0093 19       		.uleb128 0x19
 968 0094 11       		.uleb128 0x11
 969 0095 01       		.uleb128 0x1
 970 0096 12       		.uleb128 0x12
 971 0097 06       		.uleb128 0x6
 972 0098 40       		.uleb128 0x40
 973 0099 18       		.uleb128 0x18
 974 009a 9742     		.uleb128 0x2117
 975 009c 19       		.uleb128 0x19
 976 009d 01       		.uleb128 0x1
 977 009e 13       		.uleb128 0x13
 978 009f 00       		.byte	0
 979 00a0 00       		.byte	0
 980 00a1 0C       		.uleb128 0xc
 981 00a2 1D       		.uleb128 0x1d
 982 00a3 00       		.byte	0
 983 00a4 31       		.uleb128 0x31
ARM GAS  C:\Users\elias\AppData\Local\Temp\ccY6s8xc.s 			page 39


 984 00a5 13       		.uleb128 0x13
 985 00a6 11       		.uleb128 0x11
 986 00a7 01       		.uleb128 0x1
 987 00a8 12       		.uleb128 0x12
 988 00a9 06       		.uleb128 0x6
 989 00aa 58       		.uleb128 0x58
 990 00ab 0B       		.uleb128 0xb
 991 00ac 59       		.uleb128 0x59
 992 00ad 0B       		.uleb128 0xb
 993 00ae 00       		.byte	0
 994 00af 00       		.byte	0
 995 00b0 0D       		.uleb128 0xd
 996 00b1 898201   		.uleb128 0x4109
 997 00b4 00       		.byte	0
 998 00b5 11       		.uleb128 0x11
 999 00b6 01       		.uleb128 0x1
 1000 00b7 31       		.uleb128 0x31
 1001 00b8 13       		.uleb128 0x13
 1002 00b9 00       		.byte	0
 1003 00ba 00       		.byte	0
 1004 00bb 0E       		.uleb128 0xe
 1005 00bc 2E       		.uleb128 0x2e
 1006 00bd 01       		.byte	0x1
 1007 00be 31       		.uleb128 0x31
 1008 00bf 13       		.uleb128 0x13
 1009 00c0 11       		.uleb128 0x11
 1010 00c1 01       		.uleb128 0x1
 1011 00c2 12       		.uleb128 0x12
 1012 00c3 06       		.uleb128 0x6
 1013 00c4 40       		.uleb128 0x40
 1014 00c5 18       		.uleb128 0x18
 1015 00c6 9742     		.uleb128 0x2117
 1016 00c8 19       		.uleb128 0x19
 1017 00c9 01       		.uleb128 0x1
 1018 00ca 13       		.uleb128 0x13
 1019 00cb 00       		.byte	0
 1020 00cc 00       		.byte	0
 1021 00cd 0F       		.uleb128 0xf
 1022 00ce 1D       		.uleb128 0x1d
 1023 00cf 00       		.byte	0
 1024 00d0 31       		.uleb128 0x31
 1025 00d1 13       		.uleb128 0x13
 1026 00d2 52       		.uleb128 0x52
 1027 00d3 01       		.uleb128 0x1
 1028 00d4 55       		.uleb128 0x55
 1029 00d5 17       		.uleb128 0x17
 1030 00d6 58       		.uleb128 0x58
 1031 00d7 0B       		.uleb128 0xb
 1032 00d8 59       		.uleb128 0x59
 1033 00d9 0B       		.uleb128 0xb
 1034 00da 00       		.byte	0
 1035 00db 00       		.byte	0
 1036 00dc 10       		.uleb128 0x10
 1037 00dd 898201   		.uleb128 0x4109
 1038 00e0 00       		.byte	0
 1039 00e1 11       		.uleb128 0x11
 1040 00e2 01       		.uleb128 0x1
ARM GAS  C:\Users\elias\AppData\Local\Temp\ccY6s8xc.s 			page 40


 1041 00e3 9542     		.uleb128 0x2115
 1042 00e5 19       		.uleb128 0x19
 1043 00e6 31       		.uleb128 0x31
 1044 00e7 13       		.uleb128 0x13
 1045 00e8 00       		.byte	0
 1046 00e9 00       		.byte	0
 1047 00ea 11       		.uleb128 0x11
 1048 00eb 34       		.uleb128 0x34
 1049 00ec 00       		.byte	0
 1050 00ed 03       		.uleb128 0x3
 1051 00ee 0E       		.uleb128 0xe
 1052 00ef 3A       		.uleb128 0x3a
 1053 00f0 0B       		.uleb128 0xb
 1054 00f1 3B       		.uleb128 0x3b
 1055 00f2 0B       		.uleb128 0xb
 1056 00f3 49       		.uleb128 0x49
 1057 00f4 13       		.uleb128 0x13
 1058 00f5 02       		.uleb128 0x2
 1059 00f6 18       		.uleb128 0x18
 1060 00f7 00       		.byte	0
 1061 00f8 00       		.byte	0
 1062 00f9 12       		.uleb128 0x12
 1063 00fa 2E       		.uleb128 0x2e
 1064 00fb 00       		.byte	0
 1065 00fc 3F       		.uleb128 0x3f
 1066 00fd 19       		.uleb128 0x19
 1067 00fe 3C       		.uleb128 0x3c
 1068 00ff 19       		.uleb128 0x19
 1069 0100 6E       		.uleb128 0x6e
 1070 0101 0E       		.uleb128 0xe
 1071 0102 03       		.uleb128 0x3
 1072 0103 0E       		.uleb128 0xe
 1073 0104 3A       		.uleb128 0x3a
 1074 0105 0B       		.uleb128 0xb
 1075 0106 3B       		.uleb128 0x3b
 1076 0107 0B       		.uleb128 0xb
 1077 0108 00       		.byte	0
 1078 0109 00       		.byte	0
 1079 010a 00       		.byte	0
 1080              		.section	.debug_aranges,"",%progbits
 1081 0000 34000000 		.4byte	0x34
 1082 0004 0200     		.2byte	0x2
 1083 0006 00000000 		.4byte	.Ldebug_info0
 1084 000a 04       		.byte	0x4
 1085 000b 00       		.byte	0
 1086 000c 0000     		.2byte	0
 1087 000e 0000     		.2byte	0
 1088 0010 00000000 		.4byte	.LFB0
 1089 0014 20000000 		.4byte	.LFE0-.LFB0
 1090 0018 00000000 		.4byte	.LFB1
 1091 001c 44000000 		.4byte	.LFE1-.LFB1
 1092 0020 00000000 		.4byte	.LFB2
 1093 0024 34000000 		.4byte	.LFE2-.LFB2
 1094 0028 00000000 		.4byte	.LFB3
 1095 002c 64000000 		.4byte	.LFE3-.LFB3
 1096 0030 00000000 		.4byte	0
 1097 0034 00000000 		.4byte	0
ARM GAS  C:\Users\elias\AppData\Local\Temp\ccY6s8xc.s 			page 41


 1098              		.section	.debug_ranges,"",%progbits
 1099              	.Ldebug_ranges0:
 1100 0000 02000000 		.4byte	.LBB16
 1101 0004 1A000000 		.4byte	.LBE16
 1102 0008 22000000 		.4byte	.LBB21
 1103 000c 3A000000 		.4byte	.LBE21
 1104 0010 00000000 		.4byte	0
 1105 0014 00000000 		.4byte	0
 1106 0018 00000000 		.4byte	.LFB0
 1107 001c 20000000 		.4byte	.LFE0
 1108 0020 00000000 		.4byte	.LFB1
 1109 0024 44000000 		.4byte	.LFE1
 1110 0028 00000000 		.4byte	.LFB2
 1111 002c 34000000 		.4byte	.LFE2
 1112 0030 00000000 		.4byte	.LFB3
 1113 0034 64000000 		.4byte	.LFE3
 1114 0038 00000000 		.4byte	0
 1115 003c 00000000 		.4byte	0
 1116              		.section	.debug_line,"",%progbits
 1117              	.Ldebug_line0:
 1118 0000 CE000000 		.section	.debug_str,"MS",%progbits,1
 1118      02005C00 
 1118      00000201 
 1118      FB0E0D00 
 1118      01010101 
 1119              	.LASF22:
 1120 0000 56444143 		.ascii	"VDAC_ref_LP_SetValue\000"
 1120      5F726566 
 1120      5F4C505F 
 1120      53657456 
 1120      616C7565 
 1121              	.LASF16:
 1122 0015 56444143 		.ascii	"VDAC_ref_LP_backupStruct\000"
 1122      5F726566 
 1122      5F4C505F 
 1122      6261636B 
 1122      75705374 
 1123              	.LASF15:
 1124 002e 64617461 		.ascii	"data_value\000"
 1124      5F76616C 
 1124      756500
 1125              	.LASF9:
 1126 0039 666C6F61 		.ascii	"float\000"
 1126      7400
 1127              	.LASF1:
 1128 003f 756E7369 		.ascii	"unsigned char\000"
 1128      676E6564 
 1128      20636861 
 1128      7200
 1129              	.LASF23:
 1130 004d 474E5520 		.ascii	"GNU C11 5.4.1 20160609 (release) [ARM/embedded-5-br"
 1130      43313120 
 1130      352E342E 
 1130      31203230 
 1130      31363036 
 1131 0080 616E6368 		.ascii	"anch revision 237715] -mcpu=cortex-m3 -mthumb -g -O"
 1131      20726576 
ARM GAS  C:\Users\elias\AppData\Local\Temp\ccY6s8xc.s 			page 42


 1131      6973696F 
 1131      6E203233 
 1131      37373135 
 1132 00b3 33202D66 		.ascii	"3 -ffunction-sections -ffat-lto-objects -finline-fu"
 1132      66756E63 
 1132      74696F6E 
 1132      2D736563 
 1132      74696F6E 
 1133 00e6 6E637469 		.ascii	"nctions -flto\000"
 1133      6F6E7320 
 1133      2D666C74 
 1133      6F00
 1134              	.LASF5:
 1135 00f4 6C6F6E67 		.ascii	"long unsigned int\000"
 1135      20756E73 
 1135      69676E65 
 1135      6420696E 
 1135      7400
 1136              	.LASF25:
 1137 0106 433A5C47 		.ascii	"C:\\Github\\Tesis\\src\\psoc\\AcondicionamientoAnal"
 1137      69746875 
 1137      625C5465 
 1137      7369735C 
 1137      7372635C 
 1138 0134 6F676963 		.ascii	"ogico.cydsn\000"
 1138      6F2E6379 
 1138      64736E00 
 1139              	.LASF3:
 1140 0140 73686F72 		.ascii	"short unsigned int\000"
 1140      7420756E 
 1140      7369676E 
 1140      65642069 
 1140      6E7400
 1141              	.LASF10:
 1142 0153 646F7562 		.ascii	"double\000"
 1142      6C6500
 1143              	.LASF18:
 1144 015a 56444143 		.ascii	"VDAC_ref_LP_SaveConfig\000"
 1144      5F726566 
 1144      5F4C505F 
 1144      53617665 
 1144      436F6E66 
 1145              	.LASF27:
 1146 0171 56444143 		.ascii	"VDAC_ref_LP_backup\000"
 1146      5F726566 
 1146      5F4C505F 
 1146      6261636B 
 1146      757000
 1147              	.LASF19:
 1148 0184 56444143 		.ascii	"VDAC_ref_LP_Wakeup\000"
 1148      5F726566 
 1148      5F4C505F 
 1148      57616B65 
 1148      757000
 1149              	.LASF8:
 1150 0197 756E7369 		.ascii	"unsigned int\000"
 1150      676E6564 
ARM GAS  C:\Users\elias\AppData\Local\Temp\ccY6s8xc.s 			page 43


 1150      20696E74 
 1150      00
 1151              	.LASF7:
 1152 01a4 6C6F6E67 		.ascii	"long long unsigned int\000"
 1152      206C6F6E 
 1152      6720756E 
 1152      7369676E 
 1152      65642069 
 1153              	.LASF17:
 1154 01bb 56444143 		.ascii	"VDAC_ref_LP_RestoreConfig\000"
 1154      5F726566 
 1154      5F4C505F 
 1154      52657374 
 1154      6F726543 
 1155              	.LASF13:
 1156 01d5 72656738 		.ascii	"reg8\000"
 1156      00
 1157              	.LASF6:
 1158 01da 6C6F6E67 		.ascii	"long long int\000"
 1158      206C6F6E 
 1158      6720696E 
 1158      7400
 1159              	.LASF11:
 1160 01e8 63686172 		.ascii	"char\000"
 1160      00
 1161              	.LASF2:
 1162 01ed 73686F72 		.ascii	"short int\000"
 1162      7420696E 
 1162      7400
 1163              	.LASF12:
 1164 01f7 75696E74 		.ascii	"uint8\000"
 1164      3800
 1165              	.LASF24:
 1166 01fd 47656E65 		.ascii	"Generated_Source\\PSoC5\\VDAC_ref_LP_PM.c\000"
 1166      72617465 
 1166      645F536F 
 1166      75726365 
 1166      5C50536F 
 1167              	.LASF26:
 1168 0225 56444143 		.ascii	"VDAC_ref_LP_Sleep\000"
 1168      5F726566 
 1168      5F4C505F 
 1168      536C6565 
 1168      7000
 1169              	.LASF21:
 1170 0237 56444143 		.ascii	"VDAC_ref_LP_Enable\000"
 1170      5F726566 
 1170      5F4C505F 
 1170      456E6162 
 1170      6C6500
 1171              	.LASF4:
 1172 024a 6C6F6E67 		.ascii	"long int\000"
 1172      20696E74 
 1172      00
 1173              	.LASF14:
 1174 0253 656E6162 		.ascii	"enableState\000"
 1174      6C655374 
ARM GAS  C:\Users\elias\AppData\Local\Temp\ccY6s8xc.s 			page 44


 1174      61746500 
 1175              	.LASF0:
 1176 025f 7369676E 		.ascii	"signed char\000"
 1176      65642063 
 1176      68617200 
 1177              	.LASF20:
 1178 026b 56444143 		.ascii	"VDAC_ref_LP_Stop\000"
 1178      5F726566 
 1178      5F4C505F 
 1178      53746F70 
 1178      00
 1179              		.comm	__gnu_lto_v1,1,1
 1180              		.ident	"GCC: (GNU Tools for ARM Embedded Processors) 5.4.1 20160609 (release) [ARM/embedded-5-bran
