ARM GAS  C:\Users\elias\AppData\Local\Temp\ccx0e2Ci.s 			page 1


   1              		.syntax unified
   2              		.cpu cortex-m3
   3              		.fpu softvfp
   4              		.eabi_attribute 20, 1
   5              		.eabi_attribute 21, 1
   6              		.eabi_attribute 23, 3
   7              		.eabi_attribute 24, 1
   8              		.eabi_attribute 25, 1
   9              		.eabi_attribute 26, 1
  10              		.eabi_attribute 30, 2
  11              		.eabi_attribute 34, 1
  12              		.eabi_attribute 18, 4
  13              		.thumb
  14              		.syntax unified
  15              		.file	"VDAC_ref_BP_PM.c"
  16              		.text
  17              	.Ltext0:
  18              		.section	.gnu.lto_.profile.dcb57dcf,"",%progbits
  19 0000 789C6361 		.ascii	"x\234ca`d`a`\000\222\205\246\000\001\201\000\261"
  19      60646061 
  19      60009285 
  19      A6000181 
  19      00B1
  20              		.text
  21              		.section	.gnu.lto_.icf.dcb57dcf,"",%progbits
  22 0000 789C6361 		.ascii	"x\234ca`d\000\001\035\006\004`gxr\350\351+.\3063_/m"
  22      60640001 
  22      1D060460 
  22      677872E8 
  22      E92B2EC6 
  23 0018 E6607A74 		.ascii	"\346`zt\370\306z.\346\367\033\236\036\344gy\326\370"
  23      F8C67A2E 
  23      E6F71B9E 
  23      1EE46779 
  23      D6F8
  24 002a ED3D376B 		.ascii	"\355=7k\337\214\273\347\230\331\316\365-\\\300\313\000"
  24      DF8CBBE7 
  24      98D9CEF5 
  24      2D5CC0CB 
  24      00
  25 003b 0013EA16 		.ascii	"\000\023\352\026z"
  25      7A
  26              		.text
  27              		.section	.gnu.lto_.jmpfuncs.dcb57dcf,"",%progbits
  28 0000 789C6361 		.ascii	"x\234ca`d\000\001Y\006\004`\003b&(ff``\001R\254Pa\006"
  28      60640001 
  28      59060460 
  28      03622628 
  28      66666060 
  29 001a 06000794 		.ascii	"\006\000\007\224\000?"
  29      003F
  30              		.text
  31              		.section	.gnu.lto_.inline.dcb57dcf,"",%progbits
  32 0000 789C6361 		.ascii	"x\234ca`d\000\201\251\014\010\300\306\300\300\315\305"
  32      60640081 
  32      A90C08C0 
  32      C6C0C0CD 
ARM GAS  C:\Users\elias\AppData\Local\Temp\ccx0e2Ci.s 			page 2


  32      C5
  33 0011 C8C024D0 		.ascii	"\310\300$\320P\313\300\266@\236\011$\306\304\300.\001"
  33      50CBC0B6 
  33      409E0924 
  33      C6C4C02E 
  33      01
  34 0022 1462BAC0 		.ascii	"\024b\272\300\017\027b\344\002\211s\003\031\023\374"
  34      0F1762E4 
  34      02897303 
  34      1913FC
  35 0031 981938D9 		.ascii	"\230\0318\331\201\322<'\002\341\322,\014|<@!\221\005"
  35      81D23C27 
  35      02E1D22C 
  35      0C7C3C40 
  35      219105
  36 0044 05A83A58 		.ascii	"\005\250:X\031\004\304\200\342\0227\3463\242J\2601p"
  36      1904C480 
  36      E21237E6 
  36      33A24AB0 
  36      3170
  37 0056 080225D8 		.ascii	"\010\002%\330>\350\241\212\203\011\006\000\211\032\016"
  37      3EE8A18A 
  37      83090600 
  37      891A0E
  38 0065 1C       		.ascii	"\034"
  39              		.text
  40              		.section	.gnu.lto_.pureconst.dcb57dcf,"",%progbits
  41 0000 789C6361 		.ascii	"x\234ca`d\340e```c\220b\222b\226b\221b\225b\223\000"
  41      6064E065 
  41      60606063 
  41      90629262 
  41      96629162 
  42 0018 0005B100 		.ascii	"\000\005\261\000\307"
  42      C7
  43              		.text
  44              		.section	.gnu.lto_VDAC_ref_BP_RestoreConfig.part.0.dcb57dcf,"",%progbits
  45 0000 789C8D52 		.ascii	"x\234\215R\317KTQ\024\276\337=\367\215\203\250\364\007"
  45      CF4B5451 
  45      14BEDF3D 
  45      F78D83A8 
  45      F407
  46 0012 08B5CC40 		.ascii	"\010\265\314@]\365\007\224Q\253hHp%\014b\317\245\302"
  46      5DF50794 
  46      51AB6848 
  46      70250C62 
  46      CFA5C2
  47 0025 60EBB933 		.ascii	"`\353\2713\343\303\246E\314&\213B\006Wj\345\357\246"
  47      E3C3A645 
  47      CC268B42 
  47      06576AE5 
  47      EFA6
  48 0037 71742343 		.ascii	"qt#CEE\345\2526-\222\210\267\220\244\0310\212H\247s"
  48      4545E5AA 
  48      362D9288 
  48      B790A419 
  48      308A48A7 
  49 004c EE1BC495 		.ascii	"\356\033\304\225x\341\235s\337\271\347|\347;\337\275"
ARM GAS  C:\Users\elias\AppData\Local\Temp\ccx0e2Ci.s 			page 3


  49      78E19D73 
  49      DFB9E77C 
  49      E73BDFBD 
  50 005c 4641C9CA 		.ascii	"FA\311\312i\245.\260\357\346\017\236\202)|\344\215\201"
  50      69A52EB0 
  50      EFE60F9E 
  50      82297CE4 
  50      8D81
  51 006e 765E83C4 		.ascii	"v^\203\304g\342\004\310\306\306\241\322F\023\322\370"
  51      67E204C8 
  51      C6C6A1D2 
  51      4613D2F8 
  52 007e A50F34AA 		.ascii	"\245\0174\252\223aEw\315Z^;A\221\354\334\026\002R\252"
  52      93614577 
  52      CD5A5E3B 
  52      4191ECDC 
  52      160252AA 
  53 0092 A11DB6C2 		.ascii	"\241\035\266\302,\272\024\247}[9\274\337\036\233\220"
  53      2CBA14A7 
  53      7D5B39BC 
  53      DF1E9B90 
  54 00a2 B473D121 		.ascii	"\264s\321!\346\020\023\002K7\255m4r\266\360\263\015"
  54      E6101302 
  54      4B37AD6D 
  54      3472B6F0 
  54      B30D
  55 00b4 AD500141 		.ascii	"\255P\001A\213!1F\214'F\251\032\027\011\201\2326\342"
  55      8B213146 
  55      8C2746A9 
  55      1A170981 
  55      9A36E2
  56 00c7 A9AEB5F3 		.ascii	"\251\256\265\363!\252\177\357~~X\200\000\346\010\334"
  56      21AA7FEF 
  56      7E7E5880 
  56      00E608DC 
  57 00d7 6C2AA86E 		.ascii	"l*\250n\267\354\353\2004\244wi\361\373\233\346\357\203"
  57      B7ECEB80 
  57      34A47769 
  57      F1FB9BE6 
  57      EF83
  58 00e9 52C61A0E 		.ascii	"R\306\032\016\345\337\256\335(b:3\221\261g\002\"<A'"
  58      E5DFAEDD 
  58      28623A33 
  58      91B16702 
  58      223C4127 
  59 00fd E6D1C9AC 		.ascii	"\346\321\311\254\236\242\010\025\"\367/\026\341\351"
  59      9EA20815 
  59      22F72F16 
  59      E1E9
  60 010b 08F2F1D7 		.ascii	"\010\362\361\327\275\260C0\010\277\201g\234\312}\247"
  60      BDB04330 
  60      08BF8167 
  60      9CCA7DA7 
  61 011b 5CCF13E1 		.ascii	"\\\317\023\341\026\030\216A8;\273Q\1775\323\036\201"
  61      16188E41 
  61      383BBB51 
  61      7F35D31E 
ARM GAS  C:\Users\elias\AppData\Local\Temp\ccx0e2Ci.s 			page 4


  61      81
  62 012c D27192C6 		.ascii	"\322q\222\306\221\254T~|iI\037\330;V L\2365\224\360"
  62      91AC547E 
  62      7C69491F 
  62      D83B5620 
  62      4C9E3594 
  63 0141 EEFB4F2F 		.ascii	"\356\373O/[\005\332\272\270\207%\026~Q\240\371\360\336"
  63      5B05DABA 
  63      B8872516 
  63      7E51A0F9 
  63      F0DE
  64 0153 FA723EDE 		.ascii	"\372r>\336\333\035P\014\313\334\347\320i\216\025\364"
  64      DB1D500C 
  64      CBDCE7D0 
  64      698E15F4 
  65 0163 3A723367 		.ascii	":r3g\233\354\312{\257';\242\371\263\345h\376\017\253"
  65      9BECCA7B 
  65      AF273BA2 
  65      F9B3E568 
  65      FE0FAB
  66 0176 3BDBDE71 		.ascii	";\333\336q\306\253G\214\327\034cRN\327\360H\327\223"
  66      C6AB478C 
  66      D71C6352 
  66      4ED7F048 
  66      D793
  67 0188 557BDE54 		.ascii	"U{\336T\355OS5/*x\264\271\377\316\223\316@\034\245S"
  67      ED4F5335 
  67      2F2A78B4 
  67      B9FFCE93 
  67      CE401CA5 
  68 019d 8BF6C251 		.ascii	"\213\366\302Q\360x\230\272&w\311\273\310n\225\257J\241"
  68      F07898BA 
  68      2677C9BB 
  68      C86E95AF 
  68      4AA1
  69 01af 7B5535BE 		.ascii	"{U5\276X\016\363\274\347\257\371\243~jh\334\277\225"
  69      580EF3BC 
  69      E7AFF9A3 
  69      7E6A68DC 
  69      BF95
  70 01c1 EC1FBB9D 		.ascii	"\354\037\273\235\032\366\007\023\375c}\027\007\007\256"
  70      1AF60713 
  70      FD637D17 
  70      0707AE
  71 01d0 5CEA4BA6 		.ascii	"\\\352K\246\374\221\344\345D2q\275gX\375\007\235\347"
  71      FC91E4E5 
  71      443271BD 
  71      6758FD07 
  71      9DE7
  72 01e2 E23F     		.ascii	"\342?"
  73              		.text
  74              		.section	.gnu.lto_VDAC_ref_BP_Wakeup.part.1.dcb57dcf,"",%progbits
  75 0000 789C6D50 		.ascii	"x\234mP?HBA\034\276\357\356\236:T\264\26494fP\320\320"
  75      3F484241 
  75      1CBEEFEE 
  75      9E3A54B4 
  75      B4393466 
ARM GAS  C:\Users\elias\AppData\Local\Temp\ccx0e2Ci.s 			page 5


  76 0017 1A944110 		.ascii	"\032\224A\020\004\222\320$<\302^c\202\324\374\356\251"
  76      0492D024 
  76      3CC25E63 
  76      82D4FCEE 
  76      A9
  77 0028 87D1E452 		.ascii	"\207\321\344R[88\250\375!j\0217qh\010J\232[\244A$\012"
  77      5B3838A8 
  77      FD216A11 
  77      37716808 
  77      4A9A5BA4 
  78 003f 346A09EC 		.ascii	"4j\011\354\365\273\347\332\017\216\357\356w\337\357"
  78      F5BBE7DA 
  78      0F8EEFEE 
  78      77DFEF
  79 004e FBBE3BC9 		.ascii	"\373\276;\311\300L\255\020\314\023.\320\202\305 KO\264"
  79      C04CAD10 
  79      CC132ED0 
  79      82C5204B 
  79      4FB4
  80 0060 91E00172 		.ascii	"\221\340\001r\010\203^D\000f\243\"`\256\344\002.\276"
  80      08835E44 
  80      0066A322 
  80      60AEE402 
  80      2EBE
  81 0072 F988A35D 		.ascii	"\371\210\243]\3545y\254\252\250\272\272\262\244j-h\301"
  81      EC3579AC 
  81      AAA8BABA 
  81      B2A46A2D 
  81      68C1
  82 0084 98CF036D 		.ascii	"\230\317\003m\206*b\214h\257\267\277\247\223\241\202"
  82      862A628C 
  82      68AFB7BF 
  82      A793A182 
  83 0094 A1CD8E2F 		.ascii	"\241\315\216/QC\310\004\270\331V\312\367\363\252T\231"
  83      5143C804 
  83      B8D956CA 
  83      F7F3AA54 
  83      99
  84 00a5 8105A605 		.ascii	"\201\005\246\0055\007D0f\003.\015\212!\347\001\366\221"
  84      35074430 
  84      66032E0D 
  84      8A21E701 
  84      F691
  85 00b7 6F351E26 		.ascii	"o5\036&\314\250\021m6\337_\302\356H\035+5\255\005\367"
  85      CCA8116D 
  85      36DF5FC2 
  85      EE481D2B 
  85      35AD05F7 
  86 00cb 398DA20E 		.ascii	"9\215\242\016\227D\004\353\241\375s\362\0313\334\274"
  86      974404EB 
  86      A1FD73F2 
  86      1933DCBC 
  87 00db 00B1CF74 		.ascii	"\000\261\317t\273\023\376\342ZH\230\341\306\307}qj|"
  87      BB13FEE2 
  87      5A4898E1 
  87      C6C77D71 
  87      6A7C
ARM GAS  C:\Users\elias\AppData\Local\Temp\ccx0e2Ci.s 			page 6


  88 00ed CC353C25 		.ascii	"\3145<%\251\365x\327\355Xe\234{\005\317\010Z\270D\024"
  88      A9F578D7 
  88      ED58659C 
  88      7B05CF08 
  88      5AB84414 
  89 0101 178892EA 		.ascii	"\027\210\222\352\025\312`}\372\225\177\255C>\005d\270"
  89      15CA607D 
  89      FA957FAD 
  89      433E0564 
  89      B8
  90 0112 266BF2D2 		.ascii	"&k\362\322\"L\357\032r\021d~C\256\365\274\031\314\231"
  90      224CEF1A 
  90      7211647E 
  90      43AEF5BC 
  90      19CC99
  91 0125 1A50486A 		.ascii	"\032PHj\023}n\3039p\262\273\207\316\236\235\314\034"
  91      137D6EC3 
  91      3970B2BB 
  91      87CE9E9D 
  91      CC1C
  92 0137 65D34E2A 		.ascii	"e\323N*\221\314\304\227S;\353\253q;\353\354\333k\011"
  92      91CCC497 
  92      533BEBAB 
  92      713BEBEC 
  92      DB6B09
  93 014a 3BB1B598 		.ascii	";\261\265\230f\177\022)}\260"
  93      667F1229 
  93      7DB0
  94              		.text
  95              		.section	.gnu.lto_VDAC_ref_BP_SaveConfig.dcb57dcf,"",%progbits
  96 0000 789C4D91 		.ascii	"x\234M\221MK[A\024\206\317;so\022\264\221\376\000)\356"
  96      4D4B5B41 
  96      1486CF3B 
  96      736F12B4 
  96      91FE0029 
  97 0015 D42ECCA6 		.ascii	"\324.\314\246\376\200ViW\205P\241+!\250\275]*\204\226"
  97      FE805669 
  97      578550A1 
  97      2B21A8BD 
  97      5D2A8496 
  98 0029 2E33C9CD 		.ascii	".3\311\315\305\217E\021\304\024\012\342\252D[c\242]"
  98      C58F4511 
  98      C4140AE2 
  98      AA445B63 
  98      A25D
  99 003b A4812E42 		.ascii	"\244\201.B\020W~lt\323R\360\003\262\260\012\012\355"
  99      10577E6C 
  99      74D352F0 
  99      03B2B00A 
  99      0AED
 100 004d A2A5269E 		.ascii	"\242\245&\236s\007\332\016\334\231\271g\3369\357s\316"
 100      7307DA0E 
 100      DC99B967 
 100      DE39EF73 
 100      CE
 101 005e 380492F1 		.ascii	"8\004\222\361\235\227\273\274\336\343\017.A\315\357"
 101      9D97BBBC 
ARM GAS  C:\Users\elias\AppData\Local\Temp\ccx0e2Ci.s 			page 7


 101      DEE30F2E 
 101      41CDEF
 102 006d 1165634A 		.ascii	"\021ecJ\351\203\004\231\016\347\363\0352\2674\034\033"
 102      E9830499 
 102      0EE7F31D 
 102      32B7341C 
 102      1B
 103 007e 7600D998 		.ascii	"v\000\331\230\030(\243\264\203\014~\252k\205\306t\263"
 103      1828A3B4 
 103      830C7EAA 
 103      6B85C674 
 103      B3
 104 008f A6FA8B86 		.ascii	"\246\372\213\206\307\321\273\005mV\352\0104Q[\205\026"
 104      C7D1BB05 
 104      6D56EA08 
 104      34515B85 
 104      16
 105 00a0 8422FA89 		.ascii	"\204\"\372\211e'\033\255\305x$/\262\036{\210\025D\204"
 105      65271BAD 
 105      C578242F 
 105      B21E7B88 
 105      154484
 106 00b3 A3FCA46E 		.ascii	"\243\374\244n\332m\337\324\227\334\013\025U\024\260"
 106      DA6DDFD4 
 106      97DC0B15 
 106      5514B0
 107 00c2 A34CAE4C 		.ascii	"\243L\256LD\227\254\025\337+\245d\325M4~\317\265\266"
 107      4497AC15 
 107      DF2BA564 
 107      D54D347E 
 107      CFB5B6
 108 00d5 B45CF7B5 		.ascii	"\264\\\367\265\303\251\013Ac?\372C\005ZA\234\362'\337"
 108      C3A90B41 
 108      633FFA43 
 108      055A419C 
 108      F227DF
 109 00e8 0A71FBBB 		.ascii	"\012q\373\273Z\311\232P\361\246T\324\313X\312\346\231"
 109      5AC99A50 
 109      F1A654D4 
 109      CB58CAE6 
 109      99
 110 00f9 4DE33DBA 		.ascii	"M\343=\272\261\212nF\370\200eP\023\376\237\207\344k"
 110      B18A6E46 
 110      F8806550 
 110      13FE9F87 
 110      E46B
 111 010b 65D35DED 		.ascii	"e\323]\355\276=\355\222\373@\017\326Xv\214\374\027\177"
 111      BE3DED92 
 111      FB400FD6 
 111      58768CFC 
 111      177F
 112 011d DCFA49C5 		.ascii	"\334\372I\305\345\363\332\257\270\025\020J\222\207\004"
 112      E5F3DAAF 
 112      B815104A 
 112      928704
 113 012c 4FD341C2 		.ascii	"O\323A\302\322\355-vZ\265\313\352\352\305\366t\227\305"
 113      D2ED2D76 
ARM GAS  C:\Users\elias\AppData\Local\Temp\ccx0e2Ci.s 			page 8


 113      5AB5CBEA 
 113      EAC5F674 
 113      97C5
 114 013e C9552DCE 		.ascii	"\311U-\316\356\346\321\276\373\017g\375/N\331\342\344"
 114      EEE6D1BE 
 114      FB0F67FD 
 114      2F4ED9E2 
 114      E4
 115 014f 0AC7BD92 		.ascii	"\012\307\275\222\340\377\332\234\260\266Z\355\374k4"
 115      E0FFDA9C 
 115      B0B65AED 
 115      FC6B34
 116 015e 736D668C 		.ascii	"smf\214\271\315\261Yn\264\204\317v\016\267:$\241\011"
 116      B9CDB159 
 116      6EB484CF 
 116      760EB73A 
 116      24A109
 117 0171 E32E36F8 		.ascii	"\343.6\370u*\222\222\017_\177\252\314\306\022%\351\274"
 117      752A9292 
 117      0F5F7FAA 
 117      CCC61225 
 117      E9BC
 118 0183 7915E808 		.ascii	"y\025\350\0106\331\245\025>\017>\"\301\224!\276\023"
 118      36D9A515 
 118      3E0F3E22 
 118      C19421BE 
 118      13
 119 0194 76F70CB9 		.ascii	"v\367\014\271z\325\025\363\260\252Kn)\207Y\334\367\310"
 119      7AD515F3 
 119      B0AA4B6E 
 119      298759DC 
 119      F7C8
 120 01a6 9BF4D263 		.ascii	"\233\364\322c/\274g\251\221\251\227\351\011o492548\372"
 120      2FBC67A9 
 120      91A997E9 
 120      096F3439 
 120      32353438 
 121 01bb 74F8FE50 		.ascii	"t\370\376P*\355=O=H\246\222\217\007&\350\006\006\264"
 121      2AED3D4F 
 121      3D48A692 
 121      8F0726E8 
 121      0606B4
 122 01ce B8E0     		.ascii	"\270\340"
 123              		.text
 124              		.section	.gnu.lto_VDAC_ref_BP_RestoreConfig.dcb57dcf,"",%progbits
 125 0000 789C6552 		.ascii	"x\234eRMh\023Q\020\236yow\263\204\244\024\317U{\264"
 125      4D681351 
 125      109E796F 
 125      77B384A4 
 125      14CF557B 
 126 0015 82E6E445 		.ascii	"\202\346\344EO\332R/\212\301\202\247B\320\272\036[\010"
 126      4FDA522F 
 126      8AC182A7 
 126      42D0BA1E 
 126      5B08
 127 0027 7ACE4B36 		.ascii	"z\316K6K\033\017\322\213\251\024$\024\204\264j\233\244"
 127      4B1B0FD2 
ARM GAS  C:\Users\elias\AppData\Local\Temp\ccx0e2Ci.s 			page 9


 127      8BA91424 
 127      1484B46A 
 127      9BA4
 128 0039 35C6A887 		.ascii	"5\306\250\207\020\244\376\265\366R/\026\241V\011RZh"
 128      10A4FEB5 
 128      F6522F16 
 128      A1560952 
 128      5A68
 129 004b A10AFEB4 		.ascii	"\241\012\376\264qf\237\324\200\017vf\367\275o\346\373"
 129      71669FD4 
 129      800F7666 
 129      F7BD6FE6 
 129      FB
 130 005c E6DB6700 		.ascii	"\346\333g\000\002\257{\002\340(\345s\364`\000P\214\276"
 130      02AF7B02 
 130      E028E573 
 130      F4600050 
 130      8CBE
 131 006e 0348DA42 		.ascii	"\003H\332B\310\345\010\250\240\365\374\020\250\220\024"
 131      C8E508A8 
 131      A0F5FC10 
 131      A89014
 132 007d 06E7A0C9 		.ascii	"\006\347\240\311{!\003-\006\241\251s\322\266\020\371"
 132      7B21032D 
 132      06A1A973 
 132      D2B610F9 
 133 008d 45D90809 		.ascii	"E\331\010\011!\015\323\302\004~\023\273\002\353\303"
 133      210DD3C2 
 133      047E13BB 
 133      02EBC3
 134 009c 8DAAE8CA 		.ascii	"\215\252\350\312+Z\253^N\252\311\032z\022\240)|j\300"
 134      2B5AAB5E 
 134      4EAAC91A 
 134      7A12A029 
 134      7C6AC0
 135 00af 3C7601C1 		.ascii	"<v\001\301\326J{\267\303V\232a\235\372\020'\321b}\205"
 135      D64A7BB7 
 135      C3569A61 
 135      9DFA1027 
 135      D1627D85 
 136 00c3 8B35D56C 		.ascii	"\2135\325l\272\252\366\313\334\014\005\021<\211\222"
 136      BAAAF6CB 
 136      DC0C0511 
 136      3C8992
 137 00d2 83C1C1E4 		.ascii	"\203\301\301\344`s\000\330\242*\326\260-\004g\331\300"
 137      607300D8 
 137      A22AD6B0 
 137      2D0467D9 
 137      C0
 138 00e3 FACF9BDF 		.ascii	"\372\317\233\337_Jn\344JI$Y\257\276\024\330\021\236"
 138      5F4A6EE4 
 138      4A492459 
 138      AFBE14D8 
 138      119E
 139 00f5 14C89CE9 		.ascii	"\024\310\234\351\265\217\331\260\376\234*&\225\301\210"
 139      B58FD9B0 
 139      FE9C2A26 
ARM GAS  C:\Users\elias\AppData\Local\Temp\ccx0e2Ci.s 			page 10


 139      95C188
 140 0104 B1E9BCCC 		.ascii	"\261\351\274\314\341\335d\232TJ\274\217\0358\205\035"
 140      E1DD649A 
 140      544ABC8F 
 140      1D38851D 
 141 0114 24E601E6 		.ascii	"$\346\001\346\020\032\350\376\356\005W\242n\267\275"
 141      101AE8FE 
 141      EE0557A2 
 141      6EB7BD
 142 0123 38FEB98D 		.ascii	"8\376\271\215\353\021;\361!\301>a\372\203{E\363!\001"
 142      EB113BF1 
 142      21C13E61 
 142      FA837B45 
 142      F32101
 143 0136 0A1BD51F 		.ascii	"\012\033\325\037a\015\000\234\346>\300\362$,G\264\272"
 143      610D009C 
 143      E63EC0F2 
 143      242C47B4 
 143      BA
 144 0147 F93B2735 		.ascii	"\371;'5\332$ty\346\313\253\277\352\306\312ZN\346\365"
 144      DA247479 
 144      E6CBABBF 
 144      EAC6CA5A 
 144      4EE6F5
 145 015a DC857F6A 		.ascii	"\334\205\177jf\366\325\024Z\325\030\272|\374\331\316"
 145      66F6D514 
 145      5AD518BA 
 145      7CFCD9CE 
 146 016a 1B5393D9 		.ascii	"\033S\223\331X\324jV\334A\335\337h\2417\340\355\001"
 146      58D46A56 
 146      DC41DDDF 
 146      68A137E0 
 146      ED01
 147 017c F915DD76 		.ascii	"\371\025\335v>b\037\252\325\215\225@bW\215(\325\356"
 147      3E621FAA 
 147      D58D9540 
 147      62578D28 
 147      D5EE
 148 018e 49A349EE 		.ascii	"I\243I\356\000\2260A\266\232~\205\011\231\203$8\365"
 148      00963041 
 148      B69A7E85 
 148      09998324 
 148      38F5
 149 01a0 B4B43011 		.ascii	"\264\2640\021\326\015\355V;-\374\277\215\225\241\277"
 149      D60DED56 
 149      3B2DFCBF 
 149      8D95A1BF 
 150 01b0 CCDBEB0B 		.ascii	"\314\333\353\013\357_\004y\010\345\357\007p\216\256"
 150      EF5F0479 
 150      08E5EF07 
 150      708EAE
 151 01bf C62CABA1 		.ascii	"\306,\253\241\303[O\212\031;r\314\2236>\242\231\366"
 151      C35B4F8A 
 151      193B72CC 
 151      93363EA2 
 151      99F6
 152 01d1 FC5B8165 		.ascii	"\374[\201e\214\320t\365\354\304a&#Xes~\270M[\223\252"
ARM GAS  C:\Users\elias\AppData\Local\Temp\ccx0e2Ci.s 			page 11


 152      8CD074F5 
 152      ECC46126 
 152      23586573 
 152      7EB84D5B 
 153 01e7 686B1667 		.ascii	"hk\026gW\227L\337\033j|\012\330\237\307\373\376T\250"
 153      57974CDF 
 153      1B6A7C0A 
 153      D89FC7FB 
 153      FE54A8
 154 01fa 1769F4C5 		.ascii	"\027i\364\305[\376eX\307T\255\322\353O\314k\213f\244"
 154      5BFE6558 
 154      C754ADD2 
 154      EB4FCC6B 
 154      8B66A4
 155 020d 6DA23B72 		.ascii	"m\242;r\326\031t\342\227\257;Wc}C7\342\003N\177\264"
 155      D61974E2 
 155      97AF3B57 
 155      637D4337 
 155      E2034E7F 
 156 0222 6FA8FB44 		.ascii	"o\250\373D\377\245\236\323\335\261\270s-v&\032\213\236"
 156      FFA59ED3 
 156      DDB1B873 
 156      2D76261A 
 156      8B9E
 157 0234 3F3E007F 		.ascii	"?>\000\177\000\017\340\364\015"
 157      000FE0F4 
 157      0D
 158              		.text
 159              		.section	.gnu.lto_VDAC_ref_BP_Sleep.dcb57dcf,"",%progbits
 160 0000 789C9592 		.ascii	"x\234\225\222MOSA\024\206\347\314\334\217\322Z\364\007"
 160      4D4F5341 
 160      1486E7CC 
 160      DC8FD25A 
 160      F407
 161 0012 10C2AEE2 		.ascii	"\020\302\256\342\302\272\361\007(FV&D\022\335\2204\006"
 161      C2BAF107 
 161      28465626 
 161      4412DD90 
 161      3406
 162 0024 EB529246 		.ascii	"\353R\222F\343\262\323\3366\005\027D\027TC0,)*\322\242"
 162      E3B2D3DE 
 162      36051744 
 162      17544330 
 162      2C292AD2 
 163 0039 081584D2 		.ascii	"\010\025\204\322\020\335\360\021\023pac\002\030\033"
 163      10DDF011 
 163      13706163 
 163      02181B
 164 0048 43209408 		.ascii	"C \224\010\013?\240\2363#\265jBt\222\316\275=\347\334"
 164      0B3FA09E 
 164      3323B56A 
 164      427492CE 
 164      BD3DE7DC 
 165 005c F3BE739E 		.ascii	"\363\276s\2361\0300Z\005\301\330\011|^\306\037\270\030"
 165      3118305A 
 165      05C1D809 
 165      7C5EC61F 
ARM GAS  C:\Users\elias\AppData\Local\Temp\ccx0e2Ci.s 			page 12


 165      B818
 166 006e F03B0B8C 		.ascii	"\360;\013\214E\\\234\213N\037\223n\203\366#\002L\035"
 166      455C9C8B 
 166      4E1F936E 
 166      83F62302 
 166      4C1D
 167 0080 360E5E4C 		.ascii	"6\016^Ln-\3711oO\326c\336\002[\207m\000z\221.`a.\014"
 167      6E2DF931 
 167      6F4FD663 
 167      DE025B87 
 167      6D007A91 
 168 0099 D3B2210C 		.ascii	"\323\262!\014\273|\217C>Q\314\362\306\001\211k\345\343"
 168      BB7C8F43 
 168      3E51CCF2 
 168      C601896B 
 168      E5E3
 169 00ab D62999CA 		.ascii	"\326)\231\312A\034\245\313\\\271`0\000\215\014\313\326"
 169      411CA5CB 
 169      5CB96030 
 169      008D0CCB 
 169      D6
 170 00bc 32FB3D5E 		.ascii	"2\373=^+Fe\015:\011)\260\310\352\360\305\234,\227\035"
 170      2B46650D 
 170      3A0929B0 
 170      C8EAF0C5 
 170      9C2C971D 
 171 00d0 99BB6BCF 		.ascii	"\231\273k\317L\331^\316\342\002\014\332jhs\323\346\241"
 171      4CD95ECE 
 171      E2020CDA 
 171      6A6873D3 
 171      E6A1
 172 00e2 8DB1127E 		.ascii	"\215\261\022~F.\2669\247\247(B\376\353\355\267}I\240"
 172      462EB639 
 172      A7A72842 
 172      FEEBEDB7 
 172      7D49A0
 173 00f5 568E3050 		.ascii	"V\2160P&\031\317/\332;<.8\220\352\356\362\375\220\376"
 173      2619CF2F 
 173      DA3B3C2E 
 173      3890EAEE 
 173      F2FD90FE 
 174 0109 974A4424 		.ascii	"\227JD$\025\364~.\315\034\355\207\007\221\030\332\024"
 174      15F47E2E 
 174      CD1CED87 
 174      079118DA 
 174      14
 175 011a F010EA60 		.ascii	"\360\020\352`\020\352\320\315#\350\007V\004\347\373"
 175      10EAD0CD 
 175      23E80756 
 175      04E7FB
 176 0129 79E608AE 		.ascii	"y\346\010\256\273\275\211\245\373\004}\017`\300c,[\205"
 176      BBBD89A5 
 176      FB047D0F 
 176      60C0632C 
 176      5B85
 177 013b 58C1A9D7 		.ascii	"X\301\251\327rt\370\341\215\354\027\257.`0D}\030\331"
 177      7274F8E1 
ARM GAS  C:\Users\elias\AppData\Local\Temp\ccx0e2Ci.s 			page 13


 177      8DEC17AF 
 177      2E603044 
 177      7D18D9
 178 014e 13ACD387 		.ascii	"\023\254\323\207\356\242;\245b\304C\325\325\316\014"
 178      EEA23BA5 
 178      62C443D5 
 178      D5CE0C
 179 015d E52C9BDD 		.ascii	"\345,\233\335(\330\341=\331)\3451\214u\341\310(\274"
 179      28D8E13D 
 179      D929E531 
 179      8C75E1C8 
 179      28BC
 180 016f 3EB73CEB 		.ascii	">\267<\353&{R\305M\030\3069?\241\306\230\354\036Ow\271"
 180      267B52C5 
 180      4D18C639 
 180      3FA1C698 
 180      EC1E4F77 
 181 0184 FC433443 		.ascii	"\374C4Cy+.,H\243\347}5h\310\200\037+F\023s\0317\211"
 181      792B2E2C 
 181      48A3E77D 
 181      3568C880 
 181      1F2B4613 
 182 019c 580030A2 		.ascii	"X\0000\242\374ls\343\300Mz\263\342\346_\345\237\036"
 182      FC6C73E3 
 182      C04D7AB3 
 182      E2E65FE5 
 182      9F1E
 183 01ae 26FFEC97 		.ascii	"&\377\354\227\374\250\222\257\234\021\301\302\363\237"
 183      FCA892AF 
 183      9C11C1C2 
 183      F39F
 184 01bc F2A662F5 		.ascii	"\362\246b\365\011\234\334\304kN\362\177\037\337.#.\006"
 184      099CDCC4 
 184      6B4EF27F 
 184      1FDF2E23 
 184      2E06
 185 01ce 631046D0 		.ascii	"c\020F\320.\246\270\356\317\212\337\257\215\374\326"
 185      2EA6B8EE 
 185      CF8ADFAF 
 185      8DFCD6
 186 01dd 6DAA4B53 		.ascii	"m\252KSF\374\177\336(\030\307\276\014\262\004\246\006"
 186      46FC7FDE 
 186      2818C7BE 
 186      0CB204A6 
 186      06
 187 01ee 93B1B5F7 		.ascii	"\223\261\265\367I\257&?\230\326\344\223\367\206\006"
 187      49AF263F 
 187      98D6E493 
 187      F78606
 188 01fd 84221F21 		.ascii	"\204\"\037!M\001/*\354'\252\331\273u\207\355\371\336"
 188      4D012F2A 
 188      EC27AAD9 
 188      BB7587ED 
 188      F9DE
 189 020f 0FB51A6D 		.ascii	"\017\265\032m\003Lj\366\357\234\351<h\021w\025n\213"
 189      034C6AF6 
 189      EF9CE93C 
ARM GAS  C:\Users\elias\AppData\Local\Temp\ccx0e2Ci.s 			page 14


 189      68117715 
 189      6E8B
 190 0221 2DF9F565 		.ascii	"-\371\365e\\\350\361\350\264\007;\214m\276J\324j\017"
 190      5CE8F1E8 
 190      B4073B8C 
 190      6DBE4AD4 
 190      6A0F
 191 0233 D131ED61 		.ascii	"\3211\355a~de\321\254\366\360\262\342aJ{\210&W}\324"
 191      7E6465D1 
 191      ACF6F0B2 
 191      E2614A7B 
 191      8826577D 
 192 0248 E23F184D 		.ascii	"\342?\030M\037\306(\247\030\201\036\020\314\200\037"
 192      1FC628A7 
 192      18811E10 
 192      CC801F
 193 0257 BD29D3B6 		.ascii	"\275)\323\266\302\262\016\321\334t\263\242B\253\204"
 193      C2B20ED1 
 193      DC74B3A2 
 193      42AB84
 194 0266 951846A6 		.ascii	"\225\030F\246\307\233\203\327\203\241+7\202W\003\255"
 194      C79B83D7 
 194      83A12B37 
 194      825703AD 
 195 0276 1D3743ED 		.ascii	"\0357C\355\301\266\226\326\216\246\323m\227\316\235"
 195      C1B696D6 
 195      8EA6D36D 
 195      97CE9D
 196 0285 690A8482 		.ascii	"i\012\204\202\327\002g[\002-\027N\266\263\037W\377h"
 196      D702675B 
 196      022D174E 
 196      B6B31F57 
 196      FF68
 197 0297 60       		.ascii	"`"
 198              		.text
 199              		.section	.gnu.lto_VDAC_ref_BP_Wakeup.dcb57dcf,"",%progbits
 200 0000 789C6D8F 		.ascii	"x\234m\217\277KBQ\024\307\317\271\367\251\017)\364\017"
 200      BF4B4251 
 200      14C7CFB9 
 200      F7A90F29 
 200      F40F
 201 0012 8868CCA0 		.ascii	"\210h\314\240$\2425(\203 \010$\241I\220\260\327\230"
 201      24A23528 
 201      83200824 
 201      A14990B0 
 201      D798
 202 0024 20B5E6F5 		.ascii	" \265\346\365\307\253\\\242\245\226\020\241\006\355"
 202      C7AB5CA2 
 202      A59610A1 
 202      06ED
 203 0032 A7090DD9 		.ascii	"\247\011\015\331\364\0221\020\351\307\320RK5HH\203A"
 203      F4123110 
 203      E9C7D052 
 203      4B354848 
 203      8341
 204 0044 8DFA3AF7 		.ascii	"\215\372:\36754\324\201\313\201\357\371~\3579\037\005"
 204      3534D481 
ARM GAS  C:\Users\elias\AppData\Local\Temp\ccx0e2Ci.s 			page 15


 204      CB81EFF9 
 204      7EEF391F 
 204      05
 205 0055 1064AD52 		.ascii	"\020d\255R\033\240>B\017m\200l\353\006 \2562\306\253"
 205      1BA03E42 
 205      0F6D806C 
 205      EB0620AE 
 205      32C6AB
 206 0068 2E104EA5 		.ascii	".\020N\2456\006\242\213\243\"eT\020e\027*B\214q\005"
 206      3606A28B 
 206      A3226554 
 206      1065172A 
 206      428C7105 
 207 007c 63F8C5DA 		.ascii	"c\370\305\332\014\313\353\215\022\363\344\004\325\263"
 207      0CCBEB8D 
 207      12F3E404 
 207      D5B3
 208 008a BE3F2CF2 		.ascii	"\276?,\362\006\352\034\300d\326\006\300\034z\200l\257"
 208      06EA1CC0 
 208      64D606C0 
 208      1C7A806C 
 208      AF
 209 009b C5CE76B7 		.ascii	"\305\316v\267=%m}?C\314\243]\236Q\2305\204i&\205\261"
 209      3D256D7D 
 209      3F43CCA3 
 209      5D9E5198 
 209      35846926 
 210 00b1 EBBCBA73 		.ascii	"\353\274\272s\3329\350\234\344\026Y\344\272\017\306"
 210      DA39E89C 
 210      E41659E4 
 210      BA0FC6
 211 00c0 64E76F98 		.ascii	"d\347o\230425&C\362\273R\351\375\311\021k\213\015!\334"
 211      34323526 
 211      43F2BB52 
 211      E9FDC911 
 211      6B8B0D21 
 212 00d5 3A6726A3 		.ascii	":g&\243\010\036`\214\302\034\032\230\270,\326\367\034"
 212      081E608C 
 212      C21C1A98 
 212      B82CD6F7 
 212      1C
 213 00e6 D29CE49C 		.ascii	"\322\234\344\234\354;z\371\326\361\311t:\373oZI\323"
 213      EC3B7AF9 
 213      D6F1C974 
 213      3AFB6F5A 
 213      49D3
 214 00f8 BD526ED6 		.ascii	"\275Rn\326\037*\316,f\342\302\322mxD\220\207\330c\015"
 214      1F2ACE2C 
 214      66E2C2D2 
 214      6D784490 
 214      87D8630D 
 215 010c 372FCED2 		.ascii	"7/\316\322\252wP\347v<\306,v,><A/\274`\3521\331\373"
 215      AA7750E7 
 215      763CC62C 
 215      762C3E3C 
 215      412FBC60 
 216 0124 BBECBC72 		.ascii	"\273\354\274r\275\246\312eHu*\343 98T]\022\303\375?"
ARM GAS  C:\Users\elias\AppData\Local\Temp\ccx0e2Ci.s 			page 16


 216      BDA6CA65 
 216      48752AE3 
 216      20393854 
 216      5D12C3FD 
 217 0139 83C32452 		.ascii	"\203\303$R\300\202\305\240Z\011\305\"ob\302\270\237"
 217      C082C5A0 
 217      5A09C522 
 217      6F62C2B8 
 217      9F
 218 014a B642B25A 		.ascii	"\266B\262Z\204J2y\373\247\264%-:\277\254-\204\002\221"
 218      844A3279 
 218      FBA7B425 
 218      2D3ABFAC 
 218      2D840291 
 219 015e 9568580B 		.ascii	"\225hX\013\372\003\021\337hpnr\334\027\212j\213\241"
 219      FA0311DF 
 219      68706E72 
 219      DC178A6A 
 219      8BA1
 220 0170 097FC83F 		.ascii	"\011\177\310?3\024\206o\345\214\223\037"
 220      3314866F 
 220      E58C931F 
 221              		.text
 222              		.section	.gnu.lto_.symbol_nodes.dcb57dcf,"",%progbits
 223 0000 789C5DCD 		.ascii	"x\234]\315=\016\201Q\020\205\341wf\356\037\245Z\204"
 223      3D0E8151 
 223      1085E177 
 223      66EE1FA5 
 223      5A84
 224 0012 95CE8D58 		.ascii	"\225\316\215X\200-\020\233 \321\251\025V\200\330\202"
 224      802D109B 
 224      20D1A915 
 224      5680D882 
 225 0022 56DC4F14 		.ascii	"V\334O\024\256i&\3479\311L@\270\320F\213\303\372\014"
 225      AE6926E7 
 225      39C94C40 
 225      B8D0468B 
 225      C3FA0C
 226 0035 8EEC579B 		.ascii	"\216\354W\233:\207\010u\002\246c\227\277J\305\365K\034"
 226      3A870875 
 226      02A66397 
 226      BF4AC5F5 
 226      4B1C
 227 0047 EAA281BA 		.ascii	"\352\242\201\272\365`\036z\010\036;\220\344\351\003"
 227      F5601E7A 
 227      081E3B90 
 227      E4E903
 228 0056 EDCD7053 		.ascii	"\355\315pS\262\347.G/\277\331\264\360\270\276\3044\263"
 228      B2E72E47 
 228      2FBFD9B4 
 228      F0B8BEC4 
 228      34B3
 229 0068 1B7680FB 		.ascii	"\033v\200\373sfq\304\351\326b\012l\007N\312\3628\345"
 229      736671C4 
 229      E9D6620A 
 229      6C074ECA 
 229      F238E5
ARM GAS  C:\Users\elias\AppData\Local\Temp\ccx0e2Ci.s 			page 17


 230 007b 0DBC8731 		.ascii	"\015\274\2071`"
 230      60
 231              		.text
 232              		.section	.gnu.lto_.refs.dcb57dcf,"",%progbits
 233 0000 789C0DC7 		.ascii	"x\234\015\307\301\011\000 \014\004\301]s\021\301&\354"
 233      C1090020 
 233      0C04C15D 
 233      7311C126 
 233      EC
 234 0011 BF4AF319 		.ascii	"\277J\363\031\230 \017F\214\245m\360T;\235x\335\270"
 234      98200F46 
 234      8CA56DF0 
 234      543B9D78 
 234      DDB8
 235 0023 F809DB00 		.ascii	"\370\011\333\000q"
 235      71
 236              		.text
 237              		.section	.gnu.lto_.decls.dcb57dcf,"",%progbits
 238 0000 789C9595 		.ascii	"x\234\225\225kL\024W\024\307\347\314\254\313\272\254"
 238      6B4C1457 
 238      14C7E7CC 
 238      ACCBBAAC 
 239 0010 62C5184C 		.ascii	"b\305\030L\370@\015$|\332BLS\2774iK[m\2336\244\004\372"
 239      F8400D24 
 239      7CDA424C 
 239      53BF3469 
 239      4B5B6D9B 
 240 0028 C506571C 		.ascii	"\305\006W\034\255\221\262t]L\374v-\250hM\325P\261@+"
 240      AD91B274 
 240      5D4CFC76 
 240      2DA8684D 
 240      D550B140 
 241 003d 68931615 		.ascii	"h\223\026\025duYtE\353\372\000\005\027\025\360\301\263"
 241      64755974 
 241      45EBFA00 
 241      051715F0 
 241      C1B3
 242 004f AC45637C 		.ascii	"\254Ec|V\205>L\025z\356c:3\310Z{\303\231\235;\373\377"
 242      56853E4C 
 242      157AEE63 
 242      3A33C85A 
 242      7BC3999D 
 243 0066 FFCEB9E7 		.ascii	"\377\316\271\347\336Y,\022Ht\214\305HR\031\336\246\311"
 243      DE592C12 
 243      48748CC5 
 243      485219DE 
 243      A6C9
 244 0078 92348E03 		.ascii	"\2224\216\003\247R\216\244\217\251\030\365\030>\014"
 244      A7528EA4 
 244      8FA918F5 
 244      183E0C
 245 0087 3F4600E3 		.ascii	"?F\000\343\020F\020\243\031\3434F+\006\245uK\346A}\032"
 245      104610A3 
 245      19E33446 
 245      2B06A575 
 245      4BE6417D 
 246 009c 2F11A307 		.ascii	"/\021\243\007\343\012F/F'\306\011\341\353\020\237\365"
ARM GAS  C:\Users\elias\AppData\Local\Temp\ccx0e2Ci.s 			page 18


 246      E30A462F 
 246      4627C609 
 246      E1EB109F 
 246      F5
 247 00ad 513834B7 		.ascii	"Q84\267\315\300\351\3038h\340\365c\234\022ZE\350\265"
 247      CDC0E9C3 
 247      3868E0F5 
 247      639C125A 
 247      45E8B5
 248 00c0 DA260EFF 		.ascii	"\332&\016\377\377\254\311\037\245\246\200\350\315D\316"
 248      FFACC91F 
 248      A5A680E8 
 248      CD44CE
 249 00cf 00465D14 		.ascii	"\000F]\024\236,|\321\326y(\012\323\310\322\326NYa\301"
 249      9E2C7CD1 
 249      D679280A 
 249      D3C8D2D6 
 249      4E5961C1 
 250 00e3 5584B7F5 		.ascii	"U\204\267\3659\365\006'\2605\216\221=\210\321 \374a"
 250      39F50627 
 250      B0358E91 
 250      3D88D120 
 250      FC61
 251 00f5 C10D8A9A 		.ascii	"\301\015\212\232}Q\270Oe\030\257n\334b\353\207^P$q\250"
 251      7D51B84F 
 251      6518AF6E 
 251      DC62EB87 
 251      5E502471 
 252 010a 24007E05 		.ascii	"$\000~\005\026\022\0176\305\033Y\3427\332\243\177\207"
 252      16120F36 
 252      C51B59E2 
 252      37DAA37F 
 252      87
 253 011b 2424B276 		.ascii	"$$\262v\253\303\330\237\360\303\2706\030D\247\2030\361"
 253      ABC3D89F 
 253      F0C3B836 
 253      1844A783 
 253      30F1
 254 012d B9304BC2 		.ascii	"\2710K\302\004\262\236\000\370Ts\030x\023*\322j\326"
 254      04B29E00 
 254      F8547318 
 254      78132AD2 
 254      6AD6
 255 013f D2B0B6B3 		.ascii	"\322\260\266\263E\267_\256\257\265+2\320\373\241\307"
 255      45B75FAE 
 255      AFB52B32 
 255      D0FBA1C7 
 256 014f B5EF3AEB 		.ascii	"\265\357:\353\010\216\255\204\310\037\350\235\351,\361"
 256      088EAD84 
 256      C81FE89D 
 256      E92CF1
 257 015e 7DA78CCA 		.ascii	"}\247\214\3120\323\016\026\234>\354\250\034\236\216"
 257      30D30E16 
 257      9C3EECA8 
 257      1C9E8E
 258 016d D3597648 		.ascii	"\323YvH\302\351\323\266\252J9\241\234\371\212I\222\005"
 258      C2E9D3B6 
ARM GAS  C:\Users\elias\AppData\Local\Temp\ccx0e2Ci.s 			page 19


 258      AA4A39A1 
 258      9CF98A49 
 258      9205
 259 017f 7266C33E 		.ascii	"rf\303>H\204\275\200\033\004u\220\200\327%\026N\032"
 259      4884BD80 
 259      1B047590 
 259      80D72516 
 259      4E1A
 260 0191 E90CB7C7 		.ascii	"\351\014\267\307\316\255!!\037\211\004\037\316\253\250"
 260      CEAD2121 
 260      1F89041F 
 260      CEABA8
 261 01a0 0995A04D 		.ascii	"\011\225\240M\241*\250\005\005\366\200\223\026YK\367"
 261      A12AA805 
 261      05F68093 
 261      16594BF7 
 262 01b0 40829FA0 		.ascii	"@\202\237\240\037\353\255\207\271\350|\324\354/\216"
 262      1FEBAD87 
 262      B9E87CD4 
 262      EC2F8E
 263 01bf 55B259A1 		.ascii	"U\262Y\241\317\317\330`\312\330\261\375I0\216g\014}"
 263      CFCFD860 
 263      CAD8B1FD 
 263      49308E67 
 263      0C7D
 264 01d1 DBEE28DD 		.ascii	"\333\356(\335\272\226\220\305T\003\373\365|\373\215"
 264      BA9690C5 
 264      5403FBF5 
 264      7CFB8D
 265 01e0 F97C2CDF 		.ascii	"\371|,\337\275\235e\367c\024\367\013\344;h\312\327\326"
 265      BD9D65F7 
 265      6314F70B 
 265      E43B68CA 
 265      D7D6
 266 01f2 BBE7420C 		.ascii	"\273\347B\014\346\213`\276J\225l$\344K\013\225\300\001"
 266      E68B60BE 
 266      4A956C24 
 266      E44B0B95 
 266      C001
 267 0204 3DDD0163 		.ascii	"=\335\001c:?K\327V\025\250\222\225\365\300\362U\376"
 267      3A3F4BD7 
 267      5615A892 
 267      95F5C0F2 
 267      55FE
 268 0216 5E1EB108 		.ascii	"^\036\261\010\306_FF\243\316h42\002\214\341\037]\367"
 268      C65F4646 
 268      A3CE6834 
 268      32028CE1 
 268      1F5DF7
 269 0229 BE52C311 		.ascii	"\276R\303\021;o\226\234\006D\324 b\254\325A\350\262"
 269      3B6F969C 
 269      0644D420 
 269      62ACD541 
 269      E8B2
 270 023b DF608C26 		.ascii	"\337`\214&\235\321dd\034b\214\301\303\327\"V\345 \207"
 270      9DD16464 
 270      1C628CC1 
ARM GAS  C:\Users\elias\AppData\Local\Temp\ccx0e2Ci.s 			page 20


 270      C3D72256 
 270      E52087
 271 024e 6C285F5F 		.ascii	"l(__:M@\260w\024R\303!\207u\310a#$\310 76\237\365\331"
 271      3A4D40B0 
 271      771452C3 
 271      218775C8 
 271      612324C8 
 272 0268 94160E09 		.ascii	"\224\026\016\011\005\317\355\242[\036!$\362\340\353"
 272      05CFEDA2 
 272      5B1E2124 
 272      F2E0EB
 273 0277 D72BC849 		.ascii	"\327+\310I\276\226#:\342\010C\340M3\263\177\325;\034"
 273      BE96233A 
 273      E20843E0 
 273      4D33B37F 
 273      D53B1C
 274 028a B02963DC 		.ascii	"\260)c\334\336\260\356\372\036\033\036\266D;\214\003"
 274      DEB0EEFA 
 274      1E1B1EB6 
 274      443B8C03 
 275 029a 9DDF0D3E 		.ascii	"\235\337\015>\236\306\347\364\353\212m\303c\261J\031"
 275      9EC6E7F4 
 275      EB8A6DC3 
 275      63B14A19 
 276 02aa 3BC072F7 		.ascii	";\300r\367\360\276[\026H\265\377Hw*2\322\225\277c\003"
 276      F0BE5B16 
 276      48B5FF48 
 276      772A32D2 
 276      95BF6303 
 277 02be 1E643801 		.ascii	"\036d8\001v8\256gK\264\343\265\024{J\036\354&\326\004"
 277      7638AE67 
 277      4BB4E3B5 
 277      147B4A1E 
 277      EC26D604 
 278 02d2 09E62542 		.ascii	"\011\346%BZ\242\004!H\245T\252\202\237qw\217\341\356"
 278      5AA20421 
 278      48A554AA 
 278      829F7177 
 278      8FE1EE
 279 02e5 D2C5ECA8 		.ascii	"\322\305\354\250\276c\265\340\013\3038\270\315\370\254"
 279      BE63B5E0 
 279      0BC338B8 
 279      CDF8AC
 280 02f4 EEC8C05D 		.ascii	"\356\310\300]k\324\003q\212\035\210\223 ND`S_\320\""
 280      6BD40371 
 280      8A1D8893 
 280      204E4460 
 280      535FD022 
 281 0308 1AF0F0FC 		.ascii	"\032\360\360\374k\345\3055\013\251\004\216\352%\035"
 281      6BE5C535 
 281      0BA9048E 
 281      EA251D
 282 0317 D51A709A 		.ascii	"\325\032p\2325\340\352\265`\247Ei\346o\345\261M=\277"
 282      35E0EAB5 
 282      60A74569 
 282      E66FE5B1 
 282      4D3DBF
ARM GAS  C:\Users\elias\AppData\Local\Temp\ccx0e2Ci.s 			page 21


 283 032a 59B93DD4 		.ascii	"Y\271=\324\243\226Le\315k\321\275-\232\267\225y\353"
 283      A3964C65 
 283      CD6BD1BD 
 283      2D9AB795 
 283      79EB
 284 033c 4B6BEBAC 		.ascii	"Kk\353\254J\230{[\306\377\014\305\361\027W\306i\327"
 284      4A987B5B 
 284      C6FF0CC5 
 284      F11757C6 
 284      69D7
 285 034e 83F0F7B1 		.ascii	"\203\360\367\261\374\305\235\201\323\223\345\003\227"
 285      FCC59D81 
 285      D393E503 
 285      97
 286 035b 1CCA1097 		.ascii	"\034\312\020\227\376zo\357\3068\345\016\233X\302\233"
 286      FE7A6FEF 
 286      C638E50E 
 286      9B58C29B 
 287 036b 6FFBEC90 		.ascii	"o\373\354\220\234\234\032\277\233\366)T\375\371\016"
 287      9C9C1ABF 
 287      9BF62954 
 287      FDF90E
 288 037a 125AABB0 		.ascii	"\022Z\253\260\016\264c\352\013\020\257u\355\025\272"
 288      0EB463EA 
 288      0B10AF75 
 288      ED15BA
 289 0389 E274FA53 		.ascii	"\342t\372S\314\245\276OI\261\225\011\317M\"\234G\205"
 289      CCA5BE4F 
 289      49B19509 
 289      CF4D229C 
 289      4785
 290 039b 6C7B4255 		.ascii	"l{BU*!6*\220\304J\350\330\306Z\032\"\004\276\220\240"
 290      2A21362A 
 290      90C44AE8 
 290      D8C65A1A 
 290      2204BE90 
 291 03b0 0D3B7A96 		.ascii	"\015;z\226u\224bP\004\347q\213\302\220\014\035\220\254"
 291      75946250 
 291      04E7718B 
 291      C2900C1D 
 291      90AC
 292 03c2 FD369555 		.ascii	"\3756\225U\336r(\177\360\375\177\322w\274\307\001\361"
 292      DE72287F 
 292      F0FD7FD2 
 292      77BCC701 
 292      F1
 293 03d3 A99352A0 		.ascii	"\251\223R\240\013\315\321@\274$\377T<-\235(\271\250"
 293      0BCDD140 
 293      BC24FF54 
 293      3C2D9D28 
 293      B9A8
 294 03e5 B79716C8 		.ascii	"\267\227\026\310\022\335\336\362K\337\224\224\037\010"
 294      12DDDEF2 
 294      4BDF9494 
 294      1F08
 295 03f3 C1AD0806 		.ascii	"\301\255\010\006\336\373\206\220\205L{\206k\015\325"
 295      DEFB8690 
ARM GAS  C:\Users\elias\AppData\Local\Temp\ccx0e2Ci.s 			page 22


 295      854C7B86 
 295      6B0DD5
 296 0402 9E61FF41 		.ascii	"\236a\377A\272!\005]\243%#W\254v<m\305/v\332:n\355\032"
 296      BA21055D 
 296      A3252357 
 296      AC763C6D 
 296      C52F76DA 
 297 041a 8F51B628 		.ascii	"\217Q\266(l=\376\355\025\333c\300\236:\211\375\352$"
 297      6C3DFEED 
 297      15DB63C0 
 297      9E3A89FD 
 297      EA24
 298 042c 767EEC1F 		.ascii	"v~\354\037ueW\0222\003\256\340\026\\\326\327q\011\354"
 298      75655712 
 298      3203AEE0 
 298      165CD6D7 
 298      7109EC
 299 043f 7C1D8D17 		.ascii	"|\035\215\027\3575Lql\242\233\205gw\346\331\351L\251"
 299      EF354C71 
 299      6CA29B85 
 299      6777E6D9 
 299      E94CA9
 300 0452 9FDE1E70 		.ascii	"\237\336\036p\260\343\204\237\250\276\356k\272\037g"
 300      B0E3849F 
 300      A8BEEE6B 
 300      BA1F67
 301 0461 52D335EB 		.ascii	"R\3235\353\352^\241\356e\352\277o4\334t\230\324\364"
 301      EA5EA1EE 
 301      65EABF6F 
 301      34DC7498 
 301      D4F4
 302 0473 B0EAEA3E 		.ascii	"\260\352\352>ph\365\3641\303\320\300\306\341X\223\341"
 302      7068F5F4 
 302      31C3D0C0 
 302      C6E15893 
 302      E1
 303 0484 94C9D02F 		.ascii	"\224\311\320/\360\375Q\360u&\365\200P\017DQ7\230\324"
 303      F0FD51F0 
 303      7526F580 
 303      500F4451 
 303      3798D4
 304 0497 83424D3F 		.ascii	"\203BM?\223r\336~3#\327\243.\313}+3\367cu\225\327\355"
 304      9372DE7E 
 304      3323D7A3 
 304      2ECB7D2B 
 304      33F76375 
 305 04ae 5133DC05 		.ascii	"Q3\334\005\313V,w\026\272<^g\232m\301G\331I\031\351"
 305      CB562C77 
 305      16BA3C5E 
 305      679A6DC1 
 305      47D94919 
 306 04c3 E952EA02 		.ascii	"\351R\352\002\265@\365\270\274\352\322\334,w\221'O]"
 306      B540F5B8 
 306      BCEAD2DC 
 306      2C779127 
 306      4F5D
 307 04d5 9499E5CE 		.ascii	"\224\231\345\316xu\221\021\220\371\2413O\232c|\362\211"
ARM GAS  C:\Users\elias\AppData\Local\Temp\ccx0e2Ci.s 			page 23


 307      78759111 
 307      90F9A133 
 307      4F9A637C 
 307      F289
 308 04e7 6BA55A54 		.ascii	"k\245ZT\310Y\351\263\215\337d\271V\213Ls\242\326\360"
 308      C859E9B3 
 308      8DDF64B9 
 308      568B4C73 
 308      A2D6F0
 309 04fa 92C990AF 		.ascii	"\222\311\220\257\252\2053\237\205\233\036\275S\340Z"
 309      AA85339F 
 309      859B1EBD 
 309      53E05A
 310 0509 92AFA6FC 		.ascii	"\222\257\246\374w\255\316\317\244Y&\272\352\315q\345"
 310      77ADCECF 
 310      A45926BA 
 310      EACD71E5 
 311 0519 17A9538A 		.ascii	"\027\251S\212V\024x\347\277\034\005\220\267\306\273"
 311      561478E7 
 311      BF1C0590 
 311      B7C6BB
 312 0528 A6505D85 		.ascii	"\246P]\205\346\031&\263\327m.c\211+oeQa\254\312\252"
 312      E61926B3 
 312      D76D2E63 
 312      892B6F65 
 312      5161ACCA 
 313 053d C9F222C8 		.ascii	"\311\362\"\310\276\324\345u\345\256\246)\022\236Ufy"
 313      BED4E575 
 313      E5AEA629 
 313      129E5566 
 313      79
 314 054e 3D45795E 		.ascii	"=Ey^\213G]>\377\0376\273\010\007"
 314      8B475D3E 
 314      FF1F36BB 
 314      0807
 315              		.text
 316              		.section	.gnu.lto_.symtab.dcb57dcf,"",%progbits
 317 0000 56444143 		.ascii	"VDAC_ref_BP_SaveConfig\000"
 317      5F726566 
 317      5F42505F 
 317      53617665 
 317      436F6E66 
 318 0017 00       		.ascii	"\000"
 319 0018 00       		.ascii	"\000"
 320 0019 00       		.ascii	"\000"
 321 001a 00000000 		.ascii	"\000\000\000\000\000\000\000\000"
 321      00000000 
 322 0022 B3000000 		.ascii	"\263\000\000\000"
 323 0026 56444143 		.ascii	"VDAC_ref_BP_RestoreConfig\000"
 323      5F726566 
 323      5F42505F 
 323      52657374 
 323      6F726543 
 324 0040 00       		.ascii	"\000"
 325 0041 00       		.ascii	"\000"
 326 0042 00       		.ascii	"\000"
 327 0043 00000000 		.ascii	"\000\000\000\000\000\000\000\000"
ARM GAS  C:\Users\elias\AppData\Local\Temp\ccx0e2Ci.s 			page 24


 327      00000000 
 328 004b B5000000 		.ascii	"\265\000\000\000"
 329 004f 56444143 		.ascii	"VDAC_ref_BP_Sleep\000"
 329      5F726566 
 329      5F42505F 
 329      536C6565 
 329      7000
 330 0061 00       		.ascii	"\000"
 331 0062 00       		.ascii	"\000"
 332 0063 00       		.ascii	"\000"
 333 0064 00000000 		.ascii	"\000\000\000\000\000\000\000\000"
 333      00000000 
 334 006c B7000000 		.ascii	"\267\000\000\000"
 335 0070 56444143 		.ascii	"VDAC_ref_BP_Wakeup\000"
 335      5F726566 
 335      5F42505F 
 335      57616B65 
 335      757000
 336 0083 00       		.ascii	"\000"
 337 0084 00       		.ascii	"\000"
 338 0085 00       		.ascii	"\000"
 339 0086 00000000 		.ascii	"\000\000\000\000\000\000\000\000"
 339      00000000 
 340 008e B9000000 		.ascii	"\271\000\000\000"
 341 0092 56444143 		.ascii	"VDAC_ref_BP_Enable\000"
 341      5F726566 
 341      5F42505F 
 341      456E6162 
 341      6C6500
 342 00a5 00       		.ascii	"\000"
 343 00a6 02       		.ascii	"\002"
 344 00a7 00       		.ascii	"\000"
 345 00a8 00000000 		.ascii	"\000\000\000\000\000\000\000\000"
 345      00000000 
 346 00b0 BB000000 		.ascii	"\273\000\000\000"
 347 00b4 56444143 		.ascii	"VDAC_ref_BP_SetValue\000"
 347      5F726566 
 347      5F42505F 
 347      53657456 
 347      616C7565 
 348 00c9 00       		.ascii	"\000"
 349 00ca 02       		.ascii	"\002"
 350 00cb 00       		.ascii	"\000"
 351 00cc 00000000 		.ascii	"\000\000\000\000\000\000\000\000"
 351      00000000 
 352 00d4 C4000000 		.ascii	"\304\000\000\000"
 353 00d8 56444143 		.ascii	"VDAC_ref_BP_Stop\000"
 353      5F726566 
 353      5F42505F 
 353      53746F70 
 353      00
 354 00e9 00       		.ascii	"\000"
 355 00ea 02       		.ascii	"\002"
 356 00eb 00       		.ascii	"\000"
 357 00ec 00000000 		.ascii	"\000\000\000\000\000\000\000\000"
 357      00000000 
 358 00f4 C6000000 		.ascii	"\306\000\000\000"
ARM GAS  C:\Users\elias\AppData\Local\Temp\ccx0e2Ci.s 			page 25


 359              		.text
 360              		.section	.gnu.lto_.opts,"",%progbits
 361 0000 272D666D 		.ascii	"'-fmath-errno' '-fsigned-zeros' '-ftrapping-math' '"
 361      6174682D 
 361      6572726E 
 361      6F272027 
 361      2D667369 
 362 0033 2D666E6F 		.ascii	"-fno-trapv' '-fno-openmp' '-fno-openacc' '-mcpu=cor"
 362      2D747261 
 362      70762720 
 362      272D666E 
 362      6F2D6F70 
 363 0066 7465782D 		.ascii	"tex-m3' '-mthumb' '-g' '-O3' '-ffunction-sections' "
 363      6D332720 
 363      272D6D74 
 363      68756D62 
 363      2720272D 
 364 0099 272D6666 		.ascii	"'-ffat-lto-objects' '-finline-functions' '-flto'\000"
 364      61742D6C 
 364      746F2D6F 
 364      626A6563 
 364      74732720 
 365              		.text
 366              		.cfi_sections	.debug_frame
 367              		.section	.text.VDAC_ref_BP_SaveConfig,"ax",%progbits
 368              		.align	2
 369              		.global	VDAC_ref_BP_SaveConfig
 370              		.thumb
 371              		.thumb_func
 372              		.type	VDAC_ref_BP_SaveConfig, %function
 373              	VDAC_ref_BP_SaveConfig:
 374              	.LFB0:
 375              		.file 1 "Generated_Source\\PSoC5\\VDAC_ref_BP_PM.c"
   1:Generated_Source\PSoC5/VDAC_ref_BP_PM.c **** /*******************************************************************************
   2:Generated_Source\PSoC5/VDAC_ref_BP_PM.c **** * File Name: VDAC_ref_BP_PM.c  
   3:Generated_Source\PSoC5/VDAC_ref_BP_PM.c **** * Version 1.90
   4:Generated_Source\PSoC5/VDAC_ref_BP_PM.c **** *
   5:Generated_Source\PSoC5/VDAC_ref_BP_PM.c **** * Description:
   6:Generated_Source\PSoC5/VDAC_ref_BP_PM.c **** *  This file provides the power management source code to API for the
   7:Generated_Source\PSoC5/VDAC_ref_BP_PM.c **** *  VDAC8.  
   8:Generated_Source\PSoC5/VDAC_ref_BP_PM.c **** *
   9:Generated_Source\PSoC5/VDAC_ref_BP_PM.c **** * Note:
  10:Generated_Source\PSoC5/VDAC_ref_BP_PM.c **** *  None
  11:Generated_Source\PSoC5/VDAC_ref_BP_PM.c **** *
  12:Generated_Source\PSoC5/VDAC_ref_BP_PM.c **** ********************************************************************************
  13:Generated_Source\PSoC5/VDAC_ref_BP_PM.c **** * Copyright 2008-2012, Cypress Semiconductor Corporation.  All rights reserved.
  14:Generated_Source\PSoC5/VDAC_ref_BP_PM.c **** * You may use this file only in accordance with the license, terms, conditions, 
  15:Generated_Source\PSoC5/VDAC_ref_BP_PM.c **** * disclaimers, and limitations in the end user license agreement accompanying 
  16:Generated_Source\PSoC5/VDAC_ref_BP_PM.c **** * the software package with which this file was provided.
  17:Generated_Source\PSoC5/VDAC_ref_BP_PM.c **** *******************************************************************************/
  18:Generated_Source\PSoC5/VDAC_ref_BP_PM.c **** 
  19:Generated_Source\PSoC5/VDAC_ref_BP_PM.c **** #include "VDAC_ref_BP.h"
  20:Generated_Source\PSoC5/VDAC_ref_BP_PM.c **** 
  21:Generated_Source\PSoC5/VDAC_ref_BP_PM.c **** static VDAC_ref_BP_backupStruct VDAC_ref_BP_backup;
  22:Generated_Source\PSoC5/VDAC_ref_BP_PM.c **** 
  23:Generated_Source\PSoC5/VDAC_ref_BP_PM.c **** 
  24:Generated_Source\PSoC5/VDAC_ref_BP_PM.c **** /*******************************************************************************
ARM GAS  C:\Users\elias\AppData\Local\Temp\ccx0e2Ci.s 			page 26


  25:Generated_Source\PSoC5/VDAC_ref_BP_PM.c **** * Function Name: VDAC_ref_BP_SaveConfig
  26:Generated_Source\PSoC5/VDAC_ref_BP_PM.c **** ********************************************************************************
  27:Generated_Source\PSoC5/VDAC_ref_BP_PM.c **** * Summary:
  28:Generated_Source\PSoC5/VDAC_ref_BP_PM.c **** *  Save the current user configuration
  29:Generated_Source\PSoC5/VDAC_ref_BP_PM.c **** *
  30:Generated_Source\PSoC5/VDAC_ref_BP_PM.c **** * Parameters:  
  31:Generated_Source\PSoC5/VDAC_ref_BP_PM.c **** *  void  
  32:Generated_Source\PSoC5/VDAC_ref_BP_PM.c **** *
  33:Generated_Source\PSoC5/VDAC_ref_BP_PM.c **** * Return: 
  34:Generated_Source\PSoC5/VDAC_ref_BP_PM.c **** *  void
  35:Generated_Source\PSoC5/VDAC_ref_BP_PM.c **** *
  36:Generated_Source\PSoC5/VDAC_ref_BP_PM.c **** *******************************************************************************/
  37:Generated_Source\PSoC5/VDAC_ref_BP_PM.c **** void VDAC_ref_BP_SaveConfig(void) 
  38:Generated_Source\PSoC5/VDAC_ref_BP_PM.c **** {
 376              		.loc 1 38 0
 377              		.cfi_startproc
 378              		@ args = 0, pretend = 0, frame = 0
 379              		@ frame_needed = 0, uses_anonymous_args = 0
 380              		@ link register save eliminated.
  39:Generated_Source\PSoC5/VDAC_ref_BP_PM.c ****     if (!((VDAC_ref_BP_CR1 & VDAC_ref_BP_SRC_MASK) == VDAC_ref_BP_SRC_UDB))
 381              		.loc 1 39 0
 382 0000 044B     		ldr	r3, .L4
 383 0002 1B78     		ldrb	r3, [r3]	@ zero_extendqisi2
 384 0004 9B06     		lsls	r3, r3, #26
 385 0006 03D4     		bmi	.L1
  40:Generated_Source\PSoC5/VDAC_ref_BP_PM.c ****     {
  41:Generated_Source\PSoC5/VDAC_ref_BP_PM.c ****         VDAC_ref_BP_backup.data_value = VDAC_ref_BP_Data;
 386              		.loc 1 41 0
 387 0008 034A     		ldr	r2, .L4+4
 388 000a 044B     		ldr	r3, .L4+8
 389 000c 1278     		ldrb	r2, [r2]	@ zero_extendqisi2
 390 000e 5A70     		strb	r2, [r3, #1]
 391              	.L1:
 392 0010 7047     		bx	lr
 393              	.L5:
 394 0012 00BF     		.align	2
 395              	.L4:
 396 0014 29580040 		.word	1073764393
 397 0018 825B0040 		.word	1073765250
 398 001c 00000000 		.word	.LANCHOR0
 399              		.cfi_endproc
 400              	.LFE0:
 401              		.size	VDAC_ref_BP_SaveConfig, .-VDAC_ref_BP_SaveConfig
 402              		.section	.text.VDAC_ref_BP_RestoreConfig,"ax",%progbits
 403              		.align	2
 404              		.global	VDAC_ref_BP_RestoreConfig
 405              		.thumb
 406              		.thumb_func
 407              		.type	VDAC_ref_BP_RestoreConfig, %function
 408              	VDAC_ref_BP_RestoreConfig:
 409              	.LFB1:
  42:Generated_Source\PSoC5/VDAC_ref_BP_PM.c ****     }
  43:Generated_Source\PSoC5/VDAC_ref_BP_PM.c **** }
  44:Generated_Source\PSoC5/VDAC_ref_BP_PM.c **** 
  45:Generated_Source\PSoC5/VDAC_ref_BP_PM.c **** 
  46:Generated_Source\PSoC5/VDAC_ref_BP_PM.c **** /*******************************************************************************
  47:Generated_Source\PSoC5/VDAC_ref_BP_PM.c **** * Function Name: VDAC_ref_BP_RestoreConfig
ARM GAS  C:\Users\elias\AppData\Local\Temp\ccx0e2Ci.s 			page 27


  48:Generated_Source\PSoC5/VDAC_ref_BP_PM.c **** ********************************************************************************
  49:Generated_Source\PSoC5/VDAC_ref_BP_PM.c **** *
  50:Generated_Source\PSoC5/VDAC_ref_BP_PM.c **** * Summary:
  51:Generated_Source\PSoC5/VDAC_ref_BP_PM.c **** *  Restores the current user configuration.
  52:Generated_Source\PSoC5/VDAC_ref_BP_PM.c **** *
  53:Generated_Source\PSoC5/VDAC_ref_BP_PM.c **** * Parameters:  
  54:Generated_Source\PSoC5/VDAC_ref_BP_PM.c **** *  void
  55:Generated_Source\PSoC5/VDAC_ref_BP_PM.c **** *
  56:Generated_Source\PSoC5/VDAC_ref_BP_PM.c **** * Return: 
  57:Generated_Source\PSoC5/VDAC_ref_BP_PM.c **** *  void
  58:Generated_Source\PSoC5/VDAC_ref_BP_PM.c **** *
  59:Generated_Source\PSoC5/VDAC_ref_BP_PM.c **** *******************************************************************************/
  60:Generated_Source\PSoC5/VDAC_ref_BP_PM.c **** void VDAC_ref_BP_RestoreConfig(void) 
  61:Generated_Source\PSoC5/VDAC_ref_BP_PM.c **** {
 410              		.loc 1 61 0
 411              		.cfi_startproc
 412              		@ args = 0, pretend = 0, frame = 0
 413              		@ frame_needed = 0, uses_anonymous_args = 0
 414              		@ link register save eliminated.
  62:Generated_Source\PSoC5/VDAC_ref_BP_PM.c ****     if (!((VDAC_ref_BP_CR1 & VDAC_ref_BP_SRC_MASK) == VDAC_ref_BP_SRC_UDB))
 415              		.loc 1 62 0
 416 0000 0C4B     		ldr	r3, .L10
 417 0002 1B78     		ldrb	r3, [r3]	@ zero_extendqisi2
 418 0004 9906     		lsls	r1, r3, #26
 419 0006 07D4     		bmi	.L6
  63:Generated_Source\PSoC5/VDAC_ref_BP_PM.c ****     {
  64:Generated_Source\PSoC5/VDAC_ref_BP_PM.c ****         if((VDAC_ref_BP_Strobe & VDAC_ref_BP_STRB_MASK) == VDAC_ref_BP_STRB_EN)
 420              		.loc 1 64 0
 421 0008 0B4B     		ldr	r3, .L10+4
 422 000a 1A78     		ldrb	r2, [r3]	@ zero_extendqisi2
 423 000c 1207     		lsls	r2, r2, #28
 424 000e 04D4     		bmi	.L9
  65:Generated_Source\PSoC5/VDAC_ref_BP_PM.c ****         {
  66:Generated_Source\PSoC5/VDAC_ref_BP_PM.c ****             VDAC_ref_BP_Strobe &= (uint8)(~VDAC_ref_BP_STRB_MASK);
  67:Generated_Source\PSoC5/VDAC_ref_BP_PM.c ****             VDAC_ref_BP_Data = VDAC_ref_BP_backup.data_value;
  68:Generated_Source\PSoC5/VDAC_ref_BP_PM.c ****             VDAC_ref_BP_Strobe |= VDAC_ref_BP_STRB_EN;
  69:Generated_Source\PSoC5/VDAC_ref_BP_PM.c ****         }
  70:Generated_Source\PSoC5/VDAC_ref_BP_PM.c ****         else
  71:Generated_Source\PSoC5/VDAC_ref_BP_PM.c ****         {
  72:Generated_Source\PSoC5/VDAC_ref_BP_PM.c ****             VDAC_ref_BP_Data = VDAC_ref_BP_backup.data_value;
 425              		.loc 1 72 0
 426 0010 0A4A     		ldr	r2, .L10+8
 427 0012 0B4B     		ldr	r3, .L10+12
 428 0014 5278     		ldrb	r2, [r2, #1]	@ zero_extendqisi2
 429 0016 1A70     		strb	r2, [r3]
 430              	.L6:
 431 0018 7047     		bx	lr
 432              	.L9:
 433              	.LBB6:
 434              	.LBB7:
  67:Generated_Source\PSoC5/VDAC_ref_BP_PM.c ****             VDAC_ref_BP_Strobe |= VDAC_ref_BP_STRB_EN;
 435              		.loc 1 67 0
 436 001a 0849     		ldr	r1, .L10+8
  66:Generated_Source\PSoC5/VDAC_ref_BP_PM.c ****             VDAC_ref_BP_Data = VDAC_ref_BP_backup.data_value;
 437              		.loc 1 66 0
 438 001c 1A78     		ldrb	r2, [r3]	@ zero_extendqisi2
  67:Generated_Source\PSoC5/VDAC_ref_BP_PM.c ****             VDAC_ref_BP_Strobe |= VDAC_ref_BP_STRB_EN;
ARM GAS  C:\Users\elias\AppData\Local\Temp\ccx0e2Ci.s 			page 28


 439              		.loc 1 67 0
 440 001e 4878     		ldrb	r0, [r1, #1]	@ zero_extendqisi2
 441 0020 0749     		ldr	r1, .L10+12
  66:Generated_Source\PSoC5/VDAC_ref_BP_PM.c ****             VDAC_ref_BP_Data = VDAC_ref_BP_backup.data_value;
 442              		.loc 1 66 0
 443 0022 02F0F702 		and	r2, r2, #247
 444 0026 1A70     		strb	r2, [r3]
  67:Generated_Source\PSoC5/VDAC_ref_BP_PM.c ****             VDAC_ref_BP_Strobe |= VDAC_ref_BP_STRB_EN;
 445              		.loc 1 67 0
 446 0028 0870     		strb	r0, [r1]
  68:Generated_Source\PSoC5/VDAC_ref_BP_PM.c ****         }
 447              		.loc 1 68 0
 448 002a 1A78     		ldrb	r2, [r3]	@ zero_extendqisi2
 449 002c 42F00802 		orr	r2, r2, #8
 450 0030 1A70     		strb	r2, [r3]
 451 0032 7047     		bx	lr
 452              	.L11:
 453              		.align	2
 454              	.L10:
 455 0034 29580040 		.word	1073764393
 456 0038 975A0040 		.word	1073765015
 457 003c 00000000 		.word	.LANCHOR0
 458 0040 825B0040 		.word	1073765250
 459              	.LBE7:
 460              	.LBE6:
 461              		.cfi_endproc
 462              	.LFE1:
 463              		.size	VDAC_ref_BP_RestoreConfig, .-VDAC_ref_BP_RestoreConfig
 464              		.section	.text.VDAC_ref_BP_Sleep,"ax",%progbits
 465              		.align	2
 466              		.global	VDAC_ref_BP_Sleep
 467              		.thumb
 468              		.thumb_func
 469              		.type	VDAC_ref_BP_Sleep, %function
 470              	VDAC_ref_BP_Sleep:
 471              	.LFB2:
  73:Generated_Source\PSoC5/VDAC_ref_BP_PM.c ****         }
  74:Generated_Source\PSoC5/VDAC_ref_BP_PM.c ****     }
  75:Generated_Source\PSoC5/VDAC_ref_BP_PM.c **** }
  76:Generated_Source\PSoC5/VDAC_ref_BP_PM.c **** 
  77:Generated_Source\PSoC5/VDAC_ref_BP_PM.c **** 
  78:Generated_Source\PSoC5/VDAC_ref_BP_PM.c **** /*******************************************************************************
  79:Generated_Source\PSoC5/VDAC_ref_BP_PM.c **** * Function Name: VDAC_ref_BP_Sleep
  80:Generated_Source\PSoC5/VDAC_ref_BP_PM.c **** ********************************************************************************
  81:Generated_Source\PSoC5/VDAC_ref_BP_PM.c **** * Summary:
  82:Generated_Source\PSoC5/VDAC_ref_BP_PM.c **** *  Stop and Save the user configuration
  83:Generated_Source\PSoC5/VDAC_ref_BP_PM.c **** *
  84:Generated_Source\PSoC5/VDAC_ref_BP_PM.c **** * Parameters:  
  85:Generated_Source\PSoC5/VDAC_ref_BP_PM.c **** *  void:  
  86:Generated_Source\PSoC5/VDAC_ref_BP_PM.c **** *
  87:Generated_Source\PSoC5/VDAC_ref_BP_PM.c **** * Return: 
  88:Generated_Source\PSoC5/VDAC_ref_BP_PM.c **** *  void
  89:Generated_Source\PSoC5/VDAC_ref_BP_PM.c **** *
  90:Generated_Source\PSoC5/VDAC_ref_BP_PM.c **** * Global variables:
  91:Generated_Source\PSoC5/VDAC_ref_BP_PM.c **** *  VDAC_ref_BP_backup.enableState:  Is modified depending on the enable 
  92:Generated_Source\PSoC5/VDAC_ref_BP_PM.c **** *  state  of the block before entering sleep mode.
  93:Generated_Source\PSoC5/VDAC_ref_BP_PM.c **** *
ARM GAS  C:\Users\elias\AppData\Local\Temp\ccx0e2Ci.s 			page 29


  94:Generated_Source\PSoC5/VDAC_ref_BP_PM.c **** *******************************************************************************/
  95:Generated_Source\PSoC5/VDAC_ref_BP_PM.c **** void VDAC_ref_BP_Sleep(void) 
  96:Generated_Source\PSoC5/VDAC_ref_BP_PM.c **** {
 472              		.loc 1 96 0
 473              		.cfi_startproc
 474              		@ args = 0, pretend = 0, frame = 0
 475              		@ frame_needed = 0, uses_anonymous_args = 0
 476 0000 10B5     		push	{r4, lr}
 477              		.cfi_def_cfa_offset 8
 478              		.cfi_offset 4, -8
 479              		.cfi_offset 14, -4
  97:Generated_Source\PSoC5/VDAC_ref_BP_PM.c ****     /* Save VDAC8's enable state */    
  98:Generated_Source\PSoC5/VDAC_ref_BP_PM.c ****     if(VDAC_ref_BP_ACT_PWR_EN == (VDAC_ref_BP_PWRMGR & VDAC_ref_BP_ACT_PWR_EN))
 480              		.loc 1 98 0
 481 0002 084B     		ldr	r3, .L15
 482 0004 084C     		ldr	r4, .L15+4
 483 0006 1B78     		ldrb	r3, [r3]	@ zero_extendqisi2
 484 0008 C3F38003 		ubfx	r3, r3, #2, #1
 485 000c 2370     		strb	r3, [r4]
  99:Generated_Source\PSoC5/VDAC_ref_BP_PM.c ****     {
 100:Generated_Source\PSoC5/VDAC_ref_BP_PM.c ****         /* VDAC8 is enabled */
 101:Generated_Source\PSoC5/VDAC_ref_BP_PM.c ****         VDAC_ref_BP_backup.enableState = 1u;
 102:Generated_Source\PSoC5/VDAC_ref_BP_PM.c ****     }
 103:Generated_Source\PSoC5/VDAC_ref_BP_PM.c ****     else
 104:Generated_Source\PSoC5/VDAC_ref_BP_PM.c ****     {
 105:Generated_Source\PSoC5/VDAC_ref_BP_PM.c ****         /* VDAC8 is disabled */
 106:Generated_Source\PSoC5/VDAC_ref_BP_PM.c ****         VDAC_ref_BP_backup.enableState = 0u;
 107:Generated_Source\PSoC5/VDAC_ref_BP_PM.c ****     }
 108:Generated_Source\PSoC5/VDAC_ref_BP_PM.c ****     
 109:Generated_Source\PSoC5/VDAC_ref_BP_PM.c ****     VDAC_ref_BP_Stop();
 486              		.loc 1 109 0
 487 000e FFF7FEFF 		bl	VDAC_ref_BP_Stop
 488              	.LVL0:
 489              	.LBB8:
 490              	.LBB9:
  39:Generated_Source\PSoC5/VDAC_ref_BP_PM.c ****     {
 491              		.loc 1 39 0
 492 0012 064B     		ldr	r3, .L15+8
 493 0014 1B78     		ldrb	r3, [r3]	@ zero_extendqisi2
 494 0016 9B06     		lsls	r3, r3, #26
 495 0018 02D4     		bmi	.L12
  41:Generated_Source\PSoC5/VDAC_ref_BP_PM.c ****     }
 496              		.loc 1 41 0
 497 001a 054B     		ldr	r3, .L15+12
 498 001c 1B78     		ldrb	r3, [r3]	@ zero_extendqisi2
 499 001e 6370     		strb	r3, [r4, #1]
 500              	.L12:
 501 0020 10BD     		pop	{r4, pc}
 502              	.L16:
 503 0022 00BF     		.align	2
 504              	.L15:
 505 0024 A8430040 		.word	1073759144
 506 0028 00000000 		.word	.LANCHOR0
 507 002c 29580040 		.word	1073764393
 508 0030 825B0040 		.word	1073765250
 509              	.LBE9:
 510              	.LBE8:
ARM GAS  C:\Users\elias\AppData\Local\Temp\ccx0e2Ci.s 			page 30


 511              		.cfi_endproc
 512              	.LFE2:
 513              		.size	VDAC_ref_BP_Sleep, .-VDAC_ref_BP_Sleep
 514              		.section	.text.VDAC_ref_BP_Wakeup,"ax",%progbits
 515              		.align	2
 516              		.global	VDAC_ref_BP_Wakeup
 517              		.thumb
 518              		.thumb_func
 519              		.type	VDAC_ref_BP_Wakeup, %function
 520              	VDAC_ref_BP_Wakeup:
 521              	.LFB3:
 110:Generated_Source\PSoC5/VDAC_ref_BP_PM.c ****     VDAC_ref_BP_SaveConfig();
 111:Generated_Source\PSoC5/VDAC_ref_BP_PM.c **** }
 112:Generated_Source\PSoC5/VDAC_ref_BP_PM.c **** 
 113:Generated_Source\PSoC5/VDAC_ref_BP_PM.c **** 
 114:Generated_Source\PSoC5/VDAC_ref_BP_PM.c **** /*******************************************************************************
 115:Generated_Source\PSoC5/VDAC_ref_BP_PM.c **** * Function Name: VDAC_ref_BP_Wakeup
 116:Generated_Source\PSoC5/VDAC_ref_BP_PM.c **** ********************************************************************************
 117:Generated_Source\PSoC5/VDAC_ref_BP_PM.c **** *
 118:Generated_Source\PSoC5/VDAC_ref_BP_PM.c **** * Summary:
 119:Generated_Source\PSoC5/VDAC_ref_BP_PM.c **** *  Restores and enables the user configuration
 120:Generated_Source\PSoC5/VDAC_ref_BP_PM.c **** *  
 121:Generated_Source\PSoC5/VDAC_ref_BP_PM.c **** * Parameters:  
 122:Generated_Source\PSoC5/VDAC_ref_BP_PM.c **** *  void
 123:Generated_Source\PSoC5/VDAC_ref_BP_PM.c **** *
 124:Generated_Source\PSoC5/VDAC_ref_BP_PM.c **** * Return: 
 125:Generated_Source\PSoC5/VDAC_ref_BP_PM.c **** *  void
 126:Generated_Source\PSoC5/VDAC_ref_BP_PM.c **** *
 127:Generated_Source\PSoC5/VDAC_ref_BP_PM.c **** * Global variables:
 128:Generated_Source\PSoC5/VDAC_ref_BP_PM.c **** *  VDAC_ref_BP_backup.enableState:  Is used to restore the enable state of 
 129:Generated_Source\PSoC5/VDAC_ref_BP_PM.c **** *  block on wakeup from sleep mode.
 130:Generated_Source\PSoC5/VDAC_ref_BP_PM.c **** *
 131:Generated_Source\PSoC5/VDAC_ref_BP_PM.c **** *******************************************************************************/
 132:Generated_Source\PSoC5/VDAC_ref_BP_PM.c **** void VDAC_ref_BP_Wakeup(void) 
 133:Generated_Source\PSoC5/VDAC_ref_BP_PM.c **** {
 522              		.loc 1 133 0
 523              		.cfi_startproc
 524              		@ args = 0, pretend = 0, frame = 0
 525              		@ frame_needed = 0, uses_anonymous_args = 0
 526 0000 08B5     		push	{r3, lr}
 527              		.cfi_def_cfa_offset 8
 528              		.cfi_offset 3, -8
 529              		.cfi_offset 14, -4
 530              	.LBB16:
 531              	.LBB17:
  62:Generated_Source\PSoC5/VDAC_ref_BP_PM.c ****     {
 532              		.loc 1 62 0
 533 0002 144B     		ldr	r3, .L27
 534 0004 1B78     		ldrb	r3, [r3]	@ zero_extendqisi2
 535 0006 9A06     		lsls	r2, r3, #26
 536 0008 22D4     		bmi	.L24
  64:Generated_Source\PSoC5/VDAC_ref_BP_PM.c ****         {
 537              		.loc 1 64 0
 538 000a 134A     		ldr	r2, .L27+4
 539 000c 1378     		ldrb	r3, [r2]	@ zero_extendqisi2
 540 000e 1B07     		lsls	r3, r3, #28
 541 0010 07D4     		bmi	.L25
ARM GAS  C:\Users\elias\AppData\Local\Temp\ccx0e2Ci.s 			page 31


  72:Generated_Source\PSoC5/VDAC_ref_BP_PM.c ****         }
 542              		.loc 1 72 0
 543 0012 124B     		ldr	r3, .L27+8
 544 0014 124A     		ldr	r2, .L27+12
 545 0016 5978     		ldrb	r1, [r3, #1]	@ zero_extendqisi2
 546 0018 1170     		strb	r1, [r2]
 547              	.L18:
 548              	.LBE17:
 549              	.LBE16:
 134:Generated_Source\PSoC5/VDAC_ref_BP_PM.c ****     VDAC_ref_BP_RestoreConfig();
 135:Generated_Source\PSoC5/VDAC_ref_BP_PM.c ****     
 136:Generated_Source\PSoC5/VDAC_ref_BP_PM.c ****     if(VDAC_ref_BP_backup.enableState == 1u)
 550              		.loc 1 136 0
 551 001a 1B78     		ldrb	r3, [r3]	@ zero_extendqisi2
 552 001c 012B     		cmp	r3, #1
 553 001e 0FD0     		beq	.L26
 554              	.L17:
 555 0020 08BD     		pop	{r3, pc}
 556              	.L25:
 557              	.LBB21:
 558              	.LBB20:
 559              	.LBB18:
 560              	.LBB19:
  66:Generated_Source\PSoC5/VDAC_ref_BP_PM.c ****             VDAC_ref_BP_Data = VDAC_ref_BP_backup.data_value;
 561              		.loc 1 66 0
 562 0022 1178     		ldrb	r1, [r2]	@ zero_extendqisi2
  67:Generated_Source\PSoC5/VDAC_ref_BP_PM.c ****             VDAC_ref_BP_Strobe |= VDAC_ref_BP_STRB_EN;
 563              		.loc 1 67 0
 564 0024 0D4B     		ldr	r3, .L27+8
  66:Generated_Source\PSoC5/VDAC_ref_BP_PM.c ****             VDAC_ref_BP_Data = VDAC_ref_BP_backup.data_value;
 565              		.loc 1 66 0
 566 0026 01F0F701 		and	r1, r1, #247
 567 002a 1170     		strb	r1, [r2]
  67:Generated_Source\PSoC5/VDAC_ref_BP_PM.c ****             VDAC_ref_BP_Strobe |= VDAC_ref_BP_STRB_EN;
 568              		.loc 1 67 0
 569 002c 5878     		ldrb	r0, [r3, #1]	@ zero_extendqisi2
 570 002e 0C49     		ldr	r1, .L27+12
 571 0030 0870     		strb	r0, [r1]
  68:Generated_Source\PSoC5/VDAC_ref_BP_PM.c ****         }
 572              		.loc 1 68 0
 573 0032 1178     		ldrb	r1, [r2]	@ zero_extendqisi2
 574 0034 41F00801 		orr	r1, r1, #8
 575 0038 1170     		strb	r1, [r2]
 576              	.LBE19:
 577              	.LBE18:
 578              	.LBE20:
 579              	.LBE21:
 580              		.loc 1 136 0
 581 003a 1B78     		ldrb	r3, [r3]	@ zero_extendqisi2
 582 003c 012B     		cmp	r3, #1
 583 003e EFD1     		bne	.L17
 584              	.L26:
 585              	.LBB22:
 586              	.LBB23:
 137:Generated_Source\PSoC5/VDAC_ref_BP_PM.c ****     {
 138:Generated_Source\PSoC5/VDAC_ref_BP_PM.c ****         /* Enable VDAC8's operation */
 139:Generated_Source\PSoC5/VDAC_ref_BP_PM.c ****         VDAC_ref_BP_Enable();
ARM GAS  C:\Users\elias\AppData\Local\Temp\ccx0e2Ci.s 			page 32


 587              		.loc 1 139 0
 588 0040 FFF7FEFF 		bl	VDAC_ref_BP_Enable
 589              	.LVL1:
 140:Generated_Source\PSoC5/VDAC_ref_BP_PM.c **** 
 141:Generated_Source\PSoC5/VDAC_ref_BP_PM.c ****         /* Restore the data register */
 142:Generated_Source\PSoC5/VDAC_ref_BP_PM.c ****         VDAC_ref_BP_SetValue(VDAC_ref_BP_Data);
 590              		.loc 1 142 0
 591 0044 064B     		ldr	r3, .L27+12
 592 0046 1878     		ldrb	r0, [r3]	@ zero_extendqisi2
 593              	.LBE23:
 594              	.LBE22:
 143:Generated_Source\PSoC5/VDAC_ref_BP_PM.c ****     } /* Do nothing if VDAC8 was disabled before */    
 144:Generated_Source\PSoC5/VDAC_ref_BP_PM.c **** }
 595              		.loc 1 144 0
 596 0048 BDE80840 		pop	{r3, lr}
 597              		.cfi_remember_state
 598              		.cfi_restore 14
 599              		.cfi_restore 3
 600              		.cfi_def_cfa_offset 0
 601              	.LBB25:
 602              	.LBB24:
 142:Generated_Source\PSoC5/VDAC_ref_BP_PM.c ****     } /* Do nothing if VDAC8 was disabled before */    
 603              		.loc 1 142 0
 604 004c FFF7FEBF 		b	VDAC_ref_BP_SetValue
 605              	.LVL2:
 606              	.L24:
 607              		.cfi_restore_state
 608 0050 024B     		ldr	r3, .L27+8
 609 0052 E2E7     		b	.L18
 610              	.L28:
 611              		.align	2
 612              	.L27:
 613 0054 29580040 		.word	1073764393
 614 0058 975A0040 		.word	1073765015
 615 005c 00000000 		.word	.LANCHOR0
 616 0060 825B0040 		.word	1073765250
 617              	.LBE24:
 618              	.LBE25:
 619              		.cfi_endproc
 620              	.LFE3:
 621              		.size	VDAC_ref_BP_Wakeup, .-VDAC_ref_BP_Wakeup
 622              		.bss
 623              		.align	2
 624              		.set	.LANCHOR0,. + 0
 625              		.type	VDAC_ref_BP_backup, %object
 626              		.size	VDAC_ref_BP_backup, 2
 627              	VDAC_ref_BP_backup:
 628 0000 0000     		.space	2
 629              		.text
 630              	.Letext0:
 631              		.file 2 "Generated_Source\\PSoC5\\cytypes.h"
 632              		.file 3 "Generated_Source\\PSoC5\\VDAC_ref_BP.h"
 633              		.section	.debug_info,"",%progbits
 634              	.Ldebug_info0:
 635 0000 91010000 		.4byte	0x191
 636 0004 0400     		.2byte	0x4
 637 0006 00000000 		.4byte	.Ldebug_abbrev0
ARM GAS  C:\Users\elias\AppData\Local\Temp\ccx0e2Ci.s 			page 33


 638 000a 04       		.byte	0x4
 639 000b 01       		.uleb128 0x1
 640 000c 77000000 		.4byte	.LASF23
 641 0010 0C       		.byte	0xc
 642 0011 00000000 		.4byte	.LASF24
 643 0015 30010000 		.4byte	.LASF25
 644 0019 18000000 		.4byte	.Ldebug_ranges0+0x18
 645 001d 00000000 		.4byte	0
 646 0021 00000000 		.4byte	.Ldebug_line0
 647 0025 02       		.uleb128 0x2
 648 0026 01       		.byte	0x1
 649 0027 06       		.byte	0x6
 650 0028 5B020000 		.4byte	.LASF0
 651 002c 02       		.uleb128 0x2
 652 002d 01       		.byte	0x1
 653 002e 08       		.byte	0x8
 654 002f 69000000 		.4byte	.LASF1
 655 0033 02       		.uleb128 0x2
 656 0034 02       		.byte	0x2
 657 0035 05       		.byte	0x5
 658 0036 23020000 		.4byte	.LASF2
 659 003a 02       		.uleb128 0x2
 660 003b 02       		.byte	0x2
 661 003c 07       		.byte	0x7
 662 003d 6A010000 		.4byte	.LASF3
 663 0041 02       		.uleb128 0x2
 664 0042 04       		.byte	0x4
 665 0043 05       		.byte	0x5
 666 0044 46020000 		.4byte	.LASF4
 667 0048 02       		.uleb128 0x2
 668 0049 04       		.byte	0x4
 669 004a 07       		.byte	0x7
 670 004b 1E010000 		.4byte	.LASF5
 671 004f 02       		.uleb128 0x2
 672 0050 08       		.byte	0x8
 673 0051 05       		.byte	0x5
 674 0052 FF010000 		.4byte	.LASF6
 675 0056 02       		.uleb128 0x2
 676 0057 08       		.byte	0x8
 677 0058 07       		.byte	0x7
 678 0059 B6010000 		.4byte	.LASF7
 679 005d 03       		.uleb128 0x3
 680 005e 04       		.byte	0x4
 681 005f 05       		.byte	0x5
 682 0060 696E7400 		.ascii	"int\000"
 683 0064 02       		.uleb128 0x2
 684 0065 04       		.byte	0x4
 685 0066 07       		.byte	0x7
 686 0067 A9010000 		.4byte	.LASF8
 687 006b 04       		.uleb128 0x4
 688 006c 2D020000 		.4byte	.LASF12
 689 0070 02       		.byte	0x2
 690 0071 E901     		.2byte	0x1e9
 691 0073 2C000000 		.4byte	0x2c
 692 0077 02       		.uleb128 0x2
 693 0078 04       		.byte	0x4
 694 0079 04       		.byte	0x4
ARM GAS  C:\Users\elias\AppData\Local\Temp\ccx0e2Ci.s 			page 34


 695 007a 4C000000 		.4byte	.LASF9
 696 007e 02       		.uleb128 0x2
 697 007f 08       		.byte	0x8
 698 0080 04       		.byte	0x4
 699 0081 90010000 		.4byte	.LASF10
 700 0085 02       		.uleb128 0x2
 701 0086 01       		.byte	0x1
 702 0087 08       		.byte	0x8
 703 0088 0D020000 		.4byte	.LASF11
 704 008c 04       		.uleb128 0x4
 705 008d E0010000 		.4byte	.LASF13
 706 0091 02       		.byte	0x2
 707 0092 9302     		.2byte	0x293
 708 0094 98000000 		.4byte	0x98
 709 0098 05       		.uleb128 0x5
 710 0099 6B000000 		.4byte	0x6b
 711 009d 06       		.uleb128 0x6
 712 009e 02       		.byte	0x2
 713 009f 03       		.byte	0x3
 714 00a0 25       		.byte	0x25
 715 00a1 BE000000 		.4byte	0xbe
 716 00a5 07       		.uleb128 0x7
 717 00a6 4F020000 		.4byte	.LASF14
 718 00aa 03       		.byte	0x3
 719 00ab 27       		.byte	0x27
 720 00ac 6B000000 		.4byte	0x6b
 721 00b0 00       		.byte	0
 722 00b1 07       		.uleb128 0x7
 723 00b2 41000000 		.4byte	.LASF15
 724 00b6 03       		.byte	0x3
 725 00b7 28       		.byte	0x28
 726 00b8 6B000000 		.4byte	0x6b
 727 00bc 01       		.byte	0x1
 728 00bd 00       		.byte	0
 729 00be 08       		.uleb128 0x8
 730 00bf 28000000 		.4byte	.LASF16
 731 00c3 03       		.byte	0x3
 732 00c4 29       		.byte	0x29
 733 00c5 9D000000 		.4byte	0x9d
 734 00c9 09       		.uleb128 0x9
 735 00ca E5010000 		.4byte	.LASF17
 736 00ce 01       		.byte	0x1
 737 00cf 3C       		.byte	0x3c
 738 00d0 01       		.byte	0x1
 739 00d1 09       		.uleb128 0x9
 740 00d2 52000000 		.4byte	.LASF18
 741 00d6 01       		.byte	0x1
 742 00d7 25       		.byte	0x25
 743 00d8 01       		.byte	0x1
 744 00d9 09       		.uleb128 0x9
 745 00da 33020000 		.4byte	.LASF19
 746 00de 01       		.byte	0x1
 747 00df 84       		.byte	0x84
 748 00e0 01       		.byte	0x1
 749 00e1 0A       		.uleb128 0xa
 750 00e2 D1000000 		.4byte	0xd1
 751 00e6 00000000 		.4byte	.LFB0
ARM GAS  C:\Users\elias\AppData\Local\Temp\ccx0e2Ci.s 			page 35


 752 00ea 20000000 		.4byte	.LFE0-.LFB0
 753 00ee 01       		.uleb128 0x1
 754 00ef 9C       		.byte	0x9c
 755 00f0 0A       		.uleb128 0xa
 756 00f1 C9000000 		.4byte	0xc9
 757 00f5 00000000 		.4byte	.LFB1
 758 00f9 44000000 		.4byte	.LFE1-.LFB1
 759 00fd 01       		.uleb128 0x1
 760 00fe 9C       		.byte	0x9c
 761 00ff 0B       		.uleb128 0xb
 762 0100 97010000 		.4byte	.LASF26
 763 0104 01       		.byte	0x1
 764 0105 5F       		.byte	0x5f
 765 0106 00000000 		.4byte	.LFB2
 766 010a 34000000 		.4byte	.LFE2-.LFB2
 767 010e 01       		.uleb128 0x1
 768 010f 9C       		.byte	0x9c
 769 0110 2D010000 		.4byte	0x12d
 770 0114 0C       		.uleb128 0xc
 771 0115 D1000000 		.4byte	0xd1
 772 0119 12000000 		.4byte	.LBB8
 773 011d 22000000 		.4byte	.LBE8-.LBB8
 774 0121 01       		.byte	0x1
 775 0122 6E       		.byte	0x6e
 776 0123 0D       		.uleb128 0xd
 777 0124 12000000 		.4byte	.LVL0
 778 0128 73010000 		.4byte	0x173
 779 012c 00       		.byte	0
 780 012d 0E       		.uleb128 0xe
 781 012e D9000000 		.4byte	0xd9
 782 0132 00000000 		.4byte	.LFB3
 783 0136 64000000 		.4byte	.LFE3-.LFB3
 784 013a 01       		.uleb128 0x1
 785 013b 9C       		.byte	0x9c
 786 013c 62010000 		.4byte	0x162
 787 0140 0F       		.uleb128 0xf
 788 0141 C9000000 		.4byte	0xc9
 789 0145 02000000 		.4byte	.LBB16
 790 0149 00000000 		.4byte	.Ldebug_ranges0+0
 791 014d 01       		.byte	0x1
 792 014e 86       		.byte	0x86
 793 014f 0D       		.uleb128 0xd
 794 0150 44000000 		.4byte	.LVL1
 795 0154 7E010000 		.4byte	0x17e
 796 0158 10       		.uleb128 0x10
 797 0159 50000000 		.4byte	.LVL2
 798 015d 89010000 		.4byte	0x189
 799 0161 00       		.byte	0
 800 0162 11       		.uleb128 0x11
 801 0163 CD010000 		.4byte	.LASF27
 802 0167 01       		.byte	0x1
 803 0168 15       		.byte	0x15
 804 0169 BE000000 		.4byte	0xbe
 805 016d 05       		.uleb128 0x5
 806 016e 03       		.byte	0x3
 807 016f 00000000 		.4byte	VDAC_ref_BP_backup
 808 0173 12       		.uleb128 0x12
ARM GAS  C:\Users\elias\AppData\Local\Temp\ccx0e2Ci.s 			page 36


 809 0174 12020000 		.4byte	.LASF20
 810 0178 12020000 		.4byte	.LASF20
 811 017c 03       		.byte	0x3
 812 017d 34       		.byte	0x34
 813 017e 12       		.uleb128 0x12
 814 017f 7D010000 		.4byte	.LASF21
 815 0183 7D010000 		.4byte	.LASF21
 816 0187 03       		.byte	0x3
 817 0188 3A       		.byte	0x3a
 818 0189 12       		.uleb128 0x12
 819 018a 67020000 		.4byte	.LASF22
 820 018e 67020000 		.4byte	.LASF22
 821 0192 03       		.byte	0x3
 822 0193 37       		.byte	0x37
 823 0194 00       		.byte	0
 824              		.section	.debug_abbrev,"",%progbits
 825              	.Ldebug_abbrev0:
 826 0000 01       		.uleb128 0x1
 827 0001 11       		.uleb128 0x11
 828 0002 01       		.byte	0x1
 829 0003 25       		.uleb128 0x25
 830 0004 0E       		.uleb128 0xe
 831 0005 13       		.uleb128 0x13
 832 0006 0B       		.uleb128 0xb
 833 0007 03       		.uleb128 0x3
 834 0008 0E       		.uleb128 0xe
 835 0009 1B       		.uleb128 0x1b
 836 000a 0E       		.uleb128 0xe
 837 000b 55       		.uleb128 0x55
 838 000c 17       		.uleb128 0x17
 839 000d 11       		.uleb128 0x11
 840 000e 01       		.uleb128 0x1
 841 000f 10       		.uleb128 0x10
 842 0010 17       		.uleb128 0x17
 843 0011 00       		.byte	0
 844 0012 00       		.byte	0
 845 0013 02       		.uleb128 0x2
 846 0014 24       		.uleb128 0x24
 847 0015 00       		.byte	0
 848 0016 0B       		.uleb128 0xb
 849 0017 0B       		.uleb128 0xb
 850 0018 3E       		.uleb128 0x3e
 851 0019 0B       		.uleb128 0xb
 852 001a 03       		.uleb128 0x3
 853 001b 0E       		.uleb128 0xe
 854 001c 00       		.byte	0
 855 001d 00       		.byte	0
 856 001e 03       		.uleb128 0x3
 857 001f 24       		.uleb128 0x24
 858 0020 00       		.byte	0
 859 0021 0B       		.uleb128 0xb
 860 0022 0B       		.uleb128 0xb
 861 0023 3E       		.uleb128 0x3e
 862 0024 0B       		.uleb128 0xb
 863 0025 03       		.uleb128 0x3
 864 0026 08       		.uleb128 0x8
 865 0027 00       		.byte	0
ARM GAS  C:\Users\elias\AppData\Local\Temp\ccx0e2Ci.s 			page 37


 866 0028 00       		.byte	0
 867 0029 04       		.uleb128 0x4
 868 002a 16       		.uleb128 0x16
 869 002b 00       		.byte	0
 870 002c 03       		.uleb128 0x3
 871 002d 0E       		.uleb128 0xe
 872 002e 3A       		.uleb128 0x3a
 873 002f 0B       		.uleb128 0xb
 874 0030 3B       		.uleb128 0x3b
 875 0031 05       		.uleb128 0x5
 876 0032 49       		.uleb128 0x49
 877 0033 13       		.uleb128 0x13
 878 0034 00       		.byte	0
 879 0035 00       		.byte	0
 880 0036 05       		.uleb128 0x5
 881 0037 35       		.uleb128 0x35
 882 0038 00       		.byte	0
 883 0039 49       		.uleb128 0x49
 884 003a 13       		.uleb128 0x13
 885 003b 00       		.byte	0
 886 003c 00       		.byte	0
 887 003d 06       		.uleb128 0x6
 888 003e 13       		.uleb128 0x13
 889 003f 01       		.byte	0x1
 890 0040 0B       		.uleb128 0xb
 891 0041 0B       		.uleb128 0xb
 892 0042 3A       		.uleb128 0x3a
 893 0043 0B       		.uleb128 0xb
 894 0044 3B       		.uleb128 0x3b
 895 0045 0B       		.uleb128 0xb
 896 0046 01       		.uleb128 0x1
 897 0047 13       		.uleb128 0x13
 898 0048 00       		.byte	0
 899 0049 00       		.byte	0
 900 004a 07       		.uleb128 0x7
 901 004b 0D       		.uleb128 0xd
 902 004c 00       		.byte	0
 903 004d 03       		.uleb128 0x3
 904 004e 0E       		.uleb128 0xe
 905 004f 3A       		.uleb128 0x3a
 906 0050 0B       		.uleb128 0xb
 907 0051 3B       		.uleb128 0x3b
 908 0052 0B       		.uleb128 0xb
 909 0053 49       		.uleb128 0x49
 910 0054 13       		.uleb128 0x13
 911 0055 38       		.uleb128 0x38
 912 0056 0B       		.uleb128 0xb
 913 0057 00       		.byte	0
 914 0058 00       		.byte	0
 915 0059 08       		.uleb128 0x8
 916 005a 16       		.uleb128 0x16
 917 005b 00       		.byte	0
 918 005c 03       		.uleb128 0x3
 919 005d 0E       		.uleb128 0xe
 920 005e 3A       		.uleb128 0x3a
 921 005f 0B       		.uleb128 0xb
 922 0060 3B       		.uleb128 0x3b
ARM GAS  C:\Users\elias\AppData\Local\Temp\ccx0e2Ci.s 			page 38


 923 0061 0B       		.uleb128 0xb
 924 0062 49       		.uleb128 0x49
 925 0063 13       		.uleb128 0x13
 926 0064 00       		.byte	0
 927 0065 00       		.byte	0
 928 0066 09       		.uleb128 0x9
 929 0067 2E       		.uleb128 0x2e
 930 0068 00       		.byte	0
 931 0069 3F       		.uleb128 0x3f
 932 006a 19       		.uleb128 0x19
 933 006b 03       		.uleb128 0x3
 934 006c 0E       		.uleb128 0xe
 935 006d 3A       		.uleb128 0x3a
 936 006e 0B       		.uleb128 0xb
 937 006f 3B       		.uleb128 0x3b
 938 0070 0B       		.uleb128 0xb
 939 0071 27       		.uleb128 0x27
 940 0072 19       		.uleb128 0x19
 941 0073 20       		.uleb128 0x20
 942 0074 0B       		.uleb128 0xb
 943 0075 00       		.byte	0
 944 0076 00       		.byte	0
 945 0077 0A       		.uleb128 0xa
 946 0078 2E       		.uleb128 0x2e
 947 0079 00       		.byte	0
 948 007a 31       		.uleb128 0x31
 949 007b 13       		.uleb128 0x13
 950 007c 11       		.uleb128 0x11
 951 007d 01       		.uleb128 0x1
 952 007e 12       		.uleb128 0x12
 953 007f 06       		.uleb128 0x6
 954 0080 40       		.uleb128 0x40
 955 0081 18       		.uleb128 0x18
 956 0082 9742     		.uleb128 0x2117
 957 0084 19       		.uleb128 0x19
 958 0085 00       		.byte	0
 959 0086 00       		.byte	0
 960 0087 0B       		.uleb128 0xb
 961 0088 2E       		.uleb128 0x2e
 962 0089 01       		.byte	0x1
 963 008a 3F       		.uleb128 0x3f
 964 008b 19       		.uleb128 0x19
 965 008c 03       		.uleb128 0x3
 966 008d 0E       		.uleb128 0xe
 967 008e 3A       		.uleb128 0x3a
 968 008f 0B       		.uleb128 0xb
 969 0090 3B       		.uleb128 0x3b
 970 0091 0B       		.uleb128 0xb
 971 0092 27       		.uleb128 0x27
 972 0093 19       		.uleb128 0x19
 973 0094 11       		.uleb128 0x11
 974 0095 01       		.uleb128 0x1
 975 0096 12       		.uleb128 0x12
 976 0097 06       		.uleb128 0x6
 977 0098 40       		.uleb128 0x40
 978 0099 18       		.uleb128 0x18
 979 009a 9742     		.uleb128 0x2117
ARM GAS  C:\Users\elias\AppData\Local\Temp\ccx0e2Ci.s 			page 39


 980 009c 19       		.uleb128 0x19
 981 009d 01       		.uleb128 0x1
 982 009e 13       		.uleb128 0x13
 983 009f 00       		.byte	0
 984 00a0 00       		.byte	0
 985 00a1 0C       		.uleb128 0xc
 986 00a2 1D       		.uleb128 0x1d
 987 00a3 00       		.byte	0
 988 00a4 31       		.uleb128 0x31
 989 00a5 13       		.uleb128 0x13
 990 00a6 11       		.uleb128 0x11
 991 00a7 01       		.uleb128 0x1
 992 00a8 12       		.uleb128 0x12
 993 00a9 06       		.uleb128 0x6
 994 00aa 58       		.uleb128 0x58
 995 00ab 0B       		.uleb128 0xb
 996 00ac 59       		.uleb128 0x59
 997 00ad 0B       		.uleb128 0xb
 998 00ae 00       		.byte	0
 999 00af 00       		.byte	0
 1000 00b0 0D       		.uleb128 0xd
 1001 00b1 898201   		.uleb128 0x4109
 1002 00b4 00       		.byte	0
 1003 00b5 11       		.uleb128 0x11
 1004 00b6 01       		.uleb128 0x1
 1005 00b7 31       		.uleb128 0x31
 1006 00b8 13       		.uleb128 0x13
 1007 00b9 00       		.byte	0
 1008 00ba 00       		.byte	0
 1009 00bb 0E       		.uleb128 0xe
 1010 00bc 2E       		.uleb128 0x2e
 1011 00bd 01       		.byte	0x1
 1012 00be 31       		.uleb128 0x31
 1013 00bf 13       		.uleb128 0x13
 1014 00c0 11       		.uleb128 0x11
 1015 00c1 01       		.uleb128 0x1
 1016 00c2 12       		.uleb128 0x12
 1017 00c3 06       		.uleb128 0x6
 1018 00c4 40       		.uleb128 0x40
 1019 00c5 18       		.uleb128 0x18
 1020 00c6 9742     		.uleb128 0x2117
 1021 00c8 19       		.uleb128 0x19
 1022 00c9 01       		.uleb128 0x1
 1023 00ca 13       		.uleb128 0x13
 1024 00cb 00       		.byte	0
 1025 00cc 00       		.byte	0
 1026 00cd 0F       		.uleb128 0xf
 1027 00ce 1D       		.uleb128 0x1d
 1028 00cf 00       		.byte	0
 1029 00d0 31       		.uleb128 0x31
 1030 00d1 13       		.uleb128 0x13
 1031 00d2 52       		.uleb128 0x52
 1032 00d3 01       		.uleb128 0x1
 1033 00d4 55       		.uleb128 0x55
 1034 00d5 17       		.uleb128 0x17
 1035 00d6 58       		.uleb128 0x58
 1036 00d7 0B       		.uleb128 0xb
ARM GAS  C:\Users\elias\AppData\Local\Temp\ccx0e2Ci.s 			page 40


 1037 00d8 59       		.uleb128 0x59
 1038 00d9 0B       		.uleb128 0xb
 1039 00da 00       		.byte	0
 1040 00db 00       		.byte	0
 1041 00dc 10       		.uleb128 0x10
 1042 00dd 898201   		.uleb128 0x4109
 1043 00e0 00       		.byte	0
 1044 00e1 11       		.uleb128 0x11
 1045 00e2 01       		.uleb128 0x1
 1046 00e3 9542     		.uleb128 0x2115
 1047 00e5 19       		.uleb128 0x19
 1048 00e6 31       		.uleb128 0x31
 1049 00e7 13       		.uleb128 0x13
 1050 00e8 00       		.byte	0
 1051 00e9 00       		.byte	0
 1052 00ea 11       		.uleb128 0x11
 1053 00eb 34       		.uleb128 0x34
 1054 00ec 00       		.byte	0
 1055 00ed 03       		.uleb128 0x3
 1056 00ee 0E       		.uleb128 0xe
 1057 00ef 3A       		.uleb128 0x3a
 1058 00f0 0B       		.uleb128 0xb
 1059 00f1 3B       		.uleb128 0x3b
 1060 00f2 0B       		.uleb128 0xb
 1061 00f3 49       		.uleb128 0x49
 1062 00f4 13       		.uleb128 0x13
 1063 00f5 02       		.uleb128 0x2
 1064 00f6 18       		.uleb128 0x18
 1065 00f7 00       		.byte	0
 1066 00f8 00       		.byte	0
 1067 00f9 12       		.uleb128 0x12
 1068 00fa 2E       		.uleb128 0x2e
 1069 00fb 00       		.byte	0
 1070 00fc 3F       		.uleb128 0x3f
 1071 00fd 19       		.uleb128 0x19
 1072 00fe 3C       		.uleb128 0x3c
 1073 00ff 19       		.uleb128 0x19
 1074 0100 6E       		.uleb128 0x6e
 1075 0101 0E       		.uleb128 0xe
 1076 0102 03       		.uleb128 0x3
 1077 0103 0E       		.uleb128 0xe
 1078 0104 3A       		.uleb128 0x3a
 1079 0105 0B       		.uleb128 0xb
 1080 0106 3B       		.uleb128 0x3b
 1081 0107 0B       		.uleb128 0xb
 1082 0108 00       		.byte	0
 1083 0109 00       		.byte	0
 1084 010a 00       		.byte	0
 1085              		.section	.debug_aranges,"",%progbits
 1086 0000 34000000 		.4byte	0x34
 1087 0004 0200     		.2byte	0x2
 1088 0006 00000000 		.4byte	.Ldebug_info0
 1089 000a 04       		.byte	0x4
 1090 000b 00       		.byte	0
 1091 000c 0000     		.2byte	0
 1092 000e 0000     		.2byte	0
 1093 0010 00000000 		.4byte	.LFB0
ARM GAS  C:\Users\elias\AppData\Local\Temp\ccx0e2Ci.s 			page 41


 1094 0014 20000000 		.4byte	.LFE0-.LFB0
 1095 0018 00000000 		.4byte	.LFB1
 1096 001c 44000000 		.4byte	.LFE1-.LFB1
 1097 0020 00000000 		.4byte	.LFB2
 1098 0024 34000000 		.4byte	.LFE2-.LFB2
 1099 0028 00000000 		.4byte	.LFB3
 1100 002c 64000000 		.4byte	.LFE3-.LFB3
 1101 0030 00000000 		.4byte	0
 1102 0034 00000000 		.4byte	0
 1103              		.section	.debug_ranges,"",%progbits
 1104              	.Ldebug_ranges0:
 1105 0000 02000000 		.4byte	.LBB16
 1106 0004 1A000000 		.4byte	.LBE16
 1107 0008 22000000 		.4byte	.LBB21
 1108 000c 3A000000 		.4byte	.LBE21
 1109 0010 00000000 		.4byte	0
 1110 0014 00000000 		.4byte	0
 1111 0018 00000000 		.4byte	.LFB0
 1112 001c 20000000 		.4byte	.LFE0
 1113 0020 00000000 		.4byte	.LFB1
 1114 0024 44000000 		.4byte	.LFE1
 1115 0028 00000000 		.4byte	.LFB2
 1116 002c 34000000 		.4byte	.LFE2
 1117 0030 00000000 		.4byte	.LFB3
 1118 0034 64000000 		.4byte	.LFE3
 1119 0038 00000000 		.4byte	0
 1120 003c 00000000 		.4byte	0
 1121              		.section	.debug_line,"",%progbits
 1122              	.Ldebug_line0:
 1123 0000 CE000000 		.section	.debug_str,"MS",%progbits,1
 1123      02005C00 
 1123      00000201 
 1123      FB0E0D00 
 1123      01010101 
 1124              	.LASF24:
 1125 0000 47656E65 		.ascii	"Generated_Source\\PSoC5\\VDAC_ref_BP_PM.c\000"
 1125      72617465 
 1125      645F536F 
 1125      75726365 
 1125      5C50536F 
 1126              	.LASF16:
 1127 0028 56444143 		.ascii	"VDAC_ref_BP_backupStruct\000"
 1127      5F726566 
 1127      5F42505F 
 1127      6261636B 
 1127      75705374 
 1128              	.LASF15:
 1129 0041 64617461 		.ascii	"data_value\000"
 1129      5F76616C 
 1129      756500
 1130              	.LASF9:
 1131 004c 666C6F61 		.ascii	"float\000"
 1131      7400
 1132              	.LASF18:
 1133 0052 56444143 		.ascii	"VDAC_ref_BP_SaveConfig\000"
 1133      5F726566 
 1133      5F42505F 
ARM GAS  C:\Users\elias\AppData\Local\Temp\ccx0e2Ci.s 			page 42


 1133      53617665 
 1133      436F6E66 
 1134              	.LASF1:
 1135 0069 756E7369 		.ascii	"unsigned char\000"
 1135      676E6564 
 1135      20636861 
 1135      7200
 1136              	.LASF23:
 1137 0077 474E5520 		.ascii	"GNU C11 5.4.1 20160609 (release) [ARM/embedded-5-br"
 1137      43313120 
 1137      352E342E 
 1137      31203230 
 1137      31363036 
 1138 00aa 616E6368 		.ascii	"anch revision 237715] -mcpu=cortex-m3 -mthumb -g -O"
 1138      20726576 
 1138      6973696F 
 1138      6E203233 
 1138      37373135 
 1139 00dd 33202D66 		.ascii	"3 -ffunction-sections -ffat-lto-objects -finline-fu"
 1139      66756E63 
 1139      74696F6E 
 1139      2D736563 
 1139      74696F6E 
 1140 0110 6E637469 		.ascii	"nctions -flto\000"
 1140      6F6E7320 
 1140      2D666C74 
 1140      6F00
 1141              	.LASF5:
 1142 011e 6C6F6E67 		.ascii	"long unsigned int\000"
 1142      20756E73 
 1142      69676E65 
 1142      6420696E 
 1142      7400
 1143              	.LASF25:
 1144 0130 433A5C47 		.ascii	"C:\\Github\\Tesis\\src\\psoc\\AcondicionamientoAnal"
 1144      69746875 
 1144      625C5465 
 1144      7369735C 
 1144      7372635C 
 1145 015e 6F676963 		.ascii	"ogico.cydsn\000"
 1145      6F2E6379 
 1145      64736E00 
 1146              	.LASF3:
 1147 016a 73686F72 		.ascii	"short unsigned int\000"
 1147      7420756E 
 1147      7369676E 
 1147      65642069 
 1147      6E7400
 1148              	.LASF21:
 1149 017d 56444143 		.ascii	"VDAC_ref_BP_Enable\000"
 1149      5F726566 
 1149      5F42505F 
 1149      456E6162 
 1149      6C6500
 1150              	.LASF10:
 1151 0190 646F7562 		.ascii	"double\000"
 1151      6C6500
ARM GAS  C:\Users\elias\AppData\Local\Temp\ccx0e2Ci.s 			page 43


 1152              	.LASF26:
 1153 0197 56444143 		.ascii	"VDAC_ref_BP_Sleep\000"
 1153      5F726566 
 1153      5F42505F 
 1153      536C6565 
 1153      7000
 1154              	.LASF8:
 1155 01a9 756E7369 		.ascii	"unsigned int\000"
 1155      676E6564 
 1155      20696E74 
 1155      00
 1156              	.LASF7:
 1157 01b6 6C6F6E67 		.ascii	"long long unsigned int\000"
 1157      206C6F6E 
 1157      6720756E 
 1157      7369676E 
 1157      65642069 
 1158              	.LASF27:
 1159 01cd 56444143 		.ascii	"VDAC_ref_BP_backup\000"
 1159      5F726566 
 1159      5F42505F 
 1159      6261636B 
 1159      757000
 1160              	.LASF13:
 1161 01e0 72656738 		.ascii	"reg8\000"
 1161      00
 1162              	.LASF17:
 1163 01e5 56444143 		.ascii	"VDAC_ref_BP_RestoreConfig\000"
 1163      5F726566 
 1163      5F42505F 
 1163      52657374 
 1163      6F726543 
 1164              	.LASF6:
 1165 01ff 6C6F6E67 		.ascii	"long long int\000"
 1165      206C6F6E 
 1165      6720696E 
 1165      7400
 1166              	.LASF11:
 1167 020d 63686172 		.ascii	"char\000"
 1167      00
 1168              	.LASF20:
 1169 0212 56444143 		.ascii	"VDAC_ref_BP_Stop\000"
 1169      5F726566 
 1169      5F42505F 
 1169      53746F70 
 1169      00
 1170              	.LASF2:
 1171 0223 73686F72 		.ascii	"short int\000"
 1171      7420696E 
 1171      7400
 1172              	.LASF12:
 1173 022d 75696E74 		.ascii	"uint8\000"
 1173      3800
 1174              	.LASF19:
 1175 0233 56444143 		.ascii	"VDAC_ref_BP_Wakeup\000"
 1175      5F726566 
 1175      5F42505F 
ARM GAS  C:\Users\elias\AppData\Local\Temp\ccx0e2Ci.s 			page 44


 1175      57616B65 
 1175      757000
 1176              	.LASF4:
 1177 0246 6C6F6E67 		.ascii	"long int\000"
 1177      20696E74 
 1177      00
 1178              	.LASF14:
 1179 024f 656E6162 		.ascii	"enableState\000"
 1179      6C655374 
 1179      61746500 
 1180              	.LASF0:
 1181 025b 7369676E 		.ascii	"signed char\000"
 1181      65642063 
 1181      68617200 
 1182              	.LASF22:
 1183 0267 56444143 		.ascii	"VDAC_ref_BP_SetValue\000"
 1183      5F726566 
 1183      5F42505F 
 1183      53657456 
 1183      616C7565 
 1184              		.comm	__gnu_lto_v1,1,1
 1185              		.ident	"GCC: (GNU Tools for ARM Embedded Processors) 5.4.1 20160609 (release) [ARM/embedded-5-bran
