ARM GAS  C:\Users\elias\AppData\Local\Temp\cck02i3z.s 			page 1


   1              		.syntax unified
   2              		.cpu cortex-m3
   3              		.fpu softvfp
   4              		.eabi_attribute 20, 1
   5              		.eabi_attribute 21, 1
   6              		.eabi_attribute 23, 3
   7              		.eabi_attribute 24, 1
   8              		.eabi_attribute 25, 1
   9              		.eabi_attribute 26, 1
  10              		.eabi_attribute 30, 2
  11              		.eabi_attribute 34, 1
  12              		.eabi_attribute 18, 4
  13              		.thumb
  14              		.syntax unified
  15              		.file	"VDAC_PGA_PM.c"
  16              		.text
  17              	.Ltext0:
  18              		.section	.gnu.lto_.profile.e0505b64,"",%progbits
  19 0000 789C6361 		.ascii	"x\234ca`d`a`\000\222\205\246\000\001\201\000\261"
  19      60646061 
  19      60009285 
  19      A6000181 
  19      00B1
  20              		.text
  21              		.section	.gnu.lto_.icf.e0505b64,"",%progbits
  22 0000 789C6361 		.ascii	"x\234ca`d\000\001\035\006\004`gxr\350\351+.\3063_/m"
  22      60640001 
  22      1D060460 
  22      677872E8 
  22      E92B2EC6 
  23 0018 E6607A74 		.ascii	"\346`zt\370\306z.\346\367\033\236\036\344gy\326\370"
  23      F8C67A2E 
  23      E6F71B9E 
  23      1EE46779 
  23      D6F8
  24 002a ED3D376B 		.ascii	"\355=7k\337\214\273\347\230\331\316\365-\\\300\313\000"
  24      DF8CBBE7 
  24      98D9CEF5 
  24      2D5CC0CB 
  24      00
  25 003b 0013EA16 		.ascii	"\000\023\352\026z"
  25      7A
  26              		.text
  27              		.section	.gnu.lto_.jmpfuncs.e0505b64,"",%progbits
  28 0000 789C6361 		.ascii	"x\234ca`d\000\001Y\006\004`\003b&(ff``\001R\254Pa\006"
  28      60640001 
  28      59060460 
  28      03622628 
  28      66666060 
  29 001a 06000794 		.ascii	"\006\000\007\224\000?"
  29      003F
  30              		.text
  31              		.section	.gnu.lto_.inline.e0505b64,"",%progbits
  32 0000 789C6361 		.ascii	"x\234ca`d\000\201\251\014\010\300\306\300\300\315\305"
  32      60640081 
  32      A90C08C0 
  32      C6C0C0CD 
ARM GAS  C:\Users\elias\AppData\Local\Temp\cck02i3z.s 			page 2


  32      C5
  33 0011 C8C024D0 		.ascii	"\310\300$\320P\313\300\266@\236\011$\306\304\300.\001"
  33      50CBC0B6 
  33      409E0924 
  33      C6C4C02E 
  33      01
  34 0022 1462BAC0 		.ascii	"\024b\272\300\017\027b\344\002\211s\003\031\023\374"
  34      0F1762E4 
  34      02897303 
  34      1913FC
  35 0031 981938D9 		.ascii	"\230\0318\331\201\322<'\002\341\322,\014|<@!\221\005"
  35      81D23C27 
  35      02E1D22C 
  35      0C7C3C40 
  35      219105
  36 0044 05A83A58 		.ascii	"\005\250:X\031\004\304\200\342\0227\3463\242J\2601p"
  36      1904C480 
  36      E21237E6 
  36      33A24AB0 
  36      3170
  37 0056 080225D8 		.ascii	"\010\002%\330>\350\241\212\203\011\006\000\211\032\016"
  37      3EE8A18A 
  37      83090600 
  37      891A0E
  38 0065 1C       		.ascii	"\034"
  39              		.text
  40              		.section	.gnu.lto_.pureconst.e0505b64,"",%progbits
  41 0000 789C6361 		.ascii	"x\234ca`d\340e```c\220b\222b\226b\221b\225b\223\000"
  41      6064E065 
  41      60606063 
  41      90629262 
  41      96629162 
  42 0018 0005B100 		.ascii	"\000\005\261\000\307"
  42      C7
  43              		.text
  44              		.section	.gnu.lto_VDAC_PGA_RestoreConfig.part.0.e0505b64,"",%progbits
  45 0000 789C8D52 		.ascii	"x\234\215R\317KTQ\024\276\337=\367\215\203\226\364\007"
  45      CF4B5451 
  45      14BEDF3D 
  45      F78D8396 
  45      F407
  46 0012 18B48970 		.ascii	"\030\264\211p\241\256\372\003\304\320U4$\264\022\206"
  46      A1AEFA03 
  46      C4D05534 
  46      24B41286 
  47 0022 B0D92648 		.ascii	"\260\331&Hm\332\314}3>lZ\204\0335\214\230\245?*\177"
  47      6DDACC7D 
  47      333E6C5A 
  47      841B358C 
  47      98A53F2A 
  48 0037 368E931B 		.ascii	"6\216\223\033\035J,*W\265i\221E\274\205$\315\200R\204"
  48      1D4A2C2A 
  48      57B56991 
  48      45BC8524 
  48      CD805284 
  49 004b 3A9D73DF 		.ascii	":\235s\337\030\256\244\013\357\234\373\316=\347;\337"
  49      18AEA40B 
ARM GAS  C:\Users\elias\AppData\Local\Temp\cck02i3z.s 			page 3


  49      EF9CFBCE 
  49      3DE73BDF 
  50 005b F9EE350A 		.ascii	"\371\3565\012J\226\257\225\272\304\276\215?x\012f\344"
  50      4A96AF95 
  50      BAC4BE8D 
  50      3F780A66 
  50      E4
  51 006c 036F0CB4 		.ascii	"\003o\014\264\363\032$\336\217\023 \033\033\207J\033"
  51      F31A24DE 
  51      8F13201B 
  51      1B874A1B 
  52 007c 4D48635F 		.ascii	"MHc_\037j\224\207\303\222n\235\264\274\266\203<\331"
  52      1F6A9487 
  52      C3926E9D 
  52      B4BCB683 
  52      3CD9
  53 008e A93504A4 		.ascii	"\2515\004\244TM;l\205I\264*N\373\266p4z66$i\027\242"
  53      544D3B6C 
  53      8549B42A 
  53      4EFBB670 
  53      347A3636 
  54 00a6 434C2126 		.ascii	"CL!&\004\346\256[[\253e\355\310\3173h\204\012\010Z\014"
  54      04E6AE5B 
  54      5BAB65ED 
  54      C8CF3368 
  54      840A085A 
  55 00bb 8931623C 		.ascii	"\2111b<1JU\270H\010T\264\021OU\255\235\017Q\376\363"
  55      314A55B8 
  55      480854B4 
  55      114F55AD 
  55      9D0F51FE 
  56 00d0 E0D3A37B 		.ascii	"\340\323\243{\202\227%p\257\261\240\274\325\260\247"
  56      82972570 
  56      AFB1A0BC 
  56      D5B0A7
  57 00df 03D290D6 		.ascii	"\003\322\220\326\205\331\357\233\365\337\361\202o\015"
  57      85D9EF9B 
  57      F5DFF182 
  57      6F0D
  58 00ed 87726F96 		.ascii	"\207ro\226\256\345\361\304\037\362\355\271\200\0103"
  58      AEE5F1C4 
  58      1FF2EDB9 
  58      800833
  59 00fc 68C1345A 		.ascii	"h\3014Z\230\324S\344\241Bd\017b\021\236\216 \037\177"
  59      98D453E4 
  59      A142640F 
  59      62119E8E 
  59      201F7F
  60 010f D90D9B05 		.ascii	"\331\015\233\005\203\360\013x\306\251\334v\014\222s"
  60      83F00B78 
  60      C6A9DC76 
  60      0C9273
  61 011e 2ADC7386 		.ascii	"*\334s\206c\020\316\316\274\254\276^o\212@\351$I\343"
  61      6310CECE 
  61      BCACBE5E 
  61      6F8A40E9 
  61      2449E3
ARM GAS  C:\Users\elias\AppData\Local\Temp\cck02i3z.s 			page 4


  62 0131 48964A3F 		.ascii	"H\226J?>7\244\017\355}+\020&\307\022Jx\347\335\307W"
  62      3E37A40F 
  62      ED7D2B10 
  62      26C7124A 
  62      78E7DDC7 
  63 0146 8D026D5D 		.ascii	"\215\002m]\334\303\034\353>+\320|\370pe>\027\357h\013"
  63      DCC31CEB 
  63      3E2BD07C 
  63      F870653E 
  63      17EF680B 
  64 015a 288679EE 		.ascii	"(\206y\356s\344$\307\002:\034\271\257\347\353\354\212"
  64      73E424C7 
  64      023A1CB9 
  64      AFE7EBEC 
  64      8A
  65 016b BB1BC3CD 		.ascii	"\273\033\303\315\321\374\231b4\377\373\305\355-\357"
  65      D1FC9962 
  65      34FFFBC5 
  65      ED2DEF
  66 017a 24E3C57F 		.ascii	"$\343\305\177\214\227\034cRN\326\360X\326\323E{Q\027"
  66      8C971C63 
  66      524ED6F0 
  66      58D6D345 
  66      7B5117
  67 018d ED775D34 		.ascii	"\355w]4/*\230X\335{\353Ic \216\302\177k\266\354\030"
  67      2F2A9858 
  67      DD7BEB49 
  67      63208EC2 
  67      7F6BB6EC 
  68 01a2 783C4B55 		.ascii	"x<KU\223\273\342\035d\326\212\335R\350\336T\205\357"
  68      93BBE21D 
  68      64D68ADD 
  68      52E8DE54 
  68      85EF
  69 01b4 95C33CEE 		.ascii	"\225\303<\356\305\236\324\355\324\340\315;\251[\311"
  69      C59ED4ED 
  69      D4E0CD3B 
  69      A95BC9
  70 01c3 DE81BB83 		.ascii	"\336\201\273\203\375\251\276D\357@\327\345\276\033W"
  70      FDA9BE44 
  70      EF40D7E5 
  70      BE1B57
  71 01d2 3ABB9289 		.ascii	":\273\222\211\236\316d\342j{\277\372\0132z\341\017"
  71      9ECE64E2 
  71      6A7BBFFA 
  71      0B327AE1 
  71      0F
  72              		.text
  73              		.section	.gnu.lto_VDAC_PGA_Wakeup.part.1.e0505b64,"",%progbits
  74 0000 789C6D50 		.ascii	"x\234mP=HBQ\030\275\347\273\367\251CEK\233CK\204CAC"
  74      3D484251 
  74      18BDE7BB 
  74      F7A94345 
  74      4B9B434B 
  75 0018 6B200642 		.ascii	"k \006B\020HB\223 aoM\220\232\337}\352\303hr\251-\034"
  75      10484293 
  75      20616F4D 
ARM GAS  C:\Users\elias\AppData\Local\Temp\cck02i3z.s 			page 5


  75      909ADF7D 
  75      EAC36872 
  76 002f 1CEC97A8 		.ascii	"\034\354\227\250E\334\304\241!(in\221\006\221(\320\250"
  76      45DCC4A1 
  76      2128696E 
  76      91069128 
  76      D0A8
  77 0041 25B0D777 		.ascii	"%\260\327w\237k\037\\\316\275\337=\3379\347^% L\255"
  77      9F6B1F5C 
  77      CEBDDF3D 
  77      DF39E75E 
  77      25204CAD 
  78 0055 312C322E 		.ascii	"1,2.\361\202%\240\252O\274Q\240\000\011\322\240\033"
  78      F18225A0 
  78      AA4FBC51 
  78      A00009D2 
  78      A01B
  79 0067 9180D9E8 		.ascii	"\221\200\331\350\010\204\243H\302\3017\215\011\235J"
  79      0884A348 
  79      C2C1378D 
  79      099D4A
  80 0076 BF45B186 		.ascii	"\277E\261\206\346\352y\365\025}\326\206'\205\360)\320"
  80      E6EA79F5 
  80      157DD686 
  80      2785F029 
  80      D0
  81 0087 16682026 		.ascii	"\026h &\230\366z\373{<\035*\033\332\374\344\022g\010"
  81      98F67AFB 
  81      7B3C1D2A 
  81      1BDAFCE4 
  81      126708
  82 009a 9900375B 		.ascii	"\231\0007[Z\373~IW\353s\260 <\311\315!\023\214\331\220"
  82      5AFB7E49 
  82      57EB73B0 
  82      203CC9CD 
  82      21138CD9 
  83 00af 94413922 		.ascii	"\224A9\"\012p\200R\273\3710eF\215h\253\365\376\022v"
  83      0A708052 
  83      BBF93065 
  83      468D68AB 
  83      F5FE1276 
  84 00c3 C6FA50EB 		.ascii	"\306\372P\353YO\222O<\212s8,\"E\037\235\237\243\317"
  84      594F924F 
  84      3C8A7338 
  84      2C22451F 
  84      9D9FA3CF 
  85 00d7 98E19624 		.ascii	"\230\341\226$\230}\342u\272\341/\362\244\202\031n~\334"
  85      987DE275 
  85      BAE12FF2 
  85      A482196E 
  85      7EDC
  86 00e9 576626C7 		.ascii	"Wf&\307b\323\325\212[\217w\275\256U\303\251[v\215\240"
  86      62D3D58A 
  86      5B8F77BD 
  86      AE55C3A9 
  86      5B768DA0 
  87 00fd 854B4471 		.ascii	"\205KDq\201(\253^\241\0061\340_\371\327:\344s@\201k"
ARM GAS  C:\Users\elias\AppData\Local\Temp\cck02i3z.s 			page 6


  87      8128AB5E 
  87      A10631E0 
  87      5FF9D73A 
  87      E4734081 
  88 0112 B6662F4F 		.ascii	"\266f/O\206\371]#\222A\3467\024\333\317\033\301\234"
  88      86F95D23 
  88      9241E637 
  88      14DBCF1B 
  88      C19C
  89 0124 A92187E4 		.ascii	"\251!\207\3446\323\027\222\366\236]\330\331\267w\263"
  89      36D31792 
  89      F69E5DD8 
  89      D9B777B3 
  90 0134 E9FC4121 		.ascii	"\351\374A!ggR\351|b5\263\275\036OdS\311x6\265\271\234"
  90      676752E9 
  90      7C6235B3 
  90      BD1E4F64 
  90      53C97836 
  91 014b 137F9079 		.ascii	"\023\177\220y|T"
  91      7C54
  92              		.text
  93              		.section	.gnu.lto_VDAC_PGA_SaveConfig.e0505b64,"",%progbits
  94 0000 789C4D91 		.ascii	"x\234M\221OK[A\024\305\357\231y/I\245\221~\000\0217"
  94      4F4B5B41 
  94      14C5EF99 
  94      792F49A5 
  94      917E0011 
  95 0015 6D716336 		.ascii	"mqc6\372\001D\321\225\020\024\272\022Bk\263\255(v\235"
  95      FA0144D1 
  95      951014BA 
  95      12426BB3 
  95      AD28769D 
  96 0029 495E1ED6 		.ascii	"I^\036\326.D\020S(\210\270\220h5M\264\2134\320E\010"
  96      2E441053 
  96      2888B890 
  96      68354DB4 
  96      8B34D045 
  97 003e D255D58D 		.ascii	"\322U\325\215nZ\012j1\013\377\200\202]\264h\322{\337"
  97      6E5A0A6A 
  97      310BFF80 
  97      825DB468 
  97      D27BDF
  98 0051 8076E0CD 		.ascii	"\200v\340\315\314\273s\346\236\337\275\343\020H\306"
  98      CCBB73E6 
  98      9EDFBDE3 
  98      1048C6
  99 0060 192F4F79 		.ascii	"\031/Oy\355\346\017.A\315\355\022\245#J\351\375\030"
  99      EDE60F2E 
  99      41CDED12 
  99      A5234AE9 
  99      FD18
 100 0072 9916E74B 		.ascii	"\231\026\347K;\231\207\032\216\015;\200lL\004\224R\332"
 100      3B99871A 
 100      8E0D3B80 
 100      6C4C0494 
 100      52DA
 101 0084 410ABFD5 		.ascii	"A\012\277\325\255Bm\272^Q\235y\303\343pe^\233\325*|"
ARM GAS  C:\Users\elias\AppData\Local\Temp\cck02i3z.s 			page 7


 101      AD426DBA 
 101      5E519D79 
 101      C3E37065 
 101      5E9BD52A 
 102 0099 4DD45481 		.ascii	"M\324T\201\005!\217Nb\331\361fc!\032\312\212\254\303"
 102      05218F4E 
 102      62D9F166 
 102      63211ACA 
 102      8AACC3
 103 00ac 1E621521 		.ascii	"\036b\025!\341(\016WM\263\351\231\352\242{\241\302\212"
 103      E1280E57 
 103      4DB3E999 
 103      EAA27BA1 
 103      C28A
 104 00be 7C7694C9 		.ascii	"|v\224\311\225\211\350\222\265\342{\245\224\254\272"
 104      9589E892 
 104      B5E27BA5 
 104      94ACBA
 105 00cd 8EDADFB7 		.ascii	"\216\332\337\267\215m-\327=\355p\352\234_\333\013_+"
 105      8D6D2DD7 
 105      3DED70EA 
 105      9C5FDB0B 
 105      5F2B
 106 00df 5F2B8853 		.ascii	"_+\210S\366\370g.j\177\327Ji\023(\336\025\362z\011\213"
 106      F6F8672E 
 106      6A7FD74A 
 106      691328DE 
 106      15F27A09 
 107 00f4 E92CB369 		.ascii	"\351,\263i|@\033\326\320\306\010\353X\002\325\341\335"
 107      7C401BD6 
 107      D0C608EB 
 107      5802D5E1 
 107      DD
 108 0105 0C90A795 		.ascii	"\014\220\247\225Mw\265\363\376W\253\334\007:\260\301"
 108      4D77B5F3 
 108      FE57ABDC 
 108      073AB0C1 
 109 0115 B22364BF 		.ascii	"\262#d\277{/\254\237T\\<\257\374\211Z\001\241 yH\360"
 109      7B2FAC9F 
 109      545C3CAF 
 109      FC895A01 
 109      A1207948 
 110 012a 34EDC72C 		.ascii	"4\355\307,\335\356\311\003\253vY]\276\370:\335jq2e\213"
 110      DDEEC903 
 110      AB76595D 
 110      BEF83ADD 
 110      6A713265 
 111 013f B3B375B8 		.ascii	"\263\263u\270\347\336\343|\274\303)Z\234Ln\371\211$"
 111      E7DEE37C 
 111      BCC3295A 
 111      9C4C6EF9 
 111      8924
 112 0151 F8BF3627 		.ascii	"\370\2776'\250\255R9\377\021N\335\2327\306<\342\330"
 112      A8AD5239 
 112      FF114EDD 
 112      9A37C63C 
 112      E2D8
ARM GAS  C:\Users\elias\AppData\Local\Temp\cck02i3z.s 			page 8


 113 0163 0C375AC2 		.ascii	"\0147Z\302\247\337\016\266[$\241\011\342.6\371uJ\222"
 113      A7DF0EB6 
 113      5B24A109 
 113      E22E36F9 
 113      754A92
 114 0176 920F673F 		.ascii	"\222\017g?\227f\"\261\202t\336L\370:\204-vi\004\317"
 114      976622B1 
 114      8274DE4C 
 114      F83A842D 
 114      766904CF 
 115 018a 834F8831 		.ascii	"\203O\2101e\200\357\004\335=E\246Zv\305<\250\352\222"
 115      6580EF04 
 115      DD3D45A6 
 115      5A76C53C 
 115      A8EA92
 116 019d 5BCA6116 		.ascii	"[\312a\026?\036L\276JN>\237J\276L\214\214\277\236\034"
 116      3F1E4CBE 
 116      4A4E3E9F 
 116      4ABE4C8C 
 116      8CBF9E1C 
 117 01b1 4B8EC647 		.ascii	"K\216\306G\306\373zF\237\365\367\366%\342\203\275\211"
 117      C6FB7A46 
 117      9FF5F7F6 
 117      25E283BD 
 117      89
 118 01c2 F850D718 		.ascii	"\370P\327\030\375\003\3542\267\213"
 118      FD03EC32 
 118      B78B
 119              		.text
 120              		.section	.gnu.lto_VDAC_PGA_RestoreConfig.e0505b64,"",%progbits
 121 0000 789C6552 		.ascii	"x\234eRMh\023A\024~ofv\263\304\244\024\317\255\364\""
 121      4D681341 
 121      147E6F66 
 121      76B3C4A4 
 121      14CFADF4 
 122 0015 D283E6E4 		.ascii	"\322\203\346\344EO\245\322^\024\203\005O\205\2405\327"
 122      454FA5D2 
 122      5E148305 
 122      4F85A035 
 122      D7
 123 0026 168A9E33 		.ascii	"\026\212\2363\311f\251\361 ^L\245 \271\010i\3256Ik\214"
 123      C966A9F1 
 123      205E4CA5 
 123      20B90869 
 123      D536496B 
 124 003b 510F3148 		.ascii	"Q\0171H\375k\355\245^,B[%Hi\241\205*\370\323\306\367"
 124      FD6BEDA5 
 124      5E2C425B 
 124      254869A1 
 124      852AF8D3 
 125 0051 76A4061C 		.ascii	"v\244\006\034\330\367vg\276\367\276\357};\012\020x\335"
 125      D8F77667 
 125      BEF7BEEF 
 125      7D3B0A10 
 125      78DD
 126 0063 1300C728 		.ascii	"\023\000\307(\237\245\007\003\200\342\326{\200\244#"
 126      9FA50703 
ARM GAS  C:\Users\elias\AppData\Local\Temp\cck02i3z.s 			page 9


 126      80E2D67B 
 126      80A423
 127 0072 845C8E80 		.ascii	"\204\\\216\200\016\332\317\217\200\016I\2418\007-\336"
 127      0EDACF8F 
 127      800E49A1 
 127      38072DDE 
 128 0082 0B29B419 		.ascii	"\013)\264\031\204\226\311I\307F\344\027\355 $\204T\226"
 128      8496C949 
 128      C746E417 
 128      ED202484 
 128      5496
 129 0094 8D09FC26 		.ascii	"\215\011\374&\366\004\326\307\032U\321\235\327\264V"
 129      F604D6C7 
 129      1A55D19D 
 129      D7B456
 130 00a3 BD9CD493 		.ascii	"\275\234\324\2235\364$@S\370\324\200y\354\006\202\255"
 130      35F42440 
 130      53F8D480 
 130      79EC0682 
 130      AD
 131 00b4 97F66F87 		.ascii	"\227\366o\207\3554\303\272\314!N\242\315\372\012\027"
 131      ED34C3BA 
 131      CC214EA2 
 131      CDFA0A17 
 132 00c4 6ABAD974 		.ascii	"j\272\331tu\355\227\265\025\012\"x\022%\007\305\301"
 132      75ED97B5 
 132      150A2278 
 132      122507C5 
 132      C1
 133 00d5 E2E07000 		.ascii	"\342\340p\000\330\246*\326\260#\004g\331\300\372\317"
 133      D8A62AD6 
 133      B0230467 
 133      D9C0FACF 
 134 00e5 1BDF5F49 		.ascii	"\033\337_In\344JI$Y\257\276\024\330\025\236\024\310"
 134      6EE44A49 
 134      2459AFBE 
 134      14D8159E 
 134      14C8
 135 00f7 9CE9F54F 		.ascii	"\234\351\365O\331\260\371\234*&\265b\304\370t^\346\360"
 135      D9B0F99C 
 135      2A26B562 
 135      C4F8745E 
 135      E6F0
 136 0109 6E324D2A 		.ascii	"n2M*%\336\307\016\234\302\016\022\363\000s\010\015t"
 136      25DEC70E 
 136      9CC20E12 
 136      F3007308 
 136      0D74
 137 011b 7FF7812B 		.ascii	"\177\367\201+\321\264\333Y\234\370\334\306\365\210]"
 137      D1B4DB59 
 137      9CF8DCC6 
 137      F5885D
 138 012a F890606B 		.ascii	"\370\220`k\230\376\350^6|H\200\302f\365G\330\000\000"
 138      98FEE85E 
 138      367C4880 
 138      C266F547 
 138      D80000
ARM GAS  C:\Users\elias\AppData\Local\Temp\cck02i3z.s 			page 10


 139 013d A7B90FB0 		.ascii	"\247\271\017\260<\011\313\021\243n\376\316)\203\266"
 139      3C09CB11 
 139      A36EFECE 
 139      2983B6
 140 014c 085D9EF9 		.ascii	"\010]\236\371\362\372\257\272\361\262\221\223y3w\376"
 140      F2FAAFBA 
 140      F1B29193 
 140      793377FE 
 141 015c 9F9A9903 		.ascii	"\237\232\231\0035\205V5\312\224O<\333}k\0312\007\213"
 141      35855635 
 141      CA944F3C 
 141      DB7D6B19 
 141      32078B
 142 016f 46CD8A3B 		.ascii	"F\315\212;l\372\253\026z\005\357\016\313\257\350\266"
 142      6CFAAB16 
 142      7A05EF0E 
 142      CBAFE8B6 
 143 017f F311FB50 		.ascii	"\363\021\373P\255n\256\004\022{\372\272\326\355\236"
 143      AD6EAE04 
 143      127BFABA 
 143      D6ED9E
 144 018e 544D7207 		.ascii	"TMr\007\260\204\011\262\325\362+,\310t\222\340\324\323"
 144      B08409B2 
 144      D5F22B2C 
 144      C87492E0 
 144      D4D3
 145 01a0 D2C28B43 		.ascii	"\322\302\213C\246\241\323j\247\215\377\267\2613\364"
 145      A6A1D36A 
 145      A78DFFB7 
 145      B133F4
 146 01af 97797B63 		.ascii	"\227y{c\341\303\313 \017\241\375\375\000\316\321\325"
 146      E1C3CB20 
 146      0FA1FDFD 
 146      00CED1D5 
 147 01bf 98653574 		.ascii	"\230e5tx\363I1\343D\216{\322\301G4\323\276\177+\260"
 147      78F34931 
 147      E3448E7B 
 147      D2C14734 
 147      D3BE7F2B 
 148 01d4 8C119AAE 		.ascii	"\214\021\232\256\236]\353d2\202U\266\346\307\332\214"
 148      9E5DEB64 
 148      328255B6 
 148      E6C7DA8C 
 149 01e4 35A98AB1 		.ascii	"5\251\212\261fqvu\311\362\275\241\306\247\201\375y|"
 149      66717675 
 149      C9F2BDA1 
 149      C6A781FD 
 149      797C
 150 01f6 E04F857A 		.ascii	"\340O\205z\221F_\274\355_\206\015L\325*}\376\304\274"
 150      91465FBC 
 150      ED5F860D 
 150      4CD52A7D 
 150      FEC4BC
 151 0209 B66946DA 		.ascii	"\266iF\332&\272\243\375\361\341\370\350\245\253\361"
 151      26BAA3FD 
 151      F1E1F8E8 
 151      A5ABF1
ARM GAS  C:\Users\elias\AppData\Local\Temp\cck02i3z.s 			page 11


 152 0218 2BB18191 		.ascii	"+\261\201\221k\243C\361\301\350\300H\357\311\301\213"
 152      6BA343F1 
 152      C1E8C048 
 152      EFC9C18B 
 153 0228 677A7A63 		.ascii	"gzzc\321\376\236X\364\334\211!\370\003d\335\363\015"
 153      D1FE9E58 
 153      F4DC8921 
 153      F80364DD 
 153      F30D
 154              		.text
 155              		.section	.gnu.lto_VDAC_PGA_Sleep.e0505b64,"",%progbits
 156 0000 789C9592 		.ascii	"x\234\225\222MO\023Q\024\206\357{\357t\246-\026\375"
 156      4D4F1351 
 156      1486EF7B 
 156      EF74A62D 
 156      16FD
 157 0012 0184B051 		.ascii	"\001\204\260Q\302\306\272\361\007\020\214\254L\210$"
 157      C2C6BAF1 
 157      07108CAC 
 157      4C8824
 158 0021 BA212106 		.ascii	"\272!!\006\273\225Ht\335i\247M\301\005\301\205\325\020"
 158      BB954874 
 158      DD69A74D 
 158      C105C185 
 158      D510
 159 0033 0C7105A8 		.ascii	"\014q\005\250HA\021*\010\245!\272\341#$\340Bb\202\030"
 159      4841112A 
 159      08A521BA 
 159      E12324E0 
 159      42628218 
 160 0047 1A432096 		.ascii	"\032C \226\010\013?\240\2363Wj\325\204\350Mzgz\316\231"
 160      080B3FA0 
 160      9E33576A 
 160      D584E84D 
 160      7A677ACE 
 161 005c F3BEF73C 		.ascii	"\363\276\367<\327\020\020\274V\225\020\325\364\274L"
 161      D71010BC 
 161      569510D5 
 161      F4BC4C
 162 006b 3F780564 		.ascii	"?x\005d\327\202\020\021\257\224\252\275Z\330~\203\367"
 162      D7821011 
 162      AF94AABD 
 162      5AD87E83 
 162      F7
 163 007c 630A1E1D 		.ascii	"c\012\036\0356\016_<\322\\\016R\336\232\254\244\274"
 163      360E5F3C 
 163      D25C0E52 
 163      DE9AACA4 
 163      BC
 164 008d 094B872D 		.ascii	"\011K\207-\200_l/DX*\303cZ\010cO\356Kd\023\271\264\254"
 164      805F6C2F 
 164      44582AC3 
 164      635A0863 
 164      4FEE4B64 
 165 00a5 E9B369AD 		.ascii	"\351\263i\255m|:c\367g\020'\351\202t]\010\364\241FP"
 165      6D7C3A63 
 165      F7671027 
ARM GAS  C:\Users\elias\AppData\Local\Temp\cck02i3z.s 			page 12


 165      E982745D 
 165      08F4A146 
 166 00ba D9FAF0C1 		.ascii	"\331\372\360\301\235\200\031\343\262*\235D?L\266:t1"
 166      9D8019E3 
 166      B22A9D44 
 166      3F4CB63A 
 166      7431
 167 00cc 63170A8E 		.ascii	"c\027\012\216\235\271m\315LY\001)\342\012\006o>\336"
 167      9DB96DCD 
 167      4C590129 
 167      E20A066F 
 167      3EDE
 168 00de FCBC95F1 		.ascii	"\374\274\225\361&D\236>c\027;R\362S\345\220\375z\353"
 168      26449E3E 
 168      63173B52 
 168      F253E590 
 168      FD7AEB
 169 00f1 4D4F17B8 		.ascii	"MO\027\270\225\243\014\222I\306\263\213\326\256\214"
 169      95A30C92 
 169      49C6B38B 
 169      D6AE8C
 170 0100 2B0956DD 		.ascii	"+\011V\335[\271\327\246\377\365'\"6\027t\177\316\317"
 170      5BB9D7A6 
 170      FFF52722 
 170      3617747F 
 170      CECF
 171 0112 1CEFC5FD 		.ascii	"\034\357\305\375H\214l*<D\005\006PAn\036\241\027\"\007"
 171      488C6C2A 
 171      3C440506 
 171      50416E1E 
 171      A1172207 
 172 0126 E7FB79E1 		.ascii	"\347\373y\341(\251\273-\305R=\212\277\007\014<\246\262"
 172      28A9BB2D 
 172      C5523D8A 
 172      BF070C3C 
 172      A6B2
 173 0138 F788AD3A 		.ascii	"\367\210\255:\225Z\216\017?\264\225\376\022\320\005"
 173      955A8E0F 
 173      3FB495FE 
 173      12D005
 174 0147 0283DC47 		.ascii	"\002\203\334G\260=%\332\253\311]t7\237[\362qu\2513\303"
 174      B03D25DA 
 174      ABC95D74 
 174      379F5BF2 
 174      7175A933 
 175 015c 75964E6F 		.ascii	"u\226No\255Z\341}\273\335\266OP\254\203F\306\341\315"
 175      AD5AE17D 
 175      BBDDB64F 
 175      50AC8346 
 175      C6E1CD
 176 016f B995593F 		.ascii	"\271\225Y?\333\263\335\270\007C4\347'\334\230\222\235"
 176      DBB3DDB8 
 176      074334E7 
 176      27DC9892 
 176      9D
 177 0180 E3A90E6F 		.ascii	"\343\251\016op\220gh_\217+\023)\362|\340\016\032\303"
 177      70906768 
ARM GAS  C:\Users\elias\AppData\Local\Temp\cck02i3z.s 			page 13


 177      5F8F2B13 
 177      29F27CE0 
 177      0E1AC3
 178 0193 0852C568 		.ascii	"\010R\305hbn\330\317\"&\200\021\327\317\2164\016\335"
 178      626ED8CF 
 178      22268011 
 178      D7CF8E34 
 178      0EDD
 179 01a5 A4B68B6E 		.ascii	"\244\266\213n\376U\376\351Q\362\317~\311\217\272\362"
 179      FE55FEE9 
 179      51F2CF7E 
 179      C98FBAF2 
 180 01b5 C5331258 		.ascii	"\3053\022X<\377)\357qY}\204\223\231x-Y\376\357\343["
 180      3CFF29EF 
 180      71597D84 
 180      9399782D 
 180      59FEEFE3 
 181 01ca 05C22530 		.ascii	"\005\302%0\2060\201\366\012\227\353\301\254\372\375"
 181      863081F6 
 181      0A97EBC1 
 181      ACFAFD
 182 01d9 DAD8DF3A 		.ascii	"\332\330\337:=\356\245)\020\376?o\024\306\251\257@\232"
 182      3DEEA529 
 182      10FE3F6F 
 182      14C6A9AF 
 182      409A
 183 01eb C1F82819 		.ascii	"\301\370(\031[\177\227\014h\362\003)M>yw\260O\271\344"
 183      5B7F970C 
 183      68F20329 
 183      4D3E7977 
 183      B04FB9E4 
 184 01ff 23ACA9F0 		.ascii	"#\254\251\360\242\310~\242\224\275_w\330\231\357\376"
 184      A2C87EA2 
 184      94BD5F77 
 184      D899EFFE 
 185 020f 50AED156 		.ascii	"P\256\321VaR\263\177\353Lg\241E\374%\270M\261\034\324"
 185      6152B37F 
 185      EB4C67A1 
 185      45FC25B8 
 185      4DB11CD4 
 186 0223 977161C3 		.ascii	"\227qa\303\247\323e\324al\373U\242\\{\210\216i\017\363"
 186      A7D365D4 
 186      616CFB55 
 186      A25C7B88 
 186      8E690FF3 
 187 0237 236B8B9E 		.ascii	"#k\213\236R\017/\213\036\246\264\207h\362\301)n\361"
 187      520F2F8B 
 187      1EA6B487 
 187      68F2C129 
 187      6EF1
 188 0249 1F8CA68F 		.ascii	"\037\214\246\217b\224q\031A\017\0103\010\2227\327\264"
 188      62947119 
 188      410F0833 
 188      089237D7 
 188      B4
 189 025a E562D944 		.ascii	"\345b\331D43]\357R\341\225\247J\012\023\323\223\365"
 189      34335DEF 
ARM GAS  C:\Users\elias\AppData\Local\Temp\cck02i3z.s 			page 14


 189      52E195A7 
 189      4A0A13D3 
 189      93F5
 190 026c A16BA1B6 		.ascii	"\241k\241\266+7BW\233\033[o\266\265\204\232\032\032"
 190      2B374257 
 190      9B1B5B6F 
 190      B6B5849A 
 190      1A1A
 191 027e 5BEBCE36 		.ascii	"[\353\3166]:W[\327\334P_\333\334p\341t\213\370\001\214"
 191      5D3A575B 
 191      D7DC505F 
 191      DBDC70E1 
 191      748BF801 
 192 0293 B76795   		.ascii	"\267g\225"
 193              		.text
 194              		.section	.gnu.lto_VDAC_PGA_Wakeup.e0505b64,"",%progbits
 195 0000 789C6D8F 		.ascii	"x\234m\217\277KBQ\024\307\317\271\367\251\017)\364\017"
 195      BF4B4251 
 195      14C7CFB9 
 195      F7A90F29 
 195      F40F
 196 0012 88688970 		.ascii	"\210h\211p(\211h\015\304@\010\002Ih\022$\3145Aj\315"
 196      2889680D 
 196      C4400802 
 196      49681224 
 196      CC35416A 
 197 0027 ABCF57B9 		.ascii	"\253\317W\271DK-!\016\015\332O\023\032\262\351%b \322"
 197      444B2D21 
 197      0E0DDA4F 
 197      131AB2E9 
 197      256220D2 
 198 003b 8FA1A596 		.ascii	"\217\241\245\226j\220\220\006\213\032\365u\356kh\250"
 198      6A909006 
 198      8B1AF575 
 198      EE6B68A8 
 199 004b 039703DF 		.ascii	"\003\227\003\337\363\375\336s>\012 \310Z\2456B}\202"
 199      F3FDDE73 
 199      3E0A20C8 
 199      5AA53642 
 199      7D82
 200 005d 1EDA00D9 		.ascii	"\036\332\000\331\3265@Je\214\327] \234Jc\012D\037GE"
 200      D635404A 
 200      658CD75D 
 200      209C4A63 
 200      0A441F47 
 201 0072 CAA820CA 		.ascii	"\312\250 \312.T\204$\343\012&\361\213u\031V\327[\025"
 201      2E548424 
 201      E30A26F1 
 201      8B751956 
 201      D75B15
 202 0085 E62908AA 		.ascii	"\346)\010\252'}o\\\024\015\3249\200\311\254\015\200"
 202      277D6F5C 
 202      140DD439 
 202      80C9AC0D 
 202      80
 203 0096 05F400D9 		.ascii	"\005\364\000\331^\312\275\355~{F\332\206~\206XD\273"
 203      5ECABDED 
ARM GAS  C:\Users\elias\AppData\Local\Temp\cck02i3z.s 			page 15


 203      7E7B46DA 
 203      867E8658 
 203      44BB
 204 00a8 3CA33467 		.ascii	"<\2434g\010\323\324\204\261\353\274\274u\3329\350\234"
 204      08D3D484 
 204      B1EBBCBC 
 204      75DA39E8 
 204      9C
 205 00b9 E40E59E4 		.ascii	"\344\016Y\344\272w\306d\347\257\250\031\271\006\223"
 205      BA77C664 
 205      E7AFA819 
 205      B90693
 206 00c8 21F95DA5 		.ascii	"!\371]\245\362\366\350Hv\305\206\020n\2353\223Q\004"
 206      F2F6E848 
 206      76C58610 
 206      6E9D3393 
 206      5104
 207 00da F7314961 		.ascii	"\3671Ia\016-L_\224\233\0376i\3268'\373\216^\275q|2\235"
 207      0E2D4C5F 
 207      949B1F36 
 207      69D63827 
 207      FB8E5EBD 
 208 00f2 CEFE9B56 		.ascii	"\316\376\233V\262t\257\224\333\315\373\2323\217\271"
 208      B274AF94 
 208      DBCDFB9A 
 208      338FB9
 209 0101 94B0741B 		.ascii	"\224\260t\033\036\022\344\001\016X\303\315\363\323\254"
 209      1E12E401 
 209      0E58C3CD 
 209      F3D3AC
 210 0110 EA1DD5B9 		.ascii	"\352\035\325\271\035\2170\217=\213\017\217\321\013\317"
 210      1D8F308F 
 210      3D8B0F8F 
 210      D10BCF
 211 011f 9879D006 		.ascii	"\230y\320\006\177\227\235\325\256\326T\271\014\251N"
 211      7F979DD5 
 211      AED654B9 
 211      0CA94E
 212 012e 641C2407 		.ascii	"d\034$\007\207\272Kb\270\377gp\230D\012X\262\030T+\241"
 212      87BA4B62 
 212      B8FF6770 
 212      98440A58 
 212      B218542B 
 213 0143 58E46D4C 		.ascii	"X\344mL\033w3VHV\207PI&\357p \266\024K,,\307\026#\241"
 213      1B773356 
 213      48568750 
 213      4926EF70 
 213      20B6144B 
 214 015d F84A221A 		.ascii	"\370J\"\032\013\007Cq\377dx~\332\347\217\004\003\276"
 214      0B074371 
 214      FF64787E 
 214      DAE78F04 
 214      03BE
 215 016f 4870762C 		.ascii	"Hpv,\012\337r\360\222\021"
 215      0ADF72F0 
 215      9211
 216              		.text
ARM GAS  C:\Users\elias\AppData\Local\Temp\cck02i3z.s 			page 16


 217              		.section	.gnu.lto_.symbol_nodes.e0505b64,"",%progbits
 218 0000 789C5DCD 		.ascii	"x\234]\315=\016\201Q\020\205\341wf\356\037\245Z\204"
 218      3D0E8151 
 218      1085E177 
 218      66EE1FA5 
 218      5A84
 219 0012 95CE8D58 		.ascii	"\225\316\215X\200-\020\233 \321\251\025V\200\330\202"
 219      802D109B 
 219      20D1A915 
 219      5680D882 
 220 0022 56DC4F14 		.ascii	"V\334O\024\256i&\3479\311L@\270\320F\213\303\372\014"
 220      AE6926E7 
 220      39C94C40 
 220      B8D0468B 
 220      C3FA0C
 221 0035 8EEC579B 		.ascii	"\216\354W\233:\207\010u\002\246c\227\277J\305\365K\034"
 221      3A870875 
 221      02A66397 
 221      BF4AC5F5 
 221      4B1C
 222 0047 EAA281BA 		.ascii	"\352\242\201\272\365`\036z\010\036;\220\344\351\003"
 222      F5601E7A 
 222      081E3B90 
 222      E4E903
 223 0056 EDCD7053 		.ascii	"\355\315pS\262\347.G/\277\331\264\360\270\276\3044\263"
 223      B2E72E47 
 223      2FBFD9B4 
 223      F0B8BEC4 
 223      34B3
 224 0068 1B7680FB 		.ascii	"\033v\200\373sfq\304\351\326b\012l\007N\312\3628\345"
 224      736671C4 
 224      E9D6620A 
 224      6C074ECA 
 224      F238E5
 225 007b 0DBC8731 		.ascii	"\015\274\2071`"
 225      60
 226              		.text
 227              		.section	.gnu.lto_.refs.e0505b64,"",%progbits
 228 0000 789C0DC7 		.ascii	"x\234\015\307\301\011\000 \014\004\301]s\021\301&\354"
 228      C1090020 
 228      0C04C15D 
 228      7311C126 
 228      EC
 229 0011 BF4AF319 		.ascii	"\277J\363\031\230 \017F\214\245m\360T;\235x\335\270"
 229      98200F46 
 229      8CA56DF0 
 229      543B9D78 
 229      DDB8
 230 0023 F809DB00 		.ascii	"\370\011\333\000q"
 230      71
 231              		.text
 232              		.section	.gnu.lto_.decls.e0505b64,"",%progbits
 233 0000 789C9595 		.ascii	"x\234\225\225]L\024W\024\307\347\314\254|,\013\264\322"
 233      5D4C1457 
 233      14C7E7CC 
 233      AC7C2C0B 
 233      B4D2
ARM GAS  C:\Users\elias\AppData\Local\Temp\cck02i3z.s 			page 17


 234 0012 121E6842 		.ascii	"\022\036hB\015$<!\2044\372\322\244\206\266\372\322J"
 234      0D243C21 
 234      8434FAD2 
 234      A486B6FA 
 234      D24A
 235 0024 4AA42F36 		.ascii	"J\244/6t\305\321\032) .&\366\351R0\205\246\261P\005"
 235      74C5D11A 
 235      29202E26 
 235      F6E95230 
 235      85A6B150 
 236 0039 0A68A0D8 		.ascii	"\012h\240\330(*\270\253\013\254\200\326\025\020\374"
 236      282AB8AB 
 236      0BAC80D6 
 236      1510FC
 237 0048 0054A414 		.ascii	"\000T\244\024\3305\222n\375,&\022m\221T\241\347~\014"
 237      D835926E 
 237      FD2C2612 
 237      6D9154A1 
 237      E77E0C
 238 005b 334B586A 		.ascii	"3KXjo8\273s\227\377\377w\316\271\367,\230$\220\350z"
 238      6F38BB73 
 238      97FFFF77 
 238      CEB9F72C 
 238      982490E8 
 239 0070 112C4939 		.ascii	"\021,I9\370\230,K\322<.\334J\231\222\276B1Z0\034\030"
 239      F8982C4B 
 239      D23C2EDC 
 239      4A9992BE 
 239      42315A30 
 240 0086 4E8C360C 		.ascii	"N\2146\014\027F\007F\027F/F\037\006\245\335\222\374"
 240      17460746 
 240      17462F46 
 240      1F06A5DD 
 240      92FC
 241 0098 17F569BC 		.ascii	"\027\365i\274X\2141\214Q\214q\214a\214\213\3027(\336"
 241      588C318C 
 241      518C718C 
 241      618C8BC2 
 241      3728DE
 242 00ab 5B027068 		.ascii	"[\002ph\356\020\003g\002\343\214\201\347\301\350\021"
 242      EE100367 
 242      02E38C81 
 242      E7C1E811 
 243 00bb 5A45E8B5 		.ascii	"ZE\350\265\332\026/\347\377\254\311\031\240\2466q6\213"
 243      DA162FE7 
 243      FFACC919 
 243      A0A63671 
 243      368B
 244 00cd 395E8CE6 		.ascii	"9^\214\346\000<Y\370\002\365\351\012\3004\262\264\336"
 244      003C59F8 
 244      02F5E90A 
 244      C034B2B4 
 244      DE
 245 00de 296B4070 		.ascii	")k@p\025\341\355[\246\336\216El\215cd\337\306\260\013"
 245      15E1ED5B 
 245      A6DE8E45 
 245      6C8D6364 
ARM GAS  C:\Users\elias\AppData\Local\Temp\cck02i3z.s 			page 18


 245      DFC6B00B 
 246 00f2 FF80E076 		.ascii	"\377\200\340v\210\232\035\001\270/e\230\257o\375>\304"
 246      889A1D01 
 246      B82F6598 
 246      AF6FFD3E 
 246      C4
 247 0103 03E3A048 		.ascii	"\003\343\240Hb\250$\000\376\012,$\036l\213\017\262\304"
 247      62A82400 
 247      FE0A2C24 
 247      1E6C8B0F 
 247      B2C4
 248 0115 1FB48F16 		.ascii	"\037\264\217\026\226$$\262\366\250\303\330\217\360\303"
 248      962424B2 
 248      F6A8C3D8 
 248      8FF0C3
 249 0124 BCB61844 		.ascii	"\274\266\030D\247\2030\361\2750K\302\004\262\236\000"
 249      A78330F1 
 249      BD304BC2 
 249      04B29E00 
 250 0134 F8567318 		.ascii	"\370Vs\030x\213*\322j\326\322\260cgM\217t\236?\030\256"
 250      788B2AD2 
 250      6AD6D2B0 
 250      63674D8F 
 250      749E3F18 
 251 0149 C8409FEF 		.ascii	"\310@\237\357\3146}\230\324Lp\225\023\"o\320O\346f\211"
 251      CC367D98 
 251      D44C7095 
 251      13226FD0 
 251      4FE66689 
 252 015d E390F24C 		.ascii	"\343\220\362L\206\225f0\341vz\260\326\027\201\3337\314"
 252      86956630 
 252      E1767AB0 
 252      D61781DB 
 252      37CC
 253 016f 1087DB97 		.ascii	"\020\207\333\227W\352j\345\230*\346+&q&\310\214\206"
 253      57EA6AE5 
 253      982AE62B 
 253      267126C8 
 253      8C86
 254 0181 93100B27 		.ascii	"\223\020\013'\000/\010\232!\006_\267\2308\351X\365\205"
 254      002F089A 
 254      21065FB7 
 254      9838E958 
 254      F585
 255 0193 43F2AA06 		.ascii	"C\362\252\006\342v\220I\347tjM\203\273\004m\012UA\023"
 255      E2769049 
 255      E7746A4D 
 255      83BB046D 
 255      0A554113 
 256 01a7 28701C92 		.ascii	"(p\034\222h\221M\364\016$8\006\036\254\267\005V\241"
 256      68914DF4 
 256      0E243806 
 256      1EACB705 
 256      56A1
 257 01b9 F37151C7 		.ascii	"\363qQ\307H\260\262\221\025\272|F\273_\306\272\203S"
 257      48B0B291 
 257      15BA7C46 
ARM GAS  C:\Users\elias\AppData\Local\Temp\cck02i3z.s 			page 19


 257      BB5FC6BA 
 257      8353
 258 01cb 1E0BCFE8 		.ascii	"\036\013\317\350\376\361\252\245\264\274\210\220\317"
 258      FEF1AAA5 
 258      B4BC8890 
 258      CF
 259 01d8 A9064EE9 		.ascii	"\251\006N\351\371N\031\3639X>\327\215\243\355\212\262"
 259      F94E19F3 
 259      39583ED7 
 259      8DA3ED8A 
 259      B2
 260 01e9 ED15F29D 		.ascii	"\355\025\362\235\361\313\367w\337\264+\002\363Mb\276"
 260      F1CBF777 
 260      DFB42B02 
 260      F34D62BE 
 261 01f9 5A959411 		.ascii	"Z\225\224\021\362\265\211J\340\264\236\356\2641\235"
 261      F2B5894A 
 261      E0B49EEE 
 261      B4319D
 262 0208 93A53BE2 		.ascii	"\223\245;\342\032\215Q\276b\331F\2367\015F\012\302s"
 262      1A8D51BE 
 262      62D9469E 
 262      370D460A 
 262      C273
 263 021a 23A15527 		.ascii	"#\241U'\264\032\011m\214\320;\274\257\034\224\012`\214"
 263      B41A096D 
 263      8CD03BBC 
 263      AF1C940A 
 263      608C
 264 022c 072F9EAE 		.ascii	"\007/\236\256AD\003\"\346\372,\2046\375\036c\264\353"
 264      41440322 
 264      E6FA2C84 
 264      36FD1E63 
 264      B4EB
 265 023e 8C7623C3 		.ascii	"\214v#\303\305\030\215='\316\204+\015\2341q\2677M0\360"
 265      C5188D3D 
 265      27CE842B 
 265      0D9C3171 
 265      B7374D30 
 266 0253 E028A381 		.ascii	"\340(\243\2013\316\352\214\263FF\007c\364\237\376\331"
 266      33CEEA8C 
 266      B3464607 
 266      63F49FFE 
 266      D9
 267 0264 A7280ECE 		.ascii	"\247(\016\316\250\364\334\253\014\243\275\0202Y\276"
 267      A8F4DCAB 
 267      0CA3BD10 
 267      3259BE
 268 0273 FFDD1AD2 		.ascii	"\377\335\032\322\315[\351\324\021\235\014\201\017]\314"
 268      CD5BE9D4 
 268      119D0C81 
 268      0F5DCC
 269 0282 5E7D6F68 		.ascii	"^}oh\243\342\343n\373\276?\216\207\340\240\305\232a"
 269      A3E2E36E 
 269      FBBE3F8E 
 269      87E0A0C5 
 269      9A61
ARM GAS  C:\Users\elias\AppData\Local\Temp\cck02i3z.s 			page 20


 270 0294 1EE87EAA 		.ascii	"\036\350~\252c6\234\357\351\257k*|sa\312_L+\337\362"
 270      63369CEF 
 270      E9AF6B2A 
 270      7C7361CA 
 270      5F4C2BDF 
 271 02a9 9D7C6882 		.ascii	"\235|h\202D\363QzK\2233\327s\252\277\301!\206\213`\206"
 271      44F3517A 
 271      4B9333D7 
 271      73AABFC1 
 271      21868B60 
 272 02be 0B7AB258 		.ascii	"\013z\262X3\276\226\342\211\222'\215$(F\202\324XH\216"
 272      33BE96E2 
 272      8992278D 
 272      24284682 
 272      D458488E 
 273 02d2 95C00D89 		.ascii	"\225\300\015\211\224JU\360\013\336\354y\274Y\314p\267"
 273      944A55F0 
 273      0BDEEC79 
 273      BC59CC70 
 273      B7
 274 02e3 BAFECF20 		.ascii	"\272\376\317 \023~Y\030\007\257\030?k\356\364N\005\005"
 274      137E5918 
 274      07AF183F 
 274      6BEEF44E 
 274      0505
 275 02f5 1C861E36 		.ascii	"\034\206\0366\014\335 \246\241\264s\352l\250\350\277"
 275      0CDD20A6 
 275      A1B473EA 
 275      6CA8E8BF 
 276 0305 62684D55 		.ascii	"bhMUq\303\006*\201szI\347\264\376{Y\377\317\246f\\\241"
 276      71C3062A 
 276      81737A49 
 276      E7B4FE7B 
 276      59FFCFA6 
 277 031c CA61FE8D 		.ascii	"\312a\376\215\234s\356\237\025\307\347\036SKB\331\331"
 277      9C73EE9F 
 277      15C7E71E 
 277      534B42D9 
 277      D9
 278 032d 5DD2BD97 		.ascii	"]\322\275\2274o\037\363\266\017=\030\213PNr\357\245"
 278      346F1FF3 
 278      B60F3D18 
 278      8B504E72 
 278      EFA5
 279 033f F9197724 		.ascii	"\371\031w$\377\322\312\270\035~2p8\214\177i_\303mw\225"
 279      FFD2CAB8 
 279      1D7E3270 
 279      388C7F69 
 279      5FC36D77 
 280 0354 77C4A274 		.ascii	"w\304\242tq\351\357\217O\224E*\375lc\032\370\356\221"
 280      71E9EF8F 
 280      4F94452A 
 280      FD6C631A 
 280      F8EE91
 281 0367 C30CF1F1 		.ascii	"\303\014\361\361\211Q\215\364\234\334\365_V\023w\221"
 281      89518DF4 
 281      9CDCF55F 
ARM GAS  C:\Users\elias\AppData\Local\Temp\cck02i3z.s 			page 21


 281      56137791 
 282 0377 C24EE02A 		.ascii	"\302N\340*\246\276\016Q\332\251\255\246\035\247\320"
 282      A6BE0E51 
 282      DAA9ADA6 
 282      1DA7D0
 283 0386 3FC35CEA 		.ascii	"?\303\\\352\370\214\024\0071\341\265%\204\251T\310\256"
 283      F88C1407 
 283      31E1B525 
 283      84A954C8 
 283      AE
 284 0397 C75DA712 		.ascii	"\307]\247\022\022B\005\222\350\204\256\012v\244nB`\227"
 284      12420592 
 284      E884AE0A 
 284      76A46E42 
 284      6097
 285 03a9 0457F044 		.ascii	"\004W\360D/\263\023\245\030\024\301\020^\321\000\304"
 285      2FB313A5 
 285      1814C110 
 285      5ED100C4 
 286 03b9 C320C46B 		.ascii	"\303 \304k\177\227\036\325\014\327Z\224a\231\017\300"
 286      7F971ED5 
 286      0CD75A94 
 286      61990FC0 
 287 03c9 C1FB7311 		.ascii	"\301\373s\021\220\030\30538C\361\362\207\321zC?-\232"
 287      9018C533 
 287      3843F1F2 
 287      87D17A43 
 287      3F2D9A
 288 03dc 2F401AB8 		.ascii	"/@\032\270\211\364e25^+\035\013K8B\010\336\205\263m"
 288      89F46532 
 288      355E2B1D 
 288      0B4B3842 
 288      08DE85B3 
 289 03f1 D7014236 		.ascii	"\327\001B60z?\247\033\312\355g\377>nA\002\275\313\222"
 289      307A3FA7 
 289      1BCAED67 
 289      FF3E6E41 
 289      02BDCB92 
 290 0405 A7A34166 		.ascii	"\247\243Af\034\267\342W\033\267\301\207?\315\007+\017"
 290      1CB7E257 
 290      1BB7C187 
 290      3FCD072B 
 290      0F
 291 0416 783FCECA 		.ascii	"x?\316\312\232\312`0'.a\377m\011\2736\367\233j\177("
 291      9ACA6030 
 291      272E61FF 
 291      6D09BB36 
 291      F79B6A7F 
 292 042b 2271308A 		.ascii	"\"q0\212\227\360\253\336\372\010\230y#\2557\036\333"
 292      97F0ABDE 
 292      FA089879 
 292      23AD371E 
 292      DB
 293 043c 5758BEA5 		.ascii	"WX\276\245\327\205\323\273\362r\004S\352\363;\006\026"
 293      D785D3BB 
 293      F2720453 
 293      EAF33B06 
ARM GAS  C:\Users\elias\AppData\Local\Temp\cck02i3z.s 			page 22


 293      16
 294 044d 3650F88E 		.ascii	"6P\370\216\352\003\244\335\035\351\247\246M\353\352"
 294      EA03A4DD 
 294      1DE9A7A6 
 294      4DEBEA
 295 045c 71A11E67 		.ascii	"q\241\036g\352\177\356\332\357[\374\324t\\u\365\004"
 295      EA7FEEDA 
 295      EF5BFCD4 
 295      745C75F5 
 295      04
 296 046d 58B47A26 		.ascii	"X\264z&\230\341\216\267\314\027\346g\350\3613x\004\336"
 296      98E18EB7 
 296      CC17E667 
 296      E8F13378 
 296      04DE
 297 047f 1300DFEC 		.ascii	"\023\000\337\354\247\366\012\2657\200\332\356\247\276"
 297      A7F60AB5 
 297      3780DAEE 
 297      A7BE
 298 048d 2DD4F4FD 		.ascii	"-\324\364\375\255\314\367\327\245e\245\257_\227\365"
 298      ADCCF7D7 
 298      A565A5AF 
 298      5F97F5
 299 049c 89BADB96 		.ascii	"\211\272\333\226W\240\246\345\345n\333\261=)\337Z`K"
 299      57A0A6E5 
 299      E56EDBB1 
 299      3D29DF5A 
 299      604B
 300 04ae 4A0E59FF 		.ascii	"J\016Y\377\361\246\270\264\224\024)a\275\232\253\026"
 300      F1A6B8B4 
 300      94142961 
 300      BD9AAB16 
 301 04be 586DEAD6 		.ascii	"Xm\352\326\254\214\274\302\202luszF^\332;\233\027\334"
 301      AC8CBCC2 
 301      826C7573 
 301      7A465EDA 
 301      3B9B17DC 
 302 04d2 E91F2565 		.ascii	"\351\037%eK\321\013\333O\255;\325\302|NI\211Z\3708\303"
 302      4BD10BDB 
 302      4FAD3BD5 
 302      C27C4E49 
 302      895AF838 
 303 04e7 BA472488 		.ascii	"\272G$\210^:o\204.\315Q\325\374\310E@}\377A\256uK\216"
 303      5E3A6F84 
 303      2ECD51D5 
 303      FCC84540 
 303      7DFF41AE 
 304 04fe BAEA3FCA 		.ascii	"\272\352?\312J\372Bz]'\252\266LkN\241\272\242pG\256"
 304      4AFA427A 
 304      5D27AAB6 
 304      4C6B4EA1 
 304      BAA27047 
 305 0513 6DEDDB01 		.ascii	"m\355\333\001\254\331{m{\363\325\335\350\014\327\235"
 305      ACD97B6D 
 305      7BF3D5DD 
 305      E80CD79D 
 306 0523 B63C43EA 		.ascii	"\266<C\352-\326\354\235\205\371a*\253 \303\206\010\363"
ARM GAS  C:\Users\elias\AppData\Local\Temp\cck02i3z.s 			page 23


 306      2DD6EC9D 
 306      85F9612A 
 306      AB20C386 
 306      08F3
 307 0535 56ABCD9A 		.ascii	"V\253\315\232\265\207\302\337\\$\313\260\025\024f\333"
 307      B587C2DF 
 307      5C24CBB0 
 307      151466DB 
 308 0545 4C05EAF6 		.ascii	"L\005\352\366\265\377\002\307\015\366-"
 308      B5FF02C7 
 308      0DF62D
 309              		.text
 310              		.section	.gnu.lto_.symtab.e0505b64,"",%progbits
 311 0000 56444143 		.ascii	"VDAC_PGA_SaveConfig\000"
 311      5F504741 
 311      5F536176 
 311      65436F6E 
 311      66696700 
 312 0014 00       		.ascii	"\000"
 313 0015 00       		.ascii	"\000"
 314 0016 00       		.ascii	"\000"
 315 0017 00000000 		.ascii	"\000\000\000\000\000\000\000\000"
 315      00000000 
 316 001f B3000000 		.ascii	"\263\000\000\000"
 317 0023 56444143 		.ascii	"VDAC_PGA_RestoreConfig\000"
 317      5F504741 
 317      5F526573 
 317      746F7265 
 317      436F6E66 
 318 003a 00       		.ascii	"\000"
 319 003b 00       		.ascii	"\000"
 320 003c 00       		.ascii	"\000"
 321 003d 00000000 		.ascii	"\000\000\000\000\000\000\000\000"
 321      00000000 
 322 0045 B5000000 		.ascii	"\265\000\000\000"
 323 0049 56444143 		.ascii	"VDAC_PGA_Sleep\000"
 323      5F504741 
 323      5F536C65 
 323      657000
 324 0058 00       		.ascii	"\000"
 325 0059 00       		.ascii	"\000"
 326 005a 00       		.ascii	"\000"
 327 005b 00000000 		.ascii	"\000\000\000\000\000\000\000\000"
 327      00000000 
 328 0063 B7000000 		.ascii	"\267\000\000\000"
 329 0067 56444143 		.ascii	"VDAC_PGA_Wakeup\000"
 329      5F504741 
 329      5F57616B 
 329      65757000 
 330 0077 00       		.ascii	"\000"
 331 0078 00       		.ascii	"\000"
 332 0079 00       		.ascii	"\000"
 333 007a 00000000 		.ascii	"\000\000\000\000\000\000\000\000"
 333      00000000 
 334 0082 B9000000 		.ascii	"\271\000\000\000"
 335 0086 56444143 		.ascii	"VDAC_PGA_Enable\000"
 335      5F504741 
ARM GAS  C:\Users\elias\AppData\Local\Temp\cck02i3z.s 			page 24


 335      5F456E61 
 335      626C6500 
 336 0096 00       		.ascii	"\000"
 337 0097 02       		.ascii	"\002"
 338 0098 00       		.ascii	"\000"
 339 0099 00000000 		.ascii	"\000\000\000\000\000\000\000\000"
 339      00000000 
 340 00a1 BB000000 		.ascii	"\273\000\000\000"
 341 00a5 56444143 		.ascii	"VDAC_PGA_SetValue\000"
 341      5F504741 
 341      5F536574 
 341      56616C75 
 341      6500
 342 00b7 00       		.ascii	"\000"
 343 00b8 02       		.ascii	"\002"
 344 00b9 00       		.ascii	"\000"
 345 00ba 00000000 		.ascii	"\000\000\000\000\000\000\000\000"
 345      00000000 
 346 00c2 C4000000 		.ascii	"\304\000\000\000"
 347 00c6 56444143 		.ascii	"VDAC_PGA_Stop\000"
 347      5F504741 
 347      5F53746F 
 347      7000
 348 00d4 00       		.ascii	"\000"
 349 00d5 02       		.ascii	"\002"
 350 00d6 00       		.ascii	"\000"
 351 00d7 00000000 		.ascii	"\000\000\000\000\000\000\000\000"
 351      00000000 
 352 00df C6000000 		.ascii	"\306\000\000\000"
 353              		.text
 354              		.section	.gnu.lto_.opts,"",%progbits
 355 0000 272D666D 		.ascii	"'-fmath-errno' '-fsigned-zeros' '-ftrapping-math' '"
 355      6174682D 
 355      6572726E 
 355      6F272027 
 355      2D667369 
 356 0033 2D666E6F 		.ascii	"-fno-trapv' '-fno-openmp' '-fno-openacc' '-mcpu=cor"
 356      2D747261 
 356      70762720 
 356      272D666E 
 356      6F2D6F70 
 357 0066 7465782D 		.ascii	"tex-m3' '-mthumb' '-g' '-O3' '-ffunction-sections' "
 357      6D332720 
 357      272D6D74 
 357      68756D62 
 357      2720272D 
 358 0099 272D6666 		.ascii	"'-ffat-lto-objects' '-finline-functions' '-flto'\000"
 358      61742D6C 
 358      746F2D6F 
 358      626A6563 
 358      74732720 
 359              		.text
 360              		.cfi_sections	.debug_frame
 361              		.section	.text.VDAC_PGA_SaveConfig,"ax",%progbits
 362              		.align	2
 363              		.global	VDAC_PGA_SaveConfig
 364              		.thumb
ARM GAS  C:\Users\elias\AppData\Local\Temp\cck02i3z.s 			page 25


 365              		.thumb_func
 366              		.type	VDAC_PGA_SaveConfig, %function
 367              	VDAC_PGA_SaveConfig:
 368              	.LFB0:
 369              		.file 1 "Generated_Source\\PSoC5\\VDAC_PGA_PM.c"
   1:Generated_Source\PSoC5/VDAC_PGA_PM.c **** /*******************************************************************************
   2:Generated_Source\PSoC5/VDAC_PGA_PM.c **** * File Name: VDAC_PGA_PM.c  
   3:Generated_Source\PSoC5/VDAC_PGA_PM.c **** * Version 1.90
   4:Generated_Source\PSoC5/VDAC_PGA_PM.c **** *
   5:Generated_Source\PSoC5/VDAC_PGA_PM.c **** * Description:
   6:Generated_Source\PSoC5/VDAC_PGA_PM.c **** *  This file provides the power management source code to API for the
   7:Generated_Source\PSoC5/VDAC_PGA_PM.c **** *  VDAC8.  
   8:Generated_Source\PSoC5/VDAC_PGA_PM.c **** *
   9:Generated_Source\PSoC5/VDAC_PGA_PM.c **** * Note:
  10:Generated_Source\PSoC5/VDAC_PGA_PM.c **** *  None
  11:Generated_Source\PSoC5/VDAC_PGA_PM.c **** *
  12:Generated_Source\PSoC5/VDAC_PGA_PM.c **** ********************************************************************************
  13:Generated_Source\PSoC5/VDAC_PGA_PM.c **** * Copyright 2008-2012, Cypress Semiconductor Corporation.  All rights reserved.
  14:Generated_Source\PSoC5/VDAC_PGA_PM.c **** * You may use this file only in accordance with the license, terms, conditions, 
  15:Generated_Source\PSoC5/VDAC_PGA_PM.c **** * disclaimers, and limitations in the end user license agreement accompanying 
  16:Generated_Source\PSoC5/VDAC_PGA_PM.c **** * the software package with which this file was provided.
  17:Generated_Source\PSoC5/VDAC_PGA_PM.c **** *******************************************************************************/
  18:Generated_Source\PSoC5/VDAC_PGA_PM.c **** 
  19:Generated_Source\PSoC5/VDAC_PGA_PM.c **** #include "VDAC_PGA.h"
  20:Generated_Source\PSoC5/VDAC_PGA_PM.c **** 
  21:Generated_Source\PSoC5/VDAC_PGA_PM.c **** static VDAC_PGA_backupStruct VDAC_PGA_backup;
  22:Generated_Source\PSoC5/VDAC_PGA_PM.c **** 
  23:Generated_Source\PSoC5/VDAC_PGA_PM.c **** 
  24:Generated_Source\PSoC5/VDAC_PGA_PM.c **** /*******************************************************************************
  25:Generated_Source\PSoC5/VDAC_PGA_PM.c **** * Function Name: VDAC_PGA_SaveConfig
  26:Generated_Source\PSoC5/VDAC_PGA_PM.c **** ********************************************************************************
  27:Generated_Source\PSoC5/VDAC_PGA_PM.c **** * Summary:
  28:Generated_Source\PSoC5/VDAC_PGA_PM.c **** *  Save the current user configuration
  29:Generated_Source\PSoC5/VDAC_PGA_PM.c **** *
  30:Generated_Source\PSoC5/VDAC_PGA_PM.c **** * Parameters:  
  31:Generated_Source\PSoC5/VDAC_PGA_PM.c **** *  void  
  32:Generated_Source\PSoC5/VDAC_PGA_PM.c **** *
  33:Generated_Source\PSoC5/VDAC_PGA_PM.c **** * Return: 
  34:Generated_Source\PSoC5/VDAC_PGA_PM.c **** *  void
  35:Generated_Source\PSoC5/VDAC_PGA_PM.c **** *
  36:Generated_Source\PSoC5/VDAC_PGA_PM.c **** *******************************************************************************/
  37:Generated_Source\PSoC5/VDAC_PGA_PM.c **** void VDAC_PGA_SaveConfig(void) 
  38:Generated_Source\PSoC5/VDAC_PGA_PM.c **** {
 370              		.loc 1 38 0
 371              		.cfi_startproc
 372              		@ args = 0, pretend = 0, frame = 0
 373              		@ frame_needed = 0, uses_anonymous_args = 0
 374              		@ link register save eliminated.
  39:Generated_Source\PSoC5/VDAC_PGA_PM.c ****     if (!((VDAC_PGA_CR1 & VDAC_PGA_SRC_MASK) == VDAC_PGA_SRC_UDB))
 375              		.loc 1 39 0
 376 0000 044B     		ldr	r3, .L4
 377 0002 1B78     		ldrb	r3, [r3]	@ zero_extendqisi2
 378 0004 9B06     		lsls	r3, r3, #26
 379 0006 03D4     		bmi	.L1
  40:Generated_Source\PSoC5/VDAC_PGA_PM.c ****     {
  41:Generated_Source\PSoC5/VDAC_PGA_PM.c ****         VDAC_PGA_backup.data_value = VDAC_PGA_Data;
 380              		.loc 1 41 0
ARM GAS  C:\Users\elias\AppData\Local\Temp\cck02i3z.s 			page 26


 381 0008 034A     		ldr	r2, .L4+4
 382 000a 044B     		ldr	r3, .L4+8
 383 000c 1278     		ldrb	r2, [r2]	@ zero_extendqisi2
 384 000e 5A70     		strb	r2, [r3, #1]
 385              	.L1:
 386 0010 7047     		bx	lr
 387              	.L5:
 388 0012 00BF     		.align	2
 389              	.L4:
 390 0014 29580040 		.word	1073764393
 391 0018 825B0040 		.word	1073765250
 392 001c 00000000 		.word	.LANCHOR0
 393              		.cfi_endproc
 394              	.LFE0:
 395              		.size	VDAC_PGA_SaveConfig, .-VDAC_PGA_SaveConfig
 396              		.section	.text.VDAC_PGA_RestoreConfig,"ax",%progbits
 397              		.align	2
 398              		.global	VDAC_PGA_RestoreConfig
 399              		.thumb
 400              		.thumb_func
 401              		.type	VDAC_PGA_RestoreConfig, %function
 402              	VDAC_PGA_RestoreConfig:
 403              	.LFB1:
  42:Generated_Source\PSoC5/VDAC_PGA_PM.c ****     }
  43:Generated_Source\PSoC5/VDAC_PGA_PM.c **** }
  44:Generated_Source\PSoC5/VDAC_PGA_PM.c **** 
  45:Generated_Source\PSoC5/VDAC_PGA_PM.c **** 
  46:Generated_Source\PSoC5/VDAC_PGA_PM.c **** /*******************************************************************************
  47:Generated_Source\PSoC5/VDAC_PGA_PM.c **** * Function Name: VDAC_PGA_RestoreConfig
  48:Generated_Source\PSoC5/VDAC_PGA_PM.c **** ********************************************************************************
  49:Generated_Source\PSoC5/VDAC_PGA_PM.c **** *
  50:Generated_Source\PSoC5/VDAC_PGA_PM.c **** * Summary:
  51:Generated_Source\PSoC5/VDAC_PGA_PM.c **** *  Restores the current user configuration.
  52:Generated_Source\PSoC5/VDAC_PGA_PM.c **** *
  53:Generated_Source\PSoC5/VDAC_PGA_PM.c **** * Parameters:  
  54:Generated_Source\PSoC5/VDAC_PGA_PM.c **** *  void
  55:Generated_Source\PSoC5/VDAC_PGA_PM.c **** *
  56:Generated_Source\PSoC5/VDAC_PGA_PM.c **** * Return: 
  57:Generated_Source\PSoC5/VDAC_PGA_PM.c **** *  void
  58:Generated_Source\PSoC5/VDAC_PGA_PM.c **** *
  59:Generated_Source\PSoC5/VDAC_PGA_PM.c **** *******************************************************************************/
  60:Generated_Source\PSoC5/VDAC_PGA_PM.c **** void VDAC_PGA_RestoreConfig(void) 
  61:Generated_Source\PSoC5/VDAC_PGA_PM.c **** {
 404              		.loc 1 61 0
 405              		.cfi_startproc
 406              		@ args = 0, pretend = 0, frame = 0
 407              		@ frame_needed = 0, uses_anonymous_args = 0
 408              		@ link register save eliminated.
  62:Generated_Source\PSoC5/VDAC_PGA_PM.c ****     if (!((VDAC_PGA_CR1 & VDAC_PGA_SRC_MASK) == VDAC_PGA_SRC_UDB))
 409              		.loc 1 62 0
 410 0000 0C4B     		ldr	r3, .L10
 411 0002 1B78     		ldrb	r3, [r3]	@ zero_extendqisi2
 412 0004 9906     		lsls	r1, r3, #26
 413 0006 07D4     		bmi	.L6
  63:Generated_Source\PSoC5/VDAC_PGA_PM.c ****     {
  64:Generated_Source\PSoC5/VDAC_PGA_PM.c ****         if((VDAC_PGA_Strobe & VDAC_PGA_STRB_MASK) == VDAC_PGA_STRB_EN)
 414              		.loc 1 64 0
ARM GAS  C:\Users\elias\AppData\Local\Temp\cck02i3z.s 			page 27


 415 0008 0B4B     		ldr	r3, .L10+4
 416 000a 1A78     		ldrb	r2, [r3]	@ zero_extendqisi2
 417 000c 1207     		lsls	r2, r2, #28
 418 000e 04D4     		bmi	.L9
  65:Generated_Source\PSoC5/VDAC_PGA_PM.c ****         {
  66:Generated_Source\PSoC5/VDAC_PGA_PM.c ****             VDAC_PGA_Strobe &= (uint8)(~VDAC_PGA_STRB_MASK);
  67:Generated_Source\PSoC5/VDAC_PGA_PM.c ****             VDAC_PGA_Data = VDAC_PGA_backup.data_value;
  68:Generated_Source\PSoC5/VDAC_PGA_PM.c ****             VDAC_PGA_Strobe |= VDAC_PGA_STRB_EN;
  69:Generated_Source\PSoC5/VDAC_PGA_PM.c ****         }
  70:Generated_Source\PSoC5/VDAC_PGA_PM.c ****         else
  71:Generated_Source\PSoC5/VDAC_PGA_PM.c ****         {
  72:Generated_Source\PSoC5/VDAC_PGA_PM.c ****             VDAC_PGA_Data = VDAC_PGA_backup.data_value;
 419              		.loc 1 72 0
 420 0010 0A4A     		ldr	r2, .L10+8
 421 0012 0B4B     		ldr	r3, .L10+12
 422 0014 5278     		ldrb	r2, [r2, #1]	@ zero_extendqisi2
 423 0016 1A70     		strb	r2, [r3]
 424              	.L6:
 425 0018 7047     		bx	lr
 426              	.L9:
 427              	.LBB6:
 428              	.LBB7:
  67:Generated_Source\PSoC5/VDAC_PGA_PM.c ****             VDAC_PGA_Strobe |= VDAC_PGA_STRB_EN;
 429              		.loc 1 67 0
 430 001a 0849     		ldr	r1, .L10+8
  66:Generated_Source\PSoC5/VDAC_PGA_PM.c ****             VDAC_PGA_Data = VDAC_PGA_backup.data_value;
 431              		.loc 1 66 0
 432 001c 1A78     		ldrb	r2, [r3]	@ zero_extendqisi2
  67:Generated_Source\PSoC5/VDAC_PGA_PM.c ****             VDAC_PGA_Strobe |= VDAC_PGA_STRB_EN;
 433              		.loc 1 67 0
 434 001e 4878     		ldrb	r0, [r1, #1]	@ zero_extendqisi2
 435 0020 0749     		ldr	r1, .L10+12
  66:Generated_Source\PSoC5/VDAC_PGA_PM.c ****             VDAC_PGA_Data = VDAC_PGA_backup.data_value;
 436              		.loc 1 66 0
 437 0022 02F0F702 		and	r2, r2, #247
 438 0026 1A70     		strb	r2, [r3]
  67:Generated_Source\PSoC5/VDAC_PGA_PM.c ****             VDAC_PGA_Strobe |= VDAC_PGA_STRB_EN;
 439              		.loc 1 67 0
 440 0028 0870     		strb	r0, [r1]
  68:Generated_Source\PSoC5/VDAC_PGA_PM.c ****         }
 441              		.loc 1 68 0
 442 002a 1A78     		ldrb	r2, [r3]	@ zero_extendqisi2
 443 002c 42F00802 		orr	r2, r2, #8
 444 0030 1A70     		strb	r2, [r3]
 445 0032 7047     		bx	lr
 446              	.L11:
 447              		.align	2
 448              	.L10:
 449 0034 29580040 		.word	1073764393
 450 0038 975A0040 		.word	1073765015
 451 003c 00000000 		.word	.LANCHOR0
 452 0040 825B0040 		.word	1073765250
 453              	.LBE7:
 454              	.LBE6:
 455              		.cfi_endproc
 456              	.LFE1:
 457              		.size	VDAC_PGA_RestoreConfig, .-VDAC_PGA_RestoreConfig
ARM GAS  C:\Users\elias\AppData\Local\Temp\cck02i3z.s 			page 28


 458              		.section	.text.VDAC_PGA_Sleep,"ax",%progbits
 459              		.align	2
 460              		.global	VDAC_PGA_Sleep
 461              		.thumb
 462              		.thumb_func
 463              		.type	VDAC_PGA_Sleep, %function
 464              	VDAC_PGA_Sleep:
 465              	.LFB2:
  73:Generated_Source\PSoC5/VDAC_PGA_PM.c ****         }
  74:Generated_Source\PSoC5/VDAC_PGA_PM.c ****     }
  75:Generated_Source\PSoC5/VDAC_PGA_PM.c **** }
  76:Generated_Source\PSoC5/VDAC_PGA_PM.c **** 
  77:Generated_Source\PSoC5/VDAC_PGA_PM.c **** 
  78:Generated_Source\PSoC5/VDAC_PGA_PM.c **** /*******************************************************************************
  79:Generated_Source\PSoC5/VDAC_PGA_PM.c **** * Function Name: VDAC_PGA_Sleep
  80:Generated_Source\PSoC5/VDAC_PGA_PM.c **** ********************************************************************************
  81:Generated_Source\PSoC5/VDAC_PGA_PM.c **** * Summary:
  82:Generated_Source\PSoC5/VDAC_PGA_PM.c **** *  Stop and Save the user configuration
  83:Generated_Source\PSoC5/VDAC_PGA_PM.c **** *
  84:Generated_Source\PSoC5/VDAC_PGA_PM.c **** * Parameters:  
  85:Generated_Source\PSoC5/VDAC_PGA_PM.c **** *  void:  
  86:Generated_Source\PSoC5/VDAC_PGA_PM.c **** *
  87:Generated_Source\PSoC5/VDAC_PGA_PM.c **** * Return: 
  88:Generated_Source\PSoC5/VDAC_PGA_PM.c **** *  void
  89:Generated_Source\PSoC5/VDAC_PGA_PM.c **** *
  90:Generated_Source\PSoC5/VDAC_PGA_PM.c **** * Global variables:
  91:Generated_Source\PSoC5/VDAC_PGA_PM.c **** *  VDAC_PGA_backup.enableState:  Is modified depending on the enable 
  92:Generated_Source\PSoC5/VDAC_PGA_PM.c **** *  state  of the block before entering sleep mode.
  93:Generated_Source\PSoC5/VDAC_PGA_PM.c **** *
  94:Generated_Source\PSoC5/VDAC_PGA_PM.c **** *******************************************************************************/
  95:Generated_Source\PSoC5/VDAC_PGA_PM.c **** void VDAC_PGA_Sleep(void) 
  96:Generated_Source\PSoC5/VDAC_PGA_PM.c **** {
 466              		.loc 1 96 0
 467              		.cfi_startproc
 468              		@ args = 0, pretend = 0, frame = 0
 469              		@ frame_needed = 0, uses_anonymous_args = 0
 470 0000 10B5     		push	{r4, lr}
 471              		.cfi_def_cfa_offset 8
 472              		.cfi_offset 4, -8
 473              		.cfi_offset 14, -4
  97:Generated_Source\PSoC5/VDAC_PGA_PM.c ****     /* Save VDAC8's enable state */    
  98:Generated_Source\PSoC5/VDAC_PGA_PM.c ****     if(VDAC_PGA_ACT_PWR_EN == (VDAC_PGA_PWRMGR & VDAC_PGA_ACT_PWR_EN))
 474              		.loc 1 98 0
 475 0002 084B     		ldr	r3, .L15
 476 0004 084C     		ldr	r4, .L15+4
 477 0006 1B78     		ldrb	r3, [r3]	@ zero_extendqisi2
 478 0008 C3F38003 		ubfx	r3, r3, #2, #1
 479 000c 2370     		strb	r3, [r4]
  99:Generated_Source\PSoC5/VDAC_PGA_PM.c ****     {
 100:Generated_Source\PSoC5/VDAC_PGA_PM.c ****         /* VDAC8 is enabled */
 101:Generated_Source\PSoC5/VDAC_PGA_PM.c ****         VDAC_PGA_backup.enableState = 1u;
 102:Generated_Source\PSoC5/VDAC_PGA_PM.c ****     }
 103:Generated_Source\PSoC5/VDAC_PGA_PM.c ****     else
 104:Generated_Source\PSoC5/VDAC_PGA_PM.c ****     {
 105:Generated_Source\PSoC5/VDAC_PGA_PM.c ****         /* VDAC8 is disabled */
 106:Generated_Source\PSoC5/VDAC_PGA_PM.c ****         VDAC_PGA_backup.enableState = 0u;
 107:Generated_Source\PSoC5/VDAC_PGA_PM.c ****     }
ARM GAS  C:\Users\elias\AppData\Local\Temp\cck02i3z.s 			page 29


 108:Generated_Source\PSoC5/VDAC_PGA_PM.c ****     
 109:Generated_Source\PSoC5/VDAC_PGA_PM.c ****     VDAC_PGA_Stop();
 480              		.loc 1 109 0
 481 000e FFF7FEFF 		bl	VDAC_PGA_Stop
 482              	.LVL0:
 483              	.LBB8:
 484              	.LBB9:
  39:Generated_Source\PSoC5/VDAC_PGA_PM.c ****     {
 485              		.loc 1 39 0
 486 0012 064B     		ldr	r3, .L15+8
 487 0014 1B78     		ldrb	r3, [r3]	@ zero_extendqisi2
 488 0016 9B06     		lsls	r3, r3, #26
 489 0018 02D4     		bmi	.L12
  41:Generated_Source\PSoC5/VDAC_PGA_PM.c ****     }
 490              		.loc 1 41 0
 491 001a 054B     		ldr	r3, .L15+12
 492 001c 1B78     		ldrb	r3, [r3]	@ zero_extendqisi2
 493 001e 6370     		strb	r3, [r4, #1]
 494              	.L12:
 495 0020 10BD     		pop	{r4, pc}
 496              	.L16:
 497 0022 00BF     		.align	2
 498              	.L15:
 499 0024 A8430040 		.word	1073759144
 500 0028 00000000 		.word	.LANCHOR0
 501 002c 29580040 		.word	1073764393
 502 0030 825B0040 		.word	1073765250
 503              	.LBE9:
 504              	.LBE8:
 505              		.cfi_endproc
 506              	.LFE2:
 507              		.size	VDAC_PGA_Sleep, .-VDAC_PGA_Sleep
 508              		.section	.text.VDAC_PGA_Wakeup,"ax",%progbits
 509              		.align	2
 510              		.global	VDAC_PGA_Wakeup
 511              		.thumb
 512              		.thumb_func
 513              		.type	VDAC_PGA_Wakeup, %function
 514              	VDAC_PGA_Wakeup:
 515              	.LFB3:
 110:Generated_Source\PSoC5/VDAC_PGA_PM.c ****     VDAC_PGA_SaveConfig();
 111:Generated_Source\PSoC5/VDAC_PGA_PM.c **** }
 112:Generated_Source\PSoC5/VDAC_PGA_PM.c **** 
 113:Generated_Source\PSoC5/VDAC_PGA_PM.c **** 
 114:Generated_Source\PSoC5/VDAC_PGA_PM.c **** /*******************************************************************************
 115:Generated_Source\PSoC5/VDAC_PGA_PM.c **** * Function Name: VDAC_PGA_Wakeup
 116:Generated_Source\PSoC5/VDAC_PGA_PM.c **** ********************************************************************************
 117:Generated_Source\PSoC5/VDAC_PGA_PM.c **** *
 118:Generated_Source\PSoC5/VDAC_PGA_PM.c **** * Summary:
 119:Generated_Source\PSoC5/VDAC_PGA_PM.c **** *  Restores and enables the user configuration
 120:Generated_Source\PSoC5/VDAC_PGA_PM.c **** *  
 121:Generated_Source\PSoC5/VDAC_PGA_PM.c **** * Parameters:  
 122:Generated_Source\PSoC5/VDAC_PGA_PM.c **** *  void
 123:Generated_Source\PSoC5/VDAC_PGA_PM.c **** *
 124:Generated_Source\PSoC5/VDAC_PGA_PM.c **** * Return: 
 125:Generated_Source\PSoC5/VDAC_PGA_PM.c **** *  void
 126:Generated_Source\PSoC5/VDAC_PGA_PM.c **** *
ARM GAS  C:\Users\elias\AppData\Local\Temp\cck02i3z.s 			page 30


 127:Generated_Source\PSoC5/VDAC_PGA_PM.c **** * Global variables:
 128:Generated_Source\PSoC5/VDAC_PGA_PM.c **** *  VDAC_PGA_backup.enableState:  Is used to restore the enable state of 
 129:Generated_Source\PSoC5/VDAC_PGA_PM.c **** *  block on wakeup from sleep mode.
 130:Generated_Source\PSoC5/VDAC_PGA_PM.c **** *
 131:Generated_Source\PSoC5/VDAC_PGA_PM.c **** *******************************************************************************/
 132:Generated_Source\PSoC5/VDAC_PGA_PM.c **** void VDAC_PGA_Wakeup(void) 
 133:Generated_Source\PSoC5/VDAC_PGA_PM.c **** {
 516              		.loc 1 133 0
 517              		.cfi_startproc
 518              		@ args = 0, pretend = 0, frame = 0
 519              		@ frame_needed = 0, uses_anonymous_args = 0
 520 0000 08B5     		push	{r3, lr}
 521              		.cfi_def_cfa_offset 8
 522              		.cfi_offset 3, -8
 523              		.cfi_offset 14, -4
 524              	.LBB16:
 525              	.LBB17:
  62:Generated_Source\PSoC5/VDAC_PGA_PM.c ****     {
 526              		.loc 1 62 0
 527 0002 144B     		ldr	r3, .L27
 528 0004 1B78     		ldrb	r3, [r3]	@ zero_extendqisi2
 529 0006 9A06     		lsls	r2, r3, #26
 530 0008 22D4     		bmi	.L24
  64:Generated_Source\PSoC5/VDAC_PGA_PM.c ****         {
 531              		.loc 1 64 0
 532 000a 134A     		ldr	r2, .L27+4
 533 000c 1378     		ldrb	r3, [r2]	@ zero_extendqisi2
 534 000e 1B07     		lsls	r3, r3, #28
 535 0010 07D4     		bmi	.L25
  72:Generated_Source\PSoC5/VDAC_PGA_PM.c ****         }
 536              		.loc 1 72 0
 537 0012 124B     		ldr	r3, .L27+8
 538 0014 124A     		ldr	r2, .L27+12
 539 0016 5978     		ldrb	r1, [r3, #1]	@ zero_extendqisi2
 540 0018 1170     		strb	r1, [r2]
 541              	.L18:
 542              	.LBE17:
 543              	.LBE16:
 134:Generated_Source\PSoC5/VDAC_PGA_PM.c ****     VDAC_PGA_RestoreConfig();
 135:Generated_Source\PSoC5/VDAC_PGA_PM.c ****     
 136:Generated_Source\PSoC5/VDAC_PGA_PM.c ****     if(VDAC_PGA_backup.enableState == 1u)
 544              		.loc 1 136 0
 545 001a 1B78     		ldrb	r3, [r3]	@ zero_extendqisi2
 546 001c 012B     		cmp	r3, #1
 547 001e 0FD0     		beq	.L26
 548              	.L17:
 549 0020 08BD     		pop	{r3, pc}
 550              	.L25:
 551              	.LBB21:
 552              	.LBB20:
 553              	.LBB18:
 554              	.LBB19:
  66:Generated_Source\PSoC5/VDAC_PGA_PM.c ****             VDAC_PGA_Data = VDAC_PGA_backup.data_value;
 555              		.loc 1 66 0
 556 0022 1178     		ldrb	r1, [r2]	@ zero_extendqisi2
  67:Generated_Source\PSoC5/VDAC_PGA_PM.c ****             VDAC_PGA_Strobe |= VDAC_PGA_STRB_EN;
 557              		.loc 1 67 0
ARM GAS  C:\Users\elias\AppData\Local\Temp\cck02i3z.s 			page 31


 558 0024 0D4B     		ldr	r3, .L27+8
  66:Generated_Source\PSoC5/VDAC_PGA_PM.c ****             VDAC_PGA_Data = VDAC_PGA_backup.data_value;
 559              		.loc 1 66 0
 560 0026 01F0F701 		and	r1, r1, #247
 561 002a 1170     		strb	r1, [r2]
  67:Generated_Source\PSoC5/VDAC_PGA_PM.c ****             VDAC_PGA_Strobe |= VDAC_PGA_STRB_EN;
 562              		.loc 1 67 0
 563 002c 5878     		ldrb	r0, [r3, #1]	@ zero_extendqisi2
 564 002e 0C49     		ldr	r1, .L27+12
 565 0030 0870     		strb	r0, [r1]
  68:Generated_Source\PSoC5/VDAC_PGA_PM.c ****         }
 566              		.loc 1 68 0
 567 0032 1178     		ldrb	r1, [r2]	@ zero_extendqisi2
 568 0034 41F00801 		orr	r1, r1, #8
 569 0038 1170     		strb	r1, [r2]
 570              	.LBE19:
 571              	.LBE18:
 572              	.LBE20:
 573              	.LBE21:
 574              		.loc 1 136 0
 575 003a 1B78     		ldrb	r3, [r3]	@ zero_extendqisi2
 576 003c 012B     		cmp	r3, #1
 577 003e EFD1     		bne	.L17
 578              	.L26:
 579              	.LBB22:
 580              	.LBB23:
 137:Generated_Source\PSoC5/VDAC_PGA_PM.c ****     {
 138:Generated_Source\PSoC5/VDAC_PGA_PM.c ****         /* Enable VDAC8's operation */
 139:Generated_Source\PSoC5/VDAC_PGA_PM.c ****         VDAC_PGA_Enable();
 581              		.loc 1 139 0
 582 0040 FFF7FEFF 		bl	VDAC_PGA_Enable
 583              	.LVL1:
 140:Generated_Source\PSoC5/VDAC_PGA_PM.c **** 
 141:Generated_Source\PSoC5/VDAC_PGA_PM.c ****         /* Restore the data register */
 142:Generated_Source\PSoC5/VDAC_PGA_PM.c ****         VDAC_PGA_SetValue(VDAC_PGA_Data);
 584              		.loc 1 142 0
 585 0044 064B     		ldr	r3, .L27+12
 586 0046 1878     		ldrb	r0, [r3]	@ zero_extendqisi2
 587              	.LBE23:
 588              	.LBE22:
 143:Generated_Source\PSoC5/VDAC_PGA_PM.c ****     } /* Do nothing if VDAC8 was disabled before */    
 144:Generated_Source\PSoC5/VDAC_PGA_PM.c **** }
 589              		.loc 1 144 0
 590 0048 BDE80840 		pop	{r3, lr}
 591              		.cfi_remember_state
 592              		.cfi_restore 14
 593              		.cfi_restore 3
 594              		.cfi_def_cfa_offset 0
 595              	.LBB25:
 596              	.LBB24:
 142:Generated_Source\PSoC5/VDAC_PGA_PM.c ****     } /* Do nothing if VDAC8 was disabled before */    
 597              		.loc 1 142 0
 598 004c FFF7FEBF 		b	VDAC_PGA_SetValue
 599              	.LVL2:
 600              	.L24:
 601              		.cfi_restore_state
 602 0050 024B     		ldr	r3, .L27+8
ARM GAS  C:\Users\elias\AppData\Local\Temp\cck02i3z.s 			page 32


 603 0052 E2E7     		b	.L18
 604              	.L28:
 605              		.align	2
 606              	.L27:
 607 0054 29580040 		.word	1073764393
 608 0058 975A0040 		.word	1073765015
 609 005c 00000000 		.word	.LANCHOR0
 610 0060 825B0040 		.word	1073765250
 611              	.LBE24:
 612              	.LBE25:
 613              		.cfi_endproc
 614              	.LFE3:
 615              		.size	VDAC_PGA_Wakeup, .-VDAC_PGA_Wakeup
 616              		.bss
 617              		.align	2
 618              		.set	.LANCHOR0,. + 0
 619              		.type	VDAC_PGA_backup, %object
 620              		.size	VDAC_PGA_backup, 2
 621              	VDAC_PGA_backup:
 622 0000 0000     		.space	2
 623              		.text
 624              	.Letext0:
 625              		.file 2 "Generated_Source\\PSoC5\\cytypes.h"
 626              		.file 3 "Generated_Source\\PSoC5\\VDAC_PGA.h"
 627              		.section	.debug_info,"",%progbits
 628              	.Ldebug_info0:
 629 0000 91010000 		.4byte	0x191
 630 0004 0400     		.2byte	0x4
 631 0006 00000000 		.4byte	.Ldebug_abbrev0
 632 000a 04       		.byte	0x4
 633 000b 01       		.uleb128 0x1
 634 000c 7C000000 		.4byte	.LASF23
 635 0010 0C       		.byte	0xc
 636 0011 49000000 		.4byte	.LASF24
 637 0015 35010000 		.4byte	.LASF25
 638 0019 18000000 		.4byte	.Ldebug_ranges0+0x18
 639 001d 00000000 		.4byte	0
 640 0021 00000000 		.4byte	.Ldebug_line0
 641 0025 02       		.uleb128 0x2
 642 0026 01       		.byte	0x1
 643 0027 06       		.byte	0x6
 644 0028 42020000 		.4byte	.LASF0
 645 002c 02       		.uleb128 0x2
 646 002d 01       		.byte	0x1
 647 002e 08       		.byte	0x8
 648 002f 6E000000 		.4byte	.LASF1
 649 0033 02       		.uleb128 0x2
 650 0034 02       		.byte	0x2
 651 0035 05       		.byte	0x5
 652 0036 0E020000 		.4byte	.LASF2
 653 003a 02       		.uleb128 0x2
 654 003b 02       		.byte	0x2
 655 003c 07       		.byte	0x7
 656 003d 6F010000 		.4byte	.LASF3
 657 0041 02       		.uleb128 0x2
 658 0042 04       		.byte	0x4
 659 0043 05       		.byte	0x5
ARM GAS  C:\Users\elias\AppData\Local\Temp\cck02i3z.s 			page 33


 660 0044 2D020000 		.4byte	.LASF4
 661 0048 02       		.uleb128 0x2
 662 0049 04       		.byte	0x4
 663 004a 07       		.byte	0x7
 664 004b 23010000 		.4byte	.LASF5
 665 004f 02       		.uleb128 0x2
 666 0050 08       		.byte	0x8
 667 0051 05       		.byte	0x5
 668 0052 EB010000 		.4byte	.LASF6
 669 0056 02       		.uleb128 0x2
 670 0057 08       		.byte	0x8
 671 0058 07       		.byte	0x7
 672 0059 B8010000 		.4byte	.LASF7
 673 005d 03       		.uleb128 0x3
 674 005e 04       		.byte	0x4
 675 005f 05       		.byte	0x5
 676 0060 696E7400 		.ascii	"int\000"
 677 0064 02       		.uleb128 0x2
 678 0065 04       		.byte	0x4
 679 0066 07       		.byte	0x7
 680 0067 AB010000 		.4byte	.LASF8
 681 006b 04       		.uleb128 0x4
 682 006c 18020000 		.4byte	.LASF12
 683 0070 02       		.byte	0x2
 684 0071 E901     		.2byte	0x1e9
 685 0073 2C000000 		.4byte	0x2c
 686 0077 02       		.uleb128 0x2
 687 0078 04       		.byte	0x4
 688 0079 04       		.byte	0x4
 689 007a 43000000 		.4byte	.LASF9
 690 007e 02       		.uleb128 0x2
 691 007f 08       		.byte	0x8
 692 0080 04       		.byte	0x4
 693 0081 82010000 		.4byte	.LASF10
 694 0085 02       		.uleb128 0x2
 695 0086 01       		.byte	0x1
 696 0087 08       		.byte	0x8
 697 0088 F9010000 		.4byte	.LASF11
 698 008c 04       		.uleb128 0x4
 699 008d E6010000 		.4byte	.LASF13
 700 0091 02       		.byte	0x2
 701 0092 9302     		.2byte	0x293
 702 0094 98000000 		.4byte	0x98
 703 0098 05       		.uleb128 0x5
 704 0099 6B000000 		.4byte	0x6b
 705 009d 06       		.uleb128 0x6
 706 009e 02       		.byte	0x2
 707 009f 03       		.byte	0x3
 708 00a0 25       		.byte	0x25
 709 00a1 BE000000 		.4byte	0xbe
 710 00a5 07       		.uleb128 0x7
 711 00a6 36020000 		.4byte	.LASF14
 712 00aa 03       		.byte	0x3
 713 00ab 27       		.byte	0x27
 714 00ac 6B000000 		.4byte	0x6b
 715 00b0 00       		.byte	0
 716 00b1 07       		.uleb128 0x7
ARM GAS  C:\Users\elias\AppData\Local\Temp\cck02i3z.s 			page 34


 717 00b2 22000000 		.4byte	.LASF15
 718 00b6 03       		.byte	0x3
 719 00b7 28       		.byte	0x28
 720 00b8 6B000000 		.4byte	0x6b
 721 00bc 01       		.byte	0x1
 722 00bd 00       		.byte	0
 723 00be 08       		.uleb128 0x8
 724 00bf 2D000000 		.4byte	.LASF16
 725 00c3 03       		.byte	0x3
 726 00c4 29       		.byte	0x29
 727 00c5 9D000000 		.4byte	0x9d
 728 00c9 09       		.uleb128 0x9
 729 00ca CF010000 		.4byte	.LASF17
 730 00ce 01       		.byte	0x1
 731 00cf 3C       		.byte	0x3c
 732 00d0 01       		.byte	0x1
 733 00d1 09       		.uleb128 0x9
 734 00d2 0E000000 		.4byte	.LASF18
 735 00d6 01       		.byte	0x1
 736 00d7 25       		.byte	0x25
 737 00d8 01       		.byte	0x1
 738 00d9 09       		.uleb128 0x9
 739 00da FE010000 		.4byte	.LASF19
 740 00de 01       		.byte	0x1
 741 00df 84       		.byte	0x84
 742 00e0 01       		.byte	0x1
 743 00e1 0A       		.uleb128 0xa
 744 00e2 D1000000 		.4byte	0xd1
 745 00e6 00000000 		.4byte	.LFB0
 746 00ea 20000000 		.4byte	.LFE0-.LFB0
 747 00ee 01       		.uleb128 0x1
 748 00ef 9C       		.byte	0x9c
 749 00f0 0A       		.uleb128 0xa
 750 00f1 C9000000 		.4byte	0xc9
 751 00f5 00000000 		.4byte	.LFB1
 752 00f9 44000000 		.4byte	.LFE1-.LFB1
 753 00fd 01       		.uleb128 0x1
 754 00fe 9C       		.byte	0x9c
 755 00ff 0B       		.uleb128 0xb
 756 0100 1E020000 		.4byte	.LASF26
 757 0104 01       		.byte	0x1
 758 0105 5F       		.byte	0x5f
 759 0106 00000000 		.4byte	.LFB2
 760 010a 34000000 		.4byte	.LFE2-.LFB2
 761 010e 01       		.uleb128 0x1
 762 010f 9C       		.byte	0x9c
 763 0110 2D010000 		.4byte	0x12d
 764 0114 0C       		.uleb128 0xc
 765 0115 D1000000 		.4byte	0xd1
 766 0119 12000000 		.4byte	.LBB8
 767 011d 22000000 		.4byte	.LBE8-.LBB8
 768 0121 01       		.byte	0x1
 769 0122 6E       		.byte	0x6e
 770 0123 0D       		.uleb128 0xd
 771 0124 12000000 		.4byte	.LVL0
 772 0128 73010000 		.4byte	0x173
 773 012c 00       		.byte	0
ARM GAS  C:\Users\elias\AppData\Local\Temp\cck02i3z.s 			page 35


 774 012d 0E       		.uleb128 0xe
 775 012e D9000000 		.4byte	0xd9
 776 0132 00000000 		.4byte	.LFB3
 777 0136 64000000 		.4byte	.LFE3-.LFB3
 778 013a 01       		.uleb128 0x1
 779 013b 9C       		.byte	0x9c
 780 013c 62010000 		.4byte	0x162
 781 0140 0F       		.uleb128 0xf
 782 0141 C9000000 		.4byte	0xc9
 783 0145 02000000 		.4byte	.LBB16
 784 0149 00000000 		.4byte	.Ldebug_ranges0+0
 785 014d 01       		.byte	0x1
 786 014e 86       		.byte	0x86
 787 014f 0D       		.uleb128 0xd
 788 0150 44000000 		.4byte	.LVL1
 789 0154 7E010000 		.4byte	0x17e
 790 0158 10       		.uleb128 0x10
 791 0159 50000000 		.4byte	.LVL2
 792 015d 89010000 		.4byte	0x189
 793 0161 00       		.byte	0
 794 0162 11       		.uleb128 0x11
 795 0163 89010000 		.4byte	.LASF27
 796 0167 01       		.byte	0x1
 797 0168 15       		.byte	0x15
 798 0169 BE000000 		.4byte	0xbe
 799 016d 05       		.uleb128 0x5
 800 016e 03       		.byte	0x3
 801 016f 00000000 		.4byte	VDAC_PGA_backup
 802 0173 12       		.uleb128 0x12
 803 0174 00000000 		.4byte	.LASF20
 804 0178 00000000 		.4byte	.LASF20
 805 017c 03       		.byte	0x3
 806 017d 34       		.byte	0x34
 807 017e 12       		.uleb128 0x12
 808 017f 4E020000 		.4byte	.LASF21
 809 0183 4E020000 		.4byte	.LASF21
 810 0187 03       		.byte	0x3
 811 0188 3A       		.byte	0x3a
 812 0189 12       		.uleb128 0x12
 813 018a 99010000 		.4byte	.LASF22
 814 018e 99010000 		.4byte	.LASF22
 815 0192 03       		.byte	0x3
 816 0193 37       		.byte	0x37
 817 0194 00       		.byte	0
 818              		.section	.debug_abbrev,"",%progbits
 819              	.Ldebug_abbrev0:
 820 0000 01       		.uleb128 0x1
 821 0001 11       		.uleb128 0x11
 822 0002 01       		.byte	0x1
 823 0003 25       		.uleb128 0x25
 824 0004 0E       		.uleb128 0xe
 825 0005 13       		.uleb128 0x13
 826 0006 0B       		.uleb128 0xb
 827 0007 03       		.uleb128 0x3
 828 0008 0E       		.uleb128 0xe
 829 0009 1B       		.uleb128 0x1b
 830 000a 0E       		.uleb128 0xe
ARM GAS  C:\Users\elias\AppData\Local\Temp\cck02i3z.s 			page 36


 831 000b 55       		.uleb128 0x55
 832 000c 17       		.uleb128 0x17
 833 000d 11       		.uleb128 0x11
 834 000e 01       		.uleb128 0x1
 835 000f 10       		.uleb128 0x10
 836 0010 17       		.uleb128 0x17
 837 0011 00       		.byte	0
 838 0012 00       		.byte	0
 839 0013 02       		.uleb128 0x2
 840 0014 24       		.uleb128 0x24
 841 0015 00       		.byte	0
 842 0016 0B       		.uleb128 0xb
 843 0017 0B       		.uleb128 0xb
 844 0018 3E       		.uleb128 0x3e
 845 0019 0B       		.uleb128 0xb
 846 001a 03       		.uleb128 0x3
 847 001b 0E       		.uleb128 0xe
 848 001c 00       		.byte	0
 849 001d 00       		.byte	0
 850 001e 03       		.uleb128 0x3
 851 001f 24       		.uleb128 0x24
 852 0020 00       		.byte	0
 853 0021 0B       		.uleb128 0xb
 854 0022 0B       		.uleb128 0xb
 855 0023 3E       		.uleb128 0x3e
 856 0024 0B       		.uleb128 0xb
 857 0025 03       		.uleb128 0x3
 858 0026 08       		.uleb128 0x8
 859 0027 00       		.byte	0
 860 0028 00       		.byte	0
 861 0029 04       		.uleb128 0x4
 862 002a 16       		.uleb128 0x16
 863 002b 00       		.byte	0
 864 002c 03       		.uleb128 0x3
 865 002d 0E       		.uleb128 0xe
 866 002e 3A       		.uleb128 0x3a
 867 002f 0B       		.uleb128 0xb
 868 0030 3B       		.uleb128 0x3b
 869 0031 05       		.uleb128 0x5
 870 0032 49       		.uleb128 0x49
 871 0033 13       		.uleb128 0x13
 872 0034 00       		.byte	0
 873 0035 00       		.byte	0
 874 0036 05       		.uleb128 0x5
 875 0037 35       		.uleb128 0x35
 876 0038 00       		.byte	0
 877 0039 49       		.uleb128 0x49
 878 003a 13       		.uleb128 0x13
 879 003b 00       		.byte	0
 880 003c 00       		.byte	0
 881 003d 06       		.uleb128 0x6
 882 003e 13       		.uleb128 0x13
 883 003f 01       		.byte	0x1
 884 0040 0B       		.uleb128 0xb
 885 0041 0B       		.uleb128 0xb
 886 0042 3A       		.uleb128 0x3a
 887 0043 0B       		.uleb128 0xb
ARM GAS  C:\Users\elias\AppData\Local\Temp\cck02i3z.s 			page 37


 888 0044 3B       		.uleb128 0x3b
 889 0045 0B       		.uleb128 0xb
 890 0046 01       		.uleb128 0x1
 891 0047 13       		.uleb128 0x13
 892 0048 00       		.byte	0
 893 0049 00       		.byte	0
 894 004a 07       		.uleb128 0x7
 895 004b 0D       		.uleb128 0xd
 896 004c 00       		.byte	0
 897 004d 03       		.uleb128 0x3
 898 004e 0E       		.uleb128 0xe
 899 004f 3A       		.uleb128 0x3a
 900 0050 0B       		.uleb128 0xb
 901 0051 3B       		.uleb128 0x3b
 902 0052 0B       		.uleb128 0xb
 903 0053 49       		.uleb128 0x49
 904 0054 13       		.uleb128 0x13
 905 0055 38       		.uleb128 0x38
 906 0056 0B       		.uleb128 0xb
 907 0057 00       		.byte	0
 908 0058 00       		.byte	0
 909 0059 08       		.uleb128 0x8
 910 005a 16       		.uleb128 0x16
 911 005b 00       		.byte	0
 912 005c 03       		.uleb128 0x3
 913 005d 0E       		.uleb128 0xe
 914 005e 3A       		.uleb128 0x3a
 915 005f 0B       		.uleb128 0xb
 916 0060 3B       		.uleb128 0x3b
 917 0061 0B       		.uleb128 0xb
 918 0062 49       		.uleb128 0x49
 919 0063 13       		.uleb128 0x13
 920 0064 00       		.byte	0
 921 0065 00       		.byte	0
 922 0066 09       		.uleb128 0x9
 923 0067 2E       		.uleb128 0x2e
 924 0068 00       		.byte	0
 925 0069 3F       		.uleb128 0x3f
 926 006a 19       		.uleb128 0x19
 927 006b 03       		.uleb128 0x3
 928 006c 0E       		.uleb128 0xe
 929 006d 3A       		.uleb128 0x3a
 930 006e 0B       		.uleb128 0xb
 931 006f 3B       		.uleb128 0x3b
 932 0070 0B       		.uleb128 0xb
 933 0071 27       		.uleb128 0x27
 934 0072 19       		.uleb128 0x19
 935 0073 20       		.uleb128 0x20
 936 0074 0B       		.uleb128 0xb
 937 0075 00       		.byte	0
 938 0076 00       		.byte	0
 939 0077 0A       		.uleb128 0xa
 940 0078 2E       		.uleb128 0x2e
 941 0079 00       		.byte	0
 942 007a 31       		.uleb128 0x31
 943 007b 13       		.uleb128 0x13
 944 007c 11       		.uleb128 0x11
ARM GAS  C:\Users\elias\AppData\Local\Temp\cck02i3z.s 			page 38


 945 007d 01       		.uleb128 0x1
 946 007e 12       		.uleb128 0x12
 947 007f 06       		.uleb128 0x6
 948 0080 40       		.uleb128 0x40
 949 0081 18       		.uleb128 0x18
 950 0082 9742     		.uleb128 0x2117
 951 0084 19       		.uleb128 0x19
 952 0085 00       		.byte	0
 953 0086 00       		.byte	0
 954 0087 0B       		.uleb128 0xb
 955 0088 2E       		.uleb128 0x2e
 956 0089 01       		.byte	0x1
 957 008a 3F       		.uleb128 0x3f
 958 008b 19       		.uleb128 0x19
 959 008c 03       		.uleb128 0x3
 960 008d 0E       		.uleb128 0xe
 961 008e 3A       		.uleb128 0x3a
 962 008f 0B       		.uleb128 0xb
 963 0090 3B       		.uleb128 0x3b
 964 0091 0B       		.uleb128 0xb
 965 0092 27       		.uleb128 0x27
 966 0093 19       		.uleb128 0x19
 967 0094 11       		.uleb128 0x11
 968 0095 01       		.uleb128 0x1
 969 0096 12       		.uleb128 0x12
 970 0097 06       		.uleb128 0x6
 971 0098 40       		.uleb128 0x40
 972 0099 18       		.uleb128 0x18
 973 009a 9742     		.uleb128 0x2117
 974 009c 19       		.uleb128 0x19
 975 009d 01       		.uleb128 0x1
 976 009e 13       		.uleb128 0x13
 977 009f 00       		.byte	0
 978 00a0 00       		.byte	0
 979 00a1 0C       		.uleb128 0xc
 980 00a2 1D       		.uleb128 0x1d
 981 00a3 00       		.byte	0
 982 00a4 31       		.uleb128 0x31
 983 00a5 13       		.uleb128 0x13
 984 00a6 11       		.uleb128 0x11
 985 00a7 01       		.uleb128 0x1
 986 00a8 12       		.uleb128 0x12
 987 00a9 06       		.uleb128 0x6
 988 00aa 58       		.uleb128 0x58
 989 00ab 0B       		.uleb128 0xb
 990 00ac 59       		.uleb128 0x59
 991 00ad 0B       		.uleb128 0xb
 992 00ae 00       		.byte	0
 993 00af 00       		.byte	0
 994 00b0 0D       		.uleb128 0xd
 995 00b1 898201   		.uleb128 0x4109
 996 00b4 00       		.byte	0
 997 00b5 11       		.uleb128 0x11
 998 00b6 01       		.uleb128 0x1
 999 00b7 31       		.uleb128 0x31
 1000 00b8 13       		.uleb128 0x13
 1001 00b9 00       		.byte	0
ARM GAS  C:\Users\elias\AppData\Local\Temp\cck02i3z.s 			page 39


 1002 00ba 00       		.byte	0
 1003 00bb 0E       		.uleb128 0xe
 1004 00bc 2E       		.uleb128 0x2e
 1005 00bd 01       		.byte	0x1
 1006 00be 31       		.uleb128 0x31
 1007 00bf 13       		.uleb128 0x13
 1008 00c0 11       		.uleb128 0x11
 1009 00c1 01       		.uleb128 0x1
 1010 00c2 12       		.uleb128 0x12
 1011 00c3 06       		.uleb128 0x6
 1012 00c4 40       		.uleb128 0x40
 1013 00c5 18       		.uleb128 0x18
 1014 00c6 9742     		.uleb128 0x2117
 1015 00c8 19       		.uleb128 0x19
 1016 00c9 01       		.uleb128 0x1
 1017 00ca 13       		.uleb128 0x13
 1018 00cb 00       		.byte	0
 1019 00cc 00       		.byte	0
 1020 00cd 0F       		.uleb128 0xf
 1021 00ce 1D       		.uleb128 0x1d
 1022 00cf 00       		.byte	0
 1023 00d0 31       		.uleb128 0x31
 1024 00d1 13       		.uleb128 0x13
 1025 00d2 52       		.uleb128 0x52
 1026 00d3 01       		.uleb128 0x1
 1027 00d4 55       		.uleb128 0x55
 1028 00d5 17       		.uleb128 0x17
 1029 00d6 58       		.uleb128 0x58
 1030 00d7 0B       		.uleb128 0xb
 1031 00d8 59       		.uleb128 0x59
 1032 00d9 0B       		.uleb128 0xb
 1033 00da 00       		.byte	0
 1034 00db 00       		.byte	0
 1035 00dc 10       		.uleb128 0x10
 1036 00dd 898201   		.uleb128 0x4109
 1037 00e0 00       		.byte	0
 1038 00e1 11       		.uleb128 0x11
 1039 00e2 01       		.uleb128 0x1
 1040 00e3 9542     		.uleb128 0x2115
 1041 00e5 19       		.uleb128 0x19
 1042 00e6 31       		.uleb128 0x31
 1043 00e7 13       		.uleb128 0x13
 1044 00e8 00       		.byte	0
 1045 00e9 00       		.byte	0
 1046 00ea 11       		.uleb128 0x11
 1047 00eb 34       		.uleb128 0x34
 1048 00ec 00       		.byte	0
 1049 00ed 03       		.uleb128 0x3
 1050 00ee 0E       		.uleb128 0xe
 1051 00ef 3A       		.uleb128 0x3a
 1052 00f0 0B       		.uleb128 0xb
 1053 00f1 3B       		.uleb128 0x3b
 1054 00f2 0B       		.uleb128 0xb
 1055 00f3 49       		.uleb128 0x49
 1056 00f4 13       		.uleb128 0x13
 1057 00f5 02       		.uleb128 0x2
 1058 00f6 18       		.uleb128 0x18
ARM GAS  C:\Users\elias\AppData\Local\Temp\cck02i3z.s 			page 40


 1059 00f7 00       		.byte	0
 1060 00f8 00       		.byte	0
 1061 00f9 12       		.uleb128 0x12
 1062 00fa 2E       		.uleb128 0x2e
 1063 00fb 00       		.byte	0
 1064 00fc 3F       		.uleb128 0x3f
 1065 00fd 19       		.uleb128 0x19
 1066 00fe 3C       		.uleb128 0x3c
 1067 00ff 19       		.uleb128 0x19
 1068 0100 6E       		.uleb128 0x6e
 1069 0101 0E       		.uleb128 0xe
 1070 0102 03       		.uleb128 0x3
 1071 0103 0E       		.uleb128 0xe
 1072 0104 3A       		.uleb128 0x3a
 1073 0105 0B       		.uleb128 0xb
 1074 0106 3B       		.uleb128 0x3b
 1075 0107 0B       		.uleb128 0xb
 1076 0108 00       		.byte	0
 1077 0109 00       		.byte	0
 1078 010a 00       		.byte	0
 1079              		.section	.debug_aranges,"",%progbits
 1080 0000 34000000 		.4byte	0x34
 1081 0004 0200     		.2byte	0x2
 1082 0006 00000000 		.4byte	.Ldebug_info0
 1083 000a 04       		.byte	0x4
 1084 000b 00       		.byte	0
 1085 000c 0000     		.2byte	0
 1086 000e 0000     		.2byte	0
 1087 0010 00000000 		.4byte	.LFB0
 1088 0014 20000000 		.4byte	.LFE0-.LFB0
 1089 0018 00000000 		.4byte	.LFB1
 1090 001c 44000000 		.4byte	.LFE1-.LFB1
 1091 0020 00000000 		.4byte	.LFB2
 1092 0024 34000000 		.4byte	.LFE2-.LFB2
 1093 0028 00000000 		.4byte	.LFB3
 1094 002c 64000000 		.4byte	.LFE3-.LFB3
 1095 0030 00000000 		.4byte	0
 1096 0034 00000000 		.4byte	0
 1097              		.section	.debug_ranges,"",%progbits
 1098              	.Ldebug_ranges0:
 1099 0000 02000000 		.4byte	.LBB16
 1100 0004 1A000000 		.4byte	.LBE16
 1101 0008 22000000 		.4byte	.LBB21
 1102 000c 3A000000 		.4byte	.LBE21
 1103 0010 00000000 		.4byte	0
 1104 0014 00000000 		.4byte	0
 1105 0018 00000000 		.4byte	.LFB0
 1106 001c 20000000 		.4byte	.LFE0
 1107 0020 00000000 		.4byte	.LFB1
 1108 0024 44000000 		.4byte	.LFE1
 1109 0028 00000000 		.4byte	.LFB2
 1110 002c 34000000 		.4byte	.LFE2
 1111 0030 00000000 		.4byte	.LFB3
 1112 0034 64000000 		.4byte	.LFE3
 1113 0038 00000000 		.4byte	0
 1114 003c 00000000 		.4byte	0
 1115              		.section	.debug_line,"",%progbits
ARM GAS  C:\Users\elias\AppData\Local\Temp\cck02i3z.s 			page 41


 1116              	.Ldebug_line0:
 1117 0000 C8000000 		.section	.debug_str,"MS",%progbits,1
 1117      02005600 
 1117      00000201 
 1117      FB0E0D00 
 1117      01010101 
 1118              	.LASF20:
 1119 0000 56444143 		.ascii	"VDAC_PGA_Stop\000"
 1119      5F504741 
 1119      5F53746F 
 1119      7000
 1120              	.LASF18:
 1121 000e 56444143 		.ascii	"VDAC_PGA_SaveConfig\000"
 1121      5F504741 
 1121      5F536176 
 1121      65436F6E 
 1121      66696700 
 1122              	.LASF15:
 1123 0022 64617461 		.ascii	"data_value\000"
 1123      5F76616C 
 1123      756500
 1124              	.LASF16:
 1125 002d 56444143 		.ascii	"VDAC_PGA_backupStruct\000"
 1125      5F504741 
 1125      5F626163 
 1125      6B757053 
 1125      74727563 
 1126              	.LASF9:
 1127 0043 666C6F61 		.ascii	"float\000"
 1127      7400
 1128              	.LASF24:
 1129 0049 47656E65 		.ascii	"Generated_Source\\PSoC5\\VDAC_PGA_PM.c\000"
 1129      72617465 
 1129      645F536F 
 1129      75726365 
 1129      5C50536F 
 1130              	.LASF1:
 1131 006e 756E7369 		.ascii	"unsigned char\000"
 1131      676E6564 
 1131      20636861 
 1131      7200
 1132              	.LASF23:
 1133 007c 474E5520 		.ascii	"GNU C11 5.4.1 20160609 (release) [ARM/embedded-5-br"
 1133      43313120 
 1133      352E342E 
 1133      31203230 
 1133      31363036 
 1134 00af 616E6368 		.ascii	"anch revision 237715] -mcpu=cortex-m3 -mthumb -g -O"
 1134      20726576 
 1134      6973696F 
 1134      6E203233 
 1134      37373135 
 1135 00e2 33202D66 		.ascii	"3 -ffunction-sections -ffat-lto-objects -finline-fu"
 1135      66756E63 
 1135      74696F6E 
 1135      2D736563 
 1135      74696F6E 
ARM GAS  C:\Users\elias\AppData\Local\Temp\cck02i3z.s 			page 42


 1136 0115 6E637469 		.ascii	"nctions -flto\000"
 1136      6F6E7320 
 1136      2D666C74 
 1136      6F00
 1137              	.LASF5:
 1138 0123 6C6F6E67 		.ascii	"long unsigned int\000"
 1138      20756E73 
 1138      69676E65 
 1138      6420696E 
 1138      7400
 1139              	.LASF25:
 1140 0135 433A5C47 		.ascii	"C:\\Github\\Tesis\\src\\psoc\\AcondicionamientoAnal"
 1140      69746875 
 1140      625C5465 
 1140      7369735C 
 1140      7372635C 
 1141 0163 6F676963 		.ascii	"ogico.cydsn\000"
 1141      6F2E6379 
 1141      64736E00 
 1142              	.LASF3:
 1143 016f 73686F72 		.ascii	"short unsigned int\000"
 1143      7420756E 
 1143      7369676E 
 1143      65642069 
 1143      6E7400
 1144              	.LASF10:
 1145 0182 646F7562 		.ascii	"double\000"
 1145      6C6500
 1146              	.LASF27:
 1147 0189 56444143 		.ascii	"VDAC_PGA_backup\000"
 1147      5F504741 
 1147      5F626163 
 1147      6B757000 
 1148              	.LASF22:
 1149 0199 56444143 		.ascii	"VDAC_PGA_SetValue\000"
 1149      5F504741 
 1149      5F536574 
 1149      56616C75 
 1149      6500
 1150              	.LASF8:
 1151 01ab 756E7369 		.ascii	"unsigned int\000"
 1151      676E6564 
 1151      20696E74 
 1151      00
 1152              	.LASF7:
 1153 01b8 6C6F6E67 		.ascii	"long long unsigned int\000"
 1153      206C6F6E 
 1153      6720756E 
 1153      7369676E 
 1153      65642069 
 1154              	.LASF17:
 1155 01cf 56444143 		.ascii	"VDAC_PGA_RestoreConfig\000"
 1155      5F504741 
 1155      5F526573 
 1155      746F7265 
 1155      436F6E66 
 1156              	.LASF13:
ARM GAS  C:\Users\elias\AppData\Local\Temp\cck02i3z.s 			page 43


 1157 01e6 72656738 		.ascii	"reg8\000"
 1157      00
 1158              	.LASF6:
 1159 01eb 6C6F6E67 		.ascii	"long long int\000"
 1159      206C6F6E 
 1159      6720696E 
 1159      7400
 1160              	.LASF11:
 1161 01f9 63686172 		.ascii	"char\000"
 1161      00
 1162              	.LASF19:
 1163 01fe 56444143 		.ascii	"VDAC_PGA_Wakeup\000"
 1163      5F504741 
 1163      5F57616B 
 1163      65757000 
 1164              	.LASF2:
 1165 020e 73686F72 		.ascii	"short int\000"
 1165      7420696E 
 1165      7400
 1166              	.LASF12:
 1167 0218 75696E74 		.ascii	"uint8\000"
 1167      3800
 1168              	.LASF26:
 1169 021e 56444143 		.ascii	"VDAC_PGA_Sleep\000"
 1169      5F504741 
 1169      5F536C65 
 1169      657000
 1170              	.LASF4:
 1171 022d 6C6F6E67 		.ascii	"long int\000"
 1171      20696E74 
 1171      00
 1172              	.LASF14:
 1173 0236 656E6162 		.ascii	"enableState\000"
 1173      6C655374 
 1173      61746500 
 1174              	.LASF0:
 1175 0242 7369676E 		.ascii	"signed char\000"
 1175      65642063 
 1175      68617200 
 1176              	.LASF21:
 1177 024e 56444143 		.ascii	"VDAC_PGA_Enable\000"
 1177      5F504741 
 1177      5F456E61 
 1177      626C6500 
 1178              		.comm	__gnu_lto_v1,1,1
 1179              		.ident	"GCC: (GNU Tools for ARM Embedded Processors) 5.4.1 20160609 (release) [ARM/embedded-5-bran
