ARM GAS  C:\Users\elias\AppData\Local\Temp\cc6VvHNG.s 			page 1


   1              		.syntax unified
   2              		.cpu cortex-m3
   3              		.fpu softvfp
   4              		.eabi_attribute 20, 1
   5              		.eabi_attribute 21, 1
   6              		.eabi_attribute 23, 3
   7              		.eabi_attribute 24, 1
   8              		.eabi_attribute 25, 1
   9              		.eabi_attribute 26, 1
  10              		.eabi_attribute 30, 2
  11              		.eabi_attribute 34, 1
  12              		.eabi_attribute 18, 4
  13              		.thumb
  14              		.syntax unified
  15              		.file	"VDAC_ref_PGA_PM.c"
  16              		.text
  17              	.Ltext0:
  18              		.section	.gnu.lto_.profile.cd5edf2e,"",%progbits
  19 0000 789C6361 		.ascii	"x\234ca`d`a`\000\222\205\246\000\001\201\000\261"
  19      60646061 
  19      60009285 
  19      A6000181 
  19      00B1
  20              		.text
  21              		.section	.gnu.lto_.icf.cd5edf2e,"",%progbits
  22 0000 789C6361 		.ascii	"x\234ca`d\000\001\035\006\004`gxr\350\351+.\3063_/m"
  22      60640001 
  22      1D060460 
  22      677872E8 
  22      E92B2EC6 
  23 0018 E6607A74 		.ascii	"\346`zt\370\306z.\346\367\033\236\036\344gy\326\370"
  23      F8C67A2E 
  23      E6F71B9E 
  23      1EE46779 
  23      D6F8
  24 002a ED3D376B 		.ascii	"\355=7k\337\214\273\347\230\331\316\365-\\\300\313\000"
  24      DF8CBBE7 
  24      98D9CEF5 
  24      2D5CC0CB 
  24      00
  25 003b 0013EA16 		.ascii	"\000\023\352\026z"
  25      7A
  26              		.text
  27              		.section	.gnu.lto_.jmpfuncs.cd5edf2e,"",%progbits
  28 0000 789C6361 		.ascii	"x\234ca`d\000\001Y\006\004`\003b&(ff``\001R\254Pa\006"
  28      60640001 
  28      59060460 
  28      03622628 
  28      66666060 
  29 001a 06000794 		.ascii	"\006\000\007\224\000?"
  29      003F
  30              		.text
  31              		.section	.gnu.lto_.inline.cd5edf2e,"",%progbits
  32 0000 789C6361 		.ascii	"x\234ca`d\000\201\251\014\010\300\306\300\300\315\305"
  32      60640081 
  32      A90C08C0 
  32      C6C0C0CD 
ARM GAS  C:\Users\elias\AppData\Local\Temp\cc6VvHNG.s 			page 2


  32      C5
  33 0011 C8C024D0 		.ascii	"\310\300$\320P\313\300\266@\236\011$\306\304\300.\001"
  33      50CBC0B6 
  33      409E0924 
  33      C6C4C02E 
  33      01
  34 0022 1462BAC0 		.ascii	"\024b\272\300\017\027b\344\002\211s\003\031\023\374"
  34      0F1762E4 
  34      02897303 
  34      1913FC
  35 0031 981938D9 		.ascii	"\230\0318\331\201\322<'\002\341\322,\014|<@!\221\005"
  35      81D23C27 
  35      02E1D22C 
  35      0C7C3C40 
  35      219105
  36 0044 05A83A58 		.ascii	"\005\250:X\031\004\304\200\342\0227\3463\242J\2601p"
  36      1904C480 
  36      E21237E6 
  36      33A24AB0 
  36      3170
  37 0056 080225D8 		.ascii	"\010\002%\330>\350\241\212\203\011\006\000\211\032\016"
  37      3EE8A18A 
  37      83090600 
  37      891A0E
  38 0065 1C       		.ascii	"\034"
  39              		.text
  40              		.section	.gnu.lto_.pureconst.cd5edf2e,"",%progbits
  41 0000 789C6361 		.ascii	"x\234ca`d\340e```c\220b\222b\226b\221b\225b\223\000"
  41      6064E065 
  41      60606063 
  41      90629262 
  41      96629162 
  42 0018 0005B100 		.ascii	"\000\005\261\000\307"
  42      C7
  43              		.text
  44              		.section	.gnu.lto_VDAC_ref_PGA_RestoreConfig.part.0.cd5edf2e,"",%progbits
  45 0000 789C8D52 		.ascii	"x\234\215R\317KTQ\024\276\337=\367\215\203\244\370\007"
  45      CF4B5451 
  45      14BEDF3D 
  45      F78D83A4 
  45      F807
  46 0012 08B51DC2 		.ascii	"\010\265\035\302\\\365\007\210\221+iHh%\014a\257e\302"
  46      5CF50788 
  46      912B6948 
  46      68250C61 
  46      AF65C2
  47 0025 50EBB933 		.ascii	"P\353\2713\343\303\246EH\220I\"\263\324~\371\263i\032"
  47      E3C3A645 
  47      48904922 
  47      B3D47EF9 
  47      B3691A
  48 0038 DDD850A1 		.ascii	"\335\330P\241Q\271\252M\213,\342-Dq\006\024#\322\351"
  48      51B9AA4D 
  48      8B2CE22D 
  48      44710614 
  48      23D2E9
  49 004b 9CFB0671 		.ascii	"\234\373\006q%]x\347\334w\3569\337\371\316w\257QP\262"
ARM GAS  C:\Users\elias\AppData\Local\Temp\cc6VvHNG.s 			page 3


  49      255D78E7 
  49      DC77EE39 
  49      DFF9CE77 
  49      AF5150B2 
  50 005f F25AA9F3 		.ascii	"\362Z\251\363\354\273\370\203\247`\306>\363\306@;\257"
  50      ECBBF883 
  50      A760C63E 
  50      F3C6403B 
  50      AF
  51 0070 41E2B371 		.ascii	"A\342\263q\002dc\343P\031\243\011\031\354\353C\215\352"
  51      026463E3 
  51      5019A309 
  51      19ECEB43 
  51      8DEA
  52 0082 6858D189 		.ascii	"hX\321\211i\313k3(\222\235YE@J5\264\303V\230FBq\332"
  52      69CB6B33 
  52      28929D59 
  52      45404A35 
  52      B4C35698 
  53 009a CF85A387 		.ascii	"\317\205\243\207m\261\021I;\027\035b\0061!0w\325\332"
  53      6DB11149 
  53      3B171D62 
  53      06312130 
  53      77D5DA
  54 00ad 46236FC7 		.ascii	"F#o\307v\317\240\025* h1$\306\210\361\304(U\343\"!P"
  54      76CFA015 
  54      2A206831 
  54      24C688F1 
  54      C42855E3 
  55 00c4 D3463CD5 		.ascii	"\323F<\325\265v>D\365\317\275\257\023\017 \200y\002"
  55      B5763E44 
  55      F5CFBDAF 
  55      130F2080 
  55      7902
  56 00d6 371B0FAA 		.ascii	"7\033\017\252\033-{: \015\351]\232\375\265\326\374}"
  56      1B2D7B3A 
  56      200DE95D 
  56      9AFDB5D6 
  56      FC7D
  57 00e8 54CA5AC3 		.ascii	"T\312Z\303\241\302\372\322\225\"\246\262#Y\333\021\020"
  57      A1C2FAD2 
  57      9522A6B2 
  57      2359DB11 
  57      10
  58 00f9 E1293AF1 		.ascii	"\341):\361\004\235\314\352\031\212P!\362\177c\021\236"
  58      049DCCEA 
  58      198A5021 
  58      F27F6311 
  58      9E
  59 010a 8E2027BF 		.ascii	"\216 '\277\357\204\355\202A8\000\236s*\367\035w=O\205"
  59      EF84ED82 
  59      4138009E 
  59      732AF71D 
  59      773D4F85 
  60 011e 7BC1700C 		.ascii	"{\301p\014\302\331\271\345\372\2737m\021(\235$i\034"
  60      C2D9B9E5 
  60      FABB376D 
ARM GAS  C:\Users\elias\AppData\Local\Temp\cc6VvHNG.s 			page 4


  60      11289D24 
  60      691C
  61 0130 C94A65FB 		.ascii	"\311Je\373[K\346\320\336\265\002a\012\254\241\204\267"
  61      5B4BE6D0 
  61      DEB50261 
  61      0AACA184 
  61      B7
  62 0141 3E7E79DB 		.ascii	">~y\333*\320\326\305=\314\261\360\263\002\315\207\367"
  62      2AD0D6C5 
  62      3DCCB1F0 
  62      B302CD87 
  62      F7
  63 0152 5FCF17E2 		.ascii	"_\317\027\342\335]\001\3050\317}\216\234\346X@\267#"
  63      DD5D01C5 
  63      30CF7D8E 
  63      9CE65840 
  63      B723
  64 0164 F7E36C93 		.ascii	"\367\343l\223]y\347\375h{4\177\256\034\315\377iqs\303"
  64      5D79E7FD 
  64      687B347F 
  64      AE1CCDFF 
  64      697173C3 
  65 0178 3BC978F1 		.ascii	";\311x\361\230\361\222cL\312\351\032\036\353z\272j/"
  65      98F19263 
  65      4CCAE91A 
  65      1EEB7ABA 
  65      6A2F
  66 018a 9BAAFD6E 		.ascii	"\233\252\375n\252\346E\005\217W\366>x\322\031\210\243"
  66      AAE64505 
  66      8F57F63E 
  66      78D21988 
  66      A3
  67 019b F4DFA2BD 		.ascii	"\364\337\242\275r\024<\036\246\256\311]\362\026r\253"
  67      72143C1E 
  67      A6AEC95D 
  67      F21672AB 
  68 01ab E5CB52E8 		.ascii	"\345\313R\350^U\215/\226\303<o\242\317\277\345\247\257"
  68      5E558D2F 
  68      96C33C6F 
  68      A2CFBFE5 
  68      A7AF
  69 01bd DFF66FA4 		.ascii	"\337\366o\244\006\206\357\244\207\374\301\344\300p\357"
  69      0686EFA4 
  69      87FCC1E4 
  69      C070EF
  70 01cc C5C16B97 		.ascii	"\305\301k\227zzSi\377f*\331\327\223J\366_\030R\377\000"
  70      7A7A5369 
  70      FF662AD9 
  70      D7934AF6 
  70      5F1852FF 
  71 01e1 FCC6E2EB 		.ascii	"\374\306\342\353"
  72              		.text
  73              		.section	.gnu.lto_VDAC_ref_PGA_Wakeup.part.1.cd5edf2e,"",%progbits
  74 0000 789C6D50 		.ascii	"x\234mP?HBA\034\276\357\356\236:T\264\2645\264>\242"
  74      3F484241 
  74      1CBEEFEE 
  74      9E3A54B4 
ARM GAS  C:\Users\elias\AppData\Local\Temp\cc6VvHNG.s 			page 5


  74      B435B43E 
  75 0015 A0A13510 		.ascii	"\240\2415\020\003!\010$\241Ix\204\275\306\004\251\371"
  75      03210824 
  75      A1497884 
  75      BDC604A9 
  75      F9
  76 0026 DD530FA3 		.ascii	"\335S\017\243\311\245\266pp\320\376\021\265\210\233"
  76      C9A5B670 
  76      70D0FE11 
  76      B5889B
  77 0035 38340425 		.ascii	"84\004%\315-\322 \022\005\032\265\004\366\372\335s\355"
  77      CD2DD220 
  77      12051AB5 
  77      04F6FADD 
  77      73ED
  78 0047 07C777F7 		.ascii	"\007\307w\367\273\357\367}\337\235d`\246\326\010\026"
  78      BBEFF77D 
  78      DF9D6460 
  78      A6D60816 
  79 0057 099768C1 		.ascii	"\011\227h\301b\220\225'\332H\360\0209\204A?&\000\263"
  79      62909527 
  79      DA48F010 
  79      3984413F 
  79      2600B3
  80 006a 5131304F 		.ascii	"Q10Or\001\017\337|\314\321)\367[\334\256+\252\236\256"
  80      72010FDF 
  80      7CCCD129 
  80      F75BDCAE 
  80      2BAA9EAE 
  81 007e ADA8461B 		.ascii	"\255\250F\033Z0\026\360P\233\241\016\233\021\355\365"
  81      5A3016F0 
  81      509BA10E 
  81      9B11EDF5 
  82 008e F6F7643A 		.ascii	"\366\367d:R2\264\205\311%\032\210\230\0007[J\005AQU"
  82      5232B485 
  82      C9251A88 
  82      9800375B 
  82      4A054151 
  83 00a3 6A73B0C0 		.ascii	"js\260\300\264\240\346\220\010\306l\310\245A1\342<\304"
  83      B4A0E690 
  83      08C66CC8 
  83      A54131E2 
  83      3CC4
  84 00b5 018AEDE6 		.ascii	"\001\212\355\346\303\224\0315\242\255\326\373K\324\033"
  84      C3941935 
  84      A2ADD6FB 
  84      4BD41B
  85 00c4 AB23A566 		.ascii	"\253#\245f\265\340\001\247Q\234\303#\021\301\372\350"
  85      B5E001A7 
  85      519CC323 
  85      11C1FAE8 
  86 00d4 FC1C7FDA 		.ascii	"\374\034\177\332\206[\024 \366\251\356t\243_\\\013\011"
  86      865B1420 
  86      F6A9EE74 
  86      A35F5C0B 
  86      09
  87 00e5 33DCFCB8 		.ascii	"3\334\374\270/\317L\216\205\246\257$\265\036\357z]\253"
ARM GAS  C:\Users\elias\AppData\Local\Temp\cc6VvHNG.s 			page 6


  87      2FCF4C8E 
  87      85A6AF24 
  87      B51EEF7A 
  87      5DAB
  88 00f7 8A33BFE4 		.ascii	"\2123\277\344\033A\013\227\230\307\005\346I\365\012"
  88      1B410B97 
  88      98C705E6 
  88      49F50A
  89 0106 55B001FD 		.ascii	"U\260\001\375\312\277\326\221\200\0022\\\2235yi\021"
  89      CABFD691 
  89      8002325C 
  89      93357969 
  89      11
  90 0117 A5778DB8 		.ascii	"\245w\215\270\0103\277\241\320~\336\010\347L\015)$\265"
  90      0833BFA1 
  90      D07EDE08 
  90      E74C0D29 
  90      24B5
  91 0129 896E27DD 		.ascii	"\211n'\335}7\277s\340\356:\351\334a>\353fR\351\\b5\263"
  91      7D37BF73 
  91      E0EE3AE9 
  91      DC613EEB 
  91      6652E95C 
  92 0140 BD1E4F38 		.ascii	"\275\036O8yw\317I%\343Njs9\313\376\000\222\021}\370"
  92      7977CF49 
  92      25E34E6A 
  92      7339CBFE 
  92      0092117D 
  93              		.text
  94              		.section	.gnu.lto_VDAC_ref_PGA_SaveConfig.cd5edf2e,"",%progbits
  95 0000 789C4D91 		.ascii	"x\234M\221\317K\033A\024\307\337wf7\011\332H\377\000"
  95      CF4B1B41 
  95      14C7DF77 
  95      663709DA 
  95      48FF00
  96 0013 11AFC1D2 		.ascii	"\021\257\301\322\\\352\037 \226z*\204\012\236\204Pu"
  96      5CEA1F20 
  96      967A2A84 
  96      0A9E8450 
  96      75
  97 0024 7B54087A 		.ascii	"{T\010z\350)\223l\026\265\207R(M\241 \322\203D\333\306"
  97      E829936C 
  97      16B58752 
  97      284DA120 
  97      D28344DB 
  98 0039 447B4803 		.ascii	"D{H\003\036B\220\236\374q\261\227\226\202Z\310\301*"
  98      1E42909E 
  98      FC71B197 
  98      96825AC8 
  98      C12A
  99 004b 28D48345 		.ascii	"(\324\203E\223\276\267\003m\007vf\366\315w\336\367\363"
  99      93BEB703 
  99      6D077666 
  99      F6CD77DE 
  99      F7F3
 100 005d DE380492 		.ascii	"\3368\004\222\361\223\227\001^\357\361\007\227\240^"
 100      F1939701 
ARM GAS  C:\Users\elias\AppData\Local\Temp\cc6VvHNG.s 			page 7


 100      5EEFF107 
 100      97A05E
 101 006c EC11E562 		.ascii	"\354\021\345bJ\351\203$\231.g\253\217\314-\015\307\206"
 101      4AE98324 
 101      992E67AB 
 101      8FCC2D0D 
 101      C786
 102 007e 1D403626 		.ascii	"\035@6&\006\312*\355 \213Ku\243\320\234o\325U\242dx"
 102      06CA2AED 
 102      208B4B75 
 102      A3D09C6F 
 102      D555A264 
 103 0093 1CAEBCD4 		.ascii	"\034\256\274\324f\265\201@\023uThA(!A,;\336h\277\212"
 103      66B58140 
 103      13755468 
 103      41282141 
 103      2C3BDE68 
 104 00a9 470A22EB 		.ascii	"G\012\"\353\267\207XED8*\217\032\246\323\361Mc\311="
 104      B7875845 
 104      44382A8F 
 104      1AA6D3F1 
 104      4D63C93D 
 105 00bd 53514501 		.ascii	"SQE\001;\312\344\312Dt\316Z\361\275PJV\335B\363\367"
 105      3BCAE4CA 
 105      4474CE5A 
 105      F1BD504A 
 105      56DD42F3 
 106 00d2 B3F6B696 		.ascii	"\263\366\266\226\353\276v8u1h\356G\177\251@+\210S\341"
 106      EBBE7638 
 106      753168EE 
 106      477FA940 
 106      2B8853E1 
 107 00e6 F87B316E 		.ascii	"\370{1n\177\327\2529\023*^\227Kz\031K\271\002\263i\274"
 107      7FD7AA39 
 107      132A5E97 
 107      4B7A194B 
 107      B902B369 
 108 00fb 432FD6D0 		.ascii	"C/\326\320\313\010\357\261\014j\301\277~@\276V6\335"
 108      CB08EFB1 
 108      0C6AC1BF 
 108      7E40BE56 
 108      36DD
 109 010d C5EE9B1F 		.ascii	"\305\356\233\037=r\037\350\307\007\226\035\241\360\325"
 109      3D721FE8 
 109      C707961D 
 109      A1F0D5
 110 011c 9FB07E52 		.ascii	"\237\260~Rq\345\264~\025\267\002BY\362\220\340i:HZ\272"
 110      71E5B47E 
 110      15B70242 
 110      59F290E0 
 110      693A485A 
 111 0131 BD956EAB 		.ascii	"\275\225n\253vY];\373<\337cq\3625\213\263\273y\270\357"
 111      76595D3B 
 111      FB3CDF63 
 111      71F2358B 
 111      B3BB79B8 
 112 0146 FEC359FF 		.ascii	"\376\303Y\377\213S\2618\371\342\333;\222\340\377\332"
ARM GAS  C:\Users\elias\AppData\Local\Temp\cc6VvHNG.s 			page 8


 112      8B53B138 
 112      F9E2DB3B 
 112      92E0FFDA 
 113 0156 9CB0B67A 		.ascii	"\234\260\266z\375\364[4{c\026\214\271\315\261En\264"
 113      FDF45B34 
 113      7B63168C 
 113      B9CDB145 
 113      6EB4
 114 0168 844F76BE 		.ascii	"\204Ov\276lwIB\023\306]l\360\353T%%\037>\377T]\214%"
 114      6C774942 
 114      13C65D6C 
 114      F0EB5425 
 114      251F3EFF 
 115 0180 CBD279F3 		.ascii	"\313\322y\3634\320\021l\262K;|\036|D\222)C|'\354\356"
 115      34D0116C 
 115      B24B3B7C 
 115      1E7C4492 
 115      29437C27 
 116 0196 09F28D9A 		.ascii	"\011\362\215\232+\346aU\347\334R\016\26381\342M{\231"
 116      2BE66155 
 116      E7DC520E 
 116      B33831E2 
 116      4D7B99
 117 01a9 C7B3DE54 		.ascii	"\307\263\336Tztf.3\351\215\247Fg\206\007\307\307\356"
 117      7A74662E 
 117      33E98DA7 
 117      46678607 
 117      C7C7EE
 118 01bc 0F0DA733 		.ascii	"\017\015\2473\336\223tjd(\235zxw\222\376\000\247\277"
 118      DE93746A 
 118      64289D7A 
 118      787792FE 
 118      00A7BF
 119 01cf B8FF     		.ascii	"\270\377"
 120              		.text
 121              		.section	.gnu.lto_VDAC_ref_PGA_RestoreConfig.cd5edf2e,"",%progbits
 122 0000 789C6552 		.ascii	"x\234eRMh\023Q\020\236yow\263\204\244\024\317U{\015"
 122      4D681351 
 122      109E796F 
 122      77B384A4 
 122      14CF557B 
 123 0015 A23979D1 		.ascii	"\2429y\321S\251\264\027\305`\301S!h]\217-\004=\347%"
 123      53A9B417 
 123      C560C153 
 123      21685D8F 
 123      2D043DE7 
 124 002a 9BA5A607 		.ascii	"\233\245\246\007\361b*\005\311EH\253\266IZc\214z\210"
 124      F1622A05 
 124      C94548AB 
 124      B6495A63 
 124      8C7A88
 125 003d 41EA5F6B 		.ascii	"A\352_k/\365b\021\332*AJ\013-T\301\2376\316\354\223"
 125      2FF56211 
 125      DA2A414A 
 125      0B2D54C1 
 125      9F36CEEC 
 126 0052 1AF0C1CE 		.ascii	"\032\360\301\316\354\276\367\315|\337|\373\014@\340"
ARM GAS  C:\Users\elias\AppData\Local\Temp\cc6VvHNG.s 			page 9


 126      ECBEF7CD 
 126      7CDF7CFB 
 126      0C40E0
 127 0061 754F001C 		.ascii	"uO\000\034\243|\226\036\014\000\212[\357\001R\266\020"
 127      A37C961E 
 127      0C008A5B 
 127      EF0152B6 
 127      10
 128 0072 72390A2A 		.ascii	"r9\012*h=?\002*$\205\3019h\362^\310@\213Ah\352\234\262"
 128      683D3F02 
 128      2A2485C1 
 128      3968F25E 
 128      C8408B41 
 129 008a 2D447E51 		.ascii	"-D~Q6BRH\303\2640\211\337\304\236\300\306h\263&\"\005"
 129      36425248 
 129      C3B43089 
 129      DFC49EC0 
 129      C668B326 
 130 00a0 456BD5CB 		.ascii	"Ek\325\313K5YGO\002\264\204O\015X\300\010\020l\275\274"
 130      4B355947 
 130      4F02B484 
 130      4F0D58C0 
 130      08106CBD 
 131 00b5 7F3B6C65 		.ascii	"\177;le\030\326\255\017q\022-\326W\274PW\255\226\253"
 131      18D6AD0F 
 131      71122DD6 
 131      57BC5057 
 131      AD96AB
 132 00c8 EABFCCAD 		.ascii	"\352\277\314\255P\020\301\223(9\030\034L\0166\007\200"
 132      5010C193 
 132      2839181C 
 132      4C0E3607 
 132      80
 133 00d9 6DAA620D 		.ascii	"m\252b\015;Bp\226Ml\374\034\373\376Jr#WJ\"\311y\215"
 133      3B427096 
 133      4D6CFC1C 
 133      FBFE4A72 
 133      23574A22 
 134 00f0 A5C0AEF0 		.ascii	"\245\300\256\360\244@\346\314\254\177\312\205\365\347"
 134      A440E6CC 
 134      AC7FCA85 
 134      F5E7
 135 00fe 5429A50C 		.ascii	"T)\245\014F\214O\027d\036\357\2462\244R\342}\354\302"
 135      468C4F17 
 135      641EEFA6 
 135      32A452E2 
 135      7DECC2
 136 0111 29EC2231 		.ascii	")\354\"1\0170\217\320D\367w\037\270\022u\273\235\305"
 136      0F308FD0 
 136      44F7771F 
 136      B81275BB 
 136      9DC5
 137 0123 89CF1D5C 		.ascii	"\211\317\035\\\217\330\215\017\011\266\206\231\217\356"
 137      8FD88D0F 
 137      09B68699 
 137      8FEE
 138 0131 65CD8704 		.ascii	"e\315\207\004(n\326~\2045\000p\232\373\000\313\223\260"
ARM GAS  C:\Users\elias\AppData\Local\Temp\cc6VvHNG.s 			page 10


 138      286ED67E 
 138      84350070 
 138      9AFB00CB 
 138      93B0
 139 0143 1CD5EAE6 		.ascii	"\034\325\352\346\357\234\322h\223\320\225\231/\257\377"
 139      EF9CD268 
 139      93D09599 
 139      2FAFFF
 140 0152 AA1BAF68 		.ascii	"\252\033\257h9\3317s\347\377\251\2319PSlWc\350\362\211"
 140      39D93773 
 140      E7FFA999 
 140      3950536C 
 140      5763E8F2 
 141 0167 67BB6F4D 		.ascii	"g\273oMMfcI\253Yq\207u\177\243\215\336\200w\207\344"
 141      4D666349 
 141      AB597187 
 141      757FA38D 
 141      DE807787 
 142 017c 57743BF9 		.ascii	"Wt;\371\210}\250\3256W\002\311=uC\251NO\032-r\007\260"
 142      887DA8D5 
 142      365702C9 
 142      3D7543A9 
 142      4E4F1A2D 
 143 0193 8C49B2D5 		.ascii	"\214I\262\325\364+L\310\036&\301\351\247\345\205\027"
 143      F42B4CC8 
 143      1E26C1E9 
 143      A7E58517 
 144 01a3 61DDD06E 		.ascii	"a\335\320n\267\323\302\377\333XY\372\313\274\275\261"
 144      B7D3C2FF 
 144      DB5859FA 
 144      CBBCBDB1 
 145 01b3 F0E16590 		.ascii	"\360\341e\220\207P\376~\000\347\350j\314\262\032:\274"
 145      8750FE7E 
 145      00E7E86A 
 145      CCB21A3A 
 145      BC
 146 01c4 F9A494B5 		.ascii	"\371\244\224\265\243\307=i\343#\232i\337\277\025X\301"
 146      A3C73D69 
 146      E3239A69 
 146      DFBF1558 
 146      C1
 147 01d5 284DD7C8 		.ascii	"(M\327\310\255\035e2\202U\267\346G;\2645\351\252\266"
 147      AD1D6532 
 147      8255B7E6 
 147      473BB435 
 147      E9AAB6
 148 01e8 66717675 		.ascii	"fqvu\311\364\275\241\306\247\201\375y|\340O\225z\221"
 148      C9F4BDA1 
 148      C6A781FD 
 148      797CE04F 
 148      957A91
 149 01fb 465FBCE5 		.ascii	"F_\274\345_\206\015L\327\253}\376\304\274\266iF\332"
 149      5F860D4C 
 149      D7AB7DFE 
 149      C4BCB669 
 149      46DA
 150 020d 26BA48BF 		.ascii	"&\272H\2773\354$.]s\256\304\007F\256'\206\234\301\330"
ARM GAS  C:\Users\elias\AppData\Local\Temp\cc6VvHNG.s 			page 11


 150      33EC242E 
 150      5D73AEC4 
 150      0746AE27 
 150      869CC1D8 
 151 0221 C048EFC9 		.ascii	"\300H\357\311\301\213gzz\343\011\347j<\326\337\023\217"
 151      C18B677A 
 151      7AE309E7 
 151      6A3CD6DF 
 151      138F
 152 0233 9D3B3104 		.ascii	"\235;1\004\177\000J\231\364\265"
 152      7F004A99 
 152      F4B5
 153              		.text
 154              		.section	.gnu.lto_VDAC_ref_PGA_Sleep.cd5edf2e,"",%progbits
 155 0000 789C9592 		.ascii	"x\234\225\222\337K\223Q\030\307\317s\316\373cn\315\372"
 155      DF4B9351 
 155      18C7CF73 
 155      CEFB636E 
 155      CDFA
 156 0012 0344BC13 		.ascii	"\003D\274\023)Z7\375\001b\344U \011u#\214\260u\2310"
 156      295A37FD 
 156      0162E455 
 156      20097523 
 156      8CB07599 
 157 0027 EAA2AB9D 		.ascii	"\352\242\253\235\355\335\230v!y\321\0221\244\213P\253"
 157      EDDD9876 
 157      2179D112 
 157      31A48B50 
 157      AB
 158 0038 B569992E 		.ascii	"\265i\231.M\347\220\272\361\007\201v\221\004f4B\024"
 158      4DE790BA 
 158      F1078176 
 158      91046634 
 158      4214
 159 004a 37D28B7E 		.ascii	"7\322\213~\350z\236sr\255\002\251\003;\357\273\347y"
 159      E87A9E73 
 159      72AD02A9 
 159      033BEFBB 
 159      E779
 160 005c DEE7FB3D 		.ascii	"\336\347\373=\317\347\030\014\030\255U\301\330q|^\304"
 160      CFE7180C 
 160      18AD55C1 
 160      D8717C5E 
 160      C4
 161 006d 1FB818F0 		.ascii	"\037\270\030\360[\213\214\205]\234\213\316z&\335\006"
 161      5B8B8C85 
 161      5D9C8BCE 
 161      7A26DD06 
 162 007d ED470498 		.ascii	"\355G\004\230:l\034\274\230\334Z\366a\336\236\252\305"
 162      3A6C1CBC 
 162      98DC5AF6 
 162      61DE9EAA 
 162      C5
 163 008e BC05B60E 		.ascii	"\274\005\266\016\333\000\364\"]\300B\\\030\246eC\010"
 163      DB00F422 
 163      5DC0425C 
 163      18A66543 
ARM GAS  C:\Users\elias\AppData\Local\Temp\cc6VvHNG.s 			page 12


 163      08
 164 009f 76F91E87 		.ascii	"v\371\036\207\\<\237\341\015\203\022\327\332\307\355"
 164      5C3C9FE1 
 164      0D8312D7 
 164      DAC7ED
 165 00ae 5372280B 		.ascii	"Sr(\0131\224.q\345\202\301 40,[\037\331\277\355\265"
 165      31942E71 
 165      E582C120 
 165      34302C5B 
 165      1FD9BFED 
 166 00c3 A25456A7 		.ascii	"\242TV\247\2230\004\026YM\235\317\312R\311\221\331\036"
 166      93300416 
 166      594D9DCF 
 166      CA52C991 
 166      D91E
 167 00d5 7B76DAF6 		.ascii	"{v\332\366r\026\023`\320VE\233\2336\017m\214\025\360"
 167      72161360 
 167      D056459B 
 167      9B360F6D 
 167      8C15F0
 168 00e8 337251E4 		.ascii	"3rQ\344\234\236\"\017\271\2577\337\364\367\002\265r"
 168      9C9E220F 
 168      B9AF37DF 
 168      F4F702B5 
 168      72
 169 00f9 84813289 		.ascii	"\204\2012\211Xn\311\336\3411\301\201TwWz\203\372\337"
 169      586EC9DE 
 169      E131C181 
 169      5477577A 
 169      83FADF
 170 010c 503C2CA9 		.ascii	"P<,\251\240\357sa\366\350\000\334\015G\321\246\200\007"
 170      A0EF7361 
 170      F6E800DC 
 170      0D47D1A6 
 170      8007
 171 011e 5003C350 		.ascii	"P\003\303P\203n\036\302\000\260<8\337\3172Gp\335\355"
 171      836E1EC2 
 171      00B03C38 
 171      DFCF3247 
 171      70DDED
 172 0131 7534DD2F 		.ascii	"u4\335/\350{\000\003\036a\331{\210\256:\265Z\216\016"
 172      E87B0003 
 172      1E61D97B 
 172      88AE3AB5 
 172      5A8E0E
 173 0144 9FDACC7C 		.ascii	"\237\332\314|\361\352\002\006I\352\303\310\236`\235"
 173      F1EA0206 
 173      49EAC3C8 
 173      9E609D
 174 0153 F5E82EB2 		.ascii	"\365\350.\262S\310\367x\250\272\322\231\241\234e2\233"
 174      53C8F778 
 174      A8BAD299 
 174      A19C6532 
 174      9B
 175 0164 AB76684F 		.ascii	"\253vhOvJy\014c]82\012o\314\257\314\271\311\236Tq\023"
 175      764A790C 
 175      635D3832 
ARM GAS  C:\Users\elias\AppData\Local\Temp\cc6VvHNG.s 			page 13


 175      0A6FCCAF 
 175      CCB9C99E 
 176 017b 5238E7C7 		.ascii	"R8\347\307\324\030\223\335\023\351.\227/I3\2247b\302"
 176      D41893DD 
 176      13E92E97 
 176      2F493394 
 176      3762C2
 177 018e 82347ADE 		.ascii	"\2024z\336W\203\206\021\360a\305X|~\304M\"\026\000\214"
 177      57838611 
 177      F061C558 
 177      7C7EC44D 
 177      2216008C 
 178 01a2 2A3F456E 		.ascii	"*?En\034\270Io\225\335\374\253\374\223\303\344\237\376"
 178      1CB8496F 
 178      95DDFCAB 
 178      FC93C3E4 
 178      9FFE
 179 01b4 921F53F2 		.ascii	"\222\037S\362\3453\"Xx\366S\336T\254>\201\223\235|\305"
 179      E5332258 
 179      78F653DE 
 179      54AC3E81 
 179      939D7CC5 
 180 01c8 49FEEFE3 		.ascii	"I\376\357\343\333%\304\305`\034B\010\332\305\024\327"
 180      DB25C4C5 
 180      601C4208 
 180      DAC514D7 
 181 01d8 FD39F1FB 		.ascii	"\3759\361\373\265\221\337\272MuiJ\210\377\317\033\005"
 181      B591DFBA 
 181      4D75694A 
 181      88FFCF1B 
 181      05
 182 01e9 13D89741 		.ascii	"\023\330\227A\206\300Ta2\272\376.\341\325\344\207\323"
 182      86C05461 
 182      32BAFE2E 
 182      E1D5E487 
 182      D3
 183 01fa 9A7CE24E 		.ascii	"\232|\342NrP(\362a\322\024\360\274\314~\262\222\275"
 183      725028F2 
 183      61D214F0 
 183      BCCC7EB2 
 183      92BD
 184 020c 5B77282E 		.ascii	"[w(.\364}\250\326h\353`J\263\177\353\314\344@\213\270"
 184      F47DA8D6 
 184      68EB604A 
 184      B37FEBCC 
 184      E4408BB8 
 185 0220 2B705B6C 		.ascii	"+p[l\331\247/\343\342}\217N{\260\303\370\326\313x\265"
 185      D9A72FE3 
 185      E27D8F4E 
 185      7BB0C3F8 
 185      D6CB78B5 
 186 0234 F61019D7 		.ascii	"\366\020\031\327\036\026F\327\226\314J\017/\312\036"
 186      1E1646D7 
 186      96CC4A0F 
 186      2FCA1E
 187 0243 A6B58748 		.ascii	"\246\265\207H\342\336\011j\361\037\214f\016c\224U\214"
 187      E2DE096A 
ARM GAS  C:\Users\elias\AppData\Local\Temp\cc6VvHNG.s 			page 14


 187      F11F8C66 
 187      0E639455 
 187      8C
 188 0254 400F0866 		.ascii	"@\017\010f\301\207\336\224i[a\331\200Hv\246YQ\241U\300"
 188      C187DE94 
 188      695B61D9 
 188      804876A6 
 188      5951A155 
 189 0269 4A0C23D3 		.ascii	"J\014#\323\206\346\300\325@\360\322\265\300e\177k\307"
 189      86E6C0D5 
 189      40F0D2B5 
 189      C0657F6B 
 189      C7
 190 027a F5607BA0 		.ascii	"\365`{\240\255\245\265\243\351t\333\2053\215M\376`\340"
 190      ADA5B5A3 
 190      E974DB85 
 190      338D4DFE 
 190      60E0
 191 028c 8ABFA5B9 		.ascii	"\212\277\245\271\321\337r\356d;\373\001\020^h\245"
 191      D1DF72EE 
 191      643BFB01 
 191      105E68A5 
 192              		.text
 193              		.section	.gnu.lto_VDAC_ref_PGA_Wakeup.cd5edf2e,"",%progbits
 194 0000 789C6D8F 		.ascii	"x\234m\217\277KBQ\024\307\317\271\367\251\017)\364\017"
 194      BF4B4251 
 194      14C7CFB9 
 194      F7A90F29 
 194      F40F
 195 0012 88689528 		.ascii	"\210h\225(\211h\015\304@\010\002Ih\022$\3545&H\255y"
 195      89680DC4 
 195      40080249 
 195      681224EC 
 195      352648AD 
 196 0027 FDF12A97 		.ascii	"\375\361*\227h\251%\304\241A\373iFC6\275D\014D\3721"
 196      68A925C4 
 196      A141FB69 
 196      464336BD 
 196      440C44FA 
 197 003c B4D4520D 		.ascii	"\264\324R\015\022\322`P\243\276\316}\015\015u\340r\340"
 197      12D26050 
 197      A3BECE7D 
 197      0D0D75E0 
 197      72E0
 198 004e 7BBEDF7B 		.ascii	"{\276\337{\316G\001\004Y\253\324\206\251\217\323C\033"
 198      CE470104 
 198      59ABD486 
 198      A98FD343 
 198      1B
 199 005f 20DBBA01 		.ascii	" \333\272\001H\252\214\361\272\013\204SiL\202\350\343"
 199      48AA8CF1 
 199      BA0B8453 
 199      694C82E8 
 199      E3
 200 0070 A8481915 		.ascii	"\250H\031\025D\331\205\212\220`\\\301\004~\261.\303"
 200      44D9858A 
 200      90605CC1 
ARM GAS  C:\Users\elias\AppData\Local\Temp\cc6VvHNG.s 			page 15


 200      047EB12E 
 200      C3
 201 0081 EA7AABC2 		.ascii	"\352z\253\302<\005A\365\254\357\215\211\242\201:\007"
 201      3C0541F5 
 201      ACEF8D89 
 201      A2813A07 
 202 0091 3099B501 		.ascii	"0\231\265\001\260\200\036 \333k\271\267\335o\317H\333"
 202      B0801E20 
 202      DB6BB9B7 
 202      DD6FCF48 
 202      DB
 203 00a2 D0CF108B 		.ascii	"\320\317\020\213h\227g\224f\015a\232ia\354:\257\356"
 203      68976794 
 203      660D619A 
 203      6961EC3A 
 203      AFEE
 204 00b4 9C760E3A 		.ascii	"\234v\016:'\271C\026\271\356\2031\331\371\033\246\215"
 204      27B94316 
 204      B9EE8331 
 204      D9F91BA6 
 204      8D
 205 00c5 5C83C990 		.ascii	"\\\203\311\220\374\256Ry\177r$\272bC\010\267\316\231"
 205      FCAE5279 
 205      7F7224BA 
 205      624308B7 
 205      CE99
 206 00d7 C92882FB 		.ascii	"\311(\202\373\230\2400\207\026\246.\313\3153\2074\247"
 206      98A03087 
 206      16A62ECB 
 206      CD338734 
 206      A7
 207 00e8 3927FB8E 		.ascii	"9'\373\216^\275u|2\235\316\376\233V\262t\257\224\333"
 207      5EBD757C 
 207      329DCEFE 
 207      9B56B274 
 207      AF94DB
 208 00fb CD879A33 		.ascii	"\315\207\2323\217\271\244\260t\033\036\022\344\001\016"
 208      8FB9A4B0 
 208      741B1E12 
 208      E4010E
 209 010a 58C3CD8B 		.ascii	"X\303\315\213\323\254\352\035\321\271\035\2170\217="
 209      D3ACEA1D 
 209      D1B91D8F 
 209      308F3D
 210 0119 8B0F8FD1 		.ascii	"\213\017\217\321\013/\230yL\017\376.;\257]\257\251r"
 210      0B2F9879 
 210      4C0FFE2E 
 210      3BAF5DAF 
 210      A972
 211 012b 19529DC8 		.ascii	"\031R\235\3108H\016\016u\227\304p\377\317\3400\211\024"
 211      38480E0E 
 211      7597C470 
 211      FFCFE030 
 211      8914
 212 013d B06431A8 		.ascii	"\260d1\250VB\261\310\333\2302\356\247\255\220\254\016"
 212      5642B1C8 
 212      DB9832EE 
ARM GAS  C:\Users\elias\AppData\Local\Temp\cc6VvHNG.s 			page 16


 212      A7AD90AC 
 212      0E
 213 014e A1924C5E 		.ascii	"\241\222L^O@[\322\342\363\313\332B$\024[\211G\265p0"
 213      4F405BD2 
 213      E2F3CBDA 
 213      4224145B 
 213      8947B570 
 214 0163 14F34F84 		.ascii	"\024\363O\204\347\246|\376H\\[\214\004\003\276Hpf4\012"
 214      E7A67CFE 
 214      485C5B8C 
 214      0403BE48 
 214      7066340A 
 215 0177 DF8BE893 		.ascii	"\337\213\350\223w"
 215      77
 216              		.text
 217              		.section	.gnu.lto_.symbol_nodes.cd5edf2e,"",%progbits
 218 0000 789C5DCD 		.ascii	"x\234]\315=\016\201Q\020\205\341wf\356\037\245Z\204"
 218      3D0E8151 
 218      1085E177 
 218      66EE1FA5 
 218      5A84
 219 0012 95CE8D58 		.ascii	"\225\316\215X\200-\020\233 \321\251\025V\200\330\202"
 219      802D109B 
 219      20D1A915 
 219      5680D882 
 220 0022 56DC4F14 		.ascii	"V\334O\024\256i&\3479\311L@\270\320F\213\303\372\014"
 220      AE6926E7 
 220      39C94C40 
 220      B8D0468B 
 220      C3FA0C
 221 0035 8EEC579B 		.ascii	"\216\354W\233:\207\010u\002\246c\227\277J\305\365K\034"
 221      3A870875 
 221      02A66397 
 221      BF4AC5F5 
 221      4B1C
 222 0047 EAA281BA 		.ascii	"\352\242\201\272\365`\036z\010\036;\220\344\351\003"
 222      F5601E7A 
 222      081E3B90 
 222      E4E903
 223 0056 EDCD7053 		.ascii	"\355\315pS\262\347.G/\277\331\264\360\270\276\3044\263"
 223      B2E72E47 
 223      2FBFD9B4 
 223      F0B8BEC4 
 223      34B3
 224 0068 1B7680FB 		.ascii	"\033v\200\373sfq\304\351\326b\012l\007N\312\3628\345"
 224      736671C4 
 224      E9D6620A 
 224      6C074ECA 
 224      F238E5
 225 007b 0DBC8731 		.ascii	"\015\274\2071`"
 225      60
 226              		.text
 227              		.section	.gnu.lto_.refs.cd5edf2e,"",%progbits
 228 0000 789C0DC7 		.ascii	"x\234\015\307\301\011\000 \014\004\301]s\021\301&\354"
 228      C1090020 
 228      0C04C15D 
 228      7311C126 
ARM GAS  C:\Users\elias\AppData\Local\Temp\cc6VvHNG.s 			page 17


 228      EC
 229 0011 BF4AF319 		.ascii	"\277J\363\031\230 \017F\214\245m\360T;\235x\335\270"
 229      98200F46 
 229      8CA56DF0 
 229      543B9D78 
 229      DDB8
 230 0023 F809DB00 		.ascii	"\370\011\333\000q"
 230      71
 231              		.text
 232              		.section	.gnu.lto_.decls.cd5edf2e,"",%progbits
 233 0000 789C9595 		.ascii	"x\234\225\225kLTW\020\307\357\354]\226\345\262j\013"
 233      6B4C5457 
 233      10C7EFEC 
 233      5D96E5B2 
 233      6A0B
 234 0012 7D50C307 		.ascii	"}P\303\0074\330\320/TB\232\372\245I\015m\365C\333\320"
 234      34D8D02F 
 234      54429AFA 
 234      A5490D6D 
 234      F543DBD0 
 235 0026 12F18B0D 		.ascii	"\022\361\213\015]\360J\215\024\350\272\230\370\355\360"
 235      5DF04A8D 
 235      14E8BA98 
 235      F8EDF0
 236 0035 30826DEA 		.ascii	"0\202m\352\023) \225Z[Q\027Xy/P\\PP\020\024\304\"\317"
 236      13292095 
 236      5A5B5117 
 236      58792F50 
 236      5C505010 
 237 004d 428AB6B1 		.ascii	"B\212\266\261j\304\224\004H\243t\316\343\366\356%\254"
 237      6AC49404 
 237      48A374CE 
 237      E3F6EE25 
 237      AC
 238 005e B127CCEE 		.ascii	"\261'\314\3569w\377\363\23393\263\213Y\002\211\256\305"
 238      3977FFF3 
 238      9B3933B3 
 238      8B590289 
 238      AEC5
 239 0070 40492AC7 		.ascii	"@I*\307\355z\023\356q\341QJ\224\364\025\204V\211\346"
 239      ED7A13EE 
 239      71E1514A 
 239      94F41584 
 239      5689E6
 240 0083 46AB45AB 		.ascii	"F\253E\253GkD\363\240\265\240]F\353B\243\264A\311\270"
 240      476B44F3 
 240      A0B5A05D 
 240      46EB42A3 
 240      B441C9B8 
 241 0097 A89FC60B 		.ascii	"\250\237\306\013G\033F\033B\033A\033@k\027~}\342\275"
 241      471B461B 
 241      421B411B 
 241      406B177E 
 241      7DE2BD
 242 00aa D20F87C6 		.ascii	"\322\017\207\306\266\372pF\321j|xch\227\204V\026z-\267"
 242      B6FA7046 
 242      D16A7C78 
ARM GAS  C:\Users\elias\AppData\Local\Temp\cc6VvHNG.s 			page 18


 242      63689784 
 242      56167A2D 
 243 00bf A5ABF67F 		.ascii	"\245\253\366\177\346T\353'\247zQ\233\245\234q4\227\037"
 243      E654EB27 
 243      A77A519B 
 243      A59C7134 
 243      971F
 244 00d1 9E49F8F9 		.ascii	"\236I\370\371\273g\243\037\246/K\273;e\365\012\256,"
 244      BB67A31F 
 244      A62F4BBB 
 244      3B65F50A 
 244      AE2C
 245 00e3 7CBB9E91 		.ascii	"|\273\236\221\257g\011[\343\370\262'\320\252\205\177"
 245      AF67095B 
 245      E3F8B227 
 245      D0AA857F 
 246 00f3 AFE07A44 		.ascii	"\257\340zD\316n?\334'&X<Yw\320:\006# Kb\250$\000\376"
 246      CE6E3FDC 
 246      2726583C 
 246      5977D03A 
 246      0623204B 
 247 010c 0ACC246E 		.ascii	"\012\314$n\354\210\033\223\3047\332\243\377\226$$&m"
 247      EC881B93 
 247      C437DAA3 
 247      FF962424 
 247      266D
 248 011e ABC3D89F 		.ascii	"\253\303\330\237\360\207Em1\210N\007\341\304\317\302"
 248      F087456D 
 248      31884E07 
 248      E1C4CFC2 
 249 012e 59124E60 		.ascii	"Y\022N`\322\003\000?j\036>\274%\031i9kaX\331\331\245"
 249      D203003F 
 249      6A1E3EBC 
 249      25196939 
 249      6B6158D9 
 250 0144 7F9BBD76 		.ascii	"\177\233\275v:@6\001\335O.T|\020\355\"\270\016\021b"
 250      3A403601 
 250      DD4F2E54 
 250      7C10ED22 
 250      B80E1162 
 251 0158 FA50AFCC 		.ascii	"\372P\257\314@\236\373\204<k\202\020\005\314x|\334W"
 251      409EFB84 
 251      3C6B8210 
 251      05CC787C 
 251      DC57
 252 016a 32BD128F 		.ascii	"2\275\022\217/)\020\201\307'\335\245%\246\260\343\314"
 252      2F291081 
 252      C727DDA5 
 252      25A6B0E3 
 252      CC
 253 017b 2F974498 		.ascii	"/\227D\230!\361\0258\017\341p\016\260A\340\2020|M6s"
 253      21F11538 
 253      0FE1700E 
 253      B041E082 
 253      307C4D36 
 254 0190 527B76BD 		.ascii	"R{v\275\262\266\234x\335d\252\345qlq\2717\017\275d*"
 254      B2B69C78 
ARM GAS  C:\Users\elias\AppData\Local\Temp\cc6VvHNG.s 			page 19


 254      DD64AAE5 
 254      716C71B9 
 254      370FBD64 
 255 01a5 820A90E1 		.ascii	"\202\012\220\341,D\323\034+h\013$8\003c\230n%\254\245"
 255      2C44D31C 
 255      2B680B24 
 255      38036398 
 255      6E25ACA5 
 256 01b9 79161774 		.ascii	"y\026\027t\313\362V\226\347\263\003V\033\002\016=z\324"
 256      CBF25696 
 256      E7B30356 
 256      1B020E3D 
 256      7AD4
 257 01cb BF8247F4 		.ascii	"\277\202G\364~\327c\313?\224M\310\347T\003Uz\274*\337"
 257      7ED763CB 
 257      3F944DC8 
 257      E7540355 
 257      7ABC2ADF 
 258 01df 786E16AF 		.ascii	"xn\026\257\361\324\321\272\025\262\3439\342\325\030"
 258      F1D4D1BA 
 258      15B2E339 
 258      E2D518
 259 01ee E2557D3D 		.ascii	"\342U}=\332i\301xS\030\257D%\005\204\344\230\251\004"
 259      DA69C178 
 259      5318AF44 
 259      250584E4 
 259      98A904
 260 0201 2EE8E12E 		.ascii	".\350\341.\370\206\253e\341\372s\256\267Z\345\003\300"
 260      F886AB65 
 260      E1FA73AE 
 260      B75AE503 
 260      C0
 261 0212 E255B83A 		.ascii	"\342U\270:\026\002\005c\336\227Q\2473\352|\031\365\214"
 261      16020563 
 261      DE9751A7 
 261      33EA7C19 
 261      F58C
 262 0224 71B7A9E6 		.ascii	"q\267\251\346\017\263\374\023g\344\334\351\237\243\214"
 262      0FB3FC13 
 262      67E4DCE9 
 262      9FA38C
 263 0233 72643CED 		.ascii	"rd<\355\262\021z\357w\031\244A\2074\370B\032\031d\276"
 263      B2117AEF 
 263      7719A441 
 263      8734F842 
 263      1A1964BE 
 264 0247 E7C98C59 		.ascii	"\347\311\214Yn\342\220\271\213CG\025\001\301\342QH9"
 264      6EE290B9 
 264      8B434715 
 264      01C1E251 
 264      4839
 265 0259 8734E990 		.ascii	"\2074\351\220&_\210\207ArK\207\366\201\334\313!\205"
 265      265F8887 
 265      41724B87 
 265      F681DCCB 
 265      2185
 266 026b 0D0F0FD2 		.ascii	"\015\017\017\322\016L\0212u\350\340;\305\244\203_\246"
ARM GAS  C:\Users\elias\AppData\Local\Temp\cc6VvHNG.s 			page 20


 266      0E4C1132 
 266      75E8E03B 
 266      C5A4835F 
 266      A6
 267 027c 59473433 		.ascii	"YG43\004nZ\230\373\231Br\325\"\357\347CY\275\357\316"
 267      046E5A98 
 267      FB994272 
 267      D522EFE7 
 267      4359BDEF 
 268 0291 592B0E5B 		.ascii	"Y+\016[\270\002\213@\317\017<\013+\370\231~\\|x\372"
 268      B8028B40 
 268      CF0F3C0B 
 268      2BF8997E 
 268      5C7C78FA 
 269 02a5 69B05CC6 		.ascii	"i\260\\\306\264\246\301\351\363\367\314\020\245\374"
 269      B4A6C1E9 
 269      F3F7CC10 
 269      A5FC
 270 02b3 4C5B3555 		.ascii	"L[5U4\230V\264\037\007\031\332A\201\213z\264p\005_\363"
 270      349856B4 
 270      1F0719DA 
 270      41818B7A 
 270      B470055F 
 271 02c8 B1A864E6 		.ascii	"\261\250d\346\024\261\204I\020\033\016\353\303%\360"
 271      14B18449 
 271      101B0EEB 
 271      C325F0
 272 02d7 4214A552 		.ascii	"B\024\245R\025\264a{\177\301\366\322\262\026\235\274"
 272      15B4617B 
 272      7FC1F6D2 
 272      B2169DBC 
 273 02e7 6F31E317 		.ascii	"o1\343\027\206q\260\317\370\314\325<\376\300\342w\""
 273      8671B0CF 
 273      F8CCD53C 
 273      FEC0E277 
 273      22
 274 02f8 2EB189E8 		.ascii	".\261\211\350\0001\022\223\336\206#VQ\200\3037\336>"
 274      00311293 
 274      DE862356 
 274      5180C337 
 274      DE3E
 275 030a 9E5BBE99 		.ascii	"\236[\276\231J\240UO\251U+\300eV\200\374\274\231\026"
 275      4AA0554F 
 275      A9552BC0 
 275      655680FC 
 275      BC9916
 276 031d ABDCC90B 		.ascii	"\253\334\311\0130<\341I\345\336\336a5/\210\325\256S"
 276      303CE149 
 276      E5DEDE61 
 276      352F88D5 
 276      AE53
 277 032f 77EDD45C 		.ascii	"w\355\324\\\273\230\353D\333\367G\254\362m\356\332\271"
 277      BB98EB44 
 277      DBF747AC 
 277      F26DEEDA 
 277      B9
 278 0340 38E75DC5 		.ascii	"8\347]\305\277\267&<\336\234\351-\013\346\337\333\027"
ARM GAS  C:\Users\elias\AppData\Local\Temp\cc6VvHNG.s 			page 21


 278      BFB7263C 
 278      DE9CE92D 
 278      0BE6DFDB 
 278      17
 279 0351 F0D8717C 		.ascii	"\360\330q|\374\226M\276\317\245\277?<W\260J\236c\007"
 279      FC964DBE 
 279      CFA5BF3F 
 279      3C57B04A 
 279      9E6307
 280 0364 73EF377F 		.ascii	"s\3577\177\271\025\210\214\214\012=E\313\344=\371e\021"
 280      B915888C 
 280      8C0A3D45 
 280      CBE43DF9 
 280      6511
 281 0376 F166CBAC 		.ascii	"\361f\313\254\000=\030\372\006\204jE{\223^8\206\376"
 281      003D18FA 
 281      06846A45 
 281      7B935E38 
 281      86FE
 282 0388 1273A9FB 		.ascii	"\022s\251\3733\222ka\302k\313\010c\251\220u\307[\252"
 282      33926B61 
 282      C26BCB08 
 282      63A99075 
 282      C75BAA
 283 039b 1262A502 		.ascii	"\022b\245\002I\334\204\256\303\254\242^B\340+\011\272"
 283      49DC84AE 
 283      C3ACA25E 
 283      42E02B09 
 283      BA
 284 03ac B1A05759 		.ascii	"\261\240WYA)\006Ep\035;\324\013\221\320\007\221\332"
 284      41290645 
 284      701D3BD4 
 284      0B91D007 
 284      91DA
 285 03be 4F93B7AC 		.ascii	"O\223\267\254\324c\221sd\326\377\233\263e\337\006Ah"
 285      D4639173 
 285      64D6FF9B 
 285      B365DF06 
 285      4168
 286 03d0 D4B218B8 		.ascii	"\324\262\030\270\211\336\376H<\247\332 \234\226\001"
 286      89DEFE48 
 286      3CA7DA20 
 286      9C9601
 287 03df 94F4EBF5 		.ascii	"\224\364\353\365\245\031\262Hm}u\307\314\353~$\004{"
 287      A519B248 
 287      6D7D75C7 
 287      CCEB7E24 
 287      047B
 288 03f1 D152FFC9 		.ascii	"\321R\377\3111B63\355\025\256\365I\367\012\373\0172"
 288      31423633 
 288      ED15AEF5 
 288      49F70AFB 
 288      0F32
 289 0403 08EBD06B 		.ascii	"\010\353\320k6\357\357!\213\202\323\226\373|\323\326"
 289      36EFEF21 
 289      8B82D396 
 289      FB7CD3D6 
ARM GAS  C:\Users\elias\AppData\Local\Temp\cc6VvHNG.s 			page 22


 290 0413 77EF87C5 		.ascii	"w\357\207\305@\371\004\277Omaqa (Q\313\270\337^\306"
 290      40F904BF 
 290      4F6D6171 
 290      61202851 
 290      CBB8DF5E 
 291 0428 5D1BFB2D 		.ascii	"]\033\373-%G\262I\004\014a\023~\325/r\013\024~\221\272"
 291      2547B249 
 291      040C6113 
 291      7ED52F72 
 291      0B147E91 
 292 043d FE87D501 		.ascii	"\376\207\325\001\266\003\264]8\274!WW2\245>\276\303"
 292      B603B45D 
 292      38BC2157 
 292      5732A53E 
 292      BEC3
 293 044f 60630385 		.ascii	"`c\003\205\357\250v{\346O\2574\250\351\245u\365\210"
 293      EFA8767B 
 293      E64FAF34 
 293      A8E9A575 
 293      F588
 294 0461 508F30F5 		.ascii	"P\2170\365?w\253\377\264\031\324t\\u\365(\330\264|F"
 294      3F77ABFF 
 294      B419D474 
 294      5C75F528 
 294      D8B47C46 
 295 0475 99C3E478 		.ascii	"\231\303\344x\301t\260\301\341\222\301aL\340\307\374"
 295      C174B0C1 
 295      E192C161 
 295      4CE0C7FC 
 296 0485 E05D06F5 		.ascii	"\340]\006\365\270P\217\373QW\033\324\023BM\337\327$"
 296      B8508FFB 
 296      51571BD4 
 296      13424DDF 
 296      D724
 297 0497 BEB7312E 		.ascii	"\276\2671.\311\241\356H\212\337\2641\351Su\2673\303"
 297      C9A1EE48 
 297      8ADFB431 
 297      E95375B7 
 297      33C3
 298 04a9 A1C665A4 		.ascii	"\241\306e\244\357\330\231\032\235iw8\243\327[7}\274"
 298      EFD8991A 
 298      9D697738 
 298      A3D75B37 
 298      7DBC
 299 04bb 25222E26 		.ascii	"%\".&Fzc\223\232\256:\354Nu{RBF\226#E\335\026\237\220"
 299      467A6393 
 299      9AAE3AEC 
 299      4E757B52 
 299      42469623 
 300 04d4 11F7D636 		.ascii	"\021\367\3266\003!\376\243\350\024i\265\341\321V\373"
 300      0321FEA3 
 300      E81469B5 
 300      E1D156FB 
 301 04e4 2E352B93 		.ascii	".5+\223\323b^5|\224`\337#\202\255\366\237G\210\321%"
 301      D3625E35 
 301      7C9460DF 
 301      2382ADF6 
ARM GAS  C:\Users\elias\AppData\Local\Temp\cc6VvHNG.s 			page 23


 301      9F4788D1 
 302 04f9 4D553343 		.ascii	"MU3C\227\011`|\366~\272=9M}\3759R\216\376Bz\331\030"
 302      9709607C 
 302      F67EBA3D 
 302      394D7DFD 
 302      39528EFE 
 303 0511 417526DA 		.ascii	"Au&\332\323\262\324\200\254\235\351\316\015k\374 R\366"
 303      D3B2D480 
 303      AC9DE9CE 
 303      0D6BFC20 
 303      52F6
 304 0523 3AF766AA 		.ascii	":\367f\252\273\321\373E\243\2673cI*\311\366\224]Y\231"
 304      BBD1FB45 
 304      A3B73363 
 304      492AC9F6 
 304      945D5999 
 305 0537 C12ACB28 		.ascii	"\301*\313(\301\211(e\273\335iO\332C\203\274\266\214"
 305      C1892865 
 305      BBDD694F 
 305      DA4383BC 
 305      B68C
 306 0549 34C1E9C8 		.ascii	"4\301\351\310Jq\232\035j\352\206\177\001\312|\011\240"
 306      4A719A1D 
 306      6AEA867F 
 306      01CA7C09 
 306      A0
 307              		.text
 308              		.section	.gnu.lto_.symtab.cd5edf2e,"",%progbits
 309 0000 56444143 		.ascii	"VDAC_ref_PGA_SaveConfig\000"
 309      5F726566 
 309      5F504741 
 309      5F536176 
 309      65436F6E 
 310 0018 00       		.ascii	"\000"
 311 0019 00       		.ascii	"\000"
 312 001a 00       		.ascii	"\000"
 313 001b 00000000 		.ascii	"\000\000\000\000\000\000\000\000"
 313      00000000 
 314 0023 B3000000 		.ascii	"\263\000\000\000"
 315 0027 56444143 		.ascii	"VDAC_ref_PGA_RestoreConfig\000"
 315      5F726566 
 315      5F504741 
 315      5F526573 
 315      746F7265 
 316 0042 00       		.ascii	"\000"
 317 0043 00       		.ascii	"\000"
 318 0044 00       		.ascii	"\000"
 319 0045 00000000 		.ascii	"\000\000\000\000\000\000\000\000"
 319      00000000 
 320 004d B5000000 		.ascii	"\265\000\000\000"
 321 0051 56444143 		.ascii	"VDAC_ref_PGA_Sleep\000"
 321      5F726566 
 321      5F504741 
 321      5F536C65 
 321      657000
 322 0064 00       		.ascii	"\000"
 323 0065 00       		.ascii	"\000"
ARM GAS  C:\Users\elias\AppData\Local\Temp\cc6VvHNG.s 			page 24


 324 0066 00       		.ascii	"\000"
 325 0067 00000000 		.ascii	"\000\000\000\000\000\000\000\000"
 325      00000000 
 326 006f B7000000 		.ascii	"\267\000\000\000"
 327 0073 56444143 		.ascii	"VDAC_ref_PGA_Wakeup\000"
 327      5F726566 
 327      5F504741 
 327      5F57616B 
 327      65757000 
 328 0087 00       		.ascii	"\000"
 329 0088 00       		.ascii	"\000"
 330 0089 00       		.ascii	"\000"
 331 008a 00000000 		.ascii	"\000\000\000\000\000\000\000\000"
 331      00000000 
 332 0092 B9000000 		.ascii	"\271\000\000\000"
 333 0096 56444143 		.ascii	"VDAC_ref_PGA_Enable\000"
 333      5F726566 
 333      5F504741 
 333      5F456E61 
 333      626C6500 
 334 00aa 00       		.ascii	"\000"
 335 00ab 02       		.ascii	"\002"
 336 00ac 00       		.ascii	"\000"
 337 00ad 00000000 		.ascii	"\000\000\000\000\000\000\000\000"
 337      00000000 
 338 00b5 BB000000 		.ascii	"\273\000\000\000"
 339 00b9 56444143 		.ascii	"VDAC_ref_PGA_SetValue\000"
 339      5F726566 
 339      5F504741 
 339      5F536574 
 339      56616C75 
 340 00cf 00       		.ascii	"\000"
 341 00d0 02       		.ascii	"\002"
 342 00d1 00       		.ascii	"\000"
 343 00d2 00000000 		.ascii	"\000\000\000\000\000\000\000\000"
 343      00000000 
 344 00da C4000000 		.ascii	"\304\000\000\000"
 345 00de 56444143 		.ascii	"VDAC_ref_PGA_Stop\000"
 345      5F726566 
 345      5F504741 
 345      5F53746F 
 345      7000
 346 00f0 00       		.ascii	"\000"
 347 00f1 02       		.ascii	"\002"
 348 00f2 00       		.ascii	"\000"
 349 00f3 00000000 		.ascii	"\000\000\000\000\000\000\000\000"
 349      00000000 
 350 00fb C6000000 		.ascii	"\306\000\000\000"
 351              		.text
 352              		.section	.gnu.lto_.opts,"",%progbits
 353 0000 272D666D 		.ascii	"'-fmath-errno' '-fsigned-zeros' '-ftrapping-math' '"
 353      6174682D 
 353      6572726E 
 353      6F272027 
 353      2D667369 
 354 0033 2D666E6F 		.ascii	"-fno-trapv' '-fno-openmp' '-fno-openacc' '-mcpu=cor"
 354      2D747261 
ARM GAS  C:\Users\elias\AppData\Local\Temp\cc6VvHNG.s 			page 25


 354      70762720 
 354      272D666E 
 354      6F2D6F70 
 355 0066 7465782D 		.ascii	"tex-m3' '-mthumb' '-g' '-O3' '-ffunction-sections' "
 355      6D332720 
 355      272D6D74 
 355      68756D62 
 355      2720272D 
 356 0099 272D6666 		.ascii	"'-ffat-lto-objects' '-finline-functions' '-flto'\000"
 356      61742D6C 
 356      746F2D6F 
 356      626A6563 
 356      74732720 
 357              		.text
 358              		.cfi_sections	.debug_frame
 359              		.section	.text.VDAC_ref_PGA_SaveConfig,"ax",%progbits
 360              		.align	2
 361              		.global	VDAC_ref_PGA_SaveConfig
 362              		.thumb
 363              		.thumb_func
 364              		.type	VDAC_ref_PGA_SaveConfig, %function
 365              	VDAC_ref_PGA_SaveConfig:
 366              	.LFB0:
 367              		.file 1 "Generated_Source\\PSoC5\\VDAC_ref_PGA_PM.c"
   1:Generated_Source\PSoC5/VDAC_ref_PGA_PM.c **** /*******************************************************************************
   2:Generated_Source\PSoC5/VDAC_ref_PGA_PM.c **** * File Name: VDAC_ref_PGA_PM.c  
   3:Generated_Source\PSoC5/VDAC_ref_PGA_PM.c **** * Version 1.90
   4:Generated_Source\PSoC5/VDAC_ref_PGA_PM.c **** *
   5:Generated_Source\PSoC5/VDAC_ref_PGA_PM.c **** * Description:
   6:Generated_Source\PSoC5/VDAC_ref_PGA_PM.c **** *  This file provides the power management source code to API for the
   7:Generated_Source\PSoC5/VDAC_ref_PGA_PM.c **** *  VDAC8.  
   8:Generated_Source\PSoC5/VDAC_ref_PGA_PM.c **** *
   9:Generated_Source\PSoC5/VDAC_ref_PGA_PM.c **** * Note:
  10:Generated_Source\PSoC5/VDAC_ref_PGA_PM.c **** *  None
  11:Generated_Source\PSoC5/VDAC_ref_PGA_PM.c **** *
  12:Generated_Source\PSoC5/VDAC_ref_PGA_PM.c **** ********************************************************************************
  13:Generated_Source\PSoC5/VDAC_ref_PGA_PM.c **** * Copyright 2008-2012, Cypress Semiconductor Corporation.  All rights reserved.
  14:Generated_Source\PSoC5/VDAC_ref_PGA_PM.c **** * You may use this file only in accordance with the license, terms, conditions, 
  15:Generated_Source\PSoC5/VDAC_ref_PGA_PM.c **** * disclaimers, and limitations in the end user license agreement accompanying 
  16:Generated_Source\PSoC5/VDAC_ref_PGA_PM.c **** * the software package with which this file was provided.
  17:Generated_Source\PSoC5/VDAC_ref_PGA_PM.c **** *******************************************************************************/
  18:Generated_Source\PSoC5/VDAC_ref_PGA_PM.c **** 
  19:Generated_Source\PSoC5/VDAC_ref_PGA_PM.c **** #include "VDAC_ref_PGA.h"
  20:Generated_Source\PSoC5/VDAC_ref_PGA_PM.c **** 
  21:Generated_Source\PSoC5/VDAC_ref_PGA_PM.c **** static VDAC_ref_PGA_backupStruct VDAC_ref_PGA_backup;
  22:Generated_Source\PSoC5/VDAC_ref_PGA_PM.c **** 
  23:Generated_Source\PSoC5/VDAC_ref_PGA_PM.c **** 
  24:Generated_Source\PSoC5/VDAC_ref_PGA_PM.c **** /*******************************************************************************
  25:Generated_Source\PSoC5/VDAC_ref_PGA_PM.c **** * Function Name: VDAC_ref_PGA_SaveConfig
  26:Generated_Source\PSoC5/VDAC_ref_PGA_PM.c **** ********************************************************************************
  27:Generated_Source\PSoC5/VDAC_ref_PGA_PM.c **** * Summary:
  28:Generated_Source\PSoC5/VDAC_ref_PGA_PM.c **** *  Save the current user configuration
  29:Generated_Source\PSoC5/VDAC_ref_PGA_PM.c **** *
  30:Generated_Source\PSoC5/VDAC_ref_PGA_PM.c **** * Parameters:  
  31:Generated_Source\PSoC5/VDAC_ref_PGA_PM.c **** *  void  
  32:Generated_Source\PSoC5/VDAC_ref_PGA_PM.c **** *
  33:Generated_Source\PSoC5/VDAC_ref_PGA_PM.c **** * Return: 
ARM GAS  C:\Users\elias\AppData\Local\Temp\cc6VvHNG.s 			page 26


  34:Generated_Source\PSoC5/VDAC_ref_PGA_PM.c **** *  void
  35:Generated_Source\PSoC5/VDAC_ref_PGA_PM.c **** *
  36:Generated_Source\PSoC5/VDAC_ref_PGA_PM.c **** *******************************************************************************/
  37:Generated_Source\PSoC5/VDAC_ref_PGA_PM.c **** void VDAC_ref_PGA_SaveConfig(void) 
  38:Generated_Source\PSoC5/VDAC_ref_PGA_PM.c **** {
 368              		.loc 1 38 0
 369              		.cfi_startproc
 370              		@ args = 0, pretend = 0, frame = 0
 371              		@ frame_needed = 0, uses_anonymous_args = 0
 372              		@ link register save eliminated.
  39:Generated_Source\PSoC5/VDAC_ref_PGA_PM.c ****     if (!((VDAC_ref_PGA_CR1 & VDAC_ref_PGA_SRC_MASK) == VDAC_ref_PGA_SRC_UDB))
 373              		.loc 1 39 0
 374 0000 044B     		ldr	r3, .L4
 375 0002 1B78     		ldrb	r3, [r3]	@ zero_extendqisi2
 376 0004 9B06     		lsls	r3, r3, #26
 377 0006 03D4     		bmi	.L1
  40:Generated_Source\PSoC5/VDAC_ref_PGA_PM.c ****     {
  41:Generated_Source\PSoC5/VDAC_ref_PGA_PM.c ****         VDAC_ref_PGA_backup.data_value = VDAC_ref_PGA_Data;
 378              		.loc 1 41 0
 379 0008 034A     		ldr	r2, .L4+4
 380 000a 044B     		ldr	r3, .L4+8
 381 000c 1278     		ldrb	r2, [r2]	@ zero_extendqisi2
 382 000e 5A70     		strb	r2, [r3, #1]
 383              	.L1:
 384 0010 7047     		bx	lr
 385              	.L5:
 386 0012 00BF     		.align	2
 387              	.L4:
 388 0014 29580040 		.word	1073764393
 389 0018 825B0040 		.word	1073765250
 390 001c 00000000 		.word	.LANCHOR0
 391              		.cfi_endproc
 392              	.LFE0:
 393              		.size	VDAC_ref_PGA_SaveConfig, .-VDAC_ref_PGA_SaveConfig
 394              		.section	.text.VDAC_ref_PGA_RestoreConfig,"ax",%progbits
 395              		.align	2
 396              		.global	VDAC_ref_PGA_RestoreConfig
 397              		.thumb
 398              		.thumb_func
 399              		.type	VDAC_ref_PGA_RestoreConfig, %function
 400              	VDAC_ref_PGA_RestoreConfig:
 401              	.LFB1:
  42:Generated_Source\PSoC5/VDAC_ref_PGA_PM.c ****     }
  43:Generated_Source\PSoC5/VDAC_ref_PGA_PM.c **** }
  44:Generated_Source\PSoC5/VDAC_ref_PGA_PM.c **** 
  45:Generated_Source\PSoC5/VDAC_ref_PGA_PM.c **** 
  46:Generated_Source\PSoC5/VDAC_ref_PGA_PM.c **** /*******************************************************************************
  47:Generated_Source\PSoC5/VDAC_ref_PGA_PM.c **** * Function Name: VDAC_ref_PGA_RestoreConfig
  48:Generated_Source\PSoC5/VDAC_ref_PGA_PM.c **** ********************************************************************************
  49:Generated_Source\PSoC5/VDAC_ref_PGA_PM.c **** *
  50:Generated_Source\PSoC5/VDAC_ref_PGA_PM.c **** * Summary:
  51:Generated_Source\PSoC5/VDAC_ref_PGA_PM.c **** *  Restores the current user configuration.
  52:Generated_Source\PSoC5/VDAC_ref_PGA_PM.c **** *
  53:Generated_Source\PSoC5/VDAC_ref_PGA_PM.c **** * Parameters:  
  54:Generated_Source\PSoC5/VDAC_ref_PGA_PM.c **** *  void
  55:Generated_Source\PSoC5/VDAC_ref_PGA_PM.c **** *
  56:Generated_Source\PSoC5/VDAC_ref_PGA_PM.c **** * Return: 
ARM GAS  C:\Users\elias\AppData\Local\Temp\cc6VvHNG.s 			page 27


  57:Generated_Source\PSoC5/VDAC_ref_PGA_PM.c **** *  void
  58:Generated_Source\PSoC5/VDAC_ref_PGA_PM.c **** *
  59:Generated_Source\PSoC5/VDAC_ref_PGA_PM.c **** *******************************************************************************/
  60:Generated_Source\PSoC5/VDAC_ref_PGA_PM.c **** void VDAC_ref_PGA_RestoreConfig(void) 
  61:Generated_Source\PSoC5/VDAC_ref_PGA_PM.c **** {
 402              		.loc 1 61 0
 403              		.cfi_startproc
 404              		@ args = 0, pretend = 0, frame = 0
 405              		@ frame_needed = 0, uses_anonymous_args = 0
 406              		@ link register save eliminated.
  62:Generated_Source\PSoC5/VDAC_ref_PGA_PM.c ****     if (!((VDAC_ref_PGA_CR1 & VDAC_ref_PGA_SRC_MASK) == VDAC_ref_PGA_SRC_UDB))
 407              		.loc 1 62 0
 408 0000 0C4B     		ldr	r3, .L10
 409 0002 1B78     		ldrb	r3, [r3]	@ zero_extendqisi2
 410 0004 9906     		lsls	r1, r3, #26
 411 0006 07D4     		bmi	.L6
  63:Generated_Source\PSoC5/VDAC_ref_PGA_PM.c ****     {
  64:Generated_Source\PSoC5/VDAC_ref_PGA_PM.c ****         if((VDAC_ref_PGA_Strobe & VDAC_ref_PGA_STRB_MASK) == VDAC_ref_PGA_STRB_EN)
 412              		.loc 1 64 0
 413 0008 0B4B     		ldr	r3, .L10+4
 414 000a 1A78     		ldrb	r2, [r3]	@ zero_extendqisi2
 415 000c 1207     		lsls	r2, r2, #28
 416 000e 04D4     		bmi	.L9
  65:Generated_Source\PSoC5/VDAC_ref_PGA_PM.c ****         {
  66:Generated_Source\PSoC5/VDAC_ref_PGA_PM.c ****             VDAC_ref_PGA_Strobe &= (uint8)(~VDAC_ref_PGA_STRB_MASK);
  67:Generated_Source\PSoC5/VDAC_ref_PGA_PM.c ****             VDAC_ref_PGA_Data = VDAC_ref_PGA_backup.data_value;
  68:Generated_Source\PSoC5/VDAC_ref_PGA_PM.c ****             VDAC_ref_PGA_Strobe |= VDAC_ref_PGA_STRB_EN;
  69:Generated_Source\PSoC5/VDAC_ref_PGA_PM.c ****         }
  70:Generated_Source\PSoC5/VDAC_ref_PGA_PM.c ****         else
  71:Generated_Source\PSoC5/VDAC_ref_PGA_PM.c ****         {
  72:Generated_Source\PSoC5/VDAC_ref_PGA_PM.c ****             VDAC_ref_PGA_Data = VDAC_ref_PGA_backup.data_value;
 417              		.loc 1 72 0
 418 0010 0A4A     		ldr	r2, .L10+8
 419 0012 0B4B     		ldr	r3, .L10+12
 420 0014 5278     		ldrb	r2, [r2, #1]	@ zero_extendqisi2
 421 0016 1A70     		strb	r2, [r3]
 422              	.L6:
 423 0018 7047     		bx	lr
 424              	.L9:
 425              	.LBB6:
 426              	.LBB7:
  67:Generated_Source\PSoC5/VDAC_ref_PGA_PM.c ****             VDAC_ref_PGA_Strobe |= VDAC_ref_PGA_STRB_EN;
 427              		.loc 1 67 0
 428 001a 0849     		ldr	r1, .L10+8
  66:Generated_Source\PSoC5/VDAC_ref_PGA_PM.c ****             VDAC_ref_PGA_Data = VDAC_ref_PGA_backup.data_value;
 429              		.loc 1 66 0
 430 001c 1A78     		ldrb	r2, [r3]	@ zero_extendqisi2
  67:Generated_Source\PSoC5/VDAC_ref_PGA_PM.c ****             VDAC_ref_PGA_Strobe |= VDAC_ref_PGA_STRB_EN;
 431              		.loc 1 67 0
 432 001e 4878     		ldrb	r0, [r1, #1]	@ zero_extendqisi2
 433 0020 0749     		ldr	r1, .L10+12
  66:Generated_Source\PSoC5/VDAC_ref_PGA_PM.c ****             VDAC_ref_PGA_Data = VDAC_ref_PGA_backup.data_value;
 434              		.loc 1 66 0
 435 0022 02F0F702 		and	r2, r2, #247
 436 0026 1A70     		strb	r2, [r3]
  67:Generated_Source\PSoC5/VDAC_ref_PGA_PM.c ****             VDAC_ref_PGA_Strobe |= VDAC_ref_PGA_STRB_EN;
 437              		.loc 1 67 0
ARM GAS  C:\Users\elias\AppData\Local\Temp\cc6VvHNG.s 			page 28


 438 0028 0870     		strb	r0, [r1]
  68:Generated_Source\PSoC5/VDAC_ref_PGA_PM.c ****         }
 439              		.loc 1 68 0
 440 002a 1A78     		ldrb	r2, [r3]	@ zero_extendqisi2
 441 002c 42F00802 		orr	r2, r2, #8
 442 0030 1A70     		strb	r2, [r3]
 443 0032 7047     		bx	lr
 444              	.L11:
 445              		.align	2
 446              	.L10:
 447 0034 29580040 		.word	1073764393
 448 0038 975A0040 		.word	1073765015
 449 003c 00000000 		.word	.LANCHOR0
 450 0040 825B0040 		.word	1073765250
 451              	.LBE7:
 452              	.LBE6:
 453              		.cfi_endproc
 454              	.LFE1:
 455              		.size	VDAC_ref_PGA_RestoreConfig, .-VDAC_ref_PGA_RestoreConfig
 456              		.section	.text.VDAC_ref_PGA_Sleep,"ax",%progbits
 457              		.align	2
 458              		.global	VDAC_ref_PGA_Sleep
 459              		.thumb
 460              		.thumb_func
 461              		.type	VDAC_ref_PGA_Sleep, %function
 462              	VDAC_ref_PGA_Sleep:
 463              	.LFB2:
  73:Generated_Source\PSoC5/VDAC_ref_PGA_PM.c ****         }
  74:Generated_Source\PSoC5/VDAC_ref_PGA_PM.c ****     }
  75:Generated_Source\PSoC5/VDAC_ref_PGA_PM.c **** }
  76:Generated_Source\PSoC5/VDAC_ref_PGA_PM.c **** 
  77:Generated_Source\PSoC5/VDAC_ref_PGA_PM.c **** 
  78:Generated_Source\PSoC5/VDAC_ref_PGA_PM.c **** /*******************************************************************************
  79:Generated_Source\PSoC5/VDAC_ref_PGA_PM.c **** * Function Name: VDAC_ref_PGA_Sleep
  80:Generated_Source\PSoC5/VDAC_ref_PGA_PM.c **** ********************************************************************************
  81:Generated_Source\PSoC5/VDAC_ref_PGA_PM.c **** * Summary:
  82:Generated_Source\PSoC5/VDAC_ref_PGA_PM.c **** *  Stop and Save the user configuration
  83:Generated_Source\PSoC5/VDAC_ref_PGA_PM.c **** *
  84:Generated_Source\PSoC5/VDAC_ref_PGA_PM.c **** * Parameters:  
  85:Generated_Source\PSoC5/VDAC_ref_PGA_PM.c **** *  void:  
  86:Generated_Source\PSoC5/VDAC_ref_PGA_PM.c **** *
  87:Generated_Source\PSoC5/VDAC_ref_PGA_PM.c **** * Return: 
  88:Generated_Source\PSoC5/VDAC_ref_PGA_PM.c **** *  void
  89:Generated_Source\PSoC5/VDAC_ref_PGA_PM.c **** *
  90:Generated_Source\PSoC5/VDAC_ref_PGA_PM.c **** * Global variables:
  91:Generated_Source\PSoC5/VDAC_ref_PGA_PM.c **** *  VDAC_ref_PGA_backup.enableState:  Is modified depending on the enable 
  92:Generated_Source\PSoC5/VDAC_ref_PGA_PM.c **** *  state  of the block before entering sleep mode.
  93:Generated_Source\PSoC5/VDAC_ref_PGA_PM.c **** *
  94:Generated_Source\PSoC5/VDAC_ref_PGA_PM.c **** *******************************************************************************/
  95:Generated_Source\PSoC5/VDAC_ref_PGA_PM.c **** void VDAC_ref_PGA_Sleep(void) 
  96:Generated_Source\PSoC5/VDAC_ref_PGA_PM.c **** {
 464              		.loc 1 96 0
 465              		.cfi_startproc
 466              		@ args = 0, pretend = 0, frame = 0
 467              		@ frame_needed = 0, uses_anonymous_args = 0
 468 0000 10B5     		push	{r4, lr}
 469              		.cfi_def_cfa_offset 8
ARM GAS  C:\Users\elias\AppData\Local\Temp\cc6VvHNG.s 			page 29


 470              		.cfi_offset 4, -8
 471              		.cfi_offset 14, -4
  97:Generated_Source\PSoC5/VDAC_ref_PGA_PM.c ****     /* Save VDAC8's enable state */    
  98:Generated_Source\PSoC5/VDAC_ref_PGA_PM.c ****     if(VDAC_ref_PGA_ACT_PWR_EN == (VDAC_ref_PGA_PWRMGR & VDAC_ref_PGA_ACT_PWR_EN))
 472              		.loc 1 98 0
 473 0002 084B     		ldr	r3, .L15
 474 0004 084C     		ldr	r4, .L15+4
 475 0006 1B78     		ldrb	r3, [r3]	@ zero_extendqisi2
 476 0008 C3F38003 		ubfx	r3, r3, #2, #1
 477 000c 2370     		strb	r3, [r4]
  99:Generated_Source\PSoC5/VDAC_ref_PGA_PM.c ****     {
 100:Generated_Source\PSoC5/VDAC_ref_PGA_PM.c ****         /* VDAC8 is enabled */
 101:Generated_Source\PSoC5/VDAC_ref_PGA_PM.c ****         VDAC_ref_PGA_backup.enableState = 1u;
 102:Generated_Source\PSoC5/VDAC_ref_PGA_PM.c ****     }
 103:Generated_Source\PSoC5/VDAC_ref_PGA_PM.c ****     else
 104:Generated_Source\PSoC5/VDAC_ref_PGA_PM.c ****     {
 105:Generated_Source\PSoC5/VDAC_ref_PGA_PM.c ****         /* VDAC8 is disabled */
 106:Generated_Source\PSoC5/VDAC_ref_PGA_PM.c ****         VDAC_ref_PGA_backup.enableState = 0u;
 107:Generated_Source\PSoC5/VDAC_ref_PGA_PM.c ****     }
 108:Generated_Source\PSoC5/VDAC_ref_PGA_PM.c ****     
 109:Generated_Source\PSoC5/VDAC_ref_PGA_PM.c ****     VDAC_ref_PGA_Stop();
 478              		.loc 1 109 0
 479 000e FFF7FEFF 		bl	VDAC_ref_PGA_Stop
 480              	.LVL0:
 481              	.LBB8:
 482              	.LBB9:
  39:Generated_Source\PSoC5/VDAC_ref_PGA_PM.c ****     {
 483              		.loc 1 39 0
 484 0012 064B     		ldr	r3, .L15+8
 485 0014 1B78     		ldrb	r3, [r3]	@ zero_extendqisi2
 486 0016 9B06     		lsls	r3, r3, #26
 487 0018 02D4     		bmi	.L12
  41:Generated_Source\PSoC5/VDAC_ref_PGA_PM.c ****     }
 488              		.loc 1 41 0
 489 001a 054B     		ldr	r3, .L15+12
 490 001c 1B78     		ldrb	r3, [r3]	@ zero_extendqisi2
 491 001e 6370     		strb	r3, [r4, #1]
 492              	.L12:
 493 0020 10BD     		pop	{r4, pc}
 494              	.L16:
 495 0022 00BF     		.align	2
 496              	.L15:
 497 0024 A8430040 		.word	1073759144
 498 0028 00000000 		.word	.LANCHOR0
 499 002c 29580040 		.word	1073764393
 500 0030 825B0040 		.word	1073765250
 501              	.LBE9:
 502              	.LBE8:
 503              		.cfi_endproc
 504              	.LFE2:
 505              		.size	VDAC_ref_PGA_Sleep, .-VDAC_ref_PGA_Sleep
 506              		.section	.text.VDAC_ref_PGA_Wakeup,"ax",%progbits
 507              		.align	2
 508              		.global	VDAC_ref_PGA_Wakeup
 509              		.thumb
 510              		.thumb_func
 511              		.type	VDAC_ref_PGA_Wakeup, %function
ARM GAS  C:\Users\elias\AppData\Local\Temp\cc6VvHNG.s 			page 30


 512              	VDAC_ref_PGA_Wakeup:
 513              	.LFB3:
 110:Generated_Source\PSoC5/VDAC_ref_PGA_PM.c ****     VDAC_ref_PGA_SaveConfig();
 111:Generated_Source\PSoC5/VDAC_ref_PGA_PM.c **** }
 112:Generated_Source\PSoC5/VDAC_ref_PGA_PM.c **** 
 113:Generated_Source\PSoC5/VDAC_ref_PGA_PM.c **** 
 114:Generated_Source\PSoC5/VDAC_ref_PGA_PM.c **** /*******************************************************************************
 115:Generated_Source\PSoC5/VDAC_ref_PGA_PM.c **** * Function Name: VDAC_ref_PGA_Wakeup
 116:Generated_Source\PSoC5/VDAC_ref_PGA_PM.c **** ********************************************************************************
 117:Generated_Source\PSoC5/VDAC_ref_PGA_PM.c **** *
 118:Generated_Source\PSoC5/VDAC_ref_PGA_PM.c **** * Summary:
 119:Generated_Source\PSoC5/VDAC_ref_PGA_PM.c **** *  Restores and enables the user configuration
 120:Generated_Source\PSoC5/VDAC_ref_PGA_PM.c **** *  
 121:Generated_Source\PSoC5/VDAC_ref_PGA_PM.c **** * Parameters:  
 122:Generated_Source\PSoC5/VDAC_ref_PGA_PM.c **** *  void
 123:Generated_Source\PSoC5/VDAC_ref_PGA_PM.c **** *
 124:Generated_Source\PSoC5/VDAC_ref_PGA_PM.c **** * Return: 
 125:Generated_Source\PSoC5/VDAC_ref_PGA_PM.c **** *  void
 126:Generated_Source\PSoC5/VDAC_ref_PGA_PM.c **** *
 127:Generated_Source\PSoC5/VDAC_ref_PGA_PM.c **** * Global variables:
 128:Generated_Source\PSoC5/VDAC_ref_PGA_PM.c **** *  VDAC_ref_PGA_backup.enableState:  Is used to restore the enable state of 
 129:Generated_Source\PSoC5/VDAC_ref_PGA_PM.c **** *  block on wakeup from sleep mode.
 130:Generated_Source\PSoC5/VDAC_ref_PGA_PM.c **** *
 131:Generated_Source\PSoC5/VDAC_ref_PGA_PM.c **** *******************************************************************************/
 132:Generated_Source\PSoC5/VDAC_ref_PGA_PM.c **** void VDAC_ref_PGA_Wakeup(void) 
 133:Generated_Source\PSoC5/VDAC_ref_PGA_PM.c **** {
 514              		.loc 1 133 0
 515              		.cfi_startproc
 516              		@ args = 0, pretend = 0, frame = 0
 517              		@ frame_needed = 0, uses_anonymous_args = 0
 518 0000 08B5     		push	{r3, lr}
 519              		.cfi_def_cfa_offset 8
 520              		.cfi_offset 3, -8
 521              		.cfi_offset 14, -4
 522              	.LBB16:
 523              	.LBB17:
  62:Generated_Source\PSoC5/VDAC_ref_PGA_PM.c ****     {
 524              		.loc 1 62 0
 525 0002 144B     		ldr	r3, .L27
 526 0004 1B78     		ldrb	r3, [r3]	@ zero_extendqisi2
 527 0006 9A06     		lsls	r2, r3, #26
 528 0008 22D4     		bmi	.L24
  64:Generated_Source\PSoC5/VDAC_ref_PGA_PM.c ****         {
 529              		.loc 1 64 0
 530 000a 134A     		ldr	r2, .L27+4
 531 000c 1378     		ldrb	r3, [r2]	@ zero_extendqisi2
 532 000e 1B07     		lsls	r3, r3, #28
 533 0010 07D4     		bmi	.L25
  72:Generated_Source\PSoC5/VDAC_ref_PGA_PM.c ****         }
 534              		.loc 1 72 0
 535 0012 124B     		ldr	r3, .L27+8
 536 0014 124A     		ldr	r2, .L27+12
 537 0016 5978     		ldrb	r1, [r3, #1]	@ zero_extendqisi2
 538 0018 1170     		strb	r1, [r2]
 539              	.L18:
 540              	.LBE17:
 541              	.LBE16:
ARM GAS  C:\Users\elias\AppData\Local\Temp\cc6VvHNG.s 			page 31


 134:Generated_Source\PSoC5/VDAC_ref_PGA_PM.c ****     VDAC_ref_PGA_RestoreConfig();
 135:Generated_Source\PSoC5/VDAC_ref_PGA_PM.c ****     
 136:Generated_Source\PSoC5/VDAC_ref_PGA_PM.c ****     if(VDAC_ref_PGA_backup.enableState == 1u)
 542              		.loc 1 136 0
 543 001a 1B78     		ldrb	r3, [r3]	@ zero_extendqisi2
 544 001c 012B     		cmp	r3, #1
 545 001e 0FD0     		beq	.L26
 546              	.L17:
 547 0020 08BD     		pop	{r3, pc}
 548              	.L25:
 549              	.LBB21:
 550              	.LBB20:
 551              	.LBB18:
 552              	.LBB19:
  66:Generated_Source\PSoC5/VDAC_ref_PGA_PM.c ****             VDAC_ref_PGA_Data = VDAC_ref_PGA_backup.data_value;
 553              		.loc 1 66 0
 554 0022 1178     		ldrb	r1, [r2]	@ zero_extendqisi2
  67:Generated_Source\PSoC5/VDAC_ref_PGA_PM.c ****             VDAC_ref_PGA_Strobe |= VDAC_ref_PGA_STRB_EN;
 555              		.loc 1 67 0
 556 0024 0D4B     		ldr	r3, .L27+8
  66:Generated_Source\PSoC5/VDAC_ref_PGA_PM.c ****             VDAC_ref_PGA_Data = VDAC_ref_PGA_backup.data_value;
 557              		.loc 1 66 0
 558 0026 01F0F701 		and	r1, r1, #247
 559 002a 1170     		strb	r1, [r2]
  67:Generated_Source\PSoC5/VDAC_ref_PGA_PM.c ****             VDAC_ref_PGA_Strobe |= VDAC_ref_PGA_STRB_EN;
 560              		.loc 1 67 0
 561 002c 5878     		ldrb	r0, [r3, #1]	@ zero_extendqisi2
 562 002e 0C49     		ldr	r1, .L27+12
 563 0030 0870     		strb	r0, [r1]
  68:Generated_Source\PSoC5/VDAC_ref_PGA_PM.c ****         }
 564              		.loc 1 68 0
 565 0032 1178     		ldrb	r1, [r2]	@ zero_extendqisi2
 566 0034 41F00801 		orr	r1, r1, #8
 567 0038 1170     		strb	r1, [r2]
 568              	.LBE19:
 569              	.LBE18:
 570              	.LBE20:
 571              	.LBE21:
 572              		.loc 1 136 0
 573 003a 1B78     		ldrb	r3, [r3]	@ zero_extendqisi2
 574 003c 012B     		cmp	r3, #1
 575 003e EFD1     		bne	.L17
 576              	.L26:
 577              	.LBB22:
 578              	.LBB23:
 137:Generated_Source\PSoC5/VDAC_ref_PGA_PM.c ****     {
 138:Generated_Source\PSoC5/VDAC_ref_PGA_PM.c ****         /* Enable VDAC8's operation */
 139:Generated_Source\PSoC5/VDAC_ref_PGA_PM.c ****         VDAC_ref_PGA_Enable();
 579              		.loc 1 139 0
 580 0040 FFF7FEFF 		bl	VDAC_ref_PGA_Enable
 581              	.LVL1:
 140:Generated_Source\PSoC5/VDAC_ref_PGA_PM.c **** 
 141:Generated_Source\PSoC5/VDAC_ref_PGA_PM.c ****         /* Restore the data register */
 142:Generated_Source\PSoC5/VDAC_ref_PGA_PM.c ****         VDAC_ref_PGA_SetValue(VDAC_ref_PGA_Data);
 582              		.loc 1 142 0
 583 0044 064B     		ldr	r3, .L27+12
 584 0046 1878     		ldrb	r0, [r3]	@ zero_extendqisi2
ARM GAS  C:\Users\elias\AppData\Local\Temp\cc6VvHNG.s 			page 32


 585              	.LBE23:
 586              	.LBE22:
 143:Generated_Source\PSoC5/VDAC_ref_PGA_PM.c ****     } /* Do nothing if VDAC8 was disabled before */    
 144:Generated_Source\PSoC5/VDAC_ref_PGA_PM.c **** }
 587              		.loc 1 144 0
 588 0048 BDE80840 		pop	{r3, lr}
 589              		.cfi_remember_state
 590              		.cfi_restore 14
 591              		.cfi_restore 3
 592              		.cfi_def_cfa_offset 0
 593              	.LBB25:
 594              	.LBB24:
 142:Generated_Source\PSoC5/VDAC_ref_PGA_PM.c ****     } /* Do nothing if VDAC8 was disabled before */    
 595              		.loc 1 142 0
 596 004c FFF7FEBF 		b	VDAC_ref_PGA_SetValue
 597              	.LVL2:
 598              	.L24:
 599              		.cfi_restore_state
 600 0050 024B     		ldr	r3, .L27+8
 601 0052 E2E7     		b	.L18
 602              	.L28:
 603              		.align	2
 604              	.L27:
 605 0054 29580040 		.word	1073764393
 606 0058 975A0040 		.word	1073765015
 607 005c 00000000 		.word	.LANCHOR0
 608 0060 825B0040 		.word	1073765250
 609              	.LBE24:
 610              	.LBE25:
 611              		.cfi_endproc
 612              	.LFE3:
 613              		.size	VDAC_ref_PGA_Wakeup, .-VDAC_ref_PGA_Wakeup
 614              		.bss
 615              		.align	2
 616              		.set	.LANCHOR0,. + 0
 617              		.type	VDAC_ref_PGA_backup, %object
 618              		.size	VDAC_ref_PGA_backup, 2
 619              	VDAC_ref_PGA_backup:
 620 0000 0000     		.space	2
 621              		.text
 622              	.Letext0:
 623              		.file 2 "Generated_Source\\PSoC5\\cytypes.h"
 624              		.file 3 "Generated_Source\\PSoC5\\VDAC_ref_PGA.h"
 625              		.section	.debug_info,"",%progbits
 626              	.Ldebug_info0:
 627 0000 91010000 		.4byte	0x191
 628 0004 0400     		.2byte	0x4
 629 0006 00000000 		.4byte	.Ldebug_abbrev0
 630 000a 04       		.byte	0x4
 631 000b 01       		.uleb128 0x1
 632 000c 72000000 		.4byte	.LASF23
 633 0010 0C       		.byte	0xc
 634 0011 5D020000 		.4byte	.LASF24
 635 0015 2B010000 		.4byte	.LASF25
 636 0019 18000000 		.4byte	.Ldebug_ranges0+0x18
 637 001d 00000000 		.4byte	0
 638 0021 00000000 		.4byte	.Ldebug_line0
ARM GAS  C:\Users\elias\AppData\Local\Temp\cc6VvHNG.s 			page 33


 639 0025 02       		.uleb128 0x2
 640 0026 01       		.byte	0x1
 641 0027 06       		.byte	0x6
 642 0028 37020000 		.4byte	.LASF0
 643 002c 02       		.uleb128 0x2
 644 002d 01       		.byte	0x1
 645 002e 08       		.byte	0x8
 646 002f 64000000 		.4byte	.LASF1
 647 0033 02       		.uleb128 0x2
 648 0034 02       		.byte	0x2
 649 0035 05       		.byte	0x5
 650 0036 00020000 		.4byte	.LASF2
 651 003a 02       		.uleb128 0x2
 652 003b 02       		.byte	0x2
 653 003c 07       		.byte	0x7
 654 003d 65010000 		.4byte	.LASF3
 655 0041 02       		.uleb128 0x2
 656 0042 04       		.byte	0x4
 657 0043 05       		.byte	0x5
 658 0044 10020000 		.4byte	.LASF4
 659 0048 02       		.uleb128 0x2
 660 0049 04       		.byte	0x4
 661 004a 07       		.byte	0x7
 662 004b 19010000 		.4byte	.LASF5
 663 004f 02       		.uleb128 0x2
 664 0050 08       		.byte	0x8
 665 0051 05       		.byte	0x5
 666 0052 ED010000 		.4byte	.LASF6
 667 0056 02       		.uleb128 0x2
 668 0057 08       		.byte	0x8
 669 0058 07       		.byte	0x7
 670 0059 A2010000 		.4byte	.LASF7
 671 005d 03       		.uleb128 0x3
 672 005e 04       		.byte	0x4
 673 005f 05       		.byte	0x5
 674 0060 696E7400 		.ascii	"int\000"
 675 0064 02       		.uleb128 0x2
 676 0065 04       		.byte	0x4
 677 0066 07       		.byte	0x7
 678 0067 95010000 		.4byte	.LASF8
 679 006b 04       		.uleb128 0x4
 680 006c 0A020000 		.4byte	.LASF12
 681 0070 02       		.byte	0x2
 682 0071 E901     		.2byte	0x1e9
 683 0073 2C000000 		.4byte	0x2c
 684 0077 02       		.uleb128 0x2
 685 0078 04       		.byte	0x4
 686 0079 04       		.byte	0x4
 687 007a 5E000000 		.4byte	.LASF9
 688 007e 02       		.uleb128 0x2
 689 007f 08       		.byte	0x8
 690 0080 04       		.byte	0x4
 691 0081 78010000 		.4byte	.LASF10
 692 0085 02       		.uleb128 0x2
 693 0086 01       		.byte	0x1
 694 0087 08       		.byte	0x8
 695 0088 FB010000 		.4byte	.LASF11
ARM GAS  C:\Users\elias\AppData\Local\Temp\cc6VvHNG.s 			page 34


 696 008c 04       		.uleb128 0x4
 697 008d E8010000 		.4byte	.LASF13
 698 0091 02       		.byte	0x2
 699 0092 9302     		.2byte	0x293
 700 0094 98000000 		.4byte	0x98
 701 0098 05       		.uleb128 0x5
 702 0099 6B000000 		.4byte	0x6b
 703 009d 06       		.uleb128 0x6
 704 009e 02       		.byte	0x2
 705 009f 03       		.byte	0x3
 706 00a0 25       		.byte	0x25
 707 00a1 BE000000 		.4byte	0xbe
 708 00a5 07       		.uleb128 0x7
 709 00a6 19020000 		.4byte	.LASF14
 710 00aa 03       		.byte	0x3
 711 00ab 27       		.byte	0x27
 712 00ac 6B000000 		.4byte	0x6b
 713 00b0 00       		.byte	0
 714 00b1 07       		.uleb128 0x7
 715 00b2 3F000000 		.4byte	.LASF15
 716 00b6 03       		.byte	0x3
 717 00b7 28       		.byte	0x28
 718 00b8 6B000000 		.4byte	0x6b
 719 00bc 01       		.byte	0x1
 720 00bd 00       		.byte	0
 721 00be 08       		.uleb128 0x8
 722 00bf 43020000 		.4byte	.LASF16
 723 00c3 03       		.byte	0x3
 724 00c4 29       		.byte	0x29
 725 00c5 9D000000 		.4byte	0x9d
 726 00c9 09       		.uleb128 0x9
 727 00ca CD010000 		.4byte	.LASF17
 728 00ce 01       		.byte	0x1
 729 00cf 3C       		.byte	0x3c
 730 00d0 01       		.byte	0x1
 731 00d1 09       		.uleb128 0x9
 732 00d2 14000000 		.4byte	.LASF18
 733 00d6 01       		.byte	0x1
 734 00d7 25       		.byte	0x25
 735 00d8 01       		.byte	0x1
 736 00d9 09       		.uleb128 0x9
 737 00da 00000000 		.4byte	.LASF19
 738 00de 01       		.byte	0x1
 739 00df 84       		.byte	0x84
 740 00e0 01       		.byte	0x1
 741 00e1 0A       		.uleb128 0xa
 742 00e2 D1000000 		.4byte	0xd1
 743 00e6 00000000 		.4byte	.LFB0
 744 00ea 20000000 		.4byte	.LFE0-.LFB0
 745 00ee 01       		.uleb128 0x1
 746 00ef 9C       		.byte	0x9c
 747 00f0 0A       		.uleb128 0xa
 748 00f1 C9000000 		.4byte	0xc9
 749 00f5 00000000 		.4byte	.LFB1
 750 00f9 44000000 		.4byte	.LFE1-.LFB1
 751 00fd 01       		.uleb128 0x1
 752 00fe 9C       		.byte	0x9c
ARM GAS  C:\Users\elias\AppData\Local\Temp\cc6VvHNG.s 			page 35


 753 00ff 0B       		.uleb128 0xb
 754 0100 2C000000 		.4byte	.LASF26
 755 0104 01       		.byte	0x1
 756 0105 5F       		.byte	0x5f
 757 0106 00000000 		.4byte	.LFB2
 758 010a 34000000 		.4byte	.LFE2-.LFB2
 759 010e 01       		.uleb128 0x1
 760 010f 9C       		.byte	0x9c
 761 0110 2D010000 		.4byte	0x12d
 762 0114 0C       		.uleb128 0xc
 763 0115 D1000000 		.4byte	0xd1
 764 0119 12000000 		.4byte	.LBB8
 765 011d 22000000 		.4byte	.LBE8-.LBB8
 766 0121 01       		.byte	0x1
 767 0122 6E       		.byte	0x6e
 768 0123 0D       		.uleb128 0xd
 769 0124 12000000 		.4byte	.LVL0
 770 0128 73010000 		.4byte	0x173
 771 012c 00       		.byte	0
 772 012d 0E       		.uleb128 0xe
 773 012e D9000000 		.4byte	0xd9
 774 0132 00000000 		.4byte	.LFB3
 775 0136 64000000 		.4byte	.LFE3-.LFB3
 776 013a 01       		.uleb128 0x1
 777 013b 9C       		.byte	0x9c
 778 013c 62010000 		.4byte	0x162
 779 0140 0F       		.uleb128 0xf
 780 0141 C9000000 		.4byte	0xc9
 781 0145 02000000 		.4byte	.LBB16
 782 0149 00000000 		.4byte	.Ldebug_ranges0+0
 783 014d 01       		.byte	0x1
 784 014e 86       		.byte	0x86
 785 014f 0D       		.uleb128 0xd
 786 0150 44000000 		.4byte	.LVL1
 787 0154 7E010000 		.4byte	0x17e
 788 0158 10       		.uleb128 0x10
 789 0159 50000000 		.4byte	.LVL2
 790 015d 89010000 		.4byte	0x189
 791 0161 00       		.byte	0
 792 0162 11       		.uleb128 0x11
 793 0163 4A000000 		.4byte	.LASF27
 794 0167 01       		.byte	0x1
 795 0168 15       		.byte	0x15
 796 0169 BE000000 		.4byte	0xbe
 797 016d 05       		.uleb128 0x5
 798 016e 03       		.byte	0x3
 799 016f 00000000 		.4byte	VDAC_ref_PGA_backup
 800 0173 12       		.uleb128 0x12
 801 0174 25020000 		.4byte	.LASF20
 802 0178 25020000 		.4byte	.LASF20
 803 017c 03       		.byte	0x3
 804 017d 34       		.byte	0x34
 805 017e 12       		.uleb128 0x12
 806 017f B9010000 		.4byte	.LASF21
 807 0183 B9010000 		.4byte	.LASF21
 808 0187 03       		.byte	0x3
 809 0188 3A       		.byte	0x3a
ARM GAS  C:\Users\elias\AppData\Local\Temp\cc6VvHNG.s 			page 36


 810 0189 12       		.uleb128 0x12
 811 018a 7F010000 		.4byte	.LASF22
 812 018e 7F010000 		.4byte	.LASF22
 813 0192 03       		.byte	0x3
 814 0193 37       		.byte	0x37
 815 0194 00       		.byte	0
 816              		.section	.debug_abbrev,"",%progbits
 817              	.Ldebug_abbrev0:
 818 0000 01       		.uleb128 0x1
 819 0001 11       		.uleb128 0x11
 820 0002 01       		.byte	0x1
 821 0003 25       		.uleb128 0x25
 822 0004 0E       		.uleb128 0xe
 823 0005 13       		.uleb128 0x13
 824 0006 0B       		.uleb128 0xb
 825 0007 03       		.uleb128 0x3
 826 0008 0E       		.uleb128 0xe
 827 0009 1B       		.uleb128 0x1b
 828 000a 0E       		.uleb128 0xe
 829 000b 55       		.uleb128 0x55
 830 000c 17       		.uleb128 0x17
 831 000d 11       		.uleb128 0x11
 832 000e 01       		.uleb128 0x1
 833 000f 10       		.uleb128 0x10
 834 0010 17       		.uleb128 0x17
 835 0011 00       		.byte	0
 836 0012 00       		.byte	0
 837 0013 02       		.uleb128 0x2
 838 0014 24       		.uleb128 0x24
 839 0015 00       		.byte	0
 840 0016 0B       		.uleb128 0xb
 841 0017 0B       		.uleb128 0xb
 842 0018 3E       		.uleb128 0x3e
 843 0019 0B       		.uleb128 0xb
 844 001a 03       		.uleb128 0x3
 845 001b 0E       		.uleb128 0xe
 846 001c 00       		.byte	0
 847 001d 00       		.byte	0
 848 001e 03       		.uleb128 0x3
 849 001f 24       		.uleb128 0x24
 850 0020 00       		.byte	0
 851 0021 0B       		.uleb128 0xb
 852 0022 0B       		.uleb128 0xb
 853 0023 3E       		.uleb128 0x3e
 854 0024 0B       		.uleb128 0xb
 855 0025 03       		.uleb128 0x3
 856 0026 08       		.uleb128 0x8
 857 0027 00       		.byte	0
 858 0028 00       		.byte	0
 859 0029 04       		.uleb128 0x4
 860 002a 16       		.uleb128 0x16
 861 002b 00       		.byte	0
 862 002c 03       		.uleb128 0x3
 863 002d 0E       		.uleb128 0xe
 864 002e 3A       		.uleb128 0x3a
 865 002f 0B       		.uleb128 0xb
 866 0030 3B       		.uleb128 0x3b
ARM GAS  C:\Users\elias\AppData\Local\Temp\cc6VvHNG.s 			page 37


 867 0031 05       		.uleb128 0x5
 868 0032 49       		.uleb128 0x49
 869 0033 13       		.uleb128 0x13
 870 0034 00       		.byte	0
 871 0035 00       		.byte	0
 872 0036 05       		.uleb128 0x5
 873 0037 35       		.uleb128 0x35
 874 0038 00       		.byte	0
 875 0039 49       		.uleb128 0x49
 876 003a 13       		.uleb128 0x13
 877 003b 00       		.byte	0
 878 003c 00       		.byte	0
 879 003d 06       		.uleb128 0x6
 880 003e 13       		.uleb128 0x13
 881 003f 01       		.byte	0x1
 882 0040 0B       		.uleb128 0xb
 883 0041 0B       		.uleb128 0xb
 884 0042 3A       		.uleb128 0x3a
 885 0043 0B       		.uleb128 0xb
 886 0044 3B       		.uleb128 0x3b
 887 0045 0B       		.uleb128 0xb
 888 0046 01       		.uleb128 0x1
 889 0047 13       		.uleb128 0x13
 890 0048 00       		.byte	0
 891 0049 00       		.byte	0
 892 004a 07       		.uleb128 0x7
 893 004b 0D       		.uleb128 0xd
 894 004c 00       		.byte	0
 895 004d 03       		.uleb128 0x3
 896 004e 0E       		.uleb128 0xe
 897 004f 3A       		.uleb128 0x3a
 898 0050 0B       		.uleb128 0xb
 899 0051 3B       		.uleb128 0x3b
 900 0052 0B       		.uleb128 0xb
 901 0053 49       		.uleb128 0x49
 902 0054 13       		.uleb128 0x13
 903 0055 38       		.uleb128 0x38
 904 0056 0B       		.uleb128 0xb
 905 0057 00       		.byte	0
 906 0058 00       		.byte	0
 907 0059 08       		.uleb128 0x8
 908 005a 16       		.uleb128 0x16
 909 005b 00       		.byte	0
 910 005c 03       		.uleb128 0x3
 911 005d 0E       		.uleb128 0xe
 912 005e 3A       		.uleb128 0x3a
 913 005f 0B       		.uleb128 0xb
 914 0060 3B       		.uleb128 0x3b
 915 0061 0B       		.uleb128 0xb
 916 0062 49       		.uleb128 0x49
 917 0063 13       		.uleb128 0x13
 918 0064 00       		.byte	0
 919 0065 00       		.byte	0
 920 0066 09       		.uleb128 0x9
 921 0067 2E       		.uleb128 0x2e
 922 0068 00       		.byte	0
 923 0069 3F       		.uleb128 0x3f
ARM GAS  C:\Users\elias\AppData\Local\Temp\cc6VvHNG.s 			page 38


 924 006a 19       		.uleb128 0x19
 925 006b 03       		.uleb128 0x3
 926 006c 0E       		.uleb128 0xe
 927 006d 3A       		.uleb128 0x3a
 928 006e 0B       		.uleb128 0xb
 929 006f 3B       		.uleb128 0x3b
 930 0070 0B       		.uleb128 0xb
 931 0071 27       		.uleb128 0x27
 932 0072 19       		.uleb128 0x19
 933 0073 20       		.uleb128 0x20
 934 0074 0B       		.uleb128 0xb
 935 0075 00       		.byte	0
 936 0076 00       		.byte	0
 937 0077 0A       		.uleb128 0xa
 938 0078 2E       		.uleb128 0x2e
 939 0079 00       		.byte	0
 940 007a 31       		.uleb128 0x31
 941 007b 13       		.uleb128 0x13
 942 007c 11       		.uleb128 0x11
 943 007d 01       		.uleb128 0x1
 944 007e 12       		.uleb128 0x12
 945 007f 06       		.uleb128 0x6
 946 0080 40       		.uleb128 0x40
 947 0081 18       		.uleb128 0x18
 948 0082 9742     		.uleb128 0x2117
 949 0084 19       		.uleb128 0x19
 950 0085 00       		.byte	0
 951 0086 00       		.byte	0
 952 0087 0B       		.uleb128 0xb
 953 0088 2E       		.uleb128 0x2e
 954 0089 01       		.byte	0x1
 955 008a 3F       		.uleb128 0x3f
 956 008b 19       		.uleb128 0x19
 957 008c 03       		.uleb128 0x3
 958 008d 0E       		.uleb128 0xe
 959 008e 3A       		.uleb128 0x3a
 960 008f 0B       		.uleb128 0xb
 961 0090 3B       		.uleb128 0x3b
 962 0091 0B       		.uleb128 0xb
 963 0092 27       		.uleb128 0x27
 964 0093 19       		.uleb128 0x19
 965 0094 11       		.uleb128 0x11
 966 0095 01       		.uleb128 0x1
 967 0096 12       		.uleb128 0x12
 968 0097 06       		.uleb128 0x6
 969 0098 40       		.uleb128 0x40
 970 0099 18       		.uleb128 0x18
 971 009a 9742     		.uleb128 0x2117
 972 009c 19       		.uleb128 0x19
 973 009d 01       		.uleb128 0x1
 974 009e 13       		.uleb128 0x13
 975 009f 00       		.byte	0
 976 00a0 00       		.byte	0
 977 00a1 0C       		.uleb128 0xc
 978 00a2 1D       		.uleb128 0x1d
 979 00a3 00       		.byte	0
 980 00a4 31       		.uleb128 0x31
ARM GAS  C:\Users\elias\AppData\Local\Temp\cc6VvHNG.s 			page 39


 981 00a5 13       		.uleb128 0x13
 982 00a6 11       		.uleb128 0x11
 983 00a7 01       		.uleb128 0x1
 984 00a8 12       		.uleb128 0x12
 985 00a9 06       		.uleb128 0x6
 986 00aa 58       		.uleb128 0x58
 987 00ab 0B       		.uleb128 0xb
 988 00ac 59       		.uleb128 0x59
 989 00ad 0B       		.uleb128 0xb
 990 00ae 00       		.byte	0
 991 00af 00       		.byte	0
 992 00b0 0D       		.uleb128 0xd
 993 00b1 898201   		.uleb128 0x4109
 994 00b4 00       		.byte	0
 995 00b5 11       		.uleb128 0x11
 996 00b6 01       		.uleb128 0x1
 997 00b7 31       		.uleb128 0x31
 998 00b8 13       		.uleb128 0x13
 999 00b9 00       		.byte	0
 1000 00ba 00       		.byte	0
 1001 00bb 0E       		.uleb128 0xe
 1002 00bc 2E       		.uleb128 0x2e
 1003 00bd 01       		.byte	0x1
 1004 00be 31       		.uleb128 0x31
 1005 00bf 13       		.uleb128 0x13
 1006 00c0 11       		.uleb128 0x11
 1007 00c1 01       		.uleb128 0x1
 1008 00c2 12       		.uleb128 0x12
 1009 00c3 06       		.uleb128 0x6
 1010 00c4 40       		.uleb128 0x40
 1011 00c5 18       		.uleb128 0x18
 1012 00c6 9742     		.uleb128 0x2117
 1013 00c8 19       		.uleb128 0x19
 1014 00c9 01       		.uleb128 0x1
 1015 00ca 13       		.uleb128 0x13
 1016 00cb 00       		.byte	0
 1017 00cc 00       		.byte	0
 1018 00cd 0F       		.uleb128 0xf
 1019 00ce 1D       		.uleb128 0x1d
 1020 00cf 00       		.byte	0
 1021 00d0 31       		.uleb128 0x31
 1022 00d1 13       		.uleb128 0x13
 1023 00d2 52       		.uleb128 0x52
 1024 00d3 01       		.uleb128 0x1
 1025 00d4 55       		.uleb128 0x55
 1026 00d5 17       		.uleb128 0x17
 1027 00d6 58       		.uleb128 0x58
 1028 00d7 0B       		.uleb128 0xb
 1029 00d8 59       		.uleb128 0x59
 1030 00d9 0B       		.uleb128 0xb
 1031 00da 00       		.byte	0
 1032 00db 00       		.byte	0
 1033 00dc 10       		.uleb128 0x10
 1034 00dd 898201   		.uleb128 0x4109
 1035 00e0 00       		.byte	0
 1036 00e1 11       		.uleb128 0x11
 1037 00e2 01       		.uleb128 0x1
ARM GAS  C:\Users\elias\AppData\Local\Temp\cc6VvHNG.s 			page 40


 1038 00e3 9542     		.uleb128 0x2115
 1039 00e5 19       		.uleb128 0x19
 1040 00e6 31       		.uleb128 0x31
 1041 00e7 13       		.uleb128 0x13
 1042 00e8 00       		.byte	0
 1043 00e9 00       		.byte	0
 1044 00ea 11       		.uleb128 0x11
 1045 00eb 34       		.uleb128 0x34
 1046 00ec 00       		.byte	0
 1047 00ed 03       		.uleb128 0x3
 1048 00ee 0E       		.uleb128 0xe
 1049 00ef 3A       		.uleb128 0x3a
 1050 00f0 0B       		.uleb128 0xb
 1051 00f1 3B       		.uleb128 0x3b
 1052 00f2 0B       		.uleb128 0xb
 1053 00f3 49       		.uleb128 0x49
 1054 00f4 13       		.uleb128 0x13
 1055 00f5 02       		.uleb128 0x2
 1056 00f6 18       		.uleb128 0x18
 1057 00f7 00       		.byte	0
 1058 00f8 00       		.byte	0
 1059 00f9 12       		.uleb128 0x12
 1060 00fa 2E       		.uleb128 0x2e
 1061 00fb 00       		.byte	0
 1062 00fc 3F       		.uleb128 0x3f
 1063 00fd 19       		.uleb128 0x19
 1064 00fe 3C       		.uleb128 0x3c
 1065 00ff 19       		.uleb128 0x19
 1066 0100 6E       		.uleb128 0x6e
 1067 0101 0E       		.uleb128 0xe
 1068 0102 03       		.uleb128 0x3
 1069 0103 0E       		.uleb128 0xe
 1070 0104 3A       		.uleb128 0x3a
 1071 0105 0B       		.uleb128 0xb
 1072 0106 3B       		.uleb128 0x3b
 1073 0107 0B       		.uleb128 0xb
 1074 0108 00       		.byte	0
 1075 0109 00       		.byte	0
 1076 010a 00       		.byte	0
 1077              		.section	.debug_aranges,"",%progbits
 1078 0000 34000000 		.4byte	0x34
 1079 0004 0200     		.2byte	0x2
 1080 0006 00000000 		.4byte	.Ldebug_info0
 1081 000a 04       		.byte	0x4
 1082 000b 00       		.byte	0
 1083 000c 0000     		.2byte	0
 1084 000e 0000     		.2byte	0
 1085 0010 00000000 		.4byte	.LFB0
 1086 0014 20000000 		.4byte	.LFE0-.LFB0
 1087 0018 00000000 		.4byte	.LFB1
 1088 001c 44000000 		.4byte	.LFE1-.LFB1
 1089 0020 00000000 		.4byte	.LFB2
 1090 0024 34000000 		.4byte	.LFE2-.LFB2
 1091 0028 00000000 		.4byte	.LFB3
 1092 002c 64000000 		.4byte	.LFE3-.LFB3
 1093 0030 00000000 		.4byte	0
 1094 0034 00000000 		.4byte	0
ARM GAS  C:\Users\elias\AppData\Local\Temp\cc6VvHNG.s 			page 41


 1095              		.section	.debug_ranges,"",%progbits
 1096              	.Ldebug_ranges0:
 1097 0000 02000000 		.4byte	.LBB16
 1098 0004 1A000000 		.4byte	.LBE16
 1099 0008 22000000 		.4byte	.LBB21
 1100 000c 3A000000 		.4byte	.LBE21
 1101 0010 00000000 		.4byte	0
 1102 0014 00000000 		.4byte	0
 1103 0018 00000000 		.4byte	.LFB0
 1104 001c 20000000 		.4byte	.LFE0
 1105 0020 00000000 		.4byte	.LFB1
 1106 0024 44000000 		.4byte	.LFE1
 1107 0028 00000000 		.4byte	.LFB2
 1108 002c 34000000 		.4byte	.LFE2
 1109 0030 00000000 		.4byte	.LFB3
 1110 0034 64000000 		.4byte	.LFE3
 1111 0038 00000000 		.4byte	0
 1112 003c 00000000 		.4byte	0
 1113              		.section	.debug_line,"",%progbits
 1114              	.Ldebug_line0:
 1115 0000 D0000000 		.section	.debug_str,"MS",%progbits,1
 1115      02005E00 
 1115      00000201 
 1115      FB0E0D00 
 1115      01010101 
 1116              	.LASF19:
 1117 0000 56444143 		.ascii	"VDAC_ref_PGA_Wakeup\000"
 1117      5F726566 
 1117      5F504741 
 1117      5F57616B 
 1117      65757000 
 1118              	.LASF18:
 1119 0014 56444143 		.ascii	"VDAC_ref_PGA_SaveConfig\000"
 1119      5F726566 
 1119      5F504741 
 1119      5F536176 
 1119      65436F6E 
 1120              	.LASF26:
 1121 002c 56444143 		.ascii	"VDAC_ref_PGA_Sleep\000"
 1121      5F726566 
 1121      5F504741 
 1121      5F536C65 
 1121      657000
 1122              	.LASF15:
 1123 003f 64617461 		.ascii	"data_value\000"
 1123      5F76616C 
 1123      756500
 1124              	.LASF27:
 1125 004a 56444143 		.ascii	"VDAC_ref_PGA_backup\000"
 1125      5F726566 
 1125      5F504741 
 1125      5F626163 
 1125      6B757000 
 1126              	.LASF9:
 1127 005e 666C6F61 		.ascii	"float\000"
 1127      7400
 1128              	.LASF1:
ARM GAS  C:\Users\elias\AppData\Local\Temp\cc6VvHNG.s 			page 42


 1129 0064 756E7369 		.ascii	"unsigned char\000"
 1129      676E6564 
 1129      20636861 
 1129      7200
 1130              	.LASF23:
 1131 0072 474E5520 		.ascii	"GNU C11 5.4.1 20160609 (release) [ARM/embedded-5-br"
 1131      43313120 
 1131      352E342E 
 1131      31203230 
 1131      31363036 
 1132 00a5 616E6368 		.ascii	"anch revision 237715] -mcpu=cortex-m3 -mthumb -g -O"
 1132      20726576 
 1132      6973696F 
 1132      6E203233 
 1132      37373135 
 1133 00d8 33202D66 		.ascii	"3 -ffunction-sections -ffat-lto-objects -finline-fu"
 1133      66756E63 
 1133      74696F6E 
 1133      2D736563 
 1133      74696F6E 
 1134 010b 6E637469 		.ascii	"nctions -flto\000"
 1134      6F6E7320 
 1134      2D666C74 
 1134      6F00
 1135              	.LASF5:
 1136 0119 6C6F6E67 		.ascii	"long unsigned int\000"
 1136      20756E73 
 1136      69676E65 
 1136      6420696E 
 1136      7400
 1137              	.LASF25:
 1138 012b 433A5C47 		.ascii	"C:\\Github\\Tesis\\src\\psoc\\AcondicionamientoAnal"
 1138      69746875 
 1138      625C5465 
 1138      7369735C 
 1138      7372635C 
 1139 0159 6F676963 		.ascii	"ogico.cydsn\000"
 1139      6F2E6379 
 1139      64736E00 
 1140              	.LASF3:
 1141 0165 73686F72 		.ascii	"short unsigned int\000"
 1141      7420756E 
 1141      7369676E 
 1141      65642069 
 1141      6E7400
 1142              	.LASF10:
 1143 0178 646F7562 		.ascii	"double\000"
 1143      6C6500
 1144              	.LASF22:
 1145 017f 56444143 		.ascii	"VDAC_ref_PGA_SetValue\000"
 1145      5F726566 
 1145      5F504741 
 1145      5F536574 
 1145      56616C75 
 1146              	.LASF8:
 1147 0195 756E7369 		.ascii	"unsigned int\000"
 1147      676E6564 
ARM GAS  C:\Users\elias\AppData\Local\Temp\cc6VvHNG.s 			page 43


 1147      20696E74 
 1147      00
 1148              	.LASF7:
 1149 01a2 6C6F6E67 		.ascii	"long long unsigned int\000"
 1149      206C6F6E 
 1149      6720756E 
 1149      7369676E 
 1149      65642069 
 1150              	.LASF21:
 1151 01b9 56444143 		.ascii	"VDAC_ref_PGA_Enable\000"
 1151      5F726566 
 1151      5F504741 
 1151      5F456E61 
 1151      626C6500 
 1152              	.LASF17:
 1153 01cd 56444143 		.ascii	"VDAC_ref_PGA_RestoreConfig\000"
 1153      5F726566 
 1153      5F504741 
 1153      5F526573 
 1153      746F7265 
 1154              	.LASF13:
 1155 01e8 72656738 		.ascii	"reg8\000"
 1155      00
 1156              	.LASF6:
 1157 01ed 6C6F6E67 		.ascii	"long long int\000"
 1157      206C6F6E 
 1157      6720696E 
 1157      7400
 1158              	.LASF11:
 1159 01fb 63686172 		.ascii	"char\000"
 1159      00
 1160              	.LASF2:
 1161 0200 73686F72 		.ascii	"short int\000"
 1161      7420696E 
 1161      7400
 1162              	.LASF12:
 1163 020a 75696E74 		.ascii	"uint8\000"
 1163      3800
 1164              	.LASF4:
 1165 0210 6C6F6E67 		.ascii	"long int\000"
 1165      20696E74 
 1165      00
 1166              	.LASF14:
 1167 0219 656E6162 		.ascii	"enableState\000"
 1167      6C655374 
 1167      61746500 
 1168              	.LASF20:
 1169 0225 56444143 		.ascii	"VDAC_ref_PGA_Stop\000"
 1169      5F726566 
 1169      5F504741 
 1169      5F53746F 
 1169      7000
 1170              	.LASF0:
 1171 0237 7369676E 		.ascii	"signed char\000"
 1171      65642063 
 1171      68617200 
 1172              	.LASF16:
ARM GAS  C:\Users\elias\AppData\Local\Temp\cc6VvHNG.s 			page 44


 1173 0243 56444143 		.ascii	"VDAC_ref_PGA_backupStruct\000"
 1173      5F726566 
 1173      5F504741 
 1173      5F626163 
 1173      6B757053 
 1174              	.LASF24:
 1175 025d 47656E65 		.ascii	"Generated_Source\\PSoC5\\VDAC_ref_PGA_PM.c\000"
 1175      72617465 
 1175      645F536F 
 1175      75726365 
 1175      5C50536F 
 1176              		.comm	__gnu_lto_v1,1,1
 1177              		.ident	"GCC: (GNU Tools for ARM Embedded Processors) 5.4.1 20160609 (release) [ARM/embedded-5-bran
