ARM GAS  C:\Users\elias\AppData\Local\Temp\ccS0nmih.s 			page 1


   1              		.syntax unified
   2              		.cpu cortex-m3
   3              		.fpu softvfp
   4              		.eabi_attribute 20, 1
   5              		.eabi_attribute 21, 1
   6              		.eabi_attribute 23, 3
   7              		.eabi_attribute 24, 1
   8              		.eabi_attribute 25, 1
   9              		.eabi_attribute 26, 1
  10              		.eabi_attribute 30, 2
  11              		.eabi_attribute 34, 1
  12              		.eabi_attribute 18, 4
  13              		.thumb
  14              		.syntax unified
  15              		.file	"VDAC_ref_BP_DMA_dma.c"
  16              		.text
  17              	.Ltext0:
  18              		.section	.gnu.lto_.profile.d3098516,"",%progbits
  19 0000 789C6361 		.ascii	"x\234ca`d`a`\000\222\266\342\000\000\373\000_"
  19      60646061 
  19      600092B6 
  19      E20000FB 
  19      005F
  20              		.text
  21              		.section	.gnu.lto_.icf.d3098516,"",%progbits
  22 0000 789C6361 		.ascii	"x\234ca`d\000\001\021\006\004`fh\353\271}\214\231\261"
  22      60640001 
  22      11060460 
  22      6668EBB9 
  22      7D8C99B1 
  23 0014 7B4EDB0D 		.ascii	"{N\333\015V\246\233\253\177M\347d\000\000XQ\010~"
  23      56A69BAB 
  23      7F4DE764 
  23      00005851 
  23      087E
  24              		.text
  25              		.section	.gnu.lto_.jmpfuncs.d3098516,"",%progbits
  26 0000 789C6361 		.ascii	"x\234ca`d\000\2012\006\004`b`a\004\002~\020\301\002"
  26      60640081 
  26      32060460 
  26      62606104 
  26      027E10C1 
  27 0015 E433FE65 		.ascii	"\3443\376eb<\372\377\373\001\376/L\255\314\014\214L"
  27      623CFAFF 
  27      FB01FE2F 
  27      4CADCC0C 
  27      8C4C
  28 0027 8CCB1965 		.ascii	"\214\313\031e\030\030\330@*+\231\300$3\220\344\001)"
  28      1818D840 
  28      2A2B99C0 
  28      243390E4 
  28      0129
  29 0039 5BFF66E7 		.ascii	"[\377f\347O^\2102\006\306\025 eL\225`#+A\3260B\204P"
  29      4F5E8832 
  29      06C61520 
  29      654C9560 
  29      232B41D6 
ARM GAS  C:\Users\elias\AppData\Local\Temp\ccS0nmih.s 			page 2


  30 0051 29263062 		.ascii	")&0b`\000\000\343?\022k"
  30      600000E3 
  30      3F126B
  31              		.text
  32              		.section	.gnu.lto_.inline.d3098516,"",%progbits
  33 0000 789C6361 		.ascii	"x\234ca`d\000\001\177\006\004`b`\020\325gd`\3428`\307"
  33      60640001 
  33      7F060460 
  33      626010D5 
  33      676460E2 
  34 0017 C0B6409E 		.ascii	"\300\266@\236\011$\306\314\003\024\237\340\307\300\302"
  34      0924C6CC 
  34      03149FE0 
  34      C7C0C2
  35 0026 0B644FF0 		.ascii	"\013dO\360\003Av\001\006\0066\006\020\013\254\207\215"
  35      03417601 
  35      06063606 
  35      100BAC87 
  35      8D
  36 0037 0FA885E9 		.ascii	"\017\250\205\351\002?\\\013\0237\003\003#P\022\000\264"
  36      023F5C0B 
  36      13370303 
  36      23501200 
  36      B4
  37 0048 960A8E   		.ascii	"\226\012\216"
  38              		.text
  39              		.section	.gnu.lto_.pureconst.d3098516,"",%progbits
  40 0000 789C6361 		.ascii	"x\234ca`d`e```b\220`\222\000\000\000\347\000?"
  40      60646065 
  40      60606062 
  40      90609200 
  40      0000E700 
  41              		.text
  42              		.section	.gnu.lto_VDAC_ref_BP_DMA_DmaInitialize.d3098516,"",%progbits
  43 0000 789C9592 		.ascii	"x\234\225\222_HSQ\034\307\317\357\234\271\273\256\333"
  43      5F485351 
  43      1CC7CFEF 
  43      9CB9BBAE 
  43      DB
  44 0011 DC5B0FF9 		.ascii	"\334[\017\371\320\233\371P\010\021\004=\351\204 \010"
  44      D09BF950 
  44      0811043D 
  44      E9842008 
  45 0021 86A31EC2 		.ascii	"\206\243\036\302\030\342n\017Ajw\333\363\216[\253\204"
  45      18E26E0F 
  45      416A77DB 
  45      F38E5BAB 
  45      84
  46 0032 1E12D4EA 		.ascii	"\036\022\324\352A\245B\264\262\314\376\331\254l\366"
  46      41A542B4 
  46      B2CCFED9 
  46      AC6CF6
  47 0041 87824692 		.ascii	"\207\202F\222\331C\324C\3640B\004\235L\245b\335~\277"
  47      D943D443 
  47      F4304204 
  47      9D4CA562 
  47      DD7EBF
ARM GAS  C:\Users\elias\AppData\Local\Temp\ccS0nmih.s 			page 3


  48 0054 B3B902F7 		.ascii	"\263\271\002\367\262\013\227{\316\357\376\276\337\357"
  48      B20B977B 
  48      CEEFFEBE 
  48      DFEF
  49 0062 E777EFB1 		.ascii	"\347w\357\2611`t\015\011\306N\342s\007\336 \030\360"
  49      3160740D 
  49      09C64EE2 
  49      7307DE20 
  49      18F0
  50 0074 8BEF19EB 		.ascii	"\213\357\031\353vp\000ZH\007\260(\207(\254\361<\207"
  50      7670005A 
  50      4807B028 
  50      8728ACF1 
  50      3C87
  51 0086 771B6F2F 		.ascii	"w\033o/\350\365\243R\306\344\267\221\325\375\227\306"
  51      E8F5A352 
  51      C6E4B791 
  51      D5FD97C6 
  52 0096 529040B9 		.ascii	"R\220@\271\305\031\354\255\205\206Z\262\030\205z\354"
  52      C519ECAD 
  52      85865AB2 
  52      18857AEC 
  53 00a6 5C189FEB 		.ascii	"\\\030\237\353q\213\006`\270\036\352K\347D\335\010\251"
  53      718B0660 
  53      B81EEA4B 
  53      E744DD08 
  53      A9
  54 00b7 E4D47129 		.ascii	"\344\324q)P\002c \376\251\310\003n@\035\366.\177\274"
  54      50026320 
  54      FEA9C803 
  54      6E401DF6 
  54      2E7FBC
  55 00ca B65D1C50 		.ascii	"\266]\034P\262\336\3417\213UE\331\357\242\354\346\026"
  55      B2DEE137 
  55      8B5545D9 
  55      EFA2ECE6 
  55      16
  56 00db D92D257B 		.ascii	"\331-%{mm\244jr<!\000\210s~%=XM[\016\036\334.]\277\272"
  56      6D6DA46A 
  56      723C2100 
  56      88737E25 
  56      3D584D5B 
  57 00f6 E0148794 		.ascii	"\340\024\207\224k,\277:\343.\272~>\353\224\276\204\020"
  57      6B2CBF3A 
  57      E32EBA7E 
  57      3EEB94BE 
  57      8410
  58 0108 70A7607B 		.ascii	"p\247`{\033ja\034\310\030\243&\224\361\364\257\314\262"
  58      1B6A611C 
  58      C818A326 
  58      94F1F4AF 
  58      CCB2
  59 011a 5B1C53D2 		.ascii	"[\034S\322\276\227Ik\023(y\256(\275[F:\011u\324\377"
  59      BE97496B 
  59      132879AE 
  59      28BD5B46 
  59      3A0975D4 
ARM GAS  C:\Users\elias\AppData\Local\Temp\ccS0nmih.s 			page 4


  60 012f 7DF24FBF 		.ascii	"}\362O\277\313~F\342\265\223\276\021\322\336\003;}\365"
  60      CB7E46E2 
  60      B593BE11 
  60      D2DE033B 
  60      7DF5
  61 0141 899694B4 		.ascii	"\211\226\224\264\254\270L\365k\263_5\027R\343\3646\240"
  61      ACB84CF5 
  61      6BB35F35 
  61      1752E3F4 
  61      36A0
  62 0153 61EC6861 		.ascii	"a\354ha\323\200\342\035@N:\025\234jX\266\202&\364W\262"
  62      D380E21D 
  62      404E3A15 
  62      9C6A58B6 
  62      8226F457 
  63 0168 9CD35364 		.ascii	"\234\323Sd \226[\311d5\362\305\300\201\304\2139\215"
  63      20965BC9 
  63      6435F2C5 
  63      C081C48B 
  63      398D
  64 017a C6AE52BC 		.ascii	"\306\256R\274\311\344\322\027-\232\227\347\245\364`"
  64      C9E4D217 
  64      2D9A97E7 
  64      A5F460
  65 0189 AD871CB0 		.ascii	"\255\207\034\260\274\230\376\364J\037\206\301n\251\352"
  65      BC98FEF4 
  65      4A1F86C1 
  65      6EA9EA
  66 0198 0C1EE0EF 		.ascii	"\014\036\340\357\275\217\354\014\036\3020`\307\304R"
  66      BD8FEC0C 
  66      1EC23060 
  66      C7C452
  67 01a7 F2A78B7C 		.ascii	"\362\247\213|l\300\340\021\276\371\001W\344\345\365"
  67      6CC0E011 
  67      BEF90157 
  67      E4E5F5
  68 01b6 5D14B3D5 		.ascii	"]\024\263\325\330nq\234\011\246 \252\232\343B\304Q\210"
  68      D86E719C 
  68      09A620AA 
  68      9AE342C4 
  68      5188
  69 01c8 ABCD3B21 		.ascii	"\253\315;!4\206\244\003\2759 \207\270\260W\000\367\270"
  69      3486A403 
  69      BD392087 
  69      B8B05700 
  69      F7B8
  70 01da 04974438 		.ascii	"\004\227D8$\261\227\247pX\370M\030L#\005\006\304\205"
  70      24B197A7 
  70      7058F84D 
  70      184C2305 
  70      06C485
  71 01ed 16178E84 		.ascii	"\026\027\216\204\330\246\202?\254\025\203\365\012\202"
  71      D8A6823F 
  71      AC1583F5 
  71      0A82
  72 01fb 9F94829F 		.ascii	"\237\224\202\237\026\202\253\312\007\353\026\247s\370"
  72      1682ABCA 
ARM GAS  C:\Users\elias\AppData\Local\Temp\ccS0nmih.s 			page 5


  72      07EB16A7 
  72      73F8
  73 0209 4C05EBFF 		.ascii	"L\005\353\377\237E\033p\230\241\361\253\025Ev}V\024"
  73      9F451B70 
  73      98A1F1AB 
  73      1545767D 
  73      5614
  74 021b 309C1560 		.ascii	"0\234\025`</a\244\010c\021=\013\036L\235\007\240s\200"
  74      3C2F61A4 
  74      0863113D 
  74      0B1E4C9D 
  74      07A07380 
  75 022f 83EF3E68 		.ascii	"\203\357>ht\030f[\330\010\006\374\235\021\263\335h\365"
  75      7418665B 
  75      D80806FC 
  75      9D11B3DD 
  75      68F5
  76 0241 F93BBDFB 		.ascii	"\371;\275\373Z\21767z\003\246q\"\320\344\0134\037n\014"
  76      5A8F3637 
  76      7A03A671 
  76      22D0E40B 
  76      341F6E0C 
  77 0255 044FB5ED 		.ascii	"\004O\265\355igzS\304\014\205\275\235\221\216\260\273"
  77      69677A53 
  77      C40C85BD 
  77      9D918EB0 
  77      BB
  78 0266 C5386D84 		.ascii	"\3058m\204\302>\303T\265\232#]]\206\3517\333\033\203"
  78      C23EC354 
  78      B59A235D 
  78      5D86E937 
  78      DB1B83
  79 0279 41D30885 		.ascii	"A\323\010\205<j\337\214\035\305\302_\301\016Z\227"
  79      3C6ADF8C 
  79      1DC5C25F 
  79      C10E5A97 
  80              		.text
  81              		.section	.gnu.lto_VDAC_ref_BP_DMA_DmaRelease.d3098516,"",%progbits
  82 0000 789C654E 		.ascii	"x\234eN=K\003A\024|\263{&\341@\260\327\3026\205\212"
  82      3D4B0341 
  82      147CB37B 
  82      26E140B0 
  82      D7C23685 
  83 0015 853F2026 		.ascii	"\205? & \010BH\300*p\204\344\3544ph}\233\304E\355lL"
  83      20084248 
  83      C02A7084 
  83      E4EC3470 
  83      687D9BC4 
  84 002d 27E94CA2 		.ascii	"'\351L\242\202\210\215\327\235\301\322\217\312\312F"
  84      82888DD7 
  84      9DC1D28F 
  84      CACA46
  85 003c 2C82048B 		.ascii	",\202\004\213\004\264\214\347\333\263t`y\313\274y3c"
  85      04B48CE7 
  85      DBB37460 
  85      79CBBC79 
  85      3363
ARM GAS  C:\Users\elias\AppData\Local\Temp\ccS0nmih.s 			page 6


  86 004e 11C820C1 		.ascii	"\021\310 \301c\211\347,?H\2028~\"\252\247\004`>*\005"
  86      6389E72C 
  86      3F488238 
  86      7E22AAA7 
  86      04603E2A 
  87 0063 F2057C7C 		.ascii	"\362\005||\213\211@\377`\020\210tG1\336\364\331\262"
  87      8B8940FF 
  87      60108874 
  87      4731DEF4 
  87      D9B2
  88 0075 EA86D092 		.ascii	"\352\206\320\222(\022\261\023\241\2034\261\354\375\372"
  88      2812B113 
  88      A18334B1 
  88      ECFDFA
  89 0084 E7643AB1 		.ascii	"\347d:\261od\363\177Ktar\350\252\020\252(j\252\360\306"
  89      6F64F37F 
  89      4B746172 
  89      E8AA10AA 
  89      286AAAF0 
  90 0099 BEBBB52D 		.ascii	"\276\273\265-AZ2=b\211\011\033\013a\246\034\240\321"
  90      415A323D 
  90      6289091B 
  90      0B61A61C 
  90      A0D1
  91 00ab 1A3F16CC 		.ascii	"\032?\026\314QS\232\334\226\356?'\277\204\226\002\306"
  91      51539ADC 
  91      96EE3F27 
  91      BF849602 
  91      C6
  92 00bc 3F083E5F 		.ascii	"?\010>_\223\376D\035*5\303\334\021W0\364\360\341\345"
  92      93FE441D 
  92      2A35C3DC 
  92      115730F4 
  92      F0E1E5
  93 00cf DE6EE3B4 		.ascii	"\336n\343\264\256b^\342\234{\3670\307\361\027h\203>"
  93      AE625EE2 
  93      9C7BF730 
  93      C7F11768 
  93      833E
  94 00e1 6019CBFF 		.ascii	"`\031\313\377\016V\304\276\204K\370\304yZN\321\020\215"
  94      0E56C4BE 
  94      844BF8C4 
  94      795A4ED1 
  94      108D
  95 00f3 30588FD5 		.ascii	"0X\217\325\006#\336s1\256\271\260\346\356\270^y\327"
  95      0623DE73 
  95      31AEB9B0 
  95      E6EEB85E 
  95      79D7
  96 0105 AD3AC5DA 		.ascii	"\255:\305\332\236WqK\371b-\273R\332\314e\262\216\347"
  96      9E57714B 
  96      F9622DBB 
  96      52DACC65 
  96      B28EE7
  97 0118 6E39AB79 		.ascii	"n9\253y'\267\221q\252\333\345\305\012\375\002\366\323"
  97      27B79171 
  97      AADBE5C5 
ARM GAS  C:\Users\elias\AppData\Local\Temp\ccS0nmih.s 			page 7


  97      0AFD02F6 
  97      D3
  98 0129 6B7F     		.ascii	"k\177"
  99              		.text
 100              		.section	.gnu.lto_.symbol_nodes.d3098516,"",%progbits
 101 0000 789C558C 		.ascii	"x\234U\214\261\015\2000\014\004\317q\222\001\230\000"
 101      B10D8030 
 101      0C04CF71 
 101      92019800 
 102 0010 26759028 		.ascii	"&u\220()\230\207:53\300\"\010'\025\371\346t\377\322"
 102      2998873A 
 102      3533C022 
 102      082715F9 
 102      E674FFD2 
 103 0024 47841D4F 		.ascii	"G\204\035O\020\203\343\002\307Y\026H\260Nm\010&\303"
 103      1083E302 
 103      C7591648 
 103      B04E6D08 
 103      26C3
 104 0036 20C9422F 		.ascii	" \311B/\240\224\331=\232\016\256\026\007\317\226\376"
 104      A094D93D 
 104      9A0EAE16 
 104      07CF96FE 
 105 0046 AE7E5DEF 		.ascii	"\256~]\357W\224\310\3664*\2651\344\336\363\001\314\364"
 105      5794C8F6 
 105      342AB531 
 105      E4DEF301 
 105      CCF4
 106 0058 1F26     		.ascii	"\037&"
 107              		.text
 108              		.section	.gnu.lto_.refs.d3098516,"",%progbits
 109 0000 789C0DC7 		.ascii	"x\234\015\307I\021\000 \000\000!\326c,`\377\254\312"
 109      49110020 
 109      000021D6 
 109      632C60FF 
 109      ACCA
 110 0012 8F25174B 		.ascii	"\217%\027K\245\251\255\323\370\365\000\003\311\0008"
 110      A5A9ADD3 
 110      F8F50003 
 110      C90038
 111              		.text
 112              		.section	.gnu.lto_.decls.d3098516,"",%progbits
 113 0000 789C8D54 		.ascii	"x\234\215TmLSg\024\276\347\336Z\353\005\305\020\263"
 113      6D4C5367 
 113      14BEE7DE 
 113      5AEB05C5 
 113      10B3
 114 0012 E9D265CC 		.ascii	"\351\322e\314Dq?\326\215,.\373\265\204\225)\373\341"
 114      44713FD6 
 114      8D2C2EFB 
 114      B5849529 
 114      FBE1
 115 0024 62642359 		.ascii	"bd#YbB*\275\316&X\226\266$c\277\356\024\235\210FI\010"
 115      62422ABD 
 115      CE265896 
 115      B62463BF 
 115      EE149D88 
ARM GAS  C:\Users\elias\AppData\Local\Temp\ccS0nmih.s 			page 8


 116 003b 1B4C2360 		.ascii	"\033L#`\246\240|\373\005\370\2612\025Z\024\025\374,"
 116      A6A07CFB 
 116      05F8B132 
 116      155A1415 
 116      FC2C
 117 004d A022051D 		.ascii	"\240\"\005\035\021\"\035\220\2151\306\316\373q{[\"\333"
 117      11221D90 
 117      8D31C6CE 
 117      FB717B5B 
 117      22DB
 118 005f DEF4F4BE 		.ascii	"\336\364\364\276\357y\237s\236\363\234\367\275\327 "
 118      EF799F73 
 118      9EF39CF7 
 118      BDD720
 119 006e 8040C6F0 		.ascii	"\200@\306\360BAX\213\323\021\234\317\342\220\360\231"
 119      4241588B 
 119      D3119CCF 
 119      E290F099 
 120 007e 8E4676CD 		.ascii	"\216Fv\315\002\033F\264\213h^\264\016\264[h\001\264"
 120      021B46B4 
 120      8B685EB4 
 120      0EB45B68 
 120      01B4
 121 0090 871CD72F 		.ascii	"\207\034\327/D\017\202\215E;\207\026\217\266\014\255"
 121      440F828D 
 121      453B8716 
 121      8FB60CAD 
 122 00a0 8EE77B82 		.ascii	"\216\347{\2026\200\366\000-\210v\023m\020\315\317c\015"
 122      3680F600 
 122      2D887613 
 122      6D10CDCF 
 122      630D
 123 00b2 3C3EC079 		.ascii	"<>\300y:\346\341\360\362\272\322#\362\022\276!\264>"
 123      3AE6E1F0 
 123      F2BAD223 
 123      F212BE21 
 123      B43E
 124 00c4 8E11396E 		.ascii	"\216\0219n\276:gD\230=r\372\200\251\027\002 \011\274"
 124      BE3A6744 
 124      983D72FA 
 124      80A91702 
 124      2009BC
 125 00d7 210200FB 		.ascii	"!\002\000\373\007j\0023\272\304\211(\260\211\346\012"
 125      076A0233 
 125      BAC48928 
 125      B089E60A 
 126 00e7 0F814344 		.ascii	"\017\201CDm\252'\243?\036\017\263\332\240I\364\354\300"
 126      6DAA27A3 
 126      3F1E0FB3 
 126      DAA049F4 
 126      ECC0
 127 00f9 83D89A07 		.ascii	"\203\330\232\007\013<\010D\235\000\330R\213\210\310"
 127      0B3C0844 
 127      9D00D852 
 127      8B88C8
 128 0108 37A722AD 		.ascii	"7\247\"\255f\215\206\266\203\212\336\267\373r\371\002"
 128      668D86B6 
ARM GAS  C:\Users\elias\AppData\Local\Temp\ccS0nmih.s 			page 9


 128      838ADEB7 
 128      FB72F902 
 129 0118 4904327F 		.ascii	"I\0042\177<U\271\316R\255\3428\250\252b\252\336\231"
 129      3C55B9CE 
 129      52ADE238 
 129      A8AA62AA 
 129      DE99
 130 012a 9FFE9C1E 		.ascii	"\237\376\234\036\223&DX-c\315\022:\352F\232\247\026"
 130      93264458 
 130      2D63CD12 
 130      3AEA469A 
 130      A716
 131 013c 3307D9AF 		.ascii	"3\007\331\257,o;%Ko\321\371\325\331\337\275q\270\025"
 131      2C6F3B25 
 131      4B6FD1F9 
 131      D5D9DFBD 
 131      71B815
 132 014f 2F8388CB 		.ascii	"/\203\210\313\356\261\353\207cp\271L\206\2453\242x\250"
 132      EEB1EB87 
 132      6370B94C 
 132      86A533A2 
 132      78A8
 133 0161 A8B5C608 		.ascii	"\250\265\306\010\362\232=\252\272CUw\252r\345\022\001"
 133      F29A3DAA 
 133      BA435577 
 133      AA72E512 
 133      01
 134 0172 6AC10C35 		.ascii	"j\301\0145`\026\240\036\326\220\224U`\021\340$:O\240"
 134      6016A01E 
 134      D6909455 
 134      6011E024 
 134      3A4FA0
 135 0185 F318A9A7 		.ascii	"\363\030\251\247\277k\370\303fU]\012u C5H\024\202bV"
 135      BF6BF8C3 
 135      66555D0A 
 135      75204335 
 135      48148262 
 136 019a CBACC0E2 		.ascii	"\313\254\300\342\333\023S`@Q\024\260\305@|\025/\306"
 136      DB135360 
 136      405114B0 
 136      C5407C15 
 136      2FC6
 137 01ac 0B4D615F 		.ascii	"\013Ma_\003Pg\335\256\301*\023\226cF%\020!\304\314\204"
 137      035067DD 
 137      AEC12A13 
 137      96634625 
 137      1021C4CC 
 138 01c1 941406FF 		.ascii	"\224\024\006\377\216\2216\221\271x;xr\330\000kdZ\200"
 138      8E913691 
 138      B9783B78 
 138      72D8006B 
 138      645A80
 139 01d4 B7F10D55 		.ascii	"\267\361\015U\204s\230\350\214\316n&\354T\311X\205j"
 139      847398E8 
 139      8CCE6E26 
 139      EC54C958 
 139      856A
ARM GAS  C:\Users\elias\AppData\Local\Temp\ccS0nmih.s 			page 10


 140 01e6 5C2EC07B 		.ascii	"\\.\300{fx\027e\234E\031f.\3434\3128\20520y0P8\036C"
 140      66781765 
 140      9C451966 
 140      2EE334CA 
 140      38853230 
 141 0200 0B22791A 		.ascii	"\013\"y\032YA\367C\215\305qag\023sv\345\325\037\222"
 141      5941F743 
 141      8DC57161 
 141      67137376 
 141      E5D51F92 
 142 0214 580F0DB8 		.ascii	"X\017\015\270\014u\226\006\227\260\036&\020a\337\376"
 142      0C759606 
 142      97B01E26 
 142      1061DFFE 
 143 0224 3ABA6879 		.ascii	":\272hy1=\247\235j\202\201F\236G\236\026\344\021\340"
 143      313DA79D 
 143      6A828146 
 143      9E479E16 
 143      E411E0
 144 0237 022CC7FF 		.ascii	"\002,\307\377f0\260\326\2349\032*4\256,S\313\352\325"
 144      6630B0D6 
 144      9C391A2A 
 144      34AE2C53 
 144      CBEAD5
 145 024a FE509B3D 		.ascii	"\376P\233=\324\250\252\371\030i 8\250\324\305T\222k"
 145      D4A8AAF9 
 145      18692038 
 145      A8D4C554 
 145      926B
 146 025c 2FC071E8 		.ascii	"/\300q\350\305+r\021Vbhm\321\213rY\332\015\26453\376"
 146      C52B7211 
 146      5662686D 
 146      D18B7259 
 146      DA0DB435 
 147 0272 1F4BC548 		.ascii	"\037K\305H\326\364W\"H\177\246\244[8\247\267\372\342"
 147      D6F45722 
 147      487FA6A4 
 147      5B38A7B7 
 147      FAE2
 148 0284 0503E3F4 		.ascii	"\005\003\343\3646\354\225JTo\036\206\211\004\005\227"
 148      36EC954A 
 148      546F1E86 
 148      89040597 
 149 0294 74CA4B91 		.ascii	"t\312K\221\224^J\351+9q\312 \2253\312\241\357\217<7"
 149      945E4AE9 
 149      2B3971CA 
 149      209533CA 
 149      A1EF8F3C 
 150 02a9 867BC34E 		.ascii	"\206{\303N\365\217\013\207{\304\260\357\027\326\257"
 150      F58F0B87 
 150      7BC4B0EF 
 150      17D6AF
 151 02b8 87BEAA93 		.ascii	"\207\276\252\223\244_\2112}\247\342\"\0166\221\035\354"
 151      A45F8932 
 151      7DA7E222 
 151      0E36911D 
 151      EC
ARM GAS  C:\Users\elias\AppData\Local\Temp\ccS0nmih.s 			page 11


 152 02c9 DDB3BB46 		.ascii	"\335\263\273Fb\244\006\232W\254)\337W\027\276\204(&"
 152      62A4069A 
 152      57AC29DF 
 152      5717BE84 
 152      2826
 153 02db DE879750 		.ascii	"\336\207\227P\323\002><\275D~zW\321yE\277\204\243\237"
 153      D3023E3C 
 153      BD447E7A 
 153      57D17945 
 153      BF84A39F 
 154 02ef 357C4774 		.ascii	"5|Gt\264#u\233\256#\221\337\302\221;\217TSd\213\332"
 154      B423759B 
 154      AE2391DF 
 154      C2913B8F 
 154      5453648B 
 155 0304 A30EC64F 		.ascii	"\243\016\306O{tY;\230\246\236\375\305\"6\251\0373O\026"
 155      7B74593B 
 155      98A69EFD 
 155      C52236A9 
 155      1F334F16 
 156 0318 584A1BD5 		.ascii	"XJ\033\325\274E\004\003\255z\346V\332!\234t\320\356"
 156      BC450403 
 156      AD7AE656 
 156      DA219C74 
 156      D0EE
 157 032a 3C1D9A0C 		.ascii	"<\035\232\014,\224zYw\376\373\316_g\335\211\276w\235"
 157      2C947A59 
 157      77FEFBCE 
 157      5F67DD89 
 157      BE779D
 158 033d CC79ADBD 		.ascii	"\314y\255\275\257F\232\277\326\233\264\326\033Z\255"
 158      AF469ABF 
 158      D69BB4D6 
 158      1B5AAD
 159 034c 3BEE37B5 		.ascii	";\3567\265\030X\255\336\026\005\353\304}\270\246\327"
 159      1858ADDE 
 159      1605EBC4 
 159      7DB8A6D7 
 160 035c 794DABF3 		.ascii	"yM\253\363\026\255\263\352\331\360\350bi\362\377\236"
 160      16ADB3EA 
 160      D9F0E862 
 160      69F2FF9E 
 161 036c 62372B29 		.ascii	"b7+)\177\347x\231\034v\336fN_O\365\264\216\274\303\234"
 161      7FE77899 
 161      1C76DE66 
 161      4E5F4FF5 
 161      B48EBCC3 
 162 0381 9D35451B 		.ascii	"\2355E\033\302\276\273\314\327\347\313?\257G\337\343"
 162      C2BEBBCC 
 162      D7E7CB3F 
 162      AF47DFE3 
 163 0391 AFFBF1D2 		.ascii	"\257\373\361\322\246\177Q\371\200\252\274\257\251<z"
 163      A67F51F9 
 163      80AABCAF 
 163      A93C7A
 164 03a0 F0878371 		.ascii	"\360\207\203q\\\345=\242\022\367\241KW\331\245\251\014"
 164      5CE53DA2 
ARM GAS  C:\Users\elias\AppData\Local\Temp\ccS0nmih.s 			page 12


 164      12F7A14B 
 164      57D9A5A9 
 164      0C
 165 03b1 5095ED0D 		.ascii	"P\225\355\015\267Fc\244\375\342\274*\247o\324\327\212"
 165      B74663A4 
 165      FDE2BC2A 
 165      A76FD4D7 
 165      8A
 166 03c2 F3B3F751 		.ascii	"\363\263\367Q\366^\215\3757\377\370\263\205\234\375"
 166      F65E8DFD 
 166      37FFF8B3 
 166      859CFD
 167 03d1 3461C77D 		.ascii	"4a\307}\350\321\331{4\366\207\224\375q\301\3001\343"
 167      E8D1D97B 
 167      34F68794 
 167      FD71C1C0 
 167      31E3
 168 03e3 04FB26D1 		.ascii	"\004\373&\321O\331\363\212\202} \035b\345\034nl:\000"
 168      4FD9F38A 
 168      827D201D 
 168      62E51C6E 
 168      6C3A00
 169 03f6 AB8EAA65 		.ascii	"\253\216\252e\025\344\255_\027\252UU\211B\037\263\204"
 169      15E4AD5F 
 169      17AA5555 
 169      89421FB3 
 169      84
 170 0407 FC5325D0 		.ascii	"\374S%\320\365#r\355\373a\025\306\025\334\371+9v\257"
 170      F52372ED 
 170      FB6115C6 
 170      15DCF92B 
 170      3976AF
 171 041a FE5ECCF9 		.ascii	"\376^\314\371\266<\201XZ\002>\021\274\247\242\267sq"
 171      B63C8158 
 171      5A023E11 
 171      BCA7A2B7 
 171      7371
 172 042c 149A344C 		.ascii	"\024\2324LG\017p\364\000E_\231|p\311\030\205\276\031"
 172      470F70F4 
 172      00455F99 
 172      7C70C918 
 172      85BE19
 173 043f 850E7274 		.ascii	"\205\016rt\220\242\247\362\366\016G\243\375Q\350A\216"
 173      90A2A7F2 
 173      F60E47A3 
 173      FD51E841 
 173      8E
 174 0450 1EA4E8A7 		.ascii	"\036\244\350\247\376\356\031S\024\272/\012=\304\321"
 174      FEEE1953 
 174      14BA2F0A 
 174      3DC4D1
 175 045f E4F97A7A 		.ascii	"\344\371zzJ\2625\303\245l\315\370hcF\312\206\344\214"
 175      4AB235C3 
 175      A56CCDF8 
 175      686346CA 
 175      86E48C
 176 0472 94EDB64F 		.ascii	"\224\355\266O\234\016\217\303\226\345\370F1\255\377"
ARM GAS  C:\Users\elias\AppData\Local\Temp\ccS0nmih.s 			page 13


 176      9C0E8FC3 
 176      96E5F846 
 176      31ADFF
 177 0481 F4F3046B 		.ascii	"\364\363\004kR\222`\314q8=I\357\277\271^q*.\233G\261"
 177      529260CC 
 177      71383D49 
 177      EFBFB95E 
 177      712A2E9B 
 178 0497 67A465E7 		.ascii	"g\244e\347\2702\225\315\033\323\262\255k\337\311\314"
 178      B83295CD 
 178      1BD3B2AD 
 178      6BDFC9CC 
 179 04a7 F5E47EA5 		.ascii	"\365\344~\245\270-\333\204\005\004\370\301\333/\307"
 179      B82DDB84 
 179      0504F8C1 
 179      DB2FC7
 180 04b6 6D9E4B66 		.ascii	"m\236Kf\337n\263d\012\257\275\244\206MJ\226bs+q\326"
 180      DF6EB364 
 180      0AAFBDA4 
 180      864D4A96 
 180      62732B71 
 181 04cb 5C5C58B7 		.ascii	"\\\\X\267mt9\262]\016O\256)3\327\355\261yr\334\011\363"
 181      6D7439B2 
 181      5D0E4FAE 
 181      2933D7ED 
 181      B17972DC 
 182 04e1 5462FD02 		.ascii	"Tb\375\002\023X-\251\302\012\036\231\246x>\376\332\243"
 182      13582DA9 
 182      C20A1E99 
 182      A6783EFE 
 182      DAA3
 183 04f3 38ED8A3D 		.ascii	"8\355\212=\331nw)n\367\253\372\2165\333\271\325\361"
 183      D96E7729 
 183      6EF7ABFA 
 183      8E35DBB9 
 183      D5F1
 184 0505 650EE671 		.ascii	"e\016\346qd;\227p\177\212\303m\333\222\245\254xIU\251"
 184      643B9770 
 184      7F8AC36D 
 184      DB92A5AC 
 184      784955A9 
 185 0519 36A73D4B 		.ascii	"6\247=K\371\007\251\236\272\200"
 185      F907A99E 
 185      BA80
 186              		.text
 187              		.section	.gnu.lto_.symtab.d3098516,"",%progbits
 188 0000 56444143 		.ascii	"VDAC_ref_BP_DMA_DmaInitialize\000"
 188      5F726566 
 188      5F42505F 
 188      444D415F 
 188      446D6149 
 189 001e 00       		.ascii	"\000"
 190 001f 00       		.ascii	"\000"
 191 0020 00       		.ascii	"\000"
 192 0021 00000000 		.ascii	"\000\000\000\000\000\000\000\000"
 192      00000000 
 193 0029 BD000000 		.ascii	"\275\000\000\000"
ARM GAS  C:\Users\elias\AppData\Local\Temp\ccS0nmih.s 			page 14


 194 002d 56444143 		.ascii	"VDAC_ref_BP_DMA_DmaHandle\000"
 194      5F726566 
 194      5F42505F 
 194      444D415F 
 194      446D6148 
 195 0047 00       		.ascii	"\000"
 196 0048 00       		.ascii	"\000"
 197 0049 00       		.ascii	"\000"
 198 004a 00000000 		.ascii	"\000\000\000\000\000\000\000\000"
 198      00000000 
 199 0052 E0000000 		.ascii	"\340\000\000\000"
 200 0056 56444143 		.ascii	"VDAC_ref_BP_DMA_DmaRelease\000"
 200      5F726566 
 200      5F42505F 
 200      444D415F 
 200      446D6152 
 201 0071 00       		.ascii	"\000"
 202 0072 00       		.ascii	"\000"
 203 0073 00       		.ascii	"\000"
 204 0074 00000000 		.ascii	"\000\000\000\000\000\000\000\000"
 204      00000000 
 205 007c C0000000 		.ascii	"\300\000\000\000"
 206 0080 4379446D 		.ascii	"CyDmaChPriority\000"
 206      61436850 
 206      72696F72 
 206      69747900 
 207 0090 00       		.ascii	"\000"
 208 0091 02       		.ascii	"\002"
 209 0092 00       		.ascii	"\000"
 210 0093 00000000 		.ascii	"\000\000\000\000\000\000\000\000"
 210      00000000 
 211 009b CA000000 		.ascii	"\312\000\000\000"
 212 009f 4379446D 		.ascii	"CyDmaChSetExtendedAddress\000"
 212      61436853 
 212      65744578 
 212      74656E64 
 212      65644164 
 213 00b9 00       		.ascii	"\000"
 214 00ba 02       		.ascii	"\002"
 215 00bb 00       		.ascii	"\000"
 216 00bc 00000000 		.ascii	"\000\000\000\000\000\000\000\000"
 216      00000000 
 217 00c4 D0000000 		.ascii	"\320\000\000\000"
 218 00c8 4379446D 		.ascii	"CyDmaChSetConfiguration\000"
 218      61436853 
 218      6574436F 
 218      6E666967 
 218      75726174 
 219 00e0 00       		.ascii	"\000"
 220 00e1 02       		.ascii	"\002"
 221 00e2 00       		.ascii	"\000"
 222 00e3 00000000 		.ascii	"\000\000\000\000\000\000\000\000"
 222      00000000 
 223 00eb D9000000 		.ascii	"\331\000\000\000"
 224 00ef 4379446D 		.ascii	"CyDmaChDisable\000"
 224      61436844 
 224      69736162 
ARM GAS  C:\Users\elias\AppData\Local\Temp\ccS0nmih.s 			page 15


 224      6C6500
 225 00fe 00       		.ascii	"\000"
 226 00ff 02       		.ascii	"\002"
 227 0100 00       		.ascii	"\000"
 228 0101 00000000 		.ascii	"\000\000\000\000\000\000\000\000"
 228      00000000 
 229 0109 DD000000 		.ascii	"\335\000\000\000"
 230              		.text
 231              		.section	.gnu.lto_.opts,"",%progbits
 232 0000 272D666D 		.ascii	"'-fmath-errno' '-fsigned-zeros' '-ftrapping-math' '"
 232      6174682D 
 232      6572726E 
 232      6F272027 
 232      2D667369 
 233 0033 2D666E6F 		.ascii	"-fno-trapv' '-fno-openmp' '-fno-openacc' '-mcpu=cor"
 233      2D747261 
 233      70762720 
 233      272D666E 
 233      6F2D6F70 
 234 0066 7465782D 		.ascii	"tex-m3' '-mthumb' '-g' '-O3' '-ffunction-sections' "
 234      6D332720 
 234      272D6D74 
 234      68756D62 
 234      2720272D 
 235 0099 272D6666 		.ascii	"'-ffat-lto-objects' '-finline-functions' '-flto'\000"
 235      61742D6C 
 235      746F2D6F 
 235      626A6563 
 235      74732720 
 236              		.text
 237              		.cfi_sections	.debug_frame
 238              		.section	.text.VDAC_ref_BP_DMA_DmaInitialize,"ax",%progbits
 239              		.align	2
 240              		.global	VDAC_ref_BP_DMA_DmaInitialize
 241              		.thumb
 242              		.thumb_func
 243              		.type	VDAC_ref_BP_DMA_DmaInitialize, %function
 244              	VDAC_ref_BP_DMA_DmaInitialize:
 245              	.LFB0:
 246              		.file 1 "Generated_Source\\PSoC5\\VDAC_ref_BP_DMA_dma.c"
   1:Generated_Source\PSoC5/VDAC_ref_BP_DMA_dma.c **** /***************************************************************************
   2:Generated_Source\PSoC5/VDAC_ref_BP_DMA_dma.c **** * File Name: VDAC_ref_BP_DMA_dma.c  
   3:Generated_Source\PSoC5/VDAC_ref_BP_DMA_dma.c **** * Version 1.70
   4:Generated_Source\PSoC5/VDAC_ref_BP_DMA_dma.c **** *
   5:Generated_Source\PSoC5/VDAC_ref_BP_DMA_dma.c **** *  Description:
   6:Generated_Source\PSoC5/VDAC_ref_BP_DMA_dma.c **** *   Provides an API for the DMAC component. The API includes functions
   7:Generated_Source\PSoC5/VDAC_ref_BP_DMA_dma.c **** *   for the DMA controller, DMA channels and Transfer Descriptors.
   8:Generated_Source\PSoC5/VDAC_ref_BP_DMA_dma.c **** *
   9:Generated_Source\PSoC5/VDAC_ref_BP_DMA_dma.c **** *
  10:Generated_Source\PSoC5/VDAC_ref_BP_DMA_dma.c **** *   Note:
  11:Generated_Source\PSoC5/VDAC_ref_BP_DMA_dma.c **** *     This module requires the developer to finish or fill in the auto
  12:Generated_Source\PSoC5/VDAC_ref_BP_DMA_dma.c **** *     generated funcions and setup the dma channel and TD's.
  13:Generated_Source\PSoC5/VDAC_ref_BP_DMA_dma.c **** *
  14:Generated_Source\PSoC5/VDAC_ref_BP_DMA_dma.c **** ********************************************************************************
  15:Generated_Source\PSoC5/VDAC_ref_BP_DMA_dma.c **** * Copyright 2008-2010, Cypress Semiconductor Corporation.  All rights reserved.
  16:Generated_Source\PSoC5/VDAC_ref_BP_DMA_dma.c **** * You may use this file only in accordance with the license, terms, conditions, 
  17:Generated_Source\PSoC5/VDAC_ref_BP_DMA_dma.c **** * disclaimers, and limitations in the end user license agreement accompanying 
ARM GAS  C:\Users\elias\AppData\Local\Temp\ccS0nmih.s 			page 16


  18:Generated_Source\PSoC5/VDAC_ref_BP_DMA_dma.c **** * the software package with which this file was provided.
  19:Generated_Source\PSoC5/VDAC_ref_BP_DMA_dma.c **** ********************************************************************************/
  20:Generated_Source\PSoC5/VDAC_ref_BP_DMA_dma.c **** #include <CYLIB.H>
  21:Generated_Source\PSoC5/VDAC_ref_BP_DMA_dma.c **** #include <CYDMAC.H>
  22:Generated_Source\PSoC5/VDAC_ref_BP_DMA_dma.c **** #include <VDAC_ref_BP_DMA_dma.H>
  23:Generated_Source\PSoC5/VDAC_ref_BP_DMA_dma.c **** 
  24:Generated_Source\PSoC5/VDAC_ref_BP_DMA_dma.c **** 
  25:Generated_Source\PSoC5/VDAC_ref_BP_DMA_dma.c **** 
  26:Generated_Source\PSoC5/VDAC_ref_BP_DMA_dma.c **** /****************************************************************************
  27:Generated_Source\PSoC5/VDAC_ref_BP_DMA_dma.c **** * 
  28:Generated_Source\PSoC5/VDAC_ref_BP_DMA_dma.c **** * The following defines are available in Cyfitter.h
  29:Generated_Source\PSoC5/VDAC_ref_BP_DMA_dma.c **** * 
  30:Generated_Source\PSoC5/VDAC_ref_BP_DMA_dma.c **** * 
  31:Generated_Source\PSoC5/VDAC_ref_BP_DMA_dma.c **** * 
  32:Generated_Source\PSoC5/VDAC_ref_BP_DMA_dma.c **** * VDAC_ref_BP_DMA__DRQ_CTL_REG
  33:Generated_Source\PSoC5/VDAC_ref_BP_DMA_dma.c **** * 
  34:Generated_Source\PSoC5/VDAC_ref_BP_DMA_dma.c **** * 
  35:Generated_Source\PSoC5/VDAC_ref_BP_DMA_dma.c **** * VDAC_ref_BP_DMA__DRQ_NUMBER
  36:Generated_Source\PSoC5/VDAC_ref_BP_DMA_dma.c **** * 
  37:Generated_Source\PSoC5/VDAC_ref_BP_DMA_dma.c **** * Number of TD's used by this channel.
  38:Generated_Source\PSoC5/VDAC_ref_BP_DMA_dma.c **** * VDAC_ref_BP_DMA__NUMBEROF_TDS
  39:Generated_Source\PSoC5/VDAC_ref_BP_DMA_dma.c **** * 
  40:Generated_Source\PSoC5/VDAC_ref_BP_DMA_dma.c **** * Priority of this channel.
  41:Generated_Source\PSoC5/VDAC_ref_BP_DMA_dma.c **** * VDAC_ref_BP_DMA__PRIORITY
  42:Generated_Source\PSoC5/VDAC_ref_BP_DMA_dma.c **** * 
  43:Generated_Source\PSoC5/VDAC_ref_BP_DMA_dma.c **** * True if VDAC_ref_BP_DMA_TERMIN_SEL is used.
  44:Generated_Source\PSoC5/VDAC_ref_BP_DMA_dma.c **** * VDAC_ref_BP_DMA__TERMIN_EN
  45:Generated_Source\PSoC5/VDAC_ref_BP_DMA_dma.c **** * 
  46:Generated_Source\PSoC5/VDAC_ref_BP_DMA_dma.c **** * TERMIN interrupt line to signal terminate.
  47:Generated_Source\PSoC5/VDAC_ref_BP_DMA_dma.c **** * VDAC_ref_BP_DMA__TERMIN_SEL
  48:Generated_Source\PSoC5/VDAC_ref_BP_DMA_dma.c **** * 
  49:Generated_Source\PSoC5/VDAC_ref_BP_DMA_dma.c **** * 
  50:Generated_Source\PSoC5/VDAC_ref_BP_DMA_dma.c **** * True if VDAC_ref_BP_DMA_TERMOUT0_SEL is used.
  51:Generated_Source\PSoC5/VDAC_ref_BP_DMA_dma.c **** * VDAC_ref_BP_DMA__TERMOUT0_EN
  52:Generated_Source\PSoC5/VDAC_ref_BP_DMA_dma.c **** * 
  53:Generated_Source\PSoC5/VDAC_ref_BP_DMA_dma.c **** * 
  54:Generated_Source\PSoC5/VDAC_ref_BP_DMA_dma.c **** * TERMOUT0 interrupt line to signal completion.
  55:Generated_Source\PSoC5/VDAC_ref_BP_DMA_dma.c **** * VDAC_ref_BP_DMA__TERMOUT0_SEL
  56:Generated_Source\PSoC5/VDAC_ref_BP_DMA_dma.c **** * 
  57:Generated_Source\PSoC5/VDAC_ref_BP_DMA_dma.c **** * 
  58:Generated_Source\PSoC5/VDAC_ref_BP_DMA_dma.c **** * True if VDAC_ref_BP_DMA_TERMOUT1_SEL is used.
  59:Generated_Source\PSoC5/VDAC_ref_BP_DMA_dma.c **** * VDAC_ref_BP_DMA__TERMOUT1_EN
  60:Generated_Source\PSoC5/VDAC_ref_BP_DMA_dma.c **** * 
  61:Generated_Source\PSoC5/VDAC_ref_BP_DMA_dma.c **** * 
  62:Generated_Source\PSoC5/VDAC_ref_BP_DMA_dma.c **** * TERMOUT1 interrupt line to signal completion.
  63:Generated_Source\PSoC5/VDAC_ref_BP_DMA_dma.c **** * VDAC_ref_BP_DMA__TERMOUT1_SEL
  64:Generated_Source\PSoC5/VDAC_ref_BP_DMA_dma.c **** * 
  65:Generated_Source\PSoC5/VDAC_ref_BP_DMA_dma.c **** ****************************************************************************/
  66:Generated_Source\PSoC5/VDAC_ref_BP_DMA_dma.c **** 
  67:Generated_Source\PSoC5/VDAC_ref_BP_DMA_dma.c **** 
  68:Generated_Source\PSoC5/VDAC_ref_BP_DMA_dma.c **** /* Zero based index of VDAC_ref_BP_DMA dma channel */
  69:Generated_Source\PSoC5/VDAC_ref_BP_DMA_dma.c **** uint8 VDAC_ref_BP_DMA_DmaHandle = DMA_INVALID_CHANNEL;
  70:Generated_Source\PSoC5/VDAC_ref_BP_DMA_dma.c **** 
  71:Generated_Source\PSoC5/VDAC_ref_BP_DMA_dma.c **** /*********************************************************************
  72:Generated_Source\PSoC5/VDAC_ref_BP_DMA_dma.c **** * Function Name: uint8 VDAC_ref_BP_DMA_DmaInitalize
  73:Generated_Source\PSoC5/VDAC_ref_BP_DMA_dma.c **** **********************************************************************
  74:Generated_Source\PSoC5/VDAC_ref_BP_DMA_dma.c **** * Summary:
ARM GAS  C:\Users\elias\AppData\Local\Temp\ccS0nmih.s 			page 17


  75:Generated_Source\PSoC5/VDAC_ref_BP_DMA_dma.c **** *   Allocates and initialises a channel of the DMAC to be used by the
  76:Generated_Source\PSoC5/VDAC_ref_BP_DMA_dma.c **** *   caller.
  77:Generated_Source\PSoC5/VDAC_ref_BP_DMA_dma.c **** *
  78:Generated_Source\PSoC5/VDAC_ref_BP_DMA_dma.c **** * Parameters:
  79:Generated_Source\PSoC5/VDAC_ref_BP_DMA_dma.c **** *   BurstCount.
  80:Generated_Source\PSoC5/VDAC_ref_BP_DMA_dma.c **** *       
  81:Generated_Source\PSoC5/VDAC_ref_BP_DMA_dma.c **** *       
  82:Generated_Source\PSoC5/VDAC_ref_BP_DMA_dma.c **** *   ReqestPerBurst.
  83:Generated_Source\PSoC5/VDAC_ref_BP_DMA_dma.c **** *       
  84:Generated_Source\PSoC5/VDAC_ref_BP_DMA_dma.c **** *       
  85:Generated_Source\PSoC5/VDAC_ref_BP_DMA_dma.c **** *   UpperSrcAddress.
  86:Generated_Source\PSoC5/VDAC_ref_BP_DMA_dma.c **** *       
  87:Generated_Source\PSoC5/VDAC_ref_BP_DMA_dma.c **** *       
  88:Generated_Source\PSoC5/VDAC_ref_BP_DMA_dma.c **** *   UpperDestAddress.
  89:Generated_Source\PSoC5/VDAC_ref_BP_DMA_dma.c **** *       
  90:Generated_Source\PSoC5/VDAC_ref_BP_DMA_dma.c **** *
  91:Generated_Source\PSoC5/VDAC_ref_BP_DMA_dma.c **** * Return:
  92:Generated_Source\PSoC5/VDAC_ref_BP_DMA_dma.c **** *   The channel that can be used by the caller for DMA activity.
  93:Generated_Source\PSoC5/VDAC_ref_BP_DMA_dma.c **** *   DMA_INVALID_CHANNEL (0xFF) if there are no channels left. 
  94:Generated_Source\PSoC5/VDAC_ref_BP_DMA_dma.c **** *
  95:Generated_Source\PSoC5/VDAC_ref_BP_DMA_dma.c **** *
  96:Generated_Source\PSoC5/VDAC_ref_BP_DMA_dma.c **** *******************************************************************/
  97:Generated_Source\PSoC5/VDAC_ref_BP_DMA_dma.c **** uint8 VDAC_ref_BP_DMA_DmaInitialize(uint8 BurstCount, uint8 ReqestPerBurst, uint16 UpperSrcAddress,
  98:Generated_Source\PSoC5/VDAC_ref_BP_DMA_dma.c **** {
 247              		.loc 1 98 0
 248              		.cfi_startproc
 249              		@ args = 0, pretend = 0, frame = 0
 250              		@ frame_needed = 0, uses_anonymous_args = 0
 251              	.LVL0:
 252 0000 F0B5     		push	{r4, r5, r6, r7, lr}
 253              		.cfi_def_cfa_offset 20
 254              		.cfi_offset 4, -20
 255              		.cfi_offset 5, -16
 256              		.cfi_offset 6, -12
 257              		.cfi_offset 7, -8
 258              		.cfi_offset 14, -4
 259 0002 1646     		mov	r6, r2
 260 0004 1F46     		mov	r7, r3
 261 0006 83B0     		sub	sp, sp, #12
 262              		.cfi_def_cfa_offset 32
  99:Generated_Source\PSoC5/VDAC_ref_BP_DMA_dma.c **** 
 100:Generated_Source\PSoC5/VDAC_ref_BP_DMA_dma.c ****     /* Allocate a DMA channel. */
 101:Generated_Source\PSoC5/VDAC_ref_BP_DMA_dma.c ****     VDAC_ref_BP_DMA_DmaHandle = (uint8)VDAC_ref_BP_DMA__DRQ_NUMBER;
 263              		.loc 1 101 0
 264 0008 0025     		movs	r5, #0
 265 000a 0B4C     		ldr	r4, .L3
 102:Generated_Source\PSoC5/VDAC_ref_BP_DMA_dma.c **** 
 103:Generated_Source\PSoC5/VDAC_ref_BP_DMA_dma.c ****     /* Configure the channel. */
 104:Generated_Source\PSoC5/VDAC_ref_BP_DMA_dma.c ****     (void)CyDmaChSetConfiguration(VDAC_ref_BP_DMA_DmaHandle,
 266              		.loc 1 104 0
 267 000c 2B46     		mov	r3, r5
 268              	.LVL1:
 269 000e 0A46     		mov	r2, r1
 270              	.LVL2:
 271 0010 0195     		str	r5, [sp, #4]
 272 0012 0146     		mov	r1, r0
 273              	.LVL3:
ARM GAS  C:\Users\elias\AppData\Local\Temp\ccS0nmih.s 			page 18


 274 0014 0095     		str	r5, [sp]
 275 0016 2846     		mov	r0, r5
 276              	.LVL4:
 101:Generated_Source\PSoC5/VDAC_ref_BP_DMA_dma.c **** 
 277              		.loc 1 101 0
 278 0018 2570     		strb	r5, [r4]
 279              		.loc 1 104 0
 280 001a FFF7FEFF 		bl	CyDmaChSetConfiguration
 281              	.LVL5:
 105:Generated_Source\PSoC5/VDAC_ref_BP_DMA_dma.c ****                                   BurstCount,
 106:Generated_Source\PSoC5/VDAC_ref_BP_DMA_dma.c ****                                   ReqestPerBurst,
 107:Generated_Source\PSoC5/VDAC_ref_BP_DMA_dma.c ****                                   (uint8)VDAC_ref_BP_DMA__TERMOUT0_SEL,
 108:Generated_Source\PSoC5/VDAC_ref_BP_DMA_dma.c ****                                   (uint8)VDAC_ref_BP_DMA__TERMOUT1_SEL,
 109:Generated_Source\PSoC5/VDAC_ref_BP_DMA_dma.c ****                                   (uint8)VDAC_ref_BP_DMA__TERMIN_SEL);
 110:Generated_Source\PSoC5/VDAC_ref_BP_DMA_dma.c **** 
 111:Generated_Source\PSoC5/VDAC_ref_BP_DMA_dma.c ****     /* Set the extended address for the transfers */
 112:Generated_Source\PSoC5/VDAC_ref_BP_DMA_dma.c ****     (void)CyDmaChSetExtendedAddress(VDAC_ref_BP_DMA_DmaHandle, UpperSrcAddress, UpperDestAddress);
 282              		.loc 1 112 0
 283 001e 3A46     		mov	r2, r7
 284 0020 3146     		mov	r1, r6
 285 0022 2078     		ldrb	r0, [r4]	@ zero_extendqisi2
 286 0024 FFF7FEFF 		bl	CyDmaChSetExtendedAddress
 287              	.LVL6:
 113:Generated_Source\PSoC5/VDAC_ref_BP_DMA_dma.c **** 
 114:Generated_Source\PSoC5/VDAC_ref_BP_DMA_dma.c ****     /* Set the priority for this channel */
 115:Generated_Source\PSoC5/VDAC_ref_BP_DMA_dma.c ****     (void)CyDmaChPriority(VDAC_ref_BP_DMA_DmaHandle, (uint8)VDAC_ref_BP_DMA__PRIORITY);
 288              		.loc 1 115 0
 289 0028 2078     		ldrb	r0, [r4]	@ zero_extendqisi2
 290 002a 0221     		movs	r1, #2
 291 002c FFF7FEFF 		bl	CyDmaChPriority
 292              	.LVL7:
 116:Generated_Source\PSoC5/VDAC_ref_BP_DMA_dma.c ****     
 117:Generated_Source\PSoC5/VDAC_ref_BP_DMA_dma.c ****     return VDAC_ref_BP_DMA_DmaHandle;
 118:Generated_Source\PSoC5/VDAC_ref_BP_DMA_dma.c **** }
 293              		.loc 1 118 0
 294 0030 2078     		ldrb	r0, [r4]	@ zero_extendqisi2
 295 0032 03B0     		add	sp, sp, #12
 296              		.cfi_def_cfa_offset 20
 297              		@ sp needed
 298 0034 F0BD     		pop	{r4, r5, r6, r7, pc}
 299              	.L4:
 300 0036 00BF     		.align	2
 301              	.L3:
 302 0038 00000000 		.word	.LANCHOR0
 303              		.cfi_endproc
 304              	.LFE0:
 305              		.size	VDAC_ref_BP_DMA_DmaInitialize, .-VDAC_ref_BP_DMA_DmaInitialize
 306              		.section	.text.VDAC_ref_BP_DMA_DmaRelease,"ax",%progbits
 307              		.align	2
 308              		.global	VDAC_ref_BP_DMA_DmaRelease
 309              		.thumb
 310              		.thumb_func
 311              		.type	VDAC_ref_BP_DMA_DmaRelease, %function
 312              	VDAC_ref_BP_DMA_DmaRelease:
 313              	.LFB1:
 119:Generated_Source\PSoC5/VDAC_ref_BP_DMA_dma.c **** 
 120:Generated_Source\PSoC5/VDAC_ref_BP_DMA_dma.c **** /*********************************************************************
ARM GAS  C:\Users\elias\AppData\Local\Temp\ccS0nmih.s 			page 19


 121:Generated_Source\PSoC5/VDAC_ref_BP_DMA_dma.c **** * Function Name: void VDAC_ref_BP_DMA_DmaRelease
 122:Generated_Source\PSoC5/VDAC_ref_BP_DMA_dma.c **** **********************************************************************
 123:Generated_Source\PSoC5/VDAC_ref_BP_DMA_dma.c **** * Summary:
 124:Generated_Source\PSoC5/VDAC_ref_BP_DMA_dma.c **** *   Frees the channel associated with VDAC_ref_BP_DMA.
 125:Generated_Source\PSoC5/VDAC_ref_BP_DMA_dma.c **** *
 126:Generated_Source\PSoC5/VDAC_ref_BP_DMA_dma.c **** *
 127:Generated_Source\PSoC5/VDAC_ref_BP_DMA_dma.c **** * Parameters:
 128:Generated_Source\PSoC5/VDAC_ref_BP_DMA_dma.c **** *   void.
 129:Generated_Source\PSoC5/VDAC_ref_BP_DMA_dma.c **** *
 130:Generated_Source\PSoC5/VDAC_ref_BP_DMA_dma.c **** *
 131:Generated_Source\PSoC5/VDAC_ref_BP_DMA_dma.c **** *
 132:Generated_Source\PSoC5/VDAC_ref_BP_DMA_dma.c **** * Return:
 133:Generated_Source\PSoC5/VDAC_ref_BP_DMA_dma.c **** *   void.
 134:Generated_Source\PSoC5/VDAC_ref_BP_DMA_dma.c **** *
 135:Generated_Source\PSoC5/VDAC_ref_BP_DMA_dma.c **** *******************************************************************/
 136:Generated_Source\PSoC5/VDAC_ref_BP_DMA_dma.c **** void VDAC_ref_BP_DMA_DmaRelease(void) 
 137:Generated_Source\PSoC5/VDAC_ref_BP_DMA_dma.c **** {
 314              		.loc 1 137 0
 315              		.cfi_startproc
 316              		@ args = 0, pretend = 0, frame = 0
 317              		@ frame_needed = 0, uses_anonymous_args = 0
 318              		@ link register save eliminated.
 138:Generated_Source\PSoC5/VDAC_ref_BP_DMA_dma.c ****     /* Disable the channel */
 139:Generated_Source\PSoC5/VDAC_ref_BP_DMA_dma.c ****     (void)CyDmaChDisable(VDAC_ref_BP_DMA_DmaHandle);
 319              		.loc 1 139 0
 320 0000 014B     		ldr	r3, .L6
 321 0002 1878     		ldrb	r0, [r3]	@ zero_extendqisi2
 322 0004 FFF7FEBF 		b	CyDmaChDisable
 323              	.LVL8:
 324              	.L7:
 325              		.align	2
 326              	.L6:
 327 0008 00000000 		.word	.LANCHOR0
 328              		.cfi_endproc
 329              	.LFE1:
 330              		.size	VDAC_ref_BP_DMA_DmaRelease, .-VDAC_ref_BP_DMA_DmaRelease
 331              		.global	VDAC_ref_BP_DMA_DmaHandle
 332              		.data
 333              		.set	.LANCHOR0,. + 0
 334              		.type	VDAC_ref_BP_DMA_DmaHandle, %object
 335              		.size	VDAC_ref_BP_DMA_DmaHandle, 1
 336              	VDAC_ref_BP_DMA_DmaHandle:
 337 0000 FF       		.byte	-1
 338              		.text
 339              	.Letext0:
 340              		.file 2 "Generated_Source\\PSoC5/cytypes.h"
 341              		.file 3 "Generated_Source\\PSoC5/CYDMAC.H"
 342              		.section	.debug_info,"",%progbits
 343              	.Ldebug_info0:
 344 0000 A6010000 		.4byte	0x1a6
 345 0004 0400     		.2byte	0x4
 346 0006 00000000 		.4byte	.Ldebug_abbrev0
 347 000a 04       		.byte	0x4
 348 000b 01       		.uleb128 0x1
 349 000c 8E000000 		.4byte	.LASF24
 350 0010 0C       		.byte	0xc
 351 0011 00000000 		.4byte	.LASF25
ARM GAS  C:\Users\elias\AppData\Local\Temp\ccS0nmih.s 			page 20


 352 0015 47010000 		.4byte	.LASF26
 353 0019 00000000 		.4byte	.Ldebug_ranges0+0
 354 001d 00000000 		.4byte	0
 355 0021 00000000 		.4byte	.Ldebug_line0
 356 0025 02       		.uleb128 0x2
 357 0026 04       		.byte	0x4
 358 0027 05       		.byte	0x5
 359 0028 696E7400 		.ascii	"int\000"
 360 002c 03       		.uleb128 0x3
 361 002d 04       		.byte	0x4
 362 002e 07       		.byte	0x7
 363 002f CD010000 		.4byte	.LASF0
 364 0033 03       		.uleb128 0x3
 365 0034 08       		.byte	0x8
 366 0035 05       		.byte	0x5
 367 0036 0B020000 		.4byte	.LASF1
 368 003a 03       		.uleb128 0x3
 369 003b 08       		.byte	0x8
 370 003c 04       		.byte	0x4
 371 003d 66020000 		.4byte	.LASF2
 372 0041 03       		.uleb128 0x3
 373 0042 01       		.byte	0x1
 374 0043 06       		.byte	0x6
 375 0044 72020000 		.4byte	.LASF3
 376 0048 03       		.uleb128 0x3
 377 0049 01       		.byte	0x1
 378 004a 08       		.byte	0x8
 379 004b 75000000 		.4byte	.LASF4
 380 004f 03       		.uleb128 0x3
 381 0050 02       		.byte	0x2
 382 0051 05       		.byte	0x5
 383 0052 53020000 		.4byte	.LASF5
 384 0056 03       		.uleb128 0x3
 385 0057 02       		.byte	0x2
 386 0058 07       		.byte	0x7
 387 0059 5C000000 		.4byte	.LASF6
 388 005d 03       		.uleb128 0x3
 389 005e 04       		.byte	0x4
 390 005f 05       		.byte	0x5
 391 0060 5D020000 		.4byte	.LASF7
 392 0064 03       		.uleb128 0x3
 393 0065 04       		.byte	0x4
 394 0066 07       		.byte	0x7
 395 0067 35010000 		.4byte	.LASF8
 396 006b 03       		.uleb128 0x3
 397 006c 08       		.byte	0x8
 398 006d 07       		.byte	0x7
 399 006e DA010000 		.4byte	.LASF9
 400 0072 03       		.uleb128 0x3
 401 0073 04       		.byte	0x4
 402 0074 07       		.byte	0x7
 403 0075 02020000 		.4byte	.LASF10
 404 0079 03       		.uleb128 0x3
 405 007a 01       		.byte	0x1
 406 007b 08       		.byte	0x8
 407 007c 33020000 		.4byte	.LASF11
 408 0080 04       		.uleb128 0x4
ARM GAS  C:\Users\elias\AppData\Local\Temp\ccS0nmih.s 			page 21


 409 0081 81010000 		.4byte	.LASF12
 410 0085 02       		.byte	0x2
 411 0086 E901     		.2byte	0x1e9
 412 0088 48000000 		.4byte	0x48
 413 008c 04       		.uleb128 0x4
 414 008d C6010000 		.4byte	.LASF13
 415 0091 02       		.byte	0x2
 416 0092 EA01     		.2byte	0x1ea
 417 0094 56000000 		.4byte	0x56
 418 0098 03       		.uleb128 0x3
 419 0099 04       		.byte	0x4
 420 009a 04       		.byte	0x4
 421 009b 6F000000 		.4byte	.LASF14
 422 009f 03       		.uleb128 0x3
 423 00a0 08       		.byte	0x8
 424 00a1 04       		.byte	0x4
 425 00a2 87010000 		.4byte	.LASF15
 426 00a6 05       		.uleb128 0x5
 427 00a7 A8010000 		.4byte	.LASF27
 428 00ab 01       		.byte	0x1
 429 00ac 61       		.byte	0x61
 430 00ad 80000000 		.4byte	0x80
 431 00b1 00000000 		.4byte	.LFB0
 432 00b5 3C000000 		.4byte	.LFE0-.LFB0
 433 00b9 01       		.uleb128 0x1
 434 00ba 9C       		.byte	0x9c
 435 00bb 4D010000 		.4byte	0x14d
 436 00bf 06       		.uleb128 0x6
 437 00c0 83000000 		.4byte	.LASF16
 438 00c4 01       		.byte	0x1
 439 00c5 61       		.byte	0x61
 440 00c6 80000000 		.4byte	0x80
 441 00ca 00000000 		.4byte	.LLST0
 442 00ce 06       		.uleb128 0x6
 443 00cf 4D000000 		.4byte	.LASF17
 444 00d3 01       		.byte	0x1
 445 00d4 61       		.byte	0x61
 446 00d5 80000000 		.4byte	0x80
 447 00d9 21000000 		.4byte	.LLST1
 448 00dd 06       		.uleb128 0x6
 449 00de 2D000000 		.4byte	.LASF18
 450 00e2 01       		.byte	0x1
 451 00e3 61       		.byte	0x61
 452 00e4 8C000000 		.4byte	0x8c
 453 00e8 42000000 		.4byte	.LLST2
 454 00ec 06       		.uleb128 0x6
 455 00ed F1010000 		.4byte	.LASF19
 456 00f1 01       		.byte	0x1
 457 00f2 61       		.byte	0x61
 458 00f3 8C000000 		.4byte	0x8c
 459 00f7 63000000 		.4byte	.LLST3
 460 00fb 07       		.uleb128 0x7
 461 00fc 1E000000 		.4byte	.LVL5
 462 0100 7D010000 		.4byte	0x17d
 463 0104 23010000 		.4byte	0x123
 464 0108 08       		.uleb128 0x8
 465 0109 01       		.uleb128 0x1
ARM GAS  C:\Users\elias\AppData\Local\Temp\ccS0nmih.s 			page 22


 466 010a 50       		.byte	0x50
 467 010b 02       		.uleb128 0x2
 468 010c 75       		.byte	0x75
 469 010d 00       		.sleb128 0
 470 010e 08       		.uleb128 0x8
 471 010f 01       		.uleb128 0x1
 472 0110 53       		.byte	0x53
 473 0111 02       		.uleb128 0x2
 474 0112 75       		.byte	0x75
 475 0113 00       		.sleb128 0
 476 0114 08       		.uleb128 0x8
 477 0115 02       		.uleb128 0x2
 478 0116 7D       		.byte	0x7d
 479 0117 00       		.sleb128 0
 480 0118 02       		.uleb128 0x2
 481 0119 75       		.byte	0x75
 482 011a 00       		.sleb128 0
 483 011b 08       		.uleb128 0x8
 484 011c 02       		.uleb128 0x2
 485 011d 7D       		.byte	0x7d
 486 011e 04       		.sleb128 4
 487 011f 02       		.uleb128 0x2
 488 0120 75       		.byte	0x75
 489 0121 00       		.sleb128 0
 490 0122 00       		.byte	0
 491 0123 07       		.uleb128 0x7
 492 0124 28000000 		.4byte	.LVL6
 493 0128 88010000 		.4byte	0x188
 494 012c 3D010000 		.4byte	0x13d
 495 0130 08       		.uleb128 0x8
 496 0131 01       		.uleb128 0x1
 497 0132 51       		.byte	0x51
 498 0133 02       		.uleb128 0x2
 499 0134 76       		.byte	0x76
 500 0135 00       		.sleb128 0
 501 0136 08       		.uleb128 0x8
 502 0137 01       		.uleb128 0x1
 503 0138 52       		.byte	0x52
 504 0139 02       		.uleb128 0x2
 505 013a 77       		.byte	0x77
 506 013b 00       		.sleb128 0
 507 013c 00       		.byte	0
 508 013d 09       		.uleb128 0x9
 509 013e 30000000 		.4byte	.LVL7
 510 0142 93010000 		.4byte	0x193
 511 0146 08       		.uleb128 0x8
 512 0147 01       		.uleb128 0x1
 513 0148 51       		.byte	0x51
 514 0149 01       		.uleb128 0x1
 515 014a 32       		.byte	0x32
 516 014b 00       		.byte	0
 517 014c 00       		.byte	0
 518 014d 0A       		.uleb128 0xa
 519 014e 38020000 		.4byte	.LASF28
 520 0152 01       		.byte	0x1
 521 0153 88       		.byte	0x88
 522 0154 00000000 		.4byte	.LFB1
ARM GAS  C:\Users\elias\AppData\Local\Temp\ccS0nmih.s 			page 23


 523 0158 0C000000 		.4byte	.LFE1-.LFB1
 524 015c 01       		.uleb128 0x1
 525 015d 9C       		.byte	0x9c
 526 015e 6C010000 		.4byte	0x16c
 527 0162 0B       		.uleb128 0xb
 528 0163 08000000 		.4byte	.LVL8
 529 0167 9E010000 		.4byte	0x19e
 530 016b 00       		.byte	0
 531 016c 0C       		.uleb128 0xc
 532 016d 8E010000 		.4byte	.LASF29
 533 0171 01       		.byte	0x1
 534 0172 45       		.byte	0x45
 535 0173 80000000 		.4byte	0x80
 536 0177 05       		.uleb128 0x5
 537 0178 03       		.byte	0x3
 538 0179 00000000 		.4byte	VDAC_ref_BP_DMA_DmaHandle
 539 017d 0D       		.uleb128 0xd
 540 017e 8D020000 		.4byte	.LASF20
 541 0182 8D020000 		.4byte	.LASF20
 542 0186 03       		.byte	0x3
 543 0187 33       		.byte	0x33
 544 0188 0D       		.uleb128 0xd
 545 0189 19020000 		.4byte	.LASF21
 546 018d 19020000 		.4byte	.LASF21
 547 0191 03       		.byte	0x3
 548 0192 2D       		.byte	0x2d
 549 0193 0D       		.uleb128 0xd
 550 0194 3D000000 		.4byte	.LASF22
 551 0198 3D000000 		.4byte	.LASF22
 552 019c 03       		.byte	0x3
 553 019d 2C       		.byte	0x2c
 554 019e 0D       		.uleb128 0xd
 555 019f 7E020000 		.4byte	.LASF23
 556 01a3 7E020000 		.4byte	.LASF23
 557 01a7 03       		.byte	0x3
 558 01a8 2A       		.byte	0x2a
 559 01a9 00       		.byte	0
 560              		.section	.debug_abbrev,"",%progbits
 561              	.Ldebug_abbrev0:
 562 0000 01       		.uleb128 0x1
 563 0001 11       		.uleb128 0x11
 564 0002 01       		.byte	0x1
 565 0003 25       		.uleb128 0x25
 566 0004 0E       		.uleb128 0xe
 567 0005 13       		.uleb128 0x13
 568 0006 0B       		.uleb128 0xb
 569 0007 03       		.uleb128 0x3
 570 0008 0E       		.uleb128 0xe
 571 0009 1B       		.uleb128 0x1b
 572 000a 0E       		.uleb128 0xe
 573 000b 55       		.uleb128 0x55
 574 000c 17       		.uleb128 0x17
 575 000d 11       		.uleb128 0x11
 576 000e 01       		.uleb128 0x1
 577 000f 10       		.uleb128 0x10
 578 0010 17       		.uleb128 0x17
 579 0011 00       		.byte	0
ARM GAS  C:\Users\elias\AppData\Local\Temp\ccS0nmih.s 			page 24


 580 0012 00       		.byte	0
 581 0013 02       		.uleb128 0x2
 582 0014 24       		.uleb128 0x24
 583 0015 00       		.byte	0
 584 0016 0B       		.uleb128 0xb
 585 0017 0B       		.uleb128 0xb
 586 0018 3E       		.uleb128 0x3e
 587 0019 0B       		.uleb128 0xb
 588 001a 03       		.uleb128 0x3
 589 001b 08       		.uleb128 0x8
 590 001c 00       		.byte	0
 591 001d 00       		.byte	0
 592 001e 03       		.uleb128 0x3
 593 001f 24       		.uleb128 0x24
 594 0020 00       		.byte	0
 595 0021 0B       		.uleb128 0xb
 596 0022 0B       		.uleb128 0xb
 597 0023 3E       		.uleb128 0x3e
 598 0024 0B       		.uleb128 0xb
 599 0025 03       		.uleb128 0x3
 600 0026 0E       		.uleb128 0xe
 601 0027 00       		.byte	0
 602 0028 00       		.byte	0
 603 0029 04       		.uleb128 0x4
 604 002a 16       		.uleb128 0x16
 605 002b 00       		.byte	0
 606 002c 03       		.uleb128 0x3
 607 002d 0E       		.uleb128 0xe
 608 002e 3A       		.uleb128 0x3a
 609 002f 0B       		.uleb128 0xb
 610 0030 3B       		.uleb128 0x3b
 611 0031 05       		.uleb128 0x5
 612 0032 49       		.uleb128 0x49
 613 0033 13       		.uleb128 0x13
 614 0034 00       		.byte	0
 615 0035 00       		.byte	0
 616 0036 05       		.uleb128 0x5
 617 0037 2E       		.uleb128 0x2e
 618 0038 01       		.byte	0x1
 619 0039 3F       		.uleb128 0x3f
 620 003a 19       		.uleb128 0x19
 621 003b 03       		.uleb128 0x3
 622 003c 0E       		.uleb128 0xe
 623 003d 3A       		.uleb128 0x3a
 624 003e 0B       		.uleb128 0xb
 625 003f 3B       		.uleb128 0x3b
 626 0040 0B       		.uleb128 0xb
 627 0041 27       		.uleb128 0x27
 628 0042 19       		.uleb128 0x19
 629 0043 49       		.uleb128 0x49
 630 0044 13       		.uleb128 0x13
 631 0045 11       		.uleb128 0x11
 632 0046 01       		.uleb128 0x1
 633 0047 12       		.uleb128 0x12
 634 0048 06       		.uleb128 0x6
 635 0049 40       		.uleb128 0x40
 636 004a 18       		.uleb128 0x18
ARM GAS  C:\Users\elias\AppData\Local\Temp\ccS0nmih.s 			page 25


 637 004b 9742     		.uleb128 0x2117
 638 004d 19       		.uleb128 0x19
 639 004e 01       		.uleb128 0x1
 640 004f 13       		.uleb128 0x13
 641 0050 00       		.byte	0
 642 0051 00       		.byte	0
 643 0052 06       		.uleb128 0x6
 644 0053 05       		.uleb128 0x5
 645 0054 00       		.byte	0
 646 0055 03       		.uleb128 0x3
 647 0056 0E       		.uleb128 0xe
 648 0057 3A       		.uleb128 0x3a
 649 0058 0B       		.uleb128 0xb
 650 0059 3B       		.uleb128 0x3b
 651 005a 0B       		.uleb128 0xb
 652 005b 49       		.uleb128 0x49
 653 005c 13       		.uleb128 0x13
 654 005d 02       		.uleb128 0x2
 655 005e 17       		.uleb128 0x17
 656 005f 00       		.byte	0
 657 0060 00       		.byte	0
 658 0061 07       		.uleb128 0x7
 659 0062 898201   		.uleb128 0x4109
 660 0065 01       		.byte	0x1
 661 0066 11       		.uleb128 0x11
 662 0067 01       		.uleb128 0x1
 663 0068 31       		.uleb128 0x31
 664 0069 13       		.uleb128 0x13
 665 006a 01       		.uleb128 0x1
 666 006b 13       		.uleb128 0x13
 667 006c 00       		.byte	0
 668 006d 00       		.byte	0
 669 006e 08       		.uleb128 0x8
 670 006f 8A8201   		.uleb128 0x410a
 671 0072 00       		.byte	0
 672 0073 02       		.uleb128 0x2
 673 0074 18       		.uleb128 0x18
 674 0075 9142     		.uleb128 0x2111
 675 0077 18       		.uleb128 0x18
 676 0078 00       		.byte	0
 677 0079 00       		.byte	0
 678 007a 09       		.uleb128 0x9
 679 007b 898201   		.uleb128 0x4109
 680 007e 01       		.byte	0x1
 681 007f 11       		.uleb128 0x11
 682 0080 01       		.uleb128 0x1
 683 0081 31       		.uleb128 0x31
 684 0082 13       		.uleb128 0x13
 685 0083 00       		.byte	0
 686 0084 00       		.byte	0
 687 0085 0A       		.uleb128 0xa
 688 0086 2E       		.uleb128 0x2e
 689 0087 01       		.byte	0x1
 690 0088 3F       		.uleb128 0x3f
 691 0089 19       		.uleb128 0x19
 692 008a 03       		.uleb128 0x3
 693 008b 0E       		.uleb128 0xe
ARM GAS  C:\Users\elias\AppData\Local\Temp\ccS0nmih.s 			page 26


 694 008c 3A       		.uleb128 0x3a
 695 008d 0B       		.uleb128 0xb
 696 008e 3B       		.uleb128 0x3b
 697 008f 0B       		.uleb128 0xb
 698 0090 27       		.uleb128 0x27
 699 0091 19       		.uleb128 0x19
 700 0092 11       		.uleb128 0x11
 701 0093 01       		.uleb128 0x1
 702 0094 12       		.uleb128 0x12
 703 0095 06       		.uleb128 0x6
 704 0096 40       		.uleb128 0x40
 705 0097 18       		.uleb128 0x18
 706 0098 9742     		.uleb128 0x2117
 707 009a 19       		.uleb128 0x19
 708 009b 01       		.uleb128 0x1
 709 009c 13       		.uleb128 0x13
 710 009d 00       		.byte	0
 711 009e 00       		.byte	0
 712 009f 0B       		.uleb128 0xb
 713 00a0 898201   		.uleb128 0x4109
 714 00a3 00       		.byte	0
 715 00a4 11       		.uleb128 0x11
 716 00a5 01       		.uleb128 0x1
 717 00a6 9542     		.uleb128 0x2115
 718 00a8 19       		.uleb128 0x19
 719 00a9 31       		.uleb128 0x31
 720 00aa 13       		.uleb128 0x13
 721 00ab 00       		.byte	0
 722 00ac 00       		.byte	0
 723 00ad 0C       		.uleb128 0xc
 724 00ae 34       		.uleb128 0x34
 725 00af 00       		.byte	0
 726 00b0 03       		.uleb128 0x3
 727 00b1 0E       		.uleb128 0xe
 728 00b2 3A       		.uleb128 0x3a
 729 00b3 0B       		.uleb128 0xb
 730 00b4 3B       		.uleb128 0x3b
 731 00b5 0B       		.uleb128 0xb
 732 00b6 49       		.uleb128 0x49
 733 00b7 13       		.uleb128 0x13
 734 00b8 3F       		.uleb128 0x3f
 735 00b9 19       		.uleb128 0x19
 736 00ba 02       		.uleb128 0x2
 737 00bb 18       		.uleb128 0x18
 738 00bc 00       		.byte	0
 739 00bd 00       		.byte	0
 740 00be 0D       		.uleb128 0xd
 741 00bf 2E       		.uleb128 0x2e
 742 00c0 00       		.byte	0
 743 00c1 3F       		.uleb128 0x3f
 744 00c2 19       		.uleb128 0x19
 745 00c3 3C       		.uleb128 0x3c
 746 00c4 19       		.uleb128 0x19
 747 00c5 6E       		.uleb128 0x6e
 748 00c6 0E       		.uleb128 0xe
 749 00c7 03       		.uleb128 0x3
 750 00c8 0E       		.uleb128 0xe
ARM GAS  C:\Users\elias\AppData\Local\Temp\ccS0nmih.s 			page 27


 751 00c9 3A       		.uleb128 0x3a
 752 00ca 0B       		.uleb128 0xb
 753 00cb 3B       		.uleb128 0x3b
 754 00cc 0B       		.uleb128 0xb
 755 00cd 00       		.byte	0
 756 00ce 00       		.byte	0
 757 00cf 00       		.byte	0
 758              		.section	.debug_loc,"",%progbits
 759              	.Ldebug_loc0:
 760              	.LLST0:
 761 0000 00000000 		.4byte	.LVL0
 762 0004 18000000 		.4byte	.LVL4
 763 0008 0100     		.2byte	0x1
 764 000a 50       		.byte	0x50
 765 000b 18000000 		.4byte	.LVL4
 766 000f 3C000000 		.4byte	.LFE0
 767 0013 0400     		.2byte	0x4
 768 0015 F3       		.byte	0xf3
 769 0016 01       		.uleb128 0x1
 770 0017 50       		.byte	0x50
 771 0018 9F       		.byte	0x9f
 772 0019 00000000 		.4byte	0
 773 001d 00000000 		.4byte	0
 774              	.LLST1:
 775 0021 00000000 		.4byte	.LVL0
 776 0025 14000000 		.4byte	.LVL3
 777 0029 0100     		.2byte	0x1
 778 002b 51       		.byte	0x51
 779 002c 14000000 		.4byte	.LVL3
 780 0030 3C000000 		.4byte	.LFE0
 781 0034 0400     		.2byte	0x4
 782 0036 F3       		.byte	0xf3
 783 0037 01       		.uleb128 0x1
 784 0038 51       		.byte	0x51
 785 0039 9F       		.byte	0x9f
 786 003a 00000000 		.4byte	0
 787 003e 00000000 		.4byte	0
 788              	.LLST2:
 789 0042 00000000 		.4byte	.LVL0
 790 0046 10000000 		.4byte	.LVL2
 791 004a 0100     		.2byte	0x1
 792 004c 52       		.byte	0x52
 793 004d 10000000 		.4byte	.LVL2
 794 0051 3C000000 		.4byte	.LFE0
 795 0055 0400     		.2byte	0x4
 796 0057 F3       		.byte	0xf3
 797 0058 01       		.uleb128 0x1
 798 0059 52       		.byte	0x52
 799 005a 9F       		.byte	0x9f
 800 005b 00000000 		.4byte	0
 801 005f 00000000 		.4byte	0
 802              	.LLST3:
 803 0063 00000000 		.4byte	.LVL0
 804 0067 0E000000 		.4byte	.LVL1
 805 006b 0100     		.2byte	0x1
 806 006d 53       		.byte	0x53
 807 006e 0E000000 		.4byte	.LVL1
ARM GAS  C:\Users\elias\AppData\Local\Temp\ccS0nmih.s 			page 28


 808 0072 3C000000 		.4byte	.LFE0
 809 0076 0400     		.2byte	0x4
 810 0078 F3       		.byte	0xf3
 811 0079 01       		.uleb128 0x1
 812 007a 53       		.byte	0x53
 813 007b 9F       		.byte	0x9f
 814 007c 00000000 		.4byte	0
 815 0080 00000000 		.4byte	0
 816              		.section	.debug_aranges,"",%progbits
 817 0000 24000000 		.4byte	0x24
 818 0004 0200     		.2byte	0x2
 819 0006 00000000 		.4byte	.Ldebug_info0
 820 000a 04       		.byte	0x4
 821 000b 00       		.byte	0
 822 000c 0000     		.2byte	0
 823 000e 0000     		.2byte	0
 824 0010 00000000 		.4byte	.LFB0
 825 0014 3C000000 		.4byte	.LFE0-.LFB0
 826 0018 00000000 		.4byte	.LFB1
 827 001c 0C000000 		.4byte	.LFE1-.LFB1
 828 0020 00000000 		.4byte	0
 829 0024 00000000 		.4byte	0
 830              		.section	.debug_ranges,"",%progbits
 831              	.Ldebug_ranges0:
 832 0000 00000000 		.4byte	.LFB0
 833 0004 3C000000 		.4byte	.LFE0
 834 0008 00000000 		.4byte	.LFB1
 835 000c 0C000000 		.4byte	.LFE1
 836 0010 00000000 		.4byte	0
 837 0014 00000000 		.4byte	0
 838              		.section	.debug_line,"",%progbits
 839              	.Ldebug_line0:
 840 0000 8A000000 		.section	.debug_str,"MS",%progbits,1
 840      02005C00 
 840      00000201 
 840      FB0E0D00 
 840      01010101 
 841              	.LASF25:
 842 0000 47656E65 		.ascii	"Generated_Source\\PSoC5\\VDAC_ref_BP_DMA_dma.c\000"
 842      72617465 
 842      645F536F 
 842      75726365 
 842      5C50536F 
 843              	.LASF18:
 844 002d 55707065 		.ascii	"UpperSrcAddress\000"
 844      72537263 
 844      41646472 
 844      65737300 
 845              	.LASF22:
 846 003d 4379446D 		.ascii	"CyDmaChPriority\000"
 846      61436850 
 846      72696F72 
 846      69747900 
 847              	.LASF17:
 848 004d 52657165 		.ascii	"ReqestPerBurst\000"
 848      73745065 
 848      72427572 
ARM GAS  C:\Users\elias\AppData\Local\Temp\ccS0nmih.s 			page 29


 848      737400
 849              	.LASF6:
 850 005c 73686F72 		.ascii	"short unsigned int\000"
 850      7420756E 
 850      7369676E 
 850      65642069 
 850      6E7400
 851              	.LASF14:
 852 006f 666C6F61 		.ascii	"float\000"
 852      7400
 853              	.LASF4:
 854 0075 756E7369 		.ascii	"unsigned char\000"
 854      676E6564 
 854      20636861 
 854      7200
 855              	.LASF16:
 856 0083 42757273 		.ascii	"BurstCount\000"
 856      74436F75 
 856      6E7400
 857              	.LASF24:
 858 008e 474E5520 		.ascii	"GNU C11 5.4.1 20160609 (release) [ARM/embedded-5-br"
 858      43313120 
 858      352E342E 
 858      31203230 
 858      31363036 
 859 00c1 616E6368 		.ascii	"anch revision 237715] -mcpu=cortex-m3 -mthumb -g -O"
 859      20726576 
 859      6973696F 
 859      6E203233 
 859      37373135 
 860 00f4 33202D66 		.ascii	"3 -ffunction-sections -ffat-lto-objects -finline-fu"
 860      66756E63 
 860      74696F6E 
 860      2D736563 
 860      74696F6E 
 861 0127 6E637469 		.ascii	"nctions -flto\000"
 861      6F6E7320 
 861      2D666C74 
 861      6F00
 862              	.LASF8:
 863 0135 6C6F6E67 		.ascii	"long unsigned int\000"
 863      20756E73 
 863      69676E65 
 863      6420696E 
 863      7400
 864              	.LASF26:
 865 0147 433A5C47 		.ascii	"C:\\Github\\Tesis\\src\\psoc\\AcondicionamientoAnal"
 865      69746875 
 865      625C5465 
 865      7369735C 
 865      7372635C 
 866 0175 6F676963 		.ascii	"ogico.cydsn\000"
 866      6F2E6379 
 866      64736E00 
 867              	.LASF12:
 868 0181 75696E74 		.ascii	"uint8\000"
 868      3800
ARM GAS  C:\Users\elias\AppData\Local\Temp\ccS0nmih.s 			page 30


 869              	.LASF15:
 870 0187 646F7562 		.ascii	"double\000"
 870      6C6500
 871              	.LASF29:
 872 018e 56444143 		.ascii	"VDAC_ref_BP_DMA_DmaHandle\000"
 872      5F726566 
 872      5F42505F 
 872      444D415F 
 872      446D6148 
 873              	.LASF27:
 874 01a8 56444143 		.ascii	"VDAC_ref_BP_DMA_DmaInitialize\000"
 874      5F726566 
 874      5F42505F 
 874      444D415F 
 874      446D6149 
 875              	.LASF13:
 876 01c6 75696E74 		.ascii	"uint16\000"
 876      313600
 877              	.LASF0:
 878 01cd 756E7369 		.ascii	"unsigned int\000"
 878      676E6564 
 878      20696E74 
 878      00
 879              	.LASF9:
 880 01da 6C6F6E67 		.ascii	"long long unsigned int\000"
 880      206C6F6E 
 880      6720756E 
 880      7369676E 
 880      65642069 
 881              	.LASF19:
 882 01f1 55707065 		.ascii	"UpperDestAddress\000"
 882      72446573 
 882      74416464 
 882      72657373 
 882      00
 883              	.LASF10:
 884 0202 73697A65 		.ascii	"sizetype\000"
 884      74797065 
 884      00
 885              	.LASF1:
 886 020b 6C6F6E67 		.ascii	"long long int\000"
 886      206C6F6E 
 886      6720696E 
 886      7400
 887              	.LASF21:
 888 0219 4379446D 		.ascii	"CyDmaChSetExtendedAddress\000"
 888      61436853 
 888      65744578 
 888      74656E64 
 888      65644164 
 889              	.LASF11:
 890 0233 63686172 		.ascii	"char\000"
 890      00
 891              	.LASF28:
 892 0238 56444143 		.ascii	"VDAC_ref_BP_DMA_DmaRelease\000"
 892      5F726566 
 892      5F42505F 
ARM GAS  C:\Users\elias\AppData\Local\Temp\ccS0nmih.s 			page 31


 892      444D415F 
 892      446D6152 
 893              	.LASF5:
 894 0253 73686F72 		.ascii	"short int\000"
 894      7420696E 
 894      7400
 895              	.LASF7:
 896 025d 6C6F6E67 		.ascii	"long int\000"
 896      20696E74 
 896      00
 897              	.LASF2:
 898 0266 6C6F6E67 		.ascii	"long double\000"
 898      20646F75 
 898      626C6500 
 899              	.LASF3:
 900 0272 7369676E 		.ascii	"signed char\000"
 900      65642063 
 900      68617200 
 901              	.LASF23:
 902 027e 4379446D 		.ascii	"CyDmaChDisable\000"
 902      61436844 
 902      69736162 
 902      6C6500
 903              	.LASF20:
 904 028d 4379446D 		.ascii	"CyDmaChSetConfiguration\000"
 904      61436853 
 904      6574436F 
 904      6E666967 
 904      75726174 
 905              		.comm	__gnu_lto_v1,1,1
 906              		.ident	"GCC: (GNU Tools for ARM Embedded Processors) 5.4.1 20160609 (release) [ARM/embedded-5-bran
