ARM GAS  C:\Users\elias\AppData\Local\Temp\ccYzgeab.s 			page 1


   1              		.syntax unified
   2              		.cpu cortex-m3
   3              		.fpu softvfp
   4              		.eabi_attribute 20, 1
   5              		.eabi_attribute 21, 1
   6              		.eabi_attribute 23, 3
   7              		.eabi_attribute 24, 1
   8              		.eabi_attribute 25, 1
   9              		.eabi_attribute 26, 1
  10              		.eabi_attribute 30, 2
  11              		.eabi_attribute 34, 1
  12              		.eabi_attribute 18, 4
  13              		.thumb
  14              		.syntax unified
  15              		.file	"VDAC_LP_PM.c"
  16              		.text
  17              	.Ltext0:
  18              		.section	.gnu.lto_.profile.e050491b,"",%progbits
  19 0000 789C6361 		.ascii	"x\234ca`d`a`\000\222\205\246\000\001\201\000\261"
  19      60646061 
  19      60009285 
  19      A6000181 
  19      00B1
  20              		.text
  21              		.section	.gnu.lto_.icf.e050491b,"",%progbits
  22 0000 789C6361 		.ascii	"x\234ca`d\000\001m\006\004`g\270}\347\3264>\3063_/m"
  22      60640001 
  22      6D060460 
  22      67B87DE7 
  22      D6343EC6 
  23 0018 E6603AF1 		.ascii	"\346`:\361i\365+f\346/\007>Nfc\331\277a\362w.\326\337"
  23      69F52B66 
  23      E62F073E 
  23      4E6663D9 
  23      BF61F277 
  24 002f FB5BE2D9 		.ascii	"\373[\342\331\316\365-\\\300\313\000\000\360\254\025"
  24      CEF52D5C 
  24      C0CB0000 
  24      F0AC15
  25 003e AA       		.ascii	"\252"
  26              		.text
  27              		.section	.gnu.lto_.jmpfuncs.e050491b,"",%progbits
  28 0000 789C6361 		.ascii	"x\234ca`d\000\001Y\006\004`\003b&(ff``\001R\254Pa\006"
  28      60640001 
  28      59060460 
  28      03622628 
  28      66666060 
  29 001a 06000794 		.ascii	"\006\000\007\224\000?"
  29      003F
  30              		.text
  31              		.section	.gnu.lto_.inline.e050491b,"",%progbits
  32 0000 789C6361 		.ascii	"x\234ca`d\000\201\251\014\010\300\306\300\300\315\305"
  32      60640081 
  32      A90C08C0 
  32      C6C0C0CD 
  32      C5
  33 0011 C8C024D0 		.ascii	"\310\300$\320P\313\300\266@\236\011$\306\304\300.\001"
ARM GAS  C:\Users\elias\AppData\Local\Temp\ccYzgeab.s 			page 2


  33      50CBC0B6 
  33      409E0924 
  33      C6C4C02E 
  33      01
  34 0022 1462BAC0 		.ascii	"\024b\272\300\017\027b\344\002\211s\003\031\023\374"
  34      0F1762E4 
  34      02897303 
  34      1913FC
  35 0031 981938D9 		.ascii	"\230\0318\331\201\322<'\002\341\322,\014|<@!\221\005"
  35      81D23C27 
  35      02E1D22C 
  35      0C7C3C40 
  35      219105
  36 0044 05A83A58 		.ascii	"\005\250:X\031\004\304\200\342\0227\3463\242J\2601p"
  36      1904C480 
  36      E21237E6 
  36      33A24AB0 
  36      3170
  37 0056 080225D8 		.ascii	"\010\002%\330>\350\241\212\203\011\006\000\211\032\016"
  37      3EE8A18A 
  37      83090600 
  37      891A0E
  38 0065 1C       		.ascii	"\034"
  39              		.text
  40              		.section	.gnu.lto_.pureconst.e050491b,"",%progbits
  41 0000 789C6361 		.ascii	"x\234ca`d\340e```c\220b\222b\226b\221b\225b\223\000"
  41      6064E065 
  41      60606063 
  41      90629262 
  41      96629162 
  42 0018 0005B100 		.ascii	"\000\005\261\000\307"
  42      C7
  43              		.text
  44              		.section	.gnu.lto_VDAC_LP_RestoreConfig.part.0.e050491b,"",%progbits
  45 0000 789C8D52 		.ascii	"x\234\215R\317KTQ\024\276\3379\367=\007K\351\0170h\021"
  45      CF4B5451 
  45      14BEDF39 
  45      F73D074B 
  45      E90F3068 
  46 0015 810B73D5 		.ascii	"\201\013s\325\037\020Fm\012\006\005W\302\0206\333\004"
  46      1F10466D 
  46      0A060557 
  46      C21036DB 
  46      04
  47 0026 29683777 		.ascii	")h7w\034\037j\213p\243X\022\243\213P\373\245\246fS-"
  47      1C1F6A8B 
  47      70A35812 
  47      A38B50FB 
  47      A5A66653 
  48 003b 6CB04D48 		.ascii	"l\260MH\255j\323\302h\361\026R4\003F!9\3439\367M\341"
  48      AD6AD3C2 
  48      68F11652 
  48      34034621 
  48      39E339F7 
  49 0051 AABA70CF 		.ascii	"\252\272p\317\271\367\334s\276\363\335\357^k`tDd\314"
  49      B9F7DC73 
  49      BEF3DDEF 
ARM GAS  C:\Users\elias\AppData\Local\Temp\ccYzgeab.s 			page 3


  49      5E6B6074 
  49      4464CC
  50 0064 29F11D32 		.ascii	")\361\0352\021\030\330\361\267\262\260 \357\011\254"
  50      1118D8F1 
  50      B7B2B020 
  50      EF09AC
  51 0073 3E9F6240 		.ascii	">\237b@\027.\005\223\263\304\310\341;\355\023\312#q"
  51      172E0593 
  51      B3C4C8E1 
  51      3BED13CA 
  51      2371
  52 0085 89DAE79C 		.ascii	"\211\332\347\234\214OQ\221\335\374\006\"6\246N\036\333"
  52      8C4F5191 
  52      DDFC0622 
  52      36A64E1E 
  52      DB
  53 0096 600EED46 		.ascii	"`\016\355F\322>/\327&Z\302aM;\221\034b\036\241\022X"
  53      D23E2FD7 
  53      265AC261 
  53      4D3B911C 
  53      621EA112 
  54 00ab EC76AE5E 		.ascii	"\354v\256^/\270\361oG\321\014\0231H\015\253\261j\002"
  54      2FB8F16F 
  54      47D10C13 
  54      31480DAB 
  54      B16A02
  55 00be 35C654A4 		.ascii	"5\306T\244H\011T\310\252\347*\221\3671\312{7?L\335P"
  55      480954C8 
  55      AAE72A91 
  55      F731CA7B 
  55      373F4CDD 
  56 00d3 BC02437A 		.ascii	"\274\002CzMF\345wM\273\0241A[\337^}\351(\331\216\254"
  56      4D46E577 
  56      4DBB1431 
  56      415BDF5E 
  56      7DE928D9 
  57 00e9 E59D95D0 		.ascii	"\345\235\225\320\346\350\314^k\021w\363\303yw,b\306"
  57      E6E8CC5E 
  57      6B1177F3 
  57      C379772C 
  57      62C6
  58 00fb 7DB46101 		.ascii	"}\264a\001m\302\352\001\21201\012\277\302\004\220\022"
  58      6DC2EA01 
  58      8A30310A 
  58      BFC20490 
  58      12
  59 010c CCE9EDAF 		.ascii	"\314\351\355\257q\253\2020~\000\017%U\372NBs\376\216"
  59      71AB8230 
  59      7E000F25 
  59      55FA4E42 
  59      73FE8E
  60 011f F748F004 		.ascii	"\367H\360\004E\322\207\236W_\317\036IP\3710M\353i\226"
  60      45D2879E 
  60      575FCF1E 
  60      4950F930 
  60      4DEB6996 
  61 0133 4A5F3E36 		.ascii	"J_>6\345\366\335\250S\010;&\"jxg\353\375f\263B;\037"
ARM GAS  C:\Users\elias\AppData\Local\Temp\ccYzgeab.s 			page 4


  61      E5F6DDA8 
  61      53083B26 
  61      226A7867 
  61      EBFD66B3 
  62 014a 0FB028CA 		.ascii	"\017\260(\312?Vh9\274\365li,\325\331\021q\210%\351S"
  62      3F566839 
  62      BCF56C69 
  62      2CD5D911 
  62      718825E9 
  63 015f F3A26319 		.ascii	"\363\242c\031\235\236\335\354\361\006\275\351\355\332"
  63      9D9EDDEC 
  63      F106BDE9 
  63      EDDA
  64 016d BD3051C0 		.ascii	"\2750Q\300\255'\012\254\274*n\265\034f\374\344\017\343"
  64      AD270AAC 
  64      BC2A6EB5 
  64      1C66FCE4 
  64      0FE3
  65 017f 15CF988D 		.ascii	"\025\317\230\215\0276\376-\354?d[m\310\366\263![\220"
  65      1736FE2D 
  65      EC3F645B 
  65      6DC8F6B3 
  65      215B90
  66 0192 54DC79B1 		.ascii	"T\334y\261\373&\320\316@\012k\377\257\332S\317!\220"
  66      FB26D0CE 
  66      400A6BFF 
  66      AFDA53CF 
  66      2190
  67 01a4 DB5489FD 		.ascii	"\333T\211\3753\357`hc\375\274V\372\177U\221\267\225"
  67      33EF6068 
  67      63FDBC56 
  67      FA7F5591 
  67      B795
  68 01b6 B05CF8E4 		.ascii	"\260\\\370\344\205\354\325\354\340\345k\331+\231\236"
  68      85ECD5EC 
  68      E0E56BD9 
  68      2B999E
  69 01c5 81EB83FD 		.ascii	"\201\353\203\375\331\276t\317@\327\231\276\336sg\273"
  69      D9BE74CF 
  69      40D799BE 
  69      DE7367BB 
  70 01d5 3217D399 		.ascii	"2\027\323\231\364\245\323\375\346\000\215\254\3421"
  70      F4A5D3FD 
  70      E6008DAC 
  70      E231
  71              		.text
  72              		.section	.gnu.lto_VDAC_LP_Wakeup.part.1.e050491b,"",%progbits
  73 0000 789C6D50 		.ascii	"x\234mP=HBQ\030\275\347\273\327\247CBK\233CC\004\016"
  73      3D484251 
  73      18BDE7BB 
  73      D7A74342 
  73      4B9B4343 
  74 0016 050DAD41 		.ascii	"\005\015\255A\030\004Q \012M\202\204\2755Aj~\367\245"
  74      18045120 
  74      0A4D8284 
  74      BD35416A 
  74      7EF7A5
ARM GAS  C:\Users\elias\AppData\Local\Temp\ccYzgeab.s 			page 5


  75 0029 8FA2C9A5 		.ascii	"\217\242\311\245\226\010\007\011\355\217\210\006q3\307"
  75      96080709 
  75      ED8F8806 
  75      7133C7
  76 0038 88A2B9A1 		.ascii	"\210\242\271\241h\020\211\006\215Z\002}}\367\271\366"
  76      68108906 
  76      8D5A027D 
  76      7DF7B9F6 
  77 0048 C1E5DCFB 		.ascii	"\301\345\334\373\335\363\235s\356U\002\302\324\002\303"
  77      DDF39D73 
  77      EE5502C2 
  77      D402C3
  78 0057 34E30C2F 		.ascii	"4\343\014/\204\004T\371\2217\012\024 A\032t#\0220\033"
  78      840454F9 
  78      91370A14 
  78      20411A74 
  78      2312301B 
  79 006b 1D817014 		.ascii	"\035\201p\024I8\370\241\001\241\275\327iR\274\246\271"
  79      4938F8A1 
  79      01A1BDD7 
  79      6952BCA6 
  79      B9
  80 007c DEBCEA9C 		.ascii	"\336\274\352\234\256\267\340I!|\012\264\005j\210\013"
  80      AEB7E049 
  80      217C0AB4 
  80      056A880B 
  81 008c A6BDDF0C 		.ascii	"\246\275\337\014\017\243V\311\320&G\227\250\3032\001"
  81      0FA356C9 
  81      D0264797 
  81      A8C33201 
  82 009c AE535AFB 		.ascii	"\256SZ\373~Q\227\253\023\010Ax\222\233=&\030\263\036"
  82      7E5197AB 
  82      13084178 
  82      929B3D26 
  82      18B31E
  83 00af 2983B24F 		.ascii	")\203\262O\024`\027\305V\343~\314\214\032\321f\363\363"
  83      146017C5 
  83      56E37ECC 
  83      8C1AD166 
  83      F3F3
  84 00c1 25EC0CF4 		.ascii	"%\354\014\364\276\326\343\236$\237x\024gpXD\212\016"
  84      BED6E39E 
  84      249F7814 
  84      67705844 
  84      8A0E
  85 00d3 DABF075F 		.ascii	"\332\277\007_q\303-J0\373\310k?\205\277\311\223\012"
  85      71C32D4A 
  85      30FBC86B 
  85      3F85BFC9 
  85      930A
  86 00e5 66F8F875 		.ascii	"f\370\370uxj\215\216\272\341j\305\255\333\273\312C\264"
  86      786A8D8E 
  86      BAE16AC5 
  86      ADDBBBCA 
  86      43B4
  87 00f7 8213B7E4 		.ascii	"\202\023\267\344\032\301\020.\020\3039b\254z\211\012"
  87      1AC1102E 
ARM GAS  C:\Users\elias\AppData\Local\Temp\ccYzgeab.s 			page 6


  87      10C33962 
  87      AC7A890A 
  88 0107 44977FE5 		.ascii	"D\227\177\345_k\313\347\200\002Wl\315^\236\014\363\273"
  88      5F6BCBE7 
  88      8002576C 
  88      CD5E9E0C 
  88      F3BB
  89 0119 FA2483CC 		.ascii	"\372$\203\314\037\330m=\257\004s\246z\034\222\333L\237"
  89      1FD86D3D 
  89      AF0473A6 
  89      7A1C92DB 
  89      4C9F
  90 012b 5AB6B7EC 		.ascii	"Z\266\267\354\302\306\266\275\231M\347w\0129;\223L\347"
  90      C2C6B6BD 
  90      994DE777 
  90      0A393B93 
  90      4CE7
  91 013d 13F399F5 		.ascii	"\023\363\231\365\245\305Dv5\231M\256\315\346\304\037"
  91      A5C54476 
  91      35994DAE 
  91      CDE6C41F 
  92 014d FF9B7BF1 		.ascii	"\377\233{\361"
  93              		.text
  94              		.section	.gnu.lto_VDAC_LP_SaveConfig.e050491b,"",%progbits
  95 0000 789C4D91 		.ascii	"x\234M\221OK[A\024\305\357\231y/\211\322\210\037 \024"
  95      4F4B5B41 
  95      14C5EF99 
  95      792F89D2 
  95      881F2014 
  96 0014 175570D3 		.ascii	"\027Up\323l\332\017 J\335(\004\205\256\204Pm\266\025"
  96      6CDA0F20 
  96      4ADD2804 
  96      85AE8450 
  96      6DB615
  97 0027 A4AE33F1 		.ascii	"\244\2563\361\345\241V(\202\350\242\"\301\205\325\376"
  97      E5A15628 
  97      82E8A222 
  97      C185D5FE 
  98 0037 B18975A1 		.ascii	"\261\211u\241\201P\322\340\322\352F7\255`U\310BmQh\027"
  98      8150D2E0 
  98      D2EA4637 
  98      AD6055C8 
  98      426D5168 
  99 004c 164D7AEF 		.ascii	"\026Mz\357\033\250\035x3\363\356\234\271\347w\3578\004"
  99      1BA81D78 
  99      33F3EE9C 
  99      B9E777EF 
  99      3804
 100 005e 9271C64B 		.ascii	"\222q\306K\033\257\017\370\203KP\323;D\231\210Rz/N\246"
 100      1BAF0FF8 
 100      834B50D3 
 100      3B449988 
 100      527A2F4E 
 101 0073 D129DD25 		.ascii	"\321)\335%sG\303\261a\007\220\215\211\200\322J;H\343"
 101      7347C3B1 
 101      6107908D 
 101      8980D24A 
ARM GAS  C:\Users\elias\AppData\Local\Temp\ccYzgeab.s 			page 7


 101      3B48E3
 102 0086 B7BA51A8 		.ascii	"\267\272Q\250\214W\213\252}\331\360\370\2764\243\315"
 102      8C578BAA 
 102      7DD9F0F8 
 102      BE34A3CD 
 103 0096 4A19BE26 		.ascii	"J\031\276&\252\253\300\202\260\214vb\331\361Zm6\032"
 103      AAABC082 
 103      B08C7662 
 103      D9F15A6D 
 103      361A
 104 00a8 CA8AACC5 		.ascii	"\312\212\254\305\036b\005!\341\310\367\225M\275\356"
 104      1E620521 
 104      E1C8F795 
 104      4DBDEE
 105 00b7 99F282FB 		.ascii	"\231\362\202\373C\205\025\371\354(\223+\023\321\005"
 105      438515F9 
 105      EC28932B 
 105      13D105
 106 00c6 6BC5F752 		.ascii	"k\305\367R)Yu\025\225?/j[Z\256{\332\341\324s~e7\374"
 106      29597515 
 106      953F2F6A 
 106      5B5AAE7B 
 106      DAE1D473 
 107 00de 4BF95A41 		.ascii	"K\371ZA\234~~\272z\255\354\357b!cDQ\232:(5\344\260\220"
 107      9C7E7EBA 
 107      7AADECEF 
 107      62216344 
 107      519A3A28 
 108 00f6 C9329BC6 		.ascii	"\3112\233\306[\304\360\0061Fx\207\034\250\012\357\372"
 108      5BC4F006 
 108      31467887 
 108      1CA80AEF 
 108      FA
 109 0107 11795AD9 		.ascii	"\021yZ\331t\227_^\2354\311}\240\005\357Yv\204\354Wo"
 109      74975F5E 
 109      9D34C97D 
 109      A005EF59 
 109      7684EC57 
 110 011c D0FA49C5 		.ascii	"\320\372I\305\371\363\342U\324\012\010\253\222\207\004"
 110      F9F3E255 
 110      D40A08AB 
 110      928704
 111 012b 4FD35EDC 		.ascii	"O\323^\334\322\355\3547X\265\313\352\371\303\332R\310"
 111      D2EDEC37 
 111      58B5CBEA 
 111      F9C3DA52 
 111      C8
 112 013c E2980D8B 		.ascii	"\342\230\015\213\263\3769\267\035\275\305\371\360\017"
 112      B3FE39B7 
 112      1DBDC5F9 
 112      F00F
 113 014a 276F71C6 		.ascii	"'oq\306\346\216Z%\301\377\2659Am\305\342\371\267p\372"
 113      E68E5A25 
 113      C1FFB539 
 113      416DC5E2 
 113      F9B770FA 
 114 015e C64C18D3 		.ascii	"\306L\030\323\314\261In\264\204O\267\367\267\032%\241"
ARM GAS  C:\Users\elias\AppData\Local\Temp\ccYzgeab.s 			page 8


 114      CCB1496E 
 114      B4844FB7 
 114      F7B71A25 
 114      A1
 115 016f 09E22ED6 		.ascii	"\011\342.\326\370u\012\222\222\017_n\026&#\361U\351"
 115      F8750A92 
 115      920F5F6E 
 115      162623F1 
 115      55E9
 116 0181 BC49FA3A 		.ascii	"\274I\372:\204\217\354R\013\236\007\353\2103e\200\357"
 116      848FEC52 
 116      0B9E07EB 
 116      88336580 
 116      EF
 117 0192 04DD3DC5 		.ascii	"\004\335=\305Xy\303\025\363\240\252\013n)\207Y|\257"
 117      5879C315 
 117      F3A0AA0B 
 117      6E298759 
 117      7CAF
 118 01a4 3BF52C35 		.ascii	";\365,5\362\344y\352i\262\177xtd(5\220\350\037\356|"
 118      F2E479EA 
 118      69B27F78 
 118      74642835 
 118      90E81FEE 
 119 01b9 38F0B8AB 		.ascii	"8\360\270\253\2433\331\223H&z\357\017\321_E!\270\010"
 119      A333D993 
 119      48267AEF 
 119      0FD15F45 
 119      21B808
 120              		.text
 121              		.section	.gnu.lto_VDAC_LP_RestoreConfig.e050491b,"",%progbits
 122 0000 789C6552 		.ascii	"x\234eRMh\023A\024~ofw\262\306\244\024\317\255\364 "
 122      4D681341 
 122      147E6F66 
 122      77B2C6A4 
 122      14CFADF4 
 123 0015 420F9A93 		.ascii	"B\017\232\223\027=I\245^*\004\013\236\012Ak\256-\024"
 123      173D49A5 
 123      5E2A040B 
 123      9E0A416B 
 123      AE2D14
 124 0028 3D67D2CD 		.ascii	"=g\322\315\322FA\274X\264\"1\207\332\372\233\304\266"
 124      D24641BC 
 124      58B42231 
 124      87DAFA9B 
 124      C4B6
 125 003a C6689018 		.ascii	"\306h\220\030\212\202F\275\324\213\025\374\203 \245"
 125      8A8246BD 
 125      D48B15FC 
 125      8320A5
 126 0049 4A0B5568 		.ascii	"J\013Uh\265\211\357\355H\0158\260\363v\337|\357}\337"
 126      B589EFED 
 126      480D38B0 
 126      F376DF7C 
 126      EF7DDF
 127 005c FB762C40 		.ascii	"\373v,@\3405%\000\366R\354\243\007\003\200\342\342k"
 127      E0352500 
ARM GAS  C:\Users\elias\AppData\Local\Temp\ccYzgeab.s 			page 9


 127      F652ECA3 
 127      070380E2 
 127      E26B
 128 006e 80A42384 		.ascii	"\200\244#\204\\\214\200\016\252\362n\320!),\216A\233"
 128      5C8C800E 
 128      AAF26ED0 
 128      21292C8E 
 128      419B
 129 0080 73210B15 		.ascii	"s!\013\025\203\32061\351(D~\321\016BBH\313V\230\300"
 129      83D03631 
 129      E928447E 
 129      D10E4242 
 129      48CB5698 
 130 0095 1F624B60 		.ascii	"\037bK`u\254^\022\335\323\232\326G/#\365L\005=\011\320"
 130      75AC5E12 
 130      DDD39AD6 
 130      472F23F5 
 130      4C053D09 
 131 00aa 143E35E0 		.ascii	"\024>5\3404v\003\301>\027\032\227\302*\305\260.s\210"
 131      347603C1 
 131      3E171A97 
 131      C22AC5B0 
 131      2E7388
 132 00bd 33A8585F 		.ascii	"3\250X_\356xE7\233\256\256\374\262\277\205\202\010\236"
 132      EE784537 
 132      9BAEAEFC 
 132      B2BF8582 
 132      089E
 133 00cf 44C99BC5 		.ascii	"D\311\233\305\233\315\233\303\033\300*U\261\2065!8\312"
 133      9BCD9BC3 
 133      1BC02A55 
 133      B1863521 
 133      38CA
 134 00e1 3A5637CF 		.ascii	":V7\317\375|.\271\221+%\221Lx\3257\201u\341I\201\314"
 134      FD7C2EB9 
 134      912B2591 
 134      4C78D537 
 134      8175E149 
 135 00f7 F9FDC9C6 		.ascii	"\371\375\311\306\015a>\263\371\244\266(U>\377\276\274"
 135      0D613EB3 
 135      F9A4B628 
 135      553EFFBE 
 135      BC
 136 0108 2383D792 		.ascii	"#\203\327\222)R)\361\026v\340M\354 1\2671\203PG\367"
 136      295229F1 
 136      1676E04D 
 136      EC2031B7 
 136      31835047 
 137 011d 772FB812 		.ascii	"w/\270\022M\273\265W\223_\332\270\036\261\013\357\020"
 137      4DBBB557 
 137      935FDAB8 
 137      1EB10BEF 
 137      10
 138 012e EC13A6DE 		.ascii	"\354\023\246\336\271\247\014\037\022 \267R\332\010\033"
 138      B9A70C1F 
 138      1220B752 
 138      DA081B
ARM GAS  C:\Users\elias\AppData\Local\Temp\ccYzgeab.s 			page 10


 139 013d 00E05DEE 		.ascii	"\000\340]\356\003,O\302b\304\250{v\371\240A\333\204"
 139      032C4FC2 
 139      62C4A87B 
 139      76F9A041 
 139      DB84
 140 014f BE3257D6 		.ascii	"\2762W\326\177\345\214\315\0339\013\343\3277\333\376"
 140      7FE58CCD 
 140      1B390BE3 
 140      D737DBFE 
 141 015f C9B9B72D 		.ascii	"\311\271\267-'\327*\3072\365\223\217\327_\330\206\315"
 141      27D72AC7 
 141      32F5938F 
 141      D75FD886 
 141      CD
 142 0170 C1BC91B3 		.ascii	"\301\274\221\263\344\016\031\002\253\205\337\202\227"
 142      E40E1902 
 142      AB85DF82 
 142      97
 143 017d BBE45774 		.ascii	"\273\344Wt\333\371\210\215(\225V\226\002\211-=\256u"
 143      DBF9888D 
 143      28955696 
 143      02892D3D 
 143      AE75
 144 018f BB27AD26 		.ascii	"\273'\255&\331\003X\300\004\371j\373\0256\244;I\361"
 144      D90358C0 
 144      04F96AFB 
 144      1536A43B 
 144      49F1
 145 01a1 E8A3422D 		.ascii	"\350\243B-\273\3234tZ\375T\370\177\033\225\246\337\314"
 145      BBD33474 
 145      5AFD54F8 
 145      7F1B95A6 
 145      DFCC
 146 01b3 E9E5DADB 		.ascii	"\351\345\332\333\205 \017\241\375|\000g\351n\334g5t"
 146      85200FA1 
 146      FD7C0067 
 146      E96EDC67 
 146      3574
 147 01c5 78E1613E 		.ascii	"x\341a>\355D\366y\322\3019\232\251\341_\013\234\307"
 147      ED44F679 
 147      D2C1399A 
 147      A9E15F0B 
 147      9CC7
 148 01d7 084D579D 		.ascii	"\010MW\235\310v2\031\301\256~hL)\343\215.\032of\237"
 148      C8763219 
 148      C1AE7E68 
 148      4C29E38D 
 148      2E1A6F66 
 149 01ec 666A61DF 		.ascii	"fja\337\033j|\010\330\237\007\333\376\024\251\027i\364"
 149      1B6A7C08 
 149      D89F07DB 
 149      FE14A917 
 149      69F4
 150 01fe C52BFF36 		.ascii	"\305+\3776,\343h\245\330\353O\314k\225f\2444\321\355"
 150      2CE368A5 
 150      D8EB4FCC 
 150      6B9566A4 
ARM GAS  C:\Users\elias\AppData\Local\Temp\ccYzgeab.s 			page 11


 150      34D1ED
 151 0211 391A1F8A 		.ascii	"9\032\037\212\217\234<\023?\035\353\037>;2\030\037\210"
 151      8F9C3C13 
 151      3F1DEB1F 
 151      3E3B3218 
 151      1F88
 152 0223 F60FF71C 		.ascii	"\366\017\367\034\0308q\344pO\254/\032\213\036\333?\010"
 152      183871E4 
 152      704FAC2F 
 152      1A8B1EDB 
 152      3F08
 153 0235 7F00390A 		.ascii	"\177\0009\012\363\023"
 153      F313
 154              		.text
 155              		.section	.gnu.lto_VDAC_LP_Sleep.e050491b,"",%progbits
 156 0000 789C9592 		.ascii	"x\234\225\222\317OSA\020\307wv_\337k\213U\377\000B8"
 156      CF4F5341 
 156      10C77776 
 156      5FDF6B8B 
 156      55FF0042 
 157 0015 A8848BF5 		.ascii	"\250\204\213\365\342\037`0r\321\204H\242\027\222\306"
 157      E21F6030 
 157      72D18448 
 157      A21792C6 
 158 0025 60AF9210 		.ascii	"`\257\222\020\275\332m_+\240\011\321\203\304\240\246"
 158      BDDA6D5F 
 158      2BA009D1 
 158      83C4A0A6 
 159 0035 F1A0E00F 		.ascii	"\361\240\340\017\244\010\010\225\332_i\302\245\342\205"
 159      A4080895 
 159      DA5F69C2 
 159      A5E285
 160 0044 7A001345 		.ascii	"z\000\023EcC\010j\211p@\245ufWj\325\204\350&\335\367"
 160      6343086A 
 160      897040A5 
 160      7566576A 
 160      D584E826 
 161 005a 3A336FBE 		.ascii	":3o\276\237\235\357\032\014\030\255\005\301\330\001"
 161      9F9DEF1A 
 161      0C18AD05 
 161      C1D801
 162 0069 7C9EC61F 		.ascii	"|\236\306\0378\031\360\253s\214\005\235\234\213\336"
 162      3819F0AB 
 162      738C059D 
 162      9C8BDE
 163 0078 2626DD06 		.ascii	"&&\335\006\355\273\0048t\330\330~qps\336\213y+\321\200"
 163      EDBB0438 
 163      74D8D87E 
 163      717073DE 
 163      8B792BD1 
 164 008d 79132C1D 		.ascii	"y\023,\035\266\000\350E:\201\005\2700\034\246\005\001"
 164      B600E845 
 164      3A8105B8 
 164      301CA605 
 164      01
 165 009e D8E05B1C 		.ascii	"\330\340[\034\262=\3058o\036\222\270\336~\370|H\016"
 165      B23DC538 
ARM GAS  C:\Users\elias\AppData\Local\Temp\ccYzgeab.s 			page 12


 165      6F1E92B8 
 165      DE7EF87C 
 165      480E
 166 00b0 A72182D2 		.ascii	"\247!\202\322\025\256(\030\014A3\303\262wc\345\353\036"
 166      15AE2818 
 166      0C4133C3 
 166      B27763E5 
 166      EB1E
 167 00c2 334C658D 		.ascii	"3Le\215:\011\303`\022\352\350\311\264\254Tl\231\276"
 167      3A09C360 
 167      12EAE8C9 
 167      B4AC546C 
 167      99BE
 168 00d4 66659296 		.ascii	"fe\222\226\207\263\210\000\2036\027mn\332\352hc\254"
 168      87B38800 
 168      8336176D 
 168      6EDAEA68 
 168      63AC
 169 00e6 849F11C5 		.ascii	"\204\237\021\305\032\347\364\024E\310~\275\374\352\326"
 169      1AE7F414 
 169      45C87EBD 
 169      FCEAD6
 170 00f5 45EA640B 		.ascii	"E\352d\013\003U\006\"\331\227\326:\217\010\016$\272"
 170      03550622 
 170      D997D63A 
 170      8F080E24 
 170      BA
 171 0106 51B8D1AD 		.ascii	"Q\270\321\255\377\015\367\004%\025\014~)e\366D\341v"
 171      FF0DF704 
 171      25150C7E 
 171      2965F644 
 171      E176
 172 0118 308C9402 		.ascii	"0\214\224\002\036@=\334\207z\204y\010Q`E\260\277\037"
 172      1E403DDC 
 172      877A8479 
 172      08516045 
 172      B0BF1F
 173 012b 63B6E0BA 		.ascii	"c\266\340\272\333Dn\366\222\223\276\007\\\217\260l\011"
 173      DB446EF6 
 173      9293BE07 
 173      5C8FB06C 
 173      09
 174 013c C28B7683 		.ascii	"\302\213v\203\226\243\263\217\256\3067=\272\200\301"
 174      96A3B38F 
 174      AEC6373D 
 174      BA80C1
 175 014b 08F56144 		.ascii	"\010\365aD'Xo\023\302\205\326K\305\214\213\252k\311"
 175      27586F13 
 175      C285D64B 
 175      C58C8BAA 
 175      6BC9
 176 015d 0C45168F 		.ascii	"\014E\026\217\257.Z\201-\331+\345^\214\365\341\304("
 176      AF2E5A81 
 176      2DD92BE5 
 176      5E8CF5E1 
 176      C428
 177 016f BC922FE4 		.ascii	"\274\222/\344\334\204'U\334\001\2438\346\307\324\030"
ARM GAS  C:\Users\elias\AppData\Local\Temp\ccYzgeab.s 			page 13


 177      DC842755 
 177      DC01A338 
 177      E6C7D418 
 178 017f 93FDD3B1 		.ascii	"\223\375\323\261>\247w\204F(}\021aB\014\231\313j\316"
 178      3EA77784 
 178      46287D11 
 178      61420C99 
 178      CB6ACE
 179 0192 30065EAC 		.ascii	"0\006^\254\230\354\311\217\271I\304D\340'\212g\215\033"
 179      98ECC98F 
 179      B949C444 
 179      E0278A67 
 179      8D1B
 180 01a4 DB34B18F 		.ascii	"\3334\261\217U\232\177\225\037\337I~\342\227\374\244"
 180      559A7F95 
 180      1FDF497E 
 180      E297FCA4 
 181 01b4 92AF9E11 		.ascii	"\222\257\236\021}\205\247?\345\035\312\252e\260\323"
 181      7D85A73F 
 181      E51DCAAA 
 181      65B0D3
 182 01c3 33B39CE4 		.ascii	"3\263\234\344\377>\276UA\273\030LA\000}v2ek9'~\2775"
 182      FF3EBE55 
 182      41BB184C 
 182      41007D76 
 182      32656B39 
 183 01db F25BBF43 		.ascii	"\362[\277C\335\231\012\272\377\347\205\202i\354\313"
 183      DD990ABA 
 183      FFE78582 
 183      69ECCB
 184 01ea 204EC6B8 		.ascii	" N\306\2700\371)\271y\217k\347\357\304\264\363\211+"
 184      30F929B9 
 184      798F6BE7 
 184      EFC4B4F3 
 184      892B
 185 01fc AF132EE5 		.ascii	"\257\023.\345|\2204\005<\253z?S\353\275[wX{1\370~\267"
 185      7C903405 
 185      3CAB7A3F 
 185      53EBBD5B 
 185      77587B31 
 186 0213 B6B61112 		.ascii	"\266\266\021\022\332\373\005;\225\005-\342\256\261\333"
 186      DAFB053B 
 186      95052DE2 
 186      AEB1DB
 187 0222 64F35E7D 		.ascii	"d\363^}\027\347\012.\235\256\303\0167\337\224\357\232"
 187      17E70A2E 
 187      9DAEC30E 
 187      37DF94EF 
 187      9A
 188 0233 9A414E69 		.ascii	"\232ANi\206\361L4\357\251ex^eHj\206\320\300\322~j\361"
 188      86F14C34 
 188      EFA96578 
 188      5E65486A 
 188      86D0C0D2 
 189 024a 1F1EA576 		.ascii	"\037\036\245v\362(\255<\002= \310\200\027\331\024\264"
 189      F228AD3C 
 189      023D20C8 
ARM GAS  C:\Users\elias\AppData\Local\Temp\ccYzgeab.s 			page 14


 189      8017D914 
 189      B4
 190 025b A56C5981 		.ascii	"\245lY\201P:\325\252\\\241U\302J\014\243\247\373Z\375"
 190      503AD5AA 
 190      5CA155C2 
 190      4A0CA3A7 
 190      FB5AFD
 191 026e E7FCDD67 		.ascii	"\347\374\335g\316\373\317\372\332\273.tw\372;\332\332"
 191      CEFBCFFA 
 191      DABB2E74 
 191      77FA3BDA 
 191      DA
 192 027f BB5A0E77 		.ascii	"\273Z\016w\234:z\244\305w\274\315\327v\342`'\373\001"
 192      9C3A7AA4 
 192      C577BCCD 
 192      D776E260 
 192      27FB01
 193 0292 702A67E0 		.ascii	"p*g\340"
 194              		.text
 195              		.section	.gnu.lto_VDAC_LP_Wakeup.e050491b,"",%progbits
 196 0000 789C6D8F 		.ascii	"x\234m\217\277KBQ\024\307\317\271\367\251\217G\241\177"
 196      BF4B4251 
 196      14C7CFB9 
 196      F7A98F47 
 196      A17F
 197 0012 40444304 		.ascii	"@DC\004\016%\021\255A\030\004Q \011M\202\204\271&H\255"
 197      0E2511AD 
 197      41180451 
 197      20094D82 
 197      84B92648 
 198 0027 79F5F92A 		.ascii	"y\365\371*\227h\251%\304\241A\373iBC6\275$\014D\372"
 198      9768A925 
 198      C4A141FB 
 198      69424336 
 198      BD240C44 
 199 003c 31B4D452 		.ascii	"1\264\324R\016\022\322`P\243\276\316}\015\015u\340r"
 199      0E12D260 
 199      50A3BECE 
 199      7D0D0D75 
 199      E072
 200 004e E07BBEDF 		.ascii	"\340{\276\337{\316G\001\004Yk\324\206\250\217\321C\007"
 200      7BCE4701 
 200      04596BD4 
 200      86A88FD1 
 200      4307
 201 0060 20DBBE05 		.ascii	" \333\276\005H\252\214\361\252\033\204\246\324&@\364"
 201      48AA8CF1 
 201      AA1B84A6 
 201      D42640F4 
 202 0070 7054A48C 		.ascii	"pT\244\214\012\242\354BEH0\256`\002\277X\207ae\243Y"
 202      0AA2EC42 
 202      454830AE 
 202      6002BF58 
 202      876165A3 
 203 0085 66DEBCA0 		.ascii	"f\336\274\240z1\366GE\301D\203\003X\314\336\000\230"
 203      7A31F647 
 203      45C14483 
ARM GAS  C:\Users\elias\AppData\Local\Temp\ccYzgeab.s 			page 15


 203      0358CCDE 
 203      0098
 204 0097 472F90AD 		.ascii	"G/\220\255Q\352\356\364:\323\3226\3603\304\002:\345"
 204      51EAEEF4 
 204      3AD3D236 
 204      F033C402 
 204      3AE5
 205 00a9 19C57953 		.ascii	"\031\305ySX\226.\314=\355\352^sr08\311m\262\310u\037"
 205      58962ECC 
 205      3DEDEA5E 
 205      73723038 
 205      C96DB2C8 
 206 00bf 8CC9CEDF 		.ascii	"\214\311\316\337P7\2635&C\362\273r\371\375\331\225\350"
 206      5037B335 
 206      2643F2BB 
 206      72F9FDD9 
 206      95E8
 207 00d1 884D213C 		.ascii	"\210M!<\006g\026\243\010\036`\202\302\034\232\230\272"
 207      066716A3 
 207      081E6082 
 207      C21C9A98 
 207      BA
 208 00e2 2CD51B0E 		.ascii	",\325\033\016i\3269'\373\256Q\271s}2\203\316\376\233"
 208      69D63927 
 208      FBAE51B9 
 208      737D3283 
 208      CEFE9B
 209 00f5 563274AF 		.ascii	"V2t\257\224[\365\307k-\207\331\244\260u\007\036\021"
 209      945BF5C7 
 209      6B2D87D9 
 209      A4B07507 
 209      1E11
 210 0107 E421F6D9 		.ascii	"\344!\366\331\303\255\213\263\214\352\0336\270\023\217"
 210      C3AD8BB3 
 210      8CEA1B36 
 210      B8138F
 211 0116 31875D9B 		.ascii	"1\207]\233\017O\320\007\257\230~\322\373\177\227\235"
 211      0F4FD007 
 211      AF987ED2 
 211      FB7F979D 
 212 0126 5FDFACAB 		.ascii	"_\337\254\253r\031R\235\3128H\016\016U\267\304\360\374"
 212      7219529D 
 212      CA38480E 
 212      0E55B7C4 
 212      F0FC
 213 0138 CFE0B288 		.ascii	"\317\340\262\210\024\260h3\250vB\261\311[\2302\037f"
 213      14B06833 
 213      A87642B1 
 213      C95B9832 
 213      1F66
 214 014a EC90AC36 		.ascii	"\354\220\2546\241\222L\336\301\351\350r4\276\270\022"
 214      A1924CDE 
 214      C1E9E872 
 214      34BEB812 
 215 015a 5D0A0763 		.ascii	"]\012\007c\253\361H4\024\010\306\374\343\241\205\251"
 215      ABF14834 
 215      1408C6FC 
ARM GAS  C:\Users\elias\AppData\Local\Temp\ccYzgeab.s 			page 16


 215      E3A185A9 
 216 016a 497F7836 		.ascii	"I\177x6\020\016\314\215D\340\033\316\222\221\303"
 216      100ECC8D 
 216      44E01BCE 
 216      9291C3
 217              		.text
 218              		.section	.gnu.lto_.symbol_nodes.e050491b,"",%progbits
 219 0000 789C5DCD 		.ascii	"x\234]\315=\016\201Q\020\205\341wf\356\037\245Z\204"
 219      3D0E8151 
 219      1085E177 
 219      66EE1FA5 
 219      5A84
 220 0012 95CE8D58 		.ascii	"\225\316\215X\200-\020\233 \321\251\025V\200\330\202"
 220      802D109B 
 220      20D1A915 
 220      5680D882 
 221 0022 56DC4F14 		.ascii	"V\334O\024\256i&\3479\311L@\270\320F\213\303\372\014"
 221      AE6926E7 
 221      39C94C40 
 221      B8D0468B 
 221      C3FA0C
 222 0035 8EEC579B 		.ascii	"\216\354W\233:\207\010u\002\246c\227\277J\305\365K\034"
 222      3A870875 
 222      02A66397 
 222      BF4AC5F5 
 222      4B1C
 223 0047 EAA281BA 		.ascii	"\352\242\201\272\365`\036z\010\036;\220\344\351\003"
 223      F5601E7A 
 223      081E3B90 
 223      E4E903
 224 0056 EDCD7053 		.ascii	"\355\315pS\262\347.G/\277\331\264\360\270\276\3044\263"
 224      B2E72E47 
 224      2FBFD9B4 
 224      F0B8BEC4 
 224      34B3
 225 0068 1B7680FB 		.ascii	"\033v\200\373sfq\304\351\326b\012l\007N\312\3628\345"
 225      736671C4 
 225      E9D6620A 
 225      6C074ECA 
 225      F238E5
 226 007b 0DBC8731 		.ascii	"\015\274\2071`"
 226      60
 227              		.text
 228              		.section	.gnu.lto_.refs.e050491b,"",%progbits
 229 0000 789C0DC7 		.ascii	"x\234\015\307\301\011\000 \014\004\301]s\021\301&\354"
 229      C1090020 
 229      0C04C15D 
 229      7311C126 
 229      EC
 230 0011 BF4AF319 		.ascii	"\277J\363\031\230 \017F\214\245m\360T;\235x\335\270"
 230      98200F46 
 230      8CA56DF0 
 230      543B9D78 
 230      DDB8
 231 0023 F809DB00 		.ascii	"\370\011\333\000q"
 231      71
 232              		.text
ARM GAS  C:\Users\elias\AppData\Local\Temp\ccYzgeab.s 			page 17


 233              		.section	.gnu.lto_.decls.e050491b,"",%progbits
 234 0000 789C9595 		.ascii	"x\234\225\225mLSg\024\307\357\271\267\224\276\011Ft"
 234      6D4C5367 
 234      14C7EFB9 
 234      B794BE09 
 234      4674
 235 0012 F1433F30 		.ascii	"\361C?0\203\011\237Pb\226\371a\313\266\260M?\314\305"
 235      83099F50 
 235      6296F961 
 235      CBB6B04D 
 235      3FCCC5
 236 0025 8CC8BEB8 		.ascii	"\214\310\276\270\260\202w\316\310\200a!\361\333\303"
 236      B08277CE 
 236      C8806121 
 236      F1DBC3
 237 0034 C04CA68B 		.ascii	"\300L\246\213\"\002\243\262\321\241Q\020\244\305\362"
 237      2202A3B2 
 237      D1A15110 
 237      A4C5F2
 238 0043 22E8B68A 		.ascii	"\"\350\266\212\202\240e\212\274\014h\215d\214m\276-"
 238      82A0658A 
 238      BC0C688D 
 238      648C6DBE 
 238      2D
 239 0054 1ADD26D9 		.ascii	"\032\335&\331\224\235\347\345r[B\215{\302i\357S\376"
 239      949DE7E5 
 239      725B428D 
 239      7BC269EF 
 239      53FE
 240 0066 FFDF39CF 		.ascii	"\377\3379\317yN\301 \201D\327\323XI\312\304\307\265"
 240      794EC120 
 240      8144D7D3 
 240      5849CAC4 
 240      C7B5
 241 0078 B224CDE1 		.ascii	"\262$\315\341\302\255\224!\351\313\214q\012\303\213"
 241      C2AD9421 
 241      E9CB8C71 
 241      0AC38B
 242 0087 E1C368C7 		.ascii	"\341\303h\307\350\304\350\3028\213q\021\243\017\203"
 242      E8C4E8C2 
 242      388B7111 
 242      A30F83
 243 0096 D286A5C8 		.ascii	"\322\206\245\310E}\032\317\2161\2161\2061\2011\204q"
 243      457D1ACF 
 243      8E318E31 
 243      86318131 
 243      8471
 244 00a8 5EF806C5 		.ascii	"^\370\006\305\373\251(\034\232\333\024\306\231\3048"
 244      FBA9281C 
 244      9ADB14C6 
 244      99C438
 245 00b7 1DC60B62 		.ascii	"\035\306\013b\\\020ZE\350\265\332\026.\337\377\254\311"
 245      5C105A45 
 245      E8B5DA16 
 245      2EDFFFAC 
 245      C9
 246 00c8 17A5A676 		.ascii	"\027\245\246v\321\233\205\234\020Fs\024\236,|\321\316"
ARM GAS  C:\Users\elias\AppData\Local\Temp\ccYzgeab.s 			page 18


 246      D19B859C 
 246      10467314 
 246      9E2C7CD1 
 246      CE
 247 00d9 D9198519 		.ascii	"\331\031\205\031\316\322\316NY\001\301U\204\267\357"
 247      CED2CE4E 
 247      5901C155 
 247      84B7EF
 248 00e8 19F5762D 		.ascii	"\031\365v-`k\234p\366\015\014\217\360\007\004\267K\324"
 248      606B9C70 
 248      F60D0C8F 
 248      F00704B7 
 248      4BD4
 249 00fa EC8DC27D 		.ascii	"\354\215\302}\"\303\\]\333\001S\020&@\221\304PI\000"
 249      22C35C5D 
 249      DB015310 
 249      264091C4 
 249      504900
 250 010d FC155848 		.ascii	"\374\025XH<\330\026\037d\211?h\037\315/IHd\355Q\207"
 250      3CD8161F 
 250      64893F68 
 250      1FCD2F49 
 250      4864ED51 
 251 0122 B11FE187 		.ascii	"\261\037\341\2079m1\210N\007a\342{a\226\204\011d=\001"
 251      396D3188 
 251      4E0761E2 
 251      7B619684 
 251      09643D01 
 252 0136 F0ADE608 		.ascii	"\360\255\346\010\343-\250H\253YK\303\332\316\016}\254"
 252      E32DA848 
 252      AB594BC3 
 252      DACE0E7D 
 252      AC
 253 0147 7F7CB722 		.ascii	"\177|\267\"\003}\2749\333\360vJ3\301u\220\020\3715\275"
 253      037DBC39 
 253      DBF0764A 
 253      33C17590 
 253      10F935BD 
 254 015b 3143A5DE 		.ascii	"1C\245\336Z\345\221\014\313,`\300\355\203A\327t\034"
 254      5AE5910C 
 254      CB2C60C0 
 254      ED8341D7 
 254      741C
 255 016d 6E975B20 		.ascii	"n\227[ \021\267O\006\216\270\344\225U\314WB\022\015"
 255      11B74F06 
 255      8EB8E495 
 255      55CC5742 
 255      120D
 256 017f 90F10234 		.ascii	"\220\361\0024\201\035N\002\336\0174\303J|\3152p\322"
 256      811D4E02 
 256      DE0F34C3 
 256      4A7CCD32 
 256      70D2
 257 0191 9ED0E82B 		.ascii	"\236\320\350+\253\334\304\357%S\255\017\326\325\270"
 257      ABDCC4EF 
 257      2553AD0F 
 257      D6D5B8
ARM GAS  C:\Users\elias\AppData\Local\Temp\ccYzgeab.s 			page 19


 258 01a0 FDA5E852 		.ascii	"\375\245\350R\250\010\032@\201FH\241%6\320\033\220\340"
 258      A8081A40 
 258      814648A1 
 258      2536D01B 
 258      90E0
 259 01b2 0404B1DA 		.ascii	"\004\004\261\332S\260\012\215\345m-\323Ve\023\253\363"
 259      53B00A8D 
 259      E56D2DD3 
 259      566513AB 
 259      F3
 260 01c3 D9093D11 		.ascii	"\331\011=\021\011\017?\016\326\003\317\350\377\352\262"
 260      090F3F0E 
 260      D603CFE8 
 260      FFEAB2
 261 01d2 6DEFC162 		.ascii	"m\357\301bB>\244\032h\321\363\265\204\347\363\262|\377"
 261      423EA41A 
 261      68D1F3B5 
 261      84E7F3B2 
 261      7CFF
 262 01e4 068A278D 		.ascii	"\006\212'\215J\366s\344;\035\221\257\366|\343\270\011"
 262      4AF673E4 
 262      3B1D91AF 
 262      F67CE3B8 
 262      09
 263 01f5 F34D613E 		.ascii	"\363Ma>\227J\312\010\371\314@%\320\252\247k\015O\347"
 263      974ACA08 
 263      F9CC4025 
 263      D0AAA76B 
 263      0D4FE7
 264 0208 63E93A86 		.ascii	"c\351:\206\334\207\343\225\"\226\356\026q\325k\210\307"
 264      DC87E395 
 264      2296EE16 
 264      71D56B88 
 264      C7
 265 0219 E188361D 		.ascii	"\341\2106\035\321\026\216hg\210\336\337\377\330gU\366"
 265      D1168E68 
 265      6788DEDF 
 265      FFD86755 
 265      F6
 266 022a 03634C0D 		.ascii	"\003cL\015T\214\306#\303\215\214\247}6B\217\375:\203"
 266      548CC623 
 266      C38D8CA7 
 266      7D36428F 
 266      FD3A83
 267 023d 74E8908E 		.ascii	"t\350\220\216pH'\203\334u\371G\214\212\213C\216\177"
 267      70482783 
 267      DC75F947 
 267      8C8A8B43 
 267      8E7F
 268 024f D9FA8D59 		.ascii	"\331\372\215Y@\260w\024\342\346\2203:\344L8\244\213"
 268      40B07714 
 268      E2E69033 
 268      3AE44C38 
 268      A48B
 269 0261 410EF54C 		.ascii	"A\016\365L\374\025\2474r\310\303\201Y\227BOC\310\324"
 269      FC15A734 
 269      72C8C381 
ARM GAS  C:\Users\elias\AppData\Local\Temp\ccYzgeab.s 			page 20


 269      5997424F 
 269      43C8D4
 270 0274 FD7DAFD6 		.ascii	"\375}\257\326\220\036~\230n\035\321\315\020\370p\226"
 270      901E7E98 
 270      6E1DD1CD 
 270      10F87096 
 271 0284 D9C7A66A 		.ascii	"\331\307\246jo\230\225In\367\354\371\245\321\204\263"
 271      6F989549 
 271      6EF7ECF9 
 271      A5D184B3 
 272 0294 66B7C01C 		.ascii	"f\267\300\034\320\375\335\256\331%|O\177]S>\375\324"
 272      D0FDDDAE 
 272      D9257C4F 
 272      7F5D533E 
 272      FDD4
 273 02a6 AADC615A 		.ascii	"\252\334aZyx\272\351\226\001\222-\307\351MM\015_\315"
 273      7978BAE9 
 273      9601922D 
 273      C7E94D4D 
 273      0D5FCD
 274 02b9 A9FE1CE7 		.ascii	"\251\376\034\347\030\316\203\005~\320\263\331-\370\272"
 274      18CE8305 
 274      7ED0B3D9 
 274      2DF8BA
 275 02c8 179B4AEE 		.ascii	"\027\233J\356\327\023\343J\011\326\331a\255]\002?$S"
 275      D713E34A 
 275      09D6D961 
 275      AD5D023F 
 275      2453
 276 02da 2A55C1F7 		.ascii	"*U\301\367x\273\337\341\355b\206\231\352\272;F\003~"
 276      78BBDFE1 
 276      ED628699 
 276      EABA3B46 
 276      037E
 277 02ec 5D1807AF 		.ascii	"]\030\007\257\031?k\356\016\3355F\035\210\013l z@LD"
 277      193F6BEE 
 277      0EDD3546 
 277      1D880B6C 
 277      207A404C 
 278 0301 E840D334 		.ascii	"\350@\3234\210\006<\270\362rU\211{#\225\3009\275\244"
 278      88063CB8 
 278      F2725589 
 278      7B2395C0 
 278      39BDA4
 279 0314 735A032E 		.ascii	"sZ\003.\262\006\234\250\2349fV*\370\227r\244\277\234"
 279      B2069CA8 
 279      9C396656 
 279      2AF89772 
 279      A4BF9C
 280 0327 18B8DD3F 		.ascii	"\030\270\335?\256\226\232Y\363zuo\257\346\355c\336#"
 280      AE969A59 
 280      F37A756F 
 280      AFE6ED63 
 280      DE23
 281 0339 95A75D31 		.ascii	"\225\247]1\212\233{{\347\376\366\307\363\357\255\214"
 281      8A9B7B7B 
 281      E7FEF6C7 
ARM GAS  C:\Users\elias\AppData\Local\Temp\ccYzgeab.s 			page 21


 281      F3EFAD8C 
 282 0349 DBEBF703 		.ascii	"\333\353\367\003_[\371\367v)n{\252B#6\305\303\245?\337"
 282      5F5BF9F7 
 282      76296E7B 
 282      AA422336 
 282      C5C3A53F 
 283 035e 3B5916AF 		.ascii	";Y\026\257\234e\033C`\377m\257\005\222\222\222\023\352"
 283      9C651B43 
 283      60FF6DAF 
 283      05929292 
 283      13EA
 284 0370 699FFC75 		.ascii	"i\237\374u\237T\023\177\261\302:p\031S_\205\004\255"
 284      9F54137F 
 284      B1C23A70 
 284      19535F85 
 284      04AD
 285 0382 6B6BE889 		.ascii	"kk\350\211S\351\037b.\365~@J\214Lxe\021\341:*d\327\343"
 285      53E91F62 
 285      2EF57E40 
 285      4A8C4C78 
 285      6511E13A 
 286 039a 3FA21262 		.ascii	"?\242\022b\242\002I\234\204\256r\326R?!\360\251\004"
 286      A202499C 
 286      84AE72D6 
 286      523F21F0 
 286      A904
 287 03ac 03D8D17E 		.ascii	"\003\330\321~\326Q\212A\021\374\210W\024\200$\030\204"
 287      D6518A41 
 287      11FC8857 
 287      14802418 
 287      84
 288 03bd 24ED4FD3 		.ascii	"$\355O\323\355\272\321\207\261J\037\253[\256\010\374"
 288      EDBAD187 
 288      B14A1FAB 
 288      5BAE08FC 
 289 03cd EAB34142 		.ascii	"\352\263AB\362\242\030\270\216\356h$^\223\317\214\343"
 289      F2A218B8 
 289      8EEE6824 
 289      5E93CF8C 
 289      E3
 290 03de 3284926B 		.ascii	"2\204\222kz\177i\205,\323\237\201\226\243\361\253\217"
 290      7A7F6985 
 290      2CD39F81 
 290      96A3F1AB 
 290      8F
 291 03ef 128277D1 		.ascii	"\022\202w\321\332\276\243\202\220\215L{\211k\303\312"
 291      DABEA382 
 291      908D4C7B 
 291      896BC3CA 
 292 03ff BDC4FE81 		.ascii	"\275\304\376\201\014\303jt=*}8f\264\340\270\225<\337"
 292      0CC36A74 
 292      3D2A7D38 
 292      66B4E0B8 
 292      953CDF
 293 0412 B80DDEFA 		.ascii	"\270\015\336\372v.V\011\362\363\370*k*c\301\222\274"
 293      762E5609 
 293      F2F3F82A 
ARM GAS  C:\Users\elias\AppData\Local\Temp\ccYzgeab.s 			page 22


 293      6B2A63C1 
 293      92BC
 294 0424 88FDA745 		.ascii	"\210\375\247E\354\332\334oq\035*&\2110\206\2270\252"
 294      ECDADC6F 
 294      711D2A26 
 294      89308697 
 294      30AA
 295 0436 1F64042C 		.ascii	"\037d\004,\374 m\327\356ybl_\320\353\302\351]\326\037"
 295      FC206DD7 
 295      EE79626C 
 295      5FD0EBC2 
 295      E95DD61F 
 296 044a C794FAFC 		.ascii	"\307\224\372\374\216\203\215\015\024\276\243z\242\361"
 296      8E838D0D 
 296      14BEA37A 
 296      A2F1
 297 0458 CE637384 		.ascii	"\316cs\204\232\036ZWO\010\365\004S\3773\343\371\315"
 297      9A1E5A57 
 297      4F08F504 
 297      53FF33E3 
 297      F9CD
 298 046a 16A1A6E3 		.ascii	"\026\241\246\343\252\253'\301\246\3253\311\0147Ce\323"
 298      AAAB27C1 
 298      A6D533C9 
 298      0C374365 
 298      D3
 299 047b D608C385 		.ascii	"\326\010\303\205\010CP\340\203Q\360\315\021\352\220"
 299      084350E0 
 299      8351F0CD 
 299      11EA90
 300 048a 5087A2A8 		.ascii	"P\207\242\250=\021\352\033BM\337\355\031o\276\221\226"
 300      3D11EA1B 
 300      424DDFED 
 300      196FBE91 
 300      96
 301 049b F9CEE6CC 		.ascii	"\371\316\346\314\367\324]\316\274\0025-/\367\243\035"
 301      F7D45DCE 
 301      BC02352D 
 301      2FF7A31D 
 302 04ab DB53F21D 		.ascii	"\333S\362\035\005\316\224\265\246\015\357nILKM\225\222"
 302      05CE94B5 
 302      A60DEF6E 
 302      494C4B4D 
 302      9592
 303 04bd 36A8B96A 		.ascii	"6\250\271j\201\303\251n\313L\317+,\310V\267nN\317K{"
 303      81C3A96E 
 303      CB4CCF2B 
 303      2CC856B7 
 303      6E4ECF4B 
 304 04d2 69AB66DE 		.ascii	"i\253f\336\274)%[Z\241\355\336w\354T\013\3639#u\231"
 304      BC29255B 
 304      5AA1EDDE 
 304      77EC540B 
 304      F3392375 
 305 04e7 F669BAA3 		.ascii	"\366i\272\243H\320W,\232s\311\2740GU\363\343\"a\363"
 305      48D0572C 
 305      9A73C9BC 
ARM GAS  C:\Users\elias\AppData\Local\Temp\ccYzgeab.s 			page 23


 305      304755F3 
 305      E32261F3 
 306 04fb DBB7721D 		.ascii	"\333\267r\035Y9\352\213\317\256'\345ci\351<Muf8r\012"
 306      5939EA8B 
 306      CFAE27E5 
 306      6369E93C 
 306      4D756638 
 307 0511 D598C21D 		.ascii	"\325\230\302\035\271\316\365\321\214\331\273\235\273"
 307      B9CEF5D1 
 307      8CD9BB9D 
 307      BB
 308 051e F3D55D68 		.ascii	"\363\325]h\264\315\033\235yz\332,G\366\316\302|\253"
 308      B4CD1B9D 
 308      797ADA2C 
 308      47F6CEC2 
 308      7CAB
 309 0530 CAB2A73B 		.ascii	"\312\262\247;\021`\331\346p:2\213(zy\244*\335YP\230"
 309      1160D9E6 
 309      703A328B 
 309      287A79A4 
 309      2ADD5950 
 310 0545 ED3414A8 		.ascii	"\3554\024\250\333\327\377\007\263\021\362\354"
 310      DBD7FF07 
 310      B311F2EC 
 311              		.text
 312              		.section	.gnu.lto_.symtab.e050491b,"",%progbits
 313 0000 56444143 		.ascii	"VDAC_LP_SaveConfig\000"
 313      5F4C505F 
 313      53617665 
 313      436F6E66 
 313      696700
 314 0013 00       		.ascii	"\000"
 315 0014 00       		.ascii	"\000"
 316 0015 00       		.ascii	"\000"
 317 0016 00000000 		.ascii	"\000\000\000\000\000\000\000\000"
 317      00000000 
 318 001e B3000000 		.ascii	"\263\000\000\000"
 319 0022 56444143 		.ascii	"VDAC_LP_RestoreConfig\000"
 319      5F4C505F 
 319      52657374 
 319      6F726543 
 319      6F6E6669 
 320 0038 00       		.ascii	"\000"
 321 0039 00       		.ascii	"\000"
 322 003a 00       		.ascii	"\000"
 323 003b 00000000 		.ascii	"\000\000\000\000\000\000\000\000"
 323      00000000 
 324 0043 B5000000 		.ascii	"\265\000\000\000"
 325 0047 56444143 		.ascii	"VDAC_LP_Sleep\000"
 325      5F4C505F 
 325      536C6565 
 325      7000
 326 0055 00       		.ascii	"\000"
 327 0056 00       		.ascii	"\000"
 328 0057 00       		.ascii	"\000"
 329 0058 00000000 		.ascii	"\000\000\000\000\000\000\000\000"
 329      00000000 
ARM GAS  C:\Users\elias\AppData\Local\Temp\ccYzgeab.s 			page 24


 330 0060 B7000000 		.ascii	"\267\000\000\000"
 331 0064 56444143 		.ascii	"VDAC_LP_Wakeup\000"
 331      5F4C505F 
 331      57616B65 
 331      757000
 332 0073 00       		.ascii	"\000"
 333 0074 00       		.ascii	"\000"
 334 0075 00       		.ascii	"\000"
 335 0076 00000000 		.ascii	"\000\000\000\000\000\000\000\000"
 335      00000000 
 336 007e B9000000 		.ascii	"\271\000\000\000"
 337 0082 56444143 		.ascii	"VDAC_LP_Enable\000"
 337      5F4C505F 
 337      456E6162 
 337      6C6500
 338 0091 00       		.ascii	"\000"
 339 0092 02       		.ascii	"\002"
 340 0093 00       		.ascii	"\000"
 341 0094 00000000 		.ascii	"\000\000\000\000\000\000\000\000"
 341      00000000 
 342 009c BB000000 		.ascii	"\273\000\000\000"
 343 00a0 56444143 		.ascii	"VDAC_LP_SetValue\000"
 343      5F4C505F 
 343      53657456 
 343      616C7565 
 343      00
 344 00b1 00       		.ascii	"\000"
 345 00b2 02       		.ascii	"\002"
 346 00b3 00       		.ascii	"\000"
 347 00b4 00000000 		.ascii	"\000\000\000\000\000\000\000\000"
 347      00000000 
 348 00bc C4000000 		.ascii	"\304\000\000\000"
 349 00c0 56444143 		.ascii	"VDAC_LP_Stop\000"
 349      5F4C505F 
 349      53746F70 
 349      00
 350 00cd 00       		.ascii	"\000"
 351 00ce 02       		.ascii	"\002"
 352 00cf 00       		.ascii	"\000"
 353 00d0 00000000 		.ascii	"\000\000\000\000\000\000\000\000"
 353      00000000 
 354 00d8 C6000000 		.ascii	"\306\000\000\000"
 355              		.text
 356              		.section	.gnu.lto_.opts,"",%progbits
 357 0000 272D666D 		.ascii	"'-fmath-errno' '-fsigned-zeros' '-ftrapping-math' '"
 357      6174682D 
 357      6572726E 
 357      6F272027 
 357      2D667369 
 358 0033 2D666E6F 		.ascii	"-fno-trapv' '-fno-openmp' '-fno-openacc' '-mcpu=cor"
 358      2D747261 
 358      70762720 
 358      272D666E 
 358      6F2D6F70 
 359 0066 7465782D 		.ascii	"tex-m3' '-mthumb' '-g' '-O3' '-ffunction-sections' "
 359      6D332720 
 359      272D6D74 
ARM GAS  C:\Users\elias\AppData\Local\Temp\ccYzgeab.s 			page 25


 359      68756D62 
 359      2720272D 
 360 0099 272D6666 		.ascii	"'-ffat-lto-objects' '-finline-functions' '-flto'\000"
 360      61742D6C 
 360      746F2D6F 
 360      626A6563 
 360      74732720 
 361              		.text
 362              		.cfi_sections	.debug_frame
 363              		.section	.text.VDAC_LP_SaveConfig,"ax",%progbits
 364              		.align	2
 365              		.global	VDAC_LP_SaveConfig
 366              		.thumb
 367              		.thumb_func
 368              		.type	VDAC_LP_SaveConfig, %function
 369              	VDAC_LP_SaveConfig:
 370              	.LFB0:
 371              		.file 1 "Generated_Source\\PSoC5\\VDAC_LP_PM.c"
   1:Generated_Source\PSoC5/VDAC_LP_PM.c **** /*******************************************************************************
   2:Generated_Source\PSoC5/VDAC_LP_PM.c **** * File Name: VDAC_LP_PM.c  
   3:Generated_Source\PSoC5/VDAC_LP_PM.c **** * Version 1.90
   4:Generated_Source\PSoC5/VDAC_LP_PM.c **** *
   5:Generated_Source\PSoC5/VDAC_LP_PM.c **** * Description:
   6:Generated_Source\PSoC5/VDAC_LP_PM.c **** *  This file provides the power management source code to API for the
   7:Generated_Source\PSoC5/VDAC_LP_PM.c **** *  VDAC8.  
   8:Generated_Source\PSoC5/VDAC_LP_PM.c **** *
   9:Generated_Source\PSoC5/VDAC_LP_PM.c **** * Note:
  10:Generated_Source\PSoC5/VDAC_LP_PM.c **** *  None
  11:Generated_Source\PSoC5/VDAC_LP_PM.c **** *
  12:Generated_Source\PSoC5/VDAC_LP_PM.c **** ********************************************************************************
  13:Generated_Source\PSoC5/VDAC_LP_PM.c **** * Copyright 2008-2012, Cypress Semiconductor Corporation.  All rights reserved.
  14:Generated_Source\PSoC5/VDAC_LP_PM.c **** * You may use this file only in accordance with the license, terms, conditions, 
  15:Generated_Source\PSoC5/VDAC_LP_PM.c **** * disclaimers, and limitations in the end user license agreement accompanying 
  16:Generated_Source\PSoC5/VDAC_LP_PM.c **** * the software package with which this file was provided.
  17:Generated_Source\PSoC5/VDAC_LP_PM.c **** *******************************************************************************/
  18:Generated_Source\PSoC5/VDAC_LP_PM.c **** 
  19:Generated_Source\PSoC5/VDAC_LP_PM.c **** #include "VDAC_LP.h"
  20:Generated_Source\PSoC5/VDAC_LP_PM.c **** 
  21:Generated_Source\PSoC5/VDAC_LP_PM.c **** static VDAC_LP_backupStruct VDAC_LP_backup;
  22:Generated_Source\PSoC5/VDAC_LP_PM.c **** 
  23:Generated_Source\PSoC5/VDAC_LP_PM.c **** 
  24:Generated_Source\PSoC5/VDAC_LP_PM.c **** /*******************************************************************************
  25:Generated_Source\PSoC5/VDAC_LP_PM.c **** * Function Name: VDAC_LP_SaveConfig
  26:Generated_Source\PSoC5/VDAC_LP_PM.c **** ********************************************************************************
  27:Generated_Source\PSoC5/VDAC_LP_PM.c **** * Summary:
  28:Generated_Source\PSoC5/VDAC_LP_PM.c **** *  Save the current user configuration
  29:Generated_Source\PSoC5/VDAC_LP_PM.c **** *
  30:Generated_Source\PSoC5/VDAC_LP_PM.c **** * Parameters:  
  31:Generated_Source\PSoC5/VDAC_LP_PM.c **** *  void  
  32:Generated_Source\PSoC5/VDAC_LP_PM.c **** *
  33:Generated_Source\PSoC5/VDAC_LP_PM.c **** * Return: 
  34:Generated_Source\PSoC5/VDAC_LP_PM.c **** *  void
  35:Generated_Source\PSoC5/VDAC_LP_PM.c **** *
  36:Generated_Source\PSoC5/VDAC_LP_PM.c **** *******************************************************************************/
  37:Generated_Source\PSoC5/VDAC_LP_PM.c **** void VDAC_LP_SaveConfig(void) 
  38:Generated_Source\PSoC5/VDAC_LP_PM.c **** {
 372              		.loc 1 38 0
ARM GAS  C:\Users\elias\AppData\Local\Temp\ccYzgeab.s 			page 26


 373              		.cfi_startproc
 374              		@ args = 0, pretend = 0, frame = 0
 375              		@ frame_needed = 0, uses_anonymous_args = 0
 376              		@ link register save eliminated.
  39:Generated_Source\PSoC5/VDAC_LP_PM.c ****     if (!((VDAC_LP_CR1 & VDAC_LP_SRC_MASK) == VDAC_LP_SRC_UDB))
 377              		.loc 1 39 0
 378 0000 044B     		ldr	r3, .L4
 379 0002 1B78     		ldrb	r3, [r3]	@ zero_extendqisi2
 380 0004 9B06     		lsls	r3, r3, #26
 381 0006 03D4     		bmi	.L1
  40:Generated_Source\PSoC5/VDAC_LP_PM.c ****     {
  41:Generated_Source\PSoC5/VDAC_LP_PM.c ****         VDAC_LP_backup.data_value = VDAC_LP_Data;
 382              		.loc 1 41 0
 383 0008 034A     		ldr	r2, .L4+4
 384 000a 044B     		ldr	r3, .L4+8
 385 000c 1278     		ldrb	r2, [r2]	@ zero_extendqisi2
 386 000e 5A70     		strb	r2, [r3, #1]
 387              	.L1:
 388 0010 7047     		bx	lr
 389              	.L5:
 390 0012 00BF     		.align	2
 391              	.L4:
 392 0014 21580040 		.word	1073764385
 393 0018 805B0040 		.word	1073765248
 394 001c 00000000 		.word	.LANCHOR0
 395              		.cfi_endproc
 396              	.LFE0:
 397              		.size	VDAC_LP_SaveConfig, .-VDAC_LP_SaveConfig
 398              		.section	.text.VDAC_LP_RestoreConfig,"ax",%progbits
 399              		.align	2
 400              		.global	VDAC_LP_RestoreConfig
 401              		.thumb
 402              		.thumb_func
 403              		.type	VDAC_LP_RestoreConfig, %function
 404              	VDAC_LP_RestoreConfig:
 405              	.LFB1:
  42:Generated_Source\PSoC5/VDAC_LP_PM.c ****     }
  43:Generated_Source\PSoC5/VDAC_LP_PM.c **** }
  44:Generated_Source\PSoC5/VDAC_LP_PM.c **** 
  45:Generated_Source\PSoC5/VDAC_LP_PM.c **** 
  46:Generated_Source\PSoC5/VDAC_LP_PM.c **** /*******************************************************************************
  47:Generated_Source\PSoC5/VDAC_LP_PM.c **** * Function Name: VDAC_LP_RestoreConfig
  48:Generated_Source\PSoC5/VDAC_LP_PM.c **** ********************************************************************************
  49:Generated_Source\PSoC5/VDAC_LP_PM.c **** *
  50:Generated_Source\PSoC5/VDAC_LP_PM.c **** * Summary:
  51:Generated_Source\PSoC5/VDAC_LP_PM.c **** *  Restores the current user configuration.
  52:Generated_Source\PSoC5/VDAC_LP_PM.c **** *
  53:Generated_Source\PSoC5/VDAC_LP_PM.c **** * Parameters:  
  54:Generated_Source\PSoC5/VDAC_LP_PM.c **** *  void
  55:Generated_Source\PSoC5/VDAC_LP_PM.c **** *
  56:Generated_Source\PSoC5/VDAC_LP_PM.c **** * Return: 
  57:Generated_Source\PSoC5/VDAC_LP_PM.c **** *  void
  58:Generated_Source\PSoC5/VDAC_LP_PM.c **** *
  59:Generated_Source\PSoC5/VDAC_LP_PM.c **** *******************************************************************************/
  60:Generated_Source\PSoC5/VDAC_LP_PM.c **** void VDAC_LP_RestoreConfig(void) 
  61:Generated_Source\PSoC5/VDAC_LP_PM.c **** {
 406              		.loc 1 61 0
ARM GAS  C:\Users\elias\AppData\Local\Temp\ccYzgeab.s 			page 27


 407              		.cfi_startproc
 408              		@ args = 0, pretend = 0, frame = 0
 409              		@ frame_needed = 0, uses_anonymous_args = 0
 410              		@ link register save eliminated.
  62:Generated_Source\PSoC5/VDAC_LP_PM.c ****     if (!((VDAC_LP_CR1 & VDAC_LP_SRC_MASK) == VDAC_LP_SRC_UDB))
 411              		.loc 1 62 0
 412 0000 0C4B     		ldr	r3, .L10
 413 0002 1B78     		ldrb	r3, [r3]	@ zero_extendqisi2
 414 0004 9906     		lsls	r1, r3, #26
 415 0006 07D4     		bmi	.L6
  63:Generated_Source\PSoC5/VDAC_LP_PM.c ****     {
  64:Generated_Source\PSoC5/VDAC_LP_PM.c ****         if((VDAC_LP_Strobe & VDAC_LP_STRB_MASK) == VDAC_LP_STRB_EN)
 416              		.loc 1 64 0
 417 0008 0B4B     		ldr	r3, .L10+4
 418 000a 1A78     		ldrb	r2, [r3]	@ zero_extendqisi2
 419 000c 1207     		lsls	r2, r2, #28
 420 000e 04D4     		bmi	.L9
  65:Generated_Source\PSoC5/VDAC_LP_PM.c ****         {
  66:Generated_Source\PSoC5/VDAC_LP_PM.c ****             VDAC_LP_Strobe &= (uint8)(~VDAC_LP_STRB_MASK);
  67:Generated_Source\PSoC5/VDAC_LP_PM.c ****             VDAC_LP_Data = VDAC_LP_backup.data_value;
  68:Generated_Source\PSoC5/VDAC_LP_PM.c ****             VDAC_LP_Strobe |= VDAC_LP_STRB_EN;
  69:Generated_Source\PSoC5/VDAC_LP_PM.c ****         }
  70:Generated_Source\PSoC5/VDAC_LP_PM.c ****         else
  71:Generated_Source\PSoC5/VDAC_LP_PM.c ****         {
  72:Generated_Source\PSoC5/VDAC_LP_PM.c ****             VDAC_LP_Data = VDAC_LP_backup.data_value;
 421              		.loc 1 72 0
 422 0010 0A4A     		ldr	r2, .L10+8
 423 0012 0B4B     		ldr	r3, .L10+12
 424 0014 5278     		ldrb	r2, [r2, #1]	@ zero_extendqisi2
 425 0016 1A70     		strb	r2, [r3]
 426              	.L6:
 427 0018 7047     		bx	lr
 428              	.L9:
 429              	.LBB6:
 430              	.LBB7:
  67:Generated_Source\PSoC5/VDAC_LP_PM.c ****             VDAC_LP_Strobe |= VDAC_LP_STRB_EN;
 431              		.loc 1 67 0
 432 001a 0849     		ldr	r1, .L10+8
  66:Generated_Source\PSoC5/VDAC_LP_PM.c ****             VDAC_LP_Data = VDAC_LP_backup.data_value;
 433              		.loc 1 66 0
 434 001c 1A78     		ldrb	r2, [r3]	@ zero_extendqisi2
  67:Generated_Source\PSoC5/VDAC_LP_PM.c ****             VDAC_LP_Strobe |= VDAC_LP_STRB_EN;
 435              		.loc 1 67 0
 436 001e 4878     		ldrb	r0, [r1, #1]	@ zero_extendqisi2
 437 0020 0749     		ldr	r1, .L10+12
  66:Generated_Source\PSoC5/VDAC_LP_PM.c ****             VDAC_LP_Data = VDAC_LP_backup.data_value;
 438              		.loc 1 66 0
 439 0022 02F0F702 		and	r2, r2, #247
 440 0026 1A70     		strb	r2, [r3]
  67:Generated_Source\PSoC5/VDAC_LP_PM.c ****             VDAC_LP_Strobe |= VDAC_LP_STRB_EN;
 441              		.loc 1 67 0
 442 0028 0870     		strb	r0, [r1]
  68:Generated_Source\PSoC5/VDAC_LP_PM.c ****         }
 443              		.loc 1 68 0
 444 002a 1A78     		ldrb	r2, [r3]	@ zero_extendqisi2
 445 002c 42F00802 		orr	r2, r2, #8
 446 0030 1A70     		strb	r2, [r3]
ARM GAS  C:\Users\elias\AppData\Local\Temp\ccYzgeab.s 			page 28


 447 0032 7047     		bx	lr
 448              	.L11:
 449              		.align	2
 450              	.L10:
 451 0034 21580040 		.word	1073764385
 452 0038 875A0040 		.word	1073764999
 453 003c 00000000 		.word	.LANCHOR0
 454 0040 805B0040 		.word	1073765248
 455              	.LBE7:
 456              	.LBE6:
 457              		.cfi_endproc
 458              	.LFE1:
 459              		.size	VDAC_LP_RestoreConfig, .-VDAC_LP_RestoreConfig
 460              		.section	.text.VDAC_LP_Sleep,"ax",%progbits
 461              		.align	2
 462              		.global	VDAC_LP_Sleep
 463              		.thumb
 464              		.thumb_func
 465              		.type	VDAC_LP_Sleep, %function
 466              	VDAC_LP_Sleep:
 467              	.LFB2:
  73:Generated_Source\PSoC5/VDAC_LP_PM.c ****         }
  74:Generated_Source\PSoC5/VDAC_LP_PM.c ****     }
  75:Generated_Source\PSoC5/VDAC_LP_PM.c **** }
  76:Generated_Source\PSoC5/VDAC_LP_PM.c **** 
  77:Generated_Source\PSoC5/VDAC_LP_PM.c **** 
  78:Generated_Source\PSoC5/VDAC_LP_PM.c **** /*******************************************************************************
  79:Generated_Source\PSoC5/VDAC_LP_PM.c **** * Function Name: VDAC_LP_Sleep
  80:Generated_Source\PSoC5/VDAC_LP_PM.c **** ********************************************************************************
  81:Generated_Source\PSoC5/VDAC_LP_PM.c **** * Summary:
  82:Generated_Source\PSoC5/VDAC_LP_PM.c **** *  Stop and Save the user configuration
  83:Generated_Source\PSoC5/VDAC_LP_PM.c **** *
  84:Generated_Source\PSoC5/VDAC_LP_PM.c **** * Parameters:  
  85:Generated_Source\PSoC5/VDAC_LP_PM.c **** *  void:  
  86:Generated_Source\PSoC5/VDAC_LP_PM.c **** *
  87:Generated_Source\PSoC5/VDAC_LP_PM.c **** * Return: 
  88:Generated_Source\PSoC5/VDAC_LP_PM.c **** *  void
  89:Generated_Source\PSoC5/VDAC_LP_PM.c **** *
  90:Generated_Source\PSoC5/VDAC_LP_PM.c **** * Global variables:
  91:Generated_Source\PSoC5/VDAC_LP_PM.c **** *  VDAC_LP_backup.enableState:  Is modified depending on the enable 
  92:Generated_Source\PSoC5/VDAC_LP_PM.c **** *  state  of the block before entering sleep mode.
  93:Generated_Source\PSoC5/VDAC_LP_PM.c **** *
  94:Generated_Source\PSoC5/VDAC_LP_PM.c **** *******************************************************************************/
  95:Generated_Source\PSoC5/VDAC_LP_PM.c **** void VDAC_LP_Sleep(void) 
  96:Generated_Source\PSoC5/VDAC_LP_PM.c **** {
 468              		.loc 1 96 0
 469              		.cfi_startproc
 470              		@ args = 0, pretend = 0, frame = 0
 471              		@ frame_needed = 0, uses_anonymous_args = 0
 472 0000 10B5     		push	{r4, lr}
 473              		.cfi_def_cfa_offset 8
 474              		.cfi_offset 4, -8
 475              		.cfi_offset 14, -4
  97:Generated_Source\PSoC5/VDAC_LP_PM.c ****     /* Save VDAC8's enable state */    
  98:Generated_Source\PSoC5/VDAC_LP_PM.c ****     if(VDAC_LP_ACT_PWR_EN == (VDAC_LP_PWRMGR & VDAC_LP_ACT_PWR_EN))
 476              		.loc 1 98 0
 477 0002 084B     		ldr	r3, .L15
ARM GAS  C:\Users\elias\AppData\Local\Temp\ccYzgeab.s 			page 29


 478 0004 084C     		ldr	r4, .L15+4
 479 0006 1B78     		ldrb	r3, [r3]	@ zero_extendqisi2
 480 0008 03F00103 		and	r3, r3, #1
 481 000c 2370     		strb	r3, [r4]
  99:Generated_Source\PSoC5/VDAC_LP_PM.c ****     {
 100:Generated_Source\PSoC5/VDAC_LP_PM.c ****         /* VDAC8 is enabled */
 101:Generated_Source\PSoC5/VDAC_LP_PM.c ****         VDAC_LP_backup.enableState = 1u;
 102:Generated_Source\PSoC5/VDAC_LP_PM.c ****     }
 103:Generated_Source\PSoC5/VDAC_LP_PM.c ****     else
 104:Generated_Source\PSoC5/VDAC_LP_PM.c ****     {
 105:Generated_Source\PSoC5/VDAC_LP_PM.c ****         /* VDAC8 is disabled */
 106:Generated_Source\PSoC5/VDAC_LP_PM.c ****         VDAC_LP_backup.enableState = 0u;
 107:Generated_Source\PSoC5/VDAC_LP_PM.c ****     }
 108:Generated_Source\PSoC5/VDAC_LP_PM.c ****     
 109:Generated_Source\PSoC5/VDAC_LP_PM.c ****     VDAC_LP_Stop();
 482              		.loc 1 109 0
 483 000e FFF7FEFF 		bl	VDAC_LP_Stop
 484              	.LVL0:
 485              	.LBB8:
 486              	.LBB9:
  39:Generated_Source\PSoC5/VDAC_LP_PM.c ****     {
 487              		.loc 1 39 0
 488 0012 064B     		ldr	r3, .L15+8
 489 0014 1B78     		ldrb	r3, [r3]	@ zero_extendqisi2
 490 0016 9B06     		lsls	r3, r3, #26
 491 0018 02D4     		bmi	.L12
  41:Generated_Source\PSoC5/VDAC_LP_PM.c ****     }
 492              		.loc 1 41 0
 493 001a 054B     		ldr	r3, .L15+12
 494 001c 1B78     		ldrb	r3, [r3]	@ zero_extendqisi2
 495 001e 6370     		strb	r3, [r4, #1]
 496              	.L12:
 497 0020 10BD     		pop	{r4, pc}
 498              	.L16:
 499 0022 00BF     		.align	2
 500              	.L15:
 501 0024 A8430040 		.word	1073759144
 502 0028 00000000 		.word	.LANCHOR0
 503 002c 21580040 		.word	1073764385
 504 0030 805B0040 		.word	1073765248
 505              	.LBE9:
 506              	.LBE8:
 507              		.cfi_endproc
 508              	.LFE2:
 509              		.size	VDAC_LP_Sleep, .-VDAC_LP_Sleep
 510              		.section	.text.VDAC_LP_Wakeup,"ax",%progbits
 511              		.align	2
 512              		.global	VDAC_LP_Wakeup
 513              		.thumb
 514              		.thumb_func
 515              		.type	VDAC_LP_Wakeup, %function
 516              	VDAC_LP_Wakeup:
 517              	.LFB3:
 110:Generated_Source\PSoC5/VDAC_LP_PM.c ****     VDAC_LP_SaveConfig();
 111:Generated_Source\PSoC5/VDAC_LP_PM.c **** }
 112:Generated_Source\PSoC5/VDAC_LP_PM.c **** 
 113:Generated_Source\PSoC5/VDAC_LP_PM.c **** 
ARM GAS  C:\Users\elias\AppData\Local\Temp\ccYzgeab.s 			page 30


 114:Generated_Source\PSoC5/VDAC_LP_PM.c **** /*******************************************************************************
 115:Generated_Source\PSoC5/VDAC_LP_PM.c **** * Function Name: VDAC_LP_Wakeup
 116:Generated_Source\PSoC5/VDAC_LP_PM.c **** ********************************************************************************
 117:Generated_Source\PSoC5/VDAC_LP_PM.c **** *
 118:Generated_Source\PSoC5/VDAC_LP_PM.c **** * Summary:
 119:Generated_Source\PSoC5/VDAC_LP_PM.c **** *  Restores and enables the user configuration
 120:Generated_Source\PSoC5/VDAC_LP_PM.c **** *  
 121:Generated_Source\PSoC5/VDAC_LP_PM.c **** * Parameters:  
 122:Generated_Source\PSoC5/VDAC_LP_PM.c **** *  void
 123:Generated_Source\PSoC5/VDAC_LP_PM.c **** *
 124:Generated_Source\PSoC5/VDAC_LP_PM.c **** * Return: 
 125:Generated_Source\PSoC5/VDAC_LP_PM.c **** *  void
 126:Generated_Source\PSoC5/VDAC_LP_PM.c **** *
 127:Generated_Source\PSoC5/VDAC_LP_PM.c **** * Global variables:
 128:Generated_Source\PSoC5/VDAC_LP_PM.c **** *  VDAC_LP_backup.enableState:  Is used to restore the enable state of 
 129:Generated_Source\PSoC5/VDAC_LP_PM.c **** *  block on wakeup from sleep mode.
 130:Generated_Source\PSoC5/VDAC_LP_PM.c **** *
 131:Generated_Source\PSoC5/VDAC_LP_PM.c **** *******************************************************************************/
 132:Generated_Source\PSoC5/VDAC_LP_PM.c **** void VDAC_LP_Wakeup(void) 
 133:Generated_Source\PSoC5/VDAC_LP_PM.c **** {
 518              		.loc 1 133 0
 519              		.cfi_startproc
 520              		@ args = 0, pretend = 0, frame = 0
 521              		@ frame_needed = 0, uses_anonymous_args = 0
 522 0000 08B5     		push	{r3, lr}
 523              		.cfi_def_cfa_offset 8
 524              		.cfi_offset 3, -8
 525              		.cfi_offset 14, -4
 526              	.LBB16:
 527              	.LBB17:
  62:Generated_Source\PSoC5/VDAC_LP_PM.c ****     {
 528              		.loc 1 62 0
 529 0002 144B     		ldr	r3, .L27
 530 0004 1B78     		ldrb	r3, [r3]	@ zero_extendqisi2
 531 0006 9A06     		lsls	r2, r3, #26
 532 0008 22D4     		bmi	.L24
  64:Generated_Source\PSoC5/VDAC_LP_PM.c ****         {
 533              		.loc 1 64 0
 534 000a 134A     		ldr	r2, .L27+4
 535 000c 1378     		ldrb	r3, [r2]	@ zero_extendqisi2
 536 000e 1B07     		lsls	r3, r3, #28
 537 0010 07D4     		bmi	.L25
  72:Generated_Source\PSoC5/VDAC_LP_PM.c ****         }
 538              		.loc 1 72 0
 539 0012 124B     		ldr	r3, .L27+8
 540 0014 124A     		ldr	r2, .L27+12
 541 0016 5978     		ldrb	r1, [r3, #1]	@ zero_extendqisi2
 542 0018 1170     		strb	r1, [r2]
 543              	.L18:
 544              	.LBE17:
 545              	.LBE16:
 134:Generated_Source\PSoC5/VDAC_LP_PM.c ****     VDAC_LP_RestoreConfig();
 135:Generated_Source\PSoC5/VDAC_LP_PM.c ****     
 136:Generated_Source\PSoC5/VDAC_LP_PM.c ****     if(VDAC_LP_backup.enableState == 1u)
 546              		.loc 1 136 0
 547 001a 1B78     		ldrb	r3, [r3]	@ zero_extendqisi2
 548 001c 012B     		cmp	r3, #1
ARM GAS  C:\Users\elias\AppData\Local\Temp\ccYzgeab.s 			page 31


 549 001e 0FD0     		beq	.L26
 550              	.L17:
 551 0020 08BD     		pop	{r3, pc}
 552              	.L25:
 553              	.LBB21:
 554              	.LBB20:
 555              	.LBB18:
 556              	.LBB19:
  66:Generated_Source\PSoC5/VDAC_LP_PM.c ****             VDAC_LP_Data = VDAC_LP_backup.data_value;
 557              		.loc 1 66 0
 558 0022 1178     		ldrb	r1, [r2]	@ zero_extendqisi2
  67:Generated_Source\PSoC5/VDAC_LP_PM.c ****             VDAC_LP_Strobe |= VDAC_LP_STRB_EN;
 559              		.loc 1 67 0
 560 0024 0D4B     		ldr	r3, .L27+8
  66:Generated_Source\PSoC5/VDAC_LP_PM.c ****             VDAC_LP_Data = VDAC_LP_backup.data_value;
 561              		.loc 1 66 0
 562 0026 01F0F701 		and	r1, r1, #247
 563 002a 1170     		strb	r1, [r2]
  67:Generated_Source\PSoC5/VDAC_LP_PM.c ****             VDAC_LP_Strobe |= VDAC_LP_STRB_EN;
 564              		.loc 1 67 0
 565 002c 5878     		ldrb	r0, [r3, #1]	@ zero_extendqisi2
 566 002e 0C49     		ldr	r1, .L27+12
 567 0030 0870     		strb	r0, [r1]
  68:Generated_Source\PSoC5/VDAC_LP_PM.c ****         }
 568              		.loc 1 68 0
 569 0032 1178     		ldrb	r1, [r2]	@ zero_extendqisi2
 570 0034 41F00801 		orr	r1, r1, #8
 571 0038 1170     		strb	r1, [r2]
 572              	.LBE19:
 573              	.LBE18:
 574              	.LBE20:
 575              	.LBE21:
 576              		.loc 1 136 0
 577 003a 1B78     		ldrb	r3, [r3]	@ zero_extendqisi2
 578 003c 012B     		cmp	r3, #1
 579 003e EFD1     		bne	.L17
 580              	.L26:
 581              	.LBB22:
 582              	.LBB23:
 137:Generated_Source\PSoC5/VDAC_LP_PM.c ****     {
 138:Generated_Source\PSoC5/VDAC_LP_PM.c ****         /* Enable VDAC8's operation */
 139:Generated_Source\PSoC5/VDAC_LP_PM.c ****         VDAC_LP_Enable();
 583              		.loc 1 139 0
 584 0040 FFF7FEFF 		bl	VDAC_LP_Enable
 585              	.LVL1:
 140:Generated_Source\PSoC5/VDAC_LP_PM.c **** 
 141:Generated_Source\PSoC5/VDAC_LP_PM.c ****         /* Restore the data register */
 142:Generated_Source\PSoC5/VDAC_LP_PM.c ****         VDAC_LP_SetValue(VDAC_LP_Data);
 586              		.loc 1 142 0
 587 0044 064B     		ldr	r3, .L27+12
 588 0046 1878     		ldrb	r0, [r3]	@ zero_extendqisi2
 589              	.LBE23:
 590              	.LBE22:
 143:Generated_Source\PSoC5/VDAC_LP_PM.c ****     } /* Do nothing if VDAC8 was disabled before */    
 144:Generated_Source\PSoC5/VDAC_LP_PM.c **** }
 591              		.loc 1 144 0
 592 0048 BDE80840 		pop	{r3, lr}
ARM GAS  C:\Users\elias\AppData\Local\Temp\ccYzgeab.s 			page 32


 593              		.cfi_remember_state
 594              		.cfi_restore 14
 595              		.cfi_restore 3
 596              		.cfi_def_cfa_offset 0
 597              	.LBB25:
 598              	.LBB24:
 142:Generated_Source\PSoC5/VDAC_LP_PM.c ****     } /* Do nothing if VDAC8 was disabled before */    
 599              		.loc 1 142 0
 600 004c FFF7FEBF 		b	VDAC_LP_SetValue
 601              	.LVL2:
 602              	.L24:
 603              		.cfi_restore_state
 604 0050 024B     		ldr	r3, .L27+8
 605 0052 E2E7     		b	.L18
 606              	.L28:
 607              		.align	2
 608              	.L27:
 609 0054 21580040 		.word	1073764385
 610 0058 875A0040 		.word	1073764999
 611 005c 00000000 		.word	.LANCHOR0
 612 0060 805B0040 		.word	1073765248
 613              	.LBE24:
 614              	.LBE25:
 615              		.cfi_endproc
 616              	.LFE3:
 617              		.size	VDAC_LP_Wakeup, .-VDAC_LP_Wakeup
 618              		.bss
 619              		.align	2
 620              		.set	.LANCHOR0,. + 0
 621              		.type	VDAC_LP_backup, %object
 622              		.size	VDAC_LP_backup, 2
 623              	VDAC_LP_backup:
 624 0000 0000     		.space	2
 625              		.text
 626              	.Letext0:
 627              		.file 2 "Generated_Source\\PSoC5\\cytypes.h"
 628              		.file 3 "Generated_Source\\PSoC5\\VDAC_LP.h"
 629              		.section	.debug_info,"",%progbits
 630              	.Ldebug_info0:
 631 0000 91010000 		.4byte	0x191
 632 0004 0400     		.2byte	0x4
 633 0006 00000000 		.4byte	.Ldebug_abbrev0
 634 000a 04       		.byte	0x4
 635 000b 01       		.uleb128 0x1
 636 000c 72000000 		.4byte	.LASF23
 637 0010 0C       		.byte	0xc
 638 0011 2B000000 		.4byte	.LASF24
 639 0015 2B010000 		.4byte	.LASF25
 640 0019 18000000 		.4byte	.Ldebug_ranges0+0x18
 641 001d 00000000 		.4byte	0
 642 0021 00000000 		.4byte	.Ldebug_line0
 643 0025 02       		.uleb128 0x2
 644 0026 01       		.byte	0x1
 645 0027 06       		.byte	0x6
 646 0028 23020000 		.4byte	.LASF0
 647 002c 02       		.uleb128 0x2
 648 002d 01       		.byte	0x1
ARM GAS  C:\Users\elias\AppData\Local\Temp\ccYzgeab.s 			page 33


 649 002e 08       		.byte	0x8
 650 002f 64000000 		.4byte	.LASF1
 651 0033 02       		.uleb128 0x2
 652 0034 02       		.byte	0x2
 653 0035 05       		.byte	0x5
 654 0036 F1010000 		.4byte	.LASF2
 655 003a 02       		.uleb128 0x2
 656 003b 02       		.byte	0x2
 657 003c 07       		.byte	0x7
 658 003d 65010000 		.4byte	.LASF3
 659 0041 02       		.uleb128 0x2
 660 0042 04       		.byte	0x4
 661 0043 05       		.byte	0x5
 662 0044 0E020000 		.4byte	.LASF4
 663 0048 02       		.uleb128 0x2
 664 0049 04       		.byte	0x4
 665 004a 07       		.byte	0x7
 666 004b 19010000 		.4byte	.LASF5
 667 004f 02       		.uleb128 0x2
 668 0050 08       		.byte	0x8
 669 0051 05       		.byte	0x5
 670 0052 DE010000 		.4byte	.LASF6
 671 0056 02       		.uleb128 0x2
 672 0057 08       		.byte	0x8
 673 0058 07       		.byte	0x7
 674 0059 AF010000 		.4byte	.LASF7
 675 005d 03       		.uleb128 0x3
 676 005e 04       		.byte	0x4
 677 005f 05       		.byte	0x5
 678 0060 696E7400 		.ascii	"int\000"
 679 0064 02       		.uleb128 0x2
 680 0065 04       		.byte	0x4
 681 0066 07       		.byte	0x7
 682 0067 A2010000 		.4byte	.LASF8
 683 006b 04       		.uleb128 0x4
 684 006c FB010000 		.4byte	.LASF12
 685 0070 02       		.byte	0x2
 686 0071 E901     		.2byte	0x1e9
 687 0073 2C000000 		.4byte	0x2c
 688 0077 02       		.uleb128 0x2
 689 0078 04       		.byte	0x4
 690 0079 04       		.byte	0x4
 691 007a 5E000000 		.4byte	.LASF9
 692 007e 02       		.uleb128 0x2
 693 007f 08       		.byte	0x8
 694 0080 04       		.byte	0x4
 695 0081 8D010000 		.4byte	.LASF10
 696 0085 02       		.uleb128 0x2
 697 0086 01       		.byte	0x1
 698 0087 08       		.byte	0x8
 699 0088 EC010000 		.4byte	.LASF11
 700 008c 04       		.uleb128 0x4
 701 008d D9010000 		.4byte	.LASF13
 702 0091 02       		.byte	0x2
 703 0092 9302     		.2byte	0x293
 704 0094 98000000 		.4byte	0x98
 705 0098 05       		.uleb128 0x5
ARM GAS  C:\Users\elias\AppData\Local\Temp\ccYzgeab.s 			page 34


 706 0099 6B000000 		.4byte	0x6b
 707 009d 06       		.uleb128 0x6
 708 009e 02       		.byte	0x2
 709 009f 03       		.byte	0x3
 710 00a0 25       		.byte	0x25
 711 00a1 BE000000 		.4byte	0xbe
 712 00a5 07       		.uleb128 0x7
 713 00a6 17020000 		.4byte	.LASF14
 714 00aa 03       		.byte	0x3
 715 00ab 27       		.byte	0x27
 716 00ac 6B000000 		.4byte	0x6b
 717 00b0 00       		.byte	0
 718 00b1 07       		.uleb128 0x7
 719 00b2 20000000 		.4byte	.LASF15
 720 00b6 03       		.byte	0x3
 721 00b7 28       		.byte	0x28
 722 00b8 6B000000 		.4byte	0x6b
 723 00bc 01       		.byte	0x1
 724 00bd 00       		.byte	0
 725 00be 08       		.uleb128 0x8
 726 00bf 78010000 		.4byte	.LASF16
 727 00c3 03       		.byte	0x3
 728 00c4 29       		.byte	0x29
 729 00c5 9D000000 		.4byte	0x9d
 730 00c9 09       		.uleb128 0x9
 731 00ca 2F020000 		.4byte	.LASF17
 732 00ce 01       		.byte	0x1
 733 00cf 3C       		.byte	0x3c
 734 00d0 01       		.byte	0x1
 735 00d1 09       		.uleb128 0x9
 736 00d2 C6010000 		.4byte	.LASF18
 737 00d6 01       		.byte	0x1
 738 00d7 25       		.byte	0x25
 739 00d8 01       		.byte	0x1
 740 00d9 09       		.uleb128 0x9
 741 00da 4F000000 		.4byte	.LASF19
 742 00de 01       		.byte	0x1
 743 00df 84       		.byte	0x84
 744 00e0 01       		.byte	0x1
 745 00e1 0A       		.uleb128 0xa
 746 00e2 D1000000 		.4byte	0xd1
 747 00e6 00000000 		.4byte	.LFB0
 748 00ea 20000000 		.4byte	.LFE0-.LFB0
 749 00ee 01       		.uleb128 0x1
 750 00ef 9C       		.byte	0x9c
 751 00f0 0A       		.uleb128 0xa
 752 00f1 C9000000 		.4byte	0xc9
 753 00f5 00000000 		.4byte	.LFB1
 754 00f9 44000000 		.4byte	.LFE1-.LFB1
 755 00fd 01       		.uleb128 0x1
 756 00fe 9C       		.byte	0x9c
 757 00ff 0B       		.uleb128 0xb
 758 0100 94010000 		.4byte	.LASF26
 759 0104 01       		.byte	0x1
 760 0105 5F       		.byte	0x5f
 761 0106 00000000 		.4byte	.LFB2
 762 010a 34000000 		.4byte	.LFE2-.LFB2
ARM GAS  C:\Users\elias\AppData\Local\Temp\ccYzgeab.s 			page 35


 763 010e 01       		.uleb128 0x1
 764 010f 9C       		.byte	0x9c
 765 0110 2D010000 		.4byte	0x12d
 766 0114 0C       		.uleb128 0xc
 767 0115 D1000000 		.4byte	0xd1
 768 0119 12000000 		.4byte	.LBB8
 769 011d 22000000 		.4byte	.LBE8-.LBB8
 770 0121 01       		.byte	0x1
 771 0122 6E       		.byte	0x6e
 772 0123 0D       		.uleb128 0xd
 773 0124 12000000 		.4byte	.LVL0
 774 0128 73010000 		.4byte	0x173
 775 012c 00       		.byte	0
 776 012d 0E       		.uleb128 0xe
 777 012e D9000000 		.4byte	0xd9
 778 0132 00000000 		.4byte	.LFB3
 779 0136 64000000 		.4byte	.LFE3-.LFB3
 780 013a 01       		.uleb128 0x1
 781 013b 9C       		.byte	0x9c
 782 013c 62010000 		.4byte	0x162
 783 0140 0F       		.uleb128 0xf
 784 0141 C9000000 		.4byte	0xc9
 785 0145 02000000 		.4byte	.LBB16
 786 0149 00000000 		.4byte	.Ldebug_ranges0+0
 787 014d 01       		.byte	0x1
 788 014e 86       		.byte	0x86
 789 014f 0D       		.uleb128 0xd
 790 0150 44000000 		.4byte	.LVL1
 791 0154 7E010000 		.4byte	0x17e
 792 0158 10       		.uleb128 0x10
 793 0159 50000000 		.4byte	.LVL2
 794 015d 89010000 		.4byte	0x189
 795 0161 00       		.byte	0
 796 0162 11       		.uleb128 0x11
 797 0163 00000000 		.4byte	.LASF27
 798 0167 01       		.byte	0x1
 799 0168 15       		.byte	0x15
 800 0169 BE000000 		.4byte	0xbe
 801 016d 05       		.uleb128 0x5
 802 016e 03       		.byte	0x3
 803 016f 00000000 		.4byte	VDAC_LP_backup
 804 0173 12       		.uleb128 0x12
 805 0174 01020000 		.4byte	.LASF20
 806 0178 01020000 		.4byte	.LASF20
 807 017c 03       		.byte	0x3
 808 017d 34       		.byte	0x34
 809 017e 12       		.uleb128 0x12
 810 017f 45020000 		.4byte	.LASF21
 811 0183 45020000 		.4byte	.LASF21
 812 0187 03       		.byte	0x3
 813 0188 3A       		.byte	0x3a
 814 0189 12       		.uleb128 0x12
 815 018a 0F000000 		.4byte	.LASF22
 816 018e 0F000000 		.4byte	.LASF22
 817 0192 03       		.byte	0x3
 818 0193 37       		.byte	0x37
 819 0194 00       		.byte	0
ARM GAS  C:\Users\elias\AppData\Local\Temp\ccYzgeab.s 			page 36


 820              		.section	.debug_abbrev,"",%progbits
 821              	.Ldebug_abbrev0:
 822 0000 01       		.uleb128 0x1
 823 0001 11       		.uleb128 0x11
 824 0002 01       		.byte	0x1
 825 0003 25       		.uleb128 0x25
 826 0004 0E       		.uleb128 0xe
 827 0005 13       		.uleb128 0x13
 828 0006 0B       		.uleb128 0xb
 829 0007 03       		.uleb128 0x3
 830 0008 0E       		.uleb128 0xe
 831 0009 1B       		.uleb128 0x1b
 832 000a 0E       		.uleb128 0xe
 833 000b 55       		.uleb128 0x55
 834 000c 17       		.uleb128 0x17
 835 000d 11       		.uleb128 0x11
 836 000e 01       		.uleb128 0x1
 837 000f 10       		.uleb128 0x10
 838 0010 17       		.uleb128 0x17
 839 0011 00       		.byte	0
 840 0012 00       		.byte	0
 841 0013 02       		.uleb128 0x2
 842 0014 24       		.uleb128 0x24
 843 0015 00       		.byte	0
 844 0016 0B       		.uleb128 0xb
 845 0017 0B       		.uleb128 0xb
 846 0018 3E       		.uleb128 0x3e
 847 0019 0B       		.uleb128 0xb
 848 001a 03       		.uleb128 0x3
 849 001b 0E       		.uleb128 0xe
 850 001c 00       		.byte	0
 851 001d 00       		.byte	0
 852 001e 03       		.uleb128 0x3
 853 001f 24       		.uleb128 0x24
 854 0020 00       		.byte	0
 855 0021 0B       		.uleb128 0xb
 856 0022 0B       		.uleb128 0xb
 857 0023 3E       		.uleb128 0x3e
 858 0024 0B       		.uleb128 0xb
 859 0025 03       		.uleb128 0x3
 860 0026 08       		.uleb128 0x8
 861 0027 00       		.byte	0
 862 0028 00       		.byte	0
 863 0029 04       		.uleb128 0x4
 864 002a 16       		.uleb128 0x16
 865 002b 00       		.byte	0
 866 002c 03       		.uleb128 0x3
 867 002d 0E       		.uleb128 0xe
 868 002e 3A       		.uleb128 0x3a
 869 002f 0B       		.uleb128 0xb
 870 0030 3B       		.uleb128 0x3b
 871 0031 05       		.uleb128 0x5
 872 0032 49       		.uleb128 0x49
 873 0033 13       		.uleb128 0x13
 874 0034 00       		.byte	0
 875 0035 00       		.byte	0
 876 0036 05       		.uleb128 0x5
ARM GAS  C:\Users\elias\AppData\Local\Temp\ccYzgeab.s 			page 37


 877 0037 35       		.uleb128 0x35
 878 0038 00       		.byte	0
 879 0039 49       		.uleb128 0x49
 880 003a 13       		.uleb128 0x13
 881 003b 00       		.byte	0
 882 003c 00       		.byte	0
 883 003d 06       		.uleb128 0x6
 884 003e 13       		.uleb128 0x13
 885 003f 01       		.byte	0x1
 886 0040 0B       		.uleb128 0xb
 887 0041 0B       		.uleb128 0xb
 888 0042 3A       		.uleb128 0x3a
 889 0043 0B       		.uleb128 0xb
 890 0044 3B       		.uleb128 0x3b
 891 0045 0B       		.uleb128 0xb
 892 0046 01       		.uleb128 0x1
 893 0047 13       		.uleb128 0x13
 894 0048 00       		.byte	0
 895 0049 00       		.byte	0
 896 004a 07       		.uleb128 0x7
 897 004b 0D       		.uleb128 0xd
 898 004c 00       		.byte	0
 899 004d 03       		.uleb128 0x3
 900 004e 0E       		.uleb128 0xe
 901 004f 3A       		.uleb128 0x3a
 902 0050 0B       		.uleb128 0xb
 903 0051 3B       		.uleb128 0x3b
 904 0052 0B       		.uleb128 0xb
 905 0053 49       		.uleb128 0x49
 906 0054 13       		.uleb128 0x13
 907 0055 38       		.uleb128 0x38
 908 0056 0B       		.uleb128 0xb
 909 0057 00       		.byte	0
 910 0058 00       		.byte	0
 911 0059 08       		.uleb128 0x8
 912 005a 16       		.uleb128 0x16
 913 005b 00       		.byte	0
 914 005c 03       		.uleb128 0x3
 915 005d 0E       		.uleb128 0xe
 916 005e 3A       		.uleb128 0x3a
 917 005f 0B       		.uleb128 0xb
 918 0060 3B       		.uleb128 0x3b
 919 0061 0B       		.uleb128 0xb
 920 0062 49       		.uleb128 0x49
 921 0063 13       		.uleb128 0x13
 922 0064 00       		.byte	0
 923 0065 00       		.byte	0
 924 0066 09       		.uleb128 0x9
 925 0067 2E       		.uleb128 0x2e
 926 0068 00       		.byte	0
 927 0069 3F       		.uleb128 0x3f
 928 006a 19       		.uleb128 0x19
 929 006b 03       		.uleb128 0x3
 930 006c 0E       		.uleb128 0xe
 931 006d 3A       		.uleb128 0x3a
 932 006e 0B       		.uleb128 0xb
 933 006f 3B       		.uleb128 0x3b
ARM GAS  C:\Users\elias\AppData\Local\Temp\ccYzgeab.s 			page 38


 934 0070 0B       		.uleb128 0xb
 935 0071 27       		.uleb128 0x27
 936 0072 19       		.uleb128 0x19
 937 0073 20       		.uleb128 0x20
 938 0074 0B       		.uleb128 0xb
 939 0075 00       		.byte	0
 940 0076 00       		.byte	0
 941 0077 0A       		.uleb128 0xa
 942 0078 2E       		.uleb128 0x2e
 943 0079 00       		.byte	0
 944 007a 31       		.uleb128 0x31
 945 007b 13       		.uleb128 0x13
 946 007c 11       		.uleb128 0x11
 947 007d 01       		.uleb128 0x1
 948 007e 12       		.uleb128 0x12
 949 007f 06       		.uleb128 0x6
 950 0080 40       		.uleb128 0x40
 951 0081 18       		.uleb128 0x18
 952 0082 9742     		.uleb128 0x2117
 953 0084 19       		.uleb128 0x19
 954 0085 00       		.byte	0
 955 0086 00       		.byte	0
 956 0087 0B       		.uleb128 0xb
 957 0088 2E       		.uleb128 0x2e
 958 0089 01       		.byte	0x1
 959 008a 3F       		.uleb128 0x3f
 960 008b 19       		.uleb128 0x19
 961 008c 03       		.uleb128 0x3
 962 008d 0E       		.uleb128 0xe
 963 008e 3A       		.uleb128 0x3a
 964 008f 0B       		.uleb128 0xb
 965 0090 3B       		.uleb128 0x3b
 966 0091 0B       		.uleb128 0xb
 967 0092 27       		.uleb128 0x27
 968 0093 19       		.uleb128 0x19
 969 0094 11       		.uleb128 0x11
 970 0095 01       		.uleb128 0x1
 971 0096 12       		.uleb128 0x12
 972 0097 06       		.uleb128 0x6
 973 0098 40       		.uleb128 0x40
 974 0099 18       		.uleb128 0x18
 975 009a 9742     		.uleb128 0x2117
 976 009c 19       		.uleb128 0x19
 977 009d 01       		.uleb128 0x1
 978 009e 13       		.uleb128 0x13
 979 009f 00       		.byte	0
 980 00a0 00       		.byte	0
 981 00a1 0C       		.uleb128 0xc
 982 00a2 1D       		.uleb128 0x1d
 983 00a3 00       		.byte	0
 984 00a4 31       		.uleb128 0x31
 985 00a5 13       		.uleb128 0x13
 986 00a6 11       		.uleb128 0x11
 987 00a7 01       		.uleb128 0x1
 988 00a8 12       		.uleb128 0x12
 989 00a9 06       		.uleb128 0x6
 990 00aa 58       		.uleb128 0x58
ARM GAS  C:\Users\elias\AppData\Local\Temp\ccYzgeab.s 			page 39


 991 00ab 0B       		.uleb128 0xb
 992 00ac 59       		.uleb128 0x59
 993 00ad 0B       		.uleb128 0xb
 994 00ae 00       		.byte	0
 995 00af 00       		.byte	0
 996 00b0 0D       		.uleb128 0xd
 997 00b1 898201   		.uleb128 0x4109
 998 00b4 00       		.byte	0
 999 00b5 11       		.uleb128 0x11
 1000 00b6 01       		.uleb128 0x1
 1001 00b7 31       		.uleb128 0x31
 1002 00b8 13       		.uleb128 0x13
 1003 00b9 00       		.byte	0
 1004 00ba 00       		.byte	0
 1005 00bb 0E       		.uleb128 0xe
 1006 00bc 2E       		.uleb128 0x2e
 1007 00bd 01       		.byte	0x1
 1008 00be 31       		.uleb128 0x31
 1009 00bf 13       		.uleb128 0x13
 1010 00c0 11       		.uleb128 0x11
 1011 00c1 01       		.uleb128 0x1
 1012 00c2 12       		.uleb128 0x12
 1013 00c3 06       		.uleb128 0x6
 1014 00c4 40       		.uleb128 0x40
 1015 00c5 18       		.uleb128 0x18
 1016 00c6 9742     		.uleb128 0x2117
 1017 00c8 19       		.uleb128 0x19
 1018 00c9 01       		.uleb128 0x1
 1019 00ca 13       		.uleb128 0x13
 1020 00cb 00       		.byte	0
 1021 00cc 00       		.byte	0
 1022 00cd 0F       		.uleb128 0xf
 1023 00ce 1D       		.uleb128 0x1d
 1024 00cf 00       		.byte	0
 1025 00d0 31       		.uleb128 0x31
 1026 00d1 13       		.uleb128 0x13
 1027 00d2 52       		.uleb128 0x52
 1028 00d3 01       		.uleb128 0x1
 1029 00d4 55       		.uleb128 0x55
 1030 00d5 17       		.uleb128 0x17
 1031 00d6 58       		.uleb128 0x58
 1032 00d7 0B       		.uleb128 0xb
 1033 00d8 59       		.uleb128 0x59
 1034 00d9 0B       		.uleb128 0xb
 1035 00da 00       		.byte	0
 1036 00db 00       		.byte	0
 1037 00dc 10       		.uleb128 0x10
 1038 00dd 898201   		.uleb128 0x4109
 1039 00e0 00       		.byte	0
 1040 00e1 11       		.uleb128 0x11
 1041 00e2 01       		.uleb128 0x1
 1042 00e3 9542     		.uleb128 0x2115
 1043 00e5 19       		.uleb128 0x19
 1044 00e6 31       		.uleb128 0x31
 1045 00e7 13       		.uleb128 0x13
 1046 00e8 00       		.byte	0
 1047 00e9 00       		.byte	0
ARM GAS  C:\Users\elias\AppData\Local\Temp\ccYzgeab.s 			page 40


 1048 00ea 11       		.uleb128 0x11
 1049 00eb 34       		.uleb128 0x34
 1050 00ec 00       		.byte	0
 1051 00ed 03       		.uleb128 0x3
 1052 00ee 0E       		.uleb128 0xe
 1053 00ef 3A       		.uleb128 0x3a
 1054 00f0 0B       		.uleb128 0xb
 1055 00f1 3B       		.uleb128 0x3b
 1056 00f2 0B       		.uleb128 0xb
 1057 00f3 49       		.uleb128 0x49
 1058 00f4 13       		.uleb128 0x13
 1059 00f5 02       		.uleb128 0x2
 1060 00f6 18       		.uleb128 0x18
 1061 00f7 00       		.byte	0
 1062 00f8 00       		.byte	0
 1063 00f9 12       		.uleb128 0x12
 1064 00fa 2E       		.uleb128 0x2e
 1065 00fb 00       		.byte	0
 1066 00fc 3F       		.uleb128 0x3f
 1067 00fd 19       		.uleb128 0x19
 1068 00fe 3C       		.uleb128 0x3c
 1069 00ff 19       		.uleb128 0x19
 1070 0100 6E       		.uleb128 0x6e
 1071 0101 0E       		.uleb128 0xe
 1072 0102 03       		.uleb128 0x3
 1073 0103 0E       		.uleb128 0xe
 1074 0104 3A       		.uleb128 0x3a
 1075 0105 0B       		.uleb128 0xb
 1076 0106 3B       		.uleb128 0x3b
 1077 0107 0B       		.uleb128 0xb
 1078 0108 00       		.byte	0
 1079 0109 00       		.byte	0
 1080 010a 00       		.byte	0
 1081              		.section	.debug_aranges,"",%progbits
 1082 0000 34000000 		.4byte	0x34
 1083 0004 0200     		.2byte	0x2
 1084 0006 00000000 		.4byte	.Ldebug_info0
 1085 000a 04       		.byte	0x4
 1086 000b 00       		.byte	0
 1087 000c 0000     		.2byte	0
 1088 000e 0000     		.2byte	0
 1089 0010 00000000 		.4byte	.LFB0
 1090 0014 20000000 		.4byte	.LFE0-.LFB0
 1091 0018 00000000 		.4byte	.LFB1
 1092 001c 44000000 		.4byte	.LFE1-.LFB1
 1093 0020 00000000 		.4byte	.LFB2
 1094 0024 34000000 		.4byte	.LFE2-.LFB2
 1095 0028 00000000 		.4byte	.LFB3
 1096 002c 64000000 		.4byte	.LFE3-.LFB3
 1097 0030 00000000 		.4byte	0
 1098 0034 00000000 		.4byte	0
 1099              		.section	.debug_ranges,"",%progbits
 1100              	.Ldebug_ranges0:
 1101 0000 02000000 		.4byte	.LBB16
 1102 0004 1A000000 		.4byte	.LBE16
 1103 0008 22000000 		.4byte	.LBB21
 1104 000c 3A000000 		.4byte	.LBE21
ARM GAS  C:\Users\elias\AppData\Local\Temp\ccYzgeab.s 			page 41


 1105 0010 00000000 		.4byte	0
 1106 0014 00000000 		.4byte	0
 1107 0018 00000000 		.4byte	.LFB0
 1108 001c 20000000 		.4byte	.LFE0
 1109 0020 00000000 		.4byte	.LFB1
 1110 0024 44000000 		.4byte	.LFE1
 1111 0028 00000000 		.4byte	.LFB2
 1112 002c 34000000 		.4byte	.LFE2
 1113 0030 00000000 		.4byte	.LFB3
 1114 0034 64000000 		.4byte	.LFE3
 1115 0038 00000000 		.4byte	0
 1116 003c 00000000 		.4byte	0
 1117              		.section	.debug_line,"",%progbits
 1118              	.Ldebug_line0:
 1119 0000 C6000000 		.section	.debug_str,"MS",%progbits,1
 1119      02005400 
 1119      00000201 
 1119      FB0E0D00 
 1119      01010101 
 1120              	.LASF27:
 1121 0000 56444143 		.ascii	"VDAC_LP_backup\000"
 1121      5F4C505F 
 1121      6261636B 
 1121      757000
 1122              	.LASF22:
 1123 000f 56444143 		.ascii	"VDAC_LP_SetValue\000"
 1123      5F4C505F 
 1123      53657456 
 1123      616C7565 
 1123      00
 1124              	.LASF15:
 1125 0020 64617461 		.ascii	"data_value\000"
 1125      5F76616C 
 1125      756500
 1126              	.LASF24:
 1127 002b 47656E65 		.ascii	"Generated_Source\\PSoC5\\VDAC_LP_PM.c\000"
 1127      72617465 
 1127      645F536F 
 1127      75726365 
 1127      5C50536F 
 1128              	.LASF19:
 1129 004f 56444143 		.ascii	"VDAC_LP_Wakeup\000"
 1129      5F4C505F 
 1129      57616B65 
 1129      757000
 1130              	.LASF9:
 1131 005e 666C6F61 		.ascii	"float\000"
 1131      7400
 1132              	.LASF1:
 1133 0064 756E7369 		.ascii	"unsigned char\000"
 1133      676E6564 
 1133      20636861 
 1133      7200
 1134              	.LASF23:
 1135 0072 474E5520 		.ascii	"GNU C11 5.4.1 20160609 (release) [ARM/embedded-5-br"
 1135      43313120 
 1135      352E342E 
ARM GAS  C:\Users\elias\AppData\Local\Temp\ccYzgeab.s 			page 42


 1135      31203230 
 1135      31363036 
 1136 00a5 616E6368 		.ascii	"anch revision 237715] -mcpu=cortex-m3 -mthumb -g -O"
 1136      20726576 
 1136      6973696F 
 1136      6E203233 
 1136      37373135 
 1137 00d8 33202D66 		.ascii	"3 -ffunction-sections -ffat-lto-objects -finline-fu"
 1137      66756E63 
 1137      74696F6E 
 1137      2D736563 
 1137      74696F6E 
 1138 010b 6E637469 		.ascii	"nctions -flto\000"
 1138      6F6E7320 
 1138      2D666C74 
 1138      6F00
 1139              	.LASF5:
 1140 0119 6C6F6E67 		.ascii	"long unsigned int\000"
 1140      20756E73 
 1140      69676E65 
 1140      6420696E 
 1140      7400
 1141              	.LASF25:
 1142 012b 433A5C47 		.ascii	"C:\\Github\\Tesis\\src\\psoc\\AcondicionamientoAnal"
 1142      69746875 
 1142      625C5465 
 1142      7369735C 
 1142      7372635C 
 1143 0159 6F676963 		.ascii	"ogico.cydsn\000"
 1143      6F2E6379 
 1143      64736E00 
 1144              	.LASF3:
 1145 0165 73686F72 		.ascii	"short unsigned int\000"
 1145      7420756E 
 1145      7369676E 
 1145      65642069 
 1145      6E7400
 1146              	.LASF16:
 1147 0178 56444143 		.ascii	"VDAC_LP_backupStruct\000"
 1147      5F4C505F 
 1147      6261636B 
 1147      75705374 
 1147      72756374 
 1148              	.LASF10:
 1149 018d 646F7562 		.ascii	"double\000"
 1149      6C6500
 1150              	.LASF26:
 1151 0194 56444143 		.ascii	"VDAC_LP_Sleep\000"
 1151      5F4C505F 
 1151      536C6565 
 1151      7000
 1152              	.LASF8:
 1153 01a2 756E7369 		.ascii	"unsigned int\000"
 1153      676E6564 
 1153      20696E74 
 1153      00
 1154              	.LASF7:
ARM GAS  C:\Users\elias\AppData\Local\Temp\ccYzgeab.s 			page 43


 1155 01af 6C6F6E67 		.ascii	"long long unsigned int\000"
 1155      206C6F6E 
 1155      6720756E 
 1155      7369676E 
 1155      65642069 
 1156              	.LASF18:
 1157 01c6 56444143 		.ascii	"VDAC_LP_SaveConfig\000"
 1157      5F4C505F 
 1157      53617665 
 1157      436F6E66 
 1157      696700
 1158              	.LASF13:
 1159 01d9 72656738 		.ascii	"reg8\000"
 1159      00
 1160              	.LASF6:
 1161 01de 6C6F6E67 		.ascii	"long long int\000"
 1161      206C6F6E 
 1161      6720696E 
 1161      7400
 1162              	.LASF11:
 1163 01ec 63686172 		.ascii	"char\000"
 1163      00
 1164              	.LASF2:
 1165 01f1 73686F72 		.ascii	"short int\000"
 1165      7420696E 
 1165      7400
 1166              	.LASF12:
 1167 01fb 75696E74 		.ascii	"uint8\000"
 1167      3800
 1168              	.LASF20:
 1169 0201 56444143 		.ascii	"VDAC_LP_Stop\000"
 1169      5F4C505F 
 1169      53746F70 
 1169      00
 1170              	.LASF4:
 1171 020e 6C6F6E67 		.ascii	"long int\000"
 1171      20696E74 
 1171      00
 1172              	.LASF14:
 1173 0217 656E6162 		.ascii	"enableState\000"
 1173      6C655374 
 1173      61746500 
 1174              	.LASF0:
 1175 0223 7369676E 		.ascii	"signed char\000"
 1175      65642063 
 1175      68617200 
 1176              	.LASF17:
 1177 022f 56444143 		.ascii	"VDAC_LP_RestoreConfig\000"
 1177      5F4C505F 
 1177      52657374 
 1177      6F726543 
 1177      6F6E6669 
 1178              	.LASF21:
 1179 0245 56444143 		.ascii	"VDAC_LP_Enable\000"
 1179      5F4C505F 
 1179      456E6162 
 1179      6C6500
ARM GAS  C:\Users\elias\AppData\Local\Temp\ccYzgeab.s 			page 44


 1180              		.comm	__gnu_lto_v1,1,1
 1181              		.ident	"GCC: (GNU Tools for ARM Embedded Processors) 5.4.1 20160609 (release) [ARM/embedded-5-bran
