ARM GAS  C:\Users\elias\AppData\Local\Temp\ccBwtA7U.s 			page 1


   1              		.syntax unified
   2              		.cpu cortex-m3
   3              		.fpu softvfp
   4              		.eabi_attribute 20, 1
   5              		.eabi_attribute 21, 1
   6              		.eabi_attribute 23, 3
   7              		.eabi_attribute 24, 1
   8              		.eabi_attribute 25, 1
   9              		.eabi_attribute 26, 1
  10              		.eabi_attribute 30, 1
  11              		.eabi_attribute 34, 1
  12              		.eabi_attribute 18, 4
  13              		.thumb
  14              		.syntax unified
  15              		.file	"Filter_RAM_Data.c"
  16              		.text
  17              	.Ltext0:
  18              		.cfi_sections	.debug_frame
  19              		.global	Filter_cfsm
  20              		.global	Filter_acu
  21              		.global	Filter_data_b
  22              		.global	Filter_data_a
  23              		.global	Filter_control
  24              		.section	.rodata
  25              		.align	2
  26              		.type	Filter_cfsm, %object
  27              		.size	Filter_cfsm, 256
  28              	Filter_cfsm:
  29 0000 21       		.byte	33
  30 0001 F8       		.byte	-8
  31 0002 05       		.byte	5
  32 0003 01       		.byte	1
  33 0004 42       		.byte	66
  34 0005 10       		.byte	16
  35 0006 86       		.byte	-122
  36 0007 40       		.byte	64
  37 0008 64       		.byte	100
  38 0009 F8       		.byte	-8
  39 000a 15       		.byte	21
  40 000b 01       		.byte	1
  41 000c 81       		.byte	-127
  42 000d F8       		.byte	-8
  43 000e 05       		.byte	5
  44 000f 01       		.byte	1
  45 0010 43       		.byte	67
  46 0011 51       		.byte	81
  47 0012 8E       		.byte	-114
  48 0013 21       		.byte	33
  49 0014 00       		.byte	0
  50 0015 00       		.byte	0
  51 0016 00       		.byte	0
  52 0017 00       		.byte	0
  53 0018 00       		.byte	0
  54 0019 00       		.byte	0
  55 001a 00       		.byte	0
  56 001b 00       		.byte	0
  57 001c 00       		.byte	0
ARM GAS  C:\Users\elias\AppData\Local\Temp\ccBwtA7U.s 			page 2


  58 001d 00       		.byte	0
  59 001e 00       		.byte	0
  60 001f 00       		.byte	0
  61 0020 00       		.byte	0
  62 0021 00       		.byte	0
  63 0022 00       		.byte	0
  64 0023 00       		.byte	0
  65 0024 00       		.byte	0
  66 0025 00       		.byte	0
  67 0026 00       		.byte	0
  68 0027 00       		.byte	0
  69 0028 00       		.byte	0
  70 0029 00       		.byte	0
  71 002a 00       		.byte	0
  72 002b 00       		.byte	0
  73 002c 00       		.byte	0
  74 002d 00       		.byte	0
  75 002e 00       		.byte	0
  76 002f 00       		.byte	0
  77 0030 00       		.byte	0
  78 0031 00       		.byte	0
  79 0032 00       		.byte	0
  80 0033 00       		.byte	0
  81 0034 00       		.byte	0
  82 0035 00       		.byte	0
  83 0036 00       		.byte	0
  84 0037 00       		.byte	0
  85 0038 00       		.byte	0
  86 0039 00       		.byte	0
  87 003a 00       		.byte	0
  88 003b 00       		.byte	0
  89 003c 00       		.byte	0
  90 003d 00       		.byte	0
  91 003e 00       		.byte	0
  92 003f 00       		.byte	0
  93 0040 00       		.byte	0
  94 0041 00       		.byte	0
  95 0042 00       		.byte	0
  96 0043 00       		.byte	0
  97 0044 00       		.byte	0
  98 0045 00       		.byte	0
  99 0046 00       		.byte	0
 100 0047 00       		.byte	0
 101 0048 00       		.byte	0
 102 0049 00       		.byte	0
 103 004a 00       		.byte	0
 104 004b 00       		.byte	0
 105 004c 00       		.byte	0
 106 004d 00       		.byte	0
 107 004e 00       		.byte	0
 108 004f 00       		.byte	0
 109 0050 00       		.byte	0
 110 0051 00       		.byte	0
 111 0052 00       		.byte	0
 112 0053 00       		.byte	0
 113 0054 00       		.byte	0
 114 0055 00       		.byte	0
ARM GAS  C:\Users\elias\AppData\Local\Temp\ccBwtA7U.s 			page 3


 115 0056 00       		.byte	0
 116 0057 00       		.byte	0
 117 0058 00       		.byte	0
 118 0059 00       		.byte	0
 119 005a 00       		.byte	0
 120 005b 00       		.byte	0
 121 005c 00       		.byte	0
 122 005d 00       		.byte	0
 123 005e 00       		.byte	0
 124 005f 00       		.byte	0
 125 0060 00       		.byte	0
 126 0061 00       		.byte	0
 127 0062 00       		.byte	0
 128 0063 00       		.byte	0
 129 0064 00       		.byte	0
 130 0065 00       		.byte	0
 131 0066 00       		.byte	0
 132 0067 00       		.byte	0
 133 0068 00       		.byte	0
 134 0069 00       		.byte	0
 135 006a 00       		.byte	0
 136 006b 00       		.byte	0
 137 006c 00       		.byte	0
 138 006d 00       		.byte	0
 139 006e 00       		.byte	0
 140 006f 00       		.byte	0
 141 0070 00       		.byte	0
 142 0071 00       		.byte	0
 143 0072 00       		.byte	0
 144 0073 00       		.byte	0
 145 0074 00       		.byte	0
 146 0075 00       		.byte	0
 147 0076 00       		.byte	0
 148 0077 00       		.byte	0
 149 0078 00       		.byte	0
 150 0079 00       		.byte	0
 151 007a 00       		.byte	0
 152 007b 00       		.byte	0
 153 007c 00       		.byte	0
 154 007d 00       		.byte	0
 155 007e 00       		.byte	0
 156 007f 00       		.byte	0
 157 0080 00       		.byte	0
 158 0081 00       		.byte	0
 159 0082 00       		.byte	0
 160 0083 00       		.byte	0
 161 0084 00       		.byte	0
 162 0085 00       		.byte	0
 163 0086 00       		.byte	0
 164 0087 00       		.byte	0
 165 0088 00       		.byte	0
 166 0089 00       		.byte	0
 167 008a 00       		.byte	0
 168 008b 00       		.byte	0
 169 008c 00       		.byte	0
 170 008d 00       		.byte	0
 171 008e 00       		.byte	0
ARM GAS  C:\Users\elias\AppData\Local\Temp\ccBwtA7U.s 			page 4


 172 008f 00       		.byte	0
 173 0090 00       		.byte	0
 174 0091 00       		.byte	0
 175 0092 00       		.byte	0
 176 0093 00       		.byte	0
 177 0094 00       		.byte	0
 178 0095 00       		.byte	0
 179 0096 00       		.byte	0
 180 0097 00       		.byte	0
 181 0098 00       		.byte	0
 182 0099 00       		.byte	0
 183 009a 00       		.byte	0
 184 009b 00       		.byte	0
 185 009c 00       		.byte	0
 186 009d 00       		.byte	0
 187 009e 00       		.byte	0
 188 009f 00       		.byte	0
 189 00a0 00       		.byte	0
 190 00a1 00       		.byte	0
 191 00a2 00       		.byte	0
 192 00a3 00       		.byte	0
 193 00a4 00       		.byte	0
 194 00a5 00       		.byte	0
 195 00a6 00       		.byte	0
 196 00a7 00       		.byte	0
 197 00a8 00       		.byte	0
 198 00a9 00       		.byte	0
 199 00aa 00       		.byte	0
 200 00ab 00       		.byte	0
 201 00ac 00       		.byte	0
 202 00ad 00       		.byte	0
 203 00ae 00       		.byte	0
 204 00af 00       		.byte	0
 205 00b0 00       		.byte	0
 206 00b1 00       		.byte	0
 207 00b2 00       		.byte	0
 208 00b3 00       		.byte	0
 209 00b4 00       		.byte	0
 210 00b5 00       		.byte	0
 211 00b6 00       		.byte	0
 212 00b7 00       		.byte	0
 213 00b8 00       		.byte	0
 214 00b9 00       		.byte	0
 215 00ba 00       		.byte	0
 216 00bb 00       		.byte	0
 217 00bc 00       		.byte	0
 218 00bd 00       		.byte	0
 219 00be 00       		.byte	0
 220 00bf 00       		.byte	0
 221 00c0 00       		.byte	0
 222 00c1 00       		.byte	0
 223 00c2 00       		.byte	0
 224 00c3 00       		.byte	0
 225 00c4 00       		.byte	0
 226 00c5 00       		.byte	0
 227 00c6 00       		.byte	0
 228 00c7 00       		.byte	0
ARM GAS  C:\Users\elias\AppData\Local\Temp\ccBwtA7U.s 			page 5


 229 00c8 00       		.byte	0
 230 00c9 00       		.byte	0
 231 00ca 00       		.byte	0
 232 00cb 00       		.byte	0
 233 00cc 00       		.byte	0
 234 00cd 00       		.byte	0
 235 00ce 00       		.byte	0
 236 00cf 00       		.byte	0
 237 00d0 00       		.byte	0
 238 00d1 00       		.byte	0
 239 00d2 00       		.byte	0
 240 00d3 00       		.byte	0
 241 00d4 00       		.byte	0
 242 00d5 00       		.byte	0
 243 00d6 00       		.byte	0
 244 00d7 00       		.byte	0
 245 00d8 00       		.byte	0
 246 00d9 00       		.byte	0
 247 00da 00       		.byte	0
 248 00db 00       		.byte	0
 249 00dc 00       		.byte	0
 250 00dd 00       		.byte	0
 251 00de 00       		.byte	0
 252 00df 00       		.byte	0
 253 00e0 00       		.byte	0
 254 00e1 00       		.byte	0
 255 00e2 00       		.byte	0
 256 00e3 00       		.byte	0
 257 00e4 00       		.byte	0
 258 00e5 00       		.byte	0
 259 00e6 00       		.byte	0
 260 00e7 00       		.byte	0
 261 00e8 00       		.byte	0
 262 00e9 00       		.byte	0
 263 00ea 00       		.byte	0
 264 00eb 00       		.byte	0
 265 00ec 00       		.byte	0
 266 00ed 00       		.byte	0
 267 00ee 00       		.byte	0
 268 00ef 00       		.byte	0
 269 00f0 00       		.byte	0
 270 00f1 00       		.byte	0
 271 00f2 00       		.byte	0
 272 00f3 00       		.byte	0
 273 00f4 00       		.byte	0
 274 00f5 00       		.byte	0
 275 00f6 00       		.byte	0
 276 00f7 00       		.byte	0
 277 00f8 00       		.byte	0
 278 00f9 00       		.byte	0
 279 00fa 00       		.byte	0
 280 00fb 00       		.byte	0
 281 00fc 00       		.byte	0
 282 00fd 00       		.byte	0
 283 00fe 00       		.byte	0
 284 00ff 00       		.byte	0
 285              		.type	Filter_acu, %object
ARM GAS  C:\Users\elias\AppData\Local\Temp\ccBwtA7U.s 			page 6


 286              		.size	Filter_acu, 64
 287              	Filter_acu:
 288 0100 FF       		.byte	-1
 289 0101 3F       		.byte	63
 290 0102 00       		.byte	0
 291 0103 00       		.byte	0
 292 0104 00       		.byte	0
 293 0105 00       		.byte	0
 294 0106 00       		.byte	0
 295 0107 00       		.byte	0
 296 0108 00       		.byte	0
 297 0109 00       		.byte	0
 298 010a 00       		.byte	0
 299 010b 00       		.byte	0
 300 010c 00       		.byte	0
 301 010d 00       		.byte	0
 302 010e 00       		.byte	0
 303 010f 00       		.byte	0
 304 0110 00       		.byte	0
 305 0111 00       		.byte	0
 306 0112 00       		.byte	0
 307 0113 00       		.byte	0
 308 0114 00       		.byte	0
 309 0115 00       		.byte	0
 310 0116 00       		.byte	0
 311 0117 00       		.byte	0
 312 0118 00       		.byte	0
 313 0119 00       		.byte	0
 314 011a 00       		.byte	0
 315 011b 00       		.byte	0
 316 011c 00       		.byte	0
 317 011d 00       		.byte	0
 318 011e 00       		.byte	0
 319 011f 00       		.byte	0
 320 0120 00       		.byte	0
 321 0121 00       		.byte	0
 322 0122 00       		.byte	0
 323 0123 00       		.byte	0
 324 0124 00       		.byte	0
 325 0125 00       		.byte	0
 326 0126 00       		.byte	0
 327 0127 00       		.byte	0
 328 0128 00       		.byte	0
 329 0129 00       		.byte	0
 330 012a 00       		.byte	0
 331 012b 00       		.byte	0
 332 012c 00       		.byte	0
 333 012d 00       		.byte	0
 334 012e 00       		.byte	0
 335 012f 00       		.byte	0
 336 0130 00       		.byte	0
 337 0131 00       		.byte	0
 338 0132 00       		.byte	0
 339 0133 00       		.byte	0
 340 0134 00       		.byte	0
 341 0135 00       		.byte	0
 342 0136 00       		.byte	0
ARM GAS  C:\Users\elias\AppData\Local\Temp\ccBwtA7U.s 			page 7


 343 0137 00       		.byte	0
 344 0138 00       		.byte	0
 345 0139 00       		.byte	0
 346 013a 00       		.byte	0
 347 013b 00       		.byte	0
 348 013c 00       		.byte	0
 349 013d 00       		.byte	0
 350 013e 00       		.byte	0
 351 013f 00       		.byte	0
 352              		.type	Filter_data_b, %object
 353              		.size	Filter_data_b, 512
 354              	Filter_data_b:
 355 0140 F7       		.byte	-9
 356 0141 F3       		.byte	-13
 357 0142 FF       		.byte	-1
 358 0143 00       		.byte	0
 359 0144 51       		.byte	81
 360 0145 16       		.byte	22
 361 0146 00       		.byte	0
 362 0147 00       		.byte	0
 363 0148 DF       		.byte	-33
 364 0149 FA       		.byte	-6
 365 014a FF       		.byte	-1
 366 014b 00       		.byte	0
 367 014c D7       		.byte	-41
 368 014d 0E       		.byte	14
 369 014e 00       		.byte	0
 370 014f 00       		.byte	0
 371 0150 52       		.byte	82
 372 0151 EA       		.byte	-22
 373 0152 FF       		.byte	-1
 374 0153 00       		.byte	0
 375 0154 C8       		.byte	-56
 376 0155 0A       		.byte	10
 377 0156 00       		.byte	0
 378 0157 00       		.byte	0
 379 0158 1C       		.byte	28
 380 0159 ED       		.byte	-19
 381 015a FF       		.byte	-1
 382 015b 00       		.byte	0
 383 015c 42       		.byte	66
 384 015d 16       		.byte	22
 385 015e 00       		.byte	0
 386 015f 00       		.byte	0
 387 0160 10       		.byte	16
 388 0161 EB       		.byte	-21
 389 0162 FF       		.byte	-1
 390 0163 00       		.byte	0
 391 0164 B2       		.byte	-78
 392 0165 17       		.byte	23
 393 0166 00       		.byte	0
 394 0167 00       		.byte	0
 395 0168 B8       		.byte	-72
 396 0169 E8       		.byte	-24
 397 016a FF       		.byte	-1
 398 016b 00       		.byte	0
 399 016c 09       		.byte	9
ARM GAS  C:\Users\elias\AppData\Local\Temp\ccBwtA7U.s 			page 8


 400 016d 26       		.byte	38
 401 016e 00       		.byte	0
 402 016f 00       		.byte	0
 403 0170 09       		.byte	9
 404 0171 E4       		.byte	-28
 405 0172 FF       		.byte	-1
 406 0173 00       		.byte	0
 407 0174 91       		.byte	-111
 408 0175 18       		.byte	24
 409 0176 00       		.byte	0
 410 0177 00       		.byte	0
 411 0178 54       		.byte	84
 412 0179 BF       		.byte	-65
 413 017a FF       		.byte	-1
 414 017b 00       		.byte	0
 415 017c A7       		.byte	-89
 416 017d 1D       		.byte	29
 417 017e 00       		.byte	0
 418 017f 00       		.byte	0
 419 0180 2C       		.byte	44
 420 0181 E5       		.byte	-27
 421 0182 FF       		.byte	-1
 422 0183 00       		.byte	0
 423 0184 35       		.byte	53
 424 0185 67       		.byte	103
 425 0186 00       		.byte	0
 426 0187 00       		.byte	0
 427 0188 D3       		.byte	-45
 428 0189 E5       		.byte	-27
 429 018a FF       		.byte	-1
 430 018b 00       		.byte	0
 431 018c E3       		.byte	-29
 432 018d 1F       		.byte	31
 433 018e 00       		.byte	0
 434 018f 00       		.byte	0
 435 0190 B1       		.byte	-79
 436 0191 64       		.byte	100
 437 0192 FF       		.byte	-1
 438 0193 00       		.byte	0
 439 0194 C8       		.byte	-56
 440 0195 0E       		.byte	14
 441 0196 00       		.byte	0
 442 0197 00       		.byte	0
 443 0198 4E       		.byte	78
 444 0199 D5       		.byte	-43
 445 019a FF       		.byte	-1
 446 019b 00       		.byte	0
 447 019c 9B       		.byte	-101
 448 019d DD       		.byte	-35
 449 019e 00       		.byte	0
 450 019f 00       		.byte	0
 451 01a0 F2       		.byte	-14
 452 01a1 06       		.byte	6
 453 01a2 00       		.byte	0
 454 01a3 00       		.byte	0
 455 01a4 3E       		.byte	62
 456 01a5 3F       		.byte	63
ARM GAS  C:\Users\elias\AppData\Local\Temp\ccBwtA7U.s 			page 9


 457 01a6 00       		.byte	0
 458 01a7 00       		.byte	0
 459 01a8 95       		.byte	-107
 460 01a9 D2       		.byte	-46
 461 01aa FE       		.byte	-2
 462 01ab 00       		.byte	0
 463 01ac 75       		.byte	117
 464 01ad D7       		.byte	-41
 465 01ae FF       		.byte	-1
 466 01af 00       		.byte	0
 467 01b0 C6       		.byte	-58
 468 01b1 9D       		.byte	-99
 469 01b2 FF       		.byte	-1
 470 01b3 00       		.byte	0
 471 01b4 B7       		.byte	-73
 472 01b5 88       		.byte	-120
 473 01b6 01       		.byte	1
 474 01b7 00       		.byte	0
 475 01b8 17       		.byte	23
 476 01b9 56       		.byte	86
 477 01ba 00       		.byte	0
 478 01bb 00       		.byte	0
 479 01bc AF       		.byte	-81
 480 01bd 98       		.byte	-104
 481 01be 00       		.byte	0
 482 01bf 00       		.byte	0
 483 01c0 B6       		.byte	-74
 484 01c1 13       		.byte	19
 485 01c2 FE       		.byte	-2
 486 01c3 00       		.byte	0
 487 01c4 46       		.byte	70
 488 01c5 72       		.byte	114
 489 01c6 FF       		.byte	-1
 490 01c7 00       		.byte	0
 491 01c8 7F       		.byte	127
 492 01c9 18       		.byte	24
 493 01ca FF       		.byte	-1
 494 01cb 00       		.byte	0
 495 01cc 37       		.byte	55
 496 01cd 54       		.byte	84
 497 01ce 02       		.byte	2
 498 01cf 00       		.byte	0
 499 01d0 3D       		.byte	61
 500 01d1 CB       		.byte	-53
 501 01d2 00       		.byte	0
 502 01d3 00       		.byte	0
 503 01d4 12       		.byte	18
 504 01d5 53       		.byte	83
 505 01d6 01       		.byte	1
 506 01d7 00       		.byte	0
 507 01d8 6A       		.byte	106
 508 01d9 43       		.byte	67
 509 01da FD       		.byte	-3
 510 01db 00       		.byte	0
 511 01dc 3E       		.byte	62
 512 01dd F8       		.byte	-8
 513 01de FE       		.byte	-2
ARM GAS  C:\Users\elias\AppData\Local\Temp\ccBwtA7U.s 			page 10


 514 01df 00       		.byte	0
 515 01e0 E7       		.byte	-25
 516 01e1 20       		.byte	32
 517 01e2 FE       		.byte	-2
 518 01e3 00       		.byte	0
 519 01e4 9C       		.byte	-100
 520 01e5 22       		.byte	34
 521 01e6 03       		.byte	3
 522 01e7 00       		.byte	0
 523 01e8 6A       		.byte	106
 524 01e9 39       		.byte	57
 525 01ea 01       		.byte	1
 526 01eb 00       		.byte	0
 527 01ec FB       		.byte	-5
 528 01ed 8E       		.byte	-114
 529 01ee 02       		.byte	2
 530 01ef 00       		.byte	0
 531 01f0 D1       		.byte	-47
 532 01f1 79       		.byte	121
 533 01f2 FC       		.byte	-4
 534 01f3 00       		.byte	0
 535 01f4 50       		.byte	80
 536 01f5 AD       		.byte	-83
 537 01f6 FE       		.byte	-2
 538 01f7 00       		.byte	0
 539 01f8 F7       		.byte	-9
 540 01f9 98       		.byte	-104
 541 01fa FC       		.byte	-4
 542 01fb 00       		.byte	0
 543 01fc 67       		.byte	103
 544 01fd EC       		.byte	-20
 545 01fe 03       		.byte	3
 546 01ff 00       		.byte	0
 547 0200 A9       		.byte	-87
 548 0201 40       		.byte	64
 549 0202 01       		.byte	1
 550 0203 00       		.byte	0
 551 0204 C6       		.byte	-58
 552 0205 6F       		.byte	111
 553 0206 04       		.byte	4
 554 0207 00       		.byte	0
 555 0208 9F       		.byte	-97
 556 0209 9B       		.byte	-101
 557 020a FB       		.byte	-5
 558 020b 00       		.byte	0
 559 020c 1D       		.byte	29
 560 020d 1A       		.byte	26
 561 020e FF       		.byte	-1
 562 020f 00       		.byte	0
 563 0210 95       		.byte	-107
 564 0211 41       		.byte	65
 565 0212 FA       		.byte	-6
 566 0213 00       		.byte	0
 567 0214 42       		.byte	66
 568 0215 13       		.byte	19
 569 0216 05       		.byte	5
 570 0217 00       		.byte	0
ARM GAS  C:\Users\elias\AppData\Local\Temp\ccBwtA7U.s 			page 11


 571 0218 3F       		.byte	63
 572 0219 0A       		.byte	10
 573 021a 00       		.byte	0
 574 021b 00       		.byte	0
 575 021c EC       		.byte	-20
 576 021d 8E       		.byte	-114
 577 021e 07       		.byte	7
 578 021f 00       		.byte	0
 579 0220 2D       		.byte	45
 580 0221 A4       		.byte	-92
 581 0222 F9       		.byte	-7
 582 0223 00       		.byte	0
 583 0224 48       		.byte	72
 584 0225 E4       		.byte	-28
 585 0226 01       		.byte	1
 586 0227 00       		.byte	0
 587 0228 8C       		.byte	-116
 588 0229 4E       		.byte	78
 589 022a F5       		.byte	-11
 590 022b 00       		.byte	0
 591 022c F8       		.byte	-8
 592 022d A3       		.byte	-93
 593 022e 09       		.byte	9
 594 022f 00       		.byte	0
 595 0230 52       		.byte	82
 596 0231 A6       		.byte	-90
 597 0232 F8       		.byte	-8
 598 0233 00       		.byte	0
 599 0234 02       		.byte	2
 600 0235 07       		.byte	7
 601 0236 14       		.byte	20
 602 0237 00       		.byte	0
 603 0238 08       		.byte	8
 604 0239 A3       		.byte	-93
 605 023a E4       		.byte	-28
 606 023b 00       		.byte	0
 607 023c 67       		.byte	103
 608 023d 6A       		.byte	106
 609 023e 4D       		.byte	77
 610 023f 00       		.byte	0
 611 0240 67       		.byte	103
 612 0241 6A       		.byte	106
 613 0242 4D       		.byte	77
 614 0243 00       		.byte	0
 615 0244 08       		.byte	8
 616 0245 A3       		.byte	-93
 617 0246 E4       		.byte	-28
 618 0247 00       		.byte	0
 619 0248 02       		.byte	2
 620 0249 07       		.byte	7
 621 024a 14       		.byte	20
 622 024b 00       		.byte	0
 623 024c 52       		.byte	82
 624 024d A6       		.byte	-90
 625 024e F8       		.byte	-8
 626 024f 00       		.byte	0
 627 0250 F8       		.byte	-8
ARM GAS  C:\Users\elias\AppData\Local\Temp\ccBwtA7U.s 			page 12


 628 0251 A3       		.byte	-93
 629 0252 09       		.byte	9
 630 0253 00       		.byte	0
 631 0254 8C       		.byte	-116
 632 0255 4E       		.byte	78
 633 0256 F5       		.byte	-11
 634 0257 00       		.byte	0
 635 0258 48       		.byte	72
 636 0259 E4       		.byte	-28
 637 025a 01       		.byte	1
 638 025b 00       		.byte	0
 639 025c 2D       		.byte	45
 640 025d A4       		.byte	-92
 641 025e F9       		.byte	-7
 642 025f 00       		.byte	0
 643 0260 EC       		.byte	-20
 644 0261 8E       		.byte	-114
 645 0262 07       		.byte	7
 646 0263 00       		.byte	0
 647 0264 3F       		.byte	63
 648 0265 0A       		.byte	10
 649 0266 00       		.byte	0
 650 0267 00       		.byte	0
 651 0268 42       		.byte	66
 652 0269 13       		.byte	19
 653 026a 05       		.byte	5
 654 026b 00       		.byte	0
 655 026c 95       		.byte	-107
 656 026d 41       		.byte	65
 657 026e FA       		.byte	-6
 658 026f 00       		.byte	0
 659 0270 1D       		.byte	29
 660 0271 1A       		.byte	26
 661 0272 FF       		.byte	-1
 662 0273 00       		.byte	0
 663 0274 9F       		.byte	-97
 664 0275 9B       		.byte	-101
 665 0276 FB       		.byte	-5
 666 0277 00       		.byte	0
 667 0278 C6       		.byte	-58
 668 0279 6F       		.byte	111
 669 027a 04       		.byte	4
 670 027b 00       		.byte	0
 671 027c A9       		.byte	-87
 672 027d 40       		.byte	64
 673 027e 01       		.byte	1
 674 027f 00       		.byte	0
 675 0280 67       		.byte	103
 676 0281 EC       		.byte	-20
 677 0282 03       		.byte	3
 678 0283 00       		.byte	0
 679 0284 F7       		.byte	-9
 680 0285 98       		.byte	-104
 681 0286 FC       		.byte	-4
 682 0287 00       		.byte	0
 683 0288 50       		.byte	80
 684 0289 AD       		.byte	-83
ARM GAS  C:\Users\elias\AppData\Local\Temp\ccBwtA7U.s 			page 13


 685 028a FE       		.byte	-2
 686 028b 00       		.byte	0
 687 028c D1       		.byte	-47
 688 028d 79       		.byte	121
 689 028e FC       		.byte	-4
 690 028f 00       		.byte	0
 691 0290 FB       		.byte	-5
 692 0291 8E       		.byte	-114
 693 0292 02       		.byte	2
 694 0293 00       		.byte	0
 695 0294 6A       		.byte	106
 696 0295 39       		.byte	57
 697 0296 01       		.byte	1
 698 0297 00       		.byte	0
 699 0298 9C       		.byte	-100
 700 0299 22       		.byte	34
 701 029a 03       		.byte	3
 702 029b 00       		.byte	0
 703 029c E7       		.byte	-25
 704 029d 20       		.byte	32
 705 029e FE       		.byte	-2
 706 029f 00       		.byte	0
 707 02a0 3E       		.byte	62
 708 02a1 F8       		.byte	-8
 709 02a2 FE       		.byte	-2
 710 02a3 00       		.byte	0
 711 02a4 6A       		.byte	106
 712 02a5 43       		.byte	67
 713 02a6 FD       		.byte	-3
 714 02a7 00       		.byte	0
 715 02a8 12       		.byte	18
 716 02a9 53       		.byte	83
 717 02aa 01       		.byte	1
 718 02ab 00       		.byte	0
 719 02ac 3D       		.byte	61
 720 02ad CB       		.byte	-53
 721 02ae 00       		.byte	0
 722 02af 00       		.byte	0
 723 02b0 37       		.byte	55
 724 02b1 54       		.byte	84
 725 02b2 02       		.byte	2
 726 02b3 00       		.byte	0
 727 02b4 7F       		.byte	127
 728 02b5 18       		.byte	24
 729 02b6 FF       		.byte	-1
 730 02b7 00       		.byte	0
 731 02b8 46       		.byte	70
 732 02b9 72       		.byte	114
 733 02ba FF       		.byte	-1
 734 02bb 00       		.byte	0
 735 02bc B6       		.byte	-74
 736 02bd 13       		.byte	19
 737 02be FE       		.byte	-2
 738 02bf 00       		.byte	0
 739 02c0 AF       		.byte	-81
 740 02c1 98       		.byte	-104
 741 02c2 00       		.byte	0
ARM GAS  C:\Users\elias\AppData\Local\Temp\ccBwtA7U.s 			page 14


 742 02c3 00       		.byte	0
 743 02c4 17       		.byte	23
 744 02c5 56       		.byte	86
 745 02c6 00       		.byte	0
 746 02c7 00       		.byte	0
 747 02c8 B7       		.byte	-73
 748 02c9 88       		.byte	-120
 749 02ca 01       		.byte	1
 750 02cb 00       		.byte	0
 751 02cc C6       		.byte	-58
 752 02cd 9D       		.byte	-99
 753 02ce FF       		.byte	-1
 754 02cf 00       		.byte	0
 755 02d0 75       		.byte	117
 756 02d1 D7       		.byte	-41
 757 02d2 FF       		.byte	-1
 758 02d3 00       		.byte	0
 759 02d4 95       		.byte	-107
 760 02d5 D2       		.byte	-46
 761 02d6 FE       		.byte	-2
 762 02d7 00       		.byte	0
 763 02d8 3E       		.byte	62
 764 02d9 3F       		.byte	63
 765 02da 00       		.byte	0
 766 02db 00       		.byte	0
 767 02dc F2       		.byte	-14
 768 02dd 06       		.byte	6
 769 02de 00       		.byte	0
 770 02df 00       		.byte	0
 771 02e0 9B       		.byte	-101
 772 02e1 DD       		.byte	-35
 773 02e2 00       		.byte	0
 774 02e3 00       		.byte	0
 775 02e4 4E       		.byte	78
 776 02e5 D5       		.byte	-43
 777 02e6 FF       		.byte	-1
 778 02e7 00       		.byte	0
 779 02e8 C8       		.byte	-56
 780 02e9 0E       		.byte	14
 781 02ea 00       		.byte	0
 782 02eb 00       		.byte	0
 783 02ec B1       		.byte	-79
 784 02ed 64       		.byte	100
 785 02ee FF       		.byte	-1
 786 02ef 00       		.byte	0
 787 02f0 E3       		.byte	-29
 788 02f1 1F       		.byte	31
 789 02f2 00       		.byte	0
 790 02f3 00       		.byte	0
 791 02f4 D3       		.byte	-45
 792 02f5 E5       		.byte	-27
 793 02f6 FF       		.byte	-1
 794 02f7 00       		.byte	0
 795 02f8 35       		.byte	53
 796 02f9 67       		.byte	103
 797 02fa 00       		.byte	0
 798 02fb 00       		.byte	0
ARM GAS  C:\Users\elias\AppData\Local\Temp\ccBwtA7U.s 			page 15


 799 02fc 2C       		.byte	44
 800 02fd E5       		.byte	-27
 801 02fe FF       		.byte	-1
 802 02ff 00       		.byte	0
 803 0300 A7       		.byte	-89
 804 0301 1D       		.byte	29
 805 0302 00       		.byte	0
 806 0303 00       		.byte	0
 807 0304 54       		.byte	84
 808 0305 BF       		.byte	-65
 809 0306 FF       		.byte	-1
 810 0307 00       		.byte	0
 811 0308 91       		.byte	-111
 812 0309 18       		.byte	24
 813 030a 00       		.byte	0
 814 030b 00       		.byte	0
 815 030c 09       		.byte	9
 816 030d E4       		.byte	-28
 817 030e FF       		.byte	-1
 818 030f 00       		.byte	0
 819 0310 09       		.byte	9
 820 0311 26       		.byte	38
 821 0312 00       		.byte	0
 822 0313 00       		.byte	0
 823 0314 B8       		.byte	-72
 824 0315 E8       		.byte	-24
 825 0316 FF       		.byte	-1
 826 0317 00       		.byte	0
 827 0318 B2       		.byte	-78
 828 0319 17       		.byte	23
 829 031a 00       		.byte	0
 830 031b 00       		.byte	0
 831 031c 10       		.byte	16
 832 031d EB       		.byte	-21
 833 031e FF       		.byte	-1
 834 031f 00       		.byte	0
 835 0320 42       		.byte	66
 836 0321 16       		.byte	22
 837 0322 00       		.byte	0
 838 0323 00       		.byte	0
 839 0324 1C       		.byte	28
 840 0325 ED       		.byte	-19
 841 0326 FF       		.byte	-1
 842 0327 00       		.byte	0
 843 0328 C8       		.byte	-56
 844 0329 0A       		.byte	10
 845 032a 00       		.byte	0
 846 032b 00       		.byte	0
 847 032c 52       		.byte	82
 848 032d EA       		.byte	-22
 849 032e FF       		.byte	-1
 850 032f 00       		.byte	0
 851 0330 D7       		.byte	-41
 852 0331 0E       		.byte	14
 853 0332 00       		.byte	0
 854 0333 00       		.byte	0
 855 0334 DF       		.byte	-33
ARM GAS  C:\Users\elias\AppData\Local\Temp\ccBwtA7U.s 			page 16


 856 0335 FA       		.byte	-6
 857 0336 FF       		.byte	-1
 858 0337 00       		.byte	0
 859 0338 51       		.byte	81
 860 0339 16       		.byte	22
 861 033a 00       		.byte	0
 862 033b 00       		.byte	0
 863 033c F7       		.byte	-9
 864 033d F3       		.byte	-13
 865 033e FF       		.byte	-1
 866 033f 00       		.byte	0
 867              		.type	Filter_data_a, %object
 868              		.size	Filter_data_a, 512
 869              	Filter_data_a:
 870 0340 00000000 		.space	512
 870      00000000 
 870      00000000 
 870      00000000 
 870      00000000 
 871              		.type	Filter_control, %object
 872              		.size	Filter_control, 256
 873              	Filter_control:
 874 0540 20       		.byte	32
 875 0541 13       		.byte	19
 876 0542 00       		.byte	0
 877 0543 25       		.byte	37
 878 0544 61       		.byte	97
 879 0545 17       		.byte	23
 880 0546 80       		.byte	-128
 881 0547 26       		.byte	38
 882 0548 01       		.byte	1
 883 0549 00       		.byte	0
 884 054a 80       		.byte	-128
 885 054b 26       		.byte	38
 886 054c E0       		.byte	-32
 887 054d 0E       		.byte	14
 888 054e 80       		.byte	-128
 889 054f 26       		.byte	38
 890 0550 C2       		.byte	-62
 891 0551 0C       		.byte	12
 892 0552 80       		.byte	-128
 893 0553 26       		.byte	38
 894 0554 02       		.byte	2
 895 0555 00       		.byte	0
 896 0556 80       		.byte	-128
 897 0557 06       		.byte	6
 898 0558 65       		.byte	101
 899 0559 87       		.byte	-121
 900 055a 18       		.byte	24
 901 055b 6D       		.byte	109
 902 055c 64       		.byte	100
 903 055d 09       		.byte	9
 904 055e 18       		.byte	24
 905 055f 3E       		.byte	62
 906 0560 00       		.byte	0
 907 0561 00       		.byte	0
 908 0562 80       		.byte	-128
ARM GAS  C:\Users\elias\AppData\Local\Temp\ccBwtA7U.s 			page 17


 909 0563 26       		.byte	38
 910 0564 03       		.byte	3
 911 0565 20       		.byte	32
 912 0566 80       		.byte	-128
 913 0567 26       		.byte	38
 914 0568 21       		.byte	33
 915 0569 02       		.byte	2
 916 056a 18       		.byte	24
 917 056b 7F       		.byte	127
 918 056c 00       		.byte	0
 919 056d 00       		.byte	0
 920 056e 00       		.byte	0
 921 056f 00       		.byte	0
 922 0570 00       		.byte	0
 923 0571 00       		.byte	0
 924 0572 00       		.byte	0
 925 0573 00       		.byte	0
 926 0574 00       		.byte	0
 927 0575 00       		.byte	0
 928 0576 00       		.byte	0
 929 0577 00       		.byte	0
 930 0578 00       		.byte	0
 931 0579 00       		.byte	0
 932 057a 00       		.byte	0
 933 057b 00       		.byte	0
 934 057c 00       		.byte	0
 935 057d 00       		.byte	0
 936 057e 00       		.byte	0
 937 057f 00       		.byte	0
 938 0580 00       		.byte	0
 939 0581 00       		.byte	0
 940 0582 00       		.byte	0
 941 0583 00       		.byte	0
 942 0584 00       		.byte	0
 943 0585 00       		.byte	0
 944 0586 00       		.byte	0
 945 0587 00       		.byte	0
 946 0588 00       		.byte	0
 947 0589 00       		.byte	0
 948 058a 00       		.byte	0
 949 058b 00       		.byte	0
 950 058c 00       		.byte	0
 951 058d 00       		.byte	0
 952 058e 00       		.byte	0
 953 058f 00       		.byte	0
 954 0590 00       		.byte	0
 955 0591 00       		.byte	0
 956 0592 00       		.byte	0
 957 0593 00       		.byte	0
 958 0594 00       		.byte	0
 959 0595 00       		.byte	0
 960 0596 00       		.byte	0
 961 0597 00       		.byte	0
 962 0598 00       		.byte	0
 963 0599 00       		.byte	0
 964 059a 00       		.byte	0
 965 059b 00       		.byte	0
ARM GAS  C:\Users\elias\AppData\Local\Temp\ccBwtA7U.s 			page 18


 966 059c 00       		.byte	0
 967 059d 00       		.byte	0
 968 059e 00       		.byte	0
 969 059f 00       		.byte	0
 970 05a0 00       		.byte	0
 971 05a1 00       		.byte	0
 972 05a2 00       		.byte	0
 973 05a3 00       		.byte	0
 974 05a4 00       		.byte	0
 975 05a5 00       		.byte	0
 976 05a6 00       		.byte	0
 977 05a7 00       		.byte	0
 978 05a8 00       		.byte	0
 979 05a9 00       		.byte	0
 980 05aa 00       		.byte	0
 981 05ab 00       		.byte	0
 982 05ac 00       		.byte	0
 983 05ad 00       		.byte	0
 984 05ae 00       		.byte	0
 985 05af 00       		.byte	0
 986 05b0 00       		.byte	0
 987 05b1 00       		.byte	0
 988 05b2 00       		.byte	0
 989 05b3 00       		.byte	0
 990 05b4 00       		.byte	0
 991 05b5 00       		.byte	0
 992 05b6 00       		.byte	0
 993 05b7 00       		.byte	0
 994 05b8 00       		.byte	0
 995 05b9 00       		.byte	0
 996 05ba 00       		.byte	0
 997 05bb 00       		.byte	0
 998 05bc 00       		.byte	0
 999 05bd 00       		.byte	0
 1000 05be 00       		.byte	0
 1001 05bf 00       		.byte	0
 1002 05c0 00       		.byte	0
 1003 05c1 00       		.byte	0
 1004 05c2 00       		.byte	0
 1005 05c3 00       		.byte	0
 1006 05c4 00       		.byte	0
 1007 05c5 00       		.byte	0
 1008 05c6 00       		.byte	0
 1009 05c7 00       		.byte	0
 1010 05c8 00       		.byte	0
 1011 05c9 00       		.byte	0
 1012 05ca 00       		.byte	0
 1013 05cb 00       		.byte	0
 1014 05cc 00       		.byte	0
 1015 05cd 00       		.byte	0
 1016 05ce 00       		.byte	0
 1017 05cf 00       		.byte	0
 1018 05d0 00       		.byte	0
 1019 05d1 00       		.byte	0
 1020 05d2 00       		.byte	0
 1021 05d3 00       		.byte	0
 1022 05d4 00       		.byte	0
ARM GAS  C:\Users\elias\AppData\Local\Temp\ccBwtA7U.s 			page 19


 1023 05d5 00       		.byte	0
 1024 05d6 00       		.byte	0
 1025 05d7 00       		.byte	0
 1026 05d8 00       		.byte	0
 1027 05d9 00       		.byte	0
 1028 05da 00       		.byte	0
 1029 05db 00       		.byte	0
 1030 05dc 00       		.byte	0
 1031 05dd 00       		.byte	0
 1032 05de 00       		.byte	0
 1033 05df 00       		.byte	0
 1034 05e0 00       		.byte	0
 1035 05e1 00       		.byte	0
 1036 05e2 00       		.byte	0
 1037 05e3 00       		.byte	0
 1038 05e4 00       		.byte	0
 1039 05e5 00       		.byte	0
 1040 05e6 00       		.byte	0
 1041 05e7 00       		.byte	0
 1042 05e8 00       		.byte	0
 1043 05e9 00       		.byte	0
 1044 05ea 00       		.byte	0
 1045 05eb 00       		.byte	0
 1046 05ec 00       		.byte	0
 1047 05ed 00       		.byte	0
 1048 05ee 00       		.byte	0
 1049 05ef 00       		.byte	0
 1050 05f0 00       		.byte	0
 1051 05f1 00       		.byte	0
 1052 05f2 00       		.byte	0
 1053 05f3 00       		.byte	0
 1054 05f4 00       		.byte	0
 1055 05f5 00       		.byte	0
 1056 05f6 00       		.byte	0
 1057 05f7 00       		.byte	0
 1058 05f8 00       		.byte	0
 1059 05f9 00       		.byte	0
 1060 05fa 00       		.byte	0
 1061 05fb 00       		.byte	0
 1062 05fc 00       		.byte	0
 1063 05fd 00       		.byte	0
 1064 05fe 00       		.byte	0
 1065 05ff 00       		.byte	0
 1066 0600 00       		.byte	0
 1067 0601 00       		.byte	0
 1068 0602 00       		.byte	0
 1069 0603 00       		.byte	0
 1070 0604 00       		.byte	0
 1071 0605 00       		.byte	0
 1072 0606 00       		.byte	0
 1073 0607 00       		.byte	0
 1074 0608 00       		.byte	0
 1075 0609 00       		.byte	0
 1076 060a 00       		.byte	0
 1077 060b 00       		.byte	0
 1078 060c 00       		.byte	0
 1079 060d 00       		.byte	0
ARM GAS  C:\Users\elias\AppData\Local\Temp\ccBwtA7U.s 			page 20


 1080 060e 00       		.byte	0
 1081 060f 00       		.byte	0
 1082 0610 00       		.byte	0
 1083 0611 00       		.byte	0
 1084 0612 00       		.byte	0
 1085 0613 00       		.byte	0
 1086 0614 00       		.byte	0
 1087 0615 00       		.byte	0
 1088 0616 00       		.byte	0
 1089 0617 00       		.byte	0
 1090 0618 00       		.byte	0
 1091 0619 00       		.byte	0
 1092 061a 00       		.byte	0
 1093 061b 00       		.byte	0
 1094 061c 00       		.byte	0
 1095 061d 00       		.byte	0
 1096 061e 00       		.byte	0
 1097 061f 00       		.byte	0
 1098 0620 00       		.byte	0
 1099 0621 00       		.byte	0
 1100 0622 00       		.byte	0
 1101 0623 00       		.byte	0
 1102 0624 00       		.byte	0
 1103 0625 00       		.byte	0
 1104 0626 00       		.byte	0
 1105 0627 00       		.byte	0
 1106 0628 00       		.byte	0
 1107 0629 00       		.byte	0
 1108 062a 00       		.byte	0
 1109 062b 00       		.byte	0
 1110 062c 00       		.byte	0
 1111 062d 00       		.byte	0
 1112 062e 00       		.byte	0
 1113 062f 00       		.byte	0
 1114 0630 00       		.byte	0
 1115 0631 00       		.byte	0
 1116 0632 00       		.byte	0
 1117 0633 00       		.byte	0
 1118 0634 00       		.byte	0
 1119 0635 00       		.byte	0
 1120 0636 00       		.byte	0
 1121 0637 00       		.byte	0
 1122 0638 00       		.byte	0
 1123 0639 00       		.byte	0
 1124 063a 00       		.byte	0
 1125 063b 00       		.byte	0
 1126 063c 00       		.byte	0
 1127 063d 00       		.byte	0
 1128 063e 00       		.byte	0
 1129 063f 00       		.byte	0
 1130              		.text
 1131              	.Letext0:
 1132              		.file 1 "Generated_Source\\PSoC5\\Filter_RAM_Data.c"
 1133              		.file 2 "Generated_Source\\PSoC5\\cytypes.h"
 1134              		.section	.debug_info,"",%progbits
 1135              	.Ldebug_info0:
 1136 0000 33010000 		.4byte	0x133
ARM GAS  C:\Users\elias\AppData\Local\Temp\ccBwtA7U.s 			page 21


 1137 0004 0400     		.2byte	0x4
 1138 0006 00000000 		.4byte	.Ldebug_abbrev0
 1139 000a 04       		.byte	0x4
 1140 000b 01       		.uleb128 0x1
 1141 000c 5D000000 		.4byte	.LASF19
 1142 0010 0C       		.byte	0xc
 1143 0011 20010000 		.4byte	.LASF20
 1144 0015 26000000 		.4byte	.LASF21
 1145 0019 00000000 		.4byte	.Ldebug_line0
 1146 001d 02       		.uleb128 0x2
 1147 001e 04       		.byte	0x4
 1148 001f 05       		.byte	0x5
 1149 0020 696E7400 		.ascii	"int\000"
 1150 0024 03       		.uleb128 0x3
 1151 0025 04       		.byte	0x4
 1152 0026 07       		.byte	0x7
 1153 0027 0E000000 		.4byte	.LASF0
 1154 002b 03       		.uleb128 0x3
 1155 002c 08       		.byte	0x8
 1156 002d 05       		.byte	0x5
 1157 002e 00000000 		.4byte	.LASF1
 1158 0032 03       		.uleb128 0x3
 1159 0033 08       		.byte	0x8
 1160 0034 04       		.byte	0x4
 1161 0035 B6010000 		.4byte	.LASF2
 1162 0039 03       		.uleb128 0x3
 1163 003a 01       		.byte	0x1
 1164 003b 06       		.byte	0x6
 1165 003c 9B010000 		.4byte	.LASF3
 1166 0040 03       		.uleb128 0x3
 1167 0041 01       		.byte	0x1
 1168 0042 08       		.byte	0x8
 1169 0043 49010000 		.4byte	.LASF4
 1170 0047 03       		.uleb128 0x3
 1171 0048 02       		.byte	0x2
 1172 0049 05       		.byte	0x5
 1173 004a C2010000 		.4byte	.LASF5
 1174 004e 03       		.uleb128 0x3
 1175 004f 02       		.byte	0x2
 1176 0050 07       		.byte	0x7
 1177 0051 88010000 		.4byte	.LASF6
 1178 0055 03       		.uleb128 0x3
 1179 0056 04       		.byte	0x4
 1180 0057 05       		.byte	0x5
 1181 0058 5C010000 		.4byte	.LASF7
 1182 005c 03       		.uleb128 0x3
 1183 005d 04       		.byte	0x4
 1184 005e 07       		.byte	0x7
 1185 005f F1000000 		.4byte	.LASF8
 1186 0063 03       		.uleb128 0x3
 1187 0064 08       		.byte	0x8
 1188 0065 07       		.byte	0x7
 1189 0066 03010000 		.4byte	.LASF9
 1190 006a 03       		.uleb128 0x3
 1191 006b 04       		.byte	0x4
 1192 006c 07       		.byte	0x7
 1193 006d D8010000 		.4byte	.LASF10
ARM GAS  C:\Users\elias\AppData\Local\Temp\ccBwtA7U.s 			page 22


 1194 0071 03       		.uleb128 0x3
 1195 0072 01       		.byte	0x1
 1196 0073 08       		.byte	0x8
 1197 0074 57010000 		.4byte	.LASF11
 1198 0078 04       		.uleb128 0x4
 1199 0079 EB000000 		.4byte	.LASF22
 1200 007d 02       		.byte	0x2
 1201 007e E901     		.2byte	0x1e9
 1202 0080 40000000 		.4byte	0x40
 1203 0084 03       		.uleb128 0x3
 1204 0085 04       		.byte	0x4
 1205 0086 04       		.byte	0x4
 1206 0087 1A010000 		.4byte	.LASF12
 1207 008b 03       		.uleb128 0x3
 1208 008c 08       		.byte	0x8
 1209 008d 04       		.byte	0x4
 1210 008e 65010000 		.4byte	.LASF13
 1211 0092 05       		.uleb128 0x5
 1212 0093 A2000000 		.4byte	0xa2
 1213 0097 A2000000 		.4byte	0xa2
 1214 009b 06       		.uleb128 0x6
 1215 009c 6A000000 		.4byte	0x6a
 1216 00a0 FF       		.byte	0xff
 1217 00a1 00       		.byte	0
 1218 00a2 07       		.uleb128 0x7
 1219 00a3 78000000 		.4byte	0x78
 1220 00a7 08       		.uleb128 0x8
 1221 00a8 A7010000 		.4byte	.LASF14
 1222 00ac 01       		.byte	0x1
 1223 00ad 04       		.byte	0x4
 1224 00ae B8000000 		.4byte	0xb8
 1225 00b2 05       		.uleb128 0x5
 1226 00b3 03       		.byte	0x3
 1227 00b4 00000000 		.4byte	Filter_control
 1228 00b8 07       		.uleb128 0x7
 1229 00b9 92000000 		.4byte	0x92
 1230 00bd 05       		.uleb128 0x5
 1231 00be A2000000 		.4byte	0xa2
 1232 00c2 CE000000 		.4byte	0xce
 1233 00c6 09       		.uleb128 0x9
 1234 00c7 6A000000 		.4byte	0x6a
 1235 00cb FF01     		.2byte	0x1ff
 1236 00cd 00       		.byte	0
 1237 00ce 08       		.uleb128 0x8
 1238 00cf 6C010000 		.4byte	.LASF15
 1239 00d3 01       		.byte	0x1
 1240 00d4 28       		.byte	0x28
 1241 00d5 DF000000 		.4byte	0xdf
 1242 00d9 05       		.uleb128 0x5
 1243 00da 03       		.byte	0x3
 1244 00db 00000000 		.4byte	Filter_data_a
 1245 00df 07       		.uleb128 0x7
 1246 00e0 BD000000 		.4byte	0xbd
 1247 00e4 08       		.uleb128 0x8
 1248 00e5 7A010000 		.4byte	.LASF16
 1249 00e9 01       		.byte	0x1
 1250 00ea 6C       		.byte	0x6c
ARM GAS  C:\Users\elias\AppData\Local\Temp\ccBwtA7U.s 			page 23


 1251 00eb F5000000 		.4byte	0xf5
 1252 00ef 05       		.uleb128 0x5
 1253 00f0 03       		.byte	0x3
 1254 00f1 00000000 		.4byte	Filter_data_b
 1255 00f5 07       		.uleb128 0x7
 1256 00f6 BD000000 		.4byte	0xbd
 1257 00fa 08       		.uleb128 0x8
 1258 00fb CC010000 		.4byte	.LASF17
 1259 00ff 01       		.byte	0x1
 1260 0100 BC       		.byte	0xbc
 1261 0101 0B010000 		.4byte	0x10b
 1262 0105 05       		.uleb128 0x5
 1263 0106 03       		.byte	0x3
 1264 0107 00000000 		.4byte	Filter_cfsm
 1265 010b 07       		.uleb128 0x7
 1266 010c 92000000 		.4byte	0x92
 1267 0110 05       		.uleb128 0x5
 1268 0111 A2000000 		.4byte	0xa2
 1269 0115 20010000 		.4byte	0x120
 1270 0119 06       		.uleb128 0x6
 1271 011a 6A000000 		.4byte	0x6a
 1272 011e 3F       		.byte	0x3f
 1273 011f 00       		.byte	0
 1274 0120 08       		.uleb128 0x8
 1275 0121 1B000000 		.4byte	.LASF18
 1276 0125 01       		.byte	0x1
 1277 0126 B0       		.byte	0xb0
 1278 0127 31010000 		.4byte	0x131
 1279 012b 05       		.uleb128 0x5
 1280 012c 03       		.byte	0x3
 1281 012d 00000000 		.4byte	Filter_acu
 1282 0131 07       		.uleb128 0x7
 1283 0132 10010000 		.4byte	0x110
 1284 0136 00       		.byte	0
 1285              		.section	.debug_abbrev,"",%progbits
 1286              	.Ldebug_abbrev0:
 1287 0000 01       		.uleb128 0x1
 1288 0001 11       		.uleb128 0x11
 1289 0002 01       		.byte	0x1
 1290 0003 25       		.uleb128 0x25
 1291 0004 0E       		.uleb128 0xe
 1292 0005 13       		.uleb128 0x13
 1293 0006 0B       		.uleb128 0xb
 1294 0007 03       		.uleb128 0x3
 1295 0008 0E       		.uleb128 0xe
 1296 0009 1B       		.uleb128 0x1b
 1297 000a 0E       		.uleb128 0xe
 1298 000b 10       		.uleb128 0x10
 1299 000c 17       		.uleb128 0x17
 1300 000d 00       		.byte	0
 1301 000e 00       		.byte	0
 1302 000f 02       		.uleb128 0x2
 1303 0010 24       		.uleb128 0x24
 1304 0011 00       		.byte	0
 1305 0012 0B       		.uleb128 0xb
 1306 0013 0B       		.uleb128 0xb
 1307 0014 3E       		.uleb128 0x3e
ARM GAS  C:\Users\elias\AppData\Local\Temp\ccBwtA7U.s 			page 24


 1308 0015 0B       		.uleb128 0xb
 1309 0016 03       		.uleb128 0x3
 1310 0017 08       		.uleb128 0x8
 1311 0018 00       		.byte	0
 1312 0019 00       		.byte	0
 1313 001a 03       		.uleb128 0x3
 1314 001b 24       		.uleb128 0x24
 1315 001c 00       		.byte	0
 1316 001d 0B       		.uleb128 0xb
 1317 001e 0B       		.uleb128 0xb
 1318 001f 3E       		.uleb128 0x3e
 1319 0020 0B       		.uleb128 0xb
 1320 0021 03       		.uleb128 0x3
 1321 0022 0E       		.uleb128 0xe
 1322 0023 00       		.byte	0
 1323 0024 00       		.byte	0
 1324 0025 04       		.uleb128 0x4
 1325 0026 16       		.uleb128 0x16
 1326 0027 00       		.byte	0
 1327 0028 03       		.uleb128 0x3
 1328 0029 0E       		.uleb128 0xe
 1329 002a 3A       		.uleb128 0x3a
 1330 002b 0B       		.uleb128 0xb
 1331 002c 3B       		.uleb128 0x3b
 1332 002d 05       		.uleb128 0x5
 1333 002e 49       		.uleb128 0x49
 1334 002f 13       		.uleb128 0x13
 1335 0030 00       		.byte	0
 1336 0031 00       		.byte	0
 1337 0032 05       		.uleb128 0x5
 1338 0033 01       		.uleb128 0x1
 1339 0034 01       		.byte	0x1
 1340 0035 49       		.uleb128 0x49
 1341 0036 13       		.uleb128 0x13
 1342 0037 01       		.uleb128 0x1
 1343 0038 13       		.uleb128 0x13
 1344 0039 00       		.byte	0
 1345 003a 00       		.byte	0
 1346 003b 06       		.uleb128 0x6
 1347 003c 21       		.uleb128 0x21
 1348 003d 00       		.byte	0
 1349 003e 49       		.uleb128 0x49
 1350 003f 13       		.uleb128 0x13
 1351 0040 2F       		.uleb128 0x2f
 1352 0041 0B       		.uleb128 0xb
 1353 0042 00       		.byte	0
 1354 0043 00       		.byte	0
 1355 0044 07       		.uleb128 0x7
 1356 0045 26       		.uleb128 0x26
 1357 0046 00       		.byte	0
 1358 0047 49       		.uleb128 0x49
 1359 0048 13       		.uleb128 0x13
 1360 0049 00       		.byte	0
 1361 004a 00       		.byte	0
 1362 004b 08       		.uleb128 0x8
 1363 004c 34       		.uleb128 0x34
 1364 004d 00       		.byte	0
ARM GAS  C:\Users\elias\AppData\Local\Temp\ccBwtA7U.s 			page 25


 1365 004e 03       		.uleb128 0x3
 1366 004f 0E       		.uleb128 0xe
 1367 0050 3A       		.uleb128 0x3a
 1368 0051 0B       		.uleb128 0xb
 1369 0052 3B       		.uleb128 0x3b
 1370 0053 0B       		.uleb128 0xb
 1371 0054 49       		.uleb128 0x49
 1372 0055 13       		.uleb128 0x13
 1373 0056 3F       		.uleb128 0x3f
 1374 0057 19       		.uleb128 0x19
 1375 0058 02       		.uleb128 0x2
 1376 0059 18       		.uleb128 0x18
 1377 005a 00       		.byte	0
 1378 005b 00       		.byte	0
 1379 005c 09       		.uleb128 0x9
 1380 005d 21       		.uleb128 0x21
 1381 005e 00       		.byte	0
 1382 005f 49       		.uleb128 0x49
 1383 0060 13       		.uleb128 0x13
 1384 0061 2F       		.uleb128 0x2f
 1385 0062 05       		.uleb128 0x5
 1386 0063 00       		.byte	0
 1387 0064 00       		.byte	0
 1388 0065 00       		.byte	0
 1389              		.section	.debug_aranges,"",%progbits
 1390 0000 14000000 		.4byte	0x14
 1391 0004 0200     		.2byte	0x2
 1392 0006 00000000 		.4byte	.Ldebug_info0
 1393 000a 04       		.byte	0x4
 1394 000b 00       		.byte	0
 1395 000c 0000     		.2byte	0
 1396 000e 0000     		.2byte	0
 1397 0010 00000000 		.4byte	0
 1398 0014 00000000 		.4byte	0
 1399              		.section	.debug_line,"",%progbits
 1400              	.Ldebug_line0:
 1401 0000 52000000 		.section	.debug_str,"MS",%progbits,1
 1401      02004C00 
 1401      00000201 
 1401      FB0E0D00 
 1401      01010101 
 1402              	.LASF1:
 1403 0000 6C6F6E67 		.ascii	"long long int\000"
 1403      206C6F6E 
 1403      6720696E 
 1403      7400
 1404              	.LASF0:
 1405 000e 756E7369 		.ascii	"unsigned int\000"
 1405      676E6564 
 1405      20696E74 
 1405      00
 1406              	.LASF18:
 1407 001b 46696C74 		.ascii	"Filter_acu\000"
 1407      65725F61 
 1407      637500
 1408              	.LASF21:
 1409 0026 433A5C47 		.ascii	"C:\\Github\\Tesis\\src\\psoc\\ComparacionSimplifica"
ARM GAS  C:\Users\elias\AppData\Local\Temp\ccBwtA7U.s 			page 26


 1409      69746875 
 1409      625C5465 
 1409      7369735C 
 1409      7372635C 
 1410 0054 64612E63 		.ascii	"da.cydsn\000"
 1410      7964736E 
 1410      00
 1411              	.LASF19:
 1412 005d 474E5520 		.ascii	"GNU C11 5.4.1 20160609 (release) [ARM/embedded-5-br"
 1412      43313120 
 1412      352E342E 
 1412      31203230 
 1412      31363036 
 1413 0090 616E6368 		.ascii	"anch revision 237715] -mcpu=cortex-m3 -mthumb -g -O"
 1413      20726576 
 1413      6973696F 
 1413      6E203233 
 1413      37373135 
 1414 00c3 67202D66 		.ascii	"g -ffunction-sections -ffat-lto-objects\000"
 1414      66756E63 
 1414      74696F6E 
 1414      2D736563 
 1414      74696F6E 
 1415              	.LASF22:
 1416 00eb 75696E74 		.ascii	"uint8\000"
 1416      3800
 1417              	.LASF8:
 1418 00f1 6C6F6E67 		.ascii	"long unsigned int\000"
 1418      20756E73 
 1418      69676E65 
 1418      6420696E 
 1418      7400
 1419              	.LASF9:
 1420 0103 6C6F6E67 		.ascii	"long long unsigned int\000"
 1420      206C6F6E 
 1420      6720756E 
 1420      7369676E 
 1420      65642069 
 1421              	.LASF12:
 1422 011a 666C6F61 		.ascii	"float\000"
 1422      7400
 1423              	.LASF20:
 1424 0120 47656E65 		.ascii	"Generated_Source\\PSoC5\\Filter_RAM_Data.c\000"
 1424      72617465 
 1424      645F536F 
 1424      75726365 
 1424      5C50536F 
 1425              	.LASF4:
 1426 0149 756E7369 		.ascii	"unsigned char\000"
 1426      676E6564 
 1426      20636861 
 1426      7200
 1427              	.LASF11:
 1428 0157 63686172 		.ascii	"char\000"
 1428      00
 1429              	.LASF7:
 1430 015c 6C6F6E67 		.ascii	"long int\000"
ARM GAS  C:\Users\elias\AppData\Local\Temp\ccBwtA7U.s 			page 27


 1430      20696E74 
 1430      00
 1431              	.LASF13:
 1432 0165 646F7562 		.ascii	"double\000"
 1432      6C6500
 1433              	.LASF15:
 1434 016c 46696C74 		.ascii	"Filter_data_a\000"
 1434      65725F64 
 1434      6174615F 
 1434      6100
 1435              	.LASF16:
 1436 017a 46696C74 		.ascii	"Filter_data_b\000"
 1436      65725F64 
 1436      6174615F 
 1436      6200
 1437              	.LASF6:
 1438 0188 73686F72 		.ascii	"short unsigned int\000"
 1438      7420756E 
 1438      7369676E 
 1438      65642069 
 1438      6E7400
 1439              	.LASF3:
 1440 019b 7369676E 		.ascii	"signed char\000"
 1440      65642063 
 1440      68617200 
 1441              	.LASF14:
 1442 01a7 46696C74 		.ascii	"Filter_control\000"
 1442      65725F63 
 1442      6F6E7472 
 1442      6F6C00
 1443              	.LASF2:
 1444 01b6 6C6F6E67 		.ascii	"long double\000"
 1444      20646F75 
 1444      626C6500 
 1445              	.LASF5:
 1446 01c2 73686F72 		.ascii	"short int\000"
 1446      7420696E 
 1446      7400
 1447              	.LASF17:
 1448 01cc 46696C74 		.ascii	"Filter_cfsm\000"
 1448      65725F63 
 1448      66736D00 
 1449              	.LASF10:
 1450 01d8 73697A65 		.ascii	"sizetype\000"
 1450      74797065 
 1450      00
 1451              		.ident	"GCC: (GNU Tools for ARM Embedded Processors) 5.4.1 20160609 (release) [ARM/embedded-5-bran
