ARM GAS  C:\Users\elias\AppData\Local\Temp\cc45KmbV.s 			page 1


   1              		.syntax unified
   2              		.cpu cortex-m3
   3              		.fpu softvfp
   4              		.eabi_attribute 20, 1
   5              		.eabi_attribute 21, 1
   6              		.eabi_attribute 23, 3
   7              		.eabi_attribute 24, 1
   8              		.eabi_attribute 25, 1
   9              		.eabi_attribute 26, 1
  10              		.eabi_attribute 30, 1
  11              		.eabi_attribute 34, 1
  12              		.eabi_attribute 18, 4
  13              		.thumb
  14              		.syntax unified
  15              		.file	"TIA_n.c"
  16              		.text
  17              	.Ltext0:
  18              		.cfi_sections	.debug_frame
  19              		.section	.text.TIA_n_Enable,"ax",%progbits
  20              		.align	2
  21              		.global	TIA_n_Enable
  22              		.thumb
  23              		.thumb_func
  24              		.type	TIA_n_Enable, %function
  25              	TIA_n_Enable:
  26              	.LFB1:
  27              		.file 1 "Generated_Source\\PSoC5\\TIA_n.c"
   1:Generated_Source\PSoC5/TIA_n.c **** /*******************************************************************************
   2:Generated_Source\PSoC5/TIA_n.c **** * File Name: TIA_n.c  
   3:Generated_Source\PSoC5/TIA_n.c **** * Version 2.0
   4:Generated_Source\PSoC5/TIA_n.c **** *
   5:Generated_Source\PSoC5/TIA_n.c **** * Description:
   6:Generated_Source\PSoC5/TIA_n.c **** *  This file provides the source code to the API for the TIA User Module.
   7:Generated_Source\PSoC5/TIA_n.c **** *
   8:Generated_Source\PSoC5/TIA_n.c **** * Note:
   9:Generated_Source\PSoC5/TIA_n.c **** *
  10:Generated_Source\PSoC5/TIA_n.c **** ********************************************************************************
  11:Generated_Source\PSoC5/TIA_n.c **** * Copyright 2008-2012, Cypress Semiconductor Corporation.  All rights reserved.
  12:Generated_Source\PSoC5/TIA_n.c **** * You may use this file only in accordance with the license, terms, conditions, 
  13:Generated_Source\PSoC5/TIA_n.c **** * disclaimers, and limitations in the end user license agreement accompanying 
  14:Generated_Source\PSoC5/TIA_n.c **** * the software package with which this file was provided.
  15:Generated_Source\PSoC5/TIA_n.c **** *******************************************************************************/
  16:Generated_Source\PSoC5/TIA_n.c **** 
  17:Generated_Source\PSoC5/TIA_n.c **** #include "TIA_n.h"
  18:Generated_Source\PSoC5/TIA_n.c **** 
  19:Generated_Source\PSoC5/TIA_n.c **** #if (!CY_PSOC5A)
  20:Generated_Source\PSoC5/TIA_n.c ****     #if (CYDEV_VARIABLE_VDDA == 1u)
  21:Generated_Source\PSoC5/TIA_n.c ****         #include "CyScBoostClk.h"
  22:Generated_Source\PSoC5/TIA_n.c ****     #endif /* (CYDEV_VARIABLE_VDDA == 1u) */
  23:Generated_Source\PSoC5/TIA_n.c **** #endif /* (!CY_PSOC5A) */
  24:Generated_Source\PSoC5/TIA_n.c **** 
  25:Generated_Source\PSoC5/TIA_n.c **** /* Fixed configuration of SC Block only performed once */
  26:Generated_Source\PSoC5/TIA_n.c **** uint8 TIA_n_initVar = 0u;
  27:Generated_Source\PSoC5/TIA_n.c **** 
  28:Generated_Source\PSoC5/TIA_n.c **** #if (CY_PSOC5A)
  29:Generated_Source\PSoC5/TIA_n.c ****     static TIA_n_BACKUP_STRUCT  TIA_n_P5backup;
  30:Generated_Source\PSoC5/TIA_n.c **** #endif /* (CY_PSOC5A) */
ARM GAS  C:\Users\elias\AppData\Local\Temp\cc45KmbV.s 			page 2


  31:Generated_Source\PSoC5/TIA_n.c **** 
  32:Generated_Source\PSoC5/TIA_n.c **** 
  33:Generated_Source\PSoC5/TIA_n.c **** /*******************************************************************************   
  34:Generated_Source\PSoC5/TIA_n.c **** * Function Name: TIA_n_Init
  35:Generated_Source\PSoC5/TIA_n.c **** ********************************************************************************
  36:Generated_Source\PSoC5/TIA_n.c **** *
  37:Generated_Source\PSoC5/TIA_n.c **** * Summary:
  38:Generated_Source\PSoC5/TIA_n.c **** *  Initialize component's parameters to the parameters set by user in the 
  39:Generated_Source\PSoC5/TIA_n.c **** *  customizer of the component placed onto schematic. Usually called in 
  40:Generated_Source\PSoC5/TIA_n.c **** *  TIA_n_Start().
  41:Generated_Source\PSoC5/TIA_n.c **** *
  42:Generated_Source\PSoC5/TIA_n.c **** * Parameters:
  43:Generated_Source\PSoC5/TIA_n.c **** *  void
  44:Generated_Source\PSoC5/TIA_n.c **** *
  45:Generated_Source\PSoC5/TIA_n.c **** * Return:
  46:Generated_Source\PSoC5/TIA_n.c **** *  void
  47:Generated_Source\PSoC5/TIA_n.c **** *
  48:Generated_Source\PSoC5/TIA_n.c **** *******************************************************************************/
  49:Generated_Source\PSoC5/TIA_n.c **** void TIA_n_Init(void) 
  50:Generated_Source\PSoC5/TIA_n.c **** {
  51:Generated_Source\PSoC5/TIA_n.c ****     /* Set SC Block Mode to TIA - SCxx_CR0[3:1] */
  52:Generated_Source\PSoC5/TIA_n.c ****     TIA_n_CR0_REG = TIA_n_MODE_TIA;
  53:Generated_Source\PSoC5/TIA_n.c ****     
  54:Generated_Source\PSoC5/TIA_n.c ****     /*    Set SC Block CR1 Control Register fields to support TIA mode 
  55:Generated_Source\PSoC5/TIA_n.c ****             drive field set by SetPower() API
  56:Generated_Source\PSoC5/TIA_n.c ****             compensation Cap - 5.1 pF
  57:Generated_Source\PSoC5/TIA_n.c ****             div2 - disable, n/a for TIA mode
  58:Generated_Source\PSoC5/TIA_n.c ****             Mixer/PGA Gain - 0db, n/a for TIA mode   */
  59:Generated_Source\PSoC5/TIA_n.c **** 
  60:Generated_Source\PSoC5/TIA_n.c ****     TIA_n_CR1_REG = (TIA_n_COMP_5P1PF |
  61:Generated_Source\PSoC5/TIA_n.c ****                                 TIA_n_DIV2_DISABLE |
  62:Generated_Source\PSoC5/TIA_n.c ****                                 TIA_n_GAIN_0DB);
  63:Generated_Source\PSoC5/TIA_n.c **** 
  64:Generated_Source\PSoC5/TIA_n.c **** 
  65:Generated_Source\PSoC5/TIA_n.c ****     /*    Set SC Block CR2 Control Register fields to support TIA mode
  66:Generated_Source\PSoC5/TIA_n.c ****             Bias - Low
  67:Generated_Source\PSoC5/TIA_n.c ****             r20_r40 - 40K, n/a for TIA mode
  68:Generated_Source\PSoC5/TIA_n.c ****             redc - set by SetCapFB() API
  69:Generated_Source\PSoC5/TIA_n.c ****             rval - set by SetResFB() API
  70:Generated_Source\PSoC5/TIA_n.c ****             PGA Ground Ref - disable, n/a for TIA mode    */
  71:Generated_Source\PSoC5/TIA_n.c **** 
  72:Generated_Source\PSoC5/TIA_n.c ****     TIA_n_CR2_REG = (TIA_n_BIAS_LOW |
  73:Generated_Source\PSoC5/TIA_n.c ****                                 TIA_n_R20_40B_40K |
  74:Generated_Source\PSoC5/TIA_n.c ****                                 TIA_n_GNDVREF_DI);
  75:Generated_Source\PSoC5/TIA_n.c ****                           
  76:Generated_Source\PSoC5/TIA_n.c ****     /* Set default resistive feedback value */
  77:Generated_Source\PSoC5/TIA_n.c ****     TIA_n_SetResFB(TIA_n_INIT_RES_FEEDBACK);
  78:Generated_Source\PSoC5/TIA_n.c ****       
  79:Generated_Source\PSoC5/TIA_n.c ****     /* Set default capacitive feedback value */
  80:Generated_Source\PSoC5/TIA_n.c ****     TIA_n_SetCapFB(TIA_n_INIT_CAP_FEEDBACK);
  81:Generated_Source\PSoC5/TIA_n.c **** 
  82:Generated_Source\PSoC5/TIA_n.c ****     /* Set default power */
  83:Generated_Source\PSoC5/TIA_n.c ****     TIA_n_SetPower(TIA_n_INIT_POWER);
  84:Generated_Source\PSoC5/TIA_n.c **** }
  85:Generated_Source\PSoC5/TIA_n.c **** 
  86:Generated_Source\PSoC5/TIA_n.c **** 
  87:Generated_Source\PSoC5/TIA_n.c **** /*******************************************************************************   
ARM GAS  C:\Users\elias\AppData\Local\Temp\cc45KmbV.s 			page 3


  88:Generated_Source\PSoC5/TIA_n.c **** * Function Name: TIA_n_Enable
  89:Generated_Source\PSoC5/TIA_n.c **** ********************************************************************************
  90:Generated_Source\PSoC5/TIA_n.c **** *
  91:Generated_Source\PSoC5/TIA_n.c **** * Summary:
  92:Generated_Source\PSoC5/TIA_n.c **** *  Enables the TIA block operation
  93:Generated_Source\PSoC5/TIA_n.c **** *
  94:Generated_Source\PSoC5/TIA_n.c **** * Parameters:
  95:Generated_Source\PSoC5/TIA_n.c **** *  void
  96:Generated_Source\PSoC5/TIA_n.c **** *
  97:Generated_Source\PSoC5/TIA_n.c **** * Return:
  98:Generated_Source\PSoC5/TIA_n.c **** *  void
  99:Generated_Source\PSoC5/TIA_n.c **** *
 100:Generated_Source\PSoC5/TIA_n.c **** *******************************************************************************/
 101:Generated_Source\PSoC5/TIA_n.c **** void TIA_n_Enable(void) 
 102:Generated_Source\PSoC5/TIA_n.c **** {
  28              		.loc 1 102 0
  29              		.cfi_startproc
  30              		@ args = 0, pretend = 0, frame = 0
  31              		@ frame_needed = 0, uses_anonymous_args = 0
  32              		@ link register save eliminated.
 103:Generated_Source\PSoC5/TIA_n.c **** 	/* This is to restore the value of register CR1 and CR2 which is saved 
 104:Generated_Source\PSoC5/TIA_n.c ****       in prior to the modifications in stop() API */
 105:Generated_Source\PSoC5/TIA_n.c **** 	#if (CY_PSOC5A)
 106:Generated_Source\PSoC5/TIA_n.c ****         if(TIA_n_P5backup.enableState == 1u)
 107:Generated_Source\PSoC5/TIA_n.c ****         {
 108:Generated_Source\PSoC5/TIA_n.c **** 			TIA_n_CR1_REG = TIA_n_P5backup.scCR1Reg;
 109:Generated_Source\PSoC5/TIA_n.c ****             TIA_n_CR2_REG =TIA_n_P5backup.scCR2Reg;
 110:Generated_Source\PSoC5/TIA_n.c ****             TIA_n_P5backup.enableState = 0u;
 111:Generated_Source\PSoC5/TIA_n.c ****         }
 112:Generated_Source\PSoC5/TIA_n.c ****     #endif
 113:Generated_Source\PSoC5/TIA_n.c ****     /* Enable power to Amp in Active mode */
 114:Generated_Source\PSoC5/TIA_n.c ****     TIA_n_PM_ACT_CFG_REG |= TIA_n_ACT_PWR_EN;
  33              		.loc 1 114 0
  34 0000 084A     		ldr	r2, .L2
  35 0002 1378     		ldrb	r3, [r2]	@ zero_extendqisi2
  36 0004 43F00403 		orr	r3, r3, #4
  37 0008 1370     		strb	r3, [r2]
 115:Generated_Source\PSoC5/TIA_n.c **** 
 116:Generated_Source\PSoC5/TIA_n.c ****     /* Enable the power to Amp in Alternative active mode*/
 117:Generated_Source\PSoC5/TIA_n.c ****     TIA_n_PM_STBY_CFG_REG |= TIA_n_STBY_PWR_EN;
  38              		.loc 1 117 0
  39 000a 1032     		adds	r2, r2, #16
  40 000c 1378     		ldrb	r3, [r2]	@ zero_extendqisi2
  41 000e 43F00403 		orr	r3, r3, #4
  42 0012 1370     		strb	r3, [r2]
 118:Generated_Source\PSoC5/TIA_n.c ****     
 119:Generated_Source\PSoC5/TIA_n.c ****     TIA_n_PUMP_CR1_REG |= TIA_n_PUMP_CR1_SC_CLKSEL;
  43              		.loc 1 119 0
  44 0014 02F5A552 		add	r2, r2, #5280
  45 0018 1E32     		adds	r2, r2, #30
  46 001a 1378     		ldrb	r3, [r2]	@ zero_extendqisi2
  47 001c 43F08003 		orr	r3, r3, #128
  48 0020 1370     		strb	r3, [r2]
  49 0022 7047     		bx	lr
  50              	.L3:
  51              		.align	2
  52              	.L2:
ARM GAS  C:\Users\elias\AppData\Local\Temp\cc45KmbV.s 			page 4


  53 0024 A9430040 		.word	1073759145
  54              		.cfi_endproc
  55              	.LFE1:
  56              		.size	TIA_n_Enable, .-TIA_n_Enable
  57              		.section	.text.TIA_n_Stop,"ax",%progbits
  58              		.align	2
  59              		.global	TIA_n_Stop
  60              		.thumb
  61              		.thumb_func
  62              		.type	TIA_n_Stop, %function
  63              	TIA_n_Stop:
  64              	.LFB3:
 120:Generated_Source\PSoC5/TIA_n.c ****     
 121:Generated_Source\PSoC5/TIA_n.c ****     #if (!CY_PSOC5A)
 122:Generated_Source\PSoC5/TIA_n.c ****         #if (CYDEV_VARIABLE_VDDA == 1u)
 123:Generated_Source\PSoC5/TIA_n.c ****             if(CyScPumpEnabled == 1u)
 124:Generated_Source\PSoC5/TIA_n.c ****             {
 125:Generated_Source\PSoC5/TIA_n.c ****                 TIA_n_BSTCLK_REG &= (uint8)(~TIA_n_BST_CLK_INDEX_MASK);
 126:Generated_Source\PSoC5/TIA_n.c ****                 TIA_n_BSTCLK_REG |= TIA_n_BST_CLK_EN | CyScBoostClk__INDEX;
 127:Generated_Source\PSoC5/TIA_n.c ****                 TIA_n_SC_MISC_REG |= TIA_n_PUMP_FORCE;
 128:Generated_Source\PSoC5/TIA_n.c ****                 CyScBoostClk_Start();
 129:Generated_Source\PSoC5/TIA_n.c ****             }
 130:Generated_Source\PSoC5/TIA_n.c ****             else
 131:Generated_Source\PSoC5/TIA_n.c ****             {
 132:Generated_Source\PSoC5/TIA_n.c ****                 TIA_n_BSTCLK_REG &= (uint8)(~TIA_n_BST_CLK_EN);
 133:Generated_Source\PSoC5/TIA_n.c ****                 TIA_n_SC_MISC_REG &= (uint8)(~TIA_n_PUMP_FORCE);
 134:Generated_Source\PSoC5/TIA_n.c ****             }
 135:Generated_Source\PSoC5/TIA_n.c ****         #endif /* (CYDEV_VARIABLE_VDDA == 1u) */
 136:Generated_Source\PSoC5/TIA_n.c ****     #endif /* (!CY_PSOC5A) */
 137:Generated_Source\PSoC5/TIA_n.c **** }
 138:Generated_Source\PSoC5/TIA_n.c **** 
 139:Generated_Source\PSoC5/TIA_n.c **** 
 140:Generated_Source\PSoC5/TIA_n.c **** /*******************************************************************************
 141:Generated_Source\PSoC5/TIA_n.c **** * Function Name: TIA_n_Start
 142:Generated_Source\PSoC5/TIA_n.c **** ********************************************************************************
 143:Generated_Source\PSoC5/TIA_n.c **** *
 144:Generated_Source\PSoC5/TIA_n.c **** * Summary:
 145:Generated_Source\PSoC5/TIA_n.c **** *  The start function initializes the TIA with the default values and enables
 146:Generated_Source\PSoC5/TIA_n.c **** *  power to the SC block.
 147:Generated_Source\PSoC5/TIA_n.c **** *
 148:Generated_Source\PSoC5/TIA_n.c **** * Parameters:
 149:Generated_Source\PSoC5/TIA_n.c **** *  void
 150:Generated_Source\PSoC5/TIA_n.c **** *
 151:Generated_Source\PSoC5/TIA_n.c **** * Return:
 152:Generated_Source\PSoC5/TIA_n.c **** *  void 
 153:Generated_Source\PSoC5/TIA_n.c **** *
 154:Generated_Source\PSoC5/TIA_n.c **** * Global variables:
 155:Generated_Source\PSoC5/TIA_n.c **** *  TIA_n_initVar: Used to check the initial configuration, modified 
 156:Generated_Source\PSoC5/TIA_n.c **** *  when this function is called for the first time.
 157:Generated_Source\PSoC5/TIA_n.c **** *
 158:Generated_Source\PSoC5/TIA_n.c **** * Theory:
 159:Generated_Source\PSoC5/TIA_n.c **** *  Full initialization of the SC Block configuration registers is only perfomed
 160:Generated_Source\PSoC5/TIA_n.c **** *  the first time the routine executes - global variable  is used to
 161:Generated_Source\PSoC5/TIA_n.c **** *  TIA_n_initVar is used to indicate that the static configuration 
 162:Generated_Source\PSoC5/TIA_n.c **** *  has been completed.
 163:Generated_Source\PSoC5/TIA_n.c **** *
 164:Generated_Source\PSoC5/TIA_n.c **** *******************************************************************************/
ARM GAS  C:\Users\elias\AppData\Local\Temp\cc45KmbV.s 			page 5


 165:Generated_Source\PSoC5/TIA_n.c **** void TIA_n_Start(void) 
 166:Generated_Source\PSoC5/TIA_n.c **** {
 167:Generated_Source\PSoC5/TIA_n.c ****     if(TIA_n_initVar == 0u)
 168:Generated_Source\PSoC5/TIA_n.c ****     {
 169:Generated_Source\PSoC5/TIA_n.c ****         TIA_n_initVar = 1u;  
 170:Generated_Source\PSoC5/TIA_n.c ****         TIA_n_Init();
 171:Generated_Source\PSoC5/TIA_n.c ****     }
 172:Generated_Source\PSoC5/TIA_n.c **** 
 173:Generated_Source\PSoC5/TIA_n.c ****     TIA_n_Enable();
 174:Generated_Source\PSoC5/TIA_n.c **** }
 175:Generated_Source\PSoC5/TIA_n.c **** 
 176:Generated_Source\PSoC5/TIA_n.c **** 
 177:Generated_Source\PSoC5/TIA_n.c **** /*******************************************************************************
 178:Generated_Source\PSoC5/TIA_n.c **** * Function Name: TIA_n_Stop
 179:Generated_Source\PSoC5/TIA_n.c **** ********************************************************************************
 180:Generated_Source\PSoC5/TIA_n.c **** *
 181:Generated_Source\PSoC5/TIA_n.c **** * Summary: 
 182:Generated_Source\PSoC5/TIA_n.c **** *  Disables power to SC block.
 183:Generated_Source\PSoC5/TIA_n.c **** *
 184:Generated_Source\PSoC5/TIA_n.c **** * Parameters:
 185:Generated_Source\PSoC5/TIA_n.c **** *  void
 186:Generated_Source\PSoC5/TIA_n.c **** *
 187:Generated_Source\PSoC5/TIA_n.c **** * Return:
 188:Generated_Source\PSoC5/TIA_n.c **** *  void
 189:Generated_Source\PSoC5/TIA_n.c **** *
 190:Generated_Source\PSoC5/TIA_n.c **** *******************************************************************************/
 191:Generated_Source\PSoC5/TIA_n.c **** void TIA_n_Stop(void) 
 192:Generated_Source\PSoC5/TIA_n.c **** {
  65              		.loc 1 192 0
  66              		.cfi_startproc
  67              		@ args = 0, pretend = 0, frame = 0
  68              		@ frame_needed = 0, uses_anonymous_args = 0
  69              		@ link register save eliminated.
 193:Generated_Source\PSoC5/TIA_n.c ****      /* Disble power to the Amp in Active mode template*/
 194:Generated_Source\PSoC5/TIA_n.c ****     TIA_n_PM_ACT_CFG_REG &= (uint8)(~TIA_n_ACT_PWR_EN);
  70              		.loc 1 194 0
  71 0000 054A     		ldr	r2, .L5
  72 0002 1378     		ldrb	r3, [r2]	@ zero_extendqisi2
  73 0004 03F0FB03 		and	r3, r3, #251
  74 0008 1370     		strb	r3, [r2]
 195:Generated_Source\PSoC5/TIA_n.c **** 
 196:Generated_Source\PSoC5/TIA_n.c ****     /* Disble power to the Amp in Alternative active mode template*/
 197:Generated_Source\PSoC5/TIA_n.c ****     TIA_n_PM_STBY_CFG_REG &= (uint8)(~TIA_n_STBY_PWR_EN);
  75              		.loc 1 197 0
  76 000a 1032     		adds	r2, r2, #16
  77 000c 1378     		ldrb	r3, [r2]	@ zero_extendqisi2
  78 000e 03F0FB03 		and	r3, r3, #251
  79 0012 1370     		strb	r3, [r2]
  80 0014 7047     		bx	lr
  81              	.L6:
  82 0016 00BF     		.align	2
  83              	.L5:
  84 0018 A9430040 		.word	1073759145
  85              		.cfi_endproc
  86              	.LFE3:
  87              		.size	TIA_n_Stop, .-TIA_n_Stop
  88              		.section	.text.TIA_n_SetPower,"ax",%progbits
ARM GAS  C:\Users\elias\AppData\Local\Temp\cc45KmbV.s 			page 6


  89              		.align	2
  90              		.global	TIA_n_SetPower
  91              		.thumb
  92              		.thumb_func
  93              		.type	TIA_n_SetPower, %function
  94              	TIA_n_SetPower:
  95              	.LFB4:
 198:Generated_Source\PSoC5/TIA_n.c ****     
 199:Generated_Source\PSoC5/TIA_n.c ****     #if (!CY_PSOC5A)
 200:Generated_Source\PSoC5/TIA_n.c ****         #if (CYDEV_VARIABLE_VDDA == 1u)
 201:Generated_Source\PSoC5/TIA_n.c ****             TIA_n_BSTCLK_REG &= (uint8)(~TIA_n_BST_CLK_EN);
 202:Generated_Source\PSoC5/TIA_n.c ****             /* Disable pumps only if there aren't any SC block in use */
 203:Generated_Source\PSoC5/TIA_n.c ****             if ((TIA_n_PM_ACT_CFG_REG & TIA_n_PM_ACT_CFG_MASK) == 0u)
 204:Generated_Source\PSoC5/TIA_n.c ****             {
 205:Generated_Source\PSoC5/TIA_n.c ****                 TIA_n_SC_MISC_REG &= (uint8)(~TIA_n_PUMP_FORCE);
 206:Generated_Source\PSoC5/TIA_n.c ****                 TIA_n_PUMP_CR1_REG &= (uint8)(~TIA_n_PUMP_CR1_SC_CLKSEL);
 207:Generated_Source\PSoC5/TIA_n.c ****                 CyScBoostClk_Stop();
 208:Generated_Source\PSoC5/TIA_n.c ****             }
 209:Generated_Source\PSoC5/TIA_n.c ****         #endif /* CYDEV_VARIABLE_VDDA == 1u */
 210:Generated_Source\PSoC5/TIA_n.c ****     #endif /* (CY_PSOC3 || CY_PSOC5LP) */
 211:Generated_Source\PSoC5/TIA_n.c ****         
 212:Generated_Source\PSoC5/TIA_n.c ****     /* This sets TIA in zero current mode and output routes are valid */
 213:Generated_Source\PSoC5/TIA_n.c ****     #if (CY_PSOC5A)
 214:Generated_Source\PSoC5/TIA_n.c ****         TIA_n_P5backup.scCR1Reg = TIA_n_CR1_REG;
 215:Generated_Source\PSoC5/TIA_n.c ****         TIA_n_P5backup.scCR2Reg = TIA_n_CR2_REG;
 216:Generated_Source\PSoC5/TIA_n.c ****         TIA_n_CR1_REG = 0x00u;
 217:Generated_Source\PSoC5/TIA_n.c ****         TIA_n_CR2_REG = 0x00u;
 218:Generated_Source\PSoC5/TIA_n.c ****         TIA_n_P5backup.enableState = 1u;
 219:Generated_Source\PSoC5/TIA_n.c ****     #endif /* (CY_PSOC5A) */
 220:Generated_Source\PSoC5/TIA_n.c **** }
 221:Generated_Source\PSoC5/TIA_n.c **** 
 222:Generated_Source\PSoC5/TIA_n.c **** 
 223:Generated_Source\PSoC5/TIA_n.c **** /*******************************************************************************
 224:Generated_Source\PSoC5/TIA_n.c **** * Function Name: TIA_n_SetPower
 225:Generated_Source\PSoC5/TIA_n.c **** ********************************************************************************
 226:Generated_Source\PSoC5/TIA_n.c **** *
 227:Generated_Source\PSoC5/TIA_n.c **** * Summary:
 228:Generated_Source\PSoC5/TIA_n.c **** *  Set the drive power of the TIA.
 229:Generated_Source\PSoC5/TIA_n.c **** *
 230:Generated_Source\PSoC5/TIA_n.c **** * Parameters:
 231:Generated_Source\PSoC5/TIA_n.c **** *  Power: Sets power level between (0) and (3) high power.
 232:Generated_Source\PSoC5/TIA_n.c **** *
 233:Generated_Source\PSoC5/TIA_n.c **** * Return:
 234:Generated_Source\PSoC5/TIA_n.c **** *  void
 235:Generated_Source\PSoC5/TIA_n.c **** *
 236:Generated_Source\PSoC5/TIA_n.c **** *******************************************************************************/
 237:Generated_Source\PSoC5/TIA_n.c **** void TIA_n_SetPower(uint8 power) 
 238:Generated_Source\PSoC5/TIA_n.c **** {
  96              		.loc 1 238 0
  97              		.cfi_startproc
  98              		@ args = 0, pretend = 0, frame = 0
  99              		@ frame_needed = 0, uses_anonymous_args = 0
 100              		@ link register save eliminated.
 101              	.LVL0:
 239:Generated_Source\PSoC5/TIA_n.c ****     uint8 tmpCR;
 240:Generated_Source\PSoC5/TIA_n.c **** 
 241:Generated_Source\PSoC5/TIA_n.c ****     /* Sets drive bits in SC Block Control Register 1:  SCxx_CR[1:0] */
ARM GAS  C:\Users\elias\AppData\Local\Temp\cc45KmbV.s 			page 7


 242:Generated_Source\PSoC5/TIA_n.c ****     tmpCR = TIA_n_CR1_REG & (uint8)(~TIA_n_DRIVE_MASK);
 102              		.loc 1 242 0
 103 0000 044A     		ldr	r2, .L8
 104 0002 1378     		ldrb	r3, [r2]	@ zero_extendqisi2
 105 0004 03F0FC03 		and	r3, r3, #252
 106              	.LVL1:
 243:Generated_Source\PSoC5/TIA_n.c ****     tmpCR |= (power & TIA_n_DRIVE_MASK);
 107              		.loc 1 243 0
 108 0008 00F00300 		and	r0, r0, #3
 109              	.LVL2:
 110 000c 1843     		orrs	r0, r0, r3
 111              	.LVL3:
 244:Generated_Source\PSoC5/TIA_n.c ****     TIA_n_CR1_REG = tmpCR;  
 112              		.loc 1 244 0
 113 000e 1070     		strb	r0, [r2]
 114 0010 7047     		bx	lr
 115              	.L9:
 116 0012 00BF     		.align	2
 117              	.L8:
 118 0014 09580040 		.word	1073764361
 119              		.cfi_endproc
 120              	.LFE4:
 121              		.size	TIA_n_SetPower, .-TIA_n_SetPower
 122              		.section	.text.TIA_n_SetResFB,"ax",%progbits
 123              		.align	2
 124              		.global	TIA_n_SetResFB
 125              		.thumb
 126              		.thumb_func
 127              		.type	TIA_n_SetResFB, %function
 128              	TIA_n_SetResFB:
 129              	.LFB5:
 245:Generated_Source\PSoC5/TIA_n.c **** }
 246:Generated_Source\PSoC5/TIA_n.c **** 
 247:Generated_Source\PSoC5/TIA_n.c **** 
 248:Generated_Source\PSoC5/TIA_n.c **** /*******************************************************************************
 249:Generated_Source\PSoC5/TIA_n.c **** * Function Name: TIA_n_SetResFB
 250:Generated_Source\PSoC5/TIA_n.c **** ********************************************************************************
 251:Generated_Source\PSoC5/TIA_n.c **** *
 252:Generated_Source\PSoC5/TIA_n.c **** * Summary:
 253:Generated_Source\PSoC5/TIA_n.c **** *  This function sets value for the resistive feedback of the amplifier.
 254:Generated_Source\PSoC5/TIA_n.c **** *
 255:Generated_Source\PSoC5/TIA_n.c **** * Parameters:
 256:Generated_Source\PSoC5/TIA_n.c **** *  res_feedback: specifies resistive feedback value (see header file for gain 
 257:Generated_Source\PSoC5/TIA_n.c **** *                values.)
 258:Generated_Source\PSoC5/TIA_n.c **** *
 259:Generated_Source\PSoC5/TIA_n.c **** * Return:
 260:Generated_Source\PSoC5/TIA_n.c **** *  void
 261:Generated_Source\PSoC5/TIA_n.c **** *
 262:Generated_Source\PSoC5/TIA_n.c **** *******************************************************************************/
 263:Generated_Source\PSoC5/TIA_n.c **** void TIA_n_SetResFB(uint8 res_feedback) 
 264:Generated_Source\PSoC5/TIA_n.c **** {
 130              		.loc 1 264 0
 131              		.cfi_startproc
 132              		@ args = 0, pretend = 0, frame = 0
 133              		@ frame_needed = 0, uses_anonymous_args = 0
 134              		@ link register save eliminated.
 135              	.LVL4:
ARM GAS  C:\Users\elias\AppData\Local\Temp\cc45KmbV.s 			page 8


 265:Generated_Source\PSoC5/TIA_n.c ****     /* Only set new gain if it is a valid gain */
 266:Generated_Source\PSoC5/TIA_n.c ****     if( res_feedback <= TIA_n_RES_FEEDBACK_MAX)
 136              		.loc 1 266 0
 137 0000 0728     		cmp	r0, #7
 138 0002 09D8     		bhi	.L10
 267:Generated_Source\PSoC5/TIA_n.c ****     {
 268:Generated_Source\PSoC5/TIA_n.c ****         /* Clear SCxx_CR2 rval bits - SCxx_CR2[6:4] */
 269:Generated_Source\PSoC5/TIA_n.c ****         TIA_n_CR2_REG &= (uint8)(~TIA_n_RVAL_MASK);
 139              		.loc 1 269 0
 140 0004 054B     		ldr	r3, .L12
 141 0006 1A78     		ldrb	r2, [r3]	@ zero_extendqisi2
 142 0008 02F08F02 		and	r2, r2, #143
 143 000c 1A70     		strb	r2, [r3]
 270:Generated_Source\PSoC5/TIA_n.c **** 
 271:Generated_Source\PSoC5/TIA_n.c ****         /* Set resistive feedback value */
 272:Generated_Source\PSoC5/TIA_n.c ****         TIA_n_CR2_REG |= (uint8)(res_feedback << 4);
 144              		.loc 1 272 0
 145 000e 1A78     		ldrb	r2, [r3]	@ zero_extendqisi2
 146 0010 0001     		lsls	r0, r0, #4
 147              	.LVL5:
 148 0012 C0B2     		uxtb	r0, r0
 149 0014 1043     		orrs	r0, r0, r2
 150 0016 1870     		strb	r0, [r3]
 151              	.L10:
 152 0018 7047     		bx	lr
 153              	.L13:
 154 001a 00BF     		.align	2
 155              	.L12:
 156 001c 0A580040 		.word	1073764362
 157              		.cfi_endproc
 158              	.LFE5:
 159              		.size	TIA_n_SetResFB, .-TIA_n_SetResFB
 160              		.section	.text.TIA_n_SetCapFB,"ax",%progbits
 161              		.align	2
 162              		.global	TIA_n_SetCapFB
 163              		.thumb
 164              		.thumb_func
 165              		.type	TIA_n_SetCapFB, %function
 166              	TIA_n_SetCapFB:
 167              	.LFB6:
 273:Generated_Source\PSoC5/TIA_n.c ****     }
 274:Generated_Source\PSoC5/TIA_n.c **** }
 275:Generated_Source\PSoC5/TIA_n.c **** 
 276:Generated_Source\PSoC5/TIA_n.c **** 
 277:Generated_Source\PSoC5/TIA_n.c **** /*******************************************************************************
 278:Generated_Source\PSoC5/TIA_n.c **** * Function Name: TIA_n_SetCapFB
 279:Generated_Source\PSoC5/TIA_n.c **** ********************************************************************************
 280:Generated_Source\PSoC5/TIA_n.c **** *
 281:Generated_Source\PSoC5/TIA_n.c **** * Summary:
 282:Generated_Source\PSoC5/TIA_n.c **** *  This function sets the value for the capacitive feedback of the amplifier.
 283:Generated_Source\PSoC5/TIA_n.c **** *
 284:Generated_Source\PSoC5/TIA_n.c **** * Parameters:
 285:Generated_Source\PSoC5/TIA_n.c **** *  cap_feedback: specifies capacitive feedback value (see header file for gain 
 286:Generated_Source\PSoC5/TIA_n.c **** *                values.)
 287:Generated_Source\PSoC5/TIA_n.c **** *
 288:Generated_Source\PSoC5/TIA_n.c **** * Return:
 289:Generated_Source\PSoC5/TIA_n.c **** *  void
ARM GAS  C:\Users\elias\AppData\Local\Temp\cc45KmbV.s 			page 9


 290:Generated_Source\PSoC5/TIA_n.c **** *
 291:Generated_Source\PSoC5/TIA_n.c **** *******************************************************************************/
 292:Generated_Source\PSoC5/TIA_n.c **** void TIA_n_SetCapFB(uint8 cap_feedback) 
 293:Generated_Source\PSoC5/TIA_n.c **** {
 168              		.loc 1 293 0
 169              		.cfi_startproc
 170              		@ args = 0, pretend = 0, frame = 0
 171              		@ frame_needed = 0, uses_anonymous_args = 0
 172              		@ link register save eliminated.
 173              	.LVL6:
 294:Generated_Source\PSoC5/TIA_n.c ****     /* Only set new gain if it is a valid gain */
 295:Generated_Source\PSoC5/TIA_n.c ****     if( cap_feedback <= TIA_n_CAP_FEEDBACK_MAX)
 174              		.loc 1 295 0
 175 0000 0328     		cmp	r0, #3
 176 0002 09D8     		bhi	.L14
 296:Generated_Source\PSoC5/TIA_n.c ****     {
 297:Generated_Source\PSoC5/TIA_n.c ****         /* Clear SCxx_CR2 redc bits -  - CR2[3:2] */
 298:Generated_Source\PSoC5/TIA_n.c ****         TIA_n_CR2_REG &= (uint8)(~TIA_n_REDC_MASK);
 177              		.loc 1 298 0
 178 0004 054B     		ldr	r3, .L16
 179 0006 1A78     		ldrb	r2, [r3]	@ zero_extendqisi2
 180 0008 02F0F302 		and	r2, r2, #243
 181 000c 1A70     		strb	r2, [r3]
 299:Generated_Source\PSoC5/TIA_n.c **** 
 300:Generated_Source\PSoC5/TIA_n.c ****         /* Set redc capacitive feedback value */
 301:Generated_Source\PSoC5/TIA_n.c ****         TIA_n_CR2_REG |= (uint8)(cap_feedback << 2);
 182              		.loc 1 301 0
 183 000e 1A78     		ldrb	r2, [r3]	@ zero_extendqisi2
 184 0010 8000     		lsls	r0, r0, #2
 185              	.LVL7:
 186 0012 C0B2     		uxtb	r0, r0
 187 0014 1043     		orrs	r0, r0, r2
 188 0016 1870     		strb	r0, [r3]
 189              	.L14:
 190 0018 7047     		bx	lr
 191              	.L17:
 192 001a 00BF     		.align	2
 193              	.L16:
 194 001c 0A580040 		.word	1073764362
 195              		.cfi_endproc
 196              	.LFE6:
 197              		.size	TIA_n_SetCapFB, .-TIA_n_SetCapFB
 198              		.section	.text.TIA_n_Init,"ax",%progbits
 199              		.align	2
 200              		.global	TIA_n_Init
 201              		.thumb
 202              		.thumb_func
 203              		.type	TIA_n_Init, %function
 204              	TIA_n_Init:
 205              	.LFB0:
  50:Generated_Source\PSoC5/TIA_n.c ****     /* Set SC Block Mode to TIA - SCxx_CR0[3:1] */
 206              		.loc 1 50 0
 207              		.cfi_startproc
 208              		@ args = 0, pretend = 0, frame = 0
 209              		@ frame_needed = 0, uses_anonymous_args = 0
 210 0000 08B5     		push	{r3, lr}
 211              		.cfi_def_cfa_offset 8
ARM GAS  C:\Users\elias\AppData\Local\Temp\cc45KmbV.s 			page 10


 212              		.cfi_offset 3, -8
 213              		.cfi_offset 14, -4
  52:Generated_Source\PSoC5/TIA_n.c ****     
 214              		.loc 1 52 0
 215 0002 0222     		movs	r2, #2
 216 0004 084B     		ldr	r3, .L20
 217 0006 1A70     		strb	r2, [r3]
  60:Generated_Source\PSoC5/TIA_n.c ****                                 TIA_n_DIV2_DISABLE |
 218              		.loc 1 60 0
 219 0008 0C22     		movs	r2, #12
 220 000a 0133     		adds	r3, r3, #1
 221 000c 1A70     		strb	r2, [r3]
  72:Generated_Source\PSoC5/TIA_n.c ****                                 TIA_n_R20_40B_40K |
 222              		.loc 1 72 0
 223 000e 0122     		movs	r2, #1
 224 0010 0133     		adds	r3, r3, #1
 225 0012 1A70     		strb	r2, [r3]
  77:Generated_Source\PSoC5/TIA_n.c ****       
 226              		.loc 1 77 0
 227 0014 0720     		movs	r0, #7
 228 0016 FFF7FEFF 		bl	TIA_n_SetResFB
 229              	.LVL8:
  80:Generated_Source\PSoC5/TIA_n.c **** 
 230              		.loc 1 80 0
 231 001a 0320     		movs	r0, #3
 232 001c FFF7FEFF 		bl	TIA_n_SetCapFB
 233              	.LVL9:
  83:Generated_Source\PSoC5/TIA_n.c **** }
 234              		.loc 1 83 0
 235 0020 0320     		movs	r0, #3
 236 0022 FFF7FEFF 		bl	TIA_n_SetPower
 237              	.LVL10:
 238 0026 08BD     		pop	{r3, pc}
 239              	.L21:
 240              		.align	2
 241              	.L20:
 242 0028 08580040 		.word	1073764360
 243              		.cfi_endproc
 244              	.LFE0:
 245              		.size	TIA_n_Init, .-TIA_n_Init
 246              		.section	.text.TIA_n_Start,"ax",%progbits
 247              		.align	2
 248              		.global	TIA_n_Start
 249              		.thumb
 250              		.thumb_func
 251              		.type	TIA_n_Start, %function
 252              	TIA_n_Start:
 253              	.LFB2:
 166:Generated_Source\PSoC5/TIA_n.c ****     if(TIA_n_initVar == 0u)
 254              		.loc 1 166 0
 255              		.cfi_startproc
 256              		@ args = 0, pretend = 0, frame = 0
 257              		@ frame_needed = 0, uses_anonymous_args = 0
 258 0000 08B5     		push	{r3, lr}
 259              		.cfi_def_cfa_offset 8
 260              		.cfi_offset 3, -8
 261              		.cfi_offset 14, -4
ARM GAS  C:\Users\elias\AppData\Local\Temp\cc45KmbV.s 			page 11


 167:Generated_Source\PSoC5/TIA_n.c ****     {
 262              		.loc 1 167 0
 263 0002 054B     		ldr	r3, .L25
 264 0004 1B78     		ldrb	r3, [r3]	@ zero_extendqisi2
 265 0006 23B9     		cbnz	r3, .L23
 169:Generated_Source\PSoC5/TIA_n.c ****         TIA_n_Init();
 266              		.loc 1 169 0
 267 0008 0122     		movs	r2, #1
 268 000a 034B     		ldr	r3, .L25
 269 000c 1A70     		strb	r2, [r3]
 170:Generated_Source\PSoC5/TIA_n.c ****     }
 270              		.loc 1 170 0
 271 000e FFF7FEFF 		bl	TIA_n_Init
 272              	.LVL11:
 273              	.L23:
 173:Generated_Source\PSoC5/TIA_n.c **** }
 274              		.loc 1 173 0
 275 0012 FFF7FEFF 		bl	TIA_n_Enable
 276              	.LVL12:
 277 0016 08BD     		pop	{r3, pc}
 278              	.L26:
 279              		.align	2
 280              	.L25:
 281 0018 00000000 		.word	.LANCHOR0
 282              		.cfi_endproc
 283              	.LFE2:
 284              		.size	TIA_n_Start, .-TIA_n_Start
 285              		.global	TIA_n_initVar
 286              		.bss
 287              		.set	.LANCHOR0,. + 0
 288              		.type	TIA_n_initVar, %object
 289              		.size	TIA_n_initVar, 1
 290              	TIA_n_initVar:
 291 0000 00       		.space	1
 292              		.text
 293              	.Letext0:
 294              		.file 2 "Generated_Source\\PSoC5\\cytypes.h"
 295              		.section	.debug_info,"",%progbits
 296              	.Ldebug_info0:
 297 0000 D0010000 		.4byte	0x1d0
 298 0004 0400     		.2byte	0x4
 299 0006 00000000 		.4byte	.Ldebug_abbrev0
 300 000a 04       		.byte	0x4
 301 000b 01       		.uleb128 0x1
 302 000c 5A000000 		.4byte	.LASF26
 303 0010 0C       		.byte	0xc
 304 0011 A6010000 		.4byte	.LASF27
 305 0015 ED000000 		.4byte	.LASF28
 306 0019 00000000 		.4byte	.Ldebug_ranges0+0
 307 001d 00000000 		.4byte	0
 308 0021 00000000 		.4byte	.Ldebug_line0
 309 0025 02       		.uleb128 0x2
 310 0026 01       		.byte	0x1
 311 0027 06       		.byte	0x6
 312 0028 1E020000 		.4byte	.LASF0
 313 002c 02       		.uleb128 0x2
 314 002d 01       		.byte	0x1
ARM GAS  C:\Users\elias\AppData\Local\Temp\cc45KmbV.s 			page 12


 315 002e 08       		.byte	0x8
 316 002f 4C000000 		.4byte	.LASF1
 317 0033 02       		.uleb128 0x2
 318 0034 02       		.byte	0x2
 319 0035 05       		.byte	0x5
 320 0036 D6010000 		.4byte	.LASF2
 321 003a 02       		.uleb128 0x2
 322 003b 02       		.byte	0x2
 323 003c 07       		.byte	0x7
 324 003d 20000000 		.4byte	.LASF3
 325 0041 02       		.uleb128 0x2
 326 0042 04       		.byte	0x4
 327 0043 05       		.byte	0x5
 328 0044 FA010000 		.4byte	.LASF4
 329 0048 02       		.uleb128 0x2
 330 0049 04       		.byte	0x4
 331 004a 07       		.byte	0x7
 332 004b 24010000 		.4byte	.LASF5
 333 004f 02       		.uleb128 0x2
 334 0050 08       		.byte	0x8
 335 0051 05       		.byte	0x5
 336 0052 98010000 		.4byte	.LASF6
 337 0056 02       		.uleb128 0x2
 338 0057 08       		.byte	0x8
 339 0058 07       		.byte	0x7
 340 0059 78010000 		.4byte	.LASF7
 341 005d 03       		.uleb128 0x3
 342 005e 04       		.byte	0x4
 343 005f 05       		.byte	0x5
 344 0060 696E7400 		.ascii	"int\000"
 345 0064 02       		.uleb128 0x2
 346 0065 04       		.byte	0x4
 347 0066 07       		.byte	0x7
 348 0067 5C010000 		.4byte	.LASF8
 349 006b 04       		.uleb128 0x4
 350 006c 36010000 		.4byte	.LASF12
 351 0070 02       		.byte	0x2
 352 0071 E901     		.2byte	0x1e9
 353 0073 2C000000 		.4byte	0x2c
 354 0077 02       		.uleb128 0x2
 355 0078 04       		.byte	0x4
 356 0079 04       		.byte	0x4
 357 007a 39000000 		.4byte	.LASF9
 358 007e 02       		.uleb128 0x2
 359 007f 08       		.byte	0x8
 360 0080 04       		.byte	0x4
 361 0081 55010000 		.4byte	.LASF10
 362 0085 02       		.uleb128 0x2
 363 0086 01       		.byte	0x1
 364 0087 08       		.byte	0x8
 365 0088 C5010000 		.4byte	.LASF11
 366 008c 04       		.uleb128 0x4
 367 008d E8000000 		.4byte	.LASF13
 368 0091 02       		.byte	0x2
 369 0092 9302     		.2byte	0x293
 370 0094 98000000 		.4byte	0x98
 371 0098 05       		.uleb128 0x5
ARM GAS  C:\Users\elias\AppData\Local\Temp\cc45KmbV.s 			page 13


 372 0099 6B000000 		.4byte	0x6b
 373 009d 02       		.uleb128 0x2
 374 009e 08       		.byte	0x8
 375 009f 04       		.byte	0x4
 376 00a0 12020000 		.4byte	.LASF14
 377 00a4 02       		.uleb128 0x2
 378 00a5 04       		.byte	0x4
 379 00a6 07       		.byte	0x7
 380 00a7 8F010000 		.4byte	.LASF15
 381 00ab 06       		.uleb128 0x6
 382 00ac 3F000000 		.4byte	.LASF16
 383 00b0 01       		.byte	0x1
 384 00b1 65       		.byte	0x65
 385 00b2 00000000 		.4byte	.LFB1
 386 00b6 28000000 		.4byte	.LFE1-.LFB1
 387 00ba 01       		.uleb128 0x1
 388 00bb 9C       		.byte	0x9c
 389 00bc 06       		.uleb128 0x6
 390 00bd 4A010000 		.4byte	.LASF17
 391 00c1 01       		.byte	0x1
 392 00c2 BF       		.byte	0xbf
 393 00c3 00000000 		.4byte	.LFB3
 394 00c7 1C000000 		.4byte	.LFE3-.LFB3
 395 00cb 01       		.uleb128 0x1
 396 00cc 9C       		.byte	0x9c
 397 00cd 07       		.uleb128 0x7
 398 00ce 03020000 		.4byte	.LASF18
 399 00d2 01       		.byte	0x1
 400 00d3 ED       		.byte	0xed
 401 00d4 00000000 		.4byte	.LFB4
 402 00d8 18000000 		.4byte	.LFE4-.LFB4
 403 00dc 01       		.uleb128 0x1
 404 00dd 9C       		.byte	0x9c
 405 00de 01010000 		.4byte	0x101
 406 00e2 08       		.uleb128 0x8
 407 00e3 33000000 		.4byte	.LASF20
 408 00e7 01       		.byte	0x1
 409 00e8 ED       		.byte	0xed
 410 00e9 6B000000 		.4byte	0x6b
 411 00ed 00000000 		.4byte	.LLST0
 412 00f1 09       		.uleb128 0x9
 413 00f2 00000000 		.4byte	.LASF29
 414 00f6 01       		.byte	0x1
 415 00f7 EF       		.byte	0xef
 416 00f8 6B000000 		.4byte	0x6b
 417 00fc 21000000 		.4byte	.LLST1
 418 0100 00       		.byte	0
 419 0101 0A       		.uleb128 0xa
 420 0102 11000000 		.4byte	.LASF19
 421 0106 01       		.byte	0x1
 422 0107 0701     		.2byte	0x107
 423 0109 00000000 		.4byte	.LFB5
 424 010d 20000000 		.4byte	.LFE5-.LFB5
 425 0111 01       		.uleb128 0x1
 426 0112 9C       		.byte	0x9c
 427 0113 28010000 		.4byte	0x128
 428 0117 0B       		.uleb128 0xb
ARM GAS  C:\Users\elias\AppData\Local\Temp\cc45KmbV.s 			page 14


 429 0118 E0010000 		.4byte	.LASF21
 430 011c 01       		.byte	0x1
 431 011d 0701     		.2byte	0x107
 432 011f 6B000000 		.4byte	0x6b
 433 0123 3F000000 		.4byte	.LLST2
 434 0127 00       		.byte	0
 435 0128 0A       		.uleb128 0xa
 436 0129 69010000 		.4byte	.LASF22
 437 012d 01       		.byte	0x1
 438 012e 2401     		.2byte	0x124
 439 0130 00000000 		.4byte	.LFB6
 440 0134 20000000 		.4byte	.LFE6-.LFB6
 441 0138 01       		.uleb128 0x1
 442 0139 9C       		.byte	0x9c
 443 013a 4F010000 		.4byte	0x14f
 444 013e 0B       		.uleb128 0xb
 445 013f ED010000 		.4byte	.LASF23
 446 0143 01       		.byte	0x1
 447 0144 2401     		.2byte	0x124
 448 0146 6B000000 		.4byte	0x6b
 449 014a 60000000 		.4byte	.LLST3
 450 014e 00       		.byte	0
 451 014f 07       		.uleb128 0x7
 452 0150 06000000 		.4byte	.LASF24
 453 0154 01       		.byte	0x1
 454 0155 31       		.byte	0x31
 455 0156 00000000 		.4byte	.LFB0
 456 015a 2C000000 		.4byte	.LFE0-.LFB0
 457 015e 01       		.uleb128 0x1
 458 015f 9C       		.byte	0x9c
 459 0160 9A010000 		.4byte	0x19a
 460 0164 0C       		.uleb128 0xc
 461 0165 1A000000 		.4byte	.LVL8
 462 0169 01010000 		.4byte	0x101
 463 016d 77010000 		.4byte	0x177
 464 0171 0D       		.uleb128 0xd
 465 0172 01       		.uleb128 0x1
 466 0173 50       		.byte	0x50
 467 0174 01       		.uleb128 0x1
 468 0175 37       		.byte	0x37
 469 0176 00       		.byte	0
 470 0177 0C       		.uleb128 0xc
 471 0178 20000000 		.4byte	.LVL9
 472 017c 28010000 		.4byte	0x128
 473 0180 8A010000 		.4byte	0x18a
 474 0184 0D       		.uleb128 0xd
 475 0185 01       		.uleb128 0x1
 476 0186 50       		.byte	0x50
 477 0187 01       		.uleb128 0x1
 478 0188 33       		.byte	0x33
 479 0189 00       		.byte	0
 480 018a 0E       		.uleb128 0xe
 481 018b 26000000 		.4byte	.LVL10
 482 018f CD000000 		.4byte	0xcd
 483 0193 0D       		.uleb128 0xd
 484 0194 01       		.uleb128 0x1
 485 0195 50       		.byte	0x50
ARM GAS  C:\Users\elias\AppData\Local\Temp\cc45KmbV.s 			page 15


 486 0196 01       		.uleb128 0x1
 487 0197 33       		.byte	0x33
 488 0198 00       		.byte	0
 489 0199 00       		.byte	0
 490 019a 07       		.uleb128 0x7
 491 019b CA010000 		.4byte	.LASF25
 492 019f 01       		.byte	0x1
 493 01a0 A5       		.byte	0xa5
 494 01a1 00000000 		.4byte	.LFB2
 495 01a5 1C000000 		.4byte	.LFE2-.LFB2
 496 01a9 01       		.uleb128 0x1
 497 01aa 9C       		.byte	0x9c
 498 01ab C2010000 		.4byte	0x1c2
 499 01af 0F       		.uleb128 0xf
 500 01b0 12000000 		.4byte	.LVL11
 501 01b4 4F010000 		.4byte	0x14f
 502 01b8 0F       		.uleb128 0xf
 503 01b9 16000000 		.4byte	.LVL12
 504 01bd AB000000 		.4byte	0xab
 505 01c1 00       		.byte	0
 506 01c2 10       		.uleb128 0x10
 507 01c3 3C010000 		.4byte	.LASF30
 508 01c7 01       		.byte	0x1
 509 01c8 1A       		.byte	0x1a
 510 01c9 6B000000 		.4byte	0x6b
 511 01cd 05       		.uleb128 0x5
 512 01ce 03       		.byte	0x3
 513 01cf 00000000 		.4byte	TIA_n_initVar
 514 01d3 00       		.byte	0
 515              		.section	.debug_abbrev,"",%progbits
 516              	.Ldebug_abbrev0:
 517 0000 01       		.uleb128 0x1
 518 0001 11       		.uleb128 0x11
 519 0002 01       		.byte	0x1
 520 0003 25       		.uleb128 0x25
 521 0004 0E       		.uleb128 0xe
 522 0005 13       		.uleb128 0x13
 523 0006 0B       		.uleb128 0xb
 524 0007 03       		.uleb128 0x3
 525 0008 0E       		.uleb128 0xe
 526 0009 1B       		.uleb128 0x1b
 527 000a 0E       		.uleb128 0xe
 528 000b 55       		.uleb128 0x55
 529 000c 17       		.uleb128 0x17
 530 000d 11       		.uleb128 0x11
 531 000e 01       		.uleb128 0x1
 532 000f 10       		.uleb128 0x10
 533 0010 17       		.uleb128 0x17
 534 0011 00       		.byte	0
 535 0012 00       		.byte	0
 536 0013 02       		.uleb128 0x2
 537 0014 24       		.uleb128 0x24
 538 0015 00       		.byte	0
 539 0016 0B       		.uleb128 0xb
 540 0017 0B       		.uleb128 0xb
 541 0018 3E       		.uleb128 0x3e
 542 0019 0B       		.uleb128 0xb
ARM GAS  C:\Users\elias\AppData\Local\Temp\cc45KmbV.s 			page 16


 543 001a 03       		.uleb128 0x3
 544 001b 0E       		.uleb128 0xe
 545 001c 00       		.byte	0
 546 001d 00       		.byte	0
 547 001e 03       		.uleb128 0x3
 548 001f 24       		.uleb128 0x24
 549 0020 00       		.byte	0
 550 0021 0B       		.uleb128 0xb
 551 0022 0B       		.uleb128 0xb
 552 0023 3E       		.uleb128 0x3e
 553 0024 0B       		.uleb128 0xb
 554 0025 03       		.uleb128 0x3
 555 0026 08       		.uleb128 0x8
 556 0027 00       		.byte	0
 557 0028 00       		.byte	0
 558 0029 04       		.uleb128 0x4
 559 002a 16       		.uleb128 0x16
 560 002b 00       		.byte	0
 561 002c 03       		.uleb128 0x3
 562 002d 0E       		.uleb128 0xe
 563 002e 3A       		.uleb128 0x3a
 564 002f 0B       		.uleb128 0xb
 565 0030 3B       		.uleb128 0x3b
 566 0031 05       		.uleb128 0x5
 567 0032 49       		.uleb128 0x49
 568 0033 13       		.uleb128 0x13
 569 0034 00       		.byte	0
 570 0035 00       		.byte	0
 571 0036 05       		.uleb128 0x5
 572 0037 35       		.uleb128 0x35
 573 0038 00       		.byte	0
 574 0039 49       		.uleb128 0x49
 575 003a 13       		.uleb128 0x13
 576 003b 00       		.byte	0
 577 003c 00       		.byte	0
 578 003d 06       		.uleb128 0x6
 579 003e 2E       		.uleb128 0x2e
 580 003f 00       		.byte	0
 581 0040 3F       		.uleb128 0x3f
 582 0041 19       		.uleb128 0x19
 583 0042 03       		.uleb128 0x3
 584 0043 0E       		.uleb128 0xe
 585 0044 3A       		.uleb128 0x3a
 586 0045 0B       		.uleb128 0xb
 587 0046 3B       		.uleb128 0x3b
 588 0047 0B       		.uleb128 0xb
 589 0048 27       		.uleb128 0x27
 590 0049 19       		.uleb128 0x19
 591 004a 11       		.uleb128 0x11
 592 004b 01       		.uleb128 0x1
 593 004c 12       		.uleb128 0x12
 594 004d 06       		.uleb128 0x6
 595 004e 40       		.uleb128 0x40
 596 004f 18       		.uleb128 0x18
 597 0050 9742     		.uleb128 0x2117
 598 0052 19       		.uleb128 0x19
 599 0053 00       		.byte	0
ARM GAS  C:\Users\elias\AppData\Local\Temp\cc45KmbV.s 			page 17


 600 0054 00       		.byte	0
 601 0055 07       		.uleb128 0x7
 602 0056 2E       		.uleb128 0x2e
 603 0057 01       		.byte	0x1
 604 0058 3F       		.uleb128 0x3f
 605 0059 19       		.uleb128 0x19
 606 005a 03       		.uleb128 0x3
 607 005b 0E       		.uleb128 0xe
 608 005c 3A       		.uleb128 0x3a
 609 005d 0B       		.uleb128 0xb
 610 005e 3B       		.uleb128 0x3b
 611 005f 0B       		.uleb128 0xb
 612 0060 27       		.uleb128 0x27
 613 0061 19       		.uleb128 0x19
 614 0062 11       		.uleb128 0x11
 615 0063 01       		.uleb128 0x1
 616 0064 12       		.uleb128 0x12
 617 0065 06       		.uleb128 0x6
 618 0066 40       		.uleb128 0x40
 619 0067 18       		.uleb128 0x18
 620 0068 9742     		.uleb128 0x2117
 621 006a 19       		.uleb128 0x19
 622 006b 01       		.uleb128 0x1
 623 006c 13       		.uleb128 0x13
 624 006d 00       		.byte	0
 625 006e 00       		.byte	0
 626 006f 08       		.uleb128 0x8
 627 0070 05       		.uleb128 0x5
 628 0071 00       		.byte	0
 629 0072 03       		.uleb128 0x3
 630 0073 0E       		.uleb128 0xe
 631 0074 3A       		.uleb128 0x3a
 632 0075 0B       		.uleb128 0xb
 633 0076 3B       		.uleb128 0x3b
 634 0077 0B       		.uleb128 0xb
 635 0078 49       		.uleb128 0x49
 636 0079 13       		.uleb128 0x13
 637 007a 02       		.uleb128 0x2
 638 007b 17       		.uleb128 0x17
 639 007c 00       		.byte	0
 640 007d 00       		.byte	0
 641 007e 09       		.uleb128 0x9
 642 007f 34       		.uleb128 0x34
 643 0080 00       		.byte	0
 644 0081 03       		.uleb128 0x3
 645 0082 0E       		.uleb128 0xe
 646 0083 3A       		.uleb128 0x3a
 647 0084 0B       		.uleb128 0xb
 648 0085 3B       		.uleb128 0x3b
 649 0086 0B       		.uleb128 0xb
 650 0087 49       		.uleb128 0x49
 651 0088 13       		.uleb128 0x13
 652 0089 02       		.uleb128 0x2
 653 008a 17       		.uleb128 0x17
 654 008b 00       		.byte	0
 655 008c 00       		.byte	0
 656 008d 0A       		.uleb128 0xa
ARM GAS  C:\Users\elias\AppData\Local\Temp\cc45KmbV.s 			page 18


 657 008e 2E       		.uleb128 0x2e
 658 008f 01       		.byte	0x1
 659 0090 3F       		.uleb128 0x3f
 660 0091 19       		.uleb128 0x19
 661 0092 03       		.uleb128 0x3
 662 0093 0E       		.uleb128 0xe
 663 0094 3A       		.uleb128 0x3a
 664 0095 0B       		.uleb128 0xb
 665 0096 3B       		.uleb128 0x3b
 666 0097 05       		.uleb128 0x5
 667 0098 27       		.uleb128 0x27
 668 0099 19       		.uleb128 0x19
 669 009a 11       		.uleb128 0x11
 670 009b 01       		.uleb128 0x1
 671 009c 12       		.uleb128 0x12
 672 009d 06       		.uleb128 0x6
 673 009e 40       		.uleb128 0x40
 674 009f 18       		.uleb128 0x18
 675 00a0 9742     		.uleb128 0x2117
 676 00a2 19       		.uleb128 0x19
 677 00a3 01       		.uleb128 0x1
 678 00a4 13       		.uleb128 0x13
 679 00a5 00       		.byte	0
 680 00a6 00       		.byte	0
 681 00a7 0B       		.uleb128 0xb
 682 00a8 05       		.uleb128 0x5
 683 00a9 00       		.byte	0
 684 00aa 03       		.uleb128 0x3
 685 00ab 0E       		.uleb128 0xe
 686 00ac 3A       		.uleb128 0x3a
 687 00ad 0B       		.uleb128 0xb
 688 00ae 3B       		.uleb128 0x3b
 689 00af 05       		.uleb128 0x5
 690 00b0 49       		.uleb128 0x49
 691 00b1 13       		.uleb128 0x13
 692 00b2 02       		.uleb128 0x2
 693 00b3 17       		.uleb128 0x17
 694 00b4 00       		.byte	0
 695 00b5 00       		.byte	0
 696 00b6 0C       		.uleb128 0xc
 697 00b7 898201   		.uleb128 0x4109
 698 00ba 01       		.byte	0x1
 699 00bb 11       		.uleb128 0x11
 700 00bc 01       		.uleb128 0x1
 701 00bd 31       		.uleb128 0x31
 702 00be 13       		.uleb128 0x13
 703 00bf 01       		.uleb128 0x1
 704 00c0 13       		.uleb128 0x13
 705 00c1 00       		.byte	0
 706 00c2 00       		.byte	0
 707 00c3 0D       		.uleb128 0xd
 708 00c4 8A8201   		.uleb128 0x410a
 709 00c7 00       		.byte	0
 710 00c8 02       		.uleb128 0x2
 711 00c9 18       		.uleb128 0x18
 712 00ca 9142     		.uleb128 0x2111
 713 00cc 18       		.uleb128 0x18
ARM GAS  C:\Users\elias\AppData\Local\Temp\cc45KmbV.s 			page 19


 714 00cd 00       		.byte	0
 715 00ce 00       		.byte	0
 716 00cf 0E       		.uleb128 0xe
 717 00d0 898201   		.uleb128 0x4109
 718 00d3 01       		.byte	0x1
 719 00d4 11       		.uleb128 0x11
 720 00d5 01       		.uleb128 0x1
 721 00d6 31       		.uleb128 0x31
 722 00d7 13       		.uleb128 0x13
 723 00d8 00       		.byte	0
 724 00d9 00       		.byte	0
 725 00da 0F       		.uleb128 0xf
 726 00db 898201   		.uleb128 0x4109
 727 00de 00       		.byte	0
 728 00df 11       		.uleb128 0x11
 729 00e0 01       		.uleb128 0x1
 730 00e1 31       		.uleb128 0x31
 731 00e2 13       		.uleb128 0x13
 732 00e3 00       		.byte	0
 733 00e4 00       		.byte	0
 734 00e5 10       		.uleb128 0x10
 735 00e6 34       		.uleb128 0x34
 736 00e7 00       		.byte	0
 737 00e8 03       		.uleb128 0x3
 738 00e9 0E       		.uleb128 0xe
 739 00ea 3A       		.uleb128 0x3a
 740 00eb 0B       		.uleb128 0xb
 741 00ec 3B       		.uleb128 0x3b
 742 00ed 0B       		.uleb128 0xb
 743 00ee 49       		.uleb128 0x49
 744 00ef 13       		.uleb128 0x13
 745 00f0 3F       		.uleb128 0x3f
 746 00f1 19       		.uleb128 0x19
 747 00f2 02       		.uleb128 0x2
 748 00f3 18       		.uleb128 0x18
 749 00f4 00       		.byte	0
 750 00f5 00       		.byte	0
 751 00f6 00       		.byte	0
 752              		.section	.debug_loc,"",%progbits
 753              	.Ldebug_loc0:
 754              	.LLST0:
 755 0000 00000000 		.4byte	.LVL0
 756 0004 0C000000 		.4byte	.LVL2
 757 0008 0100     		.2byte	0x1
 758 000a 50       		.byte	0x50
 759 000b 0C000000 		.4byte	.LVL2
 760 000f 18000000 		.4byte	.LFE4
 761 0013 0400     		.2byte	0x4
 762 0015 F3       		.byte	0xf3
 763 0016 01       		.uleb128 0x1
 764 0017 50       		.byte	0x50
 765 0018 9F       		.byte	0x9f
 766 0019 00000000 		.4byte	0
 767 001d 00000000 		.4byte	0
 768              	.LLST1:
 769 0021 08000000 		.4byte	.LVL1
 770 0025 0E000000 		.4byte	.LVL3
ARM GAS  C:\Users\elias\AppData\Local\Temp\cc45KmbV.s 			page 20


 771 0029 0100     		.2byte	0x1
 772 002b 53       		.byte	0x53
 773 002c 0E000000 		.4byte	.LVL3
 774 0030 18000000 		.4byte	.LFE4
 775 0034 0100     		.2byte	0x1
 776 0036 50       		.byte	0x50
 777 0037 00000000 		.4byte	0
 778 003b 00000000 		.4byte	0
 779              	.LLST2:
 780 003f 00000000 		.4byte	.LVL4
 781 0043 12000000 		.4byte	.LVL5
 782 0047 0100     		.2byte	0x1
 783 0049 50       		.byte	0x50
 784 004a 12000000 		.4byte	.LVL5
 785 004e 20000000 		.4byte	.LFE5
 786 0052 0400     		.2byte	0x4
 787 0054 F3       		.byte	0xf3
 788 0055 01       		.uleb128 0x1
 789 0056 50       		.byte	0x50
 790 0057 9F       		.byte	0x9f
 791 0058 00000000 		.4byte	0
 792 005c 00000000 		.4byte	0
 793              	.LLST3:
 794 0060 00000000 		.4byte	.LVL6
 795 0064 12000000 		.4byte	.LVL7
 796 0068 0100     		.2byte	0x1
 797 006a 50       		.byte	0x50
 798 006b 12000000 		.4byte	.LVL7
 799 006f 20000000 		.4byte	.LFE6
 800 0073 0400     		.2byte	0x4
 801 0075 F3       		.byte	0xf3
 802 0076 01       		.uleb128 0x1
 803 0077 50       		.byte	0x50
 804 0078 9F       		.byte	0x9f
 805 0079 00000000 		.4byte	0
 806 007d 00000000 		.4byte	0
 807              		.section	.debug_aranges,"",%progbits
 808 0000 4C000000 		.4byte	0x4c
 809 0004 0200     		.2byte	0x2
 810 0006 00000000 		.4byte	.Ldebug_info0
 811 000a 04       		.byte	0x4
 812 000b 00       		.byte	0
 813 000c 0000     		.2byte	0
 814 000e 0000     		.2byte	0
 815 0010 00000000 		.4byte	.LFB1
 816 0014 28000000 		.4byte	.LFE1-.LFB1
 817 0018 00000000 		.4byte	.LFB3
 818 001c 1C000000 		.4byte	.LFE3-.LFB3
 819 0020 00000000 		.4byte	.LFB4
 820 0024 18000000 		.4byte	.LFE4-.LFB4
 821 0028 00000000 		.4byte	.LFB5
 822 002c 20000000 		.4byte	.LFE5-.LFB5
 823 0030 00000000 		.4byte	.LFB6
 824 0034 20000000 		.4byte	.LFE6-.LFB6
 825 0038 00000000 		.4byte	.LFB0
 826 003c 2C000000 		.4byte	.LFE0-.LFB0
 827 0040 00000000 		.4byte	.LFB2
ARM GAS  C:\Users\elias\AppData\Local\Temp\cc45KmbV.s 			page 21


 828 0044 1C000000 		.4byte	.LFE2-.LFB2
 829 0048 00000000 		.4byte	0
 830 004c 00000000 		.4byte	0
 831              		.section	.debug_ranges,"",%progbits
 832              	.Ldebug_ranges0:
 833 0000 00000000 		.4byte	.LFB1
 834 0004 28000000 		.4byte	.LFE1
 835 0008 00000000 		.4byte	.LFB3
 836 000c 1C000000 		.4byte	.LFE3
 837 0010 00000000 		.4byte	.LFB4
 838 0014 18000000 		.4byte	.LFE4
 839 0018 00000000 		.4byte	.LFB5
 840 001c 20000000 		.4byte	.LFE5
 841 0020 00000000 		.4byte	.LFB6
 842 0024 20000000 		.4byte	.LFE6
 843 0028 00000000 		.4byte	.LFB0
 844 002c 2C000000 		.4byte	.LFE0
 845 0030 00000000 		.4byte	.LFB2
 846 0034 1C000000 		.4byte	.LFE2
 847 0038 00000000 		.4byte	0
 848 003c 00000000 		.4byte	0
 849              		.section	.debug_line,"",%progbits
 850              	.Ldebug_line0:
 851 0000 D3000000 		.section	.debug_str,"MS",%progbits,1
 851      02004200 
 851      00000201 
 851      FB0E0D00 
 851      01010101 
 852              	.LASF29:
 853 0000 746D7043 		.ascii	"tmpCR\000"
 853      5200
 854              	.LASF24:
 855 0006 5449415F 		.ascii	"TIA_n_Init\000"
 855      6E5F496E 
 855      697400
 856              	.LASF19:
 857 0011 5449415F 		.ascii	"TIA_n_SetResFB\000"
 857      6E5F5365 
 857      74526573 
 857      464200
 858              	.LASF3:
 859 0020 73686F72 		.ascii	"short unsigned int\000"
 859      7420756E 
 859      7369676E 
 859      65642069 
 859      6E7400
 860              	.LASF20:
 861 0033 706F7765 		.ascii	"power\000"
 861      7200
 862              	.LASF9:
 863 0039 666C6F61 		.ascii	"float\000"
 863      7400
 864              	.LASF16:
 865 003f 5449415F 		.ascii	"TIA_n_Enable\000"
 865      6E5F456E 
 865      61626C65 
 865      00
ARM GAS  C:\Users\elias\AppData\Local\Temp\cc45KmbV.s 			page 22


 866              	.LASF1:
 867 004c 756E7369 		.ascii	"unsigned char\000"
 867      676E6564 
 867      20636861 
 867      7200
 868              	.LASF26:
 869 005a 474E5520 		.ascii	"GNU C11 5.4.1 20160609 (release) [ARM/embedded-5-br"
 869      43313120 
 869      352E342E 
 869      31203230 
 869      31363036 
 870 008d 616E6368 		.ascii	"anch revision 237715] -mcpu=cortex-m3 -mthumb -g -O"
 870      20726576 
 870      6973696F 
 870      6E203233 
 870      37373135 
 871 00c0 67202D66 		.ascii	"g -ffunction-sections -ffat-lto-objects\000"
 871      66756E63 
 871      74696F6E 
 871      2D736563 
 871      74696F6E 
 872              	.LASF13:
 873 00e8 72656738 		.ascii	"reg8\000"
 873      00
 874              	.LASF28:
 875 00ed 433A5C47 		.ascii	"C:\\Github\\Tesis\\src\\psoc\\ComparacionSimplifica"
 875      69746875 
 875      625C5465 
 875      7369735C 
 875      7372635C 
 876 011b 64612E63 		.ascii	"da.cydsn\000"
 876      7964736E 
 876      00
 877              	.LASF5:
 878 0124 6C6F6E67 		.ascii	"long unsigned int\000"
 878      20756E73 
 878      69676E65 
 878      6420696E 
 878      7400
 879              	.LASF12:
 880 0136 75696E74 		.ascii	"uint8\000"
 880      3800
 881              	.LASF30:
 882 013c 5449415F 		.ascii	"TIA_n_initVar\000"
 882      6E5F696E 
 882      69745661 
 882      7200
 883              	.LASF17:
 884 014a 5449415F 		.ascii	"TIA_n_Stop\000"
 884      6E5F5374 
 884      6F7000
 885              	.LASF10:
 886 0155 646F7562 		.ascii	"double\000"
 886      6C6500
 887              	.LASF8:
 888 015c 756E7369 		.ascii	"unsigned int\000"
 888      676E6564 
ARM GAS  C:\Users\elias\AppData\Local\Temp\cc45KmbV.s 			page 23


 888      20696E74 
 888      00
 889              	.LASF22:
 890 0169 5449415F 		.ascii	"TIA_n_SetCapFB\000"
 890      6E5F5365 
 890      74436170 
 890      464200
 891              	.LASF7:
 892 0178 6C6F6E67 		.ascii	"long long unsigned int\000"
 892      206C6F6E 
 892      6720756E 
 892      7369676E 
 892      65642069 
 893              	.LASF15:
 894 018f 73697A65 		.ascii	"sizetype\000"
 894      74797065 
 894      00
 895              	.LASF6:
 896 0198 6C6F6E67 		.ascii	"long long int\000"
 896      206C6F6E 
 896      6720696E 
 896      7400
 897              	.LASF27:
 898 01a6 47656E65 		.ascii	"Generated_Source\\PSoC5\\TIA_n.c\000"
 898      72617465 
 898      645F536F 
 898      75726365 
 898      5C50536F 
 899              	.LASF11:
 900 01c5 63686172 		.ascii	"char\000"
 900      00
 901              	.LASF25:
 902 01ca 5449415F 		.ascii	"TIA_n_Start\000"
 902      6E5F5374 
 902      61727400 
 903              	.LASF2:
 904 01d6 73686F72 		.ascii	"short int\000"
 904      7420696E 
 904      7400
 905              	.LASF21:
 906 01e0 7265735F 		.ascii	"res_feedback\000"
 906      66656564 
 906      6261636B 
 906      00
 907              	.LASF23:
 908 01ed 6361705F 		.ascii	"cap_feedback\000"
 908      66656564 
 908      6261636B 
 908      00
 909              	.LASF4:
 910 01fa 6C6F6E67 		.ascii	"long int\000"
 910      20696E74 
 910      00
 911              	.LASF18:
 912 0203 5449415F 		.ascii	"TIA_n_SetPower\000"
 912      6E5F5365 
 912      74506F77 
ARM GAS  C:\Users\elias\AppData\Local\Temp\cc45KmbV.s 			page 24


 912      657200
 913              	.LASF14:
 914 0212 6C6F6E67 		.ascii	"long double\000"
 914      20646F75 
 914      626C6500 
 915              	.LASF0:
 916 021e 7369676E 		.ascii	"signed char\000"
 916      65642063 
 916      68617200 
 917              		.ident	"GCC: (GNU Tools for ARM Embedded Processors) 5.4.1 20160609 (release) [ARM/embedded-5-bran
