ARM GAS  C:\Users\elias\AppData\Local\Temp\ccX7l3g2.s 			page 1


   1              		.syntax unified
   2              		.cpu cortex-m3
   3              		.fpu softvfp
   4              		.eabi_attribute 20, 1
   5              		.eabi_attribute 21, 1
   6              		.eabi_attribute 23, 3
   7              		.eabi_attribute 24, 1
   8              		.eabi_attribute 25, 1
   9              		.eabi_attribute 26, 1
  10              		.eabi_attribute 30, 1
  11              		.eabi_attribute 34, 1
  12              		.eabi_attribute 18, 4
  13              		.thumb
  14              		.syntax unified
  15              		.file	"UART_PC_INT.c"
  16              		.text
  17              	.Ltext0:
  18              		.cfi_sections	.debug_frame
  19              		.section	.text.UART_PC_RXISR,"ax",%progbits
  20              		.align	2
  21              		.global	UART_PC_RXISR
  22              		.thumb
  23              		.thumb_func
  24              		.type	UART_PC_RXISR, %function
  25              	UART_PC_RXISR:
  26              	.LFB0:
  27              		.file 1 "Generated_Source\\PSoC5\\UART_PC_INT.c"
   1:Generated_Source\PSoC5/UART_PC_INT.c **** /*******************************************************************************
   2:Generated_Source\PSoC5/UART_PC_INT.c **** * File Name: UART_PCINT.c
   3:Generated_Source\PSoC5/UART_PC_INT.c **** * Version 2.50
   4:Generated_Source\PSoC5/UART_PC_INT.c **** *
   5:Generated_Source\PSoC5/UART_PC_INT.c **** * Description:
   6:Generated_Source\PSoC5/UART_PC_INT.c **** *  This file provides all Interrupt Service functionality of the UART component
   7:Generated_Source\PSoC5/UART_PC_INT.c **** *
   8:Generated_Source\PSoC5/UART_PC_INT.c **** ********************************************************************************
   9:Generated_Source\PSoC5/UART_PC_INT.c **** * Copyright 2008-2015, Cypress Semiconductor Corporation.  All rights reserved.
  10:Generated_Source\PSoC5/UART_PC_INT.c **** * You may use this file only in accordance with the license, terms, conditions,
  11:Generated_Source\PSoC5/UART_PC_INT.c **** * disclaimers, and limitations in the end user license agreement accompanying
  12:Generated_Source\PSoC5/UART_PC_INT.c **** * the software package with which this file was provided.
  13:Generated_Source\PSoC5/UART_PC_INT.c **** *******************************************************************************/
  14:Generated_Source\PSoC5/UART_PC_INT.c **** 
  15:Generated_Source\PSoC5/UART_PC_INT.c **** #include "UART_PC.h"
  16:Generated_Source\PSoC5/UART_PC_INT.c **** #include "cyapicallbacks.h"
  17:Generated_Source\PSoC5/UART_PC_INT.c **** 
  18:Generated_Source\PSoC5/UART_PC_INT.c **** 
  19:Generated_Source\PSoC5/UART_PC_INT.c **** /***************************************
  20:Generated_Source\PSoC5/UART_PC_INT.c **** * Custom Declarations
  21:Generated_Source\PSoC5/UART_PC_INT.c **** ***************************************/
  22:Generated_Source\PSoC5/UART_PC_INT.c **** /* `#START CUSTOM_DECLARATIONS` Place your declaration here */
  23:Generated_Source\PSoC5/UART_PC_INT.c **** 
  24:Generated_Source\PSoC5/UART_PC_INT.c **** /* `#END` */
  25:Generated_Source\PSoC5/UART_PC_INT.c **** 
  26:Generated_Source\PSoC5/UART_PC_INT.c **** #if (UART_PC_RX_INTERRUPT_ENABLED && (UART_PC_RX_ENABLED || UART_PC_HD_ENABLED))
  27:Generated_Source\PSoC5/UART_PC_INT.c ****     /*******************************************************************************
  28:Generated_Source\PSoC5/UART_PC_INT.c ****     * Function Name: UART_PC_RXISR
  29:Generated_Source\PSoC5/UART_PC_INT.c ****     ********************************************************************************
  30:Generated_Source\PSoC5/UART_PC_INT.c ****     *
ARM GAS  C:\Users\elias\AppData\Local\Temp\ccX7l3g2.s 			page 2


  31:Generated_Source\PSoC5/UART_PC_INT.c ****     * Summary:
  32:Generated_Source\PSoC5/UART_PC_INT.c ****     *  Interrupt Service Routine for RX portion of the UART
  33:Generated_Source\PSoC5/UART_PC_INT.c ****     *
  34:Generated_Source\PSoC5/UART_PC_INT.c ****     * Parameters:
  35:Generated_Source\PSoC5/UART_PC_INT.c ****     *  None.
  36:Generated_Source\PSoC5/UART_PC_INT.c ****     *
  37:Generated_Source\PSoC5/UART_PC_INT.c ****     * Return:
  38:Generated_Source\PSoC5/UART_PC_INT.c ****     *  None.
  39:Generated_Source\PSoC5/UART_PC_INT.c ****     *
  40:Generated_Source\PSoC5/UART_PC_INT.c ****     * Global Variables:
  41:Generated_Source\PSoC5/UART_PC_INT.c ****     *  UART_PC_rxBuffer - RAM buffer pointer for save received data.
  42:Generated_Source\PSoC5/UART_PC_INT.c ****     *  UART_PC_rxBufferWrite - cyclic index for write to rxBuffer,
  43:Generated_Source\PSoC5/UART_PC_INT.c ****     *     increments after each byte saved to buffer.
  44:Generated_Source\PSoC5/UART_PC_INT.c ****     *  UART_PC_rxBufferRead - cyclic index for read from rxBuffer,
  45:Generated_Source\PSoC5/UART_PC_INT.c ****     *     checked to detect overflow condition.
  46:Generated_Source\PSoC5/UART_PC_INT.c ****     *  UART_PC_rxBufferOverflow - software overflow flag. Set to one
  47:Generated_Source\PSoC5/UART_PC_INT.c ****     *     when UART_PC_rxBufferWrite index overtakes
  48:Generated_Source\PSoC5/UART_PC_INT.c ****     *     UART_PC_rxBufferRead index.
  49:Generated_Source\PSoC5/UART_PC_INT.c ****     *  UART_PC_rxBufferLoopDetect - additional variable to detect overflow.
  50:Generated_Source\PSoC5/UART_PC_INT.c ****     *     Set to one when UART_PC_rxBufferWrite is equal to
  51:Generated_Source\PSoC5/UART_PC_INT.c ****     *    UART_PC_rxBufferRead
  52:Generated_Source\PSoC5/UART_PC_INT.c ****     *  UART_PC_rxAddressMode - this variable contains the Address mode,
  53:Generated_Source\PSoC5/UART_PC_INT.c ****     *     selected in customizer or set by UART_SetRxAddressMode() API.
  54:Generated_Source\PSoC5/UART_PC_INT.c ****     *  UART_PC_rxAddressDetected - set to 1 when correct address received,
  55:Generated_Source\PSoC5/UART_PC_INT.c ****     *     and analysed to store following addressed data bytes to the buffer.
  56:Generated_Source\PSoC5/UART_PC_INT.c ****     *     When not correct address received, set to 0 to skip following data bytes.
  57:Generated_Source\PSoC5/UART_PC_INT.c ****     *
  58:Generated_Source\PSoC5/UART_PC_INT.c ****     *******************************************************************************/
  59:Generated_Source\PSoC5/UART_PC_INT.c ****     CY_ISR(UART_PC_RXISR)
  60:Generated_Source\PSoC5/UART_PC_INT.c ****     {
  28              		.loc 1 60 0
  29              		.cfi_startproc
  30              		@ args = 0, pretend = 0, frame = 0
  31              		@ frame_needed = 0, uses_anonymous_args = 0
  32              		@ link register save eliminated.
  33              	.L6:
  61:Generated_Source\PSoC5/UART_PC_INT.c ****         uint8 readData;
  62:Generated_Source\PSoC5/UART_PC_INT.c ****         uint8 readStatus;
  63:Generated_Source\PSoC5/UART_PC_INT.c ****         uint8 increment_pointer = 0u;
  64:Generated_Source\PSoC5/UART_PC_INT.c **** 
  65:Generated_Source\PSoC5/UART_PC_INT.c ****     #if(CY_PSOC3)
  66:Generated_Source\PSoC5/UART_PC_INT.c ****         uint8 int_en;
  67:Generated_Source\PSoC5/UART_PC_INT.c ****     #endif /* (CY_PSOC3) */
  68:Generated_Source\PSoC5/UART_PC_INT.c **** 
  69:Generated_Source\PSoC5/UART_PC_INT.c ****     #ifdef UART_PC_RXISR_ENTRY_CALLBACK
  70:Generated_Source\PSoC5/UART_PC_INT.c ****         UART_PC_RXISR_EntryCallback();
  71:Generated_Source\PSoC5/UART_PC_INT.c ****     #endif /* UART_PC_RXISR_ENTRY_CALLBACK */
  72:Generated_Source\PSoC5/UART_PC_INT.c **** 
  73:Generated_Source\PSoC5/UART_PC_INT.c ****         /* User code required at start of ISR */
  74:Generated_Source\PSoC5/UART_PC_INT.c ****         /* `#START UART_PC_RXISR_START` */
  75:Generated_Source\PSoC5/UART_PC_INT.c **** 
  76:Generated_Source\PSoC5/UART_PC_INT.c ****         /* `#END` */
  77:Generated_Source\PSoC5/UART_PC_INT.c **** 
  78:Generated_Source\PSoC5/UART_PC_INT.c ****     #if(CY_PSOC3)   /* Make sure nested interrupt is enabled */
  79:Generated_Source\PSoC5/UART_PC_INT.c ****         int_en = EA;
  80:Generated_Source\PSoC5/UART_PC_INT.c ****         CyGlobalIntEnable;
  81:Generated_Source\PSoC5/UART_PC_INT.c ****     #endif /* (CY_PSOC3) */
ARM GAS  C:\Users\elias\AppData\Local\Temp\ccX7l3g2.s 			page 3


  82:Generated_Source\PSoC5/UART_PC_INT.c **** 
  83:Generated_Source\PSoC5/UART_PC_INT.c ****         do
  84:Generated_Source\PSoC5/UART_PC_INT.c ****         {
  85:Generated_Source\PSoC5/UART_PC_INT.c ****             /* Read receiver status register */
  86:Generated_Source\PSoC5/UART_PC_INT.c ****             readStatus = UART_PC_RXSTATUS_REG;
  34              		.loc 1 86 0
  35 0000 1D4B     		ldr	r3, .L7
  36 0002 1B78     		ldrb	r3, [r3]	@ zero_extendqisi2
  37 0004 DBB2     		uxtb	r3, r3
  38              	.LVL0:
  87:Generated_Source\PSoC5/UART_PC_INT.c ****             /* Copy the same status to readData variable for backward compatibility support 
  88:Generated_Source\PSoC5/UART_PC_INT.c ****             *  of the user code in UART_PC_RXISR_ERROR` section. 
  89:Generated_Source\PSoC5/UART_PC_INT.c ****             */
  90:Generated_Source\PSoC5/UART_PC_INT.c ****             readData = readStatus;
  91:Generated_Source\PSoC5/UART_PC_INT.c **** 
  92:Generated_Source\PSoC5/UART_PC_INT.c ****             if((readStatus & (UART_PC_RX_STS_BREAK | 
  39              		.loc 1 92 0
  40 0006 13F01E0F 		tst	r3, #30
  41 000a 05D0     		beq	.L2
  93:Generated_Source\PSoC5/UART_PC_INT.c ****                             UART_PC_RX_STS_PAR_ERROR |
  94:Generated_Source\PSoC5/UART_PC_INT.c ****                             UART_PC_RX_STS_STOP_ERROR | 
  95:Generated_Source\PSoC5/UART_PC_INT.c ****                             UART_PC_RX_STS_OVERRUN)) != 0u)
  96:Generated_Source\PSoC5/UART_PC_INT.c ****             {
  97:Generated_Source\PSoC5/UART_PC_INT.c ****                 /* ERROR handling. */
  98:Generated_Source\PSoC5/UART_PC_INT.c ****                 UART_PC_errorStatus |= readStatus & ( UART_PC_RX_STS_BREAK | 
  42              		.loc 1 98 0
  43 000c 1B48     		ldr	r0, .L7+4
  44 000e 03F01E02 		and	r2, r3, #30
  45 0012 0178     		ldrb	r1, [r0]	@ zero_extendqisi2
  46 0014 0A43     		orrs	r2, r2, r1
  47 0016 0270     		strb	r2, [r0]
  48              	.L2:
  49 0018 03F02003 		and	r3, r3, #32
  50              	.LVL1:
  99:Generated_Source\PSoC5/UART_PC_INT.c ****                                                             UART_PC_RX_STS_PAR_ERROR | 
 100:Generated_Source\PSoC5/UART_PC_INT.c ****                                                             UART_PC_RX_STS_STOP_ERROR | 
 101:Generated_Source\PSoC5/UART_PC_INT.c ****                                                             UART_PC_RX_STS_OVERRUN);
 102:Generated_Source\PSoC5/UART_PC_INT.c ****                 /* `#START UART_PC_RXISR_ERROR` */
 103:Generated_Source\PSoC5/UART_PC_INT.c **** 
 104:Generated_Source\PSoC5/UART_PC_INT.c ****                 /* `#END` */
 105:Generated_Source\PSoC5/UART_PC_INT.c ****                 
 106:Generated_Source\PSoC5/UART_PC_INT.c ****             #ifdef UART_PC_RXISR_ERROR_CALLBACK
 107:Generated_Source\PSoC5/UART_PC_INT.c ****                 UART_PC_RXISR_ERROR_Callback();
 108:Generated_Source\PSoC5/UART_PC_INT.c ****             #endif /* UART_PC_RXISR_ERROR_CALLBACK */
 109:Generated_Source\PSoC5/UART_PC_INT.c ****             }
 110:Generated_Source\PSoC5/UART_PC_INT.c ****             
 111:Generated_Source\PSoC5/UART_PC_INT.c ****             if((readStatus & UART_PC_RX_STS_FIFO_NOTEMPTY) != 0u)
  51              		.loc 1 111 0
  52 001c 03F0FF02 		and	r2, r3, #255
  53 0020 33B3     		cbz	r3, .L3
 112:Generated_Source\PSoC5/UART_PC_INT.c ****             {
 113:Generated_Source\PSoC5/UART_PC_INT.c ****                 /* Read data from the RX data register */
 114:Generated_Source\PSoC5/UART_PC_INT.c ****                 readData = UART_PC_RXDATA_REG;
  54              		.loc 1 114 0
  55 0022 174B     		ldr	r3, .L7+8
  56 0024 1978     		ldrb	r1, [r3]	@ zero_extendqisi2
  57 0026 C9B2     		uxtb	r1, r1
ARM GAS  C:\Users\elias\AppData\Local\Temp\ccX7l3g2.s 			page 4


  58              	.LVL2:
 115:Generated_Source\PSoC5/UART_PC_INT.c ****             #if (UART_PC_RXHW_ADDRESS_ENABLED)
 116:Generated_Source\PSoC5/UART_PC_INT.c ****                 if(UART_PC_rxAddressMode == (uint8)UART_PC__B_UART__AM_SW_DETECT_TO_BUFFER)
 117:Generated_Source\PSoC5/UART_PC_INT.c ****                 {
 118:Generated_Source\PSoC5/UART_PC_INT.c ****                     if((readStatus & UART_PC_RX_STS_MRKSPC) != 0u)
 119:Generated_Source\PSoC5/UART_PC_INT.c ****                     {
 120:Generated_Source\PSoC5/UART_PC_INT.c ****                         if ((readStatus & UART_PC_RX_STS_ADDR_MATCH) != 0u)
 121:Generated_Source\PSoC5/UART_PC_INT.c ****                         {
 122:Generated_Source\PSoC5/UART_PC_INT.c ****                             UART_PC_rxAddressDetected = 1u;
 123:Generated_Source\PSoC5/UART_PC_INT.c ****                         }
 124:Generated_Source\PSoC5/UART_PC_INT.c ****                         else
 125:Generated_Source\PSoC5/UART_PC_INT.c ****                         {
 126:Generated_Source\PSoC5/UART_PC_INT.c ****                             UART_PC_rxAddressDetected = 0u;
 127:Generated_Source\PSoC5/UART_PC_INT.c ****                         }
 128:Generated_Source\PSoC5/UART_PC_INT.c ****                     }
 129:Generated_Source\PSoC5/UART_PC_INT.c ****                     if(UART_PC_rxAddressDetected != 0u)
 130:Generated_Source\PSoC5/UART_PC_INT.c ****                     {   /* Store only addressed data */
 131:Generated_Source\PSoC5/UART_PC_INT.c ****                         UART_PC_rxBuffer[UART_PC_rxBufferWrite] = readData;
 132:Generated_Source\PSoC5/UART_PC_INT.c ****                         increment_pointer = 1u;
 133:Generated_Source\PSoC5/UART_PC_INT.c ****                     }
 134:Generated_Source\PSoC5/UART_PC_INT.c ****                 }
 135:Generated_Source\PSoC5/UART_PC_INT.c ****                 else /* Without software addressing */
 136:Generated_Source\PSoC5/UART_PC_INT.c ****                 {
 137:Generated_Source\PSoC5/UART_PC_INT.c ****                     UART_PC_rxBuffer[UART_PC_rxBufferWrite] = readData;
 138:Generated_Source\PSoC5/UART_PC_INT.c ****                     increment_pointer = 1u;
 139:Generated_Source\PSoC5/UART_PC_INT.c ****                 }
 140:Generated_Source\PSoC5/UART_PC_INT.c ****             #else  /* Without addressing */
 141:Generated_Source\PSoC5/UART_PC_INT.c ****                 UART_PC_rxBuffer[UART_PC_rxBufferWrite] = readData;
  59              		.loc 1 141 0
  60 0028 164B     		ldr	r3, .L7+12
  61 002a 1B78     		ldrb	r3, [r3]	@ zero_extendqisi2
  62 002c DBB2     		uxtb	r3, r3
  63 002e 1648     		ldr	r0, .L7+16
  64 0030 C154     		strb	r1, [r0, r3]
  65              	.LVL3:
 142:Generated_Source\PSoC5/UART_PC_INT.c ****                 increment_pointer = 1u;
 143:Generated_Source\PSoC5/UART_PC_INT.c ****             #endif /* (UART_PC_RXHW_ADDRESS_ENABLED) */
 144:Generated_Source\PSoC5/UART_PC_INT.c **** 
 145:Generated_Source\PSoC5/UART_PC_INT.c ****                 /* Do not increment buffer pointer when skip not addressed data */
 146:Generated_Source\PSoC5/UART_PC_INT.c ****                 if(increment_pointer != 0u)
 147:Generated_Source\PSoC5/UART_PC_INT.c ****                 {
 148:Generated_Source\PSoC5/UART_PC_INT.c ****                     if(UART_PC_rxBufferLoopDetect != 0u)
  66              		.loc 1 148 0
  67 0032 164B     		ldr	r3, .L7+20
  68 0034 1B78     		ldrb	r3, [r3]	@ zero_extendqisi2
  69 0036 13F0FF0F 		tst	r3, #255
  70 003a 02D0     		beq	.L4
 149:Generated_Source\PSoC5/UART_PC_INT.c ****                     {   /* Set Software Buffer status Overflow */
 150:Generated_Source\PSoC5/UART_PC_INT.c ****                         UART_PC_rxBufferOverflow = 1u;
  71              		.loc 1 150 0
  72 003c 0121     		movs	r1, #1
  73              	.LVL4:
  74 003e 144B     		ldr	r3, .L7+24
  75 0040 1970     		strb	r1, [r3]
  76              	.L4:
 151:Generated_Source\PSoC5/UART_PC_INT.c ****                     }
 152:Generated_Source\PSoC5/UART_PC_INT.c ****                     /* Set next pointer. */
ARM GAS  C:\Users\elias\AppData\Local\Temp\ccX7l3g2.s 			page 5


 153:Generated_Source\PSoC5/UART_PC_INT.c ****                     UART_PC_rxBufferWrite++;
  77              		.loc 1 153 0
  78 0042 1049     		ldr	r1, .L7+12
  79 0044 0B78     		ldrb	r3, [r1]	@ zero_extendqisi2
  80 0046 0133     		adds	r3, r3, #1
  81 0048 DBB2     		uxtb	r3, r3
  82 004a 0B70     		strb	r3, [r1]
 154:Generated_Source\PSoC5/UART_PC_INT.c **** 
 155:Generated_Source\PSoC5/UART_PC_INT.c ****                     /* Check pointer for a loop condition */
 156:Generated_Source\PSoC5/UART_PC_INT.c ****                     if(UART_PC_rxBufferWrite >= UART_PC_RX_BUFFER_SIZE)
  83              		.loc 1 156 0
  84 004c 0B78     		ldrb	r3, [r1]	@ zero_extendqisi2
  85 004e 13F0800F 		tst	r3, #128
  86 0052 02D0     		beq	.L5
 157:Generated_Source\PSoC5/UART_PC_INT.c ****                     {
 158:Generated_Source\PSoC5/UART_PC_INT.c ****                         UART_PC_rxBufferWrite = 0u;
  87              		.loc 1 158 0
  88 0054 0021     		movs	r1, #0
  89 0056 0B4B     		ldr	r3, .L7+12
  90 0058 1970     		strb	r1, [r3]
  91              	.L5:
 159:Generated_Source\PSoC5/UART_PC_INT.c ****                     }
 160:Generated_Source\PSoC5/UART_PC_INT.c **** 
 161:Generated_Source\PSoC5/UART_PC_INT.c ****                     /* Detect pre-overload condition and set flag */
 162:Generated_Source\PSoC5/UART_PC_INT.c ****                     if(UART_PC_rxBufferWrite == UART_PC_rxBufferRead)
  92              		.loc 1 162 0
  93 005a 0A4B     		ldr	r3, .L7+12
  94 005c 1978     		ldrb	r1, [r3]	@ zero_extendqisi2
  95 005e C9B2     		uxtb	r1, r1
  96 0060 0C4B     		ldr	r3, .L7+28
  97 0062 1B78     		ldrb	r3, [r3]	@ zero_extendqisi2
  98 0064 DBB2     		uxtb	r3, r3
  99 0066 9942     		cmp	r1, r3
 100 0068 02D1     		bne	.L3
 163:Generated_Source\PSoC5/UART_PC_INT.c ****                     {
 164:Generated_Source\PSoC5/UART_PC_INT.c ****                         UART_PC_rxBufferLoopDetect = 1u;
 101              		.loc 1 164 0
 102 006a 0121     		movs	r1, #1
 103 006c 074B     		ldr	r3, .L7+20
 104 006e 1970     		strb	r1, [r3]
 105              	.LVL5:
 106              	.L3:
 165:Generated_Source\PSoC5/UART_PC_INT.c ****                         /* When Hardware Flow Control selected */
 166:Generated_Source\PSoC5/UART_PC_INT.c ****                         #if (UART_PC_FLOW_CONTROL != 0u)
 167:Generated_Source\PSoC5/UART_PC_INT.c ****                             /* Disable RX interrupt mask, it is enabled when user read data from th
 168:Generated_Source\PSoC5/UART_PC_INT.c ****                             UART_PC_RXSTATUS_MASK_REG  &= (uint8)~UART_PC_RX_STS_FIFO_NOTEMPTY;
 169:Generated_Source\PSoC5/UART_PC_INT.c ****                             CyIntClearPending(UART_PC_RX_VECT_NUM);
 170:Generated_Source\PSoC5/UART_PC_INT.c ****                             break; /* Break the reading of the FIFO loop, leave the data there for 
 171:Generated_Source\PSoC5/UART_PC_INT.c ****                         #endif /* (UART_PC_FLOW_CONTROL != 0u) */
 172:Generated_Source\PSoC5/UART_PC_INT.c ****                     }
 173:Generated_Source\PSoC5/UART_PC_INT.c ****                 }
 174:Generated_Source\PSoC5/UART_PC_INT.c ****             }
 175:Generated_Source\PSoC5/UART_PC_INT.c ****         }while((readStatus & UART_PC_RX_STS_FIFO_NOTEMPTY) != 0u);
 107              		.loc 1 175 0
 108 0070 002A     		cmp	r2, #0
 109 0072 C5D1     		bne	.L6
 176:Generated_Source\PSoC5/UART_PC_INT.c **** 
ARM GAS  C:\Users\elias\AppData\Local\Temp\ccX7l3g2.s 			page 6


 177:Generated_Source\PSoC5/UART_PC_INT.c ****         /* User code required at end of ISR (Optional) */
 178:Generated_Source\PSoC5/UART_PC_INT.c ****         /* `#START UART_PC_RXISR_END` */
 179:Generated_Source\PSoC5/UART_PC_INT.c **** 
 180:Generated_Source\PSoC5/UART_PC_INT.c ****         /* `#END` */
 181:Generated_Source\PSoC5/UART_PC_INT.c **** 
 182:Generated_Source\PSoC5/UART_PC_INT.c ****     #ifdef UART_PC_RXISR_EXIT_CALLBACK
 183:Generated_Source\PSoC5/UART_PC_INT.c ****         UART_PC_RXISR_ExitCallback();
 184:Generated_Source\PSoC5/UART_PC_INT.c ****     #endif /* UART_PC_RXISR_EXIT_CALLBACK */
 185:Generated_Source\PSoC5/UART_PC_INT.c **** 
 186:Generated_Source\PSoC5/UART_PC_INT.c ****     #if(CY_PSOC3)
 187:Generated_Source\PSoC5/UART_PC_INT.c ****         EA = int_en;
 188:Generated_Source\PSoC5/UART_PC_INT.c ****     #endif /* (CY_PSOC3) */
 189:Generated_Source\PSoC5/UART_PC_INT.c ****     }
 110              		.loc 1 189 0
 111 0074 7047     		bx	lr
 112              	.L8:
 113 0076 00BF     		.align	2
 114              	.L7:
 115 0078 68650040 		.word	1073767784
 116 007c 00000000 		.word	UART_PC_errorStatus
 117 0080 49650040 		.word	1073767753
 118 0084 00000000 		.word	UART_PC_rxBufferWrite
 119 0088 00000000 		.word	UART_PC_rxBuffer
 120 008c 00000000 		.word	UART_PC_rxBufferLoopDetect
 121 0090 00000000 		.word	UART_PC_rxBufferOverflow
 122 0094 00000000 		.word	UART_PC_rxBufferRead
 123              		.cfi_endproc
 124              	.LFE0:
 125              		.size	UART_PC_RXISR, .-UART_PC_RXISR
 126              		.text
 127              	.Letext0:
 128              		.file 2 "Generated_Source\\PSoC5\\cytypes.h"
 129              		.file 3 "Generated_Source\\PSoC5\\UART_PC.h"
 130              		.section	.debug_info,"",%progbits
 131              	.Ldebug_info0:
 132 0000 48010000 		.4byte	0x148
 133 0004 0400     		.2byte	0x4
 134 0006 00000000 		.4byte	.Ldebug_abbrev0
 135 000a 04       		.byte	0x4
 136 000b 01       		.uleb128 0x1
 137 000c C7000000 		.4byte	.LASF25
 138 0010 0C       		.byte	0xc
 139 0011 33020000 		.4byte	.LASF26
 140 0015 90000000 		.4byte	.LASF27
 141 0019 00000000 		.4byte	.Ldebug_ranges0+0
 142 001d 00000000 		.4byte	0
 143 0021 00000000 		.4byte	.Ldebug_line0
 144 0025 02       		.uleb128 0x2
 145 0026 01       		.byte	0x1
 146 0027 06       		.byte	0x6
 147 0028 E3010000 		.4byte	.LASF0
 148 002c 02       		.uleb128 0x2
 149 002d 01       		.byte	0x1
 150 002e 08       		.byte	0x8
 151 002f 8A010000 		.4byte	.LASF1
 152 0033 02       		.uleb128 0x2
 153 0034 02       		.byte	0x2
ARM GAS  C:\Users\elias\AppData\Local\Temp\ccX7l3g2.s 			page 7


 154 0035 05       		.byte	0x5
 155 0036 A6010000 		.4byte	.LASF2
 156 003a 02       		.uleb128 0x2
 157 003b 02       		.byte	0x2
 158 003c 07       		.byte	0x7
 159 003d D0010000 		.4byte	.LASF3
 160 0041 02       		.uleb128 0x2
 161 0042 04       		.byte	0x4
 162 0043 05       		.byte	0x5
 163 0044 9D010000 		.4byte	.LASF4
 164 0048 02       		.uleb128 0x2
 165 0049 04       		.byte	0x4
 166 004a 07       		.byte	0x7
 167 004b 5B010000 		.4byte	.LASF5
 168 004f 02       		.uleb128 0x2
 169 0050 08       		.byte	0x8
 170 0051 05       		.byte	0x5
 171 0052 00000000 		.4byte	.LASF6
 172 0056 02       		.uleb128 0x2
 173 0057 08       		.byte	0x8
 174 0058 07       		.byte	0x7
 175 0059 6D010000 		.4byte	.LASF7
 176 005d 03       		.uleb128 0x3
 177 005e 04       		.byte	0x4
 178 005f 05       		.byte	0x5
 179 0060 696E7400 		.ascii	"int\000"
 180 0064 02       		.uleb128 0x2
 181 0065 04       		.byte	0x4
 182 0066 07       		.byte	0x7
 183 0067 1F000000 		.4byte	.LASF8
 184 006b 04       		.uleb128 0x4
 185 006c 55010000 		.4byte	.LASF12
 186 0070 02       		.byte	0x2
 187 0071 E901     		.2byte	0x1e9
 188 0073 2C000000 		.4byte	0x2c
 189 0077 02       		.uleb128 0x2
 190 0078 04       		.byte	0x4
 191 0079 04       		.byte	0x4
 192 007a 84010000 		.4byte	.LASF9
 193 007e 02       		.uleb128 0x2
 194 007f 08       		.byte	0x8
 195 0080 04       		.byte	0x4
 196 0081 C9010000 		.4byte	.LASF10
 197 0085 02       		.uleb128 0x2
 198 0086 01       		.byte	0x1
 199 0087 08       		.byte	0x8
 200 0088 98010000 		.4byte	.LASF11
 201 008c 04       		.uleb128 0x4
 202 008d 25020000 		.4byte	.LASF13
 203 0091 02       		.byte	0x2
 204 0092 9302     		.2byte	0x293
 205 0094 98000000 		.4byte	0x98
 206 0098 05       		.uleb128 0x5
 207 0099 6B000000 		.4byte	0x6b
 208 009d 02       		.uleb128 0x2
 209 009e 08       		.byte	0x8
 210 009f 04       		.byte	0x4
ARM GAS  C:\Users\elias\AppData\Local\Temp\ccX7l3g2.s 			page 8


 211 00a0 EF010000 		.4byte	.LASF14
 212 00a4 02       		.uleb128 0x2
 213 00a5 04       		.byte	0x4
 214 00a6 07       		.byte	0x7
 215 00a7 06020000 		.4byte	.LASF15
 216 00ab 06       		.uleb128 0x6
 217 00ac 59000000 		.4byte	.LASF28
 218 00b0 01       		.byte	0x1
 219 00b1 3B       		.byte	0x3b
 220 00b2 00000000 		.4byte	.LFB0
 221 00b6 98000000 		.4byte	.LFE0-.LFB0
 222 00ba 01       		.uleb128 0x1
 223 00bb 9C       		.byte	0x9c
 224 00bc EE000000 		.4byte	0xee
 225 00c0 07       		.uleb128 0x7
 226 00c1 2A020000 		.4byte	.LASF16
 227 00c5 01       		.byte	0x1
 228 00c6 3D       		.byte	0x3d
 229 00c7 6B000000 		.4byte	0x6b
 230 00cb 00000000 		.4byte	.LLST0
 231 00cf 07       		.uleb128 0x7
 232 00d0 FB010000 		.4byte	.LASF17
 233 00d4 01       		.byte	0x1
 234 00d5 3E       		.byte	0x3e
 235 00d6 6B000000 		.4byte	0x6b
 236 00da 1E000000 		.4byte	.LLST1
 237 00de 07       		.uleb128 0x7
 238 00df 47000000 		.4byte	.LASF18
 239 00e3 01       		.byte	0x1
 240 00e4 3F       		.byte	0x3f
 241 00e5 6B000000 		.4byte	0x6b
 242 00e9 31000000 		.4byte	.LLST2
 243 00ed 00       		.byte	0
 244 00ee 08       		.uleb128 0x8
 245 00ef 7C000000 		.4byte	.LASF19
 246 00f3 03       		.byte	0x3
 247 00f4 3D01     		.2byte	0x13d
 248 00f6 6B000000 		.4byte	0x6b
 249 00fa 09       		.uleb128 0x9
 250 00fb 98000000 		.4byte	0x98
 251 00ff 0A010000 		.4byte	0x10a
 252 0103 0A       		.uleb128 0xa
 253 0104 A4000000 		.4byte	0xa4
 254 0108 7F       		.byte	0x7f
 255 0109 00       		.byte	0
 256 010a 08       		.uleb128 0x8
 257 010b 0E000000 		.4byte	.LASF20
 258 010f 03       		.byte	0x3
 259 0110 3E01     		.2byte	0x13e
 260 0112 16010000 		.4byte	0x116
 261 0116 05       		.uleb128 0x5
 262 0117 FA000000 		.4byte	0xfa
 263 011b 08       		.uleb128 0x8
 264 011c 67000000 		.4byte	.LASF21
 265 0120 03       		.byte	0x3
 266 0121 3F01     		.2byte	0x13f
 267 0123 98000000 		.4byte	0x98
ARM GAS  C:\Users\elias\AppData\Local\Temp\ccX7l3g2.s 			page 9


 268 0127 08       		.uleb128 0x8
 269 0128 0F020000 		.4byte	.LASF22
 270 012c 03       		.byte	0x3
 271 012d 4001     		.2byte	0x140
 272 012f 98000000 		.4byte	0x98
 273 0133 08       		.uleb128 0x8
 274 0134 2C000000 		.4byte	.LASF23
 275 0138 03       		.byte	0x3
 276 0139 4101     		.2byte	0x141
 277 013b 98000000 		.4byte	0x98
 278 013f 08       		.uleb128 0x8
 279 0140 B0010000 		.4byte	.LASF24
 280 0144 03       		.byte	0x3
 281 0145 4201     		.2byte	0x142
 282 0147 98000000 		.4byte	0x98
 283 014b 00       		.byte	0
 284              		.section	.debug_abbrev,"",%progbits
 285              	.Ldebug_abbrev0:
 286 0000 01       		.uleb128 0x1
 287 0001 11       		.uleb128 0x11
 288 0002 01       		.byte	0x1
 289 0003 25       		.uleb128 0x25
 290 0004 0E       		.uleb128 0xe
 291 0005 13       		.uleb128 0x13
 292 0006 0B       		.uleb128 0xb
 293 0007 03       		.uleb128 0x3
 294 0008 0E       		.uleb128 0xe
 295 0009 1B       		.uleb128 0x1b
 296 000a 0E       		.uleb128 0xe
 297 000b 55       		.uleb128 0x55
 298 000c 17       		.uleb128 0x17
 299 000d 11       		.uleb128 0x11
 300 000e 01       		.uleb128 0x1
 301 000f 10       		.uleb128 0x10
 302 0010 17       		.uleb128 0x17
 303 0011 00       		.byte	0
 304 0012 00       		.byte	0
 305 0013 02       		.uleb128 0x2
 306 0014 24       		.uleb128 0x24
 307 0015 00       		.byte	0
 308 0016 0B       		.uleb128 0xb
 309 0017 0B       		.uleb128 0xb
 310 0018 3E       		.uleb128 0x3e
 311 0019 0B       		.uleb128 0xb
 312 001a 03       		.uleb128 0x3
 313 001b 0E       		.uleb128 0xe
 314 001c 00       		.byte	0
 315 001d 00       		.byte	0
 316 001e 03       		.uleb128 0x3
 317 001f 24       		.uleb128 0x24
 318 0020 00       		.byte	0
 319 0021 0B       		.uleb128 0xb
 320 0022 0B       		.uleb128 0xb
 321 0023 3E       		.uleb128 0x3e
 322 0024 0B       		.uleb128 0xb
 323 0025 03       		.uleb128 0x3
 324 0026 08       		.uleb128 0x8
ARM GAS  C:\Users\elias\AppData\Local\Temp\ccX7l3g2.s 			page 10


 325 0027 00       		.byte	0
 326 0028 00       		.byte	0
 327 0029 04       		.uleb128 0x4
 328 002a 16       		.uleb128 0x16
 329 002b 00       		.byte	0
 330 002c 03       		.uleb128 0x3
 331 002d 0E       		.uleb128 0xe
 332 002e 3A       		.uleb128 0x3a
 333 002f 0B       		.uleb128 0xb
 334 0030 3B       		.uleb128 0x3b
 335 0031 05       		.uleb128 0x5
 336 0032 49       		.uleb128 0x49
 337 0033 13       		.uleb128 0x13
 338 0034 00       		.byte	0
 339 0035 00       		.byte	0
 340 0036 05       		.uleb128 0x5
 341 0037 35       		.uleb128 0x35
 342 0038 00       		.byte	0
 343 0039 49       		.uleb128 0x49
 344 003a 13       		.uleb128 0x13
 345 003b 00       		.byte	0
 346 003c 00       		.byte	0
 347 003d 06       		.uleb128 0x6
 348 003e 2E       		.uleb128 0x2e
 349 003f 01       		.byte	0x1
 350 0040 3F       		.uleb128 0x3f
 351 0041 19       		.uleb128 0x19
 352 0042 03       		.uleb128 0x3
 353 0043 0E       		.uleb128 0xe
 354 0044 3A       		.uleb128 0x3a
 355 0045 0B       		.uleb128 0xb
 356 0046 3B       		.uleb128 0x3b
 357 0047 0B       		.uleb128 0xb
 358 0048 27       		.uleb128 0x27
 359 0049 19       		.uleb128 0x19
 360 004a 11       		.uleb128 0x11
 361 004b 01       		.uleb128 0x1
 362 004c 12       		.uleb128 0x12
 363 004d 06       		.uleb128 0x6
 364 004e 40       		.uleb128 0x40
 365 004f 18       		.uleb128 0x18
 366 0050 9742     		.uleb128 0x2117
 367 0052 19       		.uleb128 0x19
 368 0053 01       		.uleb128 0x1
 369 0054 13       		.uleb128 0x13
 370 0055 00       		.byte	0
 371 0056 00       		.byte	0
 372 0057 07       		.uleb128 0x7
 373 0058 34       		.uleb128 0x34
 374 0059 00       		.byte	0
 375 005a 03       		.uleb128 0x3
 376 005b 0E       		.uleb128 0xe
 377 005c 3A       		.uleb128 0x3a
 378 005d 0B       		.uleb128 0xb
 379 005e 3B       		.uleb128 0x3b
 380 005f 0B       		.uleb128 0xb
 381 0060 49       		.uleb128 0x49
ARM GAS  C:\Users\elias\AppData\Local\Temp\ccX7l3g2.s 			page 11


 382 0061 13       		.uleb128 0x13
 383 0062 02       		.uleb128 0x2
 384 0063 17       		.uleb128 0x17
 385 0064 00       		.byte	0
 386 0065 00       		.byte	0
 387 0066 08       		.uleb128 0x8
 388 0067 34       		.uleb128 0x34
 389 0068 00       		.byte	0
 390 0069 03       		.uleb128 0x3
 391 006a 0E       		.uleb128 0xe
 392 006b 3A       		.uleb128 0x3a
 393 006c 0B       		.uleb128 0xb
 394 006d 3B       		.uleb128 0x3b
 395 006e 05       		.uleb128 0x5
 396 006f 49       		.uleb128 0x49
 397 0070 13       		.uleb128 0x13
 398 0071 3F       		.uleb128 0x3f
 399 0072 19       		.uleb128 0x19
 400 0073 3C       		.uleb128 0x3c
 401 0074 19       		.uleb128 0x19
 402 0075 00       		.byte	0
 403 0076 00       		.byte	0
 404 0077 09       		.uleb128 0x9
 405 0078 01       		.uleb128 0x1
 406 0079 01       		.byte	0x1
 407 007a 49       		.uleb128 0x49
 408 007b 13       		.uleb128 0x13
 409 007c 01       		.uleb128 0x1
 410 007d 13       		.uleb128 0x13
 411 007e 00       		.byte	0
 412 007f 00       		.byte	0
 413 0080 0A       		.uleb128 0xa
 414 0081 21       		.uleb128 0x21
 415 0082 00       		.byte	0
 416 0083 49       		.uleb128 0x49
 417 0084 13       		.uleb128 0x13
 418 0085 2F       		.uleb128 0x2f
 419 0086 0B       		.uleb128 0xb
 420 0087 00       		.byte	0
 421 0088 00       		.byte	0
 422 0089 00       		.byte	0
 423              		.section	.debug_loc,"",%progbits
 424              	.Ldebug_loc0:
 425              	.LLST0:
 426 0000 06000000 		.4byte	.LVL0
 427 0004 1C000000 		.4byte	.LVL1
 428 0008 0100     		.2byte	0x1
 429 000a 53       		.byte	0x53
 430 000b 28000000 		.4byte	.LVL2
 431 000f 3E000000 		.4byte	.LVL4
 432 0013 0100     		.2byte	0x1
 433 0015 51       		.byte	0x51
 434 0016 00000000 		.4byte	0
 435 001a 00000000 		.4byte	0
 436              	.LLST1:
 437 001e 06000000 		.4byte	.LVL0
 438 0022 1C000000 		.4byte	.LVL1
ARM GAS  C:\Users\elias\AppData\Local\Temp\ccX7l3g2.s 			page 12


 439 0026 0100     		.2byte	0x1
 440 0028 53       		.byte	0x53
 441 0029 00000000 		.4byte	0
 442 002d 00000000 		.4byte	0
 443              	.LLST2:
 444 0031 32000000 		.4byte	.LVL3
 445 0035 70000000 		.4byte	.LVL5
 446 0039 0200     		.2byte	0x2
 447 003b 31       		.byte	0x31
 448 003c 9F       		.byte	0x9f
 449 003d 00000000 		.4byte	0
 450 0041 00000000 		.4byte	0
 451              		.section	.debug_aranges,"",%progbits
 452 0000 1C000000 		.4byte	0x1c
 453 0004 0200     		.2byte	0x2
 454 0006 00000000 		.4byte	.Ldebug_info0
 455 000a 04       		.byte	0x4
 456 000b 00       		.byte	0
 457 000c 0000     		.2byte	0
 458 000e 0000     		.2byte	0
 459 0010 00000000 		.4byte	.LFB0
 460 0014 98000000 		.4byte	.LFE0-.LFB0
 461 0018 00000000 		.4byte	0
 462 001c 00000000 		.4byte	0
 463              		.section	.debug_ranges,"",%progbits
 464              	.Ldebug_ranges0:
 465 0000 00000000 		.4byte	.LFB0
 466 0004 98000000 		.4byte	.LFE0
 467 0008 00000000 		.4byte	0
 468 000c 00000000 		.4byte	0
 469              		.section	.debug_line,"",%progbits
 470              	.Ldebug_line0:
 471 0000 83000000 		.section	.debug_str,"MS",%progbits,1
 471      02005500 
 471      00000201 
 471      FB0E0D00 
 471      01010101 
 472              	.LASF6:
 473 0000 6C6F6E67 		.ascii	"long long int\000"
 473      206C6F6E 
 473      6720696E 
 473      7400
 474              	.LASF20:
 475 000e 55415254 		.ascii	"UART_PC_rxBuffer\000"
 475      5F50435F 
 475      72784275 
 475      66666572 
 475      00
 476              	.LASF8:
 477 001f 756E7369 		.ascii	"unsigned int\000"
 477      676E6564 
 477      20696E74 
 477      00
 478              	.LASF23:
 479 002c 55415254 		.ascii	"UART_PC_rxBufferLoopDetect\000"
 479      5F50435F 
 479      72784275 
ARM GAS  C:\Users\elias\AppData\Local\Temp\ccX7l3g2.s 			page 13


 479      66666572 
 479      4C6F6F70 
 480              	.LASF18:
 481 0047 696E6372 		.ascii	"increment_pointer\000"
 481      656D656E 
 481      745F706F 
 481      696E7465 
 481      7200
 482              	.LASF28:
 483 0059 55415254 		.ascii	"UART_PC_RXISR\000"
 483      5F50435F 
 483      52584953 
 483      5200
 484              	.LASF21:
 485 0067 55415254 		.ascii	"UART_PC_rxBufferRead\000"
 485      5F50435F 
 485      72784275 
 485      66666572 
 485      52656164 
 486              	.LASF19:
 487 007c 55415254 		.ascii	"UART_PC_errorStatus\000"
 487      5F50435F 
 487      6572726F 
 487      72537461 
 487      74757300 
 488              	.LASF27:
 489 0090 433A5C47 		.ascii	"C:\\Github\\Tesis\\src\\psoc\\ComparacionSimplifica"
 489      69746875 
 489      625C5465 
 489      7369735C 
 489      7372635C 
 490 00be 64612E63 		.ascii	"da.cydsn\000"
 490      7964736E 
 490      00
 491              	.LASF25:
 492 00c7 474E5520 		.ascii	"GNU C11 5.4.1 20160609 (release) [ARM/embedded-5-br"
 492      43313120 
 492      352E342E 
 492      31203230 
 492      31363036 
 493 00fa 616E6368 		.ascii	"anch revision 237715] -mcpu=cortex-m3 -mthumb -g -O"
 493      20726576 
 493      6973696F 
 493      6E203233 
 493      37373135 
 494 012d 67202D66 		.ascii	"g -ffunction-sections -ffat-lto-objects\000"
 494      66756E63 
 494      74696F6E 
 494      2D736563 
 494      74696F6E 
 495              	.LASF12:
 496 0155 75696E74 		.ascii	"uint8\000"
 496      3800
 497              	.LASF5:
 498 015b 6C6F6E67 		.ascii	"long unsigned int\000"
 498      20756E73 
 498      69676E65 
ARM GAS  C:\Users\elias\AppData\Local\Temp\ccX7l3g2.s 			page 14


 498      6420696E 
 498      7400
 499              	.LASF7:
 500 016d 6C6F6E67 		.ascii	"long long unsigned int\000"
 500      206C6F6E 
 500      6720756E 
 500      7369676E 
 500      65642069 
 501              	.LASF9:
 502 0184 666C6F61 		.ascii	"float\000"
 502      7400
 503              	.LASF1:
 504 018a 756E7369 		.ascii	"unsigned char\000"
 504      676E6564 
 504      20636861 
 504      7200
 505              	.LASF11:
 506 0198 63686172 		.ascii	"char\000"
 506      00
 507              	.LASF4:
 508 019d 6C6F6E67 		.ascii	"long int\000"
 508      20696E74 
 508      00
 509              	.LASF2:
 510 01a6 73686F72 		.ascii	"short int\000"
 510      7420696E 
 510      7400
 511              	.LASF24:
 512 01b0 55415254 		.ascii	"UART_PC_rxBufferOverflow\000"
 512      5F50435F 
 512      72784275 
 512      66666572 
 512      4F766572 
 513              	.LASF10:
 514 01c9 646F7562 		.ascii	"double\000"
 514      6C6500
 515              	.LASF3:
 516 01d0 73686F72 		.ascii	"short unsigned int\000"
 516      7420756E 
 516      7369676E 
 516      65642069 
 516      6E7400
 517              	.LASF0:
 518 01e3 7369676E 		.ascii	"signed char\000"
 518      65642063 
 518      68617200 
 519              	.LASF14:
 520 01ef 6C6F6E67 		.ascii	"long double\000"
 520      20646F75 
 520      626C6500 
 521              	.LASF17:
 522 01fb 72656164 		.ascii	"readStatus\000"
 522      53746174 
 522      757300
 523              	.LASF15:
 524 0206 73697A65 		.ascii	"sizetype\000"
 524      74797065 
ARM GAS  C:\Users\elias\AppData\Local\Temp\ccX7l3g2.s 			page 15


 524      00
 525              	.LASF22:
 526 020f 55415254 		.ascii	"UART_PC_rxBufferWrite\000"
 526      5F50435F 
 526      72784275 
 526      66666572 
 526      57726974 
 527              	.LASF13:
 528 0225 72656738 		.ascii	"reg8\000"
 528      00
 529              	.LASF16:
 530 022a 72656164 		.ascii	"readData\000"
 530      44617461 
 530      00
 531              	.LASF26:
 532 0233 47656E65 		.ascii	"Generated_Source\\PSoC5\\UART_PC_INT.c\000"
 532      72617465 
 532      645F536F 
 532      75726365 
 532      5C50536F 
 533              		.ident	"GCC: (GNU Tools for ARM Embedded Processors) 5.4.1 20160609 (release) [ARM/embedded-5-bran
