ARM GAS  C:\Users\elias\AppData\Local\Temp\ccDT7tRC.s 			page 1


   1              		.syntax unified
   2              		.cpu cortex-m3
   3              		.fpu softvfp
   4              		.eabi_attribute 20, 1
   5              		.eabi_attribute 21, 1
   6              		.eabi_attribute 23, 3
   7              		.eabi_attribute 24, 1
   8              		.eabi_attribute 25, 1
   9              		.eabi_attribute 26, 1
  10              		.eabi_attribute 30, 1
  11              		.eabi_attribute 34, 1
  12              		.eabi_attribute 18, 4
  13              		.thumb
  14              		.syntax unified
  15              		.file	"USBFS_descr.c"
  16              		.text
  17              	.Ltext0:
  18              		.cfi_sections	.debug_frame
  19              		.comm	USBFS_idSerialNumberStringDescriptor,34,4
  20              		.global	USBFS_MSOS_CONFIGURATION_DESCR
  21              		.global	USBFS_MSOS_DESCRIPTOR
  22              		.global	USBFS_TABLE
  23              		.global	USBFS_DEVICE0_TABLE
  24              		.global	USBFS_DEVICE0_CONFIGURATION0_TABLE
  25              		.global	USBFS_DEVICE0_CONFIGURATION0_INTERFACE_CLASS
  26              		.global	USBFS_DEVICE0_CONFIGURATION0_EP_SETTINGS_TABLE
  27              		.global	USBFS_HIDREPORT_DESCRIPTOR1
  28              		.global	USBFS_SN_STRING_DESCRIPTOR
  29              		.global	USBFS_STRING_DESCRIPTORS
  30              		.global	USBFS_DEVICE0_CONFIGURATION0_DESCR
  31              		.global	USBFS_DEVICE0_DESCR
  32              		.section	.rodata
  33              		.align	2
  34              		.type	USBFS_MSOS_CONFIGURATION_DESCR, %object
  35              		.size	USBFS_MSOS_CONFIGURATION_DESCR, 40
  36              	USBFS_MSOS_CONFIGURATION_DESCR:
  37 0000 28       		.byte	40
  38 0001 00       		.byte	0
  39 0002 00       		.byte	0
  40 0003 00       		.byte	0
  41 0004 00       		.byte	0
  42 0005 01       		.byte	1
  43 0006 04       		.byte	4
  44 0007 00       		.byte	0
  45 0008 01       		.byte	1
  46 0009 00       		.byte	0
  47 000a 00       		.byte	0
  48 000b 00       		.byte	0
  49 000c 00       		.byte	0
  50 000d 00       		.byte	0
  51 000e 00       		.byte	0
  52 000f 00       		.byte	0
  53 0010 00       		.byte	0
  54 0011 01       		.byte	1
  55 0012 43       		.byte	67
  56 0013 59       		.byte	89
  57 0014 55       		.byte	85
ARM GAS  C:\Users\elias\AppData\Local\Temp\ccDT7tRC.s 			page 2


  58 0015 53       		.byte	83
  59 0016 42       		.byte	66
  60 0017 00       		.byte	0
  61 0018 00       		.byte	0
  62 0019 00       		.byte	0
  63 001a 30       		.byte	48
  64 001b 30       		.byte	48
  65 001c 30       		.byte	48
  66 001d 30       		.byte	48
  67 001e 31       		.byte	49
  68 001f 00       		.byte	0
  69 0020 00       		.byte	0
  70 0021 00       		.byte	0
  71 0022 00       		.byte	0
  72 0023 00       		.byte	0
  73 0024 00       		.byte	0
  74 0025 00       		.byte	0
  75 0026 00       		.byte	0
  76 0027 00       		.byte	0
  77              		.type	USBFS_MSOS_DESCRIPTOR, %object
  78              		.size	USBFS_MSOS_DESCRIPTOR, 18
  79              	USBFS_MSOS_DESCRIPTOR:
  80 0028 12       		.byte	18
  81 0029 03       		.byte	3
  82 002a 4D       		.byte	77
  83 002b 00       		.byte	0
  84 002c 53       		.byte	83
  85 002d 00       		.byte	0
  86 002e 46       		.byte	70
  87 002f 00       		.byte	0
  88 0030 54       		.byte	84
  89 0031 00       		.byte	0
  90 0032 31       		.byte	49
  91 0033 00       		.byte	0
  92 0034 30       		.byte	48
  93 0035 00       		.byte	0
  94 0036 30       		.byte	48
  95 0037 00       		.byte	0
  96 0038 01       		.byte	1
  97 0039 00       		.byte	0
  98 003a 0000     		.space	2
  99              		.type	USBFS_TABLE, %object
 100              		.size	USBFS_TABLE, 8
 101              	USBFS_TABLE:
 102 003c 01       		.byte	1
 103 003d 000000   		.space	3
 104 0040 00000000 		.word	USBFS_DEVICE0_TABLE
 105              		.type	USBFS_DEVICE0_TABLE, %object
 106              		.size	USBFS_DEVICE0_TABLE, 24
 107              	USBFS_DEVICE0_TABLE:
 108 0044 01       		.byte	1
 109 0045 000000   		.space	3
 110 0048 00000000 		.word	USBFS_DEVICE0_DESCR
 111 004c 00       		.byte	0
 112 004d 000000   		.space	3
 113 0050 00000000 		.word	0
 114 0054 01       		.byte	1
ARM GAS  C:\Users\elias\AppData\Local\Temp\ccDT7tRC.s 			page 3


 115 0055 000000   		.space	3
 116 0058 00000000 		.word	USBFS_DEVICE0_CONFIGURATION0_TABLE
 117              		.type	USBFS_DEVICE0_CONFIGURATION0_TABLE, %object
 118              		.size	USBFS_DEVICE0_CONFIGURATION0_TABLE, 40
 119              	USBFS_DEVICE0_CONFIGURATION0_TABLE:
 120 005c 01       		.byte	1
 121 005d 000000   		.space	3
 122 0060 00000000 		.word	USBFS_DEVICE0_CONFIGURATION0_DESCR
 123 0064 03       		.byte	3
 124 0065 000000   		.space	3
 125 0068 00000000 		.word	USBFS_DEVICE0_CONFIGURATION0_EP_SETTINGS_TABLE
 126 006c 00       		.byte	0
 127 006d 000000   		.space	3
 128 0070 00000000 		.word	0
 129 0074 00       		.byte	0
 130 0075 000000   		.space	3
 131 0078 00000000 		.word	0
 132 007c 00       		.byte	0
 133 007d 000000   		.space	3
 134 0080 00000000 		.word	USBFS_DEVICE0_CONFIGURATION0_INTERFACE_CLASS
 135              		.type	USBFS_DEVICE0_CONFIGURATION0_INTERFACE_CLASS, %object
 136              		.size	USBFS_DEVICE0_CONFIGURATION0_INTERFACE_CLASS, 2
 137              	USBFS_DEVICE0_CONFIGURATION0_INTERFACE_CLASS:
 138 0084 02       		.byte	2
 139 0085 0A       		.byte	10
 140 0086 0000     		.space	2
 141              		.type	USBFS_DEVICE0_CONFIGURATION0_EP_SETTINGS_TABLE, %object
 142              		.size	USBFS_DEVICE0_CONFIGURATION0_EP_SETTINGS_TABLE, 24
 143              	USBFS_DEVICE0_CONFIGURATION0_EP_SETTINGS_TABLE:
 144 0088 00       		.byte	0
 145 0089 00       		.byte	0
 146 008a 81       		.byte	-127
 147 008b 03       		.byte	3
 148 008c 0800     		.short	8
 149 008e 02       		.byte	2
 150 008f 00       		.space	1
 151 0090 01       		.byte	1
 152 0091 00       		.byte	0
 153 0092 82       		.byte	-126
 154 0093 02       		.byte	2
 155 0094 4000     		.short	64
 156 0096 0A       		.byte	10
 157 0097 00       		.space	1
 158 0098 01       		.byte	1
 159 0099 00       		.byte	0
 160 009a 03       		.byte	3
 161 009b 02       		.byte	2
 162 009c 4000     		.short	64
 163 009e 0A       		.byte	10
 164 009f 00       		.space	1
 165              		.type	USBFS_HIDREPORT_DESCRIPTOR1, %object
 166              		.size	USBFS_HIDREPORT_DESCRIPTOR1, 54
 167              	USBFS_HIDREPORT_DESCRIPTOR1:
 168 00a0 32       		.byte	50
 169 00a1 00       		.byte	0
 170 00a2 05       		.byte	5
 171 00a3 01       		.byte	1
ARM GAS  C:\Users\elias\AppData\Local\Temp\ccDT7tRC.s 			page 4


 172 00a4 09       		.byte	9
 173 00a5 02       		.byte	2
 174 00a6 A1       		.byte	-95
 175 00a7 01       		.byte	1
 176 00a8 09       		.byte	9
 177 00a9 01       		.byte	1
 178 00aa A1       		.byte	-95
 179 00ab 00       		.byte	0
 180 00ac 05       		.byte	5
 181 00ad 09       		.byte	9
 182 00ae 19       		.byte	25
 183 00af 01       		.byte	1
 184 00b0 29       		.byte	41
 185 00b1 03       		.byte	3
 186 00b2 15       		.byte	21
 187 00b3 00       		.byte	0
 188 00b4 25       		.byte	37
 189 00b5 01       		.byte	1
 190 00b6 95       		.byte	-107
 191 00b7 03       		.byte	3
 192 00b8 75       		.byte	117
 193 00b9 01       		.byte	1
 194 00ba 81       		.byte	-127
 195 00bb 02       		.byte	2
 196 00bc 95       		.byte	-107
 197 00bd 01       		.byte	1
 198 00be 75       		.byte	117
 199 00bf 05       		.byte	5
 200 00c0 81       		.byte	-127
 201 00c1 01       		.byte	1
 202 00c2 05       		.byte	5
 203 00c3 01       		.byte	1
 204 00c4 09       		.byte	9
 205 00c5 30       		.byte	48
 206 00c6 09       		.byte	9
 207 00c7 31       		.byte	49
 208 00c8 15       		.byte	21
 209 00c9 81       		.byte	-127
 210 00ca 25       		.byte	37
 211 00cb 7F       		.byte	127
 212 00cc 75       		.byte	117
 213 00cd 08       		.byte	8
 214 00ce 95       		.byte	-107
 215 00cf 02       		.byte	2
 216 00d0 81       		.byte	-127
 217 00d1 06       		.byte	6
 218 00d2 C0       		.byte	-64
 219 00d3 C0       		.byte	-64
 220 00d4 00       		.byte	0
 221 00d5 00       		.byte	0
 222 00d6 0000     		.space	2
 223              		.type	USBFS_SN_STRING_DESCRIPTOR, %object
 224              		.size	USBFS_SN_STRING_DESCRIPTOR, 2
 225              	USBFS_SN_STRING_DESCRIPTOR:
 226 00d8 02       		.byte	2
 227 00d9 03       		.byte	3
 228 00da 0000     		.space	2
ARM GAS  C:\Users\elias\AppData\Local\Temp\ccDT7tRC.s 			page 5


 229              		.type	USBFS_STRING_DESCRIPTORS, %object
 230              		.size	USBFS_STRING_DESCRIPTORS, 159
 231              	USBFS_STRING_DESCRIPTORS:
 232 00dc 04       		.byte	4
 233 00dd 03       		.byte	3
 234 00de 09       		.byte	9
 235 00df 04       		.byte	4
 236 00e0 2C       		.byte	44
 237 00e1 03       		.byte	3
 238 00e2 43       		.byte	67
 239 00e3 00       		.byte	0
 240 00e4 79       		.byte	121
 241 00e5 00       		.byte	0
 242 00e6 70       		.byte	112
 243 00e7 00       		.byte	0
 244 00e8 72       		.byte	114
 245 00e9 00       		.byte	0
 246 00ea 65       		.byte	101
 247 00eb 00       		.byte	0
 248 00ec 73       		.byte	115
 249 00ed 00       		.byte	0
 250 00ee 73       		.byte	115
 251 00ef 00       		.byte	0
 252 00f0 20       		.byte	32
 253 00f1 00       		.byte	0
 254 00f2 53       		.byte	83
 255 00f3 00       		.byte	0
 256 00f4 65       		.byte	101
 257 00f5 00       		.byte	0
 258 00f6 6D       		.byte	109
 259 00f7 00       		.byte	0
 260 00f8 69       		.byte	105
 261 00f9 00       		.byte	0
 262 00fa 63       		.byte	99
 263 00fb 00       		.byte	0
 264 00fc 6F       		.byte	111
 265 00fd 00       		.byte	0
 266 00fe 6E       		.byte	110
 267 00ff 00       		.byte	0
 268 0100 64       		.byte	100
 269 0101 00       		.byte	0
 270 0102 75       		.byte	117
 271 0103 00       		.byte	0
 272 0104 63       		.byte	99
 273 0105 00       		.byte	0
 274 0106 74       		.byte	116
 275 0107 00       		.byte	0
 276 0108 6F       		.byte	111
 277 0109 00       		.byte	0
 278 010a 72       		.byte	114
 279 010b 00       		.byte	0
 280 010c 38       		.byte	56
 281 010d 03       		.byte	3
 282 010e 43       		.byte	67
 283 010f 00       		.byte	0
 284 0110 44       		.byte	68
 285 0111 00       		.byte	0
ARM GAS  C:\Users\elias\AppData\Local\Temp\ccDT7tRC.s 			page 6


 286 0112 43       		.byte	67
 287 0113 00       		.byte	0
 288 0114 20       		.byte	32
 289 0115 00       		.byte	0
 290 0116 43       		.byte	67
 291 0117 00       		.byte	0
 292 0118 6F       		.byte	111
 293 0119 00       		.byte	0
 294 011a 6D       		.byte	109
 295 011b 00       		.byte	0
 296 011c 6D       		.byte	109
 297 011d 00       		.byte	0
 298 011e 75       		.byte	117
 299 011f 00       		.byte	0
 300 0120 6E       		.byte	110
 301 0121 00       		.byte	0
 302 0122 69       		.byte	105
 303 0123 00       		.byte	0
 304 0124 63       		.byte	99
 305 0125 00       		.byte	0
 306 0126 61       		.byte	97
 307 0127 00       		.byte	0
 308 0128 74       		.byte	116
 309 0129 00       		.byte	0
 310 012a 69       		.byte	105
 311 012b 00       		.byte	0
 312 012c 6F       		.byte	111
 313 012d 00       		.byte	0
 314 012e 6E       		.byte	110
 315 012f 00       		.byte	0
 316 0130 20       		.byte	32
 317 0131 00       		.byte	0
 318 0132 49       		.byte	73
 319 0133 00       		.byte	0
 320 0134 6E       		.byte	110
 321 0135 00       		.byte	0
 322 0136 74       		.byte	116
 323 0137 00       		.byte	0
 324 0138 65       		.byte	101
 325 0139 00       		.byte	0
 326 013a 72       		.byte	114
 327 013b 00       		.byte	0
 328 013c 66       		.byte	102
 329 013d 00       		.byte	0
 330 013e 61       		.byte	97
 331 013f 00       		.byte	0
 332 0140 63       		.byte	99
 333 0141 00       		.byte	0
 334 0142 65       		.byte	101
 335 0143 00       		.byte	0
 336 0144 26       		.byte	38
 337 0145 03       		.byte	3
 338 0146 43       		.byte	67
 339 0147 00       		.byte	0
 340 0148 44       		.byte	68
 341 0149 00       		.byte	0
 342 014a 43       		.byte	67
ARM GAS  C:\Users\elias\AppData\Local\Temp\ccDT7tRC.s 			page 7


 343 014b 00       		.byte	0
 344 014c 20       		.byte	32
 345 014d 00       		.byte	0
 346 014e 44       		.byte	68
 347 014f 00       		.byte	0
 348 0150 61       		.byte	97
 349 0151 00       		.byte	0
 350 0152 74       		.byte	116
 351 0153 00       		.byte	0
 352 0154 61       		.byte	97
 353 0155 00       		.byte	0
 354 0156 20       		.byte	32
 355 0157 00       		.byte	0
 356 0158 49       		.byte	73
 357 0159 00       		.byte	0
 358 015a 6E       		.byte	110
 359 015b 00       		.byte	0
 360 015c 74       		.byte	116
 361 015d 00       		.byte	0
 362 015e 65       		.byte	101
 363 015f 00       		.byte	0
 364 0160 72       		.byte	114
 365 0161 00       		.byte	0
 366 0162 66       		.byte	102
 367 0163 00       		.byte	0
 368 0164 61       		.byte	97
 369 0165 00       		.byte	0
 370 0166 63       		.byte	99
 371 0167 00       		.byte	0
 372 0168 65       		.byte	101
 373 0169 00       		.byte	0
 374 016a 10       		.byte	16
 375 016b 03       		.byte	3
 376 016c 55       		.byte	85
 377 016d 00       		.byte	0
 378 016e 53       		.byte	83
 379 016f 00       		.byte	0
 380 0170 42       		.byte	66
 381 0171 00       		.byte	0
 382 0172 55       		.byte	85
 383 0173 00       		.byte	0
 384 0174 41       		.byte	65
 385 0175 00       		.byte	0
 386 0176 52       		.byte	82
 387 0177 00       		.byte	0
 388 0178 54       		.byte	84
 389 0179 00       		.byte	0
 390 017a 00       		.byte	0
 391 017b 00       		.space	1
 392              		.type	USBFS_DEVICE0_CONFIGURATION0_DESCR, %object
 393              		.size	USBFS_DEVICE0_CONFIGURATION0_DESCR, 67
 394              	USBFS_DEVICE0_CONFIGURATION0_DESCR:
 395 017c 09       		.byte	9
 396 017d 02       		.byte	2
 397 017e 43       		.byte	67
 398 017f 00       		.byte	0
 399 0180 02       		.byte	2
ARM GAS  C:\Users\elias\AppData\Local\Temp\ccDT7tRC.s 			page 8


 400 0181 01       		.byte	1
 401 0182 01       		.byte	1
 402 0183 80       		.byte	-128
 403 0184 32       		.byte	50
 404 0185 09       		.byte	9
 405 0186 04       		.byte	4
 406 0187 00       		.byte	0
 407 0188 00       		.byte	0
 408 0189 01       		.byte	1
 409 018a 02       		.byte	2
 410 018b 02       		.byte	2
 411 018c 00       		.byte	0
 412 018d 02       		.byte	2
 413 018e 05       		.byte	5
 414 018f 24       		.byte	36
 415 0190 00       		.byte	0
 416 0191 10       		.byte	16
 417 0192 01       		.byte	1
 418 0193 04       		.byte	4
 419 0194 24       		.byte	36
 420 0195 02       		.byte	2
 421 0196 02       		.byte	2
 422 0197 05       		.byte	5
 423 0198 24       		.byte	36
 424 0199 06       		.byte	6
 425 019a 00       		.byte	0
 426 019b 01       		.byte	1
 427 019c 05       		.byte	5
 428 019d 24       		.byte	36
 429 019e 01       		.byte	1
 430 019f 00       		.byte	0
 431 01a0 01       		.byte	1
 432 01a1 07       		.byte	7
 433 01a2 05       		.byte	5
 434 01a3 81       		.byte	-127
 435 01a4 03       		.byte	3
 436 01a5 08       		.byte	8
 437 01a6 00       		.byte	0
 438 01a7 0A       		.byte	10
 439 01a8 09       		.byte	9
 440 01a9 04       		.byte	4
 441 01aa 01       		.byte	1
 442 01ab 00       		.byte	0
 443 01ac 02       		.byte	2
 444 01ad 0A       		.byte	10
 445 01ae 00       		.byte	0
 446 01af 00       		.byte	0
 447 01b0 03       		.byte	3
 448 01b1 07       		.byte	7
 449 01b2 05       		.byte	5
 450 01b3 82       		.byte	-126
 451 01b4 02       		.byte	2
 452 01b5 40       		.byte	64
 453 01b6 00       		.byte	0
 454 01b7 00       		.byte	0
 455 01b8 07       		.byte	7
 456 01b9 05       		.byte	5
ARM GAS  C:\Users\elias\AppData\Local\Temp\ccDT7tRC.s 			page 9


 457 01ba 03       		.byte	3
 458 01bb 02       		.byte	2
 459 01bc 40       		.byte	64
 460 01bd 00       		.byte	0
 461 01be 00       		.byte	0
 462 01bf 00       		.space	1
 463              		.type	USBFS_DEVICE0_DESCR, %object
 464              		.size	USBFS_DEVICE0_DESCR, 18
 465              	USBFS_DEVICE0_DESCR:
 466 01c0 12       		.byte	18
 467 01c1 01       		.byte	1
 468 01c2 00       		.byte	0
 469 01c3 02       		.byte	2
 470 01c4 02       		.byte	2
 471 01c5 00       		.byte	0
 472 01c6 00       		.byte	0
 473 01c7 08       		.byte	8
 474 01c8 B4       		.byte	-76
 475 01c9 04       		.byte	4
 476 01ca 32       		.byte	50
 477 01cb F2       		.byte	-14
 478 01cc 01       		.byte	1
 479 01cd 00       		.byte	0
 480 01ce 01       		.byte	1
 481 01cf 04       		.byte	4
 482 01d0 80       		.byte	-128
 483 01d1 01       		.byte	1
 484              		.text
 485              	.Letext0:
 486              		.file 1 "Generated_Source\\PSoC5\\cytypes.h"
 487              		.file 2 "Generated_Source\\PSoC5\\USBFS.h"
 488              		.file 3 "Generated_Source\\PSoC5\\USBFS_descr.c"
 489              		.section	.debug_info,"",%progbits
 490              	.Ldebug_info0:
 491 0000 07030000 		.4byte	0x307
 492 0004 0400     		.2byte	0x4
 493 0006 00000000 		.4byte	.Ldebug_abbrev0
 494 000a 04       		.byte	0x4
 495 000b 01       		.uleb128 0x1
 496 000c A5000000 		.4byte	.LASF38
 497 0010 0C       		.byte	0xc
 498 0011 55020000 		.4byte	.LASF39
 499 0015 3E010000 		.4byte	.LASF40
 500 0019 00000000 		.4byte	.Ldebug_line0
 501 001d 02       		.uleb128 0x2
 502 001e 01       		.byte	0x1
 503 001f 06       		.byte	0x6
 504 0020 73030000 		.4byte	.LASF0
 505 0024 02       		.uleb128 0x2
 506 0025 01       		.byte	0x1
 507 0026 08       		.byte	0x8
 508 0027 B1010000 		.4byte	.LASF1
 509 002b 02       		.uleb128 0x2
 510 002c 02       		.byte	0x2
 511 002d 05       		.byte	0x5
 512 002e E4020000 		.4byte	.LASF2
 513 0032 02       		.uleb128 0x2
ARM GAS  C:\Users\elias\AppData\Local\Temp\ccDT7tRC.s 			page 10


 514 0033 02       		.byte	0x2
 515 0034 07       		.byte	0x7
 516 0035 4D000000 		.4byte	.LASF3
 517 0039 02       		.uleb128 0x2
 518 003a 04       		.byte	0x4
 519 003b 05       		.byte	0x5
 520 003c 5E030000 		.4byte	.LASF4
 521 0040 02       		.uleb128 0x2
 522 0041 04       		.byte	0x4
 523 0042 07       		.byte	0x7
 524 0043 1F020000 		.4byte	.LASF5
 525 0047 02       		.uleb128 0x2
 526 0048 08       		.byte	0x8
 527 0049 05       		.byte	0x5
 528 004a A4020000 		.4byte	.LASF6
 529 004e 02       		.uleb128 0x2
 530 004f 08       		.byte	0x8
 531 0050 07       		.byte	0x7
 532 0051 3E020000 		.4byte	.LASF7
 533 0055 03       		.uleb128 0x3
 534 0056 04       		.byte	0x4
 535 0057 05       		.byte	0x5
 536 0058 696E7400 		.ascii	"int\000"
 537 005c 02       		.uleb128 0x2
 538 005d 04       		.byte	0x4
 539 005e 07       		.byte	0x7
 540 005f 31020000 		.4byte	.LASF8
 541 0063 04       		.uleb128 0x4
 542 0064 29030000 		.4byte	.LASF9
 543 0068 01       		.byte	0x1
 544 0069 E901     		.2byte	0x1e9
 545 006b 24000000 		.4byte	0x24
 546 006f 04       		.uleb128 0x4
 547 0070 C6010000 		.4byte	.LASF10
 548 0074 01       		.byte	0x1
 549 0075 EA01     		.2byte	0x1ea
 550 0077 32000000 		.4byte	0x32
 551 007b 02       		.uleb128 0x2
 552 007c 04       		.byte	0x4
 553 007d 04       		.byte	0x4
 554 007e 7B000000 		.4byte	.LASF11
 555 0082 02       		.uleb128 0x2
 556 0083 08       		.byte	0x8
 557 0084 04       		.byte	0x4
 558 0085 BF010000 		.4byte	.LASF12
 559 0089 02       		.uleb128 0x2
 560 008a 01       		.byte	0x1
 561 008b 08       		.byte	0x8
 562 008c BE020000 		.4byte	.LASF13
 563 0090 02       		.uleb128 0x2
 564 0091 08       		.byte	0x8
 565 0092 04       		.byte	0x4
 566 0093 67030000 		.4byte	.LASF14
 567 0097 02       		.uleb128 0x2
 568 0098 04       		.byte	0x4
 569 0099 07       		.byte	0x7
 570 009a 9B020000 		.4byte	.LASF15
ARM GAS  C:\Users\elias\AppData\Local\Temp\ccDT7tRC.s 			page 11


 571 009e 05       		.uleb128 0x5
 572 009f 08       		.byte	0x8
 573 00a0 02       		.byte	0x2
 574 00a1 9E       		.byte	0x9e
 575 00a2 EF000000 		.4byte	0xef
 576 00a6 06       		.uleb128 0x6
 577 00a7 2F030000 		.4byte	.LASF16
 578 00ab 02       		.byte	0x2
 579 00ac A0       		.byte	0xa0
 580 00ad 63000000 		.4byte	0x63
 581 00b1 00       		.byte	0
 582 00b2 06       		.uleb128 0x6
 583 00b3 81000000 		.4byte	.LASF17
 584 00b7 02       		.byte	0x2
 585 00b8 A1       		.byte	0xa1
 586 00b9 63000000 		.4byte	0x63
 587 00bd 01       		.byte	0x1
 588 00be 06       		.uleb128 0x6
 589 00bf 98010000 		.4byte	.LASF18
 590 00c3 02       		.byte	0x2
 591 00c4 A2       		.byte	0xa2
 592 00c5 63000000 		.4byte	0x63
 593 00c9 02       		.byte	0x2
 594 00ca 06       		.uleb128 0x6
 595 00cb 33010000 		.4byte	.LASF19
 596 00cf 02       		.byte	0x2
 597 00d0 A3       		.byte	0xa3
 598 00d1 63000000 		.4byte	0x63
 599 00d5 03       		.byte	0x3
 600 00d6 06       		.uleb128 0x6
 601 00d7 D9020000 		.4byte	.LASF20
 602 00db 02       		.byte	0x2
 603 00dc A4       		.byte	0xa4
 604 00dd 6F000000 		.4byte	0x6f
 605 00e1 04       		.byte	0x4
 606 00e2 06       		.uleb128 0x6
 607 00e3 7F030000 		.4byte	.LASF21
 608 00e7 02       		.byte	0x2
 609 00e8 A5       		.byte	0xa5
 610 00e9 63000000 		.4byte	0x63
 611 00ed 06       		.byte	0x6
 612 00ee 00       		.byte	0
 613 00ef 07       		.uleb128 0x7
 614 00f0 81020000 		.4byte	.LASF22
 615 00f4 02       		.byte	0x2
 616 00f5 A6       		.byte	0xa6
 617 00f6 9E000000 		.4byte	0x9e
 618 00fa 05       		.uleb128 0x5
 619 00fb 08       		.byte	0x8
 620 00fc 02       		.byte	0x2
 621 00fd B5       		.byte	0xb5
 622 00fe 19010000 		.4byte	0x119
 623 0102 08       		.uleb128 0x8
 624 0103 6300     		.ascii	"c\000"
 625 0105 02       		.byte	0x2
 626 0106 B7       		.byte	0xb7
 627 0107 63000000 		.4byte	0x63
ARM GAS  C:\Users\elias\AppData\Local\Temp\ccDT7tRC.s 			page 12


 628 010b 00       		.byte	0
 629 010c 06       		.uleb128 0x6
 630 010d 7A020000 		.4byte	.LASF23
 631 0111 02       		.byte	0x2
 632 0112 B8       		.byte	0xb8
 633 0113 19010000 		.4byte	0x119
 634 0117 04       		.byte	0x4
 635 0118 00       		.byte	0
 636 0119 09       		.uleb128 0x9
 637 011a 04       		.byte	0x4
 638 011b 1F010000 		.4byte	0x11f
 639 011f 0A       		.uleb128 0xa
 640 0120 07       		.uleb128 0x7
 641 0121 B2020000 		.4byte	.LASF24
 642 0125 02       		.byte	0x2
 643 0126 B9       		.byte	0xb9
 644 0127 FA000000 		.4byte	0xfa
 645 012b 0B       		.uleb128 0xb
 646 012c 3B010000 		.4byte	0x13b
 647 0130 3B010000 		.4byte	0x13b
 648 0134 0C       		.uleb128 0xc
 649 0135 97000000 		.4byte	0x97
 650 0139 11       		.byte	0x11
 651 013a 00       		.byte	0
 652 013b 0D       		.uleb128 0xd
 653 013c 63000000 		.4byte	0x63
 654 0140 0E       		.uleb128 0xe
 655 0141 00000000 		.4byte	.LASF25
 656 0145 03       		.byte	0x3
 657 0146 24       		.byte	0x24
 658 0147 51010000 		.4byte	0x151
 659 014b 05       		.uleb128 0x5
 660 014c 03       		.byte	0x3
 661 014d 00000000 		.4byte	USBFS_DEVICE0_DESCR
 662 0151 0D       		.uleb128 0xd
 663 0152 2B010000 		.4byte	0x12b
 664 0156 0B       		.uleb128 0xb
 665 0157 3B010000 		.4byte	0x13b
 666 015b 66010000 		.4byte	0x166
 667 015f 0C       		.uleb128 0xc
 668 0160 97000000 		.4byte	0x97
 669 0164 42       		.byte	0x42
 670 0165 00       		.byte	0
 671 0166 0E       		.uleb128 0xe
 672 0167 FC010000 		.4byte	.LASF26
 673 016b 03       		.byte	0x3
 674 016c 37       		.byte	0x37
 675 016d 77010000 		.4byte	0x177
 676 0171 05       		.uleb128 0x5
 677 0172 03       		.byte	0x3
 678 0173 00000000 		.4byte	USBFS_DEVICE0_CONFIGURATION0_DESCR
 679 0177 0D       		.uleb128 0xd
 680 0178 56010000 		.4byte	0x156
 681 017c 0B       		.uleb128 0xb
 682 017d 8C010000 		.4byte	0x18c
 683 0181 8C010000 		.4byte	0x18c
 684 0185 0C       		.uleb128 0xc
ARM GAS  C:\Users\elias\AppData\Local\Temp\ccDT7tRC.s 			page 13


 685 0186 97000000 		.4byte	0x97
 686 018a 02       		.byte	0x2
 687 018b 00       		.byte	0
 688 018c 0D       		.uleb128 0xd
 689 018d EF000000 		.4byte	0xef
 690 0191 0E       		.uleb128 0xe
 691 0192 CD010000 		.4byte	.LASF27
 692 0196 03       		.byte	0x3
 693 0197 FB       		.byte	0xfb
 694 0198 A2010000 		.4byte	0x1a2
 695 019c 05       		.uleb128 0x5
 696 019d 03       		.byte	0x3
 697 019e 00000000 		.4byte	USBFS_DEVICE0_CONFIGURATION0_EP_SETTINGS_TABLE
 698 01a2 0D       		.uleb128 0xd
 699 01a3 7C010000 		.4byte	0x17c
 700 01a7 0B       		.uleb128 0xb
 701 01a8 3B010000 		.4byte	0x13b
 702 01ac B7010000 		.4byte	0x1b7
 703 01b0 0C       		.uleb128 0xc
 704 01b1 97000000 		.4byte	0x97
 705 01b5 01       		.byte	0x1
 706 01b6 00       		.byte	0
 707 01b7 0F       		.uleb128 0xf
 708 01b8 14000000 		.4byte	.LASF28
 709 01bc 03       		.byte	0x3
 710 01bd 0101     		.2byte	0x101
 711 01bf C9010000 		.4byte	0x1c9
 712 01c3 05       		.uleb128 0x5
 713 01c4 03       		.byte	0x3
 714 01c5 00000000 		.4byte	USBFS_DEVICE0_CONFIGURATION0_INTERFACE_CLASS
 715 01c9 0D       		.uleb128 0xd
 716 01ca A7010000 		.4byte	0x1a7
 717 01ce 0B       		.uleb128 0xb
 718 01cf DE010000 		.4byte	0x1de
 719 01d3 DE010000 		.4byte	0x1de
 720 01d7 0C       		.uleb128 0xc
 721 01d8 97000000 		.4byte	0x97
 722 01dc 04       		.byte	0x4
 723 01dd 00       		.byte	0
 724 01de 0D       		.uleb128 0xd
 725 01df 20010000 		.4byte	0x120
 726 01e3 0F       		.uleb128 0xf
 727 01e4 75010000 		.4byte	.LASF29
 728 01e8 03       		.byte	0x3
 729 01e9 0901     		.2byte	0x109
 730 01eb F5010000 		.4byte	0x1f5
 731 01ef 05       		.uleb128 0x5
 732 01f0 03       		.byte	0x3
 733 01f1 00000000 		.4byte	USBFS_DEVICE0_CONFIGURATION0_TABLE
 734 01f5 0D       		.uleb128 0xd
 735 01f6 CE010000 		.4byte	0x1ce
 736 01fa 0B       		.uleb128 0xb
 737 01fb DE010000 		.4byte	0x1de
 738 01ff 0A020000 		.4byte	0x20a
 739 0203 0C       		.uleb128 0xc
 740 0204 97000000 		.4byte	0x97
 741 0208 02       		.byte	0x2
ARM GAS  C:\Users\elias\AppData\Local\Temp\ccDT7tRC.s 			page 14


 742 0209 00       		.byte	0
 743 020a 0F       		.uleb128 0xf
 744 020b 9D010000 		.4byte	.LASF30
 745 020f 03       		.byte	0x3
 746 0210 1401     		.2byte	0x114
 747 0212 1C020000 		.4byte	0x21c
 748 0216 05       		.uleb128 0x5
 749 0217 03       		.byte	0x3
 750 0218 00000000 		.4byte	USBFS_DEVICE0_TABLE
 751 021c 0D       		.uleb128 0xd
 752 021d FA010000 		.4byte	0x1fa
 753 0221 0B       		.uleb128 0xb
 754 0222 DE010000 		.4byte	0x1de
 755 0226 31020000 		.4byte	0x231
 756 022a 0C       		.uleb128 0xc
 757 022b 97000000 		.4byte	0x97
 758 022f 00       		.byte	0
 759 0230 00       		.byte	0
 760 0231 0F       		.uleb128 0xf
 761 0232 41000000 		.4byte	.LASF31
 762 0236 03       		.byte	0x3
 763 0237 1C01     		.2byte	0x11c
 764 0239 43020000 		.4byte	0x243
 765 023d 05       		.uleb128 0x5
 766 023e 03       		.byte	0x3
 767 023f 00000000 		.4byte	USBFS_TABLE
 768 0243 0D       		.uleb128 0xd
 769 0244 21020000 		.4byte	0x221
 770 0248 0E       		.uleb128 0xe
 771 0249 60000000 		.4byte	.LASF32
 772 024d 03       		.byte	0x3
 773 024e C9       		.byte	0xc9
 774 024f 59020000 		.4byte	0x259
 775 0253 05       		.uleb128 0x5
 776 0254 03       		.byte	0x3
 777 0255 00000000 		.4byte	USBFS_SN_STRING_DESCRIPTOR
 778 0259 0D       		.uleb128 0xd
 779 025a A7010000 		.4byte	0x1a7
 780 025e 0B       		.uleb128 0xb
 781 025f 3B010000 		.4byte	0x13b
 782 0263 6E020000 		.4byte	0x26e
 783 0267 0C       		.uleb128 0xc
 784 0268 97000000 		.4byte	0x97
 785 026c 9E       		.byte	0x9e
 786 026d 00       		.byte	0
 787 026e 0E       		.uleb128 0xe
 788 026f 8C000000 		.4byte	.LASF33
 789 0273 03       		.byte	0x3
 790 0274 96       		.byte	0x96
 791 0275 7F020000 		.4byte	0x27f
 792 0279 05       		.uleb128 0x5
 793 027a 03       		.byte	0x3
 794 027b 00000000 		.4byte	USBFS_STRING_DESCRIPTORS
 795 027f 0D       		.uleb128 0xd
 796 0280 5E020000 		.4byte	0x25e
 797 0284 0B       		.uleb128 0xb
 798 0285 3B010000 		.4byte	0x13b
ARM GAS  C:\Users\elias\AppData\Local\Temp\ccDT7tRC.s 			page 15


 799 0289 94020000 		.4byte	0x294
 800 028d 0C       		.uleb128 0xc
 801 028e 97000000 		.4byte	0x97
 802 0292 35       		.byte	0x35
 803 0293 00       		.byte	0
 804 0294 0E       		.uleb128 0xe
 805 0295 EE020000 		.4byte	.LASF34
 806 0299 03       		.byte	0x3
 807 029a D2       		.byte	0xd2
 808 029b A5020000 		.4byte	0x2a5
 809 029f 05       		.uleb128 0x5
 810 02a0 03       		.byte	0x3
 811 02a1 00000000 		.4byte	USBFS_HIDREPORT_DESCRIPTOR1
 812 02a5 0D       		.uleb128 0xd
 813 02a6 84020000 		.4byte	0x284
 814 02aa 0F       		.uleb128 0xf
 815 02ab C3020000 		.4byte	.LASF35
 816 02af 03       		.byte	0x3
 817 02b0 2C01     		.2byte	0x12c
 818 02b2 BC020000 		.4byte	0x2bc
 819 02b6 05       		.uleb128 0x5
 820 02b7 03       		.byte	0x3
 821 02b8 00000000 		.4byte	USBFS_MSOS_DESCRIPTOR
 822 02bc 0D       		.uleb128 0xd
 823 02bd 2B010000 		.4byte	0x12b
 824 02c1 0B       		.uleb128 0xb
 825 02c2 3B010000 		.4byte	0x13b
 826 02c6 D1020000 		.4byte	0x2d1
 827 02ca 0C       		.uleb128 0xc
 828 02cb 97000000 		.4byte	0x97
 829 02cf 27       		.byte	0x27
 830 02d0 00       		.byte	0
 831 02d1 0F       		.uleb128 0xf
 832 02d2 0A030000 		.4byte	.LASF36
 833 02d6 03       		.byte	0x3
 834 02d7 3701     		.2byte	0x137
 835 02d9 E3020000 		.4byte	0x2e3
 836 02dd 05       		.uleb128 0x5
 837 02de 03       		.byte	0x3
 838 02df 00000000 		.4byte	USBFS_MSOS_CONFIGURATION_DESCR
 839 02e3 0D       		.uleb128 0xd
 840 02e4 C1020000 		.4byte	0x2c1
 841 02e8 0B       		.uleb128 0xb
 842 02e9 63000000 		.4byte	0x63
 843 02ed F8020000 		.4byte	0x2f8
 844 02f1 0C       		.uleb128 0xc
 845 02f2 97000000 		.4byte	0x97
 846 02f6 21       		.byte	0x21
 847 02f7 00       		.byte	0
 848 02f8 0F       		.uleb128 0xf
 849 02f9 39030000 		.4byte	.LASF37
 850 02fd 03       		.byte	0x3
 851 02fe 4A01     		.2byte	0x14a
 852 0300 E8020000 		.4byte	0x2e8
 853 0304 05       		.uleb128 0x5
 854 0305 03       		.byte	0x3
 855 0306 00000000 		.4byte	USBFS_idSerialNumberStringDescriptor
ARM GAS  C:\Users\elias\AppData\Local\Temp\ccDT7tRC.s 			page 16


 856 030a 00       		.byte	0
 857              		.section	.debug_abbrev,"",%progbits
 858              	.Ldebug_abbrev0:
 859 0000 01       		.uleb128 0x1
 860 0001 11       		.uleb128 0x11
 861 0002 01       		.byte	0x1
 862 0003 25       		.uleb128 0x25
 863 0004 0E       		.uleb128 0xe
 864 0005 13       		.uleb128 0x13
 865 0006 0B       		.uleb128 0xb
 866 0007 03       		.uleb128 0x3
 867 0008 0E       		.uleb128 0xe
 868 0009 1B       		.uleb128 0x1b
 869 000a 0E       		.uleb128 0xe
 870 000b 10       		.uleb128 0x10
 871 000c 17       		.uleb128 0x17
 872 000d 00       		.byte	0
 873 000e 00       		.byte	0
 874 000f 02       		.uleb128 0x2
 875 0010 24       		.uleb128 0x24
 876 0011 00       		.byte	0
 877 0012 0B       		.uleb128 0xb
 878 0013 0B       		.uleb128 0xb
 879 0014 3E       		.uleb128 0x3e
 880 0015 0B       		.uleb128 0xb
 881 0016 03       		.uleb128 0x3
 882 0017 0E       		.uleb128 0xe
 883 0018 00       		.byte	0
 884 0019 00       		.byte	0
 885 001a 03       		.uleb128 0x3
 886 001b 24       		.uleb128 0x24
 887 001c 00       		.byte	0
 888 001d 0B       		.uleb128 0xb
 889 001e 0B       		.uleb128 0xb
 890 001f 3E       		.uleb128 0x3e
 891 0020 0B       		.uleb128 0xb
 892 0021 03       		.uleb128 0x3
 893 0022 08       		.uleb128 0x8
 894 0023 00       		.byte	0
 895 0024 00       		.byte	0
 896 0025 04       		.uleb128 0x4
 897 0026 16       		.uleb128 0x16
 898 0027 00       		.byte	0
 899 0028 03       		.uleb128 0x3
 900 0029 0E       		.uleb128 0xe
 901 002a 3A       		.uleb128 0x3a
 902 002b 0B       		.uleb128 0xb
 903 002c 3B       		.uleb128 0x3b
 904 002d 05       		.uleb128 0x5
 905 002e 49       		.uleb128 0x49
 906 002f 13       		.uleb128 0x13
 907 0030 00       		.byte	0
 908 0031 00       		.byte	0
 909 0032 05       		.uleb128 0x5
 910 0033 13       		.uleb128 0x13
 911 0034 01       		.byte	0x1
 912 0035 0B       		.uleb128 0xb
ARM GAS  C:\Users\elias\AppData\Local\Temp\ccDT7tRC.s 			page 17


 913 0036 0B       		.uleb128 0xb
 914 0037 3A       		.uleb128 0x3a
 915 0038 0B       		.uleb128 0xb
 916 0039 3B       		.uleb128 0x3b
 917 003a 0B       		.uleb128 0xb
 918 003b 01       		.uleb128 0x1
 919 003c 13       		.uleb128 0x13
 920 003d 00       		.byte	0
 921 003e 00       		.byte	0
 922 003f 06       		.uleb128 0x6
 923 0040 0D       		.uleb128 0xd
 924 0041 00       		.byte	0
 925 0042 03       		.uleb128 0x3
 926 0043 0E       		.uleb128 0xe
 927 0044 3A       		.uleb128 0x3a
 928 0045 0B       		.uleb128 0xb
 929 0046 3B       		.uleb128 0x3b
 930 0047 0B       		.uleb128 0xb
 931 0048 49       		.uleb128 0x49
 932 0049 13       		.uleb128 0x13
 933 004a 38       		.uleb128 0x38
 934 004b 0B       		.uleb128 0xb
 935 004c 00       		.byte	0
 936 004d 00       		.byte	0
 937 004e 07       		.uleb128 0x7
 938 004f 16       		.uleb128 0x16
 939 0050 00       		.byte	0
 940 0051 03       		.uleb128 0x3
 941 0052 0E       		.uleb128 0xe
 942 0053 3A       		.uleb128 0x3a
 943 0054 0B       		.uleb128 0xb
 944 0055 3B       		.uleb128 0x3b
 945 0056 0B       		.uleb128 0xb
 946 0057 49       		.uleb128 0x49
 947 0058 13       		.uleb128 0x13
 948 0059 00       		.byte	0
 949 005a 00       		.byte	0
 950 005b 08       		.uleb128 0x8
 951 005c 0D       		.uleb128 0xd
 952 005d 00       		.byte	0
 953 005e 03       		.uleb128 0x3
 954 005f 08       		.uleb128 0x8
 955 0060 3A       		.uleb128 0x3a
 956 0061 0B       		.uleb128 0xb
 957 0062 3B       		.uleb128 0x3b
 958 0063 0B       		.uleb128 0xb
 959 0064 49       		.uleb128 0x49
 960 0065 13       		.uleb128 0x13
 961 0066 38       		.uleb128 0x38
 962 0067 0B       		.uleb128 0xb
 963 0068 00       		.byte	0
 964 0069 00       		.byte	0
 965 006a 09       		.uleb128 0x9
 966 006b 0F       		.uleb128 0xf
 967 006c 00       		.byte	0
 968 006d 0B       		.uleb128 0xb
 969 006e 0B       		.uleb128 0xb
ARM GAS  C:\Users\elias\AppData\Local\Temp\ccDT7tRC.s 			page 18


 970 006f 49       		.uleb128 0x49
 971 0070 13       		.uleb128 0x13
 972 0071 00       		.byte	0
 973 0072 00       		.byte	0
 974 0073 0A       		.uleb128 0xa
 975 0074 26       		.uleb128 0x26
 976 0075 00       		.byte	0
 977 0076 00       		.byte	0
 978 0077 00       		.byte	0
 979 0078 0B       		.uleb128 0xb
 980 0079 01       		.uleb128 0x1
 981 007a 01       		.byte	0x1
 982 007b 49       		.uleb128 0x49
 983 007c 13       		.uleb128 0x13
 984 007d 01       		.uleb128 0x1
 985 007e 13       		.uleb128 0x13
 986 007f 00       		.byte	0
 987 0080 00       		.byte	0
 988 0081 0C       		.uleb128 0xc
 989 0082 21       		.uleb128 0x21
 990 0083 00       		.byte	0
 991 0084 49       		.uleb128 0x49
 992 0085 13       		.uleb128 0x13
 993 0086 2F       		.uleb128 0x2f
 994 0087 0B       		.uleb128 0xb
 995 0088 00       		.byte	0
 996 0089 00       		.byte	0
 997 008a 0D       		.uleb128 0xd
 998 008b 26       		.uleb128 0x26
 999 008c 00       		.byte	0
 1000 008d 49       		.uleb128 0x49
 1001 008e 13       		.uleb128 0x13
 1002 008f 00       		.byte	0
 1003 0090 00       		.byte	0
 1004 0091 0E       		.uleb128 0xe
 1005 0092 34       		.uleb128 0x34
 1006 0093 00       		.byte	0
 1007 0094 03       		.uleb128 0x3
 1008 0095 0E       		.uleb128 0xe
 1009 0096 3A       		.uleb128 0x3a
 1010 0097 0B       		.uleb128 0xb
 1011 0098 3B       		.uleb128 0x3b
 1012 0099 0B       		.uleb128 0xb
 1013 009a 49       		.uleb128 0x49
 1014 009b 13       		.uleb128 0x13
 1015 009c 3F       		.uleb128 0x3f
 1016 009d 19       		.uleb128 0x19
 1017 009e 02       		.uleb128 0x2
 1018 009f 18       		.uleb128 0x18
 1019 00a0 00       		.byte	0
 1020 00a1 00       		.byte	0
 1021 00a2 0F       		.uleb128 0xf
 1022 00a3 34       		.uleb128 0x34
 1023 00a4 00       		.byte	0
 1024 00a5 03       		.uleb128 0x3
 1025 00a6 0E       		.uleb128 0xe
 1026 00a7 3A       		.uleb128 0x3a
ARM GAS  C:\Users\elias\AppData\Local\Temp\ccDT7tRC.s 			page 19


 1027 00a8 0B       		.uleb128 0xb
 1028 00a9 3B       		.uleb128 0x3b
 1029 00aa 05       		.uleb128 0x5
 1030 00ab 49       		.uleb128 0x49
 1031 00ac 13       		.uleb128 0x13
 1032 00ad 3F       		.uleb128 0x3f
 1033 00ae 19       		.uleb128 0x19
 1034 00af 02       		.uleb128 0x2
 1035 00b0 18       		.uleb128 0x18
 1036 00b1 00       		.byte	0
 1037 00b2 00       		.byte	0
 1038 00b3 00       		.byte	0
 1039              		.section	.debug_aranges,"",%progbits
 1040 0000 14000000 		.4byte	0x14
 1041 0004 0200     		.2byte	0x2
 1042 0006 00000000 		.4byte	.Ldebug_info0
 1043 000a 04       		.byte	0x4
 1044 000b 00       		.byte	0
 1045 000c 0000     		.2byte	0
 1046 000e 0000     		.2byte	0
 1047 0010 00000000 		.4byte	0
 1048 0014 00000000 		.4byte	0
 1049              		.section	.debug_line,"",%progbits
 1050              	.Ldebug_line0:
 1051 0000 59000000 		.section	.debug_str,"MS",%progbits,1
 1051      02005300 
 1051      00000201 
 1051      FB0E0D00 
 1051      01010101 
 1052              	.LASF25:
 1053 0000 55534246 		.ascii	"USBFS_DEVICE0_DESCR\000"
 1053      535F4445 
 1053      56494345 
 1053      305F4445 
 1053      53435200 
 1054              	.LASF28:
 1055 0014 55534246 		.ascii	"USBFS_DEVICE0_CONFIGURATION0_INTERFACE_CLASS\000"
 1055      535F4445 
 1055      56494345 
 1055      305F434F 
 1055      4E464947 
 1056              	.LASF31:
 1057 0041 55534246 		.ascii	"USBFS_TABLE\000"
 1057      535F5441 
 1057      424C4500 
 1058              	.LASF3:
 1059 004d 73686F72 		.ascii	"short unsigned int\000"
 1059      7420756E 
 1059      7369676E 
 1059      65642069 
 1059      6E7400
 1060              	.LASF32:
 1061 0060 55534246 		.ascii	"USBFS_SN_STRING_DESCRIPTOR\000"
 1061      535F534E 
 1061      5F535452 
 1061      494E475F 
 1061      44455343 
ARM GAS  C:\Users\elias\AppData\Local\Temp\ccDT7tRC.s 			page 20


 1062              	.LASF11:
 1063 007b 666C6F61 		.ascii	"float\000"
 1063      7400
 1064              	.LASF17:
 1065 0081 616C7453 		.ascii	"altSetting\000"
 1065      65747469 
 1065      6E6700
 1066              	.LASF33:
 1067 008c 55534246 		.ascii	"USBFS_STRING_DESCRIPTORS\000"
 1067      535F5354 
 1067      52494E47 
 1067      5F444553 
 1067      43524950 
 1068              	.LASF38:
 1069 00a5 474E5520 		.ascii	"GNU C11 5.4.1 20160609 (release) [ARM/embedded-5-br"
 1069      43313120 
 1069      352E342E 
 1069      31203230 
 1069      31363036 
 1070 00d8 616E6368 		.ascii	"anch revision 237715] -mcpu=cortex-m3 -mthumb -g -O"
 1070      20726576 
 1070      6973696F 
 1070      6E203233 
 1070      37373135 
 1071 010b 67202D66 		.ascii	"g -ffunction-sections -ffat-lto-objects\000"
 1071      66756E63 
 1071      74696F6E 
 1071      2D736563 
 1071      74696F6E 
 1072              	.LASF19:
 1073 0133 61747472 		.ascii	"attributes\000"
 1073      69627574 
 1073      657300
 1074              	.LASF40:
 1075 013e 433A5C47 		.ascii	"C:\\Github\\Tesis\\src\\psoc\\ComparacionSimplifica"
 1075      69746875 
 1075      625C5465 
 1075      7369735C 
 1075      7372635C 
 1076 016c 64612E63 		.ascii	"da.cydsn\000"
 1076      7964736E 
 1076      00
 1077              	.LASF29:
 1078 0175 55534246 		.ascii	"USBFS_DEVICE0_CONFIGURATION0_TABLE\000"
 1078      535F4445 
 1078      56494345 
 1078      305F434F 
 1078      4E464947 
 1079              	.LASF18:
 1080 0198 61646472 		.ascii	"addr\000"
 1080      00
 1081              	.LASF30:
 1082 019d 55534246 		.ascii	"USBFS_DEVICE0_TABLE\000"
 1082      535F4445 
 1082      56494345 
 1082      305F5441 
 1082      424C4500 
ARM GAS  C:\Users\elias\AppData\Local\Temp\ccDT7tRC.s 			page 21


 1083              	.LASF1:
 1084 01b1 756E7369 		.ascii	"unsigned char\000"
 1084      676E6564 
 1084      20636861 
 1084      7200
 1085              	.LASF12:
 1086 01bf 646F7562 		.ascii	"double\000"
 1086      6C6500
 1087              	.LASF10:
 1088 01c6 75696E74 		.ascii	"uint16\000"
 1088      313600
 1089              	.LASF27:
 1090 01cd 55534246 		.ascii	"USBFS_DEVICE0_CONFIGURATION0_EP_SETTINGS_TABLE\000"
 1090      535F4445 
 1090      56494345 
 1090      305F434F 
 1090      4E464947 
 1091              	.LASF26:
 1092 01fc 55534246 		.ascii	"USBFS_DEVICE0_CONFIGURATION0_DESCR\000"
 1092      535F4445 
 1092      56494345 
 1092      305F434F 
 1092      4E464947 
 1093              	.LASF5:
 1094 021f 6C6F6E67 		.ascii	"long unsigned int\000"
 1094      20756E73 
 1094      69676E65 
 1094      6420696E 
 1094      7400
 1095              	.LASF8:
 1096 0231 756E7369 		.ascii	"unsigned int\000"
 1096      676E6564 
 1096      20696E74 
 1096      00
 1097              	.LASF7:
 1098 023e 6C6F6E67 		.ascii	"long long unsigned int\000"
 1098      206C6F6E 
 1098      6720756E 
 1098      7369676E 
 1098      65642069 
 1099              	.LASF39:
 1100 0255 47656E65 		.ascii	"Generated_Source\\PSoC5\\USBFS_descr.c\000"
 1100      72617465 
 1100      645F536F 
 1100      75726365 
 1100      5C50536F 
 1101              	.LASF23:
 1102 027a 705F6C69 		.ascii	"p_list\000"
 1102      737400
 1103              	.LASF22:
 1104 0281 545F5553 		.ascii	"T_USBFS_EP_SETTINGS_BLOCK\000"
 1104      4246535F 
 1104      45505F53 
 1104      45545449 
 1104      4E47535F 
 1105              	.LASF15:
 1106 029b 73697A65 		.ascii	"sizetype\000"
ARM GAS  C:\Users\elias\AppData\Local\Temp\ccDT7tRC.s 			page 22


 1106      74797065 
 1106      00
 1107              	.LASF6:
 1108 02a4 6C6F6E67 		.ascii	"long long int\000"
 1108      206C6F6E 
 1108      6720696E 
 1108      7400
 1109              	.LASF24:
 1110 02b2 545F5553 		.ascii	"T_USBFS_LUT\000"
 1110      4246535F 
 1110      4C555400 
 1111              	.LASF13:
 1112 02be 63686172 		.ascii	"char\000"
 1112      00
 1113              	.LASF35:
 1114 02c3 55534246 		.ascii	"USBFS_MSOS_DESCRIPTOR\000"
 1114      535F4D53 
 1114      4F535F44 
 1114      45534352 
 1114      4950544F 
 1115              	.LASF20:
 1116 02d9 62756666 		.ascii	"bufferSize\000"
 1116      65725369 
 1116      7A6500
 1117              	.LASF2:
 1118 02e4 73686F72 		.ascii	"short int\000"
 1118      7420696E 
 1118      7400
 1119              	.LASF34:
 1120 02ee 55534246 		.ascii	"USBFS_HIDREPORT_DESCRIPTOR1\000"
 1120      535F4849 
 1120      44524550 
 1120      4F52545F 
 1120      44455343 
 1121              	.LASF36:
 1122 030a 55534246 		.ascii	"USBFS_MSOS_CONFIGURATION_DESCR\000"
 1122      535F4D53 
 1122      4F535F43 
 1122      4F4E4649 
 1122      47555241 
 1123              	.LASF9:
 1124 0329 75696E74 		.ascii	"uint8\000"
 1124      3800
 1125              	.LASF16:
 1126 032f 696E7465 		.ascii	"interface\000"
 1126      72666163 
 1126      6500
 1127              	.LASF37:
 1128 0339 55534246 		.ascii	"USBFS_idSerialNumberStringDescriptor\000"
 1128      535F6964 
 1128      53657269 
 1128      616C4E75 
 1128      6D626572 
 1129              	.LASF4:
 1130 035e 6C6F6E67 		.ascii	"long int\000"
 1130      20696E74 
 1130      00
ARM GAS  C:\Users\elias\AppData\Local\Temp\ccDT7tRC.s 			page 23


 1131              	.LASF14:
 1132 0367 6C6F6E67 		.ascii	"long double\000"
 1132      20646F75 
 1132      626C6500 
 1133              	.LASF0:
 1134 0373 7369676E 		.ascii	"signed char\000"
 1134      65642063 
 1134      68617200 
 1135              	.LASF21:
 1136 037f 624D6973 		.ascii	"bMisc\000"
 1136      6300
 1137              		.ident	"GCC: (GNU Tools for ARM Embedded Processors) 5.4.1 20160609 (release) [ARM/embedded-5-bran
