--------------- Build Started: 04/26/2026 20:57:03 Project: ComparacionDiferencial, Configuration: ARM GCC 5.4-2016-q2-update Debug ---------------
cydsfit.exe -.appdatapath "C:\Users\elias\AppData\Local\Cypress Semiconductor\PSoC Creator\4.4" -.fdsnotice -.fdswarpdepfile=warp_dependencies.txt -.fdselabdepfile=elab_dependencies.txt -.fdsbldfile=generated_files.txt -.fdsreffile=referenced_files.txt -p C:\Github\Tesis\src\psoc\ComparacionDiferencial.cydsn\ComparacionDiferencial.cyprj -d CY8C5888LTI-LP097 -s C:\Github\Tesis\src\psoc\ComparacionDiferencial.cydsn\Generated_Source\PSoC5 -- -yv2 -q10 -ygs -o2 -v3 -.fftcfgtype=LE
Elaborating Design...
HDL Generation...
Synthesis...
Tech Mapping...
Analog Placement...
Log: apr.M0058: The analog placement iterative improvement is 28% done. (App=cydsfit)
Log: apr.M0058: The analog placement iterative improvement is 64% done. (App=cydsfit)
Analog Routing...
Analog Code Generation...
Digital Placement...
Digital Routing...
Bitstream Generation...
Bitstream Verification...
Static timing analysis...
API Generation...
Dependency Generation...
Cleanup...
arm-none-eabi-gcc.exe -mcpu=cortex-m3 -mthumb -I..\shared -I. -IGenerated_Source\PSoC5 -Wa,-alh=.\CortexM3\ARM_GCC_541\Debug/main.lst -g -D DEBUG -D CY_CORE_ID=0 -Wall -ffunction-sections -ffat-lto-objects -Og -c main.c -o .\CortexM3\ARM_GCC_541\Debug\main.o
arm-none-eabi-gcc.exe -mcpu=cortex-m3 -mthumb -I..\shared -I. -IGenerated_Source\PSoC5 -Wa,-alh=.\CortexM3\ARM_GCC_541\Debug/PGA_p.lst -g -D DEBUG -D CY_CORE_ID=0 -Wall -ffunction-sections -ffat-lto-objects -Og -c Generated_Source\PSoC5\PGA_p.c -o .\CortexM3\ARM_GCC_541\Debug\PGA_p.o
arm-none-eabi-gcc.exe -mcpu=cortex-m3 -mthumb -I..\shared -I. -IGenerated_Source\PSoC5 -Wa,-alh=.\CortexM3\ARM_GCC_541\Debug/PGA_p_PM.lst -g -D DEBUG -D CY_CORE_ID=0 -Wall -ffunction-sections -ffat-lto-objects -Og -c Generated_Source\PSoC5\PGA_p_PM.c -o .\CortexM3\ARM_GCC_541\Debug\PGA_p_PM.o
arm-none-eabi-gcc.exe -mcpu=cortex-m3 -mthumb -I..\shared -I. -IGenerated_Source\PSoC5 -Wa,-alh=.\CortexM3\ARM_GCC_541\Debug/PGA_n.lst -g -D DEBUG -D CY_CORE_ID=0 -Wall -ffunction-sections -ffat-lto-objects -Og -c Generated_Source\PSoC5\PGA_n.c -o .\CortexM3\ARM_GCC_541\Debug\PGA_n.o
arm-none-eabi-gcc.exe -mcpu=cortex-m3 -mthumb -I..\shared -I. -IGenerated_Source\PSoC5 -Wa,-alh=.\CortexM3\ARM_GCC_541\Debug/PGA_n_PM.lst -g -D DEBUG -D CY_CORE_ID=0 -Wall -ffunction-sections -ffat-lto-objects -Og -c Generated_Source\PSoC5\PGA_n_PM.c -o .\CortexM3\ARM_GCC_541\Debug\PGA_n_PM.o
arm-none-eabi-ar.exe -rs .\CortexM3\ARM_GCC_541\Debug\ComparacionDiferencial.a .\CortexM3\ARM_GCC_541\Debug\TIA_p.o .\CortexM3\ARM_GCC_541\Debug\TIA_p_PM.o .\CortexM3\ARM_GCC_541\Debug\TIA_n.o .\CortexM3\ARM_GCC_541\Debug\TIA_n_PM.o .\CortexM3\ARM_GCC_541\Debug\ADC_p.o .\CortexM3\ARM_GCC_541\Debug\ADC_n.o .\CortexM3\ARM_GCC_541\Debug\CyDmac.o .\CortexM3\ARM_GCC_541\Debug\CyFlash.o .\CortexM3\ARM_GCC_541\Debug\CyLib.o .\CortexM3\ARM_GCC_541\Debug\cyPm.o .\CortexM3\ARM_GCC_541\Debug\CySpc.o .\CortexM3\ARM_GCC_541\Debug\cyutils.o .\CortexM3\ARM_GCC_541\Debug\cy_em_eeprom.o .\CortexM3\ARM_GCC_541\Debug\TIAOut_p.o .\CortexM3\ARM_GCC_541\Debug\TIAOut_n.o .\CortexM3\ARM_GCC_541\Debug\PGA_p.o .\CortexM3\ARM_GCC_541\Debug\PGA_p_PM.o .\CortexM3\ARM_GCC_541\Debug\PGA_n.o .\CortexM3\ARM_GCC_541\Debug\PGA_n_PM.o .\CortexM3\ARM_GCC_541\Debug\In_p.o .\CortexM3\ARM_GCC_541\Debug\In_n.o .\CortexM3\ARM_GCC_541\Debug\Opa_ref.o .\CortexM3\ARM_GCC_541\Debug\Opa_ref_PM.o .\CortexM3\ARM_GCC_541\Debug\Opa_comun.o .\CortexM3\ARM_GCC_541\Debug\Opa_comun_PM.o .\CortexM3\ARM_GCC_541\Debug\PGAout_n.o .\CortexM3\ARM_GCC_541\Debug\PGAout_p.o .\CortexM3\ARM_GCC_541\Debug\DiffInNI_p.o .\CortexM3\ARM_GCC_541\Debug\DiffInNI_n.o .\CortexM3\ARM_GCC_541\Debug\DiffInI_n.o .\CortexM3\ARM_GCC_541\Debug\DiffOut_n.o .\CortexM3\ARM_GCC_541\Debug\DiffInI_p.o .\CortexM3\ARM_GCC_541\Debug\DiffOut_p.o .\CortexM3\ARM_GCC_541\Debug\OpaDiff_p.o .\CortexM3\ARM_GCC_541\Debug\OpaDiff_p_PM.o .\CortexM3\ARM_GCC_541\Debug\OpaDiff_n.o .\CortexM3\ARM_GCC_541\Debug\OpaDiff_n_PM.o .\CortexM3\ARM_GCC_541\Debug\boton.o .\CortexM3\ARM_GCC_541\Debug\Clock_Debouncer.o .\CortexM3\ARM_GCC_541\Debug\isr_boton.o .\CortexM3\ARM_GCC_541\Debug\Clock_Wave.o .\CortexM3\ARM_GCC_541\Debug\Comun.o .\CortexM3\ARM_GCC_541\Debug\TIAInI_n.o .\CortexM3\ARM_GCC_541\Debug\TIAInI_p.o .\CortexM3\ARM_GCC_541\Debug\WaveGenerator.o .\CortexM3\ARM_GCC_541\Debug\WRef.o .\CortexM3\ARM_GCC_541\Debug\WaveDAC.o .\CortexM3\ARM_GCC_541\Debug\WaveDAC_PM.o .\CortexM3\ARM_GCC_541\Debug\WaveDAC_Wave1_DMA_dma.o .\CortexM3\ARM_GCC_541\Debug\WaveDAC_Wave2_DMA_dma.o .\CortexM3\ARM_GCC_541\Debug\WaveDAC_VDAC8.o .\CortexM3\ARM_GCC_541\Debug\WaveDAC_VDAC8_PM.o .\CortexM3\ARM_GCC_541\Debug\CyBootAsmGnu.o
arm-none-eabi-ar.exe: creating .\CortexM3\ARM_GCC_541\Debug\ComparacionDiferencial.a
arm-none-eabi-gcc.exe -Wl,--start-group -o C:\Github\Tesis\src\psoc\ComparacionDiferencial.cydsn\CortexM3\ARM_GCC_541\Debug\ComparacionDiferencial.elf .\CortexM3\ARM_GCC_541\Debug\main.o .\CortexM3\ARM_GCC_541\Debug\AnalogToDigital.o .\CortexM3\ARM_GCC_541\Debug\buffers.o .\CortexM3\ARM_GCC_541\Debug\Communication.o .\CortexM3\ARM_GCC_541\Debug\isr_handlers.o .\CortexM3\ARM_GCC_541\Debug\tb_buffers.o .\CortexM3\ARM_GCC_541\Debug\TestBench.o .\CortexM3\ARM_GCC_541\Debug\debug.o .\CortexM3\ARM_GCC_541\Debug\cyfitter_cfg.o .\CortexM3\ARM_GCC_541\Debug\cymetadata.o .\CortexM3\ARM_GCC_541\Debug\Cm3Start.o .\CortexM3\ARM_GCC_541\Debug\ComparacionDiferencial.a "C:\Program Files (x86)\Cypress\PSoC Creator\4.4\PSoC Creator\psoc\content\cycomponentlibrary\CyComponentLibrary.cylib\CortexM3\ARM_GCC_541\Debug\CyComponentLibrary.a" -mcpu=cortex-m3 -mthumb -L Generated_Source\PSoC5 -Wl,-Map,.\CortexM3\ARM_GCC_541\Debug/ComparacionDiferencial.map -T Generated_Source\PSoC5\cm3gcc.ld -specs=nano.specs -Wl,--gc-sections -g -ffunction-sections -Og -ffat-lto-objects -Wl,--end-group
cyelftool.exe -C C:\Github\Tesis\src\psoc\ComparacionDiferencial.cydsn\CortexM3\ARM_GCC_541\Debug\ComparacionDiferencial.elf --flash_row_size 256 --flash_size 262144 --flash_offset 0x00000000
No ELF section .cychecksum found, creating one
Application checksum calculated and stored in ELF section .cychecksum
Checksum calculated and stored in ELF section .cymeta
cyelftool.exe -S C:\Github\Tesis\src\psoc\ComparacionDiferencial.cydsn\CortexM3\ARM_GCC_541\Debug\ComparacionDiferencial.elf
Flash used: 4302 of 262144 bytes (1.6%).
SRAM used: 2529 of 65536 bytes (3.9%). Stack: 2048 bytes. Heap: 128 bytes.
--------------- Build Succeeded: 04/26/2026 20:57:12 ---------------
