--------------- Rebuild Started: 04/26/2026 18:49:32 Project: ComparacionDiferencial, Configuration: ARM GCC 5.4-2016-q2-update Debug ---------------
Deleting file ".\CortexM3\ARM_GCC_541\Debug\main.o"
Deleting file ".\CortexM3\ARM_GCC_541\Debug\AnalogToDigital.o"
Deleting file ".\CortexM3\ARM_GCC_541\Debug\buffers.o"
Deleting file ".\CortexM3\ARM_GCC_541\Debug\Communication.o"
Deleting file ".\CortexM3\ARM_GCC_541\Debug\isr_handlers.o"
Deleting file ".\CortexM3\ARM_GCC_541\Debug\tb_buffers.o"
Deleting file ".\CortexM3\ARM_GCC_541\Debug\TestBench.o"
Deleting file ".\CortexM3\ARM_GCC_541\Debug\debug.o"
Deleting file ".\CortexM3\ARM_GCC_541\Debug\cyfitter_cfg.o"
Deleting file ".\CortexM3\ARM_GCC_541\Debug\cymetadata.o"
Deleting file ".\CortexM3\ARM_GCC_541\Debug\TIA_p.o"
Deleting file ".\CortexM3\ARM_GCC_541\Debug\TIA_p_PM.o"
Deleting file ".\CortexM3\ARM_GCC_541\Debug\TIA_n.o"
Deleting file ".\CortexM3\ARM_GCC_541\Debug\TIA_n_PM.o"
Deleting file ".\CortexM3\ARM_GCC_541\Debug\ADC_p.o"
Deleting file ".\CortexM3\ARM_GCC_541\Debug\ADC_n.o"
Deleting file ".\CortexM3\ARM_GCC_541\Debug\Cm3Start.o"
Deleting file ".\CortexM3\ARM_GCC_541\Debug\CyBootAsmGnu.o"
Deleting file ".\CortexM3\ARM_GCC_541\Debug\CyDmac.o"
Deleting file ".\CortexM3\ARM_GCC_541\Debug\CyFlash.o"
Deleting file ".\CortexM3\ARM_GCC_541\Debug\CyLib.o"
Deleting file ".\CortexM3\ARM_GCC_541\Debug\cyPm.o"
Deleting file ".\CortexM3\ARM_GCC_541\Debug\CySpc.o"
Deleting file ".\CortexM3\ARM_GCC_541\Debug\cyutils.o"
Deleting file ".\CortexM3\ARM_GCC_541\Debug\cy_em_eeprom.o"
Deleting file ".\CortexM3\ARM_GCC_541\Debug\TIAOut_p.o"
Deleting file ".\CortexM3\ARM_GCC_541\Debug\TIAOut_n.o"
Deleting file ".\CortexM3\ARM_GCC_541\Debug\PGA_p.o"
Deleting file ".\CortexM3\ARM_GCC_541\Debug\PGA_p_PM.o"
Deleting file ".\CortexM3\ARM_GCC_541\Debug\PGA_n.o"
Deleting file ".\CortexM3\ARM_GCC_541\Debug\PGA_n_PM.o"
Deleting file ".\CortexM3\ARM_GCC_541\Debug\In_p.o"
Deleting file ".\CortexM3\ARM_GCC_541\Debug\In_n.o"
Deleting file ".\CortexM3\ARM_GCC_541\Debug\Opa_ref.o"
Deleting file ".\CortexM3\ARM_GCC_541\Debug\Opa_ref_PM.o"
Deleting file ".\CortexM3\ARM_GCC_541\Debug\Opa_comun.o"
Deleting file ".\CortexM3\ARM_GCC_541\Debug\Opa_comun_PM.o"
Deleting file ".\CortexM3\ARM_GCC_541\Debug\PGAout_n.o"
Deleting file ".\CortexM3\ARM_GCC_541\Debug\PGAout_p.o"
Deleting file ".\CortexM3\ARM_GCC_541\Debug\DiffInNI_p.o"
Deleting file ".\CortexM3\ARM_GCC_541\Debug\DiffInNI_n.o"
Deleting file ".\CortexM3\ARM_GCC_541\Debug\DiffInI_n.o"
Deleting file ".\CortexM3\ARM_GCC_541\Debug\DiffOut_n.o"
Deleting file ".\CortexM3\ARM_GCC_541\Debug\DiffInI_p.o"
Deleting file ".\CortexM3\ARM_GCC_541\Debug\DiffOut_p.o"
Deleting file ".\CortexM3\ARM_GCC_541\Debug\OpaDiff_p.o"
Deleting file ".\CortexM3\ARM_GCC_541\Debug\OpaDiff_p_PM.o"
Deleting file ".\CortexM3\ARM_GCC_541\Debug\OpaDiff_n.o"
Deleting file ".\CortexM3\ARM_GCC_541\Debug\OpaDiff_n_PM.o"
Deleting file ".\CortexM3\ARM_GCC_541\Debug\boton.o"
Deleting file ".\CortexM3\ARM_GCC_541\Debug\Clock_Debouncer.o"
Deleting file ".\CortexM3\ARM_GCC_541\Debug\isr_boton.o"
Deleting file ".\CortexM3\ARM_GCC_541\Debug\Clock_Wave.o"
Deleting file ".\CortexM3\ARM_GCC_541\Debug\Comun.o"
Deleting file ".\CortexM3\ARM_GCC_541\Debug\TIAInI_n.o"
Deleting file ".\CortexM3\ARM_GCC_541\Debug\TIAInI_p.o"
Deleting file ".\CortexM3\ARM_GCC_541\Debug\WaveGenerator.o"
Deleting file ".\CortexM3\ARM_GCC_541\Debug\WRef.o"
Deleting file ".\CortexM3\ARM_GCC_541\Debug\WaveDAC.o"
Deleting file ".\CortexM3\ARM_GCC_541\Debug\WaveDAC_PM.o"
Deleting file ".\CortexM3\ARM_GCC_541\Debug\WaveDAC_Wave1_DMA_dma.o"
Deleting file ".\CortexM3\ARM_GCC_541\Debug\WaveDAC_Wave2_DMA_dma.o"
Deleting file ".\CortexM3\ARM_GCC_541\Debug\WaveDAC_VDAC8.o"
Deleting file ".\CortexM3\ARM_GCC_541\Debug\WaveDAC_VDAC8_PM.o"
Deleting file ".\CortexM3\ARM_GCC_541\Debug\ComparacionDiferencial.hex"
Deleting file ".\CortexM3\ARM_GCC_541\Debug\ComparacionDiferencial.elf"
Deleting file ".\CortexM3\ARM_GCC_541\Debug\ComparacionDiferencial.map"
Deleting file ".\ComparacionDiferencial.cycdx"
Deleting file ".\ComparacionDiferencial.svd"
Deleting file ".\ComparacionDiferencial.rpt"
Deleting file ".\ComparacionDiferencial_timing.html"
Deleting file ".\CortexM3\ARM_GCC_541\Debug\.deps\SOURCE_C__ARM_GCC_GENERIC.P"
Deleting file ".\CortexM3\ARM_GCC_541\Debug\.deps\SOURCE_ASM__ARM_GCC_GENERIC.P"
cydsfit.exe -.appdatapath "C:\Users\elias\AppData\Local\Cypress Semiconductor\PSoC Creator\4.4" -.fdsnotice -.fdswarpdepfile=warp_dependencies.txt -.fdselabdepfile=elab_dependencies.txt -.fdsbldfile=generated_files.txt -.fdsreffile=referenced_files.txt -p C:\Github\Tesis\src\psoc\ComparacionDiferencial.cydsn\ComparacionDiferencial.cyprj -d CY8C5888LTI-LP097 -s C:\Github\Tesis\src\psoc\ComparacionDiferencial.cydsn\Generated_Source\PSoC5 -- -yv2 -q10 -ygs -o2 -v3 -.fftcfgtype=LE
Elaborating Design...
HDL Generation...
Synthesis...
Tech Mapping...
Analog Placement...
Log: apr.M0058: The analog placement iterative improvement is 28% done. (App=cydsfit)
Log: apr.M0058: The analog placement iterative improvement is 64% done. (App=cydsfit)
Analog Routing...
Analog Code Generation...
Digital Placement...
Digital Routing...
Bitstream Generation...
Bitstream Verification...
Static timing analysis...
API Generation...
Dependency Generation...
Cleanup...
arm-none-eabi-gcc.exe -mcpu=cortex-m3 -mthumb -I..\shared -I. -IGenerated_Source\PSoC5 -Wa,-alh=.\CortexM3\ARM_GCC_541\Debug/main.lst -g -D DEBUG -D CY_CORE_ID=0 -Wall -ffunction-sections -ffat-lto-objects -Og -c main.c -o .\CortexM3\ARM_GCC_541\Debug\main.o
arm-none-eabi-gcc.exe -mcpu=cortex-m3 -mthumb -I..\shared -I. -IGenerated_Source\PSoC5 -Wa,-alh=.\CortexM3\ARM_GCC_541\Debug/AnalogToDigital.lst -g -D DEBUG -D CY_CORE_ID=0 -Wall -ffunction-sections -ffat-lto-objects -Og -c AnalogToDigital.c -o .\CortexM3\ARM_GCC_541\Debug\AnalogToDigital.o
arm-none-eabi-gcc.exe -mcpu=cortex-m3 -mthumb -I..\shared -I. -IGenerated_Source\PSoC5 -Wa,-alh=.\CortexM3\ARM_GCC_541\Debug/buffers.lst -g -D DEBUG -D CY_CORE_ID=0 -Wall -ffunction-sections -ffat-lto-objects -Og -c buffers.c -o .\CortexM3\ARM_GCC_541\Debug\buffers.o
arm-none-eabi-gcc.exe -mcpu=cortex-m3 -mthumb -I..\shared -I. -IGenerated_Source\PSoC5 -Wa,-alh=.\CortexM3\ARM_GCC_541\Debug/Communication.lst -g -D DEBUG -D CY_CORE_ID=0 -Wall -ffunction-sections -ffat-lto-objects -Og -c Communication.c -o .\CortexM3\ARM_GCC_541\Debug\Communication.o
arm-none-eabi-gcc.exe -mcpu=cortex-m3 -mthumb -I..\shared -I. -IGenerated_Source\PSoC5 -Wa,-alh=.\CortexM3\ARM_GCC_541\Debug/isr_handlers.lst -g -D DEBUG -D CY_CORE_ID=0 -Wall -ffunction-sections -ffat-lto-objects -Og -c isr_handlers.c -o .\CortexM3\ARM_GCC_541\Debug\isr_handlers.o
arm-none-eabi-gcc.exe -mcpu=cortex-m3 -mthumb -I..\shared -I. -IGenerated_Source\PSoC5 -Wa,-alh=.\CortexM3\ARM_GCC_541\Debug/tb_buffers.lst -g -D DEBUG -D CY_CORE_ID=0 -Wall -ffunction-sections -ffat-lto-objects -Og -c tb_buffers.c -o .\CortexM3\ARM_GCC_541\Debug\tb_buffers.o
arm-none-eabi-gcc.exe -mcpu=cortex-m3 -mthumb -I..\shared -I. -IGenerated_Source\PSoC5 -Wa,-alh=.\CortexM3\ARM_GCC_541\Debug/TestBench.lst -g -D DEBUG -D CY_CORE_ID=0 -Wall -ffunction-sections -ffat-lto-objects -Og -c TestBench.c -o .\CortexM3\ARM_GCC_541\Debug\TestBench.o
arm-none-eabi-gcc.exe -mcpu=cortex-m3 -mthumb -I..\shared -I. -IGenerated_Source\PSoC5 -Wa,-alh=.\CortexM3\ARM_GCC_541\Debug/debug.lst -g -D DEBUG -D CY_CORE_ID=0 -Wall -ffunction-sections -ffat-lto-objects -Og -c ..\shared\debug.c -o .\CortexM3\ARM_GCC_541\Debug\debug.o
arm-none-eabi-gcc.exe -mcpu=cortex-m3 -mthumb -I..\shared -I. -IGenerated_Source\PSoC5 -Wa,-alh=.\CortexM3\ARM_GCC_541\Debug/cyfitter_cfg.lst -g -D DEBUG -D CY_CORE_ID=0 -Wall -ffunction-sections -ffat-lto-objects -Og -c Generated_Source\PSoC5\cyfitter_cfg.c -o .\CortexM3\ARM_GCC_541\Debug\cyfitter_cfg.o
arm-none-eabi-gcc.exe -mcpu=cortex-m3 -mthumb -I..\shared -I. -IGenerated_Source\PSoC5 -Wa,-alh=.\CortexM3\ARM_GCC_541\Debug/cymetadata.lst -g -D DEBUG -D CY_CORE_ID=0 -Wall -ffunction-sections -ffat-lto-objects -Og -c Generated_Source\PSoC5\cymetadata.c -o .\CortexM3\ARM_GCC_541\Debug\cymetadata.o
arm-none-eabi-gcc.exe -mcpu=cortex-m3 -mthumb -I..\shared -I. -IGenerated_Source\PSoC5 -Wa,-alh=.\CortexM3\ARM_GCC_541\Debug/TIA_p.lst -g -D DEBUG -D CY_CORE_ID=0 -Wall -ffunction-sections -ffat-lto-objects -Og -c Generated_Source\PSoC5\TIA_p.c -o .\CortexM3\ARM_GCC_541\Debug\TIA_p.o
arm-none-eabi-gcc.exe -mcpu=cortex-m3 -mthumb -I..\shared -I. -IGenerated_Source\PSoC5 -Wa,-alh=.\CortexM3\ARM_GCC_541\Debug/TIA_p_PM.lst -g -D DEBUG -D CY_CORE_ID=0 -Wall -ffunction-sections -ffat-lto-objects -Og -c Generated_Source\PSoC5\TIA_p_PM.c -o .\CortexM3\ARM_GCC_541\Debug\TIA_p_PM.o
arm-none-eabi-gcc.exe -mcpu=cortex-m3 -mthumb -I..\shared -I. -IGenerated_Source\PSoC5 -Wa,-alh=.\CortexM3\ARM_GCC_541\Debug/TIA_n.lst -g -D DEBUG -D CY_CORE_ID=0 -Wall -ffunction-sections -ffat-lto-objects -Og -c Generated_Source\PSoC5\TIA_n.c -o .\CortexM3\ARM_GCC_541\Debug\TIA_n.o
arm-none-eabi-gcc.exe -mcpu=cortex-m3 -mthumb -I..\shared -I. -IGenerated_Source\PSoC5 -Wa,-alh=.\CortexM3\ARM_GCC_541\Debug/TIA_n_PM.lst -g -D DEBUG -D CY_CORE_ID=0 -Wall -ffunction-sections -ffat-lto-objects -Og -c Generated_Source\PSoC5\TIA_n_PM.c -o .\CortexM3\ARM_GCC_541\Debug\TIA_n_PM.o
arm-none-eabi-gcc.exe -mcpu=cortex-m3 -mthumb -I..\shared -I. -IGenerated_Source\PSoC5 -Wa,-alh=.\CortexM3\ARM_GCC_541\Debug/ADC_p.lst -g -D DEBUG -D CY_CORE_ID=0 -Wall -ffunction-sections -ffat-lto-objects -Og -c Generated_Source\PSoC5\ADC_p.c -o .\CortexM3\ARM_GCC_541\Debug\ADC_p.o
arm-none-eabi-gcc.exe -mcpu=cortex-m3 -mthumb -I..\shared -I. -IGenerated_Source\PSoC5 -Wa,-alh=.\CortexM3\ARM_GCC_541\Debug/ADC_n.lst -g -D DEBUG -D CY_CORE_ID=0 -Wall -ffunction-sections -ffat-lto-objects -Og -c Generated_Source\PSoC5\ADC_n.c -o .\CortexM3\ARM_GCC_541\Debug\ADC_n.o
arm-none-eabi-gcc.exe -mcpu=cortex-m3 -mthumb -I..\shared -I. -IGenerated_Source\PSoC5 -Wa,-alh=.\CortexM3\ARM_GCC_541\Debug/Cm3Start.lst -g -D DEBUG -D CY_CORE_ID=0 -Wall -ffunction-sections -ffat-lto-objects -Og -c Generated_Source\PSoC5\Cm3Start.c -o .\CortexM3\ARM_GCC_541\Debug\Cm3Start.o
arm-none-eabi-gcc.exe -mcpu=cortex-m3 -mthumb -I..\shared -I. -IGenerated_Source\PSoC5 -Wa,-alh=.\CortexM3\ARM_GCC_541\Debug/CyDmac.lst -g -D DEBUG -D CY_CORE_ID=0 -Wall -ffunction-sections -ffat-lto-objects -Og -c Generated_Source\PSoC5\CyDmac.c -o .\CortexM3\ARM_GCC_541\Debug\CyDmac.o
arm-none-eabi-gcc.exe -mcpu=cortex-m3 -mthumb -I..\shared -I. -IGenerated_Source\PSoC5 -Wa,-alh=.\CortexM3\ARM_GCC_541\Debug/CyFlash.lst -g -D DEBUG -D CY_CORE_ID=0 -Wall -ffunction-sections -ffat-lto-objects -Og -c Generated_Source\PSoC5\CyFlash.c -o .\CortexM3\ARM_GCC_541\Debug\CyFlash.o
arm-none-eabi-gcc.exe -mcpu=cortex-m3 -mthumb -I..\shared -I. -IGenerated_Source\PSoC5 -Wa,-alh=.\CortexM3\ARM_GCC_541\Debug/CyLib.lst -g -D DEBUG -D CY_CORE_ID=0 -Wall -ffunction-sections -ffat-lto-objects -Og -c Generated_Source\PSoC5\CyLib.c -o .\CortexM3\ARM_GCC_541\Debug\CyLib.o
arm-none-eabi-gcc.exe -mcpu=cortex-m3 -mthumb -I..\shared -I. -IGenerated_Source\PSoC5 -Wa,-alh=.\CortexM3\ARM_GCC_541\Debug/cyPm.lst -g -D DEBUG -D CY_CORE_ID=0 -Wall -ffunction-sections -ffat-lto-objects -Og -c Generated_Source\PSoC5\cyPm.c -o .\CortexM3\ARM_GCC_541\Debug\cyPm.o
arm-none-eabi-gcc.exe -mcpu=cortex-m3 -mthumb -I..\shared -I. -IGenerated_Source\PSoC5 -Wa,-alh=.\CortexM3\ARM_GCC_541\Debug/CySpc.lst -g -D DEBUG -D CY_CORE_ID=0 -Wall -ffunction-sections -ffat-lto-objects -Og -c Generated_Source\PSoC5\CySpc.c -o .\CortexM3\ARM_GCC_541\Debug\CySpc.o
arm-none-eabi-gcc.exe -mcpu=cortex-m3 -mthumb -I..\shared -I. -IGenerated_Source\PSoC5 -Wa,-alh=.\CortexM3\ARM_GCC_541\Debug/cyutils.lst -g -D DEBUG -D CY_CORE_ID=0 -Wall -ffunction-sections -ffat-lto-objects -Og -c Generated_Source\PSoC5\cyutils.c -o .\CortexM3\ARM_GCC_541\Debug\cyutils.o
arm-none-eabi-gcc.exe -mcpu=cortex-m3 -mthumb -I..\shared -I. -IGenerated_Source\PSoC5 -Wa,-alh=.\CortexM3\ARM_GCC_541\Debug/cy_em_eeprom.lst -g -D DEBUG -D CY_CORE_ID=0 -Wall -ffunction-sections -ffat-lto-objects -Og -c Generated_Source\PSoC5\cy_em_eeprom.c -o .\CortexM3\ARM_GCC_541\Debug\cy_em_eeprom.o
arm-none-eabi-gcc.exe -mcpu=cortex-m3 -mthumb -I..\shared -I. -IGenerated_Source\PSoC5 -Wa,-alh=.\CortexM3\ARM_GCC_541\Debug/TIAOut_p.lst -g -D DEBUG -D CY_CORE_ID=0 -Wall -ffunction-sections -ffat-lto-objects -Og -c Generated_Source\PSoC5\TIAOut_p.c -o .\CortexM3\ARM_GCC_541\Debug\TIAOut_p.o
arm-none-eabi-gcc.exe -mcpu=cortex-m3 -mthumb -I..\shared -I. -IGenerated_Source\PSoC5 -Wa,-alh=.\CortexM3\ARM_GCC_541\Debug/TIAOut_n.lst -g -D DEBUG -D CY_CORE_ID=0 -Wall -ffunction-sections -ffat-lto-objects -Og -c Generated_Source\PSoC5\TIAOut_n.c -o .\CortexM3\ARM_GCC_541\Debug\TIAOut_n.o
arm-none-eabi-gcc.exe -mcpu=cortex-m3 -mthumb -I..\shared -I. -IGenerated_Source\PSoC5 -Wa,-alh=.\CortexM3\ARM_GCC_541\Debug/PGA_p.lst -g -D DEBUG -D CY_CORE_ID=0 -Wall -ffunction-sections -ffat-lto-objects -Og -c Generated_Source\PSoC5\PGA_p.c -o .\CortexM3\ARM_GCC_541\Debug\PGA_p.o
arm-none-eabi-gcc.exe -mcpu=cortex-m3 -mthumb -I..\shared -I. -IGenerated_Source\PSoC5 -Wa,-alh=.\CortexM3\ARM_GCC_541\Debug/PGA_p_PM.lst -g -D DEBUG -D CY_CORE_ID=0 -Wall -ffunction-sections -ffat-lto-objects -Og -c Generated_Source\PSoC5\PGA_p_PM.c -o .\CortexM3\ARM_GCC_541\Debug\PGA_p_PM.o
arm-none-eabi-gcc.exe -mcpu=cortex-m3 -mthumb -I..\shared -I. -IGenerated_Source\PSoC5 -Wa,-alh=.\CortexM3\ARM_GCC_541\Debug/PGA_n.lst -g -D DEBUG -D CY_CORE_ID=0 -Wall -ffunction-sections -ffat-lto-objects -Og -c Generated_Source\PSoC5\PGA_n.c -o .\CortexM3\ARM_GCC_541\Debug\PGA_n.o
arm-none-eabi-gcc.exe -mcpu=cortex-m3 -mthumb -I..\shared -I. -IGenerated_Source\PSoC5 -Wa,-alh=.\CortexM3\ARM_GCC_541\Debug/PGA_n_PM.lst -g -D DEBUG -D CY_CORE_ID=0 -Wall -ffunction-sections -ffat-lto-objects -Og -c Generated_Source\PSoC5\PGA_n_PM.c -o .\CortexM3\ARM_GCC_541\Debug\PGA_n_PM.o
arm-none-eabi-gcc.exe -mcpu=cortex-m3 -mthumb -I..\shared -I. -IGenerated_Source\PSoC5 -Wa,-alh=.\CortexM3\ARM_GCC_541\Debug/In_p.lst -g -D DEBUG -D CY_CORE_ID=0 -Wall -ffunction-sections -ffat-lto-objects -Og -c Generated_Source\PSoC5\In_p.c -o .\CortexM3\ARM_GCC_541\Debug\In_p.o
arm-none-eabi-gcc.exe -mcpu=cortex-m3 -mthumb -I..\shared -I. -IGenerated_Source\PSoC5 -Wa,-alh=.\CortexM3\ARM_GCC_541\Debug/In_n.lst -g -D DEBUG -D CY_CORE_ID=0 -Wall -ffunction-sections -ffat-lto-objects -Og -c Generated_Source\PSoC5\In_n.c -o .\CortexM3\ARM_GCC_541\Debug\In_n.o
arm-none-eabi-gcc.exe -mcpu=cortex-m3 -mthumb -I..\shared -I. -IGenerated_Source\PSoC5 -Wa,-alh=.\CortexM3\ARM_GCC_541\Debug/Opa_ref.lst -g -D DEBUG -D CY_CORE_ID=0 -Wall -ffunction-sections -ffat-lto-objects -Og -c Generated_Source\PSoC5\Opa_ref.c -o .\CortexM3\ARM_GCC_541\Debug\Opa_ref.o
arm-none-eabi-gcc.exe -mcpu=cortex-m3 -mthumb -I..\shared -I. -IGenerated_Source\PSoC5 -Wa,-alh=.\CortexM3\ARM_GCC_541\Debug/Opa_ref_PM.lst -g -D DEBUG -D CY_CORE_ID=0 -Wall -ffunction-sections -ffat-lto-objects -Og -c Generated_Source\PSoC5\Opa_ref_PM.c -o .\CortexM3\ARM_GCC_541\Debug\Opa_ref_PM.o
arm-none-eabi-gcc.exe -mcpu=cortex-m3 -mthumb -I..\shared -I. -IGenerated_Source\PSoC5 -Wa,-alh=.\CortexM3\ARM_GCC_541\Debug/Opa_comun.lst -g -D DEBUG -D CY_CORE_ID=0 -Wall -ffunction-sections -ffat-lto-objects -Og -c Generated_Source\PSoC5\Opa_comun.c -o .\CortexM3\ARM_GCC_541\Debug\Opa_comun.o
arm-none-eabi-gcc.exe -mcpu=cortex-m3 -mthumb -I..\shared -I. -IGenerated_Source\PSoC5 -Wa,-alh=.\CortexM3\ARM_GCC_541\Debug/Opa_comun_PM.lst -g -D DEBUG -D CY_CORE_ID=0 -Wall -ffunction-sections -ffat-lto-objects -Og -c Generated_Source\PSoC5\Opa_comun_PM.c -o .\CortexM3\ARM_GCC_541\Debug\Opa_comun_PM.o
arm-none-eabi-gcc.exe -mcpu=cortex-m3 -mthumb -I..\shared -I. -IGenerated_Source\PSoC5 -Wa,-alh=.\CortexM3\ARM_GCC_541\Debug/PGAout_n.lst -g -D DEBUG -D CY_CORE_ID=0 -Wall -ffunction-sections -ffat-lto-objects -Og -c Generated_Source\PSoC5\PGAout_n.c -o .\CortexM3\ARM_GCC_541\Debug\PGAout_n.o
arm-none-eabi-gcc.exe -mcpu=cortex-m3 -mthumb -I..\shared -I. -IGenerated_Source\PSoC5 -Wa,-alh=.\CortexM3\ARM_GCC_541\Debug/PGAout_p.lst -g -D DEBUG -D CY_CORE_ID=0 -Wall -ffunction-sections -ffat-lto-objects -Og -c Generated_Source\PSoC5\PGAout_p.c -o .\CortexM3\ARM_GCC_541\Debug\PGAout_p.o
arm-none-eabi-gcc.exe -mcpu=cortex-m3 -mthumb -I..\shared -I. -IGenerated_Source\PSoC5 -Wa,-alh=.\CortexM3\ARM_GCC_541\Debug/DiffInNI_p.lst -g -D DEBUG -D CY_CORE_ID=0 -Wall -ffunction-sections -ffat-lto-objects -Og -c Generated_Source\PSoC5\DiffInNI_p.c -o .\CortexM3\ARM_GCC_541\Debug\DiffInNI_p.o
arm-none-eabi-gcc.exe -mcpu=cortex-m3 -mthumb -I..\shared -I. -IGenerated_Source\PSoC5 -Wa,-alh=.\CortexM3\ARM_GCC_541\Debug/DiffInNI_n.lst -g -D DEBUG -D CY_CORE_ID=0 -Wall -ffunction-sections -ffat-lto-objects -Og -c Generated_Source\PSoC5\DiffInNI_n.c -o .\CortexM3\ARM_GCC_541\Debug\DiffInNI_n.o
arm-none-eabi-gcc.exe -mcpu=cortex-m3 -mthumb -I..\shared -I. -IGenerated_Source\PSoC5 -Wa,-alh=.\CortexM3\ARM_GCC_541\Debug/DiffInI_n.lst -g -D DEBUG -D CY_CORE_ID=0 -Wall -ffunction-sections -ffat-lto-objects -Og -c Generated_Source\PSoC5\DiffInI_n.c -o .\CortexM3\ARM_GCC_541\Debug\DiffInI_n.o
arm-none-eabi-gcc.exe -mcpu=cortex-m3 -mthumb -I..\shared -I. -IGenerated_Source\PSoC5 -Wa,-alh=.\CortexM3\ARM_GCC_541\Debug/DiffOut_n.lst -g -D DEBUG -D CY_CORE_ID=0 -Wall -ffunction-sections -ffat-lto-objects -Og -c Generated_Source\PSoC5\DiffOut_n.c -o .\CortexM3\ARM_GCC_541\Debug\DiffOut_n.o
arm-none-eabi-gcc.exe -mcpu=cortex-m3 -mthumb -I..\shared -I. -IGenerated_Source\PSoC5 -Wa,-alh=.\CortexM3\ARM_GCC_541\Debug/DiffInI_p.lst -g -D DEBUG -D CY_CORE_ID=0 -Wall -ffunction-sections -ffat-lto-objects -Og -c Generated_Source\PSoC5\DiffInI_p.c -o .\CortexM3\ARM_GCC_541\Debug\DiffInI_p.o
arm-none-eabi-gcc.exe -mcpu=cortex-m3 -mthumb -I..\shared -I. -IGenerated_Source\PSoC5 -Wa,-alh=.\CortexM3\ARM_GCC_541\Debug/DiffOut_p.lst -g -D DEBUG -D CY_CORE_ID=0 -Wall -ffunction-sections -ffat-lto-objects -Og -c Generated_Source\PSoC5\DiffOut_p.c -o .\CortexM3\ARM_GCC_541\Debug\DiffOut_p.o
arm-none-eabi-gcc.exe -mcpu=cortex-m3 -mthumb -I..\shared -I. -IGenerated_Source\PSoC5 -Wa,-alh=.\CortexM3\ARM_GCC_541\Debug/OpaDiff_p.lst -g -D DEBUG -D CY_CORE_ID=0 -Wall -ffunction-sections -ffat-lto-objects -Og -c Generated_Source\PSoC5\OpaDiff_p.c -o .\CortexM3\ARM_GCC_541\Debug\OpaDiff_p.o
arm-none-eabi-gcc.exe -mcpu=cortex-m3 -mthumb -I..\shared -I. -IGenerated_Source\PSoC5 -Wa,-alh=.\CortexM3\ARM_GCC_541\Debug/OpaDiff_p_PM.lst -g -D DEBUG -D CY_CORE_ID=0 -Wall -ffunction-sections -ffat-lto-objects -Og -c Generated_Source\PSoC5\OpaDiff_p_PM.c -o .\CortexM3\ARM_GCC_541\Debug\OpaDiff_p_PM.o
arm-none-eabi-gcc.exe -mcpu=cortex-m3 -mthumb -I..\shared -I. -IGenerated_Source\PSoC5 -Wa,-alh=.\CortexM3\ARM_GCC_541\Debug/OpaDiff_n.lst -g -D DEBUG -D CY_CORE_ID=0 -Wall -ffunction-sections -ffat-lto-objects -Og -c Generated_Source\PSoC5\OpaDiff_n.c -o .\CortexM3\ARM_GCC_541\Debug\OpaDiff_n.o
arm-none-eabi-gcc.exe -mcpu=cortex-m3 -mthumb -I..\shared -I. -IGenerated_Source\PSoC5 -Wa,-alh=.\CortexM3\ARM_GCC_541\Debug/OpaDiff_n_PM.lst -g -D DEBUG -D CY_CORE_ID=0 -Wall -ffunction-sections -ffat-lto-objects -Og -c Generated_Source\PSoC5\OpaDiff_n_PM.c -o .\CortexM3\ARM_GCC_541\Debug\OpaDiff_n_PM.o
arm-none-eabi-gcc.exe -mcpu=cortex-m3 -mthumb -I..\shared -I. -IGenerated_Source\PSoC5 -Wa,-alh=.\CortexM3\ARM_GCC_541\Debug/boton.lst -g -D DEBUG -D CY_CORE_ID=0 -Wall -ffunction-sections -ffat-lto-objects -Og -c Generated_Source\PSoC5\boton.c -o .\CortexM3\ARM_GCC_541\Debug\boton.o
arm-none-eabi-gcc.exe -mcpu=cortex-m3 -mthumb -I..\shared -I. -IGenerated_Source\PSoC5 -Wa,-alh=.\CortexM3\ARM_GCC_541\Debug/Clock_Debouncer.lst -g -D DEBUG -D CY_CORE_ID=0 -Wall -ffunction-sections -ffat-lto-objects -Og -c Generated_Source\PSoC5\Clock_Debouncer.c -o .\CortexM3\ARM_GCC_541\Debug\Clock_Debouncer.o
arm-none-eabi-gcc.exe -mcpu=cortex-m3 -mthumb -I..\shared -I. -IGenerated_Source\PSoC5 -Wa,-alh=.\CortexM3\ARM_GCC_541\Debug/isr_boton.lst -g -D DEBUG -D CY_CORE_ID=0 -Wall -ffunction-sections -ffat-lto-objects -Og -c Generated_Source\PSoC5\isr_boton.c -o .\CortexM3\ARM_GCC_541\Debug\isr_boton.o
arm-none-eabi-gcc.exe -mcpu=cortex-m3 -mthumb -I..\shared -I. -IGenerated_Source\PSoC5 -Wa,-alh=.\CortexM3\ARM_GCC_541\Debug/Clock_Wave.lst -g -D DEBUG -D CY_CORE_ID=0 -Wall -ffunction-sections -ffat-lto-objects -Og -c Generated_Source\PSoC5\Clock_Wave.c -o .\CortexM3\ARM_GCC_541\Debug\Clock_Wave.o
arm-none-eabi-gcc.exe -mcpu=cortex-m3 -mthumb -I..\shared -I. -IGenerated_Source\PSoC5 -Wa,-alh=.\CortexM3\ARM_GCC_541\Debug/Comun.lst -g -D DEBUG -D CY_CORE_ID=0 -Wall -ffunction-sections -ffat-lto-objects -Og -c Generated_Source\PSoC5\Comun.c -o .\CortexM3\ARM_GCC_541\Debug\Comun.o
arm-none-eabi-gcc.exe -mcpu=cortex-m3 -mthumb -I..\shared -I. -IGenerated_Source\PSoC5 -Wa,-alh=.\CortexM3\ARM_GCC_541\Debug/TIAInI_n.lst -g -D DEBUG -D CY_CORE_ID=0 -Wall -ffunction-sections -ffat-lto-objects -Og -c Generated_Source\PSoC5\TIAInI_n.c -o .\CortexM3\ARM_GCC_541\Debug\TIAInI_n.o
arm-none-eabi-gcc.exe -mcpu=cortex-m3 -mthumb -I..\shared -I. -IGenerated_Source\PSoC5 -Wa,-alh=.\CortexM3\ARM_GCC_541\Debug/TIAInI_p.lst -g -D DEBUG -D CY_CORE_ID=0 -Wall -ffunction-sections -ffat-lto-objects -Og -c Generated_Source\PSoC5\TIAInI_p.c -o .\CortexM3\ARM_GCC_541\Debug\TIAInI_p.o
arm-none-eabi-gcc.exe -mcpu=cortex-m3 -mthumb -I..\shared -I. -IGenerated_Source\PSoC5 -Wa,-alh=.\CortexM3\ARM_GCC_541\Debug/WaveGenerator.lst -g -D DEBUG -D CY_CORE_ID=0 -Wall -ffunction-sections -ffat-lto-objects -Og -c Generated_Source\PSoC5\WaveGenerator.c -o .\CortexM3\ARM_GCC_541\Debug\WaveGenerator.o
arm-none-eabi-gcc.exe -mcpu=cortex-m3 -mthumb -I..\shared -I. -IGenerated_Source\PSoC5 -Wa,-alh=.\CortexM3\ARM_GCC_541\Debug/WRef.lst -g -D DEBUG -D CY_CORE_ID=0 -Wall -ffunction-sections -ffat-lto-objects -Og -c Generated_Source\PSoC5\WRef.c -o .\CortexM3\ARM_GCC_541\Debug\WRef.o
arm-none-eabi-gcc.exe -mcpu=cortex-m3 -mthumb -I..\shared -I. -IGenerated_Source\PSoC5 -Wa,-alh=.\CortexM3\ARM_GCC_541\Debug/WaveDAC.lst -g -D DEBUG -D CY_CORE_ID=0 -Wall -ffunction-sections -ffat-lto-objects -Og -c Generated_Source\PSoC5\WaveDAC.c -o .\CortexM3\ARM_GCC_541\Debug\WaveDAC.o
arm-none-eabi-gcc.exe -mcpu=cortex-m3 -mthumb -I..\shared -I. -IGenerated_Source\PSoC5 -Wa,-alh=.\CortexM3\ARM_GCC_541\Debug/WaveDAC_PM.lst -g -D DEBUG -D CY_CORE_ID=0 -Wall -ffunction-sections -ffat-lto-objects -Og -c Generated_Source\PSoC5\WaveDAC_PM.c -o .\CortexM3\ARM_GCC_541\Debug\WaveDAC_PM.o
arm-none-eabi-gcc.exe -mcpu=cortex-m3 -mthumb -I..\shared -I. -IGenerated_Source\PSoC5 -Wa,-alh=.\CortexM3\ARM_GCC_541\Debug/WaveDAC_Wave1_DMA_dma.lst -g -D DEBUG -D CY_CORE_ID=0 -Wall -ffunction-sections -ffat-lto-objects -Og -c Generated_Source\PSoC5\WaveDAC_Wave1_DMA_dma.c -o .\CortexM3\ARM_GCC_541\Debug\WaveDAC_Wave1_DMA_dma.o
arm-none-eabi-gcc.exe -mcpu=cortex-m3 -mthumb -I..\shared -I. -IGenerated_Source\PSoC5 -Wa,-alh=.\CortexM3\ARM_GCC_541\Debug/WaveDAC_Wave2_DMA_dma.lst -g -D DEBUG -D CY_CORE_ID=0 -Wall -ffunction-sections -ffat-lto-objects -Og -c Generated_Source\PSoC5\WaveDAC_Wave2_DMA_dma.c -o .\CortexM3\ARM_GCC_541\Debug\WaveDAC_Wave2_DMA_dma.o
arm-none-eabi-gcc.exe -mcpu=cortex-m3 -mthumb -I..\shared -I. -IGenerated_Source\PSoC5 -Wa,-alh=.\CortexM3\ARM_GCC_541\Debug/WaveDAC_VDAC8.lst -g -D DEBUG -D CY_CORE_ID=0 -Wall -ffunction-sections -ffat-lto-objects -Og -c Generated_Source\PSoC5\WaveDAC_VDAC8.c -o .\CortexM3\ARM_GCC_541\Debug\WaveDAC_VDAC8.o
arm-none-eabi-gcc.exe -mcpu=cortex-m3 -mthumb -I..\shared -I. -IGenerated_Source\PSoC5 -Wa,-alh=.\CortexM3\ARM_GCC_541\Debug/WaveDAC_VDAC8_PM.lst -g -D DEBUG -D CY_CORE_ID=0 -Wall -ffunction-sections -ffat-lto-objects -Og -c Generated_Source\PSoC5\WaveDAC_VDAC8_PM.c -o .\CortexM3\ARM_GCC_541\Debug\WaveDAC_VDAC8_PM.o
arm-none-eabi-as.exe -mcpu=cortex-m3 -mthumb -I..\shared -I. -IGenerated_Source\PSoC5 -alh=.\CortexM3\ARM_GCC_541\Debug/CyBootAsmGnu.lst -g -W -o .\CortexM3\ARM_GCC_541\Debug\CyBootAsmGnu.o Generated_Source\PSoC5\CyBootAsmGnu.s
arm-none-eabi-ar.exe -rs .\CortexM3\ARM_GCC_541\Debug\ComparacionDiferencial.a .\CortexM3\ARM_GCC_541\Debug\TIA_p.o .\CortexM3\ARM_GCC_541\Debug\TIA_p_PM.o .\CortexM3\ARM_GCC_541\Debug\TIA_n.o .\CortexM3\ARM_GCC_541\Debug\TIA_n_PM.o .\CortexM3\ARM_GCC_541\Debug\ADC_p.o .\CortexM3\ARM_GCC_541\Debug\ADC_n.o .\CortexM3\ARM_GCC_541\Debug\CyDmac.o .\CortexM3\ARM_GCC_541\Debug\CyFlash.o .\CortexM3\ARM_GCC_541\Debug\CyLib.o .\CortexM3\ARM_GCC_541\Debug\cyPm.o .\CortexM3\ARM_GCC_541\Debug\CySpc.o .\CortexM3\ARM_GCC_541\Debug\cyutils.o .\CortexM3\ARM_GCC_541\Debug\cy_em_eeprom.o .\CortexM3\ARM_GCC_541\Debug\TIAOut_p.o .\CortexM3\ARM_GCC_541\Debug\TIAOut_n.o .\CortexM3\ARM_GCC_541\Debug\PGA_p.o .\CortexM3\ARM_GCC_541\Debug\PGA_p_PM.o .\CortexM3\ARM_GCC_541\Debug\PGA_n.o .\CortexM3\ARM_GCC_541\Debug\PGA_n_PM.o .\CortexM3\ARM_GCC_541\Debug\In_p.o .\CortexM3\ARM_GCC_541\Debug\In_n.o .\CortexM3\ARM_GCC_541\Debug\Opa_ref.o .\CortexM3\ARM_GCC_541\Debug\Opa_ref_PM.o .\CortexM3\ARM_GCC_541\Debug\Opa_comun.o .\CortexM3\ARM_GCC_541\Debug\Opa_comun_PM.o .\CortexM3\ARM_GCC_541\Debug\PGAout_n.o .\CortexM3\ARM_GCC_541\Debug\PGAout_p.o .\CortexM3\ARM_GCC_541\Debug\DiffInNI_p.o .\CortexM3\ARM_GCC_541\Debug\DiffInNI_n.o .\CortexM3\ARM_GCC_541\Debug\DiffInI_n.o .\CortexM3\ARM_GCC_541\Debug\DiffOut_n.o .\CortexM3\ARM_GCC_541\Debug\DiffInI_p.o .\CortexM3\ARM_GCC_541\Debug\DiffOut_p.o .\CortexM3\ARM_GCC_541\Debug\OpaDiff_p.o .\CortexM3\ARM_GCC_541\Debug\OpaDiff_p_PM.o .\CortexM3\ARM_GCC_541\Debug\OpaDiff_n.o .\CortexM3\ARM_GCC_541\Debug\OpaDiff_n_PM.o .\CortexM3\ARM_GCC_541\Debug\boton.o .\CortexM3\ARM_GCC_541\Debug\Clock_Debouncer.o .\CortexM3\ARM_GCC_541\Debug\isr_boton.o .\CortexM3\ARM_GCC_541\Debug\Clock_Wave.o .\CortexM3\ARM_GCC_541\Debug\Comun.o .\CortexM3\ARM_GCC_541\Debug\TIAInI_n.o .\CortexM3\ARM_GCC_541\Debug\TIAInI_p.o .\CortexM3\ARM_GCC_541\Debug\WaveGenerator.o .\CortexM3\ARM_GCC_541\Debug\WRef.o .\CortexM3\ARM_GCC_541\Debug\WaveDAC.o .\CortexM3\ARM_GCC_541\Debug\WaveDAC_PM.o .\CortexM3\ARM_GCC_541\Debug\WaveDAC_Wave1_DMA_dma.o .\CortexM3\ARM_GCC_541\Debug\WaveDAC_Wave2_DMA_dma.o .\CortexM3\ARM_GCC_541\Debug\WaveDAC_VDAC8.o .\CortexM3\ARM_GCC_541\Debug\WaveDAC_VDAC8_PM.o .\CortexM3\ARM_GCC_541\Debug\CyBootAsmGnu.o
arm-none-eabi-ar.exe: creating .\CortexM3\ARM_GCC_541\Debug\ComparacionDiferencial.a
arm-none-eabi-gcc.exe -Wl,--start-group -o C:\Github\Tesis\src\psoc\ComparacionDiferencial.cydsn\CortexM3\ARM_GCC_541\Debug\ComparacionDiferencial.elf .\CortexM3\ARM_GCC_541\Debug\main.o .\CortexM3\ARM_GCC_541\Debug\AnalogToDigital.o .\CortexM3\ARM_GCC_541\Debug\buffers.o .\CortexM3\ARM_GCC_541\Debug\Communication.o .\CortexM3\ARM_GCC_541\Debug\isr_handlers.o .\CortexM3\ARM_GCC_541\Debug\tb_buffers.o .\CortexM3\ARM_GCC_541\Debug\TestBench.o .\CortexM3\ARM_GCC_541\Debug\debug.o .\CortexM3\ARM_GCC_541\Debug\cyfitter_cfg.o .\CortexM3\ARM_GCC_541\Debug\cymetadata.o .\CortexM3\ARM_GCC_541\Debug\Cm3Start.o .\CortexM3\ARM_GCC_541\Debug\ComparacionDiferencial.a "C:\Program Files (x86)\Cypress\PSoC Creator\4.4\PSoC Creator\psoc\content\cycomponentlibrary\CyComponentLibrary.cylib\CortexM3\ARM_GCC_541\Debug\CyComponentLibrary.a" -mcpu=cortex-m3 -mthumb -L Generated_Source\PSoC5 -Wl,-Map,.\CortexM3\ARM_GCC_541\Debug/ComparacionDiferencial.map -T Generated_Source\PSoC5\cm3gcc.ld -specs=nano.specs -Wl,--gc-sections -g -ffunction-sections -Og -ffat-lto-objects -Wl,--end-group
cyelftool.exe -C C:\Github\Tesis\src\psoc\ComparacionDiferencial.cydsn\CortexM3\ARM_GCC_541\Debug\ComparacionDiferencial.elf --flash_row_size 256 --flash_size 262144 --flash_offset 0x00000000
No ELF section .cychecksum found, creating one
Application checksum calculated and stored in ELF section .cychecksum
Checksum calculated and stored in ELF section .cymeta
cyelftool.exe -S C:\Github\Tesis\src\psoc\ComparacionDiferencial.cydsn\CortexM3\ARM_GCC_541\Debug\ComparacionDiferencial.elf
Flash used: 4294 of 262144 bytes (1.6%).
SRAM used: 2529 of 65536 bytes (3.9%). Stack: 2048 bytes. Heap: 128 bytes.
--------------- Rebuild Succeeded: 04/26/2026 18:49:46 ---------------
