--------------- Build Started: 04/30/2026 22:19:59 Project: ComparacionDiferencial_Copy_01, Configuration: ARM GCC 5.4-2016-q2-update Debug ---------------
cydsfit.exe -.appdatapath "C:\Users\elias\AppData\Local\Cypress Semiconductor\PSoC Creator\4.4" -.fdsnotice -.fdswarpdepfile=warp_dependencies.txt -.fdselabdepfile=elab_dependencies.txt -.fdsbldfile=generated_files.txt -.fdsreffile=referenced_files.txt -p C:\Github\Tesis\src\psoc\ComparacionDiferencial_Copy_01.cydsn\ComparacionDiferencial_Copy_01.cyprj -d CY8C5888LTI-LP097 -s C:\Github\Tesis\src\psoc\ComparacionDiferencial_Copy_01.cydsn\Generated_Source\PSoC5 -- -yv2 -q10 -ygs -o2 -v3 -.fftcfgtype=LE
Elaborating Design...
ADD: fit.M0029: information: Voltage Reference Information: Vref 'Vdda/2' is connected to terminal 'analog_0' of 'refOut' but no direct hardware connection exists.
 * C:\Github\Tesis\src\psoc\ComparacionDiferencial_Copy_01.cydsn\TopDesign\TopDesign.cysch (Instance:refOut)
 * C:\Github\Tesis\src\psoc\ComparacionDiferencial_Copy_01.cydsn\TopDesign\TopDesign.cysch (Instance:vRef_1)
HDL Generation...
Synthesis...
Tech Mapping...
Analog Placement...
Log: apr.M0058: The analog placement iterative improvement is 42% done. (App=cydsfit)
Log: apr.M0058: The analog placement iterative improvement is 100% done. (App=cydsfit)
Analog Routing...
Analog Code Generation...
Digital Placement...
Digital Routing...
Bitstream Generation...
Bitstream Verification...
Static timing analysis...
API Generation...
Dependency Generation...
Cleanup...
arm-none-eabi-gcc.exe -mcpu=cortex-m3 -mthumb -I..\shared -I. -IGenerated_Source\PSoC5 -Wa,-alh=.\CortexM3\ARM_GCC_541\Debug/main.lst -g -D DEBUG -D CY_CORE_ID=0 -Wall -ffunction-sections -ffat-lto-objects -Og -c main.c -o .\CortexM3\ARM_GCC_541\Debug\main.o
main.c:36:0: warning: "DEBUG" redefined
 #define DEBUG 0
 ^
<command-line>:0:0: note: this is the location of the previous definition
main.c: In function 'main':
main.c:81:12: warning: unused variable 'notch_out' [-Wunused-variable]
     int32  notch_out;
            ^
main.c: At top level:
main.c:58:14: warning: 'fir_notch' defined but not used [-Wunused-function]
 static int32 fir_notch(int32 input)
              ^
arm-none-eabi-gcc.exe -mcpu=cortex-m3 -mthumb -I..\shared -I. -IGenerated_Source\PSoC5 -Wa,-alh=.\CortexM3\ARM_GCC_541\Debug/debug.lst -g -D DEBUG -D CY_CORE_ID=0 -Wall -ffunction-sections -ffat-lto-objects -Og -c ..\shared\debug.c -o .\CortexM3\ARM_GCC_541\Debug\debug.o
arm-none-eabi-gcc.exe -mcpu=cortex-m3 -mthumb -I..\shared -I. -IGenerated_Source\PSoC5 -Wa,-alh=.\CortexM3\ARM_GCC_541\Debug/cyfitter_cfg.lst -g -D DEBUG -D CY_CORE_ID=0 -Wall -ffunction-sections -ffat-lto-objects -Og -c Generated_Source\PSoC5\cyfitter_cfg.c -o .\CortexM3\ARM_GCC_541\Debug\cyfitter_cfg.o
arm-none-eabi-gcc.exe -mcpu=cortex-m3 -mthumb -I..\shared -I. -IGenerated_Source\PSoC5 -Wa,-alh=.\CortexM3\ARM_GCC_541\Debug/cymetadata.lst -g -D DEBUG -D CY_CORE_ID=0 -Wall -ffunction-sections -ffat-lto-objects -Og -c Generated_Source\PSoC5\cymetadata.c -o .\CortexM3\ARM_GCC_541\Debug\cymetadata.o
arm-none-eabi-gcc.exe -mcpu=cortex-m3 -mthumb -I..\shared -I. -IGenerated_Source\PSoC5 -Wa,-alh=.\CortexM3\ARM_GCC_541\Debug/ADC_p.lst -g -D DEBUG -D CY_CORE_ID=0 -Wall -ffunction-sections -ffat-lto-objects -Og -c Generated_Source\PSoC5\ADC_p.c -o .\CortexM3\ARM_GCC_541\Debug\ADC_p.o
arm-none-eabi-gcc.exe -mcpu=cortex-m3 -mthumb -I..\shared -I. -IGenerated_Source\PSoC5 -Wa,-alh=.\CortexM3\ARM_GCC_541\Debug/ADC_n.lst -g -D DEBUG -D CY_CORE_ID=0 -Wall -ffunction-sections -ffat-lto-objects -Og -c Generated_Source\PSoC5\ADC_n.c -o .\CortexM3\ARM_GCC_541\Debug\ADC_n.o
arm-none-eabi-gcc.exe -mcpu=cortex-m3 -mthumb -I..\shared -I. -IGenerated_Source\PSoC5 -Wa,-alh=.\CortexM3\ARM_GCC_541\Debug/Filter.lst -g -D DEBUG -D CY_CORE_ID=0 -Wall -ffunction-sections -ffat-lto-objects -Og -c Generated_Source\PSoC5\Filter.c -o .\CortexM3\ARM_GCC_541\Debug\Filter.o
arm-none-eabi-gcc.exe -mcpu=cortex-m3 -mthumb -I..\shared -I. -IGenerated_Source\PSoC5 -Wa,-alh=.\CortexM3\ARM_GCC_541\Debug/Filter_PM.lst -g -D DEBUG -D CY_CORE_ID=0 -Wall -ffunction-sections -ffat-lto-objects -Og -c Generated_Source\PSoC5\Filter_PM.c -o .\CortexM3\ARM_GCC_541\Debug\Filter_PM.o
arm-none-eabi-gcc.exe -mcpu=cortex-m3 -mthumb -I..\shared -I. -IGenerated_Source\PSoC5 -Wa,-alh=.\CortexM3\ARM_GCC_541\Debug/Filter_PVT.lst -g -D DEBUG -D CY_CORE_ID=0 -Wall -ffunction-sections -ffat-lto-objects -Og -c Generated_Source\PSoC5\Filter_PVT.c -o .\CortexM3\ARM_GCC_541\Debug\Filter_PVT.o
arm-none-eabi-gcc.exe -mcpu=cortex-m3 -mthumb -I..\shared -I. -IGenerated_Source\PSoC5 -Wa,-alh=.\CortexM3\ARM_GCC_541\Debug/Filter_RAM_Data.lst -g -D DEBUG -D CY_CORE_ID=0 -Wall -ffunction-sections -ffat-lto-objects -Og -c Generated_Source\PSoC5\Filter_RAM_Data.c -o .\CortexM3\ARM_GCC_541\Debug\Filter_RAM_Data.o
arm-none-eabi-gcc.exe -mcpu=cortex-m3 -mthumb -I..\shared -I. -IGenerated_Source\PSoC5 -Wa,-alh=.\CortexM3\ARM_GCC_541\Debug/Filter_Coefficients.lst -g -D DEBUG -D CY_CORE_ID=0 -Wall -ffunction-sections -ffat-lto-objects -Og -c Generated_Source\PSoC5\Filter_Coefficients.c -o .\CortexM3\ARM_GCC_541\Debug\Filter_Coefficients.o
arm-none-eabi-gcc.exe -mcpu=cortex-m3 -mthumb -I..\shared -I. -IGenerated_Source\PSoC5 -Wa,-alh=.\CortexM3\ARM_GCC_541\Debug/Cm3Start.lst -g -D DEBUG -D CY_CORE_ID=0 -Wall -ffunction-sections -ffat-lto-objects -Og -c Generated_Source\PSoC5\Cm3Start.c -o .\CortexM3\ARM_GCC_541\Debug\Cm3Start.o
arm-none-eabi-gcc.exe -mcpu=cortex-m3 -mthumb -I..\shared -I. -IGenerated_Source\PSoC5 -Wa,-alh=.\CortexM3\ARM_GCC_541\Debug/CyDmac.lst -g -D DEBUG -D CY_CORE_ID=0 -Wall -ffunction-sections -ffat-lto-objects -Og -c Generated_Source\PSoC5\CyDmac.c -o .\CortexM3\ARM_GCC_541\Debug\CyDmac.o
arm-none-eabi-gcc.exe -mcpu=cortex-m3 -mthumb -I..\shared -I. -IGenerated_Source\PSoC5 -Wa,-alh=.\CortexM3\ARM_GCC_541\Debug/CyFlash.lst -g -D DEBUG -D CY_CORE_ID=0 -Wall -ffunction-sections -ffat-lto-objects -Og -c Generated_Source\PSoC5\CyFlash.c -o .\CortexM3\ARM_GCC_541\Debug\CyFlash.o
arm-none-eabi-gcc.exe -mcpu=cortex-m3 -mthumb -I..\shared -I. -IGenerated_Source\PSoC5 -Wa,-alh=.\CortexM3\ARM_GCC_541\Debug/CyLib.lst -g -D DEBUG -D CY_CORE_ID=0 -Wall -ffunction-sections -ffat-lto-objects -Og -c Generated_Source\PSoC5\CyLib.c -o .\CortexM3\ARM_GCC_541\Debug\CyLib.o
arm-none-eabi-gcc.exe -mcpu=cortex-m3 -mthumb -I..\shared -I. -IGenerated_Source\PSoC5 -Wa,-alh=.\CortexM3\ARM_GCC_541\Debug/cyPm.lst -g -D DEBUG -D CY_CORE_ID=0 -Wall -ffunction-sections -ffat-lto-objects -Og -c Generated_Source\PSoC5\cyPm.c -o .\CortexM3\ARM_GCC_541\Debug\cyPm.o
arm-none-eabi-gcc.exe -mcpu=cortex-m3 -mthumb -I..\shared -I. -IGenerated_Source\PSoC5 -Wa,-alh=.\CortexM3\ARM_GCC_541\Debug/CySpc.lst -g -D DEBUG -D CY_CORE_ID=0 -Wall -ffunction-sections -ffat-lto-objects -Og -c Generated_Source\PSoC5\CySpc.c -o .\CortexM3\ARM_GCC_541\Debug\CySpc.o
arm-none-eabi-gcc.exe -mcpu=cortex-m3 -mthumb -I..\shared -I. -IGenerated_Source\PSoC5 -Wa,-alh=.\CortexM3\ARM_GCC_541\Debug/cyutils.lst -g -D DEBUG -D CY_CORE_ID=0 -Wall -ffunction-sections -ffat-lto-objects -Og -c Generated_Source\PSoC5\cyutils.c -o .\CortexM3\ARM_GCC_541\Debug\cyutils.o
arm-none-eabi-gcc.exe -mcpu=cortex-m3 -mthumb -I..\shared -I. -IGenerated_Source\PSoC5 -Wa,-alh=.\CortexM3\ARM_GCC_541\Debug/cy_em_eeprom.lst -g -D DEBUG -D CY_CORE_ID=0 -Wall -ffunction-sections -ffat-lto-objects -Og -c Generated_Source\PSoC5\cy_em_eeprom.c -o .\CortexM3\ARM_GCC_541\Debug\cy_em_eeprom.o
arm-none-eabi-gcc.exe -mcpu=cortex-m3 -mthumb -I..\shared -I. -IGenerated_Source\PSoC5 -Wa,-alh=.\CortexM3\ARM_GCC_541\Debug/ADC_DelSig.lst -g -D DEBUG -D CY_CORE_ID=0 -Wall -ffunction-sections -ffat-lto-objects -Og -c Generated_Source\PSoC5\ADC_DelSig.c -o .\CortexM3\ARM_GCC_541\Debug\ADC_DelSig.o
arm-none-eabi-gcc.exe -mcpu=cortex-m3 -mthumb -I..\shared -I. -IGenerated_Source\PSoC5 -Wa,-alh=.\CortexM3\ARM_GCC_541\Debug/ADC_DelSig_PM.lst -g -D DEBUG -D CY_CORE_ID=0 -Wall -ffunction-sections -ffat-lto-objects -Og -c Generated_Source\PSoC5\ADC_DelSig_PM.c -o .\CortexM3\ARM_GCC_541\Debug\ADC_DelSig_PM.o
arm-none-eabi-gcc.exe -mcpu=cortex-m3 -mthumb -I..\shared -I. -IGenerated_Source\PSoC5 -Wa,-alh=.\CortexM3\ARM_GCC_541\Debug/ADC_DelSig_INT.lst -g -D DEBUG -D CY_CORE_ID=0 -Wall -ffunction-sections -ffat-lto-objects -Og -c Generated_Source\PSoC5\ADC_DelSig_INT.c -o .\CortexM3\ARM_GCC_541\Debug\ADC_DelSig_INT.o
arm-none-eabi-gcc.exe -mcpu=cortex-m3 -mthumb -I..\shared -I. -IGenerated_Source\PSoC5 -Wa,-alh=.\CortexM3\ARM_GCC_541\Debug/isr_DelSig.lst -g -D DEBUG -D CY_CORE_ID=0 -Wall -ffunction-sections -ffat-lto-objects -Og -c Generated_Source\PSoC5\isr_DelSig.c -o .\CortexM3\ARM_GCC_541\Debug\isr_DelSig.o
arm-none-eabi-gcc.exe -mcpu=cortex-m3 -mthumb -I..\shared -I. -IGenerated_Source\PSoC5 -Wa,-alh=.\CortexM3\ARM_GCC_541\Debug/ADC_DelSig_Ext_CP_Clk.lst -g -D DEBUG -D CY_CORE_ID=0 -Wall -ffunction-sections -ffat-lto-objects -Og -c Generated_Source\PSoC5\ADC_DelSig_Ext_CP_Clk.c -o .\CortexM3\ARM_GCC_541\Debug\ADC_DelSig_Ext_CP_Clk.o
arm-none-eabi-gcc.exe -mcpu=cortex-m3 -mthumb -I..\shared -I. -IGenerated_Source\PSoC5 -Wa,-alh=.\CortexM3\ARM_GCC_541\Debug/ADC_DelSig_IRQ.lst -g -D DEBUG -D CY_CORE_ID=0 -Wall -ffunction-sections -ffat-lto-objects -Og -c Generated_Source\PSoC5\ADC_DelSig_IRQ.c -o .\CortexM3\ARM_GCC_541\Debug\ADC_DelSig_IRQ.o
arm-none-eabi-gcc.exe -mcpu=cortex-m3 -mthumb -I..\shared -I. -IGenerated_Source\PSoC5 -Wa,-alh=.\CortexM3\ARM_GCC_541\Debug/ADC_DelSig_theACLK.lst -g -D DEBUG -D CY_CORE_ID=0 -Wall -ffunction-sections -ffat-lto-objects -Og -c Generated_Source\PSoC5\ADC_DelSig_theACLK.c -o .\CortexM3\ARM_GCC_541\Debug\ADC_DelSig_theACLK.o
arm-none-eabi-gcc.exe -mcpu=cortex-m3 -mthumb -I..\shared -I. -IGenerated_Source\PSoC5 -Wa,-alh=.\CortexM3\ARM_GCC_541\Debug/UART_PC.lst -g -D DEBUG -D CY_CORE_ID=0 -Wall -ffunction-sections -ffat-lto-objects -Og -c Generated_Source\PSoC5\UART_PC.c -o .\CortexM3\ARM_GCC_541\Debug\UART_PC.o
arm-none-eabi-gcc.exe -mcpu=cortex-m3 -mthumb -I..\shared -I. -IGenerated_Source\PSoC5 -Wa,-alh=.\CortexM3\ARM_GCC_541\Debug/UART_PC_PM.lst -g -D DEBUG -D CY_CORE_ID=0 -Wall -ffunction-sections -ffat-lto-objects -Og -c Generated_Source\PSoC5\UART_PC_PM.c -o .\CortexM3\ARM_GCC_541\Debug\UART_PC_PM.o
arm-none-eabi-gcc.exe -mcpu=cortex-m3 -mthumb -I..\shared -I. -IGenerated_Source\PSoC5 -Wa,-alh=.\CortexM3\ARM_GCC_541\Debug/UART_PC_INT.lst -g -D DEBUG -D CY_CORE_ID=0 -Wall -ffunction-sections -ffat-lto-objects -Og -c Generated_Source\PSoC5\UART_PC_INT.c -o .\CortexM3\ARM_GCC_541\Debug\UART_PC_INT.o
arm-none-eabi-gcc.exe -mcpu=cortex-m3 -mthumb -I..\shared -I. -IGenerated_Source\PSoC5 -Wa,-alh=.\CortexM3\ARM_GCC_541\Debug/UART_PC_BOOT.lst -g -D DEBUG -D CY_CORE_ID=0 -Wall -ffunction-sections -ffat-lto-objects -Og -c Generated_Source\PSoC5\UART_PC_BOOT.c -o .\CortexM3\ARM_GCC_541\Debug\UART_PC_BOOT.o
arm-none-eabi-gcc.exe -mcpu=cortex-m3 -mthumb -I..\shared -I. -IGenerated_Source\PSoC5 -Wa,-alh=.\CortexM3\ARM_GCC_541\Debug/UART_PC_IntClock.lst -g -D DEBUG -D CY_CORE_ID=0 -Wall -ffunction-sections -ffat-lto-objects -Og -c Generated_Source\PSoC5\UART_PC_IntClock.c -o .\CortexM3\ARM_GCC_541\Debug\UART_PC_IntClock.o
arm-none-eabi-gcc.exe -mcpu=cortex-m3 -mthumb -I..\shared -I. -IGenerated_Source\PSoC5 -Wa,-alh=.\CortexM3\ARM_GCC_541\Debug/isr_Filter.lst -g -D DEBUG -D CY_CORE_ID=0 -Wall -ffunction-sections -ffat-lto-objects -Og -c Generated_Source\PSoC5\isr_Filter.c -o .\CortexM3\ARM_GCC_541\Debug\isr_Filter.o
arm-none-eabi-gcc.exe -mcpu=cortex-m3 -mthumb -I..\shared -I. -IGenerated_Source\PSoC5 -Wa,-alh=.\CortexM3\ARM_GCC_541\Debug/In_p.lst -g -D DEBUG -D CY_CORE_ID=0 -Wall -ffunction-sections -ffat-lto-objects -Og -c Generated_Source\PSoC5\In_p.c -o .\CortexM3\ARM_GCC_541\Debug\In_p.o
arm-none-eabi-gcc.exe -mcpu=cortex-m3 -mthumb -I..\shared -I. -IGenerated_Source\PSoC5 -Wa,-alh=.\CortexM3\ARM_GCC_541\Debug/In_n.lst -g -D DEBUG -D CY_CORE_ID=0 -Wall -ffunction-sections -ffat-lto-objects -Og -c Generated_Source\PSoC5\In_n.c -o .\CortexM3\ARM_GCC_541\Debug\In_n.o
arm-none-eabi-gcc.exe -mcpu=cortex-m3 -mthumb -I..\shared -I. -IGenerated_Source\PSoC5 -Wa,-alh=.\CortexM3\ARM_GCC_541\Debug/refIn.lst -g -D DEBUG -D CY_CORE_ID=0 -Wall -ffunction-sections -ffat-lto-objects -Og -c Generated_Source\PSoC5\refIn.c -o .\CortexM3\ARM_GCC_541\Debug\refIn.o
arm-none-eabi-gcc.exe -mcpu=cortex-m3 -mthumb -I..\shared -I. -IGenerated_Source\PSoC5 -Wa,-alh=.\CortexM3\ARM_GCC_541\Debug/refOut.lst -g -D DEBUG -D CY_CORE_ID=0 -Wall -ffunction-sections -ffat-lto-objects -Og -c Generated_Source\PSoC5\refOut.c -o .\CortexM3\ARM_GCC_541\Debug\refOut.o
arm-none-eabi-gcc.exe -mcpu=cortex-m3 -mthumb -I..\shared -I. -IGenerated_Source\PSoC5 -Wa,-alh=.\CortexM3\ARM_GCC_541\Debug/OpaBP_n.lst -g -D DEBUG -D CY_CORE_ID=0 -Wall -ffunction-sections -ffat-lto-objects -Og -c Generated_Source\PSoC5\OpaBP_n.c -o .\CortexM3\ARM_GCC_541\Debug\OpaBP_n.o
arm-none-eabi-gcc.exe -mcpu=cortex-m3 -mthumb -I..\shared -I. -IGenerated_Source\PSoC5 -Wa,-alh=.\CortexM3\ARM_GCC_541\Debug/OpaBP_n_PM.lst -g -D DEBUG -D CY_CORE_ID=0 -Wall -ffunction-sections -ffat-lto-objects -Og -c Generated_Source\PSoC5\OpaBP_n_PM.c -o .\CortexM3\ARM_GCC_541\Debug\OpaBP_n_PM.o
arm-none-eabi-gcc.exe -mcpu=cortex-m3 -mthumb -I..\shared -I. -IGenerated_Source\PSoC5 -Wa,-alh=.\CortexM3\ARM_GCC_541\Debug/OpaBP_p.lst -g -D DEBUG -D CY_CORE_ID=0 -Wall -ffunction-sections -ffat-lto-objects -Og -c Generated_Source\PSoC5\OpaBP_p.c -o .\CortexM3\ARM_GCC_541\Debug\OpaBP_p.o
arm-none-eabi-gcc.exe -mcpu=cortex-m3 -mthumb -I..\shared -I. -IGenerated_Source\PSoC5 -Wa,-alh=.\CortexM3\ARM_GCC_541\Debug/OpaBP_p_PM.lst -g -D DEBUG -D CY_CORE_ID=0 -Wall -ffunction-sections -ffat-lto-objects -Og -c Generated_Source\PSoC5\OpaBP_p_PM.c -o .\CortexM3\ARM_GCC_541\Debug\OpaBP_p_PM.o
arm-none-eabi-gcc.exe -mcpu=cortex-m3 -mthumb -I..\shared -I. -IGenerated_Source\PSoC5 -Wa,-alh=.\CortexM3\ARM_GCC_541\Debug/PGA_n_1.lst -g -D DEBUG -D CY_CORE_ID=0 -Wall -ffunction-sections -ffat-lto-objects -Og -c Generated_Source\PSoC5\PGA_n_1.c -o .\CortexM3\ARM_GCC_541\Debug\PGA_n_1.o
arm-none-eabi-gcc.exe -mcpu=cortex-m3 -mthumb -I..\shared -I. -IGenerated_Source\PSoC5 -Wa,-alh=.\CortexM3\ARM_GCC_541\Debug/PGA_n_1_PM.lst -g -D DEBUG -D CY_CORE_ID=0 -Wall -ffunction-sections -ffat-lto-objects -Og -c Generated_Source\PSoC5\PGA_n_1_PM.c -o .\CortexM3\ARM_GCC_541\Debug\PGA_n_1_PM.o
arm-none-eabi-gcc.exe -mcpu=cortex-m3 -mthumb -I..\shared -I. -IGenerated_Source\PSoC5 -Wa,-alh=.\CortexM3\ARM_GCC_541\Debug/PGA_p_1.lst -g -D DEBUG -D CY_CORE_ID=0 -Wall -ffunction-sections -ffat-lto-objects -Og -c Generated_Source\PSoC5\PGA_p_1.c -o .\CortexM3\ARM_GCC_541\Debug\PGA_p_1.o
arm-none-eabi-gcc.exe -mcpu=cortex-m3 -mthumb -I..\shared -I. -IGenerated_Source\PSoC5 -Wa,-alh=.\CortexM3\ARM_GCC_541\Debug/PGA_p_1_PM.lst -g -D DEBUG -D CY_CORE_ID=0 -Wall -ffunction-sections -ffat-lto-objects -Og -c Generated_Source\PSoC5\PGA_p_1_PM.c -o .\CortexM3\ARM_GCC_541\Debug\PGA_p_1_PM.o
arm-none-eabi-gcc.exe -mcpu=cortex-m3 -mthumb -I..\shared -I. -IGenerated_Source\PSoC5 -Wa,-alh=.\CortexM3\ARM_GCC_541\Debug/PGA_n_2.lst -g -D DEBUG -D CY_CORE_ID=0 -Wall -ffunction-sections -ffat-lto-objects -Og -c Generated_Source\PSoC5\PGA_n_2.c -o .\CortexM3\ARM_GCC_541\Debug\PGA_n_2.o
arm-none-eabi-gcc.exe -mcpu=cortex-m3 -mthumb -I..\shared -I. -IGenerated_Source\PSoC5 -Wa,-alh=.\CortexM3\ARM_GCC_541\Debug/PGA_n_2_PM.lst -g -D DEBUG -D CY_CORE_ID=0 -Wall -ffunction-sections -ffat-lto-objects -Og -c Generated_Source\PSoC5\PGA_n_2_PM.c -o .\CortexM3\ARM_GCC_541\Debug\PGA_n_2_PM.o
arm-none-eabi-gcc.exe -mcpu=cortex-m3 -mthumb -I..\shared -I. -IGenerated_Source\PSoC5 -Wa,-alh=.\CortexM3\ARM_GCC_541\Debug/PGA_p_2.lst -g -D DEBUG -D CY_CORE_ID=0 -Wall -ffunction-sections -ffat-lto-objects -Og -c Generated_Source\PSoC5\PGA_p_2.c -o .\CortexM3\ARM_GCC_541\Debug\PGA_p_2.o
arm-none-eabi-gcc.exe -mcpu=cortex-m3 -mthumb -I..\shared -I. -IGenerated_Source\PSoC5 -Wa,-alh=.\CortexM3\ARM_GCC_541\Debug/PGA_p_2_PM.lst -g -D DEBUG -D CY_CORE_ID=0 -Wall -ffunction-sections -ffat-lto-objects -Og -c Generated_Source\PSoC5\PGA_p_2_PM.c -o .\CortexM3\ARM_GCC_541\Debug\PGA_p_2_PM.o
arm-none-eabi-gcc.exe -mcpu=cortex-m3 -mthumb -I..\shared -I. -IGenerated_Source\PSoC5 -Wa,-alh=.\CortexM3\ARM_GCC_541\Debug/BPout_p.lst -g -D DEBUG -D CY_CORE_ID=0 -Wall -ffunction-sections -ffat-lto-objects -Og -c Generated_Source\PSoC5\BPout_p.c -o .\CortexM3\ARM_GCC_541\Debug\BPout_p.o
arm-none-eabi-gcc.exe -mcpu=cortex-m3 -mthumb -I..\shared -I. -IGenerated_Source\PSoC5 -Wa,-alh=.\CortexM3\ARM_GCC_541\Debug/FDA_n.lst -g -D DEBUG -D CY_CORE_ID=0 -Wall -ffunction-sections -ffat-lto-objects -Og -c Generated_Source\PSoC5\FDA_n.c -o .\CortexM3\ARM_GCC_541\Debug\FDA_n.o
arm-none-eabi-gcc.exe -mcpu=cortex-m3 -mthumb -I..\shared -I. -IGenerated_Source\PSoC5 -Wa,-alh=.\CortexM3\ARM_GCC_541\Debug/FDA_p.lst -g -D DEBUG -D CY_CORE_ID=0 -Wall -ffunction-sections -ffat-lto-objects -Og -c Generated_Source\PSoC5\FDA_p.c -o .\CortexM3\ARM_GCC_541\Debug\FDA_p.o
arm-none-eabi-gcc.exe -mcpu=cortex-m3 -mthumb -I..\shared -I. -IGenerated_Source\PSoC5 -Wa,-alh=.\CortexM3\ARM_GCC_541\Debug/OpaLP_n.lst -g -D DEBUG -D CY_CORE_ID=0 -Wall -ffunction-sections -ffat-lto-objects -Og -c Generated_Source\PSoC5\OpaLP_n.c -o .\CortexM3\ARM_GCC_541\Debug\OpaLP_n.o
arm-none-eabi-gcc.exe -mcpu=cortex-m3 -mthumb -I..\shared -I. -IGenerated_Source\PSoC5 -Wa,-alh=.\CortexM3\ARM_GCC_541\Debug/OpaLP_n_PM.lst -g -D DEBUG -D CY_CORE_ID=0 -Wall -ffunction-sections -ffat-lto-objects -Og -c Generated_Source\PSoC5\OpaLP_n_PM.c -o .\CortexM3\ARM_GCC_541\Debug\OpaLP_n_PM.o
arm-none-eabi-gcc.exe -mcpu=cortex-m3 -mthumb -I..\shared -I. -IGenerated_Source\PSoC5 -Wa,-alh=.\CortexM3\ARM_GCC_541\Debug/BPout_n.lst -g -D DEBUG -D CY_CORE_ID=0 -Wall -ffunction-sections -ffat-lto-objects -Og -c Generated_Source\PSoC5\BPout_n.c -o .\CortexM3\ARM_GCC_541\Debug\BPout_n.o
arm-none-eabi-gcc.exe -mcpu=cortex-m3 -mthumb -I..\shared -I. -IGenerated_Source\PSoC5 -Wa,-alh=.\CortexM3\ARM_GCC_541\Debug/OpaLP_p.lst -g -D DEBUG -D CY_CORE_ID=0 -Wall -ffunction-sections -ffat-lto-objects -Og -c Generated_Source\PSoC5\OpaLP_p.c -o .\CortexM3\ARM_GCC_541\Debug\OpaLP_p.o
arm-none-eabi-gcc.exe -mcpu=cortex-m3 -mthumb -I..\shared -I. -IGenerated_Source\PSoC5 -Wa,-alh=.\CortexM3\ARM_GCC_541\Debug/OpaLP_p_PM.lst -g -D DEBUG -D CY_CORE_ID=0 -Wall -ffunction-sections -ffat-lto-objects -Og -c Generated_Source\PSoC5\OpaLP_p_PM.c -o .\CortexM3\ARM_GCC_541\Debug\OpaLP_p_PM.o
arm-none-eabi-gcc.exe -mcpu=cortex-m3 -mthumb -I..\shared -I. -IGenerated_Source\PSoC5 -Wa,-alh=.\CortexM3\ARM_GCC_541\Debug/LPin_p.lst -g -D DEBUG -D CY_CORE_ID=0 -Wall -ffunction-sections -ffat-lto-objects -Og -c Generated_Source\PSoC5\LPin_p.c -o .\CortexM3\ARM_GCC_541\Debug\LPin_p.o
arm-none-eabi-gcc.exe -mcpu=cortex-m3 -mthumb -I..\shared -I. -IGenerated_Source\PSoC5 -Wa,-alh=.\CortexM3\ARM_GCC_541\Debug/BPin_p.lst -g -D DEBUG -D CY_CORE_ID=0 -Wall -ffunction-sections -ffat-lto-objects -Og -c Generated_Source\PSoC5\BPin_p.c -o .\CortexM3\ARM_GCC_541\Debug\BPin_p.o
arm-none-eabi-gcc.exe -mcpu=cortex-m3 -mthumb -I..\shared -I. -IGenerated_Source\PSoC5 -Wa,-alh=.\CortexM3\ARM_GCC_541\Debug/BPin_n.lst -g -D DEBUG -D CY_CORE_ID=0 -Wall -ffunction-sections -ffat-lto-objects -Og -c Generated_Source\PSoC5\BPin_n.c -o .\CortexM3\ARM_GCC_541\Debug\BPin_n.o
arm-none-eabi-gcc.exe -mcpu=cortex-m3 -mthumb -I..\shared -I. -IGenerated_Source\PSoC5 -Wa,-alh=.\CortexM3\ARM_GCC_541\Debug/LPin_n.lst -g -D DEBUG -D CY_CORE_ID=0 -Wall -ffunction-sections -ffat-lto-objects -Og -c Generated_Source\PSoC5\LPin_n.c -o .\CortexM3\ARM_GCC_541\Debug\LPin_n.o
arm-none-eabi-gcc.exe -mcpu=cortex-m3 -mthumb -I..\shared -I. -IGenerated_Source\PSoC5 -Wa,-alh=.\CortexM3\ARM_GCC_541\Debug/LPout_p.lst -g -D DEBUG -D CY_CORE_ID=0 -Wall -ffunction-sections -ffat-lto-objects -Og -c Generated_Source\PSoC5\LPout_p.c -o .\CortexM3\ARM_GCC_541\Debug\LPout_p.o
arm-none-eabi-gcc.exe -mcpu=cortex-m3 -mthumb -I..\shared -I. -IGenerated_Source\PSoC5 -Wa,-alh=.\CortexM3\ARM_GCC_541\Debug/LPout_n.lst -g -D DEBUG -D CY_CORE_ID=0 -Wall -ffunction-sections -ffat-lto-objects -Og -c Generated_Source\PSoC5\LPout_n.c -o .\CortexM3\ARM_GCC_541\Debug\LPout_n.o
arm-none-eabi-as.exe -mcpu=cortex-m3 -mthumb -I..\shared -I. -IGenerated_Source\PSoC5 -alh=.\CortexM3\ARM_GCC_541\Debug/CyBootAsmGnu.lst -g -W -o .\CortexM3\ARM_GCC_541\Debug\CyBootAsmGnu.o Generated_Source\PSoC5\CyBootAsmGnu.s
arm-none-eabi-ar.exe -rs .\CortexM3\ARM_GCC_541\Debug\ComparacionDiferencial_Copy_01.a .\CortexM3\ARM_GCC_541\Debug\ADC_p.o .\CortexM3\ARM_GCC_541\Debug\ADC_n.o .\CortexM3\ARM_GCC_541\Debug\Filter.o .\CortexM3\ARM_GCC_541\Debug\Filter_PM.o .\CortexM3\ARM_GCC_541\Debug\Filter_PVT.o .\CortexM3\ARM_GCC_541\Debug\Filter_RAM_Data.o .\CortexM3\ARM_GCC_541\Debug\Filter_Coefficients.o .\CortexM3\ARM_GCC_541\Debug\CyDmac.o .\CortexM3\ARM_GCC_541\Debug\CyFlash.o .\CortexM3\ARM_GCC_541\Debug\CyLib.o .\CortexM3\ARM_GCC_541\Debug\cyPm.o .\CortexM3\ARM_GCC_541\Debug\CySpc.o .\CortexM3\ARM_GCC_541\Debug\cyutils.o .\CortexM3\ARM_GCC_541\Debug\cy_em_eeprom.o .\CortexM3\ARM_GCC_541\Debug\ADC_DelSig.o .\CortexM3\ARM_GCC_541\Debug\ADC_DelSig_PM.o .\CortexM3\ARM_GCC_541\Debug\ADC_DelSig_INT.o .\CortexM3\ARM_GCC_541\Debug\isr_DelSig.o .\CortexM3\ARM_GCC_541\Debug\ADC_DelSig_Ext_CP_Clk.o .\CortexM3\ARM_GCC_541\Debug\ADC_DelSig_IRQ.o .\CortexM3\ARM_GCC_541\Debug\ADC_DelSig_theACLK.o .\CortexM3\ARM_GCC_541\Debug\UART_PC.o .\CortexM3\ARM_GCC_541\Debug\UART_PC_PM.o .\CortexM3\ARM_GCC_541\Debug\UART_PC_INT.o .\CortexM3\ARM_GCC_541\Debug\UART_PC_BOOT.o .\CortexM3\ARM_GCC_541\Debug\UART_PC_IntClock.o .\CortexM3\ARM_GCC_541\Debug\isr_Filter.o .\CortexM3\ARM_GCC_541\Debug\In_p.o .\CortexM3\ARM_GCC_541\Debug\In_n.o .\CortexM3\ARM_GCC_541\Debug\refIn.o .\CortexM3\ARM_GCC_541\Debug\refOut.o .\CortexM3\ARM_GCC_541\Debug\OpaBP_n.o .\CortexM3\ARM_GCC_541\Debug\OpaBP_n_PM.o .\CortexM3\ARM_GCC_541\Debug\OpaBP_p.o .\CortexM3\ARM_GCC_541\Debug\OpaBP_p_PM.o .\CortexM3\ARM_GCC_541\Debug\PGA_n_1.o .\CortexM3\ARM_GCC_541\Debug\PGA_n_1_PM.o .\CortexM3\ARM_GCC_541\Debug\PGA_p_1.o .\CortexM3\ARM_GCC_541\Debug\PGA_p_1_PM.o .\CortexM3\ARM_GCC_541\Debug\PGA_n_2.o .\CortexM3\ARM_GCC_541\Debug\PGA_n_2_PM.o .\CortexM3\ARM_GCC_541\Debug\PGA_p_2.o .\CortexM3\ARM_GCC_541\Debug\PGA_p_2_PM.o .\CortexM3\ARM_GCC_541\Debug\BPout_p.o .\CortexM3\ARM_GCC_541\Debug\FDA_n.o .\CortexM3\ARM_GCC_541\Debug\FDA_p.o .\CortexM3\ARM_GCC_541\Debug\OpaLP_n.o .\CortexM3\ARM_GCC_541\Debug\OpaLP_n_PM.o .\CortexM3\ARM_GCC_541\Debug\BPout_n.o .\CortexM3\ARM_GCC_541\Debug\OpaLP_p.o .\CortexM3\ARM_GCC_541\Debug\OpaLP_p_PM.o .\CortexM3\ARM_GCC_541\Debug\LPin_p.o .\CortexM3\ARM_GCC_541\Debug\BPin_p.o .\CortexM3\ARM_GCC_541\Debug\BPin_n.o .\CortexM3\ARM_GCC_541\Debug\LPin_n.o .\CortexM3\ARM_GCC_541\Debug\LPout_p.o .\CortexM3\ARM_GCC_541\Debug\LPout_n.o .\CortexM3\ARM_GCC_541\Debug\CyBootAsmGnu.o
arm-none-eabi-ar.exe: creating .\CortexM3\ARM_GCC_541\Debug\ComparacionDiferencial_Copy_01.a
arm-none-eabi-gcc.exe -Wl,--start-group -o C:\Github\Tesis\src\psoc\ComparacionDiferencial_Copy_01.cydsn\CortexM3\ARM_GCC_541\Debug\ComparacionDiferencial_Copy_01.elf .\CortexM3\ARM_GCC_541\Debug\main.o .\CortexM3\ARM_GCC_541\Debug\AnalogToDigital.o .\CortexM3\ARM_GCC_541\Debug\buffers.o .\CortexM3\ARM_GCC_541\Debug\Communication.o .\CortexM3\ARM_GCC_541\Debug\isr_handlers.o .\CortexM3\ARM_GCC_541\Debug\tb_buffers.o .\CortexM3\ARM_GCC_541\Debug\TestBench.o .\CortexM3\ARM_GCC_541\Debug\debug.o .\CortexM3\ARM_GCC_541\Debug\cyfitter_cfg.o .\CortexM3\ARM_GCC_541\Debug\cymetadata.o .\CortexM3\ARM_GCC_541\Debug\Cm3Start.o .\CortexM3\ARM_GCC_541\Debug\ComparacionDiferencial_Copy_01.a "C:\Program Files (x86)\Cypress\PSoC Creator\4.4\PSoC Creator\psoc\content\cycomponentlibrary\CyComponentLibrary.cylib\CortexM3\ARM_GCC_541\Debug\CyComponentLibrary.a" -mcpu=cortex-m3 -mthumb -L Generated_Source\PSoC5 -Wl,-Map,.\CortexM3\ARM_GCC_541\Debug/ComparacionDiferencial_Copy_01.map -T Generated_Source\PSoC5\cm3gcc.ld -specs=nano.specs -Wl,--gc-sections -g -ffunction-sections -Og -ffat-lto-objects -Wl,--end-group
cyelftool.exe -C C:\Github\Tesis\src\psoc\ComparacionDiferencial_Copy_01.cydsn\CortexM3\ARM_GCC_541\Debug\ComparacionDiferencial_Copy_01.elf --flash_row_size 256 --flash_size 262144 --flash_offset 0x00000000
No ELF section .cychecksum found, creating one
Application checksum calculated and stored in ELF section .cychecksum
Checksum calculated and stored in ELF section .cymeta
cyelftool.exe -S C:\Github\Tesis\src\psoc\ComparacionDiferencial_Copy_01.cydsn\CortexM3\ARM_GCC_541\Debug\ComparacionDiferencial_Copy_01.elf
Flash used: 7590 of 262144 bytes (2.9%).
SRAM used: 2569 of 65536 bytes (3.9%). Stack: 2048 bytes. Heap: 128 bytes.
--------------- Build Succeeded: 04/30/2026 22:20:15 ---------------
