ARM GAS  C:\Users\elias\AppData\Local\Temp\ccbINLWg.s 			page 1


   1              		.syntax unified
   2              		.cpu cortex-m3
   3              		.fpu softvfp
   4              		.eabi_attribute 20, 1
   5              		.eabi_attribute 21, 1
   6              		.eabi_attribute 23, 3
   7              		.eabi_attribute 24, 1
   8              		.eabi_attribute 25, 1
   9              		.eabi_attribute 26, 1
  10              		.eabi_attribute 30, 1
  11              		.eabi_attribute 34, 1
  12              		.eabi_attribute 18, 4
  13              		.thumb
  14              		.syntax unified
  15              		.file	"main.c"
  16              		.text
  17              	.Ltext0:
  18              		.cfi_sections	.debug_frame
  19              		.section	.text.isr_DelSigReady,"ax",%progbits
  20              		.align	2
  21              		.global	isr_DelSigReady
  22              		.thumb
  23              		.thumb_func
  24              		.type	isr_DelSigReady, %function
  25              	isr_DelSigReady:
  26              	.LFB63:
  27              		.file 1 "main.c"
   1:main.c        **** /*******************************************************************************
   2:main.c        **** * main.c — Geofono diferencial: ADC_DelSig -> Filter DFB -> UART
   3:main.c        **** *
   4:main.c        **** * Protocolo TX (5 bytes por paquete, igual que DiferencialConRrefs_Copy_01_Copy_01):
   5:main.c        **** *   Data:      [0x56][0x00][b2][b1][b0]   int24 big-endian, DC removido por IIR
   6:main.c        **** *   Heartbeat: [0x56][0x01][0x00][0x00][0x00]
   7:main.c        **** *   Cfg-ADC:   [0x56][0x02][res][fsH][fsL]
   8:main.c        **** *   Cfg-PGA:   [0x56][0x03][code][vH][vL]
   9:main.c        **** *   VRef-St:   [0x56][0x04][vdac_p][vdac_n][0x01]
  10:main.c        **** *   AMUX-St:   [0x56][0x05][ch][0x00][0x00]    ch: 0=dif 1=CM+ 2=CM-
  11:main.c        **** *   VRef-Cfg:  [0x56][0x06][pVRef][nVRef][0x00]
  12:main.c        **** *
  13:main.c        **** * Comandos RX:
  14:main.c        **** *   0xA5            -> reenvía config completa
  15:main.c        **** *   0xA6 <code>     -> PGA_SetGain(code)
  16:main.c        **** *   0xA7 <ch>       -> AMux_FastSelect(ch)  ch: 0=dif 1=CM+ 2=CM-
  17:main.c        **** *   0xAA <pV> <nV>  -> setea VDAC_p = pV, VDAC_n = nV de inmediato
  18:main.c        **** *******************************************************************************/
  19:main.c        **** 
  20:main.c        **** #include "project.h"
  21:main.c        **** 
  22:main.c        **** #define ADC_VREF_HALFMV 6144u
  23:main.c        **** #define HB_PERIOD       3000u
  24:main.c        **** #define DC_SHIFT        14u
  25:main.c        **** 
  26:main.c        **** static uint8 vdac_p_ref = 0x94u;
  27:main.c        **** static uint8 vdac_n_ref = 0x94u;
  28:main.c        **** static uint8 g_amux_ch  = 0u;
  29:main.c        **** 
  30:main.c        **** static volatile int32 g_flt          = 0;
ARM GAS  C:\Users\elias\AppData\Local\Temp\ccbINLWg.s 			page 2


  31:main.c        **** static volatile uint8 g_filter_ready = 0u;
  32:main.c        **** static volatile int32 ds             = 0;
  33:main.c        **** static volatile uint8 g_pga_code     = PGA_n_GAIN_01;
  34:main.c        **** 
  35:main.c        **** CY_ISR(isr_DelSigReady)
  36:main.c        **** {
  28              		.loc 1 36 0
  29              		.cfi_startproc
  30              		@ args = 0, pretend = 0, frame = 0
  31              		@ frame_needed = 0, uses_anonymous_args = 0
  32 0000 08B5     		push	{r3, lr}
  33              		.cfi_def_cfa_offset 8
  34              		.cfi_offset 3, -8
  35              		.cfi_offset 14, -4
  37:main.c        ****     ds = ADC_DelSig_GetResult32();
  36              		.loc 1 37 0
  37 0002 FFF7FEFF 		bl	ADC_DelSig_GetResult32
  38              	.LVL0:
  39 0006 034B     		ldr	r3, .L3
  40 0008 1860     		str	r0, [r3]
  38:main.c        ****     Filter_Write24(Filter_CHANNEL_A, (uint32)ds);
  41              		.loc 1 38 0
  42 000a 1968     		ldr	r1, [r3]
  43 000c 0020     		movs	r0, #0
  44 000e FFF7FEFF 		bl	Filter_Write24
  45              	.LVL1:
  46 0012 08BD     		pop	{r3, pc}
  47              	.L4:
  48              		.align	2
  49              	.L3:
  50 0014 00000000 		.word	.LANCHOR0
  51              		.cfi_endproc
  52              	.LFE63:
  53              		.size	isr_DelSigReady, .-isr_DelSigReady
  54              		.section	.text.isr_FilterReady,"ax",%progbits
  55              		.align	2
  56              		.global	isr_FilterReady
  57              		.thumb
  58              		.thumb_func
  59              		.type	isr_FilterReady, %function
  60              	isr_FilterReady:
  61              	.LFB64:
  39:main.c        **** }
  40:main.c        **** 
  41:main.c        **** CY_ISR(isr_FilterReady)
  42:main.c        **** {
  62              		.loc 1 42 0
  63              		.cfi_startproc
  64              		@ args = 0, pretend = 0, frame = 0
  65              		@ frame_needed = 0, uses_anonymous_args = 0
  66 0000 08B5     		push	{r3, lr}
  67              		.cfi_def_cfa_offset 8
  68              		.cfi_offset 3, -8
  69              		.cfi_offset 14, -4
  43:main.c        ****     uint32 raw = Filter_Read24(Filter_CHANNEL_A);
  70              		.loc 1 43 0
  71 0002 0020     		movs	r0, #0
ARM GAS  C:\Users\elias\AppData\Local\Temp\ccbINLWg.s 			page 3


  72 0004 FFF7FEFF 		bl	Filter_Read24
  73              	.LVL2:
  44:main.c        ****     g_flt = (raw & 0x800000u) ? (int32)(raw | 0xFF000000u) : (int32)raw;
  74              		.loc 1 44 0
  75 0008 10F4000F 		tst	r0, #8388608
  76 000c 01D0     		beq	.L7
  77              		.loc 1 44 0 is_stmt 0 discriminator 1
  78 000e 40F07F40 		orr	r0, r0, #-16777216
  79              	.LVL3:
  80              	.L7:
  81              		.loc 1 44 0 discriminator 4
  82 0012 024B     		ldr	r3, .L9
  83 0014 5860     		str	r0, [r3, #4]
  45:main.c        ****     g_filter_ready = 1u;
  84              		.loc 1 45 0 is_stmt 1 discriminator 4
  85 0016 0122     		movs	r2, #1
  86 0018 1A72     		strb	r2, [r3, #8]
  87 001a 08BD     		pop	{r3, pc}
  88              	.L10:
  89              		.align	2
  90              	.L9:
  91 001c 00000000 		.word	.LANCHOR0
  92              		.cfi_endproc
  93              	.LFE64:
  94              		.size	isr_FilterReady, .-isr_FilterReady
  95              		.section	.text.send_amux_status,"ax",%progbits
  96              		.align	2
  97              		.thumb
  98              		.thumb_func
  99              		.type	send_amux_status, %function
 100              	send_amux_status:
 101              	.LFB66:
  46:main.c        **** }
  47:main.c        **** 
  48:main.c        **** static long long dc_iir = 0;
  49:main.c        **** 
  50:main.c        **** static void send_vref_status(void)
  51:main.c        **** {
  52:main.c        ****     uint8 pkt[5u];
  53:main.c        ****     pkt[0]=0x56u; pkt[1]=0x04u;
  54:main.c        ****     pkt[2]=vdac_p_ref; pkt[3]=vdac_n_ref; pkt[4]=0x01u;
  55:main.c        ****     UART_PC_PutArray(pkt, 5u);
  56:main.c        **** }
  57:main.c        **** 
  58:main.c        **** static void send_amux_status(void)
  59:main.c        **** {
 102              		.loc 1 59 0
 103              		.cfi_startproc
 104              		@ args = 0, pretend = 0, frame = 8
 105              		@ frame_needed = 0, uses_anonymous_args = 0
 106 0000 00B5     		push	{lr}
 107              		.cfi_def_cfa_offset 4
 108              		.cfi_offset 14, -4
 109 0002 83B0     		sub	sp, sp, #12
 110              		.cfi_def_cfa_offset 16
  60:main.c        ****     uint8 pkt[5u];
  61:main.c        ****     pkt[0]=0x56u; pkt[1]=0x05u;
ARM GAS  C:\Users\elias\AppData\Local\Temp\ccbINLWg.s 			page 4


 111              		.loc 1 61 0
 112 0004 5623     		movs	r3, #86
 113 0006 8DF80030 		strb	r3, [sp]
 114 000a 0521     		movs	r1, #5
 115 000c 8DF80110 		strb	r1, [sp, #1]
  62:main.c        ****     pkt[2]=g_amux_ch; pkt[3]=0u; pkt[4]=0u;
 116              		.loc 1 62 0
 117 0010 074B     		ldr	r3, .L13
 118 0012 5B7A     		ldrb	r3, [r3, #9]	@ zero_extendqisi2
 119 0014 8DF80230 		strb	r3, [sp, #2]
 120 0018 0023     		movs	r3, #0
 121 001a 8DF80330 		strb	r3, [sp, #3]
 122 001e 8DF80430 		strb	r3, [sp, #4]
  63:main.c        ****     UART_PC_PutArray(pkt, 5u);
 123              		.loc 1 63 0
 124 0022 6846     		mov	r0, sp
 125 0024 FFF7FEFF 		bl	UART_PC_PutArray
 126              	.LVL4:
  64:main.c        **** }
 127              		.loc 1 64 0
 128 0028 03B0     		add	sp, sp, #12
 129              		.cfi_def_cfa_offset 4
 130              		@ sp needed
 131 002a 5DF804FB 		ldr	pc, [sp], #4
 132              	.L14:
 133 002e 00BF     		.align	2
 134              	.L13:
 135 0030 00000000 		.word	.LANCHOR0
 136              		.cfi_endproc
 137              	.LFE66:
 138              		.size	send_amux_status, .-send_amux_status
 139              		.section	.text.send_vref_status,"ax",%progbits
 140              		.align	2
 141              		.thumb
 142              		.thumb_func
 143              		.type	send_vref_status, %function
 144              	send_vref_status:
 145              	.LFB65:
  51:main.c        ****     uint8 pkt[5u];
 146              		.loc 1 51 0
 147              		.cfi_startproc
 148              		@ args = 0, pretend = 0, frame = 8
 149              		@ frame_needed = 0, uses_anonymous_args = 0
 150 0000 00B5     		push	{lr}
 151              		.cfi_def_cfa_offset 4
 152              		.cfi_offset 14, -4
 153 0002 83B0     		sub	sp, sp, #12
 154              		.cfi_def_cfa_offset 16
  53:main.c        ****     pkt[2]=vdac_p_ref; pkt[3]=vdac_n_ref; pkt[4]=0x01u;
 155              		.loc 1 53 0
 156 0004 5623     		movs	r3, #86
 157 0006 8DF80030 		strb	r3, [sp]
 158 000a 0423     		movs	r3, #4
 159 000c 8DF80130 		strb	r3, [sp, #1]
  54:main.c        ****     UART_PC_PutArray(pkt, 5u);
 160              		.loc 1 54 0
 161 0010 084B     		ldr	r3, .L17
ARM GAS  C:\Users\elias\AppData\Local\Temp\ccbINLWg.s 			page 5


 162 0012 1A78     		ldrb	r2, [r3]	@ zero_extendqisi2
 163 0014 8DF80220 		strb	r2, [sp, #2]
 164 0018 5B78     		ldrb	r3, [r3, #1]	@ zero_extendqisi2
 165 001a 8DF80330 		strb	r3, [sp, #3]
 166 001e 0123     		movs	r3, #1
 167 0020 8DF80430 		strb	r3, [sp, #4]
  55:main.c        **** }
 168              		.loc 1 55 0
 169 0024 0521     		movs	r1, #5
 170 0026 6846     		mov	r0, sp
 171 0028 FFF7FEFF 		bl	UART_PC_PutArray
 172              	.LVL5:
  56:main.c        **** 
 173              		.loc 1 56 0
 174 002c 03B0     		add	sp, sp, #12
 175              		.cfi_def_cfa_offset 4
 176              		@ sp needed
 177 002e 5DF804FB 		ldr	pc, [sp], #4
 178              	.L18:
 179 0032 00BF     		.align	2
 180              	.L17:
 181 0034 00000000 		.word	.LANCHOR1
 182              		.cfi_endproc
 183              	.LFE65:
 184              		.size	send_vref_status, .-send_vref_status
 185              		.section	.text.send_vref_cfg,"ax",%progbits
 186              		.align	2
 187              		.thumb
 188              		.thumb_func
 189              		.type	send_vref_cfg, %function
 190              	send_vref_cfg:
 191              	.LFB67:
  65:main.c        **** 
  66:main.c        **** static void send_vref_cfg(void)
  67:main.c        **** {
 192              		.loc 1 67 0
 193              		.cfi_startproc
 194              		@ args = 0, pretend = 0, frame = 8
 195              		@ frame_needed = 0, uses_anonymous_args = 0
 196 0000 00B5     		push	{lr}
 197              		.cfi_def_cfa_offset 4
 198              		.cfi_offset 14, -4
 199 0002 83B0     		sub	sp, sp, #12
 200              		.cfi_def_cfa_offset 16
  68:main.c        ****     uint8 pkt[5u];
  69:main.c        ****     pkt[0]=0x56u; pkt[1]=0x06u;
 201              		.loc 1 69 0
 202 0004 5623     		movs	r3, #86
 203 0006 8DF80030 		strb	r3, [sp]
 204 000a 0623     		movs	r3, #6
 205 000c 8DF80130 		strb	r3, [sp, #1]
  70:main.c        ****     pkt[2]=vdac_p_ref; pkt[3]=vdac_n_ref; pkt[4]=0x00u;
 206              		.loc 1 70 0
 207 0010 084B     		ldr	r3, .L21
 208 0012 1A78     		ldrb	r2, [r3]	@ zero_extendqisi2
 209 0014 8DF80220 		strb	r2, [sp, #2]
 210 0018 5B78     		ldrb	r3, [r3, #1]	@ zero_extendqisi2
ARM GAS  C:\Users\elias\AppData\Local\Temp\ccbINLWg.s 			page 6


 211 001a 8DF80330 		strb	r3, [sp, #3]
 212 001e 0023     		movs	r3, #0
 213 0020 8DF80430 		strb	r3, [sp, #4]
  71:main.c        ****     UART_PC_PutArray(pkt, 5u);
 214              		.loc 1 71 0
 215 0024 0521     		movs	r1, #5
 216 0026 6846     		mov	r0, sp
 217 0028 FFF7FEFF 		bl	UART_PC_PutArray
 218              	.LVL6:
  72:main.c        **** }
 219              		.loc 1 72 0
 220 002c 03B0     		add	sp, sp, #12
 221              		.cfi_def_cfa_offset 4
 222              		@ sp needed
 223 002e 5DF804FB 		ldr	pc, [sp], #4
 224              	.L22:
 225 0032 00BF     		.align	2
 226              	.L21:
 227 0034 00000000 		.word	.LANCHOR1
 228              		.cfi_endproc
 229              	.LFE67:
 230              		.size	send_vref_cfg, .-send_vref_cfg
 231              		.section	.text.send_config,"ax",%progbits
 232              		.align	2
 233              		.thumb
 234              		.thumb_func
 235              		.type	send_config, %function
 236              	send_config:
 237              	.LFB68:
  73:main.c        **** 
  74:main.c        **** static void send_config(void)
  75:main.c        **** {
 238              		.loc 1 75 0
 239              		.cfi_startproc
 240              		@ args = 0, pretend = 0, frame = 8
 241              		@ frame_needed = 0, uses_anonymous_args = 0
 242 0000 10B5     		push	{r4, lr}
 243              		.cfi_def_cfa_offset 8
 244              		.cfi_offset 4, -8
 245              		.cfi_offset 14, -4
 246 0002 82B0     		sub	sp, sp, #8
 247              		.cfi_def_cfa_offset 16
  76:main.c        ****     uint8 cfg[5u];
  77:main.c        ****     cfg[0]=0x56u; cfg[1]=0x02u;
 248              		.loc 1 77 0
 249 0004 5623     		movs	r3, #86
 250 0006 8DF80030 		strb	r3, [sp]
 251 000a 0223     		movs	r3, #2
 252 000c 8DF80130 		strb	r3, [sp, #1]
  78:main.c        ****     cfg[2]=(uint8)ADC_DelSig_CFG1_RESOLUTION;
 253              		.loc 1 78 0
 254 0010 1223     		movs	r3, #18
 255 0012 8DF80230 		strb	r3, [sp, #2]
  79:main.c        ****     cfg[3]=(uint8)((ADC_DelSig_CFG1_SRATE>>8u)&0xFFu);
 256              		.loc 1 79 0
 257 0016 0324     		movs	r4, #3
 258 0018 8DF80340 		strb	r4, [sp, #3]
ARM GAS  C:\Users\elias\AppData\Local\Temp\ccbINLWg.s 			page 7


  80:main.c        ****     cfg[4]=(uint8)( ADC_DelSig_CFG1_SRATE     &0xFFu);
 259              		.loc 1 80 0
 260 001c E823     		movs	r3, #232
 261 001e 8DF80430 		strb	r3, [sp, #4]
  81:main.c        ****     UART_PC_PutArray(cfg, 5u);
 262              		.loc 1 81 0
 263 0022 0521     		movs	r1, #5
 264 0024 6846     		mov	r0, sp
 265 0026 FFF7FEFF 		bl	UART_PC_PutArray
 266              	.LVL7:
  82:main.c        **** 
  83:main.c        ****     cfg[1]=0x03u; cfg[2]=g_pga_code;
 267              		.loc 1 83 0
 268 002a 8DF80140 		strb	r4, [sp, #1]
 269 002e 0B4B     		ldr	r3, .L25
 270 0030 9B7A     		ldrb	r3, [r3, #10]	@ zero_extendqisi2
 271 0032 8DF80230 		strb	r3, [sp, #2]
  84:main.c        ****     cfg[3]=(uint8)((ADC_VREF_HALFMV>>8u)&0xFFu);
 272              		.loc 1 84 0
 273 0036 1823     		movs	r3, #24
 274 0038 8DF80330 		strb	r3, [sp, #3]
  85:main.c        ****     cfg[4]=(uint8)( ADC_VREF_HALFMV     &0xFFu);
 275              		.loc 1 85 0
 276 003c 0023     		movs	r3, #0
 277 003e 8DF80430 		strb	r3, [sp, #4]
  86:main.c        ****     UART_PC_PutArray(cfg, 5u);
 278              		.loc 1 86 0
 279 0042 0521     		movs	r1, #5
 280 0044 6846     		mov	r0, sp
 281 0046 FFF7FEFF 		bl	UART_PC_PutArray
 282              	.LVL8:
  87:main.c        **** 
  88:main.c        ****     send_vref_status();
 283              		.loc 1 88 0
 284 004a FFF7FEFF 		bl	send_vref_status
 285              	.LVL9:
  89:main.c        ****     send_vref_cfg();
 286              		.loc 1 89 0
 287 004e FFF7FEFF 		bl	send_vref_cfg
 288              	.LVL10:
  90:main.c        ****     send_amux_status();
 289              		.loc 1 90 0
 290 0052 FFF7FEFF 		bl	send_amux_status
 291              	.LVL11:
  91:main.c        **** }
 292              		.loc 1 91 0
 293 0056 02B0     		add	sp, sp, #8
 294              		.cfi_def_cfa_offset 8
 295              		@ sp needed
 296 0058 10BD     		pop	{r4, pc}
 297              	.L26:
 298 005a 00BF     		.align	2
 299              	.L25:
 300 005c 00000000 		.word	.LANCHOR0
 301              		.cfi_endproc
 302              	.LFE68:
 303              		.size	send_config, .-send_config
ARM GAS  C:\Users\elias\AppData\Local\Temp\ccbINLWg.s 			page 8


 304              		.section	.text.main,"ax",%progbits
 305              		.align	2
 306              		.global	main
 307              		.thumb
 308              		.thumb_func
 309              		.type	main, %function
 310              	main:
 311              	.LFB69:
  92:main.c        **** 
  93:main.c        **** int main(void)
  94:main.c        **** {
 312              		.loc 1 94 0
 313              		.cfi_startproc
 314              		@ args = 0, pretend = 0, frame = 8
 315              		@ frame_needed = 0, uses_anonymous_args = 0
 316 0000 2DE9F041 		push	{r4, r5, r6, r7, r8, lr}
 317              		.cfi_def_cfa_offset 24
 318              		.cfi_offset 4, -24
 319              		.cfi_offset 5, -20
 320              		.cfi_offset 6, -16
 321              		.cfi_offset 7, -12
 322              		.cfi_offset 8, -8
 323              		.cfi_offset 14, -4
 324 0004 82B0     		sub	sp, sp, #8
 325              		.cfi_def_cfa_offset 32
  95:main.c        ****     static uint16 hb_count  = 0u;
  96:main.c        ****     static uint8  rx_state  = 0u;
  97:main.c        ****     static uint8  rx_cmd    = 0u;
  98:main.c        ****     static uint8  rx_bcount = 0u;
  99:main.c        ****     static uint8  rx_buf[2u];
 100:main.c        **** 
 101:main.c        ****     uint8  pkt[5u];
 102:main.c        ****     int32  flt, raw;
 103:main.c        ****     uint8  saved, rx;
 104:main.c        **** 
 105:main.c        ****     CyGlobalIntEnable;
 326              		.loc 1 105 0
 327              		.syntax unified
 328              	@ 105 "main.c" 1
 329 0006 62B6     		CPSIE   i
 330              	@ 0 "" 2
 106:main.c        **** 
 107:main.c        ****     UART_PC_Start();
 331              		.loc 1 107 0
 332              		.thumb
 333              		.syntax unified
 334 0008 FFF7FEFF 		bl	UART_PC_Start
 335              	.LVL12:
 108:main.c        **** 
 109:main.c        ****     PGA_p_Start(); PGA_n_Start();
 336              		.loc 1 109 0
 337 000c FFF7FEFF 		bl	PGA_p_Start
 338              	.LVL13:
 339 0010 FFF7FEFF 		bl	PGA_n_Start
 340              	.LVL14:
 110:main.c        ****     PGA_p_SetGain(g_pga_code); PGA_n_SetGain(g_pga_code);
 341              		.loc 1 110 0
ARM GAS  C:\Users\elias\AppData\Local\Temp\ccbINLWg.s 			page 9


 342 0014 7C4C     		ldr	r4, .L43
 343 0016 A07A     		ldrb	r0, [r4, #10]	@ zero_extendqisi2
 344 0018 FFF7FEFF 		bl	PGA_p_SetGain
 345              	.LVL15:
 346 001c A07A     		ldrb	r0, [r4, #10]	@ zero_extendqisi2
 347 001e FFF7FEFF 		bl	PGA_n_SetGain
 348              	.LVL16:
 111:main.c        ****     OpaBP_p_Start(); OpaBP_n_Start();
 349              		.loc 1 111 0
 350 0022 FFF7FEFF 		bl	OpaBP_p_Start
 351              	.LVL17:
 352 0026 FFF7FEFF 		bl	OpaBP_n_Start
 353              	.LVL18:
 112:main.c        ****     TIA_p_Start();  TIA_n_Start();
 354              		.loc 1 112 0
 355 002a FFF7FEFF 		bl	TIA_p_Start
 356              	.LVL19:
 357 002e FFF7FEFF 		bl	TIA_n_Start
 358              	.LVL20:
 113:main.c        **** 
 114:main.c        ****     AMux_Start();
 359              		.loc 1 114 0
 360 0032 FFF7FEFF 		bl	AMux_Start
 361              	.LVL21:
 115:main.c        ****     AMux_FastSelect(0u);
 362              		.loc 1 115 0
 363 0036 0020     		movs	r0, #0
 364 0038 FFF7FEFF 		bl	AMux_FastSelect
 365              	.LVL22:
 116:main.c        **** 
 117:main.c        ****     VDAC_p_Start(); VDAC_n_Start(); Opa_p_Start(); Opa_n_Start();
 366              		.loc 1 117 0
 367 003c FFF7FEFF 		bl	VDAC_p_Start
 368              	.LVL23:
 369 0040 FFF7FEFF 		bl	VDAC_n_Start
 370              	.LVL24:
 371 0044 FFF7FEFF 		bl	Opa_p_Start
 372              	.LVL25:
 373 0048 FFF7FEFF 		bl	Opa_n_Start
 374              	.LVL26:
 118:main.c        ****     VDAC_p_SetValue(vdac_p_ref);
 375              		.loc 1 118 0
 376 004c 6F4C     		ldr	r4, .L43+4
 377 004e 2078     		ldrb	r0, [r4]	@ zero_extendqisi2
 378 0050 FFF7FEFF 		bl	VDAC_p_SetValue
 379              	.LVL27:
 119:main.c        ****     VDAC_n_SetValue(vdac_n_ref);
 380              		.loc 1 119 0
 381 0054 6078     		ldrb	r0, [r4, #1]	@ zero_extendqisi2
 382 0056 FFF7FEFF 		bl	VDAC_n_SetValue
 383              	.LVL28:
 120:main.c        **** 
 121:main.c        ****     Filter_Start();
 384              		.loc 1 121 0
 385 005a FFF7FEFF 		bl	Filter_Start
 386              	.LVL29:
 122:main.c        ****     Filter_SetCoherency(Filter_CHANNEL_A, Filter_KEY_LOW);
ARM GAS  C:\Users\elias\AppData\Local\Temp\ccbINLWg.s 			page 10


 387              		.loc 1 122 0
 388 005e 0021     		movs	r1, #0
 389 0060 0846     		mov	r0, r1
 390 0062 FFF7FEFF 		bl	Filter_SetCoherency
 391              	.LVL30:
 123:main.c        ****     Filter_SetDalign(Filter_STAGEA_DALIGN, 0u);
 392              		.loc 1 123 0
 393 0066 0021     		movs	r1, #0
 394 0068 0120     		movs	r0, #1
 395 006a FFF7FEFF 		bl	Filter_SetDalign
 396              	.LVL31:
 124:main.c        ****     Filter_SetDalign(Filter_HOLDA_DALIGN,  0u);
 397              		.loc 1 124 0
 398 006e 0021     		movs	r1, #0
 399 0070 0420     		movs	r0, #4
 400 0072 FFF7FEFF 		bl	Filter_SetDalign
 401              	.LVL32:
 125:main.c        **** 
 126:main.c        ****     ADC_DelSig_Start();
 402              		.loc 1 126 0
 403 0076 FFF7FEFF 		bl	ADC_DelSig_Start
 404              	.LVL33:
 127:main.c        ****     ADC_DelSig_StartConvert();
 405              		.loc 1 127 0
 406 007a FFF7FEFF 		bl	ADC_DelSig_StartConvert
 407              	.LVL34:
 128:main.c        ****     isr_DelSig_StartEx(isr_DelSigReady);
 408              		.loc 1 128 0
 409 007e 6448     		ldr	r0, .L43+8
 410 0080 FFF7FEFF 		bl	isr_DelSig_StartEx
 411              	.LVL35:
 129:main.c        ****     isr_Filter_StartEx(isr_FilterReady);
 412              		.loc 1 129 0
 413 0084 6348     		ldr	r0, .L43+12
 414 0086 FFF7FEFF 		bl	isr_Filter_StartEx
 415              	.LVL36:
 130:main.c        **** 
 131:main.c        ****     CyDelay(10u);
 416              		.loc 1 131 0
 417 008a 0A20     		movs	r0, #10
 418 008c FFF7FEFF 		bl	CyDelay
 419              	.LVL37:
 132:main.c        ****     send_config();
 420              		.loc 1 132 0
 421 0090 FFF7FEFF 		bl	send_config
 422              	.LVL38:
 423 0094 62E0     		b	.L28
 424              	.L40:
 133:main.c        **** 
 134:main.c        ****     for(;;)
 135:main.c        ****     {
 136:main.c        ****         while (UART_PC_GetRxBufferSize() > 0u)
 137:main.c        ****         {
 138:main.c        ****             rx = UART_PC_ReadRxData();
 425              		.loc 1 138 0
 426 0096 FFF7FEFF 		bl	UART_PC_ReadRxData
 427              	.LVL39:
ARM GAS  C:\Users\elias\AppData\Local\Temp\ccbINLWg.s 			page 11


 139:main.c        ****             if (rx_state == 0u)
 428              		.loc 1 139 0
 429 009a 5B4B     		ldr	r3, .L43
 430 009c DB7A     		ldrb	r3, [r3, #11]	@ zero_extendqisi2
 431 009e 93B9     		cbnz	r3, .L29
 140:main.c        ****             {
 141:main.c        ****                 switch (rx)
 432              		.loc 1 141 0
 433 00a0 A0F1A503 		sub	r3, r0, #165
 434 00a4 052B     		cmp	r3, #5
 435 00a6 59D8     		bhi	.L28
 436 00a8 DFE803F0 		tbb	[pc, r3]
 437              	.L32:
 438 00ac 03       		.byte	(.L31-.L32)/2
 439 00ad 06       		.byte	(.L33-.L32)/2
 440 00ae 06       		.byte	(.L33-.L32)/2
 441 00af 58       		.byte	(.L28-.L32)/2
 442 00b0 58       		.byte	(.L28-.L32)/2
 443 00b1 06       		.byte	(.L33-.L32)/2
 444              		.p2align 1
 445              	.L31:
 142:main.c        ****                 {
 143:main.c        ****                     case 0xA5u: send_config(); break;
 446              		.loc 1 143 0
 447 00b2 FFF7FEFF 		bl	send_config
 448              	.LVL40:
 449 00b6 51E0     		b	.L28
 450              	.LVL41:
 451              	.L33:
 144:main.c        ****                     case 0xA6u: case 0xA7u: case 0xAAu:
 145:main.c        ****                         rx_cmd=rx; rx_bcount=0u; rx_state=1u; break;
 452              		.loc 1 145 0
 453 00b8 534B     		ldr	r3, .L43
 454 00ba 1873     		strb	r0, [r3, #12]
 455 00bc 0022     		movs	r2, #0
 456 00be 5A73     		strb	r2, [r3, #13]
 457 00c0 0122     		movs	r2, #1
 458 00c2 DA72     		strb	r2, [r3, #11]
 459 00c4 4AE0     		b	.L28
 460              	.L29:
 146:main.c        ****                     default: break;
 147:main.c        ****                 }
 148:main.c        ****             }
 149:main.c        ****             else
 150:main.c        ****             {
 151:main.c        ****                 rx_buf[rx_bcount]=rx; rx_bcount++;
 461              		.loc 1 151 0
 462 00c6 504A     		ldr	r2, .L43
 463 00c8 537B     		ldrb	r3, [r2, #13]	@ zero_extendqisi2
 464 00ca D118     		adds	r1, r2, r3
 465 00cc 0874     		strb	r0, [r1, #16]
 466 00ce 0133     		adds	r3, r3, #1
 467 00d0 DBB2     		uxtb	r3, r3
 468 00d2 5373     		strb	r3, [r2, #13]
 152:main.c        ****                 switch (rx_cmd)
 469              		.loc 1 152 0
 470 00d4 127B     		ldrb	r2, [r2, #12]	@ zero_extendqisi2
ARM GAS  C:\Users\elias\AppData\Local\Temp\ccbINLWg.s 			page 12


 471 00d6 A72A     		cmp	r2, #167
 472 00d8 16D0     		beq	.L35
 473 00da AA2A     		cmp	r2, #170
 474 00dc 27D0     		beq	.L36
 475 00de A62A     		cmp	r2, #166
 476 00e0 39D1     		bne	.L41
 153:main.c        ****                 {
 154:main.c        ****                     case 0xA6u:
 155:main.c        ****                         if (rx_bcount>=1u)
 477              		.loc 1 155 0
 478 00e2 002B     		cmp	r3, #0
 479 00e4 3AD0     		beq	.L28
 156:main.c        ****                         {
 157:main.c        ****                             if (rx_buf[0u]<=8u)
 480              		.loc 1 157 0
 481 00e6 484B     		ldr	r3, .L43
 482 00e8 187C     		ldrb	r0, [r3, #16]	@ zero_extendqisi2
 483              	.LVL42:
 484 00ea 0828     		cmp	r0, #8
 485 00ec 08D8     		bhi	.L38
 158:main.c        ****                             {
 159:main.c        ****                                 g_pga_code=rx_buf[0u];
 486              		.loc 1 159 0
 487 00ee 1C46     		mov	r4, r3
 488 00f0 9872     		strb	r0, [r3, #10]
 160:main.c        ****                                 PGA_p_SetGain(rx_buf[0u]);
 489              		.loc 1 160 0
 490 00f2 FFF7FEFF 		bl	PGA_p_SetGain
 491              	.LVL43:
 161:main.c        ****                                 PGA_n_SetGain(rx_buf[0u]);
 492              		.loc 1 161 0
 493 00f6 207C     		ldrb	r0, [r4, #16]	@ zero_extendqisi2
 494 00f8 FFF7FEFF 		bl	PGA_n_SetGain
 495              	.LVL44:
 162:main.c        ****                                 send_config();
 496              		.loc 1 162 0
 497 00fc FFF7FEFF 		bl	send_config
 498              	.LVL45:
 499              	.L38:
 163:main.c        ****                             }
 164:main.c        ****                             rx_state=0u;
 500              		.loc 1 164 0
 501 0100 0022     		movs	r2, #0
 502 0102 414B     		ldr	r3, .L43
 503 0104 DA72     		strb	r2, [r3, #11]
 504 0106 29E0     		b	.L28
 505              	.LVL46:
 506              	.L35:
 165:main.c        ****                         }
 166:main.c        ****                         break;
 167:main.c        **** 
 168:main.c        ****                     case 0xA7u:
 169:main.c        ****                         if (rx_bcount>=1u)
 507              		.loc 1 169 0
 508 0108 43B3     		cbz	r3, .L28
 170:main.c        ****                         {
 171:main.c        ****                             if (rx_buf[0u]<=2u)
ARM GAS  C:\Users\elias\AppData\Local\Temp\ccbINLWg.s 			page 13


 509              		.loc 1 171 0
 510 010a 3F4B     		ldr	r3, .L43
 511 010c 187C     		ldrb	r0, [r3, #16]	@ zero_extendqisi2
 512              	.LVL47:
 513 010e 0228     		cmp	r0, #2
 514 0110 09D8     		bhi	.L39
 172:main.c        ****                             {
 173:main.c        ****                                 g_amux_ch=rx_buf[0u];
 515              		.loc 1 173 0
 516 0112 1C46     		mov	r4, r3
 517 0114 5872     		strb	r0, [r3, #9]
 174:main.c        ****                                 AMux_FastSelect(g_amux_ch);
 518              		.loc 1 174 0
 519 0116 FFF7FEFF 		bl	AMux_FastSelect
 520              	.LVL48:
 175:main.c        ****                                 dc_iir = 0;
 521              		.loc 1 175 0
 522 011a 0022     		movs	r2, #0
 523 011c 0023     		movs	r3, #0
 524 011e C4E90623 		strd	r2, [r4, #24]
 176:main.c        ****                                 send_amux_status();
 525              		.loc 1 176 0
 526 0122 FFF7FEFF 		bl	send_amux_status
 527              	.LVL49:
 528              	.L39:
 177:main.c        ****                             }
 178:main.c        ****                             rx_state=0u;
 529              		.loc 1 178 0
 530 0126 0022     		movs	r2, #0
 531 0128 374B     		ldr	r3, .L43
 532 012a DA72     		strb	r2, [r3, #11]
 533 012c 16E0     		b	.L28
 534              	.LVL50:
 535              	.L36:
 179:main.c        ****                         }
 180:main.c        ****                         break;
 181:main.c        **** 
 182:main.c        ****                     case 0xAAu:
 183:main.c        ****                         if (rx_bcount>=2u)
 536              		.loc 1 183 0
 537 012e 012B     		cmp	r3, #1
 538 0130 14D9     		bls	.L28
 184:main.c        ****                         {
 185:main.c        ****                             vdac_p_ref=rx_buf[0u];
 539              		.loc 1 185 0
 540 0132 354C     		ldr	r4, .L43
 541 0134 207C     		ldrb	r0, [r4, #16]	@ zero_extendqisi2
 542              	.LVL51:
 543 0136 354D     		ldr	r5, .L43+4
 544 0138 2870     		strb	r0, [r5]
 186:main.c        ****                             vdac_n_ref=rx_buf[1u];
 545              		.loc 1 186 0
 546 013a 637C     		ldrb	r3, [r4, #17]	@ zero_extendqisi2
 547 013c 6B70     		strb	r3, [r5, #1]
 187:main.c        ****                             VDAC_p_SetValue(vdac_p_ref);
 548              		.loc 1 187 0
 549 013e FFF7FEFF 		bl	VDAC_p_SetValue
ARM GAS  C:\Users\elias\AppData\Local\Temp\ccbINLWg.s 			page 14


 550              	.LVL52:
 188:main.c        ****                             VDAC_n_SetValue(vdac_n_ref);
 551              		.loc 1 188 0
 552 0142 6878     		ldrb	r0, [r5, #1]	@ zero_extendqisi2
 553 0144 FFF7FEFF 		bl	VDAC_n_SetValue
 554              	.LVL53:
 189:main.c        ****                             send_vref_status();
 555              		.loc 1 189 0
 556 0148 FFF7FEFF 		bl	send_vref_status
 557              	.LVL54:
 190:main.c        ****                             send_vref_cfg();
 558              		.loc 1 190 0
 559 014c FFF7FEFF 		bl	send_vref_cfg
 560              	.LVL55:
 191:main.c        ****                             rx_state=0u;
 561              		.loc 1 191 0
 562 0150 0023     		movs	r3, #0
 563 0152 E372     		strb	r3, [r4, #11]
 564 0154 02E0     		b	.L28
 565              	.LVL56:
 566              	.L41:
 192:main.c        ****                         }
 193:main.c        ****                         break;
 194:main.c        **** 
 195:main.c        ****                     default: rx_state=0u; break;
 567              		.loc 1 195 0
 568 0156 0022     		movs	r2, #0
 569 0158 2B4B     		ldr	r3, .L43
 570 015a DA72     		strb	r2, [r3, #11]
 571              	.LVL57:
 572              	.L28:
 136:main.c        ****         {
 573              		.loc 1 136 0
 574 015c FFF7FEFF 		bl	UART_PC_GetRxBufferSize
 575              	.LVL58:
 576 0160 0028     		cmp	r0, #0
 577 0162 98D1     		bne	.L40
 196:main.c        ****                 }
 197:main.c        ****             }
 198:main.c        ****         }
 199:main.c        **** 
 200:main.c        ****         if (g_filter_ready)
 578              		.loc 1 200 0
 579 0164 284B     		ldr	r3, .L43
 580 0166 1B7A     		ldrb	r3, [r3, #8]	@ zero_extendqisi2
 581 0168 13F0FF0F 		tst	r3, #255
 582 016c F6D0     		beq	.L28
 201:main.c        ****         {
 202:main.c        ****             saved=CyEnterCriticalSection();
 583              		.loc 1 202 0
 584 016e FFF7FEFF 		bl	CyEnterCriticalSection
 585              	.LVL59:
 203:main.c        ****             flt=g_flt; raw=ds; g_filter_ready=0u;
 586              		.loc 1 203 0
 587 0172 254C     		ldr	r4, .L43
 588 0174 6368     		ldr	r3, [r4, #4]
 589 0176 2568     		ldr	r5, [r4]
ARM GAS  C:\Users\elias\AppData\Local\Temp\ccbINLWg.s 			page 15


 590              	.LVL60:
 591 0178 4FF00008 		mov	r8, #0
 592 017c 84F80880 		strb	r8, [r4, #8]
 204:main.c        ****             CyExitCriticalSection(saved);
 593              		.loc 1 204 0
 594 0180 FFF7FEFF 		bl	CyExitCriticalSection
 595              	.LVL61:
 205:main.c        ****             (void)flt;
 206:main.c        **** 
 207:main.c        ****             dc_iir += (long long)raw - (dc_iir>>DC_SHIFT);
 596              		.loc 1 207 0
 597 0184 EB17     		asrs	r3, r5, #31
 598 0186 D4E90601 		ldrd	r0, [r4, #24]
 599 018a 860B     		lsrs	r6, r0, #14
 600 018c 46EA8146 		orr	r6, r6, r1, lsl #18
 601 0190 8F13     		asrs	r7, r1, #14
 602 0192 AA1B     		subs	r2, r5, r6
 603 0194 63EB0703 		sbc	r3, r3, r7
 604 0198 1218     		adds	r2, r2, r0
 605 019a 4B41     		adcs	r3, r3, r1
 606 019c C4E90623 		strd	r2, [r4, #24]
 607              	.LBB2:
 208:main.c        **** 
 209:main.c        ****             {
 210:main.c        ****                 int32 raw_ac = raw - (int32)(dc_iir>>DC_SHIFT);
 608              		.loc 1 210 0
 609 01a0 920B     		lsrs	r2, r2, #14
 610 01a2 42EA8342 		orr	r2, r2, r3, lsl #18
 611 01a6 AD1A     		subs	r5, r5, r2
 612              	.LVL62:
 211:main.c        ****                 pkt[0]=0x56u; pkt[1]=0x00u;
 613              		.loc 1 211 0
 614 01a8 5623     		movs	r3, #86
 615 01aa 8DF80030 		strb	r3, [sp]
 616 01ae 8DF80180 		strb	r8, [sp, #1]
 212:main.c        ****                 pkt[2]=(uint8)((raw_ac>>16u)&0xFFu);
 617              		.loc 1 212 0
 618 01b2 C5F30743 		ubfx	r3, r5, #16, #8
 619 01b6 8DF80230 		strb	r3, [sp, #2]
 213:main.c        ****                 pkt[3]=(uint8)((raw_ac>> 8u)&0xFFu);
 620              		.loc 1 213 0
 621 01ba C5F30723 		ubfx	r3, r5, #8, #8
 622 01be 8DF80330 		strb	r3, [sp, #3]
 214:main.c        ****                 pkt[4]=(uint8)( raw_ac      &0xFFu);
 623              		.loc 1 214 0
 624 01c2 8DF80450 		strb	r5, [sp, #4]
 215:main.c        ****                 UART_PC_PutArray(pkt, 5u);
 625              		.loc 1 215 0
 626 01c6 0521     		movs	r1, #5
 627 01c8 6846     		mov	r0, sp
 628 01ca FFF7FEFF 		bl	UART_PC_PutArray
 629              	.LVL63:
 630              	.LBE2:
 216:main.c        ****             }
 217:main.c        **** 
 218:main.c        ****             if (++hb_count>=HB_PERIOD)
 631              		.loc 1 218 0
ARM GAS  C:\Users\elias\AppData\Local\Temp\ccbINLWg.s 			page 16


 632 01ce 238C     		ldrh	r3, [r4, #32]
 633 01d0 0133     		adds	r3, r3, #1
 634 01d2 9BB2     		uxth	r3, r3
 635 01d4 2384     		strh	r3, [r4, #32]	@ movhi
 636 01d6 40F6B732 		movw	r2, #2999
 637 01da 9342     		cmp	r3, r2
 638 01dc BED9     		bls	.L28
 219:main.c        ****             {
 220:main.c        ****                 hb_count=0u;
 639              		.loc 1 220 0
 640 01de 2246     		mov	r2, r4
 641 01e0 A2F82080 		strh	r8, [r2, #32]	@ movhi
 221:main.c        ****                 pkt[0]=0x56u; pkt[1]=0x01u;
 642              		.loc 1 221 0
 643 01e4 5622     		movs	r2, #86
 644 01e6 8DF80020 		strb	r2, [sp]
 645 01ea 0122     		movs	r2, #1
 646 01ec 8DF80120 		strb	r2, [sp, #1]
 222:main.c        ****                 pkt[2]=0u; pkt[3]=0u; pkt[4]=0u;
 647              		.loc 1 222 0
 648 01f0 8DF80280 		strb	r8, [sp, #2]
 649 01f4 8DF80380 		strb	r8, [sp, #3]
 650 01f8 8DF80480 		strb	r8, [sp, #4]
 223:main.c        ****                 UART_PC_PutArray(pkt, 5u);
 651              		.loc 1 223 0
 652 01fc 0521     		movs	r1, #5
 653 01fe 6846     		mov	r0, sp
 654 0200 FFF7FEFF 		bl	UART_PC_PutArray
 655              	.LVL64:
 656 0204 AAE7     		b	.L28
 657              	.L44:
 658 0206 00BF     		.align	2
 659              	.L43:
 660 0208 00000000 		.word	.LANCHOR0
 661 020c 00000000 		.word	.LANCHOR1
 662 0210 00000000 		.word	isr_DelSigReady
 663 0214 00000000 		.word	isr_FilterReady
 664              		.cfi_endproc
 665              	.LFE69:
 666              		.size	main, .-main
 667              		.data
 668              		.set	.LANCHOR1,. + 0
 669              		.type	vdac_p_ref, %object
 670              		.size	vdac_p_ref, 1
 671              	vdac_p_ref:
 672 0000 94       		.byte	-108
 673              		.type	vdac_n_ref, %object
 674              		.size	vdac_n_ref, 1
 675              	vdac_n_ref:
 676 0001 94       		.byte	-108
 677              		.bss
 678              		.align	3
 679              		.set	.LANCHOR0,. + 0
 680              		.type	ds, %object
 681              		.size	ds, 4
 682              	ds:
 683 0000 00000000 		.space	4
ARM GAS  C:\Users\elias\AppData\Local\Temp\ccbINLWg.s 			page 17


 684              		.type	g_flt, %object
 685              		.size	g_flt, 4
 686              	g_flt:
 687 0004 00000000 		.space	4
 688              		.type	g_filter_ready, %object
 689              		.size	g_filter_ready, 1
 690              	g_filter_ready:
 691 0008 00       		.space	1
 692              		.type	g_amux_ch, %object
 693              		.size	g_amux_ch, 1
 694              	g_amux_ch:
 695 0009 00       		.space	1
 696              		.type	g_pga_code, %object
 697              		.size	g_pga_code, 1
 698              	g_pga_code:
 699 000a 00       		.space	1
 700              		.type	rx_state.6459, %object
 701              		.size	rx_state.6459, 1
 702              	rx_state.6459:
 703 000b 00       		.space	1
 704              		.type	rx_cmd.6460, %object
 705              		.size	rx_cmd.6460, 1
 706              	rx_cmd.6460:
 707 000c 00       		.space	1
 708              		.type	rx_bcount.6461, %object
 709              		.size	rx_bcount.6461, 1
 710              	rx_bcount.6461:
 711 000d 00       		.space	1
 712 000e 0000     		.space	2
 713              		.type	rx_buf.6462, %object
 714              		.size	rx_buf.6462, 2
 715              	rx_buf.6462:
 716 0010 0000     		.space	2
 717 0012 00000000 		.space	6
 717      0000
 718              		.type	dc_iir, %object
 719              		.size	dc_iir, 8
 720              	dc_iir:
 721 0018 00000000 		.space	8
 721      00000000 
 722              		.type	hb_count.6458, %object
 723              		.size	hb_count.6458, 2
 724              	hb_count.6458:
 725 0020 0000     		.space	2
 726              		.text
 727              	.Letext0:
 728              		.file 2 "c:\\program files (x86)\\cypress\\psoc creator\\4.4\\psoc creator\\import\\gnu\\arm\\5.4.
 729              		.file 3 "c:\\program files (x86)\\cypress\\psoc creator\\4.4\\psoc creator\\import\\gnu\\arm\\5.4.
 730              		.file 4 "Generated_Source\\PSoC5/cytypes.h"
 731              		.file 5 "Generated_Source\\PSoC5/ADC_DelSig.h"
 732              		.file 6 "Generated_Source\\PSoC5/Filter.h"
 733              		.file 7 "Generated_Source\\PSoC5/UART_PC.h"
 734              		.file 8 "Generated_Source\\PSoC5/PGA_p.h"
 735              		.file 9 "Generated_Source\\PSoC5/PGA_n.h"
 736              		.file 10 "Generated_Source\\PSoC5/OpaBP_p.h"
 737              		.file 11 "Generated_Source\\PSoC5/OpaBP_n.h"
 738              		.file 12 "Generated_Source\\PSoC5/TIA_p.h"
ARM GAS  C:\Users\elias\AppData\Local\Temp\ccbINLWg.s 			page 18


 739              		.file 13 "Generated_Source\\PSoC5/TIA_n.h"
 740              		.file 14 "Generated_Source\\PSoC5/AMux.h"
 741              		.file 15 "Generated_Source\\PSoC5/VDAC_p.h"
 742              		.file 16 "Generated_Source\\PSoC5/VDAC_n.h"
 743              		.file 17 "Generated_Source\\PSoC5/Opa_p.h"
 744              		.file 18 "Generated_Source\\PSoC5/Opa_n.h"
 745              		.file 19 "Generated_Source\\PSoC5/isr_DelSig.h"
 746              		.file 20 "Generated_Source\\PSoC5/isr_Filter.h"
 747              		.file 21 "Generated_Source\\PSoC5/CyLib.h"
 748              		.file 22 "Generated_Source\\PSoC5/core_cm3.h"
 749              		.section	.debug_info,"",%progbits
 750              	.Ldebug_info0:
 751 0000 45070000 		.4byte	0x745
 752 0004 0400     		.2byte	0x4
 753 0006 00000000 		.4byte	.Ldebug_abbrev0
 754 000a 04       		.byte	0x4
 755 000b 01       		.uleb128 0x1
 756 000c DB030000 		.4byte	.LASF73
 757 0010 0C       		.byte	0xc
 758 0011 0D030000 		.4byte	.LASF74
 759 0015 3B020000 		.4byte	.LASF75
 760 0019 00000000 		.4byte	.Ldebug_ranges0+0
 761 001d 00000000 		.4byte	0
 762 0021 00000000 		.4byte	.Ldebug_line0
 763 0025 02       		.uleb128 0x2
 764 0026 01       		.byte	0x1
 765 0027 06       		.byte	0x6
 766 0028 E4010000 		.4byte	.LASF0
 767 002c 02       		.uleb128 0x2
 768 002d 01       		.byte	0x1
 769 002e 08       		.byte	0x8
 770 002f BA010000 		.4byte	.LASF1
 771 0033 02       		.uleb128 0x2
 772 0034 02       		.byte	0x2
 773 0035 05       		.byte	0x5
 774 0036 5B000000 		.4byte	.LASF2
 775 003a 02       		.uleb128 0x2
 776 003b 02       		.byte	0x2
 777 003c 07       		.byte	0x7
 778 003d 93020000 		.4byte	.LASF3
 779 0041 03       		.uleb128 0x3
 780 0042 70030000 		.4byte	.LASF9
 781 0046 02       		.byte	0x2
 782 0047 3F       		.byte	0x3f
 783 0048 4C000000 		.4byte	0x4c
 784 004c 02       		.uleb128 0x2
 785 004d 04       		.byte	0x4
 786 004e 05       		.byte	0x5
 787 004f 5B010000 		.4byte	.LASF4
 788 0053 02       		.uleb128 0x2
 789 0054 04       		.byte	0x4
 790 0055 07       		.byte	0x7
 791 0056 14030000 		.4byte	.LASF5
 792 005a 02       		.uleb128 0x2
 793 005b 08       		.byte	0x8
 794 005c 05       		.byte	0x5
 795 005d 1F010000 		.4byte	.LASF6
ARM GAS  C:\Users\elias\AppData\Local\Temp\ccbINLWg.s 			page 19


 796 0061 02       		.uleb128 0x2
 797 0062 08       		.byte	0x8
 798 0063 07       		.byte	0x7
 799 0064 F0010000 		.4byte	.LASF7
 800 0068 04       		.uleb128 0x4
 801 0069 04       		.byte	0x4
 802 006a 05       		.byte	0x5
 803 006b 696E7400 		.ascii	"int\000"
 804 006f 02       		.uleb128 0x2
 805 0070 04       		.byte	0x4
 806 0071 07       		.byte	0x7
 807 0072 18020000 		.4byte	.LASF8
 808 0076 03       		.uleb128 0x3
 809 0077 B6020000 		.4byte	.LASF10
 810 007b 03       		.byte	0x3
 811 007c 2C       		.byte	0x2c
 812 007d 41000000 		.4byte	0x41
 813 0081 05       		.uleb128 0x5
 814 0082 E3020000 		.4byte	.LASF11
 815 0086 04       		.byte	0x4
 816 0087 E901     		.2byte	0x1e9
 817 0089 2C000000 		.4byte	0x2c
 818 008d 05       		.uleb128 0x5
 819 008e B6000000 		.4byte	.LASF12
 820 0092 04       		.byte	0x4
 821 0093 EA01     		.2byte	0x1ea
 822 0095 3A000000 		.4byte	0x3a
 823 0099 05       		.uleb128 0x5
 824 009a 06030000 		.4byte	.LASF13
 825 009e 04       		.byte	0x4
 826 009f EB01     		.2byte	0x1eb
 827 00a1 53000000 		.4byte	0x53
 828 00a5 05       		.uleb128 0x5
 829 00a6 26030000 		.4byte	.LASF14
 830 00aa 04       		.byte	0x4
 831 00ab EE01     		.2byte	0x1ee
 832 00ad 4C000000 		.4byte	0x4c
 833 00b1 02       		.uleb128 0x2
 834 00b2 04       		.byte	0x4
 835 00b3 04       		.byte	0x4
 836 00b4 F8000000 		.4byte	.LASF15
 837 00b8 02       		.uleb128 0x2
 838 00b9 08       		.byte	0x8
 839 00ba 04       		.byte	0x4
 840 00bb 2C030000 		.4byte	.LASF16
 841 00bf 02       		.uleb128 0x2
 842 00c0 01       		.byte	0x1
 843 00c1 08       		.byte	0x8
 844 00c2 56010000 		.4byte	.LASF17
 845 00c6 06       		.uleb128 0x6
 846 00c7 81000000 		.4byte	0x81
 847 00cb 02       		.uleb128 0x2
 848 00cc 08       		.byte	0x8
 849 00cd 04       		.byte	0x4
 850 00ce 9A000000 		.4byte	.LASF18
 851 00d2 02       		.uleb128 0x2
 852 00d3 04       		.byte	0x4
ARM GAS  C:\Users\elias\AppData\Local\Temp\ccbINLWg.s 			page 20


 853 00d4 07       		.byte	0x7
 854 00d5 65000000 		.4byte	.LASF19
 855 00d9 07       		.uleb128 0x7
 856 00da D4010000 		.4byte	.LASF20
 857 00de 01       		.byte	0x1
 858 00df 23       		.byte	0x23
 859 00e0 00000000 		.4byte	.LFB63
 860 00e4 18000000 		.4byte	.LFE63-.LFB63
 861 00e8 01       		.uleb128 0x1
 862 00e9 9C       		.byte	0x9c
 863 00ea 07010000 		.4byte	0x107
 864 00ee 08       		.uleb128 0x8
 865 00ef 06000000 		.4byte	.LVL0
 866 00f3 DD050000 		.4byte	0x5dd
 867 00f7 09       		.uleb128 0x9
 868 00f8 12000000 		.4byte	.LVL1
 869 00fc E8050000 		.4byte	0x5e8
 870 0100 0A       		.uleb128 0xa
 871 0101 01       		.uleb128 0x1
 872 0102 50       		.byte	0x50
 873 0103 01       		.uleb128 0x1
 874 0104 30       		.byte	0x30
 875 0105 00       		.byte	0
 876 0106 00       		.byte	0
 877 0107 07       		.uleb128 0x7
 878 0108 FE000000 		.4byte	.LASF21
 879 010c 01       		.byte	0x1
 880 010d 29       		.byte	0x29
 881 010e 00000000 		.4byte	.LFB64
 882 0112 20000000 		.4byte	.LFE64-.LFB64
 883 0116 01       		.uleb128 0x1
 884 0117 9C       		.byte	0x9c
 885 0118 3B010000 		.4byte	0x13b
 886 011c 0B       		.uleb128 0xb
 887 011d 72617700 		.ascii	"raw\000"
 888 0121 01       		.byte	0x1
 889 0122 2B       		.byte	0x2b
 890 0123 99000000 		.4byte	0x99
 891 0127 00000000 		.4byte	.LLST0
 892 012b 09       		.uleb128 0x9
 893 012c 08000000 		.4byte	.LVL2
 894 0130 F3050000 		.4byte	0x5f3
 895 0134 0A       		.uleb128 0xa
 896 0135 01       		.uleb128 0x1
 897 0136 50       		.byte	0x50
 898 0137 01       		.uleb128 0x1
 899 0138 30       		.byte	0x30
 900 0139 00       		.byte	0
 901 013a 00       		.byte	0
 902 013b 0C       		.uleb128 0xc
 903 013c 0E010000 		.4byte	.LASF22
 904 0140 01       		.byte	0x1
 905 0141 3A       		.byte	0x3a
 906 0142 00000000 		.4byte	.LFB66
 907 0146 34000000 		.4byte	.LFE66-.LFB66
 908 014a 01       		.uleb128 0x1
 909 014b 9C       		.byte	0x9c
ARM GAS  C:\Users\elias\AppData\Local\Temp\ccbINLWg.s 			page 21


 910 014c 74010000 		.4byte	0x174
 911 0150 0D       		.uleb128 0xd
 912 0151 706B7400 		.ascii	"pkt\000"
 913 0155 01       		.byte	0x1
 914 0156 3C       		.byte	0x3c
 915 0157 74010000 		.4byte	0x174
 916 015b 02       		.uleb128 0x2
 917 015c 91       		.byte	0x91
 918 015d 70       		.sleb128 -16
 919 015e 09       		.uleb128 0x9
 920 015f 28000000 		.4byte	.LVL4
 921 0163 FE050000 		.4byte	0x5fe
 922 0167 0A       		.uleb128 0xa
 923 0168 01       		.uleb128 0x1
 924 0169 50       		.byte	0x50
 925 016a 02       		.uleb128 0x2
 926 016b 7D       		.byte	0x7d
 927 016c 00       		.sleb128 0
 928 016d 0A       		.uleb128 0xa
 929 016e 01       		.uleb128 0x1
 930 016f 51       		.byte	0x51
 931 0170 01       		.uleb128 0x1
 932 0171 35       		.byte	0x35
 933 0172 00       		.byte	0
 934 0173 00       		.byte	0
 935 0174 0E       		.uleb128 0xe
 936 0175 81000000 		.4byte	0x81
 937 0179 84010000 		.4byte	0x184
 938 017d 0F       		.uleb128 0xf
 939 017e D2000000 		.4byte	0xd2
 940 0182 04       		.byte	0x4
 941 0183 00       		.byte	0
 942 0184 0C       		.uleb128 0xc
 943 0185 07020000 		.4byte	.LASF23
 944 0189 01       		.byte	0x1
 945 018a 32       		.byte	0x32
 946 018b 00000000 		.4byte	.LFB65
 947 018f 38000000 		.4byte	.LFE65-.LFB65
 948 0193 01       		.uleb128 0x1
 949 0194 9C       		.byte	0x9c
 950 0195 BD010000 		.4byte	0x1bd
 951 0199 0D       		.uleb128 0xd
 952 019a 706B7400 		.ascii	"pkt\000"
 953 019e 01       		.byte	0x1
 954 019f 34       		.byte	0x34
 955 01a0 74010000 		.4byte	0x174
 956 01a4 02       		.uleb128 0x2
 957 01a5 91       		.byte	0x91
 958 01a6 70       		.sleb128 -16
 959 01a7 09       		.uleb128 0x9
 960 01a8 2C000000 		.4byte	.LVL5
 961 01ac FE050000 		.4byte	0x5fe
 962 01b0 0A       		.uleb128 0xa
 963 01b1 01       		.uleb128 0x1
 964 01b2 50       		.byte	0x50
 965 01b3 02       		.uleb128 0x2
 966 01b4 7D       		.byte	0x7d
ARM GAS  C:\Users\elias\AppData\Local\Temp\ccbINLWg.s 			page 22


 967 01b5 00       		.sleb128 0
 968 01b6 0A       		.uleb128 0xa
 969 01b7 01       		.uleb128 0x1
 970 01b8 51       		.byte	0x51
 971 01b9 01       		.uleb128 0x1
 972 01ba 35       		.byte	0x35
 973 01bb 00       		.byte	0
 974 01bc 00       		.byte	0
 975 01bd 0C       		.uleb128 0xc
 976 01be 6E000000 		.4byte	.LASF24
 977 01c2 01       		.byte	0x1
 978 01c3 42       		.byte	0x42
 979 01c4 00000000 		.4byte	.LFB67
 980 01c8 38000000 		.4byte	.LFE67-.LFB67
 981 01cc 01       		.uleb128 0x1
 982 01cd 9C       		.byte	0x9c
 983 01ce F6010000 		.4byte	0x1f6
 984 01d2 0D       		.uleb128 0xd
 985 01d3 706B7400 		.ascii	"pkt\000"
 986 01d7 01       		.byte	0x1
 987 01d8 44       		.byte	0x44
 988 01d9 74010000 		.4byte	0x174
 989 01dd 02       		.uleb128 0x2
 990 01de 91       		.byte	0x91
 991 01df 70       		.sleb128 -16
 992 01e0 09       		.uleb128 0x9
 993 01e1 2C000000 		.4byte	.LVL6
 994 01e5 FE050000 		.4byte	0x5fe
 995 01e9 0A       		.uleb128 0xa
 996 01ea 01       		.uleb128 0x1
 997 01eb 50       		.byte	0x50
 998 01ec 02       		.uleb128 0x2
 999 01ed 7D       		.byte	0x7d
 1000 01ee 00       		.sleb128 0
 1001 01ef 0A       		.uleb128 0xa
 1002 01f0 01       		.uleb128 0x1
 1003 01f1 51       		.byte	0x51
 1004 01f2 01       		.uleb128 0x1
 1005 01f3 35       		.byte	0x35
 1006 01f4 00       		.byte	0
 1007 01f5 00       		.byte	0
 1008 01f6 0C       		.uleb128 0xc
 1009 01f7 CB000000 		.4byte	.LASF25
 1010 01fb 01       		.byte	0x1
 1011 01fc 4A       		.byte	0x4a
 1012 01fd 00000000 		.4byte	.LFB68
 1013 0201 60000000 		.4byte	.LFE68-.LFB68
 1014 0205 01       		.uleb128 0x1
 1015 0206 9C       		.byte	0x9c
 1016 0207 67020000 		.4byte	0x267
 1017 020b 0D       		.uleb128 0xd
 1018 020c 63666700 		.ascii	"cfg\000"
 1019 0210 01       		.byte	0x1
 1020 0211 4C       		.byte	0x4c
 1021 0212 74010000 		.4byte	0x174
 1022 0216 02       		.uleb128 0x2
 1023 0217 91       		.byte	0x91
ARM GAS  C:\Users\elias\AppData\Local\Temp\ccbINLWg.s 			page 23


 1024 0218 70       		.sleb128 -16
 1025 0219 10       		.uleb128 0x10
 1026 021a 2A000000 		.4byte	.LVL7
 1027 021e FE050000 		.4byte	0x5fe
 1028 0222 32020000 		.4byte	0x232
 1029 0226 0A       		.uleb128 0xa
 1030 0227 01       		.uleb128 0x1
 1031 0228 50       		.byte	0x50
 1032 0229 02       		.uleb128 0x2
 1033 022a 7D       		.byte	0x7d
 1034 022b 00       		.sleb128 0
 1035 022c 0A       		.uleb128 0xa
 1036 022d 01       		.uleb128 0x1
 1037 022e 51       		.byte	0x51
 1038 022f 01       		.uleb128 0x1
 1039 0230 35       		.byte	0x35
 1040 0231 00       		.byte	0
 1041 0232 10       		.uleb128 0x10
 1042 0233 4A000000 		.4byte	.LVL8
 1043 0237 FE050000 		.4byte	0x5fe
 1044 023b 4B020000 		.4byte	0x24b
 1045 023f 0A       		.uleb128 0xa
 1046 0240 01       		.uleb128 0x1
 1047 0241 50       		.byte	0x50
 1048 0242 02       		.uleb128 0x2
 1049 0243 7D       		.byte	0x7d
 1050 0244 00       		.sleb128 0
 1051 0245 0A       		.uleb128 0xa
 1052 0246 01       		.uleb128 0x1
 1053 0247 51       		.byte	0x51
 1054 0248 01       		.uleb128 0x1
 1055 0249 35       		.byte	0x35
 1056 024a 00       		.byte	0
 1057 024b 08       		.uleb128 0x8
 1058 024c 4E000000 		.4byte	.LVL9
 1059 0250 84010000 		.4byte	0x184
 1060 0254 08       		.uleb128 0x8
 1061 0255 52000000 		.4byte	.LVL10
 1062 0259 BD010000 		.4byte	0x1bd
 1063 025d 08       		.uleb128 0x8
 1064 025e 56000000 		.4byte	.LVL11
 1065 0262 3B010000 		.4byte	0x13b
 1066 0266 00       		.byte	0
 1067 0267 11       		.uleb128 0x11
 1068 0268 B1020000 		.4byte	.LASF76
 1069 026c 01       		.byte	0x1
 1070 026d 5D       		.byte	0x5d
 1071 026e 68000000 		.4byte	0x68
 1072 0272 00000000 		.4byte	.LFB69
 1073 0276 18020000 		.4byte	.LFE69-.LFB69
 1074 027a 01       		.uleb128 0x1
 1075 027b 9C       		.byte	0x9c
 1076 027c 30050000 		.4byte	0x530
 1077 0280 12       		.uleb128 0x12
 1078 0281 AD000000 		.4byte	.LASF26
 1079 0285 01       		.byte	0x1
 1080 0286 5F       		.byte	0x5f
ARM GAS  C:\Users\elias\AppData\Local\Temp\ccbINLWg.s 			page 24


 1081 0287 8D000000 		.4byte	0x8d
 1082 028b 05       		.uleb128 0x5
 1083 028c 03       		.byte	0x3
 1084 028d 20000000 		.4byte	hb_count.6458
 1085 0291 12       		.uleb128 0x12
 1086 0292 2D010000 		.4byte	.LASF27
 1087 0296 01       		.byte	0x1
 1088 0297 60       		.byte	0x60
 1089 0298 81000000 		.4byte	0x81
 1090 029c 05       		.uleb128 0x5
 1091 029d 03       		.byte	0x3
 1092 029e 0B000000 		.4byte	rx_state.6459
 1093 02a2 12       		.uleb128 0x12
 1094 02a3 46030000 		.4byte	.LASF28
 1095 02a7 01       		.byte	0x1
 1096 02a8 61       		.byte	0x61
 1097 02a9 81000000 		.4byte	0x81
 1098 02ad 05       		.uleb128 0x5
 1099 02ae 03       		.byte	0x3
 1100 02af 0C000000 		.4byte	rx_cmd.6460
 1101 02b3 12       		.uleb128 0x12
 1102 02b4 59030000 		.4byte	.LASF29
 1103 02b8 01       		.byte	0x1
 1104 02b9 62       		.byte	0x62
 1105 02ba 81000000 		.4byte	0x81
 1106 02be 05       		.uleb128 0x5
 1107 02bf 03       		.byte	0x3
 1108 02c0 0D000000 		.4byte	rx_bcount.6461
 1109 02c4 12       		.uleb128 0x12
 1110 02c5 30000000 		.4byte	.LASF30
 1111 02c9 01       		.byte	0x1
 1112 02ca 63       		.byte	0x63
 1113 02cb 30050000 		.4byte	0x530
 1114 02cf 05       		.uleb128 0x5
 1115 02d0 03       		.byte	0x3
 1116 02d1 10000000 		.4byte	rx_buf.6462
 1117 02d5 0D       		.uleb128 0xd
 1118 02d6 706B7400 		.ascii	"pkt\000"
 1119 02da 01       		.byte	0x1
 1120 02db 65       		.byte	0x65
 1121 02dc 74010000 		.4byte	0x174
 1122 02e0 02       		.uleb128 0x2
 1123 02e1 91       		.byte	0x91
 1124 02e2 60       		.sleb128 -32
 1125 02e3 0D       		.uleb128 0xd
 1126 02e4 666C7400 		.ascii	"flt\000"
 1127 02e8 01       		.byte	0x1
 1128 02e9 66       		.byte	0x66
 1129 02ea A5000000 		.4byte	0xa5
 1130 02ee 01       		.uleb128 0x1
 1131 02ef 53       		.byte	0x53
 1132 02f0 0B       		.uleb128 0xb
 1133 02f1 72617700 		.ascii	"raw\000"
 1134 02f5 01       		.byte	0x1
 1135 02f6 66       		.byte	0x66
 1136 02f7 A5000000 		.4byte	0xa5
 1137 02fb 13000000 		.4byte	.LLST1
ARM GAS  C:\Users\elias\AppData\Local\Temp\ccbINLWg.s 			page 25


 1138 02ff 13       		.uleb128 0x13
 1139 0300 00030000 		.4byte	.LASF31
 1140 0304 01       		.byte	0x1
 1141 0305 67       		.byte	0x67
 1142 0306 81000000 		.4byte	0x81
 1143 030a 26000000 		.4byte	.LLST2
 1144 030e 0B       		.uleb128 0xb
 1145 030f 727800   		.ascii	"rx\000"
 1146 0312 01       		.byte	0x1
 1147 0313 67       		.byte	0x67
 1148 0314 81000000 		.4byte	0x81
 1149 0318 39000000 		.4byte	.LLST3
 1150 031c 14       		.uleb128 0x14
 1151 031d A0010000 		.4byte	.LBB2
 1152 0321 2E000000 		.4byte	.LBE2-.LBB2
 1153 0325 4C030000 		.4byte	0x34c
 1154 0329 12       		.uleb128 0x12
 1155 032a A6000000 		.4byte	.LASF32
 1156 032e 01       		.byte	0x1
 1157 032f D2       		.byte	0xd2
 1158 0330 A5000000 		.4byte	0xa5
 1159 0334 01       		.uleb128 0x1
 1160 0335 55       		.byte	0x55
 1161 0336 09       		.uleb128 0x9
 1162 0337 CE010000 		.4byte	.LVL63
 1163 033b FE050000 		.4byte	0x5fe
 1164 033f 0A       		.uleb128 0xa
 1165 0340 01       		.uleb128 0x1
 1166 0341 50       		.byte	0x50
 1167 0342 02       		.uleb128 0x2
 1168 0343 7D       		.byte	0x7d
 1169 0344 00       		.sleb128 0
 1170 0345 0A       		.uleb128 0xa
 1171 0346 01       		.uleb128 0x1
 1172 0347 51       		.byte	0x51
 1173 0348 01       		.uleb128 0x1
 1174 0349 35       		.byte	0x35
 1175 034a 00       		.byte	0
 1176 034b 00       		.byte	0
 1177 034c 08       		.uleb128 0x8
 1178 034d 0C000000 		.4byte	.LVL12
 1179 0351 09060000 		.4byte	0x609
 1180 0355 08       		.uleb128 0x8
 1181 0356 10000000 		.4byte	.LVL13
 1182 035a 14060000 		.4byte	0x614
 1183 035e 08       		.uleb128 0x8
 1184 035f 14000000 		.4byte	.LVL14
 1185 0363 1F060000 		.4byte	0x61f
 1186 0367 08       		.uleb128 0x8
 1187 0368 1C000000 		.4byte	.LVL15
 1188 036c 2A060000 		.4byte	0x62a
 1189 0370 08       		.uleb128 0x8
 1190 0371 22000000 		.4byte	.LVL16
 1191 0375 35060000 		.4byte	0x635
 1192 0379 08       		.uleb128 0x8
 1193 037a 26000000 		.4byte	.LVL17
 1194 037e 40060000 		.4byte	0x640
ARM GAS  C:\Users\elias\AppData\Local\Temp\ccbINLWg.s 			page 26


 1195 0382 08       		.uleb128 0x8
 1196 0383 2A000000 		.4byte	.LVL18
 1197 0387 4B060000 		.4byte	0x64b
 1198 038b 08       		.uleb128 0x8
 1199 038c 2E000000 		.4byte	.LVL19
 1200 0390 56060000 		.4byte	0x656
 1201 0394 08       		.uleb128 0x8
 1202 0395 32000000 		.4byte	.LVL20
 1203 0399 61060000 		.4byte	0x661
 1204 039d 08       		.uleb128 0x8
 1205 039e 36000000 		.4byte	.LVL21
 1206 03a2 6C060000 		.4byte	0x66c
 1207 03a6 10       		.uleb128 0x10
 1208 03a7 3C000000 		.4byte	.LVL22
 1209 03ab 77060000 		.4byte	0x677
 1210 03af B9030000 		.4byte	0x3b9
 1211 03b3 0A       		.uleb128 0xa
 1212 03b4 01       		.uleb128 0x1
 1213 03b5 50       		.byte	0x50
 1214 03b6 01       		.uleb128 0x1
 1215 03b7 30       		.byte	0x30
 1216 03b8 00       		.byte	0
 1217 03b9 08       		.uleb128 0x8
 1218 03ba 40000000 		.4byte	.LVL23
 1219 03be 82060000 		.4byte	0x682
 1220 03c2 08       		.uleb128 0x8
 1221 03c3 44000000 		.4byte	.LVL24
 1222 03c7 8D060000 		.4byte	0x68d
 1223 03cb 08       		.uleb128 0x8
 1224 03cc 48000000 		.4byte	.LVL25
 1225 03d0 98060000 		.4byte	0x698
 1226 03d4 08       		.uleb128 0x8
 1227 03d5 4C000000 		.4byte	.LVL26
 1228 03d9 A3060000 		.4byte	0x6a3
 1229 03dd 08       		.uleb128 0x8
 1230 03de 54000000 		.4byte	.LVL27
 1231 03e2 AE060000 		.4byte	0x6ae
 1232 03e6 08       		.uleb128 0x8
 1233 03e7 5A000000 		.4byte	.LVL28
 1234 03eb B9060000 		.4byte	0x6b9
 1235 03ef 08       		.uleb128 0x8
 1236 03f0 5E000000 		.4byte	.LVL29
 1237 03f4 C4060000 		.4byte	0x6c4
 1238 03f8 10       		.uleb128 0x10
 1239 03f9 66000000 		.4byte	.LVL30
 1240 03fd CF060000 		.4byte	0x6cf
 1241 0401 10040000 		.4byte	0x410
 1242 0405 0A       		.uleb128 0xa
 1243 0406 01       		.uleb128 0x1
 1244 0407 50       		.byte	0x50
 1245 0408 01       		.uleb128 0x1
 1246 0409 30       		.byte	0x30
 1247 040a 0A       		.uleb128 0xa
 1248 040b 01       		.uleb128 0x1
 1249 040c 51       		.byte	0x51
 1250 040d 01       		.uleb128 0x1
 1251 040e 30       		.byte	0x30
ARM GAS  C:\Users\elias\AppData\Local\Temp\ccbINLWg.s 			page 27


 1252 040f 00       		.byte	0
 1253 0410 10       		.uleb128 0x10
 1254 0411 6E000000 		.4byte	.LVL31
 1255 0415 DA060000 		.4byte	0x6da
 1256 0419 28040000 		.4byte	0x428
 1257 041d 0A       		.uleb128 0xa
 1258 041e 01       		.uleb128 0x1
 1259 041f 50       		.byte	0x50
 1260 0420 01       		.uleb128 0x1
 1261 0421 31       		.byte	0x31
 1262 0422 0A       		.uleb128 0xa
 1263 0423 01       		.uleb128 0x1
 1264 0424 51       		.byte	0x51
 1265 0425 01       		.uleb128 0x1
 1266 0426 30       		.byte	0x30
 1267 0427 00       		.byte	0
 1268 0428 10       		.uleb128 0x10
 1269 0429 76000000 		.4byte	.LVL32
 1270 042d DA060000 		.4byte	0x6da
 1271 0431 40040000 		.4byte	0x440
 1272 0435 0A       		.uleb128 0xa
 1273 0436 01       		.uleb128 0x1
 1274 0437 50       		.byte	0x50
 1275 0438 01       		.uleb128 0x1
 1276 0439 34       		.byte	0x34
 1277 043a 0A       		.uleb128 0xa
 1278 043b 01       		.uleb128 0x1
 1279 043c 51       		.byte	0x51
 1280 043d 01       		.uleb128 0x1
 1281 043e 30       		.byte	0x30
 1282 043f 00       		.byte	0
 1283 0440 08       		.uleb128 0x8
 1284 0441 7A000000 		.4byte	.LVL33
 1285 0445 E5060000 		.4byte	0x6e5
 1286 0449 08       		.uleb128 0x8
 1287 044a 7E000000 		.4byte	.LVL34
 1288 044e F0060000 		.4byte	0x6f0
 1289 0452 10       		.uleb128 0x10
 1290 0453 84000000 		.4byte	.LVL35
 1291 0457 FB060000 		.4byte	0x6fb
 1292 045b 69040000 		.4byte	0x469
 1293 045f 0A       		.uleb128 0xa
 1294 0460 01       		.uleb128 0x1
 1295 0461 50       		.byte	0x50
 1296 0462 05       		.uleb128 0x5
 1297 0463 03       		.byte	0x3
 1298 0464 00000000 		.4byte	isr_DelSigReady
 1299 0468 00       		.byte	0
 1300 0469 10       		.uleb128 0x10
 1301 046a 8A000000 		.4byte	.LVL36
 1302 046e 06070000 		.4byte	0x706
 1303 0472 80040000 		.4byte	0x480
 1304 0476 0A       		.uleb128 0xa
 1305 0477 01       		.uleb128 0x1
 1306 0478 50       		.byte	0x50
 1307 0479 05       		.uleb128 0x5
 1308 047a 03       		.byte	0x3
ARM GAS  C:\Users\elias\AppData\Local\Temp\ccbINLWg.s 			page 28


 1309 047b 00000000 		.4byte	isr_FilterReady
 1310 047f 00       		.byte	0
 1311 0480 10       		.uleb128 0x10
 1312 0481 90000000 		.4byte	.LVL37
 1313 0485 11070000 		.4byte	0x711
 1314 0489 93040000 		.4byte	0x493
 1315 048d 0A       		.uleb128 0xa
 1316 048e 01       		.uleb128 0x1
 1317 048f 50       		.byte	0x50
 1318 0490 01       		.uleb128 0x1
 1319 0491 3A       		.byte	0x3a
 1320 0492 00       		.byte	0
 1321 0493 08       		.uleb128 0x8
 1322 0494 94000000 		.4byte	.LVL38
 1323 0498 F6010000 		.4byte	0x1f6
 1324 049c 08       		.uleb128 0x8
 1325 049d 9A000000 		.4byte	.LVL39
 1326 04a1 1C070000 		.4byte	0x71c
 1327 04a5 08       		.uleb128 0x8
 1328 04a6 B6000000 		.4byte	.LVL40
 1329 04aa F6010000 		.4byte	0x1f6
 1330 04ae 08       		.uleb128 0x8
 1331 04af F6000000 		.4byte	.LVL43
 1332 04b3 2A060000 		.4byte	0x62a
 1333 04b7 08       		.uleb128 0x8
 1334 04b8 FC000000 		.4byte	.LVL44
 1335 04bc 35060000 		.4byte	0x635
 1336 04c0 08       		.uleb128 0x8
 1337 04c1 00010000 		.4byte	.LVL45
 1338 04c5 F6010000 		.4byte	0x1f6
 1339 04c9 08       		.uleb128 0x8
 1340 04ca 1A010000 		.4byte	.LVL48
 1341 04ce 77060000 		.4byte	0x677
 1342 04d2 08       		.uleb128 0x8
 1343 04d3 26010000 		.4byte	.LVL49
 1344 04d7 3B010000 		.4byte	0x13b
 1345 04db 08       		.uleb128 0x8
 1346 04dc 42010000 		.4byte	.LVL52
 1347 04e0 AE060000 		.4byte	0x6ae
 1348 04e4 08       		.uleb128 0x8
 1349 04e5 48010000 		.4byte	.LVL53
 1350 04e9 B9060000 		.4byte	0x6b9
 1351 04ed 08       		.uleb128 0x8
 1352 04ee 4C010000 		.4byte	.LVL54
 1353 04f2 84010000 		.4byte	0x184
 1354 04f6 08       		.uleb128 0x8
 1355 04f7 50010000 		.4byte	.LVL55
 1356 04fb BD010000 		.4byte	0x1bd
 1357 04ff 08       		.uleb128 0x8
 1358 0500 60010000 		.4byte	.LVL58
 1359 0504 27070000 		.4byte	0x727
 1360 0508 08       		.uleb128 0x8
 1361 0509 72010000 		.4byte	.LVL59
 1362 050d 32070000 		.4byte	0x732
 1363 0511 08       		.uleb128 0x8
 1364 0512 84010000 		.4byte	.LVL61
 1365 0516 3D070000 		.4byte	0x73d
ARM GAS  C:\Users\elias\AppData\Local\Temp\ccbINLWg.s 			page 29


 1366 051a 09       		.uleb128 0x9
 1367 051b 04020000 		.4byte	.LVL64
 1368 051f FE050000 		.4byte	0x5fe
 1369 0523 0A       		.uleb128 0xa
 1370 0524 01       		.uleb128 0x1
 1371 0525 50       		.byte	0x50
 1372 0526 02       		.uleb128 0x2
 1373 0527 7D       		.byte	0x7d
 1374 0528 00       		.sleb128 0
 1375 0529 0A       		.uleb128 0xa
 1376 052a 01       		.uleb128 0x1
 1377 052b 51       		.byte	0x51
 1378 052c 01       		.uleb128 0x1
 1379 052d 35       		.byte	0x35
 1380 052e 00       		.byte	0
 1381 052f 00       		.byte	0
 1382 0530 0E       		.uleb128 0xe
 1383 0531 81000000 		.4byte	0x81
 1384 0535 40050000 		.4byte	0x540
 1385 0539 0F       		.uleb128 0xf
 1386 053a D2000000 		.4byte	0xd2
 1387 053e 01       		.byte	0x1
 1388 053f 00       		.byte	0
 1389 0540 12       		.uleb128 0x12
 1390 0541 E9020000 		.4byte	.LASF33
 1391 0545 01       		.byte	0x1
 1392 0546 1A       		.byte	0x1a
 1393 0547 81000000 		.4byte	0x81
 1394 054b 05       		.uleb128 0x5
 1395 054c 03       		.byte	0x3
 1396 054d 00000000 		.4byte	vdac_p_ref
 1397 0551 12       		.uleb128 0x12
 1398 0552 8D040000 		.4byte	.LASF34
 1399 0556 01       		.byte	0x1
 1400 0557 1B       		.byte	0x1b
 1401 0558 81000000 		.4byte	0x81
 1402 055c 05       		.uleb128 0x5
 1403 055d 03       		.byte	0x3
 1404 055e 01000000 		.4byte	vdac_n_ref
 1405 0562 12       		.uleb128 0x12
 1406 0563 25020000 		.4byte	.LASF35
 1407 0567 01       		.byte	0x1
 1408 0568 1C       		.byte	0x1c
 1409 0569 81000000 		.4byte	0x81
 1410 056d 05       		.uleb128 0x5
 1411 056e 03       		.byte	0x3
 1412 056f 09000000 		.4byte	g_amux_ch
 1413 0573 12       		.uleb128 0x12
 1414 0574 D7000000 		.4byte	.LASF36
 1415 0578 01       		.byte	0x1
 1416 0579 1E       		.byte	0x1e
 1417 057a 84050000 		.4byte	0x584
 1418 057e 05       		.uleb128 0x5
 1419 057f 03       		.byte	0x3
 1420 0580 04000000 		.4byte	g_flt
 1421 0584 06       		.uleb128 0x6
 1422 0585 A5000000 		.4byte	0xa5
ARM GAS  C:\Users\elias\AppData\Local\Temp\ccbINLWg.s 			page 30


 1423 0589 12       		.uleb128 0x12
 1424 058a 47010000 		.4byte	.LASF37
 1425 058e 01       		.byte	0x1
 1426 058f 1F       		.byte	0x1f
 1427 0590 C6000000 		.4byte	0xc6
 1428 0594 05       		.uleb128 0x5
 1429 0595 03       		.byte	0x3
 1430 0596 08000000 		.4byte	g_filter_ready
 1431 059a 0D       		.uleb128 0xd
 1432 059b 647300   		.ascii	"ds\000"
 1433 059e 01       		.byte	0x1
 1434 059f 20       		.byte	0x20
 1435 05a0 84050000 		.4byte	0x584
 1436 05a4 05       		.uleb128 0x5
 1437 05a5 03       		.byte	0x3
 1438 05a6 00000000 		.4byte	ds
 1439 05aa 12       		.uleb128 0x12
 1440 05ab 82040000 		.4byte	.LASF38
 1441 05af 01       		.byte	0x1
 1442 05b0 21       		.byte	0x21
 1443 05b1 C6000000 		.4byte	0xc6
 1444 05b5 05       		.uleb128 0x5
 1445 05b6 03       		.byte	0x3
 1446 05b7 0A000000 		.4byte	g_pga_code
 1447 05bb 12       		.uleb128 0x12
 1448 05bc F1000000 		.4byte	.LASF39
 1449 05c0 01       		.byte	0x1
 1450 05c1 30       		.byte	0x30
 1451 05c2 5A000000 		.4byte	0x5a
 1452 05c6 05       		.uleb128 0x5
 1453 05c7 03       		.byte	0x3
 1454 05c8 18000000 		.4byte	dc_iir
 1455 05cc 15       		.uleb128 0x15
 1456 05cd CE030000 		.4byte	.LASF77
 1457 05d1 16       		.byte	0x16
 1458 05d2 1207     		.2byte	0x712
 1459 05d4 D8050000 		.4byte	0x5d8
 1460 05d8 06       		.uleb128 0x6
 1461 05d9 76000000 		.4byte	0x76
 1462 05dd 16       		.uleb128 0x16
 1463 05de A3010000 		.4byte	.LASF40
 1464 05e2 A3010000 		.4byte	.LASF40
 1465 05e6 05       		.byte	0x5
 1466 05e7 42       		.byte	0x42
 1467 05e8 16       		.uleb128 0x16
 1468 05e9 BF030000 		.4byte	.LASF41
 1469 05ed BF030000 		.4byte	.LASF41
 1470 05f1 06       		.byte	0x6
 1471 05f2 43       		.byte	0x43
 1472 05f3 16       		.uleb128 0x16
 1473 05f4 64010000 		.4byte	.LASF42
 1474 05f8 64010000 		.4byte	.LASF42
 1475 05fc 06       		.byte	0x6
 1476 05fd 40       		.byte	0x40
 1477 05fe 16       		.uleb128 0x16
 1478 05ff 36010000 		.4byte	.LASF43
 1479 0603 36010000 		.4byte	.LASF43
ARM GAS  C:\Users\elias\AppData\Local\Temp\ccbINLWg.s 			page 31


 1480 0607 07       		.byte	0x7
 1481 0608 8C       		.byte	0x8c
 1482 0609 16       		.uleb128 0x16
 1483 060a BD000000 		.4byte	.LASF44
 1484 060e BD000000 		.4byte	.LASF44
 1485 0612 07       		.byte	0x7
 1486 0613 54       		.byte	0x54
 1487 0614 16       		.uleb128 0x16
 1488 0615 B3030000 		.4byte	.LASF45
 1489 0619 B3030000 		.4byte	.LASF45
 1490 061d 08       		.byte	0x8
 1491 061e 3E       		.byte	0x3e
 1492 061f 16       		.uleb128 0x16
 1493 0620 97030000 		.4byte	.LASF46
 1494 0624 97030000 		.4byte	.LASF46
 1495 0628 09       		.byte	0x9
 1496 0629 3E       		.byte	0x3e
 1497 062a 16       		.uleb128 0x16
 1498 062b 8C000000 		.4byte	.LASF47
 1499 062f 8C000000 		.4byte	.LASF47
 1500 0633 08       		.byte	0x8
 1501 0634 41       		.byte	0x41
 1502 0635 16       		.uleb128 0x16
 1503 0636 4D000000 		.4byte	.LASF48
 1504 063a 4D000000 		.4byte	.LASF48
 1505 063e 09       		.byte	0x9
 1506 063f 41       		.byte	0x41
 1507 0640 16       		.uleb128 0x16
 1508 0641 D5020000 		.4byte	.LASF49
 1509 0645 D5020000 		.4byte	.LASF49
 1510 0649 0A       		.byte	0xa
 1511 064a 33       		.byte	0x33
 1512 064b 16       		.uleb128 0x16
 1513 064c 72020000 		.4byte	.LASF50
 1514 0650 72020000 		.4byte	.LASF50
 1515 0654 0B       		.byte	0xb
 1516 0655 33       		.byte	0x33
 1517 0656 16       		.uleb128 0x16
 1518 0657 4D030000 		.4byte	.LASF51
 1519 065b 4D030000 		.4byte	.LASF51
 1520 065f 0C       		.byte	0xc
 1521 0660 3D       		.byte	0x3d
 1522 0661 16       		.uleb128 0x16
 1523 0662 F4020000 		.4byte	.LASF52
 1524 0666 F4020000 		.4byte	.LASF52
 1525 066a 0D       		.byte	0xd
 1526 066b 3D       		.byte	0x3d
 1527 066c 16       		.uleb128 0x16
 1528 066d A6020000 		.4byte	.LASF53
 1529 0671 A6020000 		.4byte	.LASF53
 1530 0675 0E       		.byte	0xe
 1531 0676 25       		.byte	0x25
 1532 0677 16       		.uleb128 0x16
 1533 0678 A3030000 		.4byte	.LASF54
 1534 067c A3030000 		.4byte	.LASF54
 1535 0680 0E       		.byte	0xe
 1536 0681 27       		.byte	0x27
ARM GAS  C:\Users\elias\AppData\Local\Temp\ccbINLWg.s 			page 32


 1537 0682 16       		.uleb128 0x16
 1538 0683 72010000 		.4byte	.LASF55
 1539 0687 72010000 		.4byte	.LASF55
 1540 068b 0F       		.byte	0xf
 1541 068c 33       		.byte	0x33
 1542 068d 16       		.uleb128 0x16
 1543 068e 63030000 		.4byte	.LASF56
 1544 0692 63030000 		.4byte	.LASF56
 1545 0696 10       		.byte	0x10
 1546 0697 33       		.byte	0x33
 1547 0698 16       		.uleb128 0x16
 1548 0699 2F020000 		.4byte	.LASF57
 1549 069d 2F020000 		.4byte	.LASF57
 1550 06a1 11       		.byte	0x11
 1551 06a2 33       		.byte	0x33
 1552 06a3 16       		.uleb128 0x16
 1553 06a4 C8010000 		.4byte	.LASF58
 1554 06a8 C8010000 		.4byte	.LASF58
 1555 06ac 12       		.byte	0x12
 1556 06ad 33       		.byte	0x33
 1557 06ae 16       		.uleb128 0x16
 1558 06af 7C000000 		.4byte	.LASF59
 1559 06b3 7C000000 		.4byte	.LASF59
 1560 06b7 0F       		.byte	0xf
 1561 06b8 37       		.byte	0x37
 1562 06b9 16       		.uleb128 0x16
 1563 06ba 7A030000 		.4byte	.LASF60
 1564 06be 7A030000 		.4byte	.LASF60
 1565 06c2 10       		.byte	0x10
 1566 06c3 37       		.byte	0x37
 1567 06c4 16       		.uleb128 0x16
 1568 06c5 8A030000 		.4byte	.LASF61
 1569 06c9 8A030000 		.4byte	.LASF61
 1570 06cd 06       		.byte	0x6
 1571 06ce 3C       		.byte	0x3c
 1572 06cf 16       		.uleb128 0x16
 1573 06d0 DD000000 		.4byte	.LASF62
 1574 06d4 DD000000 		.4byte	.LASF62
 1575 06d8 06       		.byte	0x6
 1576 06d9 4A       		.byte	0x4a
 1577 06da 16       		.uleb128 0x16
 1578 06db 71040000 		.4byte	.LASF63
 1579 06df 71040000 		.4byte	.LASF63
 1580 06e3 06       		.byte	0x6
 1581 06e4 4C       		.byte	0x4c
 1582 06e5 16       		.uleb128 0x16
 1583 06e6 92010000 		.4byte	.LASF64
 1584 06ea 92010000 		.4byte	.LASF64
 1585 06ee 05       		.byte	0x5
 1586 06ef 3A       		.byte	0x3a
 1587 06f0 16       		.uleb128 0x16
 1588 06f1 18000000 		.4byte	.LASF65
 1589 06f5 18000000 		.4byte	.LASF65
 1590 06f9 05       		.byte	0x5
 1591 06fa 3D       		.byte	0x3d
 1592 06fb 16       		.uleb128 0x16
 1593 06fc 80020000 		.4byte	.LASF66
ARM GAS  C:\Users\elias\AppData\Local\Temp\ccbINLWg.s 			page 33


 1594 0700 80020000 		.4byte	.LASF66
 1595 0704 13       		.byte	0x13
 1596 0705 18       		.byte	0x18
 1597 0706 16       		.uleb128 0x16
 1598 0707 7F010000 		.4byte	.LASF67
 1599 070b 7F010000 		.4byte	.LASF67
 1600 070f 14       		.byte	0x14
 1601 0710 18       		.byte	0x18
 1602 0711 16       		.uleb128 0x16
 1603 0712 69040000 		.4byte	.LASF68
 1604 0716 69040000 		.4byte	.LASF68
 1605 071a 15       		.byte	0x15
 1606 071b 76       		.byte	0x76
 1607 071c 16       		.uleb128 0x16
 1608 071d 33030000 		.4byte	.LASF69
 1609 0721 33030000 		.4byte	.LASF69
 1610 0725 07       		.byte	0x7
 1611 0726 6F       		.byte	0x6f
 1612 0727 16       		.uleb128 0x16
 1613 0728 00000000 		.4byte	.LASF70
 1614 072c 00000000 		.4byte	.LASF70
 1615 0730 07       		.byte	0x7
 1616 0731 73       		.byte	0x73
 1617 0732 16       		.uleb128 0x16
 1618 0733 BE020000 		.4byte	.LASF71
 1619 0737 BE020000 		.4byte	.LASF71
 1620 073b 15       		.byte	0x15
 1621 073c 7D       		.byte	0x7d
 1622 073d 16       		.uleb128 0x16
 1623 073e 37000000 		.4byte	.LASF72
 1624 0742 37000000 		.4byte	.LASF72
 1625 0746 15       		.byte	0x15
 1626 0747 7E       		.byte	0x7e
 1627 0748 00       		.byte	0
 1628              		.section	.debug_abbrev,"",%progbits
 1629              	.Ldebug_abbrev0:
 1630 0000 01       		.uleb128 0x1
 1631 0001 11       		.uleb128 0x11
 1632 0002 01       		.byte	0x1
 1633 0003 25       		.uleb128 0x25
 1634 0004 0E       		.uleb128 0xe
 1635 0005 13       		.uleb128 0x13
 1636 0006 0B       		.uleb128 0xb
 1637 0007 03       		.uleb128 0x3
 1638 0008 0E       		.uleb128 0xe
 1639 0009 1B       		.uleb128 0x1b
 1640 000a 0E       		.uleb128 0xe
 1641 000b 55       		.uleb128 0x55
 1642 000c 17       		.uleb128 0x17
 1643 000d 11       		.uleb128 0x11
 1644 000e 01       		.uleb128 0x1
 1645 000f 10       		.uleb128 0x10
 1646 0010 17       		.uleb128 0x17
 1647 0011 00       		.byte	0
 1648 0012 00       		.byte	0
 1649 0013 02       		.uleb128 0x2
 1650 0014 24       		.uleb128 0x24
ARM GAS  C:\Users\elias\AppData\Local\Temp\ccbINLWg.s 			page 34


 1651 0015 00       		.byte	0
 1652 0016 0B       		.uleb128 0xb
 1653 0017 0B       		.uleb128 0xb
 1654 0018 3E       		.uleb128 0x3e
 1655 0019 0B       		.uleb128 0xb
 1656 001a 03       		.uleb128 0x3
 1657 001b 0E       		.uleb128 0xe
 1658 001c 00       		.byte	0
 1659 001d 00       		.byte	0
 1660 001e 03       		.uleb128 0x3
 1661 001f 16       		.uleb128 0x16
 1662 0020 00       		.byte	0
 1663 0021 03       		.uleb128 0x3
 1664 0022 0E       		.uleb128 0xe
 1665 0023 3A       		.uleb128 0x3a
 1666 0024 0B       		.uleb128 0xb
 1667 0025 3B       		.uleb128 0x3b
 1668 0026 0B       		.uleb128 0xb
 1669 0027 49       		.uleb128 0x49
 1670 0028 13       		.uleb128 0x13
 1671 0029 00       		.byte	0
 1672 002a 00       		.byte	0
 1673 002b 04       		.uleb128 0x4
 1674 002c 24       		.uleb128 0x24
 1675 002d 00       		.byte	0
 1676 002e 0B       		.uleb128 0xb
 1677 002f 0B       		.uleb128 0xb
 1678 0030 3E       		.uleb128 0x3e
 1679 0031 0B       		.uleb128 0xb
 1680 0032 03       		.uleb128 0x3
 1681 0033 08       		.uleb128 0x8
 1682 0034 00       		.byte	0
 1683 0035 00       		.byte	0
 1684 0036 05       		.uleb128 0x5
 1685 0037 16       		.uleb128 0x16
 1686 0038 00       		.byte	0
 1687 0039 03       		.uleb128 0x3
 1688 003a 0E       		.uleb128 0xe
 1689 003b 3A       		.uleb128 0x3a
 1690 003c 0B       		.uleb128 0xb
 1691 003d 3B       		.uleb128 0x3b
 1692 003e 05       		.uleb128 0x5
 1693 003f 49       		.uleb128 0x49
 1694 0040 13       		.uleb128 0x13
 1695 0041 00       		.byte	0
 1696 0042 00       		.byte	0
 1697 0043 06       		.uleb128 0x6
 1698 0044 35       		.uleb128 0x35
 1699 0045 00       		.byte	0
 1700 0046 49       		.uleb128 0x49
 1701 0047 13       		.uleb128 0x13
 1702 0048 00       		.byte	0
 1703 0049 00       		.byte	0
 1704 004a 07       		.uleb128 0x7
 1705 004b 2E       		.uleb128 0x2e
 1706 004c 01       		.byte	0x1
 1707 004d 3F       		.uleb128 0x3f
ARM GAS  C:\Users\elias\AppData\Local\Temp\ccbINLWg.s 			page 35


 1708 004e 19       		.uleb128 0x19
 1709 004f 03       		.uleb128 0x3
 1710 0050 0E       		.uleb128 0xe
 1711 0051 3A       		.uleb128 0x3a
 1712 0052 0B       		.uleb128 0xb
 1713 0053 3B       		.uleb128 0x3b
 1714 0054 0B       		.uleb128 0xb
 1715 0055 27       		.uleb128 0x27
 1716 0056 19       		.uleb128 0x19
 1717 0057 11       		.uleb128 0x11
 1718 0058 01       		.uleb128 0x1
 1719 0059 12       		.uleb128 0x12
 1720 005a 06       		.uleb128 0x6
 1721 005b 40       		.uleb128 0x40
 1722 005c 18       		.uleb128 0x18
 1723 005d 9742     		.uleb128 0x2117
 1724 005f 19       		.uleb128 0x19
 1725 0060 01       		.uleb128 0x1
 1726 0061 13       		.uleb128 0x13
 1727 0062 00       		.byte	0
 1728 0063 00       		.byte	0
 1729 0064 08       		.uleb128 0x8
 1730 0065 898201   		.uleb128 0x4109
 1731 0068 00       		.byte	0
 1732 0069 11       		.uleb128 0x11
 1733 006a 01       		.uleb128 0x1
 1734 006b 31       		.uleb128 0x31
 1735 006c 13       		.uleb128 0x13
 1736 006d 00       		.byte	0
 1737 006e 00       		.byte	0
 1738 006f 09       		.uleb128 0x9
 1739 0070 898201   		.uleb128 0x4109
 1740 0073 01       		.byte	0x1
 1741 0074 11       		.uleb128 0x11
 1742 0075 01       		.uleb128 0x1
 1743 0076 31       		.uleb128 0x31
 1744 0077 13       		.uleb128 0x13
 1745 0078 00       		.byte	0
 1746 0079 00       		.byte	0
 1747 007a 0A       		.uleb128 0xa
 1748 007b 8A8201   		.uleb128 0x410a
 1749 007e 00       		.byte	0
 1750 007f 02       		.uleb128 0x2
 1751 0080 18       		.uleb128 0x18
 1752 0081 9142     		.uleb128 0x2111
 1753 0083 18       		.uleb128 0x18
 1754 0084 00       		.byte	0
 1755 0085 00       		.byte	0
 1756 0086 0B       		.uleb128 0xb
 1757 0087 34       		.uleb128 0x34
 1758 0088 00       		.byte	0
 1759 0089 03       		.uleb128 0x3
 1760 008a 08       		.uleb128 0x8
 1761 008b 3A       		.uleb128 0x3a
 1762 008c 0B       		.uleb128 0xb
 1763 008d 3B       		.uleb128 0x3b
 1764 008e 0B       		.uleb128 0xb
ARM GAS  C:\Users\elias\AppData\Local\Temp\ccbINLWg.s 			page 36


 1765 008f 49       		.uleb128 0x49
 1766 0090 13       		.uleb128 0x13
 1767 0091 02       		.uleb128 0x2
 1768 0092 17       		.uleb128 0x17
 1769 0093 00       		.byte	0
 1770 0094 00       		.byte	0
 1771 0095 0C       		.uleb128 0xc
 1772 0096 2E       		.uleb128 0x2e
 1773 0097 01       		.byte	0x1
 1774 0098 03       		.uleb128 0x3
 1775 0099 0E       		.uleb128 0xe
 1776 009a 3A       		.uleb128 0x3a
 1777 009b 0B       		.uleb128 0xb
 1778 009c 3B       		.uleb128 0x3b
 1779 009d 0B       		.uleb128 0xb
 1780 009e 27       		.uleb128 0x27
 1781 009f 19       		.uleb128 0x19
 1782 00a0 11       		.uleb128 0x11
 1783 00a1 01       		.uleb128 0x1
 1784 00a2 12       		.uleb128 0x12
 1785 00a3 06       		.uleb128 0x6
 1786 00a4 40       		.uleb128 0x40
 1787 00a5 18       		.uleb128 0x18
 1788 00a6 9742     		.uleb128 0x2117
 1789 00a8 19       		.uleb128 0x19
 1790 00a9 01       		.uleb128 0x1
 1791 00aa 13       		.uleb128 0x13
 1792 00ab 00       		.byte	0
 1793 00ac 00       		.byte	0
 1794 00ad 0D       		.uleb128 0xd
 1795 00ae 34       		.uleb128 0x34
 1796 00af 00       		.byte	0
 1797 00b0 03       		.uleb128 0x3
 1798 00b1 08       		.uleb128 0x8
 1799 00b2 3A       		.uleb128 0x3a
 1800 00b3 0B       		.uleb128 0xb
 1801 00b4 3B       		.uleb128 0x3b
 1802 00b5 0B       		.uleb128 0xb
 1803 00b6 49       		.uleb128 0x49
 1804 00b7 13       		.uleb128 0x13
 1805 00b8 02       		.uleb128 0x2
 1806 00b9 18       		.uleb128 0x18
 1807 00ba 00       		.byte	0
 1808 00bb 00       		.byte	0
 1809 00bc 0E       		.uleb128 0xe
 1810 00bd 01       		.uleb128 0x1
 1811 00be 01       		.byte	0x1
 1812 00bf 49       		.uleb128 0x49
 1813 00c0 13       		.uleb128 0x13
 1814 00c1 01       		.uleb128 0x1
 1815 00c2 13       		.uleb128 0x13
 1816 00c3 00       		.byte	0
 1817 00c4 00       		.byte	0
 1818 00c5 0F       		.uleb128 0xf
 1819 00c6 21       		.uleb128 0x21
 1820 00c7 00       		.byte	0
 1821 00c8 49       		.uleb128 0x49
ARM GAS  C:\Users\elias\AppData\Local\Temp\ccbINLWg.s 			page 37


 1822 00c9 13       		.uleb128 0x13
 1823 00ca 2F       		.uleb128 0x2f
 1824 00cb 0B       		.uleb128 0xb
 1825 00cc 00       		.byte	0
 1826 00cd 00       		.byte	0
 1827 00ce 10       		.uleb128 0x10
 1828 00cf 898201   		.uleb128 0x4109
 1829 00d2 01       		.byte	0x1
 1830 00d3 11       		.uleb128 0x11
 1831 00d4 01       		.uleb128 0x1
 1832 00d5 31       		.uleb128 0x31
 1833 00d6 13       		.uleb128 0x13
 1834 00d7 01       		.uleb128 0x1
 1835 00d8 13       		.uleb128 0x13
 1836 00d9 00       		.byte	0
 1837 00da 00       		.byte	0
 1838 00db 11       		.uleb128 0x11
 1839 00dc 2E       		.uleb128 0x2e
 1840 00dd 01       		.byte	0x1
 1841 00de 3F       		.uleb128 0x3f
 1842 00df 19       		.uleb128 0x19
 1843 00e0 03       		.uleb128 0x3
 1844 00e1 0E       		.uleb128 0xe
 1845 00e2 3A       		.uleb128 0x3a
 1846 00e3 0B       		.uleb128 0xb
 1847 00e4 3B       		.uleb128 0x3b
 1848 00e5 0B       		.uleb128 0xb
 1849 00e6 27       		.uleb128 0x27
 1850 00e7 19       		.uleb128 0x19
 1851 00e8 49       		.uleb128 0x49
 1852 00e9 13       		.uleb128 0x13
 1853 00ea 8701     		.uleb128 0x87
 1854 00ec 19       		.uleb128 0x19
 1855 00ed 11       		.uleb128 0x11
 1856 00ee 01       		.uleb128 0x1
 1857 00ef 12       		.uleb128 0x12
 1858 00f0 06       		.uleb128 0x6
 1859 00f1 40       		.uleb128 0x40
 1860 00f2 18       		.uleb128 0x18
 1861 00f3 9742     		.uleb128 0x2117
 1862 00f5 19       		.uleb128 0x19
 1863 00f6 01       		.uleb128 0x1
 1864 00f7 13       		.uleb128 0x13
 1865 00f8 00       		.byte	0
 1866 00f9 00       		.byte	0
 1867 00fa 12       		.uleb128 0x12
 1868 00fb 34       		.uleb128 0x34
 1869 00fc 00       		.byte	0
 1870 00fd 03       		.uleb128 0x3
 1871 00fe 0E       		.uleb128 0xe
 1872 00ff 3A       		.uleb128 0x3a
 1873 0100 0B       		.uleb128 0xb
 1874 0101 3B       		.uleb128 0x3b
 1875 0102 0B       		.uleb128 0xb
 1876 0103 49       		.uleb128 0x49
 1877 0104 13       		.uleb128 0x13
 1878 0105 02       		.uleb128 0x2
ARM GAS  C:\Users\elias\AppData\Local\Temp\ccbINLWg.s 			page 38


 1879 0106 18       		.uleb128 0x18
 1880 0107 00       		.byte	0
 1881 0108 00       		.byte	0
 1882 0109 13       		.uleb128 0x13
 1883 010a 34       		.uleb128 0x34
 1884 010b 00       		.byte	0
 1885 010c 03       		.uleb128 0x3
 1886 010d 0E       		.uleb128 0xe
 1887 010e 3A       		.uleb128 0x3a
 1888 010f 0B       		.uleb128 0xb
 1889 0110 3B       		.uleb128 0x3b
 1890 0111 0B       		.uleb128 0xb
 1891 0112 49       		.uleb128 0x49
 1892 0113 13       		.uleb128 0x13
 1893 0114 02       		.uleb128 0x2
 1894 0115 17       		.uleb128 0x17
 1895 0116 00       		.byte	0
 1896 0117 00       		.byte	0
 1897 0118 14       		.uleb128 0x14
 1898 0119 0B       		.uleb128 0xb
 1899 011a 01       		.byte	0x1
 1900 011b 11       		.uleb128 0x11
 1901 011c 01       		.uleb128 0x1
 1902 011d 12       		.uleb128 0x12
 1903 011e 06       		.uleb128 0x6
 1904 011f 01       		.uleb128 0x1
 1905 0120 13       		.uleb128 0x13
 1906 0121 00       		.byte	0
 1907 0122 00       		.byte	0
 1908 0123 15       		.uleb128 0x15
 1909 0124 34       		.uleb128 0x34
 1910 0125 00       		.byte	0
 1911 0126 03       		.uleb128 0x3
 1912 0127 0E       		.uleb128 0xe
 1913 0128 3A       		.uleb128 0x3a
 1914 0129 0B       		.uleb128 0xb
 1915 012a 3B       		.uleb128 0x3b
 1916 012b 05       		.uleb128 0x5
 1917 012c 49       		.uleb128 0x49
 1918 012d 13       		.uleb128 0x13
 1919 012e 3F       		.uleb128 0x3f
 1920 012f 19       		.uleb128 0x19
 1921 0130 3C       		.uleb128 0x3c
 1922 0131 19       		.uleb128 0x19
 1923 0132 00       		.byte	0
 1924 0133 00       		.byte	0
 1925 0134 16       		.uleb128 0x16
 1926 0135 2E       		.uleb128 0x2e
 1927 0136 00       		.byte	0
 1928 0137 3F       		.uleb128 0x3f
 1929 0138 19       		.uleb128 0x19
 1930 0139 3C       		.uleb128 0x3c
 1931 013a 19       		.uleb128 0x19
 1932 013b 6E       		.uleb128 0x6e
 1933 013c 0E       		.uleb128 0xe
 1934 013d 03       		.uleb128 0x3
 1935 013e 0E       		.uleb128 0xe
ARM GAS  C:\Users\elias\AppData\Local\Temp\ccbINLWg.s 			page 39


 1936 013f 3A       		.uleb128 0x3a
 1937 0140 0B       		.uleb128 0xb
 1938 0141 3B       		.uleb128 0x3b
 1939 0142 0B       		.uleb128 0xb
 1940 0143 00       		.byte	0
 1941 0144 00       		.byte	0
 1942 0145 00       		.byte	0
 1943              		.section	.debug_loc,"",%progbits
 1944              	.Ldebug_loc0:
 1945              	.LLST0:
 1946 0000 08000000 		.4byte	.LVL2
 1947 0004 12000000 		.4byte	.LVL3
 1948 0008 0100     		.2byte	0x1
 1949 000a 50       		.byte	0x50
 1950 000b 00000000 		.4byte	0
 1951 000f 00000000 		.4byte	0
 1952              	.LLST1:
 1953 0013 78010000 		.4byte	.LVL60
 1954 0017 A8010000 		.4byte	.LVL62
 1955 001b 0100     		.2byte	0x1
 1956 001d 55       		.byte	0x55
 1957 001e 00000000 		.4byte	0
 1958 0022 00000000 		.4byte	0
 1959              	.LLST2:
 1960 0026 72010000 		.4byte	.LVL59
 1961 002a 83010000 		.4byte	.LVL61-1
 1962 002e 0100     		.2byte	0x1
 1963 0030 50       		.byte	0x50
 1964 0031 00000000 		.4byte	0
 1965 0035 00000000 		.4byte	0
 1966              	.LLST3:
 1967 0039 9A000000 		.4byte	.LVL39
 1968 003d B5000000 		.4byte	.LVL40-1
 1969 0041 0100     		.2byte	0x1
 1970 0043 50       		.byte	0x50
 1971 0044 B8000000 		.4byte	.LVL41
 1972 0048 EA000000 		.4byte	.LVL42
 1973 004c 0100     		.2byte	0x1
 1974 004e 50       		.byte	0x50
 1975 004f EA000000 		.4byte	.LVL42
 1976 0053 F5000000 		.4byte	.LVL43-1
 1977 0057 0200     		.2byte	0x2
 1978 0059 71       		.byte	0x71
 1979 005a 10       		.sleb128 16
 1980 005b 08010000 		.4byte	.LVL46
 1981 005f 0E010000 		.4byte	.LVL47
 1982 0063 0100     		.2byte	0x1
 1983 0065 50       		.byte	0x50
 1984 0066 0E010000 		.4byte	.LVL47
 1985 006a 19010000 		.4byte	.LVL48-1
 1986 006e 0200     		.2byte	0x2
 1987 0070 71       		.byte	0x71
 1988 0071 10       		.sleb128 16
 1989 0072 2E010000 		.4byte	.LVL50
 1990 0076 36010000 		.4byte	.LVL51
 1991 007a 0100     		.2byte	0x1
 1992 007c 50       		.byte	0x50
ARM GAS  C:\Users\elias\AppData\Local\Temp\ccbINLWg.s 			page 40


 1993 007d 36010000 		.4byte	.LVL51
 1994 0081 41010000 		.4byte	.LVL52-1
 1995 0085 0200     		.2byte	0x2
 1996 0087 71       		.byte	0x71
 1997 0088 10       		.sleb128 16
 1998 0089 56010000 		.4byte	.LVL56
 1999 008d 5C010000 		.4byte	.LVL57
 2000 0091 0100     		.2byte	0x1
 2001 0093 50       		.byte	0x50
 2002 0094 00000000 		.4byte	0
 2003 0098 00000000 		.4byte	0
 2004              		.section	.debug_aranges,"",%progbits
 2005 0000 4C000000 		.4byte	0x4c
 2006 0004 0200     		.2byte	0x2
 2007 0006 00000000 		.4byte	.Ldebug_info0
 2008 000a 04       		.byte	0x4
 2009 000b 00       		.byte	0
 2010 000c 0000     		.2byte	0
 2011 000e 0000     		.2byte	0
 2012 0010 00000000 		.4byte	.LFB63
 2013 0014 18000000 		.4byte	.LFE63-.LFB63
 2014 0018 00000000 		.4byte	.LFB64
 2015 001c 20000000 		.4byte	.LFE64-.LFB64
 2016 0020 00000000 		.4byte	.LFB66
 2017 0024 34000000 		.4byte	.LFE66-.LFB66
 2018 0028 00000000 		.4byte	.LFB65
 2019 002c 38000000 		.4byte	.LFE65-.LFB65
 2020 0030 00000000 		.4byte	.LFB67
 2021 0034 38000000 		.4byte	.LFE67-.LFB67
 2022 0038 00000000 		.4byte	.LFB68
 2023 003c 60000000 		.4byte	.LFE68-.LFB68
 2024 0040 00000000 		.4byte	.LFB69
 2025 0044 18020000 		.4byte	.LFE69-.LFB69
 2026 0048 00000000 		.4byte	0
 2027 004c 00000000 		.4byte	0
 2028              		.section	.debug_ranges,"",%progbits
 2029              	.Ldebug_ranges0:
 2030 0000 00000000 		.4byte	.LFB63
 2031 0004 18000000 		.4byte	.LFE63
 2032 0008 00000000 		.4byte	.LFB64
 2033 000c 20000000 		.4byte	.LFE64
 2034 0010 00000000 		.4byte	.LFB66
 2035 0014 34000000 		.4byte	.LFE66
 2036 0018 00000000 		.4byte	.LFB65
 2037 001c 38000000 		.4byte	.LFE65
 2038 0020 00000000 		.4byte	.LFB67
 2039 0024 38000000 		.4byte	.LFE67
 2040 0028 00000000 		.4byte	.LFB68
 2041 002c 60000000 		.4byte	.LFE68
 2042 0030 00000000 		.4byte	.LFB69
 2043 0034 18020000 		.4byte	.LFE69
 2044 0038 00000000 		.4byte	0
 2045 003c 00000000 		.4byte	0
 2046              		.section	.debug_line,"",%progbits
 2047              	.Ldebug_line0:
 2048 0000 09030000 		.section	.debug_str,"MS",%progbits,1
 2048      02001E02 
ARM GAS  C:\Users\elias\AppData\Local\Temp\ccbINLWg.s 			page 41


 2048      00000201 
 2048      FB0E0D00 
 2048      01010101 
 2049              	.LASF70:
 2050 0000 55415254 		.ascii	"UART_PC_GetRxBufferSize\000"
 2050      5F50435F 
 2050      47657452 
 2050      78427566 
 2050      66657253 
 2051              	.LASF65:
 2052 0018 4144435F 		.ascii	"ADC_DelSig_StartConvert\000"
 2052      44656C53 
 2052      69675F53 
 2052      74617274 
 2052      436F6E76 
 2053              	.LASF30:
 2054 0030 72785F62 		.ascii	"rx_buf\000"
 2054      756600
 2055              	.LASF72:
 2056 0037 43794578 		.ascii	"CyExitCriticalSection\000"
 2056      69744372 
 2056      69746963 
 2056      616C5365 
 2056      6374696F 
 2057              	.LASF48:
 2058 004d 5047415F 		.ascii	"PGA_n_SetGain\000"
 2058      6E5F5365 
 2058      74476169 
 2058      6E00
 2059              	.LASF2:
 2060 005b 73686F72 		.ascii	"short int\000"
 2060      7420696E 
 2060      7400
 2061              	.LASF19:
 2062 0065 73697A65 		.ascii	"sizetype\000"
 2062      74797065 
 2062      00
 2063              	.LASF24:
 2064 006e 73656E64 		.ascii	"send_vref_cfg\000"
 2064      5F767265 
 2064      665F6366 
 2064      6700
 2065              	.LASF59:
 2066 007c 56444143 		.ascii	"VDAC_p_SetValue\000"
 2066      5F705F53 
 2066      65745661 
 2066      6C756500 
 2067              	.LASF47:
 2068 008c 5047415F 		.ascii	"PGA_p_SetGain\000"
 2068      705F5365 
 2068      74476169 
 2068      6E00
 2069              	.LASF18:
 2070 009a 6C6F6E67 		.ascii	"long double\000"
 2070      20646F75 
 2070      626C6500 
 2071              	.LASF32:
ARM GAS  C:\Users\elias\AppData\Local\Temp\ccbINLWg.s 			page 42


 2072 00a6 7261775F 		.ascii	"raw_ac\000"
 2072      616300
 2073              	.LASF26:
 2074 00ad 68625F63 		.ascii	"hb_count\000"
 2074      6F756E74 
 2074      00
 2075              	.LASF12:
 2076 00b6 75696E74 		.ascii	"uint16\000"
 2076      313600
 2077              	.LASF44:
 2078 00bd 55415254 		.ascii	"UART_PC_Start\000"
 2078      5F50435F 
 2078      53746172 
 2078      7400
 2079              	.LASF25:
 2080 00cb 73656E64 		.ascii	"send_config\000"
 2080      5F636F6E 
 2080      66696700 
 2081              	.LASF36:
 2082 00d7 675F666C 		.ascii	"g_flt\000"
 2082      7400
 2083              	.LASF62:
 2084 00dd 46696C74 		.ascii	"Filter_SetCoherency\000"
 2084      65725F53 
 2084      6574436F 
 2084      68657265 
 2084      6E637900 
 2085              	.LASF39:
 2086 00f1 64635F69 		.ascii	"dc_iir\000"
 2086      697200
 2087              	.LASF15:
 2088 00f8 666C6F61 		.ascii	"float\000"
 2088      7400
 2089              	.LASF21:
 2090 00fe 6973725F 		.ascii	"isr_FilterReady\000"
 2090      46696C74 
 2090      65725265 
 2090      61647900 
 2091              	.LASF22:
 2092 010e 73656E64 		.ascii	"send_amux_status\000"
 2092      5F616D75 
 2092      785F7374 
 2092      61747573 
 2092      00
 2093              	.LASF6:
 2094 011f 6C6F6E67 		.ascii	"long long int\000"
 2094      206C6F6E 
 2094      6720696E 
 2094      7400
 2095              	.LASF27:
 2096 012d 72785F73 		.ascii	"rx_state\000"
 2096      74617465 
 2096      00
 2097              	.LASF43:
 2098 0136 55415254 		.ascii	"UART_PC_PutArray\000"
 2098      5F50435F 
 2098      50757441 
ARM GAS  C:\Users\elias\AppData\Local\Temp\ccbINLWg.s 			page 43


 2098      72726179 
 2098      00
 2099              	.LASF37:
 2100 0147 675F6669 		.ascii	"g_filter_ready\000"
 2100      6C746572 
 2100      5F726561 
 2100      647900
 2101              	.LASF17:
 2102 0156 63686172 		.ascii	"char\000"
 2102      00
 2103              	.LASF4:
 2104 015b 6C6F6E67 		.ascii	"long int\000"
 2104      20696E74 
 2104      00
 2105              	.LASF42:
 2106 0164 46696C74 		.ascii	"Filter_Read24\000"
 2106      65725F52 
 2106      65616432 
 2106      3400
 2107              	.LASF55:
 2108 0172 56444143 		.ascii	"VDAC_p_Start\000"
 2108      5F705F53 
 2108      74617274 
 2108      00
 2109              	.LASF67:
 2110 017f 6973725F 		.ascii	"isr_Filter_StartEx\000"
 2110      46696C74 
 2110      65725F53 
 2110      74617274 
 2110      457800
 2111              	.LASF64:
 2112 0192 4144435F 		.ascii	"ADC_DelSig_Start\000"
 2112      44656C53 
 2112      69675F53 
 2112      74617274 
 2112      00
 2113              	.LASF40:
 2114 01a3 4144435F 		.ascii	"ADC_DelSig_GetResult32\000"
 2114      44656C53 
 2114      69675F47 
 2114      65745265 
 2114      73756C74 
 2115              	.LASF1:
 2116 01ba 756E7369 		.ascii	"unsigned char\000"
 2116      676E6564 
 2116      20636861 
 2116      7200
 2117              	.LASF58:
 2118 01c8 4F70615F 		.ascii	"Opa_n_Start\000"
 2118      6E5F5374 
 2118      61727400 
 2119              	.LASF20:
 2120 01d4 6973725F 		.ascii	"isr_DelSigReady\000"
 2120      44656C53 
 2120      69675265 
 2120      61647900 
 2121              	.LASF0:
ARM GAS  C:\Users\elias\AppData\Local\Temp\ccbINLWg.s 			page 44


 2122 01e4 7369676E 		.ascii	"signed char\000"
 2122      65642063 
 2122      68617200 
 2123              	.LASF7:
 2124 01f0 6C6F6E67 		.ascii	"long long unsigned int\000"
 2124      206C6F6E 
 2124      6720756E 
 2124      7369676E 
 2124      65642069 
 2125              	.LASF23:
 2126 0207 73656E64 		.ascii	"send_vref_status\000"
 2126      5F767265 
 2126      665F7374 
 2126      61747573 
 2126      00
 2127              	.LASF8:
 2128 0218 756E7369 		.ascii	"unsigned int\000"
 2128      676E6564 
 2128      20696E74 
 2128      00
 2129              	.LASF35:
 2130 0225 675F616D 		.ascii	"g_amux_ch\000"
 2130      75785F63 
 2130      6800
 2131              	.LASF57:
 2132 022f 4F70615F 		.ascii	"Opa_p_Start\000"
 2132      705F5374 
 2132      61727400 
 2133              	.LASF75:
 2134 023b 433A5C47 		.ascii	"C:\\Github\\Tesis\\src\\psoc\\DiferencialConRrefsYM"
 2134      69746875 
 2134      625C5465 
 2134      7369735C 
 2134      7372635C 
 2135 0269 75782E63 		.ascii	"ux.cydsn\000"
 2135      7964736E 
 2135      00
 2136              	.LASF50:
 2137 0272 4F706142 		.ascii	"OpaBP_n_Start\000"
 2137      505F6E5F 
 2137      53746172 
 2137      7400
 2138              	.LASF66:
 2139 0280 6973725F 		.ascii	"isr_DelSig_StartEx\000"
 2139      44656C53 
 2139      69675F53 
 2139      74617274 
 2139      457800
 2140              	.LASF3:
 2141 0293 73686F72 		.ascii	"short unsigned int\000"
 2141      7420756E 
 2141      7369676E 
 2141      65642069 
 2141      6E7400
 2142              	.LASF53:
 2143 02a6 414D7578 		.ascii	"AMux_Start\000"
 2143      5F537461 
ARM GAS  C:\Users\elias\AppData\Local\Temp\ccbINLWg.s 			page 45


 2143      727400
 2144              	.LASF76:
 2145 02b1 6D61696E 		.ascii	"main\000"
 2145      00
 2146              	.LASF10:
 2147 02b6 696E7433 		.ascii	"int32_t\000"
 2147      325F7400 
 2148              	.LASF71:
 2149 02be 4379456E 		.ascii	"CyEnterCriticalSection\000"
 2149      74657243 
 2149      72697469 
 2149      63616C53 
 2149      65637469 
 2150              	.LASF49:
 2151 02d5 4F706142 		.ascii	"OpaBP_p_Start\000"
 2151      505F705F 
 2151      53746172 
 2151      7400
 2152              	.LASF11:
 2153 02e3 75696E74 		.ascii	"uint8\000"
 2153      3800
 2154              	.LASF33:
 2155 02e9 76646163 		.ascii	"vdac_p_ref\000"
 2155      5F705F72 
 2155      656600
 2156              	.LASF52:
 2157 02f4 5449415F 		.ascii	"TIA_n_Start\000"
 2157      6E5F5374 
 2157      61727400 
 2158              	.LASF31:
 2159 0300 73617665 		.ascii	"saved\000"
 2159      6400
 2160              	.LASF13:
 2161 0306 75696E74 		.ascii	"uint32\000"
 2161      333200
 2162              	.LASF74:
 2163 030d 6D61696E 		.ascii	"main.c\000"
 2163      2E6300
 2164              	.LASF5:
 2165 0314 6C6F6E67 		.ascii	"long unsigned int\000"
 2165      20756E73 
 2165      69676E65 
 2165      6420696E 
 2165      7400
 2166              	.LASF14:
 2167 0326 696E7433 		.ascii	"int32\000"
 2167      3200
 2168              	.LASF16:
 2169 032c 646F7562 		.ascii	"double\000"
 2169      6C6500
 2170              	.LASF69:
 2171 0333 55415254 		.ascii	"UART_PC_ReadRxData\000"
 2171      5F50435F 
 2171      52656164 
 2171      52784461 
 2171      746100
 2172              	.LASF28:
ARM GAS  C:\Users\elias\AppData\Local\Temp\ccbINLWg.s 			page 46


 2173 0346 72785F63 		.ascii	"rx_cmd\000"
 2173      6D6400
 2174              	.LASF51:
 2175 034d 5449415F 		.ascii	"TIA_p_Start\000"
 2175      705F5374 
 2175      61727400 
 2176              	.LASF29:
 2177 0359 72785F62 		.ascii	"rx_bcount\000"
 2177      636F756E 
 2177      7400
 2178              	.LASF56:
 2179 0363 56444143 		.ascii	"VDAC_n_Start\000"
 2179      5F6E5F53 
 2179      74617274 
 2179      00
 2180              	.LASF9:
 2181 0370 5F5F696E 		.ascii	"__int32_t\000"
 2181      7433325F 
 2181      7400
 2182              	.LASF60:
 2183 037a 56444143 		.ascii	"VDAC_n_SetValue\000"
 2183      5F6E5F53 
 2183      65745661 
 2183      6C756500 
 2184              	.LASF61:
 2185 038a 46696C74 		.ascii	"Filter_Start\000"
 2185      65725F53 
 2185      74617274 
 2185      00
 2186              	.LASF46:
 2187 0397 5047415F 		.ascii	"PGA_n_Start\000"
 2187      6E5F5374 
 2187      61727400 
 2188              	.LASF54:
 2189 03a3 414D7578 		.ascii	"AMux_FastSelect\000"
 2189      5F466173 
 2189      7453656C 
 2189      65637400 
 2190              	.LASF45:
 2191 03b3 5047415F 		.ascii	"PGA_p_Start\000"
 2191      705F5374 
 2191      61727400 
 2192              	.LASF41:
 2193 03bf 46696C74 		.ascii	"Filter_Write24\000"
 2193      65725F57 
 2193      72697465 
 2193      323400
 2194              	.LASF77:
 2195 03ce 49544D5F 		.ascii	"ITM_RxBuffer\000"
 2195      52784275 
 2195      66666572 
 2195      00
 2196              	.LASF73:
 2197 03db 474E5520 		.ascii	"GNU C11 5.4.1 20160609 (release) [ARM/embedded-5-br"
 2197      43313120 
 2197      352E342E 
 2197      31203230 
ARM GAS  C:\Users\elias\AppData\Local\Temp\ccbINLWg.s 			page 47


 2197      31363036 
 2198 040e 616E6368 		.ascii	"anch revision 237715] -mcpu=cortex-m3 -mthumb -g -O"
 2198      20726576 
 2198      6973696F 
 2198      6E203233 
 2198      37373135 
 2199 0441 67202D66 		.ascii	"g -ffunction-sections -ffat-lto-objects\000"
 2199      66756E63 
 2199      74696F6E 
 2199      2D736563 
 2199      74696F6E 
 2200              	.LASF68:
 2201 0469 43794465 		.ascii	"CyDelay\000"
 2201      6C617900 
 2202              	.LASF63:
 2203 0471 46696C74 		.ascii	"Filter_SetDalign\000"
 2203      65725F53 
 2203      65744461 
 2203      6C69676E 
 2203      00
 2204              	.LASF38:
 2205 0482 675F7067 		.ascii	"g_pga_code\000"
 2205      615F636F 
 2205      646500
 2206              	.LASF34:
 2207 048d 76646163 		.ascii	"vdac_n_ref\000"
 2207      5F6E5F72 
 2207      656600
 2208              		.ident	"GCC: (GNU Tools for ARM Embedded Processors) 5.4.1 20160609 (release) [ARM/embedded-5-bran
