ARM GAS  C:\Users\elias\AppData\Local\Temp\ccJiBcvT.s 			page 1


   1              		.syntax unified
   2              		.cpu cortex-m3
   3              		.fpu softvfp
   4              		.eabi_attribute 20, 1
   5              		.eabi_attribute 21, 1
   6              		.eabi_attribute 23, 3
   7              		.eabi_attribute 24, 1
   8              		.eabi_attribute 25, 1
   9              		.eabi_attribute 26, 1
  10              		.eabi_attribute 30, 1
  11              		.eabi_attribute 34, 1
  12              		.eabi_attribute 18, 4
  13              		.thumb
  14              		.syntax unified
  15              		.file	"cyfitter_cfg.c"
  16              		.text
  17              	.Ltext0:
  18              		.cfi_sections	.debug_frame
  19              		.section	.text.CyClockStartupError,"ax",%progbits
  20              		.align	2
  21              		.thumb
  22              		.thumb_func
  23              		.type	CyClockStartupError, %function
  24              	CyClockStartupError:
  25              	.LFB3:
  26              		.file 1 "Generated_Source\\PSoC5\\cyfitter_cfg.c"
   1:Generated_Source\PSoC5/cyfitter_cfg.c **** 
   2:Generated_Source\PSoC5/cyfitter_cfg.c **** /*******************************************************************************
   3:Generated_Source\PSoC5/cyfitter_cfg.c **** * File Name: cyfitter_cfg.c
   4:Generated_Source\PSoC5/cyfitter_cfg.c **** * 
   5:Generated_Source\PSoC5/cyfitter_cfg.c **** * PSoC Creator  4.4
   6:Generated_Source\PSoC5/cyfitter_cfg.c **** *
   7:Generated_Source\PSoC5/cyfitter_cfg.c **** * Description:
   8:Generated_Source\PSoC5/cyfitter_cfg.c **** * This file contains device initialization code.
   9:Generated_Source\PSoC5/cyfitter_cfg.c **** * Except for the user defined sections in CyClockStartupError(), this file should not be modified.
  10:Generated_Source\PSoC5/cyfitter_cfg.c **** * This file is automatically generated by PSoC Creator.
  11:Generated_Source\PSoC5/cyfitter_cfg.c **** *
  12:Generated_Source\PSoC5/cyfitter_cfg.c **** ********************************************************************************
  13:Generated_Source\PSoC5/cyfitter_cfg.c **** * Copyright (c) 2007-2020 Cypress Semiconductor.  All rights reserved.
  14:Generated_Source\PSoC5/cyfitter_cfg.c **** * You may use this file only in accordance with the license, terms, conditions, 
  15:Generated_Source\PSoC5/cyfitter_cfg.c **** * disclaimers, and limitations in the end user license agreement accompanying 
  16:Generated_Source\PSoC5/cyfitter_cfg.c **** * the software package with which this file was provided.
  17:Generated_Source\PSoC5/cyfitter_cfg.c **** ********************************************************************************/
  18:Generated_Source\PSoC5/cyfitter_cfg.c **** 
  19:Generated_Source\PSoC5/cyfitter_cfg.c **** #include <string.h>
  20:Generated_Source\PSoC5/cyfitter_cfg.c **** #include "cytypes.h"
  21:Generated_Source\PSoC5/cyfitter_cfg.c **** #include "cydevice_trm.h"
  22:Generated_Source\PSoC5/cyfitter_cfg.c **** #include "cyfitter.h"
  23:Generated_Source\PSoC5/cyfitter_cfg.c **** #include "CyLib.h"
  24:Generated_Source\PSoC5/cyfitter_cfg.c **** #include "cyfitter_cfg.h"
  25:Generated_Source\PSoC5/cyfitter_cfg.c **** #include "cyapicallbacks.h"
  26:Generated_Source\PSoC5/cyfitter_cfg.c **** 
  27:Generated_Source\PSoC5/cyfitter_cfg.c **** #define CY_NEED_CYCLOCKSTARTUPERROR 1
  28:Generated_Source\PSoC5/cyfitter_cfg.c **** 
  29:Generated_Source\PSoC5/cyfitter_cfg.c **** 
  30:Generated_Source\PSoC5/cyfitter_cfg.c **** #if defined(__GNUC__) || defined(__ARMCC_VERSION)
  31:Generated_Source\PSoC5/cyfitter_cfg.c ****     #define CYPACKED 
ARM GAS  C:\Users\elias\AppData\Local\Temp\ccJiBcvT.s 			page 2


  32:Generated_Source\PSoC5/cyfitter_cfg.c ****     #define CYPACKED_ATTR __attribute__ ((packed))
  33:Generated_Source\PSoC5/cyfitter_cfg.c ****     #define CYALIGNED __attribute__ ((aligned))
  34:Generated_Source\PSoC5/cyfitter_cfg.c ****     #define CY_CFG_UNUSED __attribute__ ((unused))
  35:Generated_Source\PSoC5/cyfitter_cfg.c ****     #ifndef CY_CFG_SECTION
  36:Generated_Source\PSoC5/cyfitter_cfg.c ****         #define CY_CFG_SECTION __attribute__ ((section(".psocinit")))
  37:Generated_Source\PSoC5/cyfitter_cfg.c ****     #endif
  38:Generated_Source\PSoC5/cyfitter_cfg.c ****     
  39:Generated_Source\PSoC5/cyfitter_cfg.c ****     #if defined(__ARMCC_VERSION)
  40:Generated_Source\PSoC5/cyfitter_cfg.c ****         #define CY_CFG_MEMORY_BARRIER() __memory_changed()
  41:Generated_Source\PSoC5/cyfitter_cfg.c ****     #else
  42:Generated_Source\PSoC5/cyfitter_cfg.c ****         #define CY_CFG_MEMORY_BARRIER() __sync_synchronize()
  43:Generated_Source\PSoC5/cyfitter_cfg.c ****     #endif
  44:Generated_Source\PSoC5/cyfitter_cfg.c ****     
  45:Generated_Source\PSoC5/cyfitter_cfg.c **** #elif defined(__ICCARM__)
  46:Generated_Source\PSoC5/cyfitter_cfg.c ****     #include <intrinsics.h>
  47:Generated_Source\PSoC5/cyfitter_cfg.c **** 
  48:Generated_Source\PSoC5/cyfitter_cfg.c ****     #define CYPACKED __packed
  49:Generated_Source\PSoC5/cyfitter_cfg.c ****     #define CYPACKED_ATTR 
  50:Generated_Source\PSoC5/cyfitter_cfg.c ****     #define CYALIGNED _Pragma("data_alignment=4")
  51:Generated_Source\PSoC5/cyfitter_cfg.c ****     #define CY_CFG_UNUSED _Pragma("diag_suppress=Pe177")
  52:Generated_Source\PSoC5/cyfitter_cfg.c ****     #define CY_CFG_SECTION _Pragma("location=\".psocinit\"")
  53:Generated_Source\PSoC5/cyfitter_cfg.c ****     
  54:Generated_Source\PSoC5/cyfitter_cfg.c ****     #define CY_CFG_MEMORY_BARRIER() __DMB()
  55:Generated_Source\PSoC5/cyfitter_cfg.c ****     
  56:Generated_Source\PSoC5/cyfitter_cfg.c **** #else
  57:Generated_Source\PSoC5/cyfitter_cfg.c ****     #error Unsupported toolchain
  58:Generated_Source\PSoC5/cyfitter_cfg.c **** #endif
  59:Generated_Source\PSoC5/cyfitter_cfg.c **** 
  60:Generated_Source\PSoC5/cyfitter_cfg.c **** #ifndef CYCODE
  61:Generated_Source\PSoC5/cyfitter_cfg.c ****     #define CYCODE
  62:Generated_Source\PSoC5/cyfitter_cfg.c **** #endif
  63:Generated_Source\PSoC5/cyfitter_cfg.c **** #ifndef CYDATA
  64:Generated_Source\PSoC5/cyfitter_cfg.c ****     #define CYDATA
  65:Generated_Source\PSoC5/cyfitter_cfg.c **** #endif
  66:Generated_Source\PSoC5/cyfitter_cfg.c **** #ifndef CYFAR
  67:Generated_Source\PSoC5/cyfitter_cfg.c ****     #define CYFAR
  68:Generated_Source\PSoC5/cyfitter_cfg.c **** #endif
  69:Generated_Source\PSoC5/cyfitter_cfg.c **** #ifndef CYXDATA
  70:Generated_Source\PSoC5/cyfitter_cfg.c ****     #define CYXDATA
  71:Generated_Source\PSoC5/cyfitter_cfg.c **** #endif
  72:Generated_Source\PSoC5/cyfitter_cfg.c **** 
  73:Generated_Source\PSoC5/cyfitter_cfg.c **** 
  74:Generated_Source\PSoC5/cyfitter_cfg.c **** CY_CFG_UNUSED
  75:Generated_Source\PSoC5/cyfitter_cfg.c **** static void CYMEMZERO(void *s, size_t n);
  76:Generated_Source\PSoC5/cyfitter_cfg.c **** CY_CFG_UNUSED
  77:Generated_Source\PSoC5/cyfitter_cfg.c **** static void CYMEMZERO(void *s, size_t n)
  78:Generated_Source\PSoC5/cyfitter_cfg.c **** {
  79:Generated_Source\PSoC5/cyfitter_cfg.c **** 	(void)memset(s, 0, n);
  80:Generated_Source\PSoC5/cyfitter_cfg.c **** }
  81:Generated_Source\PSoC5/cyfitter_cfg.c **** CY_CFG_UNUSED
  82:Generated_Source\PSoC5/cyfitter_cfg.c **** static void CYCONFIGCPY(void *dest, const void *src, size_t n);
  83:Generated_Source\PSoC5/cyfitter_cfg.c **** CY_CFG_UNUSED
  84:Generated_Source\PSoC5/cyfitter_cfg.c **** static void CYCONFIGCPY(void *dest, const void *src, size_t n)
  85:Generated_Source\PSoC5/cyfitter_cfg.c **** {
  86:Generated_Source\PSoC5/cyfitter_cfg.c **** 	(void)memcpy(dest, src, n);
  87:Generated_Source\PSoC5/cyfitter_cfg.c **** }
  88:Generated_Source\PSoC5/cyfitter_cfg.c **** CY_CFG_UNUSED
ARM GAS  C:\Users\elias\AppData\Local\Temp\ccJiBcvT.s 			page 3


  89:Generated_Source\PSoC5/cyfitter_cfg.c **** static void CYCONFIGCPYCODE(void *dest, const void *src, size_t n);
  90:Generated_Source\PSoC5/cyfitter_cfg.c **** CY_CFG_UNUSED
  91:Generated_Source\PSoC5/cyfitter_cfg.c **** static void CYCONFIGCPYCODE(void *dest, const void *src, size_t n)
  92:Generated_Source\PSoC5/cyfitter_cfg.c **** {
  93:Generated_Source\PSoC5/cyfitter_cfg.c **** 	(void)memcpy(dest, src, n);
  94:Generated_Source\PSoC5/cyfitter_cfg.c **** }
  95:Generated_Source\PSoC5/cyfitter_cfg.c **** 
  96:Generated_Source\PSoC5/cyfitter_cfg.c **** 
  97:Generated_Source\PSoC5/cyfitter_cfg.c **** 
  98:Generated_Source\PSoC5/cyfitter_cfg.c **** 
  99:Generated_Source\PSoC5/cyfitter_cfg.c **** /* Clock startup error codes                                                   */
 100:Generated_Source\PSoC5/cyfitter_cfg.c **** #define CYCLOCKSTART_NO_ERROR    0u
 101:Generated_Source\PSoC5/cyfitter_cfg.c **** #define CYCLOCKSTART_XTAL_ERROR  1u
 102:Generated_Source\PSoC5/cyfitter_cfg.c **** #define CYCLOCKSTART_32KHZ_ERROR 2u
 103:Generated_Source\PSoC5/cyfitter_cfg.c **** #define CYCLOCKSTART_PLL_ERROR   3u
 104:Generated_Source\PSoC5/cyfitter_cfg.c **** #define CYCLOCKSTART_FLL_ERROR   4u
 105:Generated_Source\PSoC5/cyfitter_cfg.c **** #define CYCLOCKSTART_WCO_ERROR   5u
 106:Generated_Source\PSoC5/cyfitter_cfg.c **** 
 107:Generated_Source\PSoC5/cyfitter_cfg.c **** 
 108:Generated_Source\PSoC5/cyfitter_cfg.c **** #ifdef CY_NEED_CYCLOCKSTARTUPERROR
 109:Generated_Source\PSoC5/cyfitter_cfg.c **** /*******************************************************************************
 110:Generated_Source\PSoC5/cyfitter_cfg.c **** * Function Name: CyClockStartupError
 111:Generated_Source\PSoC5/cyfitter_cfg.c **** ********************************************************************************
 112:Generated_Source\PSoC5/cyfitter_cfg.c **** * Summary:
 113:Generated_Source\PSoC5/cyfitter_cfg.c **** *  If an error is encountered during clock configuration (crystal startup error,
 114:Generated_Source\PSoC5/cyfitter_cfg.c **** *  PLL lock error, etc.), the system will end up here.  Unless reimplemented by
 115:Generated_Source\PSoC5/cyfitter_cfg.c **** *  the customer, this function will stop in an infinite loop.
 116:Generated_Source\PSoC5/cyfitter_cfg.c **** *
 117:Generated_Source\PSoC5/cyfitter_cfg.c **** * Parameters:
 118:Generated_Source\PSoC5/cyfitter_cfg.c **** *   void
 119:Generated_Source\PSoC5/cyfitter_cfg.c **** *
 120:Generated_Source\PSoC5/cyfitter_cfg.c **** * Return:
 121:Generated_Source\PSoC5/cyfitter_cfg.c **** *   void
 122:Generated_Source\PSoC5/cyfitter_cfg.c **** *
 123:Generated_Source\PSoC5/cyfitter_cfg.c **** *******************************************************************************/
 124:Generated_Source\PSoC5/cyfitter_cfg.c **** CY_CFG_UNUSED
 125:Generated_Source\PSoC5/cyfitter_cfg.c **** static void CyClockStartupError(uint8 errorCode);
 126:Generated_Source\PSoC5/cyfitter_cfg.c **** CY_CFG_UNUSED
 127:Generated_Source\PSoC5/cyfitter_cfg.c **** static void CyClockStartupError(uint8 errorCode)
 128:Generated_Source\PSoC5/cyfitter_cfg.c **** {
  27              		.loc 1 128 0
  28              		.cfi_startproc
  29              		@ Volatile: function does not return.
  30              		@ args = 0, pretend = 0, frame = 0
  31              		@ frame_needed = 0, uses_anonymous_args = 0
  32              		@ link register save eliminated.
  33              	.LVL0:
  34              	.L2:
  35 0000 FEE7     		b	.L2
  36              		.cfi_endproc
  37              	.LFE3:
  38              		.size	CyClockStartupError, .-CyClockStartupError
  39 0002 00BF     		.section	.text.AnalogSetDefault,"ax",%progbits
  40              		.align	2
  41              		.thumb
  42              		.thumb_func
  43              		.type	AnalogSetDefault, %function
ARM GAS  C:\Users\elias\AppData\Local\Temp\ccJiBcvT.s 			page 4


  44              	AnalogSetDefault:
  45              	.LFB5:
 129:Generated_Source\PSoC5/cyfitter_cfg.c ****     /* To remove the compiler warning if errorCode not used.                */
 130:Generated_Source\PSoC5/cyfitter_cfg.c ****     errorCode = errorCode;
 131:Generated_Source\PSoC5/cyfitter_cfg.c **** 
 132:Generated_Source\PSoC5/cyfitter_cfg.c ****     /* If we have a clock startup error (bad MHz crystal, PLL lock, etc.),  */
 133:Generated_Source\PSoC5/cyfitter_cfg.c ****     /* we will end up here to allow the customer to implement something to  */
 134:Generated_Source\PSoC5/cyfitter_cfg.c ****     /* deal with the clock condition.                                       */
 135:Generated_Source\PSoC5/cyfitter_cfg.c **** 
 136:Generated_Source\PSoC5/cyfitter_cfg.c **** #ifdef CY_CFG_CLOCK_STARTUP_ERROR_CALLBACK
 137:Generated_Source\PSoC5/cyfitter_cfg.c ****     CY_CFG_Clock_Startup_ErrorCallback();
 138:Generated_Source\PSoC5/cyfitter_cfg.c **** #else
 139:Generated_Source\PSoC5/cyfitter_cfg.c ****     /*  If not using CY_CFG_CLOCK_STARTUP_ERROR_CALLBACK, place your clock startup code here. */
 140:Generated_Source\PSoC5/cyfitter_cfg.c ****     /* `#START CyClockStartupError` */
 141:Generated_Source\PSoC5/cyfitter_cfg.c **** 
 142:Generated_Source\PSoC5/cyfitter_cfg.c **** 
 143:Generated_Source\PSoC5/cyfitter_cfg.c **** 
 144:Generated_Source\PSoC5/cyfitter_cfg.c ****     /* `#END` */
 145:Generated_Source\PSoC5/cyfitter_cfg.c **** 
 146:Generated_Source\PSoC5/cyfitter_cfg.c ****     while(1) {}
 147:Generated_Source\PSoC5/cyfitter_cfg.c **** #endif /* CY_CFG_CLOCK_STARTUP_ERROR_CALLBACK */
 148:Generated_Source\PSoC5/cyfitter_cfg.c **** }
 149:Generated_Source\PSoC5/cyfitter_cfg.c **** #endif
 150:Generated_Source\PSoC5/cyfitter_cfg.c **** 
 151:Generated_Source\PSoC5/cyfitter_cfg.c **** /* IOPINS0_0 Address: CYREG_PRT0_DM0 Size (bytes): 8 */
 152:Generated_Source\PSoC5/cyfitter_cfg.c **** #define BS_IOPINS0_0_VAL ((const uint8 CYFAR *)0x48000000u)
 153:Generated_Source\PSoC5/cyfitter_cfg.c **** 
 154:Generated_Source\PSoC5/cyfitter_cfg.c **** /* IOPINS0_8 Address: CYREG_PRT15_DM0 Size (bytes): 8 */
 155:Generated_Source\PSoC5/cyfitter_cfg.c **** #define BS_IOPINS0_8_VAL ((const uint8 CYFAR *)0x48000008u)
 156:Generated_Source\PSoC5/cyfitter_cfg.c **** 
 157:Generated_Source\PSoC5/cyfitter_cfg.c **** /* IOPINS0_1 Address: CYREG_PRT1_DM0 Size (bytes): 8 */
 158:Generated_Source\PSoC5/cyfitter_cfg.c **** #define BS_IOPINS0_1_VAL ((const uint8 CYFAR *)0x48000010u)
 159:Generated_Source\PSoC5/cyfitter_cfg.c **** 
 160:Generated_Source\PSoC5/cyfitter_cfg.c **** /* IOPINS0_3 Address: CYREG_PRT3_DM0 Size (bytes): 8 */
 161:Generated_Source\PSoC5/cyfitter_cfg.c **** #define BS_IOPINS0_3_VAL ((const uint8 CYFAR *)0x48000018u)
 162:Generated_Source\PSoC5/cyfitter_cfg.c **** 
 163:Generated_Source\PSoC5/cyfitter_cfg.c **** 
 164:Generated_Source\PSoC5/cyfitter_cfg.c **** /*******************************************************************************
 165:Generated_Source\PSoC5/cyfitter_cfg.c **** * Function Name: ClockSetup
 166:Generated_Source\PSoC5/cyfitter_cfg.c **** ********************************************************************************
 167:Generated_Source\PSoC5/cyfitter_cfg.c **** *
 168:Generated_Source\PSoC5/cyfitter_cfg.c **** * Summary:
 169:Generated_Source\PSoC5/cyfitter_cfg.c **** *  Performs the initialization of all of the clocks in the device based on the
 170:Generated_Source\PSoC5/cyfitter_cfg.c **** *  settings in the Clock tab of the DWR.  This includes enabling the requested
 171:Generated_Source\PSoC5/cyfitter_cfg.c **** *  clocks and setting the necessary dividers to produce the desired frequency. 
 172:Generated_Source\PSoC5/cyfitter_cfg.c **** *
 173:Generated_Source\PSoC5/cyfitter_cfg.c **** * Parameters:
 174:Generated_Source\PSoC5/cyfitter_cfg.c **** *  void
 175:Generated_Source\PSoC5/cyfitter_cfg.c **** *
 176:Generated_Source\PSoC5/cyfitter_cfg.c **** * Return:
 177:Generated_Source\PSoC5/cyfitter_cfg.c **** *  void
 178:Generated_Source\PSoC5/cyfitter_cfg.c **** *
 179:Generated_Source\PSoC5/cyfitter_cfg.c **** *******************************************************************************/
 180:Generated_Source\PSoC5/cyfitter_cfg.c **** static void ClockSetup(void);
 181:Generated_Source\PSoC5/cyfitter_cfg.c **** static void ClockSetup(void)
 182:Generated_Source\PSoC5/cyfitter_cfg.c **** {
 183:Generated_Source\PSoC5/cyfitter_cfg.c **** 	uint32 timeout;
ARM GAS  C:\Users\elias\AppData\Local\Temp\ccJiBcvT.s 			page 5


 184:Generated_Source\PSoC5/cyfitter_cfg.c **** 	uint8 pllLock;
 185:Generated_Source\PSoC5/cyfitter_cfg.c **** 
 186:Generated_Source\PSoC5/cyfitter_cfg.c **** 
 187:Generated_Source\PSoC5/cyfitter_cfg.c **** 	/* Configure ILO based on settings from Clock DWR */
 188:Generated_Source\PSoC5/cyfitter_cfg.c **** 	CY_SET_XTND_REG8((void CYFAR *)(CYREG_SLOWCLK_ILO_CR0), 0x02u);
 189:Generated_Source\PSoC5/cyfitter_cfg.c **** 	CY_SET_XTND_REG8((void CYFAR *)(CYREG_CLKDIST_CR), 0x08u);
 190:Generated_Source\PSoC5/cyfitter_cfg.c **** 
 191:Generated_Source\PSoC5/cyfitter_cfg.c **** 	/* Configure IMO based on settings from Clock DWR */
 192:Generated_Source\PSoC5/cyfitter_cfg.c **** 	CY_SET_XTND_REG8((void CYFAR *)(CYREG_FASTCLK_IMO_CR), 0x03u);
 193:Generated_Source\PSoC5/cyfitter_cfg.c **** 	CY_SET_XTND_REG8((void CYFAR *)(CYREG_IMO_TR1), (CY_GET_XTND_REG8((void CYFAR *)CYREG_FLSHID_CUST_
 194:Generated_Source\PSoC5/cyfitter_cfg.c **** 
 195:Generated_Source\PSoC5/cyfitter_cfg.c **** 	/* Configure PLL based on settings from Clock DWR */
 196:Generated_Source\PSoC5/cyfitter_cfg.c **** 	CY_SET_XTND_REG16((void CYFAR *)(CYREG_FASTCLK_PLL_P), 0x0008u);
 197:Generated_Source\PSoC5/cyfitter_cfg.c **** 	CY_SET_XTND_REG16((void CYFAR *)(CYREG_FASTCLK_PLL_CFG0), 0x1251u);
 198:Generated_Source\PSoC5/cyfitter_cfg.c **** 	/* Wait up to 250us for the PLL to lock */
 199:Generated_Source\PSoC5/cyfitter_cfg.c **** 	pllLock = 0u;
 200:Generated_Source\PSoC5/cyfitter_cfg.c **** 	for (timeout = 250u / 10u; (timeout > 0u) && (pllLock != 0x03u); timeout--)
 201:Generated_Source\PSoC5/cyfitter_cfg.c **** 	{ 
 202:Generated_Source\PSoC5/cyfitter_cfg.c **** 		pllLock = 0x03u & ((uint8)((uint8)pllLock << 1) | ((CY_GET_XTND_REG8((void CYFAR *)CYREG_FASTCLK_
 203:Generated_Source\PSoC5/cyfitter_cfg.c **** 		CyDelayCycles(10u * 48u); /* Delay 10us based on 48MHz clock */
 204:Generated_Source\PSoC5/cyfitter_cfg.c **** 	}
 205:Generated_Source\PSoC5/cyfitter_cfg.c **** 	/* If we ran out of time the PLL didn't lock so go to the error function */
 206:Generated_Source\PSoC5/cyfitter_cfg.c **** 	if (timeout == 0u)
 207:Generated_Source\PSoC5/cyfitter_cfg.c **** 	{
 208:Generated_Source\PSoC5/cyfitter_cfg.c **** 		CyClockStartupError(CYCLOCKSTART_PLL_ERROR);
 209:Generated_Source\PSoC5/cyfitter_cfg.c **** 	}
 210:Generated_Source\PSoC5/cyfitter_cfg.c **** 
 211:Generated_Source\PSoC5/cyfitter_cfg.c **** 	/* Configure Bus/Master Clock based on settings from Clock DWR */
 212:Generated_Source\PSoC5/cyfitter_cfg.c **** 	CY_SET_XTND_REG16((void CYFAR *)(CYREG_CLKDIST_MSTR0), 0x0100u);
 213:Generated_Source\PSoC5/cyfitter_cfg.c **** 	CY_SET_XTND_REG8((void CYFAR *)(CYREG_CLKDIST_MSTR0), 0x07u);
 214:Generated_Source\PSoC5/cyfitter_cfg.c **** 	CY_SET_XTND_REG8((void CYFAR *)(CYREG_CLKDIST_BCFG0), 0x00u);
 215:Generated_Source\PSoC5/cyfitter_cfg.c **** 	CY_SET_XTND_REG8((void CYFAR *)(CYREG_CLKDIST_BCFG2), 0x48u);
 216:Generated_Source\PSoC5/cyfitter_cfg.c **** 	CY_SET_XTND_REG8((void CYFAR *)(CYREG_CLKDIST_MSTR0), 0x00u);
 217:Generated_Source\PSoC5/cyfitter_cfg.c **** 	CY_SET_XTND_REG8((void CYFAR *)(CYREG_CLKDIST_LD), 0x02u);
 218:Generated_Source\PSoC5/cyfitter_cfg.c **** }
 219:Generated_Source\PSoC5/cyfitter_cfg.c **** 
 220:Generated_Source\PSoC5/cyfitter_cfg.c **** 
 221:Generated_Source\PSoC5/cyfitter_cfg.c **** /* Analog API Functions */
 222:Generated_Source\PSoC5/cyfitter_cfg.c **** 
 223:Generated_Source\PSoC5/cyfitter_cfg.c **** 
 224:Generated_Source\PSoC5/cyfitter_cfg.c **** /*******************************************************************************
 225:Generated_Source\PSoC5/cyfitter_cfg.c **** * Function Name: AnalogSetDefault
 226:Generated_Source\PSoC5/cyfitter_cfg.c **** ********************************************************************************
 227:Generated_Source\PSoC5/cyfitter_cfg.c **** *
 228:Generated_Source\PSoC5/cyfitter_cfg.c **** * Summary:
 229:Generated_Source\PSoC5/cyfitter_cfg.c **** *  Sets up the analog portions of the chip to default values based on chip
 230:Generated_Source\PSoC5/cyfitter_cfg.c **** *  configuration options from the project.
 231:Generated_Source\PSoC5/cyfitter_cfg.c **** *
 232:Generated_Source\PSoC5/cyfitter_cfg.c **** * Parameters:
 233:Generated_Source\PSoC5/cyfitter_cfg.c **** *  void
 234:Generated_Source\PSoC5/cyfitter_cfg.c **** *
 235:Generated_Source\PSoC5/cyfitter_cfg.c **** * Return:
 236:Generated_Source\PSoC5/cyfitter_cfg.c **** *  void
 237:Generated_Source\PSoC5/cyfitter_cfg.c **** *
 238:Generated_Source\PSoC5/cyfitter_cfg.c **** *******************************************************************************/
 239:Generated_Source\PSoC5/cyfitter_cfg.c **** static void AnalogSetDefault(void);
 240:Generated_Source\PSoC5/cyfitter_cfg.c **** static void AnalogSetDefault(void)
ARM GAS  C:\Users\elias\AppData\Local\Temp\ccJiBcvT.s 			page 6


 241:Generated_Source\PSoC5/cyfitter_cfg.c **** {
  46              		.loc 1 241 0
  47              		.cfi_startproc
  48              		@ args = 0, pretend = 0, frame = 0
  49              		@ frame_needed = 0, uses_anonymous_args = 0
  50              		@ link register save eliminated.
 242:Generated_Source\PSoC5/cyfitter_cfg.c **** 	uint8 bg_xover_inl_trim = CY_GET_XTND_REG8((void CYFAR *)(CYREG_FLSHID_MFG_CFG_BG_XOVER_INL_TRIM +
  51              		.loc 1 242 0
  52 0000 154B     		ldr	r3, .L4
  53 0002 1B78     		ldrb	r3, [r3]	@ zero_extendqisi2
  54 0004 DBB2     		uxtb	r3, r3
  55              	.LVL1:
 243:Generated_Source\PSoC5/cyfitter_cfg.c **** 	CY_SET_XTND_REG8((void CYFAR *)(CYREG_BG_DFT0), (bg_xover_inl_trim & 0x07u));
  56              		.loc 1 243 0
  57 0006 03F00701 		and	r1, r3, #7
  58 000a 144A     		ldr	r2, .L4+4
  59 000c 1170     		strb	r1, [r2]
 244:Generated_Source\PSoC5/cyfitter_cfg.c **** 	CY_SET_XTND_REG8((void CYFAR *)(CYREG_BG_DFT1), ((bg_xover_inl_trim >> 4) & 0x0Fu));
  60              		.loc 1 244 0
  61 000e 1B09     		lsrs	r3, r3, #4
  62              	.LVL2:
  63 0010 0132     		adds	r2, r2, #1
  64 0012 1370     		strb	r3, [r2]
 245:Generated_Source\PSoC5/cyfitter_cfg.c **** 	CY_SET_XTND_REG8((void CYFAR *)CYREG_PRT0_AG, 0x24u);
  65              		.loc 1 245 0
  66 0014 2422     		movs	r2, #36
  67 0016 124B     		ldr	r3, .L4+8
  68 0018 1A70     		strb	r2, [r3]
 246:Generated_Source\PSoC5/cyfitter_cfg.c **** 	CY_SET_XTND_REG8((void CYFAR *)CYREG_PRT15_AG, 0x0Au);
  69              		.loc 1 246 0
  70 001a 0A22     		movs	r2, #10
  71 001c F033     		adds	r3, r3, #240
  72 001e 1A70     		strb	r2, [r3]
 247:Generated_Source\PSoC5/cyfitter_cfg.c **** 	CY_SET_XTND_REG8((void CYFAR *)CYREG_SC0_SW0, 0x40u);
  73              		.loc 1 247 0
  74 0020 4022     		movs	r2, #64
  75 0022 03F60303 		addw	r3, r3, #2051
  76 0026 1A70     		strb	r2, [r3]
 248:Generated_Source\PSoC5/cyfitter_cfg.c **** 	CY_SET_XTND_REG8((void CYFAR *)CYREG_SC0_SW4, 0x10u);
  77              		.loc 1 248 0
  78 0028 1023     		movs	r3, #16
  79 002a 0E4A     		ldr	r2, .L4+12
  80 002c 1370     		strb	r3, [r2]
 249:Generated_Source\PSoC5/cyfitter_cfg.c **** 	CY_SET_XTND_REG8((void CYFAR *)CYREG_SC0_SW8, 0x20u);
  81              		.loc 1 249 0
  82 002e 2022     		movs	r2, #32
  83 0030 0D49     		ldr	r1, .L4+16
  84 0032 0A70     		strb	r2, [r1]
 250:Generated_Source\PSoC5/cyfitter_cfg.c **** 	CY_SET_XTND_REG8((void CYFAR *)CYREG_SC1_SW0, 0x20u);
  85              		.loc 1 250 0
  86 0034 0831     		adds	r1, r1, #8
  87 0036 0A70     		strb	r2, [r1]
 251:Generated_Source\PSoC5/cyfitter_cfg.c **** 	CY_SET_XTND_REG8((void CYFAR *)CYREG_SC1_SW4, 0x10u);
  88              		.loc 1 251 0
  89 0038 0C4A     		ldr	r2, .L4+20
  90 003a 1370     		strb	r3, [r2]
 252:Generated_Source\PSoC5/cyfitter_cfg.c **** 	CY_SET_XTND_REG8((void CYFAR *)CYREG_SC1_SW8, 0x80u);
ARM GAS  C:\Users\elias\AppData\Local\Temp\ccJiBcvT.s 			page 7


  91              		.loc 1 252 0
  92 003c 8021     		movs	r1, #128
  93 003e 0432     		adds	r2, r2, #4
  94 0040 1170     		strb	r1, [r2]
 253:Generated_Source\PSoC5/cyfitter_cfg.c **** 	CY_SET_XTND_REG8((void CYFAR *)CYREG_OPAMP3_SW, 0x06u);
  95              		.loc 1 253 0
  96 0042 0621     		movs	r1, #6
  97 0044 02F22F12 		addw	r2, r2, #303
  98 0048 1170     		strb	r1, [r2]
 254:Generated_Source\PSoC5/cyfitter_cfg.c **** 	CY_SET_XTND_REG8((void CYFAR *)CYREG_BUS_SW0, 0x10u);
  99              		.loc 1 254 0
 100 004a 1132     		adds	r2, r2, #17
 101 004c 1370     		strb	r3, [r2]
 255:Generated_Source\PSoC5/cyfitter_cfg.c **** 	CY_SET_XTND_REG8((void CYFAR *)CYREG_PUMP_CR0, 0x44u);
 102              		.loc 1 255 0
 103 004e 4422     		movs	r2, #68
 104 0050 074B     		ldr	r3, .L4+24
 105 0052 1A70     		strb	r2, [r3]
 106 0054 7047     		bx	lr
 107              	.L5:
 108 0056 00BF     		.align	2
 109              	.L4:
 110 0058 CF010049 		.word	1224737231
 111 005c 6E580040 		.word	1073764462
 112 0060 0D510040 		.word	1073762573
 113 0064 045A0040 		.word	1073764868
 114 0068 085A0040 		.word	1073764872
 115 006c 145A0040 		.word	1073764884
 116 0070 76580040 		.word	1073764470
 117              		.cfi_endproc
 118              	.LFE5:
 119              		.size	AnalogSetDefault, .-AnalogSetDefault
 120              		.section	.text.CYMEMZERO,"ax",%progbits
 121              		.align	2
 122              		.thumb
 123              		.thumb_func
 124              		.type	CYMEMZERO, %function
 125              	CYMEMZERO:
 126              	.LFB0:
  78:Generated_Source\PSoC5/cyfitter_cfg.c **** 	(void)memset(s, 0, n);
 127              		.loc 1 78 0
 128              		.cfi_startproc
 129              		@ args = 0, pretend = 0, frame = 0
 130              		@ frame_needed = 0, uses_anonymous_args = 0
 131              	.LVL3:
 132 0000 08B5     		push	{r3, lr}
 133              		.cfi_def_cfa_offset 8
 134              		.cfi_offset 3, -8
 135              		.cfi_offset 14, -4
  79:Generated_Source\PSoC5/cyfitter_cfg.c **** }
 136              		.loc 1 79 0
 137 0002 0A46     		mov	r2, r1
 138 0004 0021     		movs	r1, #0
 139              	.LVL4:
 140 0006 FFF7FEFF 		bl	memset
 141              	.LVL5:
 142 000a 08BD     		pop	{r3, pc}
ARM GAS  C:\Users\elias\AppData\Local\Temp\ccJiBcvT.s 			page 8


 143              		.cfi_endproc
 144              	.LFE0:
 145              		.size	CYMEMZERO, .-CYMEMZERO
 146              		.section	.text.ClockSetup,"ax",%progbits
 147              		.align	2
 148              		.thumb
 149              		.thumb_func
 150              		.type	ClockSetup, %function
 151              	ClockSetup:
 152              	.LFB4:
 182:Generated_Source\PSoC5/cyfitter_cfg.c **** 	uint32 timeout;
 153              		.loc 1 182 0
 154              		.cfi_startproc
 155              		@ args = 0, pretend = 0, frame = 0
 156              		@ frame_needed = 0, uses_anonymous_args = 0
 157 0000 38B5     		push	{r3, r4, r5, lr}
 158              		.cfi_def_cfa_offset 16
 159              		.cfi_offset 3, -16
 160              		.cfi_offset 4, -12
 161              		.cfi_offset 5, -8
 162              		.cfi_offset 14, -4
 188:Generated_Source\PSoC5/cyfitter_cfg.c **** 	CY_SET_XTND_REG8((void CYFAR *)(CYREG_CLKDIST_CR), 0x08u);
 163              		.loc 1 188 0
 164 0002 0222     		movs	r2, #2
 165 0004 1E4B     		ldr	r3, .L14
 166 0006 1A70     		strb	r2, [r3]
 189:Generated_Source\PSoC5/cyfitter_cfg.c **** 
 167              		.loc 1 189 0
 168 0008 0822     		movs	r2, #8
 169 000a 4FF04023 		mov	r3, #1073758208
 170 000e 1A70     		strb	r2, [r3]
 192:Generated_Source\PSoC5/cyfitter_cfg.c **** 	CY_SET_XTND_REG8((void CYFAR *)(CYREG_IMO_TR1), (CY_GET_XTND_REG8((void CYFAR *)CYREG_FLSHID_CUST_
 171              		.loc 1 192 0
 172 0010 0321     		movs	r1, #3
 173 0012 03F50073 		add	r3, r3, #512
 174 0016 1970     		strb	r1, [r3]
 193:Generated_Source\PSoC5/cyfitter_cfg.c **** 
 175              		.loc 1 193 0
 176 0018 1A4B     		ldr	r3, .L14+4
 177 001a 1B78     		ldrb	r3, [r3]	@ zero_extendqisi2
 178 001c DBB2     		uxtb	r3, r3
 179 001e 1A49     		ldr	r1, .L14+8
 180 0020 0B70     		strb	r3, [r1]
 196:Generated_Source\PSoC5/cyfitter_cfg.c **** 	CY_SET_XTND_REG16((void CYFAR *)(CYREG_FASTCLK_PLL_CFG0), 0x1251u);
 181              		.loc 1 196 0
 182 0022 1A4B     		ldr	r3, .L14+12
 183 0024 1A80     		strh	r2, [r3]	@ movhi
 197:Generated_Source\PSoC5/cyfitter_cfg.c **** 	/* Wait up to 250us for the PLL to lock */
 184              		.loc 1 197 0
 185 0026 41F25122 		movw	r2, #4689
 186 002a 023B     		subs	r3, r3, #2
 187 002c 1A80     		strh	r2, [r3]	@ movhi
 188              	.LVL6:
 199:Generated_Source\PSoC5/cyfitter_cfg.c **** 	for (timeout = 250u / 10u; (timeout > 0u) && (pllLock != 0x03u); timeout--)
 189              		.loc 1 199 0
 190 002e 0024     		movs	r4, #0
 200:Generated_Source\PSoC5/cyfitter_cfg.c **** 	{ 
ARM GAS  C:\Users\elias\AppData\Local\Temp\ccJiBcvT.s 			page 9


 191              		.loc 1 200 0
 192 0030 1925     		movs	r5, #25
 193 0032 0CE0     		b	.L9
 194              	.LVL7:
 195              	.L11:
 202:Generated_Source\PSoC5/cyfitter_cfg.c **** 		CyDelayCycles(10u * 48u); /* Delay 10us based on 48MHz clock */
 196              		.loc 1 202 0 discriminator 4
 197 0034 164B     		ldr	r3, .L14+16
 198 0036 1B78     		ldrb	r3, [r3]	@ zero_extendqisi2
 199 0038 03F00103 		and	r3, r3, #1
 200 003c 43EA4404 		orr	r4, r3, r4, lsl #1
 201              	.LVL8:
 202 0040 04F00304 		and	r4, r4, #3
 203              	.LVL9:
 203:Generated_Source\PSoC5/cyfitter_cfg.c **** 	}
 204              		.loc 1 203 0 discriminator 4
 205 0044 4FF4F070 		mov	r0, #480
 206 0048 FFF7FEFF 		bl	CyDelayCycles
 207              	.LVL10:
 200:Generated_Source\PSoC5/cyfitter_cfg.c **** 	{ 
 208              		.loc 1 200 0 discriminator 4
 209 004c 013D     		subs	r5, r5, #1
 210              	.LVL11:
 211              	.L9:
 200:Generated_Source\PSoC5/cyfitter_cfg.c **** 	{ 
 212              		.loc 1 200 0 is_stmt 0 discriminator 1
 213 004e 0DB1     		cbz	r5, .L10
 200:Generated_Source\PSoC5/cyfitter_cfg.c **** 	{ 
 214              		.loc 1 200 0 discriminator 3
 215 0050 032C     		cmp	r4, #3
 216 0052 EFD1     		bne	.L11
 217              	.L10:
 206:Generated_Source\PSoC5/cyfitter_cfg.c **** 	{
 218              		.loc 1 206 0 is_stmt 1
 219 0054 15B9     		cbnz	r5, .L12
 208:Generated_Source\PSoC5/cyfitter_cfg.c **** 	}
 220              		.loc 1 208 0
 221 0056 0320     		movs	r0, #3
 222 0058 FFF7FEFF 		bl	CyClockStartupError
 223              	.LVL12:
 224              	.L12:
 212:Generated_Source\PSoC5/cyfitter_cfg.c **** 	CY_SET_XTND_REG8((void CYFAR *)(CYREG_CLKDIST_MSTR0), 0x07u);
 225              		.loc 1 212 0
 226 005c 0D4B     		ldr	r3, .L14+20
 227 005e 4FF48072 		mov	r2, #256
 228 0062 1A80     		strh	r2, [r3]	@ movhi
 213:Generated_Source\PSoC5/cyfitter_cfg.c **** 	CY_SET_XTND_REG8((void CYFAR *)(CYREG_CLKDIST_BCFG0), 0x00u);
 229              		.loc 1 213 0
 230 0064 0722     		movs	r2, #7
 231 0066 1A70     		strb	r2, [r3]
 214:Generated_Source\PSoC5/cyfitter_cfg.c **** 	CY_SET_XTND_REG8((void CYFAR *)(CYREG_CLKDIST_BCFG2), 0x48u);
 232              		.loc 1 214 0
 233 0068 0022     		movs	r2, #0
 234 006a 0B49     		ldr	r1, .L14+24
 235 006c 0A70     		strb	r2, [r1]
 215:Generated_Source\PSoC5/cyfitter_cfg.c **** 	CY_SET_XTND_REG8((void CYFAR *)(CYREG_CLKDIST_MSTR0), 0x00u);
 236              		.loc 1 215 0
ARM GAS  C:\Users\elias\AppData\Local\Temp\ccJiBcvT.s 			page 10


 237 006e 4820     		movs	r0, #72
 238 0070 0231     		adds	r1, r1, #2
 239 0072 0870     		strb	r0, [r1]
 216:Generated_Source\PSoC5/cyfitter_cfg.c **** 	CY_SET_XTND_REG8((void CYFAR *)(CYREG_CLKDIST_LD), 0x02u);
 240              		.loc 1 216 0
 241 0074 1A70     		strb	r2, [r3]
 217:Generated_Source\PSoC5/cyfitter_cfg.c **** }
 242              		.loc 1 217 0
 243 0076 0222     		movs	r2, #2
 244 0078 033B     		subs	r3, r3, #3
 245 007a 1A70     		strb	r2, [r3]
 246 007c 38BD     		pop	{r3, r4, r5, pc}
 247              	.LVL13:
 248              	.L15:
 249 007e 00BF     		.align	2
 250              	.L14:
 251 0080 00430040 		.word	1073758976
 252 0084 08010049 		.word	1224737032
 253 0088 A1460040 		.word	1073759905
 254 008c 22420040 		.word	1073758754
 255 0090 25420040 		.word	1073758757
 256 0094 04400040 		.word	1073758212
 257 0098 06400040 		.word	1073758214
 258              		.cfi_endproc
 259              	.LFE4:
 260              		.size	ClockSetup, .-ClockSetup
 261              		.section	.text.CYCONFIGCPY,"ax",%progbits
 262              		.align	2
 263              		.thumb
 264              		.thumb_func
 265              		.type	CYCONFIGCPY, %function
 266              	CYCONFIGCPY:
 267              	.LFB1:
  85:Generated_Source\PSoC5/cyfitter_cfg.c **** 	(void)memcpy(dest, src, n);
 268              		.loc 1 85 0
 269              		.cfi_startproc
 270              		@ args = 0, pretend = 0, frame = 0
 271              		@ frame_needed = 0, uses_anonymous_args = 0
 272              	.LVL14:
 273 0000 08B5     		push	{r3, lr}
 274              		.cfi_def_cfa_offset 8
 275              		.cfi_offset 3, -8
 276              		.cfi_offset 14, -4
  86:Generated_Source\PSoC5/cyfitter_cfg.c **** }
 277              		.loc 1 86 0
 278 0002 FFF7FEFF 		bl	memcpy
 279              	.LVL15:
 280 0006 08BD     		pop	{r3, pc}
 281              		.cfi_endproc
 282              	.LFE1:
 283              		.size	CYCONFIGCPY, .-CYCONFIGCPY
 284              		.section	.text.SetAnalogRoutingPumps,"ax",%progbits
 285              		.align	2
 286              		.global	SetAnalogRoutingPumps
 287              		.thumb
 288              		.thumb_func
 289              		.type	SetAnalogRoutingPumps, %function
ARM GAS  C:\Users\elias\AppData\Local\Temp\ccJiBcvT.s 			page 11


 290              	SetAnalogRoutingPumps:
 291              	.LFB6:
 256:Generated_Source\PSoC5/cyfitter_cfg.c **** }
 257:Generated_Source\PSoC5/cyfitter_cfg.c **** 
 258:Generated_Source\PSoC5/cyfitter_cfg.c **** 
 259:Generated_Source\PSoC5/cyfitter_cfg.c **** /*******************************************************************************
 260:Generated_Source\PSoC5/cyfitter_cfg.c **** * Function Name: SetAnalogRoutingPumps
 261:Generated_Source\PSoC5/cyfitter_cfg.c **** ********************************************************************************
 262:Generated_Source\PSoC5/cyfitter_cfg.c **** *
 263:Generated_Source\PSoC5/cyfitter_cfg.c **** * Summary:
 264:Generated_Source\PSoC5/cyfitter_cfg.c **** * Enables or disables the analog pumps feeding analog routing switches.
 265:Generated_Source\PSoC5/cyfitter_cfg.c **** * Intended to be called at startup, based on the Vdda system configuration;
 266:Generated_Source\PSoC5/cyfitter_cfg.c **** * may be called during operation when the user informs us that the Vdda voltage
 267:Generated_Source\PSoC5/cyfitter_cfg.c **** * crossed the pump threshold.
 268:Generated_Source\PSoC5/cyfitter_cfg.c **** *
 269:Generated_Source\PSoC5/cyfitter_cfg.c **** * Parameters:
 270:Generated_Source\PSoC5/cyfitter_cfg.c **** *  enabled - 1 to enable the pumps, 0 to disable the pumps
 271:Generated_Source\PSoC5/cyfitter_cfg.c **** *
 272:Generated_Source\PSoC5/cyfitter_cfg.c **** * Return:
 273:Generated_Source\PSoC5/cyfitter_cfg.c **** *  void
 274:Generated_Source\PSoC5/cyfitter_cfg.c **** *
 275:Generated_Source\PSoC5/cyfitter_cfg.c **** *******************************************************************************/
 276:Generated_Source\PSoC5/cyfitter_cfg.c **** void SetAnalogRoutingPumps(uint8 enabled)
 277:Generated_Source\PSoC5/cyfitter_cfg.c **** {
 292              		.loc 1 277 0
 293              		.cfi_startproc
 294              		@ args = 0, pretend = 0, frame = 0
 295              		@ frame_needed = 0, uses_anonymous_args = 0
 296              		@ link register save eliminated.
 297              	.LVL16:
 278:Generated_Source\PSoC5/cyfitter_cfg.c **** 	uint8 regValue = CY_GET_XTND_REG8((void CYFAR *)CYREG_PUMP_CR0);
 298              		.loc 1 278 0
 299 0000 054B     		ldr	r3, .L21
 300 0002 1B78     		ldrb	r3, [r3]	@ zero_extendqisi2
 301 0004 DBB2     		uxtb	r3, r3
 302              	.LVL17:
 279:Generated_Source\PSoC5/cyfitter_cfg.c **** 	if (enabled != 0u)
 303              		.loc 1 279 0
 304 0006 10B1     		cbz	r0, .L19
 280:Generated_Source\PSoC5/cyfitter_cfg.c **** 	{
 281:Generated_Source\PSoC5/cyfitter_cfg.c **** 		regValue |= 0x22u;
 305              		.loc 1 281 0
 306 0008 43F02203 		orr	r3, r3, #34
 307              	.LVL18:
 308 000c 01E0     		b	.L20
 309              	.L19:
 282:Generated_Source\PSoC5/cyfitter_cfg.c **** 	}
 283:Generated_Source\PSoC5/cyfitter_cfg.c **** 	else
 284:Generated_Source\PSoC5/cyfitter_cfg.c **** 	{
 285:Generated_Source\PSoC5/cyfitter_cfg.c **** 		regValue &= (uint8)~0x22u;
 310              		.loc 1 285 0
 311 000e 03F0DD03 		and	r3, r3, #221
 312              	.LVL19:
 313              	.L20:
 286:Generated_Source\PSoC5/cyfitter_cfg.c **** 	}
 287:Generated_Source\PSoC5/cyfitter_cfg.c **** 	CY_SET_XTND_REG8((void CYFAR *)CYREG_PUMP_CR0, regValue);
 314              		.loc 1 287 0
ARM GAS  C:\Users\elias\AppData\Local\Temp\ccJiBcvT.s 			page 12


 315 0012 014A     		ldr	r2, .L21
 316 0014 1370     		strb	r3, [r2]
 317 0016 7047     		bx	lr
 318              	.L22:
 319              		.align	2
 320              	.L21:
 321 0018 76580040 		.word	1073764470
 322              		.cfi_endproc
 323              	.LFE6:
 324              		.size	SetAnalogRoutingPumps, .-SetAnalogRoutingPumps
 325              		.section	.text.cyfitter_cfg,"ax",%progbits
 326              		.align	2
 327              		.global	cyfitter_cfg
 328              		.thumb
 329              		.thumb_func
 330              		.type	cyfitter_cfg, %function
 331              	cyfitter_cfg:
 332              	.LFB7:
 288:Generated_Source\PSoC5/cyfitter_cfg.c **** }
 289:Generated_Source\PSoC5/cyfitter_cfg.c **** 
 290:Generated_Source\PSoC5/cyfitter_cfg.c **** 
 291:Generated_Source\PSoC5/cyfitter_cfg.c **** 
 292:Generated_Source\PSoC5/cyfitter_cfg.c **** 
 293:Generated_Source\PSoC5/cyfitter_cfg.c **** /*******************************************************************************
 294:Generated_Source\PSoC5/cyfitter_cfg.c **** * Function Name: cyfitter_cfg
 295:Generated_Source\PSoC5/cyfitter_cfg.c **** ********************************************************************************
 296:Generated_Source\PSoC5/cyfitter_cfg.c **** * Summary:
 297:Generated_Source\PSoC5/cyfitter_cfg.c **** *  This function is called by the start-up code for the selected device. It
 298:Generated_Source\PSoC5/cyfitter_cfg.c **** *  performs all of the necessary device configuration based on the design
 299:Generated_Source\PSoC5/cyfitter_cfg.c **** *  settings.  This includes settings from the Design Wide Resources (DWR) such
 300:Generated_Source\PSoC5/cyfitter_cfg.c **** *  as Clocks and Pins as well as any component configuration that is necessary.
 301:Generated_Source\PSoC5/cyfitter_cfg.c **** *
 302:Generated_Source\PSoC5/cyfitter_cfg.c **** * Parameters:
 303:Generated_Source\PSoC5/cyfitter_cfg.c **** *   void
 304:Generated_Source\PSoC5/cyfitter_cfg.c **** *
 305:Generated_Source\PSoC5/cyfitter_cfg.c **** * Return:
 306:Generated_Source\PSoC5/cyfitter_cfg.c **** *   void
 307:Generated_Source\PSoC5/cyfitter_cfg.c **** *
 308:Generated_Source\PSoC5/cyfitter_cfg.c **** *******************************************************************************/
 309:Generated_Source\PSoC5/cyfitter_cfg.c **** 
 310:Generated_Source\PSoC5/cyfitter_cfg.c **** void cyfitter_cfg(void)
 311:Generated_Source\PSoC5/cyfitter_cfg.c **** {
 333              		.loc 1 311 0
 334              		.cfi_startproc
 335              		@ args = 0, pretend = 0, frame = 0
 336              		@ frame_needed = 0, uses_anonymous_args = 0
 337 0000 38B5     		push	{r3, r4, r5, lr}
 338              		.cfi_def_cfa_offset 16
 339              		.cfi_offset 3, -16
 340              		.cfi_offset 4, -12
 341              		.cfi_offset 5, -8
 342              		.cfi_offset 14, -4
 312:Generated_Source\PSoC5/cyfitter_cfg.c **** #ifdef CYGlobalIntDisable
 313:Generated_Source\PSoC5/cyfitter_cfg.c **** 	/* Disable interrupts by default. Let user enable if/when they want. */
 314:Generated_Source\PSoC5/cyfitter_cfg.c **** 	CYGlobalIntDisable
 343              		.loc 1 314 0
 344              		.syntax unified
ARM GAS  C:\Users\elias\AppData\Local\Temp\ccJiBcvT.s 			page 13


 345              	@ 314 "Generated_Source\PSoC5\cyfitter_cfg.c" 1
 346 0002 72B6     		CPSID   i
 347              	@ 0 "" 2
 315:Generated_Source\PSoC5/cyfitter_cfg.c **** #endif
 316:Generated_Source\PSoC5/cyfitter_cfg.c **** 
 317:Generated_Source\PSoC5/cyfitter_cfg.c **** 	/* Enable/Disable Debug functionality based on settings from System DWR */
 318:Generated_Source\PSoC5/cyfitter_cfg.c **** 	CY_SET_XTND_REG8((void CYFAR *)CYREG_MLOGIC_DEBUG, (CY_GET_XTND_REG8((void CYFAR *)CYREG_MLOGIC_DE
 348              		.loc 1 318 0
 349              		.thumb
 350              		.syntax unified
 351 0004 254A     		ldr	r2, .L27
 352 0006 1378     		ldrb	r3, [r2]	@ zero_extendqisi2
 353 0008 43F00403 		orr	r3, r3, #4
 354 000c 1370     		strb	r3, [r2]
 355              	.LVL20:
 356              	.LBB2:
 319:Generated_Source\PSoC5/cyfitter_cfg.c **** 
 320:Generated_Source\PSoC5/cyfitter_cfg.c **** 	{
 321:Generated_Source\PSoC5/cyfitter_cfg.c **** 
 322:Generated_Source\PSoC5/cyfitter_cfg.c **** 		CYPACKED typedef struct {
 323:Generated_Source\PSoC5/cyfitter_cfg.c **** 			void CYFAR *address;
 324:Generated_Source\PSoC5/cyfitter_cfg.c **** 			uint16 size;
 325:Generated_Source\PSoC5/cyfitter_cfg.c **** 		} CYPACKED_ATTR cfg_memset_t;
 326:Generated_Source\PSoC5/cyfitter_cfg.c **** 
 327:Generated_Source\PSoC5/cyfitter_cfg.c **** 		static const cfg_memset_t CYCODE cfg_memset_list[] = {
 328:Generated_Source\PSoC5/cyfitter_cfg.c **** 			/* address, size */
 329:Generated_Source\PSoC5/cyfitter_cfg.c **** 			{(void CYFAR *)(CYREG_PRT2_DR), 16u},
 330:Generated_Source\PSoC5/cyfitter_cfg.c **** 			{(void CYFAR *)(CYREG_PRT4_DR), 48u},
 331:Generated_Source\PSoC5/cyfitter_cfg.c **** 			{(void CYFAR *)(CYREG_PRT12_DR), 16u},
 332:Generated_Source\PSoC5/cyfitter_cfg.c **** 			{(void CYFAR *)(CYDEV_UCFG_B0_P0_U0_BASE), 4096u},
 333:Generated_Source\PSoC5/cyfitter_cfg.c **** 			{(void CYFAR *)(CYDEV_UCFG_B1_P2_U0_BASE), 2048u},
 334:Generated_Source\PSoC5/cyfitter_cfg.c **** 			{(void CYFAR *)(CYDEV_UCFG_DSI0_BASE), 2560u},
 335:Generated_Source\PSoC5/cyfitter_cfg.c **** 			{(void CYFAR *)(CYDEV_UCFG_DSI12_BASE), 512u},
 336:Generated_Source\PSoC5/cyfitter_cfg.c **** 			{(void CYFAR *)(CYREG_BCTL0_MDCLK_EN), 32u},
 337:Generated_Source\PSoC5/cyfitter_cfg.c **** 		};
 338:Generated_Source\PSoC5/cyfitter_cfg.c **** 
 339:Generated_Source\PSoC5/cyfitter_cfg.c **** 		uint8 CYDATA i;
 340:Generated_Source\PSoC5/cyfitter_cfg.c **** 
 341:Generated_Source\PSoC5/cyfitter_cfg.c **** 		/* Zero out critical memory blocks before beginning configuration */
 342:Generated_Source\PSoC5/cyfitter_cfg.c **** 		for (i = 0u; i < (sizeof(cfg_memset_list)/sizeof(cfg_memset_list[0])); i++)
 357              		.loc 1 342 0
 358 000e 0024     		movs	r4, #0
 359 0010 0CE0     		b	.L24
 360              	.LVL21:
 361              	.L25:
 362              	.LBB3:
 343:Generated_Source\PSoC5/cyfitter_cfg.c **** 		{
 344:Generated_Source\PSoC5/cyfitter_cfg.c **** 			const cfg_memset_t CYCODE * CYDATA ms = &cfg_memset_list[i];
 345:Generated_Source\PSoC5/cyfitter_cfg.c **** 			CYMEMZERO(ms->address, (size_t)(uint32)(ms->size));
 363              		.loc 1 345 0 discriminator 3
 364 0012 234D     		ldr	r5, .L27+4
 365 0014 6300     		lsls	r3, r4, #1
 366 0016 1919     		adds	r1, r3, r4
 367 0018 4A00     		lsls	r2, r1, #1
 368 001a 1146     		mov	r1, r2
 369 001c 2A44     		add	r2, r2, r5
 370 001e 0846     		mov	r0, r1
ARM GAS  C:\Users\elias\AppData\Local\Temp\ccJiBcvT.s 			page 14


 371 0020 9188     		ldrh	r1, [r2, #4]
 372 0022 2858     		ldr	r0, [r5, r0]	@ unaligned
 373 0024 FFF7FEFF 		bl	CYMEMZERO
 374              	.LVL22:
 375              	.LBE3:
 342:Generated_Source\PSoC5/cyfitter_cfg.c **** 		{
 376              		.loc 1 342 0 discriminator 3
 377 0028 0134     		adds	r4, r4, #1
 378              	.LVL23:
 379 002a E4B2     		uxtb	r4, r4
 380              	.LVL24:
 381              	.L24:
 342:Generated_Source\PSoC5/cyfitter_cfg.c **** 		{
 382              		.loc 1 342 0 is_stmt 0 discriminator 1
 383 002c 072C     		cmp	r4, #7
 384 002e F0D9     		bls	.L25
 346:Generated_Source\PSoC5/cyfitter_cfg.c **** 		}
 347:Generated_Source\PSoC5/cyfitter_cfg.c **** 
 348:Generated_Source\PSoC5/cyfitter_cfg.c **** 		/* Enable digital routing */
 349:Generated_Source\PSoC5/cyfitter_cfg.c **** 		CY_SET_XTND_REG8((void CYFAR *)CYREG_BCTL0_BANK_CTL, CY_GET_XTND_REG8((void CYFAR *)CYREG_BCTL0_B
 385              		.loc 1 349 0 is_stmt 1
 386 0030 1C4A     		ldr	r2, .L27+8
 387 0032 1378     		ldrb	r3, [r2]	@ zero_extendqisi2
 388 0034 43F00203 		orr	r3, r3, #2
 389 0038 1370     		strb	r3, [r2]
 350:Generated_Source\PSoC5/cyfitter_cfg.c **** 		CY_SET_XTND_REG8((void CYFAR *)CYREG_BCTL1_BANK_CTL, CY_GET_XTND_REG8((void CYFAR *)CYREG_BCTL1_B
 390              		.loc 1 350 0
 391 003a 1032     		adds	r2, r2, #16
 392 003c 1378     		ldrb	r3, [r2]	@ zero_extendqisi2
 393 003e 43F00203 		orr	r3, r3, #2
 394 0042 1370     		strb	r3, [r2]
 395              	.LBE2:
 351:Generated_Source\PSoC5/cyfitter_cfg.c **** 	}
 352:Generated_Source\PSoC5/cyfitter_cfg.c **** 
 353:Generated_Source\PSoC5/cyfitter_cfg.c **** 
 354:Generated_Source\PSoC5/cyfitter_cfg.c **** 	/* Perform second pass device configuration. These items must be configured in specific order afte
 355:Generated_Source\PSoC5/cyfitter_cfg.c **** 	CYCONFIGCPY((void CYFAR *)(CYREG_PRT0_DM0), (const void CYFAR *)(BS_IOPINS0_0_VAL), 8u);
 396              		.loc 1 355 0
 397 0044 0822     		movs	r2, #8
 398 0046 4FF09041 		mov	r1, #1207959552
 399 004a 1748     		ldr	r0, .L27+12
 400 004c FFF7FEFF 		bl	CYCONFIGCPY
 401              	.LVL25:
 356:Generated_Source\PSoC5/cyfitter_cfg.c **** 	CYCONFIGCPY((void CYFAR *)(CYREG_PRT15_DM0), (const void CYFAR *)(BS_IOPINS0_8_VAL), 8u);
 402              		.loc 1 356 0
 403 0050 0822     		movs	r2, #8
 404 0052 1649     		ldr	r1, .L27+16
 405 0054 1648     		ldr	r0, .L27+20
 406 0056 FFF7FEFF 		bl	CYCONFIGCPY
 407              	.LVL26:
 357:Generated_Source\PSoC5/cyfitter_cfg.c **** 	CYCONFIGCPY((void CYFAR *)(CYREG_PRT1_DM0), (const void CYFAR *)(BS_IOPINS0_1_VAL), 8u);
 408              		.loc 1 357 0
 409 005a 0822     		movs	r2, #8
 410 005c 1549     		ldr	r1, .L27+24
 411 005e 1648     		ldr	r0, .L27+28
 412 0060 FFF7FEFF 		bl	CYCONFIGCPY
 413              	.LVL27:
ARM GAS  C:\Users\elias\AppData\Local\Temp\ccJiBcvT.s 			page 15


 358:Generated_Source\PSoC5/cyfitter_cfg.c **** 	CYCONFIGCPY((void CYFAR *)(CYREG_PRT3_DM0), (const void CYFAR *)(BS_IOPINS0_3_VAL), 8u);
 414              		.loc 1 358 0
 415 0064 0822     		movs	r2, #8
 416 0066 1549     		ldr	r1, .L27+32
 417 0068 1548     		ldr	r0, .L27+36
 418 006a FFF7FEFF 		bl	CYCONFIGCPY
 419              	.LVL28:
 359:Generated_Source\PSoC5/cyfitter_cfg.c **** 	/* Switch Boost to the precision bandgap reference from its internal reference */
 360:Generated_Source\PSoC5/cyfitter_cfg.c **** 	CY_SET_REG8((void CYXDATA *)CYREG_BOOST_CR2, (CY_GET_REG8((void CYXDATA *)CYREG_BOOST_CR2) | 0x08u
 420              		.loc 1 360 0
 421 006e 154A     		ldr	r2, .L27+40
 422 0070 1378     		ldrb	r3, [r2]	@ zero_extendqisi2
 423 0072 43F00803 		orr	r3, r3, #8
 424 0076 1370     		strb	r3, [r2]
 361:Generated_Source\PSoC5/cyfitter_cfg.c **** 
 362:Generated_Source\PSoC5/cyfitter_cfg.c **** 	/* Set Flash Cycles based on max possible frequency in case a glitch occurs during ClockSetup(). *
 363:Generated_Source\PSoC5/cyfitter_cfg.c **** 	CY_SET_XTND_REG8((void CYFAR *)(CYREG_CACHE_CC_CTL), (((CYDEV_INSTRUCT_CACHE_ENABLED) != 0) ? 0x61
 425              		.loc 1 363 0
 426 0078 134C     		ldr	r4, .L27+44
 427              	.LVL29:
 428 007a 6123     		movs	r3, #97
 429 007c 2370     		strb	r3, [r4]
 364:Generated_Source\PSoC5/cyfitter_cfg.c **** 	/* Setup clocks based on selections from Clock DWR */
 365:Generated_Source\PSoC5/cyfitter_cfg.c **** 	ClockSetup();
 430              		.loc 1 365 0
 431 007e FFF7FEFF 		bl	ClockSetup
 432              	.LVL30:
 366:Generated_Source\PSoC5/cyfitter_cfg.c **** 	/* Set Flash Cycles based on newly configured 24.00MHz Bus Clock. */
 367:Generated_Source\PSoC5/cyfitter_cfg.c **** 	CY_SET_XTND_REG8((void CYFAR *)(CYREG_CACHE_CC_CTL), (((CYDEV_INSTRUCT_CACHE_ENABLED) != 0) ? 0x81
 433              		.loc 1 367 0
 434 0082 8123     		movs	r3, #129
 435 0084 2370     		strb	r3, [r4]
 368:Generated_Source\PSoC5/cyfitter_cfg.c **** 	CY_SET_XTND_REG8((void CYFAR *)(CYREG_PANTHER_WAITPIPE), 0x01u);
 436              		.loc 1 368 0
 437 0086 0122     		movs	r2, #1
 438 0088 104B     		ldr	r3, .L27+48
 439 008a 1A70     		strb	r2, [r3]
 369:Generated_Source\PSoC5/cyfitter_cfg.c **** 
 370:Generated_Source\PSoC5/cyfitter_cfg.c **** 	/* Perform basic analog initialization to defaults */
 371:Generated_Source\PSoC5/cyfitter_cfg.c **** 	AnalogSetDefault();
 440              		.loc 1 371 0
 441 008c FFF7FEFF 		bl	AnalogSetDefault
 442              	.LVL31:
 372:Generated_Source\PSoC5/cyfitter_cfg.c **** 
 373:Generated_Source\PSoC5/cyfitter_cfg.c **** 	/* Configure alternate active mode */
 374:Generated_Source\PSoC5/cyfitter_cfg.c **** 	CYCONFIGCPY((void CYFAR *)CYDEV_PM_STBY_BASE, (const void CYFAR *)CYDEV_PM_ACT_BASE, 14u);
 443              		.loc 1 374 0
 444 0090 0E22     		movs	r2, #14
 445 0092 0F49     		ldr	r1, .L27+52
 446 0094 0F48     		ldr	r0, .L27+56
 447 0096 FFF7FEFF 		bl	CYCONFIGCPY
 448              	.LVL32:
 449 009a 38BD     		pop	{r3, r4, r5, pc}
 450              	.L28:
 451              		.align	2
 452              	.L27:
 453 009c E8460040 		.word	1073759976
ARM GAS  C:\Users\elias\AppData\Local\Temp\ccJiBcvT.s 			page 16


 454 00a0 00000000 		.word	.LANCHOR0
 455 00a4 03500140 		.word	1073827843
 456 00a8 02510040 		.word	1073762562
 457 00ac 08000048 		.word	1207959560
 458 00b0 F2510040 		.word	1073762802
 459 00b4 10000048 		.word	1207959568
 460 00b8 12510040 		.word	1073762578
 461 00bc 18000048 		.word	1207959576
 462 00c0 32510040 		.word	1073762610
 463 00c4 22430040 		.word	1073759010
 464 00c8 00480040 		.word	1073760256
 465 00cc 04000840 		.word	1074266116
 466 00d0 A0430040 		.word	1073759136
 467 00d4 B0430040 		.word	1073759152
 468              		.cfi_endproc
 469              	.LFE7:
 470              		.size	cyfitter_cfg, .-cyfitter_cfg
 471              		.section	.rodata
 472              		.align	2
 473              		.set	.LANCHOR0,. + 0
 474              		.type	cfg_memset_list.4992, %object
 475              		.size	cfg_memset_list.4992, 48
 476              	cfg_memset_list.4992:
 477 0000 20510040 		.word	1073762592
 478 0004 1000     		.short	16
 479 0006 40510040 		.4byte	1073762624
 480 000a 3000     		.short	48
 481 000c C0510040 		.word	1073762752
 482 0010 1000     		.short	16
 483 0012 00000140 		.4byte	1073807360
 484 0016 0010     		.short	4096
 485 0018 00140140 		.word	1073812480
 486 001c 0008     		.short	2048
 487 001e 00400140 		.4byte	1073823744
 488 0022 000A     		.short	2560
 489 0024 004C0140 		.word	1073826816
 490 0028 0002     		.short	512
 491 002a 00500140 		.4byte	1073827840
 492 002e 2000     		.short	32
 493              		.text
 494              	.Letext0:
 495              		.file 2 "c:\\program files (x86)\\cypress\\psoc creator\\4.4\\psoc creator\\import\\gnu\\arm\\5.4.
 496              		.file 3 "Generated_Source\\PSoC5\\cytypes.h"
 497              		.file 4 "Generated_Source\\PSoC5\\CyLib.h"
 498              		.section	.debug_info,"",%progbits
 499              	.Ldebug_info0:
 500 0000 17040000 		.4byte	0x417
 501 0004 0400     		.2byte	0x4
 502 0006 00000000 		.4byte	.Ldebug_abbrev0
 503 000a 04       		.byte	0x4
 504 000b 01       		.uleb128 0x1
 505 000c 8E000000 		.4byte	.LASF39
 506 0010 0C       		.byte	0xc
 507 0011 28020000 		.4byte	.LASF40
 508 0015 75010000 		.4byte	.LASF41
 509 0019 00000000 		.4byte	.Ldebug_ranges0+0
 510 001d 00000000 		.4byte	0
ARM GAS  C:\Users\elias\AppData\Local\Temp\ccJiBcvT.s 			page 17


 511 0021 00000000 		.4byte	.Ldebug_line0
 512 0025 02       		.uleb128 0x2
 513 0026 04       		.byte	0x4
 514 0027 05       		.byte	0x5
 515 0028 696E7400 		.ascii	"int\000"
 516 002c 03       		.uleb128 0x3
 517 002d 14000000 		.4byte	.LASF12
 518 0031 02       		.byte	0x2
 519 0032 D8       		.byte	0xd8
 520 0033 37000000 		.4byte	0x37
 521 0037 04       		.uleb128 0x4
 522 0038 04       		.byte	0x4
 523 0039 07       		.byte	0x7
 524 003a D8010000 		.4byte	.LASF0
 525 003e 04       		.uleb128 0x4
 526 003f 08       		.byte	0x8
 527 0040 05       		.byte	0x5
 528 0041 1A020000 		.4byte	.LASF1
 529 0045 04       		.uleb128 0x4
 530 0046 08       		.byte	0x8
 531 0047 04       		.byte	0x4
 532 0048 75020000 		.4byte	.LASF2
 533 004c 04       		.uleb128 0x4
 534 004d 01       		.byte	0x1
 535 004e 06       		.byte	0x6
 536 004f 93020000 		.4byte	.LASF3
 537 0053 04       		.uleb128 0x4
 538 0054 01       		.byte	0x1
 539 0055 08       		.byte	0x8
 540 0056 59010000 		.4byte	.LASF4
 541 005a 04       		.uleb128 0x4
 542 005b 02       		.byte	0x2
 543 005c 05       		.byte	0x5
 544 005d 55020000 		.4byte	.LASF5
 545 0061 04       		.uleb128 0x4
 546 0062 02       		.byte	0x2
 547 0063 07       		.byte	0x7
 548 0064 4F000000 		.4byte	.LASF6
 549 0068 04       		.uleb128 0x4
 550 0069 04       		.byte	0x4
 551 006a 05       		.byte	0x5
 552 006b 67020000 		.4byte	.LASF7
 553 006f 04       		.uleb128 0x4
 554 0070 04       		.byte	0x4
 555 0071 07       		.byte	0x7
 556 0072 21010000 		.4byte	.LASF8
 557 0076 04       		.uleb128 0x4
 558 0077 08       		.byte	0x8
 559 0078 07       		.byte	0x7
 560 0079 ED010000 		.4byte	.LASF9
 561 007d 04       		.uleb128 0x4
 562 007e 04       		.byte	0x4
 563 007f 07       		.byte	0x7
 564 0080 11020000 		.4byte	.LASF10
 565 0084 05       		.uleb128 0x5
 566 0085 04       		.byte	0x4
 567 0086 04       		.uleb128 0x4
ARM GAS  C:\Users\elias\AppData\Local\Temp\ccJiBcvT.s 			page 18


 568 0087 01       		.byte	0x1
 569 0088 08       		.byte	0x8
 570 0089 70020000 		.4byte	.LASF11
 571 008d 06       		.uleb128 0x6
 572 008e 33010000 		.4byte	.LASF13
 573 0092 03       		.byte	0x3
 574 0093 E901     		.2byte	0x1e9
 575 0095 53000000 		.4byte	0x53
 576 0099 06       		.uleb128 0x6
 577 009a C0010000 		.4byte	.LASF14
 578 009e 03       		.byte	0x3
 579 009f EA01     		.2byte	0x1ea
 580 00a1 61000000 		.4byte	0x61
 581 00a5 06       		.uleb128 0x6
 582 00a6 D1010000 		.4byte	.LASF15
 583 00aa 03       		.byte	0x3
 584 00ab EB01     		.2byte	0x1eb
 585 00ad 6F000000 		.4byte	0x6f
 586 00b1 04       		.uleb128 0x4
 587 00b2 04       		.byte	0x4
 588 00b3 04       		.byte	0x4
 589 00b4 6A000000 		.4byte	.LASF16
 590 00b8 04       		.uleb128 0x4
 591 00b9 08       		.byte	0x8
 592 00ba 04       		.byte	0x4
 593 00bb 6E010000 		.4byte	.LASF17
 594 00bf 06       		.uleb128 0x6
 595 00c0 1C010000 		.4byte	.LASF18
 596 00c4 03       		.byte	0x3
 597 00c5 9302     		.2byte	0x293
 598 00c7 CB000000 		.4byte	0xcb
 599 00cb 07       		.uleb128 0x7
 600 00cc 8D000000 		.4byte	0x8d
 601 00d0 06       		.uleb128 0x6
 602 00d1 00000000 		.4byte	.LASF19
 603 00d5 03       		.byte	0x3
 604 00d6 9402     		.2byte	0x294
 605 00d8 DC000000 		.4byte	0xdc
 606 00dc 07       		.uleb128 0x7
 607 00dd 99000000 		.4byte	0x99
 608 00e1 08       		.uleb128 0x8
 609 00e2 70000000 		.4byte	.LASF42
 610 00e6 01       		.byte	0x1
 611 00e7 7F       		.byte	0x7f
 612 00e8 00000000 		.4byte	.LFB3
 613 00ec 02000000 		.4byte	.LFE3-.LFB3
 614 00f0 01       		.uleb128 0x1
 615 00f1 9C       		.byte	0x9c
 616 00f2 04010000 		.4byte	0x104
 617 00f6 09       		.uleb128 0x9
 618 00f7 C7010000 		.4byte	.LASF22
 619 00fb 01       		.byte	0x1
 620 00fc 7F       		.byte	0x7f
 621 00fd 8D000000 		.4byte	0x8d
 622 0101 01       		.uleb128 0x1
 623 0102 50       		.byte	0x50
 624 0103 00       		.byte	0
ARM GAS  C:\Users\elias\AppData\Local\Temp\ccJiBcvT.s 			page 19


 625 0104 0A       		.uleb128 0xa
 626 0105 1B000000 		.4byte	.LASF20
 627 0109 01       		.byte	0x1
 628 010a F0       		.byte	0xf0
 629 010b 00000000 		.4byte	.LFB5
 630 010f 74000000 		.4byte	.LFE5-.LFB5
 631 0113 01       		.uleb128 0x1
 632 0114 9C       		.byte	0x9c
 633 0115 29010000 		.4byte	0x129
 634 0119 0B       		.uleb128 0xb
 635 011a 81020000 		.4byte	.LASF24
 636 011e 01       		.byte	0x1
 637 011f F2       		.byte	0xf2
 638 0120 8D000000 		.4byte	0x8d
 639 0124 00000000 		.4byte	.LLST0
 640 0128 00       		.byte	0
 641 0129 0A       		.uleb128 0xa
 642 012a 39010000 		.4byte	.LASF21
 643 012e 01       		.byte	0x1
 644 012f 4D       		.byte	0x4d
 645 0130 00000000 		.4byte	.LFB0
 646 0134 0C000000 		.4byte	.LFE0-.LFB0
 647 0138 01       		.uleb128 0x1
 648 0139 9C       		.byte	0x9c
 649 013a 76010000 		.4byte	0x176
 650 013e 0C       		.uleb128 0xc
 651 013f 7300     		.ascii	"s\000"
 652 0141 01       		.byte	0x1
 653 0142 4D       		.byte	0x4d
 654 0143 84000000 		.4byte	0x84
 655 0147 13000000 		.4byte	.LLST1
 656 014b 0C       		.uleb128 0xc
 657 014c 6E00     		.ascii	"n\000"
 658 014e 01       		.byte	0x1
 659 014f 4D       		.byte	0x4d
 660 0150 2C000000 		.4byte	0x2c
 661 0154 34000000 		.4byte	.LLST2
 662 0158 0D       		.uleb128 0xd
 663 0159 0A000000 		.4byte	.LVL5
 664 015d FD030000 		.4byte	0x3fd
 665 0161 0E       		.uleb128 0xe
 666 0162 01       		.uleb128 0x1
 667 0163 50       		.byte	0x50
 668 0164 03       		.uleb128 0x3
 669 0165 F3       		.byte	0xf3
 670 0166 01       		.uleb128 0x1
 671 0167 50       		.byte	0x50
 672 0168 0E       		.uleb128 0xe
 673 0169 01       		.uleb128 0x1
 674 016a 51       		.byte	0x51
 675 016b 01       		.uleb128 0x1
 676 016c 30       		.byte	0x30
 677 016d 0E       		.uleb128 0xe
 678 016e 01       		.uleb128 0x1
 679 016f 52       		.byte	0x52
 680 0170 03       		.uleb128 0x3
 681 0171 F3       		.byte	0xf3
ARM GAS  C:\Users\elias\AppData\Local\Temp\ccJiBcvT.s 			page 20


 682 0172 01       		.uleb128 0x1
 683 0173 51       		.byte	0x51
 684 0174 00       		.byte	0
 685 0175 00       		.byte	0
 686 0176 0A       		.uleb128 0xa
 687 0177 44000000 		.4byte	.LASF23
 688 017b 01       		.byte	0x1
 689 017c B5       		.byte	0xb5
 690 017d 00000000 		.4byte	.LFB4
 691 0181 9C000000 		.4byte	.LFE4-.LFB4
 692 0185 01       		.uleb128 0x1
 693 0186 9C       		.byte	0x9c
 694 0187 CE010000 		.4byte	0x1ce
 695 018b 0B       		.uleb128 0xb
 696 018c 2C000000 		.4byte	.LASF25
 697 0190 01       		.byte	0x1
 698 0191 B7       		.byte	0xb7
 699 0192 A5000000 		.4byte	0xa5
 700 0196 60000000 		.4byte	.LLST3
 701 019a 0B       		.uleb128 0xb
 702 019b 62000000 		.4byte	.LASF26
 703 019f 01       		.byte	0x1
 704 01a0 B8       		.byte	0xb8
 705 01a1 8D000000 		.4byte	0x8d
 706 01a5 7F000000 		.4byte	.LLST4
 707 01a9 0F       		.uleb128 0xf
 708 01aa 4C000000 		.4byte	.LVL10
 709 01ae 06040000 		.4byte	0x406
 710 01b2 BE010000 		.4byte	0x1be
 711 01b6 0E       		.uleb128 0xe
 712 01b7 01       		.uleb128 0x1
 713 01b8 50       		.byte	0x50
 714 01b9 03       		.uleb128 0x3
 715 01ba 0A       		.byte	0xa
 716 01bb E001     		.2byte	0x1e0
 717 01bd 00       		.byte	0
 718 01be 0D       		.uleb128 0xd
 719 01bf 5C000000 		.4byte	.LVL12
 720 01c3 E1000000 		.4byte	0xe1
 721 01c7 0E       		.uleb128 0xe
 722 01c8 01       		.uleb128 0x1
 723 01c9 50       		.byte	0x50
 724 01ca 01       		.uleb128 0x1
 725 01cb 33       		.byte	0x33
 726 01cc 00       		.byte	0
 727 01cd 00       		.byte	0
 728 01ce 0A       		.uleb128 0xa
 729 01cf A8020000 		.4byte	.LASF27
 730 01d3 01       		.byte	0x1
 731 01d4 54       		.byte	0x54
 732 01d5 00000000 		.4byte	.LFB1
 733 01d9 08000000 		.4byte	.LFE1-.LFB1
 734 01dd 01       		.uleb128 0x1
 735 01de 9C       		.byte	0x9c
 736 01df 2E020000 		.4byte	0x22e
 737 01e3 10       		.uleb128 0x10
 738 01e4 84000000 		.4byte	.LASF28
ARM GAS  C:\Users\elias\AppData\Local\Temp\ccJiBcvT.s 			page 21


 739 01e8 01       		.byte	0x1
 740 01e9 54       		.byte	0x54
 741 01ea 84000000 		.4byte	0x84
 742 01ee A9000000 		.4byte	.LLST5
 743 01f2 0C       		.uleb128 0xc
 744 01f3 73726300 		.ascii	"src\000"
 745 01f7 01       		.byte	0x1
 746 01f8 54       		.byte	0x54
 747 01f9 2E020000 		.4byte	0x22e
 748 01fd CA000000 		.4byte	.LLST6
 749 0201 0C       		.uleb128 0xc
 750 0202 6E00     		.ascii	"n\000"
 751 0204 01       		.byte	0x1
 752 0205 54       		.byte	0x54
 753 0206 2C000000 		.4byte	0x2c
 754 020a EB000000 		.4byte	.LLST7
 755 020e 0D       		.uleb128 0xd
 756 020f 06000000 		.4byte	.LVL15
 757 0213 11040000 		.4byte	0x411
 758 0217 0E       		.uleb128 0xe
 759 0218 01       		.uleb128 0x1
 760 0219 50       		.byte	0x50
 761 021a 03       		.uleb128 0x3
 762 021b F3       		.byte	0xf3
 763 021c 01       		.uleb128 0x1
 764 021d 50       		.byte	0x50
 765 021e 0E       		.uleb128 0xe
 766 021f 01       		.uleb128 0x1
 767 0220 51       		.byte	0x51
 768 0221 03       		.uleb128 0x3
 769 0222 F3       		.byte	0xf3
 770 0223 01       		.uleb128 0x1
 771 0224 51       		.byte	0x51
 772 0225 0E       		.uleb128 0xe
 773 0226 01       		.uleb128 0x1
 774 0227 52       		.byte	0x52
 775 0228 03       		.uleb128 0x3
 776 0229 F3       		.byte	0xf3
 777 022a 01       		.uleb128 0x1
 778 022b 52       		.byte	0x52
 779 022c 00       		.byte	0
 780 022d 00       		.byte	0
 781 022e 11       		.uleb128 0x11
 782 022f 04       		.byte	0x4
 783 0230 34020000 		.4byte	0x234
 784 0234 12       		.uleb128 0x12
 785 0235 13       		.uleb128 0x13
 786 0236 43010000 		.4byte	.LASF31
 787 023a 01       		.byte	0x1
 788 023b 1401     		.2byte	0x114
 789 023d 00000000 		.4byte	.LFB6
 790 0241 1C000000 		.4byte	.LFE6-.LFB6
 791 0245 01       		.uleb128 0x1
 792 0246 9C       		.byte	0x9c
 793 0247 68020000 		.4byte	0x268
 794 024b 14       		.uleb128 0x14
 795 024c 5F020000 		.4byte	.LASF29
ARM GAS  C:\Users\elias\AppData\Local\Temp\ccJiBcvT.s 			page 22


 796 0250 01       		.byte	0x1
 797 0251 1401     		.2byte	0x114
 798 0253 8D000000 		.4byte	0x8d
 799 0257 01       		.uleb128 0x1
 800 0258 50       		.byte	0x50
 801 0259 15       		.uleb128 0x15
 802 025a 9F020000 		.4byte	.LASF30
 803 025e 01       		.byte	0x1
 804 025f 1601     		.2byte	0x116
 805 0261 8D000000 		.4byte	0x8d
 806 0265 01       		.uleb128 0x1
 807 0266 53       		.byte	0x53
 808 0267 00       		.byte	0
 809 0268 13       		.uleb128 0x13
 810 0269 B3010000 		.4byte	.LASF32
 811 026d 01       		.byte	0x1
 812 026e 3601     		.2byte	0x136
 813 0270 00000000 		.4byte	.LFB7
 814 0274 D8000000 		.4byte	.LFE7-.LFB7
 815 0278 01       		.uleb128 0x1
 816 0279 9C       		.byte	0x9c
 817 027a FD030000 		.4byte	0x3fd
 818 027e 16       		.uleb128 0x16
 819 027f 0E000000 		.4byte	.LBB2
 820 0283 36000000 		.4byte	.LBE2-.LBB2
 821 0287 37030000 		.4byte	0x337
 822 028b 17       		.uleb128 0x17
 823 028c 06       		.byte	0x6
 824 028d 01       		.byte	0x1
 825 028e 4201     		.2byte	0x142
 826 0290 AF020000 		.4byte	0x2af
 827 0294 18       		.uleb128 0x18
 828 0295 E5010000 		.4byte	.LASF33
 829 0299 01       		.byte	0x1
 830 029a 4301     		.2byte	0x143
 831 029c 84000000 		.4byte	0x84
 832 02a0 00       		.byte	0
 833 02a1 18       		.uleb128 0x18
 834 02a2 89000000 		.4byte	.LASF34
 835 02a6 01       		.byte	0x1
 836 02a7 4401     		.2byte	0x144
 837 02a9 99000000 		.4byte	0x99
 838 02ad 04       		.byte	0x4
 839 02ae 00       		.byte	0
 840 02af 06       		.uleb128 0x6
 841 02b0 04020000 		.4byte	.LASF35
 842 02b4 01       		.byte	0x1
 843 02b5 4501     		.2byte	0x145
 844 02b7 8B020000 		.4byte	0x28b
 845 02bb 19       		.uleb128 0x19
 846 02bc CB020000 		.4byte	0x2cb
 847 02c0 CB020000 		.4byte	0x2cb
 848 02c4 1A       		.uleb128 0x1a
 849 02c5 7D000000 		.4byte	0x7d
 850 02c9 07       		.byte	0x7
 851 02ca 00       		.byte	0
 852 02cb 1B       		.uleb128 0x1b
ARM GAS  C:\Users\elias\AppData\Local\Temp\ccJiBcvT.s 			page 23


 853 02cc AF020000 		.4byte	0x2af
 854 02d0 15       		.uleb128 0x15
 855 02d1 34000000 		.4byte	.LASF36
 856 02d5 01       		.byte	0x1
 857 02d6 4701     		.2byte	0x147
 858 02d8 E2020000 		.4byte	0x2e2
 859 02dc 05       		.uleb128 0x5
 860 02dd 03       		.byte	0x3
 861 02de 00000000 		.4byte	cfg_memset_list.4992
 862 02e2 1B       		.uleb128 0x1b
 863 02e3 BB020000 		.4byte	0x2bb
 864 02e7 1C       		.uleb128 0x1c
 865 02e8 6900     		.ascii	"i\000"
 866 02ea 01       		.byte	0x1
 867 02eb 5301     		.2byte	0x153
 868 02ed 8D000000 		.4byte	0x8d
 869 02f1 0C010000 		.4byte	.LLST8
 870 02f5 1D       		.uleb128 0x1d
 871 02f6 12000000 		.4byte	.LBB3
 872 02fa 16000000 		.4byte	.LBE3-.LBB3
 873 02fe 1C       		.uleb128 0x1c
 874 02ff 6D7300   		.ascii	"ms\000"
 875 0302 01       		.byte	0x1
 876 0303 5801     		.2byte	0x158
 877 0305 0D030000 		.4byte	0x30d
 878 0309 36010000 		.4byte	.LLST9
 879 030d 11       		.uleb128 0x11
 880 030e 04       		.byte	0x4
 881 030f CB020000 		.4byte	0x2cb
 882 0313 0D       		.uleb128 0xd
 883 0314 28000000 		.4byte	.LVL22
 884 0318 29010000 		.4byte	0x129
 885 031c 0E       		.uleb128 0xe
 886 031d 01       		.uleb128 0x1
 887 031e 51       		.byte	0x51
 888 031f 14       		.uleb128 0x14
 889 0320 74       		.byte	0x74
 890 0321 00       		.sleb128 0
 891 0322 31       		.byte	0x31
 892 0323 24       		.byte	0x24
 893 0324 74       		.byte	0x74
 894 0325 00       		.sleb128 0
 895 0326 22       		.byte	0x22
 896 0327 31       		.byte	0x31
 897 0328 24       		.byte	0x24
 898 0329 75       		.byte	0x75
 899 032a 00       		.sleb128 0
 900 032b 22       		.byte	0x22
 901 032c 23       		.byte	0x23
 902 032d 04       		.uleb128 0x4
 903 032e 94       		.byte	0x94
 904 032f 02       		.byte	0x2
 905 0330 0A       		.byte	0xa
 906 0331 FFFF     		.2byte	0xffff
 907 0333 1A       		.byte	0x1a
 908 0334 00       		.byte	0
 909 0335 00       		.byte	0
ARM GAS  C:\Users\elias\AppData\Local\Temp\ccJiBcvT.s 			page 24


 910 0336 00       		.byte	0
 911 0337 0F       		.uleb128 0xf
 912 0338 50000000 		.4byte	.LVL25
 913 033c CE010000 		.4byte	0x1ce
 914 0340 5A030000 		.4byte	0x35a
 915 0344 0E       		.uleb128 0xe
 916 0345 01       		.uleb128 0x1
 917 0346 50       		.byte	0x50
 918 0347 05       		.uleb128 0x5
 919 0348 0C       		.byte	0xc
 920 0349 02510040 		.4byte	0x40005102
 921 034d 0E       		.uleb128 0xe
 922 034e 01       		.uleb128 0x1
 923 034f 51       		.byte	0x51
 924 0350 03       		.uleb128 0x3
 925 0351 42       		.byte	0x42
 926 0352 4A       		.byte	0x4a
 927 0353 24       		.byte	0x24
 928 0354 0E       		.uleb128 0xe
 929 0355 01       		.uleb128 0x1
 930 0356 52       		.byte	0x52
 931 0357 01       		.uleb128 0x1
 932 0358 38       		.byte	0x38
 933 0359 00       		.byte	0
 934 035a 0F       		.uleb128 0xf
 935 035b 5A000000 		.4byte	.LVL26
 936 035f CE010000 		.4byte	0x1ce
 937 0363 7F030000 		.4byte	0x37f
 938 0367 0E       		.uleb128 0xe
 939 0368 01       		.uleb128 0x1
 940 0369 50       		.byte	0x50
 941 036a 05       		.uleb128 0x5
 942 036b 0C       		.byte	0xc
 943 036c F2510040 		.4byte	0x400051f2
 944 0370 0E       		.uleb128 0xe
 945 0371 01       		.uleb128 0x1
 946 0372 51       		.byte	0x51
 947 0373 05       		.uleb128 0x5
 948 0374 0C       		.byte	0xc
 949 0375 08000048 		.4byte	0x48000008
 950 0379 0E       		.uleb128 0xe
 951 037a 01       		.uleb128 0x1
 952 037b 52       		.byte	0x52
 953 037c 01       		.uleb128 0x1
 954 037d 38       		.byte	0x38
 955 037e 00       		.byte	0
 956 037f 0F       		.uleb128 0xf
 957 0380 64000000 		.4byte	.LVL27
 958 0384 CE010000 		.4byte	0x1ce
 959 0388 A4030000 		.4byte	0x3a4
 960 038c 0E       		.uleb128 0xe
 961 038d 01       		.uleb128 0x1
 962 038e 50       		.byte	0x50
 963 038f 05       		.uleb128 0x5
 964 0390 0C       		.byte	0xc
 965 0391 12510040 		.4byte	0x40005112
 966 0395 0E       		.uleb128 0xe
ARM GAS  C:\Users\elias\AppData\Local\Temp\ccJiBcvT.s 			page 25


 967 0396 01       		.uleb128 0x1
 968 0397 51       		.byte	0x51
 969 0398 05       		.uleb128 0x5
 970 0399 0C       		.byte	0xc
 971 039a 10000048 		.4byte	0x48000010
 972 039e 0E       		.uleb128 0xe
 973 039f 01       		.uleb128 0x1
 974 03a0 52       		.byte	0x52
 975 03a1 01       		.uleb128 0x1
 976 03a2 38       		.byte	0x38
 977 03a3 00       		.byte	0
 978 03a4 0F       		.uleb128 0xf
 979 03a5 6E000000 		.4byte	.LVL28
 980 03a9 CE010000 		.4byte	0x1ce
 981 03ad C9030000 		.4byte	0x3c9
 982 03b1 0E       		.uleb128 0xe
 983 03b2 01       		.uleb128 0x1
 984 03b3 50       		.byte	0x50
 985 03b4 05       		.uleb128 0x5
 986 03b5 0C       		.byte	0xc
 987 03b6 32510040 		.4byte	0x40005132
 988 03ba 0E       		.uleb128 0xe
 989 03bb 01       		.uleb128 0x1
 990 03bc 51       		.byte	0x51
 991 03bd 05       		.uleb128 0x5
 992 03be 0C       		.byte	0xc
 993 03bf 18000048 		.4byte	0x48000018
 994 03c3 0E       		.uleb128 0xe
 995 03c4 01       		.uleb128 0x1
 996 03c5 52       		.byte	0x52
 997 03c6 01       		.uleb128 0x1
 998 03c7 38       		.byte	0x38
 999 03c8 00       		.byte	0
 1000 03c9 1E       		.uleb128 0x1e
 1001 03ca 82000000 		.4byte	.LVL30
 1002 03ce 76010000 		.4byte	0x176
 1003 03d2 1E       		.uleb128 0x1e
 1004 03d3 90000000 		.4byte	.LVL31
 1005 03d7 04010000 		.4byte	0x104
 1006 03db 0D       		.uleb128 0xd
 1007 03dc 9A000000 		.4byte	.LVL32
 1008 03e0 CE010000 		.4byte	0x1ce
 1009 03e4 0E       		.uleb128 0xe
 1010 03e5 01       		.uleb128 0x1
 1011 03e6 50       		.byte	0x50
 1012 03e7 05       		.uleb128 0x5
 1013 03e8 0C       		.byte	0xc
 1014 03e9 B0430040 		.4byte	0x400043b0
 1015 03ed 0E       		.uleb128 0xe
 1016 03ee 01       		.uleb128 0x1
 1017 03ef 51       		.byte	0x51
 1018 03f0 05       		.uleb128 0x5
 1019 03f1 0C       		.byte	0xc
 1020 03f2 A0430040 		.4byte	0x400043a0
 1021 03f6 0E       		.uleb128 0xe
 1022 03f7 01       		.uleb128 0x1
 1023 03f8 52       		.byte	0x52
ARM GAS  C:\Users\elias\AppData\Local\Temp\ccJiBcvT.s 			page 26


 1024 03f9 01       		.uleb128 0x1
 1025 03fa 3E       		.byte	0x3e
 1026 03fb 00       		.byte	0
 1027 03fc 00       		.byte	0
 1028 03fd 1F       		.uleb128 0x1f
 1029 03fe 67010000 		.4byte	.LASF37
 1030 0402 67010000 		.4byte	.LASF37
 1031 0406 20       		.uleb128 0x20
 1032 0407 06000000 		.4byte	.LASF43
 1033 040b 06000000 		.4byte	.LASF43
 1034 040f 04       		.byte	0x4
 1035 0410 79       		.byte	0x79
 1036 0411 1F       		.uleb128 0x1f
 1037 0412 4E020000 		.4byte	.LASF38
 1038 0416 4E020000 		.4byte	.LASF38
 1039 041a 00       		.byte	0
 1040              		.section	.debug_abbrev,"",%progbits
 1041              	.Ldebug_abbrev0:
 1042 0000 01       		.uleb128 0x1
 1043 0001 11       		.uleb128 0x11
 1044 0002 01       		.byte	0x1
 1045 0003 25       		.uleb128 0x25
 1046 0004 0E       		.uleb128 0xe
 1047 0005 13       		.uleb128 0x13
 1048 0006 0B       		.uleb128 0xb
 1049 0007 03       		.uleb128 0x3
 1050 0008 0E       		.uleb128 0xe
 1051 0009 1B       		.uleb128 0x1b
 1052 000a 0E       		.uleb128 0xe
 1053 000b 55       		.uleb128 0x55
 1054 000c 17       		.uleb128 0x17
 1055 000d 11       		.uleb128 0x11
 1056 000e 01       		.uleb128 0x1
 1057 000f 10       		.uleb128 0x10
 1058 0010 17       		.uleb128 0x17
 1059 0011 00       		.byte	0
 1060 0012 00       		.byte	0
 1061 0013 02       		.uleb128 0x2
 1062 0014 24       		.uleb128 0x24
 1063 0015 00       		.byte	0
 1064 0016 0B       		.uleb128 0xb
 1065 0017 0B       		.uleb128 0xb
 1066 0018 3E       		.uleb128 0x3e
 1067 0019 0B       		.uleb128 0xb
 1068 001a 03       		.uleb128 0x3
 1069 001b 08       		.uleb128 0x8
 1070 001c 00       		.byte	0
 1071 001d 00       		.byte	0
 1072 001e 03       		.uleb128 0x3
 1073 001f 16       		.uleb128 0x16
 1074 0020 00       		.byte	0
 1075 0021 03       		.uleb128 0x3
 1076 0022 0E       		.uleb128 0xe
 1077 0023 3A       		.uleb128 0x3a
 1078 0024 0B       		.uleb128 0xb
 1079 0025 3B       		.uleb128 0x3b
 1080 0026 0B       		.uleb128 0xb
ARM GAS  C:\Users\elias\AppData\Local\Temp\ccJiBcvT.s 			page 27


 1081 0027 49       		.uleb128 0x49
 1082 0028 13       		.uleb128 0x13
 1083 0029 00       		.byte	0
 1084 002a 00       		.byte	0
 1085 002b 04       		.uleb128 0x4
 1086 002c 24       		.uleb128 0x24
 1087 002d 00       		.byte	0
 1088 002e 0B       		.uleb128 0xb
 1089 002f 0B       		.uleb128 0xb
 1090 0030 3E       		.uleb128 0x3e
 1091 0031 0B       		.uleb128 0xb
 1092 0032 03       		.uleb128 0x3
 1093 0033 0E       		.uleb128 0xe
 1094 0034 00       		.byte	0
 1095 0035 00       		.byte	0
 1096 0036 05       		.uleb128 0x5
 1097 0037 0F       		.uleb128 0xf
 1098 0038 00       		.byte	0
 1099 0039 0B       		.uleb128 0xb
 1100 003a 0B       		.uleb128 0xb
 1101 003b 00       		.byte	0
 1102 003c 00       		.byte	0
 1103 003d 06       		.uleb128 0x6
 1104 003e 16       		.uleb128 0x16
 1105 003f 00       		.byte	0
 1106 0040 03       		.uleb128 0x3
 1107 0041 0E       		.uleb128 0xe
 1108 0042 3A       		.uleb128 0x3a
 1109 0043 0B       		.uleb128 0xb
 1110 0044 3B       		.uleb128 0x3b
 1111 0045 05       		.uleb128 0x5
 1112 0046 49       		.uleb128 0x49
 1113 0047 13       		.uleb128 0x13
 1114 0048 00       		.byte	0
 1115 0049 00       		.byte	0
 1116 004a 07       		.uleb128 0x7
 1117 004b 35       		.uleb128 0x35
 1118 004c 00       		.byte	0
 1119 004d 49       		.uleb128 0x49
 1120 004e 13       		.uleb128 0x13
 1121 004f 00       		.byte	0
 1122 0050 00       		.byte	0
 1123 0051 08       		.uleb128 0x8
 1124 0052 2E       		.uleb128 0x2e
 1125 0053 01       		.byte	0x1
 1126 0054 03       		.uleb128 0x3
 1127 0055 0E       		.uleb128 0xe
 1128 0056 3A       		.uleb128 0x3a
 1129 0057 0B       		.uleb128 0xb
 1130 0058 3B       		.uleb128 0x3b
 1131 0059 0B       		.uleb128 0xb
 1132 005a 27       		.uleb128 0x27
 1133 005b 19       		.uleb128 0x19
 1134 005c 8701     		.uleb128 0x87
 1135 005e 19       		.uleb128 0x19
 1136 005f 11       		.uleb128 0x11
 1137 0060 01       		.uleb128 0x1
ARM GAS  C:\Users\elias\AppData\Local\Temp\ccJiBcvT.s 			page 28


 1138 0061 12       		.uleb128 0x12
 1139 0062 06       		.uleb128 0x6
 1140 0063 40       		.uleb128 0x40
 1141 0064 18       		.uleb128 0x18
 1142 0065 9742     		.uleb128 0x2117
 1143 0067 19       		.uleb128 0x19
 1144 0068 01       		.uleb128 0x1
 1145 0069 13       		.uleb128 0x13
 1146 006a 00       		.byte	0
 1147 006b 00       		.byte	0
 1148 006c 09       		.uleb128 0x9
 1149 006d 05       		.uleb128 0x5
 1150 006e 00       		.byte	0
 1151 006f 03       		.uleb128 0x3
 1152 0070 0E       		.uleb128 0xe
 1153 0071 3A       		.uleb128 0x3a
 1154 0072 0B       		.uleb128 0xb
 1155 0073 3B       		.uleb128 0x3b
 1156 0074 0B       		.uleb128 0xb
 1157 0075 49       		.uleb128 0x49
 1158 0076 13       		.uleb128 0x13
 1159 0077 02       		.uleb128 0x2
 1160 0078 18       		.uleb128 0x18
 1161 0079 00       		.byte	0
 1162 007a 00       		.byte	0
 1163 007b 0A       		.uleb128 0xa
 1164 007c 2E       		.uleb128 0x2e
 1165 007d 01       		.byte	0x1
 1166 007e 03       		.uleb128 0x3
 1167 007f 0E       		.uleb128 0xe
 1168 0080 3A       		.uleb128 0x3a
 1169 0081 0B       		.uleb128 0xb
 1170 0082 3B       		.uleb128 0x3b
 1171 0083 0B       		.uleb128 0xb
 1172 0084 27       		.uleb128 0x27
 1173 0085 19       		.uleb128 0x19
 1174 0086 11       		.uleb128 0x11
 1175 0087 01       		.uleb128 0x1
 1176 0088 12       		.uleb128 0x12
 1177 0089 06       		.uleb128 0x6
 1178 008a 40       		.uleb128 0x40
 1179 008b 18       		.uleb128 0x18
 1180 008c 9742     		.uleb128 0x2117
 1181 008e 19       		.uleb128 0x19
 1182 008f 01       		.uleb128 0x1
 1183 0090 13       		.uleb128 0x13
 1184 0091 00       		.byte	0
 1185 0092 00       		.byte	0
 1186 0093 0B       		.uleb128 0xb
 1187 0094 34       		.uleb128 0x34
 1188 0095 00       		.byte	0
 1189 0096 03       		.uleb128 0x3
 1190 0097 0E       		.uleb128 0xe
 1191 0098 3A       		.uleb128 0x3a
 1192 0099 0B       		.uleb128 0xb
 1193 009a 3B       		.uleb128 0x3b
 1194 009b 0B       		.uleb128 0xb
ARM GAS  C:\Users\elias\AppData\Local\Temp\ccJiBcvT.s 			page 29


 1195 009c 49       		.uleb128 0x49
 1196 009d 13       		.uleb128 0x13
 1197 009e 02       		.uleb128 0x2
 1198 009f 17       		.uleb128 0x17
 1199 00a0 00       		.byte	0
 1200 00a1 00       		.byte	0
 1201 00a2 0C       		.uleb128 0xc
 1202 00a3 05       		.uleb128 0x5
 1203 00a4 00       		.byte	0
 1204 00a5 03       		.uleb128 0x3
 1205 00a6 08       		.uleb128 0x8
 1206 00a7 3A       		.uleb128 0x3a
 1207 00a8 0B       		.uleb128 0xb
 1208 00a9 3B       		.uleb128 0x3b
 1209 00aa 0B       		.uleb128 0xb
 1210 00ab 49       		.uleb128 0x49
 1211 00ac 13       		.uleb128 0x13
 1212 00ad 02       		.uleb128 0x2
 1213 00ae 17       		.uleb128 0x17
 1214 00af 00       		.byte	0
 1215 00b0 00       		.byte	0
 1216 00b1 0D       		.uleb128 0xd
 1217 00b2 898201   		.uleb128 0x4109
 1218 00b5 01       		.byte	0x1
 1219 00b6 11       		.uleb128 0x11
 1220 00b7 01       		.uleb128 0x1
 1221 00b8 31       		.uleb128 0x31
 1222 00b9 13       		.uleb128 0x13
 1223 00ba 00       		.byte	0
 1224 00bb 00       		.byte	0
 1225 00bc 0E       		.uleb128 0xe
 1226 00bd 8A8201   		.uleb128 0x410a
 1227 00c0 00       		.byte	0
 1228 00c1 02       		.uleb128 0x2
 1229 00c2 18       		.uleb128 0x18
 1230 00c3 9142     		.uleb128 0x2111
 1231 00c5 18       		.uleb128 0x18
 1232 00c6 00       		.byte	0
 1233 00c7 00       		.byte	0
 1234 00c8 0F       		.uleb128 0xf
 1235 00c9 898201   		.uleb128 0x4109
 1236 00cc 01       		.byte	0x1
 1237 00cd 11       		.uleb128 0x11
 1238 00ce 01       		.uleb128 0x1
 1239 00cf 31       		.uleb128 0x31
 1240 00d0 13       		.uleb128 0x13
 1241 00d1 01       		.uleb128 0x1
 1242 00d2 13       		.uleb128 0x13
 1243 00d3 00       		.byte	0
 1244 00d4 00       		.byte	0
 1245 00d5 10       		.uleb128 0x10
 1246 00d6 05       		.uleb128 0x5
 1247 00d7 00       		.byte	0
 1248 00d8 03       		.uleb128 0x3
 1249 00d9 0E       		.uleb128 0xe
 1250 00da 3A       		.uleb128 0x3a
 1251 00db 0B       		.uleb128 0xb
ARM GAS  C:\Users\elias\AppData\Local\Temp\ccJiBcvT.s 			page 30


 1252 00dc 3B       		.uleb128 0x3b
 1253 00dd 0B       		.uleb128 0xb
 1254 00de 49       		.uleb128 0x49
 1255 00df 13       		.uleb128 0x13
 1256 00e0 02       		.uleb128 0x2
 1257 00e1 17       		.uleb128 0x17
 1258 00e2 00       		.byte	0
 1259 00e3 00       		.byte	0
 1260 00e4 11       		.uleb128 0x11
 1261 00e5 0F       		.uleb128 0xf
 1262 00e6 00       		.byte	0
 1263 00e7 0B       		.uleb128 0xb
 1264 00e8 0B       		.uleb128 0xb
 1265 00e9 49       		.uleb128 0x49
 1266 00ea 13       		.uleb128 0x13
 1267 00eb 00       		.byte	0
 1268 00ec 00       		.byte	0
 1269 00ed 12       		.uleb128 0x12
 1270 00ee 26       		.uleb128 0x26
 1271 00ef 00       		.byte	0
 1272 00f0 00       		.byte	0
 1273 00f1 00       		.byte	0
 1274 00f2 13       		.uleb128 0x13
 1275 00f3 2E       		.uleb128 0x2e
 1276 00f4 01       		.byte	0x1
 1277 00f5 3F       		.uleb128 0x3f
 1278 00f6 19       		.uleb128 0x19
 1279 00f7 03       		.uleb128 0x3
 1280 00f8 0E       		.uleb128 0xe
 1281 00f9 3A       		.uleb128 0x3a
 1282 00fa 0B       		.uleb128 0xb
 1283 00fb 3B       		.uleb128 0x3b
 1284 00fc 05       		.uleb128 0x5
 1285 00fd 27       		.uleb128 0x27
 1286 00fe 19       		.uleb128 0x19
 1287 00ff 11       		.uleb128 0x11
 1288 0100 01       		.uleb128 0x1
 1289 0101 12       		.uleb128 0x12
 1290 0102 06       		.uleb128 0x6
 1291 0103 40       		.uleb128 0x40
 1292 0104 18       		.uleb128 0x18
 1293 0105 9742     		.uleb128 0x2117
 1294 0107 19       		.uleb128 0x19
 1295 0108 01       		.uleb128 0x1
 1296 0109 13       		.uleb128 0x13
 1297 010a 00       		.byte	0
 1298 010b 00       		.byte	0
 1299 010c 14       		.uleb128 0x14
 1300 010d 05       		.uleb128 0x5
 1301 010e 00       		.byte	0
 1302 010f 03       		.uleb128 0x3
 1303 0110 0E       		.uleb128 0xe
 1304 0111 3A       		.uleb128 0x3a
 1305 0112 0B       		.uleb128 0xb
 1306 0113 3B       		.uleb128 0x3b
 1307 0114 05       		.uleb128 0x5
 1308 0115 49       		.uleb128 0x49
ARM GAS  C:\Users\elias\AppData\Local\Temp\ccJiBcvT.s 			page 31


 1309 0116 13       		.uleb128 0x13
 1310 0117 02       		.uleb128 0x2
 1311 0118 18       		.uleb128 0x18
 1312 0119 00       		.byte	0
 1313 011a 00       		.byte	0
 1314 011b 15       		.uleb128 0x15
 1315 011c 34       		.uleb128 0x34
 1316 011d 00       		.byte	0
 1317 011e 03       		.uleb128 0x3
 1318 011f 0E       		.uleb128 0xe
 1319 0120 3A       		.uleb128 0x3a
 1320 0121 0B       		.uleb128 0xb
 1321 0122 3B       		.uleb128 0x3b
 1322 0123 05       		.uleb128 0x5
 1323 0124 49       		.uleb128 0x49
 1324 0125 13       		.uleb128 0x13
 1325 0126 02       		.uleb128 0x2
 1326 0127 18       		.uleb128 0x18
 1327 0128 00       		.byte	0
 1328 0129 00       		.byte	0
 1329 012a 16       		.uleb128 0x16
 1330 012b 0B       		.uleb128 0xb
 1331 012c 01       		.byte	0x1
 1332 012d 11       		.uleb128 0x11
 1333 012e 01       		.uleb128 0x1
 1334 012f 12       		.uleb128 0x12
 1335 0130 06       		.uleb128 0x6
 1336 0131 01       		.uleb128 0x1
 1337 0132 13       		.uleb128 0x13
 1338 0133 00       		.byte	0
 1339 0134 00       		.byte	0
 1340 0135 17       		.uleb128 0x17
 1341 0136 13       		.uleb128 0x13
 1342 0137 01       		.byte	0x1
 1343 0138 0B       		.uleb128 0xb
 1344 0139 0B       		.uleb128 0xb
 1345 013a 3A       		.uleb128 0x3a
 1346 013b 0B       		.uleb128 0xb
 1347 013c 3B       		.uleb128 0x3b
 1348 013d 05       		.uleb128 0x5
 1349 013e 01       		.uleb128 0x1
 1350 013f 13       		.uleb128 0x13
 1351 0140 00       		.byte	0
 1352 0141 00       		.byte	0
 1353 0142 18       		.uleb128 0x18
 1354 0143 0D       		.uleb128 0xd
 1355 0144 00       		.byte	0
 1356 0145 03       		.uleb128 0x3
 1357 0146 0E       		.uleb128 0xe
 1358 0147 3A       		.uleb128 0x3a
 1359 0148 0B       		.uleb128 0xb
 1360 0149 3B       		.uleb128 0x3b
 1361 014a 05       		.uleb128 0x5
 1362 014b 49       		.uleb128 0x49
 1363 014c 13       		.uleb128 0x13
 1364 014d 38       		.uleb128 0x38
 1365 014e 0B       		.uleb128 0xb
ARM GAS  C:\Users\elias\AppData\Local\Temp\ccJiBcvT.s 			page 32


 1366 014f 00       		.byte	0
 1367 0150 00       		.byte	0
 1368 0151 19       		.uleb128 0x19
 1369 0152 01       		.uleb128 0x1
 1370 0153 01       		.byte	0x1
 1371 0154 49       		.uleb128 0x49
 1372 0155 13       		.uleb128 0x13
 1373 0156 01       		.uleb128 0x1
 1374 0157 13       		.uleb128 0x13
 1375 0158 00       		.byte	0
 1376 0159 00       		.byte	0
 1377 015a 1A       		.uleb128 0x1a
 1378 015b 21       		.uleb128 0x21
 1379 015c 00       		.byte	0
 1380 015d 49       		.uleb128 0x49
 1381 015e 13       		.uleb128 0x13
 1382 015f 2F       		.uleb128 0x2f
 1383 0160 0B       		.uleb128 0xb
 1384 0161 00       		.byte	0
 1385 0162 00       		.byte	0
 1386 0163 1B       		.uleb128 0x1b
 1387 0164 26       		.uleb128 0x26
 1388 0165 00       		.byte	0
 1389 0166 49       		.uleb128 0x49
 1390 0167 13       		.uleb128 0x13
 1391 0168 00       		.byte	0
 1392 0169 00       		.byte	0
 1393 016a 1C       		.uleb128 0x1c
 1394 016b 34       		.uleb128 0x34
 1395 016c 00       		.byte	0
 1396 016d 03       		.uleb128 0x3
 1397 016e 08       		.uleb128 0x8
 1398 016f 3A       		.uleb128 0x3a
 1399 0170 0B       		.uleb128 0xb
 1400 0171 3B       		.uleb128 0x3b
 1401 0172 05       		.uleb128 0x5
 1402 0173 49       		.uleb128 0x49
 1403 0174 13       		.uleb128 0x13
 1404 0175 02       		.uleb128 0x2
 1405 0176 17       		.uleb128 0x17
 1406 0177 00       		.byte	0
 1407 0178 00       		.byte	0
 1408 0179 1D       		.uleb128 0x1d
 1409 017a 0B       		.uleb128 0xb
 1410 017b 01       		.byte	0x1
 1411 017c 11       		.uleb128 0x11
 1412 017d 01       		.uleb128 0x1
 1413 017e 12       		.uleb128 0x12
 1414 017f 06       		.uleb128 0x6
 1415 0180 00       		.byte	0
 1416 0181 00       		.byte	0
 1417 0182 1E       		.uleb128 0x1e
 1418 0183 898201   		.uleb128 0x4109
 1419 0186 00       		.byte	0
 1420 0187 11       		.uleb128 0x11
 1421 0188 01       		.uleb128 0x1
 1422 0189 31       		.uleb128 0x31
ARM GAS  C:\Users\elias\AppData\Local\Temp\ccJiBcvT.s 			page 33


 1423 018a 13       		.uleb128 0x13
 1424 018b 00       		.byte	0
 1425 018c 00       		.byte	0
 1426 018d 1F       		.uleb128 0x1f
 1427 018e 2E       		.uleb128 0x2e
 1428 018f 00       		.byte	0
 1429 0190 3F       		.uleb128 0x3f
 1430 0191 19       		.uleb128 0x19
 1431 0192 3C       		.uleb128 0x3c
 1432 0193 19       		.uleb128 0x19
 1433 0194 6E       		.uleb128 0x6e
 1434 0195 0E       		.uleb128 0xe
 1435 0196 03       		.uleb128 0x3
 1436 0197 0E       		.uleb128 0xe
 1437 0198 00       		.byte	0
 1438 0199 00       		.byte	0
 1439 019a 20       		.uleb128 0x20
 1440 019b 2E       		.uleb128 0x2e
 1441 019c 00       		.byte	0
 1442 019d 3F       		.uleb128 0x3f
 1443 019e 19       		.uleb128 0x19
 1444 019f 3C       		.uleb128 0x3c
 1445 01a0 19       		.uleb128 0x19
 1446 01a1 6E       		.uleb128 0x6e
 1447 01a2 0E       		.uleb128 0xe
 1448 01a3 03       		.uleb128 0x3
 1449 01a4 0E       		.uleb128 0xe
 1450 01a5 3A       		.uleb128 0x3a
 1451 01a6 0B       		.uleb128 0xb
 1452 01a7 3B       		.uleb128 0x3b
 1453 01a8 0B       		.uleb128 0xb
 1454 01a9 00       		.byte	0
 1455 01aa 00       		.byte	0
 1456 01ab 00       		.byte	0
 1457              		.section	.debug_loc,"",%progbits
 1458              	.Ldebug_loc0:
 1459              	.LLST0:
 1460 0000 06000000 		.4byte	.LVL1
 1461 0004 10000000 		.4byte	.LVL2
 1462 0008 0100     		.2byte	0x1
 1463 000a 53       		.byte	0x53
 1464 000b 00000000 		.4byte	0
 1465 000f 00000000 		.4byte	0
 1466              	.LLST1:
 1467 0013 00000000 		.4byte	.LVL3
 1468 0017 09000000 		.4byte	.LVL5-1
 1469 001b 0100     		.2byte	0x1
 1470 001d 50       		.byte	0x50
 1471 001e 09000000 		.4byte	.LVL5-1
 1472 0022 0C000000 		.4byte	.LFE0
 1473 0026 0400     		.2byte	0x4
 1474 0028 F3       		.byte	0xf3
 1475 0029 01       		.uleb128 0x1
 1476 002a 50       		.byte	0x50
 1477 002b 9F       		.byte	0x9f
 1478 002c 00000000 		.4byte	0
 1479 0030 00000000 		.4byte	0
ARM GAS  C:\Users\elias\AppData\Local\Temp\ccJiBcvT.s 			page 34


 1480              	.LLST2:
 1481 0034 00000000 		.4byte	.LVL3
 1482 0038 06000000 		.4byte	.LVL4
 1483 003c 0100     		.2byte	0x1
 1484 003e 51       		.byte	0x51
 1485 003f 06000000 		.4byte	.LVL4
 1486 0043 09000000 		.4byte	.LVL5-1
 1487 0047 0100     		.2byte	0x1
 1488 0049 52       		.byte	0x52
 1489 004a 09000000 		.4byte	.LVL5-1
 1490 004e 0C000000 		.4byte	.LFE0
 1491 0052 0400     		.2byte	0x4
 1492 0054 F3       		.byte	0xf3
 1493 0055 01       		.uleb128 0x1
 1494 0056 51       		.byte	0x51
 1495 0057 9F       		.byte	0x9f
 1496 0058 00000000 		.4byte	0
 1497 005c 00000000 		.4byte	0
 1498              	.LLST3:
 1499 0060 2E000000 		.4byte	.LVL6
 1500 0064 34000000 		.4byte	.LVL7
 1501 0068 0200     		.2byte	0x2
 1502 006a 49       		.byte	0x49
 1503 006b 9F       		.byte	0x9f
 1504 006c 34000000 		.4byte	.LVL7
 1505 0070 7E000000 		.4byte	.LVL13
 1506 0074 0100     		.2byte	0x1
 1507 0076 55       		.byte	0x55
 1508 0077 00000000 		.4byte	0
 1509 007b 00000000 		.4byte	0
 1510              	.LLST4:
 1511 007f 2E000000 		.4byte	.LVL6
 1512 0083 34000000 		.4byte	.LVL7
 1513 0087 0200     		.2byte	0x2
 1514 0089 30       		.byte	0x30
 1515 008a 9F       		.byte	0x9f
 1516 008b 34000000 		.4byte	.LVL7
 1517 008f 40000000 		.4byte	.LVL8
 1518 0093 0100     		.2byte	0x1
 1519 0095 54       		.byte	0x54
 1520 0096 44000000 		.4byte	.LVL9
 1521 009a 7E000000 		.4byte	.LVL13
 1522 009e 0100     		.2byte	0x1
 1523 00a0 54       		.byte	0x54
 1524 00a1 00000000 		.4byte	0
 1525 00a5 00000000 		.4byte	0
 1526              	.LLST5:
 1527 00a9 00000000 		.4byte	.LVL14
 1528 00ad 05000000 		.4byte	.LVL15-1
 1529 00b1 0100     		.2byte	0x1
 1530 00b3 50       		.byte	0x50
 1531 00b4 05000000 		.4byte	.LVL15-1
 1532 00b8 08000000 		.4byte	.LFE1
 1533 00bc 0400     		.2byte	0x4
 1534 00be F3       		.byte	0xf3
 1535 00bf 01       		.uleb128 0x1
 1536 00c0 50       		.byte	0x50
ARM GAS  C:\Users\elias\AppData\Local\Temp\ccJiBcvT.s 			page 35


 1537 00c1 9F       		.byte	0x9f
 1538 00c2 00000000 		.4byte	0
 1539 00c6 00000000 		.4byte	0
 1540              	.LLST6:
 1541 00ca 00000000 		.4byte	.LVL14
 1542 00ce 05000000 		.4byte	.LVL15-1
 1543 00d2 0100     		.2byte	0x1
 1544 00d4 51       		.byte	0x51
 1545 00d5 05000000 		.4byte	.LVL15-1
 1546 00d9 08000000 		.4byte	.LFE1
 1547 00dd 0400     		.2byte	0x4
 1548 00df F3       		.byte	0xf3
 1549 00e0 01       		.uleb128 0x1
 1550 00e1 51       		.byte	0x51
 1551 00e2 9F       		.byte	0x9f
 1552 00e3 00000000 		.4byte	0
 1553 00e7 00000000 		.4byte	0
 1554              	.LLST7:
 1555 00eb 00000000 		.4byte	.LVL14
 1556 00ef 05000000 		.4byte	.LVL15-1
 1557 00f3 0100     		.2byte	0x1
 1558 00f5 52       		.byte	0x52
 1559 00f6 05000000 		.4byte	.LVL15-1
 1560 00fa 08000000 		.4byte	.LFE1
 1561 00fe 0400     		.2byte	0x4
 1562 0100 F3       		.byte	0xf3
 1563 0101 01       		.uleb128 0x1
 1564 0102 52       		.byte	0x52
 1565 0103 9F       		.byte	0x9f
 1566 0104 00000000 		.4byte	0
 1567 0108 00000000 		.4byte	0
 1568              	.LLST8:
 1569 010c 0E000000 		.4byte	.LVL20
 1570 0110 12000000 		.4byte	.LVL21
 1571 0114 0200     		.2byte	0x2
 1572 0116 30       		.byte	0x30
 1573 0117 9F       		.byte	0x9f
 1574 0118 12000000 		.4byte	.LVL21
 1575 011c 2A000000 		.4byte	.LVL23
 1576 0120 0100     		.2byte	0x1
 1577 0122 54       		.byte	0x54
 1578 0123 2C000000 		.4byte	.LVL24
 1579 0127 7A000000 		.4byte	.LVL29
 1580 012b 0100     		.2byte	0x1
 1581 012d 54       		.byte	0x54
 1582 012e 00000000 		.4byte	0
 1583 0132 00000000 		.4byte	0
 1584              	.LLST9:
 1585 0136 12000000 		.4byte	.LVL21
 1586 013a 2A000000 		.4byte	.LVL23
 1587 013e 0B00     		.2byte	0xb
 1588 0140 74       		.byte	0x74
 1589 0141 00       		.sleb128 0
 1590 0142 36       		.byte	0x36
 1591 0143 1E       		.byte	0x1e
 1592 0144 03       		.byte	0x3
 1593 0145 00000000 		.4byte	cfg_memset_list.4992
ARM GAS  C:\Users\elias\AppData\Local\Temp\ccJiBcvT.s 			page 36


 1594 0149 22       		.byte	0x22
 1595 014a 9F       		.byte	0x9f
 1596 014b 2A000000 		.4byte	.LVL23
 1597 014f 2C000000 		.4byte	.LVL24
 1598 0153 0B00     		.2byte	0xb
 1599 0155 74       		.byte	0x74
 1600 0156 7F       		.sleb128 -1
 1601 0157 36       		.byte	0x36
 1602 0158 1E       		.byte	0x1e
 1603 0159 03       		.byte	0x3
 1604 015a 00000000 		.4byte	cfg_memset_list.4992
 1605 015e 22       		.byte	0x22
 1606 015f 9F       		.byte	0x9f
 1607 0160 00000000 		.4byte	0
 1608 0164 00000000 		.4byte	0
 1609              		.section	.debug_aranges,"",%progbits
 1610 0000 4C000000 		.4byte	0x4c
 1611 0004 0200     		.2byte	0x2
 1612 0006 00000000 		.4byte	.Ldebug_info0
 1613 000a 04       		.byte	0x4
 1614 000b 00       		.byte	0
 1615 000c 0000     		.2byte	0
 1616 000e 0000     		.2byte	0
 1617 0010 00000000 		.4byte	.LFB3
 1618 0014 02000000 		.4byte	.LFE3-.LFB3
 1619 0018 00000000 		.4byte	.LFB5
 1620 001c 74000000 		.4byte	.LFE5-.LFB5
 1621 0020 00000000 		.4byte	.LFB0
 1622 0024 0C000000 		.4byte	.LFE0-.LFB0
 1623 0028 00000000 		.4byte	.LFB4
 1624 002c 9C000000 		.4byte	.LFE4-.LFB4
 1625 0030 00000000 		.4byte	.LFB1
 1626 0034 08000000 		.4byte	.LFE1-.LFB1
 1627 0038 00000000 		.4byte	.LFB6
 1628 003c 1C000000 		.4byte	.LFE6-.LFB6
 1629 0040 00000000 		.4byte	.LFB7
 1630 0044 D8000000 		.4byte	.LFE7-.LFB7
 1631 0048 00000000 		.4byte	0
 1632 004c 00000000 		.4byte	0
 1633              		.section	.debug_ranges,"",%progbits
 1634              	.Ldebug_ranges0:
 1635 0000 00000000 		.4byte	.LFB3
 1636 0004 02000000 		.4byte	.LFE3
 1637 0008 00000000 		.4byte	.LFB5
 1638 000c 74000000 		.4byte	.LFE5
 1639 0010 00000000 		.4byte	.LFB0
 1640 0014 0C000000 		.4byte	.LFE0
 1641 0018 00000000 		.4byte	.LFB4
 1642 001c 9C000000 		.4byte	.LFE4
 1643 0020 00000000 		.4byte	.LFB1
 1644 0024 08000000 		.4byte	.LFE1
 1645 0028 00000000 		.4byte	.LFB6
 1646 002c 1C000000 		.4byte	.LFE6
 1647 0030 00000000 		.4byte	.LFB7
 1648 0034 D8000000 		.4byte	.LFE7
 1649 0038 00000000 		.4byte	0
 1650 003c 00000000 		.4byte	0
ARM GAS  C:\Users\elias\AppData\Local\Temp\ccJiBcvT.s 			page 37


 1651              		.section	.debug_line,"",%progbits
 1652              	.Ldebug_line0:
 1653 0000 AF010000 		.section	.debug_str,"MS",%progbits,1
 1653      0200D600 
 1653      00000201 
 1653      FB0E0D00 
 1653      01010101 
 1654              	.LASF19:
 1655 0000 72656731 		.ascii	"reg16\000"
 1655      3600
 1656              	.LASF43:
 1657 0006 43794465 		.ascii	"CyDelayCycles\000"
 1657      6C617943 
 1657      79636C65 
 1657      7300
 1658              	.LASF12:
 1659 0014 73697A65 		.ascii	"size_t\000"
 1659      5F7400
 1660              	.LASF20:
 1661 001b 416E616C 		.ascii	"AnalogSetDefault\000"
 1661      6F675365 
 1661      74446566 
 1661      61756C74 
 1661      00
 1662              	.LASF25:
 1663 002c 74696D65 		.ascii	"timeout\000"
 1663      6F757400 
 1664              	.LASF36:
 1665 0034 6366675F 		.ascii	"cfg_memset_list\000"
 1665      6D656D73 
 1665      65745F6C 
 1665      69737400 
 1666              	.LASF23:
 1667 0044 436C6F63 		.ascii	"ClockSetup\000"
 1667      6B536574 
 1667      757000
 1668              	.LASF6:
 1669 004f 73686F72 		.ascii	"short unsigned int\000"
 1669      7420756E 
 1669      7369676E 
 1669      65642069 
 1669      6E7400
 1670              	.LASF26:
 1671 0062 706C6C4C 		.ascii	"pllLock\000"
 1671      6F636B00 
 1672              	.LASF16:
 1673 006a 666C6F61 		.ascii	"float\000"
 1673      7400
 1674              	.LASF42:
 1675 0070 4379436C 		.ascii	"CyClockStartupError\000"
 1675      6F636B53 
 1675      74617274 
 1675      75704572 
 1675      726F7200 
 1676              	.LASF28:
 1677 0084 64657374 		.ascii	"dest\000"
 1677      00
ARM GAS  C:\Users\elias\AppData\Local\Temp\ccJiBcvT.s 			page 38


 1678              	.LASF34:
 1679 0089 73697A65 		.ascii	"size\000"
 1679      00
 1680              	.LASF39:
 1681 008e 474E5520 		.ascii	"GNU C11 5.4.1 20160609 (release) [ARM/embedded-5-br"
 1681      43313120 
 1681      352E342E 
 1681      31203230 
 1681      31363036 
 1682 00c1 616E6368 		.ascii	"anch revision 237715] -mcpu=cortex-m3 -mthumb -g -O"
 1682      20726576 
 1682      6973696F 
 1682      6E203233 
 1682      37373135 
 1683 00f4 67202D66 		.ascii	"g -ffunction-sections -ffat-lto-objects\000"
 1683      66756E63 
 1683      74696F6E 
 1683      2D736563 
 1683      74696F6E 
 1684              	.LASF18:
 1685 011c 72656738 		.ascii	"reg8\000"
 1685      00
 1686              	.LASF8:
 1687 0121 6C6F6E67 		.ascii	"long unsigned int\000"
 1687      20756E73 
 1687      69676E65 
 1687      6420696E 
 1687      7400
 1688              	.LASF13:
 1689 0133 75696E74 		.ascii	"uint8\000"
 1689      3800
 1690              	.LASF21:
 1691 0139 43594D45 		.ascii	"CYMEMZERO\000"
 1691      4D5A4552 
 1691      4F00
 1692              	.LASF31:
 1693 0143 53657441 		.ascii	"SetAnalogRoutingPumps\000"
 1693      6E616C6F 
 1693      67526F75 
 1693      74696E67 
 1693      50756D70 
 1694              	.LASF4:
 1695 0159 756E7369 		.ascii	"unsigned char\000"
 1695      676E6564 
 1695      20636861 
 1695      7200
 1696              	.LASF37:
 1697 0167 6D656D73 		.ascii	"memset\000"
 1697      657400
 1698              	.LASF17:
 1699 016e 646F7562 		.ascii	"double\000"
 1699      6C6500
 1700              	.LASF41:
 1701 0175 433A5C47 		.ascii	"C:\\Github\\Tesis\\src\\psoc\\Acondicionamiento_lib"
 1701      69746875 
 1701      625C5465 
 1701      7369735C 
ARM GAS  C:\Users\elias\AppData\Local\Temp\ccJiBcvT.s 			page 39


 1701      7372635C 
 1702 01a3 5C534D2D 		.ascii	"\\SM-24_V1.cydsn\000"
 1702      32345F56 
 1702      312E6379 
 1702      64736E00 
 1703              	.LASF32:
 1704 01b3 63796669 		.ascii	"cyfitter_cfg\000"
 1704      74746572 
 1704      5F636667 
 1704      00
 1705              	.LASF14:
 1706 01c0 75696E74 		.ascii	"uint16\000"
 1706      313600
 1707              	.LASF22:
 1708 01c7 6572726F 		.ascii	"errorCode\000"
 1708      72436F64 
 1708      6500
 1709              	.LASF15:
 1710 01d1 75696E74 		.ascii	"uint32\000"
 1710      333200
 1711              	.LASF0:
 1712 01d8 756E7369 		.ascii	"unsigned int\000"
 1712      676E6564 
 1712      20696E74 
 1712      00
 1713              	.LASF33:
 1714 01e5 61646472 		.ascii	"address\000"
 1714      65737300 
 1715              	.LASF9:
 1716 01ed 6C6F6E67 		.ascii	"long long unsigned int\000"
 1716      206C6F6E 
 1716      6720756E 
 1716      7369676E 
 1716      65642069 
 1717              	.LASF35:
 1718 0204 6366675F 		.ascii	"cfg_memset_t\000"
 1718      6D656D73 
 1718      65745F74 
 1718      00
 1719              	.LASF10:
 1720 0211 73697A65 		.ascii	"sizetype\000"
 1720      74797065 
 1720      00
 1721              	.LASF1:
 1722 021a 6C6F6E67 		.ascii	"long long int\000"
 1722      206C6F6E 
 1722      6720696E 
 1722      7400
 1723              	.LASF40:
 1724 0228 47656E65 		.ascii	"Generated_Source\\PSoC5\\cyfitter_cfg.c\000"
 1724      72617465 
 1724      645F536F 
 1724      75726365 
 1724      5C50536F 
 1725              	.LASF38:
 1726 024e 6D656D63 		.ascii	"memcpy\000"
 1726      707900
ARM GAS  C:\Users\elias\AppData\Local\Temp\ccJiBcvT.s 			page 40


 1727              	.LASF5:
 1728 0255 73686F72 		.ascii	"short int\000"
 1728      7420696E 
 1728      7400
 1729              	.LASF29:
 1730 025f 656E6162 		.ascii	"enabled\000"
 1730      6C656400 
 1731              	.LASF7:
 1732 0267 6C6F6E67 		.ascii	"long int\000"
 1732      20696E74 
 1732      00
 1733              	.LASF11:
 1734 0270 63686172 		.ascii	"char\000"
 1734      00
 1735              	.LASF2:
 1736 0275 6C6F6E67 		.ascii	"long double\000"
 1736      20646F75 
 1736      626C6500 
 1737              	.LASF24:
 1738 0281 62675F78 		.ascii	"bg_xover_inl_trim\000"
 1738      6F766572 
 1738      5F696E6C 
 1738      5F747269 
 1738      6D00
 1739              	.LASF3:
 1740 0293 7369676E 		.ascii	"signed char\000"
 1740      65642063 
 1740      68617200 
 1741              	.LASF30:
 1742 029f 72656756 		.ascii	"regValue\000"
 1742      616C7565 
 1742      00
 1743              	.LASF27:
 1744 02a8 4359434F 		.ascii	"CYCONFIGCPY\000"
 1744      4E464947 
 1744      43505900 
 1745              		.ident	"GCC: (GNU Tools for ARM Embedded Processors) 5.4.1 20160609 (release) [ARM/embedded-5-bran
