--------------- Build Started: 05/10/2026 23:18:43 Project: DiferencialConRrefs_Copy_01, Configuration: ARM GCC 5.4-2016-q2-update Debug ---------------
The code generation step is up to date.
arm-none-eabi-gcc.exe -mcpu=cortex-m3 -mthumb -I..\shared -I. -IGenerated_Source\PSoC5 -Wa,-alh=.\CortexM3\ARM_GCC_541\Debug/main.lst -g -D DEBUG -D CY_CORE_ID=0 -Wall -ffunction-sections -ffat-lto-objects -Og -c main.c -o .\CortexM3\ARM_GCC_541\Debug\main.o
main.c:38:0: warning: "DEBUG" redefined
 #define DEBUG     0
 ^
<command-line>:0:0: note: this is the location of the previous definition
main.c:63:14: warning: 'fir_notch' defined but not used [-Wunused-function]
 static int32 fir_notch(int32 input)
              ^
arm-none-eabi-ar.exe -rs .\CortexM3\ARM_GCC_541\Debug\DiferencialConRrefs_Copy_01.a .\CortexM3\ARM_GCC_541\Debug\TIA_p.o .\CortexM3\ARM_GCC_541\Debug\TIA_p_PM.o .\CortexM3\ARM_GCC_541\Debug\TIA_n.o .\CortexM3\ARM_GCC_541\Debug\TIA_n_PM.o .\CortexM3\ARM_GCC_541\Debug\ADC_p.o .\CortexM3\ARM_GCC_541\Debug\ADC_n.o .\CortexM3\ARM_GCC_541\Debug\Filter.o .\CortexM3\ARM_GCC_541\Debug\Filter_PM.o .\CortexM3\ARM_GCC_541\Debug\Filter_PVT.o .\CortexM3\ARM_GCC_541\Debug\Filter_RAM_Data.o .\CortexM3\ARM_GCC_541\Debug\Filter_Coefficients.o .\CortexM3\ARM_GCC_541\Debug\CyDmac.o .\CortexM3\ARM_GCC_541\Debug\CyFlash.o .\CortexM3\ARM_GCC_541\Debug\CyLib.o .\CortexM3\ARM_GCC_541\Debug\cyPm.o .\CortexM3\ARM_GCC_541\Debug\CySpc.o .\CortexM3\ARM_GCC_541\Debug\cyutils.o .\CortexM3\ARM_GCC_541\Debug\cy_em_eeprom.o .\CortexM3\ARM_GCC_541\Debug\ADC_DelSig.o .\CortexM3\ARM_GCC_541\Debug\ADC_DelSig_PM.o .\CortexM3\ARM_GCC_541\Debug\ADC_DelSig_INT.o .\CortexM3\ARM_GCC_541\Debug\isr_DelSig.o .\CortexM3\ARM_GCC_541\Debug\ADC_DelSig_Ext_CP_Clk.o .\CortexM3\ARM_GCC_541\Debug\ADC_DelSig_IRQ.o .\CortexM3\ARM_GCC_541\Debug\ADC_DelSig_theACLK.o .\CortexM3\ARM_GCC_541\Debug\UART_PC.o .\CortexM3\ARM_GCC_541\Debug\UART_PC_PM.o .\CortexM3\ARM_GCC_541\Debug\UART_PC_INT.o .\CortexM3\ARM_GCC_541\Debug\UART_PC_BOOT.o .\CortexM3\ARM_GCC_541\Debug\UART_PC_IntClock.o .\CortexM3\ARM_GCC_541\Debug\isr_Filter.o .\CortexM3\ARM_GCC_541\Debug\PGA_p.o .\CortexM3\ARM_GCC_541\Debug\PGA_p_PM.o .\CortexM3\ARM_GCC_541\Debug\PGA_n.o .\CortexM3\ARM_GCC_541\Debug\PGA_n_PM.o .\CortexM3\ARM_GCC_541\Debug\In_p.o .\CortexM3\ARM_GCC_541\Debug\In_n.o .\CortexM3\ARM_GCC_541\Debug\Opa_ref.o .\CortexM3\ARM_GCC_541\Debug\Opa_ref_PM.o .\CortexM3\ARM_GCC_541\Debug\refIn.o .\CortexM3\ARM_GCC_541\Debug\OpaBP_n.o .\CortexM3\ARM_GCC_541\Debug\OpaBP_n_PM.o .\CortexM3\ARM_GCC_541\Debug\OpaBP_p.o .\CortexM3\ARM_GCC_541\Debug\OpaBP_p_PM.o .\CortexM3\ARM_GCC_541\Debug\BPout_p.o .\CortexM3\ARM_GCC_541\Debug\FDA_n.o .\CortexM3\ARM_GCC_541\Debug\FDA_p.o .\CortexM3\ARM_GCC_541\Debug\BPout_n.o .\CortexM3\ARM_GCC_541\Debug\LPin_p.o .\CortexM3\ARM_GCC_541\Debug\BPin_p.o .\CortexM3\ARM_GCC_541\Debug\BPin_n.o .\CortexM3\ARM_GCC_541\Debug\LPin_n.o .\CortexM3\ARM_GCC_541\Debug\LPout_p.o .\CortexM3\ARM_GCC_541\Debug\LPout_n.o .\CortexM3\ARM_GCC_541\Debug\BPref_n.o .\CortexM3\ARM_GCC_541\Debug\BPref_p.o .\CortexM3\ARM_GCC_541\Debug\LPref_n.o .\CortexM3\ARM_GCC_541\Debug\LPref_p.o .\CortexM3\ARM_GCC_541\Debug\VDAC_p.o .\CortexM3\ARM_GCC_541\Debug\VDAC_p_PM.o .\CortexM3\ARM_GCC_541\Debug\TIAref_p.o .\CortexM3\ARM_GCC_541\Debug\TIAref_n.o .\CortexM3\ARM_GCC_541\Debug\VDAC_n.o .\CortexM3\ARM_GCC_541\Debug\VDAC_n_PM.o .\CortexM3\ARM_GCC_541\Debug\CyBootAsmGnu.o
arm-none-eabi-ar.exe: creating .\CortexM3\ARM_GCC_541\Debug\DiferencialConRrefs_Copy_01.a
arm-none-eabi-gcc.exe -Wl,--start-group -o C:\Github\Tesis\src\psoc\DiferencialConRrefs_Copy_01.cydsn\CortexM3\ARM_GCC_541\Debug\DiferencialConRrefs_Copy_01.elf .\CortexM3\ARM_GCC_541\Debug\main.o .\CortexM3\ARM_GCC_541\Debug\AnalogToDigital.o .\CortexM3\ARM_GCC_541\Debug\buffers.o .\CortexM3\ARM_GCC_541\Debug\Communication.o .\CortexM3\ARM_GCC_541\Debug\isr_handlers.o .\CortexM3\ARM_GCC_541\Debug\tb_buffers.o .\CortexM3\ARM_GCC_541\Debug\TestBench.o .\CortexM3\ARM_GCC_541\Debug\debug.o .\CortexM3\ARM_GCC_541\Debug\cyfitter_cfg.o .\CortexM3\ARM_GCC_541\Debug\cymetadata.o .\CortexM3\ARM_GCC_541\Debug\Cm3Start.o .\CortexM3\ARM_GCC_541\Debug\DiferencialConRrefs_Copy_01.a "C:\Program Files (x86)\Cypress\PSoC Creator\4.4\PSoC Creator\psoc\content\cycomponentlibrary\CyComponentLibrary.cylib\CortexM3\ARM_GCC_541\Debug\CyComponentLibrary.a" -mcpu=cortex-m3 -mthumb -L Generated_Source\PSoC5 -Wl,-Map,.\CortexM3\ARM_GCC_541\Debug/DiferencialConRrefs_Copy_01.map -T Generated_Source\PSoC5\cm3gcc.ld -specs=nano.specs -Wl,--gc-sections -g -ffunction-sections -Og -ffat-lto-objects -Wl,--end-group
cyelftool.exe -C C:\Github\Tesis\src\psoc\DiferencialConRrefs_Copy_01.cydsn\CortexM3\ARM_GCC_541\Debug\DiferencialConRrefs_Copy_01.elf --flash_row_size 256 --flash_size 262144 --flash_offset 0x00000000
No ELF section .cychecksum found, creating one
Application checksum calculated and stored in ELF section .cychecksum
Checksum calculated and stored in ELF section .cymeta
cyelftool.exe -S C:\Github\Tesis\src\psoc\DiferencialConRrefs_Copy_01.cydsn\CortexM3\ARM_GCC_541\Debug\DiferencialConRrefs_Copy_01.elf
Flash used: 12118 of 262144 bytes (4.6%).
SRAM used: 6329 of 65536 bytes (9.7%). Stack: 2048 bytes. Heap: 128 bytes.
--------------- Build Succeeded: 05/10/2026 23:18:44 ---------------
