Archive member included to satisfy reference by file (symbol)

.\CortexM3\ARM_GCC_541\Debug\DiferencialConRrefsYMux_Copy_01.a(Filter.o)
                              .\CortexM3\ARM_GCC_541\Debug\main.o (Filter_Start)
.\CortexM3\ARM_GCC_541\Debug\DiferencialConRrefsYMux_Copy_01.a(Filter_PVT.o)
                              .\CortexM3\ARM_GCC_541\Debug\DiferencialConRrefsYMux_Copy_01.a(Filter.o) (Filter_SetInterruptMode)
.\CortexM3\ARM_GCC_541\Debug\DiferencialConRrefsYMux_Copy_01.a(Filter_RAM_Data.o)
                              .\CortexM3\ARM_GCC_541\Debug\DiferencialConRrefsYMux_Copy_01.a(Filter.o) (Filter_cfsm)
.\CortexM3\ARM_GCC_541\Debug\DiferencialConRrefsYMux_Copy_01.a(CyLib.o)
                              .\CortexM3\ARM_GCC_541\Debug\Cm3Start.o (CyHalt)
.\CortexM3\ARM_GCC_541\Debug\DiferencialConRrefsYMux_Copy_01.a(cyPm.o)
                              .\CortexM3\ARM_GCC_541\Debug\DiferencialConRrefsYMux_Copy_01.a(CyLib.o) (CyPmReadStatus)
.\CortexM3\ARM_GCC_541\Debug\DiferencialConRrefsYMux_Copy_01.a(ADC_DelSig.o)
                              .\CortexM3\ARM_GCC_541\Debug\main.o (ADC_DelSig_Start)
.\CortexM3\ARM_GCC_541\Debug\DiferencialConRrefsYMux_Copy_01.a(ADC_DelSig_INT.o)
                              .\CortexM3\ARM_GCC_541\Debug\DiferencialConRrefsYMux_Copy_01.a(ADC_DelSig.o) (ADC_DelSig_ISR1)
.\CortexM3\ARM_GCC_541\Debug\DiferencialConRrefsYMux_Copy_01.a(isr_DelSig.o)
                              .\CortexM3\ARM_GCC_541\Debug\main.o (isr_DelSig_StartEx)
.\CortexM3\ARM_GCC_541\Debug\DiferencialConRrefsYMux_Copy_01.a(ADC_DelSig_Ext_CP_Clk.o)
                              .\CortexM3\ARM_GCC_541\Debug\DiferencialConRrefsYMux_Copy_01.a(ADC_DelSig.o) (ADC_DelSig_Ext_CP_Clk_SetModeRegister)
.\CortexM3\ARM_GCC_541\Debug\DiferencialConRrefsYMux_Copy_01.a(ADC_DelSig_theACLK.o)
                              .\CortexM3\ARM_GCC_541\Debug\DiferencialConRrefsYMux_Copy_01.a(ADC_DelSig.o) (ADC_DelSig_theACLK_SetModeRegister)
.\CortexM3\ARM_GCC_541\Debug\DiferencialConRrefsYMux_Copy_01.a(UART_PC.o)
                              .\CortexM3\ARM_GCC_541\Debug\main.o (UART_PC_Start)
.\CortexM3\ARM_GCC_541\Debug\DiferencialConRrefsYMux_Copy_01.a(UART_PC_IntClock.o)
                              .\CortexM3\ARM_GCC_541\Debug\DiferencialConRrefsYMux_Copy_01.a(UART_PC.o) (UART_PC_IntClock_Start)
.\CortexM3\ARM_GCC_541\Debug\DiferencialConRrefsYMux_Copy_01.a(isr_Filter.o)
                              .\CortexM3\ARM_GCC_541\Debug\main.o (isr_Filter_StartEx)
.\CortexM3\ARM_GCC_541\Debug\DiferencialConRrefsYMux_Copy_01.a(PGA_p.o)
                              .\CortexM3\ARM_GCC_541\Debug\main.o (PGA_p_SetGain)
.\CortexM3\ARM_GCC_541\Debug\DiferencialConRrefsYMux_Copy_01.a(PGA_n.o)
                              .\CortexM3\ARM_GCC_541\Debug\main.o (PGA_n_SetGain)
.\CortexM3\ARM_GCC_541\Debug\DiferencialConRrefsYMux_Copy_01.a(CyBootAsmGnu.o)
                              .\CortexM3\ARM_GCC_541\Debug\cyfitter_cfg.o (CyDelayCycles)
.\CortexM3\ARM_GCC_541\Debug\DiferencialConRrefsYMux_Copy_01.a(CyFlash.o)
                              .\CortexM3\ARM_GCC_541\Debug\DiferencialConRrefsYMux_Copy_01.a(cyPm.o) (CyFlash_SetWaitCycles)
.\CortexM3\ARM_GCC_541\Debug\DiferencialConRrefsYMux_Copy_01.a(CySpc.o)
                              .\CortexM3\ARM_GCC_541\Debug\DiferencialConRrefsYMux_Copy_01.a(CyFlash.o) (CySpcStart)
c:/program files (x86)/cypress/psoc creator/4.4/psoc creator/import/gnu/arm/5.4.1/bin/../lib/gcc/arm-none-eabi/5.4.1/armv7-m\libgcc.a(_arm_addsubdf3.o)
                              .\CortexM3\ARM_GCC_541\Debug\DiferencialConRrefsYMux_Copy_01.a(ADC_DelSig.o) (__aeabi_f2d)
c:/program files (x86)/cypress/psoc creator/4.4/psoc creator/import/gnu/arm/5.4.1/bin/../lib/gcc/arm-none-eabi/5.4.1/armv7-m\libgcc.a(_arm_cmpdf2.o)
                              .\CortexM3\ARM_GCC_541\Debug\DiferencialConRrefsYMux_Copy_01.a(ADC_DelSig.o) (__aeabi_dcmpgt)
c:/program files (x86)/cypress/psoc creator/4.4/psoc creator/import/gnu/arm/5.4.1/bin/../lib/gcc/arm-none-eabi/5.4.1/armv7-m\libgcc.a(_arm_addsubsf3.o)
                              .\CortexM3\ARM_GCC_541\Debug\DiferencialConRrefsYMux_Copy_01.a(ADC_DelSig.o) (__aeabi_ui2f)
c:/program files (x86)/cypress/psoc creator/4.4/psoc creator/import/gnu/arm/5.4.1/bin/../lib/gcc/arm-none-eabi/5.4.1/armv7-m\libgcc.a(_arm_muldivsf3.o)
                              .\CortexM3\ARM_GCC_541\Debug\DiferencialConRrefsYMux_Copy_01.a(ADC_DelSig.o) (__aeabi_fmul)
c:/program files (x86)/cypress/psoc creator/4.4/psoc creator/import/gnu/arm/5.4.1/bin/../lib/gcc/arm-none-eabi/5.4.1/armv7-m\libgcc.a(_arm_fixunssfsi.o)
                              .\CortexM3\ARM_GCC_541\Debug\DiferencialConRrefsYMux_Copy_01.a(ADC_DelSig.o) (__aeabi_f2uiz)
c:/program files (x86)/cypress/psoc creator/4.4/psoc creator/import/gnu/arm/5.4.1/bin/../lib/gcc/arm-none-eabi/5.4.1/../../../../arm-none-eabi/lib/armv7-m\libg_nano.a(lib_a-errno.o)
                              .\CortexM3\ARM_GCC_541\Debug\Cm3Start.o (__errno)
[...]
Memory Configuration

Name             Origin             Length             Attributes
rom              0x00000000         0x00040000         xr
ram              0x1fff8000         0x00010000         xrw
*default*        0x00000000         0xffffffff

Linker script and memory map

LOAD c:/program files (x86)/cypress/psoc creator/4.4/psoc creator/import/gnu/arm/5.4.1/bin/../lib/gcc/arm-none-eabi/5.4.1/armv7-m/crti.o
LOAD c:/program files (x86)/cypress/psoc creator/4.4/psoc creator/import/gnu/arm/5.4.1/bin/../lib/gcc/arm-none-eabi/5.4.1/armv7-m/crtbegin.o
LOAD c:/program files (x86)/cypress/psoc creator/4.4/psoc creator/import/gnu/arm/5.4.1/bin/../lib/gcc/arm-none-eabi/5.4.1/../../../../arm-none-eabi/lib/armv7-m/crt0.o
START GROUP
LOAD .\CortexM3\ARM_GCC_541\Debug\main.o
LOAD .\CortexM3\ARM_GCC_541\Debug\AnalogToDigital.o
LOAD .\CortexM3\ARM_GCC_541\Debug\buffers.o
LOAD .\CortexM3\ARM_GCC_541\Debug\Communication.o
LOAD .\CortexM3\ARM_GCC_541\Debug\isr_handlers.o
LOAD .\CortexM3\ARM_GCC_541\Debug\tb_buffers.o
LOAD .\CortexM3\ARM_GCC_541\Debug\TestBench.o
LOAD .\CortexM3\ARM_GCC_541\Debug\debug.o
LOAD .\CortexM3\ARM_GCC_541\Debug\cyfitter_cfg.o
LOAD .\CortexM3\ARM_GCC_541\Debug\cymetadata.o
LOAD .\CortexM3\ARM_GCC_541\Debug\Cm3Start.o
LOAD .\CortexM3\ARM_GCC_541\Debug\DiferencialConRrefsYMux_Copy_01.a
LOAD C:\Program Files (x86)\Cypress\PSoC Creator\4.4\PSoC Creator\psoc\content\cycomponentlibrary\CyComponentLibrary.cylib\CortexM3\ARM_GCC_541\Debug\CyComponentLibrary.a
END GROUP
START GROUP
LOAD c:/program files (x86)/cypress/psoc creator/4.4/psoc creator/import/gnu/arm/5.4.1/bin/../lib/gcc/arm-none-eabi/5.4.1/armv7-m\libgcc.a
LOAD c:/program files (x86)/cypress/psoc creator/4.4/psoc creator/import/gnu/arm/5.4.1/bin/../lib/gcc/arm-none-eabi/5.4.1/../../../../arm-none-eabi/lib/armv7-m\libg_nano.a
LOAD c:/program files (x86)/cypress/psoc creator/4.4/psoc creator/import/gnu/arm/5.4.1/bin/../lib/gcc/arm-none-eabi/5.4.1/../../../../arm-none-eabi/lib/armv7-m\libc_nano.a
END GROUP
START GROUP
LOAD c:/program files (x86)/cypress/psoc creator/4.4/psoc creator/import/gnu/arm/5.4.1/bin/../lib/gcc/arm-none-eabi/5.4.1/armv7-m\libgcc.a
LOAD c:/program files (x86)/cypress/psoc creator/4.4/psoc creator/import/gnu/arm/5.4.1/bin/../lib/gcc/arm-none-eabi/5.4.1/../../../../arm-none-eabi/lib/armv7-m\libc_nano.a
END GROUP
LOAD c:/program files (x86)/cypress/psoc creator/4.4/psoc creator/import/gnu/arm/5.4.1/bin/../lib/gcc/arm-none-eabi/5.4.1/armv7-m/crtend.o
LOAD c:/program files (x86)/cypress/psoc creator/4.4/psoc creator/import/gnu/arm/5.4.1/bin/../lib/gcc/arm-none-eabi/5.4.1/armv7-m/crtn.o
START GROUP
LOAD c:/program files (x86)/cypress/psoc creator/4.4/psoc creator/import/gnu/arm/5.4.1/bin/../lib/gcc/arm-none-eabi/5.4.1/armv7-m\libgcc.a
LOAD c:/program files (x86)/cypress/psoc creator/4.4/psoc creator/import/gnu/arm/5.4.1/bin/../lib/gcc/arm-none-eabi/5.4.1/../../../../arm-none-eabi/lib/armv7-m\libc.a
LOAD c:/program files (x86)/cypress/psoc creator/4.4/psoc creator/import/gnu/arm/5.4.1/bin/../lib/gcc/arm-none-eabi/5.4.1/../../../../arm-none-eabi/lib/armv7-m\libnosys.a
END GROUP
                0x00000000                CY_APPL_ORIGIN = 0x0
                0x00000100                CY_FLASH_ROW_SIZE = 0x100
                0x00000020                CY_ECC_ROW_SIZE = 0x20
                0x00000000                CY_EE_IN_BTLDR = 0x0
                0x00000000                CY_APPL_LOADABLE = 0x0
                0x00000800                CY_EE_SIZE = 0x800
                0x00000001                CY_APPL_NUM = 0x1
                0x00000001                CY_APPL_MAX = 0x1
                0x00000040                CY_METADATA_SIZE = 0x40
                0x00000000                CY_APPL_LOADABLE = 0x0
                0x00000000                CY_CHECKSUM_EXCLUDE_SIZE = ALIGN (0x0, CY_FLASH_ROW_SIZE)
                [!provide]                PROVIDE (__cy_heap_start, _end)
                0x00000001                PROVIDE (__cy_region_num, ((__cy_regions_end - __cy_regions) / 0x10))
                0x20008000                PROVIDE (__cy_stack, (ORIGIN (ram) + LENGTH (ram)))
                [!provide]                PROVIDE (__cy_heap_end, (__cy_stack - 0x800))

.cybootloader   0x00000000        0x0
 *(.cybootloader)
                0x00000000                appl1_start = CY_APPL_ORIGIN?CY_APPL_ORIGIN:ALIGN (CY_FLASH_ROW_SIZE)
                0x0001ff00                appl2_start = (appl1_start + ALIGN ((((LENGTH (rom) - appl1_start) - (0x2 * CY_FLASH_ROW_SIZE)) / 0x2), CY_FLASH_ROW_SIZE))
                0x00000000                appl_start = (CY_APPL_NUM == 0x1)?appl1_start:appl2_start
                0x00000000                ecc_offset = ((appl_start / CY_FLASH_ROW_SIZE) * CY_ECC_ROW_SIZE)
                0x00000000                ee_offset = (CY_APPL_LOADABLE && ! (CY_EE_IN_BTLDR))?((CY_EE_SIZE / CY_APPL_MAX) * (CY_APPL_NUM - 0x1)):0x0
                0x00000800                ee_size = (CY_APPL_LOADABLE && ! (CY_EE_IN_BTLDR))?(CY_EE_SIZE / CY_APPL_MAX):CY_EE_SIZE
                [!provide]                PROVIDE (CY_ECC_OFFSET, ecc_offset)

.text           0x00000000     0x150e
 CREATE_OBJECT_SYMBOLS
                0x00000000                PROVIDE (__cy_interrupt_vector, RomVectors)
 *(.romvectors)
 .romvectors    0x00000000       0x10 .\CortexM3\ARM_GCC_541\Debug\Cm3Start.o
                0x00000000                RomVectors
                0x00000001                ASSERT ((. != __cy_interrupt_vector), No interrupt vector)
                0x00000001                ASSERT (CY_APPL_ORIGIN?(SIZEOF (.cybootloader) <= CY_APPL_ORIGIN):0x1, Wrong image location)
                0x00000010                PROVIDE (__cy_reset, Reset)
 *(.text.Reset)
 .text.Reset    0x00000010       0x18 .\CortexM3\ARM_GCC_541\Debug\Cm3Start.o
                0x00000010                Reset
                0x00000001                ASSERT ((. != __cy_reset), No reset code)
 *(.dma_init)
                0x00000001                ASSERT ((((appl_start + .) <= 0x10000) || 0x1), DMA Init must be within the first 64k of flash)
 *(.text .text.* .gnu.linkonce.t.*)
 .text          0x00000028       0x5c c:/program files (x86)/cypress/psoc creator/4.4/psoc creator/import/gnu/arm/5.4.1/bin/../lib/gcc/arm-none-eabi/5.4.1/armv7-m/crtbegin.o
 .text.isr_DelSigReady
                0x00000084       0x18 .\CortexM3\ARM_GCC_541\Debug\main.o
                0x00000084                isr_DelSigReady
 .text.isr_FilterReady
                0x0000009c       0x20 .\CortexM3\ARM_GCC_541\Debug\main.o
                0x0000009c                isr_FilterReady
 .text.send_amux_status
                0x000000bc       0x34 .\CortexM3\ARM_GCC_541\Debug\main.o
 .text.send_vref_status
                0x000000f0       0x38 .\CortexM3\ARM_GCC_541\Debug\main.o
 .text.send_vref_cfg
                0x00000128       0x38 .\CortexM3\ARM_GCC_541\Debug\main.o
 .text.send_config
                0x00000160       0x60 .\CortexM3\ARM_GCC_541\Debug\main.o
 .text.main     0x000001c0      0x218 .\CortexM3\ARM_GCC_541\Debug\main.o
                0x000001c0                main
 .text.CyClockStartupError
                0x000003d8        0x4 .\CortexM3\ARM_GCC_541\Debug\cyfitter_cfg.o
 .text.cfg_write_bytes32
                0x000003dc       0x34 .\CortexM3\ARM_GCC_541\Debug\cyfitter_cfg.o
 .text.AnalogSetDefault
                0x00000410       0xd8 .\CortexM3\ARM_GCC_541\Debug\cyfitter_cfg.o
 .text.CYMEMZERO
                0x000004e8        0xc .\CortexM3\ARM_GCC_541\Debug\cyfitter_cfg.o
 .text.CYCONFIGCPY
                0x000004f4        0x8 .\CortexM3\ARM_GCC_541\Debug\cyfitter_cfg.o
 .text.ClockSetup
                0x000004fc       0xe8 .\CortexM3\ARM_GCC_541\Debug\cyfitter_cfg.o
 .text.cyfitter_cfg
                0x000005e4      0x13c .\CortexM3\ARM_GCC_541\Debug\cyfitter_cfg.o
                0x000005e4                cyfitter_cfg
 .text.IntDefaultHandler
                0x00000720       0x10 .\CortexM3\ARM_GCC_541\Debug\Cm3Start.o
                0x00000720                IntDefaultHandler
 .text.Start_c  0x00000730       0x4c .\CortexM3\ARM_GCC_541\Debug\Cm3Start.o
                0x00000730                Start_c
 .text.initialize_psoc
                0x0000077c       0x68 .\CortexM3\ARM_GCC_541\Debug\Cm3Start.o
                0x0000077c                initialize_psoc
 .text.Filter_Init
                0x000007e4       0xd0 .\CortexM3\ARM_GCC_541\Debug\DiferencialConRrefsYMux_Copy_01.a(Filter.o)
                0x000007e4                Filter_Init
 .text.Filter_Enable
                0x000008b4       0x28 .\CortexM3\ARM_GCC_541\Debug\DiferencialConRrefsYMux_Copy_01.a(Filter.o)
                0x000008b4                Filter_Enable
 .text.Filter_Start
                0x000008dc       0x1c .\CortexM3\ARM_GCC_541\Debug\DiferencialConRrefsYMux_Copy_01.a(Filter.o)
                0x000008dc                Filter_Start
 .text.Filter_Read24
                0x000008f8       0x20 .\CortexM3\ARM_GCC_541\Debug\DiferencialConRrefsYMux_Copy_01.a(Filter.o)
                0x000008f8                Filter_Read24
 .text.Filter_Write24
                0x00000918       0x1c .\CortexM3\ARM_GCC_541\Debug\DiferencialConRrefsYMux_Copy_01.a(Filter.o)
                0x00000918                Filter_Write24
 .text.Filter_SetCoherency
                0x00000934       0x48 .\CortexM3\ARM_GCC_541\Debug\DiferencialConRrefsYMux_Copy_01.a(Filter.o)
                0x00000934                Filter_SetCoherency
 .text.Filter_SetDalign
                0x0000097c       0x20 .\CortexM3\ARM_GCC_541\Debug\DiferencialConRrefsYMux_Copy_01.a(Filter.o)
                0x0000097c                Filter_SetDalign
 .text.Filter_SetInterruptMode
                0x0000099c       0x10 .\CortexM3\ARM_GCC_541\Debug\DiferencialConRrefsYMux_Copy_01.a(Filter_PVT.o)
                0x0000099c                Filter_SetInterruptMode
 .text.Filter_SetDMAMode
                0x000009ac       0x10 .\CortexM3\ARM_GCC_541\Debug\DiferencialConRrefsYMux_Copy_01.a(Filter_PVT.o)
                0x000009ac                Filter_SetDMAMode
 .text.CyHalt   0x000009bc        0x4 .\CortexM3\ARM_GCC_541\Debug\DiferencialConRrefsYMux_Copy_01.a(CyLib.o)
                0x000009bc                CyHalt
 .text.CyDelay  0x000009c0       0x2c .\CortexM3\ARM_GCC_541\Debug\DiferencialConRrefsYMux_Copy_01.a(CyLib.o)
                0x000009c0                CyDelay
 .text.CyDelayUs
                0x000009ec       0x14 .\CortexM3\ARM_GCC_541\Debug\DiferencialConRrefsYMux_Copy_01.a(CyLib.o)
                0x000009ec                CyDelayUs
 .text.CyIntSetVector
                0x00000a00       0x28 .\CortexM3\ARM_GCC_541\Debug\DiferencialConRrefsYMux_Copy_01.a(CyLib.o)
                0x00000a00                CyIntSetVector
 .text.CyIntSetPriority
                0x00000a28       0x30 .\CortexM3\ARM_GCC_541\Debug\DiferencialConRrefsYMux_Copy_01.a(CyLib.o)
                0x00000a28                CyIntSetPriority
 .text.ADC_DelSig_GainCompensation
                0x00000a58       0xdc .\CortexM3\ARM_GCC_541\Debug\DiferencialConRrefsYMux_Copy_01.a(ADC_DelSig.o)
 .text.ADC_DelSig_SetDSMRef0Reg
                0x00000b34       0x4c .\CortexM3\ARM_GCC_541\Debug\DiferencialConRrefsYMux_Copy_01.a(ADC_DelSig.o)
 .text.ADC_DelSig_InitConfig
                0x00000b80       0xec .\CortexM3\ARM_GCC_541\Debug\DiferencialConRrefsYMux_Copy_01.a(ADC_DelSig.o)
 .text.ADC_DelSig_Init
                0x00000c6c       0xc4 .\CortexM3\ARM_GCC_541\Debug\DiferencialConRrefsYMux_Copy_01.a(ADC_DelSig.o)
                0x00000c6c                ADC_DelSig_Init
 .text.ADC_DelSig_Enable
                0x00000d30       0xd8 .\CortexM3\ARM_GCC_541\Debug\DiferencialConRrefsYMux_Copy_01.a(ADC_DelSig.o)
                0x00000d30                ADC_DelSig_Enable
 .text.ADC_DelSig_Start
                0x00000e08       0x28 .\CortexM3\ARM_GCC_541\Debug\DiferencialConRrefsYMux_Copy_01.a(ADC_DelSig.o)
                0x00000e08                ADC_DelSig_Start
 .text.ADC_DelSig_StartConvert
                0x00000e30       0x10 .\CortexM3\ARM_GCC_541\Debug\DiferencialConRrefsYMux_Copy_01.a(ADC_DelSig.o)
                0x00000e30                ADC_DelSig_StartConvert
 .text.ADC_DelSig_GetResult32
                0x00000e40       0x6c .\CortexM3\ARM_GCC_541\Debug\DiferencialConRrefsYMux_Copy_01.a(ADC_DelSig.o)
                0x00000e40                ADC_DelSig_GetResult32
 .text.ADC_DelSig_ISR1
                0x00000eac        0x4 .\CortexM3\ARM_GCC_541\Debug\DiferencialConRrefsYMux_Copy_01.a(ADC_DelSig_INT.o)
                0x00000eac                ADC_DelSig_ISR1
 .text.isr_DelSig_SetVector
                0x00000eb0        0xc .\CortexM3\ARM_GCC_541\Debug\DiferencialConRrefsYMux_Copy_01.a(isr_DelSig.o)
                0x00000eb0                isr_DelSig_SetVector
 .text.isr_DelSig_SetPriority
                0x00000ebc       0x10 .\CortexM3\ARM_GCC_541\Debug\DiferencialConRrefsYMux_Copy_01.a(isr_DelSig.o)
                0x00000ebc                isr_DelSig_SetPriority
 .text.isr_DelSig_Enable
                0x00000ecc        0xc .\CortexM3\ARM_GCC_541\Debug\DiferencialConRrefsYMux_Copy_01.a(isr_DelSig.o)
                0x00000ecc                isr_DelSig_Enable
 .text.isr_DelSig_Disable
                0x00000ed8        0xc .\CortexM3\ARM_GCC_541\Debug\DiferencialConRrefsYMux_Copy_01.a(isr_DelSig.o)
                0x00000ed8                isr_DelSig_Disable
 .text.isr_DelSig_StartEx
                0x00000ee4       0x1c .\CortexM3\ARM_GCC_541\Debug\DiferencialConRrefsYMux_Copy_01.a(isr_DelSig.o)
                0x00000ee4                isr_DelSig_StartEx
 .text.ADC_DelSig_Ext_CP_Clk_GetDividerRegister
                0x00000f00        0xc .\CortexM3\ARM_GCC_541\Debug\DiferencialConRrefsYMux_Copy_01.a(ADC_DelSig_Ext_CP_Clk.o)
                0x00000f00                ADC_DelSig_Ext_CP_Clk_GetDividerRegister
 .text.ADC_DelSig_Ext_CP_Clk_SetModeRegister
                0x00000f0c       0x14 .\CortexM3\ARM_GCC_541\Debug\DiferencialConRrefsYMux_Copy_01.a(ADC_DelSig_Ext_CP_Clk.o)
                0x00000f0c                ADC_DelSig_Ext_CP_Clk_SetModeRegister
 .text.ADC_DelSig_Ext_CP_Clk_GetSourceRegister
                0x00000f20       0x10 .\CortexM3\ARM_GCC_541\Debug\DiferencialConRrefsYMux_Copy_01.a(ADC_DelSig_Ext_CP_Clk.o)
                0x00000f20                ADC_DelSig_Ext_CP_Clk_GetSourceRegister
 .text.ADC_DelSig_Ext_CP_Clk_SetDividerRegister
                0x00000f30       0xd8 .\CortexM3\ARM_GCC_541\Debug\DiferencialConRrefsYMux_Copy_01.a(ADC_DelSig_Ext_CP_Clk.o)
                0x00000f30                ADC_DelSig_Ext_CP_Clk_SetDividerRegister
 .text.ADC_DelSig_theACLK_GetDividerRegister
                0x00001008        0xc .\CortexM3\ARM_GCC_541\Debug\DiferencialConRrefsYMux_Copy_01.a(ADC_DelSig_theACLK.o)
                0x00001008                ADC_DelSig_theACLK_GetDividerRegister
 .text.ADC_DelSig_theACLK_SetModeRegister
                0x00001014       0x14 .\CortexM3\ARM_GCC_541\Debug\DiferencialConRrefsYMux_Copy_01.a(ADC_DelSig_theACLK.o)
                0x00001014                ADC_DelSig_theACLK_SetModeRegister
 .text.ADC_DelSig_theACLK_GetSourceRegister
                0x00001028       0x10 .\CortexM3\ARM_GCC_541\Debug\DiferencialConRrefsYMux_Copy_01.a(ADC_DelSig_theACLK.o)
                0x00001028                ADC_DelSig_theACLK_GetSourceRegister
 .text.ADC_DelSig_theACLK_SetDividerRegister
                0x00001038       0xd8 .\CortexM3\ARM_GCC_541\Debug\DiferencialConRrefsYMux_Copy_01.a(ADC_DelSig_theACLK.o)
                0x00001038                ADC_DelSig_theACLK_SetDividerRegister
 .text.UART_PC_Init
                0x00001110       0x28 .\CortexM3\ARM_GCC_541\Debug\DiferencialConRrefsYMux_Copy_01.a(UART_PC.o)
                0x00001110                UART_PC_Init
 .text.UART_PC_Enable
                0x00001138       0x38 .\CortexM3\ARM_GCC_541\Debug\DiferencialConRrefsYMux_Copy_01.a(UART_PC.o)
                0x00001138                UART_PC_Enable
 .text.UART_PC_Start
                0x00001170       0x1c .\CortexM3\ARM_GCC_541\Debug\DiferencialConRrefsYMux_Copy_01.a(UART_PC.o)
                0x00001170                UART_PC_Start
 .text.UART_PC_ReadRxData
                0x0000118c        0xc .\CortexM3\ARM_GCC_541\Debug\DiferencialConRrefsYMux_Copy_01.a(UART_PC.o)
                0x0000118c                UART_PC_ReadRxData
 .text.UART_PC_GetRxBufferSize
                0x00001198       0x18 .\CortexM3\ARM_GCC_541\Debug\DiferencialConRrefsYMux_Copy_01.a(UART_PC.o)
                0x00001198                UART_PC_GetRxBufferSize
 .text.UART_PC_PutChar
                0x000011b0       0x18 .\CortexM3\ARM_GCC_541\Debug\DiferencialConRrefsYMux_Copy_01.a(UART_PC.o)
                0x000011b0                UART_PC_PutChar
 .text.UART_PC_PutArray
                0x000011c8       0x28 .\CortexM3\ARM_GCC_541\Debug\DiferencialConRrefsYMux_Copy_01.a(UART_PC.o)
                0x000011c8                UART_PC_PutArray
 .text.UART_PC_IntClock_Start
                0x000011f0       0x1c .\CortexM3\ARM_GCC_541\Debug\DiferencialConRrefsYMux_Copy_01.a(UART_PC_IntClock.o)
                0x000011f0                UART_PC_IntClock_Start
 .text.isr_Filter_SetVector
                0x0000120c       0x10 .\CortexM3\ARM_GCC_541\Debug\DiferencialConRrefsYMux_Copy_01.a(isr_Filter.o)
                0x0000120c                isr_Filter_SetVector
 .text.isr_Filter_SetPriority
                0x0000121c       0x10 .\CortexM3\ARM_GCC_541\Debug\DiferencialConRrefsYMux_Copy_01.a(isr_Filter.o)
                0x0000121c                isr_Filter_SetPriority
 .text.isr_Filter_Enable
                0x0000122c       0x10 .\CortexM3\ARM_GCC_541\Debug\DiferencialConRrefsYMux_Copy_01.a(isr_Filter.o)
                0x0000122c                isr_Filter_Enable
 .text.isr_Filter_Disable
                0x0000123c       0x10 .\CortexM3\ARM_GCC_541\Debug\DiferencialConRrefsYMux_Copy_01.a(isr_Filter.o)
                0x0000123c                isr_Filter_Disable
 .text.isr_Filter_StartEx
                0x0000124c       0x1c .\CortexM3\ARM_GCC_541\Debug\DiferencialConRrefsYMux_Copy_01.a(isr_Filter.o)
                0x0000124c                isr_Filter_StartEx
 .text.PGA_p_Enable
                0x00001268       0x28 .\CortexM3\ARM_GCC_541\Debug\DiferencialConRrefsYMux_Copy_01.a(PGA_p.o)
                0x00001268                PGA_p_Enable
 .text.PGA_p_SetPower
                0x00001290       0x18 .\CortexM3\ARM_GCC_541\Debug\DiferencialConRrefsYMux_Copy_01.a(PGA_p.o)
                0x00001290                PGA_p_SetPower
 .text.PGA_p_SetGain
                0x000012a8       0x78 .\CortexM3\ARM_GCC_541\Debug\DiferencialConRrefsYMux_Copy_01.a(PGA_p.o)
                0x000012a8                PGA_p_SetGain
 .text.PGA_p_Init
                0x00001320       0x30 .\CortexM3\ARM_GCC_541\Debug\DiferencialConRrefsYMux_Copy_01.a(PGA_p.o)
                0x00001320                PGA_p_Init
 .text.PGA_p_Start
                0x00001350       0x1c .\CortexM3\ARM_GCC_541\Debug\DiferencialConRrefsYMux_Copy_01.a(PGA_p.o)
                0x00001350                PGA_p_Start
 .text.PGA_n_Enable
                0x0000136c       0x28 .\CortexM3\ARM_GCC_541\Debug\DiferencialConRrefsYMux_Copy_01.a(PGA_n.o)
                0x0000136c                PGA_n_Enable
 .text.PGA_n_SetPower
                0x00001394       0x18 .\CortexM3\ARM_GCC_541\Debug\DiferencialConRrefsYMux_Copy_01.a(PGA_n.o)
                0x00001394                PGA_n_SetPower
 .text.PGA_n_SetGain
                0x000013ac       0x78 .\CortexM3\ARM_GCC_541\Debug\DiferencialConRrefsYMux_Copy_01.a(PGA_n.o)
                0x000013ac                PGA_n_SetGain
 .text.PGA_n_Init
                0x00001424       0x30 .\CortexM3\ARM_GCC_541\Debug\DiferencialConRrefsYMux_Copy_01.a(PGA_n.o)
                0x00001424                PGA_n_Init
 .text.PGA_n_Start
                0x00001454       0x1c .\CortexM3\ARM_GCC_541\Debug\DiferencialConRrefsYMux_Copy_01.a(PGA_n.o)
                0x00001454                PGA_n_Start
 .text          0x00001470       0x20 .\CortexM3\ARM_GCC_541\Debug\DiferencialConRrefsYMux_Copy_01.a(CyBootAsmGnu.o)
                0x00001470                CyDelayCycles
                0x00001480                CyEnterCriticalSection
                0x00001488                CyExitCriticalSection
 .text.__errno  0x00001490        0xc c:/program files (x86)/cypress/psoc creator/4.4/psoc creator/import/gnu/arm/5.4.1/bin/../lib/gcc/arm-none-eabi/5.4.1/../../../../arm-none-eabi/lib/armv7-m\libg_nano.a(lib_a-errno.o)
                0x00001490                __errno
 .text.__libc_init_array
                0x0000149c       0x4c c:/program files (x86)/cypress/psoc creator/4.4/psoc creator/import/gnu/arm/5.4.1/bin/../lib/gcc/arm-none-eabi/5.4.1/../../../../arm-none-eabi/lib/armv7-m\libg_nano.a(lib_a-init.o)
                0x0000149c                __libc_init_array
 .text.memcpy   0x000014e8       0x16 c:/program files (x86)/cypress/psoc creator/4.4/psoc creator/import/gnu/arm/5.4.1/bin/../lib/gcc/arm-none-eabi/5.4.1/../../../../arm-none-eabi/lib/armv7-m\libg_nano.a(lib_a-memcpy-stub.o)
                0x000014e8                memcpy
 .text.memset   0x000014fe       0x10 c:/program files (x86)/cypress/psoc creator/4.4/psoc creator/import/gnu/arm/5.4.1/bin/../lib/gcc/arm-none-eabi/5.4.1/../../../../arm-none-eabi/lib/armv7-m\libg_nano.a(lib_a-memset.o)
                0x000014fe                memset
 *(.plt)
 *(.gnu.warning)
 *(.glue_7t)
 .glue_7t       0x0000150e        0x0 linker stubs
 *(.glue_7)
 .glue_7        0x0000150e        0x0 linker stubs
 *(.vfp11_veneer)
 .vfp11_veneer  0x0000150e        0x0 linker stubs
 *(.bootloader)
 *(.ARM.extab* .gnu.linkonce.armextab.*)
 *(.gcc_except_table)

.v4_bx          0x00001510        0x0
 .v4_bx         0x00001510        0x0 linker stubs

.iplt           0x00001510        0x0
 .iplt          0x00001510        0x0 c:/program files (x86)/cypress/psoc creator/4.4/psoc creator/import/gnu/arm/5.4.1/bin/../lib/gcc/arm-none-eabi/5.4.1/armv7-m/crtbegin.o

.eh_frame_hdr
 *(.eh_frame_hdr)

.eh_frame       0x00001510        0x4
 *(.eh_frame)
 .eh_frame      0x00001510        0x0 c:/program files (x86)/cypress/psoc creator/4.4/psoc creator/import/gnu/arm/5.4.1/bin/../lib/gcc/arm-none-eabi/5.4.1/armv7-m/crtbegin.o
 .eh_frame      0x00001510        0x4 c:/program files (x86)/cypress/psoc creator/4.4/psoc creator/import/gnu/arm/5.4.1/bin/../lib/gcc/arm-none-eabi/5.4.1/armv7-m/crtend.o
                [!provide]                PROVIDE (__exidx_start, .)

.ARM.exidx
 *(.ARM.exidx* .gnu.linkonce.armexidx.*)
                0x00001514                __exidx_end = .

.rodata         0x00001514      0x6dc
 *(.rodata .rodata.* .gnu.linkonce.r.*)
 .rodata        0x00001514       0x36 .\CortexM3\ARM_GCC_541\Debug\cyfitter_cfg.o
 *fill*         0x0000154a        0x2 
 .rodata        0x0000154c      0x640 .\CortexM3\ARM_GCC_541\Debug\DiferencialConRrefsYMux_Copy_01.a(Filter_RAM_Data.o)
                0x0000154c                Filter_cfsm
                0x0000164c                Filter_acu
                0x0000168c                Filter_data_b
                0x0000188c                Filter_data_a
                0x00001a8c                Filter_control
 .rodata        0x00001b8c       0x15 .\CortexM3\ARM_GCC_541\Debug\DiferencialConRrefsYMux_Copy_01.a(PGA_p.o)
 *fill*         0x00001ba1        0x3 
 .rodata        0x00001ba4       0x15 .\CortexM3\ARM_GCC_541\Debug\DiferencialConRrefsYMux_Copy_01.a(PGA_n.o)
 .rodata.str1.1
                0x00001bb9        0x2 c:/program files (x86)/cypress/psoc creator/4.4/psoc creator/import/gnu/arm/5.4.1/bin/../lib/gcc/arm-none-eabi/5.4.1/../../../../arm-none-eabi/lib/armv7-m\libg_nano.a(lib_a-impure.o)
                0x00001bbc                . = ALIGN (0x4)
 *fill*         0x00001bbb        0x1 
 *(.init)
 .init          0x00001bbc        0x4 c:/program files (x86)/cypress/psoc creator/4.4/psoc creator/import/gnu/arm/5.4.1/bin/../lib/gcc/arm-none-eabi/5.4.1/armv7-m/crti.o
                0x00001bbc                _init
 .init          0x00001bc0        0x8 c:/program files (x86)/cypress/psoc creator/4.4/psoc creator/import/gnu/arm/5.4.1/bin/../lib/gcc/arm-none-eabi/5.4.1/armv7-m/crtn.o
                0x00001bc8                . = ALIGN (0x4)
                0x00001bc8                __preinit_array_start = .
 *(.preinit_array)
                0x00001bc8                __preinit_array_end = .
                0x00001bc8                . = ALIGN (0x4)
                0x00001bc8                __init_array_start = .
 *(SORT(.init_array.*))
 *(.init_array)
 .init_array    0x00001bc8        0x4 c:/program files (x86)/cypress/psoc creator/4.4/psoc creator/import/gnu/arm/5.4.1/bin/../lib/gcc/arm-none-eabi/5.4.1/armv7-m/crtbegin.o
 .init_array    0x00001bcc        0x4 .\CortexM3\ARM_GCC_541\Debug\Cm3Start.o
                0x00001bd0                __init_array_end = .
                0x00001bd0                . = ALIGN (0x4)
 *(.fini)
 .fini          0x00001bd0        0x4 c:/program files (x86)/cypress/psoc creator/4.4/psoc creator/import/gnu/arm/5.4.1/bin/../lib/gcc/arm-none-eabi/5.4.1/armv7-m/crti.o
                0x00001bd0                _fini
 .fini          0x00001bd4        0x8 c:/program files (x86)/cypress/psoc creator/4.4/psoc creator/import/gnu/arm/5.4.1/bin/../lib/gcc/arm-none-eabi/5.4.1/armv7-m/crtn.o
                0x00001bdc                . = ALIGN (0x4)
                0x00001bdc                __fini_array_start = .
 *(.fini_array)
 .fini_array    0x00001bdc        0x4 c:/program files (x86)/cypress/psoc creator/4.4/psoc creator/import/gnu/arm/5.4.1/bin/../lib/gcc/arm-none-eabi/5.4.1/armv7-m/crtbegin.o
 *(SORT(.fini_array.*))
                0x00001be0                __fini_array_end = .
                0x00001be0                . = ALIGN (0x4)
 *crtbegin.o(.ctors)
 *(EXCLUDE_FILE(*crtend.o) .ctors)
 *(SORT(.ctors.*))
 *crtend.o(.ctors)
                0x00001be0                . = ALIGN (0x4)
 *crtbegin.o(.dtors)
 *(EXCLUDE_FILE(*crtend.o) .dtors)
 *(SORT(.dtors.*))
 *crtend.o(.dtors)
                0x00001be0                . = ALIGN (0x4)
                0x00001be0                __cy_regions = .
                0x00001be0        0x4 LONG 0x1bf0 __cy_region_init_ram
                0x00001be4        0x4 LONG 0x1fff80c8 __cy_region_start_data
                0x00001be8        0x4 LONG 0x80 __cy_region_init_size_ram
                0x00001bec        0x4 LONG 0x58 __cy_region_zero_size_ram
                0x00001bf0                __cy_regions_end = .
                0x00001bf0                . = ALIGN (0x8)
                0x00001bf0                _etext = .

.cy_checksum_exclude
                0x00001bf0        0x0
 *(.cy_checksum_exclude)

.ramvectors     0x1fff8000       0xc0
                0x1fff8000                __cy_region_start_ram = .
 *(.ramvectors)
 .ramvectors    0x1fff8000       0xc0 .\CortexM3\ARM_GCC_541\Debug\Cm3Start.o
                0x1fff8000                CyRamVectors

.noinit         0x1fff80c0        0x1
 *(.noinit)
 .noinit        0x1fff80c0        0x1 .\CortexM3\ARM_GCC_541\Debug\DiferencialConRrefsYMux_Copy_01.a(CyLib.o)
                0x1fff80c0                CyResetStatus

.data           0x1fff80c8       0x80 load address 0x00001bf0
                0x1fff80c8                __cy_region_start_data = .
 *(.jcr)
 .jcr           0x1fff80c8        0x0 c:/program files (x86)/cypress/psoc creator/4.4/psoc creator/import/gnu/arm/5.4.1/bin/../lib/gcc/arm-none-eabi/5.4.1/armv7-m/crtbegin.o
 .jcr           0x1fff80c8        0x4 c:/program files (x86)/cypress/psoc creator/4.4/psoc creator/import/gnu/arm/5.4.1/bin/../lib/gcc/arm-none-eabi/5.4.1/armv7-m/crtend.o
 *(.got.plt)
 *(.got)
 *(.shdata)
 *(.data .data.* .gnu.linkonce.d.*)
 .data          0x1fff80cc        0x2 .\CortexM3\ARM_GCC_541\Debug\main.o
 *fill*         0x1fff80ce        0x2 
 .data          0x1fff80d0       0x10 .\CortexM3\ARM_GCC_541\Debug\DiferencialConRrefsYMux_Copy_01.a(CyLib.o)
                0x1fff80d0                cydelay_32k_ms
                0x1fff80d4                cydelay_freq_khz
                0x1fff80d8                cydelay_freq_mhz
                0x1fff80dc                cydelay_freq_hz
 .data          0x1fff80e0        0x1 .\CortexM3\ARM_GCC_541\Debug\DiferencialConRrefsYMux_Copy_01.a(ADC_DelSig.o)
                0x1fff80e0                ADC_DelSig_Config
 *fill*         0x1fff80e1        0x3 
 .data.impure_data
                0x1fff80e4       0x60 c:/program files (x86)/cypress/psoc creator/4.4/psoc creator/import/gnu/arm/5.4.1/bin/../lib/gcc/arm-none-eabi/5.4.1/../../../../arm-none-eabi/lib/armv7-m\libg_nano.a(lib_a-impure.o)
 .data._impure_ptr
                0x1fff8144        0x4 c:/program files (x86)/cypress/psoc creator/4.4/psoc creator/import/gnu/arm/5.4.1/bin/../lib/gcc/arm-none-eabi/5.4.1/../../../../arm-none-eabi/lib/armv7-m\libg_nano.a(lib_a-impure.o)
                0x1fff8144                _impure_ptr
                0x1fff8148                . = ALIGN (0x8)
 *(.ram)
                0x1fff8148                _edata = .

.igot.plt       0x1fff8148        0x0 load address 0x00001c70
 .igot.plt      0x1fff8148        0x0 c:/program files (x86)/cypress/psoc creator/4.4/psoc creator/import/gnu/arm/5.4.1/bin/../lib/gcc/arm-none-eabi/5.4.1/armv7-m/crtbegin.o

.bss            0x1fff8148       0x58 load address 0x00001c70
                0x1fff8148                PROVIDE (__bss_start__, .)
 *(.shbss)
 *(.bss .bss.* .gnu.linkonce.b.*)
 .bss           0x1fff8148       0x1c c:/program files (x86)/cypress/psoc creator/4.4/psoc creator/import/gnu/arm/5.4.1/bin/../lib/gcc/arm-none-eabi/5.4.1/armv7-m/crtbegin.o
 *fill*         0x1fff8164        0x4 
 .bss           0x1fff8168       0x22 .\CortexM3\ARM_GCC_541\Debug\main.o
 .bss           0x1fff818a        0x1 .\CortexM3\ARM_GCC_541\Debug\DiferencialConRrefsYMux_Copy_01.a(Filter.o)
                0x1fff818a                Filter_initVar
 *fill*         0x1fff818b        0x1 
 .bss           0x1fff818c        0xc .\CortexM3\ARM_GCC_541\Debug\DiferencialConRrefsYMux_Copy_01.a(ADC_DelSig.o)
                0x1fff8190                ADC_DelSig_stopConversion
                0x1fff8191                ADC_DelSig_convDone
                0x1fff8192                ADC_DelSig_initVar
                0x1fff8193                ADC_DelSig_started
                0x1fff8194                ADC_DelSig_Offset
 .bss           0x1fff8198        0x2 .\CortexM3\ARM_GCC_541\Debug\DiferencialConRrefsYMux_Copy_01.a(UART_PC.o)
                0x1fff8198                UART_PC_initVar
 .bss           0x1fff819a        0x1 .\CortexM3\ARM_GCC_541\Debug\DiferencialConRrefsYMux_Copy_01.a(PGA_p.o)
                0x1fff819a                PGA_p_initVar
 .bss           0x1fff819b        0x1 .\CortexM3\ARM_GCC_541\Debug\DiferencialConRrefsYMux_Copy_01.a(PGA_n.o)
                0x1fff819b                PGA_n_initVar
 *(COMMON)
 COMMON         0x1fff819c        0x4 .\CortexM3\ARM_GCC_541\Debug\DiferencialConRrefsYMux_Copy_01.a(ADC_DelSig.o)
                0x1fff819c                ADC_DelSig_CountsPerVolt
                0x1fff81a0                . = ALIGN (0x8)
 *(.ram.b)
                0x1fff81a0                _end = .
                0x1fff81a0                __end = .
                0x1fff81a0                PROVIDE (end, .)
                0x1fff81a0                PROVIDE (__bss_end__, .)
                0x00001bf0                __cy_region_init_ram = LOADADDR (.data)
                0x00000080                __cy_region_init_size_ram = (_edata - ADDR (.data))
                0x00000058                __cy_region_zero_size_ram = (_end - _edata)

.heap           0x1fff81a0       0x80 load address 0x00001c70
                0x1fff81a0                . = _end
                0x1fff8220                . = (. + 0x80)
 *fill*         0x1fff81a0       0x80 
                0x1fff8220                __cy_heap_limit = .

.stack          0x20007800      0x800
                0x20007800                __cy_stack_limit = .
                0x20008000                . = (. + 0x800)
 *fill*         0x20007800      0x800 
                0x00000001                ASSERT ((__cy_stack_limit >= __cy_heap_limit), region RAM overflowed with stack)
                0x00000000                cy_checksum_exclude_size = (CY_APPL_LOADABLE == 0x1)?SIZEOF (.cy_checksum_exclude):0x0
                0x00000001                ASSERT ((cy_checksum_exclude_size <= CY_CHECKSUM_EXCLUDE_SIZE), CY_BOOT: Section .cy_checksum_exclude size exceedes specified limit.)

.cyloadermeta
 *(.cyloadermeta)

.cyloadablemeta
 *(.cyloadablemeta)

.cyconfigecc    0x80000000      0x460
 *(.cyconfigecc)
 .cyconfigecc   0x80000000      0x460 .\CortexM3\ARM_GCC_541\Debug\cymetadata.o
                0x80000000                cy_meta_configecc

.cycustnvl      0x90000000        0x4
 *(.cycustnvl)
 .cycustnvl     0x90000000        0x4 .\CortexM3\ARM_GCC_541\Debug\cymetadata.o
                0x90000000                cy_meta_custnvl

.cywolatch      0x90100000        0x4
 *(.cywolatch)
 .cywolatch     0x90100000        0x4 .\CortexM3\ARM_GCC_541\Debug\cymetadata.o
                0x90100000                cy_meta_wonvl

.cyeeprom       0x90200000        0x0
 *(.cyeeprom)
                0x00000001                ASSERT ((. <= ((0x90200000 + ee_offset) + ee_size)), .cyeeprom data will not fit in EEPROM)

.cyflashprotect
                0x90400000      0x100
 *(.cyflashprotect)
 .cyflashprotect
                0x90400000      0x100 .\CortexM3\ARM_GCC_541\Debug\cymetadata.o
                0x90400000                cy_meta_flashprotect

.cymeta         0x90500000        0xc
 *(.cymeta)
 .cymeta        0x90500000        0xc .\CortexM3\ARM_GCC_541\Debug\cymetadata.o
                0x90500000                cy_metadata

.rel.dyn        0x00001c70        0x0 load address 0x9050000c
 .rel.iplt      0x00001c70        0x0 c:/program files (x86)/cypress/psoc creator/4.4/psoc creator/import/gnu/arm/5.4.1/bin/../lib/gcc/arm-none-eabi/5.4.1/armv7-m/crtbegin.o

.stab
 *(.stab)

.stabstr
 *(.stabstr)

.debug
 *(.debug)

.line
 *(.line)

.debug_srcinfo
 *(.debug_srcinfo)

.debug_sfnames
 *(.debug_sfnames)

.debug_aranges  0x00000000      0xb70
 *(.debug_aranges)
 .debug_aranges
                0x00000000       0x50 .\CortexM3\ARM_GCC_541\Debug\main.o
 .debug_aranges
                0x00000050       0x48 .\CortexM3\ARM_GCC_541\Debug\debug.o
 .debug_aranges
                0x00000098       0x58 .\CortexM3\ARM_GCC_541\Debug\cyfitter_cfg.o
 .debug_aranges
                0x000000f0       0x18 .\CortexM3\ARM_GCC_541\Debug\cymetadata.o
 .debug_aranges
                0x00000108       0x48 .\CortexM3\ARM_GCC_541\Debug\Cm3Start.o
 .debug_aranges
                0x00000150       0x80 .\CortexM3\ARM_GCC_541\Debug\DiferencialConRrefsYMux_Copy_01.a(Filter.o)
 .debug_aranges
                0x000001d0       0x28 .\CortexM3\ARM_GCC_541\Debug\DiferencialConRrefsYMux_Copy_01.a(Filter_PVT.o)
 .debug_aranges
                0x000001f8       0x18 .\CortexM3\ARM_GCC_541\Debug\DiferencialConRrefsYMux_Copy_01.a(Filter_RAM_Data.o)
 .debug_aranges
                0x00000210      0x2a0 .\CortexM3\ARM_GCC_541\Debug\DiferencialConRrefsYMux_Copy_01.a(CyLib.o)
 .debug_aranges
                0x000004b0       0x98 .\CortexM3\ARM_GCC_541\Debug\DiferencialConRrefsYMux_Copy_01.a(cyPm.o)
 .debug_aranges
                0x00000548       0xe8 .\CortexM3\ARM_GCC_541\Debug\DiferencialConRrefsYMux_Copy_01.a(ADC_DelSig.o)
 .debug_aranges
                0x00000630       0x38 .\CortexM3\ARM_GCC_541\Debug\DiferencialConRrefsYMux_Copy_01.a(ADC_DelSig_INT.o)
 .debug_aranges
                0x00000668       0x80 .\CortexM3\ARM_GCC_541\Debug\DiferencialConRrefsYMux_Copy_01.a(isr_DelSig.o)
 .debug_aranges
                0x000006e8       0x70 .\CortexM3\ARM_GCC_541\Debug\DiferencialConRrefsYMux_Copy_01.a(ADC_DelSig_Ext_CP_Clk.o)
 .debug_aranges
                0x00000758       0x80 .\CortexM3\ARM_GCC_541\Debug\DiferencialConRrefsYMux_Copy_01.a(ADC_DelSig_theACLK.o)
 .debug_aranges
                0x000007d8       0xf0 .\CortexM3\ARM_GCC_541\Debug\DiferencialConRrefsYMux_Copy_01.a(UART_PC.o)
 .debug_aranges
                0x000008c8       0x70 .\CortexM3\ARM_GCC_541\Debug\DiferencialConRrefsYMux_Copy_01.a(UART_PC_IntClock.o)
 .debug_aranges
                0x00000938       0x80 .\CortexM3\ARM_GCC_541\Debug\DiferencialConRrefsYMux_Copy_01.a(isr_Filter.o)
 .debug_aranges
                0x000009b8       0x48 .\CortexM3\ARM_GCC_541\Debug\DiferencialConRrefsYMux_Copy_01.a(PGA_p.o)
 .debug_aranges
                0x00000a00       0x48 .\CortexM3\ARM_GCC_541\Debug\DiferencialConRrefsYMux_Copy_01.a(PGA_n.o)
 .debug_aranges
                0x00000a48       0x20 .\CortexM3\ARM_GCC_541\Debug\DiferencialConRrefsYMux_Copy_01.a(CyBootAsmGnu.o)
 .debug_aranges
                0x00000a68       0x88 .\CortexM3\ARM_GCC_541\Debug\DiferencialConRrefsYMux_Copy_01.a(CyFlash.o)
 .debug_aranges
                0x00000af0       0x80 .\CortexM3\ARM_GCC_541\Debug\DiferencialConRrefsYMux_Copy_01.a(CySpc.o)

.debug_pubnames
 *(.debug_pubnames)

.debug_info     0x00000000     0x676d
 *(.debug_info .gnu.linkonce.wi.*)
 .debug_info    0x00000000      0x815 .\CortexM3\ARM_GCC_541\Debug\main.o
 .debug_info    0x00000815      0x1ce .\CortexM3\ARM_GCC_541\Debug\debug.o
 .debug_info    0x000009e3      0x604 .\CortexM3\ARM_GCC_541\Debug\cyfitter_cfg.o
 .debug_info    0x00000fe7      0x136 .\CortexM3\ARM_GCC_541\Debug\cymetadata.o
 .debug_info    0x0000111d      0x3bb .\CortexM3\ARM_GCC_541\Debug\Cm3Start.o
 .debug_info    0x000014d8      0x4b4 .\CortexM3\ARM_GCC_541\Debug\DiferencialConRrefsYMux_Copy_01.a(Filter.o)
 .debug_info    0x0000198c       0xf2 .\CortexM3\ARM_GCC_541\Debug\DiferencialConRrefsYMux_Copy_01.a(Filter_PVT.o)
 .debug_info    0x00001a7e      0x137 .\CortexM3\ARM_GCC_541\Debug\DiferencialConRrefsYMux_Copy_01.a(Filter_RAM_Data.o)
 .debug_info    0x00001bb5     0x1374 .\CortexM3\ARM_GCC_541\Debug\DiferencialConRrefsYMux_Copy_01.a(CyLib.o)
 .debug_info    0x00002f29      0xa2a .\CortexM3\ARM_GCC_541\Debug\DiferencialConRrefsYMux_Copy_01.a(cyPm.o)
 .debug_info    0x00003953      0x9fd .\CortexM3\ARM_GCC_541\Debug\DiferencialConRrefsYMux_Copy_01.a(ADC_DelSig.o)
 .debug_info    0x00004350       0xd3 .\CortexM3\ARM_GCC_541\Debug\DiferencialConRrefsYMux_Copy_01.a(ADC_DelSig_INT.o)
 .debug_info    0x00004423      0x2d2 .\CortexM3\ARM_GCC_541\Debug\DiferencialConRrefsYMux_Copy_01.a(isr_DelSig.o)
 .debug_info    0x000046f5      0x283 .\CortexM3\ARM_GCC_541\Debug\DiferencialConRrefsYMux_Copy_01.a(ADC_DelSig_Ext_CP_Clk.o)
 .debug_info    0x00004978      0x2c4 .\CortexM3\ARM_GCC_541\Debug\DiferencialConRrefsYMux_Copy_01.a(ADC_DelSig_theACLK.o)
 .debug_info    0x00004c3c      0x60c .\CortexM3\ARM_GCC_541\Debug\DiferencialConRrefsYMux_Copy_01.a(UART_PC.o)
 .debug_info    0x00005248      0x283 .\CortexM3\ARM_GCC_541\Debug\DiferencialConRrefsYMux_Copy_01.a(UART_PC_IntClock.o)
 .debug_info    0x000054cb      0x2d2 .\CortexM3\ARM_GCC_541\Debug\DiferencialConRrefsYMux_Copy_01.a(isr_Filter.o)
 .debug_info    0x0000579d      0x1d3 .\CortexM3\ARM_GCC_541\Debug\DiferencialConRrefsYMux_Copy_01.a(PGA_p.o)
 .debug_info    0x00005970      0x1d3 .\CortexM3\ARM_GCC_541\Debug\DiferencialConRrefsYMux_Copy_01.a(PGA_n.o)
 .debug_info    0x00005b43       0x8d .\CortexM3\ARM_GCC_541\Debug\DiferencialConRrefsYMux_Copy_01.a(CyBootAsmGnu.o)
 .debug_info    0x00005bd0      0x64d .\CortexM3\ARM_GCC_541\Debug\DiferencialConRrefsYMux_Copy_01.a(CyFlash.o)
 .debug_info    0x0000621d      0x550 .\CortexM3\ARM_GCC_541\Debug\DiferencialConRrefsYMux_Copy_01.a(CySpc.o)

.debug_abbrev   0x00000000     0x1ca6
 *(.debug_abbrev)
 .debug_abbrev  0x00000000      0x15e .\CortexM3\ARM_GCC_541\Debug\main.o
 .debug_abbrev  0x0000015e      0x104 .\CortexM3\ARM_GCC_541\Debug\debug.o
 .debug_abbrev  0x00000262      0x20d .\CortexM3\ARM_GCC_541\Debug\cyfitter_cfg.o
 .debug_abbrev  0x0000046f       0x77 .\CortexM3\ARM_GCC_541\Debug\cymetadata.o
 .debug_abbrev  0x000004e6      0x1e8 .\CortexM3\ARM_GCC_541\Debug\Cm3Start.o
 .debug_abbrev  0x000006ce      0x1bc .\CortexM3\ARM_GCC_541\Debug\DiferencialConRrefsYMux_Copy_01.a(Filter.o)
 .debug_abbrev  0x0000088a       0x7f .\CortexM3\ARM_GCC_541\Debug\DiferencialConRrefsYMux_Copy_01.a(Filter_PVT.o)
 .debug_abbrev  0x00000909       0x66 .\CortexM3\ARM_GCC_541\Debug\DiferencialConRrefsYMux_Copy_01.a(Filter_RAM_Data.o)
 .debug_abbrev  0x0000096f      0x254 .\CortexM3\ARM_GCC_541\Debug\DiferencialConRrefsYMux_Copy_01.a(CyLib.o)
 .debug_abbrev  0x00000bc3      0x1ab .\CortexM3\ARM_GCC_541\Debug\DiferencialConRrefsYMux_Copy_01.a(cyPm.o)
 .debug_abbrev  0x00000d6e      0x1cd .\CortexM3\ARM_GCC_541\Debug\DiferencialConRrefsYMux_Copy_01.a(ADC_DelSig.o)
 .debug_abbrev  0x00000f3b       0x42 .\CortexM3\ARM_GCC_541\Debug\DiferencialConRrefsYMux_Copy_01.a(ADC_DelSig_INT.o)
 .debug_abbrev  0x00000f7d      0x173 .\CortexM3\ARM_GCC_541\Debug\DiferencialConRrefsYMux_Copy_01.a(isr_DelSig.o)
 .debug_abbrev  0x000010f0      0x139 .\CortexM3\ARM_GCC_541\Debug\DiferencialConRrefsYMux_Copy_01.a(ADC_DelSig_Ext_CP_Clk.o)
 .debug_abbrev  0x00001229      0x121 .\CortexM3\ARM_GCC_541\Debug\DiferencialConRrefsYMux_Copy_01.a(ADC_DelSig_theACLK.o)
 .debug_abbrev  0x0000134a      0x175 .\CortexM3\ARM_GCC_541\Debug\DiferencialConRrefsYMux_Copy_01.a(UART_PC.o)
 .debug_abbrev  0x000014bf      0x139 .\CortexM3\ARM_GCC_541\Debug\DiferencialConRrefsYMux_Copy_01.a(UART_PC_IntClock.o)
 .debug_abbrev  0x000015f8      0x173 .\CortexM3\ARM_GCC_541\Debug\DiferencialConRrefsYMux_Copy_01.a(isr_Filter.o)
 .debug_abbrev  0x0000176b       0xf6 .\CortexM3\ARM_GCC_541\Debug\DiferencialConRrefsYMux_Copy_01.a(PGA_p.o)
 .debug_abbrev  0x00001861       0xf6 .\CortexM3\ARM_GCC_541\Debug\DiferencialConRrefsYMux_Copy_01.a(PGA_n.o)
 .debug_abbrev  0x00001957       0x14 .\CortexM3\ARM_GCC_541\Debug\DiferencialConRrefsYMux_Copy_01.a(CyBootAsmGnu.o)
 .debug_abbrev  0x0000196b      0x1a7 .\CortexM3\ARM_GCC_541\Debug\DiferencialConRrefsYMux_Copy_01.a(CyFlash.o)
 .debug_abbrev  0x00001b12      0x194 .\CortexM3\ARM_GCC_541\Debug\DiferencialConRrefsYMux_Copy_01.a(CySpc.o)

.debug_line     0x00000000     0x2b2a
 *(.debug_line)
 .debug_line    0x00000000      0x2a5 .\CortexM3\ARM_GCC_541\Debug\main.o
 .debug_line    0x000002a5        0x0 .\CortexM3\ARM_GCC_541\Debug\AnalogToDigital.o
 .debug_line    0x000002a5        0x0 .\CortexM3\ARM_GCC_541\Debug\buffers.o
 .debug_line    0x000002a5        0x0 .\CortexM3\ARM_GCC_541\Debug\Communication.o
 .debug_line    0x000002a5        0x0 .\CortexM3\ARM_GCC_541\Debug\isr_handlers.o
 .debug_line    0x000002a5        0x0 .\CortexM3\ARM_GCC_541\Debug\tb_buffers.o
 .debug_line    0x000002a5        0x0 .\CortexM3\ARM_GCC_541\Debug\TestBench.o
 .debug_line    0x000002a5       0xf6 .\CortexM3\ARM_GCC_541\Debug\debug.o
 .debug_line    0x0000039b      0x218 .\CortexM3\ARM_GCC_541\Debug\cyfitter_cfg.o
 .debug_line    0x000005b3      0x141 .\CortexM3\ARM_GCC_541\Debug\cymetadata.o
 .debug_line    0x000006f4      0x234 .\CortexM3\ARM_GCC_541\Debug\Cm3Start.o
 .debug_line    0x00000928      0x172 .\CortexM3\ARM_GCC_541\Debug\DiferencialConRrefsYMux_Copy_01.a(Filter.o)
 .debug_line    0x00000a9a       0x74 .\CortexM3\ARM_GCC_541\Debug\DiferencialConRrefsYMux_Copy_01.a(Filter_PVT.o)
 .debug_line    0x00000b0e       0x56 .\CortexM3\ARM_GCC_541\Debug\DiferencialConRrefsYMux_Copy_01.a(Filter_RAM_Data.o)
 .debug_line    0x00000b64      0x816 .\CortexM3\ARM_GCC_541\Debug\DiferencialConRrefsYMux_Copy_01.a(CyLib.o)
 .debug_line    0x0000137a      0x367 .\CortexM3\ARM_GCC_541\Debug\DiferencialConRrefsYMux_Copy_01.a(cyPm.o)
 .debug_line    0x000016e1      0x373 .\CortexM3\ARM_GCC_541\Debug\DiferencialConRrefsYMux_Copy_01.a(ADC_DelSig.o)
 .debug_line    0x00001a54       0x87 .\CortexM3\ARM_GCC_541\Debug\DiferencialConRrefsYMux_Copy_01.a(ADC_DelSig_INT.o)
 .debug_line    0x00001adb      0x137 .\CortexM3\ARM_GCC_541\Debug\DiferencialConRrefsYMux_Copy_01.a(isr_DelSig.o)
 .debug_line    0x00001c12      0x184 .\CortexM3\ARM_GCC_541\Debug\DiferencialConRrefsYMux_Copy_01.a(ADC_DelSig_Ext_CP_Clk.o)
 .debug_line    0x00001d96      0x1a4 .\CortexM3\ARM_GCC_541\Debug\DiferencialConRrefsYMux_Copy_01.a(ADC_DelSig_theACLK.o)
 .debug_line    0x00001f3a      0x2c2 .\CortexM3\ARM_GCC_541\Debug\DiferencialConRrefsYMux_Copy_01.a(UART_PC.o)
 .debug_line    0x000021fc      0x17f .\CortexM3\ARM_GCC_541\Debug\DiferencialConRrefsYMux_Copy_01.a(UART_PC_IntClock.o)
 .debug_line    0x0000237b      0x137 .\CortexM3\ARM_GCC_541\Debug\DiferencialConRrefsYMux_Copy_01.a(isr_Filter.o)
 .debug_line    0x000024b2       0xcc .\CortexM3\ARM_GCC_541\Debug\DiferencialConRrefsYMux_Copy_01.a(PGA_p.o)
 .debug_line    0x0000257e       0xcc .\CortexM3\ARM_GCC_541\Debug\DiferencialConRrefsYMux_Copy_01.a(PGA_n.o)
 .debug_line    0x0000264a       0x66 .\CortexM3\ARM_GCC_541\Debug\DiferencialConRrefsYMux_Copy_01.a(CyBootAsmGnu.o)
 .debug_line    0x000026b0      0x21a .\CortexM3\ARM_GCC_541\Debug\DiferencialConRrefsYMux_Copy_01.a(CyFlash.o)
 .debug_line    0x000028ca      0x260 .\CortexM3\ARM_GCC_541\Debug\DiferencialConRrefsYMux_Copy_01.a(CySpc.o)

.debug_frame    0x00000000     0x1c78
 *(.debug_frame)
 .debug_frame   0x00000000       0xe4 .\CortexM3\ARM_GCC_541\Debug\main.o
 .debug_frame   0x000000e4       0x8c .\CortexM3\ARM_GCC_541\Debug\debug.o
 .debug_frame   0x00000170       0xf8 .\CortexM3\ARM_GCC_541\Debug\cyfitter_cfg.o
 .debug_frame   0x00000268       0xb8 .\CortexM3\ARM_GCC_541\Debug\Cm3Start.o
 .debug_frame   0x00000320      0x104 .\CortexM3\ARM_GCC_541\Debug\DiferencialConRrefsYMux_Copy_01.a(Filter.o)
 .debug_frame   0x00000424       0x30 .\CortexM3\ARM_GCC_541\Debug\DiferencialConRrefsYMux_Copy_01.a(Filter_PVT.o)
 .debug_frame   0x00000454      0x738 .\CortexM3\ARM_GCC_541\Debug\DiferencialConRrefsYMux_Copy_01.a(CyLib.o)
 .debug_frame   0x00000b8c      0x1f8 .\CortexM3\ARM_GCC_541\Debug\DiferencialConRrefsYMux_Copy_01.a(cyPm.o)
 .debug_frame   0x00000d84      0x284 .\CortexM3\ARM_GCC_541\Debug\DiferencialConRrefsYMux_Copy_01.a(ADC_DelSig.o)
 .debug_frame   0x00001008       0x50 .\CortexM3\ARM_GCC_541\Debug\DiferencialConRrefsYMux_Copy_01.a(ADC_DelSig_INT.o)
 .debug_frame   0x00001058      0x104 .\CortexM3\ARM_GCC_541\Debug\DiferencialConRrefsYMux_Copy_01.a(isr_DelSig.o)
 .debug_frame   0x0000115c       0xe0 .\CortexM3\ARM_GCC_541\Debug\DiferencialConRrefsYMux_Copy_01.a(ADC_DelSig_Ext_CP_Clk.o)
 .debug_frame   0x0000123c      0x100 .\CortexM3\ARM_GCC_541\Debug\DiferencialConRrefsYMux_Copy_01.a(ADC_DelSig_theACLK.o)
 .debug_frame   0x0000133c      0x250 .\CortexM3\ARM_GCC_541\Debug\DiferencialConRrefsYMux_Copy_01.a(UART_PC.o)
 .debug_frame   0x0000158c       0xe0 .\CortexM3\ARM_GCC_541\Debug\DiferencialConRrefsYMux_Copy_01.a(UART_PC_IntClock.o)
 .debug_frame   0x0000166c      0x104 .\CortexM3\ARM_GCC_541\Debug\DiferencialConRrefsYMux_Copy_01.a(isr_Filter.o)
 .debug_frame   0x00001770       0x9c .\CortexM3\ARM_GCC_541\Debug\DiferencialConRrefsYMux_Copy_01.a(PGA_p.o)
 .debug_frame   0x0000180c       0x9c .\CortexM3\ARM_GCC_541\Debug\DiferencialConRrefsYMux_Copy_01.a(PGA_n.o)
 .debug_frame   0x000018a8      0x194 .\CortexM3\ARM_GCC_541\Debug\DiferencialConRrefsYMux_Copy_01.a(CyFlash.o)
 .debug_frame   0x00001a3c      0x180 .\CortexM3\ARM_GCC_541\Debug\DiferencialConRrefsYMux_Copy_01.a(CySpc.o)
 .debug_frame   0x00001bbc       0x20 c:/program files (x86)/cypress/psoc creator/4.4/psoc creator/import/gnu/arm/5.4.1/bin/../lib/gcc/arm-none-eabi/5.4.1/../../../../arm-none-eabi/lib/armv7-m\libg_nano.a(lib_a-errno.o)
 .debug_frame   0x00001bdc       0x28 c:/program files (x86)/cypress/psoc creator/4.4/psoc creator/import/gnu/arm/5.4.1/bin/../lib/gcc/arm-none-eabi/5.4.1/../../../../arm-none-eabi/lib/armv7-m\libg_nano.a(lib_a-exit.o)
 .debug_frame   0x00001c04       0x2c c:/program files (x86)/cypress/psoc creator/4.4/psoc creator/import/gnu/arm/5.4.1/bin/../lib/gcc/arm-none-eabi/5.4.1/../../../../arm-none-eabi/lib/armv7-m\libg_nano.a(lib_a-init.o)
 .debug_frame   0x00001c30       0x28 c:/program files (x86)/cypress/psoc creator/4.4/psoc creator/import/gnu/arm/5.4.1/bin/../lib/gcc/arm-none-eabi/5.4.1/../../../../arm-none-eabi/lib/armv7-m\libg_nano.a(lib_a-memcpy-stub.o)
 .debug_frame   0x00001c58       0x20 c:/program files (x86)/cypress/psoc creator/4.4/psoc creator/import/gnu/arm/5.4.1/bin/../lib/gcc/arm-none-eabi/5.4.1/../../../../arm-none-eabi/lib/armv7-m\libg_nano.a(lib_a-memset.o)

.debug_str      0x00000000     0x2727
 *(.debug_str)
 .debug_str     0x00000000      0x445 .\CortexM3\ARM_GCC_541\Debug\main.o
                                0x4a0 (size before relaxing)
 .debug_str     0x00000445       0x12 .\CortexM3\ARM_GCC_541\Debug\AnalogToDigital.o
                                 0xdf (size before relaxing)
 .debug_str     0x00000457       0x12 .\CortexM3\ARM_GCC_541\Debug\buffers.o
                                 0xd7 (size before relaxing)
 .debug_str     0x00000457       0x10 .\CortexM3\ARM_GCC_541\Debug\Communication.o
                                 0xdd (size before relaxing)
 .debug_str     0x00000467        0xf .\CortexM3\ARM_GCC_541\Debug\isr_handlers.o
                                 0xdc (size before relaxing)
 .debug_str     0x00000476        0xd .\CortexM3\ARM_GCC_541\Debug\tb_buffers.o
                                 0xda (size before relaxing)
 .debug_str     0x00000483        0xc .\CortexM3\ARM_GCC_541\Debug\TestBench.o
                                 0xd9 (size before relaxing)
 .debug_str     0x0000048f       0xbc .\CortexM3\ARM_GCC_541\Debug\debug.o
                                0x225 (size before relaxing)
 .debug_str     0x0000054b      0x19a .\CortexM3\ARM_GCC_541\Debug\cyfitter_cfg.o
                                0x341 (size before relaxing)
 .debug_str     0x000006e5       0x7f .\CortexM3\ARM_GCC_541\Debug\cymetadata.o
                                0x1e1 (size before relaxing)
 .debug_str     0x00000764      0x144 .\CortexM3\ARM_GCC_541\Debug\Cm3Start.o
                                0x307 (size before relaxing)
 .debug_str     0x000008a8      0x118 .\CortexM3\ARM_GCC_541\Debug\DiferencialConRrefsYMux_Copy_01.a(Filter.o)
                                0x339 (size before relaxing)
 .debug_str     0x000009c0       0x2b .\CortexM3\ARM_GCC_541\Debug\DiferencialConRrefsYMux_Copy_01.a(Filter_PVT.o)
                                0x1d8 (size before relaxing)
 .debug_str     0x000009eb       0x29 .\CortexM3\ARM_GCC_541\Debug\DiferencialConRrefsYMux_Copy_01.a(Filter_RAM_Data.o)
                                0x1e9 (size before relaxing)
 .debug_str     0x00000a14      0x819 .\CortexM3\ARM_GCC_541\Debug\DiferencialConRrefsYMux_Copy_01.a(CyLib.o)
                                0xa44 (size before relaxing)
 .debug_str     0x0000122d      0x365 .\CortexM3\ARM_GCC_541\Debug\DiferencialConRrefsYMux_Copy_01.a(cyPm.o)
                                0x730 (size before relaxing)
 .debug_str     0x00001592      0x447 .\CortexM3\ARM_GCC_541\Debug\DiferencialConRrefsYMux_Copy_01.a(ADC_DelSig.o)
                                0x6ce (size before relaxing)
 .debug_str     0x000019d9       0x68 .\CortexM3\ARM_GCC_541\Debug\DiferencialConRrefsYMux_Copy_01.a(ADC_DelSig_INT.o)
                                0x1e0 (size before relaxing)
 .debug_str     0x00001a41      0x119 .\CortexM3\ARM_GCC_541\Debug\DiferencialConRrefsYMux_Copy_01.a(isr_DelSig.o)
                                0x2e9 (size before relaxing)
 .debug_str     0x00001b5a      0x1b3 .\CortexM3\ARM_GCC_541\Debug\DiferencialConRrefsYMux_Copy_01.a(ADC_DelSig_Ext_CP_Clk.o)
                                0x393 (size before relaxing)
 .debug_str     0x00001d0d      0x1a3 .\CortexM3\ARM_GCC_541\Debug\DiferencialConRrefsYMux_Copy_01.a(ADC_DelSig_theACLK.o)
                                0x3c0 (size before relaxing)
 .debug_str     0x00001eb0      0x299 .\CortexM3\ARM_GCC_541\Debug\DiferencialConRrefsYMux_Copy_01.a(UART_PC.o)
                                0x4cf (size before relaxing)
 .debug_str     0x00002149      0x156 .\CortexM3\ARM_GCC_541\Debug\DiferencialConRrefsYMux_Copy_01.a(UART_PC_IntClock.o)
                                0x357 (size before relaxing)
 .debug_str     0x0000229f      0x119 .\CortexM3\ARM_GCC_541\Debug\DiferencialConRrefsYMux_Copy_01.a(isr_Filter.o)
                                0x2e9 (size before relaxing)
 .debug_str     0x000023b8       0x8a .\CortexM3\ARM_GCC_541\Debug\DiferencialConRrefsYMux_Copy_01.a(PGA_p.o)
                                0x22c (size before relaxing)
 .debug_str     0x00002442       0x7e .\CortexM3\ARM_GCC_541\Debug\DiferencialConRrefsYMux_Copy_01.a(PGA_n.o)
                                0x22c (size before relaxing)
 .debug_str     0x000024c0      0x1bb .\CortexM3\ARM_GCC_541\Debug\DiferencialConRrefsYMux_Copy_01.a(CyFlash.o)
                                0x3bd (size before relaxing)
 .debug_str     0x0000267b       0xac .\CortexM3\ARM_GCC_541\Debug\DiferencialConRrefsYMux_Copy_01.a(CySpc.o)
                                0x335 (size before relaxing)

.debug_loc      0x00000000     0x2c1c
 *(.debug_loc)
 .debug_loc     0x00000000       0x9c .\CortexM3\ARM_GCC_541\Debug\main.o
 .debug_loc     0x0000009c       0x81 .\CortexM3\ARM_GCC_541\Debug\debug.o
 .debug_loc     0x0000011d      0x259 .\CortexM3\ARM_GCC_541\Debug\cyfitter_cfg.o
 .debug_loc     0x00000376      0x144 .\CortexM3\ARM_GCC_541\Debug\Cm3Start.o
 .debug_loc     0x000004ba      0x24b .\CortexM3\ARM_GCC_541\Debug\DiferencialConRrefsYMux_Copy_01.a(Filter.o)
 .debug_loc     0x00000705       0x3c .\CortexM3\ARM_GCC_541\Debug\DiferencialConRrefsYMux_Copy_01.a(Filter_PVT.o)
 .debug_loc     0x00000741      0xa11 .\CortexM3\ARM_GCC_541\Debug\DiferencialConRrefsYMux_Copy_01.a(CyLib.o)
 .debug_loc     0x00001152      0x1e4 .\CortexM3\ARM_GCC_541\Debug\DiferencialConRrefsYMux_Copy_01.a(cyPm.o)
 .debug_loc     0x00001336      0x6ca .\CortexM3\ARM_GCC_541\Debug\DiferencialConRrefsYMux_Copy_01.a(ADC_DelSig.o)
 .debug_loc     0x00001a00       0x56 .\CortexM3\ARM_GCC_541\Debug\DiferencialConRrefsYMux_Copy_01.a(isr_DelSig.o)
 .debug_loc     0x00001a56      0x12c .\CortexM3\ARM_GCC_541\Debug\DiferencialConRrefsYMux_Copy_01.a(ADC_DelSig_Ext_CP_Clk.o)
 .debug_loc     0x00001b82      0x14d .\CortexM3\ARM_GCC_541\Debug\DiferencialConRrefsYMux_Copy_01.a(ADC_DelSig_theACLK.o)
 .debug_loc     0x00001ccf      0x258 .\CortexM3\ARM_GCC_541\Debug\DiferencialConRrefsYMux_Copy_01.a(UART_PC.o)
 .debug_loc     0x00001f27      0x128 .\CortexM3\ARM_GCC_541\Debug\DiferencialConRrefsYMux_Copy_01.a(UART_PC_IntClock.o)
 .debug_loc     0x0000204f       0x56 .\CortexM3\ARM_GCC_541\Debug\DiferencialConRrefsYMux_Copy_01.a(isr_Filter.o)
 .debug_loc     0x000020a5       0x60 .\CortexM3\ARM_GCC_541\Debug\DiferencialConRrefsYMux_Copy_01.a(PGA_p.o)
 .debug_loc     0x00002105       0x60 .\CortexM3\ARM_GCC_541\Debug\DiferencialConRrefsYMux_Copy_01.a(PGA_n.o)
 .debug_loc     0x00002165      0x3b2 .\CortexM3\ARM_GCC_541\Debug\DiferencialConRrefsYMux_Copy_01.a(CyFlash.o)
 .debug_loc     0x00002517      0x705 .\CortexM3\ARM_GCC_541\Debug\DiferencialConRrefsYMux_Copy_01.a(CySpc.o)

.debug_macinfo
 *(.debug_macinfo)

.debug_ranges   0x00000000      0x9e0
 *(.debug_ranges)
 .debug_ranges  0x00000000       0x40 .\CortexM3\ARM_GCC_541\Debug\main.o
 .debug_ranges  0x00000040       0x38 .\CortexM3\ARM_GCC_541\Debug\debug.o
 .debug_ranges  0x00000078       0x48 .\CortexM3\ARM_GCC_541\Debug\cyfitter_cfg.o
 .debug_ranges  0x000000c0       0x38 .\CortexM3\ARM_GCC_541\Debug\Cm3Start.o
 .debug_ranges  0x000000f8       0x70 .\CortexM3\ARM_GCC_541\Debug\DiferencialConRrefsYMux_Copy_01.a(Filter.o)
 .debug_ranges  0x00000168       0x18 .\CortexM3\ARM_GCC_541\Debug\DiferencialConRrefsYMux_Copy_01.a(Filter_PVT.o)
 .debug_ranges  0x00000180      0x290 .\CortexM3\ARM_GCC_541\Debug\DiferencialConRrefsYMux_Copy_01.a(CyLib.o)
 .debug_ranges  0x00000410       0x88 .\CortexM3\ARM_GCC_541\Debug\DiferencialConRrefsYMux_Copy_01.a(cyPm.o)
 .debug_ranges  0x00000498       0xd8 .\CortexM3\ARM_GCC_541\Debug\DiferencialConRrefsYMux_Copy_01.a(ADC_DelSig.o)
 .debug_ranges  0x00000570       0x28 .\CortexM3\ARM_GCC_541\Debug\DiferencialConRrefsYMux_Copy_01.a(ADC_DelSig_INT.o)
 .debug_ranges  0x00000598       0x70 .\CortexM3\ARM_GCC_541\Debug\DiferencialConRrefsYMux_Copy_01.a(isr_DelSig.o)
 .debug_ranges  0x00000608       0x60 .\CortexM3\ARM_GCC_541\Debug\DiferencialConRrefsYMux_Copy_01.a(ADC_DelSig_Ext_CP_Clk.o)
 .debug_ranges  0x00000668       0x70 .\CortexM3\ARM_GCC_541\Debug\DiferencialConRrefsYMux_Copy_01.a(ADC_DelSig_theACLK.o)
 .debug_ranges  0x000006d8       0xe0 .\CortexM3\ARM_GCC_541\Debug\DiferencialConRrefsYMux_Copy_01.a(UART_PC.o)
 .debug_ranges  0x000007b8       0x60 .\CortexM3\ARM_GCC_541\Debug\DiferencialConRrefsYMux_Copy_01.a(UART_PC_IntClock.o)
 .debug_ranges  0x00000818       0x70 .\CortexM3\ARM_GCC_541\Debug\DiferencialConRrefsYMux_Copy_01.a(isr_Filter.o)
 .debug_ranges  0x00000888       0x38 .\CortexM3\ARM_GCC_541\Debug\DiferencialConRrefsYMux_Copy_01.a(PGA_p.o)
 .debug_ranges  0x000008c0       0x38 .\CortexM3\ARM_GCC_541\Debug\DiferencialConRrefsYMux_Copy_01.a(PGA_n.o)
 .debug_ranges  0x000008f8       0x78 .\CortexM3\ARM_GCC_541\Debug\DiferencialConRrefsYMux_Copy_01.a(CyFlash.o)
 .debug_ranges  0x00000970       0x70 .\CortexM3\ARM_GCC_541\Debug\DiferencialConRrefsYMux_Copy_01.a(CySpc.o)

.comment        0x00000000       0x6e
 .comment       0x00000000       0x6e .\CortexM3\ARM_GCC_541\Debug\main.o
                                 0x6f (size before relaxing)
 .comment       0x0000006e       0x6f .\CortexM3\ARM_GCC_541\Debug\AnalogToDigital.o
 .comment       0x0000006e       0x6f .\CortexM3\ARM_GCC_541\Debug\buffers.o
 .comment       0x0000006e       0x6f .\CortexM3\ARM_GCC_541\Debug\Communication.o
 .comment       0x0000006e       0x6f .\CortexM3\ARM_GCC_541\Debug\isr_handlers.o
 .comment       0x0000006e       0x6f .\CortexM3\ARM_GCC_541\Debug\tb_buffers.o
 .comment       0x0000006e       0x6f .\CortexM3\ARM_GCC_541\Debug\TestBench.o
 .comment       0x0000006e       0x6f .\CortexM3\ARM_GCC_541\Debug\debug.o
 .comment       0x0000006e       0x6f .\CortexM3\ARM_GCC_541\Debug\cyfitter_cfg.o
 .comment       0x0000006e       0x6f .\CortexM3\ARM_GCC_541\Debug\cymetadata.o
 .comment       0x0000006e       0x6f .\CortexM3\ARM_GCC_541\Debug\Cm3Start.o
 .comment       0x0000006e       0x6f .\CortexM3\ARM_GCC_541\Debug\DiferencialConRrefsYMux_Copy_01.a(Filter.o)
 .comment       0x0000006e       0x6f .\CortexM3\ARM_GCC_541\Debug\DiferencialConRrefsYMux_Copy_01.a(Filter_PVT.o)
 .comment       0x0000006e       0x6f .\CortexM3\ARM_GCC_541\Debug\DiferencialConRrefsYMux_Copy_01.a(Filter_RAM_Data.o)
 .comment       0x0000006e       0x6f .\CortexM3\ARM_GCC_541\Debug\DiferencialConRrefsYMux_Copy_01.a(CyLib.o)
 .comment       0x0000006e       0x6f .\CortexM3\ARM_GCC_541\Debug\DiferencialConRrefsYMux_Copy_01.a(cyPm.o)
 .comment       0x0000006e       0x6f .\CortexM3\ARM_GCC_541\Debug\DiferencialConRrefsYMux_Copy_01.a(ADC_DelSig.o)
 .comment       0x0000006e       0x6f .\CortexM3\ARM_GCC_541\Debug\DiferencialConRrefsYMux_Copy_01.a(ADC_DelSig_INT.o)
 .comment       0x0000006e       0x6f .\CortexM3\ARM_GCC_541\Debug\DiferencialConRrefsYMux_Copy_01.a(isr_DelSig.o)
 .comment       0x0000006e       0x6f .\CortexM3\ARM_GCC_541\Debug\DiferencialConRrefsYMux_Copy_01.a(ADC_DelSig_Ext_CP_Clk.o)
 .comment       0x0000006e       0x6f .\CortexM3\ARM_GCC_541\Debug\DiferencialConRrefsYMux_Copy_01.a(ADC_DelSig_theACLK.o)
 .comment       0x0000006e       0x6f .\CortexM3\ARM_GCC_541\Debug\DiferencialConRrefsYMux_Copy_01.a(UART_PC.o)
 .comment       0x0000006e       0x6f .\CortexM3\ARM_GCC_541\Debug\DiferencialConRrefsYMux_Copy_01.a(UART_PC_IntClock.o)
 .comment       0x0000006e       0x6f .\CortexM3\ARM_GCC_541\Debug\DiferencialConRrefsYMux_Copy_01.a(isr_Filter.o)
 .comment       0x0000006e       0x6f .\CortexM3\ARM_GCC_541\Debug\DiferencialConRrefsYMux_Copy_01.a(PGA_p.o)
 .comment       0x0000006e       0x6f .\CortexM3\ARM_GCC_541\Debug\DiferencialConRrefsYMux_Copy_01.a(PGA_n.o)
 .comment       0x0000006e       0x6f .\CortexM3\ARM_GCC_541\Debug\DiferencialConRrefsYMux_Copy_01.a(CyFlash.o)
 .comment       0x0000006e       0x6f .\CortexM3\ARM_GCC_541\Debug\DiferencialConRrefsYMux_Copy_01.a(CySpc.o)

.debug_weaknames
 *(.debug_weaknames)

.debug_funcnames
 *(.debug_funcnames)

.debug_typenames
 *(.debug_typenames)

.debug_varnames
 *(.debug_varnames)

.note.gnu.arm.ident
 *(.note.gnu.arm.ident)

.ARM.attributes
                0x00000000       0x29
 *(.ARM.attributes)
 .ARM.attributes
                0x00000000       0x1d c:/program files (x86)/cypress/psoc creator/4.4/psoc creator/import/gnu/arm/5.4.1/bin/../lib/gcc/arm-none-eabi/5.4.1/armv7-m/crti.o
 .ARM.attributes
                0x0000001d       0x2d c:/program files (x86)/cypress/psoc creator/4.4/psoc creator/import/gnu/arm/5.4.1/bin/../lib/gcc/arm-none-eabi/5.4.1/armv7-m/crtbegin.o
 .ARM.attributes
                0x0000004a       0x1b c:/program files (x86)/cypress/psoc creator/4.4/psoc creator/import/gnu/arm/5.4.1/bin/../lib/gcc/arm-none-eabi/5.4.1/../../../../arm-none-eabi/lib/armv7-m/crt0.o
 .ARM.attributes
                0x00000065       0x33 .\CortexM3\ARM_GCC_541\Debug\main.o
 .ARM.attributes
                0x00000098       0x33 .\CortexM3\ARM_GCC_541\Debug\AnalogToDigital.o
 .ARM.attributes
                0x000000cb       0x33 .\CortexM3\ARM_GCC_541\Debug\buffers.o
 .ARM.attributes
                0x000000fe       0x33 .\CortexM3\ARM_GCC_541\Debug\Communication.o
 .ARM.attributes
                0x00000131       0x33 .\CortexM3\ARM_GCC_541\Debug\isr_handlers.o
 .ARM.attributes
                0x00000164       0x33 .\CortexM3\ARM_GCC_541\Debug\tb_buffers.o
 .ARM.attributes
                0x00000197       0x33 .\CortexM3\ARM_GCC_541\Debug\TestBench.o
 .ARM.attributes
                0x000001ca       0x33 .\CortexM3\ARM_GCC_541\Debug\debug.o
 .ARM.attributes
                0x000001fd       0x33 .\CortexM3\ARM_GCC_541\Debug\cyfitter_cfg.o
 .ARM.attributes
                0x00000230       0x33 .\CortexM3\ARM_GCC_541\Debug\cymetadata.o
 .ARM.attributes
                0x00000263       0x33 .\CortexM3\ARM_GCC_541\Debug\Cm3Start.o
 .ARM.attributes
                0x00000296       0x33 .\CortexM3\ARM_GCC_541\Debug\DiferencialConRrefsYMux_Copy_01.a(Filter.o)
 .ARM.attributes
                0x000002c9       0x33 .\CortexM3\ARM_GCC_541\Debug\DiferencialConRrefsYMux_Copy_01.a(Filter_PVT.o)
 .ARM.attributes
                0x000002fc       0x33 .\CortexM3\ARM_GCC_541\Debug\DiferencialConRrefsYMux_Copy_01.a(Filter_RAM_Data.o)
 .ARM.attributes
                0x0000032f       0x33 .\CortexM3\ARM_GCC_541\Debug\DiferencialConRrefsYMux_Copy_01.a(CyLib.o)
 .ARM.attributes
                0x00000362       0x33 .\CortexM3\ARM_GCC_541\Debug\DiferencialConRrefsYMux_Copy_01.a(cyPm.o)
 .ARM.attributes
                0x00000395       0x33 .\CortexM3\ARM_GCC_541\Debug\DiferencialConRrefsYMux_Copy_01.a(ADC_DelSig.o)
 .ARM.attributes
                0x000003c8       0x33 .\CortexM3\ARM_GCC_541\Debug\DiferencialConRrefsYMux_Copy_01.a(ADC_DelSig_INT.o)
 .ARM.attributes
                0x000003fb       0x33 .\CortexM3\ARM_GCC_541\Debug\DiferencialConRrefsYMux_Copy_01.a(isr_DelSig.o)
 .ARM.attributes
                0x0000042e       0x33 .\CortexM3\ARM_GCC_541\Debug\DiferencialConRrefsYMux_Copy_01.a(ADC_DelSig_Ext_CP_Clk.o)
 .ARM.attributes
                0x00000461       0x33 .\CortexM3\ARM_GCC_541\Debug\DiferencialConRrefsYMux_Copy_01.a(ADC_DelSig_theACLK.o)
 .ARM.attributes
                0x00000494       0x33 .\CortexM3\ARM_GCC_541\Debug\DiferencialConRrefsYMux_Copy_01.a(UART_PC.o)
 .ARM.attributes
                0x000004c7       0x33 .\CortexM3\ARM_GCC_541\Debug\DiferencialConRrefsYMux_Copy_01.a(UART_PC_IntClock.o)
 .ARM.attributes
                0x000004fa       0x33 .\CortexM3\ARM_GCC_541\Debug\DiferencialConRrefsYMux_Copy_01.a(isr_Filter.o)
 .ARM.attributes
                0x0000052d       0x33 .\CortexM3\ARM_GCC_541\Debug\DiferencialConRrefsYMux_Copy_01.a(PGA_p.o)
 .ARM.attributes
                0x00000560       0x33 .\CortexM3\ARM_GCC_541\Debug\DiferencialConRrefsYMux_Copy_01.a(PGA_n.o)
 .ARM.attributes
                0x00000593       0x21 .\CortexM3\ARM_GCC_541\Debug\DiferencialConRrefsYMux_Copy_01.a(CyBootAsmGnu.o)
 .ARM.attributes
                0x000005b4       0x33 .\CortexM3\ARM_GCC_541\Debug\DiferencialConRrefsYMux_Copy_01.a(CyFlash.o)
 .ARM.attributes
                0x000005e7       0x33 .\CortexM3\ARM_GCC_541\Debug\DiferencialConRrefsYMux_Copy_01.a(CySpc.o)
 .ARM.attributes
                0x0000061a       0x1d c:/program files (x86)/cypress/psoc creator/4.4/psoc creator/import/gnu/arm/5.4.1/bin/../lib/gcc/arm-none-eabi/5.4.1/armv7-m\libgcc.a(_arm_addsubdf3.o)
 .ARM.attributes
                0x00000637       0x1d c:/program files (x86)/cypress/psoc creator/4.4/psoc creator/import/gnu/arm/5.4.1/bin/../lib/gcc/arm-none-eabi/5.4.1/armv7-m\libgcc.a(_arm_cmpdf2.o)
 .ARM.attributes
                0x00000654       0x1d c:/program files (x86)/cypress/psoc creator/4.4/psoc creator/import/gnu/arm/5.4.1/bin/../lib/gcc/arm-none-eabi/5.4.1/armv7-m\libgcc.a(_arm_addsubsf3.o)
 .ARM.attributes
                0x00000671       0x1d c:/program files (x86)/cypress/psoc creator/4.4/psoc creator/import/gnu/arm/5.4.1/bin/../lib/gcc/arm-none-eabi/5.4.1/armv7-m\libgcc.a(_arm_muldivsf3.o)
 .ARM.attributes
                0x0000068e       0x1d c:/program files (x86)/cypress/psoc creator/4.4/psoc creator/import/gnu/arm/5.4.1/bin/../lib/gcc/arm-none-eabi/5.4.1/armv7-m\libgcc.a(_arm_fixunssfsi.o)
 .ARM.attributes
                0x000006ab       0x2d c:/program files (x86)/cypress/psoc creator/4.4/psoc creator/import/gnu/arm/5.4.1/bin/../lib/gcc/arm-none-eabi/5.4.1/../../../../arm-none-eabi/lib/armv7-m\libg_nano.a(lib_a-errno.o)
 .ARM.attributes
                0x000006d8       0x2d c:/program files (x86)/cypress/psoc creator/4.4/psoc creator/import/gnu/arm/5.4.1/bin/../lib/gcc/arm-none-eabi/5.4.1/../../../../arm-none-eabi/lib/armv7-m\libg_nano.a(lib_a-exit.o)
 .ARM.attributes
                0x00000705       0x2d c:/program files (x86)/cypress/psoc creator/4.4/psoc creator/import/gnu/arm/5.4.1/bin/../lib/gcc/arm-none-eabi/5.4.1/../../../../arm-none-eabi/lib/armv7-m\libg_nano.a(lib_a-impure.o)
 .ARM.attributes
                0x00000732       0x2d c:/program files (x86)/cypress/psoc creator/4.4/psoc creator/import/gnu/arm/5.4.1/bin/../lib/gcc/arm-none-eabi/5.4.1/../../../../arm-none-eabi/lib/armv7-m\libg_nano.a(lib_a-init.o)
 .ARM.attributes
                0x0000075f       0x2d c:/program files (x86)/cypress/psoc creator/4.4/psoc creator/import/gnu/arm/5.4.1/bin/../lib/gcc/arm-none-eabi/5.4.1/../../../../arm-none-eabi/lib/armv7-m\libg_nano.a(lib_a-memcpy-stub.o)
 .ARM.attributes
                0x0000078c       0x2d c:/program files (x86)/cypress/psoc creator/4.4/psoc creator/import/gnu/arm/5.4.1/bin/../lib/gcc/arm-none-eabi/5.4.1/../../../../arm-none-eabi/lib/armv7-m\libg_nano.a(lib_a-memset.o)
 .ARM.attributes
                0x000007b9       0x2d c:/program files (x86)/cypress/psoc creator/4.4/psoc creator/import/gnu/arm/5.4.1/bin/../lib/gcc/arm-none-eabi/5.4.1/armv7-m/crtend.o
 .ARM.attributes
                0x000007e6       0x1d c:/program files (x86)/cypress/psoc creator/4.4/psoc creator/import/gnu/arm/5.4.1/bin/../lib/gcc/arm-none-eabi/5.4.1/armv7-m/crtn.o

/DISCARD/
 *(.note.GNU-stack)
OUTPUT(C:\Github\Tesis\src\psoc\DiferencialConRrefsYMux_Copy_01.cydsn\CortexM3\ARM_GCC_541\Debug\DiferencialConRrefsYMux_Copy_01.elf elf32-littlearm)
