ARM GAS  C:\Users\elias\AppData\Local\Temp\ccNwD7nP.s 			page 1


   1              		.syntax unified
   2              		.cpu cortex-m3
   3              		.fpu softvfp
   4              		.eabi_attribute 20, 1
   5              		.eabi_attribute 21, 1
   6              		.eabi_attribute 23, 3
   7              		.eabi_attribute 24, 1
   8              		.eabi_attribute 25, 1
   9              		.eabi_attribute 26, 1
  10              		.eabi_attribute 30, 1
  11              		.eabi_attribute 34, 1
  12              		.eabi_attribute 18, 4
  13              		.thumb
  14              		.syntax unified
  15              		.file	"Filter_Coefficients.c"
  16              		.text
  17              	.Ltext0:
  18              		.cfi_sections	.debug_frame
  19              		.global	Filter_ChannelAFirCoefficients
  20              		.section	.rodata
  21              		.align	2
  22              		.type	Filter_ChannelAFirCoefficients, %object
  23              		.size	Filter_ChannelAFirCoefficients, 512
  24              	Filter_ChannelAFirCoefficients:
  25 0000 E0       		.byte	-32
  26 0001 00       		.byte	0
  27 0002 00       		.byte	0
  28 0003 00       		.byte	0
  29 0004 B9       		.byte	-71
  30 0005 00       		.byte	0
  31 0006 00       		.byte	0
  32 0007 00       		.byte	0
  33 0008 40       		.byte	64
  34 0009 00       		.byte	0
  35 000a 00       		.byte	0
  36 000b 00       		.byte	0
  37 000c 77       		.byte	119
  38 000d FF       		.byte	-1
  39 000e FF       		.byte	-1
  40 000f 00       		.byte	0
  41 0010 88       		.byte	-120
  42 0011 FE       		.byte	-2
  43 0012 FF       		.byte	-1
  44 0013 00       		.byte	0
  45 0014 D4       		.byte	-44
  46 0015 FD       		.byte	-3
  47 0016 FF       		.byte	-1
  48 0017 00       		.byte	0
  49 0018 DF       		.byte	-33
  50 0019 FD       		.byte	-3
  51 001a FF       		.byte	-1
  52 001b 00       		.byte	0
  53 001c 10       		.byte	16
  54 001d FF       		.byte	-1
  55 001e FF       		.byte	-1
  56 001f 00       		.byte	0
  57 0020 61       		.byte	97
ARM GAS  C:\Users\elias\AppData\Local\Temp\ccNwD7nP.s 			page 2


  58 0021 01       		.byte	1
  59 0022 00       		.byte	0
  60 0023 00       		.byte	0
  61 0024 2D       		.byte	45
  62 0025 04       		.byte	4
  63 0026 00       		.byte	0
  64 0027 00       		.byte	0
  65 0028 38       		.byte	56
  66 0029 06       		.byte	6
  67 002a 00       		.byte	0
  68 002b 00       		.byte	0
  69 002c 1D       		.byte	29
  70 002d 06       		.byte	6
  71 002e 00       		.byte	0
  72 002f 00       		.byte	0
  73 0030 F9       		.byte	-7
  74 0031 02       		.byte	2
  75 0032 00       		.byte	0
  76 0033 00       		.byte	0
  77 0034 19       		.byte	25
  78 0035 FD       		.byte	-3
  79 0036 FF       		.byte	-1
  80 0037 00       		.byte	0
  81 0038 43       		.byte	67
  82 0039 F6       		.byte	-10
  83 003a FF       		.byte	-1
  84 003b 00       		.byte	0
  85 003c 66       		.byte	102
  86 003d F1       		.byte	-15
  87 003e FF       		.byte	-1
  88 003f 00       		.byte	0
  89 0040 88       		.byte	-120
  90 0041 F1       		.byte	-15
  91 0042 FF       		.byte	-1
  92 0043 00       		.byte	0
  93 0044 5A       		.byte	90
  94 0045 F8       		.byte	-8
  95 0046 FF       		.byte	-1
  96 0047 00       		.byte	0
  97 0048 F2       		.byte	-14
  98 0049 04       		.byte	4
  99 004a 00       		.byte	0
 100 004b 00       		.byte	0
 101 004c 68       		.byte	104
 102 004d 13       		.byte	19
 103 004e 00       		.byte	0
 104 004f 00       		.byte	0
 105 0050 B9       		.byte	-71
 106 0051 1D       		.byte	29
 107 0052 00       		.byte	0
 108 0053 00       		.byte	0
 109 0054 F9       		.byte	-7
 110 0055 1D       		.byte	29
 111 0056 00       		.byte	0
 112 0057 00       		.byte	0
 113 0058 12       		.byte	18
 114 0059 11       		.byte	17
ARM GAS  C:\Users\elias\AppData\Local\Temp\ccNwD7nP.s 			page 3


 115 005a 00       		.byte	0
 116 005b 00       		.byte	0
 117 005c 00       		.byte	0
 118 005d F9       		.byte	-7
 119 005e FF       		.byte	-1
 120 005f 00       		.byte	0
 121 0060 4F       		.byte	79
 122 0061 DD       		.byte	-35
 123 0062 FF       		.byte	-1
 124 0063 00       		.byte	0
 125 0064 33       		.byte	51
 126 0065 C9       		.byte	-55
 127 0066 FF       		.byte	-1
 128 0067 00       		.byte	0
 129 0068 77       		.byte	119
 130 0069 C7       		.byte	-57
 131 006a FF       		.byte	-1
 132 006b 00       		.byte	0
 133 006c 93       		.byte	-109
 134 006d DD       		.byte	-35
 135 006e FF       		.byte	-1
 136 006f 00       		.byte	0
 137 0070 ED       		.byte	-19
 138 0071 07       		.byte	7
 139 0072 00       		.byte	0
 140 0073 00       		.byte	0
 141 0074 38       		.byte	56
 142 0075 39       		.byte	57
 143 0076 00       		.byte	0
 144 0077 00       		.byte	0
 145 0078 F5       		.byte	-11
 146 0079 5D       		.byte	93
 147 007a 00       		.byte	0
 148 007b 00       		.byte	0
 149 007c 83       		.byte	-125
 150 007d 63       		.byte	99
 151 007e 00       		.byte	0
 152 007f 00       		.byte	0
 153 0080 62       		.byte	98
 154 0081 40       		.byte	64
 155 0082 00       		.byte	0
 156 0083 00       		.byte	0
 157 0084 57       		.byte	87
 158 0085 FA       		.byte	-6
 159 0086 FF       		.byte	-1
 160 0087 00       		.byte	0
 161 0088 4B       		.byte	75
 162 0089 A7       		.byte	-89
 163 008a FF       		.byte	-1
 164 008b 00       		.byte	0
 165 008c 67       		.byte	103
 166 008d 67       		.byte	103
 167 008e FF       		.byte	-1
 168 008f 00       		.byte	0
 169 0090 93       		.byte	-109
 170 0091 59       		.byte	89
 171 0092 FF       		.byte	-1
ARM GAS  C:\Users\elias\AppData\Local\Temp\ccNwD7nP.s 			page 4


 172 0093 00       		.byte	0
 173 0094 17       		.byte	23
 174 0095 8E       		.byte	-114
 175 0096 FF       		.byte	-1
 176 0097 00       		.byte	0
 177 0098 BD       		.byte	-67
 178 0099 FC       		.byte	-4
 179 009a FF       		.byte	-1
 180 009b 00       		.byte	0
 181 009c 54       		.byte	84
 182 009d 83       		.byte	-125
 183 009e 00       		.byte	0
 184 009f 00       		.byte	0
 185 00a0 CA       		.byte	-54
 186 00a1 EE       		.byte	-18
 187 00a2 00       		.byte	0
 188 00a3 00       		.byte	0
 189 00a4 25       		.byte	37
 190 00a5 0D       		.byte	13
 191 00a6 01       		.byte	1
 192 00a7 00       		.byte	0
 193 00a8 77       		.byte	119
 194 00a9 C2       		.byte	-62
 195 00aa 00       		.byte	0
 196 00ab 00       		.byte	0
 197 00ac B6       		.byte	-74
 198 00ad 18       		.byte	24
 199 00ae 00       		.byte	0
 200 00af 00       		.byte	0
 201 00b0 F9       		.byte	-7
 202 00b1 42       		.byte	66
 203 00b2 FF       		.byte	-1
 204 00b3 00       		.byte	0
 205 00b4 70       		.byte	112
 206 00b5 90       		.byte	-112
 207 00b6 FE       		.byte	-2
 208 00b7 00       		.byte	0
 209 00b8 80       		.byte	-128
 210 00b9 51       		.byte	81
 211 00ba FE       		.byte	-2
 212 00bb 00       		.byte	0
 213 00bc 51       		.byte	81
 214 00bd B7       		.byte	-73
 215 00be FE       		.byte	-2
 216 00bf 00       		.byte	0
 217 00c0 DF       		.byte	-33
 218 00c1 B9       		.byte	-71
 219 00c2 FF       		.byte	-1
 220 00c3 00       		.byte	0
 221 00c4 F7       		.byte	-9
 222 00c5 0F       		.byte	15
 223 00c6 01       		.byte	1
 224 00c7 00       		.byte	0
 225 00c8 77       		.byte	119
 226 00c9 3F       		.byte	63
 227 00ca 02       		.byte	2
 228 00cb 00       		.byte	0
ARM GAS  C:\Users\elias\AppData\Local\Temp\ccNwD7nP.s 			page 5


 229 00cc C2       		.byte	-62
 230 00cd C3       		.byte	-61
 231 00ce 02       		.byte	2
 232 00cf 00       		.byte	0
 233 00d0 8F       		.byte	-113
 234 00d1 3F       		.byte	63
 235 00d2 02       		.byte	2
 236 00d3 00       		.byte	0
 237 00d4 5A       		.byte	90
 238 00d5 A9       		.byte	-87
 239 00d6 00       		.byte	0
 240 00d7 00       		.byte	0
 241 00d8 40       		.byte	64
 242 00d9 61       		.byte	97
 243 00da FE       		.byte	-2
 244 00db 00       		.byte	0
 245 00dc EA       		.byte	-22
 246 00dd 24       		.byte	36
 247 00de FC       		.byte	-4
 248 00df 00       		.byte	0
 249 00e0 E9       		.byte	-23
 250 00e1 E0       		.byte	-32
 251 00e2 FA       		.byte	-6
 252 00e3 00       		.byte	0
 253 00e4 D7       		.byte	-41
 254 00e5 6A       		.byte	106
 255 00e6 FB       		.byte	-5
 256 00e7 00       		.byte	0
 257 00e8 FC       		.byte	-4
 258 00e9 38       		.byte	56
 259 00ea FE       		.byte	-2
 260 00eb 00       		.byte	0
 261 00ec 21       		.byte	33
 262 00ed 2F       		.byte	47
 263 00ee 03       		.byte	3
 264 00ef 00       		.byte	0
 265 00f0 38       		.byte	56
 266 00f1 93       		.byte	-109
 267 00f2 09       		.byte	9
 268 00f3 00       		.byte	0
 269 00f4 FA       		.byte	-6
 270 00f5 30       		.byte	48
 271 00f6 10       		.byte	16
 272 00f7 00       		.byte	0
 273 00f8 AF       		.byte	-81
 274 00f9 A4       		.byte	-92
 275 00fa 15       		.byte	21
 276 00fb 00       		.byte	0
 277 00fc 73       		.byte	115
 278 00fd B8       		.byte	-72
 279 00fe 18       		.byte	24
 280 00ff 00       		.byte	0
 281 0100 73       		.byte	115
 282 0101 B8       		.byte	-72
 283 0102 18       		.byte	24
 284 0103 00       		.byte	0
 285 0104 AF       		.byte	-81
ARM GAS  C:\Users\elias\AppData\Local\Temp\ccNwD7nP.s 			page 6


 286 0105 A4       		.byte	-92
 287 0106 15       		.byte	21
 288 0107 00       		.byte	0
 289 0108 FA       		.byte	-6
 290 0109 30       		.byte	48
 291 010a 10       		.byte	16
 292 010b 00       		.byte	0
 293 010c 38       		.byte	56
 294 010d 93       		.byte	-109
 295 010e 09       		.byte	9
 296 010f 00       		.byte	0
 297 0110 21       		.byte	33
 298 0111 2F       		.byte	47
 299 0112 03       		.byte	3
 300 0113 00       		.byte	0
 301 0114 FC       		.byte	-4
 302 0115 38       		.byte	56
 303 0116 FE       		.byte	-2
 304 0117 00       		.byte	0
 305 0118 D7       		.byte	-41
 306 0119 6A       		.byte	106
 307 011a FB       		.byte	-5
 308 011b 00       		.byte	0
 309 011c E9       		.byte	-23
 310 011d E0       		.byte	-32
 311 011e FA       		.byte	-6
 312 011f 00       		.byte	0
 313 0120 EA       		.byte	-22
 314 0121 24       		.byte	36
 315 0122 FC       		.byte	-4
 316 0123 00       		.byte	0
 317 0124 40       		.byte	64
 318 0125 61       		.byte	97
 319 0126 FE       		.byte	-2
 320 0127 00       		.byte	0
 321 0128 5A       		.byte	90
 322 0129 A9       		.byte	-87
 323 012a 00       		.byte	0
 324 012b 00       		.byte	0
 325 012c 8F       		.byte	-113
 326 012d 3F       		.byte	63
 327 012e 02       		.byte	2
 328 012f 00       		.byte	0
 329 0130 C2       		.byte	-62
 330 0131 C3       		.byte	-61
 331 0132 02       		.byte	2
 332 0133 00       		.byte	0
 333 0134 77       		.byte	119
 334 0135 3F       		.byte	63
 335 0136 02       		.byte	2
 336 0137 00       		.byte	0
 337 0138 F7       		.byte	-9
 338 0139 0F       		.byte	15
 339 013a 01       		.byte	1
 340 013b 00       		.byte	0
 341 013c DF       		.byte	-33
 342 013d B9       		.byte	-71
ARM GAS  C:\Users\elias\AppData\Local\Temp\ccNwD7nP.s 			page 7


 343 013e FF       		.byte	-1
 344 013f 00       		.byte	0
 345 0140 51       		.byte	81
 346 0141 B7       		.byte	-73
 347 0142 FE       		.byte	-2
 348 0143 00       		.byte	0
 349 0144 80       		.byte	-128
 350 0145 51       		.byte	81
 351 0146 FE       		.byte	-2
 352 0147 00       		.byte	0
 353 0148 70       		.byte	112
 354 0149 90       		.byte	-112
 355 014a FE       		.byte	-2
 356 014b 00       		.byte	0
 357 014c F9       		.byte	-7
 358 014d 42       		.byte	66
 359 014e FF       		.byte	-1
 360 014f 00       		.byte	0
 361 0150 B6       		.byte	-74
 362 0151 18       		.byte	24
 363 0152 00       		.byte	0
 364 0153 00       		.byte	0
 365 0154 77       		.byte	119
 366 0155 C2       		.byte	-62
 367 0156 00       		.byte	0
 368 0157 00       		.byte	0
 369 0158 25       		.byte	37
 370 0159 0D       		.byte	13
 371 015a 01       		.byte	1
 372 015b 00       		.byte	0
 373 015c CA       		.byte	-54
 374 015d EE       		.byte	-18
 375 015e 00       		.byte	0
 376 015f 00       		.byte	0
 377 0160 54       		.byte	84
 378 0161 83       		.byte	-125
 379 0162 00       		.byte	0
 380 0163 00       		.byte	0
 381 0164 BD       		.byte	-67
 382 0165 FC       		.byte	-4
 383 0166 FF       		.byte	-1
 384 0167 00       		.byte	0
 385 0168 17       		.byte	23
 386 0169 8E       		.byte	-114
 387 016a FF       		.byte	-1
 388 016b 00       		.byte	0
 389 016c 93       		.byte	-109
 390 016d 59       		.byte	89
 391 016e FF       		.byte	-1
 392 016f 00       		.byte	0
 393 0170 67       		.byte	103
 394 0171 67       		.byte	103
 395 0172 FF       		.byte	-1
 396 0173 00       		.byte	0
 397 0174 4B       		.byte	75
 398 0175 A7       		.byte	-89
 399 0176 FF       		.byte	-1
ARM GAS  C:\Users\elias\AppData\Local\Temp\ccNwD7nP.s 			page 8


 400 0177 00       		.byte	0
 401 0178 57       		.byte	87
 402 0179 FA       		.byte	-6
 403 017a FF       		.byte	-1
 404 017b 00       		.byte	0
 405 017c 62       		.byte	98
 406 017d 40       		.byte	64
 407 017e 00       		.byte	0
 408 017f 00       		.byte	0
 409 0180 83       		.byte	-125
 410 0181 63       		.byte	99
 411 0182 00       		.byte	0
 412 0183 00       		.byte	0
 413 0184 F5       		.byte	-11
 414 0185 5D       		.byte	93
 415 0186 00       		.byte	0
 416 0187 00       		.byte	0
 417 0188 38       		.byte	56
 418 0189 39       		.byte	57
 419 018a 00       		.byte	0
 420 018b 00       		.byte	0
 421 018c ED       		.byte	-19
 422 018d 07       		.byte	7
 423 018e 00       		.byte	0
 424 018f 00       		.byte	0
 425 0190 93       		.byte	-109
 426 0191 DD       		.byte	-35
 427 0192 FF       		.byte	-1
 428 0193 00       		.byte	0
 429 0194 77       		.byte	119
 430 0195 C7       		.byte	-57
 431 0196 FF       		.byte	-1
 432 0197 00       		.byte	0
 433 0198 33       		.byte	51
 434 0199 C9       		.byte	-55
 435 019a FF       		.byte	-1
 436 019b 00       		.byte	0
 437 019c 4F       		.byte	79
 438 019d DD       		.byte	-35
 439 019e FF       		.byte	-1
 440 019f 00       		.byte	0
 441 01a0 00       		.byte	0
 442 01a1 F9       		.byte	-7
 443 01a2 FF       		.byte	-1
 444 01a3 00       		.byte	0
 445 01a4 12       		.byte	18
 446 01a5 11       		.byte	17
 447 01a6 00       		.byte	0
 448 01a7 00       		.byte	0
 449 01a8 F9       		.byte	-7
 450 01a9 1D       		.byte	29
 451 01aa 00       		.byte	0
 452 01ab 00       		.byte	0
 453 01ac B9       		.byte	-71
 454 01ad 1D       		.byte	29
 455 01ae 00       		.byte	0
 456 01af 00       		.byte	0
ARM GAS  C:\Users\elias\AppData\Local\Temp\ccNwD7nP.s 			page 9


 457 01b0 68       		.byte	104
 458 01b1 13       		.byte	19
 459 01b2 00       		.byte	0
 460 01b3 00       		.byte	0
 461 01b4 F2       		.byte	-14
 462 01b5 04       		.byte	4
 463 01b6 00       		.byte	0
 464 01b7 00       		.byte	0
 465 01b8 5A       		.byte	90
 466 01b9 F8       		.byte	-8
 467 01ba FF       		.byte	-1
 468 01bb 00       		.byte	0
 469 01bc 88       		.byte	-120
 470 01bd F1       		.byte	-15
 471 01be FF       		.byte	-1
 472 01bf 00       		.byte	0
 473 01c0 66       		.byte	102
 474 01c1 F1       		.byte	-15
 475 01c2 FF       		.byte	-1
 476 01c3 00       		.byte	0
 477 01c4 43       		.byte	67
 478 01c5 F6       		.byte	-10
 479 01c6 FF       		.byte	-1
 480 01c7 00       		.byte	0
 481 01c8 19       		.byte	25
 482 01c9 FD       		.byte	-3
 483 01ca FF       		.byte	-1
 484 01cb 00       		.byte	0
 485 01cc F9       		.byte	-7
 486 01cd 02       		.byte	2
 487 01ce 00       		.byte	0
 488 01cf 00       		.byte	0
 489 01d0 1D       		.byte	29
 490 01d1 06       		.byte	6
 491 01d2 00       		.byte	0
 492 01d3 00       		.byte	0
 493 01d4 38       		.byte	56
 494 01d5 06       		.byte	6
 495 01d6 00       		.byte	0
 496 01d7 00       		.byte	0
 497 01d8 2D       		.byte	45
 498 01d9 04       		.byte	4
 499 01da 00       		.byte	0
 500 01db 00       		.byte	0
 501 01dc 61       		.byte	97
 502 01dd 01       		.byte	1
 503 01de 00       		.byte	0
 504 01df 00       		.byte	0
 505 01e0 10       		.byte	16
 506 01e1 FF       		.byte	-1
 507 01e2 FF       		.byte	-1
 508 01e3 00       		.byte	0
 509 01e4 DF       		.byte	-33
 510 01e5 FD       		.byte	-3
 511 01e6 FF       		.byte	-1
 512 01e7 00       		.byte	0
 513 01e8 D4       		.byte	-44
ARM GAS  C:\Users\elias\AppData\Local\Temp\ccNwD7nP.s 			page 10


 514 01e9 FD       		.byte	-3
 515 01ea FF       		.byte	-1
 516 01eb 00       		.byte	0
 517 01ec 88       		.byte	-120
 518 01ed FE       		.byte	-2
 519 01ee FF       		.byte	-1
 520 01ef 00       		.byte	0
 521 01f0 77       		.byte	119
 522 01f1 FF       		.byte	-1
 523 01f2 FF       		.byte	-1
 524 01f3 00       		.byte	0
 525 01f4 40       		.byte	64
 526 01f5 00       		.byte	0
 527 01f6 00       		.byte	0
 528 01f7 00       		.byte	0
 529 01f8 B9       		.byte	-71
 530 01f9 00       		.byte	0
 531 01fa 00       		.byte	0
 532 01fb 00       		.byte	0
 533 01fc E0       		.byte	-32
 534 01fd 00       		.byte	0
 535 01fe 00       		.byte	0
 536 01ff 00       		.byte	0
 537              		.text
 538              	.Letext0:
 539              		.file 1 "Generated_Source\\PSoC5\\cytypes.h"
 540              		.file 2 "Generated_Source\\PSoC5\\Filter_Coefficients.c"
 541              		.section	.debug_info,"",%progbits
 542              	.Ldebug_info0:
 543 0000 BB000000 		.4byte	0xbb
 544 0004 0400     		.2byte	0x4
 545 0006 00000000 		.4byte	.Ldebug_abbrev0
 546 000a 04       		.byte	0x4
 547 000b 01       		.uleb128 0x1
 548 000c 1B000000 		.4byte	.LASF14
 549 0010 0C       		.byte	0xc
 550 0011 9D010000 		.4byte	.LASF15
 551 0015 01010000 		.4byte	.LASF16
 552 0019 00000000 		.4byte	.Ldebug_line0
 553 001d 02       		.uleb128 0x2
 554 001e 04       		.byte	0x4
 555 001f 05       		.byte	0x5
 556 0020 696E7400 		.ascii	"int\000"
 557 0024 03       		.uleb128 0x3
 558 0025 04       		.byte	0x4
 559 0026 07       		.byte	0x7
 560 0027 0E000000 		.4byte	.LASF0
 561 002b 03       		.uleb128 0x3
 562 002c 08       		.byte	0x8
 563 002d 05       		.byte	0x5
 564 002e 00000000 		.4byte	.LASF1
 565 0032 03       		.uleb128 0x3
 566 0033 08       		.byte	0x8
 567 0034 04       		.byte	0x4
 568 0035 5F010000 		.4byte	.LASF2
 569 0039 03       		.uleb128 0x3
 570 003a 01       		.byte	0x1
ARM GAS  C:\Users\elias\AppData\Local\Temp\ccNwD7nP.s 			page 11


 571 003b 06       		.byte	0x6
 572 003c 53010000 		.4byte	.LASF3
 573 0040 03       		.uleb128 0x3
 574 0041 01       		.byte	0x1
 575 0042 08       		.byte	0x8
 576 0043 DE000000 		.4byte	.LASF4
 577 0047 03       		.uleb128 0x3
 578 0048 02       		.byte	0x2
 579 0049 05       		.byte	0x5
 580 004a 6B010000 		.4byte	.LASF5
 581 004e 03       		.uleb128 0x3
 582 004f 02       		.byte	0x2
 583 0050 07       		.byte	0x7
 584 0051 40010000 		.4byte	.LASF6
 585 0055 03       		.uleb128 0x3
 586 0056 04       		.byte	0x4
 587 0057 05       		.byte	0x5
 588 0058 F1000000 		.4byte	.LASF7
 589 005c 03       		.uleb128 0x3
 590 005d 04       		.byte	0x4
 591 005e 07       		.byte	0x7
 592 005f AF000000 		.4byte	.LASF8
 593 0063 03       		.uleb128 0x3
 594 0064 08       		.byte	0x8
 595 0065 07       		.byte	0x7
 596 0066 C1000000 		.4byte	.LASF9
 597 006a 03       		.uleb128 0x3
 598 006b 04       		.byte	0x4
 599 006c 07       		.byte	0x7
 600 006d 94010000 		.4byte	.LASF10
 601 0071 03       		.uleb128 0x3
 602 0072 01       		.byte	0x1
 603 0073 08       		.byte	0x8
 604 0074 EC000000 		.4byte	.LASF11
 605 0078 04       		.uleb128 0x4
 606 0079 A9000000 		.4byte	.LASF17
 607 007d 01       		.byte	0x1
 608 007e E901     		.2byte	0x1e9
 609 0080 40000000 		.4byte	0x40
 610 0084 03       		.uleb128 0x3
 611 0085 04       		.byte	0x4
 612 0086 04       		.byte	0x4
 613 0087 D8000000 		.4byte	.LASF12
 614 008b 03       		.uleb128 0x3
 615 008c 08       		.byte	0x8
 616 008d 04       		.byte	0x4
 617 008e FA000000 		.4byte	.LASF13
 618 0092 05       		.uleb128 0x5
 619 0093 A3000000 		.4byte	0xa3
 620 0097 A3000000 		.4byte	0xa3
 621 009b 06       		.uleb128 0x6
 622 009c 6A000000 		.4byte	0x6a
 623 00a0 FF01     		.2byte	0x1ff
 624 00a2 00       		.byte	0
 625 00a3 07       		.uleb128 0x7
 626 00a4 78000000 		.4byte	0x78
 627 00a8 08       		.uleb128 0x8
ARM GAS  C:\Users\elias\AppData\Local\Temp\ccNwD7nP.s 			page 12


 628 00a9 75010000 		.4byte	.LASF18
 629 00ad 02       		.byte	0x2
 630 00ae 11       		.byte	0x11
 631 00af B9000000 		.4byte	0xb9
 632 00b3 05       		.uleb128 0x5
 633 00b4 03       		.byte	0x3
 634 00b5 00000000 		.4byte	Filter_ChannelAFirCoefficients
 635 00b9 07       		.uleb128 0x7
 636 00ba 92000000 		.4byte	0x92
 637 00be 00       		.byte	0
 638              		.section	.debug_abbrev,"",%progbits
 639              	.Ldebug_abbrev0:
 640 0000 01       		.uleb128 0x1
 641 0001 11       		.uleb128 0x11
 642 0002 01       		.byte	0x1
 643 0003 25       		.uleb128 0x25
 644 0004 0E       		.uleb128 0xe
 645 0005 13       		.uleb128 0x13
 646 0006 0B       		.uleb128 0xb
 647 0007 03       		.uleb128 0x3
 648 0008 0E       		.uleb128 0xe
 649 0009 1B       		.uleb128 0x1b
 650 000a 0E       		.uleb128 0xe
 651 000b 10       		.uleb128 0x10
 652 000c 17       		.uleb128 0x17
 653 000d 00       		.byte	0
 654 000e 00       		.byte	0
 655 000f 02       		.uleb128 0x2
 656 0010 24       		.uleb128 0x24
 657 0011 00       		.byte	0
 658 0012 0B       		.uleb128 0xb
 659 0013 0B       		.uleb128 0xb
 660 0014 3E       		.uleb128 0x3e
 661 0015 0B       		.uleb128 0xb
 662 0016 03       		.uleb128 0x3
 663 0017 08       		.uleb128 0x8
 664 0018 00       		.byte	0
 665 0019 00       		.byte	0
 666 001a 03       		.uleb128 0x3
 667 001b 24       		.uleb128 0x24
 668 001c 00       		.byte	0
 669 001d 0B       		.uleb128 0xb
 670 001e 0B       		.uleb128 0xb
 671 001f 3E       		.uleb128 0x3e
 672 0020 0B       		.uleb128 0xb
 673 0021 03       		.uleb128 0x3
 674 0022 0E       		.uleb128 0xe
 675 0023 00       		.byte	0
 676 0024 00       		.byte	0
 677 0025 04       		.uleb128 0x4
 678 0026 16       		.uleb128 0x16
 679 0027 00       		.byte	0
 680 0028 03       		.uleb128 0x3
 681 0029 0E       		.uleb128 0xe
 682 002a 3A       		.uleb128 0x3a
 683 002b 0B       		.uleb128 0xb
 684 002c 3B       		.uleb128 0x3b
ARM GAS  C:\Users\elias\AppData\Local\Temp\ccNwD7nP.s 			page 13


 685 002d 05       		.uleb128 0x5
 686 002e 49       		.uleb128 0x49
 687 002f 13       		.uleb128 0x13
 688 0030 00       		.byte	0
 689 0031 00       		.byte	0
 690 0032 05       		.uleb128 0x5
 691 0033 01       		.uleb128 0x1
 692 0034 01       		.byte	0x1
 693 0035 49       		.uleb128 0x49
 694 0036 13       		.uleb128 0x13
 695 0037 01       		.uleb128 0x1
 696 0038 13       		.uleb128 0x13
 697 0039 00       		.byte	0
 698 003a 00       		.byte	0
 699 003b 06       		.uleb128 0x6
 700 003c 21       		.uleb128 0x21
 701 003d 00       		.byte	0
 702 003e 49       		.uleb128 0x49
 703 003f 13       		.uleb128 0x13
 704 0040 2F       		.uleb128 0x2f
 705 0041 05       		.uleb128 0x5
 706 0042 00       		.byte	0
 707 0043 00       		.byte	0
 708 0044 07       		.uleb128 0x7
 709 0045 26       		.uleb128 0x26
 710 0046 00       		.byte	0
 711 0047 49       		.uleb128 0x49
 712 0048 13       		.uleb128 0x13
 713 0049 00       		.byte	0
 714 004a 00       		.byte	0
 715 004b 08       		.uleb128 0x8
 716 004c 34       		.uleb128 0x34
 717 004d 00       		.byte	0
 718 004e 03       		.uleb128 0x3
 719 004f 0E       		.uleb128 0xe
 720 0050 3A       		.uleb128 0x3a
 721 0051 0B       		.uleb128 0xb
 722 0052 3B       		.uleb128 0x3b
 723 0053 0B       		.uleb128 0xb
 724 0054 49       		.uleb128 0x49
 725 0055 13       		.uleb128 0x13
 726 0056 3F       		.uleb128 0x3f
 727 0057 19       		.uleb128 0x19
 728 0058 02       		.uleb128 0x2
 729 0059 18       		.uleb128 0x18
 730 005a 00       		.byte	0
 731 005b 00       		.byte	0
 732 005c 00       		.byte	0
 733              		.section	.debug_aranges,"",%progbits
 734 0000 14000000 		.4byte	0x14
 735 0004 0200     		.2byte	0x2
 736 0006 00000000 		.4byte	.Ldebug_info0
 737 000a 04       		.byte	0x4
 738 000b 00       		.byte	0
 739 000c 0000     		.2byte	0
 740 000e 0000     		.2byte	0
 741 0010 00000000 		.4byte	0
ARM GAS  C:\Users\elias\AppData\Local\Temp\ccNwD7nP.s 			page 14


 742 0014 00000000 		.4byte	0
 743              		.section	.debug_line,"",%progbits
 744              	.Ldebug_line0:
 745 0000 56000000 		.section	.debug_str,"MS",%progbits,1
 745      02005000 
 745      00000201 
 745      FB0E0D00 
 745      01010101 
 746              	.LASF1:
 747 0000 6C6F6E67 		.ascii	"long long int\000"
 747      206C6F6E 
 747      6720696E 
 747      7400
 748              	.LASF0:
 749 000e 756E7369 		.ascii	"unsigned int\000"
 749      676E6564 
 749      20696E74 
 749      00
 750              	.LASF14:
 751 001b 474E5520 		.ascii	"GNU C11 5.4.1 20160609 (release) [ARM/embedded-5-br"
 751      43313120 
 751      352E342E 
 751      31203230 
 751      31363036 
 752 004e 616E6368 		.ascii	"anch revision 237715] -mcpu=cortex-m3 -mthumb -g -O"
 752      20726576 
 752      6973696F 
 752      6E203233 
 752      37373135 
 753 0081 67202D66 		.ascii	"g -ffunction-sections -ffat-lto-objects\000"
 753      66756E63 
 753      74696F6E 
 753      2D736563 
 753      74696F6E 
 754              	.LASF17:
 755 00a9 75696E74 		.ascii	"uint8\000"
 755      3800
 756              	.LASF8:
 757 00af 6C6F6E67 		.ascii	"long unsigned int\000"
 757      20756E73 
 757      69676E65 
 757      6420696E 
 757      7400
 758              	.LASF9:
 759 00c1 6C6F6E67 		.ascii	"long long unsigned int\000"
 759      206C6F6E 
 759      6720756E 
 759      7369676E 
 759      65642069 
 760              	.LASF12:
 761 00d8 666C6F61 		.ascii	"float\000"
 761      7400
 762              	.LASF4:
 763 00de 756E7369 		.ascii	"unsigned char\000"
 763      676E6564 
 763      20636861 
 763      7200
ARM GAS  C:\Users\elias\AppData\Local\Temp\ccNwD7nP.s 			page 15


 764              	.LASF11:
 765 00ec 63686172 		.ascii	"char\000"
 765      00
 766              	.LASF7:
 767 00f1 6C6F6E67 		.ascii	"long int\000"
 767      20696E74 
 767      00
 768              	.LASF13:
 769 00fa 646F7562 		.ascii	"double\000"
 769      6C6500
 770              	.LASF16:
 771 0101 433A5C47 		.ascii	"C:\\Github\\Tesis\\src\\psoc\\DiferencialConRrefsYM"
 771      69746875 
 771      625C5465 
 771      7369735C 
 771      7372635C 
 772 012f 75785F43 		.ascii	"ux_Copy_01.cydsn\000"
 772      6F70795F 
 772      30312E63 
 772      7964736E 
 772      00
 773              	.LASF6:
 774 0140 73686F72 		.ascii	"short unsigned int\000"
 774      7420756E 
 774      7369676E 
 774      65642069 
 774      6E7400
 775              	.LASF3:
 776 0153 7369676E 		.ascii	"signed char\000"
 776      65642063 
 776      68617200 
 777              	.LASF2:
 778 015f 6C6F6E67 		.ascii	"long double\000"
 778      20646F75 
 778      626C6500 
 779              	.LASF5:
 780 016b 73686F72 		.ascii	"short int\000"
 780      7420696E 
 780      7400
 781              	.LASF18:
 782 0175 46696C74 		.ascii	"Filter_ChannelAFirCoefficients\000"
 782      65725F43 
 782      68616E6E 
 782      656C4146 
 782      6972436F 
 783              	.LASF10:
 784 0194 73697A65 		.ascii	"sizetype\000"
 784      74797065 
 784      00
 785              	.LASF15:
 786 019d 47656E65 		.ascii	"Generated_Source\\PSoC5\\Filter_Coefficients.c\000"
 786      72617465 
 786      645F536F 
 786      75726365 
 786      5C50536F 
 787              		.ident	"GCC: (GNU Tools for ARM Embedded Processors) 5.4.1 20160609 (release) [ARM/embedded-5-bran
